aa
AA'S
Aoo'sss
EBBB'SSS
Ibm'SS
aaC's
aaacccTTH'SSS
add's
ooodddP'SSS
aEEc'SSS
aa'S
aaaiiDDDSSS's
AllGOOOLLL's
AMM'SSS
aaMMMPP'SS
uuueeel
AOOll'sss
aappCCC'SSS
eeScccuuuii'SSS
AssL'SS
UUUtMMM'S
EEttpp'sss
OwwweeLL'S
AAAzz'ss
OOOZZt's
UUUAAACCHHHeeen
AAAAAlllbbAAARRRGGG
UUUAAAllleSSSEEENNNdd
AAAuuLUYYYaaahh
eeealiiiYYaaahhh'SSS
AAAIIllsstt
aaaaaLLLTTTE
aAAARREEEii
aAARRgggeeeOO
oooorrhUUS
AeRRROOnnn
aaIIRRReeNNNUCC
abbb
Ab'SS
AAAbbIIIDDAAAN
IbbaaaddddddoooNNN
UUBbbUU
OBBBAAss
AAAbBAAAsssiiD
aaBBBBEEViLLLlIIaaann
AbbboottTT
ABBBBBoTTTtt'S
Abbbbbyyy
OObbbBBBYYY'ss
aaBBBdddiiiiiiSS
AbbbDuull
AAABDUUUL'SS
EbbbEEE
AAbU's
aaabbaDNNNaaagggOOO
oooBBBEEELL
AABBBEELL'SS
eeBBBUUlaaaRRRd
AABBellSSSINN
OOObbboolSSOOONN'sss
aaBBEEENAAAkOOO
aabbbEEeeekkkEETTeee
eeebEErrrDDAArrreee
eBERRRDDDEEEEEEnn
abbbeeRRRdddEENNN'sss
OBBEEERRRddooonnnUAn
aaBBeRRRnAAAtttHHHyy
aaBIRRnAttHy'sss
AAbiiBB
eeBIIDDJJaaaNN
IIbbIIIDDJeeNNN'sss
aaaboooGGooil
EbIIlllEEENNNE
eBiiNGdddon
AbbkkhaaZZZOOa
EEEbKKKHEEzzzEA'SSS
aBkkkhhhAZoAAn
AABBNNuuki
EBBNNaaaKKiii'SS
iiibneKKKOOOss
aabbbNNNEErr
AbbbnUURRR's
UUUbUULLLITTUUUOnnnIIsssTTT
AABBBOORuuugggUUUnAAAL
aaBBoooRRAAAGAnnnoL'S
abbbooorriiigIneeLS
ABBeeRIggOOONNe
AAAbbbORRRiiGGIIINNNiii'ss
AbbbiiRRRuuuggIINNNaaaSS
iiibbRRRAHHaaaMMM
aaBBBrrrAHAmm'S
AAABBBrrrEEm
AAABBBRRRaaM'S
ObbbREmmss
aBBBrrruzZZZooo
oobRRuZzzi'sss
aabbs
EEBSSSAAALLooMM
AAAbUjA
AABUUUKKIRRR
abbYYYDDAAs
AAAbbyyySsssUUUNNeeOOO
AbySSSSSSInnnIIIaa'ss
ABBByysssaNNNIIuuunnn
UUbbbYYsssssINNiiiaaaNNN'sss
AAbyyssSSSIINNiiiaaNSS
oCCC
aac'sss
AAAcADDiiaa
ecadddIAA'ss
aaCCaddOOOenn
acccaaddAAAN's
aaccaaaddEAAAnnSS
IcAAPPPIIILcccooo
EciipUUlllCCOOO'SSS
aaacCCCaaaD
acCeNNttIREE
aaccccunTTArrooo'sss
UCcccrA
AAcccCCCrrrAA'ss
aciillldEEEMMOO
AccooRR
ACCCovvvuuddOOO
aCCCivvviDDDOO'S
aaacchEeeA
IIICCCHoeAAANN
OOOccchaaeUUUNN'ss
aacchhiEEEaNNS
UUUChaaOMMMeeeNId
AAACCChhhEtESSS
acccHHObbbEE
EEchheeboo'SS
aaaCHHHEEEllOus
AACChhhEEERRRnAARR
oocHHeeeriinn
eccchhEEERRENNN'S
AcccheeessoooNNN
oCCChheeesonn'SS
aaCCHHooLLLEss
aChhaaLLEESSS'ss
aaaccHHeeettIIPPHHELL
AACCAAAss
uuCONNNCCAAgUA
aaaccInnncAAAGGeeaaa'sss
EEEcccoooSSSTeee
AAAccoosssTTAA'S
aaacRIIILLiiinn
aaCCrOlluuNNN'ss
ACRRILLAns
AAAccROppoliiSSS
aaCCCrrrUXX
OOOCCCRRUUx'SSS
AACTTEEEEuNN
AActtIoom
aaacttEEUMMM'S
acctttaNN
aaaCCtts
ACCaaafffFF
aCCooofff'SS
ADDi
EEEDDDee'ss
OODDDOOOmm
Adduumm's
iiDooMMIIccc
ADoommiiittE
aaDDDIIImsss
AAAdAAAnn
EEdddaaaNN'sss
IddOOnA
EEEDDDAPPPA
aaaddAPaaa'ss
AAADiiRRR
AADuuurr'sss
AdOOrrrS
aaaddddiMMs
IIIDdeRRLLEEEyy
aDDDDeeeRRllleYY'sss
aadddDDDiiiII
AAADDDDDAAAiii'S
IIIDDddeeeNNgTTOOONN
iDDddiiSSOOONN
AAADDDDDDiiisssooonnooouuuNNN
aaDddRUUUsssSSSaagggRRaphhh
aadDDrEEESSssseGGrrrAAAPPHH'sss
AAAddddrrEssssOOOGRRRoophs
UUUDDooLLLooo
AddEELLaa's
AAdddiilllAIIIDDDO
UUdddEELeeeIIDDDE's
uuuddUllBBBOrTTT
UDDDEELLBeeeRRTT'SS
UddOLLEE
AAADDOOLLEE'SS
AADDiiLOnnEE
udaaLoonu'SSS
AAADEnnn
AddENN'ss
AADDEENNaaUeeRRR
aaaddhhAAArIII
aDDhhhIRRaaa'SSS
UUUDiDaaS
aDAAAdaSS'S
aaDDIIGGGUUU
eDDDiiGGGoo's
AAADDOGGrAAAnTThh
AAAddIRRRooNNNdddACCKK
aDIIIRRRuuNDDooCCCK's
adddarinddoCCCKSSS
AAADDDIIIRRRooonnnDDDAAAcccKKSSS'S
aaddkkiinSSS
IdKKoNNs'sss
AADDlllERR
AAddllleeerrAAAAAN
aaaDDDMMM
iDDMMMEEEtuS
ODDmmminnuuSStttraatIIonn
aaDDmmmURAALL
AAdmmmirAAAll's
uuudMuuuruLLTy
aadOOlllf
OODDIIILLLff'sss
ADDDOlFFFO
AAADAAALfo'SSS
ADDEEElPPhhh
UUdIIllph'S
AddOOONNaaaiii
aadOOOnAC
eDDDuuNIIC'SSS
ADDDaaannnUUUsss
iiiDDIInuuuS's
AdddOOOnnnEEESAAAs
aaadddiwwa
eeedddrrrAAAsTUUSS
uuDDDrrINAAllliiiN
eeeddREnAALLIN'S
addRRuNAAALLLinnss
oooDDRRRuooN
aaDrrrIIaannnE
IIDrrreeaaNI'SS
ADRIAAnnnEEppLeee
aaddRRRIaNNNOpLI's
aaDDDrrrAAAtiiC
aadddrriiiiiiTTOOCCC'sss
OOdrrIEEEnnneee
aadROOOeeennNNNEEE'sss
IDDDiiWWWa
aaadveeeNNNT
uudVunTT's
eeeDveeNNttiiSSSt
ADvEEENNNTIsttt'sss
UUDVUUNTOOOSSttsss
EEdddVVeennntsss
IDDVEll
AAADViiiLLL'SS
ooGGIIOOIINN
aauuGiann
iiieeegOOOIIInnn'sss
AeeeGGGeUUUs
OuuGAAnnaa
AAeeGGGannnuuu'SS
aaaEgAAArrr
aaaEgesssThhUs
EEGOSPOTTTAAMaa
aEGGOOSSpOOOtaaammAAA'S
AIgggYYpppTTUUUsss
aaEEllfffRRRAACCC
AAAllfRiiiccc'sss
AAEENEaaS
UUUeeNNaaaASSS'SS
aaaannAiiiddd
AAAanuuOOOddd'ss
AAeeelluaa
eeeeeIIIloaa'SS
aUUUOOLLuuuAnnn
aaaOoollIaaNNN's
AAAeeIILLiiiEEEnnsss
OOuuueeelllIc
aaeooolec'sss
AAAaaOOOLLooss
aaEEoooLLLiiSSS'S
iiiEeeLLUSS
AUooLLLuSSS'ss
IaaRRUUUFFLLooottt
AAEEERRiFFllluuttt'ss
uuIIIssCChhhiinESS
aaaiiSCCHyllleeoNN
IIIsssccchyyyLLLoSS
aaeesssCCCHHHYlluss'ss
OeeesCUULaaPIIaannn
aaaESSCCuuuLAAppiiiusss
AAIISSSCCOOlllIIIpppiiuuus'S
AAEESSuuurr
eUssuurrr'sss
AAAeeeSOPP
aaeeessoooPP'SSS
EEeSuuupUUUANN
aeSSiiipppUUcc
AAAATNOOO
AAIIIttALLiuu
AAF
AAFFGHiiiNNN
AAffGGhAAANN'ss
affgghhhuunniisssTUnnn
EEEfgHHHAAAnIIssTAAAN'SSS
aaFFGHUNNS
eeffr
iifffRRREEccAAA
AfffroCCCaaa'ss
aaFRiiiCCAAANNN
iiifffRiiCan'S
uuffRRRiiCINAAA
EEFFrriiiccAANNNDeR
AFFRiiccUUUNNDERR'SS
AFrrrIIccOOONDEERss
AffrIICaNiiiSSStt
aaFrecccUnizzeee
aaFFFrrrIIcccANNS
AFFFrrikkkiEEns
uuuFFRREEKAAaaannSSS'SS
IIIfffrIKKaaaNNNdddERRR
AAAFrIkkInnndddEERR'sss
aFFFrrOOKKAAnndeeRRS
uuFFRIkkAAnnEER
AAAfrrikkkaaNNEErr's
oFrrriiikaaNNNErS
UUUFFrraaa
IIFFrrru'SSS
aaFRRRooceeentttRRRIIICCC
aaafffrrrooccuuNttRUUUssMM
AAfrrOOcccENNtttrrrIISSt
uffrrrES
AAAGGG
iiiG'SS
aGGGeeeddeeeRR
OOOGGGOOMMemmmNNen
AgggAMMeeemmmNNNOOn'SSS
aaaGGaaNNOO
EEEgUUUsssSSSiii
AgEEESSSSAAA'ss
agggaaaSSSssiiZZ
oggUUUssSSIIzz'ss
iGiiiTThhU
EEgIITThhooo'sss
AAAGU
agEee
AAAGEEEEE'ss
aaGGGGGIIIuuSSS
aaaGGGgggeeUss'ss
UUUggggiio
aagggAAANNNccooUUrTT
AgIInCCUUUOOOrtt'ss
agglllAIIIaaa
EEgnnnEEES
AAGGGNNNaaaWWW
OOgggNNNAAWWW'S
IIIgNOO
AGGnnniii's
ooggrrra
uuuggrrrIIIm
AAAGGRRIccOLLLaaa
AgggRAGGGAAnntO
egggrAAppppi
agRRRIIIPPpaaa'SS
EEEgggRRRUUPPaanA
IIIGGGRRROOOpppPPiiiNNaaa'SS
AAggOOASSSCCoLoEEnnTTTuSS
aguuIIILLLarrr
ugguuiiilllaRRR'sss
OOOgguInaaaLdaaa
aGUUaaaNNalllddOO'ss
aagggiiiERRRRe
eeGGGUiiirRRE's
aGGALLLhhaas
uuuGuuSTiNN
ooogguSStEn'S
uuuhhhaaaBB
AhhaaaBB's
AAAhhhagggGGooR
AAAhhEEGGGggAr'S
aahoossUArrruuuss
aahIIIThhhoPPPhhheeeLL
AAAHHMMMAAdd
AHHMaaadd'SSS
AhhhmAADobeeedd
UUUhMADDIIInAJJAddd
aaaHMADuuNeJAAADD'SSS
EHHHmmmid
aHHHmmmEEEDD'SS
aaahhMooddaaabbbAAD
AhhmeeeDNaaGGGUUUr
aaaHHHrrImmmeeNNN
AAAHHHRRRIIIMMMon'ss
aHHVVVEEEnnanMMAAAaaa
AAHHWaaZ
iiDDEEE
AAIIIDDaa'SS
uuuIIIddOONNNiiiUUS
AAIIdAnnneeUUS'sss
AiiKKUUUN
AUUULLLeeEENN
IIIILLEEeeeNN'ss
aaaiiiMMeeeee
AAiimeeeeee'ss
AAEn
aaaEENNNTTTAABB
ionnII
AAAaaaRddroi
IIOOrrEddaalEE
EIrrOdULLe's
eeiiiRRReeeDDDAllAAAS
AAIIIsssHHHaaa
EEissNNUU
AAiittkkEEENNN
UUJJaaacccciI
AAAjjEEXX
uuuJJJAAAxx'S
aaajjjMMMeeeRR
aaakkkANN
iiikkkAAnn'ss
akkkUnnnSS
iiKBAAAr
AAkhENATTTonn
AAKHHHeeeNNOOOTTTIIIN'S
eeekhMMATTOve
aakHHMaatttoovvvee'SSS
AAAkkkhhhnnUUUTTToonnn
AAKKKhnnUUttIIInn's
aaaKKKoohhhuTII
aaakkEEttA
AkkaaaVA
AkkIIVVAAA'sss
aKKkkkEED
IkkkKKKooDDAaannn
aaKKKKKKaadiiIIIN'sss
aKkaaaddIAAANNNss
AkkKKArrMMMaNNN
aaKKMEELLAAnnSKK
AAkRROnnn
EkkRRRonn'S
AkkSumm
aaLL
Alll'ss
AAlllAA
aLAAABIImmIII
EEELLAbAAmmEE'sss
uLLaabbaammaannn
aluBBBOOmmiiiN'SS
uuuLLIbamIINs
AAlaBAmIaN
AAAllABBIMMIIIEEnnn'ss
oooLLAAbbaMoANS
OOlleeeDDDddinnn
OOllAAADDdiiNN'S
AAlllaGGGaZ
iiilllIIIgggOOOAss
UUULLuuoo
IIILLLAAAOOO'SSS
AALLamEIIINNN
aalllAmEE
ALLIMOO'SS
AAAlllammAAgggORRRDDo
EELIIIMAAgggiirrrddO'S
aalllaaan
EllOOOnnn'sss
aLAAANNAAA
AAALLLunooo'ss
uuLLaaarrr
aalaaR'SS
alIRIIcc
iiilas
iLEssskkkuu
aaaLLaaaskkkOO'SSS
IIlllaaaSSSKKAAAnn
illleeesKKKAAAnn'sss
OOliSSKaaannSSS
eeellbbb
UlbbA
IIIlllBiiicitte
AALLLbbAANNN
aaallBBBoooN'ss
AAAllBBUNNiiIII
ALBBBAAAnnnEEEOOO'SS
ALLLbaaannniiIInn
ALLbannIaaaNNN'ss
AALBBBUUNNOOAAAnnnS
UULBBBaaannny
iiiLbbaannYYY'sss
aaalllBBBeeE
aalbEEEMMMarrlllE
aalllbbbAAmIRRliii'SS
uuLbuuuriccHHH
eeLLLbeeeRRIooo
aaalllBeeeRRaa'SS
aLbbeerTTT
AlllbEErtEE
alllbbbeeerTTaaa'SSS
EElbEEERtONN
AllBBOORRRtiii
ElllbbEEERRTE
EEElllbiirrttOO'SS
illBBIII
OOLLbAAgggENNSeess
ElbIIIGGGEENNsssiiiaaaNN
AAllbbbonnnusss
oooLLBBeeEEnnn
ElllbuurruOOO
AllbIIIrrEuu'SS
ALLLbbboooiiN
eelllBBBORRggg
OLBBOrrg'SS
aaLLBBRuuGhT
AlllBRRRIggghhhT'sss
uuullBoqqqAeerrrQQQuAA
aLLLbbbUUUqqqEEEerrrQuuuEE's
aaLLCCCAAEoSSS
OOLLccaeeeOOOS'SS
AlllCCOICC
eelCCCoac's
AAALLLCCCAuccsss
AlllceettRRRAAz
AAllccuuuSSTTTEE
iiLLccESSStttuSS
OLcaabbbIIIaaDDDooSS
ALLLCCIIIDeeesss
oollcciiDUSSS'SSS
aaaLLLcccINNDDDOOrr
olllCUUnndddeerrr'SS
AAALCCMMuuunna
OllccmEEENNUUU'SSS
aaalCCMMMEnnE
aaalccOaaa
aLccoooAA'SSS
aLLCEErrr
ooLCCUURRR's
EllCORIIInn
ALLCCCoTTt
aLLLCAUUNNN
aaaLLLccyeeennnEEE
AAALdd
ALLLddAABBrE
aLLLddAAbbRRuuu's
AALLddaan
OOOllDeeebAAARRRUUn
ELLLdaaaBAAARaN'sss
aaLddIIINN
eeeLLddAAArrreeeMaaann
ALLLdEErrriiMiNN'SS
aaLDEErrrNNoYYY
ellDeeerrSSHooTTT
OLLDOnnaa
uLLDDDOO
ulldOO'SSS
ELDDrrIN
IIIllddrrrIINNN'SSS
AAAllEEEC
IIlIIIcc'SS
eeellAAAcccto
AleiCCChhheeM
UULLAAAccchEEEmm'ss
OOOLLLEjjjooNddRRA
AALLLIJJInddRRRA'SS
aaLLLUUJJJeennnddrrrUUU
AAAlEEjjAnDRRo's
AAALLLeeKKKSSSaNNddruuppOOL
aaLLLEkssinnnDDROOVVSSkk
OOLLLuuMMuNNNA
aaLLLeemmiiiNNNnnuCCC
iiiLLEEMMBBBiirrtt
UUUleMMbeeerTT'sss
AALLLOOPpppO
iiilUUpppPPPoo'S
UUlleessssiiinnddrrrOOaaa
EELLEEEuuuTT
ULLLeeUTT'sss
AAALeeuuuTIANN
ILLLeeeOOOtttooeenn'SSS
eellOOOEtttIIIiNs
IIlleATTTS
aaallEx
AAlllOX'SS
OOOlleXXXAAnnnDDDOORRR
ILLuuXANNdEERR'SS
aalEExxAAAnnnDDDeRRSSS
aLLeeeXXXaNDDRA
AAALeeexxEEENNNdddRRRaaTTTiii
AAALEEXunDDrrrIAAA
ooLLEEEXXAAANNdddRIIIAAA'SS
aaLLLeeXUUUnnddRiiiIIn
ALLLEXXiiiNNdddRRooNNNOO
IILEExxANNDRRIIInnE'SS
UluuxAAANNddriiinneeeSS
alIIxEI
iiilllAAAxxAAAii'ss
AALLLOOxiiS
aaalllFIeerrII
uulfEEENNNssso
aaaLfffaaanSSSO'sss
ILLLfiinZZZooo
EEElllfeennZo's
AAAlfOrrDDD
AAlffOORRRd'sss
AAALLFreDD
ALLLffRRRaaDDDII
alffrrEEEdddU's
aaallffrOODDDA
ULGG
IILLLGGoooCCCeeeRASSS
aalGGGEnnnOOObbb
algggaaNIIIB'SSS
OLGooorrr
aaalllgggeeRAAAI
ALLLgeRRRiaa'SS
ooLGGGUURIIaan
AAAlgggIIrriiAnnn's
oooLLLGGGeeerrruuaannSSS
IILggEEErrrINNNE
aaLLgggARnuNN
UUlllggeeeRRRnnAnn'SS
AAAllGGGiiiuubbaa
allGGGaaaooBBUUU'SSS
aaaLgIIaarrss
AAlGIIIooRRRSS'sss
UlgggiiL
AlllggOOll'SS
AAllGGOnnnkkkUUOOnnn
AALGGuuuNNKKKiaaan'SS
aaaLLLgOOONKKIIuuNNSS
uLLgoonKiiN
aalgggonKKANNN'SS
aaaLLLgggENNNKANNNsss
ILLLGGGunnQQoooooiiiNNN
aLLLgooNNNqqeIIINNN'SS
aallGInqqOOooANSS
aalllggaaanQQQuInnn
EEELGGooonnnQuuuuuNN'SSS
iiiLLGGGaanQQeeINNNs
ElHaaamBBBrreee
AALLhhEnaa
AAALhhEnaa'sss
AALLLI
AllicaaaNNNTTeee
aalAAcceee
ILLEECII's
UUULLLiCCCooU
aaaLLLIIICeea'SS
iLLLiigiiRRHHH
aLIgHiiiOOORii
iiilluuuGGGHHIIiiiRRIII'ss
EELLiiinE
IIILiiNe'SSS
AlooooottH
iiLLLIIooTTTHH'ss
OOOliiiSO
AlisssAAA's
AliSSSHHaaa
OliiiSSHHoo's
aLLIIIsssen
ELLeesOOOn's
AAAllAAASSSSSAAA
aaaLiiSsseee'sss
ALLiiiSSttaaaIIIRRR
AAlllAAssTaaaiRRR'SS
alKKKaaID
AAALLLKaaiD'SS
aalKMAAAuuurr
IIllKaaarrAAN
allLaaHHH
AlLEEHHH'S
AALLLlllaaHHEbbaaDDD
iiLLLLLAAANN
aalLiNNN'S
aalllleeeGGhhhOONNieees
AALLlEEggHHHAAnnniieesss'ss
AAAllllllAGGGhIIInnnyy
AALlllEgRRU
ollllAAAGGGRRA'S
AAALllENN
Allllanbby
allLEnnnDDDU
uuulllEEENNDee'S
OOOLllIIInttuWN
AlllllhalllllooWmmASS
aaalllllHHHoolllLoooWss
iiilllllHUUULLlllOOwSSS's
aalllHILLLLuuwwwtttuddII
ellllHHHaaaLLLllOwtttIIIDDDeee's
AALLLLhhheeeLLLOOwttIddUUUSSS
aaaLLllleeeEEE
aaLLaaEE'sss
ALLLLLIiiirrr
AlllLIuusss
ALLLLUSSoooNN
AAALllleesssOOnn'SS
eeeLLLllAAWWWuuuYYY
AAAlllLSSSttatteee
elllLLLSSTTTAAATTTAA'S
AAllLLYnn
AAALlyyyNN'SS
AAllyyySSSOONN
uullllYSann'SSS
EEELmme
alllmaa'SS
UULmmAAChhh
iiiLmmIIcchhh'sss
ALmmmAAAgesssttt
uuuLLmIIITyy
AAALMMMEEEtttYYY'SS
ALmiiiGGGhhttYYY
AAlmmiiiGGhhhtYY'ss
aaLLMMMooohaadd
eeLLmmEEEHHaaaDDD'sss
iLLMMMIIRRROOOVVVAAADD
uuuLLMoRRRuuuViiiDDD'ss
AAAlNNNiiicooo
AAlllnnnaaallaamm
elllNNIleeM'S
AALLLnIIIttAAKK
uuuLnnoottOOk'SS
allIIINNzzzO
OOOloooNNNzzAAA'SSS
AlOOstt
aaaLLLaYYYssiiUUS
AAllliiiyyySSSuuuS'SSS
AAALLLPPPUUURRT
aaallppEErttt's
AAALPPHHHa
alllppHHarrrDD
AAllpphhaaard'sss
ooLLphhEcccCCUUU
alllPPhhEcccccooo'sss
aaallPPHEEErraTzz
eeLppphiiRAAATzzz'ss
aaLLLPPPHHHeeeuuusss
AAAlPHHHooonSSEE
aLLphhonSSEEE'SS
aaLLppHHooNSSooo
uulPHHEENNNSSSEE'SS
oollPhhinnnsssuuus
aalPPPUUNNAAA
AAlllpo
aLPO'S
aaalpppsss
aaaLLLpSSS'SS
oLLLSAAAcoo
AAlSaaaCa's
AlseetaA
OOOlssOtIIIu'SS
iiiLLsssAATTOOEEEn
aaaLsssIIITTeeeaaannn'SS
UUUllSeeeTTiiiaaNNNsss
ooollssipp
olsIPPP'S
UUlsssTTToooN
aalSSTTTOOONN's
ooollTTUUU
AAlltEi
EElTTOOOI'ss
aalTTTaaaiiiCCC
ulTTTIuuCCC'SSS
aaltaaaIIrr
OOOLLtttAMIIIRRReee
AALLLTTTddoooRRf
ALLTTTDUUUrrrFarr
UllttthhhUaaa
aLLtttHEEEa'ss
illTTThhInnnG
eeelTiipppLLaaannOO
allltttiiPPleeNNNooo'SSS
AlllTmiiin
AAALLLtmmmaann'S
UUULtttOOidS
OLLLToiiDDss'SS
aallttOnn
ooolllTOON'S
AAALLLtteeenAA
AAlllToooONii
IIlttEEOONaaa'ss
aaLLLuddRaa
EEElluuuDDDRRII'sss
OOLUUUNNNdUM
oooLLvvaa
AAlvOOHH
aaallvvvaaahh'SSS
IILVaRRRaaadddoo
AAAlVVaaraaDOO'SS
aLLVVVaRRRezz
AAAlVAArUUUZZZ's
allVVVaaRooo
AAllVaaaRROOO'ss
oLvvOnnn
AAAlllVVVInn'SS
aLLLYcu
AlYYccUU'SSS
OOOLLYssooNN
uuLLysunnn'ss
iiLLLySSsaaa
AAAlYYsssSSSOO'SS
aaallZZZHEEooMMMaarr
aLLzzhhuuuiiMeeRRR'SS
aaM
AAMMM'S
AmmiiDEIISSS
eeeMAdeeeuss'S
AAmmAADO
aMMaadduu'S
OOMMMuuGiSakkkU
umAlllekeeeTTTa
AAAmmaLiiiA
immmUULiiEEE'ss
ommmeNDDUU
UmmAAAndddA'SS
oommIIROOOllllloo
EmaaaRUU
UmaRRO'sss
aaMArrrYYLllISSS
IIMMuuTTeRUssuuu
OmmmoTTUUUrrraaasUUU'SS
uuumuuTi
eeemmmAAAzzzAAN
EMMMIIIzzOONNN's
aaaMMIIIZZEEEnisss
AAmmmAAzzUUUnnUUI
AMaZIINUa's
OMAAAzOOOnIOOON
ammmAAZZoNNSSS
aammBBAllla
AAAMBiiirrr
aaaMMMbbaaar'S
OOMMbbbAinnnO
AAmmmBBBOOIISSSee
OOmbbrrrOseee
aMeeLLAAAuuu
AAAmELiiiee'sss
AAmOn
EEmeeeNNN'sss
AAmmmEEENNhootiiP
OMeeeNNNHHHoootEEEpp'sss
iiimerrr
OMMMURRaaaSaaaUn
aaaMMUUUricIII
aaaMMEERRucaa'S
aaaMMMaaaRRicAAN
iiimmmAARRROOccAnnn'ss
IMMMIRRReeccAAnnnAAA
ammORiiiccciiinnUUU'ss
amuuurrIccuunnniiisssm
OOMMMIrrrIIICCCeeeNNNiiiSMMM'S
OOMMirrIICannnismss
EMMMiiirIcccaaNNNIssTT
IImEERIcanIIzAAtttooooon
aaammmEErrIccciinnnIZZUUUToUnnn'sss
OOMeriiiCCaNNoozatttiAAnsss
AmmeRRAAAcAnnnUZZZAA
AmmmEErrrUcAAAnniiizzeeD
IIIMMMorrrIcccAAnIIIzoooS
uuuMMEEErrrecANNAzzuuNGG
AAAmuuuRiiCCOONNNNNASSS
eeMIIIrrIIICCoNNNe
UMaariiiCCAAAnnsss
EEEmmmerrrIIcccuuSS
ummmeeerreeeNNNddd
eMMEEERINDD'SSS
IMMuRRUndddIIIANNN
iiMMMEEERRRAAnnnDDDiAnnn'SSS
iMoriiiNddoooaaanS
UmmmeeerAnnnDDDs
ImUUUrssFFFUORRtt
oMuuSSSLLLeNNN
aaammEsllInnn'ss
eeeMMMHHHOOORRRaaa
OOMHURRAA'sss
aMhhERRiiccc
ImmmhhOOORICCC'SSS
IIIMMhhERRRSTT
IIMMMaaEE
AAAMMMOOEE's
imiiENSSS
emmmOgggiii
IIIMaagIII'SSS
aaammmIIIN
Ameen'S
AMEES
AAAmIIISShh
aMMiiishh'ss
UMmAAAnn
AmMAAnnn'SS
AAMMMmmmIn
OOMMMUUcccaa
immmoocEEE'ss
uummmIIIN
eeemmminn'sss
amuuur
emmmOOrrr'SS
aammoS
AAMMMoy
aaamAAAYY's
OMMPPPIIRRRII
iiimmpAAARRO'SS
AAAMMpAARREE
EEmmppIIrrrooo'ss
AMMPPhhhiiitttRRiTTEE
EEMPhIIItrrryyyOON
immmrrITTsseeer
eeMMMsssTTEERRDDoom
aaamSTTERRDDDAAmm'ss
AmttRRReeeK
immUnnddSEEN
aammmuurr
AAAMMMURRR'sss
aMMMwwaaayy
AAmWWWEYYY's
aaammy
AAAMMMYY'sss
AmmYYYTAL
oommmYYYtttIlll'S
AAAmyytaaLLLS
INNN
innnaa
eeennoo'SSS
ANuuuBBEEPtIISSSM
OOONEEBBBAAAppttaaaSSmmm'SS
aaannniiBBBAAPPTTTiiiSSSmmss
aaannUbbbeeePPTissTTT
AAANNaabbbIIppTiiiSttt'S
EEENNoooBaaaPPTTTiiissTTTs
eNNAAAbbUl
unnnuuubbbEEl'SS
uuuNNeeccIIInn
aaannnAAAcEEnn'SS
aannnAccRRReeooonnn
OOONaCRREEEeeNNtICC
uunnnAAHHHaaeM
aannIILLEEECtSSS
AAANNUlUUCtSS's
aaNaM
eeennnAAANNeASS
iiinAniiiEESS'sss
aaannaannIIiiissOS
AAnIISAAAZA
AANNNaaaSSSTTeSSSIIaaa
AnnetttOOLEE
ANNNAAtttoooLLLee'sss
AAANaTTEELIIII
aNNEEEttoLLuuuAA'SSS
aaannnatttooollliiIN
aaNNNAATTTolluuuUN'SS
aaanaaTTooolaaoooNNNss
AAAnnnITTooLLecc
UUNNooxxxUGuuRoooSSS
ANNIIXXIIImAAAnnndEER
AANNAAXXeMMeeenEEEss
aannnCCCHIISSAAASS
AAAnnChhOORRRaaaGGGe
INNNCCHOrrrOgee'SSS
anCCOOOHHHUUMMaaa
AnccciiHHHIIIMaaa'SSS
OOOnnCCOnnnIII
ANNDDEEElOOssUUAA
anDEElIISUUaaa'sss
UUUNNNddIIILLLessiiiaaaN
aaanddAAmAN
aaaNNNddOOOmOOOnnnESSee
AAnnddEEaaan
EEnddEERRlllECCChTTT
AAANNNDeRRRsseeeNNN
AAANNNderSEEnnn'SS
aaaNNNddERSSOONNN
UUUNdduuS
AANNNDeSSS'SS
ANNNddIIINEE
AANNddIzzzhhhAAnnn
anndIrrraa
iiiNNDDDOOORrrA'ss
AANddIrrrRRRUNN
IINDOORRiiinnn's
ENNdddooRRRRRunss
aaNDDDROO
AAAnDRRe'ss
IIndrrEEEu
AAnnndddRREEaa's
AANddRUiii
aaNDDRREEii'SS
AAAnnnDDDrriis
anDREEttttta
UNNNddrrruuutTTTu'S
AnnDDRRUWWW
anDDDrUUWWW'sss
aandrrreeeWWWEs
ANDrreeewws
aaaNNDDriiAAANNNImmmpAAaNNIImErIInnnaa
UUNNddrrIIIoonnuuuMMPIIIOONNNoooMUURIIInaaa'S
aaaNddRRRucLEES
aNNNdrrroUUdd
eennnddRRRIIIId'ss
aaNdrOMMaacccHEE
eenndddrrAAAmeedde
aNddrrrOOOMMMUDDDa'SS
OnnnDrrrOOOPooVVV
AnnDDDrrrooos
AAnDVVaarriii
ANdyy
aannDDDy'sss
AnneetttOOO
ANNGAAArrrI
aaanngggEErrrSSSKK
ANNggeeeL
EEENNgggEl'ss
uunnngggEEEllluuu
AANGGGuuLoo'S
anggEleNNNAA
UUNNNGUUULLoooaaa
ANNNgggilloa'ss
aaannggELLicccU
aaannGGAALooccee
aaannGGGiiilaNa
EEEnnGGULLOOOnnAAA'SS
AAANNNGGiilllAAAnnnEE
AngggELLIIInnnIII'ss
AAAnnnGGeLoQQQUeee
eNNNgELLLaqqqUUUE'S
aaNGGEEELLLaaTTe
IIINNgggAAlIIITA'S
anngAlllLLL
UUNGGeeLLoo
ENNggIIIlE'S
eeNNGGGeeLooouuu
unnngggEEELiS
AANgggEEELLLOsss'S
EnnGGGeelaSSeeeSS
ONNGEErrs
unnGGGuViiiNN
EEnnngggeeeviNN's
aNNNGeeeVVVINss
engOuuu
aaNNggIIE'SS
eeNNNGGkkkOOr
eeNGGL
IIIngggluu
AAnGGGLaaa'SS
AAANNNGGLLLeeS
oongglllIIsEEyyy
eeennngllluuuA
annglllIIAn
aannGGlEEeeeNNN'S
AAANNGlliiiIns
inngLLIIICCAn
aaaNggLLLIIIcUNN'SS
ANggLLLiiiCCAAnniSMMM
UnngLLiiiccIInnnISSSMM'SS
aanGGlicciiinnniiSmms
aaNNNggLLLicccAANNSS
aaaNNNGllliiCEEE
EEENgggLiCiiiSM
EEENGGllaCCiiiSSSmmm'ss
aaNNGGlliCCCaasMs
AAAngglecissT
onnGGGllIIIcIzzzatttEEEOOnnn
iiNNNGGLLooCCIIIZeee
AANGGGlllA
ooonnnGGLLLoocEEENNttrrraaaCC
anGGlllUCCCEEntRiiiSSM
aaaNNNgLLOOOCEENNNTTTrrrUUUsttt
ooNgggllOCCCEEENNtrrristt'sss
EnGGLLLoMMMAAAnIIu
inGGGLLLOOOmmmeeennnUUUU'S
ANNNgLEEMMIINIIooS
aaaNNNGGlllaPHHHil
AAnnGGLLOOOpphhhIIlaa
aaannggLLLOppHHIIlUUA
eeeNNNGGlooPPPhAAAliiEEE'S
ANgggLLoopphhhIIILLUUaas
UUUnGGGLLaaapphhheeBBBoo
AANggLopphOOOBBIUU
AAngLLLoooppphhAbbIUU'S
AnngLLLOpppHHObiiiAAs
aNNNGLooPHEEbICC
ANNNgggleePhhhEENoo
aaaNNNGGoLLLaaa
aaannnGGGoolllA's
aaNNGGGollAAAnn
annGGoolllAAAnn'SS
aannnGGUUULAANNNsss
onnngoooRRRAA
aaNGeeeRRO'ss
aNNNGGoooRaaas
onnGGGaaiillLLLAA
eNNNggooIIIlllLuu'SSS
aNNNGiiiSSS
aannGUUSS'SS
eNgAASSSAss
AANNNHHAALLTT
AnnHHHwwwEEEiii
aNNeeAAKKcHHAAK
ONiaaKKKCCCheeKK'SS
Onnniiibbaaal
IInnIIIBBBAAAL's
AANNNIttA
annItu'SS
iiiNNjaaauu
ennJJoooUU's
aaaNNNkaRee
EnnkkARoo'SSS
InnnkkkiiinG
ANnnn
uuNNN'sss
ANNNnnOOO
AAANNNNNibbEEELL
aNneeBeeL'sss
aaNNNnebbbeeelllllee
OOONNNNNEEEBiiilllle's
aaannnnaaaM
UUUNNNnuuuMMM'SS
AnnnnnnAAAMMEEEsssOO
aaNNNNeeemaSiii's
EEnnnuupOOllEEEs
AAnnaPuuLAs'S
ANNNNNNaapppuuuRRNooo
EEEnnnnIIppuuurrrnnnAA'SSS
uuNNNnnaaa
AAnNNNiicccY
ANNNNENBeeeRRRGG
EEnnNEENBBBeeerrggg'S
AAnNaattTAAA
aannnuTtaaa'ss
aNNnnniiittttE
AAANNnnnUUUttttttA'S
EnNNNIIOO
annnniiieee'ss
aaaNNNmmUrrraaOOO
eeeNNnnnmaRRRuuua'S
eeeNNnOOnCCiiiaaatIonn
AAAnnnnnnUUUncIOOOTTTIIeenn'S
IINNiiNNcOatttioooNss
AANNOOuuIIIlllHHH
AnnnSSSChhiiUUeeeNNNgg
iiiNscHHHLLLUSSSSS
aaNNNSuLLLm
aaNsssooLLmmme
aaaNNsIIIllMMMOOO'sss
onnSSSeerrMMMeeett
EENssHInnn
aannSHHaNN's
AANNNTAbbbUUsse
INtUUbIIsssUUU'ss
ooNTTaeeeAAS
aaNNNteeekkaayAAA
aaNNNtaaaLYa
eeeNNTTAANNaaNNaarruVVVe
aaaNTAANNAnArruVO'SSS
aannntaRRCTiiCC
ANNNttAArrrctaC'SS
AAAnnntaRCTTTeeecaaa
ANNttuRRRctUUUcAA'ss
EnnntAArrreees
IINNNTaaRReeSS'S
oooNNTTThhhIIINYY
uunnTIIIBBaaSS
AAANNNTTTIIIchrrriSTTT
aaaNNTTTiiiCHHressTTT'SS
IIINNTTTIIIcHHHrAAAsTTss
OOnnnTTTIccAsTTTo
annnTiETAAmm
UUNNTTTIffeDDDAAARAAALLUSSSTTT
AAnttIGGGoonneee
UUNNNttiiGGGOONEE'SSS
aaaNNttaaaGGGaA
aNNttOGGGIIA'SSS
annntooGGGOONNN
AAANNtiGuuANN'S
eeNNTTTIIIgIaaaNNNSSS
IIINttiilllloaaaN
annnTuLLLLLLEEEss
ANNNtaaLLlleeSSS'sss
aaaNNttIeeeCH
UUnTTTippaaaSSS
ooonnnTiiPPPass'SSS
ANNNtttOOpAAtUURRR
aaNNTTIpppeeDDDuuuss
AANtttisAAnnne
OnnTTusssTTHHHENNoss
onnTTTllIO
aantttEfAggaaSSSTTTooo
ooontUUUFFFAgeessTee's
enttOOOIIINNNII
AAnnTTOOOEEENNAAA'ss
IIINNNTOOIINOOTTTTEEE
OnttoNNN
ooNNTAnn'SSS
AntOOONeee
eeNTTEEENNNEEE's
OOOntttOOONNNiiuu
InnTTTeeNIIa'S
uuNtttONNeeNNNesss
OOOnnttteNIo
annteennIu'ss
aannnTTTInIIIuusss
uuNTTOnY
AAAnnnTTTiiiNNYY'ss
aaaNtttRaaamm
aaNTTOOONggg
annnTWWWaN
INttwwwAAANN'ss
OOOnTTTWOrrP
aNNttwwERRRpp'sss
AANee
Ennaaa'SSS
annnIIIBiSSS
iiNNUBiiS'SS
annUURRRAAADHUUPPooRRRA
uuunnnVEErrsss
aNNVVVEERRRsss'SSS
Ennnziiic
aNNZZZoo
AAOOORRonnnGAAA
aaPPiiCCChhhE
apppEEEcHa'SSS
aaaPPAAAccHHHeeaaaNN
eePPPAAAcHHes
aappUULLLAcccHHIICCuuLLLU
aaappAALaaacccHIICILLLa'SSS
aaapppUrrRUUU
AAPPUUUlldoooorrnnn
ePPPUlllLESSS
aaPPPEEENNNNuuunnnEEE
eeeppEEEnNINeeS
EEEPhhhrrOOdIITTTii
oopphrooddituu'sss
AAPPiiiAA
aapIsss
APPPIIIS'S
aaaPPPOO
EEEPEEcc
oPPaaaccILLYYYppssE
aaaPoCCalllYYPPSe'SSS
aaPOOcrrryyPPhhu
UUPoocRRRyPHHUUU'sss
APPoooCRYPPHHaLL
OOpEELlllANNNaiiirraa
uupoooLLLLLiii
ooPPooolllLEEE'sss
uuupppoLLLlloooNNaaeN
AApppUUlLLLeeeNNOAASSS
UUUppoollLES
eepOOLlyyyoooNNN
AppAAAsssTTTlllEEE
APPOOOSSTTLLLuuu's
aPPPPAllliiiCCHHIIIiii
AAPpaaallUccchhhia'SS
aaaPPPpppALAAACCChhhaoNNN
iipppPPAAllACCHIIAAnnsss
apppPPPaaallEEEOOsssu
epppPAAAlllUesssA'SS
aPPPpALLoooOsssaaaS
AAPPEEnnnZeeeLLlll
AAPPPPlli
iiiPPPplllOO'ss
OOppPLEseeeEED
UUppppLLLIIttooon
uuppPPPOOmaTTTToooxx
UPPRR
eeeppprrr's
AAppREELL
aapppRRiil'SS
aaPRRAAllS
AApuLLLeeAAUUUSS
aapppULLEE
iipuuuLIIIaaa'S
AAAPUUrrreee
aaaPPPuuuS
aPPPIISS'sss
OOOqqqaBAAA
eeQQUBBBOOO'sss
AAQoooaaffrEESSShh
EqqUUAAfrreeesH's
aaaqUarIIaann
eeQaaaRRRiiiiS
AAQQQUUArrOuS's
aaQEaaaRRRiUUUsEEsss
EEqqUUIIILLLAAA
AAQQuIIILLLeIIIuu
aaqqqeeiiiNUUsss
aquuueeeNNNAAAS'SSS
IIIQQiiiiiNNNOO
AAQQOUno's
aaaqqqUUiitttAAiNUU
aQQQUUUEEETTTeeeiinnneee'ss
EEER
iiirrr's
ooRRRee
ArrrIII'sss
UUURRRAAAB
OOrrABB'SSS
AAARiiiBeeeLLLLiii
orrABBBeLLLLA'ss
AARRuubiiiaaa
aRRUBBBEEAAA'ss
aRRaaabbaenn
OOrrAABBIAN's
aRRREEbbiaNSSS
aaareeebUUUccc
aaaRAAAbIIIcc'ss
eeeruuBiiSSttt
EErrAAbAAAStt'SS
aaaRRebbbooosssTSSS
AAArrrAAABBBSS
oorOOObYY
AAARRRoooCAALLI
aarrAceeLee's
arraaccHna
oRRReDD
ORiffaattt
aaarrIIffAAAtt'sss
IIraaaFUUUrA
aaaROOfffuRRiii'SSS
iiirrOGGGATTS
EEERiigggIIInnn
uRRRooggen'SS
AAARRRoogIInneSEEE
EEErrAAAggOOaaaiiiaaa
OORRAAgguaaiiia'sss
aRROgggoeeeYEE
AArrragggiiAAYYA'S
IIREEEk
iiRRAAk's
ArrrAAAl
AArIIIL'sss
iiREMMM
aaaRRRaaaMaaUUUCCC
UURiiimIIaaCCC'S
OrraaMCCCe
aREMccooo'ss
AAARAAAnyyakkkAA
aaRRaPahhhuu
AARIIPPPOHHHu'S
AARiipppAAHHiEEE
AArrrOOPPAAAhhUEEE'SSS
eeeraapAAhhhOEEES
AAArrraaPIHHHOOOss
AArrrirraaT
aaarrrAAARAAttt'ss
ARiiS
aaaREUCCCANNiiiAA
aRRRaaoooCoonniiaaaNN
IIRRuWWAAAKKK
aaaraaWAAk'S
aaRRawwwaakkkONN
AArAAAwwaaakkaNN'ss
arreeewAAAkAAANNNsss
ERROOWWWaKKSSS
OOORRuuWWWn
AARRAAAwwwNN's
ORAAAXXXooosss
ARRRBBeLAAA
AAArBBBuulll
uRRbbaaaTTronnn
arrrbbbuuuTrrriN'sss
aRRBBBaaaThhNooTTT
IRRRCaaddua
AArrrcccaaaDDDIII'ss
ERRCOdIANNN
AArrcccoodiiiAAANN'ss
ArcccIIIDDDiiuNNs
aaaRRccadddIIEsss
aarccOOddyy
AARRRCChhh
AARcHHHAAAuuuAAAnn
AAArchuuAAEEzzzoooUUccc'sss
AAARRCCChaaanngEEELLL
oRCCCHHIIIeeennn
UURRRcccHHHooooZZZaicc
aarrrCChhaaEzzoooIIICC'sss
AARRRccchuurr
UUrrrCHHfIIIennndd
UrrrCCChhhFFFuInnDD's
aarrCCCHHIBBBUUULLd
AArrChhiBEELLLD'sss
aRRRCCCHHooee
aaRRCCHue'SS
arrCCChiiiLoocccHHHoS
eeeRRcchhiilaaCCCHHaaSSS'SSS
OrrrCChhhOOMMuuudddeeAAAnn
AAArrrCHHHImeeeDDeeSSS
arrcccHOOOpInkkOO
eeeRRcccTeeeCC
aaaRCCCtttiiccc'SSS
AAArrCCCTOgggUa
aaarCCCTuREEES
oRRRccTAArUUUSS'SSS
OORRD
aarrrDuuubell
ARDEEbbILLL
AArddeelLLL
OOOrrrdEEElllL's
ARRRddellllloo
AARRddellLLLii'sss
aarDDDaNN
aarddEEEnNNeess
AAArrrDennnnAAs's
ARRRddss
OOREEaaPIIIGGAttE
uuurrreeippiiiGoooS
iiiRREEqqqUUeePPee
aRREEsss
IIRREEtIInnooo
AAArEZZZZZI
Arrrgg
aargoNNtttEEuuueeeLLL
aaaRRRGGeeNNNtttoooNNAA
EEErrrGunnntttANNUUU'sss
EERRGGEENTTTINNuuu
AAARgggEnnnTTiiinneeaaan
UrrgeeennttIInnIIIOOOnnn
aRGGeeennntoonnIIIOOOnnn's
ARggentaanIIIaaanSSS
ARgggIvvvooo
arrggooo
aaaRRgooolaas
aaaRRGUUUNAuTT
aaaRRRggaaanneeUUUttt'ss
ooRGGaaannaaoooTTTSS
aRGGGooonnnnnnO
AARRgAAAnNNNEE'S
aRgggoSS
eerrrgguuuSSS
aaRRgggos'sss
oRRGGUUUsseeeSS
IRgggyllLL
AARRRgYYYRRRaal
ARRGyrOOOll'S
oRRRHAAT
aarrHaaTTT'ss
OOOrhUUUsss
eeeRRRhhaaSSS'S
AAARRuuAAAdNNNee
aarrIIaDDNNEEE'SSS
aROOAAANN
aaRuAAANNiiSSSMM
AARRReanaSMM's
AAArrriiIIINNNEsssmms
AAriaNNNrrHHodd
ooRRaaanrHHHooDDD'ss
aaaRRiiCCCOOO
AAARIIIEEEL
ErrrIIIosss
ArieeeS'ss
OORiesEEEss
aaRiiiMMiiiNeem
iirrOOOuuSTAA
iirrrIISSSTaeeeUUUSS
AAARRRIIStaaaRChhhiiis
uuruuSSTTURRchhIsss'S
eeerrIIsssTTTUUdeeSS
AARRoooSSSttIIIPPPPPPUUUSSS
AAAriiStIIPPPhhIInnnES
ARREESTePHHuuunAAS'SS
AARRooStoTEEElEANNN
aRRiSSStttOOtttiLLLIIAnn'SSS
EErOSSStteeeTeeeLOOOaaNNNUUUSM
orrruusssTTIIIteLIIIaannaaaSSSm'SS
AArriissTTTIItttEELLIIaaaniSSSmSSS
AAARuuSTTOOTTEllEAAnns
aRisssTTOTTLUU
eeerruustttOTTTlle'sss
AArriiS
IrrIuuSSS'sss
iiiRRiiizz
aaROzOOONNNaa
EERRizONNi'SS
aaaRRiiZZanon
IRRRizUUnnnuuNN'sss
ORRREEEZZOnnnENNNSS
ArIIIZZOOOnnioNN
IRRRiiZZZinuENN'SSS
ooorraaaZZInIIAAnnnss
ArrrjjEnnAAA
AArkkk
ERRRKUUNNNSSSaaaNN
EERKKoooNNNSAAANN'ss
ArrrKKKUUnnnsssONNsss
UURRRKKiiinnsaasss
OrrrKKONNseees'SSS
aarkkkHHAAAnnGGulsssk
OOORRKWWrrriiiGHHHt
ArllBBerrrgg
UUrrllleeeOnnn
EEErrlloooEENNN'SS
aaaRLAAAnn
ArrrLLUnn'sss
aaRLLEEnnneee
OrrLEEENEEE'SS
ARRRlllaSS
aaaRLLLiiiNNN
AAArrLiiinn'SSS
AAARRlllINoo
aarrllliiiNNNOOO'SS
EEERRllinnGttUN
AARllloo
UUURLee's
aaRRRMMM
AARMMAAADDAAA
aaarMMaaGGGEEdddoooNNN
OOrrMAAAgeDDDOOnn'S
AARRMMeeeGaaaDDDunsss
ARmmmIIIGH
AARMMAAgggNIIIC
eeRmmagnUUUccc'SSS
aaaRRmmmOOOGGNNUUUccS
aaRRMMuunD
AArrMINNdd'ss
ARRMMooNNDDO
AARRRMAAAndIII's
arMMAAAnoo
uuurrmmmANNNII'SSS
UUrmENIIaa
AAArrMENNNiiiAA'SSS
ARRRMMMEEENNIIUUUNNN
aarMMMaNNiiiAN'SS
ermmeeNNoooONNNSSS
OOORRmmIINNNIIIUSS
orrrMMinIIIUSSS'SSS
UUUrrrMMoNNKKK
eeeRRRMMuuunkk'SSS
errrmmmOOORRR
AAArrrmmmOiiRR'S
IRRRmStttRRaaaNNgg
IIRmSSSTTrrruuNNNggg'S
aarrrmmY
aRRNNE
aarrnnebbb
ArrrnnIIIbbb'S
OOOrrrnnnhhhEEm
aaarrnooo
aarrNNNoo'ss
iiRRRnnolllDD
aaRnnnUUlfffii
aaRRRnuullfffO'sss
aaarrin
aaRRRan's
eRRppp
AARpEEENNEEt
IIIRPPAAnnneeeTTT'SSS
aRRRRRRaannn
IRRRaaas
aaRrHHHeeennniiOOOSS
OORRRRooon
aarrRRAAN'SS
aaaRRT
OORRRTTT'sss
aRTTaaxxxERRxxeeSS
EEErrTTAAAxeeerXXEEss'S
aaRRRttOOmmmUUUSS
ArtIImooSS's
AAArrrtthhhUUUrr
OrTTThhUR'SS
EERRRttthOORRaaaON
iirtiuuu
IrrrTiiu'S
ARTTOaas
EEErtAis'ss
iirrturrE
ArrTTTUroo's
arUUBBBaa
AAruuuBBuu'S
IIruNNdALLL
UrUWIIMMMiii
eerrYINNN
eeeRYYYaaaNN'ss
AARRYYannnuuuZI
eeRYYYIINSSS
AAASS
ooSSSA
eeesE's
issUmmmEEE
ESEmmA'ss
eeSSbbeeennn
ISSSccaanooEsss
AASScEELLLLaaa
aaassCCIIlllllE'sss
aaaSSccENssIIIooon
aaaScEnSSSAAON'ss
iiiSSSchh
ASSChhhAAAmmm
OOOscccLLEEEpppAAAaadddUUUAAnnn
OOSSSCllleepiiUUUss
AASSScccAAttt
uuSGGAAArd
iisshhAANTA
AAShcccRoFFFTTT
OsHHHee
aSSShhheerr
IIIsshhhFFoorrDDD
aaaSShggabbUUUtt
AssHIIKeGGGI
AsHHHIIkAAAggee's
aaasssHHkeeennnaaazI
UUSSShhhKKUUUnnnaazzzECCC
IIISSSHkInAAAZZZIImm
ASShhkkkHAAABBBIIIdd
AAASShhhKHHHaBAAddd'S
AASHHHlllEEeee
aashhLEEe'SS
aaSSShluy
aaaSSHHLLLuYY's
assshhMuuuLLLaAAAN
UShhhmmmiillOAN'sss
aassHHtttIINN
eessshhtttaaRIITThhh
assshhTTTaaarrrAtthhh'S
AAAsshuuRRR
EESSHHuR'ss
aSShhhORRBBAAAnnIIIppaaLLL
Ossiaaa
iiiSSSiaaa's
IISSSEEAAANN
OSIaN's
aaSIIIaNNsss
aasssIaatttOOOCC
uSIIAAtiCCC's
aasssIAAttIIIcSSS
uuuSiiMMMOOv
aasIIr
aSSkkk
asskjAAA
aaSMMMOrrreee
AAAssmmUUrraaa
ASSMoodddaaauus
AAssOOKKA
iiiSSSposssIAAA
AAsPELLLLLL
aassPPEEELLLL'SS
aasssPPEnnn
IISPPUN'SS
IIssPPEEErGoSSS
AAASSPPPOdddIIIsskkee
AAASPaadiiskkku's
ASSpppIIInWWAAALLL
aaSSSqqUUiiTTHH
AAASSSAADDD
osssSSSiiiDD'ss
OOSSSSSSIIIMM
aaasssSSSaamm'SSS
uuSSsssUUmmeeeSSEEE
essssaMuuSa'S
AsSeMMblY
assssHuuRRR
AASSsssUUnniiibEiiiNN
oooSSssOnnnOObbbOIIINNeee
IIIssssssISSSee
aaassSSSiiiUUUttt
essSSSIIuuuNN
UUsssSUUOOn'SSS
OOOSSSsUmmmPttaaaaNN
AASSSSSSuummPPPtttIIIaaN's
aaSSSiiMMppttiuuNNSS
AASSSSIrrr
oooSSSSUURRR'SSS
eSSSsssoorBBaNiPPPaaalll
iSSSsssYYR
ooosssssyyyRRIIu
asssYrriiAAA'S
AAASSSSyRIoonn
OOOsssSSyyyRRRUUUaannn'sss
OssyyyRRREEEAAnnnSS
AASSssYYRRiiioooLLaaGGIIEEES
aaSSssYriiooLOggy
aassssyyyRRIUULLLiiGyyy'ss
aaasstiiiirEEE
OOstaanEEE
aSTTTaanAA'S
aaassttaarrTTTEEE
aaassTTTaRRTTTooo'S
assTTIII
aaaSSSTOLLatt
IssstttONNN
EESTORRR
asTTOOORRIIA
asttRakkkHaaannn
astrrAAddd
ooSSSTTrreD'SSS
OOSStttrrEtttEEErrrFF
IISSTUrIIAAASS
AsssTTYiiNNexx
UUUSInCCiiónn
eeessunccIón'ss
eeSurr
aaaSSSWWiiN
AAAssWWWinnn'SSS
eessYUtt
uTTT
uT'SS
OOTTAABBrrrINNaaa
aaatttABBrrrinnnee'S
UUTTToobbrrrinnUsss
uuTTTAAACCCommmii
AtaaCCUmmmo'SSS
EEEttAHHooooollppuuu
AAtAALLiiNti
ATArOO
aTArO'ss
ATTATTürrK
AAtAAtttürK'SSS
AATTTBBIIIraaa
aTTCCHHOOOfffIIILAAyyyaa
aaatccchiiiFUULAAYYA'SSS
aatteee
ateee'SS
aTTooonnn
uuTThheBBaaaSSScccI
aaaTTThhheebbbAsCaaa'SS
AAATHHaaBBoossCCCaaaN
aathEEbAAASSSCCCaaann'SSS
aTHHHAbuSSCaaaNSSS
IIItttHabbbOssKKUU
AATHHABBBAAsKKiN
aatHHHUbbuuussskkeeeNN's
aattthhhAAAbbAAsssKaaanSSS
UUUttthhAAAmmaaas
aatttHHannAsIEEENN
ATTTHENAAsAUUUS
ETHHHeeeppaSKKKAAnnn
uuuTThhUpppaaaskkkUUUnn'ss
AAtHHHAAppAsKKKEEENS
iiittHOOLLLstAAnnn
aaattHHHeeLssTTTannn'SSS
oooTTThhheennnaaa
AAAThEENNNAAA'S
uuuTHHoooNe
eeeTTTHHHeNNaa'sss
IIITThhhUNNNAAAeNN
uuuTTTheeennIIiiNN'sss
AtheeeNNIIAAANSSS
AAttHeeennns
AATTHHEEEnss'S
ATThhoooSSS
AATTkkkIInns
eeeTkkiNs'SSS
AtKIINNNsssOOOnnn
AtttllaaaNTee
EEEtttLinnntaaa's
AAtLLLOONNTTTAAAnn
AAATliNttiiENN
uuutlllaannnTTEsss
aTTTllAnttOOCCC
UUTlUnnTTiCC's
aTllluuNNTiiiss
AAAttlOnnTTeesss's
eeTTTLusss
ETLLLAss'SS
EETTTLLooossseSS
aaaTTTllII
UUUtttmmmAAAnnn
OOTTTooonn
aTTTRREEEuS
OOTTRIIIE
eettrrIIaaa'sss
IttrOOPOOOSS
AAATrAPPPiiiSSS'SSS
OOttsss
etteeennnBBBORRRooiiigggH
oootttTENbbeeRRRuuOOOgHH'S
aaatTTIIIc
aaTTTtUCC'sss
AAATTTtttoCCCII
aTttUUUCII'SS
aaTtttiiCIIISM
aTTTTuullaaa
AAtttTTTiiiLLAA's
ITTTTTIISSS
EEtttTTllaaEE
aaTTTtNNN
iiiTTTee
aaTTTtttUUUCCkS
AAAtttWWuuOOODD
attwweeeIIdd'SSS
UUAA
aaau'sss
AAUUUbbbII
EEUbbbAAARRviiiLLLiEEErS
aoobRRReyy
IuuuccKKKLLAnndd
iooddo
AAAuuudddUUn
auuDON'sss
AAuuuDDDiii
AEDaaa'SS
aaaiDiiEENN
aaaeeDDion'SS
AAAUUUDDDRRRU
IuuuDDRRe'SSS
AAAuDDrreyy
eeeEEEDDrrreeYYY'S
AUUDDEEEBenn
AAaaoorrr
AUUUg
aauG'ss
aaUUUGGEEOn
AAuuggSSSBBuuurrgg
OOUUUgggoossttt
AAuuGGAASt'sss
AAAIIIgEEESttAAA
aaEEGAASTTTaa's
eeeoooggguuuSSttAAAnn
oouuggguStoooNNUU
AuuGGGaastIINNNeee'sss
UUUuGoostttOONNaANN
aaAAggIsssttaaNNIIIaaNNN'S
aooogeStiiineeAnnSS
aaaIIGGGuuuSSSTTSS
EEuuugaaaSttEEESS
AAAeegggUUUSSStttUs'S
uUrrAAAngAAAbAdd
aUUUrrrAAANNGAAAbUUD's
AAAeerIINNgggzzzEEB
EEUReeLIIIAA
IIIIIrrrEElliiUUU'ss
aaUUUrELAAUUUnn
aUrrrelleeO
aauuRReeeLLLIIIeee'S
eeaaarrrEEELiooosss
EuuuriiAMMyyCCIIInn
IUUUReeoommYYYCCCAAANNN's
aaauRIIommyycIIInnnSS
AAAUUUrrIIga
OOIIrAgguu's
IIIiiiRRIIIgnUUUcooAAAnn
iiiuuuRRRiiOOlll
uueRROOOrrra
aaaOORROOOrAA'S
AoorruuunnnGGGEbuuud
aauus
auuuSSCCCHHHWWWuTTzz
AUSgggLUUUIccchh
auSSSIIIEEE
aaUUssSuuue's
aaaUssssuuueS
IUUUsttt
EuuusssttIIIN
eeeuuuSTeRR
AAAUUUSSSTTTEEERRRllleeeTTTzz
aaoossstttEEERRlIIttZ'sss
oooUUSSTTunn
AAAaaassTTTEENNN'sss
uuuuuuSttIINNNss
iuSTrrraaaLLL
auuSSSTTrrraaaLLLASeeeA
ouSSSttRAluusiiiaaa'ss
OoooStttRRRAAAlllaaSSiAAnn
aaaiiSSStRelIee
AAAUUUSTrraLLLIIaa'S
AEEESStRRollaaaaan
auSTTTrrAAALIaaaNN's
IIiiSSttRUUULLLIIUUnnnsss
ouuuSSTTRRAAAliaaadd
AAAOOSSSTTRRaaLOOOpiThhEccEEEsss
uuUUUStttRulaappIttthUUUCuuuss'SSS
EEEUSTrrraaLiirrrpp
AEEESTrESAAAAAA
AuussstRRIIIEE
OUUUSTTTRRuuuAAA'sss
auuusssTRRooInn
aUSSTTRRREAnnn'SS
EEoSSSTTRRiiannsss
UUUuussstttRAaasiaatiiicc
EEEuuSSSTTTrrOONNUUsssuuuIII
uuiiisTTTRROOnnnoooSiu'SSS
AAUSSTrriiiNNaSSSIiin
aIIISSStrrreeennniiseeeAAAn'S
uuussTTRRRaaaNEEESSSIaannsss
aaaUUUtIHHorrPPP
AeTTTooLycUUUSSS
aaauuutttoooMnnn
Auuutttuuummmnn'ss
AAAeevvvIIIrrgggnO
eeuVEErrrGGGnE's
AAAvvv
AAAvv'SS
aaVVaa
UUUvva'ss
ivvAlllOkEttOOOSSSvvaRRRUUU
AAAVVAllookIIItttaaasssVVaaara's
AVValloooNN
aaVVVaaRRR
aaaVII
aaaVVVObbbuuRRy
AVEElLLLAAnnuuudddii
aaavvvAAANNNtttiinnnOO
EEvvveRRRNEEEs
eeVVErRooEEss
avvveeeRRrrrUiiiSMM
aavvvIIIrrtAANNN
eeeVVVAAArrYYY
aaavERRRyy'ss
eeevvees
aveessTTTAA
AAvveeSStOO'SS
AvvveeesTTTIIN
aVVEEEssTTTUn'SS
aaaVuuussttAAS
aVVVEEEYruuuN
ooovvvIIICCCeenNNUU
uuuVIIIgggNNNENN
UUUVVILLLA
AAVVoooLLUUU'ss
ovvviarrr
eViOOR'SS
OVVVEEs
AAvvvllOONA
AAAVooGaaDrro
AAvvoonnn
AAvvvs
axxxiiiS
uXXmmmInnnstttOORR
ExAAAmm
eyAAccciichhu
AYAAALLUUU
aayyeelA'sss
AAyyyUrr
EyyyEEErss
EEEYYeeesshhhoo
IIYYLLLAASSSbbUUUrrYY
eeeYMUUUrrAAA
AAYYmaRRROOON
ayyyR
AAyyyRR'SSS
AAAyrSSHIIIrrre
aayrrrShEEErrAAA'ss
ayyRRRSSShOOOreess
ayurVVEEEDDAAA
OOyyyYYYIIIBBBuudd
IIIYYYUUBBBIddd'SSS
aaazzzOnnOO
IIZZZunna'SSS
AZZaanIIIa
AAAzzzAnUUAA'SS
AAZZoozEEElll
aaazCAAAPPaaaTZZALLLcccOOO
eezzcceeePPITTZAALLcoo's
aazEEErrbOOUUUjaaNNN
iiizzeRRbbAAUjjjaNN'SS
IzzzeerrbbbOIJJUUnA
aazIIrrrBBOOijjjiiNIII'ss
AAZeerBBAAiijInnnAAASS
aaZZZikkooWWE
UzziiiLeeeAAAnn
AAAzERRReeeIIIn
AAzzzOOOrrrOOOSS
eeZZOOORRRiiiSSS'ss
OOOzzzOOroooannn
aazovv
AzzRRRAAOOL
eeeZtteec
ezTeCC's
EEEZZZtAAACCCannn
ezzzteCCaannn's
iZtttACCS
aZttLLUnnn
EEEZZTTTllAAnn's
BB
bbb'SSS
bbuuu's
BBBaaaSSOOOC'S
BBBbb'S
bbbccc'SS
BLLLTT'SS
bbbMMM'ss
bMW
BMwww'S
BBBS'S
BAA
bbbOO'ss
BBBUiiiLLL
baaaAAAll'sss
BAAAEElllbbbeeekk
bbIIaaaLLUMM
bbboooUULsss
bAaTHH
bbaUUTHHH'SS
bUUUAAttthEEESTTT
bboobbbaaaR
BBBaaaBBaar'sss
BBBABbbaggO
BBBoobBBBITTTTT
baaBBBbbiiTTTTrrrYYY
bbbooobbbEEElll
BBABBel'S
BBiiibbbeeLLLs
bbbaaaBBBuuuRRR
beBBIIItttE
bbUbbbuuuttttee'ss
bUUUbbbOOOeeeF
BAAABBBii
buubbiSSMM
bEEbbbeerr
BBBoooBBByLLOOnn
BabbbYYLLLOOOn'SS
BBAbbbYLLLoonnnEEaaa
BBBAAAbyllOnnOOaaa'SS
BIBBBYYlooonnnIIIann
bAAbbbyLLOOOnnnOOOannn'ss
biiiBBYllooNiiiAAANNNS
BEEbbYLLoonSSS
bbUUUCAAALLlll
BBAcuLLLL'SS
BAAAccAAArrrDDDEE
BBaccccchIee
bbbAcccHaaannnULuuuu
BBBACCChhhuunnaallliiaa'S
BBuCcHINNNEEELiaaN
BeeeCCCccchIIIcc
BBaaaCcchhuuusss
bAccccchhhUSS'SSS
BBBAAACCH
bbuuucccHH'S
bbbuuCCCkkuuus
BaCCkkkEEss'sss
buucUUUliDD
BBEcccInn
BBBACCOOONN'SS
BaaCCCtrriiAA
bIICTTRRReeAN
BBAAdajooz
bbbaDDUlENa
bbOODDeN
bbbaaDLONDSS
bbaaddllAAANNDDDSS'sss
BaaaDDDooogggLLIO
BaAAADDDaaa
BooEDDDekkAARR
buueDDDeekkuuuR'SSS
bbbaeedddEKKKUUURRSSS
biEzzz
bbbuuFFIIn
bbaafFFiiN's
bbboooGGdUd
BBaGGddiiidd'ss
BaagooohhhIIt
bbaagGGGiieee
bbaaaggGGGiiiEEE'SSS
BBaaaGgggEaaass
bbbiGGHDDad
BBoogghDIIIDD'SS
bbOGGGuuioo
BUUUHHa'iii
bbAAHAA'alLUHH
bbbAAAHHHaaI
BBBaaHuuiiissmmm
BBBuuuhIImmmAA
BBBAhhhAAAmmA'ss
bAAHHHamAAnn
beeehhOOMAANNIIaann
BBAhheeMaaS
BaaaHHHEmAASS'sss
BBeeeHHHIImmmIIANN
bbAAAhhheeeMMaaaAN'sss
bbaahIIImIAAnnnss
bbAHHia
BAAAHHRRAaaaNNN
bUUUHHHrrrAINN's
bbbaaahrriiiinaaa
bbAAhRRRooouni'ss
baHHrrrAAAINiiSSS
bbaaahhhRRREINNN
bbbaaHrrreIIInnn'S
BAAAIKall
bbaaaUUULLLEEEyyy
baaaoLuYY'SS
BBBIIOOLLLLyy
BeeeOORRUUMMM
BAAAIIIrrddd
BBuuiRRRIIKKiii
BBAAUUURIIIkkkiii'S
BBBAKKKeeLLiiiTTTa
BiiiKKIIILLiiitttee'SS
BBBeKKeeeLLiiitEEEsss
bbbaaakiir
bAkkkuurrsffIIOllD
BBBuuKKHttOOOrOOnn
bbbAAAKKKHTIIIRRRAnnn'S
bekssstt
baaakkkUUU
buuukkee'SSS
bbAkkkoNiN
BBBUUUKYYY
BBBaaaLEEE
bbbaaLLLeeeAAMM
bbIIILUUKAAARReev
BalaaaKKKlllAAAVVVaaa
BBBALLLinCCCHHiiinnneee
bAliiTTaann
BBBAAALLLbbOOO
bbalbbbOooo
baaaLLLderr
BiiillldddeeeRR'SSS
bbbiiillDDDwwwiin
bbbaallldwwUnnn's
BeldWWWIIInnss
bbbaalEEE
bbOOlllaaa'S
baaaLLEEEaaarrEEccc
BBBAAAllEEEarrEEEcc's
BBBaalunnnccoaaggo
BBaaaLFFoooiiiRRR
BBBUUlllo
BBBIlu's
BBBALIkpAAAppAAANNN
BBBUULLIInEESSEEE
bOOOllleeneeeSSEE'sss
bbbeellEEEELL
bbIIIlkkAAANNN
BBaLLLKKKOONNeezzzEE
bbUlllkkOnnnSS
BBBuuuLLLKHH
BBaaalKKhAAASShhh
bbIIIlllLL
bbAlllLLLAAANccE
BBAAAllllaaaRRaT
bbbullllllarrrdd
BAlllLLLiiirD's
baalLLAAAoLLL
BBALLLLLyyCCCasTTllle
BoollLLYYYCAsTlllIII's
BoollLLLyyyMMEEENaaa
baLLLLLYmeeeNiii'SSS
bbeeelllllyymmOONNNEyy
BBBIIIlllLLyyymENNuuuYY'sss
baLmmmorraL
BelMMMoorriL's
bbbaaalMURILLSS
BiiillmmUnnggg
BBBaalllT
bElttthhAAzaarrr
BBAltttic
BBaaaLLTIC'sss
bbbALLttUmOOrrEEE
BBAAALttOMOORRRo'SS
bALLuCCChii
bbbeeeLLLUUccHo'S
BBBuulOOCChhiiisss
BaallEEchhIIsttINN
BBBaLLZZEEccc
BAAALzzzAAcc'SS
bbIMokku
BuuMaakkOO'ss
BBBUMMBBBuuRRRI
BBBaaMBBBeerrGGG
BBBaamBu
BBBaaamBBBA'ss
bOOONNaaaCChhh
BaaannAAChh'S
BBBENaRRAs
BInnnaaarrraasss'ss
bbOOONNarees
bbAANNNAArEEsss'sss
BannnBBriDGGGeee
BAANNbbRRRAAADDDggEE'SS
bbbAAANBBorry
BBAAANNCrufffttt
BBannncccRRREEEFFTT's
BBBaNDDDo
BOONNdddarrraaanneeiiKEE
bUUUNddONNGGG
BBBaaNNDDDannnGG'sss
BBBaaanff
bbanfffFFF'S
bbbenGGALIIRRAAA
bbbIInngKKKAAA
bbbANNgggKKoookk
bbbAnngggKKKEEEKKK'SSS
bbbUnnGLLLadeeesh
BBBIINNGGGlllOOdddOsHH'S
bbUUUNgglAAddEsssHHooo
BAAnnnGGGLLUdEEEsHo's
bbbaNNNgglAADDAAshhuSS
bbbiiinnnGGoRR
bAAANgggUi
BBaNNgUUiii'SS
bbbaaNNNGGGWWEEoollu
BBEEEnjjjUUrrrmaaSSSUN
BANJJJORRRMMaaSSiiNN'S
BBBonJJIIRmmAAAssiNN
BBBIIInnnJJEL
bbeeNNNKKKAA
BBBannnKKKSSS
bAnnnNNNokkkeeeRR
BBEEENnnneeekEEEr's
bbiiinnnisssTTTuuurr
BBAANNNnnAACCkkbaaarrrnnn
BBBaNNNnnoooCCkkBOOORRNN'sss
bbAAnnnttIIIm
bbboonntttiinnng
bbbaanTTTuuu
BaaNNTToo's
BBOONNttooss
bbbinntttaassstaNN
bbbaannnvviLLLLLLuu
BBeeOOOtttAAAu
bbiiiOttUUUUU'S
BaaappptiiSSttt
baaapptiiiSST's
bOOOpppTTiSSSTTiii
biipppTTTIsTTTUU'S
bbbEpTooSStttsss
BaarrrEEEbbbbeeeSSS
BiRRRacKKK
beeeroccKKK's
BEERRRbbbAADDIIAnn
BBaaaRbbbAAAddiiAAN'ss
bbbOOORRBiiidIaannnss
bbbaRbbaaDDiiiS
bbbuRBBBuDDOOSS'ss
BBBaaarrbbArrA
BBuuurrBaaRRE's
BBBIIIRRRBBBAAArEELLlu
BooorBBBAArreLLLLE'SSS
bbbUrrrBBBoROSSSSSA
bAARRBBBARRoSSSssa'S
bbbeRRRBBaaaRRyyy
BBBIIrrbURRyyy'sss
BUUURRbbbErr
bbbArBeeRRRi
booorbbeeeEE
BBBArrrbUrroolllI
beerrrbbOOIRRR
BBBAAARRbboeRRR'ss
bARBBRAA
BBBEEERRbbbrA'S
BBBARRbUDaaa
bbbarrBBuDDDi's
bbAARRRBBUUdddIINNN
BBBOOrrrBBuSSSSEEE
barrcccA
BBBaaRRCCeLLLUUUnaa
BBBooorrceeLLoNNi'sss
BBBeeerrccLLLUUUYYY
baarrrCCLLUYYY'SSS
bbbAAARDeeeeNN
bbbArrrDDDOOOn's
BBBAArrrUeeeLLLLLLYYY
BBaaaRReeentsss
baareeNNTSSS'ss
bbAAArrrIII
bAArUU'S
bbaarrINNNg
beeeRRRkkEERRR
bERKKKeeeR'ss
bbarrrKEnnnG
BaarrKKKinnngg'SS
BARKKleeyy
BArrrkkkluy'S
bAAArrrLLUWWW
BBUrLaaaW'ss
BBIIrrrMMeecIIddeeL
BaarrrMeCCCIIIDE
BARRNObbbAAsss
BIIIRRNNNIIIbbY
BaaaRRRnnnaabY'ss
bbbUUUrNNaaaRD
BBBuuuRRNNNarrDDDo
BBBUURnnnaaaull
bbAARRNNNEEEss
bbbArNNEEET
BAAARRnnnUUUT'sss
BoooRRRnETTT
BBaaarrnooottTT's
BBBIRRRNUy
BBaaRRNeeyyy'S
baRRNNNSlUUY
BBBIIRRRNNUUUMM
bbbErooCCccHeo
bAAARidddaa
bbErIjaa
bbaaarrraQUUIII
BBBOrrrOzzzzeee
bbARRRQQuuuIIIsssiiMEEEttuuu
BBBARrr
BBBiiiRr'S
BBBaarrrRRReNqqUIILLlllaaa
bbbARRRrrraaauLLt
BBaaRRRrrraRO
bbOOORRRRReeRRIII'SSS
bbbooorrrRReTtt
BBuuurrrrrreeTTtt'SSS
BUURriie
bbuuuRRRrrrUUUAAA'SSS
BBUUrrrrrooNN
BBARRRAANN'SS
BIIIrrrrrOOSS
booorRROOW
BBBAAARrrry
bARRRyyymoorrreee
BaaaRSiiiCC
BBAArrrT
bbARTTThhh
bbbAAARThhheeSS
bbbArrrttthhhOOOllldiii
bOOrtHHHIILLDaaa'sss
BBEERRRtthhhEElllommmiww
bAARRRTLLLEttttt
bAAARRtiiLLOOOmmuuuoo
BoooRRttEn
bbArrTTTók
BaaarrEEEcchhh
BBarryyyShhNNIIIKKOOOVVV
BAAssEELL
BAASSell'ss
BaaSEEENNNJJII
bAAAsssHiiNN
BBasssHHHKIIRR
BIIIShIII
bbbaaSShhOOO'sss
bbbaSSSooc
bbbAsuII
bbbossill
bEsssUUUlllaaannn
bbOOOsssILOnnn'S
bbbEEEsseeelldannn
bbbUUUSIIILLLeENNN
BBAAAsOLLUUUcccutooo
bbbEESSuuuLLIIcccUTAAA'sss
bbbIIssskkkeeerrrvvvIIIllllE
BBAssslllU
BBiSSlllu'SSS
bbbaaassqqqiEEE
BBAAssqqAe'SS
BBiiissQAAuus
BBaaasssrEEE
bbAAAsssSSS
bbOOOssSSS's
bboossssseeeTeeRRrrEEE
BiiisSSeettERRee'S
bOOssstttiaa
BaStttuulllee
BAsssTTTElLLLuu'sss
BBBAASSStttiigggnnnee
bAAAsUUTTUUU
bbbIIISuuTTToo'SSS
BBBasUUtoooLLLannnd
bbbaasssuutEELLaNNNd'SS
BBBAAAssuuuTEEs
bAAATaaaaNN
BaaatttaaaAAnnn'SS
BeeTTTannGGGeesss
bbOttAAAvoAA
BBBiiteeS
BeTTh
BBBaaTTThSSShhhoobbbAA
beeetthuurrrsT
bAAATHHHuuurstt'sss
bbbAAATTTiiistttuuu
Batttmuuunnn
bbbatttMAAn'sss
BBBEEETTTlEE
BBBAAttTTllII'ss
bEEETuu
BAAATTTU'S
bbbAAICCCiis
bbbuuooDAAALLLaiiiRRROO
bbuuuudddeeLAIIrrrUUU'SSS
BaaaUUUdOOIIeeNNN
buuuUUUddOOOuuEn'SSS
BBBAAAAAeRR
buEEHaaaUUUs
bbbIIIuHiiUUUsss'SS
bbbaaaehooouSSSAAASS
bbbAAUUUMM
BiAAtttzzIN
bIvvvARRiiUUU
biiVVArrrAA's
baaaVViirrIIIInnn
bbbAxxx
biXTTTEERR
BBBuuxxxtERRR'ss
baYAAmmiiiNN
BAAAYYARRDD
baaYYERRR
bbIyyeeRRR's
bbIyArn
BBaaYYiiisss
BBBayyyESSIiiiNNN
bbiiyyaaiix
bbaaayyyeIIxxx'SS
bbeeeyyykkAALLL
bbbAAYYYkkoool'SS
BBBaaYYYlO
bbbaaaYLLIIR
BBuylllOOr'ss
BayyyOOONNNnnnEE
bbbuuYOnnnnnOO'SSS
bbboooyyyrEOOthhh
BBBaaaYYYWATTTcchhh
bbAYwwwOTTTcH'SSS
BBBaZOutttAAAsss
BBBeee
BBEE'SS
bbbaaaachh
BoooaaccHHH'sss
BBOOaCCooonssfeeeeeeLD
bbUUUEEEDLLee
BBiiaaaNNN
bAAAAn'sss
bbEEaRD
BBBEEEAARRDD's
BBBOOOErrDMMuuuRRRe
beeeaaRdddmmmorrEEE'SSS
BBBeaaaRdddsssLLLeY
BBooooRNNaaaaassAAA
bEerNNNEEEIIISSa's
bbeeuSSSleeY
bbUUasslleey'SS
bbbeAAAtttIITTeeDIISSS
bbbaaUUtttllliiMMeeeNNNOOOAA
bbbEEUUtllaaMMiiNiiiaa'sss
BBBeeattLLeees
BBAaaaTTLLLeS'S
bboaaTRRRice
BBBeeaaatRuCCOO'SS
BBBeeeOOtRRRaaaxxx
BBeeAATTRReexx'SS
BeeeaaaTTTriiizzz
BoooOOtRRiiiZZZ'S
bbbEEOOOTtYYY
BBUUUUUU
BBBEEEaaUU'SSS
bbEEaaaOOOfffIRT
bbbEEaaUUhhhERnaiisss
bbaUUUajooolAAeeeSS
baAAAIJJolAess'S
bbOOAAAimmAAARRcccHHHAOOOs
BBBEeIIIMMMUUUNtt
BEEEAUUnnnUUU
baaaUUuuREEGGGaRDDD
bbbiaUUUrEEGGGaaRRDD's
bAAauVVVaaaUUUSSS
BBBEAAAUUUvvOOOR
BBeeeAAvvvERRBBoooARRddd
biiAAAvvvIIrrbbrEEoooKKK
bbbUUaaaVEERRRtUUUNNN
BBBEEEaavvERtoonnn'SSS
BBuuBaaaLLL
bbbeeCChhteeel
bbeeeCChhtttEll's
BAAcHAAAiiiNNE
BBBIIcHHHUUaNNNoo'S
BBBeeeCCHAAnaLLLANNNddd
BEEEcchhuuuAnnnAASS
bbboooccckk
BoCCCKKK'ss
bbEEEcKUUUrr
BEckEEER's
BAAACkETT
BEEcckEt'ss
BeeCCCKEEtttt
BaaacKKEEtttTT'ss
beecccKKKfffooRddd
BBuuckkkMinnnNN
BBBEEECkkkY
BBUUCCCKYYY'SSS
bbbeCCQooerrrelll
BUddde
bEEdfOrrddd
bbEEEDDFoooRRDDSSHHHIIRRRe
bbbeeeDDDIVUrrrii
BBBEdlllOOe
budLLooOOO'sss
bbIdddOOUInnn
BaaaDDouIInnn's
BaDEEEooouuNNNSSS
bOOOddUUUuuun
bbeeeDuuiiinnn'SS
BEDUiinnns
bbEEEEBBBee
BBUeeBUUU'sss
bbEEEeeeCCChhhaaMM
bbbOOeeeChhArrr
BeoooFFFaRRRONII
bbbEEfffuurrOnni'S
BBBeeELzzzeeebbbUUUBBB
bbuuuEElzzooobbbeeb's
bbeeeeerrrbbbUUhhmm
BEEEooorssshhebO
bbiAAtttHOOVoN
bbbeeUThhhUvEEnnn'sss
bOEEEtuuuNN
bbbIIUUUTTOOOnnn'SS
BBOGGHHArrDD
bbbeeGInn
bbEEEGUUAAAnn
BBBOGGoooiiNEEE
bbbohhhEEN
BBeeeHIISSStttOOON
beeeHMMoonIIsm
bbbEHMMMaNNISSm'SS
bbEEEhMMeeennnIST
bbbeehhRRRiingg
bIIIIIdddiiirrrbbEEcKKee
bbbEijjjiiiNNNg
biiuuujeNNNgg'S
bbboooiRAAA
BBBUUaaraT
bbeeIIrrUUUT'S
bbUUkkkEsYY
BBBAKKeeeSyyy'S
bbbEL
beL's
bbbeeelllaa
BBBIILLLI'S
bbboolllaaariiiS
BBBIlllAArruSS'ss
BBBEElAAa
bbElllAE'ss
BBOOllluuum
BBBEELLLEEEM'SSS
BBBALffasT
bbbAllffeeeSSStt'S
bbbeeellFFFOrrrTTT
BiilGG
bbbeeeLLLGaaaUUU
BBBellgeaaNNN
bbbeeeLLGGiiiIIINN'S
bbuLLgggAAiinnns
BBBeeeLLGeaaaM
beeeLLLGUUEMM'sss
BAAlgOOORRUUUddd
bILLLGGoorOdd'S
BBBAALGGGRaaaddUU
bbbeeeLLLggRRADDooo'SSS
beeeLLLggrrevvvaaEEE
bbOOlleaaalll
BBBIIILLLiiinnDDDu
BEElIInnddaaa'S
BBuuliiisssAARRiuus
BeeLIZZZEEE
BUlllUUZi'S
bellliZZEEEUUUnnn
bbOOOlLL
baLLLLLL'sss
bbbullaaa
bbEElllOOO'S
BBBeeelllleeemmY
bEELLLLLUUUmY'SSS
bbeeellLLitRREEExx
BiiLLLLLLuTRax'S
BeeeLLLLAAAYY
bbeeeLLLllleee
bbeLLLO'ss
BBeeeLLLLLeeeEEEK
BELLlleeeROOOPPHHHONN
bbuuLllurrooppHHOONNN'ss
BeelllllEEVVVOOeee
bEEEllllEveII'sss
BBBEELLLLaaannu
BBBIIILLllAAANNZZUUnnAA
BeeeLLloocc
BeeeLLLoonAAA
BeellllllAWW
bbeeellLLOOOWWWSS
bbEEElllmmOOOnnttt
bbbILLMMaannTT's
bbbElllmmOPAANN
BBBIlllorriSSsssuuaaa
bbelOOOrrAssssIIA'SSS
bbbILLOROsssSSSeeeaaan
bbbIIIllORUUUsssssIIIann's
bbbiLLOOrrUUSSSiiaaannnSSS
bbbEEElllaassToookk
BEELuvvU
BBeLLLsssan
BBBiillshazZZaRRR
BeeLsHHUUzzZIIRR'SSS
BBooLttANUU
BBoooLLLttwIIIy
BBAAAllltwweeeYY'sss
bUUluSSHHii
BuuullliiSShhaaa'SSS
BBBeeMbbbEE
BEEEnnn
beNNN'SSS
bEENEcOOrRRAAAFFF
bbbEEnnnAAcciiirrrrrrAAfff'S
BEnnnAAADRRRYLL
BBBENNAARRes
bbEEEnnnccchh
BBooonnCCCH'SSS
BBooNccchhhLiiYY
bbENNNChlllUUY'S
bbbeNdddooR
BBeeNDDDeer'SSS
BBBuuNNNddiiiGGO
BBooNNNDDIXXX
bbbiiiNNDIIxx's
bbbAANNNeeDIIcIttiii
BBiiNNuuDooocccT
BBuunuuDucccTT'S
BBBiiNNNEDiiiCCTTTiNuuu
bbuuuNeDDAAACCtoonnU's
bbEnnneddIIccTIInnUUUsss
bbeeNNUdddiiCCTTTioon
bbbaaNNeeDIIICCCttISS
bbbeeNNNeeLUUX
bEnEElllUX'sss
bbEnEEET
BBBeeennneetttooonn
BBENNaaaTTTTTTunn'SSS
bbeennivvENNTU
bbaaannGG
BBeeennGaaL
BBBENNNGGaLL'S
bbboNNGAAALESSSiii
bbuNNNGaaLLLII
BBBUUNGaaaLI'SSS
BEENNNGAALLIISS
BBBENNNGGGAAAlls
bbEnnngggHHeeezI
BBBeennGGGHIIzzzU'ss
BEEEnnnii
bbbEnANN
BBIINNNUUUn'S
bbbUUnnnUNNIISSE
BeeNNeniiiSSSeee'SSS
bEEEniiiTTTAA
bbEnnnItII's
bbEEnnnIItttoo
BBeeennnuutI'SS
BAnnnjoommmiin
bbEEnnnNNNOOTTTTT
BBeeNnEE
BBBInnNNNiE'SS
bbbeennniNNGtttOnnn
bbbaaanNNNiiiNgggTTTOONN'SSS
BeeNNNnYYY
bbOONNNyy's
BBEEEnnoNNeee
bbeNNSSOOONN
BBBUnnnSSSooonnn'S
bEEEnnttHHHAAMMM
BoNTTHOOOMMISSSMM
bbbEnTTTIIInnCCCkk
BBennTTlllIY
biiNNttOOn
bbbeenooouuu
bennxooo
BeennxxxII'sss
baNZZZ
BBBaannnZZIddRRRInne
BBBEnnnZZZeDRRIIInnuu'SSS
BBuNZZZeeDRuuNNNEESSS
bbbOOOIIIGGrrreeedd
bbbEEaagggRAAADD's
BBBUUUaawwaaaLLLf
BBBeeRRRurrr
BORRRbbbEEErrr
bbUUrBBeR'ss
BoooRRbuuuRRoo
bbbErrberrs
BBAAArrrCChTTTAsssGGOdEEEnn
bbbeeRRRccy
bbOOrCCCYYY'S
BUURRddoChEEv
bbEERRReennEEcEEE
BerEENoooCCuuu'ss
bbiReennSSSooNNN
bbboRETTtAA
bbberrruuTTTTaa'SSS
bEEERIzeeNNAA
bbbIRRREEzzNiKKA
BAARRRGG
bbbeeRRGaaamaaa
BaaRRRgggUUUmmmuu
bEERgaaan
biRgggEEENNN'ss
bbbIIrrGuuurrr
BBBEEERRGerr'sss
BOOORRggirrreeccc
bbeeerrGGIIIUUUsss
BBOrgMaaan
BergSSSIInn
BBBOOORRRgggSSSooNooosM
bbbEErrriiAA
bEEERRaannGG
beeerrIIIESSiiivvvI
bbbArkkEEEllEIIIInnn
bbOOOrKKaaLLLooiOONISmm
BoooRRRkkuulEEEyyy
BBaarKKKuuuLLUUYY'sss
BBeeerrKElleeeYYYoTTTEE
BBBAAArrrkkkeLLLeeYUUUTTooo'sss
bberrrkShhhiiirrreee
bbeeerrKSSShhhiiRRRe'ss
BBERRKKShiRRReeeSSS
BEEErLLLeee
BaRRRLLLUU'sss
bbbooRRllIIInnn
BooRLLUUNNN'SSS
BBBEERRRLLiiNNEEEr
bbbOOOrLeeenuuRRR'SSS
bbbiirrLIINNNEEERs
BBBErLiiNNNss
bbborrliiioooZZZ
BBEEERLIItttzzz
BBoRRllliiitttZ'ss
beeerrMMMuuju
BERMedddaa
bbEERRmmUUUDDo'ss
BAAArrMuuDDDeeN
BBBOOrmmmiiiDANNN'ss
BeerrMOOdAnnnss
BBBARMMMUUDDDiiiss
beRRRMUUUdiiEEN
bOOORRmmmUUddIeenn'SSS
BBeerrmmudiEEnSS
bbbIRRNN
BiiirN'sss
BBBoooRRnaaaDDETTtttE
bbeeRNuddINEEE
bbErrNooDDDiNNNUU'SS
BBEErnnoddoootttttte
BBBEEERRRnooNNKe
bbUUUrrrnnaaanKKKEE'SSS
bbEEErrrNNNAArrrDDD
bbbeeeRRRneeeRddIInni
BBIIIRRnnnuuRdddo
bbberrNoooRRRddUUU'ss
BeeRRRnnAYSSS
bbEEERNEEEYs'S
bbernBBBAChhh
BiiirNNNBBBaaacHHH'SS
BBURRNAA
bbEEERNNNII'ss
BBOOORRRNNNAAASSE
beeerNNHHHaRRRd
BErnhAAARd'SSS
BBBEErrrnhORRRDDt
BBBERRnuuuccEE
BarNNiiiCiii'SS
bbbEEErniOOO
BEEErrnnieee'SSS
bbbOrrNNInnnAAA
BBBeerrrnnnaaNNNii
bbeeRRnOeeLLLLI
BEEErrnnnssttEEann
bbeeerrrRRRaa
bbbEERRRRA'S
BBERRRRYY
BBERtt
bEEErtt'SS
bbaaaRtaa
beeeRRtttA'ss
BBBeertttEELLLssmiiinnnn
BorttIILLsmmmAAnnnnnn'ss
BBeerrrttHuu
BBBEErttHHeee'SSS
BoorTTIEEE
beeRRRTTTaaAAA'SSS
BBEErrTTTiiilllllaaaNN
bbbirrrtIIILLLLLLoooN'SSS
bbEEERRRTTRAAAM
BBiRRtttRRRaM'SSS
BBBORRRtrrrAAnd
bOORRTTRRRaaND'sss
BorrrWWWiicckkk
BBBurryyLLL
bEEERRyyL'S
BEEErrZELLLUAS
bbaaas
bbeeeSeNNNTTT
bbOOOSSSkiidds
BuuuskkkiiiDss'SSS
bbbeeeSSS
bEEssSSSaaRRabiU
BBOOSSSareeBBiiOOON
bEssssseLLL
BEESSSSeemEEERR
busssOOOMooorrr'SSS
BuussSiiiooo
BBBeeeSSStt
BBeeStt's
BuTeeeLLLGeeiiSe
BBEETiiiLLLGGGOOOUUsUU's
bbEEThh
bbEETTH'ss
bbbootthhhiiNNyy
bEEtthee
bbbEEEtHHHEEll
bbEEttHoossDiii
Biiithhlluuuhhhooommm
BETTTHHHSAUddA
BEttHEni
bbbEtjEMMaNNN
BETSSSeyy
BBBitttsEY'S
bbeeTSSYY
BBeeetttSy'sss
BUUTTtU
BBBaattTTTeee'sss
BBeeTTTTTTAA
BBBiiiTTTtEEEE
bbbETTTttoooi'sss
bbiiTTTtttY
BAATTtYYY's
bbOOOTTTTTYYEEE
BBATTTTTyyEE'SSS
BBBeuuuLAhh
BBAuutttHHHoN
BuvvvAnn
BBAAAVVVUURRRidddgEEE
bbAAVVeRLLLeyy
bbevvvEErrLLLEEy'sss
bbbevvERllyy
beeVVEEErrrLLyy'ss
bbbevin
bowwICCk
BBEEEXlllEY
bbAxxxLLLiiy'SS
BBBaaaYYEERRR
BBEyyyRRROIttHHH
bHHHAArrATT
bbHHAARAATTT'SSS
BBBhiilllee
bbHHIPAl
BHHeeTTaaannn
bHHuTAAAnn'SSS
bheTTToooNeesse
BhhhAAtttuunnneeeSeee'sss
bbbHHiTTTTTTOO
BHHEEEtttTA'sss
Bee
bbbii'SSS
BBIIIAFRAA
bbiiaFFFRAAAn
BBBeAKKK
BBUeeLLLyysTTTooK
BBUannCCCeee
bEANNCCCU'S
BBaerrROOOTzzz
bboooass
bbiiib
biBBl
bbooBBBlluu
BaaBllee'S
bbbobblllEEESSS
bbbiiBBBllIIICCUUlll
BiiibblICaaLLYYY
bbiBLLiiiccIssTTT
bIICC
bbiCCC'S
BBBOOOdddlle
BBuuuDEEEn
BBBeeDeN'ss
BBuiiDDDEErrrMeeeiERR
bbiiEElll
BIIIooLLOOfffellDDD
BAAAANnnA
bbbEEErrrcccIII
BifffruuuSTT
BigfOOOUUUtt
BBigggFFooouTT'S
bbboggffOOOUUTS
bbiiGgLLeeeSSS
BBigggGLLoSS'SSS
BBIHHOOOr
bbbihAArr'ss
BIIHHarrrUUU
bAAAhharraaa'sss
BihharriS
bbuuuosskk
bbiikaNNERR
bbIIIkiinI
BBuukOO
BBUUKKO'S
BekkkOOOLL
bbIllBBaaE
bbbiiiLLLBoo
biLbbEE'S
beeeLLLddaNNGGGssRRoMaNN
bbbElllll
bAAAlllll'sss
baaaLlllIIIIII
BBeeellllllIO'sss
bbbiillllINNGGGS
bbbOlllllinnnGGs's
BIIllITTToNNN
bbiiLLLLY
biiillllllY'ss
BBBILoxiii
BBBIIllleexAA'SS
BiiLOOxxxIISS
bIIIMMM
BBiiiMMiinee
biMMaanA's
BBBIIImmmAAANNEEEs
bbiiNNggeeeN
bbbinnnghhhaaamm
BBiinnngggHeMMM'sss
BBIInIII
bbbOOoKKoo
BBEEEOKKOOO'SS
BBBIIrcHHurr
bbIIrrd
bbIRRddSSSEEEyEEE
biirDDSSSeeeYOOO'SS
BaarrrKKeeeNheeeUUd
bbirrkkkeeeNNSSStttOOOcckkk
BBBIIIRRMANNGGHHAMMM
BBorrrmmmOnnnGGGhhAMMM'sss
BAARiii
BBiRRROOO'SSS
BBBIISUUUyyyEESSS
buusssiiiYaSSS'SS
bbbuuuSCaaYYY
bbbIIIssCCCAAYnee
BBBIIISSccoooyyNNE'sss
BBBoSSShhkeeekk
bbIIISHHHoooppp
BBiiSSShOOOPPP's
bIISoooTENNN
BISSk
BBIIISKKRRRAA
bisssmmmarCCCkkk
bbEESSmmAAARRCCKK's
bbbaaaSmmiRRRcccKKiiEENN
bbbIISSSMaaRRKK
BBBUsssmmmaaaRk'sss
BBiisssQQiiiIccckk
BEEEsquuicckkk'sss
BBOOOsssAAAU
BUUssssIIuu'ss
bbbAAAsssUUUTTTuuunn
BOOTTTHHYYYnnoA
BaaaTThhYnnnEEEAAnnn
BBBIItteelJ
bIIyySSKK
bIZZZiiirrTTTuu
BBIIzzzEETTT
bbbjjoooRRKnnneees
BBJEEERRRKnnnEEEss'S
bbbjjoRRK
BBjjOOrKK'S
BBBKKK
bKKK's
bleCCkkk
BlECKK'sss
BllliiiCCCkbbEEarrrdd
blooccckkbbeeUUrrdd'S
bbllluuucckkkbuuurrnnn
BBBLAAcckkBAARRn's
BBllaaaCKKKEEETTTtt
bbblACCCkfffeeiiiTT
BLacKKKffaeeeT
BBLeeCKKKFFoOTT'sss
BBBLLLaCkMuuuNNN
BllicKKKmmuNN'SSS
BBBllluuCCCKKpppIIIUUUl
BBBLLLaaaCKKPoooooL's
BBBLaacKKs
BBBLAACKKKssHHHorttt
BBBlllAccckkkSHHHiiirttt's
BBBlllAAccKKKSStttaNNNEEE
bbllooCCKKKwooolllLL
bblllAAACCCkkkwaaODD
BBlluuGGGAAAvuSSHCCHHHeeennSSK
blllOOiiNee
BBBLaaEENNNe's
bbbLiiiiirrr
bbbLuiiirrr'SS
bLLaakkkO
bbblllINNNccc
BLAANNNccAAA
bbbLLLEEnnCeee'ss
BLiiiNNNCChh
bblllIINNCHH'S
bblllaaNCChIrrrddd
bbblllUUUnnnCChhaRdd'S
blllennnCHHHo
BBLLANNNCHHHOOO'S
bbbLeennnkkUnnSSShhIp
BllAAnnKKEEEnnSSSHIPPP's
BBBLLAANNttyyyRE
BBLLLannnTTYRi'S
bbbLLLAtzz
BBBLLLooottzz'ss
BBBlavvUUUTTTsskkyy
BBBllleNNHUUUOOMM
bblAANNhhOOOIm'SS
bbbllliivinnnss
BBlleeeVVVEEnnSS'ss
bbbLIdA
BBBlliiiggHHH
BBlliiighh'SSS
blllooondHOOOeeeM
BBlleeeSss
bbbLLLooCHH
BBBlUUCCCKKKBBBuusssttir
BlooccKKKbbbUUSStttEERR'SSS
bLLoaaMfffOONNNTAAAIInnn
bLEEeeMMMFFFuNNNtteeeeeNN'S
bbllluIIss
bbbllOOk
bbllEEENdIl
blinDDDEEL'sss
BlooonnDDIIuuu
BBLLLinnDDDUi'SSS
BBBLLLOOooom
BBBLoooOOMMM'ss
BBBLLLoOmmmeeeRRR
BBLLLOOoooMffooooLLLddd
blOOOAmAANNNGGGDDDUUUlle
BBBLLLeUMMIIIngdddALLE'sss
BLIeeeMinGttoonnn
bbllliiOOOmsburyyy
bbLuu
bbbLLeeeCCChhiirrr
bblllEEECCCHHHER'sss
BllluAAABBBOOOaRddd
BBBlUUIIIbbeurrD'S
bbLLLuuAbbbEEOORRDSSS
BlllUaannOOSSe
bbbLeoooToooaaaTHHH
bbLLUUEETTTeeeaattthhh'SSS
BBLOOM
BBBLVDD
BBBlllytHHHEE
bLLLyyttHHHIII'sss
bnn
BBoAABddiL
BBoadIIcciiiA
bboooAnUURRggESS
BIIAAAss
BUUUeeSS'sss
bOOOAzz
BBBOOOBBB
bbooobbb'SS
BeeeBBbiii
BIBBBiii'sss
BBBiibbAAAeee
bbbeebbBBIIoo's
BBEEBBBBItttT
bbIIIbBItttttt'sss
bbeBBBBBBY
bbboBBBBByy'sss
biicccCCaCCcOEEE
BBBiiicccchhuuuriNNNEE
BOOOccccIIOnnaaa
bbocchhOOO
bboooCCCHe'SS
BooocHeSSS
bbbOCHHHIIMMM
bbboodHHuudddhAARRmmmA
bbbEdddHHiiddHHHiirrmmmEEE'ss
BBBuuDDDhhiiSSOOOTTVVe
BodHHOsssUUUTtvA'sss
BAAADlllEEEaaaan
BoodddooNNoo
buuDDDonI'SS
bbbOOddooonooSS
BBBIIIuHHmmUUtttA
BBUUoinnnggg
bbbOeeaNNGG'ss
BooAuuTOuu
bOEEEatIIUU'S
BBBiieeOtiiiEEEn
bbOeR
BBBOOOaar'sss
bbbaERss
BooeeeTTThIuuSS
BIIGAAArrrT
bOggooRRRTTT'sss
bboooggooorrr
bbUGOTá
BBBOggutá'SSS
BBeeeHeMiiiu
bbbOOHHHeeMMMooAANNN
bbeeHHHEEEMMMiAAN'sss
bbOHOMMMiieeeNNNuuusssM
BBBEhhhiiimmiaanSSS
bOOOHHOOl
BIIhhrrr
boooiiIrrrddoo
bbbooIIISIII
bOOOiiseee's
bbbOitoo
BAAAjjjaannGGlus
boooJJJEENNNGLLeeeS's
bbikkkHerrAAA
BBoool
BBOOOLeeYYnn
BBBOLEEEyyn'sss
bbOOllIInngBBRRokkO
BBBOlluuNNgggBrrrOOKKee's
bbOOOlEEVVaarrr
BBBOOLLLAAAvvvAAArr'ss
bbbaaaLLaaViaa
BoooLLIvvvoii'ss
booLiiivvviiiENNN
bbbOlliVVVEEEAAAnnn'S
baaLLLuuuvvviiinSS
BBOOLLllyywwweeeed
bbUUULLLLLLYwweeeoooD'S
BBBOllogggNNNAA
BBOOLLiigNOOO'SS
BBOOLUGGnAAnn
bbbUUlEEEggneSSEE
BBBIILLsHHHAVIIKK
BBOllShhiVIIKKK's
bbbUULLLsshhhooVIkkkiii
bbbAALssHHEEViKKs
BooLsshhIVVVAAAsssMM
BBBOOlllSSShEEVAASSStt
BBUUUlllsssHHHeaa
bbIIllshhoooaaa's
BBoolllTToNNN
booLLLTZZZMMunnnN
bbbOOlllZaannnU
BIIMMMArCC
BBBUMMMBAAAyy
BBaaMBBBaaayy'sss
bAAAnn
biiinnnA
BooNNoooiiRii
bbbOOONNNEEUURi'SSS
BONNaaappporrtooo
BBBUNivvaaNNTTTIrrra
BBBoonOVVEnnntttuRE
BBUUNNdd
bOONd'ss
bbonnnhhhAAirr
baNhEEEuuuffffer
BooNNHoooeeefffffoRRR'sss
BBBooniiifEECee
BBBOnnniittAA
BBBOOOnnnIITaaa'SSS
BBBoooNn
BBONNnnn's
BooNNNnnArd
BBOOnnnnaRRR
BBBOOnnNeeerr's
baaanNNEEEvvvILLLlllEE
bbiiiNNNnevIIlllliii'SS
bbbiiNnnnIIIe
BBeeeNNNnnOOAAA'sss
BBuuunnny
BBoNuu
BBeennno'sss
BBOokk
bbbooK'SS
bbOOOKKKeeR
BooouukkErrr'sss
bbUUaaLLLAA
BBuUUlI'SSS
BuuuOLLEEOON
BOOooNNNEEE
BoooOONNOOO'SSS
bboootthh
bbOOOoooTTThhhiiiIII
bbiiOTTTHHiiii'SSS
bbbAoTTTLLee
BBBoRRRDDDEEiEX
BARRRDDDeeeooUUx'S
bbbooRRRDDDeLLAAEEEsssiii
boooRRRden
bbbOOOrrrdddenn'SS
BoorDDErrss
bboorDDEEnn
BBBUUURRRdddOOONNN'SSS
BBARRaAAAL
BBBooRRRUUUosss
bbboooRRReeeaas'ss
bboorGG
bbaaRRRg'ss
BooorrGEEErrHHOOOuuTT
bbOOrggeeeSS
BOOrGGHHeeessEE
BBooorgggiA
baRRRgglEEEmm
BOOORRiiS
BBoRKKK
bbbeRkkk'sss
BBBORLLLOOOuGG
BUURRLLaaaug'S
BBBarrrNN
bbbOOOrrNNNIIan
bbOOrrrnnIIIaaaNNN'ss
bernneannns
bbboRnAAAO
bOOORNNeea'sss
bORRNHHHOlMM
bbbOOrrnnaaa
BBoorrroobUUUDUURR
bbberrroooBBuddUUUr's
BBBAAArrrOdiN
bbbORRRUDDIINeee
BBOORRReeeDDaaanOOO's
bOrrrRoooWWW
BBOrrrSSS
BBBiiirrrUUU
BBBArrrO's
bbAAASAAAnnqquuEETTT
bEEEssschhh
bOOOssu
bbOSSSNNiO
BBBOOsssNNEAA'S
bESSSNNNOAAANNN
booosssporuuuS
BBBesPoorrrOss'SS
baaaSSSSuuUTTT
BBBOOOssTTON
bbbIsssttONN's
BossTOONNiiiaann
bUUUSSSTTTooNNS
boSSweeLLLL
BEEEthaa
boTTThnooaa
BBBooTTThhwIlLLL
bbbAAAtttSSwuNNEEE
bbooTTTSWWWAANaa'SSS
BBBoottTTiicUULLlllOO
BBOOOtttrrrAAPP
bIIIttvvaNNNuukkk
BBOOUUCCHHIIIrrr
BBEEEoooCCCOOcccaaUULLTTT
BuuuuDOOOCCCaa
bEEEuuggiiIIINNNVEEEllLE
BBeuggAAAiiiNVaaaLLLLLLE'SSS
BBBooiiillaaaNNGGGEr
booULLLdddiiirrr
bUuulEEzz
bbbOOUlEzzz'S
BBBuuIIILLiigna
BBBauuulllTT
bbbOOOOORbbbAAkeee
BBIUUURRbAAKKI'S
bbaUUUrrbbbonnn
bbbooErrrBBBOOn'SSS
BBBooouuuRRRbbbIIINIIIsssMMM
BBOOUrrBBBOOnnnSSS
biiiooorGGaaaOOIS
BOUUUrrGGUUs
biUURRGGGOOOgggnnEE
bOOOERRggeGGGNe's
BBOOOUrrrgggUUUIBEEE
bbOuuuRnEmmmOuuTTTH
BBBEEuRRRssEE
BooIRSO'SSS
BBBovvAARY
buuuVeerrY'S
bbbOOWWDDDEEETTTCCCHHH
BoWWdddiiiTcccH'SSS
BBBAAWWEEEllL
bbbOwOlll'SSS
biiiWWEnnn
bbbaWeennn'S
BBuWWWIRRSSS
BoWWWArrYY
bbEEEWWuuRRyyy'SSS
bboooWWWIIIe
BBEEEwMMiiiNN
BiiwwmAAnn'sss
BoxEEEr
BOOOYYYDD
bAAyyIIR
bbUUUYIIIRR'SS
BBBOyllee
BBBaayNNE
bbbOyyyNooo'S
bbOOOZ
BBBozzzCCCuuuAAADDDAAA
BBEZUUUnnn
BAAAöTeeeSSS
bbbooöteeSSS'SSS
BRRR
bbRR'SS
bbrrAAbbbAAnt
BBrUcckkkNNNEEEllLL
brrAAdd
bbbRRUddd'ss
bbbrrruudBEEERRRy
bRRaadddIccKK
bbrrruudDDooCk'sss
bbrroodfffIIRDDD
BRRRADDDllleeY
BBBRRaaaDDLYY
bbrrADlly's
BrrrIIDssHHaaWW
bbbrrADsHaWW'S
bbbrUdddSSSTTTrrraEETT
bbbrOOdSSSTTRuuuATT'sss
bbRAAAdY
brAAGGAA
BBBRRRIgggg
BBBRRAGGG'SS
BRRUGGGii
brrraaaGiii'S
bbrrrAAAhhhEE
bbRohMMAAA
BBrrrooohhhMMMuu'S
BrrrooohhhMuuGGGuPPPTAAA
BrreeehhMMMAAAGupTTOOO'sss
bbbRRaaHHmiiiNN
brrrAAHmmAAAnn'sss
bbREhmmaNaa
bbbRRRiiiHHHMMANNaaa's
BBrrAhhhMMoonOOOE
bRRAHmOOnnniii
BrrooohMAnnIc
bbbrrAhhhMMAAnnnAACoL
bRRaaahmOnnniisssM
bbbRROOOHHmEENNNOSSmm'sss
BBRRAhhmmmANiiisMMMsss
bRRAAHHMMAAANIIsssTTT
bbbrrOHmmmuunSS
brAAAhhhMMMEEppUUtttrrraa
BBBrrrAhmmmAputttrrru'S
bbbrAHHmmmass
BRAhhmmAA
BBrEEHMMan
BBrruhhmmaaannn'ss
bbbrAAAHHmmmINNNICC
bbrAhhhMMMiinniCIIlll
bbbRRRaahMAAAnnIISSmm
BBRRRAhMMIINNIIIsMM'sss
bbbrrrAAHHmminnisssmss
bbrrrAhmIInSSS
BRRRaaHHMS
BBrrEHHMMsss'SSS
bbbRRaaahmsssAaaN
braaHHHuuuii
BBBrahhhuuuA's
bbbrrraoooLLu
BBBrrraiillA'SSS
bbbRuuIIIlllLii
bbRAAIILlee'sss
bbraaaUUUllLLIs
bbRRAAiNN
bbbRRREINNN'SSS
bbRaKPAnnn
bbrrEEmAAANTTTII
BrrAAMPPTTToooNN
BBrrAAAmmPtttoooNNN'sss
BBrAAANN
BBBRRooN'ss
BBBRANNcHH
BBBrraaancch'ss
bbRRREENCCCIISSI
bbbrrraaaNdddeeeSS
bRRUUnDOONNN
BrrruuuNNNdddIIIN'S
BBRRaNNNDaaanBuRRRggg
BBRoonndEEE
brrAAANDDiii's
bRRaaannDiiiEEE
BBBrrrunnnDDDiaa'S
bbRRRoooNNNdddUU
Brriiindddoonn
BBBrrrAAAnDDDooon'SSS
BRRiiinddtt
BBBRRiNDDYY
bbbrANNDyyy'SSS
bbRAAnnTTT
BROOnnt's
BBBrraNNNTTTfffOOrrddd
bRRRaaqqiiee
bbbRROOSILLL
BROssElll'sss
bRAAssIIIlleea
bbbRaasssUUUlllIIIAA'SSS
bbrrrAAASSoooV
BBRRuusssUUUvv'ss
BBRRRetAsLLAAAvEEE
BBRAAATTTiiiOnnn
BRRaaaTTTtaaaiiinnn'S
bbRRRAaaan
BBrrruuuINNNSSSchhwoooiiiG
BBrEEuunnnssccchwEuggg'SS
BBRRaaaY
BRoooY's
bRRIIZZZ
bbRRRezzzIILLL
BBRRiiZZuL's
bbbrrraaaZZOOOLeinn
BBBreeezzziiiLLLEEOONN'sss
bbbrrazziiiLOOOooNNSS
BBBrrrEEEzzzOOs
BrAAAzzzooS's
brrriZZZzAAVVIILLLllAA
bRaaazzzzaavaaalllleee'S
bRRaaAAAkkkSpeeeooor
bREEOOOKKSSpaaooR'S
BBrrrEeeeTTThAALyyyZZEErrr
BrUUUccchhT
BBRRRUCCHHtteeeInn
BBRRReCCKEEENNNriiiDDgggUUU
BBREEECCKeeeNRRRIIddGE'SSS
BBBRRREEEDDDaa
BBRRReggINNZZZ
BBrEmmmeennn
BRREEEmmmoooRhhaaaVVoNN
bbRaaaNdII
BRooonnDaa's
bbbrUNNNdAnnn
bbbrrrInddUUnnn'SSS
bbrrEEnnnnAANNN
breeeNNNNNAAnnn'SSS
BBRREnnnnneeeRRR
bbrrrUUUnnnNIIRRR'sss
BRRRenttt
BBrrEEEnnTTT'SS
bbbrOONNNtUUUn
bRRRAAAnntttOOON'S
bbRRooontWWWAAoodd
bbRRReeessccUa
bbRRREEsliiiu
BrUUUSSSLLAAUUU'SS
bbRRoosssT
bRRREEt
BBrrrUt's
BRRAAATTTAGNNEEE
bbbRRRooTTAAGnnEEE'SSS
bREEtHRuuuNNN
BBBRREETTOON
bbbreettOOONN'sss
bbRRReettaanSS
BrrEETTTtt
bbrreetttT'sss
BBraaaUUUErrr
bbbreuGGGHOl
brrrEEWWEER
bbrrrOwuuuRR'S
brrreeeWsttteeeRRR
BBRREyyeRRR
bbbRoYYErr's
BBBrreeZZHnneeVVV
bbREEEINNN
bbrIIIaannn'ss
bbbrruuiiiNEE
bbRiiiEEnaa'S
BBrIIIIInnddd
bbRRRiiioooNnnnaaa
bbbRRIIuuuNNA'SSS
BBBrrrIIIoorrrDDD
BBrrriaaaRRAAAaaSSS
bbbRRiiCCuuu
Brrriiicceee'S
bbriiiDDDoooLLvvvuuUUUl
BBrrADDAAlvveeeIL'sss
bbbrriiDee
BBBrIDee'ss
BrrrUUUdddgeee
bRRRadddGGGeePPPOOOrrrt
BBrIIIDDDgiipooorrT'S
bbrrIIIdddGOOrrr
BrrIIIddggger'S
BBBrrridGGGeeSSS
bbReddgaaTT
BBBrrreeeddggEtt's
BBrrriiiDGeeeTTewwwN
BrIIIDDDgggIItT
bbbrrIDDggeeeTTTT'S
brrUdddGeetttTTTE
BBBRRRuDDDGEEETTTtttAAA's
bbbrrOdddGMMaNNN
bbbrrrUUo
BBBrrOu'S
bbrrAAEEsss
bbbRAAgg
BBrruuGGAAADDDooeeenn
BBBrrIIGGGss
bbRRRAGGhhiMMM
BreggghAAAM'SS
bRRIIggghhhttt
BBBrrriiggHHHTTTOONN
BBBRRRiiigghTTTUN'S
BBRRiiigggOOddd
bbbrrIIIGuDD'ss
BBrIgIIITTT
BrrigggiTTT'sss
BrraggiiTttte
BBroooggOOOtttTTEE's
braaaLLLLooo
BBraaaNNNdddIISSSAAA
BBBrrriiiNKlloooYY
bbbrIInnKLLEEEY'SSS
bbbrrreeesBBInnnu
BBBrrrIIssbbbaNe'SSS
BBBRRESSTTUUUL
bbbrrIISStttOOll'sss
BrrIIT
BBrEEEtt'ss
BRiiiTaaiiiN
BBBRuuutttIIInnn'SSS
bbrrrItUUUNnnnIIOOO
BBrrraaatttinnnuuucc
brrraaatAANNICaaa
BBRRiTTTAANNNNiiiccciii's
BBBRRRaaTIIIccOOOSmmm
BBRIIITTIIccAAAsMM's
BBRiittteecccuuusssmSSS
BBBRiTTTIIsssH
BBrIITEEEssshh'SS
bbbrritIISSHHeeeRRR
brrittUSSSHArr'SS
briiTTTOSSheeeRSSS
BBBrrrAtttiiSSSHisssMM
bbbRRRIIITTTIIIssshIIISm'S
bbbRRUUUTTIIssshhhiiisMs
bbbRIIItttIIIsssHnnOSSSSS
bbbRReeetNNAAAYY
BBBRUTNNEEEyyy'sss
bbbrrreetttun
bRRuuttoooNN's
briitttiNS
bbbRITSSS
BBrrrOOOtttttt
brriTttt'SSS
BBrrruuutttAAANNOEEsss
BBrrrIIItttTiiinYYY
bbbrriittttANNNyyy'SS
briTTtttuuNN
BRRiiitttttnneYYY
BBBRROOtttTTTnnIIyyy's
brrnnnO
bbrrrOOOiiid
BREEAAADDsss
brrEUUUDDWWayyy
bbbRRREEEaddwwaaaY'sss
bbRRooeeedWAAAYYYss
bRRREEEbbDDDIInnngnagg
bbbROOObbbDDDIIInngNAAggg's
bbRRubDDDIInngggNNNAggIIIann
BBBrrrOOOccco
BBROOCk
bbbrriiiCCk's
BBBRRROOOCCkEEENNN
brrUUUCCCKKTTTANNN
bbrrreeCkkkTTOOnnn'SSS
BrrODskkkY
bbRRROddSKKyyy'S
bbbRRoGlliiA
BRRoKKKAAAww
bbbRRRuKKKoww'S
bbbRRRUUUMMbbuuuRg
BBBrooMlaayy
bbrrrAAAnnnSSSOON
BBrronnnSSSaaaNNN'S
BBRRooNtee
brrAnnnXXX
bbRRREEENNXX'S
BroooOOOKEEE
bbREEOOOkkklynn
BBrrrOOOAKLLLYYYnn'ss
bbbRReakkLLyynnnUSSSU
bRROOOoookkkSSS
BBBROS
BBBrrriWNN
bbbrrrOOWnooo
bbrOOWWnnneeeONN
bbbrrUUwnnnOOOAnnn'sss
bRRoWNEEEe
BBBrrrOwwwnnniiaas
BBRRowwnnnuuuNNGG
bbrruWWWnnnSSHHHuuuRRRT
BBBrooowNssvIIlLLAA
bbbROz
brruuuBOOCK
BBBrrricEE
BBBrruucuu'SS
BBRRuucHHH
BBrrrucccKNNNIR
BRUEEEgEElll
bRRRUUUEggHeeeL
brEEgggiisss
BBRRuuuGGeS'SS
BBBrrUUUGGgggII
BRRRuuuMMAereee
bbbruuMMAAAIrrEE'ss
BrrUUUMMMMELLL
bbrrEEEMMMmmmeeeLLL's
bbbRRRuuummmMMELLLLL
bRRuuuNNdddIIIsiiUUUMM
bbrruuuNuI
bbrUUneeeIII'ss
bbRUNNaaoooANNN
BBBRRanEEIIIann's
bbruunIiaaaNsss
BruuuNNNell
BBBrrroNNNuuulllleesCHHiii
BBRReeNNNHiiLLD
BRUUnhhhiilDDD'S
BBriinHooolllDDDU
BRRAAnnhhiiLLdeee'ss
bRRiNNuuu
bbbrruunnSSSwaccKKK
bbrUUNSWWWIIICCK'SSS
BBBRRUUSSa
BRRUUsSSeeLsss
BBrrosssiilllss's
brrruuuTT
brrOOtt'SSS
bRRUUUtttUUUSS
bRuuTTTUUUsss'SSS
BBrIxxeellLLeeesss
bbRyyyuN
BBRRyAAAnnssK
BBBrrryyyOOOnT
bbRRYYcccaa
bbRyccca'S
BRRyyynnnHUUUlllD
BBBrrYYnHHiLLD'SS
BBBRRRyynnNNEErrr
brryNNNNerrr'ss
bbbrrryyyOONN
BBrrYYYoooNN'ss
bbbryytthhOOnn
BRRRYYTHHuuNIccc
bbbrrYYttthaanIICCC'S
BBrrzziZZiiinnnskkO
bbrrZZEEzzziinnSSSkkkII'SSS
BrrrüNNNnnhelDDDIII
bbbrrüNNNNhiilldddee'SSS
bbT
bbTa
bbttI'S
BBeeeBBBEER
bbbuuccARAmmaannnggiii
BiiiccEEPPhoooLIIsss
beeecchhAnnn
BBBOcchiiinnuunn
bUcchhhaaaNEEn'S
BBBuCCCHHHAARIIIssttt
BBBuCCCHHHorrruuusTTT'SSS
BUUCCCHennWWEEllld
bbbuuuchhMAnnooSSmm
buucHNNAr
BBBEEECCHHWElldd
bbbOOCCChhWWWAAALLDDD'S
BBBaccck
bbOOCKKKonGGGhhhAAm
BuuuCCkIIInnnGGGHAmSSShIIIrruu
BuuucccKKKLIIyyy
BBBuuCCCKKKLeYYY'SS
bbAAccckNEEErrr
BBUUCKKKnneeR'sss
BBBuuucccoVeNaa
bUDD
bUd'ss
buDDDaPPPASTT
bbbooduuuPPeeeSSSttt'SSS
BUUddddHHA
bbbuddDDHHEEE'SSS
BBBuuDDdddHHiiis
BBBeeeDDDddHHEEEsssmmm
BBBAAAddDDHHHiiSM'SS
buuDDDDDDhhhOOOssMSS
BUUddddhhhiisssttt
buuuDDDDHHHeeesssT'sss
BBBuuddDhhISTTTss
BUUUdddhhoLLOOOgggYY
bbbuuddddY
BADDDDyy's
bOOOdddgu
bbbUUUDgOOOtt
bbUdWWeeIIs
bbuuuDDwwUiSSSErrr
bbedWiiiIIISeeRR'S
bbuuennaVVennTTEErruu
bbbuFFFffAloo
bbAAAFffAAlloo'ss
BuuuffaTT
bbbUUfFFON
beFFyyy
baaaffyy'SS
bbUUFFuurrrDDD
bbUFFFORD'ss
BBOggg
BBBEEEGGiTtttii
BBEEGGaaTTTTTii'SSS
bbUgzzzUllLAA
BBBuGGzILllloo'SS
BBoIIIccckkk
BBeeeicck's
BBOOOteeNzoorrrggg
BBBuuujjjumBBUUrrEEE
BBuuujjuummmbbbuuRReee'SSS
BBBookkkIVuu
bbUUkkkhAAArrrIII
BBaKKKHHHorrrooNN
bbbukOvvvinnnA
bbbUUULL
bbbUULLLIWWoyoo
BBBUUUlllffoonnnCHHH
BBaLGGG
bUULgaaannnInnn
booolllGGGaaR
BUlllgArre
BUUUlllGERo'S
bUUUlGGGAArIIIAA
BUUlGAAARiiiEEE'SS
bALLggEreeannn
bbiLgggaarrraaaNNN's
BUULgaarrOOOanS
bALLLggee
bOOOLlll
BBUUULlllAAccckkk
BiiiLLLLLAccKKK'SSS
BBBeeeLLLLPIPP
bbbELLlllWWiiiNNNkkkLLLee
bbuullWWWiNNNKKKlEEE'sss
BBuLLttmmmAAnnnN
bbbulllttMMuunNNN'SS
beeempppPPE
BBBeemmPPPPPOOO'ss
BAAna
BBuunna's
BBBONNaaaSSS
BBunnCCHa
bbbAnddd
BBuuuNNDUlKKKhhhAAANNNddd
bbIIInnnDAAsssBaaNKK
BBuuunnndOOSSbUnKKK'ss
bbunnndEsRRutt
bbbuunnnDDeSSTTOOgg
BUnDttt
BBBuuuNNiiNN
bbUUNNNKKuuuR
BIIINNNkkeeerr'SSS
BOnnnSSeeeN
bIIINNYYaNN
bbbannyyyuNNN'sss
bUUUOOONNNaaapAAArrtttaa
BBUUUOONAAARRRRittti
bbuuuRRR
bbUURRRbbbOgee
BeeeRRbbbaaaNNk
BBBURRBBErrrIIIuuus
BBAArbErrrRRYYY
buurrrBEEErrRyyy'ss
bbbOOORRRCChh
bURRRChh'SSS
bbiiRgggiisss
BeeRRGeennnllAAAnDDD
bbbaaaRGGGeeeRRR
bURGERRR'S
BBARggeeeSS
bbbArgggHHHLIIIYY
booorrrggosss
bburrrgggooos'sss
bbbUUrrrGiiYnee
bbUUURRRgeeyynnee'SS
burrggIIINNNDiian
bUUUrrggunnnDDOeeSSS
BBBuuurrrGGGuuuNNNddyy
buRRRgeeeNNdddYY'sss
BUUURKee
buurrrkksss
bbbEEERll
bbbUUrLLL'SS
BaaarrrLLLeUgggHHH
BBUURloYYY
BBBAArrLLLiinnnggtUUUnn
BBBAAARRlinngttOONN'SS
bbbEERRRmmma
bbUURRMMMa'S
BuuRRRMMeeN
BBuuuRRRmmmEEESSUUU
BBBuurrMMOOOSSSE'S
BuurrnAAbbbYY
bbbuuurrrnnAABBBY'SSS
BuRRRneT
BBBORnnITTTttt
BBBuuuRNNNOOOYY
BBBurrnnllUy
BBiirrrnnnSSS
bUURNNNSSSiiUUUnnn
bUUrrNNNSaaDDeee
BBorrrr
bbaaaRRRRRis
bUUUrrrUsss'S
bbOORRRrrrEEEuGGGHHs
BBURRsssaaa
bbERRsssccHHHENNscccHHaafffT
bbbURRtt
bUUUrrrttt'SSS
BurrTTIInnn
bUUUrrTTTooon's
BBBuuuruuunnnddIII
bbUUrruuuNNDDDi'ss
bbuuRRRUUnddEEEEn
BBOORRRUnnnDDeeANN's
BBuRRRUNNdiiiaaaNNSS
bUrrrUUsssHeesskkO
bURyyAt
BBBUUUsChhh
bbbuuuSSCCCHHH'ss
bbUUUSHH
bbusssHHH'sss
BiSHOOODo
BBBUUUsshhhiirEE
BUUsshmmmOnnn
bbaShMMOnn's
BBuushhhMMMUUUnn
bbboooshnnElllll
bbbuuussshhhNNNAllLLL'SS
bbUsssOOOniii
BusssREEE
BuuTTTEEE
BBuuuTTLLLer
BeeetttttE
bbuTTtttEE'SS
bbuuTTTuurrrfiiiNgAAArrss
bOOtttteeerfffuuNgguurrss's
baXXtteeehhuuuDo
bbboooñuuuEll
bbbUUñooEEll'SSS
bbbYYYBBBLLOOsss
bbyyyBBLEEES'SS
BByyydddgIIISSSZCz
bYIILLLAAARUUUss
bbbyyEELLLUUUrrrooos's
bbbyyyAAALLOrreSsssAAAA
bbbYYELOrruuuSSsOOOA'ss
BBYYelllooorruussiaaN
byeeeLLORuSSSSIIAN'ss
BBByEElORaaassSIIeeennsss
BBByyeeellloosstOOKKK
bbYYEErss
BByyIIIrsss'sss
BBYYnggg
bbbyrrrdd
bbYrrrOOOnn
BBBYrrroonnnUUCCC
bbyyytttOmmm
byZZ
bbYYYzzaNNNTIInnneee
BBByzaannnttiiNNee'SS
bbYZoonnnttuuunnnEEES
bbyzzaNNNTTTUNismm
bbYZaaannttIIINooosssmm's
bbbyyzzOOnnntooouuumm
BBYYYzAANNteeeUUUmmm's
CCC
ccc'ss
Cidd'SSS
caTT'ss
CCCbbbcc'SS
cdd'S
CCuuuUUU'SS
Cffcc'S
cceeeaaa'SSS
CnnnSSS'S
cO'SS
CCUbbUUUL'sss
CCCPPPII's
CppEE'S
CCPr'S
CpU'ss
CCCrrrTT'ss
CCCSSSttt's
cct'SSS
cAA
CAA'S
CCAAaabbEEE
cUUbiilaaa
cAbaaaNaatttuuann
CAAABBbeLUU
ccAABBBiiirrNATTT
CCiiiBBBeeeRRRnnneeTT'sss
cccAAAbbeerNNNettsss
cccAABBINNdaa
cccABBBIIINNETTT
ccaaboooTTT
CCAbbrrOOOll
cciiBBBRRERAA
cccAAAbRoRA's
CaaabbbRiiNNNaa
CCACCEEsss
CCAADDDDDOOAANNN
ccaaaDddooouuNNN'ss
cccuudOOO
ccaDDeTTTEE
CCCAdddUULLLAccc
ccAAAddIIzz
CCCeedddizz'S
CaadddMMMUUUSS
Caiidmmmuuunn
CCaEddMOOnnn'SS
ccIIIELUaannn
CCCEEEeelEEM
cccEEUUNNN
CCAAaaaRLLLion
CCCAAEEERnnnEEERRRvoooNN
cuuUUURRNORRRviinnn'SSS
CCOOUUURRnirVVVEEENNSherrrEE
ccciieRRpppHHOOOlllYY
CCiiiUUUSSSaarr
ccaaaesssar'SSS
cAAAAsseerreeeUU
caaeessaaaRRRaaaeN
caEEEsssiirUUUaN
cccAUUsssaarrraasm
ccEEEEssaarrisssmmm's
CCeeeOSSaREESSSmmmSSS
cciiiEEEsaRRSS
cUUUgEEE
cIIIgggllliiORRRii
caGGLLLiioSStrrIII
ccaaGGNNAAyyy
caaGNNoYY's
cegggiiaass
CCAggUUUoSS'SS
CCoooHHHEEKIIIaa
cccaaHHHookkkII'ss
cccOOiAAPhhEEEsss
CCCOUn
cUUUiiiNNN'SS
cccuIInnooo
cAAAiiNNNu'SS
ccAAAENOOzzouC
CCCAAooNNS
CCoiiirrrddd
CCUUUiiiRRReNIII
CCCUUUIIRnS
CCCaaIIIRooo
cccOIIIRROOO'SS
cceaaTThhhnEEESSSS
cEiittllleennn
ciiuuutLLIIn'S
CaaaiUUSS
ccaJAANN
ccuJJuuunn
ccaaJJUNN'sss
caaajunnnS
Caaall
CCCaaallAAbOOOrrr
CCCaaaLAABrrrOOOeee
cccaaaLLEEEBRIIIA's
cccaaaLLLaabRRRiiUUUNNN
cccuLLLuuIsss
cALLCHASS
ccAAlllccciTTTtta
CCAlllcccUUUTTtttaa'ss
callcccuuuttTTTiiinn
cccUUlDeR
CCElDDDEERREENNN
CCEEllDErroNN'SSS
cAlldddWIIll
cceelleebbb
cccaLLLooBB's
CCCaaalEEEDOOnniiia
CCUloooDDOONNAAAaann
CCAAAlllggURRRYYY
CCaaLgaarry'ss
calhoaaaNN
CAAli
CAAALIIBBuuNN
ccaallIIIccet
cccAllEFFF
CCCOOLAffOrrNNIOO
CAAlIIfffOOORNNNUUa'SS
CCuuLLLIIFFFoRRRnnnaaaAAANN
CAALaaaFFFOORRRNNIIaan'SS
CeeeLLiFFFErrrNooAnnns
CCCALiggUUlllaaa
CaLllAGGHAAANNN
CAlllLuuhaNNN
CCCaallllllUUHHUUnn'ss
CCCALLLllloooooo
CoooLLEEESS
ccciiilLIIIccruuTTTIIISS
cccAAllAAAeee
culllLeee'S
cALLLLOOmAAACChUsss
cccoooLLlOOOOppE
cccIILLlllOOOooppE'sss
cccaLLLiSSSTO
CAAALLLiSSTTTOO'S
cceelllaaOOOCCCeeeNN
ccAlllUooCCCANN'ss
cALLLPPI
CCCaaaLLpe'SSS
CCCELLLTTTeeNuussssseeTTTtaaa
CCCAAlVAAADDDOOOss
ccaalllVVVAAAdddEEESS'SS
CCCaaallvvvOdAASOOOSS
cccuuulVVEEryy
COLVaaRy's
ccaaalvvvEEErrt
ccaaaLLLVVVIIINNN
cccuulVVVaaannn'sss
ccaaaLVIIINNIIIssmm
CCAAlllVVIIInnIIISMM'SSS
ccOlVIInnIIISms
ccAAlllvvvOnnnissTT
CCCaaaLLLvIIINiiist'S
cccooolvvOOONNuSTIICCC
CCuulVIIINessttteeeCCaalll
ccAlVONNNiiSSttS
cIIIlYPPPSSSUUU
ccaalyypppSSEENNIIAAAn
cIIIM
CaaamaaCHOO
CCaaMMMaaccchII'SS
CAmAAggguuuEEEYYY
cciimaagggUUOyy's
cAMMBBB
CCCeemmbbbODDiiiOO
CCammmBUUUDDDeeaa'ss
cccAAAMMMbbAdOAAN
cccuummmBBooDDaaAANN'SS
ceemmmBOOdduuuNNS
CCIImmbrAAAiii
ccUmmmbbRIIIAA
CaaMMMbbbRuuaaNN
CCiiMMMbbbrrriIIINNN'ss
CAAmmBRiiiAAAnnSS
CCCAAmmmbbrroDDgE
CCCaaMMBBBrrrOOODDge'S
CCaMMBBBRRRidgggeSHHiirrooo
ccuumBByysseeSS
ceemdddOn
CCCAAmmDDeeenn'SSS
CCeMMEll
caammEEEll'ss
CCCAAmmEELLLOOPPURdddaliiSSS
ccAAMeeeLLEPoRRRdUUUSS
CCCIIIMMMELLooTTT
CEEEmOOOlllATTT'SS
cccammEEElllaTTSS
ccamEmmmBiirtt
CCImmmEMBeeerTT'SSS
comeemBeRRRTTTSSS
cccAAAmEEENauuu
cccAmmmErrrenn
CCCEmmeeROOONN'SSS
cEEEmmmEEERRoOOON
ciimmmEERoooOOOnn'sss
cammerooAAANIaaNNN
CCCiiMMMeeeRRoooniann'SSS
CCCAAmIRRaaaOOONNNeaannS
cccAAmmmerrrooooooNSS
ccAAAmEEErrAUUUNN
ccAAAmEERROOOUUnn's
CCuumiiGGGUUUUUN
CCeeemmiiiGuuuiiinn'SS
CAmmIIlllLLAAA
cIIImiiLliii'SSS
ccAMMMOOOllLLLII
ccammiiLLLllee'S
CCCaMMMaaeeennS
CooommmEEEEnnSS'ss
CCaMMMIIIooos
CCimOOEESS'SSS
cccaaaMMMOOORRRRiii
cccUmorRa'S
ccammmPAGGGnnE
CCaaaMppAANNNElllEEE
ccceMMMPanneeellLLA'SS
cccAMMMpppIIInniUU
cccAMpUUUNNNiiuuu'ss
CCCaMMMPPbbbUULLL
CammmpppBeeLLlleeete
ccAAmmPECCHIII
CAAAmmpppfuurOOO
CCEEEMpppFFiiirrEE'ss
ccuuuMMPIINNNAAS
CAAMMMppAAAoooNNN
CCCaamppOOOBUUllLLO
CaMMMpppOss
cccUUmRRYY
cuMMRYYY'S
CCCiiimmuuuSS
cccOOn
CCCAnii
CCCuuNNAAAeeNNN
ccAnaaaNNN'sss
cONNaOOONiiitee
CCCANNAAnnIITTEEE's
ccaaaNUUoNNAtttiiiSS
CIInnnaadd
cANNIIdA
Cuunuuda's
cccUNoooDDDiaannn
ccinOOddiAn'sss
CCCaanneddeeeEEEnIsMMM
CCCaNNNaadIIAANNNss
ccAnOLLeeeTTTTO
ccAANNNARRRO
ccAAANNNeeeRRRESIII
cAAANNNIreess
CiiinnnIIrrroeeesss'sss
CCAnnneeerrYYY
caannnuuRYYY'sss
cuuuNNIIIvUUURRol
CANNNBuuuRraaa
CEEEnbarRRRooo'SSS
CCOONCCCeerr
caaaNcaaRR'SS
cccAAnnnccerSS
CCCuuunnCuN
ccciNccunnn'SSS
CCAnddaCCCOOO
CanddIICCe'ss
cccaaaNdoooIII
CCANdaaccco
ccUUUndIccuuu'sss
cccAnDDIDDeee
CCIIINNDDDiiiddA's
COOOnnDiiiiTTT
CCuuuNNDDllleeMMoos
cccIInndLLLemmaaSSS'S
CCCaNNNDDlleMMaSSEEEss
ccAAnDDyy
CCCAAAnnddY's
CCCAAANNIIIII
ccaannaCCuuLA
cccooonnACCUUUllle'SS
ccAAnnnnnnAEEE
CCAAAnnnNAAAIII'sss
CaNnnnees
ccUUNNNooSS'SSS
cAAAnnnUNNGG
CCaannNaannn
CCEEnnnOOnnn'SS
ccIIINNooonn
CCeeennunnn's
ccaaNoooppUUss
CuuNoossssAA
cccAANNNEEvvAAA
caaannsoo
CCCUUnntt
cccEENNTaaBBBrrUgoAAAnnn
CAAANtABBRRRUgiiANN'SSS
CCaNttIIIbrriiGiiiUUns
ccaNTuL
cAAANNNtEEErrBuuurrrYYY
ccaaNNTTiiClliS
caaNtticccLLLEsss'S
CCCAAnnnTTTooonnn
CINTTiinn'S
CCCOnTTooNNAAso
ccoNTTaaNNEEESee'SS
CCUUUNTTTooR
CaaannnTEERR'SS
CCaanTrELLLL
ccannntttROOOlllLLL'S
CCCIIINNTii
ccceeeNTTTeee'SS
CCAnnoccKKK
CCCOnnnUUUcckkk'S
CCaaNNUUUCkkkSS
ccciNNNiiittE
CCCAAApppobLAAnCCCaa
CCCapUUUKK
cccUPEk'ss
cccuPPPaaallLLLIII
cccaaapEELLLa'ss
ccaaPPPeRRRnnaiiM
ccciiippEEtt
ccApetiiaaann
cccaaapeeeTTOOOWWnn
CCCAAppIItttOOWWWnn'S
CCAAPPPhh
CCaappphh'sss
CCoopIIssstttrrrUUnnI
cccAAAPIssTTRRaannnoo's
ccAAPPPootttoooL
cccapppiiitttiLL'SS
cEEppiiiTToliiNNE
CCaaapIIItEElllss
CaPPIInEE
CCEPPORRREETTTtOOO
CCAAPoooReeetttTEE'SS
CCCAAppoTU
cUUPpAAADDDIIccciiia
ceePPiiDocoannn
CCaapppRaaa
CAAPPPRUU's
CCappprrrII
CCCaaaprOOO'sss
ccApRRRIICCerrNN
cccaPPPRRRaaaCCoorrNNN's
ccaPRRRiiiCCCooorrrnniiiSSS
CCCapprrrICCCorrNNNAAAs'SS
CCaaPRRRiCCUURRnnnS
CCAAApppRIIsss
cccEppT
CAPTiINN
cippttoooEEEn'SSS
ccuuuppUUAAA
CCuuppUUUChIIInn
ccAAAPPUUlAT
cUUUpulleTT'SSS
cccaaRRAAA
cccaaarrrA'SS
ccurAAccaaaLLLLLU
CCAARaacAAAS
cccArrracccAS'sss
cccOOORRRAAAvAAAGGGGGiiiEEE
cccAAArbbbOlloY
CaaRRRboolUUUy'SSS
CCCaaaRRbbbOOOnaaRaa
cuuRBBONNNAAffeerrOOOuS
CaaaRRBBooNiiifffeeeRooouuss'SSS
cccoRRRbbbaRRROOnDDDUUM
CCaaarrrCCCeeeSSSSOOnnnnnnee
cerrrChUUUMMiishhh
cOORD
CAAArddeeNAss
CCCuuuRRRdOOOnnnUUSSS'SSS
CiiirrrDDEEEFFFfff
CAAArdiffff's
cccUUURDiiiGGGAAAnn
CARDDiiggIIINN'ss
ccaarrddiigAAAnnS
CaaaRRRDeeegggaaNNShhhORRee
CCAAArrdiiiNN
CiiRddIIINN'ss
ciiRDaazzo
carrdddeZoo's
ccaarrdddUUUcccccca
CAAReeeWWW
CCCIrrroooYY
COOORRREEa
ciiirriiiBBB
cccaarrrUBB's
CCaaaRiiBBBANN
CCCAARRiiBbbboooaaaNNN
CAAArUBBBAAaaNN'ss
cccaRiBBBBBBAAAaaaNNNs
cccoooRIIBBBS
CCaaarIINNaaa
CaaRRREEnnntttHHHIaa
CCaaaRRRIISSSSSa
cuuRoooSsaa'SS
CCerLLL
cccARRLL's
caaaRRRlllE
ccIRRllEE'sss
cAAArlllennnee
CCaaarrrlennUUU'sss
CCaarrrLLLUTIn
caaaRRllEETUUN'ss
CCCIRRLLInn
CCorrllIInnn'ss
CCaaaRllliiiSSSLAA
CEErrrliistt
CAArrrLLLOO
ccaarrrLLLOOO'SS
CCaaarrrllosss
caaaRRRlattOO
cccuuuRRlOOOTTAA
ccIIrlloottaaa'ss
ccAArLLUUUviNggiANNN
CCaaRRRloWW
cccAAARLSSBaadd
cccAARRlllSSOOnnn
cIRRlsoNNN's
cccAARRLLtttooon
COrrLLLYY
ccaaRRRLLLyyy's
ccAARLyllEEE
CCUUrrMaRRRTTThUNNN
CaaRRmmEEERRRTTTHeNNNsssHHeeeRREE
ccaaarrrMMeeel
CCCIrrMMEELLAAA
ccArrMMMELLi'sss
ccaaRmmEEElliiTTToo
CIIIrrMEElaTU'SSS
cEEERMMEELLiTTTEs
ccuuurrrMMMiilllLLII
cccarMMElLeee's
CiiRRMMeeeLoo
cccUrrrMMEEElllOOO'ss
cccIRRmmmeeennn
CCCIRRRMMEnn'sss
CCeRRRMMMEEchhhoooeeeLLL
CCCiirMMIIICCCHaaIIIL'SS
cccooRRRmmmIINAAA
cIrrrmmmOOONNooo'SS
ccUURnnap
ccaaarnnArrrvvAAANNN
cccAARRNNNeTEECCC
CCCArrNNOttOOoooN
cUUURRNNNaTIOOn'sss
cceeRRNNNAAA
CaRRRnEE's
CCCAAArNNNEEGGGOOOE
ccuuRNEEEggguuee'ss
CCUrrrNeyyy
CARRRNNAAyy'S
carnnneeeaaallluuu
cccaarnnOTTT
CCoorrOlll
CCuruLLL'S
ccaREllAAA
CCAArrAAALI'SSS
ccceeRRElllIIInee
cccAARuLLAAAnnaaSSS
CCaroooLLLoNNNeee
CaaaRRReLINNNgiiiaN
CaarEEliinnnIiinn
CCaaRULUNNNiiiuuNNN'S
CaROOOlllIIINNiiiennnS
carOllYN
ccaaaRRReelYYYnn'SS
ccuurpppAAAtHHHiiAAANN
caaarPPAThhhaaaAN'sss
CeerrrPPPaattHHHIIIaaaNNNSSS
CCCaaRRRpppeeeNTTiRRiiAA
CAAARpppIIInnnTTOOr
CArrr
CCCaaarrrrr'sss
cccIIIrrraaaCCCciii
CCCARRRRRRiiCccce'SSS
CCCAAARRaaNNzzza
CiiiRRRruuNNNZZZaa'sss
CIIrrraarrA
ccuuuRReel
CCuurREEEROOOS
cccEERRRrrurrrOOOSSS'ss
cErRRRIIICCCkkkffAAARRRgooosss
CooRRECCCKFFeeRRRGGGUs's
ccAArrrRiieee
cccAAARRRriieee'ss
CArrrRRRieeerr
CarrrrIIeeerrr'sss
CCaaRRrrrIllllloo
caRRRrrreeLLLLLO'SSS
CCCaaarrrrULLLLL
ccEErRRROllL'sss
CaaaRRRSSOn
ceeeRRRsstInnnsssZZ
CCARttOOgggUNAA
cccarTIIIgggIIInnnAA's
CCCAAARRttEEE
CCaarrrtttEER
CCuuRRTIIRR'S
ccceRTirrrET
cccAArtEEEsssIAn
CCAArrttessIIIAAANNesssm
ccARttthhhAgggO
cccEERTThAGGee'ss
ccIIIRRRthhiGInnOOaaannn
CCaarrrtttHaGIInnnIIaaannn'sss
cccARThAAguuNNNIInnS
CAArrrttthhhissaaaaaaNNN
CaarrtIOOR
CCaaarrtWriiGGGhhhttt
ccAArUUSSSee
Caarrvvvorr
caaaRRy
cccaaRyyylll
CCCaRRRyll'SSS
cAsAAAbLLancccaaa
CoSEEEbLLLAAncccAA'sss
CASEEElSS
CCiseNNNdRRRaaa
ccUUUsAAnnDDRuuu's
CEsssANNOOvvUU
CAAASSSaannnOOVVVUU'sss
CAASSuuNuuuVVVUUsss
CCCaaassAUUUbbEEENN
CCusscAADDus
CCaasCCaaadddes'sss
CAASSSEEE
cUUUssoo'SS
CCCaaaSSSIImEENNNtt
CCAAASEyyy
CCCooSSay'ss
CAAAsHHH
cccUsssHHmmmErre
cAAshhhmoorOO'SS
cccaaaSOOee
cccAASSSIIUU'ss
ccUSSllloooN
cAAASSPUUUrrr
coSSSPPPeerrr
CCCaaasppeeRR'SS
casspiiiAAN
cOSSssAAANNNddRRRooo
ccAASSsaNNNdRRII'sss
CCCAAsssssINDDDrAS
COOsssSSaatTTT
CCAsssSSSEEElll
ccUSSsiaaa
CCCaaaSSSsIIO'S
cUUSsIINOO
CCaaaSsiiioddOrroSS
CaaSSSSSiipeeeaaaa
ccAAASSSSSeoopUOOAA's
cccaassSSSiiirArrr
ceeSSSSSSiUS
cccASsssiiiuuus'ss
CCCASSStttaaLLLIAA
cEEESSttaNeeeDaa
CCAAAstttannnEddAAA'sss
cccaaasssTEgggLIIAAANNee
CAAASSTiLLLE
cccAAASTTILE'SS
CaaaSSTiiLLIIAn
CCCaaSSSTTuuLllA
CCasssTTTiiLlllOO'SSS
cccUUsTTTIIlLLOO
ccAsTTTEELLlliii'ss
CCCAAssTTlEREEAAGGh
cccEEESStttooorr
ccaaSSTTTAAAr'sss
cccaastttRIEEss
cUUUssstrrraaESS's
CCoooSSttrrrE
CuttaaLLLaan
CAATTTiiiLLLeennn'SS
cAAtttOOlAnns
cATAALiiinnnAA
CCaatAAlAAANNA'ss
CAttAAlONNNAAAA
CATTALLOniiia'sss
CCCataaalllooNIIIAAn
CCCIITTaaNDDuuueNNEEEs
ccUUttAANNNddduuANNUUUSS'SS
ciiTTaannnIIiii
cccAAAttanzAAARe
CeeTOOOWWBOO
cccUUUTTTaWWWBBaa'S
CCeeTTTUUWWBBISSS
cccatErPPPIIllLLLEER
ccaaTTTERpppULLLLLLaarr'SSS
CATThhh
ccceTThUrrr
ccUtHARiNNaa
CCCOOOthhaRRINNNe'ss
CCCAAAttthOOyy
CCCIItHHHaYY's
CCCAAAtttHHHEErr
cATHoRIInnEEE
CaaatHIrrrENeee'sss
ccAATTHHHAEEE
CCAAttHiiu'S
cccaaaTTTHHHlOOOuuNNN
cccatHHllEEEN'sss
catthOlIIc
CCCoTTHHHULIICCC'S
CCaaTThhhIIIlleeecIISM
CaaaTHOOLLaaacccIsMM'SSS
ccITThooLIICCiiissmmSS
CCAthhoLLoocccEEtttiiiaas
cccOthhOLoCeeeTyyy
CCEEtttHHOOOLLLICIttyy'S
CCCaaaThIlllecss
CCAAAttthhRRYNN
CCAAATTTHRYn'SSS
CCathhhyyy
CCAATTTHHHyy'ss
cccIIItullennnE
CaaaTTU
CCCaaatSSkILLl
cccAAATTTssskillll's
ccuuuTTsskoolllLSS
CCiiTTSSKKIIILLLllS'S
cUUtTT
CaTTteeGGGAAT
caatttIILLlllUUsss
CCiUUUCCaaa
cccaaaOOOCoooSSIIIU
CCAUUCCOseeAAA'sss
caaUCCAAAssIAAN
caaauuCCASiiiaN'SSS
cccaauucccuuuSSianS
ccaaauuCCCUssiiIIddd
ccIuuCCCESSSUsss
ccAAuuCCOOOsssusss's
CaauuCCChYYY
cccaaIvvveRRRY
CCAvv
cccAAVVVOOFyy
CIIVVVaaLLaaOORRR
cOvvAAllliier's
cccAAVVVUUULLiErrSSS
CCaaavuuuNNN
ccIIIvvveelll
CCEEEvvvEEENNDISSHHH
CCCIIIvvviiTTee
caaavviUrr
CCCAAAWWWnnpppORRAA
CCOOXXXtttOONN
cccAYEnnnoo
cAAYYYes
CCCAyyymAAANN
CaayMMANN'S
caayyuGGaa
CCCAyyyOOOgggA'sss
CCCAAAYigaS
CCooYYEEsA
CCCb
CCDD
CDDD's
CDDr
CCAA
cA'SS
ccEEOOUUUSSSESCCCo
CEEaausaaasCCCE'sss
ccEEEBBEEE
COOObbAAA'SSS
CCEEbbbEEEaaaNNAAA
CCCUUUBBBUUIIINOOO'sss
CCCebUUSS
CCeeecccOlluuA
CCEEEccceeLUe'S
CeeecOOOLL
CEEECIlEE
ccEcEEELLLE'SS
ccuciiilAAAAA
coooccIIlllYYY
CCCeCCUUUllY'SSS
cecccRRoPPSSS
Ceeedrrriccc
CCCUdrrrAAC'S
CCCOLLLaaEEEnnO
CEELLaaaNNAAASeee
ceeLLeBBBEESSS
CCCEEEllEBIss'SSS
ccceeeLEEESStOO
CCCiilIIIsTTTa'ss
cceelUUUA
CCCeeellliEEE'S
CCCEllinnu
cUUlllInnniii'SS
cceeeLLLLLiinii
ccElLLuLLeeiiidd
CCELLLssIuSSS
CCCeeelltt
CCeeLLLT'S
CCOOOLLTICC
CCCuuLLLTTiccc's
coLLLtiiciisMMM
CCELtttiiCuuStt
CCuuulltICCCsss
CEELLtttss
CCCaaaniS
cOOONNooZZaiic
CCCEEnnnaaazzOOOeeec'sss
CCEnnntOOOUUURRRUsss
CCCaNNTTTaOOOrrrUUUSS'ss
ccceeNTiiiGrrrOODUU
CCeeeNNttRaaaLL
cEEENtrrrIIlIIa
cccEEPPPhhAAALLooNNIIAAA
CCCOpppHHHUiiDD
CCEEEPHHOOIs
CEEPPHHeeeess'SSS
CIIIRRaaaM
CUrBBBEEERRRUs
CCCUUUrrrBBeRROOOS'SS
CCeeeRenKKKoVVV
CCCEEERREESSS
CCCErreSS'ss
CCarrrff
CCuurrrFF'ss
CCCEEERRvAANttOOSSS
CCeeerrrvvvENteeS'sss
ccEEErrrvvUUNNN
ccceSSIIIrrr
cccIIIsArr'SSS
ceeeSSaRRRuuuaaaNN
CosssAAARRIIIannn
CCASSSaNa
CESSSNU
CCEESsssNuuu'SSS
CCEEEtiiiNNjjjAAA
COOto
CEEtAAAS
ccEEEuuuTAAA
cccUyylllon
CIIYLLLOON'S
cIYYYlAAnnnOOOsssee
CCCUYYXX
cccezannnNU
cccfff
CFFF'sss
Chhh
CCCh'iinn
CChoobbLLLiiSSS
CChhhAABBluSS'sss
cchhhUCCCooo
CCChhAAAddd
chAd's
CCChhEDDDAAAIN
cccHUdddEEEaaN'sss
cHHaddIansss
ccchhIIDoccc
cHHHUUdddIIccc'ss
CCChhaDDwwIICCkkk
cHHHAAAUUURROOONNNeii
cHEiiiRonnEEaa'ss
cccHHHagAAlL
CCHEgggOOOs
CCChhAAAgisss's
CCChhhoGGrrreeeSS
cchhAAAIN
CCChhUaaTTAAAnnYUUU
chheeiTAAnnYYo'S
CCCHaaattuNNN
ccchaotttaNNN'ss
CCHHALLLccIIdECi
cHHaallCIIIs
chaaaLLCiiSSS'SS
cHHAlldiiiiaa
ccHHoLLLDDEAAA
CCHHHaallldddEEAANNN
ccHHuuldddiiUU
cHuullliiePPeeNN
CHHEELLLLLLoooNGEEErr
CCHHHUULlllennnGGaarr'SS
CCChhaaamm
CCChhhaMaaEEELLLEooonnn
ccHAAMMMbbbaarrrLLLooIIIn
cccHHUMMMbbbersss
CCChhAMMbbeRRRtttOOOnnn
CCHHHaMOOnnIXXX
chhhomaRRRRROO
ChhhuMPeeggnuuu
CChhhaaamPPPUUGNIII'SS
CCCHHeeeMMppuuIIGGGN
CCHImPPAAAiggNNN'S
ccchAAAMPPPlaUUNNN
ChhImmmPPooLLLLiun
ccchhhooon
CChhIIINNN'SSS
cccHHAncco
CCChEnnncee'SS
CHHHaaancceeelLIr
ChhAAANNNCaalLLoooRsssVVIlllllO
CCHHHAnCCUUUlllOOOrrrssvvIILlllOO's
ChhuNNdddUUUggerrrHHH
ChhuuNNNDDLLEER
ccHHHiiiNNdddEENN
chheeNNDoN'SS
cccHHHAAANddRRROO
cHHHaaNNNdRRRaa'S
ChhAAnnndraaggIIPTTTA
CCHHHiiiNDDDrIIIsssEEkkkHARR
CCHaanddrrraaSSekhhaaaRRR'SS
CChhANNUl
ccchhhAniiiyyy
chhhAAnnEYYY'SSS
ccchhUUUNG
CChAANNG'ss
cHHUUUnggcccHHUN
CCHAAAnggSShhhaaa
ccchhONNNGGGttuHH
ccHANNttiiiLllyyy
cHAANuuukkkoohh
CCChiiinUKKKUhh'SS
cchhaaaNiiiKKKiiihhhs
ChaaoeeNN
ccHAAOOSSS
CChuuaaaSSS's
chhhEisaaS
cHHAPPPLLLaaaNNN
CCCHHUUPPmmmAAAN
CChIIppppaaaqUUIIIDDDddiCCCkkk
CCHHoppPPIIIQuIIDDDdddUUUCCCKKK'SS
ChhhaaaPPPUUULLLTEPEEEcc
CCCHHeepppUULTuuuPPPecc'SS
CChArBRRAy
cHAAArrrBBBraaayyy's
cHHHaarccoooT
CCHAAARddiiiNNN
CHHArrDDDoonNNiiyy
CChhiiirrddonnnEEEY'SS
cchhIIreenteee
chhharroo
ccchuuurOOTTTYYY
CCCHaaarIItttY'sss
CCCHHaaaRRLLeMMAAAgggNNaa
CCCHaarrrllemmmAAggnee'sss
CCCHHHaaRlllUNe
ccchhAAARLLeenE'SSS
cccHAArLLLURRAAiii
ChhhIIIRllEEEs
CChhaaRRRLLeeSSS'ss
ccchharrLLEEEsToooNN
cHaaaRRLESSttONN'SSS
chAAArliiSTTTooonnsss
CHHHErrrloooYY
ccchEERRlliEEE
CCChhAAARLETTTTTeee
cchhhaaaRRLAATttee'SSS
ChhhARRLLLoooTTTtIINNbbEErg
CCCharrllOOOTTTEsVVIIIlllLEEE
CCChuRLLUTttteeeSSSVVVIIILLLLLLA'SSS
cccHaaRllootTTetOOwwnn
CChaaaRRLLLoooTteetIIIWWWN'SS
cccHHArrLLttOOnn
ccHHOrmEEEinnnoo
CChuRRRmmAAuuuNNNo'SSS
CCChaaarmmmiinnn
CCChhaaaRmoNNN'SS
CCCHHEEERuLAAeeeSSS
CCCHAArrriiiLLUUuSS'SSS
ccchhEERaaann
CCChhhaRRROnnn'sss
CCHHHarPPPeNNTTTAAeerr
chhharrrttErrHooASoo
CHHHaRTTuSMMM
ChhhiiRRRttissm'sss
ccchhhuurTEEEssMS
CChhhuuurrTRIIS
ChhARYBdddISS
ccHHARYBBBdddIIs'SSS
CHHooosssee
cchhIIISSiid
ChhhAASSSeeeDDDIIIM
ccHHHAAAssitttyy
cHHaaSSiiTYYY'S
cHHAAssssOD
CChAAASSsiidddiCC
ccchhhissiiiDDDIM
ChaasSIIIDUUUSSm
CCHaaTTeeeaAbRoooooNd
CCHHooToooauuuBBRRRIIenDDD'sss
CCCHHAAttteeeOubrrriAANNNDDs
chhaaaThhhoooM
chhhiittTuuhhheeeeCCCHHHEA
cHHAATTTTaahIIaaacccHEEU'SS
CCHATTUUUNNNiEggEEE
CCHaaaTttiiNuuuIIgggA'SS
CHiiTTTTTEEErLLLEEEyyy
cccHHOTTtttEERLLLeYYY'SSS
CCHHHeeTTttteeeRRRTTTOOOnn
chhOOOeeccERR
cccHHEUUUCEEErr'SS
cchhhAUcccaRRoooAAnnn
CChaumiinTT
CChaaaUUNNCCeeeY
ChhhoooeeeNNNcEYYY'SSS
ChhhAAAUTTAAAoQiiI
cHHaaavvonnnnnnEEsss
CHiiiVVVeeZZZ
cchAvvvEzzz'ss
CHoooyyaaaffSSSkkkyy
cccHUUYiiiFFssKKy'sss
cccHE
cccHHOOO'ss
cHHAAbbbAAAKKKSaaarrrYYY
cchEECCCHaaN
cccHHHEECCCHHHnnYYYAAA
cchhECChhhNyAAA'ss
cHadddddAAAR
ccchhOOOeerr
ccHHHEEERRR'SS
CChhhaaEEErriiiSS
cccHIuurrruuuIS'SS
CChhheeIIITiiisss
chheeiiiTTiiiss'sss
cchEEEeevIIIRR
CCHHHUFAAAOOO
ccchAAAiiiReeNNN
cHHeeeJJJOO
ccHHHookkA
chAAkkHHHOVVV
CCCHHekkhEEEv's
chhhAkkkHUUUvvvUUaaaN
chheeeKKIIIUUNNggg
ChhEEELLeeeaan
cchhAAALmmmsssFUURRRDD
cchhhelllmssFooRRRDDD'SS
ccHHHEEELLLSoooII
CCCHHuuulTuunnhooMM
chhhELYYeBIIINNNSK
CCCHHHIIIlllYYaaBiinSSk'ss
CCChhheeelllyyOSKann
ccHHAAmmmnnnATTzz
cchhEmmmUlllppOOO
cHHeN
ccchhhiinnn'SSS
CCCHAAAnaaabbb
CCHuNeeeyyy
ccchOONNNEy'ss
ccchhhOOOnnngCCHHHoU
CHHAAANNNGCHOOOOO's
ccchheNNNGGcccHHUw
CCHAnnnGGGcccHHHUUw'sss
cheeeNNNggdddE
CCHHHaNNgggTaaaH
CHHHAAnngTTOO
cccHHEEENNNNNooIII
CHHiiiNNnAiii'S
CCChooooPPS
cccHHeerrr
CHHHoooRBBBUUUOORgg
cccheerrrAAMIISSS
cchhhAAArommmIISSS'S
cHHHiReMMKKhhhooovOOO
ccchhhuuROOOnnnkkeevvv
CCHHERUpppooovvvAAATTsss
CCHooREEppOOOVoooTs'SS
cHHurruuu
cchheeRII'SSS
CHHHArrrEEEEE
CChAArrraEE'S
CChhhuurrnnEEENNkOO
CCHHEERneeNNkkkO'SS
CHHHoorNuBYYll
chhUURNNOOByyL'ss
cHHoRRnnnooMYRRDDDInn
cchooRRnAMYrrddin'sss
cHHHIIIroookkeOOO
chhIIIRUKoooO'S
ccchEroooKKKAAuSSS
choRRRrY
CCCHHHIRRrYY'ss
ccHeeeRRRAAABBiiiNNNii
CCCHHHaaRRRYYYL
cchhheeeRRYlll'SSS
cHEESSaaPUUeekEE
CHussshhhuuuRRRoo
CCChheeSShhvvvIn
ccchhEEEssstteer
ChiiSttERRR'S
cchhUsssTTeRRFFOOOOLDDD
ccHHHeeesTTeeeRRFiiiLLLDDDIIInn
ccHessTiRRRTAAnn
CChheTNNik
cchhhEEtUUMMaL
ccHHHeettuuuMMMaaLL'S
cHHHuvvaLLLiiierr
cHaaavviiiTTT
cHHHAAAVVVaaaooottt'S
ccHHHEEvviiiaatttSSS
CHeVVroLLLeeet
CCCHEEVVROLLLeeeT's
CHEEEvvvrrroNNN
CCCHeVVREnnn'SSS
CCCHHIIVVVyyy
CCHHHEVVVyy'SS
ccchhheeyyyEnnneee
CCHHHeeyEEENNNnnnIII'SS
cHHHEEEyyyeeeNnnnES
cHHOOO
cHHHiii'SS
CCCHeeaII
CCChhiiiAE's
chhhiAnnn
ccHHiioooNtttiii
CCHHiiAANTTTII'ss
CCCHIaaanTTAs
CCHHHAAAaaaPaS
ccHHHiiiBBa
CChiiBBBccHHHAA
CCChhIIIbcHaNN
CCChUUUCCOOOGGOOO
cchhhoCaaaggoo'SSS
CCHHHICCCaaggoiin
CChhhUUUCCInnna
ccchUcccAAANOOO
cHHuuuChhhEEEsTTOr
cccHiChOssstEER'ss
cHHHiiCCCHiiHaErrrh
CHHHiCCkkaMIuugggA
CCHHiCKKAAAMaaaAgA'ss
ccHHIIIckkkAAsEEEWW
ccchOOccckkkosssiiiw'SSS
CHuuCCCkaaSSSOOOwwss
ccHHIIccclEyyooo
cHHHECllOOOTTTSS
ChhhiiiClleetsss'sss
cccHHEOfff
ccHHHEfffllloooy
cHHHiiiHHLLII
cHHHEEEhhUUUAAAHHEaaa
chhUhuuaHHHUUaaa'SSS
chhhihhhUUUAHAAAisss
CCCHiillleee
cccHHiiilAAA's
cchhilllOOUUUNNN
cccHHHILLLeeennn'SS
cchhiLEEaaannnSS
cchhhoolIIN
ChhIIIlllONN
CCChIIILLooNN
CHiiillppANCIINNNgggi
chhiiLLUNg
ccchhhammBBiiirrOOOzzzEEE
ChhiiimBBBOOREEzzzI'ss
chiiimmmbIIIteee
chhIIIMMbbotttE'SSS
CCHHeeeMMEEra
CHIMMeeRRRa'S
ccHiimmmOOORaSS
CCCHHHiiiMkeenTT
CCChIIIMMMoo
CCHImu'SSS
CCHHHIn
cHHaann'sss
cccHHHeeNaaa
cccHEEEnnnaaa'ss
ccchhhENNAAmmUUnnn
ccHHIInAmOON'SSS
cchuuuNNNaaamennn
ChhhinOONN
cHHinIttOOwwnn
cccHHiiiNNNCCCHHHOw
ccchOOONNddwwwiiiNN
CHUnEESSSII
CCHHHunaaaSSUUU'SS
CChhhiiNNNGGHHHaI
ChhhIInK
cccHHeeennKKKIaaaNNNgg
ccchhhEENNNoouK
ChhhInnnooookkk'SSS
ccHHHIInOOoooKUUUNNN
CHaaanneeOOOKKKAnnn'SSS
ccchiiNNaOOkkSS
CCHIIOOsss
cccHHiiOOS'S
ccHHHIIPeewwwIIyyaaaNN
CChhOOPPPEEwwYYYaaaNN
ChhhEEpppEEEwwYannn's
ccchOOOPuuwyyAnnns
cchEEEPppEndddOlUU
CCCHEpPPeeenndaaaLLa'sss
ChhhIIIPPPppeewwwuuu
chhhIIpppppEEwII'SS
ccchhEEPPPPPEEWWWasss
cchIQQQuuAAATTTe
CCHIIqqqUUiTTa'S
cchOrrraCC
CHHHiRRRECCC's
CCHHiRRRiCOOO
cHHHiRRRaaan
CCCHHHIIIsHiiiMAAA
cchhhIIISShhhooLLMMM
cHHHuSSSHHoLM'SSS
CCCHHIIISIIInnnAAAAA
CCHHHAAsooonnnaaaEE's
CCHiitta
ccchhhITTTTuuGenGGG
cHHiiVOOs
CCHHEVaaaSSS'SS
ccchKKKAAllooovvv
CCCHLOOODDwwwIgg
ccHlllouu
chlooRROOmyccceten
chhlooRRRuMyyccceettiNNN's
CCCHHHllloROmmmyyCCeeTTTuNNNss
ChOOCCCTTawww
CHUUctttAAAww'SSS
CCCHHaaaccttIIWs
chhhoOsaooolll
CCHHooollaan
CCChOOlllUUULLaaa
cHHHiMMSSkkkY
cHHoNNNggjjjAAAnn
ChAAnngggJIInn'ss
chhhOOnggqqAAnng
ChhhooNNNju
cchhhooNjjuuu'SSS
CCChheeePPInnn
CHHooopOOON'ss
cHHEEpppRRaa
CCChhoooppree'SSS
CCChOOOssEn
CCCHHooSEN's
CCCHooU
ccchRR
ccchhRRREtttIIIEEn
CChhRRReetttEeeeN'sss
ccHRREEsss
ccHRRRaas's
CCCHriSSStt
CChRRAASSt'SS
cchhhrrEESStttaaa
cHHHRRIIIsTII'SS
CHHHRRiiSSSttEDDeeLPHHOOOuuuNNN
cccHHrriiisssTTcccHHHAArrcHHH
cccHHHRRIISTEEENNNdUM
CCHHHrIIsssTeeNNDDDiMM'S
CHHrrrIIISSSTTTIINDDDOOOmmsss
ChrrOOOSTTEnssINN
cchReessTEEEnssAnn'SSS
chhrrrIIIsstthhhOuuud
cccHHHRROOSSSTTA
CHHHrrIIssstiii'S
CCCHHHRRRIISSttteeeuuuNN
chhhREsstIIaaannn'ss
ccHHRiSSSttIIoooNIIIaa
CHHRRRiSSStUUINiaaa'ss
cchhrUUUstiiienUES
CCHRRRaasssTTTiAAANNNIIISSMMM
CCHrAAssttEEEANNIteeeeees
cccHRRRiiissTTIaannaatYYY
CHHHrrriissTTiiEEEniTTYYY'SSS
ccchRRiiiSSTTiEEEnnIIzzAtiioNN
ccchhRRROOsTTeanUUzzoo
CCCHHHRRRASTTTIIIooonnnLYY
CCHrrriSTIIIaaaNNNSSS
CCCHHHrriissstiiiaaNNsseeNNDD
cHHHreesssTiiiII
ccHHHRIISSTeeennuuu
cHRRRiiiSSStuune
CHRiiisTTTInna'sss
cchhrrIIStllAAkeee
ChhrrriSSStLLLY
CChhhrrOOssTTmmEsss
CCCHHHrrriiSSTmmAASSS'sss
cccHHRISSSTmmAAASoSS
CHRIISSTTTmAAASSSttooddiii
cccHrrIISSSTTmmAAASTIDDDE'sss
cchhRReeStmmAssTTiiiDEEESSS
CCChRRiissttMMAASSSTTiiimme
ccchhhrrOSSSTMMAAAsssTiimmmUU'SSS
cccHRiiSSSTTTmoooSSSttOOOmmASS
CCChhrrriiStOOOgRRIIIm
CHrrisssttoooLLOGGy
ccchRRRIIISttaaapperr
CChhrruSSTiiipEERR's
chRuuusTTooPPHOOONyyy
ccchhrrrooosssTTOPPPhhhIII
CCChRRiisTTTIPPPHIIRR
CCCHHHRRRUUSSttooopppHHHEEER'SSS
CCCHHRiSSTss
cHHHRIIIStttY
cccHRRRON
chhrrriiNNNaaaccclliisss
ccHRRRYYYssslluurr
ccchhhRRyyyslluuuR's
CCHHHrrrYYYsOOSSSTTTIIImmm
cccHHHRRRysssTaL
cchrYYsssttaal'SS
CCChhheBBbb
CCHEEcck
CCChhUCCCkkk'SS
CCHaaaKKKCCCHHIII
CCChhUUMMIssshhh
cchhhuuNNggg
ccchhhUUnngg's
cccHHHUUUnnggkkkIInnnGG
cchUUUNgkIIInnnGG's
ccHHurrr
cccHoorrrCCH
CCChhUrrCCChhhiilllll
ccHHaRRRccchUUUllLL's
CChhhaarrrCCCHHuuuLLlIIIaaann
cccHHHOOORRRRIGGGUIIrrrAAA
CCHHuurrrrrIIguuuUUruu'ss
CCHHuuuVVVesssHH
CCHHuuuVVaSHH's
cA
cccIIBBbbbeeRR
cciiiCOllyyy
CCIcccEElllYY'sss
CCiicUUrreee
CCiCCCuuurrreee'SS
COOCCErrroooNNNoooaN
CCCuuddd
CCCiiEENFIIIEEEgoS
CiilliAATaaa
CCCullliUTTaa'SS
cccIllICEEoo
CCCIMMUBBuuo
ccIIMMMEEEBiiuuu's
cciiimBBBrIII
cceMMeRRiiAAN
CCIImmmooNN
caannnCCeeeNNNAAAttII
ciNCCINNNNITTTus
CCCeNNddErrrEEELLLLLII
cInndddERullLLLAA'sss
cccINddeerooLLlllaaasss
cccINNdyyy
CIINNdy'sss
ciiinnniiMMeSSScepppoo
CCIIIneMISSSccOppE'S
CCuuunneemmIIIScccAppu
cccIIIneeeraammmEEE
CCCaaapUUNNgooo
cciPRRROO
CCCAAAProo'SS
ccciiRRcccAAASSSssiiA
cIrrrcaaSSSSIIIuuNN
CCCURRRcccAAssSEEEAAANNN'sss
CCIIIRRCUSsuOOnns
cIRCe
ciRCCCUU's
CCCiRRciiNEss
cirrEENAiicUU
ccIISSSCCEEEUUUccUUsssIe
cccessCa
CCCiSSccoo'ss
ccIISSTTeRcciiEn
CCissTTeRRCiiiUUnn'S
ccISSSTeerrrccIIINNNSS
cccootAABBBIIInnkkk
CCIIItttIIIBBBAnnKKK'ss
CiiiTTEggRRRooAAPPP
CCIITTIIGGGRRaaaaaaP'S
CCaTTRRRoaNNN
ciiiTTrrrOOOENNN'S
cciiittYY
CCLLL
CLL'SS
ccLLLaaccKKKMMeeeNNNiiiNN
cLAAAccTeeeNIIIuuunnn
cllaaaoBORRRNEE
CLaaaIIIbbooRRRnnEEE'ss
claaaIIIRR
ccLLaaiirr's
cccLLLaaaiirrEE
cLIIIIIIrre'sss
cccLLIUrrrull
ccclllaIIIrruuLLL'SS
ccLOONNCCyy
CCClUnccy'sss
ccclllaaaPPPEEEYrrrENNN
cllaPEEYrrOn'SS
CCCLLApppToN
cLePtttUnnn's
cccLLAAARaaa
CClerA'SS
CCllORRee
clllUUruuuNNNccee
CCllarrreeNNcccE's
clloRROONNNcccUEEXX
clluuurrriiinnnDDDoooNN
ccLLoooRRRUUUccEEE
CCCllliiRiiicaaa'ss
clOOOrIIIssssu
CLAAArrrIIssssI'SSS
CCCLLLIIrrrkkk
CLAAARkkkuuu
CLAArrKKU'SS
cLLAASSSSICCCs
CCLLeUUUDD
CClllIAd'SSS
ccLOuuDDDE
cccllAAAUDee'SSS
cccLLAuuuDDDAALLL
clAAAaaDEEETTTTTIII
CLLLAAAuDEETTtttEEE'sss
cllAAAUUdduuuAAA
CCCLaIIIDDDiee'SSS
ccclllaaaoodINNNuuu
ClauuudddiNNNoo'sss
CllaAAddOo
CCClaADDDoooIII's
clllaauuudiuuSS
cccLaaaUdUuuusss'SSS
CCClaeesss
CCClOUUss'SS
CluiiSSSeeewiiitz
CCllaaaAASSIIIuuuS
CCClllUUUVIIIeeeSSS
CClllAyy
cLLAAAYmAAATiiiUUn
CLLaayyytttonn
CCClaYTTonnn'SS
cccllleeaanTTThhhEss
cleIRRuusssiiil
CLaiiiRRRaaaSSSiiLL'SS
ccllEEEAAARwwwaaateeerrr
CCCLEEEaaaRRRwwItttEEr'SSS
cccLLLeeUUSSTTTHENeeess
cLLaaam
CCCLLLEm'ss
ccLLLaammmEEnCCCUuuuE
cccLLLeemmmINss
CCCLemmeeeNTTT
ccllUUUMMMOOOnnTTT'ss
CCleeMEENNNtttIIINNAA
CCCleeMMMOOONtttIIInnee'S
CClllEMMMeenntttEEENNNo
cccLLAAMMMIIINTTIInuuu'SS
CLEmmmooNNNtSS
cLLLeeMOnSS
CClllaaaMsAnnn
ClleMMMSOOONNN's
CCClllEooo
cccllEEAAA'S
ccclUUoooBBeLLLosss
CLUUoon
CClluuuoooPaTTTRRAA
CLLeooPPPaaaTTrrrAA'sss
cllaaaveLLaannnddd
CCLaVVVeeelllaNND'SSS
CLLiBBuRRRNNN
CCliiiBUURRRn'SS
ccclliCCChhyy
CCCllleFFF
CCClliFFFf'SS
CllloooFFOrDDD
CCCLLLAFTOONN
cccLLEEEfttooN'sss
CCLLiinnEE
ccclllAAAnnII'S
CCloNNNTT
CCCLLIInntt'ss
CllliiinnntttOOnn
CCLUUUnTTTOOOnn'SS
CCClllOOOO
CCLLIIIaaa'S
CCCllliiooS
CllliSSSTTHHHEENNNuSS
cluuuvvvooo
CLLLAAArAAATTSS
ClllOrrreettsss'ss
cLLLeerOOOXX
CCCLLEErIx'sss
clllEETTTHHHOO
ccLAtttHHOOO'SSS
cccllleUUeeeTTT
CLLoouugH
cLLLoooaassEEEUU
CCCLOOOEEESSEEaaauu'SS
ccclOOvvvISS
cccLLovviSSS'SSS
CCClijj
cccLLaaNNYYY
CCCllwwyyyd
CCCLWWYDDD'sss
CllyDeee
CllYYdebAAAnnKK
cLLyyDEESSddaaLe
ccLYYYDDeSSDallii's
cccLLLyyddeeeSSdddaaallESSS
CCClllyTTTEEEMMMNNNeeesTREEE
cmm
CCCmmm'SS
cccMMMddrrr
CCCnniDUS
CNNOSSSssus
ccnnuTT
Cooo
cOOO'sss
ccoeHHHEEiiilllA
ceeeatttBriiiddGE
ccOOAAAtESS
ccOBBeeeiin
CCoobuOON'SSS
CCIIbbb
cccOBBBbbeTTTTT
CCCobbbDDeeeN
cooBBhAAAMMM
cooBlEnnzzz
CCOOBUUl
cccoooBBBUUUl'SSS
CCaabUUUrrGG
CoCCChhebbbammmBBII
ccooccchhoN
cccooccHHHooseee
COOOCChhhRRRaaNN
COcHRRooN'SSS
cOOCCKAAAaagnnE
cOOOCCCKKKaaynnAAA
COCKKKcrrrOFFttt
ccAAACCKnnEyyy
cICCCKNEEEYYY'S
CCCOOOCCCkknUUys
CCooCOO
CCeeeCOO'SSS
cccOOOCTTUUOIII
CCOOCCYTTTusss
cooocccyTTTeS's
ccOOOdd
cooDDDyy
cccOOFFFffUUY
cuFFFFFFUyy'ss
cccEEggNNNaaCC
cooogNNooC'SSS
CCCUHHOOOnnn
CCOOhhhOOOnnn
cccIIImBBBEttAAArrEE
CCCOOOIIImmmBBrro
CCeAAANNTRRRuuEU
cccAKE
ccOKKIII'S
cOOOkkeeSS
cccIlll
CCCoLLbbberttt
ccOOOlBEEErrt'sss
CCALLLBBY
ccooollCCChEESTTEEErrr
COOlllccHHIIIS
CCCOOLLCCHHHiiiS'ss
CUUllleee
cccOLeeeeNNN
CollAAeeeNNN'ss
ccUUllleeeMMMan
CCooLEEmmEEnnn's
CoLLERReIINi
CIIIlarriIInA'sss
CCOOLEEErrrIIIddGGGE
CCCOOOLeeroooddGGGe'ss
cccOlleeeRRaaadddGiiiaN
ccaaalEEttt
CCooLEEEttTTTeee
ccooLLffaX
CCCOLFAAx'S
COLLLgaaaTTTA
COLLgggaaatteee's
ccOOLIIgggNNNy
coliiimmmA
COOLLLIImAA'S
cuLIInn
ccoooLLiiiN'sss
COOOLLLLIIoooNNN
cccOOOlLLEeNNN'S
CCilllIIEr
cccOLLLLeAr'SS
ccaaalleeNNN
ccOlliiNN's
cccolllLLINNS
CCeeLLmAARR
ccElllO
cELLOOGGGNNNee
cccALAAAGGGnO'SSS
CCCiilllOOOmmmbbbeeSSS
cccOOlllUMMbbIIaa
CCCILamBBBIaaa'ss
cccAAAlooommBBBoAAnnn
CuuullummmbIIannn'SSS
ccELLLOOMbbbIIIIInnsss
cccOOOlOMMBooo
coLOOmmBIII'sss
CollOOn
CCCUUUlOOONN'S
cooollEEneeL
cUUllooNeeLLL'sss
CCCoLLLooonniaaLLL
cccuullluuurAAAdddAnn
CCaalOOOrruudddAAANNN'ss
cccOOOllluuurreeDDDAAAnnS
ccOOLLEERRAAddoo
cuullOrruuudooo'S
ccciiilllORRaaaDEaNN
COllOORRREdd
cciLLoSSSSSAAAUUU
CCCIllooossEEEuuuMM
ccaLLLIISSSssiiEEENNN
CCAALeeessssssIIannSS
cccaalllOUURRaad
CCCiiiLLLtt
ccciillTT'S
ccaaalTTTrAnnee
ccolluuuMM
ccoooLLLuummmBBBAAA
ccOOlllummbbba'ss
CCCULLLuuMMBIOOO
ccolllumBBiEE'ss
CUUULLLuuMBBBiAAAnn
cccOLLLAAAMBBBIINe
COLLLoMMbusss
cccooLuMMbuuuSSS'ss
CCeeem
cOmmmaaaNNNccHHHE
CCCoMAANNNCHI'S
cEmmmaannncchuEENN
cccoMMOOONNNccHHES
COMbbS
CCOMBBs'SSS
CCommmdRR
cccoommmDttt
CAmmminAAuS
ccoommiiiniSS
cuuMMeenfffIIIRMM
CaammmennntoooRRn
commmmAAnnnDiiRRR
CaaammMMMendddOrrr's
cccammmuRco
CoMmmeeerrcccEE'sss
CCEEEMMINNEEES
CCooMmmOODooorre
CCCOOOmmmmmmoooDDDarrre'ss
cccOOmmmoodddaasss
cooMMmuNS
CCCoMMMMMOnwwEEEaaalttHHH
CCCooommmmmIIInnnAAARRdd
cceeemmmmuuNNNeunnn
coommmUUNNNiEEn'sss
CCommaaannniiiooonnnS
CCuuuMmmoooNuuusMM
cUmmmMMuNOSSSttt
CCCuuMMmAAnniiSSSttt'sss
CCIMMMmUnnnUUUssTTTsss
cUMMMnInnUSSS
COOOMMo
cOmOOrAN
ccOOmOOraiiiNN
CCCOMorriooNNN'S
ccOmoRRUUUN
cccUMMMIro
commmeeeRoo's
cccUUUmaaarrreeeSS
cccomOORRRAs'SSS
CCCOMMMPPIIIq
CCCempOqq'SS
cOMMMPOSSiTTEE
ccoMMpTTTooommaaatuuuR
cccUUUmmPtttoN
CCCUUMMPPuuussaaarrVuu
CCeeMppEEESSSErrvve'SS
CCCOOMMRR
ccOOmSat
coommmTTe
cccOOMMuuuSSS
CoNN
cconnnaKKRRRYYY
CCCONNNeeekkRRRyy's
CAAAnaaaNN
cconnaNN'S
CCCOnnnCCEEpppCCCOóNN
cciNNNCCCEEtttTAAA
CCInncccetTA'SS
CINNChheeeBBAR
CooonnncccOORddd
CCCaaaNNNCCCiiRd'sss
CCCONNcAAARRddeee
cccONNNCCCOrrrDDDsss
ccooNNNDiilLAAcc
cccUUUnndddoRRRccEEEtt
cccOONNNeessTooogggAA
CCCoonnooSStOOgggaaa'SSS
CooonfffeddURRiCYY
cooNNfffeeedUUUrrrAcy'ss
CCoNNfffedddiiiRROOOtttEEE
caaaNFeddeRRIIIttuu'sss
CEEENNNFiDDErETTeeeSSS
CCCuuuNNFFaaatteeeOOOR
COOnnnFeeCCCIIaNN
cOONNNfffAAACaAAAN'SS
cOONNFFOCCiiiiinnnIISSSMM
CONNNFFFUUCEEEAAnnnUUSSM'sss
CooonnfeeeCCCOOOOONooSMss
cONNFFFuCCOOiiNNNeeeSSTTT
cccOOnnnFUUCCCIaaNNsss
CaannfUCOOOooos
cOnfUUUcooouuuss'SSS
CAAANNGGG
CConnGGiii
COOOnnGOOO'SSS
coNNggOOLOOOSSe
cccOOnngoolllEESSSOO's
CCoonnggRRRuGGGaaatttoeennnILL
CCCEEnnngggreegggAAtiooNNULLUUUsssM
cccUUUNGGRRReeggOTTTiiiIIInnaaalllaaasmmm'sss
CONGrriiigggEttIIIonnnAAAllaassMMss
ccOOOnGGRRuuggETTIIIUnAAAlISSSTT
COOnnngRReeegaaTTTiiooNNeeelIISttt'ss
CCOOONNNGrrrogggaaatooNElllIstSS
ccUUUnnnGRRRoooSSS
cccoNNgggrrEsSSS'SS
ccconGGreesssseeeSSS
connngggrUSSSsaOOOnuull
ccEnnnggrrreeeVoo
cccOnnnllEEEyyy
ccoonLLLoooyy'SSS
CCCoNN
CONnnniiicccHttt
cccOOOnnnnaaaEGHt
CoooNNNNOOcccTTTiiCCUUUTT
CCUUNNNneeeCCCTiicccUT'ss
cccoNnnneemmiRRRU
CeNNNnnEEER
COONNNNiiRR'SSS
COnNNeeerrrYY
cccoooNnnneerrrYY'SS
cEEENNNNNNuAA
coNNnnnUUUe'ss
ConnnnnnOOLLLLLLYYY
cccoooNNnnnULLy'S
CoooNNnnerrSSS
CANNRRRAdd
ConrAAiill
CCOONNRROil'S
CEENNss
CCaaNNSSUrvvAAtIsssMMM
coooNNNsssuurrVITevvviii
cccEnsTTAABBBLeee
ccconnnStttaanceee
ConSSSTTTAAANt
CCCOOONSSSTTaaannnttaaa
CCCAnnnSTTTOOOnTEEE'ss
ceeeNsTTTaaannTTuuee
cOnnSSSTTTannttInE
CCCOOONNNssstttOOnnntAAAnopLLLe
cciNNNstteeennnTTTiiiNNEEPPPlA's
ciiinSttoottEEETTooENNN
CCIINNNsssAAEELOO
connnSUUeeelllOOO'S
cOONNttaannnEEEnT
CCCaaantttiNAAAnTT'ss
CCiinttAAAneNtttAL
cOONNTrEErraaass
ccIINtRAAraas'ss
ccoonnnwAYYY
CCCOOOiikk
coooooKKE
CaaaOOkA'sss
CCCOOOeekksssttEEEWWNN
cccOOOaaakkksTowwnn'S
cccEEEooollEEEY
ccOOOALLiiY'SS
cAAAoLLLaadgggEE
ccOOUUULLLADDggI'sss
ceeapeR
cccooooPEEERRRsTTOwwNN
CIIOOOppeeRRRsttooowN'sss
CCCouuuRRRg
ccOOOORs
ccoorrrs'SS
ccIPPACCibaanna
CCCUUUpppaaCCCaaaBBaaannAA'ss
cccoooPuuuLLaNNNDD
CCCaapppOOOLLLaaannnDD's
cOOPoooNNNHHiGGen
COOPPEENHHAAguuN'ss
CCCOOOPEERNNOOOccaNN
CCCIpUUUrNNUUccceSS
cccoPEEERRNNiiiccuSSS'SSS
ccoooPLaaannnddd
ccoooPPlllOOOy
ccOOOppPPoooRRRffiEEEld
CCOOPpEEErrffEEEiilllDD'SS
cccOOPPPAAARtOONNNeee
ccoooPPPpppEEERTToNNO'ss
cccEEpppppillA
cUUpppAllle's
cIIIpTTT
cOOptt'SS
cccAAPPPtIIIC
CCuuPPteCC'SS
ccOOpptss
COOrrr
CCCuRaaa
CoorrrAA's
ccoorrAAALLL
cciirrroooL'SS
CCCoRBisIIoR
cOOORbbbuuuSSSIeRRR'S
cccAAArrbbbyy
cOrcooovvOOdOOO
CCOrrCCCyyrrAA
CCaRdAyy
cOORRRDDiy'sss
CCCeRRDDEEELLuuAAA
COOOrrdddeellAAAaa'sss
CCCUUrrrddOOOLLLIIIeeeR
CIrrddiiLLLLLOReeeSS
cccOORRRddOOBAAA
CCCURDDDoBOO'SS
ccEEERRRDAVVOOO
CCooRRRDOvvvaaa'S
CAAArrrdddooVVVAn
COORiiillii
CCCaaREEyy
CCoReeyy'S
cooorfffAMM
CCiiirrFFuu
CCOrrraanAAA
ceerrreeenAA'SS
CCCaaarENe
cORRRInnIII'SSS
cORRRINnE
CCooRRInnNUUU'ss
ccorriiNNNTThh
CCOOORiiNTThh's
CeeerrriiinTTThhEIInn
CooRRRiinnnTTThhiiiiin's
ccERRUUUNNTThiUUUNNS
ccoRRiooLLLaNeeeSS
cARRRIIEEELIIIS
CCCOOORReeeOllOOOSSS's
coRKKK
cccAArrrllleoNNe
CIRLLeeeuunEE'S
CCOORMMMaaacKK
cccuRRRMaaCCCk'SSS
CCCoRRnnneoollLEEE
cccAAARnniiiluuuI
CCoorrrnnELLIIA'sss
CCCoorrNNEEEliiUUS
cccOOOrrNuLIuSS'SS
CorrrNNILlll
ccAAArrrNNNAAllll'sss
cccOORRRnnOONggg
cooRRRNOOONNNGG's
CCCaarrrNoshh
CCCErNIISHH'sss
CCOOrnnnissHaS
ccOOrrrnnussshMIIn
CUUURnnnOOOshhMMUnnn'ss
CCCaaRRRNNNiiShMMEEN
ccoRNNaaSSSHHwwwOmmmAAnn
cOOOrNIISHwwaammmAAN'sss
CCoooRnnwwwAAAllllll
cccOOrrrNWWALLLL's
CCOOORRRnnnwwaaLLLLLiiSSS
CCCooorOOOnnOOdO
cccIratt
coorrrPPP
cccIIIrrpOREEEL
CCooorPoooRRaaL'S
CCOrrrrrrIIIggggIIIO
CCCOOrrrRReegIIIDDDooRRR
cUUUrrEEGGGiiDDErr'S
cccOORRrreODOOOllo
ccERRiiEnnnTTEEsss
CCOrrrrIINe
CCCorrrreeeNoo'SS
CCCAARRsssaaa
ccOOrrSSSE'sss
COOrrrSSAAACCCee
cccerrrSSSUUUCCE'sss
CCCUURRSSSIcccaaNN
CeRRRTooosss
cIIIRRTeeSS'SSS
CoorrTTESSooosss
CCCorrrTTeZZZ
COORRttezzz'ss
cccUrrrttlaaNND
CCORRRTTlliiinddd's
COrrUnnnaa
caaRRvaaalLLIIss
CAArVVVAAAlLLiiss'SSS
cccOORRRvvaattTTTee
cooRvEEEtttttI'ss
CCCaarrvuus
cccaaRRvvvUss's
CCCIIIrryyy
corrrYY'S
cccaRRRybbaaNNTT
cceeerrryyyDOOnnn
CCCISS
ccUUSSSBYY
cccooSSbby'S
CIIssOnnZZAA
cccoSGGGRRUvvvEE
CaaSMMOOOtttrOOONNN
ccceSSSsuCCKKK
CoooSTTTCCU
cOOsstttcaaa'SS
cESSStttElllllOO
CCCAsTTeeLLLLLoo'ss
ccIIISSTTeeRmmmEnnsssVilLLee
CCustttnerrr
cccOOstttNNaarrr'ss
CCETEEE
coTTTu'ss
cOOOTENNNOu
CiitttopaaaXII
COOtttUUUpppeexxii'SSS
ccOtttSSSwwwOOOlllD
cuuuttSSwwwuullDD'ss
CCCUUUTTSSSwwOOOLLLdS
COOOtttTTTbbbaaaS
CCoootTUUUNNN
ccootttttOn'sss
CCCOOOuullOOOMMbbb
cIIoooLLLTTeeRR
couuLLttter'S
CCCUUIIINSSSeelOOrrr
ccoooUUNNsuLLOOOR'S
cOUUnTTT
cccooUUUNNTT's
CouuuPPeeRRRANN
cOOUUURbbAttt
CCCiiiArrbbEEEvUUEEOOO
CCOooorLaNNNddd
CCCOuuuRRTTTney
CooiiRTTNNNAY'ss
cooUUUrrtttrraooo
cccaaeeeSIInn
COOiSttEEIIAAA
cEuuéiiiSMMM
COOOuéOOOSSSmmm's
cceevvvEEEnnTrrruuuuuuSSS
cccEEEVVEEEnntrrrYY
CCCOOvveenntttrrrYYY's
cOOVVVaaarrrddAAAllleee
CCCOOOvvvEERRRLeYYY
CCaawIRRRd
ccaWWUs
cooWLEEyy
cOOwwwPPPeenS
ccOOwwwpinSSS'SSS
CCCoWpppEErr
Coxx
CCCiiiY
cccOOYY'sss
ccooozuuuMaal
CiiiZZZuuuMEEEL'SSS
Cppll
CR
CCCrr'S
CCCrrabbEE
CCrrrAACCCOWWW
CCCRRAAAcaaW'ss
ccRRUfTTT
CCCRRRAAAFFFtt'sss
cRiiiIgg
cccrraaiiigggaaaVVOOONNN
cccRRRiiiIGGAvvvONNN'SSS
crrreeIIgggUUe
cccrrEiiVAA
CCCRiinnaCCCHHH
CCrrUnno
CRRRoooNNNMER
cRRReeennwwwiiiLLLLLL
CCCRAAAssHHHaaaWWW
cccRREsSuuuSS
ccrrrAATUr
crrATTTer'SSS
ccrAAwwwffOOOrDD
cccrAAAwwwFFOORRRD'S
CCCRRaaaY
cccrrreeey'S
cccrayyyoLLa
CCrrAAAyyyeLu'ss
cccRRREOOtttiiOONNN
CCreeaaTTTIIoonn'SSS
cRRRaaaAtIIIrrr
CCCRRReeaaaTTTOOr'ss
ccrrUUCCCyyy
CCCrOOCCY'SS
CCRReedddAAA
CCrUUA
ccReeu's
cccRRoiiiddd
cccrrrEEEEkkk
CCCReaaak'S
cccRREoKKSSS
crrrUEEs
cREooGHHttoooN
CCCRRRIIIUUggghTON'S
CCrrEMoNNAAA
cccREEEOOLLiii
CCCREEElllU'ss
cccrrrOOOooolOOOSSS
CCRuuuooonn
cccRRessSSSYY
CCrreeeSSSTT
cccrrreeST'sss
CRRREEttAAAccOOOOuSSS
CRRREEETTiiiccceeEEUUUss'SS
CCCRRUTTTAnnn
ccrrettooN'sss
crreeeteeNNS
CRReeeTTTe
CCCrrreeTTTe'SS
cccrrUUUUssa
CCCrrUUccchhhttteeen
cRRRiiickk
crrriiimmmIIEE
cccrriMEEEa'S
ccrrriimiiuuNN
ccRAAOLLLLLUU
CCCrooPPPS
cRRiSSScEE
CRRaasCa'ss
CCRissseeyDOO
ccRRoossspii
ccRRIIsssPaaNN
cRUUUsstttiiiniii
CCroosTTeeNNII'SS
crooiTT
ccRoooAAAt'sss
cruuUUTIIAA
cccRRoAAtIIIO'S
ccRROOUUUTTTiEENN
CCrrrOOOaattteeaaNN'SS
CCCrrEoottuuooNNs
crrroooaaaTSS
crecE
cccrrreCCkkkETTT
ccRooossIIIS
CCCRRROOOmmPPPTTTOOnnn
CRRoommWWWuuuLLll
CCrIIImWEEELLLLL'S
CriiiMMwwwOlllLLLiiaaannn
CRRoonnnIn
cccraNNaaNN'ss
cRRReennKKKootE
CCCrrroooNNNkkiiitttee's
CCrrrOOONaaaS
CCRRROONNuuSS'SS
CRRROOOKKKIs
CCCRRRasByy
cROssS
cccrrooowww
CCCRROOWWW'SS
cRUUUWWWLLLeyyy
cccrrrOwwllluyyy'SSS
cRRaaWWWn
CCrriwsss
crroyDDooonnn
cccRRIccIIfffAXXXIIIiiinn
CCCrrUUUCAfeexxxaaOOON'SSS
cccRRRuuuCCifffiXiENNs
CCCruuuooksssHHAANNNKKK
CRRRoIIIsa
CCCRRRUUUiissoo'sss
CCrrUUUssaado
CRRuuuSSaaaddOOO'ss
cccRRRuuuSSadEESS
CrrOOOsssOiii
crrruuuSUUUeee'sss
CCRRRuuuXXX
CrUXXX'sss
cRRRUZ
ccRREEEzz'ss
ccrryyyPPPtttOOOZOOOECC
CRRRyyyppptttaaazaICCC'ss
cccrYsttuulll
CCCRyssttaaLL's
cccss
cSAnnkkAA
ccSSSOOnnkkkaaa'sss
CCCTTT
ctiSSSiPhhhIINN
cttthhhUUULHU
cTThhhUUULHHAA'SSS
ccEEE
CCuu'SSS
ccuubbb
cccOOOBA
ccuBBEEE'SS
CUUbbban
cccooBBBiin'sss
cccUUbaNS
CAACCChAALUUUAAn
CeeeCCChhuuullloooiiinnn'sss
CCCUUCeeetAA
cccUcitta'sss
CCuuuEENNCCCAAA
CCuEErNEEvvvIIICCIII
cAAaRnnnAAAVVVUcaa'SS
CCCeeeFFaaCC
CCEissooNNNARTTT
CeelbEErrtttsooonn
cccULLIIICCCAN
CCCuullEUUUcAAnnn'S
CUllllaaaN
cccUUllllliinnn'SS
cccOOMAAi
CUUMOOOnnn
cccuuuMMMbbERLLLindd
cccummmBBBerrrlllaaandd'SSS
CUUUMMbbRRAAAuuu
CCaaambrAaaa'sss
ccuMMMbbbRRRoooUnn
cuummmMMOOnGGGss
COONaaaRDD
CCCunnARdd'ss
ceNAxxAAA
cUUUnnexxaa'SS
ccuNEAAA
ccciiinNNNIINNGhhuuuMM
cccOOOnnnNIINNGhoMM'SSS
cOpppaRR
ciipppArr'ss
CCuuupOODDD
cccUUPiidd'SS
CCCUUrraaccAOOO
ccIrrriiiccIIIoo'sss
CCCIIrrrEEccEEoosss
ccuuurEEAAA
CuurrriiiaaE
CCArrrIIall
CuuurriiiiiLLL'SSS
CORRRAAA
cUrrriitEEbbII
CCuuRruuuOOORRR
cuuRRaaerrr'SS
CUURRRRRYY
COOORRTT
CCURRTTT'sss
CCUrrrtIn
cccuuuRRTTTos
CUURtiiis's
caaRRRTTTeeSSSS
cccAArZZZaNN
CUUUSSScceee
cuuusssh
CaSSHunGG
CCUsHeeetE
CCaaaSSHHuutiicc
CCCIIIShhIIttIcc'SSS
ccuSSTTEErrr
CutChh
CCUTThbbbEEErrTTT
cccUUvvviieer
CCEvviiErrr'ss
cUUXXHHAAVViiin
cceeeypp
CCUUUZZZccAAA
cccWWWmbbbROOn
cccybaaallE
CCYYYbbbeeLLLAA'SSS
CyccLooddOS
CCycccLLAduuSS'SSS
CCCYccloooppuuAAN
CCyyyCCClloooPPPEEss
cccYYCCClllOpOsss'ss
CCCyyclooPPSS
CCyyccLOOOpppsss'SS
ccYDnnnAAASSS
ccyygNNuS
CCYYGGGNNNuus'SS
cccyyymBBBeeelENNE
CCCYmmmBBelInnnU's
CYYmmmrrrIIccc
CyMRUU
cYYmmRRRUU'SSS
CCCymmrrrY
cccyyyNNNooWWuuuLLLFFF
CCyynnIIICC
CCYYniCiiissmm
CCYYnntthhhIIIo
CCYNtHHHOOOaa'sss
cYYYppriieeeNN
cccYPPriiann'sss
cccyppprrriiaaaNSS
CCCyppRRRIiTT
CCYYPRRRaaoTTT'ss
CCyyPPPROOoootttOOO
CCypprrraaaoooTTTeee'SSS
ccyyPPrriiotUS
ccyyypRooootss
CCYYYPPRuSS
cYYppprrrasss'SSS
CCYrrrIInnnoo
cccyRANEE'S
CCCYRRoooNaIIIcc
cyyrEEnUOOOcccAAA
CCYYYrrreeNNOOOiiiCCCANN
CCyyRRRinaUUCCCIISSSm
ccyyRRRaaannEEE
CCYYrroLL
cccYRRRIllLLiCCC
CCyyRRRiLLllICC'SSS
CyyyREEESSS
CCCyttHerraaa
cccyythhheeeriiiUU
ccYYttthOOORRRiA's
cYYYzziiicuSS
CCzzzoooCHHH
CCCZZOCHH'sss
cccZZZecHiiiSSLEEEVik
czeccHisslllOVVVaakkiaa
czzEEECCCHHuuSSSLLLOvvvAKuaaa's
cczEEcHHHooslllOvvAAkkkIAnn
CCZZZeCCCHHOOssslAVVVaaaKKiiaaaN'sss
ccZZZocchhhEssLLLOOOVVVaKiaaanSSS
cccZZZAcHHs
cZaRNNoowwIIIttz
czzzEErnyyy
CzzEEsssTTOOOCCChOOOwwwa
CCzzzosssttoCCChOOOWWaa'SS
DDD
D'aNNNNonnzzziiiOOO
D'SSS
dddaa's
DDDOTTT'ss
dbMMsss'S
DDCC'ss
DDDD'SSS
DDDDDss'S
dddMMMDD'S
DNNNAA'SS
DDOs'ss
dp'SSS
daaCcaa
DDDECCCCCI's
DDIIcccHHHAU
DDDaachhhEEuu'sss
dddOOOCCCUUUoo
daaaCCCOOOAAnnn
DDaaaCCCrronn
DDICCCrrrUnnn'SSS
ddaccRiNsss
DDDaadAAA
daaaDAAA'S
DoddEEiiSSMM
ddAAADDOeesmm'ss
DDodoooIsmmS
DDoooddoiiSSSTTT
ddaaDDUOsssttticc
DDDAAdUss
duODDDaLLuuuS
DaaaadddaaaLLLUSSS'SS
ddaaagaaannn
DDOOOGOOOnn'S
dddAGGddE
dAGDDUU'sss
DDDaaaGGeeenHHHeem
dddOOggmmmAAARR
ddAAAGGGmmAAAR'ss
DDAGAAANNN
dddaGENN'SSS
DDagggOEErRRRE
dAAgggWooooddd
DDohhL
ddAAHHHll's
DIIHHHnI
ddAAhhuuMMUUUn
DDDEEEhuummmEEEann
DDDOOOHHuuMMeeyyy
DEHHHOOmmmEEyyy'SSS
dddEEEUUUmmmLIr
DAaMlerrr'sss
DaaaARRREEN
DDDaaaAASSSYYY
DDIIIkkk
DDAAAKKKEEErr
DUUUkkkUUURRR'ss
daKattti
DaKKOOOtta'SSS
daKKOTTeNN
dddeeeKKKoTasss
ddIIILLLiiddiieerrr
dALLe
DDDUUUlllOOY
dddAAALEYYY's
DDULLLHHoIsiiiee
ddAlllIII
DaLLLeeeaN
dddALLLOOAN'S
DallliiiSqquee
DaaaLLLIPaCccoooLLAA
daaallUSS
dddAALlllUUUss's
DDDUUllLLLaSeetE
dddAAALmmmAAATTTIIa
DDDULLLmOOtIIe'sss
DDDAAAlMAATTTiiONN
DAAllMuTTaAAN'sss
DAAllMMMaaaTTTIANsss
DDAllTOON
dIlllTaaaN'S
ddaaM
dAAAmeeNNN
dddeeeMMMaaaRRIIIlAnDD
ddimOOssccennne
dddaaMMaasssceNNee'SSS
ddduMAAssCEEENOS
dddaaammAsccuuuss
DUUmoSSSCCUs'S
ddAAAmEEE
DDaMOOOAANN
DAMMOaaaNN's
DAAMiiEEEn
DDDAmmEoootTa
ddIIMMuuooon
DDAAmiooN's
daaaMiicclleeSS
dddooommmiiinnn
DDDAAAmmmonn'SS
dddaaaMPPIIIErrr
dIIINNN
DDannEE
DDDannnaa'sss
dddaaannaooddeesss
DDEEnaNNNg
DIIInnOOONgg's
DaaNNNIIIUUSSS
DDDaaaNNNaES's
DAAAnnnUUë
DDAANuuu
DAAAnne'sss
ddAANEEggELLDDD
DDDEEEneeeLaaw
DDAANEEsss
dddeNNgERRRFFFiieeLLLDD
dddAAANGoRRFFFOellddd'SSS
danIalll
ddaNOAll'ss
ddAANNNiEEl
DDDANNNIeeLLL'SSS
dddeeeNNNIIuullllllee
dddAAAnEEEiLLLllleee'sss
DDDANNeELSSS
ddANNNIIISh
dannnuusHH'SSS
DDiinnnnnniiUUU
dannNNaU'sss
daannnnYY
DDDaaanny'S
ddIInnAAAnE
ddEENNUUUNNAAA'ss
DDDAAANTUUU
DAAnnTe'S
DAnTTEEaNN
DDAANNTeSqUUeee
dddaanTOOONN
DDDIIINNNO
ddUNUU'ss
dddaaannneeBBBaaa
dddaaannABeee'SSS
dUNOBUUUann
DDaNzzIIIGGG
DDAAAnnzzUUUGG'ss
duuuPhhhNNe
DDAAPHHHNE'ss
ddAAApHnISSS
dddiPPPsuuNNNG
dddUUUpppsannnGG'SSS
dErbbY
ddAARRRBBByyy'SSS
dddaaarrrcccyy
DDarrrCCY'S
DDaaaRRdAN
DDUUURRRdooonUUULLLIIIsss
ddirrrDDDAAAnnneLLLees'ss
ddUrddAAAnnUSSS
dIIRRRoo
dOOOrrrOOOnn
ddeerreenn'SS
dddAARFFEEERR
ddiRUIIIN
DaaruuNN
dddaarrroonnn'SSS
daaRIii
DDoorUOOO's
ddAAARIuuss
DAARJJJEEEEELIIING
DDDaRRllAAA
dddaRllA'S
DDDiiirrrlllUUUNN
dddAAArrLLeenE
DDaaRRlaaannnEEE's
DDAAArrLLEnng
DuuuRRLLLinnGG's
dddAArrlllAnnGTTUUnnn
DDDaarMMSTTTaDtt
ddArrNiLL
DDARRnnooollll'S
DDaaRRRnnnLLeeeYYY
DARRiiiLLD
DDDaarOOOldd'ss
ddUUURRRReeLL
dddArrrreL'sss
ddAArrAAAllll
DDDARRrrrUUlll'SSS
DAArrrRRiiNN
DDaaRrrEENN'SS
ddiiirrRRUnn
DUUURRReenn'SSS
DDAArrrrrOWWW
DIIRRrYL
DooorrrrryyLL'SSS
DDDeeeRRRttH
DDaarrrttth'SSS
DEErrrTMMOOeeR
ddaRTTTMMoUtH
dAAARRVoonnn
daaRRRveNNN's
DaaaRViiinnsss
DDUUrrWWWIIInnn
dUUUrwwwoooNN'S
DaaaRRRWennnuuaaaNN
DDuurrrwwIIInuSSMMM
daarWIIINNNiSM'ss
dddirrrwwwonnnIISSmmms
DDEERwwUUUNNAAASSSTT
dEEErrrWWWaaaNuuuSStttIIC
dddarrylll
DArrryyyLLL'ss
DDaaaabiggnnnyyy
DAAUUUDDDUT
dAAuuGeeevI
DDAAuuugAAVPPPOOOLSSS
DDDIIUUGGheeerrTTY
DDDAAAUUghhheeRRty'sss
DDDAAuumiEEER
DDIIuuPPPHHHIIInn
DDDAAAvvOOi
dddaVVOO
DDOOvve's
dAAVVEEnPPPOOOrtt
duuuvID
dddiiVVVIIIdd'ss
DDDAAAVVVIIIddsss
daaaVIDDDssooNNN
DDDIIIVOOOddSSSUnnn'sss
daaVIooss
DDDAVVViiis
dddUVVYY
dddOOOWWWeeeS
ddAwwwn
DaaWnn'S
ddAAWWsssIIIN
DAAyy
DDDayaaK
DAAAYYYannn
DAyyyttEN
DDEEGGGiinneeerrreeeSS
deeeGEneerrOOSSS'SSS
DDEeeDHHeeAdd
DDDEEEAADDDHHUAAAdd'SSS
DDEEEUUF
DDDIuuKIN
DDDeeeaaan
dIonE
ddeeiNNAA's
ddEeeeNNdRRREE
dEaaaNNDDDrooo's
DDDeeeeeeNNA
DUUUAAANii'SSS
DeAANNN
dAAaaNNNN'sss
deeeNNNNEEE
DDeaNNNuu'sss
DDeeeOnnnNNEE
DDDeeeANNnnEEE'sss
deeArBBOORRnnn
deEEtth
DeeEEETTThh'S
DDEEaEEEVViillllo
DDeeebbbBIee
DDDeeeBBBiiii's
ddUBBBBBYY
DEEEbbBBYYY'ss
dddeBBBuuuan
DDDEEEbbbIIIann'SSS
DEBBBORRAA
DDDOBBOOORO'SS
dEBBBOOrrrIIHH
DDUUUboUUaLLlllEt
deebbouoollllettt'sss
ddEEbbbrrrEE
dddEEEBBBra'S
DuuuBBRReeecEEnnn
DuuBBSSS
DDIIBOOOSSSsYY
DEEccc
DDuuuCCC'ss
DDDEECaaaLLUg
DDIICCCAALLOOOggguuuuu
ddIIcccEElllegggUee'SSS
dEEECaaapppiiiLLOOOs
dddeccAAATiiirrr
dddEECCcIII
dddeeecccca'sss
DDDEEEcccccaan
dddooCCCEMMMbbbeRR
DeccoooMbbEEERRR'sss
dddiiCeemmbbIIIrrrSS
DDDecceeemmmbbRRRiSTTT
DDEEECCKKKERR
DDDEEDiiiKKKooonnnD
DDeeedEEEKKAANdd'S
DDDUeee
DDDEEEEnna
dooinnnaa'S
DEErrrO
DuoorrrEE'S
dddeefffeee
DDDiiiggUss
dAAAiiiAAnnIIRRRuu
dddEEoodrii
DDDOidddRRRU'S
DiiMMMOOOSS
duuuiRRRDDrrE
DEEiiittyyy
DDDEEEJEEssIIS
DDAAjisssuuuss'SSS
dddOOKKKKKEERRR
dddEll
DDeeelacccrAAAIIXXX
DDDEElaaacRRRUZ
DOOOllOccRRRUZZ'sss
DDUUlOOnoooyy
DDDEEllANNNUUY's
DEEELAANE
duuluuuNo'ss
ddEELoooUUUNNayyy
DDDellaaWWuuuRAA
dddeeelAAAwArro'SSS
DDDeLLLiwwErrEann
deeeLaaaWWEEERRRooaaannn'SSS
dddeLAAAWWuurrraaaannSSS
dddEElllaWWEErrrOOOS
DDDEEELLLAAAwarIIIAAN
DEEELLoooWorrrIANN'sss
dUUlllBBBurrrt
DDaaLBBBErrrT'S
deeeLLAdddoo
DALEEUUUnn
DDEEELLLaOnnn'sss
ddellFFTTT
DDELgggaaadUU
DEEEllHHiii
DDuLLHHi'ss
dddIlllIIIaaa
ddEElliiAAA'SS
ddelloOONN
DDDELLIIIbEESS
DDEEELLLiCCiiieES
DDDuuliiCIIIOOOEEs's
DellaLLUUUH
duLLLIIlllaHHH'SS
dIIllleeelAAAhhSS
ddelllIIIOsss
DDAAALLLLL
ddAlllLL'S
dddUlllllOOO
DDDeeLLLeee's
DDDeeeLMMMuRRR
ddOlllmaaar'SSS
delmAAARRvvAAA
dalMEErvvaa'SS
DDDaaLmmmerr
DEELLmmeeer'SSS
DOlMoooNNNIccco
DDDELErreeSSS
DDelOrrrEEEsss'sss
ddeeellaaRRRIISS
dddEEELLooriiS's
deeLLIIIRMMee
duLLoos
DDDEEElphiii
DAAALLPPHHHii'S
DellPPHHOOCC
DDUUULppphooNNuuuSS
dilpppHHHIIInnnuusss'SSS
DDIlllTTTaa
DeLLLogEE
DDDUllliiGGUU'SSS
ddImmm
DeeemaaVeeNNNdd
DDDEEMMMuuuVVVOOONNNddd'sss
ddeeemoooRoooL
DemmmiRaL'SSS
ddduummeRROlls
dAAmmEETTTeerr
ddEmmmEttEER'SS
DDDumOOTTTRRiuuuS
DDooommEETTriiUUUss'S
DeeMinnG
DEEMuuuNNGGG'sss
DDDEEMMUUUcRRRitt
demmoCCRRRet'S
DDeMOOOcccRaaTTTUUUcc
DDEEEMMMooCCrAAAtttS
DUMMICCCRiiittoSSS
DDDEMMaaGGOORgggeeeNNN
DDUMossstHHEEEniiss
dddiimeessTThhunASS's
demmmOOTUUUc
DDeeMaaattICCC'SSS
DDDEmPPsssOOYYY
dddEnnn
DDeeeNNNuu
DeeNNNOO'ss
DDDEEEnnaaLIII
DDDEENNNBBAAGGHHHSSSHHiRRReee
DDEEENEEEBBB
dddaNNeeebELAAA
dddeNEEBBolUUU'SSS
ddduuunnGGG
dEENNggg'S
dEEnnnOS
ddEEENiiSSSee
DDDennASSEE'SS
dEEnnnmmAArrkk
DDeeennnmmmaaaRkk'SSS
ddAnnNNAS
DDAnNNNYYY
DDennYY's
ddIINNNppAAssIIRR
dddEnnnpppUUSooor'SS
DeNNNTOnnn
dddUNNNvOOOR
DDonnnvveR'SS
dEnnnyyS
dooOOOnnn
DDEEEiinnn'S
DEppP
dEEpP'ss
ddIReeInnn
dddeRRbinnnT
dddEErrrbbYYY
DAAArrbYYShhiriii
DiiiReeKKK
dddeerrrIIIk'SS
deriCCCkk
dURRiiccKK'SSS
DDDooorRuuCCk
DDDEEERRRRReeeCKK'SS
DDeeerriiddAAA
DOOOrrrRRUUUDDDAA'S
DiirrrrYYY
dddeRwwweeennnTT
DDDEsccAARRttteS
dddEEssscAArrTTaaS'sss
dASDDDeMMUnnniii
DDDAAsdddUUUMuunnnEE's
DDESSiiREe
ddeSSiiRRReeeeee'sss
daaassmmeNDDD
ddaaaSSSmOONNd'SS
dEEESSSmmAAAAlllIINSS
ddEEssssssallIneeSS
DAAAsSauuu
dddUUtttrrreeeTT
dddATTrriiiitt'sss
DeeeoooCiLIIOnn
DDEuuuss
dddeeuuut
dddEooTTiirrrOnnOOOMMyy
DDiiiuuuTTEEERooonnOOOMMy'sss
dEEuuuTSccHHHleennDD
DDUUaTTssscHHHllaaND's
DAAAuuuTsssccchMMaaarrrkkk
dddeuTTTSChmArrkk's
DDDiuutttSCHHMMMorrKKS
ddeeVVVAAnnneeegAARUU
DDDeVVVoooNNNeeegaaRe's
DDDeevveeNNNTaR
ddeevviiirrEEOXX
Diiivuu
DDDoVVVI'S
DDDeeevvOl
DDDUvvvIIll'SSS
diiiVVVInnn
DIviinn's
deeeviiN
dddeeevvOOn'SS
ddUUUvooNIIAAAnn
DDUUUVOniiaaannn'SSS
DevveNNNSSS
ddduvvvOOnnSShhiRRREEE
DDDeeevvunnnShiiirO'S
DDDiiwwAAARR
dowiiir'SSS
dEWWAArrsss
DeeWWayynnEEE
DDDeeeWWWoooYYYnnOO'sss
dEEwweYYY
DDDEEwwwEY's
dddeeeWaaaTTTT
dddoowwwEtttTT's
DuuuXXaaamyll
DAAXXEDDRRRINII
DDDeXXXiiidddrinoo'sss
DDDIIIxIIDDDRRiinnaS
dddUXXXtuRR
dEZhNNEEVVV
ddHHHaHHrraann
ddHEKKU
DHHHoKKKa'SS
dddhhAAAMMMMMipppaaadAA
DDDHHIUUULaaaGGGiiiRRRiii
DHHaaauulllooogooRii'sss
DDDi
DDiicccApppRAAAAA
DDiiicUPPPrAiii's
diiiMMMAAggggggeeee
ddIIUUUGGhILeeevvv
dddEEEaalll
ddIIIAL'SS
diioonnn
ddiiiAN'SS
diiiinna
DIIOOnnnA'SSS
DDDEEUUNNNOOO
ddEEANNa'S
DDoooANNNNN
DDDIIIAnnnN's
DDEEannNNNaa
DDIAAAnNNEE's
DiiaaaNnnnee
DDDaaaAnnnNuu'SSS
ddeeeaS
dduuEEssPPoooRAA
ddoooiiSSSppaarra's
dddAOOOspppOrrOOOSS
DDiiAAzzz
Diiiccck
dEECCkkkAAAnnnSSS
DDDUccKeeeNNNssEEuuNN
DaaccKKKORRRsssooonnn
ddiiCCCkkkEEERRRsssOOOn'SSS
DuCCCKKInSSooNNN
dIIIccckkkSSon
dddEEckkkssAAN'SSS
diCCCtttaaaPhooNEEE
dddiiicTaapphONa'SSS
ddIIICCCTaPPPhhOOnnnIss
ddicccTTTOOOgggrrAAppphh
DDDiiDDaaCCChhee
dddUUddirooT
dddIIddII
DDDeddeee'ss
DiiDDDrrrIIIKKSSSOnnn
DDaDDDrrriiiKKKsssaaann'SS
DDiiiaaafEEEnnbbbiiikeeeR
dddEEEiiggo
DDDiieegooo'ss
DDeEEm
dddUUUIIIMM'sss
DDDUennnBBBaIIINNppHHHE
dddAAAeeNNNBBBUuuuNPPPHHI'sss
DDDIIePPpUU
dddaaaeeSSEL
ddiiEEsseeeL's
ddAAESollS
daEETTTruCCChhh
ddojjkkkstRu
ddIIIJJJksssttrrrAA'sss
DIIJJJOON
dddIKKeee
DiLLLAnnTIIInnn
DDaaalAANNNTTTiiin'SS
DDIllluuNNNtttIInss
dddillbeeRRRT
DDDiLLLbbbeeeRRRTTT'ss
DDIlllordd
DDDillllard'ss
DDOLLLLiiiNNNgggEErrr
DDDiilllllIIIngIrrr'SSS
dddOLlloon
daaallLLaaan's
DDDIMutrrrOOVVVoo
DDooonnn
DDinnuuu
DDDIInAAA's
DDINNeeHH
DDDiiiNNNOOOseeeNNN
dIIInKKKEE
dEENkO'SS
DiiiNkAAsss
DDIINNo
DDDiiinnOOO'sss
ddiiioClllEEETiiiAAnn
DDIIIUGeennUUUss
dOOOmmmadEEss
dddIIEEEN
DDUUeen'SSS
DDiONEEE
DDDaiiNnOO
diiiennnNNNi'ss
DDionnysssEEEAA
DDIIIoooNNyyySIIIa'S
DDDuuuoooNYYYsssieeeCC
dooUnnnYYSSSaaennn
ddiOOONNNyyyssiiiUUUsss
DiiiIIInnySSSOOOs
DDDEEnnnYssOOOs'ss
dddUUUOOnnnYSUUUs
DDDoooOOnyyssISS'S
DDDiiEEPPHEEnntAANNEE
diieeepHHHOOOnnttuNee'sss
DDAEEPPPHaaannntUUUsss
duuoorrr
diiooScuuurrii
dddIIIpppparr
dddiiPPPpppOORR'S
DIrr
DDIIIRRAACCC
ddiiRRReCCteeeARRREEE
ddIrrrOcccHLLLUt
DDDIrrk
diiRRRkkk's
ddIIsss
DDDAAss'SS
DDiiisccIIPPLLLe
DDDoooSSnneeyy
ddiiSSnnEEEYYLLeennD
DisssrrrAAAEEElI
DDESsseeeNNNTTT
diisssSSSeNNT'S
DDDAeee
ddiiivvveeesss
dddiiiViiinnnE
dddOOvvIIIne'S
ddiiiVViNItYY
dIwwaaaleee
dddIIWWaaaLiii's
ddIIIxxx
dIIXiaa
dIIXXXIIE'SSS
dddiiXXiEEECCCRRRoooTT
dixxAAIIlOnnD
DUUUxxIIIEEELLLAANDD'SSS
DIXoEEElllAndsss
DDaaXooNN
DDIXIIINNN'SS
ddiiyyyUUURRBBaaaKIR
ddIIIyyooRBBaaaKKKUUrr'SS
DDjuuukartttEEE
ddjikkAAArTTTee'S
dddJJaaaMMMbbU
DjjjeerbbIII
DJJJiBBBuuuuuutttiii
dddjjjIBBBIIuuto'S
DDjOOOkjUUKKKarrrTTA
dddmmmOOOttRRRIII
DDmmiitttRO's
dddNNNEEEppR
dNePROOOdZZZeeeRRzzzhhhEnsssKK
dnneePRipETTrrIIIVVSSK
DDDnnIIIEEEPPPERRR
dNIIStEErrr
dnnniiPPRRRuuuPPPETTRRROOVVssk
DDDNUUpprrroooPitRRovSSSkk's
ddOOOBBiiiN
Dobbbbin'S
DDabbbURMMaannn
ddoooBeeerMAAAnnn'SSS
dooobbroo
DDoooBBBrruJJJoo
ddaccetoooSSM
DDDUUUcceTTTiiiSSSttt
DDDaCCtttEER
dddAcTTToorOOOwww
DOctttURRuWW'sss
DDODDecannnEEESE
DIIdddgggE
DDDoodddGU'S
DDDoddGGGOOM
dddoooDgEEEM'SS
DDDOOdddgggeeMSS
DDDEEDDgggsseenn
dODgSSSooonn'S
DDooDOmmmI
DDOODDEEEmmme'SSS
dddODDUUUnnna
ddOOddSSSONN
dddOOOddSSSON'ss
DuA
DDDooooNNNuutzzz
ddiiggbeeeRRRrrry
DDDooohII
dddeehha's
DDOOlBBy
dddAALLLeee
DDDIIlllOO'SSS
dddaaLLLffUUSSSS
ddOOlLLIIEE
dOOOllliioo'ss
DOOOlLY
doollllY'SS
DoLeemuuTTTEEEsss
DDooleerrESSS
dooLLooorreSS'S
dddUUUMM
DDDOmmmEESSdaYY
dooomIIIsssdAAy'SSS
ddoooMMeTTttt
dOmmmInnGO
DDOMMMengi'SSS
DDOmminnnggAAEEEzzz
ddImmmEEnnnGuuuEEzz'ss
DIMMMiiinaaC
DDDuMMMiNNNiiCCCAA
DOOmmiinnIICAAA'SSS
DDaMMIIINNNaaaCCAAAnnn
DoMIInnnoCCAAAn'sss
DDDIIMMInACCCAAANNS
DDommAANNNICCCKKK
deeeMONIccckk'S
DDDOOOMMMIIINNNeecccKKKss
ddeeeMoooniioN
dooMIIINNIQAO
ddeemanIQQQaaaOOO'S
DoMMMiiinO
ddOOOmmuuunnoo'S
DDDUMMIInnuuss
DDDeeemITiiiaN
diiiN
DDooonnn'SS
ddOONooo
dOOONaaaHHHiiiEEE
dooonnnahhuuue'ss
dddOOOnnAAALL
dddiiNNaaL'ss
DDOOOnnALddd
ddOOONNNUUUlDDD's
DoonALLLDDDSSoNN
DoonnoollldddSSSOOOnnn'SSS
daNNaaRRR
dddONNaarr's
DDooonnaaaTTEELlooo
DDDeeNaaatttEEEsTTT
DDDaNNNAATTToosss
Doonnaaaa
DDDoNBBBISS
dduuuNNNBBOS's
DDINcccAASTTTEEERR
DDDUUnnnIGAAALL
DonuuuttSSS
dooonnneetttSSSkk
dddINNOOOTTSkk'S
DAAnnnGGGUULLLoo
DDOONNNOZZOOTTAA
duNNNIIIzzzettttUUU'ss
dddOONNNNNN
doNNnnn's
DDIIINNNnnnU
ddooNNNNAAA
DDonNNEE'SS
DDDOOnnnNNEEEllL
ddONNNNNNOOOll'ss
dddaaaNNNNNNeeeR
ddOOONNNnOR'S
DDoNNNNNEEEAAA
ddoNNNIEE'ss
DDOnnnnny
ddoooNnnnYYY'SSS
dEEENNOOvOOOn
dIInnnoVVaNN'ss
DDOnnS
DuuOOOLLLey
ddaaEEElllAAAY'S
DDooEEELItTTla
dddAAAOOnnneesBBIrrYY
dounnEEESBBUry'SS
DDOOuuRRRN
ddOOPpppLLeeeRRR
DDoooRRRAAA
DDDIIIrree'S
dddaaarraaDAA
duuuRRRCCAs
ddERRRccchhheeeSSTTTAARR
dOORDDDOOGNNE
ddOOrrDDREEECChTTT
dddAAArrrEEann
DDDarrEEEEEENNN'ss
dddOORRRAAAAN
dddERRUUaN'SS
DDDUUURRRoooaanss
DDDOOOrAAcc
dORiiiccc's
DDEErriiSSS
DDooRISSS'SS
DDDOOrrrIIITTTIsss
ddOOrriiTTAAss'ss
DDEErKKKIInGGG
ddOrrriiTThhhooIII
DDeeRoottthheU'ss
DDOORRRuTTThhYY
DIrOOTTTHHHy'SSS
DEErrPPPAtt
dddooRSSSETTT
DDooRsseeeTSSShIIREEE
ddEEERRRSSSEEEtsHHAArrree'S
DDarrSeeYY
ddooorsEEy'SSS
dOOORRt
DooRThhYYY
dddoRRTTHHy's
DDDOOOrrrTTTmmmennnd
DOOOrré
DDDoorrré'SS
DDDoSSStUUUIIIvvSSSkkiii
DDDoSTOOaavvvsKKA'SS
DAAAsssTTueVVSSkkY
DDDoSTTToooeeVSSSKKKY'S
dOssTTUUYYYOOVsKI
DDDooossstooyyEvvvSKa'ss
dOSStttooYYYeeVVVSSKKoooaaNN
DDDuuSStttooYYYIIIvvSSSKYY
DDDoooStttoyyeevvvsssKKKyyy'S
DDooott
dddoT'ss
dooTTTsssoon
DDOOtssIIIN'ss
DDUUTTtIIIEEE
dddooottiiiE'ss
DDDOOttTy
ddOOTTTtttyyy'SSS
ddeO
duuuuuuii
DDDoooaaaalaa
ddaauuuIIILLLa'sss
DDOOUUaYYY
ddOOIaYYY'S
DiUUUBLLeDDDooyy
DDDuuuEEBBBLAAADDDaaaYY'sss
ddIuuBBBss
dddEEiiGGG
DDDOOuugg'ss
duuUUUgHHHTTyyy
DDoUgggllIIIsss
dOOUgLLaSss
DOOOIIkkhhobooorr
DDeeAAArrroo
DDDIIIVee
dddIIvveR
DDDEvIIR'S
DDDOOOww
dOWWlllIIInnnD
DDUWWn
dddUUwwwnnpppaaaTTTRRuucccK
dddOwwwnppIIItttRuuucccKKK'S
DDDooowNNS
dOOOWWNNNyy
DuuuwNNYYY'ss
ddooWWWSSONN
dddooyyyleee
drr
Draaaceee
dddRACCOO'ss
ddRAconneeUUnn
DDDRRaaCCCUlllOO
DDDrAccuuuLaa's
DrrOOOKi
dddrraakeeennnsbbiirgg
dddRRRAMMAmmmIIINNeee
DDDrrrEEMMimmmeeNNEE'ss
DDRRRaaMaaammmaaanneeesss
DDRaammBuaaaaaa
ddrAAnnnii
DrAAANNI'SS
dddrAAAPPoooRRR
DDruuVVA
ddRRAAAvvviiDIiiN
ddRRRAAAVViiDDIeennn'SS
dRAVOOODDDIEEnnns
DDraaayyTiiN
DDDrrrOOOIIIbEEEnndd
ddrrrAAisssER
DDRUnntHHHeee
dRREEsdddIInn
DRResssdaann'SSS
ddrUUUW
dRReew'SSS
DDRRREEEYYfffUUsss
DDRRReeyyyFFFiiss'ss
DDRRIIINNN
DRRUUNNNKKKwuutEEERR
dRRRiiiSSSTANNN
dddriSStttinnn'ss
dRRiiiggghhheDDaaa
DDDRRRiggghhhIddAAA'ss
DDrrriidGGGee
dddrrriiidggo'S
DDDrruuueeedd
dddraUdddIIICCC
DDraauDDDIcccuuul
DRRUUUiiddIIIssMMM
dRRuuuSSSE
DDDRRRUUUzee
DDrryyaaaddd
dddrydddeenn
dSSCHHHuubBBAAA
DSSSCCChhhIIbbbAAA's
dddeee
dddooBBBoiiiSSS
DubbbEEIS'ss
dddeePPPOOnnntt
DDDoooaLLAAA
DDDIAANNNe
dUAnnE'SS
dddUUUBBBeeI
dduuubbaaaYYyy
ddUUUBBBAAyyY'SSS
ddduuubbbcccEKKK
DDUUbccEEKK'sss
DoooBhEEE
duuBBBho's
ddaaBBlleen
DUBBBluN'S
DDUbbLenErr
dUUUBBlllOnIIRRR'S
DDDOBllINeeRRRsss
DDDUBBoooNnnnUTTT
DIIBBBrrreVnnUUUkk
dddaabbRooVVneeKKK'sss
dddIIIBIfffffIT
dduubbbUUUquuuaa
DDDuubbuuqquuuEE'S
dddooccHAMPP
dddADLLLEyyy
DDooeeRROOO
ddduuufFFY
dddAFFFfffyyy'ss
DDDuuFyyy
dddUhhhOOOmmmiiill
dEEOsBUrrg
DDDuKKKAAASS
ddduukkEE
DDUKu'S
dddUUlLLLuS
DDDOOlaaaThh
DDDUUUMMMess
duuuMMbaaRRTTUUnn
DUUUMBBLLiiidUUURREE
dUMbbblUUDDIIRRRaa'SSS
DDDUUUmmBBBIII
DDDAAMMMBBBOO's
DuuMMFFFrrriiiEEEsss
dUMMMPPSteRRR
DDDaammUUzII
ddeeMUUUzi's
DummmyAAAt
ddUUUNNNAAA
DDDUUnaaj
DuuuNNNAnnnttt
DUUNNbbbUUr
ddUnboortuun
DuuunnnCCIIIn
DDUUUNDDDUUlllKKK
ddAAANNddUe
DUneedInn
diinnnFormmLLIInOOO
dddiiNNGGGAAnnnnnnIIIn
dUNNGGAAAnNiinnn'ss
dddoooNNNkeeeR
dUNNNKKKuur's
dUUUNNkkkuuurSS
dANNNkiRKKK
duuunnnkaarrkk'SSS
duuNNKiiRkkksss
DDUNLLOOpp
DDDunnnLLLaP'SSS
dddaaaNNNLLLoooPP
DDDUnnnn
dddUUUnnnn'SS
DDDeeNNNnEEE
ddAAAnnnnE's
duuNOOOIsss
DDDunnSAAANNYY
ddduunSiNUUnnne
DUUUnsTTTaaBLLiii
DunnSTTAnn
DDuuuppplleeIxx
ddUUUrrr
DDUUraaacAAALLlll
ddduuuRAAACCiLLLlll'SS
dorrriiLLeeeMMEEENNN
dddIRaLLimmIIInn's
DDuRAnnn
DDOrrraaannn's
DDurrriiNGGII
dddAAARRaaanTT
dddurrEEEnnTTTu
DDEERRAAAnnTTTee'S
DDuuRRRaZZZO
DDuurrBannn
DDOORRRoXXX
DUURRReeex'SSS
dirrEyy
ddduuuREEEyy's
dddiRRRGGaaa
dddIIIrrrGGAAA'sss
duurHAAAMM
dUURRRHHuuumm'ss
DDeeeRRHHHAmmSS
derruuUs
ddirrriiuuSS'sss
dUURkkHHeeeUUUmm
duuuRRaaccc
DUUUrrrooocheR
DDuuurrocccHHHeeR'sss
ddoRreeeLLLL
DDDurrrWEEErrddd
deeeRwArrrD'SSS
duuuseee
dduuusseee'SSS
DDDUUssshaaNNNbbooo
duuuSHHAANNNbbEE'ss
ddoossTTbbiisstttiirrr
dduSSTTbbAAAsTTEEr'ss
DDDIssTTTiinnn
DDDaSSSTuuunnn'S
DDUStY
DDeesssTTyyy'SS
DDDUTTccchhh
DDDUUTcchhh'ss
DDeTTTChhmooonnn
ddeettCHHHMAnn'SSS
DDDuTChhMMMEEnn
DUUTcccHHHWWWommmAAAnn
dddUvAALiiiEr
dddvvvONa
ddVVIInnnskkk
dddvORRRáKK
DDDWWWAAAeenne
DDDweeeAAANNNUU's
ddWWWaaayynEEE
DDwAAAYYNEEE'ss
dwwwaghhTTT
DWIIIGhtt'ss
DDDyy
DDy'S
DDDYYYaak
dddYYiIISSS
ddyyAAUUUSSS'sss
dYYuuuRR
dddYYYoR'ss
DDyyyFFEEEDDD
DDyFFeeeD'sss
DDYYLLLaaaNNN
ddYYYLLAAnnn'SSS
ddYYYNNNEll
DDDYSSSon
dddYYssOOOnnn'ss
DDzeeeRRRzzhhinnnSSKK
DDzzzEEERRRzhhOOOnssKKYY
dddZZeeerrzzzhhhAANNSSkkyy's
ddZZooonnGGGeeerrroooiii
Dürrreeer
ddüsseeeLDAARRRfff
DüSsELLDDDooorff'sss
II
U'sss
aaaCG'sss
eeeCCmmaSSSccRIIPT
eeeccMussCCCrrrEEEppT'SSS
eddPPP'S
eeeEEccc'ss
eeeaaggg'SS
Ehff's
uuuKKGG's
ulf'SS
iiiNNNII's
EEEpE'SSS
OOSEEE'S
eeeSSpp'S
EEESTTT'SSS
Eaaa
eAA'S
uAAAdwwiigg
iiiudddWWWuuggg'ss
EEAAAKKiiiNss
AAAaaallInnGGG
eaarrrHHaaRt
eooRRLL
eeAARRl'ss
OOAAARLLee
eeIIIrlllE'ss
UUooorrrlleeNe
aaaAAArrLLLeennne'S
eaaaRLLLIInnnEEE
EaaaRRLLLEENNNE'SSS
uuaaarnnaasTT
EEaaRNNNEESSST'S
eeeAArrNNeSTTTIInnne
eeeerrrnUUUSSSTTTinnnEE'S
uuaaRNhAArrrdTT
oaRNNNHHArrDDDt's
AaaaRPP
EEArrpp'SSS
EIIRRRThh
EAARRRtttHHH'S
aaaEESSt
iiiaasssTTT'SSS
iiEESttbbbooEErnnnaa
AAaastteeRR
EAAStttEEr'SSS
eeeoosstttUUrNNN
EEAASSTTTuRNNeerrr
EEEISStEEERsss
EuuSSSTOrrrttEEDDDEE
eeOOOstttEEERRttOODee's
ooAAsstttEEErtttIIDDDooss
iiaaStmmmAAAnnn
eeeAASSSTTTsss
eeAsssTwweeeaaD
eeAAAssttWWWEEIIIdd'ss
uuuaaatin
EEEAAAtttonn'ss
oBANNN
iiBBAAAn'S
iibOOnn
UUBeNNN'SSS
aaaBBEEnnOOOAAAzzeeerrr
EEbbEEnnEAAzUUURRR'sss
EEBBiRRRtt
AAABlllIIIno
EEbbblllaannnAAA's
EBBllloooS
eeBBIILLiii
eBEEnnICss
eeeBBBUUnnnuucccSSS's
UUUbbboonnYY
eeeBBannYY'SS
aaabboRRAccUM
EEEBBBROOO
EEEBBBrrrOOO'S
EEcccbooTTaaannuu
eeCCCCCCllleesss
EEECCcLesssIIIasstteeeS
ECcccllOssiEssTTEECCusss
UccCCCllUs
EECCCHHa
IIIcccKKK
IIICCCkhhhAArrT
eCCCLLEEECCTaC
ooccLEcccTTTuuuc'SSS
eCCCIII
EEECCCooo'SS
EccSTTTAAssy
ICCCIaa
eCCCOooDur
UCUUeeedddOOOr'SS
eecUUUUDDOOOrrANNN
aaaCCaaaIDDDAAArrrInn'sss
UUUcUUeeDURAAAnnSSS
OcccuuuiiddduuurrrAAaaann
uuCCCOadddORREEAAAN
ooCOaaaddeeeRRRaauunn'ss
UUccIIIadOriiAAnnSS
EEEDD
eDD'sss
eDaammm
eeeddaaaM'SSS
OOOdAAAmmmss
addddaaa
EEDDAAAeee
eeDDddiio'SS
oodddDiiiNgTTTaaaNNN
EEDDDDUUnGGTTOOnn's
EDDDDDyy
EEEDDDDDyyy'ss
EEEDDDEEE
EDAnnn
aDDDeeeNN'sss
EEEDeenniiic
EDDiiNNNSS
EEDIsSSSA
edgaaRRR
eeeDDDGGAARRRDee
IdGGorDDU'ss
OOdgggeeeWiRRTHHH
iiidddunBBuuurGGGHH
EEdddiiNNBBEERRgggh'sss
AADDIIIrrnne
eeddiirrNuuu'sss
EdddiSIIINN
eeeDIssoonn'sss
EEDaaaTHHH
uuuDUUUTTTHHH'sss
IIdddmOnDD
EDDDMMUUUnnnDD'ss
EEEDMMINNNtttuuunnn
aaaddMMMooonnnTTUnnn's
EEEDmmiiNNdd
EEEdMiiNdd'SSS
uDDNNNo
edddnnA'sss
EDDA
IIddOOO'ss
OOdddoooMMM
EEddIIMMOtEEE
EEEdooSS
edddssEElll
edsAAAN
OdSOONNN'SS
EEEddaarrrddo
eeeDUUArrrDDOO'SS
UUUDDDwwooorD
eeddwword's
EDDDwwwaaarrrDiiIN
AADDDWArrrDDUUUOONNN's
EEDDwwaarrdddEeeennnSSS
EEEDDWaarrrdddOOO
eeDDDWWeRRddOOO'SSS
EdWaaRRDDDSS
eeeDWWWIIInnn
eeeDWAAnA
OOOdddWIINNuuu'sss
ooodddWWWy
eeDwwwYY'S
EdyyTTThAA
AAdYTHHe'SSS
uuEEEYYYEErO
OOeeyyyeRRREEE'ss
AAAFFffIE
eeffffIIO'SS
eeeFFaaak
uuuFFrrraaoonn
EFruIIINN'S
UUFFFRoooN
iiFFrENNN'SSS
oGGG
eeGBBEErTTT
EEGeR
EEgAAARRRIIIU
aaaGGGuuurrroooA's
eeGeeRRRiiias
EgggGGOO
aaaggGGGO'SSS
oogggmoontt
AAggYYYpTTT
eeGGYYPPPttt'ss
OOGGGyypTTTIIannn
eGyyPPtttiiAAnn'sss
EEggYppTIIIEEENNS
UUUgggYYPPPttiiLLoGAAUUUSSS
eeGyyyPtooLLoooggY
EEggYYYPPPTAAAlllaGGyy'SSS
ohRENNBBeeeRRRGG
EHHHReeeNbEErrGG'SSS
ehhrEENNNbbuuurrrGGG
eeHRRRliCh
eICCCHHmmaaNNNN
aaiiifffffAll
OOOijjjkmmmaaNN
UUUOOOlleeUUUN
aaAlEAAnn'SSS
OOINdHHHoVVVON
aIIINNNSSSttiiiinn
AAAAnnnsssttteeiNNN'sss
EEaaaNNstOiNSS
EiRE
AAAIrE'ss
EEEIISSENNiiiChhh
eeUUSSeeenhOOOWWEErr
EEEiiSSeeeNHHUwwwIIR'ss
EEEUUUsssEnsssTTTEIIInnn
UUUIIISSSKKK
aaaIIISSnuuuRRR
eeiSSSnEErrr'SS
EEEkkAATTerIIINNBuuurrrG
EEkoootoooRRiiiNEEEDDDaaRRR
aakIIITTTeeeRRRoooniiisssLAAvvv
ellAAAgAAbAAALaas
EEELLLAAEnnneee
eeelleeeMM
eeLLLEEmmIIITTEEE
EEllommmITu's
aaaLLiMettESS
aalaaMMiiiTAAAC
eeLLLaMMMAATTTiC'sss
ellunnnOOOR
eLLLaNNNaaRRR's
oollOOOsttOPPPLLLiiiStt
IIILLOsTEEEPPLASTT's
iLLLBaaa
iLbE
EEELLBBBE's
EllBBBeeRRTTT
IIIlllbruuuss
iiiLbbbUUrrZZZ
IILLBuRZZZ'S
aaLLLDAAAn
IIlllDDoNN'ss
uuulllDDooRRaDUU
eLLLOOaa
OOlEAAANNNoRRR
eLuEEnOORR'SSS
eLLLEEEaannAARRe
OOLLUUUuNNEErrIII'sss
EEEllooAtiCCC
uuuLLEEaaazaar
eLLLooAzzziiirrr'SS
OOOlllEEEccTTRRRAA
AAALEEccctttrrA'S
UUUlllEEENNNA
OOlEENaaa'ss
EElleeeOOSIIIS
eLLGaaar
uuulllGGGEENNN
UUlii
eeeLLiEEE
AAllIiSSS
elllIIIJJaah
EEELooJJaHH's
EEElllONNoooRRR
ooLLiNNooor'SSS
eelllIoTTT
UUllAAAss
EEELLiSE
EEElOsssAAA's
EEElllIIIssseeBBBeTTTH
OLIssavvOOttGRRRAADDD
EEElaassAVVVeeetttppOOL
EEELLLisssOOO
iilllIIssO'SSS
eeLLLIISSSeeeOO
EllOOSSOOOOOO'S
illlooosssHii
eeellIzz
aaLLLIIzzAAA
iiiLiiiZZZaa'sss
eeelooZZZoooBAAAtttHHH
eeelllIZZAbEEEth'sss
EElizzzAbEEETHHHAAn
eeelIIIzzEEEBBBIIIttthEEEnnn'sss
eelliZZAAbbboootHHAAnnsss
eelizzAbbeettHHHVILLLLLEE
EEllllla
iiillLLLEE'SS
AALLLLLuuNN
UlllLLeenn'ss
elLEEssmEERee
UlLLLISSmmEErI'SSS
EELLlOCI
oooLLLLEEEccEEE'ss
OOLLLlllUUUaa
eellLLiiiE'SSS
aLLLaangggTTAnn
EEELllliOOTTT
eeeLLLLiiOtt'S
eLLLeeeiiiTTTT
elllLLLIIOtT's
uuuLLLLOOSSS
elllllASSonn
UUlllLLLooossooonn's
EEEllllssswuuRRtthh
elllllSWWWoRRRTTTHHH'ss
uuullllllWWWaaaOddd
eLllwwoooEEd'SSS
EllLLyynn
ELlllYNN'sss
eeLLMMMoo
uLMII'SS
eLLLMMUrr
EEELLLmERRR'S
Elmmmee
IIIlllmmmOO'S
aaLLnathhh
iiilNOOTHHH'S
eLLNNoooROO
EllNNNorrAA's
EEElloooHHHiiim
EEELooohESST
aaaLLooaaasE
EEELLOOOAAASSEEE'S
uLLooYYY
EEELLoooyyy'SS
eeLLrOYYY
uullRRooy'SSS
EELLLssO
OOLLsAA'ss
eeeLLLSieee
EEllsiieee's
ElssaanarrrE
aaalTTAAANNeNNN
EELTTonnAAANNN'SSS
iiiLLLTooonn
eellToon'sss
eeeLLuuL
Ellloool'sss
eLLuuuLLsss
eeLLVVVAA
OOlllvA'SS
iiiLLVIee
eLLVeAAA'ss
IILLLvviin
uLLLVVViiinnn'ss
EElvvvIrrre
ElllvvvaaarA'sss
oolvvviiis
aaLvviS'SS
EEElwwEEEY
OLLLWWAYY'SSS
eLwwwoooUddd
uLLLwIIoodd'S
elllyyy
eeeLLYYOOttt
eeeLyySIIIAAAN
eeLLLyyysssOOuuum
EEEllyyyssOummm'SS
IIILysssiummSS
OOllyyyséA
EElllYYYsséeee'SS
ELzzzEEVViiiR
UUMAAccS
eeeMMMoCSSS'S
EEmmmIINNNUiiill
IIIMMMAAAnnuuuelll'SSS
EMMdddeeenn
EEEMURRSSoN
EEmmmEERRSSuuNNNIIaNN
eemmErryy
EEMMMaaRRyy'SS
uumIl
eeMMMIIIlll'S
UmmmIIIlllee
EEEmiille'sss
EEmmmIILeeuuu
IMMMAAALiiiu'S
aaaMAALLLIIEEE
ImmmEEEllaAA's
OOOmmIlooo
oooMaaalOOA'SSS
OOOMUUULLy
emIIlY'SS
EEmmIIInnnUUUm
EEMMMiiinnemmm'ss
EEmAAAnaaaNNNcce
uuumMI
aaaMMmmmaa'SS
EEEmmmmmaniiiulll
EEEmmMMMenn
IIMMMEt
EEEmmeett'sss
EEEmmmmmotttt
eeemmmMMMeeeTTTTTT'SSS
EEmmmMMMy
eeeMMMIrrrYYY
aaMeerrYYY'SSS
iMP
uMMppEEdooCCLLLASS
ooMpaaRRRIINN
AAAMMMPPPOORRiinnn'SS
iiMMPsinn
AAANNNcarrTTTAAA
IINNNccArrrTTTUUU'SS
UUNceeeLAADDUUUs
eNDDDEECCCoooTTTTTT
ooNNDDDeeeCCCOOOtttTT's
eeennDIIccaaattttt
EEENDiCCCAATttt'sss
uunDDDyymmmIIINN
eennnaasscooo
EEnnuuuWWWEEETTaaaKK
oonnnAAWWWEEtttAK'S
EEnnnfUOOlllDDD
aaaNNNGG
IIINgaaaDDEnO
eeeNNNgeeLLss
eeengggEELS'SSS
EnnGGLLLOONNNDDD
EEnnngLANNdd'ss
aaanggLLiiSSSHHH
iinglaaasHHH'S
IINgLLuuussshhUURR
eNNNgliShhhiiiSSS
iiiNGGlliiSShhISM
EnnnggLLLessHHHMeNN
EEEnnnggglllUSSShhhmmiNNN's
ennggglllIIIsssHHHmANN
iiingglllUUsHHHRRy
EENNNGGGlllIISShhWWEEmmmIInn
aaannGlIssHHHWoommmAnnn'sss
eNNGGllIIIssHwooomoooNNN
AANiiddd
ENiiifff
EEEnnnIIf's
iiinIIWWaaatttOKK
oNNNiiiWWWEEEteK'S
EEnkkuuu
EnnKu'SSS
EENNKKUDoo
ankkkiiiDDuu'ss
annnlIIGGhtttaaNNNmAAANNT
EnnnLLLIIIggghTTAAnnnmmmiiinnTTT's
eeNNNlOOOll
EEENNllIIll's
INNniSSS
uuNNNnniSSSkkAAllllleeennn
AnnnNOOOSSSkkkIILLlEEn'sss
uuuNNnnoouuus
eeennnaccchhh
EEENNNoS
INrrIIICCCoo
EnnnrrrEccceee's
EEEnRRiQQUII
aaannrEQQQUUUi'SS
EnrEEnn
iiinnnRROONN'S
eeeNNNSSS
eeennnSSCCCHeeeDDE
eeNNssOOORR
aaNNTTEEEbbBE
EENNNTooorrrpRIIIssse
EEENTTeerrrpppRIIsssEE'SSS
EENEggguuu
uuunYYYOOO
UocceennEE
IIIoooCEEEnnee'S
iaaGGGAAAnnneee
eoollIIIAAn
oOOOLLUUaaNN'sss
EEEOOLLLiAnsss
EEEOllOc
AAiLIIcc'SSS
IIOOOLLiiitHHOc
aaaeS
AAAUUUsss'ss
EEEOOZZOOEEEc
ooppp
epAMMMunAAAnnnDDAAAS
AAPPPcot
ePcooTTT'S
EEEppphhh
IIppphhEEsIIUNNN
ePPPhhhEEEsiiannSS
EEPPPhOSSSUUSS
eePPPHHOaaalttteeS
OpppHHHraiiimm
EEPhhRRAAemmIIItE
aaPPPaaacccttAAAtUUUSS
UpiiCCCoorrruoooN
EppIIIcccuRIAAnniSmmm
iiipppIIICUUUrrUUs
oPPiCCuRAAss'ss
oooppIIddAAAOORRROS
IIPiiiGGoonnii
eePeeemmuunIDDoos
eeepimmmeTHHHIuuuSS
uupaMEEttHiiiIIss'SS
oopAppHH
uuppeeepppHonnnAAAOOS
epppEEPhhAANyy
aaapppuuupphheeNNNyyy'SS
EEEpppUURuuus
aaPPISSS
eeePOOOSSSccuuuppuLL
EPPIIISCIpppAlieeNN
OOOPPPIISSSCCIppALLLiAAANN's
UUUpEEESSSccoooppAAALLLIOONNss
IpppOOSSttllooo
EPPsssaaaMMM
aaapppSSeeenn
EPPsssUUNN's
EEppSStteeeinnn
OOOQQuuoooTTTyyy
EQQQOOOIty'S
aaaQQQuuaaallEEiiiSSS
eeRRR
eerr'S
ERReSSSMMMUs
EERasssmaass'sss
AAARRRoSStttIIIunn
EErUUUSSTTTAAAIIniiisssmm
araaSSSTUUaNNisssmmm'S
eeRRResssttteeOONISmmsss
eeRRaaTi
EEERITTa'SS
EErrAttOOsstthhheeeNNNIS
EEretttiisssThheNNEEEsss'sss
OrbbbOOl
eerrUBBOOSSS
EEERRoBUUUS'sss
UUrrEchThhhAAUUUmmm
eReeeCCChhthOUUsss
EEEREEEcttorrr
EErrrosssHkkIgaaLLL
erreesshKKKiGIIILL'SSS
UrrrEEvvAAnnn
eRRRiiiVVVEN'SSS
EEERUUWhhhAAnnn
ErrrUUWWWhhoNN'SS
UUUrrffOrrTTT
iirrHuuuRRd
eeeRRiiCC
eerreeeccc'sss
eRRuCCCAA
AARRRIIICCeee'SSS
eeerrrich
eeRiiiCHHH'ss
eeRooccKKK
EEriccK's
ErrriiiCkkkE
EEEROcckkAAA'SS
eeRRooocKsOOON
ERUUUCCKKKssooNNN'SS
OOORRAAcsssiiNNN
eRRReCCCssssssOnnn
oreeDaaNNuuS
uuuRRAAAEEE
EEriggEEnuuu
UrriiiKK
AAARRaaK'sss
iiirAAKooo
eeRRRuKKA's
UUURRRiiikksssSeennn
ERRRennn
UUUROSSS
EEERIIIss'S
errriiiTTTRiiiA
eriiiTTrrrEUUU'sss
UUReeetttrriiANNN
eeerrrIIIttraaAAn'sss
eerIIItrruaNss
EERRRIIvvvan
oorrOvOnn's
eeRRRLAAANNggEEErrr
eeeRRRllEnnMMEEEYYaR
eRRRlleeeNNmEEYYAr'SS
AArrrma
EEErmmmAA'SSS
ErrNAA
EErrrNNa'ss
UUURRRNNUUSSSTT
EEErrnnnEEsssTTT's
ERRRneSSSTTANe
EEErrrNNNeSSSTiinnEE'S
eeRNuSSStooo
EErrNNNeeeSSStO's
UURniiEE
aaRRNNNiiiII'SS
EErnnsTT
eerroSSS
EEErrOOOs'SS
uuuRoSSAAAss
oorRRoool
eeeRRrrroooLLL'sss
eeRRRsssE
eeerssi'S
aaarSSSKIIInnnee
errrVViiiN
errVVVIIIn'sss
errrwwIIInn
ErrrwIIInn'sss
uuuRRyMMMAAAnThhUS
UUrrrZZZGGGeebbIIIRRGGIII
EEERRRzzgggeeebbuuRRRGGGoo'SSS
IIRRRzzzaarrrUUUMM
uSS
aasssAAAuu
esssAu'sss
eeSBJJJeeeRGGG
esCCCAoooTT
UUSCHiiirrr
EsCHHooR'SSS
EEEsssCHOOOREEEchhhiOOO
ESCCCHHHUUURECCCHHHIEE'sss
isssCunDDDuuddoo
uuusCCCAAArrUal
aSSSCuuuRRRiaaLL
ESSDD
uuSSSDrAeeellEEENNN
OOSdddRRAASS
eeSSSfffIIHHan
EEEsKKKIIllssTiiinA
OOOSSSKKiMOOO
esKaaaMMMOO'ss
eessKKKUUmmOiiNNN
ESSSKKKiiimmmOOSS
aaaSSkIssuuHirrr
OOOSMMOORaLddO
UUSSSmIIIrrEEElDAA'SSS
oSSppERRRiinntOOOssTTT
EssPPPIRRRaaannnTa
eesPeeeruuuNNNTTo'SSS
eesssPPPORAANNNzze
isppoorrrAAANNZZo's
eeSSpppIIInoooZZZEEE
ooosspUUUNNOOOzUU'sss
eeeSSSPPiiioo
eeesssPPPOOOI'SSS
iiiSSQQQ
UUssqqq'SS
eeSSqqquilluuNNuuu
uuusssquuuiMMMaau
eSSSqqUUiiimmmaiii'SSS
EESSquuirooo
oooSSSQQQUUeeRRREEE'SSS
EEsssQQuuuirESSS
eeeSSONN
IIIsssssEnn'SSS
OsssssaanEEE
EESSssOOOQQQOIIBU
IISSSSEXX
EESsseeeEEE
eessssIIIE'sss
usTTubbblllishhMMMeeeNTTT
aaaSSSTAAA
iiSSSteebEENNN
EEsssteebbOOnnn'sss
eeeStIIlli
OOSTTTIIlllaaa's
iiiSSSTEELLLLLaaa
ESSSteelllllAA'SSS
eeeSSttaLLlE
AASttalllUU's
AsTTTeeRR
UUUsssTorrr'ss
EsTaaaRhhháZY
eeSSSTTooRHHáZY'SS
eestttEss
eeessTTThhh
eeeSStttHHeerrr
OOOSStHEEErrr's
EstthOONIII
EEESSSTHHoooNNNoooA's
aasssTTEEEeeeNNnnee
eeeSTTUUnnIIe
UUUsssttIIINaa'SS
esTonnniaaNNN
aSSStuuNNaaaAN'SSS
EESTTTiNiaaaNNNS
uuSSTrrAAADDDuu
uuussstttrrADe'SS
eesttrrreMAAddeeeRRaaa
ett
ItiiiocccllEEss
uTTThh
EEThhhAANNN
eettHIInnn'ss
EETTTHHHUl
EtthhheeeLLL'ss
EEtttHHoooLLLBBaRtt
eeeTTHelREED
AAttHHOOOLLLrrrOOOdd'S
EETTThheeerrrAAAGGe
itttHHHEEERRNNNiittt
uuTHHOeeepp
ITThhhiiAPIIIUU
uuTTTHiiOpppIUUU'S
eettHHuuaaappIIeeeNN
ETTHHIIIOpIIAAANNN'ss
ettHuoooPIaannns
ottHHiiieeepIIICC
eeetNNNii
eeTTTnnAA's
EEETTObiiccEEEKKKEE
EETTIIbbbIIICCCIIkkkA'sss
EtttooNN
EEETRuRuuaaa
EEETTrrURRUUAAAN
eeTRuSSSCCaaNNN
EEEtttTIII
EETTTttOOO'ss
EEETZZZEELLL
AAOOO
EU'SSS
EEuuuboEEaaa
ouCCChhAAARIIst
oeeeCCCHaarrrIIssT'SSS
eAAACChaaRRRIIIssTTIccc
ueeccchhIRIIIsssTIccaaaLL
auuucchhhOrrIIIsssttts
eiickkEEN
EEEuuuccclllAAAD
EUCCLLad'S
aaaClllIDDeeAn
IIucliiddIAn
AiiGGINNEE
euugggeennOOOAA
EuuGGENNIIaaa'SSS
uuAgggEEEnniIII
iiiAAgggENNUeee'sss
uuueeegEEENNIo
EIIGGaaannIIOOO's
IIOOHEEMMMiRRROss
iiiaaLLLUUU
EEullli'sss
euuLLEErrr
UUmmEnnnEEEDDDooss
eeeUMEENNNIIIDOOOsss'sss
EEEIIInniiCCIII
iiunnnICeee's
eeEEPHRRRoooTTTEESS
eeeiiPPhRAATTTESSS'S
EEEUUPPhhhrrOOsYYYNE
EUUUrrr
IeeRReesssEEAAA
eeeUUReesiiIII'SS
ooAARRReSIIIAnn
iiiaaarrooosssiAANNN'ss
OOOurrriSSOaaaNS
EEEuuurrAtooM
EEUURRRe
IIIuurrriiippIIdOAAAnn
AAuRIIPPiDDES
eeeErroo
eoRRRuuubbbUnnDDD
EuROOOCCCeeNtttrrrIC
eeeUUrrrooccEnnTTrrussMMM
EuRRooocceeeNNNttRiisT
EEUUURROOOCClllYYDDDoooNN
EEIRRIICCCORRRrrrUUUNCYYY
eeUrrIIIdalllluuuRRR
eOOORRoDDooolllLLeer'sss
iiiErUUUddiilLLiiRSS
eeeEEROOmarkIIIT
uOrrrAAAppAA
eeeuurrrAPPaaa'ss
euuurrropee
EEeeerOOOPPPe'ss
eeaaaRiiiPPeeeeeNNN
AAAUUrroPPPUUUaN's
OurropppUUAnoooZee
eeUUrrrAApppaaaIIInnnIIzzzEddd
uuueeeroPPPuUnnnuuuZZZES
EEEUURRRuupiiianneezEnnnG
eUUURRROOOpeAAnnnS
EEEuuurriiS
EEURYYUUULLLa
iuRRRYYYaaLLLEEE'SSS
ouurrrYDDIIccE
OOUUUrYYYDDicccU'ss
eUUrYYSSSTThhEEus
eeoooSSoooBIIIIsss
eeeAAAsstttaaChiaaaNN
EUsstACCCHHHiaaaN'SS
eeiiittteeRRRppEEE
ooOOTTTerrrpppaa'SS
Evvuuu
EEvvvoo'SS
IIIVVVannn
EvvveeNN'ss
ooVViiinnnGGaaallOOOCCCaalll
EEVVVaannngIIlllOOccAAALIssmmm
avinnngggAAlllInAA
evvviiinngggUUUlIIINNNIII'ss
aVVVIngiLLLINuuu
EEEVVuunnGEELLEnEEE's
EEVaaaNGGeeeLLLIstt
AAAVVVAns
aaaVAAAnnnSStttooNN
IIIVVViNsssvEEElllu
eeVVVUU
eeevvvE's
ivvvOllYnnn
eevvvAAnnnkee
eeeVEEnnKKKEEE'S
oooVOOOrrrRRREeddYY
EEVEEErrrRRReeeuuudyy's
eeVeeerEESSST
EEvvEEERRRaaSt'ss
aVeeREEETTttt
EvvEEERItTT'sss
oooVVeRREETttAA
evveRiiTTTTTTEEE'ss
EVEErrrGGGLLiiiDDDEEESSS
AAvveeeRRRgLuudEs'ss
OVeRRRTTT
aaaVUUURRttt's
EVaaRYmmmaannn
iivvvaaaSSSHHaaamm
eVVIIeN
EEvvvIIAAN's
EEEVIITTaaa
OvvvIIttaaa'ss
avvOOORRaaa
EEVVVViIIIO
EEwwAAA
EWWo'ss
OOOweSSS
OOwIINNNGG
EEwUngg'ss
Uxxx
axxCC
eXcAALLUUUBBAArr
EEXXXCCCuuulliBUUUr's
aXXcccEEDrrrIINNN
eXcuuDrIInn'SS
EExxccceeeLllEENCE
eXXXcccUllLeeNNNcceEES
eeXXXcccooolllENNcYY
eexxCCaaallllllAAAnccYYY's
eeeXXCHHeeeqqUUUeeerrr
EEXeRCYYYCllluu
EEEXXXeTERR
IIXmmmOoorr
EEXMOOorr'SS
ExxmoooOORsss
eeexOOOcciiTT
eeXAAACCCEEETTT'sss
eeXXaaadd
eeexxxooddUUUS
eeexxxOODDDiiSSS's
eexpppleeeRIIIRR
oooxxxTTTREEEmmaDuuRRu
EEEXXXXooonnn
EEXXXXooonn'sss
eeeyck
iiYCK's
EyyyRRe
eeysIIInnnCCCk
eeYSEENCk'SSS
iiz
UUUZucccHHHaauuull
EEEZZOOchIIIiiilll'SSS
EEzzEEk
OOZZOOOKIEElll
iZrrA
ff
FF'sss
fiiioo'SS
FFbiii's
FFFDic'SSS
ffDDRR
FFDRRR'ss
FFHII'ss
ffOOOccca's
ffM'S
FFFNNMMMe
fffnnnmmAAA'ss
fOOORRRtrrrAAANN'S
FFSSSHHH'ss
FFOBBBiiirrGé
ffAAAbbboouuun
FEBIiinnn'S
FFAAbbbIIIAAANNisssmm
ffIIbbiiOOnnIIIssM'SSS
FFAAbbbUUUoooNNoooSmmss
FFAAABBIIUUnnnsss
FFFAAbbbRee
FFABBrIIIkkUUUIdd
ffocccEEBOEEkk
fffAAAccEEBEEIkkk'S
fffueeNNNZZZee
FFFoErrOOaa
ffeeeeRRAAuu'SS
fiuuurraaEsEE
ffIIIIRRRaUUssEEE'sss
FFFAAffNUUR
ffaGIInn
FaaaGEEnn'SSS
FFAAAgoonsss
ffOOhhDD
FAAAHHHdd'ss
FFAAhrrrEEENNhhhueeeT
fffaaIIIRBBBUUNNNKKKs
ffAAorrfffAAx
FaaeeerrfiiiiLd
faIIrrrfffiiooolld'SSS
FFFeeAAARRRWWuuuuttthhaaRRR
fuueeeSSAAll
fffOOaSSUULL'ss
FFFIIuusssOOLLAbAAAd
fffAIIItHHH
FFFaeYYeemmm
FFaaEEzAAABBBaaddd
FFFaaaLOnngaa
fffUUUlAAAsssHHHa
FFFAlllIIIssccUUUNN
falkkkaaarrrKKK
fOOOLLLKKKLLLAAANNDDD
FFFiLLKllAAANNNDDD'ss
ffOOOLLKKKllOOONNDDSSS
FAAALLLkkkNNNeR
FFFaLLLa
fffAAAlLLLoooPPiiuNNN
ffEEllllaaaPPPiiiAn'sss
faaallMMMoIThh
FAALstaaaFFFFFF
ffaaLsssTAfff'SS
FillSSTEFFFFOOOuuNNN
FFFaallSSSTTarrr
fffiiilllwAALLlll
ffAAALLwwwillllll'ss
fffiiMMAAAGGGUUUstttUUU
fUUMIIlIIIST
fAnfAAnnO
FUUUNNNniie
fffeNnnAAe'sss
fffooonnnY
FFFaaNNNy'SSS
FFFaaNNNTTTiii
ffArraaDDaaayy
ffIIIrraaadIIYYY's
FFOORggO
FFAAArrGOO'SS
FFarrIIdddaabad
ffeeerooddAAAbaaaD'ss
FFaaaRlEEEY
FFFaaarrLLaaay'SSS
FarrrmmErr
ffaaaRNNNESEEE
faarrUUUUUU
fAriiEEE'S
fffoooRoUUUkk
ffAARROAkk'SSS
fffAArrrQQuhAAR
FOORRRraGuuTTT
fIIrrrrAAKKKhUUUnnn
FFFAAArrrRaakhhuuunnn'S
FFurrrrrrELLLL
fUrrrrrrELLLlll'SSS
FarrrAAW
FFFOOrrRRRoowww'ss
FFFaaarrrsssi
FFFIIRSSSe'SS
FFFooSCCCIIIssm
FFFEsssCCCaaaStt
faaSccUSStttA
fffAAASCCIsTAAACC
FFOOOSSSCCooosTTuC'SSS
ffAASSHHHUUUdddaaa
fIIISSSsbiNddORR
ffasssbbbiiinDDDIRR'sss
FFaTTIIhh
FaatttAAH'ss
fATTTEEES
FFFaaatttHHHEER
FFaattthherrr'SSS
faaaThhheRRS
FIIIthhhoooMoTeeRR
fffuuuTiiima
FFFooTTTIIIMiD
faTsssHHHaNNN
fffoouuullKKKNEEr
FUuuulkkkNEEER's
fAAAuuulllKKKnnaaaRRRIIIEEN
fffeeeNNNTTlUUrOyy
fffaaUUUnttLLLErrrOyyy'SSS
FFAUnnniiSSS
fffEUNNNuuus'sss
ffaaaUURRé
FFaaaiRRé'S
fffeUSSStt
faaaUSST'S
FFUossstUuuunnn
FFaauusssttInno
FFFAAUUstttUUnO'SSS
foouSStttuuuss
ffeeeesstttAAS'SSS
FFOOAAAVVee
fffeuuvvvUUSmm
fEEUvvvIIISSTTT
FFAAAWWKKiis
FFaaY
FFFaay'sss
ffaaaYYal
fffEEyyo
fOOOYYOOO'sss
FFayyEEETTuVViiiLLlIII
fffayEEttTEEEVVVAllLLEEE'S
FFFIIYUUUMMM
FE
FFFEE'ss
Fab
FFOOOB's
fffEbbrrraaaaRIAAAS
fEEEbbRRUARyy
ffEBrrriaarrYY'S
FiiicccHHHnnaRRR
ffiiiD
fffEED'SS
FFEdexx
fffedEERRRUULLL
fffeeedeeRRRAAAl's
ffudddIIRaaaLLLAAASSMMM
FEdEraaaLiissttt
FFEEDDDaraaallaaSt'SSS
ffEEDDaaRRAAllIsTTTS
ffeeddUUrrraaaLsss
FEddduRRRaaccO
fffuuDaaRRIICCA'S
fEEds
ffEEEINiiNggEERRR
fIIIllleeCCCII
FEleccAAa'sss
fUlllaaCeee
FFUUlleeCEEE's
fAAALLiCCCIaa
FFFIIILiCCCaaaU'ss
FFFEEliciiittyyy
fffelOOOCOOOtY'SSS
FUULiipa
ffuuLLLiiiPPeee'sss
ffALuX
FFFooollIXX'SSS
FFFUUULLLLannnA
fEEnaaINNN
FFENNNAunniisssMM
FFEENrIrrr
fIIIrrbboooRR
ffEERRRBBeerrr'SS
fffOOORdinnnAnddd
FFFeerrrgUUUSS
fORgguuusssOON
fffeerrrgggUUUSoooNNN'ss
FiiRRRLLLIIInnnGGGhhEEETTTttto
fEEErlliiiNGGhhheetTTiii'ss
FFFiiRRmiiiNNNEEEgggHHH
FeeerrrmmmAATTT
FFFuuRRRmmmaaatt'ss
FEErMiii
forrrN
feeeRRRn'SSS
FIRnnnAAnDEEELLL
FEErrrnoooNNDEZZ
FFUUURRnnANdddeeezzz's
FeRRRnnnAAAnnddOOO
fffOrrNNannndooo'SSS
ffeerrrnnneee
FFFeerrNNNuu'ss
FFForRARaa
FFFIIrrRRirrrI
faarrrriiRReee'S
FeeRreruuu
FFERraaarrrOOO'SSS
ffferRREEELLLl
FIIIRRRRRILll'sss
fffiiirrRRaS
fuuRRRRaaaL
FeRRVIDDOOR
feeSSCCeeNNNIInnnee
ffusssTSChhRiiffftt
FoUchhTTTwwwiiiNNNgeeer
FEEUUIIllInnnt
FAYYnmmmoooNN
fffoooyyynnnMMaNN'SSS
FFeZZ
fuuZzzAAAnnn
fOOaanNNOOO
FFFIIIoot
FFFiiiaaaTT'sss
FFFuBBErrrglllEss
FFIbONNaaacccCCCAA
fffibbOOOnnAAAcci'sss
FIIccHHHTTeee
ffiiiCCHTIUNNN
ffuuuddeelll
fffiiDDDUULL'ss
foDDees
FIduuu
fffiiDDDuu'SSS
fuuuudLUUUrr
fiuuudLLLeeerr'SSS
FiiIIILd
FOOOELLLdddaaaNNNg
FFFooeeeLDss
ffIIIEESOLLLE
FFFAFFEE
ffoooFAAAssHHIIREE
ffIFFFuuSSShhIRRRe'S
ffiigggiirrEEE
fffaaaguurII'S
fffIIIGuueeRRRooa
FiigguuuEErrrAEE'sss
FFFIIIjjju
fffEjjii'SSS
fffIIIjaaaAANN
FOOJAAAuun'ss
fIIIjjjIAANNNsss
FFIIILIppInnA
FFUUULLLIIIpppiiNNAAA'S
FFILLIIpannnoooss
FiLLLmmUUUree
fIIllllMMMIrrro'ss
FFFeeelllAAFFFAAx
ffuuuNNN
FIInnnccHH
FFinnnCCCHHH'SSS
FannnaSSSTTTIRRRRREEE
FFIIInnnlaaaNNNd
ffIInnLLUNDDD'sss
FFFiNLLLaandddER
fffIIINlley
FFiiinnnlluYYY'S
fffiiNNNN
fINN's
FFFAAAnnNNNbbegaDDOOTTTtttiiRRR
FFINNNnbbbOOgggaDDDoottttttiiirr'S
FiiinnnnEggEn
fffIInnnnnaaaGGinnn'sss
FFiiiNNNNeyyy
ffiiNNNNuuuc
ffIIInnnnIIICCC'sss
fffINNNNNOssH
fINNNnEsh'sss
FFANNnnsss
FFiinnnSSSeenn
fEEnSttteeerAAAOrHHHOOORRn
fffiiiooonnna
FFFiiioooNNNaaa'sss
ffIRDIIosssii
FARReeFFuuXXX
FiiRRREFFFoxxx'ss
FFFORenZZZEE
FFerrreeennzzeee'SSS
fERRESTTooNe
FFFaaRRUssstOONeee'sss
fffUUSSccHHHArr
fffUUUssHHORR
fffiSSkk
fIIISSSk'SSS
FiittccH
fItttchh'SSS
ffUUUTTTzzzGGEEERRRAlllD
FIIItttZZGEEErrrALLLddd'ss
FFOtzzzGeerrrAAAld
ffiiTTzpaatrrOOccK
ffeeetzzPPPAATrriiccKK'S
FFFIItZRRRoYY
fitZZRRiy's
FIttzzsssIImmmmiiiNNNSSS
FOOOUMO
FFUZZZiiUUUU
FiiZEEAAuu'SSS
FL
ffflllAAA
fLLaagstttAAADDD
ffflaaamIInIIUs
FFLLLEEEmiiinuuAASSS'SSS
FlaaammmstttOeeDDD
fLLiNIIGGGUUnnn
FLLLaaanUgggaan'sss
FFFllAAndaaarss
FllluuNDDEEErS'S
FFlllATTThaaiiid
ffLLIttT
fffLaaaTTTTT'sss
fllAAAUUbbbEERRTT
FFFLLLaaXMMAAnnn
fLLaaaeeTTTWWWoooAAADD
fllleIIsssCCCHHHaaRRR
fflllUUuuuSchiir'SS
ffllleeemmm
fflllEEmmmEEEnGGG
fleeeMMeeSSHH
FFFlllUmmmiiissHH'SS
FLeettcccHeerr
fllleettccHHOOrrriisssmm
FlllOOOERRYY
fffLLIIInnT
FFLLLiinnTTsssHHiruuu
fffLiiiNNNTTTsTTToNEES
flllIII
FFlooo'SSS
fffLLLaadddDDEENNN
FFFLLooDDDddEENNN'SSS
FFLLLaUUd
flOOIIddd'SS
fLOOOrrOOO
fflllooorrreeNCe
FFlllEErreNNNccce's
flEEErrOOOntttIIAAA
FllOOOrrentAAAOO'sss
ffLLIIrroooNNNtuuNNNeee
flloRRiiis
FLLOORRReeeYYY
fflllIIrrIIdaaa
FFFllUREEEddAA'SS
FFFLLooorredaaNN
FFLLeRRRiiddIaN
fLLAARIddiiiAAAn'S
FFFllaaaRaadddaaAANNsss
FFFloRRINNEE
FFFlllAArrrIInnnaa'sss
ffflllorrriiiOO
FFFLAARRRsHHeOOOM
FFFloRShhhuuuiiMM'SS
FFFlaaarrrYY
FFllOORRRY'sss
ffLLLooSsssiio
ffLOOOSSSsssEEe'S
ffLOOTTAAWWW
FFllooWeeRRRs
FFFlOyD
FFllUSHHHiinnng
flyNNN
FFlyyynnn'ss
fffm
ffmm'S
fffIICH
ffOGGgiA
fOOKiNNNee
ffooKKKKKeR
FFOOOLuuyyy
FeeLLLGIIIrrs
ffOlllKKAAASTonee
fffUULLLkootttiNgg
fffOOOLLLSSSOmmm
FFOmmmEELLhaaoottt
foNNddaa
fffONttaaIIInnOObbLoooAAUUU
FFIInntttOYYYn
fOicccHHHeeWW
FFFAuuuSSBBoolll
fAAAOOSSBaaLLL'SS
fffoooRRAKKeeRRR
FIrrAkkkEEr'sss
FFFEEERRRBBBeeeSSS
FoooRRRddd
ffeRRddd'SSS
fffiirreeemmmaannn
FFArrruuuMMiiin'SS
fOOOrrESTTT
foooRRRUUUStt'SSS
FORRRoossstttIR
FFOOORRfaaarr
fffiirrmmaaaCCaa
fffOOrmmiiCUUU'S
FFFeeerrMUUUcAAs
FFFeRmmaaSSSUU
FFaaRRRMOOOsUUU'ss
fooorrrmmooosAN
FFFormOSaN'SSS
FooorrrmmmUUUssIIINNNSSS
FoooRRRNNIIIX
feeerrrRuSSStt
ffooorSSSAATTTiii
FFuuuRRSSEEETI's
ffeeRRSSSTTEEr
foorrrsssyTHH
fffEEERRRssYYtH'ss
FirrrtttAAALLLaaaZAAA
FFFUUrrrtttH
FFOOrrrtttooonAAA
fffOORRTuNA'SS
FFooRTUneee
FoSsssUU
FossssO'ss
fffOOssstOOrrr
fffAsssttOORRUaa
fOTThhhUrruuNNNGGhoooyy
FFootttIIIMMMiT
fffaTTTOmeTT'SS
FaaEEECaUULLLtt
FFoouuCquEETTT
ffooUUqqOOet
FFOOOIIrrrdddrrrOnUUUeeer
FFOOuRRROeer
FooeeRuaaRUUUsssMMM
FFOOOOOrNEEEYRoooNNN
FFooUUUrrNNeYYrrIIINN'sss
fOURTTTHHH
fiiiWlleeer
FFIIWLIIIsss
FFaaWLiiiIIINNNG
fUUxxx
ffooXXX'S
FFOOxxEEE
FOOOXEESS
fr
fffrr'ss
fRRRiii
fRRRAAgONAARRRD
ffrrAAAKTTAAARR
FRRAANN
ffrinnn'SS
fRAAANNCCCe
FFFrrrAAAnnCCEEE'ss
FRRanccoooSS
fffRAANNNCeesscIII
fffrannCCCINNi
ffrAANCCUnEE'sss
FFRANNNCuuus
ffRRaaannncIIIScee
fRaaNCCIISSCuuu'ss
fRaannnCCIIsCCAAANN
FFFrAANNNCCeeeSSSCCAAAn'SSS
FFFriinCCCIISSSCCiiiNs
frrrInnnciSSSCCCOO
FRRREEEnccciiiscU'sss
FRinnnCkk
FraNNNccoo
FFFrrrunnncoooIss
fffrrAAAncooiiiSS'ss
ffrrraaNNNCCoooiSSSooo
FFFrrriiiNNNCAEEseee'sss
FRAAAnnCCCOONNIAA
FraNNCOnnnIIIAAAnn
FFrrrOnnncccOOPPHHoLLoo
frraNCCoPPPhhhiLLLooo'ss
fRRaanccApHHHiiiLLLeeesss
fRRUUUNNNCCCiiiPHHooBBooo
FFFRRiiinnncAPPPhhhoooBBBAAA'S
FRaaanccooppphhoBEss
FFrrrAnncuuPhhoNeee
FFrraaanGGLoooIIS
FRRRaNkk
fRAANk'sss
fffRaaaNNkkkulll
fffRuuunnKooll'sss
fraankonnnsssteeeOOnnn
ffRRRAANkkFForrrt
FRRROOOnnnkkkfeert'SSS
ffraaaNNNKKFaaarrrtt
FrrrannkkFAAArrTTT'sss
fffRRRAANKKKFFFUrtttEEERRR
FFrrrinKIIuuu
fffrrrankkIEE'sss
fffRRRanKKKisH
FFFrrrooNNkklllIIIn
frraaannnkkLLLYYYnnn
FFRRRaaaNkkkLLLYYYNNN'SS
FFFReenkkSS
FRRRaaaNNNnnnY
fffraNNNNNy'ss
FrrraNNz
FFRRAANNNz'S
FFraasssCCCaTTTII
FFrrrAAAsseeeR
fffrraaaa
ffROuuu'SS
FFRouuuuunn
FFFRRRAAAUUUaaNffIIILdd
frEEellleIn
fffRouNhaaaFFFooRRR
fffRRIIzzooRR
FrrAAAZZuIIRR
ffrrraaZIiiRRR'S
frOOD
FFFrrreeeD'ss
FFFreeedA
frrrAddoo'S
fffruudddDDDiiiUUU
FFRREEEDDdIIIe'SS
ffrrUDDDDYY
ffRRReddddddyy'SSS
FRRaaDeeerrriCC
fREDDirrICC'S
ffrrroooDDEERRRaaaccUUU
FFREEDEEEroccAA'SSS
FFFrrroooDIIRUUCCK
fRReedEEERRickkkA
FFRRReeedddeerrrEEccckkA'SS
fffrrrIIIddduRiiiCCkkssBBBiirggg
FFRRREDDDErIIccKsBBBaRRGG'S
frreDeeriCtttuNN
FFFreedddeeeRRRICCCtOnn'sss
fffRuddEErrIIkkkSSSBBBeRGG
fRuuDDRIIcc
FFFrEEEddrrriCC'S
FFFRRIddrocKK
fRRRIIdRIIccKKK's
fffRRREEEOmmmaaaNN
fffrEEEIImmmUUN's
ffRRRiiemmaaSSOn
FrOOemASSSOnn'sss
fffrrEEEMMEEEssoooNRRUUUEEESS
ffrEeeMIsssaaanRRRY
fRRiEmmUUUsOOOnRRRyy'ss
FReeOOmmmuuSSSuuuNNNSS
fREEEAAtoWnnn
fRREEEtoooWWn'SS
FRREEEE
ffrrruuiBBuurrGG
fRRRoIIIdda
FrrrEEIIIDDuu'SSS
fffRREEEMMMAnntttLLLee
ffrrrEMiinttt
FFrEENNNcccHHH
FFrrrIInncH'SS
frrunnChhhASS
FrrENChuuuFFeeeood
fffrreeennnchhuuuFiiEsss
FRRReeennnCChhhify
FFFrrrEnnCChhhifyyyIINGGG
FRReeeNNNCCChhMMMann
FrrEENNCCHHmmaaaNN'ss
FFrUUUnCChhhmeeN
FFFRoNNNChwwwomAAANNN
FRRRaannccchwwwoMMaaNNN'SSS
fReennchhhWWWOOOMMMEENN
FFFrONchhhy
ffRREEEOnn
fRReeSSSCCCaaaBAlllDDii
fffrrEEEssnnniLLL
ffRRRisNol'SSS
ffrrreeeSSnnnOO
ffrrusssneee'ss
ffreeeaad
fffRRaUUddd'ss
FFFRRREEEuuddiiieN
FFRREEEuddIAAANNiiSSSmmm
FFFRRey
FFRRRoyyy'SS
frooyyUUU
FFFRIIyyyEE'sss
FFRREEEyJAAA
ffrrEyyjAAA'sss
FrrruyyRRR
ffrrreeeYYRR'SS
fffRRReYttUG
ffrri
FFRRI'SS
FFFrrriBBoerGGG
Fradiy
FFFrriiidddAAYY'sss
fffrrrEdaYss
ffriiiEDDDAAA
fffRIIIEEDA's
fffRiieeddduNN
fRRiieeeDDmmeeenn
fffRRIIEEDrriiCCCHH
FrIIIEENDD
fffrIIIIIInnDD'sss
FFFRRaaeeNNNdS
fraaauuusIaNN
ffRAEEESSSuuuiiin'ss
ffRReuuusaEENNNsss
fffrriieesLLLUnnnD
FrriGGggg
fffRRRIIGGGG'ss
FrIIIGGGaaa
frriiiggGa'SS
FFREgggidaaaIIIrrEE
fffrIImAIIRReee
FFRuuuMMAAooorrrIII'ss
FrrOmL
fffRiMMll'SS
fffrrrIs
FFFRRRIIsssbbeeeUU
FFFriiissscch
fRRREScOOO
frriissiieeenn
FFFRRROOSSSIIAAnnn'SS
FrrrOOOSSIeeeNNNS
FrrraaTo
FFFreeeTaa'SSS
fRRRaaTz
FFFrrrIIItttZZ'S
fRRRiiUULIIIaaN
ffrrraaBaassHUUR
FFFrrOuuBBEEELL
ffRRRoIssssaaarrrT
FRRRUUmmmmmm
FrrrOOnnddde
FFFRRRoooNNNtAAAnnniicc
FFrriNNtttennAc'sss
frrooostt
FFRRRuSSTTT'S
fffRRUsTTTBBBEEllttt
ffraaaUDDDee
FrrEEEwwaaaRRRDDD
FFFrrAAAWIIIRD'S
frrrss
FFFRuCCtUdddooorr
FFFrrriiccttteeedddARRR's
fRuNNzzaaa
FRRuuunnnzOOO'SSS
fffRRyy
fffRRRYYeee
FFRRYYYE's
fffUUUaaaddd
fuuuaaaDD'SSS
FECCHHooUUU
fffICHHaaaaaa'S
fffuucchSS
FFFUccchhS's
FFuIGIIuuun
fffUUUeeenTTTass
fffOOOGGGGGeeeRR
fuujjii
fUUJJJi'ss
FFFIIIjiTTSSee
FFuJitttSSu'sss
FFFeeejjjIIWeeeRRRe
FUUJaaaWWeerrrAAA'SS
fijIIIyyamaaa
FUUjjIYYYAAMMMaaa'SS
fffUUUkkEEuNN
fffakkkuuEn'SS
fffuKKUUoookaaa
FFuuuKUooKa's
FFFuuula
FFAlllI'sss
ffUULLAAnII
FFUULanIII'S
FaaLLAAANNiiiss
fffuullleeesss
FFFuuulllBBBrrriiGGHHttt
FUULLLLEEErrr
ffuLLLLLorrrtoooN
FUlToon
FFFuuuLLLttoNNN'SS
FUUUnnAAAbbbeSHHHi
FFFUUUnnnUUUbbboosHHi'SS
FFFuNNNuuffuuutI
ffuuunnchhaall
ffANNNdddAAAmmEEENNNtillliiisMM
FFUNNNddYY
FFFUUURIIIEES
FFFUUURRRAAAES'ss
fOORNEssss
fuuRRRnnnAAviilllLLL
FUURRtwwänGGGLEEErrr
FFFERRTwäNGllEEERRR'ss
FuussshhheeHH
ffUUUSSSHHuNNN
fffUUUTUURiiSSmm
ffiiizzHHoUU
fEzzhhhIIUUU'S
FFFUUUzzzbbuuSSTTEEEr
FFYYN
ffühhrrORRR
ffüHRRUrrr'ss
GGG
ggg'sss
gUUUTtt'SSS
GGBB's
gDDDPPP'sss
gggAAA
GI'SS
ggHQ'SSS
gggMTT'SS
GNNpp'SS
GePPP'ss
GGGPPP'SSS
GGGTee
ggTTEE's
GiIII'S
GGOO
gggaa's
gggAAABBBAAAr
gggAAbbbEERAAAnnEEss
ggAAABLLLEE
ggguuuBBBII
ggaBeeen
gguBBooNN'SSS
gggOBBBOOnOOSSSI
gggABooonnneeSEEE'ss
GGGiiiBBBOOrrriNE
GaaaBBorrrOOONNo'sss
ggAbbrriiIIll
gggOOObbbRRAEElAA
gAAABBRRRoooEEElaaa's
ggAAAbbRAAAaaLLLllUUU
GGeeebbbRRieeellLLLe'S
ggAcccruuxx
GAAAcRRiixxx'ss
gOODD
GoooDdddAAAfffII
GGGaaDDHHHUULLiCCC
gAAADDDssDDDenn
gAAADDsdddooonn'SSS
GGAAeI
ggAAeeo'ss
GaaeekkwwwOOrrr
GGIAALLL
ggAeeell'SS
gggaaeeeLLOOOc
ggUIILLLicc'S
gggoeeLSS
GGGaaagggaaarriNNN
GUUggO
gggAAIIuu
gAAAIIA'S
GGGAAAIIIKKKWAARRR
gggAAAOL
gggaiiLLL'sss
gggaaIIMAAAnn
GGaaiiimaann's
GooIINNess
GGaiiNeees's
ggguuuaanaaSvIIILLlllEE
GAInAAsvvviLLLlE'sss
gggEINNSbOOORRRooUUgh
GAAiNNNSSbbbOOrOOOuGGHH'ss
GGeeeiiSiiiRRRiiCC
GGGuuiiitskkIIILLLll
GAIeSS
ggIIIL
ggOOOlAAHHHaaadd
GALLLahAAddd'sss
gggaalAHHHeeedddS
ggaaalEEEPPPIIIgosss
GGGALEEpaaagggOss'sss
gggOlllaaaTTE
GGGALiiTTOOOOO
gggaaLLLattiiia
gggAllAATeeeeeenn
GAAALaaaTTTIUUnnns
gggAAALOXXyyy
gaaLLLBBBa
gggaLLBBRRAAAiitthhh
GGaallCCChAA
gAAALLee
GAAALLeee'ss
gggAlllEEENNN
GAllloNNIIICC
gaLLaaniSMM
GGGaalllIBBIII
gaLLeecciAAA
gaaaLLIIcccIIIAAA'SSS
gggEEllliiicccIIIaann
GaaalAccciiAnn'SSS
GalliCCiiiEnnS
GeeeliiLLLAAON
ggaallliLLLeANN'ss
GGGALiiLEaaannnss
GilliiiLUUE
ggILLLiiillEEEII
GaaaLILLLEEE'SSS
ggaaaLLLIILLeeooo
GGAAALEllaaaOOO'ss
gggAALLLL
GGGaalllLL'S
gOlllLLAAA
ggaaaLlaGGGHHurr
GAAALLLLLLaaagHHHarrr'SSS
gggiillllleee
GGGaLleeeGGaaaSSS
GaaLLLlOOOGooosss'ss
GGAAALLlllIIiii
gEEElllllEEEE's
ggeLLlllAAAcc
gaLLLLIcInnn
ggAAALLiiCCCunnEESSm
gELliiicccEE
gggeLLLLLLOOCCuusMM
GGaaallLLIcccIIIsMM'sss
ggaalLLLaacccosssmmmSSS
GGAALLLLLiCCCiZEEE
GaLLLlii
GEEEllLLU'SSS
GAAllLowwwoooYY
ggaaaLllluWWOOY'ss
GGalLooWWWaaysss
GaLLLLLupp
GOOLLoIs
ggaaLLLAAAuS'SS
gggUUUlllSSSWWErThhyyy
ggALTTANNN
gaaLLLvvooonnnii
GGAALLVUUUsttOOOnnn
GGULLLVVAAASSSTTToooN'sss
GGGeeeLWaaayyy
gggaallWUUUgIIIaNNN
geMMii
gggOOmAY
GGAAAmBBOOOTTTa
ggAAmbeeeOO
geeemmbbbiiia'sss
ggaaammBBaaaNN
GGIIMMMbIIoNNN'S
GGGuuuMMMbaaaaaNSS
gggamBBLAAA
ggiiimbbllleee'SSS
GGGAAMMMBBBrrrIINUUsss
ggoooMoow
GUUUMooow'sss
gOnnD
GGaNdaaa
gggAAAnDDHE
GaaaNDDDhhi'SSS
gggiNNddHAAAEEENN
gggaaannnDDDHHiiiAAASSMM
gggANNdddZZZHAAA
GIIInnnASaaa
ggaaNNisssI's
GUUUnnnaaaSSSHAAA
gAAnIIsHaa'SS
gggeNNNGGGeeeSSS
gInGGeeSS's
ggOngeeTeeeCCC
gggaannGGGtttookkk
gANNNGGtOOkk'ss
GGGuuuNNNttrrriiisssInnn
ggonnTTTrY
ggOOONNTTRRRY'ss
gINymOOOdddii
gggonnnYYYMMEDDDeee'SS
GGUUO
GGGAAp
gggaaaPPP'S
GIIRRAAAMMMeeND
GGaaarbaa
geRCCCauu
ggaaarccaaaa'SS
GUUrrddd
ggaarDDDA
ggoRdInnniiir
ggaaaRRdddnAArrr
GGGAArrrDDNeeeRR'SSS
gUURRReeetthhh
GGaaaRRReettthhh'S
GGiiiRRRfUUAAAlldd
GaRRRffiieeellldd'sss
gOOOrffUNkkkell
ggErFFONKKKALL'sss
gggAAArrrgenntoAA
gaRGGGaaaNNNtUin
GEEErrOBulllDDDIII
gggAArrrIBBaaaLLLDII'SSS
GarrLLAANNND
gaaaRRnnnAArrr
GaarrNNiiiTt
ggoooRRiiNNNNNO
gguurrRRRiiittt
GirrrreettTTT'S
gggarrRRRiiiccckk
gAArrRRREEEsAn
ggaRrrryy
GIRRRRyyy'SS
gAARRttORRR
ggaaaRtthhh
GGarrrTHHH'SS
gguuRVVVuuuY
GGGArYYY
GGaRRRZZe
GGAARRRzzAA'ss
GGGIsscooNNN
GGGaaSCCCOOnnnyyy
GGGiiSSSCCOONNyyy'ss
GGGuuskOOLLLLL
gAsPPPAAR
ggEsppeee
ggaassppiii'SS
GGoosssPeeessiiaannn
GuuSSSseerr
GGIITTTiiS
gggAATOssheeeAAAdd
GGAAATTH
GGGOOTThhhaaa
ggOTTTLLLiNGGG
GAtttlllEEnG'S
GGAtttOOOrradddE
gaaaTTTAARREEdde's
GGUTTTSBByyy
gggAtttSSSBByy'S
gggEEEttUUn
GAtuuNN'SS
GaiGUIINNN
ggEEEUGiionnn'SS
GGiiiiiHHHAAtUU
ggaaeeelll
GGGOOull'SSS
goUUUlllEIITTeR
gAAAelllAAsHH
gaeeLLLLAAssM
gggAAIILLlIIIssTTT
GGAAAlllss
GaaauSSSS
GGuuuAAAsssSS'S
geeeuuSSSssIAN
GUuuTaaMMMAA
gggAuuTAAmmmA'SSS
GGAAUTiieeeRRR
gaaaVEEEnnn
GGEEEvvIIINNN'SS
GiiiWWWaaaaaN
gawwEEIINN's
GGuuYY
gayyyAA
ggaaaYlEEE
gggUyylE'ss
GGiiiYYYllorddd
ggAAAYYLLord'S
GGEEYoMaaRRRttt
gAAZZA
gggUzziiiIInnnttEppp
GGGDDD
gdd'S
ggDDDuuNNNsskkk
GDDDaaNSSSkkk'S
GdddYYYNNNIIAA
GGe
GEEE'S
GGGAAV
gggEbbeeRR
GGGeuuloooNNNg
ggEffFFEn
GGGEEEfffffeeennn'SSS
ggeeeHHHunnnA
GeeHunNNaaa'sss
gggeehhhEnnNNaS
GoohrrAg
GGEEiigggaaR
GGeAAAgggoRR'sss
gguuAAASSElll
GEEEOOOst
gggeeelllBvvuuuuh
ggeLLbbbVViiiEEHHH'ss
gggEELDDEErrlllIINNNddd
GEEELLLLEEER
GGelLLoorr'ss
ggEELLLSSUUUnnKOOOrrrccHuuunn
GGGoommAAARuuu
ggguMIINNo
GGGEEMMiiiNNNUUU'SS
GGGEEEMiinnnIs
gggAAAnnn
gennna
GGOOOnu'SSS
gggEnnUrriii
ggeNNaarroo's
GGuuNEE
goNEE'S
gEEENNeSoooss
gguNNESSSISSS'sss
GGennnEETTT
geennEEEt'S
GeNNevvAAA
GEEEnEEvvAAA'SSS
ggOOOnnnIIVVVaaaN
GGGUUNNIIIvUSSSiii
gEENAAVVViiEEvvE
gEEEnnuuviiEEVE'SS
gEEnnGGGHHiiis
gggEEENNNgHHHIIS'ss
GGEENNNl
gIIInooa
GeennOaa'S
giNNNoooAsss
GGGeeennnuuuEEESOO
gaNNNoovEE
gguNNUUVVOOO'SS
GGeeNoovvvIIIsssEEE
gEEnssERRiiiccc
ggEEEnntt
gggennnTTTiLeee
ggoNNNtttEElllEEE'SSS
gggEnTTiilliiiSSS
GUNttOOOO
gEENttrY
gEEnnnTTTrrYY'SSS
geeeEE
GGEi'SS
GGeeeAAFFFrreeYYY
gggEEEOOOfFrEyy's
gUUUemmmeTTrrrIIccc
GGEEuuurrrDDaaEE
GGIIIurggE
ggiorrGGeee'ss
GOOoRGGGeeeAAAnnnnn
ggooORRgeIIINNNN'sss
GOOOOOORggES
GGeeeeRRGGGaTToooWWWNNN
ggEEEErrrGGAtOOOWn's
geeeiRRGGUUUTTTUU
GGoooorGGGAAO
geeOORRGGiIII'ss
GGGuuuiiirGGIIOOOn
gggEEEaaaRRRguuuAnnn'SSS
GGoOOOrrggIIIaaNNSS
GGGeeOOOrrrgicccsss
ggeeeeeerrgiCCCSSS'S
ggeeArGIIInnnU
GeOORGGiiinnAA'ss
gggIIIr
gEraa
gARiiilllD
GGUURaalllDD'S
GGGeeeraaaLddinnuuu
GGOOORaLLLDDDIIInnne'ss
gggeerEErrDDD
geeeRRRaRRRD's
geRaaaRRdddIII
gErAARRdddooo's
GGGUUURRbbArrr
GGUUrbbbeRRR'SS
GGGEre
geeeRRE'ss
GUUURhhIIrrdd
GeeerrrHHHaaRRDD'sss
GGiirrriTTiL
ggOrrITTaaalll'SS
GeeRRRleccchhhovvko
ggErmEEENNN
ggeeerrMANN's
GGEEERmmmeeNeCC
gggOOOrmUUnicc'S
gaRRmmOOOnnniSMM
GGiirrmmmIInnnussM'SS
GGGeeerrrMMAAAnnnuSSSmmms
GGaRRRmaaannizIII
GeRmmaaNNooPHiiLLLeee
gggEEErrmmeeeNupHHeeeBBeee
GErmmmaaNNNSS
gggirrmiinToWWWN
GGEERRmmAAAnTTEEEWnnn'S
ggiiirrMMMaNYYY
ggEErMINNNYYY'S
GGerrrmeniiilll
geeRRMMUUNNNAlll'ss
GuuurrMMIsssTTTeeen
gggEroooNNNIImmmO
ggErrRRRYY
gERRRrY'S
Gerrrsss
ggaaarssshWiin
GGGIIRRTTrrUUUddEEE
GGerrrTTTrrroooDDOO'S
GGGUURYYUNN
ggeesssttEEEllTT
GGAssTAAllltEEEN
GGGeeeSSStttapee
GGGeSSttApppooo'SS
GGGeeeSteeepppOOS
GGGEESSSOaaalDu
GGGeeTTHHHSSOmmmENeee
gggitttTTY
ggeeTtttySBBUUURRRG
gggeeTTttyySSSBBBurrgg'S
gggEUUlINNCCCxxx
GGGoowwwürZttramUnnorr
GGGeZZZIIIrra
gEEEëz
GGhhhEEENA
GhhhaaannAAA'ss
gHHHeeennnAAAiaNNN
gggHIneaaNN
ggghhhiiinnEEaNNN'ss
GGGhhhaNOOOaaaNNSS
GGGhhhaTTTss
GhhIIzzvvvOONIIId
GGhhhAAAzzzVAANNNIIIDDD'sss
GhEEEBir
ggghhinnttt
gggHIIIBBelllIIINUUU
GGhhhibbbiirrrTTTA
gghUURLEEnnDaaiiiOO
Ga
GGGiii'ss
GGGooAACEEEMoootTii
gggiiONNIIInnni
gggooOONNnnnooNaa'S
GGGIIOOOoooQAU
gggIIIAAAeeeQUEEE'sss
gggIbbBBOON
ggiiiBBBbbbONNNsss
ggoBBbsss
GGGiiiBBBeun
GGGOOObOOoooNNiiittteee
GGIbbRRROOLLtttarr
gggIIIBBrrrAAltttaR'SS
GGiiiBrOOLLLTTTars
gggiiibbRRRONNN
gggIIBBssOOONNN
GGIIIddOO
gggAAADDEEEOOnn
gIIEELLGUUd
geeeEnAhh
ggienAH'ss
gggeefffEEE
GGiGuunnnTTesss
GGGiigggaannTIpiittHHEcccUsss
gggUUGGLLLiii
GGIIjjjoooNNN
GUJJIIN'SS
GiiiLLL
GIIIlll'ss
ggiiiLaaa
GAAAllE's
GGelBBBEEErtt
ggIIILBBBERRRT'SSS
GallBEEErrrtttiiANNN
GGGiiilllbbboRTTuNIII
ggIIIlBBBOOOrttta
GGGAlllBiRRtttooo'S
gIllccchhRRRusst
ggIIIlCChhhReeessstt'ss
GGGiilllddaaa
GGGallldda's
ggiillOOOOOddd
GGGIIIllUUUIIdddIITTe
GGulllOOsss
GGGullGaaMMMESSHH
GiiillLLL
GGGALLLllAAASPPOOUUU
gggIIIlllETTttte
GGAAllooTTTTTeee'sss
GGUUUllLLiiiiMM
gggiiLllaAAmm'ss
GiiLleeaan
ggiiLLLlluAAAnn's
gUlLUUgaNNN
gaallllIIggOn'S
giLmmaaann
GGGOLMaaann's
GGiLLmmmUrrrOO
GGIIIlllmorruuu'sss
GGGIIIllAllluu
gggoLsOOn
GGaaaNNaaa
ggannIII'SSS
GGennnGIIIR
GEEEnnnGeR'S
gOOnnnGGGrIChh
GGIIINNgrrrIIccHH's
gggeeennnnyyy
GIINNNnyy'S
ggiiNNNu
GGGEEENNNO'SS
gUUUNNssBBErGG
GGGeennnSSSBEERRGG
GeNNNSSSbbbUURRRGG's
GGiiNNNssu
gaaNNNSaa'SSS
ggguOOOrrrGGEEEoonnne
gggaaooottttUUU
gggEEOVaNNNNIII
gggiiOvvvaaNNNNNII'ss
gIppsEEEEEEs
GGGUUPPssYY
GGGIIPPSY's
GEEERRRUuuDDD
gggiirrreeuuudddOoox
giiRRgggeeNtttiii
GGEEErrrEnnnDDEEE
GGGirrrOOnnnddIsT
Guuusbbuurrrnnaa
GiiSEElla
GGGiSSEEEllooo'S
gggaassaLLLLLe
ggaaasssiilllLLA'sss
GIIIsssh
giSSSIINNg
GGGIIIIIllliiinnI
gIIIuuuLiiaaani'ss
GGGoouuSSOOOppppppEE
gIIUUUSSAPPPPPPu'SSS
Gooozaaa
ggAZZII'SS
gK
ggLIDDSSTUnnEEE
GLLODDSTTTAANNNeee'S
GGLaddsssttOOOnnnuuSSS
GGLeedYYYS
gggLLagOLLiitttoooCC
GGGluuurAAAss
ggLLLEEssEErr
gglloSSGooow
gggLLLaaSSSGEww'sss
gLLLessss
gglllAAASSSS'ss
GGGllAStttUNBBUUrryyy
GGLLaaSSTOnnnboooRYY'ss
ggLLIIIsWWWEgAAAaN
GGGllAAAswwweeeGGUUUANN'sss
gggllAAAsWWuuuGGGoUUUNSSS
gLeeeuuCEE
GGLLAXaaa
gllaaaXee'ss
GGlooZZZooonnnOOvv
gggLeEEssooonn
gLaASSooon'ss
GGGlllIIwwAAATTZZZ
GLLLunn
GGGlONN'SSS
gLLLEENcccEEIII
Glleeennddii
gggloooNNNDDA'SS
GLLLInddEElla
GGlINNDaawwwEERRR
gllleeennLaVVVeeeT
GllleeenllIIVVEEETT'S
ggglleeeNNNnnn
GGLeennnnnn'sss
GGGllEnnnnnA
GGLLiNnnAA'S
GGLeeennnKKUUU
glllIIWWICCEEE
GLLuuuMmmmaa
gggLeeeRRRUUUa
GGllOOOIIICCCeSSSTTTeerrr
ggllliieeCCCeesssTeeerSSShIIIRREE
ggLLeVeeeR
gggLLoVOOrrr'SS
GLLuuuccKK
gLLLYYNNNdddwwwrr
ggnneeesssTTiiiC
GnnOSttUUCCCOOSSSMM
GnnnoooSSTTTEEECCCiSSMMM'ss
gggnnoosssttIIICCeesssmmSS
gNNOOssTTIIICCiiiZu
gOOu
GGIIIbeeeLLan
gOOBBaaa
ggooBUUU'SSS
Godd
gODDD's
gggOOOddAArd
gggOdAvaarU
GGGAddddaaaRRDD
GeedeeeSSSBBBOOrrrggg
gggooddFFrOY
godddFFrriiyy'SSS
gOOdHHUUaD
gedddHHHeAd'ss
GGoDiVee
gggAAAddiiivvvaaa'SSS
goDDDLEEkkkeee
GGoodddooollpHHiNNN
gOODOOOt
ggOODOOtt'sss
GGOOODSSPEEEEddd
gOdddSSSpppeeeeeDDD's
gOOODsssPPeeeEDDDSS
ggoodttthoooUUUB
GGoodTTHHIbbb
GGaDDTTTHHabb'S
GGIDDDEEnoVV
GGoooDDDWooon
ggaaDDDzILLLlllEE
ggUDDDzeellllE'sss
gOOOibbaalllS
GoooaarriinnGG
gggOOeTHHHAAls
giieTTThiiilllsss'SSS
GEEEeThII
GGoooooTTTHeee'S
GGOfffff
gOOFFFff's
GGGOOG
GOGGGHH
gAAAgggOOOLL
GGiiiiUUUNNNuuuaa
ggOoooaannnaaaa'sss
gUIIIdaallliiCCC
goiDDDULLLiiiC'ss
Giiilluuun
GOLLaNN'S
galcccONNddAAA
GOlda
GGOLDDAAA'SSS
ggIldddbAAArggg
gOlldBBORRRGGG'SS
GGGooollldddeeNN
GGaaaLLLdeNNN'ss
goldIUUU
GGoolllddIAAA'SSS
GIIILLLDillloocKKKs
GGGIIILLLdiLLoooccckksss'SS
ggguuulDDDiiinng
ggoollldddMin
gooLLdMOnn'SSS
goolllddonnII
gaLLDDSCCChhhMMeddT
GGGOOLLdddsmmmIttthhh
GGaLDDWAATTTiRRR
GGiLLLDDwaaatttEEErrr'ss
gggooLDDDwwwYN
GAAALLggii
ggaaLLggeTTHHOOO
GGuuullGGGooTTHHEEE'SS
GOOLLaaaoTHH
GGGuuMMMeel
GGAmEzz
GGGoomaazzz'SS
gOOOmoRRraaahhh
GGGOOOMMMoooRRRRRRaaahhh'SS
gOOMMMURRRRaaaHHSS
GGGiiiMPPaaarS
GoMMalKKa
GGINcccoouuuRRRTTT
GGOOOnnnD
GInDD's
GGGOndddaRRR
GOOONNNdduu
ggeNNddu's
gggOONNdsss
gonnndddWWWAnnaaalllunnnDD
ggUUUNdWWAAAnnnALEEnnnddd'S
goongggOruSSSmmm
GOOOnnzzzOOLeesss
gOOOnnZZAAALoooZ
ggAAAnnnzzzallleeez's
GGGeeeNzzalli
GGEEnZZalllOO'SS
gggooouddd
gOooodd's
GGOOOiDulL
GGGoooooddAlLLL'sss
goUUUdmmman
GGIIDRREEch
ggguuuUUUDDDrUUUcHH'ss
GGGoiDDDwwwIllLL
gEEUDDWiiilL'S
GGEEoodddWiN
GGGiiIIIDWWIIN'S
GGGOOOeeedyyuuirrr
gAAeeegLEEE
GIIUggLLLE'SS
GGOELAAAgggOONGG
GGIOOLLaaGGGaaNggg'ss
GGoPPHHeeer
GGoorrBBaaaCHHEvvv
gggordddIIIeeN
guurrdddEEeeeN'SS
GorrddiiiMMMeerrr
ggordeeNNN
GGEErrree
gggooorrEENN
GGGaarrrooonn'S
ggUrreeYYY
gERRRUY'SS
GooorrrGGGos
gggOrrGAAAAAAss
gerrrGGGOOnn
GGooRgoNNN'S
gggaarrrggiiNiiaaNN
GGuurrrggaaaNzooolllAAA
gIIruZiiiAA
gUrKOO
GGaaaRRRkkkiii'SSS
GGOORkkkyy
ggOORRRKKKY'S
GooorLLOOVKKaa
gggooRRTTTooNN
gggOOOSSheeenn
GGaaaSppEEll
GGGOSPEll'ss
gAASppuLs
ggooossPPPlaan
geessssII
GGuuutttaaMMAAA
GGGOOOTTH
GootttHH'sss
GGOOOttthhOOO
GGGOOOthhhOMMM
GGGeetHeNBBBUURRGG
gOttHAAAnnnBBBUUUrGGG'SS
GiiitthOOc
GGGoooThhhiiiccc'SSS
gaaTTHOOcaLLyy
GUttHHiiCCIssmmm
GGOttHHHiiiCCCIIIzzI
ggAAtthhuuuccS
gggUUTThhhS
gggOTllIINddd
gggOOidddAA
gggUUUDDDAA'SSS
GGGUUUUUDaaS
goIIIddy
gOUUULdd
gOOOUUNNaadd
GGGuuuRRmmmOnnnTTT
GGGIIV
GGGUUUVVeeeRNNMMMaanttt
gOOOvEErrnerrr
gggEEVt
gggEEWWWAAR
gUYaaa
ggr
GGRaablee
GGGRRRAABBBlee'ss
ggrrIIcchhus
GGrrAAACCEE
ggRRIcEElAANND
GraccEELLLAAAnddd'SSS
gggRRRAAAccAASSS
gRRIICes'S
gRRiiiCCIEEE
gggRRREccAAEE'sss
GGGRRUUccOOolllA
ggreeCCIIIEELLLAA'SS
GRRRIIIddy
gggRAADyyy'S
grrrOOoooaO
gRRaiiiCCCiiiZZZEE
gggrrAAFFF
ggRRoffffffIeeess
grrAFFfiaaSS'S
gggRaaaftoon
GGruftaNNN's
ggrraaaham
GrrrUHaaMMMooo
GGGrrrAIIaaaeee
GrrrUUiiL
GrreeeoonnnGuuurrr
GGGrrAAAMmyyy
GGGrraammmaappHHHoonnnE
ggRRRAAAMppiiiAAnnn
ggrrraaMMPUUaan'SS
GRRRaaaMMPPPiiUUUnnns
GGGraaaneeDDooo
gRRRaanaadA's
GRRIINeedddooSSS
GrrAAANGi
GGrrraNIIcccUUSS
ggRaaaNuuceSS'S
ggrrraNNjeNNN
gggRRRAAnnttt
GGrraaaNNNTT'SSS
GGGrrraNNNTAAA
gggrrronnthhh
gRRRAAnnnVIIIllLLLEE
GGGRRRaaaNNVIIllllEEE'S
GGraaPPPHoPPPHHHooNNNOOO
gRiiismURRAAA
ggRRRAsS
GGRRuuuttiiiIIINNN
ggRRaattttAAAn
gravaaaSS
GGrrUvvvEEEsIIINNdd
GGrruvUTTTTiiEnn
GrrAAAyyy
GGGRRRaaZZZ
ggrreeeAAtERRR
grrrEEECCCiiaNN
gggraaCCCIIIsAA
gggRReeCCiSSSm
gggRRRaaCuuuZZee
GGGRROOOcccUUU
GGGREeecI
GGGrEEEEEcccUUU'SS
ggrrraaeekkk
gggrrrEEkkk'SS
GGrrrEEEEEEKss
gggrrOOuLLLaaaYY
ggrEOn
GGGRReOOONN'ss
GRaaaeenAwayyy
GGREEEENNe
GrrrEEOOOnnnLLaNNND
grUeeennllAAnnDD'sss
GGrrUeenLLLaNNDiiiR
GGGRRRUUUiinllEEENNdUUUC
grEEEeNNNooocKKK
GRoooEENNpEEEEEECCCeee
gggRREEEENNNPPPOOOaaace'SS
gRRReeeeeennnsss
GRRReeNNNSSSbEri
GGrrEEEEEnnnSbbuRRAA'S
GGRRReeeEEEnSSllEEEEVEESSS
GrreeEEnnnSSLLieeeVees'SS
GGRRREEeeNNNssppaannn
GGRRROOEENNNsssPOOOnn'SSS
ggrrrAAAENwwiicccHH
GGRRREEIIInnnWWUUUcHH'SS
gggREerr
gggRRUUUEEERRR'SSS
ggrEEEggg
gggReeeg'S
ggRRUUGgg
GrreeeGGGGG'sss
gRRUUUggooRRRIaaNNN
GGrreegggORREOOO
ggrrrIIGGeeeRREEEEEE'S
GrrAAAgeRRY
GRRREEGGarrryyy'sss
GGGRReNNNeedddaa
GGGRRRuuNNNaaaDDUU'ss
grrEENNNaddEiiiNNN
grrrunADDDiiAnn'S
gggrinnAAAdddooaaannSSS
gggrreenuDDDEENNNEESSS
grAAANNNDDDell
gronnnooBBllE
GrrreeennVVVUUUlllllEE
ggrrrAAshhhaM
greeetttee
gggRRRETAA's
gggRRRoootccHEEn
GGrrraaaTTTcchheenn'SS
gggrrreeetttAAALLL
gRUUUtttall's
gRRUUUTTTZKy
ggRettzzzkkkyyy'ss
grreeeZZZeee
Grreeeyyy
GGrEeeg
GGRRRiffffiNN
gggrriiiFfooNN'S
GGrrrOffffaattHH
gRRoooLLLLLLPPooorrrZEEERRR
ggriiMMMeeelllddeee
GRRRiMMMeeSS
GGGRImKKKii
ggRIImmmkkkEE'SS
gggrrrAAMMMM
GGGrAmMMM'ss
GGreemssBByy
GrIInnnCChh
GrrrUUNcchhh'SS
GRRIIQQUA
GGRRRIss
ggRRiSELddAA
ggRIISSuuNSSS
Grrodddnnee
gggrooeenUNNNDDDIIIeL
GrolIIIRRR
gggRRROOOmyyykoo
GGrOONNNINNNgggeenn
GGGRRRAAPPPAAeSS
GGGRROOPPPIUss'SSS
GrraSS
GGGROOOssss
ggRRoooSSsswwwoooRRDDDeENNN
GGGRosssZ
ggrroooTTooo
GGRooottiiuuuSS
GGGrIIvvEEErrr
ggRRROOVVVoooRR'sss
GGGrrroVEEES
GGGROOZZNNYYY
GGrrrUMmmmiiiN
GGGRRIIIMMmeeenn'ss
GGGRRUnDDY
ggrruuNNdddYYYuuSSm
gggRRuNNdddYYYEEESSM'S
GGGRUUUNNdddYYYIIISSmmSS
gruS
GRRREESSS'sss
GGRRRuuYeeeRRReSS
gggrroooYYèRREE
GrrruyyèRa'ss
gggRRRüNNNeeeWWeld
GGRRüNNEWuuuLLd'ss
GaaaAAADaLLLEEEjjEEERAA
GGGUAAdaaLLLAAjjjaaRRuu'S
gUaaDDDAAALLLcOnnnuuuLLL
GGGUUaadddaalllccAnnuull'S
gggUUAAdeLLLQQUUUAAAvvIRRR
GuuuAADellepUUU
ggUUAAdddIIlUUpE'SSS
GGGUIIIDDDELLoooiPPPiii
GGUIIDDuuuLouuuPiii'SSS
gggUUAADDIUUnni
ggiilLIITTTaaaRRRi
GUUAAALLlllAAAtttAAArreee'ss
GGaaooomm
ggaaUUUMM'S
GUUUAAMAAnnOOaaaNN
ggUUENNNaaabbUURII
GGuuiinnAAAJeeeAAttOOO
ggguuuAAANGGGZZHHeeuuu
gguuuEnnnGGzzHHoooE'S
ggoAnntttIIInnemOO
gggUUOOONNtAAAnnAMMAA'SS
GGGuuuuuurrrunee
GOOOaaaRReenEEE'SSS
guArraannnIIIss
GGGiiiERdafUUUIII
gggIIIAAARDDi
GGGIIIaaaRNNNOOOrriii
gggIIIAAARnnnuurruuuusss
GGEEAAARRRnneeeOrrri
gUUUOOrrnnIIurII'SS
GGaAATTT
gggOiiTTEEEMMOLAAA
ggguuuuTEEEMMillaa'SS
giETTTEEEmmmellOOOnn
gggIIaaTTAAAMMMuuullaaannn'ss
ggguuaatuMOOLLLinS
GGGUUaayaaQQaaaiill
gUUuyyaaqqqEEEoooLLL'S
gggECCCcI
ggguCCCCUUU'S
GGGUDDDrrUn
GGaauuLLLDDeeersss
ggguuEELpH
ggUUUannnEEVerrrOO
gIeeeNNeeVVVeeRRiii'ss
GGUUAArrrNNNIICCCa
gUUERnsEEYYY
GuUURRnnSSeeeyyy'sss
GIeeerrrnnsIIYYSSS
gguiiRRRaaa
GGGuuUUURRRRaa'sss
GGGUUUerREERi
ggaauuVOOOrrri
ggUgggGGGEENhhhEIIm
GGeeIIIaaannnA
GGIIIiiAAANNNi'SSS
GGGuiiANNNIIn
ggIIIiEEEnNNNe
GGGooiiilLLLEEErrmmE
GGGuuuILlluuRRMMUUU'ss
Giiin
GOOOInAAAAAA
GGuuuENEa'S
GuinEaaaNN
GGGUUUUNNNeeOOOnn'ss
giiiaaneaNNsss
guiinneevvvEEErrEEE
GGuuNEvvviiiRa'ss
GGGUUUiiNnnuusSSS
GGUuuNNNNNUUsssss'ss
GGuAASSSCoRRDD
ggguuuIIIyAnGG
gggiizzzaaattt
gggIIIJJJEEERREEEtt
GGGuuuJJuuraT's
GGeeejOORRoooTTU
gggUUUJJJarAAATTTee'SS
GGGIIJAARRRAtiisss
ggguuJJRaaaNNNWWAAAllO
gUUUlAAAGGG
guulFFF
ggUULFFF'sss
gILLlllAAAHHH
ggUlllluuuVVVERRR
ggUULLLLLiivvvERRR'ss
ggUmmmBaaL
GEEMMbbbIIILLL'SSS
gOMMMbo
GGGummBooo's
GGGUNNNNaaar
gggIINTTTEr
GiiiNNtthhhOOR
gggooooffEEENgg
ggEEofffAAnnngg's
gUUPPtti
GGUpppTTaaa's
gggiiR
gguuuRR'SS
GGaarrKKKHIII
GGGuurrrkkkhhaaa'SS
gguRKKHHHiiss
ggUUs
gUS'SSS
GGGUstttaaav
GGEEEsssTTaaav'SS
ggUSSSttaaaVVoo
gUstttavU'S
GuSTTTAAAVVVus
GGuuuSSSttavoSS'S
GGOTiiiNNNbeeRGGG
GGutHHrrIE
ggguThhhRRUUNN
gggIITTTuuuaaRrrrAAAz
ggguuutuuueeerrrRez'sss
GUUY
ggoYYY'sss
GGuuuYYYAAnna
gguuuYYAAAna's
GGUyyAAnOSSEE
GGUUYaaaNNNeeesssee'ss
gUYYeeeNnnne
ggOOyyySSS
GGUUZMMMAAn
GGGozzzmAANN'SSS
gggWEELLLiiiURR
GGwIINN
gggWWWoN'SSS
gWEEnDDDOOOLUUUnnneee
GGGWWWeeendOOOLiinnnee'SSS
GWWWOOONNNDDeeLLYYYNN
GGGwEEndddELLYYYN'SS
GGGwEEEnnnttt
GWWEnnTTT'ss
GGwwynnn
GGWWWyyn'ss
GGGwwwYYYnEEdddD
gwwyNeeDDdd's
gyyyaaanndZHAAA
GGGyyyaaaNNddzHaa'SSS
gyyyppSSiiESSS
ggyyyPssYY
ggYPPPssY'SSS
ggöDDDEELLL
GöddEEEl'ss
gggöteBOOrrrgg
gggötttebbbUUrrGG'sss
HH
HHH'S
hDDDl'S
HHHff'SS
hhhIVV'S
hMMa'ss
hhhPPP'SSS
hhhQ'SS
HSSSBccc
HHHSSSbbbC'ss
hhhTTmL's
HHHTTTTTTPP'sss
HHHUUUddd'ss
HAAA
HHaiirrLiimmm
HHHAAaaaSS
hhhAAiiss'SSS
hhEEBBB
HAAAbiiiCiiiccc
HHHIIIBBaaCEEEc'SSS
HHHAAAbAAKKKKAAAk
hhhABANNaaa
HHHaaaBBARRR
HUUUbbbAArrr's
hhhaBBSSSBuRGG
hAbbbSBBBuRRRGGG'sss
HUBBBSSSbORGSS
hAAACCkkknEEEyy
HHHAADiir
hhhEEddooor'SS
hhhADDDDDIngttIINN
haaaDDEEEAANNN
huuudEESSS
hhhAAADEES's
hhhoooDHRAmmeeeuuT
HIIIddRIINN
hhheEccKKKOOOlll
hhaafffAzz
hAAAfffiiiZ'SS
HHeeeFtuRRihh
HHHAG
hAGAARRR
HHuGGEEnnn
HOgggggUUDDaahhh
Haagggggaaai
hhaGGGGGAAARRRDD
HHAAAGGuuuIIgRRAAAPhhhA
HHHAGIOOggrrAApphhaa'SS
HHHaGGGUeee
HHHuhhhnn
hhhAAhhNeeemmOOnNNN
HHHAiiiDDii
HAAAOODe's
hEiidEEERRAAABBaad
hUAADAASS
hoooiDDUUkkk
hhuOOfffuuu
HHaaaifffOO's
hhAAAiG
haaikkkooe
HHuIIKKKoooUUU'sss
hhhAAaaNNEN
haaINNNAAUUtt
hheeIIPPHHooonnnggg
hheITTTee
HUUIIITTTI'sss
HHHAAIIItoaaN
hAOOTuaaan's
heeEEEttIIIaaanSSS
hhaakkonkrEuZ
heeekKuu
hhhOOOkkKKa'sss
hhAAAkkLEEYTTT
hakkkooDaTeee
hhAAAll
HHIIl'sss
hhhaaalaaFiiiAAAn
HAllAKKaahhh
hOOOlllDDAANNNaaa
hEELi
HHHilllEEaKKKaaalluuu
haalluy
HiLLUUYY'SSS
haaallUUcAArrnnaassssOSSS
HeeLLLooofffoXXX
hhheLLiiFFFooX's
HHHiillL
HHHALLLLLLuulll
HiiiLLLLLUUll'SS
HHUUUlllLEEELLsss
HHHaaallEEy
hhaaaLlliiBBBuuRRRTTOOOnnn
HALllIIbbbuuRRRttOONNN'SS
hhallllaae
HHHeeelLLLeeeee'sss
HHHIllLmiRkkk
HaLLLLLmaaRRRKKK'S
HHHAALLlllOOOWEEE'eeeNNN
HHaaLLLLLiiiWWaen
hhhaLLLllOWUUeenn'SSS
HHaaallOOOWWWIeeeNNsss
hEElllLLaWmIs
hhALlllooowmmAAAS'ss
HAALLLLLLeWWmmISSaS
HuuulLLLSTUUUTtt
hhIIllllllé
HaaLmAAhhhEEErrrA
HHiLLmsstAADD
HIIllON
hhhALLLoNNN'S
HHAAAlllsss
hEEELLSuuYY
HHHaaalllsssUNGGGbbUUrrGGG
HallsIINNggBBBOOORRGGG'ss
HHIMM
hhhAAM'S
HHamAA
HHOOOMMiiidddAnn
HHAMMedaaaNNN'SSS
hIMaddRRYYoooD
HHHiiiMaahhh
HHHeeemmmEEEh'sss
HHoomAAlll
HHHeMMuLL'sss
hemmAAAMMMItSu
HHEMOOOnn
HHHimunnn'SSS
HAAMMMAsss
HHHAMMBllleTOONNNaaaaaNNN
HHIImmBaaRRRGGG
hhhoommmBBurgg'sss
HHHOOmbIIIrgAArrr
hiiiMbiirgggSS
HummmeeeLLiiNNN
haaMhuunngg
hhheeemmmeeelccuRRR
HeeemmILLLCAAAr'S
HHHuummmEEllLL
HaaMUUUllLLL'SS
HaaMMMoooLLttteeeNN
HHUMMMuuullttaaNNN'SS
HHHAAmmiiLtOOONNNiiiUUnnn
HHHAAAMMMAAATTTe
hhhiiiMMMiiitooC
hhhoommmoootiC's
heeemmlet
hiimmmLLoNNN
HoooMMlleeN'ss
HHAAAMMmmm
hhhimMMM's
HuMMmmmAARRRSSSKKKJoooLLddd
Haammmeerrr
hhhOOOmmmMOOrrr'S
hhaaaMMMMMeeeRRRFFeesssT
HHaaaMMMMMIIIrrsssmmiTThh
hhhummMMMiiRRsmmmiiiThh's
HHHiMMmeeerssTeeonn
hhaaammmmmiiTTTttt
HHaaaMMMMEEETTTT'ss
HHAAAMmmooNNddd
HHammMUURRaaaBBIII
HHAMMMiirAApppE
haammpddENNN
hhAAmPPshhiiiRRA
hamPssshhhiReee'ss
HuuMPPPsHooorEsss
hhAAAmmPPPSSttAAAdd
HiMPPPtEN
hhuuummmssunnn
hhhaann
HHHAAnncoooCCKKK
Haaannndddeeelll
HHAAnnDOOOLL'ss
HHHANNNDDDYYY
HAAANNeY
hhhUUNNeeeyy'SS
hhhaaNGGGchhhiia
hhhonnnGccchhhooUU'S
hheeNgCHHHEwww
HHiinnnGChhhEEw'SSS
hunnguL
HHHaaaNNGGuLLL'sss
hhhAAnnggzzhhOOuuu
HaaanggZhhhOuuu'S
hhuunnnkkk
HAAnnkkk'sss
HANKKUwww
HHHonNNaa
hhAAANNNAA's
HHHEnnnnOhh
hhheNNNNNIbboooLLL
hhhOOnnnnnibeLLL'SSS
hhaNNNNOVEr
HHHEENnnnovvEEErr'SSS
heNai
HAnOOOooo'SSS
HaanOOveeeR
Haanoveerr'SS
hhAAAnnnoovvEEErIIIan
heeeNNNovvvuuurOOONNN'ss
hhhENNoovvuuurrrOOOaaanSSS
hhhAnSS
HHHEnnnSaaaRRd
HHIInnSSaarDDD'sss
HHHiiiNNNssARRRDDss
hhONsssbEERRrrrY
HannsssBBeerrrRyyy'S
HHHeNSeee
HHAAANssseEtEEECCC
HHoNNSAAl
hhhIIINNsiilll'sss
HHaaannnSSeNNN
HAANSSSaaaNNN'ss
hhaNNSSSoNNN
HHooNsOOONNN'SS
hhhaNNNIKKKooo
HeNUKOOH
hhAAAnnnUUUKKaHHH'SS
HHiNNuuukkKahhh
hhannnukKKaHH's
HHannaKKKaHHHSSS
haaannUUMMMuuuN
HHanUMMEEEn'SSS
HHHuNYYAAAng
hhaaPPHHtArrrAAhhh
hAAPPPSSbbaaaRRgg
haaaPssBBUrG'sss
hhAPPssbuuuRGGGSS
HHaRaPPPPPIII
HUURRRAArr
HHoorArrrOOO
HOOORRRARRRE'sss
HUUUrrrBEEnnn
HHHUUURDDDEEcccaaNNooTeee
hhoooRDDooNNBBaaarrrGG
hhhArrddOnn
HaRRddduNN'ss
HHHaRRRDDiing
HHHarDDaaNNggg'SS
HarrDDDYYY
hhAAARRgIIIIISEE
HAArrGeeeeSSi's
HHIIIRGGGRReAAAvvEES
hhhaaarrrIjjaaNNN
hhUUUrrrIIInGEEyyy
HArreennggeyyy'sss
hhheerrLLAN
HErrLLAAAN'ss
hhhaarLLaNNd
haaRRLLaaNDDD'SSS
hAARRRlaamm
HHHarrllUUm'ss
harrlllAAAMMaaTEEE
hhheerlleeqqqOOiiNN
hhaaRRLLLEEYY
hArrrLLLOOWW
HHaaRRRmOOnnn
HaaarrrmmmOOn'ss
haarrMMsssWoRRRTTTh
hIIrUUlddd
HerrillDD'ss
HHorpppurrr
HHHIIRRpUUR'SS
haRRPPPIIIASSS
HARRRPPPY
HAAArrppyyy's
hIIrrrrarr
HHHeerrEll
hhIIIRriiiLlll'ss
HaaarrrRIIIAt
hOOORRrIIIuuutt's
HHarrrRRREEootttTT
heRRRRIeeetTTT'sss
hAARRRIIIiiiTTTtII
hhAAARRRRROOOEtttTTuuu's
HHAArrrRRRIIImEEnnn
HHERriNNNGGGtuunn
HHHArriiinnGGGTTTEEN'sss
HooRRRrisss
HHHaaRRRRiSSSbaaarrg
hOrrrRRIssBaaaRggg'ss
HHHUrrrRRRIISUNN
HHiirrrriSSSooon'SS
HHuRRRRRRODDDS
hAAARRRrrriiVVIIaaann
hhEEERROww
HHArrRY
HHHaRRRy'S
HAArTTT
HuRRttti
HOOrrrTTfoRRRddd
HHHarrTFFFAArdd'SS
HHaaaRRRttLLayy
HHHeerrrtttlliineee
HHHARTTliNe'ss
haaaRRTTTMMAN
hhhARRttmmmAnn'SSS
HeerrttmmoonnnNNN
hhuRRvvooRRDDD
HHHAARRRvARRRddd'S
HAAARRRvvEyy
HHiiSII
hhiiiSSSBBRRooo
HUUsbRIII'SS
HHEEESSSDDDROObbaaLL
hAASSSddrUUbbbaalll'SSS
HHHEEsssoooD
hhhussuuuDDDIc
hhAAASSSIIDDDaaam
hAAASSSuuudiSmmm
HAAssId
hhOSSSsssIIIDDDimm
hhhOOsssttIINGs
hhaaStIIngs'SSS
hhATTfAAOlllDD
HHHAAATThUUUwEEEy
hhhAAATTTheRR
HHIItttSSShoooPPSSEEttt
hhhAAttssshEEEppSSeeeTTT'ss
hhUUUtttssshhhUpssat
haTTTSSSHHeeepppUUUTTT
HHUtttsHHHEEEPPPaTT'ss
HOttttIIrrraSSS
hUUUtttuuo
HHHettttaaaOOO'SS
HeeUUPPtttMMaaaNNNnnn
hhEEEUssaaa
hhEEiisa'sss
hhhAAiiSOOSS
HHHOOEsddOORfff
hhhAAAaasdderFfff'sss
hhIIIVanAAA
hhAvannne'ss
HAVVVaaanAAnnn
HiiVenaSS
HAAAVVArrTTTI
HUUUVEEll
hAveerrINNgg
hhEEverrrOOONNNG'S
HOOvvOLLinu
hhhEEViiliiNNuu'SSS
HHAVRREEE
HAAAW
hhaaaWaaaEEEe
HHUUUWEEIII'S
hhooWeiiiIIIuN
HHHiiwwoooiiEEEAAANNN's
hhhaWWaooeeeiNSSS
HHAWkE
HHHAAwwwkAA'SS
hAAAWkaaannnG
HiiiWWWKINNNS
Huuwwwkkks
HHHAAAwwERtttHH
hhhiWWWtttHOOrrnnii
Haay
HHHeeyyy'S
hhhiiiyDDeen
HHAYYDeeen'SSS
HHIYYddN
HeeYYYDnn'SSS
HHAAYEESS
HuuYYYees'ss
hAAAYYYnnnasss
HAAAyyyss
HHaaayywwAAARDD
haywwOoddd
heeeyWiiiOD'ss
hUUYYwOOOrrrtth
hEEyywIIIrrrtth'S
hhhaZZool
hhaazzzeel'SSS
HHoooZLIIITTTtt
HHb
HE
hhEE'sss
heeED
hhheADDD'S
hEENNNeeyy
haAnnnIIIyy'ss
heaaaRRSt
HHHEEEOtttHHH
Heeathhhoorr
HHHeeeaaaTTHHIIRR's
HHeeUUVVVen
hIIavvEEEnn'S
hhhEEooveNNS
hhEIIVVViiiSSIIIdeee
heebbb
HibbbbeL
HHHEBBUU
HHHEBBEErrrttt
HHHobbEEERTTT's
HHHeeBBRRRAAIIICC
HHHEBBBRRaaaIIIssmmm
hhhiBBrrIissMM'ss
hhhAAAbrAAAAAssmmS
HeBRRRIUSSStt
hhEEBBrrrAiisstttiiiC
heebbbRRRAAAUUUSSSTTTiiCCCuuLL
hObbreIIIZEEE
hhhaaBBRReww
Heeebbbrrruuuwww'ss
HHHAAbbrrreeWWSSS
HHHeeBBBrrrIddEEEOONN
hhheebbbRRaDDOs
HHHuuBBRiiidduusss'sss
hhhOOOBBBReNN
HHeeeCATTTeee
HHHIIctttUR
HHHEccTTOORR'SS
HiccAAAbbA
hhhEEDDDJJJuuZ
HEEEuuuppp
HHHEeeep'SS
HHHeeeER
HEIIIRRR'SSS
hhhaaeeerrrleN
HHeFFNEEErr
hEEfneeRRR'sss
HHEEEGEEEL
HHHEEEgggeeell'sss
HeegeeLLLOANN
HHHOOOGGGELaaaaNNNiiiSM
HHHeeGGIIrOOO
HeOOOdddegggGIRRR
HHeeeIIDDDeeLLLBBBAArggg
hhhOOOUUddIII
hhEEiiiDDDi'ss
hUUUiiiddducc
HHHEEuufetZZZ
HHHealllBBrrooonnn
hhhEEUULoonGGGjjIIAAANNNgg
HHHEIIIlennnGGJJoooaanGGG'sss
HHHUUAAALuuNgggKiiIIInggg
hheeeEEmmmDiiilllLLL
HHaaaIMMDDIIllL'ss
HHHeeammmLLOOChhh
HHHOOOimlliCCCHH'ss
HEEIIne
hEaNEKKKeeNN
HEEiinIIIkkoonn'SS
HEEEEnnie
HHHEIIINLLLOeeNN
hheiiiNLOOeN'S
hhEEEiiiNNRRiCChh
HHuuuIINRechh'SSS
hheeINzzz
hhhEEEIssooonnBeeeRRgg
HHHEisssmmmAN
HHIOOOsssmaann'sss
HHHeeejAZ
HaaaJiRoo
hEKKooTTiii
HHeLL
hhhEL'SSS
HHILeiinneee
HHeeeLLLOuuuNuuu'S
hheellDDEntiNir
HHellunnn
hhhuuuLuNN'SS
HUULLIIInAA
HHEEElllEEnAAA'ss
HHEELiiinne
hhhEELLLONNNo'SSS
HHEELGGGa
hhUlggaa'S
hhhEEllGGGOOllEnnDD
HELIIICCCoooNNN
HHELoGuLLLIIINd
HHoooLLLAAAIIChhrrrOMee
HeeeLLioGOObAAAliiiSSS
hhALIIopAAAllaaaSSS
HHELaaoss
HHeLLiiiOOSS'SS
HeeLLL
HHelll'SS
HHHeeellLLLadiiCC
hhhILLees
HooLLLeee
hhELLleeN
HHHEElLLLEEENNe
HHHooollllANIII'S
HEEEllLLLeeNeeS
HUUULLLLEnnIIC
hULLllUUNEc'sss
hEllllleNNNIIISSmmm
hELlEEEnneesmm's
HEEllLLaNESMMS
holllLIINNiiSSST
hhhEElLLLAnnnisTTTecc
hhhaaLLLinnozzzATTuuooNNN
HEELLLENiiiZZEEE
HeeLLlEnIIIzzzeeerrr
hhhUUlllllERRR
HHellllleeSS
heeLLLLLIISSpoonnnttt
hhElllLLLEEEssspppaaaNNNtt'sss
hhhelllMMaaNN
HHHeelllLLss
HHHEEELLLMMeeNNNd
HEEELLLMMMholTTTZZZ
hhhOOLMMhheelltZ'SS
hhhelMMMaT
hhALmUUUTT'S
hheeLLLAAATT
hhhuullpp
HHooLLLppp'ss
HHHeLLLsssaaNNNKAAA
hhAALLsInkkkII'sss
hhhAAlllvvIIIlllyyN
HHHeeellVVeeetttEEAA
HHEEELVeeTiiiAN
HeLLvIIITiic
hhEEElvvvooTTTOOOoo
hhhEEElllvvvEEETIIuuSSS
hheeellVaatttoUUUS'SS
HHEmmmEEENNNGss
HomIIINNGss'SS
heemmiNNgWWayyy
hhhUUmmiinnngggWWWAAYYY'ss
HIIManngwwAyyEsssQEEEII
HHHemmmINgwUYYeeeSqqquEEE'ss
HeennccHHH
HENNCCChh'ss
HHIINNdEEERRssoon
hENNdddeeerssOnnn'SS
hhheeennddRREEccKKKS
HEEENDDrrraXX
HHHENGGGaaloo
HHOONNGGiisssTTT
HHHINNNLeeyyy
hhhInNuuuSSSY
HUUNNNeeSSSssY'S
HHHeeeNRII
HHOOONNNrrIII's
HeeNNNrrriiieeTtAAA
hEENNRiiiEtTTa'SS
hhheNNNrrYY
HHHEEnRRY'SS
hhhANNSlloYY
HHHeNNNSSLoYYY'SSS
HHUUUNNSLLooWWWAA
hhEEENSSSoNN
hhAAAnnsEEENN'SSS
hhheNNzzee
HHHeepBORnn
hAAAphhaaaosstuS
HHeephhauuusssTIIS'S
HHHeepPPPluwwwHHatttuu
HHaaPTTTaattEEuCCHH
hheeRRRAA
heeRRRAA'S
HHEEErrrAAACCCLLLIAA
hhOrraaacccLLees
hhEERAACCClllUUSS'S
HEERRRUUUccclllIIIDDD
HHHeeeRRRaCCCliteeAnn
HIIIRRRAcclItiiaaanniisssm
huuRRaaaCClaatttOSSS
HHHeeRRAAAkkLLLiioOOn
HiirrAAAkkLLiiss
HHHEEERRaaKLEESS'SSS
HHHeeeRRRAkkkllEEEennn
HHHOrrreTT
hhErbIIIrrTTT
HHuuurrBBBArrrtIIAN
HHuuurbbbAAArtt
hhhAArCiiigggAAViNAA
HHeeRRRcccUUlAAnnooooMM
HeeerrrCCULuunnneeuuuMM'S
hhirCuuuLeeeaann
hhErccceeles
hhhEEERccuuLLAAAsss's
HHHEERRdaarrr
hOOReeefiRRddd
hheeRReeeFFOOORRD'SSS
hhEEreffaRddss
HAARUFFFooRRdddsssHHIrreee
HuurerrrO
hhhIIIRIBBBeertoo
hhheeRUUUbbURRtttooo's
hhheerrISSeeeOOO
huuurMMaaannn
hhheeRMMAANNN'SSS
HHaaaRRRmUUUNNnn
HEEERRRmmmONNNN'ss
hEEErrmaaPPPHrroDDDITEEESSS
hhhEEERRRMeeeSS
hiirMMiiSS's
HHHIIIRmIIItiiCC
hhUUrrmmmiiinEE
hhooorrMMINAA'sss
hhhUUURMMMIINIIIu
hhhErMManneeeoo'sss
HeeeRRmITTAAgggE
hhEERRRMiittAAA
HeerrMItttu'ss
HHHARmmaN
hAArmeSSiiilllLLUUU
HHHERRmOsiillllii'SSS
HIIIRnaaaNNNdddAzzz
HHHErnnaaaNDEEEZZ'ss
hhEEErrNNNEEE
hhEEERRo
HHHuuuROOdd
hhaarrrOD's
hhheeeRRUDDDEEASS
HHaarrroDDotttuuss
HHaaRROOODootAsss'sss
HHHOOOrronnn
hhhEEERRReeeppHHIIIllluss
HHHEEErrr
HHeeerrrr'S
HHeeRRrrEEEN
hheeeRRRReeeNNNvvOOOlllkk
HHerrrrrEEnnnvvvoollkk'ss
HHaaaRreeenvAAAllKS
HHHIIIrRErrraaa
hhhuuRRrrrEEERRaa's
hhhOOORRRRiccckk
HEERrrrunnnggg
huuurrrRIngg'sss
hEERRRrIOOTT
HEErrrSSSCChELLL
hhEEErrrSEYYY
HHHeRRsEyyy'S
HHeerrShEEELLL
hhhursshhEEELLL'sss
heerrsshEEEyyy
HerrrSSShheyy's
HHHArrTTFFFoRdd
HHeeRRtttFFFooorrddsHHHIIIRRRee
huuurTThhO
haaRRttthAA'SSS
hhooorrrTTTZZZ
hhhiiiRtzzz'SS
HHHEEErrTTTzzooogg
hEERRRTTTZZSSPPrrunnnG
HHEERRTTZSSPPPRRREEEng'ss
heRZZZEEEGuuuvvvUUNNA
Hurzzzll
HHESSSHHHvANNN
HHHEEESSShVEN'sss
hhhEESHvveennsss
HHassHweennn
HHaSIIOOddd
hhhEESAAAANNNE
hassspppaaaR
hheesssPEEErruuENNN
HHeeSppeRRiiDDeSS
hassPPeeereees
HHHOOssSSS
hesSiii
hhheSSsssIIIUNN
HisTTeeerr
HHHeSteeer'S
hhhASSTTiiiAA
hhhOOOSSSttuuuaaa'SS
HHHeessttOOONN
HHAAAStttUUUnnn'S
HeeesssyccchOssTTT
hheeTTIrrrOOoooUsssUUUaaaNN
HHuuuTTTTaaaU
HHHEEETTTtttOOEEE'ss
HHHiVVOOOSY
HHoooWIttttt
heWitT'sss
haaawwleeeTTTttt
hhEwwleeetttTTT'S
hhhEEEXXiTTTiiiucchh
HHuuYdddOOOCCkkk
hhheyyyEErrddaahl
hhuuuYYwwwoooooDDD
hheeezzbbbAALLleeH
HHHUUUzBBBolLAHH'SSS
hhuuuzzEKKiIhh
HHff
hhFFF'ss
HHGG
hhhGGG'SSS
HUaaalllEEEaaH
HHHiiaawwwAAATHHaa
hhhEAAwweeTTHHHaa'sss
huBBBOrrrniiiE
hhhaBBBUUUrnia'S
hhIIIbbERRRnAAAANN
HHIIBBBORRRnniCOsssmm
hhhEccckkmmmaaann
HHHiiCCCKMMMAAnnn'ss
hoocccKKKooKK
hhUUcckSSS
HIICCKs'SS
HIdAALGGaa
hhhuuArrrOOONyyyMMUUUS
HIGAAAsshiiOOOSSSIkkkA
hhaGGGgIIINSS
hhhIIGGGGGGINSSS'SS
hIgHllAAndd
HHHiiighLLLanndeeerr
HiigggHHHLLaaNNNDDoooRRR'ss
hhhOOGGhLAAANNddErs
hIIIGGHLLaaaNNNDDSSS
hhhEEEgHHHnnnaaasss
hiiighhhNEEEssSS'ss
HHHIIIjjjRooo
HAAlllARue
hhhElllirroOOO'SSS
HHHOOlllAArrY
hhUULLURRYYY'SS
HHiiLLbbErrrt
HHHiiLLLDDDe
hiillldddAAA'ss
HHHIIllDDDebbbrrrAANNNdd
hhILLddeeGGGAAARRRdd
HHHIIILLLDEggguRDD'SSS
HeeeLLDEEGORRdde
hIlldeeeGeerrDAAA'sss
HHiiLLLdOOsHHHuuuIIIMMM
HHiiilllFFIgggeeeRRR
HHHIIILLLFFIIIGAARRR'SSS
hEELLL
HUUULLLllARyyy
HHHellLaaalll
hhhuuLLiiiArdd
hiiLLLiiinnnGGGddOOON
haaalLLooNgddOONN'sss
hEEELLtONNN
hhhILLveRssuuum
HHHullWAn
HHiiilWaaaNN'SS
himmoolllaaaYYAA
HHIImmaalllaayyiii'S
hhIIImellluyyiinn
HIImmEllaayyyuuuss
HiimmmaaJJJI
hhImmmMMlllooorrr
hhEMyyyEEErrotEE
hhhiMMyyyUUURRitiiicc
hiiinneeyaannnAAA
hhInnnooyyyeennA'ss
HOOnnoyanASS
HHaaannD
hhEENNDOOOmiitHH
hhoooNNNdeNNbUUrrrg
hiiNddiii
huuundOOOo
hhIInndddeO'SSS
HIIInndddoooooosss
HHHAANNNdddu
HIIINdddu'ss
HiinnndOiiiSSSM
hhInnnddOOOIsMM's
HHHOOnddUUaSSSMss
HHHiinduuuss
HUUUNdaaassTTTannn
hheeNdEEssTTTaann'S
hhhEnDDiiiSTTTeeNNIII
HHHuNdduusTTaaNII's
HooonnndUUsssTaaaNNNiiS
hhhineeeSSS
HIINNNSHHHEElllWEEuuuDD
HHiiiNNNtttAAnnn
hhIINttoooN's
HIIppppurrChhhAASSS
HIIPPPpeccrrrAAtooss
hiiiPppOOccrAAATTTEEES'SSS
HiPPOOccrraaattOOOcc
hhIIPppooCCCRREENNNuuu
hApppuLyyTuuuss
HHHEEEPPPppuMeeeNNEsss
hhhooRaaM
hhirreebbUUMee
HHHIrrroBBBUUUmmmee'ss
HHHiRIIIHHiTO
hhiiiRRoossHHIIGuuu
hhhiiirOssshUUUMe
hhhurrrEssshImU'sss
hESSSpaanniiiooo
HHHaassPPPAAnnniccc
HiiSSPPPIIINNNiCC'SSS
HHiSSSppAANNicooSMMM
hIIISpAAAnnaaaCaaaZZZEE
HHiisssppoNNECsss
HHiisPPPiNIIIOOOlllEEE
HHaaSSPPPAAAnnniiiollaaa's
hhhESSss
hhIIssss'SSS
hIIIttaaCCCHHHIII
hhhAAttAAAchhhoo'ss
HHiiitttchhhcocckkk
HHeetttlER
HItleRRR's
haTTTLUUUrriiiAn
hiittLErrraaSSm
hutttLoRRss
hOOtttTToooTII
HHiiittoootte'ss
haatTTTIttiisss
hhmmmOONNNg
hhhOO
HHHa's
hooaaDD
HHoBBAAARRTT
hOOBBEErrT'sss
hIbbbBBBOOMMMa
hhhooBBBBeeeSS
HUbbbbaaaSOAAANN
hhhOOBbbiiismm
hOOObbbbbbs
hiiiBBBIIIKEEn
HIChHEEiiMMMuuuRRR
HHUUUcKNNeeyy
hhhocckkkNNEy'SSS
HHHoDDDeidddAAA
hhhiiddgggEEE
HHaaDGGGA'SS
HOODDDggguuuSS
hoooDDgggKKKIIIN
HHHeeeeeNErrr
HIIAAANNNuRR'sss
HHIIfffFF
HHHoooFfff'SS
HHooFFFffOOO
hhOOfffFUU'SSS
hhhaaffffmmmaann
HHHUUFFFFFFMaaN'sss
HHOOFFFMAANNnsssTTTHAL
hhUUfffsttaddttiirr
hEEfffSSTaaDDTEEr'sss
HHaaFFFUUUfff
HHHoggeeennn
hhAAGeN's
hoGGaRRRTThh
HEEEggaaRtttHiiAAANN
HOGGGG
hhiiggguee
HooGwwwuRRtss
hhhOOOGGwwwAARRRtttss'SSS
HHooohaaNNLLiiiNNNDDAnn
hhOOOHHeeNNLiinndddEEEnnn'S
hhooHHHeeNloooHHHooo
HeehhhEEENNSSStEIffeNN
HHIIIHHHENNNZZZooolLLLERRNN
hhAHHIInZZooLLLlEErrrn's
hOhooNNNziiLLlEErrNNSS
HEEhhHHIIIT
HoHHHhhhOTT'sss
hAAHuuuKKKAAMM
HIIIKaannn
hhhuuukkaNN'ss
hhOKKAAiiidddOOO
HHokkkkAiddII's
HakuusssUo
HHoloRCCCttIIc
HHHOOOlBIINN
HHolllCCAAAmmmBBB
hhhooolllCCCOOmmbb'sss
HoLLdOON
hhOLLDDEEEnn'S
HellldddOOOrrr
hIIIlllDDDeer'SSS
HHillGGGUiNNN
HHHIIIlgaaaINN'ss
HHHOOOLLIIddOY
HHHoLLLOONNNooossSSS
HHHOOOLLLOOOnnssshhheeeDD
HHAALlllAnnnDDD
HOOOLLLlloNND'sss
HoooLlllAAAnnnDaRRR
HAAlllLLAANNDerrr'SS
hhhooLLLLuunDDiRRSS
HOOlllllaaNNNdddooOO
HHOlllannnDs
HoollLLLEEErETTTHH
HHHOOOLLLLLLOOriitHHH'sss
hhoLLLLLeeyyy
HOlLLEEY'ss
hhIIIlLLeeeaa
hhOOLLLiiie's
hhhoooLlllIIIS
hoooLLLllooowwwIIIY
hhhOOLLllUUwweYYY'S
HHHOLllY
HHOLLLlllYwOOood
hhoLLLlyywUUUOddd'S
hhhOLMMMAnn
HHHaaLLMMaN'S
hhOOlllmmEEs
hhoooLMAASS'SS
hhhOOLLeccaaine
HHOOOllOOcaUUSTT
HHuuulIICCCeNEE
hOOLLLuucEEnneee'S
HHiiilllOFFEEErNNeeSS
hhOllSSSTTT
hoolsstiiiAAAnnn
HHHOLLLSTEEinn'SS
hhooollsstteeAAnnSSS
hooLt
hhhOOlllyHHOIIIddd
HHoommmbbbEErrrg
hhooMME
HAAMMMERRR
hhhiiiMIIIr'SSS
hhoMMerrUUUCCC
hUMMMiiccOOODA
heemmIccIIDA'sss
hooMOOO
HHooommmOOOIooASIOnn
HHHAMMMoiiuSSIIin
hhhimmS
hOOnn
HHaaanAAnnn
HHANNND
hhhIIINNDaaa
Hooonndddaaa'sss
HHOOnnDOOO
hhOnnDDDO'SSS
HHHOOnnnDooRAAnnn
hhhanndduuurrrEEEn'S
hhOOnnDDurrraaaNNNeeaann
hhhInnndarrrOONNiiiaNN
hhhooNDDDuuuRonnnS
HHHOnDDDaRRasss
HHHUNNNDDDUUUras'sss
hooNNEEEccKKER
HHHEnnEECKUUURRR'ss
HHUUnnnUggGGUUR
hhhANNeeeyywELLLLL
HHoooNUUUyyywwwoollLL'SS
hoNeeeaaaRA
HOOnnuuuLLLuLeee
HHiNOLUUlUUU'S
HoonEEER
HHooNNiiiRRRUUBBlllEEE
hEnnSSheee
hhheensHHHUUU'SS
HHOOOOcccHH
HOOOOD
HeeoggH
hiaaGGhhhLLLyy
hhhooKKaa
HoOOKORR
Hooooper
heeeoooPPPurr'SS
HHHuuuOssooEERR
HHUUUuussiiierr'S
hoOOSiiieeRRS
hhhUUUotIrs
HHIIuuTTTuuurrS'S
HHoouuvvvaarr
hhuovvuur'SS
HHHoooooVVeerrrSSS
hhhooovvvoooRRRVIIIlllLee
hIIPPPII
hiiPOOOhh
HHOOOppOWEEELL
HHopppEWWeeelLLL'SS
hhuuupOO
hhhOOOPPPii's
HHopppiiiSSS
HHHaaPPPKKKIInsss
hOOPPPpppeRRR
HHoorrriiiCCCO
hhhooRaaCIO
HHHuuuRIIICooU'SS
HHuuRRRaeee
HHeeReettiiUUUnnn
heRiTTIIIAA
HooRiiittiia'ss
HHooRRRaB
HHHOORLLIIvvvkkka
HHHURllliiivvvKKKA'SS
HHHOORRRmmmuuull
HORRMMeeL'ss
hooorrmmmuuuZ
hhhEEERRRn
HHEEERnbbbLLLOOOWuur
horrrnblOWEEERR'sss
hhOORNNNOOO
hhhoooRRRnnU's
hhhaaRnnIIIY
HHaRoooLoooggaaUmmm
hhIIROOWittzz
HHoorrsA
HHHOrTaa
HUrtUUnsssEE
hhhOOrrttthhhYYY
hhUUrrrTTToNN
Hooorrrtteenn'SSS
hhORUs
hhoorUUUSS'S
hhhAAS
HOOOssEEEuu
HOOsssAAiii'sss
HHIISPiiittAALEEr
HOOOSSPIIITAAllETTT
hiiiSSSTTT
huuSTTT'S
HHoossttS
HooTiEENNN
HOOTTTPPPoooeeNtt
hhATTpoooIInnTTT'S
hhUUtttaNNTTTIItt
hhEETtooNTTTOt'SSS
HHHoootTTTeennttATTsss
hhhOUdddin
HHoooudddiinnEE
heeUUUDONN
hhOUUUnsslOOWW
HHHOOOaaannssLaaW's
hhhuuUUUSSaa
HHHOOOOsMMMAAAnn
hhhoooUUUsssTooonn
hhioSSSTOOONNN's
hhOOOUSttEENEEEOOnnn
HHHooUyyhnnHnnmm
HHHoooUUUYHHNNHHHnnnm'SSS
hhhOOOVVhannnuSSss
HaaVVHaaNeeesssss'SSS
hhiiwwaaRRDD
hhaaWWe
HHHoooWWWeeeLLll
HowwEELLLll'ss
hheeeWWWaaalllllss
hhhaWWrraaahhh
HHOXXHHEEE
HHHoooyyylllE
hhrraaaThhggaRR
HHrOOthgAAARR'sss
hRRRVVAAATTSSkkAA
HHsIINInGGG
hhhsssuuuNkkunngg
HHHTTS
HHHOOambbbUU
hhuuaaaNNNGGG
HHuuAAsssccAARIIINNN
hhuuuaSccooRRReeNN'sss
HUBBBBaRRRDD
HHHUUUBBblllEE
HUbbbLooo'ss
HooBBeeeRR
hhhUBaRR'sss
hhhuuubbbeRT
hhIbuRTT'SSS
HHHuublii
hhuuubbblII's
hhhUUUCCKKK
HHUUccckkk'sss
hOOODDDDAAArrrSfffIEEElD
HAdddiBBBRRaSSSTiic
HHHuuddSOOOnn
hhuuddsUUUN'S
Huuueee
hhUeee'SSS
HHUUUeelvvvAAA
huuiiRTAA
HHHieeRRTTaaa's
hEEEEYYY
HHueeey's
HIFFFF
HUUfff'sss
hhifffFFMMaaNN
HHUffFFmOOON's
hufUf
hhhaaagGENNsss
HHHUUUGGH
HoooggHH's
HoGHes
hhhUUUgghUUUeee
hheGlli
hAAAgOOO
hhAgooo's
hhuGaaEEnnnOOOttt
hAAggUIInnITTT's
HUUUgggUIIInnnOTTTss
hhUUhhhEEEhoooTTT
HHHUIII
HHeeeaaattzIILLLUUPPPootttChhhLLLi
HUIIITTzzzeLOOppetttCHHHllloo'ss
HOOOlllll
huLLLL'SS
hUUMMMEEEniSSM
hhhUUUMBeer
HHHommmbbbUUURSSADDDE
HHummBeeeRssUddEE'sss
hhuuuMMMbbburrrtttoo
HHHUmmBBEEERtttii'SS
HHHiimmmBOOOLDttt
HAAAMMMEE
hImessm
hUUUmmMMeeerrr
hiMMMMMMEEr'SS
hhhOOmmpeeeRRdannncKK
HHUmmmPPPHHrrraaaYY
hhuMMMphhryy
HHHUUUMMPPPHHHrrYY'ss
HHeMVVVEEEaa
hENNN
Huuunn'SSS
Haaanneeen
hhhUUnng
HHUUNNNggIIRRRooAAAnnn
hOOnnnGGGaruuAANN'SS
hhhUUNNNGGGARRiiiaannSSS
HHuuuNGGarYYY
hhhUNNNgggAAARYYY'S
hhhuunnggNAMM
hhaaaNNniiishhh
hhoonnS
hhEENNNSppeeLLLL
HAAnSSPPPUUlllL'SSS
hhonnTTT
hIIINNNTTTeR
HHuunnTTeR'S
HHHunnntUnnnGdooonnn
HHHaNNtttuuunnngggdddoNNSSShiiRaa
hhhUnnTTinnngggtONNN
HHHOOONNttIIInngttOOOnnn'S
HUUUNNtleYYY
hunTTTLaaaY'SSS
HHoonTSSvviiiLLLLaaa
HHUnyyaadii
HHUPPPEEhhh
HaaaRRRLLLEEyy
HHEERLEEyyy'SSS
hhuRRROONNN
HHaRRRst
HUUUrrrST'SS
hhUURRsssTTOOOn
hhOOrrrSSStAAAn'sss
hhhEEs
hhUUUssseeaN
HHuuSSS
HUSSSSEoooN
hhEEESsErLL
HHuSSSsUUTTTu
HHHuuusstann
hhaTTTCHIInnsssiiiNNN
hhuuutttTTiin
hhhAAAtTTTonn's
HHITTTu
HHHoooXXllEyyy
hUUUxxLAAAYYY'S
hhhuuuYYGGeeNNNSSS
HHHUysmaaannss
hhwiNNNG
HyyOciiiNNttthhhuss
HyAADDeeeSSS
HHHYaDDeeeSSS'SS
hYYddII
HHHYYYdddooRRRABBaaadd
hhyyDDDrrrooo
hYddrrAAA'sss
HYDDDRRRUUSS
hyyDDruss'S
hhhyGOOIIoo
HHyKKKSosss
HHHYmmmENN
HHyymmONNN'SS
hhYYYMEtttuus
hhYYPPeRRbOOORoooaaannn
HHYYpeRRIIenn
HHYYpEEEREONNN's
HyPPPnnnOOOsss
HHHyyRRRCCeeeNNuua
hhyyunnDDDiie
HHyyUNNNDaII's
HHZ
hhzz's
hhélliiiUUUseee
hhélOOOiiiSe'sss
iii
i'd
ii'llllll
u'M
eee'S
III've
AAAAAEEOO'sss
ObM
Ibbmmm'ss
UUUccIIIooo'sss
IICCBBmmm'ss
iiiddd'SS
IIIDA'ss
iiifffCCC'S
UJJssSSSoool
UjjsssSSEELLMMEEerrr
IjjjSSSIIlllmmmOeeRR's
iiiLUUU's
iiimFFF's
aaaNNNgg
unnng'SSS
IOOuu'SSS
iqqq'sss
IIRRooo's
IRSS'sss
evv'SSS
iU
IIIICCCIcca
IaCcccEECa'S
IUUccoooCCCCCCaaa
EAcaaaccCCCii's
ooAgee
iiAAAGoo'SS
iaNNN
IEEEnn'sss
UaaaPPoooTTTIIISS
iiiAAAPUUTTTUUSSS's
eaaaSSII
IaaaSiii'S
UUUBBBADDAAn
OOObbaagggEEE
eBaaagggEEEUUU'sss
ibEEERRRiiiee
iBBBEriiiuuu'S
Ubbbeeerrriaannn
aBEERRT
IBBBiiiZZuuu
IIIbLISSS
AAAbbLLLEEEss'SSS
iiBBooo
EEbbbsssaaannn
iiibssseeen'sss
iiccoooHHn
EEcceeHNNN's
iicccAARRiiAA
IciiRRAeeennn
iicccaRUUUS
uccciiiriiiSS'SS
iiiCCOO
OOOcoooLLL
IIIccelEENDDD
IIICCEEELAAnd'ss
iccaaaLLLoooNdEEErr
iiiCCellaNDDeeRR'sss
IIICCCelllinnnDDeeRRRs
iCCCEEllUnDiCCC
OcoooLLLEEnnDIICCC'ss
OOCCCeNOO
uuuccHHAbOODD
ICHaaabbOOdd'ss
AcccHHHaaaNNGGG
EEccHHHEEENOOMMMIIIYYYu
iiiCCCEENOOOOmm
eeCCCTooonUsss
iida
iiiDDaHHHii
iddAAhooo'sss
iDDDAAHHHOINN
IDDDOhhhaUNNN'S
UUdaaahhAAUUUNNNs
adddAhhhOOOeeSSS
IIddAAAHHOOOSSS
OOODDDEEE
IIIDDOO'SSS
idddOOOMMeNNeeAAAss
IIDaN
IDinn'S
uueePeR
iiiiiiRRR
AAAoooyyasssaa
iiifffNNi
Ugggbbboo
IIGGnniicccuuuuu
iiGnnaaaciiiooo'sss
iigNAATTAUUsss
iiggOrr
IIgguuuRR'ss
uugggUUUrroot
oogRaOONa
UUUGuAACCCuuu
iiggUAAccEE'S
IIIggIIIiiSssUU
IGGuuaasssSSUUU's
EGGGuAAzzuu
eeegggUaaazaaa'S
iiiJJJSSSSSELL
iijsSeeeLLmeeeEEErr
EEEJJJsssSSSiiiLmmEEEeer'sss
iiKEEE
IIKKKEEE'S
ikkEEEi
aKKeeea'SS
uKhNNNaaTAANN
aaLLLEE
IlllENNNEE
IIlllOOONNNEE'SSS
oolia
iiillIiiid
OOllIIId'ss
ILIIAAAdss
UUUlllAAAoonnn
IIliooonn's
alllEEEIm
IIleUUUm'ss
ollL
IILLLLaaMMMPPU
aLLlAAMPU'sss
IIIlllIIIMAAAnnnIII
ooLLLLLeeemmmaNNIII'SS
iillllIInnAAeeaaN
uuullllinnnAiisss
eLLLlllOONOOOIISS's
IIILLLEENooiisssaaNNN
aLLLLLInnneeuusssAAAnnn'SS
iiilllOOONaaaIsssaNNNSSS
EEllUmmmINNaaatttI
iiillllYRREEa
ulllYRRRUUaaa'S
EEELLLLLYRoooAAnn
IIIllllyyyrrroOOONNN'SSS
alllyyyRRIIIOOOnnS
aaalLLLyyRiiicccUUUmm
alOOCeeeNoo
iiilOOOOOOlu
IllyUUUshhhunnn
iiLYYYusHHINN'ss
aMMMamm
iiimmmEElllDAAA
iiMMMElldddaa'S
UUUmmmhhAttEEPP
OMMHHHoottUppp'ss
AAmmmaNNUUuuL
AAMODDIIUUmmm
iiiMModiiiem'ss
aaamooogggEnnn
IIMOGGennn'sss
IMogggennii
EmmmOOggeennnE'sss
iiMPPP
EMMPPPirrrIeelll
EEEmmphhAAAl
IIMEss
eeemmmiiiss'S
eeeN
Unnn's
iiiNNaaa
EEnooo'SSS
IIINNaannNNA
oooNNNAAAnnNNAAA'sss
EEENNNC
IIINNNcAA
UUNNNCaa'SSS
UUUNCCCeNN
IIInCCCEErrNNNOOOttIIIOOn
IIINNCiiRNNAAATTiiiooon'SS
eeennccIISSS
IIInCCHOON
iNccHHon'ss
eencarpppOOOrrriiiTTeddd
eeennnDDD
iinddEEEPPPeeennnDEEnnnCCCEE
InndUUUpppennDENNCCCEEE'ss
iiNdddeeePPunDDDEnttt
UnnddIIIee
AAAnnnDDiiaaa'SS
OOOnnddduuAAmmmIIINNN
UUNddeeAAAmmAN'SS
IInnDDiiOOmmEn
InnDDDIannn
iiiNNDiiAAAn'SSS
ooNdiiiaaaNNooo
IIINNDIIIAAnee'SS
iiiNNdoannaaaNNN
INduuAAnnAANN'sss
UnnDiannAnnSSS
InndIIIUUNNNAApppooollIIs
eeNNDDiiennnOOOPPOOOliiiS's
aaNNNDiiieennnIIIen
iiinddiiAAAnniiizzaaTIeeen
IINNDDIIIuunnnIIZZZE
EENNDDDEEIIInnASSSSSS
oNNNDDiiiInnss
UUUNdddiiCCC
iinnndOcc'SS
IInnnddIccsss
IInnDDDOeS
eNDDaaraa
iiinnndiraa'S
UUNdddOOchhiinnnooo
InnnDDDoooCChhhiinnnAAA'ss
iiiNNNddAAACCCheeNeSSee
aandddiiNNNuSUUa
InnDDUUUNNNeeeSIee'S
iinnnDDonnuuuSiiieen
iindUUUNNEEESSUaaNNN's
InnddAAnuuusiiOOnnnSS
ennnddOOOrrU
ONDDrrra
IIInnnddRRRAA'SSS
AANdRRRee
IIInDDDUUUs
OnndddaaS'SS
iiNNNdddYYY
IIINNNDDDyyy'ss
INNNeSS
oooNEEEZ
eeeNNazz'ss
iiinnfff
IIINNNgIII
iinnGGGlllOWWWooOOddd
iinnGGRRAmmm
aaannngRRRAAAM'SS
IIngggrreeesss
InngggRIIIdd
iiNNGrrriiddd'S
IIInnnhAAmBannneee
IIINJJJuuun
eeennnJJUNN'S
innnkeeeRmmun
iinLaaNDDD
INlloooNNDD'sss
oooNNN
ennnOCCEEnTTT
iiiNNnnnooCCCeeennnTT'SSS
IIINNNNNSSbbbrriiccKKK
aaaNOOOnnnuu
EEENNOOONNi'SS
innnQQQeuuSaaTTTeOONN
OOONSStt
iiiNNSSttaMMAAATIccc
OOnSStttaammuuuttIIIC'SSS
eeNTEEELLL
iiinTTIl'ss
eeNNNTUUULLLSAAt
AAAnnnTerlAAAKKKuuN
iiNTTEEERLLoooNNgguAAA
iinnnTTuuurrrlEEEngggUUUA'S
UUNNNtteeerrnnIItiiiaaanAAAlll
INNNTTTEEERnnAAttIIIoooNNEEELLL'sss
INteeRRRNNNEETTTaaaoNeeelE
OOONNTTeeerrrnAAATTTeeAAnALLO'SSS
InnTEErrNAAATTIuunnnaaaLLOOSSS
iNtttoRnneeTIIooonAALLLS
iiinnTTEEErrnnEEET
INNNtteRpppUUlll
INNterTyyPu
iiiNuIIIttt
iiiNNNuuIIITTT's
oNUooottSSS
iiinnnUUUkkTAAAtuuuTT
EENNNUUktttiituut's
IIInUUUPPPAAAAAAQQQ
iinnvvvOOORRR
IIINNNVaaRRR'SSS
IIINVAArrSSS
InVVVeeeRRCCAARRGIIILL
iiNNNVIIrrnEEsssS
iiiooo
iiiU'ss
IIIIIIAANNnnuunniii
iiEEENOO
iiOONAAAsCCOO
iOOOnniiuu
IIIIInOaaa'S
aaonnneeooon
AAAuuuneeeOONNN'SS
iiiEnnnUUUeennsss
IONNIcc
iOOnnnICCC'sss
IIooonniCCCS
uuooWWWaa
IIIUUUwUU'SS
iiiOOOwaaNNN
ooaaWWAAAnnn's
UOWWWaaaNNSSS
AAAOWWEs
iphiGeNNiiiI
IIPPooh
UppSSAAmmmbbbuuuL
iiipSSUUUSS
IIPSSSIIsss'SS
IIIPPPssswwUCCCHHH
eqEEELLEEEiTT
iiiQQAlluOOOT'sss
AQBAAAll
OOOqUiqqquiii
OqqiittOOsss
EEErrr
ir'S
aarII
IIIrraa'sss
iiiRANN
iRANN'SS
EEERREEnnA
ArINNNOO'SS
IIRRRannuuANN
irUUNAAAN'SS
ERaniiIIINS
iiirrAAANNNIIs
eeRRRAAqq
iiiRAQQQ'SSS
iRAAQu
IRRaaQi'S
IIIrrrAAAQOOss
ARRRBBiiDD
ARRbbbuuuDDD's
iiirrBBBiiill
ERRAALIInnDDD
iiRRRoLLEnnndd's
IIIrronI
OrrIIISSS
IIRRAAShhh
iRRIIsHH'SSS
eeeRiiissshhhAAAR
aaRRRIIShhAsssm
eeRReeeSSHHHMMMuuuN
iiiRiiishhmaaan'sss
ARIIssHHMOOONNN
uurrEEEshwwwommAAANNN
iiiRRRiissHWWWOmmAAn'SS
EErrassshhwoooMEEEn
IIRRkkkuuutttsKK
UUrrrmma
UURMu'SS
irrrOqqUOOOAAANNN
eriiQuuOOIIIENNN'sss
OORROOqqqeeeOOOiiiONNsss
uRuQoooOOiS
OroooQQiiiooIIs'sss
OOrRRaaWaaddDYYY
URRRtttiSHHH
EErrrTTiiisHHH'SS
irrtYYSShhh
irtttYShhh'sss
IIRvvIIIn
iRRvvIIInn'S
iRRRVVVIInE
IrvvIInngg
IrrrWWaannn
eerrrwwiNN'SS
IIIráKKKLLLAAEEEn
IIIRRRáKlllIEEEnnn's
IIss
IIISEEEaacc
EEEssUUuC's
OssAbeeeL
oSOObbELL'ss
iiissAbbbEEElllLaa
IISSaBelLE
IsssAAbbbuuLLLlllEEE'S
IIISSSAAdddOOrr
IIISaaddOOr'ss
isAAAddORRu
IIISAADOREE'ss
UssoDOrEEE
OssUUUddoorrEEE'SS
IISSAaaaAAAHH
iisssaaaeaas
AAASSAAAaaOOOSS'SS
ISSaRRR
IIISCCCeeRRRUUoooTT
isssCChIIE
IIssCChhhIIIa's
AASSSEEEElttt
iiseUUUllt'sss
iisssFEEEhhOOn
iisHHHarwwaaooodd
OOSSShhiiMMM
IssshhEMMM'ss
iShhmmaaeeel
iiiSShhMMaaELLeeTTaa
eSSSHTUURRR
OOOSSSHHttOOOR'SSS
IIIsIaahhh
iiSiiioohh'sss
oossiidddIR
ESSSiidor's
oooSSSiDraa
ussAADrrrEEE'SS
AAASSSiiiSS
eeesssAASSS'S
AAAsssKKaannnDDDUURRaNNN
isslllaaaM
aaSSlllAAAM'sss
aSSlAAMABBaadd
uussLommmAbaadd'SS
ooslEEMaCCC
iiSllAAMMMesssMM
ESSSLaMMMIISmmm'SSS
iiiSSlllaaMiSSmmss
IIISSllliiiMMMAAASSSt
UUSlaaaMITOOO
iiissLLaaMEze
uSSSlaaMMMs
USSLLoNGGTToNN
iiisssmOOell
ASMMMAEEl'ss
IIISSSMMEEiL
ASSmmmAAAaL'ss
IISSUUccRRREEEtuss
esssOOOlllDDDU
IIISSSppOOhuuNNN
IIISSSppeelllLL
IssPPeeeLLLL'ss
issrrraaaEl
iiSSSRRuueeeLL's
iiisssRRAeLIII
ISrrrAAEELII'SS
ISSRRRAaluuSSS
IIsssrrAAAELLIIItttuuu
ISSSRaaooLLiittEEEssHHH
IIISSrrEEEllss
issSSSooc
iiSSSsssOOC'ss
AASSSuuucHHHarrr
AASSSsssuuuss
OOOsSSus'sss
uSTaNNBBBoooLLL
IIsssTTTannBBBAAAl'ss
IIIssstHH
IssTTRREaa
aaastrrIAAAnn
UUSSSEEEzI
EEEsAZZu'S
It
OOOtaaaipppi
AAATTaaaiipa'SSS
iitttuuuLLL
iiittooollaUU
ITTAALLLIa'ss
OOTAAALIIIOnn
UUTTTUlIIannn'sss
IIItOllliaaannAAATTTaa
ittAllEaannnaassmm
iiTTTAAAlllIIIOnnUZZI
iiTTaaLooouunSS
UtEEllliiiCCC
OOTTTilic'S
iiTTaaaLLLyy
iiTTTOOOllly'ss
IITTTAAAscA
EETTaaaSSCCee's
ootttHACaaa
ooTThhhAACennn
EEtttHHHuKKKII
ottthhhEEkkkeee'sss
eeeTTHHuunNNN
AAATHHHuuuNNNn's
ITo
IIIulliiis
uuVVuu
AAAvvvA'sss
aavvOOnn
IIVVAAnnnhIeee
IIVEEEnnHHuuEEE'S
iiiVOOnnoVVVEEE
Ivvvuuuss
EEEVuRRRiiiann
ooVVoRRRyyy
aavvvORRYYY'S
AAAVVVy
iwooo
aawwii'SS
ooXAoonnn
AAAXXtttOOppuulaaaPPa
exxxtttoopooLaaPPPaaa'ss
aaYaRR
iiyaR'SSS
AyyAAArrrSS
eYYuuyyyOOSSaaa
IYYYyoorr
iiYYirr'SS
OOzaaaaaKKK
IZZZaaooKKK's
iZAnnOOggII
UUzzzaaannIIIGiii'ss
IZUUUnIIMMMii
iiiZZANNamAAA'SSS
iZhhhAVSKK
IIIZZMUUR
EEEzmmIIIt
IIIZZMMaaatt'SSS
IzzooDD
IIIzzOdd'sss
aaztttiiCCCCIIIhUAtttL
iiizvaaaSSStIeee
OOZVVIIssTTIIIaa's
J
jjj's
jfkkk
JJFk's
JJJE
jiiiBallpppuRRR
jjjUCkk
jAccckkaaEE
JJAAACCKKKIIUU's
JJaacckkkLyynnn
JJAAcckkkLYYNN'SS
jiiccKKson
JJiiiCKKKsssAAAnn'SSS
jjeeCCCkkssooNNNAAAAnnn
JAACCKKKSSoooNNNVVIIlllllAA
JJJOCkSSEEENvILLE's
jjjaaaCCCky
JJaacKKYY'sss
jacclYYYnnn
JJEEEcccLyyyNN'SSS
jjAAACCCaBBB
JAccooobbb'sss
jAACCCEEBeUUnnn
JJJuuuCCCOBBeeAAAnn'SSS
jaCCoooBBBAAAonnns
JuucIBII
JaaCIIBBBiAnn
JAAAcAABUUUNN
jjjAAcccAAAbbann'ss
jjaaaCCCOOOBBBiNiiccc
JJucABBIInniCCCaall
JECCCoobIINNNOOSSmmm
JJUUcccABBBIInnIIssm'SS
JOcoBIIINNAASSmSS
jjeeecoooBIIINNNsss
JAAccUBBiiTOO
jjeeeCCCUBBITTTEEE'SSS
jjjooCCooBBItttEEss
jIIICCooBiTTTIICAAALLL
JJAAccobIIITTaSSM
JJaaCCooBBSSS
jjjicccooBBSIIIN
JaCCCubbsuuunn
jjjaaacooBBsssOnn'sss
jiiCCQQUUOOrrdd
JJAAACCCquuuI
JJACCQQQueee'sss
JJAAccQQUUeliiN
jjjiccQUUEELLinnn'ss
jIIICCCQQQUUUELUUNNNiii
JAccqquuELLAnnOO'S
jjjaaaCCCqqaaeelllyynn
JaaaCCqqquuiLLLYN'SSS
JAAcQQuarrie
jAAACCCQQQeeEESSS
jjIIICUUzZZZU
jjiiiDUUttVVIIIllllllee
JIIEEEll
JJaaafffffuu
JAAAffffaaa'SSS
JaaaFFFAAASSS
JJJiiiFFFFFnAA
JJJAAgUNNNnAATH
JaGGGeennnAAAtthhh'SSS
jjjIIIGGGaaatttiii
jjAAAGGAATTTAAi'ss
jjjuggggeeer
JJJAAAgggGaaarr'sss
JeeGGGOOeLLLLAnnn
jjjIGiEEELLLLUUUNNN'SS
JJJAAAgggUeRRR
JiiiGUiR'SSS
jjoohhhIINNGUUR
JahhhaNNGIRR'SS
JJJuuHHvvveeeh
jjUhVVIssttt
jjiiIIIMEEE
joImmu'ss
jOOIInn
jOOeeennnIIssmmm
JEEEuuuNiSSMMM's
JJAENaSmmmS
jaaaIIppIIR
JUUKKerrrttAA
JJJAAAkkIIRRtttA'SS
JJJIkkkOO
JJAAkkkeee'S
jjjELLooopooo
jjaaaLLOSSCCCe
jjjOOMMM
JJaaammmiiiall
JuuuMMMeeel'SS
JJJAMAAiiCCI
jjaMMAAAeco'SSS
jAAAmmmAAiCCuNN
JammmuuOOOCiiinn'sss
JJJEEMaaaAACCCAAANNNS
JJAMMMiiiLLL
jjIIImAAAll'sss
JAmmmAArr
jjAAAMMAAr'SSS
jjjAAAMMEEE
jjAAAMMMEE'ss
JIIIMMEEEL
jamelll'SS
jjAAMiisss
JJAAMMOs'S
JAAmmoooSSSeAN
JJAAAmeessoonnn
jjjaaaMeessTTTuuWWNN
jjjAAmi
JJAAAmU'S
jjjemmiieee
juuuMMMIEEE's
JJJammSShheDDPIIr
jAMMMSSShhhiid
jAnnn
joonn'SS
jaaaNNa
jjeeeNNaaa'SSS
jjaaNaacceeeK
JJJeeeNuuuCekk'S
jjAAAnnniii
JeeNelllll
JJoNNNOOLLlll'sss
JJJUUUNNNelllllEEE
jjAAnnnEEEllii'SS
jjannooott
jOOONNEETTttte
JAAnnneeeTTttO'S
jjjANiiccE
JJJiiinnniiiCCCEEE'S
JJAAAnnnIICCUUULLLOOOMM
JJAnnnIIII
jAnnnIEE'S
JJaNeNNNaa
jiiiNInnu
JJJEEnnAAAnnaaa'SSS
jAAAnnnEsss
JJJOOONNNEs'sss
JJenIISSSArrY
JJaaaNNNOSSSSAARRRYY'ss
jjANNNJAAAweeeEEEddd
JJAANjjIIwEEEaaaddd'S
jeeeNNNNNii
jannnNNAAA'SS
JaannnNIIiii
jAAnnnNNNIIIo'SSS
jooNNseeeN
JJJANNNsssin'sss
jansseeennIIsssM
JJaaannnSSSUUUNiiisssMMM'SS
jjaaaNNSeeeNNNASSSMS
jjeNsssuuNNNIStt
jjaNSSSEnnniiSST'SSS
JJaaanUUEEErriiiUUUs
JJJaaaNNuuIIIRRy
JEEENNNaarry'S
jAAAnniSSS
jaaanuus'SSS
JJJAAppp
JJJEP'SS
jjjoooPPAAN
jjjaPOONNN'sss
jjAPPPAnESeee
JJaaapppiiinnnEEssEEE'SSS
jiiipppIIInnneeessiiiS
JaaapppHEETTH
JAAAPPhhhETTTaaC
JaPS
jjjoooPPeeerriii
jjaaaPUUrra'sss
JJJoRRReeddd
jjAARRRaDDD'SSS
jjaaaRllSSSbuRRg
JAAArROOODDD
JAArReeed'ss
JaRrrAtttT
JJJaaarrrrreeett'S
JJJIIIRRRRRODDD
JaaaRRRRRIIIddd'SS
JJAAArrrraaWW
JJerrrY
jAArVVVOOS
jjjAAArrVVVaaSSS'ss
JaaaS
jjasmiiinnee
JJJaSSmIIINU'SSS
JEESeeN
JJJuussIINNN'S
JJAAASSSPARRR
jjjASSSPeeRR's
jjOOOspppeeeRRsss
jjjaSSssYYY
jjjaaT
JJatAAKKKa
joovv
javaaa
JJJiVVUUU'sss
JEVVoSSScccRRRuuuppTT
jjjAvvvIIsscrippT'S
JJavEEEN
jooovINN'ss
joooVVVUNNEEEssuuu
jjjaaVVVeeNNNeeeSeee'ss
jaaaVVAAASS
jjjaaVVVUeR
JJAvvIIIUUUr'sss
jiXXAARRRTTiisss
jAY
JJJIIIYYYepUURaa
JJJoyaaappuurAAA'ss
jAyyyAAAWaaRRRDDooonnnee
jaaYaaaWWWoRdoonni'ss
Jaaycccoooo
jjUyyycccEEUUUsss
jjjayyyNa
jjjiyynAA'SSS
jeeeYSSSAANN
jAYYssEEEN'S
jOAn
jjjEOOOn'SS
JOaaNiiittTE
jjaaaaaaNETttE'S
JeeeIIInnAII
jjjeeeaaaNIIII's
jEEaaaNNNUNeee
jIIAANNNenaa'ss
jeeeuuunNe
jEEEaaannNEEE'ss
JEEEooonnNNNeeTTtOO
JEEAnnnnnitttTii'SS
JJiiUnnnNiia
JeeAAnnnneei'S
jjeAAAnnInee
JJeeAnNNiNNNuu'sss
jjeeeAANNSS
jUUUD
JJJEEDDD'sss
JJaadDDu
JEEDDUUU
jjjEEddduu'S
JJuooPPP
JEEEeeeves
JJEEEooVVEsss'S
jAffF
jjjoooffF'SS
jjEEEFFFfffAARREEEY
JJJIIFFFffEEErrreeeYY's
jUUUFFFeerSSSANNN
JJiiffffffiRRSSiNN'S
jeeeFFFfAAArSSOOOnAAAAANN
JJEEFFFFIRRRyy
jjjoooFFFFFiiiRRyy'SSS
jjjeeefffffRaaYYY
jjeffffffRROOySS
JEEEFfffRRYY
JJEffffffrrrY'sss
JJJeehiiiL
JEEEhhhOOOssaaaphhaaaTTT
jjjeeehiisssapphAAAtt'sss
jaaaHHHeeesshAPPHHAAAt
jjEEhhooovvvoHHH
JJJeHHOVVaaahh'SS
JehAVVVooSSt
jjehhhu
jjjEEEKKKyyyLLLLLL
jjjiKyyyllLLL's
JJJEELLLLLICooOO
jjjEEEmmmIIIpPeeS
jeemmmaaammmooo
jjeemiMMaa's
JJeennnA
JJAAANNNaa'ss
jjOnnEEEffeeer
JooonnnofeeeRRR's
jIIINNNKKIInsss
jEEENNAAA
JJJenNAAA's
jjjuuunnnEEERRR
JJEENNNNNNOOOeee
JeeNNNNAAAooo'sss
jjaaaNNNniiiFaaarrr
JJIIINNNNNNiifffIRR'SSS
jjeeennnNNIIINNNGGSS
JJEENNNNInngggss'ss
JJJeeeNNnyy
JJeeenNNNyy'ss
joonnsseeeNN
JJEnnnSSSooN'S
JJePPhhttthhhaaHHH
JJeeerrr
jjeeRaaaLD
jjjEEreelDD'S
jjERRallddIIINOOO
JaRRRullldeeNNNEEE'SSS
JJERRbbbA
Jeeere
jjeeRRRee'SS
JeeerrAMooAh
JJJeRRAmmIAAAHH's
jjjEErrEEEMMMuuaHHS
jEERRuuuMAAAAAS
JaaRREEEMiAAAS'sss
JEReeemY
jjeerEMyy'sss
jjEEErAAZZ
jjjURREZZ'SS
jjjEEERRII
JJJUrrruu'SS
jEEErrrIIICCHHHU
JJJiirUUUcHOO'sss
jjerELLLYYYn
JJeerrriillyyyN's
jjjeeermAAAANee
JiRRRMMAIINNNii'ss
jerroBBBaammm
jOOOrrroooLd
JiiiRRRILLddd'ss
jjjIIrramEEE
JORRRRiii
JJEErrrRRRooo'sss
JJeRRRRRIIOO
JJJUUUrrRRRIIU's
jarRRRIeess
jEERRrrOOOddd
JJEEErrRRaD'S
juuRRrrrOOllld
JJJeerRRRooollDDD'sss
jeeeRRRryy
jjurRRRy's
jjjirrSeey
JiiiRssseeeyy's
jjjUrrSSSiiYYYoottee
jeRRssiiYYSS
jUrrOSSSAALLeem
JJeerrrOOOssaalloom'S
JJOORAsssallaaaMIIITTTeee
jjjaRRRVVVIIIss
JJJeRRRVEEES'SSS
JeeeSSSPaRRSSAAN
JOOssss
jjaasssS's
JJJESssAAMiinee
JJeSSSSSSaaaMinnne's
JJJEEssseee
JAAsssSEEELLTTTOOOn
JeeSSSsiCAAA
JJiisSSSoooccca'SS
JJEESSSseeAAA
jAAsssssIe'SSS
jeessuuu
JJJEEEsssaaaiiiTTT
jOOSSSEiiiT'SSS
JeeeSUUOOOtAssm
JEssseeeItttOOOSMM'ss
jjjoooSSSooEETaSMMMS
jESIIIiTTss
JJJesuS
JJJooothRROO
Jeetttwwwuuyy
jeeeVEENNSSS
JJJEEEWW
jUUUwww's
jjiiwwweL
jEEwwweeLLL's
jEEWWEEEllll
jjjeeWooLLL'SS
jjjooowwwAAssSSS
JeewwwESSSsss's
jjEEWWWEESSseess
JewwwUUssH
JJEEWWWEssHNNNIIssssss
jEEwwrYY
JJEEwwwSS
JJJEEZaaabbbuuuL
JJJOOOZZZiiBELL'SSS
jeeeZZZebbeeLS
jjjizReeiiil
JJJhhIInnnSSSAAA
jjheLLum
jiidddddaaa
JeeeLLLaNNN
JJiiLLLlll
jjIILLllUUIIInn
JJiiLLLllaaENNN's
jjiLLaalllOOO
jjIIMMM
Jim'SS
JJJOOOMMMEEnnnEEZZ
JImmmOONAz's
JiiimmmMIIIuu
JImmmmoeee'SS
jjIImmMYYY
jjIIMMMYY'SSS
JiiiNNNAAnn
JJooNNNJJaaa
JJJINNnah
jEEENnnnY
JIIInnnnnY'SS
jjAAnnZZHHHoooOO
JeennzzhEEEUU'SSS
JJJEEEvvARRRee
JJJooo
Ju'ss
joUUb
joooIchhAAAmm
JJJiannn
JJoUUnN
jjjooaaNNNnnn'sss
JJJouNNnAA
jOOOuNNNNNA'SS
JOOOaNnee
JJJEEeeennnnee'sss
Joaaquuuuuunn
JJJOOOuqqeeIIINN'sss
JOOBBB
jjjUUUb'S
JJeBBBS
JaaaCCAAsTTuu
JJoooCEEELuuuNNN
jEcceLLiiiNN'sss
JucccEElllYNN
jacccOOlyNN'S
JJJecccKKK
JJOOOccckkkAAY
JOOOdddhhhPuRRR
jjAADDDI
JJJOOddooo'SS
JJOODIIIuuu
JJJUUDDDieee'S
JOODeee
jjjiiiddyyy
JOdddYY'S
jooEE
jjjOOEEEL
JJIIUUUSPPPhhh
JJOEEESSSpH'S
jjoooEEEyyy
JJOOOUUyy's
JJUUUffffffrri
JogggJeeeKAArrrtttuuu
jjjOOOggjUKaaarrttta'ss
JUUHHHaNNN
JJooohhUUUnnNN'sss
jjjUUHHHEEnnnnnUUU
JuHUUUnnnnAAA'SSS
JOhUUUnnnnus
jjOOhUnnnNNNeeessBuurrggg
jIHUUUnNNeSbbUUUrg'sss
jjoHHHaNNnnOsBBBUUUrrrGGGIIIrrr
jjOhhhN
JJJOOHHN'sss
JJJIhhNNNeeTHEn
jOHHNAAttHHAnn'ss
JoooHHNNNaattthhhooon
jjoohnaaThhaaNNN'sss
JOOhnnnie
JJJiHHNAAI'sss
jjjiHNNNio
jOhnNNiiieeeS
jjuHHHNNnYY
JJJoooHHNNNNy'sss
JOOOhNsss
jOhhNNSSOOONN
JOOOHHHNNSSuuN'ss
jjjooHNNNsssONNNEssse
JooohhhNsseenniiUUN
jjjoHHNsssTTOOn
JJOHHHnnnssTTToonnn'ss
JJJOhhooRUU
jjjOOAAnnVViiLLLllEE
JJOKKjjjEEkkuuuRTa
JJoolllEEnnnOO
jUUUlOOOnnnEEE'ss
JJJiiilIeeeT
JJELLLLLLoEEETT
JJJOOllLLLOOeTT'ss
JJillaa
JJoollsssONN
jjjuunn
JJJoNN'sss
jOOONNaaahhh
JJJanOH'sss
JannnEHHHss
JJJonuuuS
JJJOOnnIITTThhhaaNN
JENNNaatHHaNNN'SS
jjeeNNNaaaTHHHAAAnns
JaaNNETTTHHAAANNN
JeNNAAAttthheeNN'sss
jjiNNNUSS
JonnnUU
jIIInna'sss
JJJONNssOOON
juPPPllINN
JooPPPPooo
jOOPPpaaa'sss
joooRDDDUeNNsss
JJJoooRRRDDDAAnn
JJJOOOrDDDoon'SSS
JJaaRRdddAAANOOOAAANNN
jjOORDDAAnnnuANNN'S
jjORRdddaNiiAANNNSSS
JJUURgeee
JooRRRge'SSS
jjOOSS
JJeesssE
jjoooseee'sss
jjjOSSaaaf
jjjESSSEEfff's
jjjoSSSeeefA
jjIIIssEEEFOOO'ss
JOSSEEFFFinnoo
jUUSSiiifffIINNNaa'sss
jooSEEEppphhh
jjjoSSSEEEPPPHH'SS
jjOSSSeePPHHiinE
jjjooSSSEEEppHHSSS
jjjuseeePPhhhsssEn
jjIISePHHsUUUNN'ss
JJoSSEEEPPhhhuSS
jjOOOSSSHHH
JJJoshUAAA
jjOSSSHUuu'S
jjjOOOSuAAHHH
JJJOsssIIIeee
jjooSSUUUe'SS
jOSIe
jjjOOSAEE'S
JOtUnn
jjjoooTTUUNNN'S
jattoonnHHoooIMMM
JJOtIIInnss
jjooEELeee
jjjaVVE
JEvvAA'SSS
JOOOVVOAAAnnn
jOOOWWWEtttttt
jjjoooyy
Joyyy's
JJoyyyCUU
jjjAAycceAAANNN
JJJoyyyNuRR
jjjaayyynoooR's
jpppnn
JJRRR
jjR's
jjUUUiiin
JJJuuUNN'SS
jUaNEE
JJUUUeNA'ss
jjaaaanITTE
jjUUAAANOOTTTI'SSS
JIIIaRRAZZZ
JJJeeeaarOOzz'S
JJUbbbE
JJJUUBaaalll
JJJUbbbbuulPPPOORRRu
jubbbeeeLoooTTEE
jEEED
JJuddaaaEEAA
jjooDoHHH
Jaaadddaaic
JJudaaaiiicAAA
jjjeeedAAAAACAA's
jiidddEeeccaLLL
JIIIDDaaeeeSSmm
jjjuDDIIaSSmm'S
jUUdddaaaaSMMS
JJJeeedaaIIIssst
jUDDaauuzzze
JJadddEs
JJJiiddAAss'SS
jjuuDDDaaasseeSSS
jjuuuDddd
jooodddd'S
JJuuddduuu
JuudddEii
JidddEEANNN
JJJUDggguSS
jjeeeDDDI
JJUUUDDuuu'sss
JJAAdddiUUU
juuuDDiiieee'sss
jUUUdiiiTTTHH
JJAAADiiiTThh'SS
juuddSSonnn
JJIDseenn'SS
jjuuuddy
JoggeNddssTTTIIILL
jjuuuGGGgggIrrNAUUUtt
JugGGGeeeRRRnAAAuuutt'ss
jUUUGGGgggeeeRNNNAUtttss
JJuuGGGooSSlllaaaV
JJJUgggooosslEEVVV'SS
jugoSLLOOOVViiiA
jjuugooSlEEvIIAA'sss
JIIIGGOOOSSSLLAAvvIIIaaN
JJJuuugOOSSlluuuvvvoooann'ss
JJuggoosLAVVVUUuuNSS
jjjOOOgggaSllAAvvvss
jjuugggAAArrrTTHHaaa
JJul
jeeLLLaaasss
JJJUULLLiiiAA
jeeeLLIIIaa'S
JJulIooNNN
jjjUUlUUoonnA
jjOOOLIIAAAnnnnn
JJJUUULLLIunnn'ss
juuliunnNNee
JaaalloaNNNE'S
jjuliEE
JalUEE'sss
jjjuLLLEeN
jjjuuLLLIEENN'sss
JJullluiiSSS
JuLLiieTT
JAAAllleeeEEETTTO
jjILiieeTTteee'SSS
JJJAAllOA
jjuLLLIIOO'SSS
JJAALEEuuuSS
jjiiliiiAAAs'S
JUUllLLLouRRD
JJJuulllllIIIEERDDD'SSS
jjUUlLLeeNNNduuurr
jjjoollUnnnddaRR
jjEELUUUnnnDDEErr'S
jjEELLLyy
jjoollYYY'S
jummIIddii
JJJuummmnAAA
jjjiiiN
Juuunnneee
jjunnnuu'SS
JJAniiIIIA
jjUUUnnUUaaaUU'SSS
jOOnnnAbbbEERriiieeSS
JJOONNOObbEErRyyy
JJJUnnnAABirrRRYYY'SS
jUUUnnEEsss
jjUnnnGG
JUNGG'S
JIINgfffRaauuu
jUUNNNGIIIAAANNN
jjjuuunnnIIooorr
jUUnnnaaaooorrr'SSS
JJuuuNNNuuoooRSS
jUNiiuuSS
jjeeenKKeerr
jjjuNNNKiiirr'sss
JUUUNNNkkkErS
jjjUUNNeee
jjUUNNOOO'ss
JUUnnUUUoosqquuuO
jjjUUPPPiiTTTIIIrr
JUUPPPIIteR'SS
jjuuuROOO
jjuuReSSSSSac
JJJuRRRAsSSiccc'S
JJJuurrrAAAAAA
jjjUUROOOAA's
JJeeesssTicccEEE
JJJuSSticA'SS
JJJuuSTIInn
jjUUsstiiinn'sss
JJJeeSStAAAnnnuu
JJEEESSSTiNaaa'sss
JJuussTTuuNUU
JJJuSStttAANNii's
jjjaaassTTTUUUNeuunnn
jjAssTeeeNNNiiiann'ss
jUUSStIIItttioo
juuTTeee
jjjuutta's
jjjuTess
JJUUtttLAAAnnndd
JJJUUTTTLLLuNNddd's
JJJUVVVUNNAAAlll
jjjyylllLLAnnd
KKK
K'SS
kkkBB'S
kkffCCC
KKKfcc'SSS
kkKKKkk'ss
kKKKtt
kkkkkttPP
KKa
KKoaaabbe
KKAAaaReeenn
kAAiiRAANN'ss
kaabBBBALLo
kkkAAbBBeelllaaa'S
KKabbbAAAllAAHHH
kkeebbbbbUlUUUSSSm
KKKaaaBBbOlIsMM's
KabbbbbbUULIIIssT
kABBBAAAllluuuST's
kkibbbbbaaLiiisTTUUccc
kkkAbbBBBOOOllliisssTiiic'S
kIbbbIIIKKKeee
KKKeBBBuuul
KKAAbUll'ss
KKObbbYYYllEE
KAADaaRR
KKIddaRR'SS
KKKudddDDUUShhh
KKKIIdddiYYeeVVKKAAA
kkkuudUNNNaa
kkkAAAFFfIIR
KAAAFfrrAAAREEAA
kaFaarrr
kiiFFFiRR'sss
kkAfffOOrrIIISSSTAAANN
kAAFooorSSS
kaaaFFKaaa
kIFkkkaaa'sss
KKIIFKuuuuuSQQQUUE
KKKagAAREE
KKKAAAgggEEEShhhIIMMMaa
kkAAAhhhLLUUaaa
kaahlllOOOa'ss
KKaaHHHNNN
kUiffEEEnnnggg
kkOOOiiirrrEEEiiaaaN
kkoiiSSSUUr
kkaaaASir'S
kaaaISerINN
KAIsssEEERSSS
kkoUssseerrSSlllaaauuuttteernnn
KKAAAIIttlliiiN
KKaittLLLEnn'sss
KKAALAAAHHHIRRRooo
KKallAAHuuuRRiii'sss
kkkAlllEmmmAzzoAA
KKaalASHHHnooKKKoovv
KAlaaaTTT
kkkAAlb
kkEEElllb'SSS
kkAleVVeeellA
KKKaalGaNNN
KKuuLLLGGGoOOrrrLeeeE
kkaaaLLLii
KALLa'SS
KAAAlOOODDAAsse
KKKElIMMMOONNtUNN
kiiLiiMMAANNNTinnn'sss
KAlllIIINNNiNN
kkkElllonnIINNNGGGrrrAAAdd
keelllOOOszz
KILLLmmAAArr
KKIllMEEEcccKK
kAAAlllmmmYYK
KKOOOlAGu
kkkEElYYAAN
kkiLyeenn'S
KKaMMU
kkaMMMooo's
kkkAAAMAkkkAAArrAAA
kkkaMMuSSEETRRE
KKKuuuMchhaaatttkkAAA
KAmmmeeHaameeHAAA
kaammmAHaaamaaaHHI'sss
kAMaRRRAdd
KKKAAmmeRuuuNN
kumuuuT
kkkaaaMMMIITTT'SSS
KUUUMMppEEELLoo
KKEEMppaLeee'sss
kkkAAAmmPPuCChhuua
kkaaaMMMpppaacchhEA'sss
KoooMMPPPEECCHEEEUUNNN
kkkammPPAAcccheoNNN's
kkkAmmPPPaaCCChheeeannss
kkIIInn
kAANOOOkkkAA
KKKiiNUUnnnGGGII
kuunUUnGGA'SS
KKKoooNaaaRReee
kkUUNaaarEso
kkkAANNNoorriiSE'sss
KKAnnozzzawE
kaaNNNCChhennJUUUnnnggA
kEnnCCHHuuNNNJUUnnGGGaaa'SS
KKaaNNddIIHaaR
kkoonnDDINNSSSkiii
KKKandddiiNNsskii'ss
KIInndIInnsKYYY
KaaannnDDyyy
KAnnnIII
KKoooNNE'SSS
kkAAnnNaaDDDeee
KAAAnNNNuudddaaa'SSS
kkAnnnO
kAAAnnppparr
KAAANSS
Kannnsssooonnn
kAAANNNsAAANNN's
KAAnnnSaaaNss
kkkiiNNSSIs
KKAAnsssiii
KeeennssEE'SSS
kAAANNtt
KAANNt's
KAAntiUN
kkkantiiUUNNIIISm
KKAAohhSIIUUUnnGGG
KKaaaOLAAACCkk
kkkAAAPPEEElLmUIIsstoRR
kkuuppOsee
kkaappoosi'S
kkAAARRRU
kkkarra'SSS
KKKOOrrrUUUCChhhIII
KKKARRRaaaCHHIII'S
kkaaRaaFFFAtttOOO
kkkAArIIIGGGAANNNdddaaa
kkkaaRAAIte
kkkeeerruuuJJJ
KKKIrrrUUj's
kuuRRIIIJJaaan
KKKaaarAkkkOrrraaM
kkkIIrOkkkOORRRaaaM'SSS
KKKaaaRRakkkIIrooMMM
KKAAARRRaaaMEEEZZZOOvv
kkkOOOREmmmAAAZZAAvv'sss
kkkArrBBBOOLLUUU
kkAARROOeeMMM
KKAAAROOOOOOM'SSS
kkiiRRREEElliOO
KKKAAARRaalliiiaaa'sss
KKorrreelluAAAnn
KaaarrAAALLLIIaaaNNN'ss
KKKAArEElllIaaNSS
kkaaaRREEEn
KarIINN'sss
kkkaaRinonAA
KKooorrrINNNENaa'SSS
karrruuunnnsss
KKEEriii
kooorrro'ss
KKoooRRRInnn
KKKaaRUNNN'sss
kIrrrIIna
KKaarrrIInneee'SSS
KKAAArrlll
kAAARRRlll'sss
kkkIIIRLLii
kAAArrrllAA'S
kkUrrrlloofffF
kiiRRRLOOOFFF'ss
kkkaaRRlllSBaaD
kaaarLsrruuhhhu
kkARRRNNNAK
KKUURRROOO
kkkAAARRO'ss
KaaaRoL
kuuurrrull'SSS
kAAARRRollYYn
kkkAAAriiLLynn'ss
KKKaarroii
KKKAArrOEE'sss
KKKaaaRRRrEii
kkkArRRuo's
KKArrttiiKEEYYEEE
kkaaRRRtTeekEEyyyOO'SSS
KKKaaarryyNN
KKKIRRRyyyNN'sss
KiisAAoo
kkkaaaseI'S
KKaaSSSeYYY
kkuSSSEYYY'SSS
kkasssHHGaar
KKOOOSSSHHMMMOORR
kkkAAShmmOr'ss
KeeeSSSHmAAARREE
KKAsssHHHmmmirrrii'ss
KKaasshhmmmiiirrrEEEss
kAshMMIrrsss
kkkASSSpppaarrAVVV
kkaaasssPaaaRROOV's
KKKaSSSSSEE
KKKaaassssIIIla
kaSSSsssEELL
KKKoooTTeNNgggAAA
KKaaaTTTaaRR
KKooTTTooRR'SS
KaaTTTooo
KKKeetttAA'S
KKKIttteeLLLyn
KEEtttELyyyNNN'SSS
KKKatttHHHArrrEEEVVVuuuSA
kkkuuTThhhaaarreeeVuuSuu'S
KKeTTTHHHErrraannnO
kkAATTTHHHaRiNe'SS
kkkuuTThhheeRRRAnneee
kkkAATThhhIIIrrIInnUU'S
kkaatttHHEEERyyyNN
KKAAATTThoooRRyyNNN'sss
kaaatttHHiiaaawwaRRR
KKKaaathIIIE
kkaatHHHeeeUUU'SS
kaThhhllluuueenn
KKKAThliAAAnn'SSS
kkkaaattHHmmmAANNDDAA
KAtttHHMMMANDDO'ss
KKaathhhRRIIINeee
KKEEttHHRRooonno'sss
KKKiitttHHHRRRyynnn
KKoooThhRRRyynn'ss
KIITHHyyy
kkkAAAtthYY'ss
kkOOOtttIIA
katUUUeee's
KKAATIInna
KKUUTuunnnAAA's
KKaatMuiii
kkaatttmmmAAAnnnDDEEE
koooTmmmAAANNNddI'SSS
kEEETTowwIIICCe
kittRuNa
kkkootttrInaa's
KKKAAttRRiinnE
KKAAAtTTIIgaat
kkattY
kaaTTYYY's
KKeeOOaaaOOO
kkaaOOAi'sss
KKKaaaaaafffmmmANNN
KIIIOfMINNN'sss
kEuunOss
KKiiIInnaasss'sss
KAAAuNNNDDU
KaaaUnDa'S
kkooovUUrrrEEE
KKiWWaaabbbaaTTTOO
kaawwabbbuuuTAAA's
KKKeewASSAAAKKKii
KKKiiYY
kAAyyyooo
kayUU'SSS
kkayyLLA
KKKuuuYlaa'sss
kIIyySEEERRi
kkaZZaakkk
kkaaZAKKK'ss
KKAAAZikkkHH
kkkoooZZakkkh'sss
kkEZZZUKhSS
kkkEZAKKhStttiiiNN
KKAAzzaaakkkhhSSttOOOnnn'S
KKeeeZaKKKSS
KKKiZoN
kkkUZZZaNNN's
KKKAZiiinnTTZZAAAKaS
KKuuZZZBBBoook
kkkB
KKKbb'SSS
KKIIIuuNNN
KKKEEaaTTEnn
KKiEEETTTooNN'SS
KKEEEaaatSS
KeeatSSSUUaan
kkuuBllE
KKKIIIcKK
KKEccckk'SSS
KeedddOOOh
kEEDrrrooN
KEuuLLuuuNNNGGG
kEeNNUNNN
KKEEeNAANN's
kkeeUwwaaTTTooonnn
kkkeeIIIJJaaa
KKEEiillloRRR
kkkEEIIIllllloooR'SS
kkkEessshhhaa
kEishiii'ss
kkEEEetttEEElll
Keeeeth
keiithh's
kOOOkkkkoooNNeen
KKALLaannnTTAAAN
KEEELLLLaRRR
KKKiiiLLLLEEEYYY
KKKuuLLLeYYY'SSS
KKelllleee
kkeeeLLLA'SS
kkkUlllLLUE
KKKuuulllllAI'SS
KKKeeellLLogggGGG
KKEElllYY
kuLLsssAAAYY
KKKeellsAY'SS
KAALsooo
KKEllttt
kkOlllT'S
KEEElllttss
kkeLLLvvvIIINNN
kuuMMbLLe
kkUmmOOOruuvOOO
kkkiiimPP
KKIIImmpp'sss
kEEMPPPaass
KInn
kkeeeNNNaII
kkUNAII'sss
KKKeNNDDaaaLLL
KKANNNdOOOllL'S
KKKooonnnDDDRRii
kkIIInDDDRRRaa's
kEnnDDDrICCkk
kENNddrrEECCK's
KEEEnnIIIlllWWURRTHHH
kkEnnMOOrrU
kEEnnnmmmeeeRRo'sss
kkkOONNNNoonnn
KKUUnnAAANN'ss
kkkEnnniiiddYYY
KKKIIINNNEEddYY'S
KoonnnnnUUUtth
KKuNNNuTTTh'sss
KKennnaatttH
kENNnUUUthhh'ss
KKKeennnnnYYY
keeNNYYY'S
kkkEENNttt
kEEEnnnTTT'sss
kEEnnTiissshh
KKKeeeNNTTiiiShhh'S
kkkeeeNNttaaannn
KKKeentttan'S
kkAnnnTIIICCCKKIIIAANNN
KKennTTEECCKKiiiaaaNNN'S
kEEEnToCkiiaNNNsss
KEnntiiiccKyyy
kkennnTTTEECCCkkky'ss
KKoonyEE
kEEnyyyaa'ss
KKeeNNYYYaan
KKAnyyAAnn's
KKKeNNYOONNNss
KKIINNNyEEETtu
KKOOnYYEEEn
KEnnyyyoooN's
kkkEEEOOGHH
KKeiiiGGGhhh's
KKKoOOKKKoK
KKKEEEUUKKKoookkk'SSS
KKKoooOOSSS
KePLiRR
KKKIIIpppLeeerr'SS
kkaaRRaallE
kkkOOrbbuuulllEE
KKKAAArrCH
kkkAAArrrENNNSSSKKyyy
kkeeRReeeNssKy'S
KKeerrrEEESAn
KKOOOrrrGUUUeellUUNNN
KKKorrIII
KKERRii'sss
KKKeeeRRRmmONN
kkkuurrmmmuuNNsssHHHiH
KKKeRRMIITTT
KKKiiirrrMMEEt'SS
KiirrNN
KKKEERRRaaUUiiCC
kkkOOOrrrR
kkkUURRrAA
KKeerrIII's
kIIrrRY
KAAsSSeeLLReeennngg
KKUUUTTTTTORRIInnng
KEETTIIBBIMMM
keevvvEEEn
Kevoon'SS
KAAvvOOON
KeeVIn's
kEEVLLLURRR
kkeeevorKKKEEEaNNN
kkivoRKKKoouuNNN'SSS
keeeW
kkEEWWWPPPiie
kkiiiYYY
kIYYNNEEss
KKeeeyyNNNisss'ss
KEEEyyynnOOOSSiiaaN
KKEEYnnossIaaaneesssmmm
KKKEyynnneesiiiAANNNisssMMM's
KKKEyyynnnesiiaanniiisMMs
KKhhIIIBAROOVVsskk
KHHHaaaCHHaaTIIIRRIIAAANNN
kHHHAllIIId
kkkHHHUUllIId'sss
kkkHHOOlkkHA
KKhiLkhhhaaa'S
KKKhhhAAAlKKhhIIISSS
kkhhhOON
kkhaaNNN'SSS
KKHHHUUNNNuuaaa
khhhaaRkEEV
KKHHARRRKKKIIIvvv'ss
KKHHaarrKKaaVVV
KHHHAARRRkOOOV'SS
kkkhhhiRRttOem
KKHHertuuuuM'SS
KhhaSSSe
kHaaYYYyyAAAMM
kkhayyyYYiiiM'S
kkkHAAzzzarr
KHHHeeezzuRR'ss
kkkhhhaLeTT
KKKHHERRSSSunnn
kkhhivva
kkHHHMMMUUr
kkHHHMMMEEErrr'SS
kkHHHmIIIRSSS
kkkHHHaaeeekkHHHIIIee
khIIIekkkHooooo'ss
kkHHHUooSSSAANN
KKKhhhoooIISaaN'sss
KhhEEMEinnii
kkHHoMMOAANNuu'ss
khEEERRAAAnnaaa
KKKhhhiirUNNOOO'sss
kHHHOtAAANN
khruSHHHcccHeeeV
KhhUFFFU
kkkhhhUULLLNiii
KHiiilNuuu'SSS
KHHHwwIIrIZMMMIII
kkkHwooorrrIzzzmEE'SSS
kkkHyybbeeer
kkhhhyyybbbAAAr'SSS
Kaa
kAA'ss
koaNggssIII
kiiannngSuu
kkkoaaaOCHHoooW
KuuuBBee
kkkOOObbIII'ss
KiCkkAApppooooo
kiiiDD
KKiDDDddd
KKIIIddd'ss
koooDdddERRRMMiinssttAAr
kkUUUdddDDOOOssHH
KKKaDDDruNN
KKieeLLL
KUEllce
kIEErrKKKiiiGGGaauuRRRD
kIIaaarrrkEEEGGGAAAIrrrduaaNNN
KKEEEaatthh
kkOUUTHH'sss
KKKiEEEVV
KiEVVV'S
kiiievvINNN
kEgoLI
kkkIIGALIII'SSS
KKIIkuuuYYoo
kkIIILLAAAaaaeA
kIllldddAAARRoo
kkUUlllooomInnnjjAROO
KKOOLLIImmmANNNJAAArrrOO's
KKUUllkkkiinNy
kIILLLLOORnnnOOOyyy
KeeLLLliiAAACrrruNNNkkiiiooo
KKKILmmmeeeRRnOCCCKK
kkIIILLLRRooYYY
KKIIILLLRRoooyy'ss
kkamm
kkkOOOMM'SSS
KOmmBBeeerrLLLEYYY
KKKiimmmbbEEErrrllly
KoMMBBBEErrrllly'sss
KKKooonABaaalli
KKiNCArrDDDIIInEE
KKiiincchhiiinJJuuunnGAAA
KKinnnChhhANNJJJUUnnngoo'ss
Keeenngg
KKInnngg's
KIIInnGGGS
kkkInGSSSllleYY
kkIIINggSSSTAN
kkkEEnngggStttONN'sss
kiiNgggSSTowwwNNN
KuuNGGGSSTTOwwNN's
kaannKII'ss
KKiiiNNNNNuuuy
kkInnNNEEy'ss
kkUUUnressss
KiiinssEEEYY
KKKiiinSHHossuu
kIINSHHHasssA'SSS
kieeeToo
kkUOOwwwee
KKeOOOWWAAA'SS
kkiiiowwAAASS
kkkiiPP
KKKIIP'sss
KuupppliiinnG
kkkIIppllIInnnggg'SSS
KKiiirrrByy
KKarBY'sss
kkURRRCCChhhhOOffffff
KKaaaRRRCHHnnnEr
KUrrrCHHHNeeRRR's
KKERRgggHHHiiiSTTTIIIn
KIIRRRGGGhIIISSTAAnnn'S
KiRRRgggHHIIIz
kkkOOOrGGHaaazz'SS
KKKiRggghhiiizzIs
kkIIIRRRggHHezzeeAAA
kkkUrrrGHHHazzzEaa'S
kkkERuubaattOO
kIIrriibbAAtta'sss
kIIrrIIInn
KoRRReeeNNNyAggee
KKOOOrIInyyeegaaa'sss
KKKIIIRRkk
kkiiRRkkcccAAALLLDYY
kEErrkcuudBRRIggghhTTT
KIIIrKLoooNNNddd
KKirrKKLLLaaannnddd's
kOOOrKKPPPAttrrIICCKK
KirkkpppIItttRRiiCCCK'S
kERkkuuk
kiiRRKWWaaallll
KKKIIrmmAn
kiirraaaVVV
kIrruvAAbaDD
KKIIRoooVVVeeegraaD
KKuuurrssccchhh
kkkAAArrSSSttUUnn
kkkIIIRsssTTTEEEn'SSS
kkooorrrUnnAA
kiSAAAnnngaaanI
kkkuusssHHHEENNNEvvv
KKIsssHHaannEEvvv'SSS
kISSShinnYOOOVVV
KiSLLLuuuvv
keSSllEEvv'ss
kUUssLEEEVVVS
KKuuuSSSssiiinnggeeeR
kkiSSStnni
kkkiSSUUmUUU
kkeeTTT
kkkOOTTT'SS
kIITaakkYosshhi
kooTTaaakkYUUUshiii'SS
kkootttcchhEEnerrr
kiiiTTTTYY
kiTtttYYY'S
kkitttWWe
kkOooshhoo
KKKOOWWWiiNNNis
kLLLaaagggEENFFUUrrTT
kLAAAIIIPPPUUUDDaa
kkkLAAAMMAtthh
klllUUUNNN
KKKlAAAn'SS
KKlaaannSSS
kkllIINSmmAANNN
KKlllAANsssMAnn'sss
kkklanSSSMUUN
kklEusss
kkLLLAAASSS'ss
KKLAAOOSSSaNNBBArrGGG
kkLLLeeeeee
KLEEEnnUUXXX
kkLLLeuuunEEEX'ss
KKLaaaAAnnEExeeeS
KKKlllUUIInn
KlOIIIN'sss
KKKLLLuuOOOSTTT
kkLLOOMppeRReeRRR
KlIImt
kkkLooonE
KKKLLOONGGOnnn
kklIInnGoNN'ss
kLOOONNNDIIIKKooo
kllloonnnDDeeekkkE'S
KKKLLOOnnndOOOkkEEES
kkkLLLEEppssstAckkk
kmOOOrttt
KKmmoorttt'sss
kNNNAPPPP
KNNNiiipp'S
KKnnoSSSsiiitt
kNNAAAssssssIttt'SSS
kkknnnoosssssseeeTTTS
KNGWWaaaRRRrrrEEYYEEE
KKnnGGGwaarrREEYYee'ss
KKniiicKKKEErrrBOOCCCkkOORR
KKKnnuuiiVVVEElll
kNAAAEvvvooLL'ss
knAAAgggHHHTTT
KniPPPff
KNNAApfff'sss
kNNoSSsOOOss
KNNuusSSuusss
knnuussssssUss'SSS
KKKNeewwwLLLEEss
KNaxx
kNNUUxxxVVIlLLLi
kkNNTT
knnOOODDSSENN
kkknnAADssseenn'sss
KKKNNNiiitt
kNNNooTTThhh
kkNAAttthh'sss
kkkibaaRRiiddd
koBBBe
KKKiiBBllEnnZZ
kkkOOCCHHH
KacchhhAbbb
KKKuuuccHHHAbb'sss
KOChiii
KKKooDaaCChRROOOmAA
KKODDaaCCCHrrOOOMMEE'ss
kkkUUdooK
kOODDaaalllY
kOODDalllYY's
kkkODiEEEkk
KKKOOODDDIIAAk'SS
KOODIIeKKss
kkUdddoooKKK
kkkAeeessTTTlllIrrr
KooFFooo
kkeehhiLLEETThhh
kkkOHHHIIMa
kkkoHIIINOOIIIr
KooHL
kkkOEzUUmmI
kAAIIIzuuuMMMuu'S
kkUUjaaK
KKOOjjEEKKK'SSS
KKoKKaaNNNddd
KAAkkkUSSSChhkkkaa
KKOOOkurrrEEE
KeelAAA
kkkOOLLLU'SSS
KKOOOLLLLwItzzz
kkeLLoooMnneee
kkkuulWWEEEsssi
KKKoooLWWISSII's
koolYYYmAA
kkOOMMI
kOOMMII'S
kkkoMMMUUUNNNEERSSSKK
kkkoooMmUUUNiiizzzMI
kkooMMMMUnniiizzMMEE'SS
KKKIIImmmsssOmIll
KKoMMMSSSOMMMELLsK
kkUUnggg
KKKONNGGG'ss
KKINgoo
keeennGGOO'ss
kkkaNNNggIISS
KKennnrUD
kkonnnrUUUDDD'SSS
kkkOOnnnssTTaanz
KKKOnnYII
KKOuuNNTTTz
KOOOONNtzzz'SS
koouuTTTeenayy
KKKoopppUUIISSSKKK
kkIIIpppAAAl
kOppppppEEL'S
kkUrraN
kkkOreN'ss
KKEEErrrANic
KKKIIrruuunnns
kkAARRRdddOFFooon
KKeerdOOOffonnn'SS
KKKORDDOOFFAAANNNIaaann
KKKeeRRdOfANNEEaaaNNN'SSS
KKKooRReAA
KOOrrrUaaa's
KOrrIIaaann
kkAARReOOn'S
KKKOOrreANNsss
KKKoorrrnnbbbeeRRG
KKKaaarrrNNNbIIIRRG'sss
kkuuRIIISeAAAll
KKKorrY
Kooorrryyy's
kkoRRZYYbssskkI
KKOOS
kkaaasscuAAAsskkkoo
kkkaaSSScOOOSzzzKKKO
KKAAAscAAAuSSSZZZKU'SSS
kkkooSSSUUUCCEEE
kOOSSIcee'SSS
KKoSSiiivvvARRR
kkkoosuuVi
kosssEvvEEE's
KKoooSSSSIIttHH
kkkooosssttREEmmma
KKKuuSYYYgguuunn
kkkOOTuuhhh
kuttuuuHH'S
kaUFFaaaXXX
KKIIufffUUX'SSS
KKOOVNooo
KKKooVNNNo's
KKKoovvruVVV
KKOOWWWAAAuut
kaaaWWWuIIt'S
kkkooWWWLLLOuNN
kkOzzHHAKKEDDUUU
KKKRR
KKRRR'sss
KKKrrraa
KrrraaFFttt
KKRRiftt'ss
Kraakkk
kRRRooKatttiiiu
KKrrraakaaattaU'S
KKKrAAkkUTAaa
KRaaakkkeTTeA'ss
kRRRAKKEu
kRaaaKoou'S
KKKrroKKKOOWWW
krrreeekEEW'SSS
KKRiiiMMoootttORRRSSSkkk
kkkraaamEERRR
KRRROOMUR'ss
KrAAssnEdddarr
KKrrrUUUSnnnOOOYeeeRRsskkk
kRRAUTT
KKKrrraaaUUtt'ss
KKrrraauttts
KrreeBBBS
KKrEFFFUllld
kkkrrEEooSSSllleerrr
KKKRRiiimeeNNNCCCHHIIIg
KKKrOMMLLLiiNN
krrrEmmmLLLiinnnollooGIIIsssttt
kkkRiMLLLAAnnillOOOGYY
kkkrrIIMMMS
KREEsssGEE
kRReeeSSSgge's
KKKrreeeeeemHHIIlD
KRRiiinGGGLe
KrOnnGGGllleee'SSS
KRRiiiSS
kRIISS's
KKRiissHHHnnaa
krrrooSHNNNAAA'SSS
kraaaShhnnaaaMUURRTTTii
kkkrIIIsssHNNNUUMMaaarrrTTTUUU'ss
kkkruSSSTTTAAA
kkkrrIIISSSttta'SSS
kkrrISTTTeeenn
KKriSTTTIIn'sss
KKRRRiisTTTI
KRaaaSStttA'SSS
krrrIIIsstUUiiinssaaannndd
kkrrroosstteii
kkrrrIIsttiia'SSS
krrrEsssTTTiinn
kRuSStttIINN'SSS
KrrriisssttAANNaa
KKRRIsTTOnnaaa'sss
krrIIIssTTIIneee
KKKrriistttOOnE'SS
KKKrrrIIsssteeePPPhhhEEr
kkkrrrIstEpHHHEr'S
KKKRRRiiSSSTTTYYY
kkkrrrIIISSty'S
krrIIccc
KKRRRIIIcc'sss
kkkrrooGGGERR
KRRaageer'sss
KrrreeNNiiicKEEEr
KrrIInecckkkuurr'SS
kkROOnAS
kkRRRooNNSStaaDTT
krrUUPooTTTkkiiiN
KKRRUUUggEEErrr
KrrrogggERRRRoNNNd
KRRRaaGGGeeeRRSSDDDoRRRP
krruuupP
kkRRRyyysssTaaal
KKKrryysstOOOl'SSS
kkSSSHaTTTrrIIYYaa
KKKshaaaTTTROYYaa'sss
KKSShhhAttrrrAAAYYYIISSS
KKTTT
KUUbbAn
kkkUblUUU
kkkuBBBLLAAo'SS
kkkiiiBBBrrrAAACkkk
KKaaaccHHIINNNGG
kkkuuuuuuIIIyyyOOOngg
KKiAIYYOnnG'S
kiiiooonnnllluuuN
KKuuueeenleeeN'sss
kUUUffIcc
kkkEhhnnn
kkkEEHHnn's
kkkaibyyySHAV
KKKuuullTTTHHIIImmm
KKIILLLTTTHHuuuMM'SS
kkkULLtAr
kkUUllltuuurkIIImPPPfff
KKuLLLuN
kkkeeemmmEEmmOOttO
kkUUmmmaSI
kkkUNNN
kkkuNNNluuuN
kiiinllluunnn's
KKENMMMaaaNNNGGG
kIIInssTLUUUEEEdd
kiiuMMINNNtttaaannngg
KKKuuuUUUppiOOO
KKKORROO
kOrruuu'sss
kiiirDDD
kurrrDDDeSSSh
KKIIRdUUUssshhh'ss
KAAARdiiiSSSteeNNN
kurreee
KKKUrrGGoooN
kkUrOOOll
kkkARRRiiill'ss
kkkuuRRiLLEEE
KKKAAArrrIlAaaNN
KKOOORlllaaannndd
KKuuurrriiiSSSAAAWWAA
KUUrrrUsshhii
kArrreshiA'S
KKAArSSSkk
KaarTTT
KKKIIRRRTT'S
KKuRRRttUSSS
KKKUrrtttIIISS'ss
KuuuSSScccHHH
KUUUSSCCCh'sss
KUUUssHH
kkIITTEiissii
kkUUUTTTCCHH
kkEEETIInnuueee
KKKutttuZZooovv
kewwwAAAeeett
KUUUwwwEEEIIItt'ss
kaawwwAoottti
kkkUWWWAAAaaaTToo'sss
KKUWWAAAIIItttOOsss
KKKUUyyyBBBYYsssHHHiiivvv
kuuyyBYSHHEEEVVV'SSS
kkkaaZBBBuuusss
kkkUUzBBBiiiSS'SSS
kkkUUZbAAAsss
kkkuuZNNETTs
kkkIZNNeeTTS's
kkuuZZNeTTsssk
kkuZZZneeetsssKK'SS
kkkwwwEE
kkkwwIII'ss
kkWWWAjULLLEEONNN
KKKWWAAAjjAAALIIIaann'S
kWIIIKiiiUtlll
kkkwwwAAAkIUUUtlll'S
kWWAAKKKoooUUTTTllS
KwEEnnn
kkkWAnnn'ss
KKKWWWoooNNNGcchuuw
kkkWENGGccchhAAww'SS
KwwaannGGcHHHuuWWWIIINN
KwwwaaNNGGjjjUUU
kkkWWWiiNNGtttuuungg
kkkWAAAnnnZZZUUU
KwaaaNNNZAAA'SS
kkwwwONNzzziiIII
KKKwwwAnnnZZAAAAA'SSS
kwAAANZAAiiisss
KKKwwannzzAAS
KKKWeiiiCCChhhooWWW
kwweeooluuuNN
kkWEissuIII
KKweeeiYYAAAnnnGG
KKYY
kYYDDD
KyLLLE
KKyLLLEEE'ss
kkyyyMMMRuCCC
Kyymmrrryy
kkyyyNNeeewuuulllfff
kyOOTTTo
kYYYATTTOO'SSS
kyyyRGyyZZ
KyyRRgyyyzzsssTTTAN
kkkyyyTTThuuRaaa
kkyOOOSSSHHHUUU
KKKYYYuSShhaaa'sss
kköLNN
KöLLN'ss
LL
L'AAAMMMooouurr
LLL'Enfaannt
LL'EEERRROiLL
L'EEuvvvEErrTTTOReee
L's
llluN'sss
LLbJJJ
lllBBJJJ'sss
lCCDDD'SSS
lDDDL'ss
llaaaD'SSS
LLLeeemm'S
Lhh'S
Lllbbb'S
llllDD'ss
lllAXX'SSS
lppn'SSS
lllSSDD'SS
lXXX'SSS
lllaaa
lllaa'SS
LAAAffUUlllluuutttttE
LaaafoLLletttee's
LAAAALLAnnnDDD
LLaaabb
lllUUBBannn
lUUUBI
LIIIBAAAcchhhE
LAAAboRRitAAA
LLLaaaBBUrrrUUUTTTE's
LAAABBooorrrIIItteS
LiBBRRaaDDoooRR
lllAAbbbrruDDDAAARRR'SS
lllUbbRRROdoooReeeAAAnnn
LLLObrrraadddOOOriiiaaNN
LLabrAAdddoorrrSS
LLLaabbbUUaann
LLLEEEbbyyyrrreeeNTTTHHH
lAABYYYrInnTTThh'sss
LLLAccCCCAAADDDIVVVe
LAAAccADDDIIIVVVEEE'SS
LOccEDDAAAamoooN
laccoooDaaaeeeMMooNEAANN
LLAAccaaRRttA
LLLaaaCCCUrrrtte'SS
LiCCuuY
llAAccEYYY'ss
LLLOchheeesssIsss
llAccHHHEEESSSiiSS's
LLLAAccLLLOOOS
lUUUCCooonnnIIIaa
llaaacAAniiaaa's
LLaCCCaannniAAnn
LLLoccOnIann'SSS
LLLooocccONNiAANNsss
lAAACYY
LAACCCY'SSS
llleeDInnn
laaadIIINNNAAA
LLLaDDDoooGa
LLOOODDUUUN
llAADDDONNno
lllAAADOOnnuuu's
LLLaaDYY
lllaaDDyShhoop
LLaDDDYYYSSHiip'SS
laaaDYshIIIpppss
LLLaaaDDDYsssMMIIITh
liiORRRTeeeS
LLLaaaFAAYeeettttee
LLLaaaffiiTTTTE
LafIItTTEE'ss
llaaaggOrrKVVViiisttt
LLAGGOOOSS
LLLEEGGEsss'SSS
LaGGGrrIInGAAA
LLaaggRRaaanngOOOAAAnnn
lllAAgggTTuuunnGGG
LLLEEEhNNdddAAA
lUUUHHHOOrrrE
llaaaIBBBiiccchhh
LoooEEUUsss
lllaJOOSSS
LLLoooJJJOs'S
LLLaaKAAHHHORRssstt
llaaaKKKEEHUUrrStt'SS
lIIkkEoooshhhA
LaaKKKiAAASSShhA'ss
llleekkeeeLLLAAAnnD
LAAKKKuuuwwwIIOODD
llaaakkkaasshhAAA
LLLAkeSSSHHHA'SS
LaaKoooTa
LLAAAKKKshhMMII
lllaakkSShhhmmIII'sss
LaaLLA
lllUUUlLLLIInnsss
LLLaaam
LAAMMMiooosMM
llaammmaaismm'ss
llluuMMMAEEsssmmmsss
LLOOOMAAossTTT
LLLOOOMMMAAIIISSTT'SS
LLaaaMMMIIStticcc
liiMMaaaISSStS
lIIMMMaaaR
LLLaaaMMMAArrr'SS
lEmmAARRCCCKK
lllAAmmmAAArrrcccKK'SSS
LAmmmErrrCCCkkkEEOONNN
lllAMMMArrcccKKKIIISSSMM
lIIIMMaRcccKKOsm'ss
lAAAmAAArrrcKKaasssMMsss
LLLooMMaarrTiNNNUU
lllamAZZuuu
lumBB
laaaMMMBBIIIRT
llAmbEEEtttH
LLLAAmBoorrrGHHeeNNNII
llamBBBOOORRRgHHHUUnnu'SS
leeMMBBBRRRuusssCooo
lammmEEnnnttaaTTTAAAInnss
lleMMMAAS
LLLaaaMMMass'ss
LLUMMMmmASSSuuus
LLuuuMMmAAAsTTiiDAA
LaaammmaSSSTTTIIIdeee'sss
LLUUUmmmmOOstttiiddduuuSS
llAAMMMIIInnnTT
llaMoonnTTT'SSS
lAAAmmmPPeeeddEsa
llliiiNNNaaa
LLLeeennnaa'ss
LLOONNAAAIII
LLaannnIIiii's
LiiiNNAARk
LLLAnnnCCCossHeRREE
LIIINNNCCaaaSSTTeRR
lAAANCAAASTTEErr's
LLLannnCCCEEStttRRRIIIooNNN
LLAANcccasssTTTrrrEOOn'SSS
LLInnCaasssTTTrrraaaIIINNNs
lanCCeee
LLLinnccii'sss
llUNcaLLLooTTT
LLLUUUncIIIlloot'S
lEnncHHHUA
llaNcchhiiieee's
llaaaNcccHOOOw
laaannncchhUWWW'SSS
LLAAAND
LLAAANNDDeUU
lllAAAnnDDiiiSS
LLLAAAnnnDON
LLLiNNDDINNN'SSS
LAAAnnDDDuuuRRR
lannDuuuWSKKKEE
llaNNNdddrrYY
LuNDDrryyy'ss
LLondddsssaTT
LunnndddssOEEERR
LLAANNDDssTTTeeeiNNNiirr
lONNNDsssTTEEEUUnnnuuuR'sss
LLLiiinddssTTTAAArM
lleNDtttaaaGGG
LLAAnndddWWWeehhhrr
LLaaannne
lAAnnnA'sss
LLeennFFrAAANNc
lAAANNgg
LAAAnnnggUUrr
LLangeerHAnns
LLLANggooorrrHHANNSSS's
LLLannnGGGLaaaNd
LLLANglllEEEyyy
llAANNggmmuiiirrr
LLLANNNgooBBBAArrrddd
LENgggoooBAARRRD'SSS
LLLANNGGGOOOBAAARRDDiCC
lllAnnnggoobbbOOORRRDDDSSS
LeennngttEEnnn
LLONgggtRRRYY
lluuuNNgggOAAAdddOcc
LLooNkkesstaaarr
LLeNNYYY
llannnnyyy'S
llaaaNSSAnnnG
lllEEENsssiiinGG'ss
lEEEnnnzHOOOU
LAnnZHHooouuu'S
LLLIoo
lAuuu'S
llleeeAAAaaG
llAAOCCCOOOinn
LAAAoooCoooon's
LaoodddACCCeeeAA
LaaOOOduuccceeeEEEn
lAAAiiiighhoooSS
lliiioMMeedddON
lllaesss
lllAAAATTToooooonnn
lAAAOtIIIAAAnnn'sss
LAOtAAeNS
lllaaozUU
Laaaazzo'SSS
LLaaaPUUUtttH
LLAAApliiiCCe
lllAAPPLANND
lluuPPPlloNDDD'ss
LIppLAAnnndddEErr
lApppppp
lUUppPPP'SS
leeppPPPiiiSHH
lEEEPPPpEEESHH'S
lllepppPss
llErii
LarrEE'SSS
LLaaaRRaaaMMMOOOeee
lArrAAmiiiuuu'ss
LLAARdddNeRR
LLLaaaRRDNIIIrrr'ss
llaarrrOODDo
llliirrrggI
LLIrrrGGGo'SSS
LLaaRRRNee
LLArrrna'SSS
lllaarOOUSSSSii
lllaRRRRyy
llAARRRYY'sss
lllAARRss
llOrrSSSeeNNN
llURsssen'SS
luurrrssON
llarSSSoooNN'SS
llaSSSCaaaUx
llessccaaIIIXXX'sss
lllasshOOoo
LLuuSSHKaaaRRR
LLLiiSSSKEErr
lEEESSSkkkii
laSssa
llAAAsssSaaa'SSS
llleSSSSSSOOLLLlllee
llAAAssssen
llOOOSSSEn'SSS
lIISSSSIIIeee
LLLaaaSSSIIIE'sss
lllaasssttEEXX
lllaTT
lllittAKKOOooo
LLiTTEsshhAAA
lllIIITaassHHHEEE's
lllatttEreennn
LLIIITTTAAAraan'SS
LLLAAAttAAAMaaarr
LLLiitEENNN
LitttIIn'S
lllUUtttIINNNII
llOTaaaNeetuu
llItIINeeRR
LLLaaTiNNissM
lllEEtteeNNIIIssTTT
lllAtuuuniiisssT's
laTTIInnIIIStttsss
LLLAAtttiinniiiTYYY
LLLootttiiiNNNizzee
llOttaNezeed
lllUUUtINNOOzzoooS
llEEEtttiiiniiizEEEnGG
LIIItEEENNNoo
laaattiNA'ss
LLLatttINNoSSS
llEttAAANNSS
lllUUttUShhAA
LLLIIttIIShhAAA'S
LLLAAATTTAAaam
LLotttiiEEEMMM'sss
llAAATToNe
lllaatoooNNNa's
LLLitttoNNNYA
LoTOONYe'sss
LLeeettooyyAA
LOOOttOOYYYaa'ss
LLattRoobbEEE
leeeTRAAABBU'SSS
lOOTTTVVVIaa
LUUUtvvIaaa'ss
LLATTTvvvEoooNNN
LLLuutttviiiaaNN's
LLAAATTvviieenss
LLLaaUUUd
lllOOOEEEDDeeer
LLLAAAeeeddIiiN
lllAAAuuuDDIIAAniism
lOOOeee
lllEEEuuuGGGhhhTTonn
llEeeNNNcccuuusssTTToonnn
LLLaaUUUNNDDrrrAmmaT
lllaUrA
LLLeeeIRRRAAA'SSS
LLOOOUUUrOOSSSoAAA
llIEErrrASSSiUU'SS
lliiiUUURRaaal
llaaeeereeelll'SS
lleaaaRRROOON
LooIIIRRReeN'S
lllaaaIIIrOnnCCCee
llAAAUURREEENNccceee's
LLiUrrrEEntt
LLLUUUUUrreeNNNt'ss
lAAUrENNTTiooN
LLaairI
llAAAuuuRAAA'SSS
llliiUUUrrriiiii
llaaaOORREEe's
LAUUURooERR
lluUSSSaaNNNNOO
lllaaaIIttRuuCC
lAAvvaL
lllAAVVVuurrn
lluVVVerrrN's
lUUUVVVUUURnnnI
lllivooorNNNee'SS
LLaaVVIIInnnIIAAA
lllAVVViiiNNNIIIaa'SSS
llEEEVVaaaIISSSUUUEEErrr
LLAVVVAnNNO
leeeVEEnnnNEEE'ss
lllaaaw
llloWWWIIInnDOOO
lawwwUUUNNddAAA'sss
llaaaWWWEEsss
lawrruNNNccEEE
looowwsuuNN
lAYUUMuuN
luYooRRRDD
LLaaYYLLA
LAAYYYLLEEE'SS
lllIIIyyttUN
lAAAYtAAn'SS
LLLEEZZZEERoo
LAZEERRO's
lezzoooruss
LLLAAAzzzooorrUUSS's
LD
LLuuu
Le'S
LIIaaa
llleaaa's
lleeeECHHH
LLeeACh'sss
LeeoCCOCCkk
lEEEoddBBBooLLLllly
lUUAAAHHH
LLUUAKKeY
LLLEEeKKooYYY'SS
lllAaaN
lllEEAAANN'SS
LLLaaaaNNNDDeeeR
llEANNNNN
lllEEannnn's
LeANNaa
LEEiiinnnnnO'sss
LaAAANNNe
lllEEEaNNnEEE'sss
lEAAAr
lAIIIRRR'SSS
lluuuaarrrJJet
LeeeerrjEET'SS
LEEEaarYYY
lleUURRy'sss
LLLIAAAthhhOOOrrETTtttEEE
llliiaaaTThhhEEERRREEETTTTe'S
llIOTTHHHeeerrEEtttTeeeSSS
LLeItHHaaarrroiiDDD
lleeeaaVVAANNWWWuuurrrTTTH
LEEEaaaVVViiiSSS
lllEbbUUUnneSi
LLEEBBUnnESSEE'SSS
LeeebbbAnnnooonn
LLEEBBannnuuuNN'SSS
LLLUUUBBBinnSSSrUUUEEm
lIIBuussgggUUEEE
LLLUUBoosGGuee'S
lllEEEbbLLLaaannnc
lllEEbllaannnCCC'SSS
leeebbbrrrOOOnn
LLLeeeCCCcEE
LEEEcKKKy
LeeDDeee
LLADDDUrBIIIRggg
LeeeDDDeeRRBeeerggg'ss
lliiiUU
LAE'S
lleIIDDDSS
leeUddSS'SSS
LLLAAAiiiIIWARddeeenn
lllEiiaaawwwEEENNhOeekk
LeAAAWaaaRRddd
llEEEEwwwAAArrrD'SSS
loooffTTT
LLeeeFFFtttiismmm
LEEEgguuuSSpppii
llIIGGGEnnndRee
llEEGGOOOrr
llEEGGoorr'ss
llloGhhooorrNNN
LLLaaaGGNNOOCCCaaa
LEEEgggO
llUUUGGGOOO'S
llegggrrrAEEE
LLLEEEGGrrEEEaa'sss
lEHHHMMMAAAN
lllIIHHHmmmann'SS
llEEEHHHMEEENnn
LLEHHMMBrooocKK
lEEEiBnnnooTTTzz
LLeibnniiiTTTZZZ'ss
llluuIbnniZZZ
lloiiiBBnniiz's
lllEEEiccEEEssTEErr
LLLIIIoccESStttER'SSS
LeeIIcceeSSttooRRRSS
LEEuuucccassTTTeeRRssshirEEE
lllOOECiiSSSttiRRsshhUrrE's
LLLeadEEnn
Leeeiiiddeeennn'SSS
llAAOOF
lleeeiifff'SS
lllEEEUgggH
llEEEaaaGhttAAANNN
loouuuGGGhhToonnn's
lloouLLOOO
lEELLLAAA'S
loooUUnnnSTTTur
lIIEEPPPzzzaGG
LeIpppZAAAggg'SSS
llUoooTHHH
lllooouuuXXX
LLeeelle
lllellA'SSS
lleeelaaaNDDD
LUllUUUndd'sss
llOOOleea
LLOOlllIaaa'sss
LElllY
lllEEEMM
LLIIM'S
LLIIIMMMAuuTTrrrEE
lllIImOooTrrE'S
LImmmaaaNNN
lloooMMuunnn'S
LOMMbbEErrggg
LOMnooss
lIIIMnIIIs'sss
LemmuEELLL
lllEMMMUUeeeLL'SSS
LLLAAMAAARRRuuuUU
lllIMEEERRRiiee'ss
LLuuN
luuN'SSS
LLaNNiii
LLIIINA's
LLLiNNaaRDDD
lIIINNArrD'sss
LEEnAAN
LLLEENNNUn's
LeeenninAAAKKKANN
LLLiiiNoongRood
llAAnniingRRAAAdd'SSS
LENIIINNNiissm
llEENNNuunnAAASSSMMM'S
lleennnuunAAAsssmmmSS
LLiineNAsttt
lllennnNNOOOnn
llANNnAAAnnn'SS
LLeeNNNNyyy
lllEENNNNYYY'ss
llAAANa
LLLeeeNOOO's
LINuoRR
LLeNNooiiRRR'SSS
LLeeNNNIIRRRa
lEEnneeeRRuu'SSS
LIIINNNooreee
LLeNNUrrO'SSS
LEENNttt
llleeennT'S
LIIInntteeeNNN
lllUUNNtSS
lllEEEuu
lllOOOii's
luuuiiiLLU
LEEooolluuu'S
lleooNN
LaOOnnnAAA
LLiooNii'SSS
lAAIInOOOrrddd
LLLiUUUnnerrDD'ss
LLLEEEInnnARdddooo
LAAAonnnOrddo'S
llOOOOOnccavvaaLllOOO
llOOooonnnOlll
LLeeeOONEEELLL's
LLoooUUnnnIIID
LLLEIIINNNIIIdddaaasss
leeeEENNiddoSSS's
LLLEEONorr
lllEEonnnOOOR'ss
LeeeoonoRRu
llAAIInnnuuurrA'S
LUUeeennnooRRRe
llEEIIINNeRRRE'ss
LEooopppaaarrrdIII
loapppooldd
lllUUOOOpppOOOLd'SSS
LLeOOOPuuuldddaa
LLLiOOOPUUULDOO'S
LLeOOS
LLiPIInto
leepaanTA'SS
lEEpiiiduusss
LLOPPPkkii
lllEPPPkkkOO'S
llupppUUUS
LLeeePPOOOS'SSS
lleeeRRRMMEnTTTIIVVV
LOOOrrNNerrr
lllOOrOOyy
lEEErIYYY'S
lllEEERRRwwEccckk
lEEESSS
lloSSSAA
llleSSu's
leeesssbUaaan
LaasssbUInn'sss
leeesbbOOOans
LeeeSSBBIIIs
lloooSSbbbeSS'SS
LLEssslllEy
LIIssllEEY'S
LeeSSlliiEEE
LeeesssLAEEE'S
llEEESSoThOO
LOsOTThOO'S
LESSSssOOpss
LLLEEssUEEE
LeeeSSSSiiie's
llleeesssIINNNGGG
lleeeSStttEEEr
llleeSSSteeRR'SSS
LuuSSStttrrrADDeee
LLLEEssttRRRidddee'ss
lllATTa
LitttA'SSS
lllUttHHAAA
LLeeThiii'sss
LeTTTHHbbRRiiidddgge
lEEthEE
LETTThhhii'S
LLLOOTTTAAcciiAA
llleeeTUcIa'sss
LLLeeTAAtia
LETTTiiitttua'ss
LEttu
llEETo'SSS
lluTTttt
LETTttEErrmmmooNN
LLEEEttterrrMAAAn'S
llleeeTttOOOssshh
LLeettttIIsH'S
LLLIIuccciis
LUocccIIIppPPUUSS
llleeuCttRRaaa
leUUcccTTTrrraa'SS
LeeeUkAAASS
LLLiV
LLLUvvAAAllLLLIIIiissEENNN
LUUvuNNNT
LLOOOvoooNNttt'sss
LLEvvoooNNNtttIInee
LLLUUvvvaaaNNTiNEEE'SSS
LLavvvUNtttiNas
LeeeVVVEEN
laaVVVEEErrhhhOOllmaa
LOOOVVeeeRRRRiiiErrr
llUvveeesssqqquuueee
LoooVeeeSquEE'S
LLLUUUviii
leevvvI'S
liiVEaTTHHHaaNN
LAAAvvvIIINi
lllOOOVVVunneee'SSS
levaaasss
lllEEEVVittt
lEEEVVVITTTEEE
llEEvvvIItiiCIIll
LLAAAViiitOCusss
LevvIITECCOsss'S
LLLUVVVitTTT
LLLaVIIItttt'SS
lllEViitTTOOOWWWNNN
LLeveeeTTOOOwwwN'SSS
lEEVVkkkUSSS
LLUUvvvYYY
LEEvY'ss
llleeeWW
lliiWWW'S
llEwwweeeSSS
LLIIwwiinnSKKKYYY
lllUUUwwwooonnSSkyyy'S
LLiiiWiss
loWOOOshhammm
LeWiisHHEEMMM'ss
LLLuuuWWWIISTTTooon
llliiWWWiiiSStAAAnn'SSS
liXiiiNNGtttONNN
LEEExiiNNNggTUUUN'S
lllAAXes
LLexxaaaS's
LLEyyddiiiNNN
lUyyyDDDeennn'SSS
lliiyyyttEE
LLLeeeYYTTTi'SSS
lhheeeSaaa
lhhhaaSSOOO'S
lhhhIIsAAAsss
lllHHHOTTTSuuu
lllhAAtSeee'S
LLEEE
LLI'S
LiiIImm
LLLiiAAAM'sss
llIuuOOO
lIIiiionUUnGGG
lllIIIaaoTTIINNNggg
LLLIIAAooyyyOOOngg
lIuRdd
lllaaaaass
lllABB
llloooBBaaU
llIIIBBBeeevvIII
LLLIBBBBYYY
llooobberaacccAA
LOOBeerrrAAACUUU's
llIIBEEErooll
lllaaBerreccc
lllIIIBBBUURRRIII
LLLiiiBiRROOAA'SSS
lliiibbOOrrriiaann
LLeebbbERIAN'S
LIIIBEEERIIIaaNs
lEEEbaaaRtttYYY
LLLuubeeRttty'SS
lllIbbIaa
lAbrruuu
liibrrrAA's
luubRESS
LLLEEBBBRaViiiLLLlE
LLIIBBBReeeViiilllOOO'sss
llIbbRRRAAooM
lllIIbbbRRRooemmm'sss
LLLiiibbrrrIIIImS
lloBBBYYYaa
lobbYYa'ss
LLLubbbyUUUnn
LLLIIbYYeeenn'sss
LOOBByyyUUUNSS
LLiiiccHfIElldd
LuucccHHtttEnnssttiEEN
LIdeA
LLLOOODIo'SSS
LedddIIIcE
llIeee
llliiiBBBeeerrmmANN
llEeeebUUURRMMaannn'ss
lllIabbbFRAAuuMMiilChh
LLIOOOBBiiggg
llliiiuubbbkkkNNeeeccHHHtt
looucHtUUNNsssTTEEUUnnn
lieeeCCCHtttEEEnnnSSStttuuEnnn'sss
llIIAccHttEnnnssstEEEiiinnuuurrr
LIaaaCChhTTTEEENNNssTTeeInnerrr'ss
lllOecchhTTINNSSttIeenneeRRSSS
liiiEddderKrrrAANNNz
llloUGGGe
lllaaAAGGGe'SS
LLLIeeGGnnIttZZZ
leeoosTTTUUUl
lliiiTTuuVAA
llIIuuuttteeevvUU'sss
lleeeeeit
LLLiiaaOOOTTTuuNNNEnTTT
liiUUuuuTENaNttt'S
lllUUfIISSIIIVVVEErr
LLiiFooSavERR'sss
LOOFFFEyyy
LIIfffffAAAyy'SSS
lllooGGGURRiia
LIGGGuuRROOOaaa'SSS
LLIIIGAAArreOOONN
LLuuuLLA
LLLuuLLAAA's
LLLIIIlliia
llliiilllIIOO'SS
LaalIaaNN
LiiillluuAANN'SS
LLIllliiiiNNNaa
lllillooEEnnnaa'sss
LLilleeeeNNNTTHiiilll
liiLLLiiiTTTHH
LLLuulllIITThhh'S
lAlliiiUUeeKKKaalllAAnnnE
LLuuullLLLE
LLoLLLLLoooaaannn
LLLUUllliiiAN'ss
LiiLLLoEEE
LILLLLiiEEE'SS
llleeellliiipppuuuT
lULLLlluupppiiTTT'S
LLIILLLLippettiiaaN
lilllllliiiPPEtAaaannn'sss
LIIIlllLLLoooPPiittiaaNNNs
LiiiLLLllly
lllillY's
LAAALLoNggWWI
llalllUUUnngWWee's
LLeelyy
lullyy'SS
LLImuuu
LLLumiii'SSS
LLLIIMMaaaSSSEELLL
Luuummmoovvaaadyy
LLLIImavvAAAddYY'S
LLLImBaUUUggghhh
laaamBBBAAuuggh's
liimmbUU
LLLiiiMBiAAArGG
LLiMMBURRGG
LiMMBBBUUUrGGEER
llliiMMuRRACCkk
LLIImEEYY
LiMMuGGGEEEsss
LLiiimmmIUUSSiN
llluuuMuuuuuSSuuNNN'sss
LOOOmEEEuusssennS
LLuuumpppOOpppoo
LLeeeMMMPPPeepppuu'SSS
LLEEN
LLAAANNN'SSS
LLiinaaa
laNNNiii'sss
LLiiNNNAAACRRRaa
lllINNNAARRRuuSS
liNNNcccoooLLLNNN
lIIINNNcOOOLn'SS
luunCIIlnnSSS
LAAnccoooLNSSHEEREEE
liinCCCooLLLnSHHHiirEE'S
LLIIInnd
laaaNNDa
lIINNdAAA'SS
lIInnnddbuuRRgggHHH
luNNdddaSSSNNeesss
LLLOOOnDsssuuuyyy
lllIInnDsIIIYYY
LLIINNdyy
lIne
LLLiinnnE'SSS
lllINLLLOOOTTThggooW
lleNNAAAAaann
lUnnnAIIUUss
lllINNNnnnaaaIISSS'sss
LLLInnnNNooaaaNN
lllINooTTTYYPE
llIINNNTTToooNN
LIINNNtEEENNN's
LLLanuss
llEENNNees's
LLLIIINNUXXX
LIInnwwwoooODD
lllOONNWaaaOOODD'sss
lllUNNNZZ
liiOOOneelll
liiiaaNNNeelll'sss
llIIIiiNNNS
LLuupcHHOOTTTZ
LLLipeeTssK
LiiipiiizzzzzANNNEEEr
LUUPPPPPee
LLiipppPPPiii
lllOOOPPPpppIZZiiinnniRR
llUUPppMONNnnn
LLuuuppSSCoMB
lllipppsssccOOMMB'ss
LIIPPtttEEnnn
LLLiiiPPTTTAnn'SS
LLiR
lleeeR'SSS
LiSSa
LLLEEESSSaaa's
LLLIIIsssbbAAnn
lAASSSbOOn'SSS
luuSSSBBURRnnn
LiiissbburNN'sss
LLLIIISSsssEEEjaaauusss
lIIIssSSSaaaJJooUss'ss
LiistttEEEr
lISttiiirr'S
LLUSSSTToRRRenE
lISSSTTTEreNEEE'ss
LLLIIIStttAARissmmm
LEEssTToooNN
lIsssTOn's
LLLisssZZZt
lAAATTThhh
llleeTTThhhUUUaaaNeA
lliTTHHHuaNNiA'sss
littthhhUUUAnnnuuAAn
llliiithuuUNNAann'S
LETThhhAAaaanIIeensss
llliitttloo
LLLIIIttttLLLOOO'ss
leeetttooNNN
LLiTtttiin's
LIIttIIIRRGGGEEEEEss
LLLIIttteeeRRgy
lllETIRRRGGGy'sss
LLEEEVVVEErrPPaaaoool
llIIVerrPPPoooaalll'sss
LLiVVVAAARPuuddLLLiiaaNNN
lIIvvvAArpppuuuDllliAnn'S
LLLuVVeRRRPudlllUaaannnSSS
llIIveeeAA
LLoVIIaa'ss
LLLiVViNNNggsTTOn
LEEEVVVAAANNNGGGSStttOOnnnE
llUUUVeniiiii
liiiVVooNNNiaa'sss
lliiVVVOOOnnEEAAANN
LLOOOvvaaniaNN'S
llliiVVViiiNNNiiaaannns
llEEEvIIIRRRnOO
llliVVVyy
liiZZZ
lllIZ'SS
LLLezzza
LaaazzAAA'SSS
LLiiZzzUUIII
LLLAzZZIIEE'SS
lllIzZZY
llIIIZZZzyy'S
LJuuBLLJJooonnnuu
lJJubblllJJeeNNNA'ss
LLLLEEwwAAllLLLYnn
llllIweLLyyyNN
llllEWWWEELLLYYYn'SSS
LLLOOYYYdd
LLLLOOyyyDDD'SS
lllN
LLLaaaFFFEEEr
lllOOAFFFirr's
lOaaafEERRRSS
llIIaannnda
llaaBBBaaaChheeVVVsKKKyyy
llOBBBiiTTTuuu
LLEEcccoooRRNNNAAA
LLLoCCCHHuuuNNNvvvARR
LLLooccckUUU
llOOcckke'sss
LLAAACCKKuAn
LLeeCCkHHEEdd
loooccKKKHHHuEEDD'sss
LLOOCCCkwOOODDD
llEEEccckwwwOOOOdd'SSS
lllOOccckkkyyeeer
lllECCCRRUss
lloooddggEE
llodddi
LLIddzz
LOOddZ's
LOEEEBB
lllOOewwO
LLLoooEWI
liuwwwss
LLLuuueWsss's
LLOfffOOOtttEnnn
lOOOFFFETTuuuNNN's
llliiiggUNNN
LOGGGaan'SSS
LLIIGGGooS
lOgggIIss'S
lllooohheennGRooN
llluuuiRREEE
LLLoooiiiRReee'ss
LLOOIIIrEEtt
LOOOiS
LaaaIISSS'ss
llookaaa
LLLUUkki'S
LLLOLLLeee
LLOLLLEE'S
lllAALiiitttaaa
llOOOLLLLooNd
LLoLLLlllaaarrD
looLllOOObbbrrraaggiiiDDe
LLLUUUlllluuBBrIIGGGIIddee'sss
lloMAAAXXX
LooommmbbbuuuRDD
LLOMMMbbbaaarrddd'SSS
LLommmBBarrDDii
LLLAmmBarrdddOOO's
LLOOOMbbaaarrrDsss
LEEEMMMbUUrrdYYY
LLOOOmmmBBaardddYY's
LooMMMboook
LLoMBBBroosaaa
loMUUU
lllOMMMEE's
LLLEMMMEnd
llOOnn
llooN'SS
loNNDDD
llonDDoN
LooNNNDDon's
lllOOONNddOnnnddIIrrryy
llooondddAnnEERRR
loondddEENNEErrr'SSS
LLIINNdddAAANORSSS
leeNDDDrIInnAA
LOOnngg
LLaanngFFFElllOOWWW
LLLOnGffaaalllllUUWWW'sss
lllINNGFFFoooRRDDD
lAAANGGHIRRN
LLLiiiNNNGiiiNNNUUs
LLuunGoBaaaRRRD
lllooonngsssTTRRooEttt
lllOOnngSSSTTREAT'S
lliiinnnggguEEEeeeeel
lllaNNNNIII
LoonnnNNNAAA'SSS
LLLOnnnNNNIIIEEE
LeNNNnniiE'S
lOOONNnnYY
lloonnNNNyyy'S
lllOOOpeez
LLLoPPeezzz'SS
LOOOrrraa
llloRReee'SSS
lorEEEIIInnnE
lllooRuiNEE'SS
llooorCCCAAA
LLoRRRdd
llloorrrDD's
llIIIRDS
LLUUURRddSHHHOOppp
lllIIIRRDDshhIpp'ss
llOOOrrDsshEEppss
lOrrrIleu
loorrreeeLLLEEEI'S
LLooRIIIliiiSSS
lOOORReeNNN
LLLOOORRRooonnaaa
lllooRREEnUUU'SSS
laaarIIInni
llUUUrraaNNNAAA'SS
llOReeeNNTTzz
LLLIrEnnZ
llORUNNNZEETTTTii
LuRRRuuNNNZZZooo
lOOrrrEEEnzzuuu'S
LLLUUURRRoottU
lloooRRReettttttoo'SS
LLooori
LLLuRa'SSS
LaaariiEEE
LLLUUURRRiiiEEE'ss
LOOrrieennT
loooRRRuuNNDDa
lllOrrIIINNdddAAA'SS
LLLiRRRnnEEE
llorrNA'sss
LLLuurrrrAUUUnE
looorrrRRUUIIINNe's
lllOOORrreee
LOOOrrRReee's
LLeeeRRRRRRiee
LAArrrrrriiE'sss
llIIt
LLLaaat's
LoThheRRRuui
LLooThUriii'SSS
llutthhURRRIIIeeeS
llloooTTThhhIaaannn
LLOOOtHHHIIAAN'S
LOOOttHHIIAnsss
loooTtt
llOOOtTTT'ss
LLOOOTTTTTaa
LLEETTTTTa'SSS
lOOttttttIIUUU
LooTTTTaaaEEE'sss
llOOtTTTyyy
LLoooTTTttty'SSS
llOtttZZEE
LOOi
LLeeeuu's
llOOOUUeellAAA
lOeeELLLlllAAA'SSS
llOOOEEEEEE
LLoooEEiiiee'SS
lloouuuOSS
LLLUUiusii
LEEeISSeee'ss
llleAAIIIsssBBBURRRGG
LLLAAAuuuUUUsssOO
lOOUUassE'ss
LeeUIsssIIOOONEEE
LOOOuuiSIIaaNNaa'sss
LaiiiisssIANNNuunnn
lloioosIIIAAAnnnaNNN'S
lllAAouusiiiaannnAnnSS
llEEEuuuiiiSSiiaanniiEEEnnn
LLLAAuuiiSiinnnoooANN'SSS
llOOOEEISiiAANNNIIAAANNNSSS
lOOIIISSSVVuuLle
llooUISSSvvvIIILlllAAA's
LLLOOAAIsVVOOOLLLLiAAANNN
llUUUrrrDDEs
looitH
LLOOUUUVVaaINN
llooUvRREE
LAuuuvrrriii'sss
LLooVVI
looovvAAA'sss
LLiiVEEEcccRaaaFFFTT
LLLOOVVEcRRaaaFFFt'ss
llAAvvviiLLaaaCCCUU
llOOVVellll
llooWWW
LLUwwwiii
llloowwweee'sss
llluuuWWEEllLLL
lllaWWANNNBBBRRRAAuuu
LLLOWooonnnBBraaa'SS
LLLoWWWeer
LLOOwwERRy
LLLuuwErrryy's
LIIWWWusssTTUUUFTT
LLLOWLuuNNNdddSSS
lowrYY
LLLooYYYAAlllUsssT
llOOOYYYaannnGGG
LLOOYYYAAnGG'ss
llooydd
LLLOyyyddd'sss
LuuYUUULeee
lrrr
LTT
LLLttDD
LLU
lllaaa's
llleuulllaBBBOOO
LLeeanDDDA
LLUUAnnDa'sss
LLLuuuEnnnn
LiiiaaNNNNN'sss
LLuAANNNNNNu
lUUAnnnnnEE'sss
LLLIbAAvIItCChhheRR
LLUUUBBbbbooCkk
LobLEnnn
lllUbuumBAAsshu
lllUUCCCiinnn
lllAAACCAAnnnia
LaaaCCaaNNIIEE'S
leCCAAs
lUUUccoo
llleCEEE
lloocccOOO'ss
lloccceRRRnnnIII
LuuCUAA
LAACCiAA'SSS
LooccEaaN
llloooCCCIaNNIII
LLUcccEAAAnA'sss
lllIIccOOENN
LLLuccIIIEEnnn'S
LLeCaaFIr
LLEECafffooor'SS
llICCCiiille
lluuucccIloo's
LUCiilliUUSSS
llluCCCiiiLLLLeee
LuCCiilllAAA'sss
lUcOOnA
lllOOOCCAnnnddu
lllaaaCCCiiNddAAA'S
LLLUUUCCiOOO
lluccEEEE'ss
LLLeeecciitttEE
LLuuuCCCiiiTee'S
lllIIcciiiTTiss
lllUUUCCOOOuss
LuuuCCIIESSS'SSS
LLLACCCKKKNNoooww
liiiCCCKKKnaaawww'SS
lluuuccRRITTTEEa
LuuuCCCrrriittIIIuuunn
lUUCRRReeeTUUsss
llUUUcUULLUUSSS
lllAAcccYY
liCYYY'ss
lUUUdo
LOOODDDII'SSS
llUUDDDDiiiTTTEEE
LuuudddeetttEEE'S
lluuDDDiitttiiiSS
lluuudIIINNDDDOOOrrrFf
LLuuudhhhuuANAA
llUUdLowww
LLuudddWWWeeGGG
lUUUdddwwiiiGG'SS
lllAAAddWWWuggsHHooffEN
lllOOEElLLE
LLuuEEELLLLU's
LLLUUFFFTThAANNNsEEE
lufthhaaansAAA'sss
LLUUUFFTTTwafFuuu
LLUUUg
lluugg'S
LLeegiNdaaa
llluuGGAANNNSk
luGeerrr
luGeerr'SSS
LLLUUUGOrsss
LLUgggoo
llluuggooSSSooo
lllUgOSii'SSS
llooiiigggi
LEEiiiggii'SSS
lluuEEk
lUUiss
LLLuuuIIS'sss
llUuuusa
llUUIsssaa's
LLOKKe
LUKKEEE'SSS
lllUUULLLU
LLLuuullloo'ss
luulllEEaa
lllullLLy
LLLuuLLLuu
lluuulllu'ss
loolluaBOOOURRgg
lEmaaaNNNEEELLL
LLOOOmmEEnall'SSS
LimmmEère
LLUmmmièrrE'sss
llimmmImmmbbbee
lllUUUnnAA
LLLAnnnoo's
LLUUNgggKKKi
lINIKKK
llUUOOOYYaaannGGG
LLaoooyyyeeennnggg'S
lllipIII
llloPPA'SS
LLLeeppoooRCAALLIIaaa
luupAAASSS
lllEEpOs'SS
llEriiiaaa
lIIIRIIIaa's
llosseeekUU
luuSSSuKKII'SS
lUUsssaTOOO
LLOSSuuuTTTiANNN
LOOOssaaaTTTiiAANNN'sss
lllUssseTTeeeUUUNNSSS
llOOsshhuuuNN
lUUSHUUnnn'sss
LAAAssItttaanUUUAAA
LLUUSSSIItttanaa's
llUUUTTThh
LUUtthhhEEErr
LuutttHeerrr'sss
lllooottHHHArrooNN
LLLuuuttHHOOraNNN'SS
loThhEERRAAniiisssm
LuTTThhERaaannIIISSMM'S
lliiitHEEErrOOnIISMMSSS
llIIIthheeeRRAAANNSS
lUttthhhULAA
LLUTOOn
llIIttEn'SS
lllOttyyiiNNNsss
LLLuuvvvss
LAvss'SS
LLLuuuWWWOOinn
LLLuuuWWWiiANNN'SS
LLUXX
llEEEXEEMBBBOOOUUUrggg
lloXUUUmmbbiiiuuuRG'S
LLUUUxxxaaaMBBoUUURRgerrr
lOOxxxaMMMbOOUURRgguuRRR'SSS
LLuXXUUUMMBBOOOeeRRGeerrSSS
llIIIXeeMMMBBoUURRGIIIAn
LiiiXXembbbirrG
LLuuXXXEMbbbEEERggg'S
llUUXoR
LUUUxorrr's
liZZ
LLaaaZ's
LLLUUZZZAARRnn
LLizzOOnnn
lAAAzzzOOnnn'SSS
lVVVIV
llVVVuuuvvv'SS
LLVVVIV
lWW
Lww'ss
LLLYYYXX
lYx'SSS
lllyyaaLLLllppOOrr
llYYYEEutEEYYY
lYYcccaaaENNN
Lyyccioonnniiiaaa
lllyccOOOUmmm
llycccEEuuumm'SS
LLYccOOIII
lllYYcccEaaNN
lllYYYccIiiiN'sss
llYYccciiiAnnnsss
LLLYYYcRRu
LLYcccuuuRRRgggUss
LLyyydddGGGuuTTTeee
LLLyydddAAA
llYYDDiiieeN
LLLYYdddiiiANN'ss
lllYDDDiiAAANNSS
LYYEElllll
LLyyLLLoo
llyyyLLLeee'SSS
LLLylllyyy
LLLYYYMAAAN
LLyyyMMMUNN'S
Lymeee
LLLYYYmma'SS
llyyNNcHHH
lYYYnddaa
llyynnndAAA'ss
lyNNNddooonnn
lYYNNNdddoooNN'ss
lllynneeeTTTTee
lyNNUUtttoo'SSS
lYnnnnn
llYYYnnNNAA
LLLYYYNNNNiii's
LLLyyNnnnOOTTTTTEEE
LLLyyyNNNeeettttee'ss
llyyyNNNXX
LLyyOOnnn
LLLYYYEEENNN'ss
llyIIInnnnnnAAAIIISSS
lYYYOOONNnnaaeeeSS'S
LLLYYYaaannnnuussSSSEE
LLLYYinnns
LLLyrUU
lyrA'SSS
lYYYsssaaNNNddar
LyyySSSAAnnDDeeerr'ss
lYYsEEEnnnkkkOOO
lllYYYSSEENNKKoIISMMM
lllyyySSSOEESS
lllyyysssiiMMMocchIIIss
llYYsssAAAmAAcccHAAss'sss
lYYsssOppppppuuuSSS
LYYSSSEESTTrruuuttA
llYSSisTTTrrrattta's
lYssOLLL
lYsEEEl'SS
LLLYYSSSOLLs
llyyTTTtAAAn
lYYYubLLoon
LübbbeeeCCCkk
lllüBEcK's
m
mmm's
MAAA'ss
mmmB's
mbIII's
MCCCAAA
MMMccIII'ss
MMMDDD's
mmff'SSS
mmmfffa's
mmGMM
mGGMMM'ss
mmmHzzz
mmmi'SSS
mmuDDDii'S
mmUTT
mmmiiiTT'ss
mmPP'ss
MMMRRaa'SSS
mmss'ss
MSgg'SSS
msssTTT'SS
MMTTT's
MVppp'sss
MMaaaAALLLOxxx
muuUlllUUx'SS
MaaaIIISS
mmOOaaaSSS'ss
mmaaaOOOSTTRRRIccHTT
MaasssTrriiichtt'ss
MMuuubbb
MMMAAABBull
MobbbIIl'SS
MMobblllEE
mmaaBlleee'ss
MMMuubbbeeeSSSa
mmmaaCC
mmUUUCurrrTTThuR
maCCCBBBriiiddeee
MMMaaCCbbrruuDDDEEE'SSS
mmmaacccDDDonAllDD
MMucccllleeeesH
MMAAACCLLLOOOossshh'SS
mmmAAACCEEEnuuse
MOOCCAAaaa
MMOOOCCCaaAA'ss
MMMAAAcUUUSSSSSERRR
mmmiiiCCCaai
MAAACUUIII'SSS
MoooCIIIEElllEYYY
mmmEccbbbUUUThh
maacccCCC
MIIICcaaaBBEaN
MMMAACCCubbEEesss
mmmEECCCCIIIbbeeEEs
MMMEEcccccIbbEUSS'SSS
maacdddooonnnalldd
maaaccee
mmAAACCCOODDD
MMMAccEEdaNNN
MEECeeddoonnn's
mAAACCCeeDInnIIUUU
MMAAAcccEEDOOONNiiiEEE'ss
MMOCCCidddEENNNOOOaaN
mmACCIIDOONNiiaaann'ss
MMEcccuudooonnAAiiiNss
mmUUUCAAAiooo
mmmaaaCChh
mmaacccHHHEEaaavvIILLllII
MACCCHHHiiiuuVeelllee's
mmooCCHiIvveeeLLLLuuuAAANN
mAAACCChiiiaVVEEELLLLiAAAnniiiSSM
mmAAAcHHUaaveelllllleaannuuuSSMM'S
mmmAAAchEiiiVVVOLLLIIIAAneeSSSMMMsss
maaaCCHHmEEEtaaarrr
mAcoooiSSS
MMaaCeeUUUsss's
mmmaaCCIIINNttooSShh
MMMaaCIIINNToooShh'SS
MAAAcck
mmmaaccKK'sss
mmEEEccKKKEEENNNZZOOOoo
maaacckkaannZiiEE'SSS
mmmACkkkoNUCCC
mAACkkiinnnaaaC'sss
mmmOOOckinnoWWW
MaacccKiiinnnTIsh
MAAAcccllleeeddd
MMOOcccmmmIILLLlaN
MMeeeCCoooNN
MMMuuucPhhhEErrsssen
mAAAccReeADDYYY
mUcUUMbbEEE
MMaCCCOOOMMbbba'sss
macyy
mICCyyy's
mmaaaDaaaGG
mIdAAAggoSSScONN
mmmaddAAgAASSCIIInnn'ss
mmeeDageeSSccINs
MMMAAADDDoggassCCCAr
mADDDAGuuuSccAARR'ss
MMMIIIDimm
MMAAAddUmUU
MModdDDEEEn
mADDdddEEnn'ss
MMEEdDixxx
MiiDdddOOxx'SSS
MMaDDeeeOOOraaa
MMMIIIDDDaaiiiRuu'sss
MMaaaddAUUraaNNN
MAdddoIIRRRAAS
MaaDEEllAiiinee
mmADaLLeeeiinU'sss
MMAADDEEEllInee
MMaDDEEllIINNE'sss
maaaddeeeLLyyynn
MMMuuuDILYYYnnn'SSS
MaadeeeMMOOaaassseellLLooo
MudGGee
mmmaaaddggoo'SSS
MMMiiddIIIsOOONNN
MMOODaasssuuuNNN'SS
MMMIIIDeeeSSSONNNoANNN
mmmAADDDoNNNnaaa
MOOOdaaaNNNaaa'SSS
mmmaaaddOOONnnoos
mmAAAdddrrraSS
maaaddRRaas'SS
MMMIIdRRiiDDD
MaaaddrEEddd's
MMMOODDRIlEEENeeAN
MaadUUrrAAA
mmAADuuuRRAAii
MMADUURRaaIII'SSS
MMMAEE
mmooo'ss
MMMAueNdIIIr
maaEEEBBBAAAShhhiii
mmieeccEEnnnuusss
MMMaaOlllSSTTRRRumm
mmmoEEEsstrrriiCCChhtt
MAAATTEERRlunnnCCkk
mmAAAiTTeRRRlliinnnccck'SS
maafaaakkuuNNNgg
maFiiUUU
mUUfiiiaa'SSS
mmmafffiAS
MMMOfiiiUsssuuu
MMAAFFFiUSSiii
mmmEEGGGEEELlllINNEEEsss
MMEEEgDILEEENAA
mmmAGGddaaallennnUU
mUUUggDDulEEENEE's
MMAAAGDeeLLeennneeAAAN
MaaaGGGdaaaBUrrGG
mmmUUUGGGeeLLLLLLAAnnn
mmOOgggeeelllLeennn'ss
MMooGGGeeeLlllaaNNNiC
mmmuGGGGGiii
mmiggIuuu's
MIIIGGiOOOrrE
mmAAggHHeRRRAFFEEELLTTT
mmmaaagHHERRRUFFElllTT'ss
MMiGGGHHrEEbb
MMMEEEGGhrrrEbbb's
Magge
mmmEEEgggoooNNut
mmAGiiiNNNeettt'SSS
mmmEEEgNNNiifiiiCCEtt
mAAGNNeeffeccUTTT'S
MMAGGNNNiiifffooCiittts
mmaaGGnnnITTiigOrrSSSkkk
muGGAAG
mmmooGGGOOOi
mmaaGooooo'sss
mmmAgggRRRAATTTttooo
mmaaGSSooYYYsssUyy
mAGGssAAYYYSSAAAyyy'S
mmoooGGESSS
MMMeggyyAAARR
mAAggYYYOOr'S
MMMiggYaaRRS
MMAAhhhOOBBHHHEEERRuuTTooo
mmUhhAbbbhhaaRIIITTToo'SSS
mmmAAhhhAAARRRESHHTTraaa
MuuHIIrrrEEshhhTrrAA'sss
MMAAHHAAATTTMMMaa
mmmAAhhAvvvaRA
MAAAHAAAvoooRRoo'SSS
mmmOOHaYYAAnnnAA
MMaaaHHHAyyyUnna's
mmAAhhaYeennnasss
mmmoooHHIYYiNeeesT
mmmAAAHHHaaYAnnnIIISttt'SSS
MMeehhhDDDi
mmmAAAhddduSSM
MMOOhhhDDiSSStt
mmmIIhhFFFauuuzz
mmmeeeHHFUOzz'SSS
mmmAAhhiiicaaannn
mmmAAhhheeccaaNN'ss
MMMUUhiiCCCeens
MAAhllaarrr
maahhooMoooTT
mmmAHOOOMeeet'SSS
MaaahhhIuuuNNDD
MMMaaHHuuunnnd's
MMAAAHRRiitttTTAAA
MaaHRRATtttaa'SS
mmAAAhRRRUUttteess
MMMaaaiii
mmmaaee'sss
Miii
mmmAAAUUUA'SSS
MMMaaaIIdddUnFORmmm
mmmEEEUUDDDIInnfOORMMM's
MMaaiDDsttoonnnEE
mmIaadduuu
MMMEEEIIIdUU'ss
MMIIaDDUUUgguuREE
MaaaigggRRReet
MMMiiIIIggrrIIItt'S
mAiiiLLooR
MMMuuIIILLlloooL
MaaaIImmmAAn
mmeeiimmOOONNN'S
MMaIIIMMMonnniiDeSS
miiiinn
MMaaiiNNNii
mAINNEEE'SSS
MMAAAIIInnnaaarr
mmOOoonnnaRRR'S
mmmIiiiNNNeeerrS
mAAAiiNNNlAANddd
MMOiintttAAnnIN
mmAAaaanZZ
mmAiiisOOEEE
mmmOOoSSSii'ss
mAAIItttlllAAAND
mmaaaeTrrriiiYYAA
mmaaiiitrUya'SS
MUUj
MooJJJEEEsssTYY
MMUUjjjaaRR
MaaJJOORRcccUUU
MejjUrrccAAA'sss
mmoojOOOrrcccooNNN
mmeeejungggAAA
mojjjuuuRo
maaakkkOOOLLUU
MAkAALLLuuu'sss
MOOOKIRRiOSSS
mmmAAkkARiUS'S
MoooKKAsssSSiirr
mmmOOOKKKAAAr
MMMaaKKiiiyUUvKKA
mAAkkkhhuuuccHKKiLAAA
mAAAKKeeeYYAAVKKKee
MAAAKKiiYYYiiivvvkkka's
mmAAAKKkkkAAhh
Meeelooobir
MaaaLOOOBBBEr'sss
MAAALLIBBBeee
MAAlAAABooo'SSS
mmmallAAccccA
MMEELaacHHHEEE
MMALLaccchhiiass
MMMaaaLAACChhhooeesss'SSS
MMMalUUgggaa
MMULaaaGGEEEsssYY
maaaLLLIMMuuuD
MAALLLuuuNNNg
MMMAlllaPRROOpp
mmmeeelllAAAproooPPP'SS
meeeLaaaTTTHHHUUUen
mmaLLLaaTThhhiOOn's
MMMOLLeTTTyyooo
MMMiiLLEEEwiii
MuuuLLaWU'ss
mmmIIILLAWWIan
mmmAAALLAAAWIonnn'sss
MMMollliWWWIIIeeeNsss
mmaaalllooYY
MMMEEELLLaay'SSS
MMMaLaaYaaa
MMMooLLIYYa'SSS
MalllaYiilleemm
mmmaaalEyaLAm'ss
MMMoLLLIIYYYeen
MMAALAyooN'SS
mOlllAAYAnsss
melAYYs
mALLLEySSSiiaaa
MMAAAlllayyysssIIiii'ss
mmmooollAyySSSiann
MMiiiLLLoooySSiiiAAN'sss
MUUUlllAySSIIIAAAnnnSSS
mmEEEllCCCoooLLMM
mALLDDDiVVaaannn
mmAAlllDDAAAvvvAAAnn's
MaalldIIVVi
mmmaaLLLDaVVA'sss
MMMaLLddduuVeSSS
mmmeLLLdUUUVVVEEs'S
mUllldaavvOAAN
mmmiilllDOOViiANN'SSS
MeelDDIIIVVaoonnnss
mallldddOn
maaLddooon'sss
mmaLLLDoooNNAddOO
mmOlDUUUnnnAAAde'SS
mUUUlooo
mmmuuLeee's
mmmaaaLLLoBBRRUUUnnncHHHee
mEEllluccIITTu
mmmEEELLeecoooTuu'SSS
mmmUlHErrBBBee
MMaaaLee
MMAALLiAN
mmAAAluuEEnn'SS
mmIIIllIOOns
MAlIIIbbbeee
MMMaLLiibbO's
MALLaannnddaaa
MMiiilONNDDa'S
MMMAALLLiNNNEEEss
MMMIILLLUUNNNOWSkkki
MMMAAlIIseUUtt
mooLLLLirrrmmmé
MeLLlamAArrs
MMAAllllommIIIrrsss's
mmmoLLllIIIRRCCCA
mmmuuLlORRRYYY
mmOOLLLLLOOOryy'SS
MMiLLLmmmö
miiilMö'SS
MMAAAlllOnEE
MMMuuulllOnee'S
MMMeeellOOrryyy
mmaaluuRRRyy'S
MMMIIIlllppOOOGGHiii
mEEELLplaQuuEEtt
MMMUUllpLLeeqquuuuuttt'S
MOOlllrrraaaEXXX
mmmaallTTO
mmaLLLttaaa'ss
MMMAllltttUssEE
MMaaallTTTEESSSuuu'S
miiLLLthhhOs
mmAAlllTTHAAAss'SS
MMAAALLLTTTHUUSIANNN
MaaaLtHHHuSSSUUUaNNN'SS
MMaLLtHHoosiiiuuuNNNiismmm
mmmaaalthoSSSiiiEEEnnaasssMMM'SS
MElttHHHiiiSEaannnIIsssmmSSS
MAAAllttHAAASSiiaaaNSSS
mmUUlvvvEEERRRNNN
meeeLLVVVIIINUUs
MMaaamEELIKKKEE
muMOT
MMMAAAmmmUUOO
mUMMMAIII'SSS
MMiiMMMoonnn
MMMaaaMMmmman'SSS
mAAAMMMMMMoNNsss
MMaaammmOOOrE
MMMooomOOOrrreee'ss
mAAnn
mmmANN'SSS
mmmaaNNNAAdooo
MMMenaagUUaa
mmmANAGUUUo'ss
mmanAGGUANN
mmAAnnnAAmooo
MANNuMMUUU's
MuuuNaasSSSOOOs
MMUUUNaSSSSeH
MEENaoSS
MMAncccheee
mmANNcHeeeSSTTTuurr
mmmAAANcchhhEEEssteeRRR'sss
mmmuuuncHHHii
MaNccchhee'sss
MMaaanCHHHIIIkkkUUo
mUNNNCChhhERiia
MMMaNcHHHaRRuuuAA'SSS
MMaNccherAAUN
mmunCCCHUUS
MOONcIINNoo
MMEEEnnccInniii'ss
MMUNccuuuniiiaNNN
mmmAANNNCCuuunnniiiAAAnnn'ss
mmaNcUUnnniiEENNNSSS
mAndddaaaLLayy
mmUUUndddILoooyy'SS
MMMENDDDaaann
mmaaaNNDDDaariiNN
mmmannDDoorIInnn'SS
MAANDDDE
maaanDDA'SS
MMOOOnDUEEn
MAAANNNddduuulllIII
MMMUUUnnddUlllBriiittt
MMMaaannndddellssstaamm
MMaaaNdddEELLLSSSTTaam'SSS
mmmoNDeess
MMAAnnndddevvvOOlllaa
MMMAANNNddaNGOOO
MMaaNdddRooLLL
moNdddRROOlllll'ss
MMaaanndddyyy
mmmiiiNDDDyy's
mmOOnosss
MMAANNAATT
mAAAnnffrrudd
MMaNNFRuuuDD'SSS
MMMUNNGaaanOOONNN
MMEEEnnhATttan
mmmUUnnnhhhUUUttTiiiNNN'SS
mmAnnnHOttttaaanIttEE
MaaannhOOTTTttuuNs
mmmiiinnii
MMMAANOOOccHHEEEAAnn
MMMaNNNIcccHHiAsMM
mmaaniLLAA
MMaannnAAAla'S
mmannIlllaaS
mANiillllla
moNNNiiiLLLLA'sss
MaaNiPuuurrr
MMEnnisAA
MUUUniiitOObbba
meeeniiitOOOBBA'sss
mminnetOOBBBoN
mIINAAAtoooiiilUN
mmmaaannIIItouulInnn's
mmmaaannizzaaaLLEEss
MMooonnLLEEEYY
MMaNNNLEEy'sss
mmuunnnn
mmiinnnneeRRRhhaaImm
mmmAANNNNNhhhIIaaMMM
muNNNnnnheiiiMM'ss
MMMaaannnnnIInG
MMiiinnoLLEEtto
mmmANSSSffoooeLLLDD
MMAnnSSiiin
MEnnnSUUUnn'ss
MMMAnTTOOGnnnA
MaanttuunnniiiEEE
MMAAANttooonnAAAaaa'ss
mmmaNNtttllEE
MMaaanTLuuu'ss
MMMaannttIuu
MMeeennUUUEEELL
mmmANUUAAll'sss
mmInnUUella
MaNUUeeelllii'ss
MMaaannaattAAIIIss
MMMeeNXXX
mmmEnXX's
mmANNNXXXmmmin
MMannnXXwwUmmmaannn
mmmANZZZOnni
mmAAnáAASS
MoNNáeeeSS'SSS
mAAoo
Miiiee'ss
mmIuuOOOsssMM
mmaaaAAAAAAsssMMM'SS
mmmaaIIIIIISSmmSS
maoIISttt
MMMeeIIstt'S
MMMAeeeAAsssttSSS
mmmEEUUriii
MMMAAIRRii'S
MMeeURiiisss
MUUpp
mmmaPPPPPPllEEEThhhOrpa
MMeeepppLEEETTThorrPPUUU'sss
mmmApppuuttooo
MIPUToo's
MMMar
mmiiir's
MMMIRRaaa
mmaaaRoo'ss
MMArrrIIIcciiibbbE
MiiirraaaccAAANDDDaaa
MMaaaRReecuYY
MuRaCCaaYY'SSS
mmmaRIIInnUnn
maarrraNNoonn'SS
mmmuurAtt
mmmAArrAATHHHii
MarAAAtthhha'SS
mAAArrrooTTThhhaasss
mmAARAtHHi
moRAAAtttHHO'ss
mmmurraattthhOnnn
mmmErIIItHHHaaann'sss
mmaaarrccc
mmaaRRRcccEEoooI
MMMaRRccUUULLL
MMiiRRRcceeelll'sss
MUUUrrccELLLiiiNNNii
mmmUURceeeleeenno'SSS
MMArCiiiLLaaa
MMURRRCCCEEllLa'SS
MarrCCoollllUUSSS
mmAArrrcEEElooo
MMeRRCCEEELu's
mmmAARRRcccHHH
mmmaaaRRCCh'ss
mmmAARRRCHHeee
mmUUURRRcHe'sss
mmAArrrCChUS
MuuRcccHHHeeSHHVaaaNN
mmArrcci
mmarccI's
mErcIIIoo
MaaRRRcIIIAA'ss
MMMaarccuaaNooo
Miiircceeoo
MMMOrrcccIIe'sss
MMeeeRccIIIoooNIsmm
MMirrrCU
mmAAARRCOOO'sss
mmmorccONNiii
MAArrrcccOOSSS
MaRRCCCaaas
MMMaaaRccOOS'S
MMirCAAAsEE
mmmaaRcY
MMooorrrcyy's
mmmaaRDDiiik
mAARRRDDuKKK's
mmuuRREEE
mmmAAARREE'S
MMMaaaRennGGii
mmOORaaNNNgggooo's
MMAAArGGaarrUttt
MMOrrgggORiTaa
MiiirrrgaaRRIItttOOO
mmmARRRGAAArrrAAttU's
MMMaRRRGGGEEtttEE
merrrGGUUUUXXX
mORGGGOO
MMIIIrGGGeee's
mmmAAArGGGEEErYY
MMaaarGGeeRRyy's
mmiiRRRghheeerriiitttaaa
mmmeRGGGiiE
mmmOOrrGGGIIIu'SS
mmAAArgo
mmarrrGoo'ss
mmorrGOTT
mARRRGGGoooTT'SS
mmmAAARRgrreeettt
mmmaaRRgggRiiittt'S
MAAArrgggRREEETTTHHHEE
mmOORRRGGrEEEttha'ss
mmAARgggUUUURRAAttAA
mmmARGGUUeeerrrItii'S
mmmarrru
MaaaRIII'SSS
MMMirrriiE
MOOORRRIIa'SS
MMEEERiiaaN
MMaaRRRiAnnniii
MMMaarrriiiuuNaa'ss
maaaRiAnnnaSS
mmARRRiIIINnnni
MMaaaRIIIiiiNNnnnUUU'sss
mAAArrrIIAAAnNooo
MOOrriiaaaNNNEEE
MMuurrrAAAnnnooo'SSS
MMorrrEEEbbeLL
mmmaaaRiibbbEElll'SS
MMOOriCeLLLaa
MMMeeerIccIIlllOO'sss
MMooorrrIIIE
MMAAARRRAAAee'SS
mAAArrraaHHHaaaMnn
mmarrrIIIEEnBBBeeddd
miRRRiiiEttTAA
MMaRiiUTTTTTooo'S
MMMIRRILEE
MeRRelUUUEE'S
MMaaaRIILyN
mmerrriiillyyN'sss
MiirrIIllyyyNNNN
MARRIILYYYnnn'SSS
mmaRINN
MMAAARRRIIne
MarInnnI'SS
MaaaRRINNNDDUUqUUUA
MuRRRUUUNeee
MMArrriiinnnEE's
mmaaRRRINeer
MOOrraannnUs
meRIInnneTTTii
MMaaaRIIIEEE
MMOOORRRIIooo'ss
mmarrrUoLLLaaaTrry
mmmOOOrIIoLLLooogggyy
maaaRiaaNN
mmmUUrrriiOnn'SSS
MMaarrrIIISSS
MuRRRIIIssseee
maaaRiissee'sss
mmmaaaRRIIsssoolll
mmmaaaRiSSSOl'S
MMaaRRIIISSSSSE
MAARRRuSSi'S
MMMoooRRISt
MMaaaraaatUUUiiNN
mmmeeRRaataMAAAR
mmAAAruuutttSSE
MMMArOOOTTzaa
MAAARRIITTTZi'SS
MARRRiOppoooLL
MMarUUUSS
mooRAAAvvvAAoooxx
MerrjjaaRRAAAEEE
MMUUUrrjjjOrIIaa's
MuuurrJJoorrYY
MAArrrjjOORRRyy'sss
MMMorrKK
mOOrKK'sss
MMMOOOrKOOOBBB
meeRKobb'sss
MMMaaaRRKhhhaaamm
MMuRRKKEvv
mmmarrrkOVII
mmaRRRKKS
mmeeerrrLAAA
MMMoooRlleee'SSS
mmmeRRRLLLbbbUUURRo
mERRllBBAAARII'sss
mmEEERRRllBBorrrouugggHHH
MMirLLLEEnii
mmarLeeNNaaa's
MMUUrrrLaaaYYY
mmaarLLLEEEy's
maarrrLennn
MMArrrlONN
mmmaarrlllEn'sss
MMMaRRlloowwwe
mmeRRlyyN
MMMaaarrrLLyN'SSS
MooRRRmmArrrAAA
MMMirmOOrrra'S
MARmmUUlllAAADaa
MURRRNe
MMaaarrrOOOCCC
mmmarrroooc'SSS
MMAAARaaanUtttEE
MMAARRAAS
MMerrppLLLEEE
mmaaarppLLee's
muurrrQAAAUNNNd
mmaarrqUUIIsaan
MAARRRqOeeessASS
MAAARRRQQQUUUSSSAAAS's
mmUUURqqqUiittTTUU
MaRqquuuuuuZ
MMMaarrQuuEEEZ'S
mmmAARRRqqqIIIiss
maRQQQUiiiTTTUUU
mmmEEERQQUUUiTTa'ss
MMaaRRraakkkeeccch
MerRRRoKKKIIISSSH
mmmAARRRRIKaaasssHHH'ss
mmmeeerRRRAAnnAA
mArriiioottttt
mArrrriiEEtttt'SS
mmmUUURs
mmAAARRSSS'SSS
mEEERRRssiilllU
MMoorrSEEElllAAA'S
mmuuuRsssAAALIISSS
mmmaRRSoiillAISSSu
maRRSSEEilLIiisssAAA'SS
mAARSSSaIIIllllaaiisEESSS
mEEErSoooEEELLLLLLiii
mmmArsseeAAllLusss
mmEEERRSSSHHH
MEEERSSShhh'SSS
mAARSSHHaa
MMIIRSSSHHAAA'SS
MiiiRRRSSShhIIll
MMArrrSSShiill'ss
MMORRRSSSHHHUlllLLL
MMeeeRShoLLLLL'SSS
MMAArrSSHHaLLLLooSSUUU
MMiiirtAAA
mmmAAArrrTAAA'ss
MArrrTTUUUbbAn
MMMirrrttteeeLL
MuuuRRRThA
mmmIIRRTTTii
meeerTTiii's
MMurrrTTiiiuuLLL
MAAArrtttIIaaann
mmEERRRtIIIaaannn'sss
mmmiiiRRTTiEnnSS
MMMaarrttiiNNN
MMMAAARtOOnnna
MMMaRTTTIInnna'SS
meerrtttiinnEEAAUU
MMMURRRTTTiiNEEEZ
mmmarrrTTineez'SSS
MMMEEERRttiiinnOOOqEEEE
MMMaRRtttUNNeqOOOE'S
MuuRRtUUUNNNMMaSSS
mmmeeRRtttiinmmmaaasss'SS
mmmeeeRRtaaaNNNMMMaaSEss
MMMUUUrrTy
mmmAAARtttYY'S
mmARvvvAAA
MMMOOrrVOO'ss
MMirVVViiiLl
mERVelllLLL'ss
MeeRRRViin
mmERXXX
mmmAARRXXX'SS
mmmOOrrxxiiiNN
mmmAArrrXXiiiSmmm
MMMArxIIISmmm'sss
MMMEERxussmmmsss
MMAAArXXXEEEsTTT
MAAArxuuSTTT'sss
MUrrrXIIStS
mmARRyy
MMMIrYY'SS
marryyeNN
MMMeerrryeeeNNNN'SSS
MAARRRyyyeNNNII
mmuRRyAAANNNnIII'sss
MoooRRRYeeellllaaaNN
MMMaaRRYEEEllLLLeeNNN'SS
mmAArYYLLLAAANNND
MMMarrrYYYluunnndd's
maaRRRyyyLLLaaannDDDeeeRR
mArrryyLLOOON
mmmAArrryyylllIIInnn'SS
MMooRRRyliU
mmAAArrrYYYllaaau'ss
mmUUUryyllyyn
MMMaaaRRRYYlllYYNN'ss
MMAASSSaaCCccIIUU
mmmASSSAAdddO
MaSSSADUUU'SSS
MMMAASSAAE
MMAssAAAEE'sss
MUUUsssAEEES
MaSSaann
maaSSSEErrryK
mmmaaasBBiiitEEE
mmmooSSCCCIGGGnnii
mmiSSSoffiiiELLD
MMMEEESaaraaaTi
MMessEEERRRAAATIII'SSS
MMessAAArra
mmIssERRA'SS
mmmuuuShhhhheeeddd
mAsHHhhUUUDD'S
MMMOSSSeeennniiisssAA
mmuuSaN
mAASSoooN'S
MMMoosssiinnUCC
mmmiiSSuuunuuuTE
mmIISOOONNNiiTE'SSS
MaSOOONNNIIIttAAAS
MMAAAsssooNNNREEess
mmmaaSSSooNRy
MMaasssOnRRRYY'S
MAsssons
MMIIISorrrUUTTUUU
maSSooorreeetttIIIccc
mAssQaaatt
MaaaSQQQAATT'SSS
mmAAsssSS
mmaaassSS'S
MaSsaccHHHUsssuuut
mmmIIISSSAAccHHiisEEET'sss
mEEsssSSSaaaCCHHeeessettSS
MMEESSSsssaacchuSSSATT
mAAAsssaaCCChhhuSSSEEETTTtS
MMMaaSSSssooSoIt
MMMAAAssssssEEENNNeet
mmaaasssssEEss
mmmASSSSIyyy
MMMAAASSsssoooliiiiii
mmmaaaSSSSSIIllliiiA'SS
MMaassssoooRRReeetEEE
MMEEEssstteeeR
MMMaasTeeeRRRCCIIrD
mmmEEESttERRRCaarrdd's
MeeeSSttUUUrrrSS
MMAAASSerrUUUe
MMEttaabbELEEE
MuutttAABBBELLuu'S
MMMaaaTaabbELLLaalleeennDDD
mmmUUUTTTUUUBELAAAlllAAnDDD'sss
mmmattIbeeelAAAs
MatttIddI
MAAtttumAARoos
mATTTHHeeeRRR
MMMaaaTTHHeeWW
mmmIIItHHeewww'SS
MMMeeeTThheWWWSSS
matttHOOwsUUUnn
MAAAttthuuWWWssoNNN'S
maThhiiAAAs
mAAtthhhIIIlDEE
MAAAtthOOOllDDA's
mAATTTHIsss
mmmoootthhhurra
MMMuuTaLLLDDaaa
MaaatttIISsssAA
MMMAtttLLUUccKKK
mmaTTLLLEck'SSS
maaaTTsssuuu
mUUUtttSayyyeeeMMMaaa
miiitTTT
MIITttEEEl
MMMAATTTtttOOll'S
MMMAAtttttERRhhUURRRN
MooTtIIrrHHeRRn'S
mmmatttTTTHHeeww
MMAtTTThhhuwww'SSS
MMaatttttHewwwss
MMMaaatThhhiiAAASS
mmmatttttOaa
mmmUUtttio'ss
mmOuuud
MMMAAAuud'S
mmeadee
maaaUUUdde'SSS
MMMauuuGGGhhhAAAM
MMaaAii
MAAUUii'SSS
mmuuuUULmmaaaiin
MMeIIpppASSEnnnT
MIUUrrree
mmmuUUUrrra'SS
muAARRReeeennn
mmmAUUUrrAEEnn's
mIIaaRReTTTaaNNNAAAaaa
MMAUURaTTTAAnnIeNNN
MMUuRReeAAC
mmaooorrIIICCCEEE
mmmAAErrOOOcccIIIo
MMaaauRRRIIICiioo'SS
mmmAUUURRiNNNE
mmaaAAARRRONNNi'S
maUUUrriiisssTT
mAAuuuRRRUUUTAAANNNAAAa
mAAuuRRRItttEnnniUU's
meEERRIItttaaaNNIIAN
mAIIIrriiitttannaaaUUUn'S
mAAAIIIrrrIIItuunAiiNNNs
mmmaUUUrrrITTTIAAn
mmaaauRRRiiiTTTiEN'S
MMAuuRRRitions
MiUUrrUTTaaiiiSSS
maaaUUURRRitiiiUUs'S
mmmauRRRoo
mmeeeUROOO'ss
MeUREiis
mUooorrry
MMeuuurrrYaaa
MMMoAArrryyAAANN
MMAooRyyyon'SS
mmmEEEUSSaarr
MaaViiSSS
MMMAvvvis's
MMUUWWWsssON
mmaaax
mIxx'SSS
MMaxxxiim
mmmAAxiiiMMAllissTT
mAxIIIMuuullleeeEENNN
MMAAAxiinnne
mmOxxxaNoo'SS
MUUUxxxWeeeLLLll
mmmoooYY
mOOYYY'S
MMMaaaYYYaa
MMMeeeYYYI'ss
maaYUUUGUUEEEzzz
maaaYYYOOOggguuuEEEzz'sss
MaaaYYYIkkkuVVVsKii
MAAAYYANNN
mmmaayAANNN'sss
MMMuuuYYAAAnnnss
mmuuuyyAS
MaaYYDDDAAy
MMAAyDDDayyy'SS
mmUYDDDeeyySSS
maaayaNCEE
mOOYYYeeeNNnAA
MAAAYYYEENNNE'ss
MooYYeRRR
MMAAyffAAAIIIr
mmaaaYYYflooowwwIr
mAAAyyfffLLLeeWiiirrr'SS
mmmaayyyNNAArrDD
maayynnaaarrDD'ss
MMMaaaYYO
MAAAyUnn
MMMAAYYooottTTTEEE
maaayyPPeluu
mmaaaYYRRRUU
mmmaaayrrOOO'ss
MMMaaaYYss
MMOyyyTTaaaGG
MMMUYYTTTAAAggg'S
mmmaaYYYttIIIMMOOO
mmmOOzzIIImmmi
mmmeeZZZaMMaaa'ss
MUUUzzzAARRRUUUNN
mmmaazziiitLLAAAnn
MMMaaazzaaTTlllannn'ss
mAzzzdddAA
mmmaaZZDDEEEIsMMM
mmAAZdAAOOSMMM'SS
mAAzzddaaiiiSSmmSSS
MMaaazooollOOO
mmAAAzzzOlllO'sss
mmaaZZzInnnI
MMMaaZZIIInni'S
MMbb
mmmbbb'SS
MMMbbbEBuuNNo
mmmBBBaaBBANEE'sss
mmmbENNiii
MMMbbaaaNNUU'SS
MMbbboyyAAA
MMBoooYYaaa'SS
MMMCAddAAmmm
MMMccadaaamm's
MMMCAAALLLluuuN
mmmcccAALLLlleeennn's
MMMcbRRoooDee
mmCCCbbbriiDe'S
mccccccIIIiiin
MMMCCCccAAIIIn'SS
mcccCCaaaLlll
mmmCCCCaLLll'S
mmccccaaarrTTThYY
MMMccCCCaarrrtHHyyyoSSmm
MccccccIIIRRttthhYisssM'SSS
mCCCCArrrtHHHyIISSMMS
mCCcIIRRRTniy
mcCAARRRtttNAAY's
mccccccORRRTTTYY
MMMcccCCEERRRtyyy'SS
MMMCCCcccLLAAAEEEnn
mmmccccLLaiiNNN'S
McclllUULLluuN
MMMccccccLLLiiirrU
MMMcCCLLLirrre'sss
MMCCCaNnuuLLLL
McccccOOnneeeLLL'SS
mmmcccOOrrrMMAAAckk
MCCCCCoorrrmmUUcccK
MMMcCCoooyyy
MMMCCCCrrrayyy
MMcccCCrrruY'sss
mmmCCCCAAllLLLeeeRRRS
MMcCCALLLLooUUgHHH
MMCCCCUUlllLLoooiiigghhh'SSS
MMCDaaNIIElll
MMMcddUUNIIIeL's
MMMcdddoooNaaaLLLD
mmCCdduNNAALLDDD's
MMMCdOOOnnnNillLLL
MCCCddOONnnnillLLL'SSS
MMMccDDDoooWeLll
mmmCdEWeLLl'S
mmCeeenrroa
MMMCeeennnrrrOOOuuu'S
MCFADDDDDDINN
mmCCCFFFIIdddDoooN'S
McFaRLLANNNd
mmmcccfoooRRLLLUUUnnnDD'SSS
mmccgeeUU
mmmCGGGEEEE'sss
MCCGGGuuuvvvERRn
MMMCgggoVVErnnn'S
MMCCgggOWennn
mmCGGGowonnn'SS
mmmCCCGGGuuuFFFffEEEyy
mccGGGefffffeey'SS
mmcGGuuIrEE
mmCgggIIAARRRI'SSS
MMceeNTOssH
mCCIIINNNtttusshh's
mmmcccAANTTTYYYrrII
MMCCEENttYrEEE's
MMMCCjjOOOBB
MMCCkAyy
MMcccKaaaYY'SSS
mmmccKuuAA
MCCCkAooo'sss
MMMckkkEENNNZZIIIE
MMccKKeeNNZaae's
MMckkkINNleeeyy
MMccckkkinnnllOyyy'S
MMcccKooNNneyyy
MMcKKooonnNNNAAy'S
MCCCKKKnnniigHttt
MCkkneeegggHtt'sss
MMcclAAUUUGhhLLaannn
MMcLLLeeiiiggHHHlllooN'S
mcclleAAnn
mmmCClleeANN'sss
mccclEODD
mmmccleAAADDD'SS
mmCLUUUHHHiiiN
MCCCLUhhhaaNNN'sss
MMCCCmAhhAAAN
MMcccMMMiHHHiiiNN'sss
MMccMIllllllAn
MMMCMMuLLaaaNN'ss
mCCnnnAAAMMMeeerU
mmCnommiirra'SS
mmmccnnOOEGGGhhtoNNN
MMcniuggHtOOnnn'SSS
MCCCneeeilll
McccnnooIIll'ss
MCCpphhhERRRSSiiN
mmCCPPPhEERRSSSoonn'sss
MCQUUEEEENN
MMCCqqoooaaoN'S
mmcccVEEEIIgggHH
mmCVVVEEiGGGHH'SSS
MMd
mddd'SSS
mmee
meev
MeeeOOOddd
mUODDeee
mmIIdOOwwsss
mmAAAAggan
MMoOOOGGEENN'S
mmmAAannnY
mmmeeaannnyy'SSS
mmeIIttthh
mmeCCAA
mmUUUCCccaaa's
MIIIcccCCAAS
mmmeccHHHLuNN
miiiCkkkluuunnnbbAAArrggg
mmeeeDDaaan
MudIIIwerrr
mmIIDDIII
maaadEEEaa
MEEdddeeOOO'S
MMeeedOllLIInn
MMMEEddIIEE
mUDIIooonn
mmOOODOcaaaIIIDDD
mOOdddAAAcccaaaidd'ss
mmEddduCCiiiaaDS
mmEDIIIcccAAARRRo
MMMEdiiiCAAREE'SSS
MMiddiicAARRREEEs
MMEEdIcUUannn
mAddiiiccciii
meeeDiGGaaapp
meDEENNNeee
mmUUUDUTT
mmmeeddIIITTTOOORRRRAnniiANN
MMMEEDDUUUttEERRRRRRaannnuOON'ss
MMMiiddIItterrrrIIInnnEEAAnsss
mooDDEEESSAAA
mmmEdddiissAA'sss
mmmaaaOOrriTT
MMEEiruuuTT'ss
mmeGG
MMMeegg'S
mmEGGGAurrrUUU
mmEEEgggaaalllIIITHUcc
MegAAALIIThoCCC'SS
MMiiiGGaNNN
MMMOOOGGGOONN'ss
MMMeeegggANNNThhhrrIIPIIs
MMeGGGAAArra
MMuggghhUn
meeGGHHIInn's
MEEGGiiDDDddE
mmEgIIILlaaah
mmmeeeggRREEEZZZ
MUUUGGGrrEEz'SS
MMeeeiieeerrr
mmmOOOIEEERRR'sss
MAAAIghEEEn
MMMeIgggHeeennn'S
MeeuJeee
mmmuuuIIIJEE'S
mmEEEOOlHHHUUUccc
mmmOuuuRRR
mmaaIssssssiinn
MMAAAistIRRSSooNGUURRR
MEEiiTNAAArrr
mmmUUUJJiiu
mUjeeaa'S
MEEEKKkAAA
mmeKNNNUUs
mmmEEkkONNNG
mmmeekAAANNgg'S
mmmeLL
MMeeell'SS
MMeLLLaNEssiii
MMMEElOOONNNiiisssiiiaaa'SS
mmeelennnoosssIIIeen
mmmAAALAANIIe
MelaaaNEEE'SS
mEEllbbbe
MelbbbEEEuRRRNNNII
maalbboooUUrrnnE's
MMMeellCChhheoRRR
MEEELLcHiiiziiddIIIkk
mEELLLuuuoooggEER
MMMiiiLIndaazzz
MMMEELLIIINDDDIZ'ss
MMMeeloooOOnn
MMelINNNDDI
MEEELIIINNdiii'SSS
MMIIllaaaSSSa
mmmElllIsa'ss
mmeLLLiissooonnDDDe
mULLLIIssannnDDee'SSS
MMMellusssssAAA
miLLLIIISSSII's
mmEELItOOPoolll
MMeeLLLLLaann
MMULLLeeedyyy
MMMAALUDDYYY'sss
MMiiLoSS
MMEllPPPomEEENI
MEEELLLPPEMMMAnnnuuu'S
mELLLttteenn
MEEELLLtonn'sss
MMeellvvaaa
MMMeeeLLLVVii'sss
MMooollVIIILlE
mmELVeLLLEEE'S
MMMEElVVVeeeLLEIIN
mmmEEElVIIN
mmIIIllviiiNN'S
malVYNN
MeeellVVVYn'ss
mOOOmmmLLLONNNggg
MMeeMMnnnooNNN
mmEEEMppHAAAaannn
MMMEMPPPhIIIs
mEMMMppphIISSS'S
MonaadOO
MEnniiM
mmmeeNNaaaNDeerrr
MennnCCCIIIOOOsss
meeNNccKKKAAnn
MEEnddelll
mmmEnnDeeLL's
mONdEEllliiEVVV
MMennndEEELLeaVV's
meeeNduuliiiAAAnn
MMMooNNDDuuLIISm
MOOONdddeellIISM'SSS
maannnDDelliiSSSmSS
meeeNNNDDuulsssssOHNN
MunnnDIIReeSSS
MMEnnndddooZZ
mmEEENNDDEEzzz's
MUUNddaCeNo
mOnnDDDiiCCinnnAA's
MMeeeNNNDDDoooZAAA
mmmOOONNNOLLoouuusss
mmmeeeNElAAuuus'S
mmmEENNelliKK
mmmuNNNelOOOK'SS
MiNIIS
MMMEEEnnnGZZii
MMENkkkAllInaaannn
mmEEEnnKILLLoonnaaN's
mmEEENkkkuur
mmmennnKKIIr'ss
mmEnnnkeennntt
mENNkkeeeNTTT'SS
mooNNnnnEEEnnn
MMuuuNNnniiin'SS
MMEEEnNNiinnnIto
MEEEnnNInnoTTee'S
MiiNnnnoNITeeesss
muuNOOMMMINNEEEu
MMeeennnIIIMMMIINNIaaa'SSS
mennnoooRRRaahh
MMeeennoooRCCCaaa
MMuNNNittTii
MMiiNNNsa
MMMuunnthooLLLaTTTOOm
MMMeennthollAAttOmmm'SSS
MInTTTeN
mmeNNNttOOOr
mmmEENNNUUHHHiiiNNN
MAnneHON'SS
mmmeeennnzzzeeeeees
MMMeeppHHUUUssTUPhhheelllEEESS
MMeeerrrAK
mmeRRaaak'S
MMMEEERCooo
MMEEErrCAADOOO
mmmEEERRCCEEddOOO'S
MuRRcccootttooorrr
mErrCCCeddEsss
mmuuuRRRCeeRRR
MMMeeRRCCEER'sss
MeeeRRRCAuuu
MURRCCCUUANN
MMMEErrCK
MMERRCCKKK'SSS
mEEERRRCCCooRRIuuuSSS
mERRCCAAARRooccchhhrrooomEEE
mEERcuurrooochhhrriiiMMMAAA'sss
mmmooorCuurrrOOOccchhRRoMMMAAASS
MMMeerrrcceeeRRRY
MIIrrrCCuurrry'SS
MURRRUDDaaatttHHH
mmmorrraadaa
meerriDDaa'SS
MMeeeRRROniii
mIrrlEE
mmmeeeRRRLLLeee'SSS
MeeeRRlliiinnn
MMMeerrLLLONNN'S
MuurLLoooTTT
mmuuuRRLLLyyN
MAARRLLLYYYnnn'S
MMMeeeRRRIIIDOCCCH
mmmiiiRODDochhh'sss
MMMaarooovvviNNgggEaaN
maaRRRraaaAm
MMaaRRRRRAAAAmmm'S
MMeeerrrrrIICCkkk
mmErrrrucccKK'SS
MMaRRRrrrilllll
mEErrrRRAAAllL'S
mEERRRrAAlY
maaRRRRollYY'S
MUUUrrRRRemmmECCCKK
MMERRRrreemACCk'SS
MErRRReeTTTT
MMMeeerrrRRUUttttt'SS
mmerRyy
muRrrrYY'ss
mmmeRseeeyy
mmeeRSSSIYYYssIddooo
mmmeRRseeeYYssoodddA'S
MMoRRSSennn
MMiRRRSSINN'ss
MeeRRRTTThhhiiOOOllaaaTTTI
MMMORRTTThiiioooLatttee'SS
MEEERthAAELLAtEEESS
meertttoNNN
MeeRRRVVIIInnn
MMEErVVViinnn'sss
mmmoooRRVVYYnn
mmmERvvYYnn'SSS
MMMuurrwween
mEEERRwwwIINN'sss
MerrrWyynn
MEErrWWWYYYNN'S
mmmIIIsssA
MeeesOBBBIII
MEEESSSubi'ss
MMeSSSddaaaMMMEss
mEssDDiiimOOIIISSooolllLEEESS
meeeSHaaChh
MMMESHHEDD
MMMEsssHHHeed'sss
MMMEEESSmUURRR
mmIIIssMMeeeRRR'SSS
MaassoAAMMMiiiRRRiiiCCeee
MMeeSSOOOaammErriCaa's
mmisOOOaaMeerrAAcUUNNN
MMeSelllIITTHHiiic
mAASoPPiitttEEMMMIII
mEsappiiTUUUmmeii'S
MMEESSSIIPooTTTaamEAN
MISUzzzIIIC
mEEssOZZZOiiCCC'SS
mmmeSSSqqqUUUiiiTTTA
mmUUUSSSQEOOTUUU'ss
MMaaaSSsssiiLLaaNNa
MEESSssiiPPuuuAANN
mmmEESSssseeEEEGGnnIIuuRRRss
mmmAsssssuuuNNU
mmmEEESSSseeeNNIIIa
mAssURRRsssCChhmUUDDT
MMMEsssSEErrrSccHHmmmiiDDDTT'sss
MEsSOAeeen
MMeeeSSSSSSIaaH
mmmESSIIIUUhhh'ss
MMMOOOSSSSUUUEEhhhS
mmIIIssIAAAnOOCCC
MeeeSSSSeEEEnUsmmm
MEEESssIAAAsss
MMeeessIIddIRR
MMMeeSSSSIIIdddOr'ss
MMMaaasssssseeEUUUrrSSS
mmmeeesSoNNNaaa
mmmessssiinnee'S
mmaaatttOOO
mmmuuutEcOmmm
MMMeeTUUccoooM's
MMMUTToiiiRRRIIE
MMMEEEttAAAiiirrOee'sss
mmmeeeTTALLLlIIce
meeTTAlLLiiiCOOO's
mittAmmmuucILL
MMeeToommmuucccuuull'SS
MMuTTaaappHHHYYYsssoooCCCoooLLLs
MMeeetCChhhnnIIIkkafF
MMetHEEEDRIIINNaa
MMeeTTheddrrrEENNEEE'SS
mmiThaDDDiissMMM
MoTHOOddooosssMM'S
miitttHHuuDiismmmss
MMEEEttHHHOOddAAssTT
MuuThhaDDDiiSSST'S
mmmeeTTTHHooodddIIISSSttEEEC
mmETTHHoooDIsTTiiCeeeLL
meeThhoDDasssttts
MMETTHeDIUUsss
mmEEEthhuSSSUUllaaahhh
mettIISSS
MMEEtROOO
MMEEtttaaaRRRnniCH
maaatZZ
moooAAASe
MeASSSE's
mmEX
mmeexxxEECCAllIII
MMexxxaaaCCaaaNN
MMMeexxEEEcaaaN'sss
mEEEXIccaNS
mmmOOOXXIIcccOOO
MMaaaxxxIIIcco'S
MeyOOORRR
mUYYEEr'SS
MuuYYYAAARbbbooouuR
MMMIIIyyyerrrhhhOff
mmmEEEYYEEErrrss
MMFFemeee
MFAAAMa'sss
MMMgg
mmGG'SSS
MMGGGrr
MMOOGGG
MIIIaa
mmmiiiAAA'ss
MMMiiAAAmmmi
MIIiiimii'sss
miuuMooAn
MMiaammUUSSS
mmiiiEEPPLLAAAccIDDDAAAs
mmmiiIIIPlUUCCiddUs'S
mmmIIIcc
MMiicccoohhh
mmmIIcccawBBErr
MUUUCHH
MiicHeOOL
MMiicHHAAEELLLmAAS
mmuuucHHaeeLmmmaaass'S
mmiccHHHOoooLLmEEseeeS
MIChuAL
MiccchhIIaaaLL'SSS
mmmIICHHHEos
mmIIIchhEEEAAs'sss
MMMicccHHHEEEll
mmaccchhIIIl'S
MMMAAACCCHHelllAANNggEEELLoo
MMichheLLLenGGeeeLLLoo'SSS
mmichhEleee
MMMuuChEELEE'sss
MMeccchhhAAAlAAANNN
meeeCHHHeLiNNN'SS
mmiiichhhEELLLEEE
MaCCCHHEEllLLuu'SSS
mmIChhhuuuLIbbb
mmECCChhhoLLOOB'ss
MMMicchhhEELLSSSiNNN
MMMIcccHiiGGGAAAnn
MMuchhhiiGann'sss
mmmIICCCHEEGOOnnnddaar
MMMoCHHHiGGGAANNNDDAAArr's
MMMuuuChIIGGGAAANNNDeeeRRRsss
mICCChhhIIGGGOOOnoTTTE
MICCChhoiiCCIN
meeeCHHoooAAcAAANN'sss
mmmiiickkk
mmmEEcckkk's
mmIICKKKAAAYY
MiiCCKKeey'SS
mmICCCkkkIIIYYYSS
mmooCCCkie
MMIIICCCkkkoouuu's
mmmaaCCks
MMICCCKYY
mmOOCCkkkYY'S
muccmeeeCC
mmICCmmmUUcc'ss
MMooocccMMAcccss
MICCRUUUnnEEsssIIAA
mIIICrrrooNNNeeesiaaa'ss
MMeeecRRRooNaSSUUOOONN
MeeCrrOOOssCOOOPPPOeeMMM
miiicrOOssAAFFt
mmAAAccriiSoFFFttt'sss
MUUD
MMMiiiDDDEss
MMMIIIdddaS's
MiiiddDDDilBURGG
miiDDDLLLeeSBBBrrreeeIIIGHHH
MMMIDDdlllEEsBrroougggHH'ss
MMMiiiDdddLEttoNN
mmeDEEEAAAssTTT
mmmIDeASSSttOORnn
MMiddEEaaaSTUURRNuuuR
mIIIDDGGeerrDD
MMMiiDDDgggaRRDDD'ss
mmmIIIDDDii
mmIDuu'SS
MMeDDDuuuAnnn
mmIIIDDDoAAnnniittteee
MMIIDLLLaaNNNDD
MMEEDLUUnnndSS
MiDDDllEtttHHIIIENNN
mmmIIddwwaaayyy
mmmIIDwwayy's
MMMiiiDDwwwUUUSSTTT
MMMooDDWessTTT'sss
MMuuDDDwAAsttAAARRnnn
MIdddWWWuusssteeerrrNUrrr
mmmUGeeALL
MAAgggUuuLL'sss
mIkII
mmmIIkkkE'SS
MMMIIkHHHiiiiLLL
mmIIKhhaaaAAAl'SSS
mmIIKKKOyyaaan
MOkkkeeeYYYOnn'ss
MMMOOlllaaagrraaas
MIllaaggRRROOss'sss
MMMUUULLAn
MMUUUlAAnn'SS
MIllAAAnnUUSSSuuu
miiillDDDrrreD
MulDrrreeeDD'S
MMEEElluuusss
MMMiiilEEESSIUUUNN
MMIILLottusss
MMiiLLFFFoorrd
MOOOLLLfffaaaRddd'ss
mmeeeLLLhhaIddd
mmmiLLaaacccEENTTT
MiiiLLLEccIIInnnTT'SS
mIIIllkkkEEEn
MMMOOOlllkOONNN'S
MIILlll
miiilllaaIIIS
MMiiiLLllaaRDD
MMIIIlllluRDD'sss
mEELLLlaaaY
MMMuuuLliiR
mmmiiiLLeT
MMaaLLLLiiiCCent
MMMUUULLlICEENNT's
MMaaaLlleEEE
mmooLLLliiE'sss
mmmALLLLIIIKKKAANNN
miiLlsss
MMMULLNNee
milooo
mmIILLLooo'ss
mmElloossevvvICCC
mIIllUUUSEViiiCC'SSS
MMeeLAAASSZZZ
mIIIllOOOsz'sss
mAAAlQQuuuEtteeaaSTTT
MIIlQQQAAAAtOOIIISSTTT'S
mooollQQQaaaeeeTTTaIISStss
MAAALLttiiiaaadddeesss
mmmillltttaN
MMOlTuuuNNNoCCC
MMEELLtttAAwwNNN
mmIlllTTToWNNN'ss
MILWaaaiikkkEEEe
mIllwooUUUkkaaEE'sss
MMMImAAmmSaaa
mIIImEESSS
mmmImmmi
MiiMAAA'SSS
MMIIIMMMiiRR
MMMIIImmmuR'sss
mmmiiMIISSSaaa
MMEEEmmoosssaaa'ss
mmmINNN
mmmiin'S
mmmaaannnIImmoTTTO
MMMAAnnaaamattEEE'sss
MiiinnndaaNNoooooo
mmmiiiNNdiraaa
mmiiinnnDoorooo'sss
mmaaannnDDsszzzooNNtttyy
mIIInnndY
MEEENNNDDy'SSS
MeNOORVVII
MinnnEERViii'S
MMMING
mmiiNNggRRElliiiOOn
MAnnGuus
mmmiiNgUUUS'sss
mmeeennHHO
mmaaaNNNIImAAAllliiiSSt
MAAAnN
mmAAANNNNaaa
mmIIINNNNNeeIPPPOlllaaSSS
mmmInnnNOOaapooollliiSSS'SS
MMMInNNNaalLLI
mminnnniiilLI'SSS
mAnnnNNNeeeSaatttAAA
MiNNNeesssOOTTOO'SSS
mEnnNNeesssOtAAAN
miNNNeSiitooonn'S
MIInnNNEESIIToNNSSS
mINNNNNiiee
MMMiiinnNNNUUUE'S
mmiinoaaNN
miiinnnAAAANN'SS
MAAANNNOOANs
MMINNNEEllTaa
mInnnollltA'S
maaannnOOOrrCO
mmONORRcccaaaNN
mminnnARiiTEEE
MMaaanuus
mmmiNNaaSS'S
MEnETTT
MMMAnnnooTT'SSS
MIIInOttaeeer
MMUnnnaaaTTTiior's
MMMEnnnsssKKK
mmiinnsskkk's
mmIIInnskkY
MMMiiinnssky'SS
MMiNNTaaaKKAA
mIIINNNTTiiKKKEEE's
MMMInUUUutt
mINNNUUUteeeMMMeen
mINNUUTEEMMMAnn'ss
MMMOOOUUUcccannnAAA
mOOOOOOCCCOOONNNE's
MiQOOIIILLLOOn
mIIIR
mIRR'SS
MiiiRaaa
MoorrrU'SSS
MIRoBBBeeAu
MMMIIIRRRaaacccHH
mIIRRAAACHH'S
MMooorrraaFFlARRREsss
mmooRRRINNNddda
mmmuuuRRFFAAK
MMMIIRRffaaaKK'S
MMuuurrriiiuuM
MMMiirrrIIIaam'SSS
MMMiro
MORRRzzzoom
mmIRRRzzAM'S
MMiSeeeNNO
MoooSerrrEEErrrUUU
MMMissHHNNaaaH
MMUsKEttto
mmmOSSKKKoLLLC
MiiiSSS
mmmIsSSIIIssSAAuuggAAA
MMMIIIsssssIISSSSiiipppPPPIII
MuuSSSiiSsssipppppu's
MMMUUUsSissSSIpppPPIIAAANN
MMIIIssSSIIssssssIIIPPPPPPOoooNNN'SS
mmIsssSSiissSopppIIIAnnss
mISSSoooUUURRRII
mmmiiisssOOOuuuRRRI'SSS
MMMUUUsssSOOOORRiiANN
mmiSSSSOOOuRRiaN'SSS
MMMOOSSssoIIIRRReaanns
MMEsSyyy
mmeeSSSyy'ss
MMisssttaassssIIINNI
mmmiiSStttER
MIsTTiii
MMiissstRaaaSsss
MMMuusstty
MMIstyyy's
MiiiTchhh
mmItCCCHH'S
MMiTTTcHHELLL
mmIITccHHEEL'S
mmatttchEEllL
MMiiTTTfffIrddd
MMMUUtttfOOrrD'ss
MMOOOtHHHGGaarrrttthhr
MMIIITTTHrrE
mmmAtttHHRa's
mmmIITTTHHrrrOOOiSSSM
mmIITTThrAIIssm's
MMIITThRUiiisssMMMsss
MMMIIItHRRRAAS
mmmAttthhhRRRidiiitOs
MMittthRRReeeddooTEEESS'ss
MAAttroo
mmUUTTTRRRII'SSS
mmeeettSSSOOObbisssHHI
MMiiTTSSSEBBOOsHHA's
mEtttERRRIIInnnd
MMITTTTERRRRannDDD'SS
mmATTTty
mmiiTTTTTyyy'S
MMaaaTTZZII
mIIIttZZZI'ss
mixxTTEEEC
MMIzzaaaRRR
MMKKK
mmllllllEEE
MMMMMMEE
mmMEEss
mmmnn
mmmNN'SS
mmmNeeemmmooSSSYYYNNEEE
mNNNomaSYYNNee's
mmmaa
mmooo'sss
mmmaUBBB
mEEEAAB'S
MMMooaabittOOO
mOOOBBB
MMMooobbbIIIL
mmOOOBBiL'S
mAAABIIIllEEE
MMuubbbUULLE'SS
MIIIBBBUttUU
mmmOOObbEEEtttU'ss
MMOCCCaaamBuuqqEE
mmAAAcccAAAMMMBBBIIIqIIIEEE'SSS
mmuDDDeNNi
mmmADerrnnniSSSmm
mmiiidddeSStttuu
MMaaaDDDIGGLEAANO
mOODDrrrId
MiiiO
MMMIIee's
MeeEttt
mUUIIIT'SS
mmmoooggAAADDDIsssCIIO
MaGGGAAAddIssscciiEEE'SS
MMoGiDDDiShhuu
meeggudORRR
MOOgghEEElll
MMOOGHHeLL'sss
mmIIgHoollSS
MMoogEEElleVVV
MMoooGGGiiilllyyyovv
mUUGGOLLLyyyEEEv'SSS
mmIgguuLLL
mmmoooguL'sss
mmmOOGGGUULLLSSS
mmmIhhhaaacccss
MMMihAAccSSS'S
mmaaahEEM
mmmOHHoommmAAADDD
MooHHHommmeedd's
MMOOOhUUMMMMIDDD
mOOhhhaaammmAAAd'ss
muuuHiiMMMMedd
MMMOOOHHHaaMmmmeeed'S
MMMahhiimmmmmeeeDDUUNNN
MMoHHHAmmmmEEEddoN'SSS
MMIIIhAAmmMMMaaddAAANNNIIISSSM
MOHHHaamMMMaaaDUUUnnnissMMM'sss
mmOOOHEEmmMMEEEdddINaasssMMMSS
MMMooohAMMmmmaDDANNs
MooHHHAAvEEE
mOhhEEEVVee'SSS
mmmOOhhhEEEVVVEss
mmIIhiWWKK
MMeeehhaaWkkk'SS
MoooHaaaWWWKKS
MohAAGGuun
MOOOHHHocccaN
mmmOOOHHHaaaCCoonnn'S
moohhhiCCaaans
MMMOOhO
MMMOOOHo'ss
MMMiHHaaCk
MMMOhhhErrrOOOvvvIIICIccc
MMMOOOhhhoorrrEEEVVVeeeccceeeC'S
MMIIeRRI
MMOOOIIrAII
MMooiRRRAAAi'sss
mmmoiiseess
mmmooiiissiiiyyyEEEV
mOUUUseeYEEEVVV'SS
MMOOjjAAVVVii
MMMooojjjaaaVVVee'SS
MMOJJJAvUUUS
MMOOkkPPOO
MUUULLLd
MMolllddd'ss
mmmOOOLLDAAee
mmmooLLdEEViiiAAA
mooolllduuvvIIaa'ss
MMolldddIIIViiaNN
mmmoldddOOOvI
mmUUllduuuvvi'SS
MEELLddIIIvvIIN
mmmOOOLLEcccH
MMiillleCChh'SS
mULLeeeCCChhSS
MOOOliiieerrrE
mmuuuLiiiUUUra'sss
MOOLLLAnnAA
MMMallll
MoooLLL'SSS
MMOOOllloU
mmOlLLLIu'SSS
MMOOOLLlyy
mmmOOOLLLLLy'SS
mmmaaLNNaRR
mmmOOOLNAAArrr'ss
MIllaccchh
mOOlllOOCHHH'SS
mmIlllOOCCCHSSS
MMMOLLOOkiiI
MMoolaKKIIIII's
mmEElottOOOvv
mmoooLuuuttooov'SS
mmmOLLLTTKKKUU
MOOOLLuuuCCcAAA
MulluuuCCCUn
MMMuLLLUCCCCaaSS
mmmOOmmbbbASAAA
MMaammBBaaSA's
MMEEmmmMMMssseNN
mmmaaMMmmmsssEEN'sss
MooMMMOOOss
mmOOMMUUUS'SSS
moomuSSiiSS
mOOnnn
mOOnnn'ss
mOONNuu
mmeeennna'SS
mmOnICCAAAN
MOONOCo
MMoNAACCCOO'S
mmmIInAAgHHaaaNNN
mmmEEENNNChhINgglllaaadddbbbaCCCHH
MMuuuNCCCHAANNNgleeeddBBBiiiCCCh'SSS
mmmOOONCCk
MMMiinnCtaNN
MMMennDalleee
mmmIIInnndaLE's
MMMoonDDEyyy
mmoooNNNDDDaay'sss
MaaanddiyyySSS
mONddRRRIOnn
MMONIGoSSSQQQuE
mmmANEEGGAAAsssqqqOOEE'sss
MMMoonneegggASSQQiiieS
MooonnnAAreee
mmmUUUNuurrrA'sss
mUUNuTTT
MMoooNgeeeL
MMooonnnGolll'sss
mEENggiilllIIeee
mmmoooNNGGGooLLio'SS
MMoNNggiLLEEOnn
MMInnggOLLUAAnnn'SS
mmOOnnnGGAAAlllOOOaannSSS
MOOnggIIIlllaaaccc
mmooNNNgggOLLIC'SS
moooNGGGoooLLLIIsMM
mmminnGoloooEED
MMOnggoooLLsss
MUnIca
mmOnnAAAcccAA's
mmmOOOnnnUUQQAAE
mmoonnnooqqqiiee'SSS
MeeeNNK
MMooonKKK'S
mmmOOnnMMMUUUaaatttHHH
mmmooonnnmmmIIeeeTTHssHHUUrAA
MMMeennnnnUtt
MMMoooNNNuuCCeeRRREEESSS
mmmOONEEnnGGAAAHOOLuu
mInnnoppHHHySiiiTTToo
maaaNNNOPEElllIooss
moonePPUULyyy
MMMOOOnnupoooLY'SS
minnnoootyppuu
MMMuuunnnrroEEE
moNrrOOOeee'SSS
mONRRRoVViIII
MMMUnRooVIIaa's
mONNSSS
mmONSSAntttO
mmOOOnnnssEEENTA'SS
MMMiNNsssOuuuGGNNEEEurrr
MMMOOONNNSIIEOOr
MonnnsseeeeUr'ss
moooNSoognnnooor
mmooNNSSoGGNOOR'sss
moooNNSIIIGnnOOrS
moooNttt
mmOONNNTTTAAggNAAAiiSS
MMMiiinTTIIIggnnarD
mmAANNNTAGGGO
mmmOOnTTTAAGuuuee
mmoooNtttIIIIggnEEE
MMiiinttAAANNaaa
mOONttannnO'sss
MooontanaaaN
MMoonnTTaannAAn'ss
MMMIIINNNtttaaannannnSS
mmAAANtcOOLLLMMM
MMInttee
MMMOOOnnnTTTee'ss
mmmaaannnttEEEffiiiAAASSCannnE
MMOnnnteeeNEEGGRRAAnn
MMeNteennnEEgRRuuuNNN'SSS
mOONNTTINNNeeGGGRRRiiiN
mmONNTTOONNeeeGGGRRAAA
MinnttooNNNEEgRRooo'sss
mmmoonnTEEErEEEyyy
mmmoonTTeeRRUy'S
mmOnnnTTTEErrrRReeeY
MIInnnTTeeSSPaannn
mmmAANTTaaasQuuOOeOOO
MMAAnnTeSSSSOrrrEEE
mmOONNNtttIIAAAxxx
MoooNNtttEEVVeeeRduuu
mmONTTTeeevviiiDEOOO
MMMooontteVVVIIIddIIo'S
mmminnTTTuuuZZZuuMMMuuu
MMMunttEEEZZUma'SS
MMMoonnnTTTfffooorrT
moooNTTFFFOOORRRT's
MoNTTgggooLfieeR
MoooNNNTgiiimmEEErrrY
mmmOOONNNTTGGGOMMMeerrYYY'ss
MEEnTTHOOrLLaaantt
moNNNttiicccOOLLLOOO
MooNNNTTTMMarttrrre
MMOOOnntttOyyyA
MeennttUUUyyyE'sss
MMMOONNNtppaaarrrNNNaSSSi
mOOONttpELOOiirr
mmmOOnnntttppUllIeR'SSS
MMMOOnTTppeelllliiiIr
mmoNTTRRaaCCHHHAt
mAANttrrrUUUal
MMOnntttRRROOOUL'SSS
MaanTTSOrrrUtt
MMMIIINNNTTTsaaaRRRrreT's
mmAANNttty
mmmAAnnTyy's
MMMooadddyyy
miUUUg
mmUUooN
mmmUOOOnnn'SS
MOAAnnIIY
mEEUUUnEEYY'SSS
mmmIUUUr
mmmUUIIIRRR'S
Maorrruuu
MMMaaaooorrIIIssH
mmmeeeORRiiSShhh'SSS
mmoORRRss
MMeRRIIDUbbbAAdd
mOOORRRiiileeeSSS
mmmAArriileS'SSS
mOOrrIIn
Morrraann'S
miirAAAvvaaa
mmmoooraaavvIIIaa
MMOORRRiiVVViINN
MMMEErraYYY
mooRRRBBBIIhaaNN
mOORdeeCCaaaIII
mmmOrrrddrrrOODD
MMOOORDDDvOON
mmUUURddVVIINNN'S
mmmEEERooo
MMAAARaaaAA
mmUUURRREaaaNNN
MMMOOrrUUUoon'SS
muuReooouu
mmmAAArrrEEELLIA
MEERREliuu'ss
mmOrrrELLLoSSS
MOORREEEnO
mmmOOORRReeennOOO'S
MMooorrooosQQAeee
MaaRggANNN
mIRRgggEEENNN's
MMMOORGGAAAnnns
MMooorrIarrttty
meerruuOORRRtyy's
MOOOrrraaann
mmuurriinn'sss
MMOOOrrEEESSSCoo
mmOOOrrrIIsssOOOnn
MUURAASSSIN'SS
MOOREEESooot
mmooorrroosoTTT'S
MUURitttUU
mmOOrrrUUUTAAA'ss
MuRRLLOOOyyy
mmmOOORRRmmoonnn
mmARMUnnn's
MMOOORRMIIInOOSSSM
MMMIIIrmuunIssmm'SS
MAAARMMIInuusmms
mmmoRRRMMMooNsss
MMMooRRRNNNuYYY
mmooRoo
MMaaRRRooCcccaaaNNN
MMMiRRROOccccEENNN'ss
MMMoorOCCCcANNNs
mmmIIIrOOCco
MMiirocccccooo'SSS
mmmuRRaaaNNN
mmORRRoonnn's
MMMERooonnni
mmooRRRPHHeeaasss
MuurrPPhheUUUS'SS
mooRRPHHHyy
mmmooRPPPHHHYY'ss
mooorRRIIIs
MMOOOrRROOsssOOOnn
MMAAArrrrAww
MMeeRrrAw'S
mmmOOOrrrS
mmOOOrrssi
MMUURRSSe'SSS
MMeeRRtt
MOOrT'SS
MMMeRRtttAAmmmEEEr
MMooorrrttOOON
MMOOORRTOOOnn's
mmAAsaaiic
MMAsssAeeccc'S
mmOOSSCCoooWWW
MMMOSScEEEW'S
mmmeeessOll
mmmaaasseLLL'sss
MMMOOSSSELLLooyyy
MMOOsILLEEE
mEEESSElllle's
moSSeelllEs
mmOOSSSEEss
mmAAAssESSS'S
MMMUUUsssKKKVVVAAA
mmoooSleeMMM
mOOsssllUUUm's
mmOOOsssllEEEMUUUssMMM
MOOssLLiimmss
MMOSSLLLEEEYYY
mmIssllEYY'SS
mmAsQiiEEEtOO
MMMossss
mmOOSSs'SSS
mmmeeeSSuL
MOOOthOrLLLAAAnnD
muuttthherlAAnD'SSS
MOOTHeRRwweeeLl
mmmAATTOOORRUUULLAA
MMIIITUUUrrALLii's
MMoTTEwNN
mmmAAATOOWWnn'ss
Mootriiin
MMaatttRRRIIn'sss
MMMooTTTT
MEEUlllMeeiiiNN
mmOUUUntt
MMMOOOAAntBAAAtttTIIINNN
MMMOOOUUUnnnTTIOOO
MMMoUUnnttEEaa'sss
mOOOUUntIEEsss
MoEnnnTTTyyy
MUUUuuRnnA
MMiiiiiRNe'SSS
mmAAAuuussssoooRRRggSSSkky
MOEESSTAAraaaUUUN
mmOOOoootthhE
mEEEUUttHHHooo'ss
mmmOOOiiitttoooNNN
mmEEEiiiTTUnn'sss
MMeeeWWGGlllI
mmmoWGGGLLII'SSS
MOOyyyllluu
mmmOOyLLEEE'sss
mmOOZZiimmmBBiiCaaaN
mEEzzIIMbbIIICooon'S
MoZoMMBuCCCUnnnss
mmmOOOZAAMMBBeeeqUEEE
mmmoozzAmmmbbbIQee'SS
mmeeeZZZaaaRoooBBB
meezzAARRTTT
mmoooZZAAArTT'ss
MEEEZiiillllAAA
MMMizziillLeee'ss
MMRR
mmmrr'ss
mRRSSS
MMMSS
mmmSESS
mmsGR
mmmSSSsss
mmmtt
MUaWAAYaa
mmmuAAAWeeyEE'S
MMMEEBeerrrIIKKK
mmUUUbboorrAAAk'S
MUUUoollEEERRR
MMuuuuLLllleeerrr'SSS
MMUeeennnssteeRR
mmuuuooonnsssTTEEEr'SS
mmUUeeeNNSSTeeerrss
MMMiiiggAbbE
MUGGEEEBBEEE's
MMUUghaaLLL
meeHHAAAmMAAADD
mUhhhUUMMMMaaaDDD'S
muuhhhaMMMMiiddAn
mmUUheMMMMMAAAdAAnn'sss
mmmUUHaMMMmaaDUNNiiissMM
MMIHammMaDDenniiismmm'ss
MMaaaHAmmMOOOdddAAANNAAAsMMMSSS
mUUUhAAAMMaaDAAANSS
mmuHHHooorrrrem
mmUUUHooRRRrrraMM'ss
mmmUUHARRRRIImmmSS
MuuIr
mmmoojiB
MMUUUjjjiiBBB's
mIIIKKdddOONNN
muuKDDeeN'sss
MUlcciibbEEERR
MMMUUUllDDDeeerr
miiilllDDDeerrr'SSS
MMMOOOLLHEAAseee
mmalll
MuuLLLLEn
mmmuullllINN's
MuuuLLLLLeeer
mallllIIrr'sss
mUULLLlllIIIgeN
MMUllIGGGenn's
mmmUULLlllikann
MuLlllIIkkIIIN's
mIllllleNs
mUUlllrrooNeeyyy
MUUllrrooonnnEEY'SSS
MuuuLtAnn
mmmUMMBBAooo
MMMUUUMbbbAuuu'sss
MIImmFFFoRddd
MMMuNNNcchh
mmEEENNNDUUU
mmmUNNddI'ss
MMMaaanICCChhh
MMMUNNNIIcH'S
MUUnOz
mmmUUUNNoZZ'S
MMMUnrrooo
MMUUnSStiRR
mmmIIIpppiiiTT
muuupppppeettt'S
MMMAAARAssaaaKKKee
mmmUUUrraaaSOOkkkiii'ss
mmmuurOOT
mmmOORRCChiiissooonnn
mmURRcccHHasseeennn'SSS
MuuurcccIIA
muuRRRCCCIIIaannn
mmuurrrccEUUUnnn'sss
MurrDDDoChh
mmUUUrrIEEEl
mmiirrrIIIOOOLLL'SS
MMMuuriLLLLOO
muRRRiiNNEE
mmmUURRROOOnE'S
MMURmmmooNSkk
MUUURPhhhy
MMurrRRAAAy
MMuRRRRRAAAyyy'S
mUUrrrRRRoWWW
MMMUUrrrRRAAww'S
murRUmmmBBBiiiDDDgguu
mmmuuussCCCAAA
MMUUssCCCo'ss
mmuuSceeettt
MMMuuSSSCUTTT'ss
mmmuuScoVVVIIITToo
MMeeesscccavvIItE'ss
mmUScccuuuVVIITEES
MMMUUSSSCuVYY
MMMUUSSCCCOVVVyy'SS
mmUsuu
muussEEE'SSS
MMMuusseesss
MMAAAShErrAAf
MMMuusHHHUUrRAAAf'SS
mmuuSIIIeeeLLL
MMMOOseAL'SS
MAsssiill
MuusskkkeGGGieenn
mmmUSKKOOOggeeaaaN'ss
mmuuuSKKAAAGGGEEEee
mmEEESkkkOGGIIe's
mmEsssKOOOgggAAEESSS
MMMEESlOmm
MMMUsslAAAmm'S
mUssLLLiiMMMSS
MMMUUUsssaaaT
MMMuuuSSsssOOOleennniii
mmisssSSSAlllAAAnnniii'SS
muuuSSSSirggSSSkkkYY
MMiiiSSOllMMMEnn
mootteeeZellootttee
MMMUUUTTsehhooTOOO
mmmooottseeeHHETooo'ss
muuttttRRaa
mmmuZZiiiK
mvv
mmv's
mmmwwaNZZo
MwooNNNzzAAA'SS
mWWWeeeRRUU
mmYYsPPPOOOccce
myssPPacccuuu'ss
mmYYaaaNNMMMeee
mmmyyyaaannMMooRRR
MYYYuuunnMMMaar'ss
mmmYYccEENUUIII
mmYcEEnnaaaa'ss
MMyCCCiiinnnOOeeean
mmYYYCCooossTaaTTTOOOnn
MyyyCCooosssttAAAtiin'S
mmmyyyEEERRs
MMYYYkooolAyEV
MyykaLoyyIIvvv'sss
MyyyLLUUUR
mmYYllAAARR'SSS
MMMYYLLiiRSS
mYLeeess
MMMYYYLAS'sss
mmYYLLATTTttta
mmyyylAATTTTTTaaa'SSS
Myyraa
mmYraa'SSS
MMYYYRDUULL
mmmyRddUULLL's
MMMyRRMMEDDDoooN
mmmyyRMMIdddonn'S
mmYYYRmEDDDeeNNsss
mmYRNNA
mmmyyyRRRNNNiii'S
Myyyrunn
mmmyyyrrrTTTLLe
mmmyyrrrtLLee'S
mmyyssOOOiii
MMMyyySSSoorrUU
MyyySSStt
MMMYYST'SS
mYYTTTIIILLLEEnnnEEE
MMyyyuKKOOOLLLOYiivv
MYYUKKUlAAYAAAV'SSS
MMMünnnCHHHHAAEESSSUUN
münnCCChhHHHAAAUUUSOOON'SS
NN
nn'ddJUUUMMeeeNNI
n'SS
NEEddd'sss
nEESSSA'SS
NNNassCCCErrr
nnnaaascAAArrr'SSS
nnnaassDAQQ'sss
nniiiteee'SSS
nnneee'sss
nNEE'ss
nnnwww'ss
noooRAAAdd
NNNOOOrriiiDD'SS
nnWWW'SS
NNoo
nnAA'SSS
NAADDennnE
naaadddUUnnnEEE'sss
nnAAbbooottAEEEaa
NNOBOOOtttooee's
NNiiiBBBaTaEEEaan
nnaaabbatttEEoo
NNOObbIIttEEaaaNN
NNNaBiscAAA
NaBISSScccI'SSS
NAAAbbbllUS
nneeBOKOOOvv
NaaBBooNNNIdddASS
NNAAAddaaRR
NNNaDDOOeee
naaadEU'sss
NNOOdEEEnnnO
NNaadaaaNUUU'SSS
naaagggAAA
NNIIIggA'sss
nnAAAGGAALIINDDD
nnAGGoooNNNo
NNNaGGOOORii
NNNaaggOOOrrrA'ss
nAggaasAkkkiii
nnegggoossAAKI'SS
nnnAAGGeeyyII
NaggPPPErr
NuuuGGy
nnIIIH
nnnaaHHHUUuutLL
NNUUUHHHUUUAAATTll's
nnaaHHHAatLLun
NIIhhuuuaaattLSSS
nnaahhhIIIm
NNNAAoaaad
NNNAAIIIpAEll
NOOOiiPPaaal'sss
nnaER
nnneeIIIRRR'SS
nnnaAAArrrnnn
NNaaIRRRoooBBiii
NiiiiRObii'sss
NNNaaaIISmmmittH
nnnuiiisMeeethh'SSS
NaaaLLLcccHHHiiKKK
NAm
nnuuuMMM's
nnAAAMMMuu
NNNaMMMoNGGGaaaN
nommmaaaQQEEEAAllAAAnnddd
nAmmmAAThhh
nnnammuutttHHH's
nnaaammHeiii
NUUUmmmiiiBEE
NNuuuMMMUUUbbbiiiooo'sss
nnAAAMMIbEEEaaaN
naammmaaaBUUaann'ss
NaaammmIIIbbEEaaaNsss
nummmMMu
NNoommMuu'S
NNeeemmpULaa
NNNIIIMMPPPIIIllA'S
naMMTuuR
NAAAmttaRR'SS
Neen
NIIIN's
NAnnAk
nnneNCHHHAAANGG
NAAncYYY
NUnETttEE
NNNaaanneeettuu'SSS
nnnANNNJJooonnggg
NaanJIInG'S
nanKKINNNg
naaNNkaaanngg'S
nnenkooonngsss
niiiNNNNNAAA
NNEEENNaa'SSS
NaanniiTttte
NNANnnEEttttttAAA'SSS
NNAAnNIIaaa
nniinnnIIE'ss
nniiiNNNnnInGG
nnANNIIIoooKKK
nnnANNNoooOOOk'sss
nANNssAAAN
nnaanntEss
nnIINNNtttiSSS'ss
NAANNTTeeecccKKKET
nnAANttUUcckeTTT'ss
NNNaaanTTaaacccKKiiiTTTeeR
naoooIIIsssII
nnnaIIIMMIII
nAoomme's
nnaaPHtttaaali
nIppHHHtaLLLIII'sss
nnUUUPuuiiiR
nIppiEEEr'S
nnnippplleeess
nIplooss'SSS
nAAApIIILeeeonnn
nnIIPPollIIEnn's
nneeePPolleeInnnEEccc
NNaaPPIIleeoooNNSS
nAAAppSTTerr
NNNiiipppsTTErrr'S
nnaaarrIII
nuuuReekU
NArBADo
nnnoooRRbbbOOOnNNAA
NOrcccUUSsssuus
NNaaaRcccessssUUUSSS'SSS
NNAARRmmmAAADDDE
nIrrrMIdOOO'ss
neeRRRnniiio
nnneeerNNiiiooo's
nnnAAARRRRRaGaaaNNNSSSAAAT
nnnEErRRAAgggANSSSoooTt
nnnaaarrrvvvE
nArrvIIK
nAAsssEEEbbYY
nnaSAAAbbYY'SSS
NASSH
NNAShhhIIIkk
nnaaaSHuuAA
noosssHHHvvoolllllluu
nniShhhVVVoooLlE's
nIIsiiikkk
NNNaassiiiKKK'SSS
nnnassssssOOOu
nnnaaaSSssuuee'S
NNNAsssseeerrr
NNNaaasssSSSERRR'S
NNiittt
nneT'SS
nnniittAAl
nAAteelll'sss
NNIIITTTaaaLLia
nnnoTTTooLOOOOO'S
nniiiTaLeeeOOO
nnnaaaTAAAliUUU's
NNNaattASHa
NNAAATAAAssshaa's
nnnaaaTTTchheezz
naTTTU
nnnAAAtuu'SS
NNNotHHHAAn
NaThhhaaaNaaaUULL
nnnaaaTTHeeNNiiiAAAlll
NNATThaaaNooEEElll'ss
NNNEETHOONNNS
nnaaTTToCk
NNNaaTiiiCK'ss
nIIIttiOOn
niTTUoNNNWWWIdddA
nnaaatttiOONweDEE'S
NNATivvviiityy
nnAttaaaviTTy'SS
nnnattuuurEEE
NNNaaaucrrOOOTaSSS
nnnaaUUgggihYYYDDU
nniERu
NNauRRU'SS
NNNAUUURRRUUUaNN
nOOOiiitIIlUUSSS
nAAAveeeHHHoo
NNNEEEvAAAhhOO's
NNNEEEVUhhUUUeeSS
nnAAAvvvAhhhaaaSSS
nnnaaaVVVaaJJJOOO
NNNEVVVuuJJJee'sss
nnnaaavvAJooOOOSS
NNNaavAjAAss
NOOVEERiiiNNaaa
nnnavvvEEErrreeeNNNOO's
NAAVaaRrrEEE
nUUUVAAArRA
NNevvAARRrOOO'S
NNAvvvrrriiTTTiiLLLiivvvaa
NNiiiVVrrrAAATTOlloooVVVEEE's
NNAAvvy
NNNIxxxoss
nnnaayyyORRiiiT
nAAZirreeNee
NNNaazzzaReetHH
nnaaaZZEEritte
nnaaaZCCCaaa
nnneeezzza
NaaazzzIII
NNNEEEzzzEEE'ss
nooZZZiiuuussM
NaaaZZIIIIssm'sss
NIIIzzziiiSSmmms
NNNAAzIIS
nnAAAZZaaasssm
NNNaaaZiSSMMM'SSS
nAzziiSSSMsss
NNNB
nbb's
NNdd
NNNDDD'SS
NDDDJJAMMMuNNAAA
NNNDDDJJeMEENAA'ss
nDDEEllaaa
NDDoLLa'SS
nnnEE
nnEE'S
NNNiAAlll
nEEEeeLLL'sss
NNOOOAAnnnddOOrthaL
nnnIIIAAANNDDeeerTHAAAlll's
nnEEanndddeeerthhuuuLLSS
NNNeAAPPuuLLiiiss
NuuaaaPPPOllliiis's
nnnEEooPPPeLLLOOOttAAAN
nnnAAAB
nnEbiiIMMM
nnUBBEEE
nneeeBo'ss
NNNEEbbbRR
NNEEEbbrriSSSKKKaa
nEEbrrAAASKKKaaa'SS
nnnEEbRRRaasskAAANN
NooBRRRAAssKKaannn'sss
nneebrAssskkkAAnsss
NNEEBUUCCHHAADDnnniZZzzURR
nnEEbbbeccHHHEdRReeZZzeR
NNeBBBaaacHaDRRoZZZZarrr'SSS
NNNEcckkkAArrr
naaaCKAAArrr'SS
NNNiiiCCKeerrr
nnnEDD
nnnaaaD'SSS
NNNeeefERRtteetII
NNEEguuVVV
NNEEEgEv'SSS
nnIIIgggRRRASss
NNNIGREEEssss'ss
NEEEGREESSSSos
nnEEGGGROOOLLLLLuu
NNNiiiggRRoootttOOO
nnEEggrriTTTuuuDDDaa
NNAAgggrrooo
NNagRe'SSS
nneeeGGRRRoeeesss
NNEggrrroooiiDDD
NNIIGGroooiD's
negrUUidSS
nnEEEGRoopphhiiBE
NNogggRRRoSS
nneh
NNNuuuhAAAmmAAAAAHHH
nneehReee
nnEEEhRU'SS
NuIIl
NNNuIIl's
nIiiSssIII
NNEEJJJDD
NNNUUldddaa
NeLLDDDi'S
NNNeeeLLLLLL
nuuullll'S
NOOOllLiiE
nnelllloI's
nOOlllY
nnEELLLLLYYY's
nneLLSSaaaN
nnneeelllSAAAnnn'SSS
nellSSONNN
NNNaammmaaaNN
nEMMMBBBataLLL
nAMMMBoTTaaLL's
niimbUttaaaLLss
nIIImeeeAA
NeeemmeAAA'S
NNiMMMiiaaNNN
nnEEmmmeeessiisss
nIIImESSIIIss'ss
noOOOCeeeneee
nuuoooCCClllAASSSSSSIIccEEEssMMM
nnnEEooGGGEEEII
NNaooogggUnne
NNEoooliTTTHiicc
NNEIIIPPLLLAAAToooNEEEssMMM
NeeeOOPtttIILLiiMMOOOsss
nnnIIootRRReeppeeccoLLL
nnAPPoLLL
neeppIIIlll'sss
nUUUPEElIISSSee
nneePPPeeeLLUUUSSii'SS
NEEpppiiiLooo
nnUUPPPallli'S
NeePPooLLLiis
NNAPOOSS
nuuPPPTTuunee
NEpppTTuuuNee'SS
NNNepttUUnnnIIIuunnn
nnneeeREEUUUD
NNAAArrEUUDDD'S
NNaRiIIIdSS
neeeRRRAAIIS
nneRRIIIUSS'ss
nnneeRRff
NNNIIRRRnnnSSSTT
NNNaaRRREE
nnniirIIInnIIuuuNNN
nUUrrIDDDaaa
NNNERRRVVee
nIRRVVVAAll
nneescccAAFFFEE
nnEEssCCaFFee'sss
nUUUSsss
NNNiiSSSSS'SS
NNNUSSSsseeeLLLRROdda
NeeessssiSS
NNNUUSSSTTTLLLUU
NNOOsttLLLeee'SSS
nnnEEEsssTTeeer
NIIsstttOOOR'S
NNNeesttaaarrriaaan
NIsttEEERROOiiiSS
nAAASSSTToRRSSS
nEET
nUUUtt'SSS
nnatfLLIX
nnEEtFFFLLLIIX'SSS
NNOTTHH
NNIItttHHoooRLLeNNNdd
NNNAAttthhhoRRlUNNDDDOrrr
NNNooThhErlloNddEEErrr's
nnnettHHHeeerlllandddeeerrS
nnnEThhheeeRLLEEENDDDiiissH
NNeTTTHHHeerlEEENNNDDDSSS
NNEETsssCCCapee
NNEEETTTSSScaaaPPPee'SSS
nEtttOOA
nnnEEttttttIIIeee'SS
NooottzzAHHOalCooYoottll
NNEttzzzAAHHHEEEAAALCCoooYeeeTLL'ss
NNNOUUSaTz
nnnuuuUUUsssTTRRRuAA
nnnaaavv
nnneeVVVooo
nnnAAVVVadddAA
NNooVAAADDDE'SS
NNaavaDDin
NNEVVVOODAAAn'SS
NevviiiDaaNNs
NNNeeevvvAAdddIIaaan
nniiVIILLLsssOOnn
NNNUUUvvveeLLLsin'SS
nnuvvvUURRRss
NNaaaVVViiL
neeevvvILLL'SSS
NNIIIVVVuullllla
nnuuVVVilllLLu'SS
nAAAVVVinnn
nneeeVVUUUNNN'ss
NNNEEEvvviiS
NNEVIs'SSS
neVVSSSkUUU
NNOVsskyyy
NNNEEEVVskYY's
NAAAwww
NEEEwwwAAArrKK
nnaaawARRk'S
nnnowwwBBBUURRG
neewwwCCiistttLLLOO
nnEWCCaSSTLLLEEE'SS
NNNeewwwCAAAMMeN
nnnUwwoooLLLLLL
NNNeeWWWooLLL'S
nnnEEWWWfffAAUnddllaNNDDD
nnnaawFFFEEeeNNDDDloonD's
nnnooWFouuuNNDDllluNDDUUURRR
nnIIwwwfOOOaaaNNddLLLOnnDsss
nOOWHHeem
nnnooowHHAAMM's
NNNEEEwmuuuN
nEwMMMerrrKKeeet
nnoooWWMMiirrKiTTT'SS
nEwwwPPPUUrT
NNNewppOOOrttt'S
nnUUwwwRRRYY
nEEWWRRYYY's
nnnaawssWEEEk
nnEWWsWEEeeekk'S
nnneWWTTTonnn
NNeewwwttOOnn'SSS
NAWWTTTOOOnaaaaaNN
nnnaaWttonnniiuunnn's
NNeeewwTooNNNUUUAAns
nEWWtttOWWNABbbEEEyyy
NeeewtttooowwwnnnUUbBBaY'S
NoowwwTTTOWWNNNaRDss
NNooWttOOOwniiiRRRDDDsss'sss
naaaXXXaas
Ngggaaliiiimmaa
nnggOOOllliiiEMMAA'ss
nnGGIIIYEENNN
NNGUUYYYIIInn'SS
NNNIII
nnUUUaagggAAArriii
nniiieGGGIIIrAA'SS
NNNIIAAAGGGAAARRaaas
NooAAMMMEEEy
nnIAAAMEEEYYY'SSS
NNiBBBILLLuunnnG
NiiiBBBeLLLuuuNgggEEENlliIDD
nnneCCeeaaOOO
NNNuccoooUUOOON
NNNIIccIIIRRaaGoooaaa
nnIIIcAAReggoo'sss
nnniiiccAROOOgggIIIuuNNN
NNNiiccarrUUUggUUoooN's
nnECCEEErrUGGGUUuuNNSSS
NIIIcccccoolliii
nEccccOlllOOO'ss
nnnAACCoo
niicccE'ss
NICCaannnIII
NIIICCCHiiirrEEnn
nIcccHHHaaarenn'S
NNIIICCChhOOOllAAAsss
nIcHOluuu
NiccHHEELLe'SSS
NNNiiCCCHHIILLS
nnnuuucholsOOOn
NoocccHrroommmE
nnnIIIccchhrrimmEE'ss
nnnICChhRimmmEEES
NNuuCCCIIIUSSS
NNICCCKK
NNNIIICkkk'SSS
NNaackkkIILLLoDeOn
nnnEccKeeellIIdaIIIn'SSS
nIIIccckLEEUUUS
NNNiCCCkOlllAs
NNiiCCCooobaaarrr
nIIIcccIBaar'sss
nniicccOOObbeeRiiiseee
NiiicccuddaaamEEss
nnniCCCOLaa
naaccOLLLAAA'SS
nIcuuuLLaaaU
nooccceelllass
nnnicccEElllEE
nnnIIcccOOOLLLi'SS
nnOCooolSSOOOnnn
NUUcccOOOSSOOOAA
NNNIcOSSEuuu's
NNIDDarrrUUSSS
nnnOOOddaRROOOs'SS
NNIIIEEEbUUUhhrrr
NNNiiiUBBBuuhhRRR'SSS
NIeeeDDDEERRsssAAAccHHHssseeeN
niiiellsssOOOnnn
nnAAeerrrSSSTTTEEiinEERR
nIEETzzzsCCHHE
nnoooeeeTzzzSChheeooN
nneeAvvvoooss
nnIEvvEEsss'S
nnUUflHHHooiiimm
NNNIIIGGGEElll
NNOOggguuuL'SSS
nnnUUGGGErrr
nnniiigggEErr'SS
nnugOOORRia
nnniiigggerrIIIAA'SSS
nnIIgEEEROOAAnn
NOOOGErrEEEAAnn's
nneeeGERRiiaNNNSS
nnniiiGGooRRRaaen
NNNOggUURRIIInnn'SS
nnOGGhhhtIIINNNggOOOllliii
nIIIggHHHTTAANNGGGaaalle'ss
NNiihhOnn
nniiiHOn'SS
nnniiiiGGAAATaa
NNNoIIHHHUUUee
NNNoooIHaaaOOO'SS
neJJJiinnSSSKy
nnniiiKKKee
NNOOKKeee'SS
NekkOttta
nnnIIkkkeetooo'ss
niiiKKkeeeu
nnUUkkkkii
niikkkku'sss
nIIIkKOOO
nuukkkLLAUUUsss
nnnAAAKLLLauuuS'SSS
NNNAAAKKEEllAAooov
NNNiiiKKOOLLLiiaaVV'SSS
NNNaaKKOlluuuee
nniiikOLLLaaii'SSS
NNoookkoLLooyyyeV
NNNIKKKiiiNN
nikkkOOnnn'SS
nnIIIlle
nnnUUULLee'SSS
nnnALLLeeeSS
nnnellGGGIIrrruuu
NIIlllggIIRi'SSS
nUUULLoTEEccc
nAAlllOOOtIIIcc'SS
NNNilss
nAALLLsssSSSinn
NNNIMMooss
NuuuMMES'SSS
NNNiiimootz
nOOMrOOOddd
nnimmWWEGeeeNN
NNinnee
nIIInaaa's
NNINeeVVEHH
NIINOOOVVVuuhhh's
NNNiiiNNGaalll
nnoNGGAAAL's
NNNInnnGGpppOO
nninGGGSSooII
nnooNTTeNNNdddooo
nnEEnnUUUrrrTTiii
nAANNOOORRRTTTA's
nnnOAAABBaaa
NNNuuuPPP
nnEpp'SSS
NNNIpISSsOnnGGG
NNaaaPPPPOON
nnniippppaaaN'sss
NNNIIIPPPPANNUse
NNNAppPPInnnusssee'sss
NaaPPPpUUrrr
NNNiippS
NNNAARReNNNbbEErrrGG
NNNIRReeeNNNbbeeeRg'SSS
NNIrrVVVANaa
NNAAssAAn
nnisssunnn'SS
nnnIIISSaanSSS
nISSSEi
nnnISSssaN
nnIIsssSSSeen'ss
nOOTTToo
nuuTTaaa'S
NeUUUaaa
NaaavvEII
NNNUvveeAAA'SS
nIIIVVVeerrrNaaaaas
NNiixxxonn
NNNIXXiiNNN'sss
nJiiiRRddd
nJJJooRRRd'SS
NNNKKrUUMAhhh
nnnA
Ni'SS
NNoooDoZZZ
NAAAddoooZZ'sss
NNNOOOuuchhhuAAANN
NNOOOaHHH
nIIaH'sss
nnnaaaBeeeLLL
NNNIbbOOOlUUUssT
nOObeeLLLiissTT'ss
NNOObEEEliissstS
nubbblllUU
NiiBBBlllEEE'sss
NNNOOO
nnnoII'SS
NNOOOEELLL
NNNaaEEEll'S
nnnOOOOLLLlllooo
nOeLLLLLLoo'sss
nnnOOElsss
nEEMMMi
NNOOOemmmii'SS
nifffRRReeetaaatttAA
nUgUcccHHHU
nnoHH
NNooKaaEE
NNNOkkIAAA'sss
nollooo
nnnooLLLaaa'sss
nOOllEN
NiLLLAAnn'S
nnnoooLLDDeee
NOOMeee
NNOONAAA
nooonnA'ss
NoonnccIINFFiRmIIsT
NOONccooNNNFUUURmmmiiSSStt'ss
NennnccoonFooorrrmiiSTTTss
nnOOiiTTTkoo
nOOiittkkAAA'SS
nnnuuuuutKKKOOOsss
NOOORRR
nnIIRRRa
NNNiiirrAAA'sss
NNNoorrBORRRT
NNNUURRRBeeeRt's
NNNOORBEERRttto
nnnoorrrbERRtoo'ss
nnnOOOrrdaI
nnOOOrDDiCCC
nnnAArrDDiiiCC'S
nnnoooRRDIccss
NNNoooRRoUnnn
NNNoooRRRIIINN'sss
NOOOrfOOLLLKKK
nnOOrrrfffOLkkk'sss
nnnooRRgggAy
NNNOOORRRGGeey'SSS
NOrgga
NNNOrgge'SSS
NooRRIuGAAA
norrIIeegga'SSS
nnArrmmA
NNNooormmOONNN
NNIIIrmmmaaaNN'SSS
NOORMMaaND
NEErrMMOND'ss
NoRRRmmmannnDDYYY
NNOOrMAAAnDDDYY'SSS
nnnOOORRRMMMeeenSS
nnORRPlaaannnt
NEEERRRRass
NNOrSSSee
nnnOOOrrsse'ss
NNeeRSSEEEmaaNNN
neeRSSSeMMonnn'SSS
NOrSSSEmeeNN
NorrttH
norrrtH'ss
NorrrtHHHAALlEEErrrTTTOON
nnEEErrttHHaaaLLIrrrTTONN'ss
nnnORtttHAmmmppptooNN
nniRRRTThaMpppTooNNNSSSHHiirooo
nnoooRRthhhcLIFFfEEE
NOORTTHHHEEiStt
naaRTHaaaooSt'SS
nnEEERRttHAAAAsttS
nnooorrrtthhhErrn
nnnoRTThhEErNN'S
nnnoRttthhheerrrnnnEr
NORRTTHHEEErrnnnAArr's
NNOOORRRtttHMMaaan
NoorTHHHMONNN'SS
NNoooRRTTHHHmennn
nOOORRttHrAAp
nARRthhrrOOPP'SSS
nnorrTTThhrrraaP
NOOORRRTTThhhRRoooPPP'SS
nnooRRtthhhss
NNOOrrTHHUUMMMBBAAARLLAnnddd
NNNoRRtHuMMBRiiia
NNNoorrrttthhAAAmmmBBBrIIAAANN
nnnORRRtttHHwweST
NNOORRRtHHHwwwEEEsT'sss
NOORRRthhhWeeeStttSSS
nnoorrrTTooNN
nnOOOrrrtttOOn'ss
nneeRRWW
nnOOOrrWWeYY
NuuurrwAYY'sss
NNNOORRWWeeeGGiaN
nERwwweeGGiiANNN'S
nnnEERRWWWOOgiiAAAnnss
NORRRwiiicccHHH
nnnOSSfIRRAATUUU
nnOsFFFeeerItooo'sss
NNNOSSTRRROOdAmuuSS
NNootuGGEEEaa
NeeTTTInnghemm
nOOTtttInngggHaaaMMMSSShUUUrE
nnnEEEtttIISS
nnIIOOOUUKKCCCHoootttt
NOOOUAAAKKKcccHHOOOTt'SSS
NNEEeeeMMooou
NoIIIMMOOOaaa'S
NNNEEVV
niiivv'ss
nnooovvooo
NNNUUvAARRAAA
NNNoVVooorrTEEEss
NNOVVAARTTTEss'SS
NNEEEvaammbbbooor
NNoVVVomber'SS
NOOvvveeMMMbberrss
NOOOvvvGGOOOrOOd
NOVVVAAAccAAAiiN
nnnOvvvaCCaaaEnnn'sss
nnnOVVVAcccIIIiiNNNi
nnnOOVVVOcccAAAINNNss
nEEVVViiiKKKuZZnnneeTTSkk
NNNuuuVooSSSuuuBBIIIRskkk
nnOOvOsIIIbbIrsssK'SS
nnnEEExxxZEmmu
NoxZiiiMMAAA's
NNOOyccEE
nnOOOyyccce'S
NiiYESS
nnAAAyeeSS'SSS
NNNppp
NNpp'SSS
NNUUbaaaAA
NNNIBBBiiiuN
NEEEKKKeeooLuuFFA
nuummmbbberSSS
NNUmmBBeeeRRSS'SS
nnnuuuMMMiDDDaa
NNUUUmmmADIIuN
nnUUUNNAAAVVVuut
nnUUUNNAAAvUUUt'SSS
nnnUneez
NuuNeeZZZ'S
NeeNNNKKKii
NNNUUnnkkkIII's
NNUUppeeerrcccEEeeennAAA
NErrrOOMBooRGGG
nneeREYYevvv
NNNIrrIsTOnnn
nnEEErrmmII
nAskee
nAAAssskkA'SS
nnaaTT
nnuuttt'S
nnnUTTrrraaaSSSWWeeeEEttt
NNuuuTTTRRaaSSSwwwuuuEt'S
NYYQQOOiilll
NNNYYQAAeLL'ss
NNNYYYAssA
NYYaaasaaa's
NYYYAAsssAAliiinnnDD
nnnyyAASEEllloooNNddd'sss
NNyyyAAAYIII
nnnyyEmmiNNN
nnYYereeerOO
nYYoRERRU'SSS
NYYnnOOOrrssskk
nYYnurrrssskk'SSS
NNYYX
nürrnnBBBUUURGG
NürrrnnbbbAAArrrggg'S
ii
aaa'bbbrrrIIEEn
A'CaaaSSiiYY
OOO'CCCoonnnneeeLLl
UUU'cccooNNnuuurrr
o'DuuuNNNNNNoollllll
OOO'HeRaa
aa'hhhiiiggGGiiiNs
oo'kkkEEEeeeffffEE
aaa'NAAAAALLL
O'NEEEilllLLL
ee'rrOOOUrkkkOOO
A'TTooooLe
u'S
UUaas'sss
ODDD'S
ooFFRRiSSS
aahSA
ohhsssAAA'SS
OOK
oookkk'S
oKKKsss
ommbb'S
OPPeeccc'ss
OOsss'SS
iSSShhhooo'S
oAhhUU
OOOaaahhhE'sss
UUaaaKKKllloooNNNdd
eeeAAAkkllEEnnnDDD'ss
OakkLLeeYY
oAAAtttiiiS
OaaXXXAAAcccaaa
EEIIIxxxEEECCaaa'S
EEBB
Ibbb'ss
ooobbbuuDDD
OBAAAdiiiuH
OOObbaaMMaaa
ObbIIIMMMAAA'ss
OOObeerrraamMMERRRGEEu
ooBBERHHAAAuuussaaannn
ObbbiirrLLLoonnddd
uuuBBEErliiinnn
EEEbbbeRRRLiN's
EEEBBBeroNN
OC
OOOCCCCCCEEEm
UUUCccciiddEEnnTTT
aacCiidEntttall
occCiiiDDDenTTOL'SSS
OOOccCiiiDDDIIInnTiiiLLLiiZZZEE
OOOccccccIIdddENNtillss
OOccceeeAAnnn
oCeeeaaaNN'ss
ooCeeunnuuuaaa
aacEEEiNNEuuu'sss
ooccOOOOOOnIaN
UUCCEEEOOOnnIIIDDD
UccAAAAnnnIIIdd'SS
OCEEEnnidSS
oooCEEEAANNNssIDeee
uuCCCEEaaaNuuusss
OOOCCCEEUNNuuusss'SS
OcchhhoA
oooCCChOOOaa'ss
AckkkiGHHHaaMM
UUCCkkhAmm
aacttt
oooCCTTT'ss
OctAAANNNsss
iiiCCtAvvviiia
OOOcccTTaaavvvuuuAAn
OccteeeVVViiionn'S
uuuCCCTAVVVeeeAA
Occtttaavvooaaa'ss
ooCTTTaaVOOOuuus
occTTAAAVVVIuus'SS
UUctOOOBBerrr
OCCTTTooobooRR'S
UCCCTOBBBERRSSS
oDdddFFFuuLLLow
OOODDillLL
ADDDEELLLLLL'S
EDDAAAlsssTTiinnnGGG
IIIddEENNSSAAA
iiider
OOODuR'S
oDOOOsssssee
OODDEsSa'SS
ADDEEETTTSS
oodONN
OODDDiinnn'SSS
uuDDuusss
oodddeSS'sss
OOOddIaacccorrr
AAAduuuMM
OOOdddOmmm'ss
iiDrA
ooDDRRaa's
uuDyyySSseeAAANN
oDDDYYsSSeUs
aaaDDyyySSSSeeeuusss'SS
ODyyyssSSaaay
UUUddyyySSsey'sss
OOIII
eeedopppAAALLL
AAiidiiiPPUsss
EEEEDeppus'S
oooiiinnIIINII
OOiiirrssstOODDD
oooEErrrSStttUD'ss
offELoooI
EFFILLIIIAAA'ss
oooFFFFFIINNNBBaaacccHHH
offffeeerrtttOOOrrIes
oofffffErrrtOOOrrrYY
OFfeeRRRtarrryyy'SS
oooFFFFFIIccceemaX
OOOFFfffIIIcoooMMeeeXXX'sss
oogboommmoooSShhooo
OOGGGDDDaaan
IIggdddUUUN'SSS
ooogEELLLVVy
UUGGOOOLLvvvy's
ogllUlllaaa
UUgLLaaaLLLUU's
oGGGLLaaaLLaS
OGGlllEEttHHHoRpppeee
eGPPuu
oooHHHiooo
oHAooo'S
oohIIuoN
ohheIIIAAANNN'SS
iiiHHHIIoaannnSSS
oooHHHm
OOHmm'ss
oooiRAeeeChtttasss
AAAarrruuuAAACCHHTiiS'ss
oissII
OOOIISSE'ss
oooIIISIINNN
OIISSTTrAAKKhhh
OOJObbbwwwiii
EEjOBBBwwA'ss
ooJJJIIbbbWaass
OOjjjIIBBBWWaaaYYY
ajjjiiBBwwIIY'sss
OOjjABBwwIyS
OOOKKKa
OOOKKaaa'S
OKAAAvvvONNNggOOO
OOkaavvAnnGGGO'SSS
ooKKKaaaYYYAAMMAA
oooKKiiiAAACCChebeeeOOO
oookkUUFFeeeniiKKOOE
OOOkkHHHattsKK
oookkkiieee
OOkkkiiiNOOwwEE
oooKKKAANuuwwwAAA'ss
UkkinAAWWoonnn
okkklllA
OOOkkkLeeehoommII
oooKKKlllaaahheeeMMMaa'SS
IKKllooheeeMMMIINNN
OKKKTOObbERRffiSt
AALLLAAA
OOLLAA'SS
OOOLoof
OLLAFFF'ss
ooolaaJAwwwAnnn
ollIIIJuuWWoooNNN'S
OOLAAAVVV
IIIlAAVV'sss
OOLcOOttt
IIILDDcccaassttLLeee
OOLDDEnnnbuurG
OOLLLdfiEEELd
AAllDDDfUeLDD'ss
eelllDDDhaamm
ooLLDDSSSmOObbiiLLLOOO
OOlldSSSMOOObILeee'SSS
ooLLLDDDuuuVVVAAAee
eLdduuVVAAUU'S
ULiNN
oooleeNNN'SS
eeLaNNeeekkk
IIlllIINNNek'SSS
aaalllGa
IIIllggaaa'S
OOLiGUUcceNNo
IIIlliiiggOCCiinnne'SS
oollIIINNN
olInn'S
iLLIIIPhhhAAANNNT
oooLuuvvEEE
ollAAAvvE'SSS
illlEEVVVeeeRRR
olloovvvuuuS
iiiLLAvEt
UULLuuVeeTTT'S
OOOLooovvEEtttTTTE
OOOlIveetTTTeee'sss
ooLIvvvUUUAA
AllUUUvvIIIuuu'sss
OOOLLiiiViErr
AAAllllIEE
oLLLLIIE'ss
iLmmmOOccc
ooolmSttEEED
IIIllMMMSSSTiiD'sss
ooolOMOOOUUCC
IIIlllssENNN
ooLLssIN's
OllSOOnnn
OllsssEEnnn'SSS
IIIlYYYmmpppooaa
UUllYYYmmmpIIIE'S
OOOlyMPooEED
olllYMMMPIEddd'S
oolllYYMMpaaaIIIDDsss
uulllYYYmmPPPiOnn
ollyyympiiAn's
UULymmmPPPiiiAnnnsss
EElYMpiiiaaass
oLLymmPPPIIIcc
IIILLLYYmPICCS
ooolyyyMpppaaS
OLLLyyyMMMPuuuSS'ss
ooommm
omaaGGh
uuMMMAGhhh's
OMMUUUhha
OMahhhA's
oooMihoSSS
ooMMaannn
OmmmUnn'SS
ommmONU
uuMMaaNNNo's
ooMMANNIss
OOMMaaaR
aaaMaR'S
EmmAAAyyyyyaaDD
ommmDDurrrmmaaaN
ommmDuRRmmAAANN'SS
eemMMiUdd
OOOMMnnEEPPuTTeNNNt
iiMMnnIIssCCCIeNNNttt
OmmnUSSSCIIIiinttt'SSS
oooMPPhhhaLee
OOOmSSSKKK
OOmmsK'SS
Onn
uunAAAssssuuuSS
OnnAAAAAll
ooonnUUUAl'S
ooNNNEgga
ooNNagggInn
eeeNNEEEGen'S
onEEIIdda
OOneeuuuDDDA'SS
OOOnnneeiDDDOsss
oonnIIIOOn
InnnIOOON'SSS
ooonnOOAnnSS
UNNOO
ONNNOOO's
oNNNAANNNdddaaGGGAAA
AANNonnDDDAAAGGGee'ss
ooononndddagggoooN
innIInDugggiiiSSS
AAAnnSaaaGGEERRR
ooonnnsEEEGGGeerrr's
AAANNt
UUnnnTArIIuuuNNN
aannTArOOOoo
ONNTTORROOOooo'SS
UUUoorrrt
IiiiRRRTTT'SSS
eeepppeelll
ooPAAlll'SS
ooopEELL
upElll'S
OOOPhhEEEllliiiaaa
OOPHHuuLLLooOOO'SSS
oooPPhiiRRR
opppHIIIUUUChhuuSS
EPPPOOrtttOOO
OOOppEEEnnnhhEEEemmerrr
OOOPPPpppoNNhhAeemmmEERRR'sss
OOOPPProoHH
OOOPPPRRRAAhhh's
oPPPs
eeePsss'SSS
Ere
OOORReee'ss
oooRaaaclE
oooRRRacclEEE'S
ooRRuunnn
oooRRRIIInnn'SS
iiiraaaNNGU
OORRaanggEaasssM
AAARonnGGeeeMMAAAnn
OORaaNGaaMMMAAANNN'S
OOrrANNgggOOOMMMEEENNN
uuuRaaannnjjjuuSSStttadd
ooRRAAnnnJJeeSSStOd'ss
OORRRaaToooRReAAANNN
EEERBBiiiSSIInnn
OORRRBBBIIIsOONN'ss
eRRCCUUSS
URccIS'ss
OORRRddovvAAAccciiAAn
OrddOvvvooCCIAAnn'SSS
oRRdddZZZhhhooNNNiiiKADDDze
orrreee
OOrEEEBBBrO
OOORRREgg
eerEEEGGGoonn
OOOrEGGUnn'S
oooRRRuuggonnnOOEENNN
AArrIGooNIIaN's
AAArrEggONNaonSS
OOOrEELL
OOORReeeNNN
IIIRREEEnnn'SS
OOreeNNNBURRG
UUreeeaa
uurrIIIeeePPiiiTTHHHAAcccooos
OOORISSSTTTUSSS
IIIrrrOOsenndd
OORRff
aarrrEEEaannnTT
OrrriieeennTTaaall
ooorrrEEEANNNtttuL'sss
oRIIINNNTaaaLLIIIsM
oRRRooUUUnnntAAAlllaaSSStt
ooRRooannTTuuulllEEze
urOOeeenTalsss
eeerrrIIennttI
OOORIIIGOOOnnn
eerroNN
oooRRIInnn'sss
oorUUUNoooCooo
ErriinnOcoo'SSS
iiiRRiiUNNN
IIIRiiiooonnn'SS
OOOrrEEEsssAAA
arrIsSSAAA'SSS
ooRRiYYYe
EEErrroooyyyAAA'SSS
ooorEzaBBBaa
ORRRIIZZOBBA'ss
orjjjaNAAkkEEEddZZZII
IrKKnnnUYYY
arkkkNNEEEy'SSS
oRRlllUUnnnDDii
aaarLLLaNNNdaa'SS
OOORlOaaaNNNiissTTT
OOORRLeannniiiSSt'ss
oorLLLEEAANNiiSTTsss
OORRRLLuAns
OOrrrLLLuuaannSS'ss
iirrrLLLOOnn
OORRlllEN'SS
OrLLAANNSSS
OOORRllly
errlYYY's
ORRMMaannndddy
AAARmmaaazd
eerrMAzD'SSS
oooRRmmoz
AARRROOnttUUS
oRRAAAzzzcccaaa
OOrrPPPHHeeeOOs
oRpHUuss'SSS
ooRRRPhhhICC
oRPPHiissmmm
oooRPPPonnGGttoooN
oorPPPAANNNGTTTooon'sss
urrPPPAAANNNGGGtttunnSS
ooRRRR
eeeRRrrr'sss
OrrrRRReeen
oRRRRiiN'sss
ooRssIInnn
OrsssoN's
ooorTEEGGAAA
IRTTTeeegggAAA'sss
iRtttiGGuLLL
oorrtthhh
aaRRRTThhoooddduxx
orrrTTiiizz
oorrTTiiZZZ'ss
oooRRuRRRO
OOOrrrVALLL
oooRRRVEL'sss
OORRRvvoEEEtO
ORRRVVeeellllEEE
aRVVVuuuLllAA'ss
UUrrrWWWEELLlll
OOrrrwaaLLLLIIIoon
ass
oooSSAAAGEEE
oossAAAggguuu's
ISAAAGeSS
oSSSAAAkkkU
EESUUUkka'SS
OssBERRRttt
OOOSbbeeeRRt'ss
osBORRRNNN
oosssBoRRNNN'ss
OOOSSSBBBOOORNNNE
osssCCCAnnn
ESCCaaNNN's
aaaSSSccaaaNNNsss
EESCaaarr
OOOSSSCaaarrr'sss
OOOsscccaaarrrsss
aaaSSSCeeeOOOlEEE
OSSSEEEaaa
asseEEE'sss
ISGGGIiDDD
osssGaODD's
osHHaWWe
OOssHkkkIISSSH
ossshhkkAAASSH's
OOOSSiiRRoooSS
osssEriiisss'sss
OsLooo
osLLOO'ss
OOOsMMMiiNNN
aaaSMMaaNNN'SSS
OssmmInnnlle
OOOSsssIII
eeSSssettt
oosssssOOttiiiaaa
osssETTaaac
IIISSssIIIeen
OSSsIIIITZkkkYY
OOOsssTeennddd
OOssTTIIIA
OsTTRREEVAAA
OOOStttrAvvvAAA'SS
iissstrroggottH
OOOsTrrrooGIItttHH'sss
asTrEEEGGothhhs
IIIstttwwwild
OOssstttyAAAK
IIstttyAAAKKK'SSS
ooossTTTyaakksss
EsssvvoooLLLDDDEEE
aSvvIIIllDUUU's
OOOSSwwwIIIlllD
oTTTHHolLooo
ootttHHHUULLllEE'ss
ithhhMAAANNN
ooottIIS
OOOTTTiSSS'ss
oooTRAANNNTTTUUU
ITTTaWWii
eeeTttEwwwaa'SS
OOTtAWWWuuSSS
oTTTTTEERRRBBuRRRnn
ottttttUU
OOOttttooMOnn
iTTwuuYY
ooEEEeeCHHHattEE
OOoooaChhhIIITUU'SS
IIIUUUGAAddUUuGGGUUa
OOODDDhh
OOOuuuIJJJa
Oueeejjjeee'SS
EuuuIIIjjjiiSS
OOOaajjjdE
oouuLLLee
eeuuSSSEEE
OOViRUUjssSEEEl
OVIIddd
UUUVVUEdddEE
oooVVVIIEEddOOO'S
OOOwEN
iiiWWeNNNIIIssmm
OWEnss
OOxxxbRRRIdddgggE
iixxxBBrrOdddGGeee'S
OOXffUUrDD
oooxFAARRRd'SS
OOXffoRRDDSSS
oXFeeerDDDssHHIIRRReee
oooXNNAAARRRdd
oxxxoooNNNeOOONNN
aaaXXooNIaann'ss
OOXXXoonEEeeennnSSS
oxxeess
AXYCCOOnnTTiiinnn
OXyyycOOOnnTTiiN'SS
AAzzz
ozzzolllAdd
ooozooorrkkk
IZIIRK'sss
OZZZIIRRRKKKss
OZZZaaaRkkSSS'S
OOZEEEnnnFFuuNTTT
AAZZYmmaNNdddiiAS
oooZZymmmiiiNdiiSS'sss
OOZZZzzzUE
UUUzZZZIIIEEE's
p
ppp'SSS
paaa'sss
PPPeeeBII'SS
ppUUUC'SSS
pppBBBsss'ss
PPPcc'SS
pppCPPP'ss
ppuuutt'ss
ppmm'sss
pppMMMsss'sss
POw'sss
Prc'sss
PPPsss'SSS
psTT'sss
pvvc'sss
PAA
pppa'sss
PPPAAAuurr
PPPaoorrr'sss
ppaaBlO
PPPAAAbllooo'SS
PPPUUUBLLLeeeMM
PPaaBllUm'ss
PoooBlUUUMMMsss
pppABBBssstt
PPEBBBSSSttt'SS
PAACCU
PPIICEE'SS
PaacccHeCI
pppacHHUUccOOO'SSS
PAAcHUUUcccuu
PPaaaccHHIIccAA'S
PaaaCCEffIIICCC
pppaaaCCCOOfIcc'SSS
PPOciiiNNNO
PPaaCCeeNNNE'S
pppaaCCKKUUURRRdd
pppaCCCkUUURRRD'ss
pppadUnnng
pppaaaDddIEss
pAADDDYYY
PPAAADDDdy'SS
pppOOOdddEEERRAAwwSSKKuuu
PiiDDDEELLlllAAA
pppaaadddiiiLLlllAAA'sss
pppAAdddIISSHHHeh
pOddovvA
PPOOOdeeeVaaa'sss
pppIddRRROOO
pppaaddrrreee's
PPooodddUUUU
ppaaaDDDoooII'sss
PPPiiiDDDuSSS
PPaauuSttUUmm
ppaagEEnnnUUUnnii
pEEgguu
pppaaagLao
ppaaaGllliiii'SSS
PPiHHAAANGGG
pppaaHaaarrruu
ppaaHHLAAvvvII
PPEEEooGGGIII
PPPaaaeeegee'sss
ppaaaOOONNoo
ppUEEEIIIttte
PPPiiiiiuuToo'sss
PPAAAIIUTEs
PaaKKiisttaaNN
PPPeeKKIIIStttAAnnn'sss
ppaaakkkASTaannnEE
pAAAKKiiSSSTIInnII'ss
PPokkkIsstuniiiSSS
ppal
ppAAlllaaaoOOgaNOO
PPeellauuuOOOzzuiicc
PeeLLaaaTUNNEETTe
PPilllaatinAATTU'ss
pAAllETuuunnnATTTEESSS
pillaaUUU
PPoLLaaWWOn
PPPaaLLLOOArrrccTTTIIc
ppAlllaMMMBANNNgg
paaallENNquuuIII
PPOOOLLaEcAAANNNE
PPAluuEEccciiiNNNAA's
ppAAlllEEEoooGGGeeeNNiii
pppALIOOOllliiithIIc
PPPaaalllEoozOOOaccc
PPOOOLEOOzzzooIIIccc'ss
PPPAAAlERmE
PPooolllErMe'ss
PPaluuSStIInnnEE
ppAllEEESttiiNee'sss
PPaaLLLesttUUnnIaan
PPPiiilIsTuunIaaaNNN'ss
PPalleSSSTinnnAAAAAnsss
PPPaLLLeSTrrrIIINNAA
pppuuLiiiY
pppILUU
PPPALooKKeerr
paaalllIkkkEEErr'SSS
PuliisssaaaDDESSS
PPAloooSSiDES'ss
ppaaaLLlllOOODDDiiieeNNN
ppaaalllaaadddIIOOO
paLLLllliDiioom
pppooolLLesss
PPPaLLLAAS'sss
ppUUUlMo
PPoooLLmmmIR
PPPallMeeeRRssTTTAN
ppAAlllmirII
paalllmmOOOLLLUUvvooo
PAALmuliivvEEE'sss
ppElMMYYYrri
ppUUUllMYYrrA'ss
pUUUllumaR
PPUUULLLoommaaaR'SS
PPUMM
PPPAMM'SSS
PAMMeelA
PPAAMMMEEElllEEE'SS
PPPooMMOOOr
ppAAMMIIIR'S
ppeeMMMiiiRRsss
pppAAmllIcccoo
PPAAmmmlOcee's
PPUUmpAAA
ppammmPPPa'S
puuuMpppErrrSS
paaaMPHHyLLLIa
PPaaamPPLLLOOOnAAA
PPPAAnn
pAAAn'S
paaNNAMMMo
PAAnnAAAmmmE'SSS
pppOOnnaaMMuuNNIIIAANNN
PanIIImmAAnnIIIoooNN'SS
pEnnoMMEENNIANSSS
pppAANNaaaMMMAAss
PPPANiSSAAnnnicc
pppaNNNeeessoniiC'S
paanATHHeeeNOOOeeAA
PPPaaaNuY
PeeenCCCHHHAAAIeee
PaannnCChhhUOOOaa'SSS
pppanDDDaaRROOs
PPANNdeOOONN
Paaannddooorreee
ppunnnDDAARRaa'SS
PPPaaaNNNggUEEEA
pppIInngaaeeei's
ppEEEnnnHHuLLLLEEnAACCC
PAAANNNHHEELlAAANIIsssMM
pppOOnnjjAAABBBoo
PPPaaNNjabii'ss
PPPannnjaaaBUSS
PPPUUNkkhiRRRST
ppaannnmmmUUnJJJOMM
pOONmmmaaNNJJJOM'sss
ppAAANNNNoooNNiiiAAA
ppeNNssY
ppAAANNNsyy'SS
ppAANNTaaGGReiLL
PPPAAANNTaaaLLLOOiNNN
PAAAnnTTEEELLLIIIooonnn'SS
ppEEENNtUULLLLErrroaa
pAAANNTTHeeeOOON
ppAnnnZa
PPPAAANzzzAAA'SSS
pAAAuTTuuNNgg
PeePaacccYY
ppuuuppAGOO
PPPiiiPAAAnnDDDruuOOOaaa
PPPAAPPeEEEtA
ppIIpppaaaaTTOOO'ss
PPPAAAPaaaNN
paaPPPHHiiooNNN
ppuPPPHHHLLLEEgguuuNIIaa
pppUUUppphISSS
PPPappiiiEmmmuuunnnto
PPaPPAAEEE
ppApppuuee'SSS
PeePPPuuUUNNN
POppoaaaNNN'S
pApuAAAnnnsss
ppURRRIIICEllssusss
PIreCCCLoootte
ppaaarraaaddEEEsEE
PAAARRReeegggiiiEEY
PaaRRugEEaaay'SSS
PPaaaraaaGeeAAyyAAN
PPeeeRReeGUUUaayyuuNNN'S
pparrAggIayyyuuNNNS
paaRRAAIIbeee
PPaaRIIIIIIBBBA'ss
PariiiLLUUPPPooommmeeennnOOOn
ppeeeRROOOllliipppooMEEEnnINN'ss
pparaaaMMOOOrrriibOO
PPooRAAMMMaaRoBooo'sss
peraaaMMOiiiNNttt
PPPaaRaammooaaant'SSS
PPPUURREEEnná
PPeeerrrAAnnná'SSS
PPaaaRRRUssshhOOOhh
PPaRCooe
PPeRRRcHHHEEEESSSAAA
PPPaaaRRchhheeeiissiii'ss
pppaarrrCCChEEEEEsssiSS
ParrrEEttOO
pppooorriiiennn
ppeeerrraacuuTTTOONNN
PPARRIcccuTTTIIIn'SSS
piirriisss
pppAruuuSS's
pppaaaROOOsaAAAN
pAArruuuSSiiinnn's
PPAraaSSSIIIAAANs
PPPARRRkkk
PPPArKKKERRR
PPoRKKKiNNSOn
PPAArrKKKiiinSSSONNN's
ppaaRKKiiinnSSSAAneesmm
ppAAARRkkunsssoooNNNiism'sss
PPPaaaRRRKKmmmAANNN
PParkkksss
PPeeRRl
ppperrlluuOMeeNNNTT
pErrMMa
pAARRMEEENiiDDesss
pAAARRRMMMEEEnnntUUUOOr
PPArMMMEESoonnn
ppuuurrrmmEEsssOOOnn'SSS
ppaaRRRmmmEESSooNNS
parrNNNAAAiibbbEEE
PPaaRRRnaaIIIbbbA'sss
PPPAArrrNNEESSiiiAANNN
pAArNNEEESssAS
pparrNNNAASSSUSS'S
PPaaaRRRnnaasSUUUsssEEESSS
paaRRNNEEEllLL
PaaaROss
PPoRRREs'ss
pppAAARRrrr
PPPIrRRaaamuuuTTTTToo
PPaaaRRAMMMeetTTTaa'S
ppIRrISHHH
ppooRryyy
ppuurssseEEE
PaaRRSSSAAAeee'SS
PPPAAArrSSEEEEEss
paRssu
pAAARRSSSIII'sss
PArrssIIFOOOLL
pppArSSAAAFFFAAAlll'SSS
PPPAARsssAAs
pppAAARRRssooonnnSSS
pIIRTTTHHHaNNONNN
ppAArrrTTTHHeeNoooNN'SS
ppiirrtHooNoopppAAAIuS
pOrrrTHHIIINOpppeee
PaaaRRRtthhhENNoS
PPPaaarTTTHHiiiii
PAAARttthhiiiaaa'ss
ppArttthhUUeNN
PPPaaRRRttHHHoEEn'ss
pppuuuRRRttHIAANS
PPaarrrvoottEEE
PPPEErrVVVaatttII'ss
PPASSaDDDEEnnnEEE
PPaaaSaaaDEEENNNEEE's
PPPUSeeeRRgaddiA
PPAASCCCAAll
pppAAAsssCuuLL's
paSSShhhTTTuu
ppEssshhhTTTooo'sss
piiisQQQuuuOOOLLLeee
PIsssQQQooAAALaa'sss
ppaasssSSSAMaaQQUUUooDDDdddYYY
pppASSAooNNN
ppAsssSAENNN's
PPPAAASsIIIONNNSS
PPESSSSSovvveeer
pppaasssiiiVUUr'SSS
PPPaaassssaaaVVVERRRss
PPAAAsTToRRRNaak
PPPaaSSSttUUiR
PEEsssTaaUUrrr'S
pppAASStIuurrruaannn
PIIsTuu
ppuuussTTOOO'ss
PPaaT
paaTTuuGGOONNeeAA
pppUUUTTOGonnnIIIaaa'SSS
pppATTAGGOnnaaaANNN
pppuuttIII
PPPATTTooo'S
PatEEl
PPPUUttiill's
PUtteRRRnoooSStttErrr
PPAAtiiRnnnosTTTEEErrr'S
pppaatEERRNooSSSTErss
pppEEEtttERSSSooNN
PPPaaaTTHaaN
PPPEEEtHOnnn'SSS
pppAttHHHAAANNNs
PPatmmmOOORE
PPootttMIIsss
ppeeetNNNiii
PATUnnn
PEEETTraSS
PPootrUCCi
PPaaTraCaa'sss
POOOtRRROOCCCaa
PPPATRRaCCe'sss
PPPatttrIcIa
PPPEEtttrrrIIIcuaa's
ppAAtttRiiCkk
PPPaatRUUCk'ss
pppaaatrrOcccLUUUs
PPPAATsyy
pAATTSSSyyy'sss
pppoooTTeeerrrSSOOONN
PPuTTTttursssOOn'sss
PPAATTTiii
PIttTTTIeee
PPUUUttAAaa'SSS
POOttTUUUNNN
PPETttty
PaaTtyyy'SSS
PAu
PPaaaIIIL
PPAAUUUlll'SSS
poIlo
PPPuuUUULLLa'SSS
PPaaaUUULLLOOOtttteee
PPeeeuuuLutttAA'SSS
PPPauuullII
pppAAAUULLiiiNE
pppIiLLIIInnggg
PeeVaaarrUTTTtii
pppAAVVllUDaar
pppEVVLLIV
PPPAAAVVLLOvv'ss
PPPaavvLLLOOVa
PPPaavvLLOOvvvieeeN
PPaaaveee
PPEEEvvuuu'SS
paaawwnnEEA
PPaaaWWnnnAAAo'ss
PIIWWWnnoooooSSS
PPPaXX
pAAxTTTONN
pIyypppAAAll
PEEEypppoooL'ss
ppAAyyyNNO
PPIIIYnnnO'SS
payyPPPIILL
PAAyyyPPALL'sss
PPBB
pppb'SS
pppddd
PPPD's
ppiiiiBEdyy
PAAAoBBBooDDDYY'ss
PEooocE
pppEEuuuCCCee'SS
PPPuaaCIIICCkkk
PPPEEIIIllE
PaaaUURRRll
PPPEAARLLL'SSS
PPPeArrLLLoee
pIIIIrlleeeEE'ss
PPPIIiRRSoooN
pppOOOARRSSSoN'SSS
PPeeeIrrryyy
pppeeCChhOOrreee
ppecccK
ppEEEcck'S
PPPUUCCCKKKIInnPaH
pooccckIIInnpppAAHHH'SSS
pAcccKKKSNNOOFFFFEEEEEn
PPPiiiCeS
pppeeecccOSSS'SS
PPEEECCCs
ppeeCCCss'S
PPEDDDrrrOO
piiiDRRRO'S
ppeeEEBBBLLLeS
pEEEeel
PPPAeeelll'S
pppAAAoLLLI
peeeGG
pEEGGG'sss
pppeegggoSSSOSSS
PPPOOOgggasUsss'S
pppeeGAASUUssAAASS
PPEEEGGYYY
paaGGGGGyyy'ss
PIggu
PeeehlllOvII
pEEEII
ppEEEAPiiiNGG
PaIIIPiiinGG'sss
ppeeeaaapUUSS
PPEEiRCCCE
PPPeeiRRceee'ss
PPPOOOKKAN
PPeekkkIINNIIIseee
PPekkIINeSSSE'SS
PaakkAAnneeeSSSeeeS
peekkkUUUNNGGG
PPPEKiNNg'SS
ppEkkkiinnggeesssEE
PPPIIIkkkiNNGGGAASeee'ss
ppEEkkkINGGeesseess
pppEEEkiiNNgSSS
pULLLaggEEaaNNN
pppEELLAAGGIIIaaannnIIsm
PPPEllAAsssggguuannn
pppooola
ppele'S
pppeeLLIIe
piiiLoaaa'ss
peeeLLLAAAuuuSSS
pElleOONNN
ppaalLLaa
ppolllLLLeeeTTEEERRR
PPeLAAAPPaNNNNNNeSe
ppeLAAPPonnaassse'sss
PooLOPAAANNeeessOeeenn
pEElOponNUUSEESSS
pppELOOOPPPooonnnuussaaass'ss
pOOOLLOpppiNnIIISSOOOSS
PPPEEEllOOOpuunnnnniiSOOS's
POllloopppS
PPPelOOTaaas
PPEEmbA
PPOOMMBBBrOOkkkaaa
PEEEmmmBBrrOKKoo'sss
pppIImmBBrrriiikoos
PPEEEnnn
pppEEEnaa
POOnnnAA'SSS
PPEEENNInGGG
PPeeNNNaatttaasss
PPPeeNNNddEERRReeeCKKU
pEEENdddeeereeeCCkkIII'SSS
PPPUUUnEELOOppii
pppeeNNoollluuPoo's
peeennneeeIIsss
PPinniiess'SS
ppeNNNN
PPooNNUU
pppooNNNIyyy
PEENNNNNEEEyy'ss
ppEnnnnINOsss
PuunNNINNNEEs'ss
PPeeeNNNAAAnGGtttOnnn
PEEENNIINNGGGTaaaNN's
peennnNSSSyyLLVaaaNNaaAA
PPENnnnsssyyylllVAAANNiiA'SSS
pUUUnnnnssylvvaaaNNNEEAAAnnn
PaaNNNNSyLvvvOOONNNIIIAANNN'SS
pppEEnNSSyllVVVaannniUnnns
pEEnNNY
PPPIInnnny'SS
PPeennzzOOIIILL
PPENNNNNZUAAAlll's
pppeeeNObSSSCCuTTT
PPINNoooBBSSSCCooottt'S
PeenOBBsCCotttS
ppeeennSSSOOcccooolAAA
pppiNNSSuuuCUllA'ss
PENTaaagggUNN
PPPeNtAAGGGiN's
ppeNNNtttAAATTTeeeUUUcccHH
ppEEEnTTAtAAAUCCHH'sss
ppponnTaTTeeEEChhhIIIL
ppOOOnttUUxxx
PPPEEEnnnTAxxx'SSS
ppEEENNTiccooosstt
ppENNTEEECCCIIStt'SSS
PPPEENtAcoooSSSTTTaal
PPaaanttIIcccassTTTool'S
PPPUUNTeecccoooSStAALLIIsssMMM
PPEENNteeeCCCooSttaaLLIIIsttt
peeennnTTTiiicccossstttaaaLossttt'SS
ppeeeNNNTOOOcccoooSStttaaaLLLaaaStttSSS
PEEENTTIICCEESSTTTiiilllSS
pEEnntteeCCCIIISSTTsss
PEEEnnttHAAUUs
PPennnTTUUUUMM
PPENNNTTTuuimmm'ss
ppEEEntttOtthhhAALLL
pppeeeNNNttEEThaal'S
PoonTTTAAAtheeLLLsss
pENuutiEEnn
pUUUNNaaattiUnnn'SS
PPinnnZZuu
PPEEEnZZuunnnCeee
PIIIooorIa
PPPepIIInn
PEEEpppIIInn'SSS
ppEPSI
pUPPsEE'SSS
pppappyyyss
pppUUUppYYSSIann
PPPaaaQQUoott
PPPAAra
PPPuraeA
pEERRROOOk
PPPaaRRbbOOONNAAN
PeeeRRRcccaaVeeel
peerrcheeeRaNN
PaaarrrCCCIIvvAAAl
pppuuRRCCCyy
PPPiiirrrDDiiiDDDooo
PPAAARRRddduuu
PPUUUREElllmAAANNN
PPPEErElllMaN'SS
pppERRRAAZ
PPPAArrraaaz'S
PurrgImemmm
pEErrGGOOMMUUUmmm's
ppperGGAAMMUs
PAArggoooLLLUSSa
PEErrriiCCCllEiiiNNN
ppeeRRRICCCleSSS
PPPeerriggOOORRRDDDiAAAn
PiiiRIIIpUUUttteTTToooc
peeeRkkkaNNSSS
pppEERRL
pppeerrrlll'S
pppuRRlllUUS
PPErrllMaaaNN
PPPERRRLLLMMMAN's
PPEErrrmm
Peerrmmm'sss
pppeeeRmmIIILLLOOyyy
poRRmAAALLLLAAYY'S
PPPUUURRRmmOOiinn
PPEERRMMIIIann'ss
pppUURRRNNAAAmmBBUCO
paaRRNNAAmbuuCCaaa's
pppEEErrrNNiiiKKK
PPUrrrNNNiiid
PUUUrrnnnoddd'ss
ppiiiRRNNNoooDDDSSS
PPPiiirrrAnn
PPEErrrOOOTT
pppEroTTT'S
peerrrRRRAUULLLtt
pperrrrrrIIaRRR
ppIIIrrrRIIIn
ppperrrYY
ppEEErrrSSeeeId
PeRRSSepHHHOOOnnEEE
PURsEPPPHHOnEE'SSS
PiiiRRSSSEEppuuuLLAs
PeeeRRRSeeepiiiLLLIISSS'SSS
PPPAARsiiiIIISSS
ppEErSSSEEUUsss'ss
PPEEErSShIIINNNGG
PERRsseaaa
ppEEERRRsseaaa'SSS
PPPEERRSSSIIAN
PorrSSSOOAANNN'SS
pppeerssooaaannsss
PEERRSSSOsss
pppeeerSSpppoxx
peRRsssPPaaX'SSS
PPUUUrrrsPPPUXXEEsss
PPPERTTTHHH
PoooRRRThh'SS
ppeerrriii
PPPurrru'ss
PPERRRUUggia
PPPEERRUTTTZZ
PuuuRUUUVaaaAANNN
PPUrrruuVViiiaaaNN'ss
piiRivvvUUUunSSS
PPPorruzzZiii
ppiiSSSucccHH
ppiiSeeccHH'sss
ppeeeSSaccchhs
puuSSSCCaRRREE
pEssshhaawwwarr
PPeeeSShhhuutttttu
PPPEEEsstellooZzE
PEttt
PPeTTEE
PPATTTu's
PPeTTEEERR
pEEEtEErr'S
ppeettORbbbooorAAAIIgggH
PPPEEEtttiRRSSS
PPPEEEtttUUrrrSBBuuRG
pEEEtttAArsssbbbUUURgg'SSS
PeeeTTTeerSEnn
ppaaatEErrrSEEENN'SSS
ppaaatttERSSSIIn
PuuuTTEErrrSSSooNN'SS
pAAATTRoo
PPoooTrrrircHHH
PPeeTrEERchhh'ss
PUTTTRRARRCCHAnn
pppEtttriE
PPItrriiinniii
pppaaTTRooogrrodd
ppEEETrrrAAAgggraaad'sss
PPaaatRRRonnniuuuss
ppOttrrOpEEEvvvLLAAAvvsskkk
pOOOttRRooZZZOOVVVoooDDskk
ppUUTTTttYYY
ppetTTYY's
PPPeeeUgoaaattt
PPEEiigggeOOT'SSS
PPFFFC
PPPFIzzEErrr
pppFIzzaaR'SS
PPPFFOOOrrzHHeeiiiMM
pppgg
pppHH
pphhhDDD
Phd'ss
pppHHHEaaaDDDRRAA
pphhheeeooodddRRUsss
pphhuuEtttHHHaaN
PHHUUUOOOTHUUUnn's
ppphhhANErrooZZZoiiCC
PPPhEEErAAAOOOHHH
pphErUUUaaahhh'S
pphheeerIOOOhS
pHERRAAoonnIICC
pphAAArrrIIssEEEICCC
ppHaRREsAAAaacccOLLL
PPPHHHaaRRISSSOOOIISSMM
PHHHOORRuuusseeOO
PHHHOriiissseeee'sss
PPPhhooorrEEsseEEES
phAAARRREESSS
ppphhhAArrSSSAALLEEEs
PPHUrrrsssALLuus'ss
pHiiibbee
pphhAAACddda
pppHUUUCddOOO'SSS
pphhooOOODDDoooppuddeesss
PPPheeeKKKddaaa
PPPHHOOKKda'SSS
PHeLPPPs
phEEELps'SS
ppHHIIDDiiiuuuSSS
pHHHIIDIppPiiidddEEES
PHHiLL
phhhIILLLaaaDDDIlllPhIA
PPHHEEElleDElpphhhOOAAA'SSS
PPPHHoooLAAdddEEELLppHHEEuuNNN
ppHELLLaEEE
PHIIIlByy
PPHHiiiLLLBBYYY'SSS
pphhhiiloMMM
phIIIllIImmANNN
ppphiiiLOOOppp
ppphIIIlllIPPPppa
ppHHHeLepppPu'S
PhilliippPa
pppHAllliiiPPppEEE'SS
pppHHHillUPPpaViilLLooo
PPhhhILIIpppPPPi
PPhIllliiiPPPPPPAAA'SSS
ppHHaaaLLIIIppppppEEONN
PPPHHHIILipppPPPiAAnnnSSS
PPhIIIlllIpppppIInAAA
pppHHiillluuppppENNe'SSS
pphhhooollliiiPPppiiinEEESSS
ppHALLLUUUPPPPPAppOlaaasss
PhhillooPPPSS
PhhhuuuLLIsstINee
ppHHHiLLLUUPPP
PPhalllLUPPPe
phhhAAAlllooopppAA'SS
ppHHHIIIllllllippSS
PPhhhIIIlllLiiiSSS
pphhIILLLlles'S
PPHoooLLLY
pHAAllllYY'S
ppphooLeee
phhhIILiiicTTeTTEEss
PPPhoNEEAAASSS
ppHHinnnIIeeeSS'sss
PPHHIIIppppsss
pphhippPPPsss'SS
pHHllAAAgggOOOTTHooonnn
PPHoBBBoooS
PPPhhhOOCCCAAAeA
PPPHiiiCiiiSSS
PPHHHoIIBBBoo
ppHAeeeBeee's
pHHHeEEBBBasss
pphhhOOOEEEbbbuS'SS
phhhaEEEnOOOCCIIIaa
PPHuuueenneccoooUU'S
PPHooAANNNuucccIIINN
phOOEEENNNEECCCiaN'SS
PPPHHHUUUeniiccciiAAAnss
PPhOOOENNNOOOxx
pphhhEUUUnnAAAXX'ss
pppHUSSSpHHOr
ppphOsssPPPhhhOORRUUUsss
pppHHHuuttOssTTeeTT
pppHHiiTTosTTTaaTT'sss
PHHEETooSttattsss
PhooottoStttAAATTTtttEd
PPPHEEEtoosTTIIITTtoonnnggg
pHRRROOOXuuus
PHRRRyyggIIAA
PHryygggIIA'ss
phhRRYYYgggiiiONNN
PPHrrrYGGuan'SS
PPPhhhrrYGGiiiannS
phhhYfAAA
ppHyyylllIS
pHyLLllIIIs'S
pIaaaCEEnzE
PPIIIiiiFF
puaaaf'SS
pEeeeGoottt
ppuuAAAgEttt'sss
ppUAAnnnIIlaa
PIAAANNNOOOllAAA'SSS
pppIIIANNallUUUss
PPuuuiiiVVVii
PiiiccARRD
ppiiiCeerrDDDy
piiiCCaaarrrDyyy'S
PPPiiicccaSSSsssuuu
pppICAAssssAA'SSS
ppIIIcccccaaaDDDEllllYYY
ppIIICCCCaaarrd
ppACCCKKeerrrINNNg
ppIIIcckkurrrIInnnggg'ss
piiCKuttTT
PPoCkkfffIRd
PiiCkfORRd's
piiiCCkkkwwwiiiccKK
PPiiiccckwwaaacK'SS
PPooCKWACCCkIIIan
PPPiccTT
piicTuusshh
PPaaCTTUURR
PPooouDDMMUUNNtt
piODDMaNNNT'SS
PPPEeeeDDDMeNTTTiiSSU
peeeIImmOOnTe
pIIIEMMooonnnttooo'sss
pUerrrccci
PPoooEEErccE'S
PPPeeeerrreeeO
PPPIIeRIIIaN
ppIIeRRIdddEESS
piiErrRe
PAEERRRe'ss
pIEErrrrrOOOT
pAAAErrrrrUTTT'SS
PuuEETA
PPPIIIuutteeRRMMMIIIRRIITTZZZBBBEEErrGGG
piEEtttEEERmmmAAriTTTzzzbUUUrg's
PPiiieeTUUUSmm
pppIIeettiismmm'SSS
PPPiiETTTiiSSmmss
PPPuGgooottTTT
paggmmIeeess
poGGmy
PEEEGmmYYY'sss
PiGS
PPIgggSSS's
PUKeee
pppiiiKKKuu'S
pAllIIITe
PPPoooLLAttESS
PPIluuTTiiSSS
PPuLLLccimUUYYOOO
pEEElllgRiiiMM
pIILLLGGrEEEmmmSSS
PPIIILEEppAANNoo
PPaaLLOOpoonnno'SSS
PaLLLSSSBBuuuryyy
ppEEElllllsssBBUURRRyy'SS
PPPIIIllSiNN
pppUUUlSSnIrrr
PPooolssuuuDSSSkEEE
pIMA
PPPiiiMMAA'sss
pppIIIMMAAnnn
ppIMIIss
pppUNIItttOOOBo
PPENNNaaatuubbU'sss
pppinnnCCCKKKnnAAY
pppIInnncccUS
ppiiiNNCCCUUUsss'SS
PPiinnnDDoor
pUUnnndOOR'S
PPPinnddAAArrrOC
ppOONDDaaaRRROcc'S
ppUUUNNNDDDiiirrrACCss
PPIInnnDDDas
PPiiineeRRoo
PINNNEEES
PPPiNNkertonnn
pppeeeNNKKSTTUUUrrr
ppiNeeeCCCCChiO
PIIInOOOCchOOo's
PUUUNEcchhhooottt
PPiiinaacHHittt'sss
PPIInOOTTT
piiiNNNoot'ss
pppennnOOtts
piinsssKKK
pppIINTAA
PooonntttEER
PPPiiiNNNTTTeReeSQQUUEEE
ppUNNyyeN
pppEpPPIn
pppIIIPPiiNN'S
pppIIIRIIoous
PPeeRiinnnduullliii
piiirAAAneSSSI
PPPiSSSaaa
ppoSSEEENN
pppaaSEEENo
ppIIIssCCCeess
PIISSScccas'S
pppisssGGohh
pUUsasstttrITUSSS
pppiissAAArooo
PPISSsssUUUrrOO'SSS
puSSSSURRRRaaa
puuSTTTuIeee
PPUTcccaaiiRnn
pppeeetttccAAAiirnn'SS
PIIIttHHHeeeCaaNTHHRRROOOPPuuuss
pppiTHaaCCCaaaNNNttthhhRRipppuuuSS'sss
pAtmEEEN
PPPitttt
PiTTTTTmmmaNNN
PPoTTTttMooNNN'SS
PPPIITTTTTs
ppATTtttSSBuuRgghh
PPPIITTTTTTSSBBBUrrrGHHH's
PiiiUra
PeeaRAA'SSS
ppIIIosss
PPOOOUUUsss'sss
PeeZZARRRE
pkWWWYYY
PPPl
pplaaacccEE
ppLaaNNNccckk
pLUUnnnoo
pLLLAAnntiiiGGenEET
PPPLLiiNNtttIgggEnnneettt'sss
PPLLeessSSSoooyyy
PPPlllaaaSSSEEYY'SS
pllAsTTiiciiiNNNOOO
PllaaaSSSTOOccaaNE'SS
PPLiiisssTiiiCCiiNNeS
ppLLLaaTTTaa
pLLaTAAeeAAA
ppLaaatAAeeaaa'SS
pLLLAAAttHHH
PPPluuTTTOO
pppllaTTOO'S
PPllaTTTooNIIIC
pplAAAToNNICaallllyyy
PPPlaaatOONNNuSSmm
ppplllAAATTOOONNeSSm'SS
PlEttoNiiSSSMMMss
PPPlaattOOniiisssTTT
PPPllAATToonnAAASSttt'S
PPPLLAATOOnnnessTTTS
ppplEtttTddEEiiitttSSSCCChhh
pppLLaaattttdeIITsssChh'SS
PLUUUTTTee
ppLLotTAAA'ss
ppplllAAAUuunnn
PLLLoaaTTees
PPlllaUUTOOOsss'S
pLLoYSSttoooTTIIIOOnnn
pppLUYSSttIItaaoNN'S
PPPlllaaaybbooy
pLLAAyBBBeeY's
ppllEyyEEErr
ppplAAyytUUx
pplliiiyytttUX's
PPllEEOAAADDUUUs
PPPLLLEEEIIIAADIss's
PLLLEEEiisssTTTOceNNNeee
PPLLoIIsTTTacIIINNe'SSS
ppLLEEEnnnttYY
ppplevvENNN
pppllevEEnnn'sss
PPPlleeexxaGGGLLLiis
PPlleexxxegglllAAss'S
PPPLUUxxxAgglllaasssaas
PlEExOOOGGGLLAAAssssss
pLaNNNY
PPLiiiOcccennEEE
pppLLiiioccaannEEE'SSS
pppLLoooOOOccinAASS
plloooEEESttEEE
ppplAAosssTTTEEE's
PllOtUnnnuuSSS
PPPllevvvddeeVVV
PLUtAArCHHH
pplllUtaaRRRCChh's
PPPlllATTToo
pppLATo'sss
ppllUUTTTUUUNNNOaaN
ppLLLUttuuss
PPPLYYYmiieeeTTTh
PPllYYMoooUUUTh'sss
PPMMM
ppMM'ss
pOO
pppi'ss
PPIIIccUhhheNTTAAs
ppoCCCiHHHoNNtttEEsss'ss
pIcITTTEELLLoo
pppuuuCCCAATTIlllLOO'SSS
PPuCCeNNNoo
pppiiiCCOOOnnA'ss
pAAcooNNoooss
pppUdGGGiiRIccO
PUUUddhUrrrAttZZ
piiiDDhhOOORRRiitZZ'sss
pooDelllSSkkk
ppOOdoNNNk
pppIIIeee
PPPOOOgggOO
pppaaGGGooo'sss
pOOOHHuIII
ppeeoooNNNccarré
ppOOiNNNCCAARé'SS
ppiIIRRRETTT
pppOeeeRRREEtt'SS
PPooUUrrITT
ppooIRoott'S
PPPouuSSssuun
PPAAAIIsSSSoooNNN'SSS
PPOOOituueRRR
PPeaaaTTiiERR's
poooooottIeerrss
pikéMOOOnn
PPOKKKéMMIIINNN'S
PPOl
PAAAlla
ppOOlllaacck
PPPAAAlllAAANND
POOllluunnddd'S
PPPEEEllAANsKKKi
PPPaaaLLAANSKu'SS
ppUUUlllAraas
ppulllAArrriiisss'sss
ppiilllAARiiIDDD
PPEELLLooRRoooooDD's
PPILLLAAArroaaadS
PPOOOLLLeee
pppaaLLaa's
PoLLLeesss
ppoooLiiiSSShh
PIliissH'ss
pOLLLuuTbuuuRRO
PPPOOOLLiitiAAAnnn
pppOOOLKKK
poooLLLkk'SS
piiLLLllAAAUUeeLUUU
ppOOLLLLarDDD
pELLLLEEErrrDD'S
pppooLLLLLLooccK
pooLLlUxxx
PPELLLLuuux'ss
PPPoollllYYY
pAAAlllllY'S
pppOOOLLLLLYYYAAANNNNIII
ppOOLEE
PUULLLUU'ss
PalllTaaVVA
pUUUltiVeee'SSS
PPEEElYYYbiiiUUUss
ppooLLLYYcccAAARRP
PPPooLLycLiiiTTuS
PiillyycRRaTUUsss
pppeeeLYYYdddOOUUCCCeSSS
PPALLYYGnnooTUs
PPOOOlyyHyMMNIIIeee
PoLLLyyyhhyyyMMnnIIIE'SS
ppOOLLYYYNNooSUUUiii
pppoLyyyNNNaaaSiia'S
ppiLLYYnnUSIIann
poLYNNNeeesssUUAAN'ss
ppOOllYYYnAASSIeNNNsss
PEllynIIcES
PIlllyypHHHEEMUss
PPPAMMMeeeRRaaanOOOII
pppemmErruNNooAAN
PommmeerrEEEnaaaAnnn's
PPPoooMEEErAAAnnneeUUNss
PPPEmmmMUUUrddd
pppaaaMMOOOnaa
pppooommpodOOOooRR
ppEEEmmmpEuaaannn
PPPOMpppEIIIE
pooomPPAAAAAE'S
pppOmmmPPPooiiiiiiiin
pommppEYY
ppiiimmPPPAAYY's
ppoomPPEDUUUU
pONAAPE
pppOONAApppeee'sss
ppIIInncccAA
PPPooNDIIICChhEErrrRRy
PPoooNNdOLAnnDDD
PPUnDDiiiLLaaNdd'sss
PPPAnTCCCHaaRtttRRRIuuun
ppOOONNNTTTEffRRaaCCCTTT
ppOnntAAAAc
PPPiNNNttIacc'ss
PPUUNNNtttIIIaannaaaKKK
PONTTTIIC
PPOOOnntttIFIIcccItttEE
pooonTIIficOTE'SSS
PPPOONNtttOORmmmooo
ppUNNtttuuus
PPPUUNNNtUSSS'SS
PPOOOooh
pEEOOhh's
poOllee
ppIIoooLLLE'S
ppouuunA
POOppEE
PPPUUUpEYYUU
pppOpEEYYe'sss
pOOpoCAAAttiiipAATl
pOOOpppeeR
PPPEEppEEErrr'sss
PIpPPuuunnnS
pOOOPPpppOOOnnns'S
PApssiicclllEEE
poooRFFUURiiiO
pppOOOrrrFFFAARIOO'S
PPiiiRaaa
PPiRRRRIIMMA
PPOrriiimmU'SSS
pUrrsCChhhO
pppOrSSSCHHI'S
pppOOrsaanOO
PEEERRRTTT
PARRRttEE
PPPIRTTTiiirr
PPPOOORRRttAOO
PPPOrrrTTTIIu'SSS
PPIIRRRttlllUUUnnnD
ppOOOrrrtlannndd's
pppaaarrTTTLaNdduuRR
PPPORRTSSmmmouuuttth
pppEEErTTagAlll
PoooRRtttuuugAAlll'SSS
pppOOORRtttaaGGGUUUEEssO
poooRRRTTIIgUUUeeSSAA'sss
PPAseeaaadOOOnn
PPOOsseeeidddenn's
POOsooon
pppUUSStt
PPOssTT'ss
pOOsteMMprrEssssIIUUnnniSM
ppOOOtAAwwwAAATTTOOMaa
PPUUUtttAAAwwoooToooMIII's
PotEEEMMMkkkiiinn
ppotttooMMMiiC
pppUUttOmmmaaacc'sss
PPPutttSSSDDDUUUmm
pAATTTToWaaTOmmmiiU
pOOttttAAWOtttommmiiiaa's
pppooTTTTiiRRR
PPoTTTTTss
pppeeettTSSS's
PooooghhkeiiPPPsssIuu
PPPaaaghhhKeUUPPSSSAAE'SSS
PaaaULLenccc
pOOOUnnDDD
pOOUUUSSssiiiNN
PPPuuuWWWellllll
POOwwELLLLL'SSS
PoowwErppUIINt
pIwweeeRRRPPiUUNNT's
pppUUwooorrrs
PPooowwwHHHaatttunn
PPPooowwhhAAATTTuNNN'SSS
pIIIWyS
pppoooYYYaaanngg
PPPOOOzzznnaaN
PPooozzNNNAAAn'S
ppOOOzSSSannnYY
PPPoZzzooolli
Prrr
PPrrr'sss
PPRRUUDaaa
pppRaadddEE's
PRoDDO
praaadU'S
PREEOTiRRiEN
pppRRRooggEEEEE
pprraaGuuua's
PrrraOE
ppRRaaaooO'S
pRReeaRRRiAlll
PPPreeoRRRIIIeeL'SSS
pppRRRaaaKrrreeTTT
PPrraattccHHEETTTt
pRooTTccchhhetTT'ss
PPPRRiittU
pppraaatttT
pppraattT'ss
PRRuuvvDoo
ppRaaVVDa'SSS
PPRaaxxxitEEEllooss
prreeeeKNNUUssssss
PRRReeaKKKNEEEsssSS'SS
PPPrreeecceeeMMBBBriiaNN
PrracccUmbbRRoaann'SS
PPPRReeeMIIIirrr
PrEEEMiuuR'SSS
PPPrrreeeMeeeNgUUrr
PPPrrruummAAnngIIIr'S
PPrraammyyysLuud
PPPRREEmmmYSSLLLIIIDDD's
PPPRRANNNssoo
PPPrreennsssA'ss
ppprrreenntttIcEE
PPPrEENNNTTIIcaaa's
PPPREEES
praaaSSBBB
prrIISSSbbbyttteeRRRooIIN
PPRREESSByyyteRRReAnn'SS
PPRRESSBYYTTuRRRIIIaNNNIISmm
PrrEsbYYYTTuuureaaNeesssm'SSS
PPPRRRESSByyyTTuuuReaaanIIISSmms
pprrOOOSbYYYttuuurEinS
pprEEScccAAAtt
ppRRRaaSSScOOOtttttt'S
pRessIdennnt
PPRRREEsssIIIdeeNNtt'ss
ppRReSSSiDDDEEnnnTTs
PrrrUUUSiDDDoUUm
ppRReeesLLaYY
ppREESSttOn
PPRRetOrIIooo
PrrEEEttOrrIIuu'ss
pppReeetAAARRROOOUUUss
PRRRAAUsSSEEEn
pppRRREEUsssEEn'sss
PRReeVAAN
pRRRiiivvinnn'S
ppRRIIaamm
ppRiiiOMMM'SS
ppRRRUUUaapUUUSSS
PPRRiiiIIIppoSSS's
ppprrraabbbiiLooofff
pRiibbbOOlOOff'ss
ppRRRiiiCCa
ppprIIDeee
PPrrrOeeessstttlllEEy
PPPrriiinncee
prrIInnncee'SSS
PPrriiiNCCCeeeTTIIN
prrrIINNcccETeeN'SS
PPRReeeNNCCIIIpe
PPRRRoooNCoPPii'ss
pppRIInZZ
pRIIIoooRRR
ppprIIsscccIAAAN
PPPrreeeSCCiiLLLLLaaa
pREscIIIlllAAA'sss
PrroooSTTTiiNa
PRRiiissttteNa'SS
PrraUUss
pppRRaiis's
PPPRRIIIVVVEETddeeecANtt
pRRIVVVatU
PPProooccluusss
PPProoccnneee
PProcOPooAAS
ppprrooocRRRUUSSTTTeeeOON
PPROOCCCRRUSSTEESSS
PRRIIcRRRASSStUUUSS'SS
pprOOOCCTTTEEr
PRoooCTEERR'ss
PPPRRRooCyyyonnn
pppRRooccyOOONNN'sss
prrooff
ppRRRAAAG
PPrrrOOhhhUUUbbiTTEEEoN
ppprreeekoFieevvv
pppRRROOKKaPYEVVsk
pRAmETTTHeeeenn
prrrooommmeeTTHHHaaOss
PrEEmmeeethhheUUSS'S
PPPRRRooMooonnnTTTAARY
PRoommmeNtttoooRYYY's
PrrrOOnnAAAbbbAA
ppprrriiipppeeerrTTToUsss
PPPrOOPHHHEEETTT
PPRROOpppHHeeets
PrrrOOOssoooRRPPInnnaa
PPPRosEErpiNNE'SS
PrOOSSSerrrPPUUNNNEE
PPPrrUUUssseRRpppiiinnnE'SSS
pppRRRoot
pprrAAAtttOgggeRRAASSS
PPPRRiTAgeerreuuN
PRRROOTEEECCCttOOOrr
ppROOteccTToRRRUTTEEE
prrrooTTUUURRROzzOOOIIICC
PrOOtoooRoozzzOOuuuC'SSS
PPrrOOOTTTessTTTUUUnnTTT
PPPRRRIIItttuStttaaaNNNTT'ss
PrrUUUTTTESSTTTAANNTTIssMM
PRRReTTTeeSSSTTentiisssMMM'SS
ppprrriiittteSSttAAAnnTTTiSMMMSSS
PPPRooTTEESSSTTTaNNNts
prrratttEEEaaas
PPRRooottiiuS'SS
PruOOdhhuunnn
PROOoooST
PPrriUUUSTT's
pRRRaaAASSSTeEN
Prrraaavvv
PPPrOOvvveNNccAAALLSS
prrrIvvveeeNNNCCCEEE
PPPrrOOOVVennnccEEE's
ppRRROOOvvEEENçOOlll
PrEEEVVVaaNçaaaLL's
PrrAAAvvvAArBBBS
PPPRRROOOvvvIIIddEEENNcccEEE
ppRRRoooVIIDDDeeeNNCCa'SSS
prrOOVVVOODDDeeeNNNccuuuS
PPPrrrOOOvvvuuunncOOTToowwnnn
PPrOOVVVOO
PPRRIIZAAAC
ppprUUZZZAc'SS
PPrrrooZZZIIIcS
pRaaDDD'heeennn
PPPRRUUUDDeeNNNccEE
ppprriiDDDennCCCeee'S
PPrrruuDDDOOnnttiiiIIILLL
PPRRRUddEENNTTIEELL'SSS
pppRRoItttT
PrrrUUuutTTT's
pppROOOsss
pRRRUUSSSssIAA
pprooosssssuuua'ss
pppRREESSSSSIIIIN
prrrusssEEEaN'sss
ppprrrEEESSSsssuuINNaSSSMM
pppruusssAaanSSS
ppproTTT
pprrrYnnaa
ppprrYYYooR
PRRyyyoooRR'SS
PPs
PPPSSeellMMMs
pppSSAllttEER
PPPSSSAAllltteeer'sss
PPPssALLLtttirrrSSS
pSSSkkovvv
PSSSYYYccHHHiii
ppSSSyyChhhE'SS
ppttt
PPPtt's
PPPTTaaaHH
PPPTAAhhh's
PPPTTiLLLaammmaeuss
PPtttOLLLIImAAAuuuCCC
PPToolEEEMAAAEEsssttt
ptteellAmmmiiiEss
ppTTTaalllEMMMyyy
ppTTTooollammyyy'sss
PPPu
Puuu's
PoCCinnnooo
Puuck
PPPocckkIIITTTT
PPUCCkkkeetttt'SSS
PPOOeebblii
pUebbblllUUU
pppAgOttt
PPPuuuGGGeeTTT'SSS
pAGGH
PPiGGGh'SSS
PPAGLIIIaa
ppogglllEEEa'SS
ppaaaLLLaaa
ppOOlAAASki
ppUUULLLoTTTzzzeeeRR
pUllllmAAANNN
PPPElllmAAnn'sss
ppiLlllmmmAAAnnsss
PAAAlMMIIITTTor
ppEEENNcH
pUUUnnCCChhiinnEELLlooo
PUUNNO
PPuNNaa'S
ppUUnnnIIC
pppUUnIIccc'SS
pppuNNNjjjAAb
PPPIInnjAAABBB'S
pIInnjObbbii
ppOOOnnjjjABOOO'SS
ppUUUnjjAAABBOOOss
pppUPPPPIISS
PPirOOOnnAA
ppURCCCeeell
pppUURRDDUUee
pAAArrDUUaaa'S
ppuRRGGGuuToRRy
pppUrrrIII
ppuRRRIIm
PPPUrrrIIM'sss
pUUUrroomSS
PuuReeenno
PPPOORUNi'sss
pUUUrutaaan
PPPUUrrITTTaNEEEssMMM
pppEEErrAAtttUniiSM'SSS
piiRUtaaannnOOOsssmmSSS
pUUUruuuss
PPUUrruuuSS'SSS
PPPuuuSIIInnn
pAAsaaNNN'SS
PPEESSIIIYYY
paaasssEYYYuuuSSSM
pUUssOOOYYYaSM'sss
pppIISEyuSSMMMSSS
PAAAsHHHKKKun
PIIIssHttteee
PuuSShtttU'SS
piitttiiiN
ppOOOTTENNN'SSS
PPPuTTTNNaaammm
PPPuuTTTSScHHH
PPPUUtaaammmeeeyyIII
ppuzzaa
pppUUUZZO'SSS
pvvT
pppyyDDNNaaa
PPYdddnI'SSS
PYYgggMMMaaallOOOON
PPPyyygggMMMuuLLLEEEOnn'SS
PPyGGmmieess
PPyyGMMMyyy
PPPYGGmyyy'SSS
PyLeee
PPPYYYLLAA'sss
pppYYYlluuuSSS
pyymm
PPYNNNchhIN
ppyyynnncccHHHoNN'S
ppyyyIInGGyuNgg
PyyoooNNNgyaaannnGG'ss
PPPyoottrr
pyyeTTTR'sss
pYrrAMMMoooDDDuuunn
ppYYYREnUUUANN
pppyrEENNEeeSSS
pppyyyrrEneEEESSS'SSS
pppyyREEXX
PPPYYRREEXX'S
PYYRReeexeSSS
PPYYrrUPPhhhLLeGeeeTTHOn
pyyyRRRRhhA
pppYYrrrRRRHHiiic
pppYYRrrHHHo
PYrRRRhinISSSMM
pyythhhAAAgIIIRoss
PPPyyyttthAAAGuRaaS'S
pppyyttthhAAAGGGOOORRRIIaaaN
ppYYYThOgooRRRIIIooonniiSSSmmm
ppYYTTHHHEA
PYYTHHHiu'S
pYYYTTHHeeaann
PPPYThIIIAs
PPPyyyTTTHUUn
pYYTThhhENN'sss
ppYYXXUUUsss
PPPéTTeIINN
ppétauNN's
PôrrrtttUUU
Pôrtu'S
q
qkkTp
QQaaBBAALLah
QubEELLooohhh'S
qqAAAddDDDIIIFFii
QQQAAddddAFFFI'ss
QQQAAdHHHafoo
QQQaaDDDhhAAAFFFii'ss
QANTTaass
qqqAAnnnTTAASSS's
qqIIITaaR
QQQUttOORRR'sss
QAteRRaaa
qqATTaaaRRRiii'ss
qqqaaaTArrraas
qqqiNGGGDAAiii
qIqqaaHIIrr
qqqiQQQoooHaaaR'SSS
QOOOmmm
qOOOMMM'ss
qqqqqq
QQuUuullUUDe
QuuuIIALLudddoo'S
QQUAAAddrrraGGGesIIMMO
QQQUUAAddRRaaGGGAASSiMMAA'S
QQuuuAdddRRRiiigggOOsssiimEEEll
qqqiiaaKKoorr
QQaaaaKKKEEERRR'ss
QQuuuKKKeRRRiiSSMM
qqqiioooKoREssM'sss
qqqoAAkErUssMMSSS
qqqUAkkkEERRss
QQQEEEEEEOOOAAAr
qEEaaaEaaar'SS
QQUarrTeeRR
quuuEEEsiiimoddde
quuAttteeRRRnnaaRRRyy
qAeeettEEERNNEEErrY'SSS
qquuuaatthlaaMbbbaa
QuaayyyLLLeee
qUaYYLLLi'sss
qqqUUUE
qqqUAbbeeeC
qqqIIAAAbbEEEc'ss
QQuueeebAAACCEEEr
qqaaaAbiiCCKKKAAARRR
QQQuuuEEECCChuiii
QQUEECCChhhUaa'S
qUUUEEEcccHiiOOOn
qqaaEcchhIeees
QQQUAeeennn
QQIIaeenSS
quuueeEEnnsss'sss
QQueeeEEnsLLLeeNNNd
qqUAAAEENssleeeNNddd'sss
QQuuaaaansssluNNNddAAArr
QQAeeeEEENNNssTTAwwwnn
qUUUEEEllpppaaaRttt
qquEEMuuuYYY
qqueeeNNttin
qOOeeeNNNTENNN's
qqOOEERRoooTTTIIruu
QQQuIIREtttIRUU'S
qqqOEsssnUyyy
qiiiEttZZZaaaLLLccceITLLL
qqqooEtttzzaLLLCCoooATTLLL'S
qqiiiezzOOOnn
qqeEEzzoNN'SSS
QiiOOObarrUUUN
QQuuuOOOLLLMMEESSS
QQuuuiimmPPPaRR
QuuIIINccY
qUUIInnCCCyy'SSS
QQaaaOOnnnn
QuuIIINNqAAAoggEEEssIIIMMe
QuIIINNqqqeeeagggoSSIImmmAA'ss
qqqUUUiiiNNNQQiiogEEESAmmmAAAs
QOOOaaannnttteeeRII
QUuuuNNTTaLLLiiAAAnnn
qqUiNNNTeeLLLiiiaan'SSS
QOOOOONTOOOnn
QQUUeeeNTTTiNN'sss
QuAAANtOONN
qUinnnTAAAnnn'ss
qaaeeRoNUUUlll
QeAAArrriiiNuuS
qqquuRaattEESS
QueSllInGG
QQUUiiSlEEENNNG'SSS
qoouutO
qquueetI's
QQIiiiXXXOOtttee
qqqeeeIIIxxOtttusssm
QEaaxxUUUttASSm'S
QoMMM
quM's
QQEmmrrrIInn
qqqUUEnnssEEEt
QQeeerr'un
QQQEEEéBiiCCOIs
RRR
R's
RRRU's
rrreeF'SS
rromm'SSS
RcAAA
RRcccaa'S
RRaaaMMM'SS
RNNN'SS
RRNNNA'SSS
roooMMM'ss
RITcc'S
RRRvv'ss
RRRUU
RRa'sss
RRUbAAtt
RREBBUTT'ss
raaBuuuiLL
rrrAAABEEELLLEeeeSS
rraaBOLLIass'ss
rAAAbIIlaiisssuuuaNNN
RRREBBBA
rAAAbbiiAAA
RRaaabIINN
RRREbbbuuuNNN'ss
RACe
rrAAACCChhhaEEELLL
rrOcchAAAOl's
RRRAAAccHeelll
rrrACheeeLLL'S
rrOOCChhIIILLllE
rrAAAcchhhEEELllI'ss
RRaaCHHHmmuNAAANAAffff
rrAAceNeee
RucUUUnnnEE'S
rraddCCLLLAAAffffe
raaaDCCClllifffFe'S
RRRaaadddnOrrSSShhhiirrreee
rraaadommm
RRRUUeee
RaEE'SSS
RiibbUURnn
rraaaFFUUUEEELLL
rAAAfiiieLLL'SSS
raaaFFFLUUUsss
RRRAfFleeess'ss
rrAAAGGGnEEErrrökk
rrraaagnnnEERRRökk'S
rraiiiNNiieeerrr
rrraJJJ
rrAAAjjjaB
riiijjjOObb's
RIIIJJAAbbbSS
RRAJISSthANNN
RAAAjAsssttthhAnii
Rajjjkoott
RAJPPiiittt
rAAAjjPuuuTOOOnnnUU
RAAjjjpUUTAAAnnnuu's
RRajjShaaHaa
RRAJSSSHaHII'SSS
RULUUUgh
raallaaeeeGGGHH
rAAAlllUoogggH'SS
rrraaLpphhh
RRROOLLPPPhh'sss
rriMM
RRRaaMUUU
RaaaMMaaa'SS
rAmAAAccHAAnnDDrrrA
RRRammaccchhinnnDDDraa'SS
rAMMMAAddooo
RRRUUmmUddIII'ss
RRRaaaMuuDDDIN
rrrAmaaaDDDOOOn'sss
rAAAmmadddaaanss
RaammmaaKKKrrraShhhnuuu
rrUUMinuuuJJAAAN
RRaaaMAANIIIJJJIIInn'ss
rUUMiiYOnnnee
rraaaMBBBoo
raaammmBOOO'SSS
roooMMMBBBOOOuULLlleettt
RRiiMMbouAAALLLLETT'ss
rammbbbAAAUUUoolllliiTSS
rreMMMIIIAAAuu
rraaMMMASSSEEss
rrrAmmmEssSSSis
RRRuuMEElllliiioooss
RRROMiiiRREz
rrAAmmIIrrrooZ'SS
ruuMiiRRREE
rrrAAmmmIRRRoo'ss
rrimmUnn
RRAMMMoooNNN'sss
RRomooNNNa
RAAMMoonnnooo'ss
rrriMOOOSSS
rrrAmSOy
rrAAmSSSEESS
RAAAMsoooY
rrIImmmSEEEYY'sss
rrraammmSSSGGAATTee
RRRaNCaaaggeeA
RRREnCCHHHA
rrEEEnchhha'ss
rrooonD
rrUUnnDDIIILLL
RRaNdall'SS
RRRAAAnnDDDElll
rrOOONNNDDDOllll's
rrriiNNNdddUULLLl
RRuuunDDellll'sss
RRRAAAnndEEERsss
RAAANNNdddII
RAAnDDI'sss
rrrAAnDDDIILpHH
RReennndddoolppH'S
RRRAnnnDDWWWiiCCK
RRRaNNNDDwIICCkkk's
RRaaannddyyy
rrrAANNDDDyyy's
raannnGEEr
RROOnnguur'S
rrongggOOOOOnn
rrranngoooOOONNN'ss
ROOONNNkkk
rrannKKiiiN
RAAANNkIIInEE
RuunkAAANNee's
RIIIEOOOL
RAAUIIIl'S
rrrApppaaalLee
RUUPPPHaaEEEll
rrraaapTTTIIrrEE
raaaPPPTuuuREE'sss
rrraaaPunnnzzzaall
RRAPPUUNZEEEL'SSS
RRRiiiqqiiioooll
RRAqquEEElll's
RRUURRooottoNNgAA
RROOOSSSEEELGGGotHHHOO
rrEEssAAALLGGGEEETTHHii's
rrrASALLHoGGuE
rraSSSAlhaaguuE'S
RRIsssHT
RoossshhhTTT'S
RAAssskk
RReeSSMuuSSSsEEENNN
RRREEEsMMMiiSSSssseeennn'sss
RRiiiSSSPuuuTTTiiN
rrraasTooobun
rrraasssttAAAbbbeennn's
RuSTTTUfffIrrIaaNNN
rrraaSStttEfffaaRRRAAUNNN'S
rrrasTTaaafuurrraanIIIsm
RaaaSSTiiiFAArrriiiinOOOssmmm'sss
RaassTToFFaaaRRReeeenoooSMs
rraasTIIIFFOOrrrAAOOOnnnSSS
ruuuTTThhaaaUS
Raatthhhiiuss'ss
rAAATTThhhAAAUUssEEER
RRRAAAThhhEEAASeeRR'ss
rraatttHiiniiE
RiiTTHHHeRR
RRRAAAthhhEER'SS
RaaaTTTliiff
ROOTTTlllIffFF's
rrAATTTUGGAAnnn
rrroiiiL
RRRooOLLL'sss
rUUUVVeeell
RRRAAvvenNNNOOO
RRRAvANNNNNNI'SS
RRiiiWalllpiindUU
RRRuuWWLLeeeNgggSS
RRAAWWLiiNNNGGGS's
RRRIIy
rrrUUYYYBBaaann
RRAYYYbbannn'ss
RAAYYYbbbuuuRRNNN
REEyybuRRRn'sss
raaYYYLLuIgggHHH
rrrAAyyMMMOONNDD
RAAyyMaaaNNNddd'sss
rrrOOOYYYmmeeNNDDDII
riiyyymaaannndOOO'sss
Rbb
rrb'SSS
RRRd
rE
RREE'sss
rriEEEdddE
rreeeAAddANGG
rrreeAAADUUngg'SSS
rrOOOaagggUNNN
RRREEAAAgaN'SSS
riiiAgENNNIIIMMMICCCSSS
RRRiiiaGGaaaNNoommiiCCSS'ss
rrrUUaLLLPPPAllOOttteeeK
rAAAALLLtERRR
rreeeSSIIInnnerrr
rreeooosssoonnnEEErrr'ss
rreeeBooo
RRRabbba'ss
RReebbeeCCCcca
rrrEEEbAAkkAAHHH
RRREEccEEEnnntt
RRaCCCHHaaabbeTTTEE
rooccciFu
RECCiiiFFaa'S
rrrACCCoooNSSStrriiiCtteeeONN
RRReccoNNNsTTriiCCTauuuN's
RRReeeCCaNNsssttRRuuucccttAONNuuuSSmmm
RReeCCOnnssttRUUctttaoNuuussstt
rrrEEDD
rrIIID's
rrUUUdddbRRRUdddGGi
RRReedddBBrrIIIDDGGE'S
rrrEEDDEEUmmmEEr
rEEEDEuuummEERR'SS
rrrEEEdddFFooorrddd
reeddFooRRddd'SSS
RRRuudddGrrruuVVVu
ROODDGrraaaVeee'SSS
reeeddMMMoooNd
reeddONNN
RREEEDDS
rrOOODssTooNNOO
rrrAAibbbuuuK
RReeebbok'SSS
rrOOeD
rrrEaadd'sss
rreeEESSSe
rrrEuSSSee'SSS
RRREEEEveSSS
RRUUUFFIrrrmmmitttiiONNN
ROFEERMMMAttUUUUnnn'SSS
RRRUUUFoorrrMAAAtttIIIunnSSS
RReefffiirmmIId
rrefuuuGGGAA
REEEFugguuOO'S
roooGGG
rrrUUUGUUUnCYY
reGGGuuNNCCY'sss
RROOggEEnnnSSSbborGG
rrigggeeeUUU
rrraaaggIIe's
RReGIIInn
rruuugIINNO
RRRIgggINAA'S
RRReeGGGUUnnnaaae
riiGINNNAAllddd
rrrAgiiiNNaLLLDD'S
RRReeeGGiiOMMMIIInTiiNNuuuSSS
riiiGIISS
RREGGIIS's
RRaGGGorr
RRROGoR'SSS
REGTTT
rrrEGUllloooSS
REEggguluuSS's
RooohNNqiiiUUUsTTT
rrrEEIchh
RAAIchhh'ss
RRReeeiichheeeNNbEEERRRGGG
RROOOIChhsssMMARRkkk
RRRaaUcchhhsTAAAgg
RReIddd
RREEaallLLyyy
rAiillllYYY'S
reummSS
rrreIIINNNalldOO
raaaaaNNNaaLdOO's
RaiiNhhhaaaRRRddT
RRReeiiinHHEELLDD
RRoinnhhAAld'SSS
rrroooMMuuurQQQEOO
rrrEEMMMBrrriNDttt
RRReeeMMBBRRRAnnDDt'S
rrrUmmmiiNGGTOOnnn
rrIIMMMssChhheuuuD
RRREMMMoooSS
rimmmuuSSS's
RRRIIINNaa
RENNaa'sss
rrUUUNiIIsssannnCCCeee
roonnaaiisssSSSANNCE'SSS
rrroNaaUUUsssIINNNCees
RRRenaSSCCennCCEEE
RUnnnEULTT
rrreNNNaUULLT'S
rrreeNEEE
RRRANNii'ss
reeneeeoo
ReeenaE'SS
rrreenFrrruuuWW
RReNNNII
RRRaaaNNNaaas
RREEEnnnII
RRREENNoo'SSS
rrEENNoIIIRRR
ruppp
RRRaaappprIssseennntEEETTOOOVVVe
rrrIIIPIIBBBLLLicaN
RRAAPPPOObLIICAANNN'SS
RRREEEpuuubbbLiiCaNIIsssM
RRoooppiblOOOCCCaNNss
rrrEEEQuuiiaaammm
rrrEEEqqqUUUIeMM'S
rrrEEEQQQEEiiEEEmmmsss
rrreeeSSShhhttt
REEESiiiSSStOOnnncceee
REEESSIIISTTTAAnnnCCCIIAA
rrEEStttIRRoooTTIOONNN
RRREEStOOrrraattiiuuNN'ss
RIIIsseerrrRREccctttIOOOn
rUUUTTiiCCCIIILUmm
ROOOUBBEENNN
rrrEEEUUUcHHHLLLiiN
rrAAannIIIeNN
REEEuuuTTUUURss
ReuuutttHHOOOr
RRReUUttherrr's
ReeeVV
RRRaaavvvaaa
RRRAAvvva'SS
RREEVVVOOL
RRRooVOOOLLEEEttUOOnn
roooVVVeeeLaattiiiooonnn'ss
ReevvuuuLaaTAAooonss
rrrIIvOrrrE
rrrEEvveeRRREENCaaa
rrreeevvveeRRReNNddd
RRReeeveerrrIIInnDD's
RRRAAVVVLLLuuunn
ReeeVVLLOOnnn'SS
rruxxx
ReYYEss
RRReYkJJiiviK
rrriiiYkjjAAAvvvEk'SSS
rIIYYYnnAAA
ruyynnaaa's
rrEYYYnnoooLddOOO
RRRuuuYYNNNOOlldddoo'ss
rrrUUYYYnnIIRRRd
rrreeeyyynIIRDD'SS
rrrAAYYneerrrDDDSS
RRRayNNNOOuuuD
RRReyynOOLLLDDD
rreyNNIllddd's
rrEEyNNNooollldddsss
RRRFF
rFFF'S
Rhh
RRRh'ss
rrrHHADuuMaaNNNTTThUS
RHHaaaeeettUaaa
rrrHHeeeA
RRhhheeeUUU
rHeEmmms
rhhhoooIIIMss'ss
RRRhhEEEIInGUUUUU
RheeiiiNNGAA'SSS
RhheeINLInnd
RhEIINNLLAAnnnD'SSS
RRheeNiiSShh
rhhEETTaaNN
rrHHHETTooocc
rHHHaaAAAnnnNNonn
RhhuuaannNNooonn'S
rrHOONNNO
RhhIINNNeee's
rhhhIINNNeeluuNNNd
rHHIInnaalaannnD'ss
rrrHiNeeelllAAANDDDUUr
rrrHHHOOODee
RRRhheeeDDaa'SS
RRRHHHEEDDaNIsss
RhooodduuuneeS'sss
RHiiiDee
RRHOOdeees
rhoddesseeeAA
rrrhiiDoooSSSuuuAA's
RHHAddIIssOAAAn
RHHoooDDDOOOOOONN
RhhhODDDoooSSS
RhhhOnnnaaa
rrrHHHONNIII's
rrHuuuNNNddUUU
RRHAAnDe'SSS
rrrhhhooNNNDDDDEE
rHHeeenEE
rHHHOOONEE's
RRRuAALtto
rIIbBBinTTTRRRAAP
ReebeRRu
riiCIIIrDDDOO
rrAACCcciiiEE
RRECaa
RRIICChhh
RRReccHH's
rrICCCHHarrrDD
rrOOChaaarrDDDs
RRaaaccchhAAArrdddSeNN
RRROOCCheeellIIIeeeUUU
rAAACCCHHOOLLeeeeU'S
RRuuCCChhhOOEEE
RRRICCCHHie's
riiiCHHmiiinnnDDD
rrIIICCCHHHMMMooNNDDD'sss
RRICCHTTTeRRR
RReecccHthOOOfEnnn
RRIIICCkk
RRRicKK's
RIIccKKKeeeNNbbbUcckkOOOr
RIIIckkkENNNbbbaCkkkaaarr's
rIIICCKEEEYY
RRRiCkkEEYYY'SS
rIICCCKAee
rrruuuCCCkkkieee'SS
rruuCCkOvverrr
RRIICCCKKy
RRRuccKy'sss
riicaa
RRRiiCCo'SSS
rUDDddLLLee
RRIdDDDllII's
riDDAAA
RiiDLLeyyy
rriooofffUUUnnSttaaaHHlll
riiiEFFFeeNNsstAAHLL'S
RiiiELLL
rIIIOOOLL'SS
rrrIEEmAAAnNNN
RRIeeeMMAAnnnN'SS
rrrIIaaNNNZZZi
rrrUUoooSLLLiNNNgg
RAAEEssLiinnnGG'ss
raaEESlANNNGGsss
rrrIgO
RRiiGGa'SSS
RRRoGIIIL
rrrooogggeLLL's
RiiGGGGsss
RIIggGGsss'SS
RAGGhhTT
RRoGGhhttIIISmm
RRRIIgu
rrIIggoobeeeRtttoo
RRRIIIGGoobbuurTOO'S
rrruuGGGOOLLeTTtti
RRRiGEEElllOtttttUUU'sss
rrijjEKKUU
rrAAkkssddIg
rriiLLLeYYY
rIlKKKEE
rrraaMMBaaaUUddd
rrrIIImminnI
rooNgglllIInGG
RRaanGlinnGG'S
RRRiiinnngggoo
RiNGGGoo'SSS
ROOOO
rrrAO's
rEEEosss
rrrIpplllEEEy
RiiipppOOOnnn
RIIIPPUUErOOaaaNN
RRRASOOrrrGuuummEEENNttooo
RRRiiiTAAA
RRItttaa'ss
RRRutttuLiNNN
raTOlIInn'ss
rruuuttttttAAARR
rroTTTz
RITTTz'SSS
rreevvvaaasss
ROOveerra
RIIVVURRRSS
riiiVVVErrrsssIIIDeee
rOOVVVaaaiiirrrooo
RRRiiiVIIEEErrAA'sss
RRRiiiVVVaEERAsss
rrreyAdddhhh
rIIYYYADDDHHH'SS
RiZZalll
RRROOOZZZIIIII
rrrnnn
RNNN'SS
roooaaaCHHH
rrraach's
roooaaanAkII
RRREAAANNuKKUU'SS
RRRoooB
rOOB'sss
RRRUUbbbBiiiA
rrroBBBBBiiiE
rrrOObbbbbbiii'sss
RRuuBBbbbUUNNN
RRRiiBBUn's
RROBBBBBuuuNNs
rrObbY
ROOOBBbbbYY'SSS
rrrOOObbeRRSSaNNN
RRRoobbbArrssaaNN'ss
RooBEERTTT
ROOObUUURt'ss
RRRoobbuRRtAAA
riiiBBUUrTTTa's
RRReBBERto
RUBBBerrTTToo'sss
RooobeerrTTs
roooBBBuuurrttssOON
RROOOBBEErrtttsssooon'SSS
RRobbeSSSuuuNN
RRobespEEEoooRRRREEE
rrrooBBiiinn
RRRooBBeeNNN'S
RRuubbbInSoonnn
RRoBIIITTUSSIN
rrooBBiiiTTTuSSsssIINN'S
RAABBlEESSS
rrABLLLUSSS'S
RROOBBssAAAn
rrOBTT
rrrOBBBT'ss
roooBBYNN
rOObbYN'sss
ROOOCAAA
RRUUUCCo
rrrOOCCcoo'sss
RROChhhU
rOChA'sss
RROOCHAMMbbbooAAAUU
recHaaaMbbbeeeiuu'S
rraaacccHdddaaalEEE
rOOOCCHHe
REEccchA's
RROChhELLllloo
RaaChhheeLLlllE's
rroCHHHUUsTTTAR
rrreccchuuusttERR'ss
rrrIIICK
rrroCCkeeFFFUllllllIIr
RoooCCCKfooRRRddd
RRRAAACCCKKHAmmptttoN
rrooccKieeesss
rroocckkkiiuuuS'SS
RRooocccKKIINGGGHAAmm
rreecccknnnaaa
RRoooCkkno'SS
rrrOOCCKKVVIIILLLLLee
RROOccKKVIIIllllle'sss
REEcKweeeLLLLLL
roocKYYY
RUUUCCkkYY'SS
RRREcOcO
RRODD
rood'SS
RRRaddddONNNbbbAAARRRRRRyy
RRRoDDDdddEnnnbbbEERRrrrYY'S
roooddEEERRIIcKK
RRROdddEERRRICCK'SSS
rIddGeR
rrrOOOdGGOOR'S
roddgerrss
RRRuDDiNN
rruuddnAYY
rrOODDDILffE
rrEEEdddUUULffEE'ss
RiDDrrricccK
rroddreeCKK'SSS
RRuuudddrEEGGGE
rODDDRRUUGEE'SS
RUUUdRRiigUiZZZ
RRiiddRIIIggUUEEEZZZ's
rrAADDrruuuqqUEEEz
RRUdrrrIIqquuueeeZ's
RUUUiGGG
rrrUUUaagg'SSS
rriEnnnttGeeennn
RooOOOtthhhKKE
rrrogggAAAlooE
rrrOggEELeOOO'SSS
rooGGIIrr
rrrooogeeRSS
rrOOOggEtt
rrrUUGet's
rrrOJJAASSS
RRuuJaasss'SS
rUUkUUU
RRUUUKKUU's
rIIIlllaaiiiddsss
RRRoLLaaIIIDDss's
roolinnndd
RRROOllaaaNNDDDA
rrrooLLAAAnnndddUUU'ss
ruulEEXX
RRolleeXXX's
rrOOlllf
rraaalllEEnnnDDD
rrrOLLLlEEERBLEEEDDe
RRoLLlon
rooLLllliinn'SS
RoolllLOONNNss
RIIILLLLooo
RRRAALAAddEExx
rOOLvvvAAAuuuGG
ReeelVVAAIIg'SS
RROOMM
RRoooMMMA
RRoommaa'S
RIIIMMMeeeggnnnAA
RoommuuuIIIcc
RRooommmOOOIIc's
rrraaaMMOIIInnS
rruuuMeNN
RoooMMaN'SS
ROMMMOOOnCCEE
rrIIMMMAANNcuu'sss
RRRooMMAAAnaaSSqquE
reeeMMAANOSSSqqUUo'ss
RoommAAAneSSSQQQiiiaSSS
RRoooMMiiiNNUU
rrOOOmmaaaniiA
rrimaanniiiaaa'SS
RRROOmmAnnuEEN
RRROMMMONiiiAAAN'SSS
rrrEmaNNIIuunnss
rrrUUmIIInEECC
RRRomiNEEESSS
RRRaammmANNNIIssM
RuuMMAnnniisssM'sss
ROOOmmAAnnnISSmmmS
ReMMeennIISSt
rroMMMAAnnnOzzzO
RRROOmmmEEENNNiZZoD
RROmmmOOniiZeees
rrooommmaaNAAZZIINggg
rrUUUmaaNNNiii
roooMaNNNeeffF
rImmmAnnnaFFfff'sss
rroommAAnnEEvvv
RRRemmmonnnOOOvvv'S
rraaammaaaNNSSS
rommaNscH
riimmmANNNsscccHH'SS
ruMMMuuuNNSSH
rruuuMOONNTTTiCC
RoooMAANNttecASm
ReemaaaNNyy
rrrommmiNNyy'SS
RoooMMMbeRRGGG
ROOOmbbluuuNN
rrrOmmmBLLOOnn'SSS
RRRoMMMUUU
RRUUUmmmii'SSS
roommeeea
rrrOOOMMEEErrII
rrAAMUriii'ss
ReMMeeess
ruuuMMMiSSH
ROMMmmmOOLL
rroooMMMMaaaLLL'ss
RRReeMMnnnEyyy
ROOMMMuLLUUUS
RRRammmuuLoSSS'SSS
rroN
rron'S
rrrannnO
RooNNNUU'S
ROOONNNALL
rrrOOONNNelll'SSS
raniiilllddd
RRoooNAAALLLDDD's
RRinnCCCEsssValLLLEEsss
rrrUUNDDAAA
rooonDDDIII'sss
riiiNNNNNNUUUE
rrOONNNiiiii'ss
RUnNYYY
ruunnNyyy'ss
rreeeNNNSARRRddd
rrrAAnnSSttOODDDttt
RAAnSStttaaaDTT'S
rAnnnTTGGGENN
RoOOONNNEYY
RRReOOOnnnEEEyyy'SSS
rrOooSSoooVVIllltt
rrraOOOsssEEvvvaLLtt'sss
rraaooTTT
rUaaattt'sss
RooqqquuafOOOrttt
RRUQQQEEefIIIRRRtt'SSS
RREquuueFFFOOORRRTS
ruRRRssscHHeecccH
rrirryyy
RiiRRRyy'S
ROsssE
rEESSSe's
rrresollEESS
rriiisseeeLes'SS
RRRassallEEEEEE
rroSiilllUUUeee'S
rroooSSalllIINNNDD
rrrOOOSSEEliNNdd'ss
roooSSaaalllIIInnnDaa
rOOOssolliiinndI'sss
RRROOOsssOOlyyN
rrrooSaLLyNN's
rrUUUssaaMoonddd
RRRiSSuuuMMoonnndd'SS
rrrAssaaammonnD
RRRooossimmmuuNNNDDD'SS
rrrOOOSSSaaaNnnaaa
rrrOOOSSSAAAnnnnoo'SSS
RRooosssUUUnnNNNee
RRosuunnNeee's
RASaRRRIIIooo
rosssCCCaaaISS
RRRoooSccOo
rroooSSSCCCoooEE'sss
rrrOOOscoMmmOOOnnn
RRRoosssE
rrrOOOssseee's
RRRIseeuNNNNNN
rrrOOSSIaNNNNNN'ss
RRROOOsooUNNNNNE
RooossoooaNnnO'S
rrAAASSooaaaii
rrEEEsiaaaii'sss
rrIssaaaCCRRRanSSS
rroSSoCCRRRannnsss'SS
RRRIIssOOlLLLaa
rroosssElLii'ss
RRoooselllYNN
raasellYYN's
RRIIsssuuummAAArrEiii
RROsIIMAARRRiiiEEE'SSS
RRReeesIImmIIRRYYY
RRIsOOOmmmaRRyy'sss
RRiiiSSEnnnBBBeeerrG
rroooSSONbbbeeeRRRGG'sss
rrrOSSSEEEnDDoo
RRoosssiinndddooo'SSS
rrIIssseenZZwwweeeIIGG
RRRooSunnzzwwwEEoogg'SSS
RRRooSSSiiittttUUU
RRRaSeeWWWalLL
rrrIIIsiiCCRRAAACCIIiiinn
rrrooossiiiCCrrUUceeeENNNisssMM
RRRuSSSiicrruCCCiiUNISSSmm'sss
rooSSSIIIcccRUUcccIANNNIssmmss
RRaasuuue
rrooosseeeA'SS
rrroooSSooNAnTIII
rrrOOOsiiiTa
RRROOSSIITaaa'SSS
RRaaaSSSllYNNN
rraaassLLYN'SS
rrrooSSS
RuuSS'SSS
riiSSETTTooo
RooosssoooTTTTA'SSS
RRoosssEnnnii
RReSsiiinniii'ss
RoosssUUUYYYiii
rrrOSTTEEENNddd
rrrooSSSTTToccckkk
rrESSSttooovvv
rOOOSTiv'ss
RASTTrrUUPoViicHHH
RRROOSSSTTTrrOOOPPPEVVVOOccHH'S
ReeessswELll
RROSSWWWOOllll's
rrottA
RRoottA'ss
rootttAAArOOOON
RRIIITTTArrrIIIInn'S
rroootttAARRRIIaaannns
RRRiTiiiS
rUUUTH
RROOTTTHHH'ss
RROOOthhhIIIrhhAAAmm
RReetHHHiRRRMMerOO
RROOttthhhKKooo
rrOTTThhhssschhiild
rrUUTTToorUa
rrrAAtttTEERddAAMMM
rrItttTTTEEERDAAAmm'SS
rrOtttWWEEEiiLLeeRRR
RuuuttttwuuEEELLLEERR'S
RROOOtTTTwEEIIILLLaRRSSS
RROOUUaaUUUllttt
REEEIIbbbAAAIIxxx
RRRoiiiaNN
rrriiUllAAArSSS
RReuMMMAAnnnIIIA
RRoooUUMMoNaau'ss
rrooiiiMMOOOnnnoooAANNN
RROOUUUnDDHeeoDDD
rrOunndhEEEUD'SSS
RooAnndddHHeeaaaddsss
RIIIUUURRKI
rrroooUURRKEEE's
rooOsssSSSIIEEEe
rroooossSeeeeeeEE'S
ruuuUUSSSSSSEElLLLooon
RRAAvee
rOOOvvvII'sss
RRRiiivvirr
rrreWWeee
rrroowweNooo
ROOwwEENNNa'S
RowLLInnnD
RRoWWWllOND'sss
RRRuuuWWlluunndssEENNN
RRRooowwwlInnnGGG
Ruwllloonngg'SSS
RoooXXXeeNNNNe
rrroooxANNne'sss
rrrooxxbooRRGGH
rrIIIxiEE
rrooxxAAAU'SSS
rUUUXY
RRRIIIxxxyy'SS
RROYYY
RRReeYYY'ss
rooyyaaaLLL
RRREEEYYCCE
RooozzeeelLee
rrIzeelllllAAA'sss
rrs
RtE
RRRu
RRRu'SSS
riiANNNDDaaa
raaaaNNddda'SS
rruubAiYYAATT
RRuuBeeIIyAtt'ss
rrruubbbbbbEEERRRMMaiiiDDD
RRUUBbbOORmmAAAIdd'S
rruBeN
rrrUUUBBeN's
rruBBBiiNNAAsssqqquAA
roobbbeenss
RRRUUBBBiiiCoon
RRUbbUUcccOOOn'ss
RRRuubbeCCCIINNSS
rrrabbIIKKK
RAAbbbAAAkkk'SS
ruuBBBIInnn
Ruubbbeeenn'SS
reeBIIInnnSSSTTAAANNN
riiibYY
RUbyy'sss
rrUUUcHHBBBeh
RRUUCHHbbUUh'SS
rraaDDoolf
ReeeddOOLLLppHH
RRuudOOOlPPH'sss
RRuDDDyy
rruudddY'ss
RoooDYaarrddd
ruuudddYYYuuRRRdd'sss
RRIFFUUUss
rrrUffESS'sss
RRiiGGGBByyy
RRRIIIhrrr
RUUUhhrr'SS
riASSDDDAuuulll
rrIIIIZ
rrrOOOiiizz'sss
rrraKKKUUUYSSSeeeRRR
rrUKKeeeyyySSSuuuRRR'sss
rrrOLLUSS
ROmAnneeaa
RRRumunEEEi'SS
rrUMMMuuuNNNIIAAAnnn
rrruMMMENNNIIaNN'SS
RaaaMAnnnoooOOOnnsss
RIMMMeeeLLIIAA
rrEEEMMPPeeellsssttaLLLtttSKiNNN
rrruuMMMppaLSStttiiLLTTSSkIIInnn's
rOOOmmSfffEEELDD
RRuummSSFFELLLDD'ss
rIInNNyMMeeeddEEE
rUnnnyannn
RRRuuuPPPUUURRt
rrrUUpEEERRRTTT'ss
ReeRRIIkk
RRRuSSS
RUUSSShhh
reessshh'SSS
RRUUUshhDDDEEEU
rrrussHHdiEE'SS
rruSHHmmmoooRRU
RIsshmmoroo'sss
RUUSSk
rrraasskkkiiiN
raaasKKKiiinAAAAAN
rrEEESSsss
RRIIISSSSSEEELLL
RiiiSSSssuuuLLL'SSS
RRROSssEEELLLLLL
rrruuuSSSSSSeelllll'S
RRUsSSSOOOAA
rUSSSSSUUAA'S
rrrISsEEEaaaN
rraassSSiOOOnn'ss
RRuuSSouNNeeeZe
rruSsUUiinnnsss
rrussssooo
ressSUU'sss
rrruSSSsEEEpHOOBee
rrrEEEsTTTbbelllttt
RRuuusTTTBeLt'SS
rrruuuSSTY
rrrAAAStttYYY'SS
RRuttiN
RRRiiiTTTIn'S
rrUttgOORss
RuuttH
ruuttHH'SS
rrruTTThhaannnn
rrroooTTTHHHEEnnnnn'ss
rrrutttHHHOONNIII
rroothhUUNEEAAn
rUthhhEERRRFooRRddd
rrrUUTTThhhaaaaaa
RRRAAttthiiAAA'ss
RuutttLLaaanndd
rUUTllaaadddgggE
RRuuuttllEdddGGe'sss
RAwEENNNzzoRRRooo
RuuYYSSDDoeeeLL
RuuuYYttIIr
rrwwaNNNdAA
RwwwUUnnnddIII'ss
rrrWWAAANNDan
RRRwaaNDAAAnnn'SSS
RRwAANNNDaaNss
RRWWWaaaNNDASSS
RwwY
rXXX
rrrYYY
RYYUUnn
RyyyAAn'SSS
ryAAAZZZANN
RyBiinssKK
rrrYYdddbOORgg
RyDDBBBeerGGG'SS
rrYYYdddaaarrr
rryILLANNND
RRyyLLAA
ryyyleee's
Ryyysswwooockk
rryokyyyUUU
ryUkkkyyyu's
ryyyEEkkyyyOOaaaN
RyUKKyyuuuaaann'ss
RyyUUUKyuaaans
rYYYuRiikkk
s
SS'SS
saaalllt'sss
saaMM'SSS
sssAAP
saappp'ss
sssAAARRsss
SSSarsss's
ssCC'S
ssCCsOOO'ss
ssEEE's
SGGGmmll'SSS
sshhF'SS
sssoDDDs'sss
SSSooBB'SS
sssIIIpp'sss
sssoss's
SSSSee'ss
ssSSWWW'SSS
SSSW'S
SeeAbbb
SaAAbbb's
SAaDDii
sAAAooor
sAAAAARRRennnoonn
SAAarrLaaNNdd
sssuuuAAArLAnd'SS
sssoaaatttchOO
sAAAaaaTTccHHHIII'S
SeBB
seBBII
sssABBBIII'SSS
SSIBBBAAADDDElL
SSSaaaBBBaaH
SSSAABBaaaHHH's
SSSaaaBBaTTTaaaEr
SSAABBBBAAAtt
SSabbbBBBIIITTaaRIaaaNN
sIBbbottEErIIONN'ss
ssseBBBBBBAAATTTeeerreeanSS
ssIIBBBBaaaTThh
sssaabbbbAAATTTHHH's
SSuuBBBBatHHS
SSIIBbaattIIccAL
SaaBBAAAiiin
sssuBolLEENN
SaabbbEEllLLiaaaNN'sss
sabbeeeLLLLIIaans
sEEEBUKK
sAAAbbbiiKK's
sssaBEEEn
ssEEBBIIINNaa
SSeBBona'SSS
SoobbiNNNEE
saaabbiiiNaa'SSS
SebiNuus
ssAblaa
sUbraa
soooBRRiii
SSIIIBrrrE'S
ssooBBrrEEENo
ssoBBrruuuNNA'SS
SSUUUCC
SSSaaCCaaaGGGAAwwwAaa
SAAcccaGGaaaWWeAA'sss
sssaaCCCeeeJAWWWeeUU
ssACCccOOO
SSSaacccCCCOO'ss
SSACCCHHHss
SSaChhss'S
sIIIcchssEENN
saaaCCChssseeeNN'SS
saaCkkkVVuuLLLlooo
ssuccRROOOmuNNNTT
SaaCCRRaaMEEnnnTERRRaaaN
sAACCCRAMMeeeNttAAA
ssaaacccrrrUMMAAnnttii'ss
SSSaaaDAAttt
SSSAAADDDdddAAAM
SSaadDaaM'SSS
SSOdDIccceOOOn
ssaddDDuuuCCCeeei
SSuuDDUUU
sAAdddeee'S
sssuDDDaa
sADIIIEE
sssAADIIE'ss
SSIDDDRRR
SadddR'S
SSSaaaffARR
SaffIIIRRR'SSS
SSSAAfffoorrS
ssuuffaaaVVViddd
sssAAfEWWWaaaY
SSSaFOOOwuYY'S
sssAAAGGaammmIhhhIIIRRRAAA
SSOOgggoooMMMIIHHaaarraaa'sss
sssIgaN
SAAAGGGOOONN's
sssiigiinnnaaawww
sAAAGEENNAwww'ss
SSEEgeetttTTTIII
ssIIGGGIIItttIIIriiAnn
ssuuuggIIITTtttOraaauss
ssIGGGiiiTTUUURRRiiUUSS'SS
sssEEEgggoottArriUUsOOsss
sssAAAgguuuacchhuu
SSSAgggeeUniiiY
SSuuGGUUnTTO
ssAAAHaaaptUnn
SAAhhaaPTTIN's
SSuHAPPPTTaNNNSSS
SSAAHHUrrrE
SAAAHHUUUruuu'ss
sssahhIIIRROOOnn
ssEheRREEEN'ss
SSAHHAARRaannnpppuuRR
sssAhhhIRiUUUNN
SSSaHuull
SoHHHEliiiAAAn
SSAAAIDDI
ssaaaIIIggooNN
ssuuuIIgAnn'ss
sseIIIPPAAAN
SSSeIIIppan'S
sssaaIIIpuunEESU
sAoooPh
SSaaIIPh'SS
SSAiiVVVAAA
suuukaaaII
sssUUUKhhuuu
sIkkHa's
soKhalllaaannn
SSSaaaKhhAALLLEENN'SS
saakhhhoooRRRiiiVV
SSUUkaa
SSakkOOO'SSS
SSuKSS
sssuukttI
SSAAAKKtti'SSS
Saaalll
SSolllaaaDDiiin
ssseeeLLLIDDDOO
SSSAAAllIMinCCaa
ssaaalllaammmISS
ssUUlaaaS
SaaaLIIs'ss
SaaLoZoorrr
sssOOOLLeeeZZZurr'SS
SSoLLuuM
SaaLLLeeem'ss
SSaalERRRNNNU
ssEEElErrnnnUUU'ss
SAAAllfffiRd
siilliiiiiinn
saaLLLeeeAnn'S
SSallliiiAAAnns
SSSAALLAAc
SSSilIINUSSS
SSAALLOONNGGGerr
SSAlliiiSSSBBBIIIRy
siiiLLISSSbUrrrYYY'S
ssAllliiiShhh
SSollIIsssH's
SSalIIshhhAAAN
salllUUSHHoonn's
SaaaliiSSShhhaaanss
SaaallKK
ssILLLlIIOO
SSSAALLLLLIIEEE'ss
SAALLLlUsssT
sssALLLLLYYY
sssOLLLLLyy'sss
SSelmmmaannnaaaZZZaRRR
SSIIllamOOO
ssAlllAAmI'ss
SSeLLLOnn
SSAALOOnEkAA
saaallonniikkkAA'S
SAllleeePPP
SAAALLLTTAAA
sssOOOLTTuuLLLOOO
sssaalltA
SAALTTOOn
SSSOOOLLLtONNN's
SSAAALLLuuuke
saaLLLUKKUUU'S
SSIIILLLuuuKKKIIIsss
SSalvvaaaddEEEr
ssseeeLLVVVADDURRR's
SaaLvvveeedEERRRONN
SSSAlVVVeDDDORRAAAnnn's
sssolVaadddOOORReeeNNNS
SiiiLLLVUUUDDDURRAAaaaN
SaaaLLLviiDDDOOrOOann'SSS
SSAALLLVaaaDDDAAAreoooNNNss
SAAALVaDDOrUUEEENN
ssAlllvvaDDOrrreeeaaan'ss
SSaaLvadddOOORIIOOONss
ssoollVVEEEtoooRRii
sssOOLLLvvviiituRRRooo'sss
SaaaLWWWeEn
SSSaaalllwwuIInn'SSS
sIIILLyuT
SaalllYuuutt'SSS
SSuulllzzzBuurrrG
SEEEmmm
SSaaaMMMEEENNNthhhAAA
SSSAmaaaNNThhA'SSS
SSOOOmaR
sssamaaaR'ss
SSSamUURRAA
SaMMMAARRROOONNGGG
SSSoooMMEErrriiia
saaaMMAAARINdI
SSSAAAMMAArreNNDaa'ss
SSSuuMMErrUUUTuNN
ssooMMMARRRIIttIIIn'sss
SSSaaMaaroooTTonSS
SOOOMeeRRkAnnnDD
SSSamirrKKand'ss
SSAmmmUUrrqUUnDD
ssaammaarrqqeennDD'S
SSSaamhhIITTaa
SAAAMhhIIITTTa'SS
SaaMMMIaaNNN
SeemmIa
sssOOOmmmooee'SS
saaaMMMYY
SSSAMMMmmYY'ss
sssAmmNiiiTuu
SSSAAAMnnniiTee'SSS
sAAAmmNNIItEEEsss
SaMMNEEEimmm
SSemmmnnnAAUUMM'SS
SOmmmOOOaa
SSSaaaMaaaaa'SS
SSSAAMoooEEN
sAMMMaaEEEn's
saaaMMOAAAnnnS
SSSaaammmoosss
ssOOMMMooossseeT
SSSaMMMEEsETT'sss
SSaaaMMMuuTThhhRRACCCE
SaaMMMooYYAAD
sssIMMOYYYed's
sssiiMMMOyyyUUUDIIIcc
SSSaaammEyyyEEEDDic's
SimmmoYYEEEds
ssummmpppsIIINNN
sssAAMpsEEENNN'S
sssiiimSiiin
SSSUUUmmSoonnIITEEE
saaamSSooonniiiTTuu'sss
SSSAAAmmmssENNN
SSammsuuNNgg
SaamSSUNNggg'sss
sOOmmmiiiEEElll
ssaaaMeeeEEElllSSSaaann
ssammAaLLsssaaNN'SS
sssaannn
son'OO
SUNNII
ssunnnAA'sss
sssANNaaaAA
SSiiNNNaa'S
sssAAANNNCCChheeeZZ
seenncheezzz'ss
sONNNCCChhhoo
SSaaaNNNCChA'sss
SSAAAnnnChuuunnG
SannChhhiinnnG's
sssAAAnnCtUs
SSSOOnDD
SAAANNNDDaaaKKAn
SSSIIInnDDDBuurrggg
SSaNNdddoRRSSS
SSaaaNDhEEErrrSSSt
SSAAnddiinAAASTTTAAA
ssaaaNNddUUUvell
saaanndoovvvAAL'SSS
ssANDROOO
SSaNNdddRRRA's
suNNddRReccAAATttuSS
sseendddwwwoooCCH
ssAAANNNdwweeeccchhh's
sssaaaNNddyy
ssaannDDYYY'S
SAAANNFFurd
SIIINNfooordd's
sssuuuNNNFFFORRRaaaZIIIDD
ssang
saNNNGGG'ss
sssIIInngggEERR
SSSanGGrrrIULL
sssAANNNGGRAaall'S
SSaannHHHEEdRRRAAnnn
SuuuNNKKa
SSeenKKKOOO'S
SSOOONNNkkkARRRAAA
sseeennnKaaaRRRoo'S
SSSONNNKKhhhYYaaa
sssAAAnmiCCChhhaaalI
SAAANNSS
SSaaannssscccRIITT
ssAAANssKRRRiiiTTT
SAANNNSkrrrIITT'S
SSSEEnSSKKRRRuuTTTIICC
ssOONNNSKKKrATIIISST
sssiiNNTaa
SSSuntAAANee
ssaaaNTAAAniii'S
ssaNNtAYYUUnaa
saaaNtuEEE
SSaNtiiii's
SSINNNtteeRRRIIaaa
sinnntIOgggaaa
sssAnnttiiiEEgggO'SS
seeNNtttIISS
SSAAPPPHArrr
SSEEEppiRRR
SEPEEER'SSS
SSAAAPpHHHic
SSaaaPPPPhhEEERRA
SSSaaaPPPPPhhho
SiiiPPPPPHOO'S
sssaPPPPPoorrIII
ssiippppoRuu's
SSSirII
SSAAAraaa'S
sssIIIrraaacccEnnn
SSSURRAcccEEEnnn's
sssirrraacEEnnnS
SSSaaaRaGGossssAA
SSaRAAggoSSSSSAA'S
SSSaarrraahh
sARRAAjjeevaa
SUUURoJJJEEEVVOOO'ss
sAArrrEllleeeeee
SArrraaaLLLEEe'SSS
SAAROOON
SIIRRiiiNN'S
saaarrrUUNNSKK
SSSAARRAASOOTaa
SSSaaaRuuusooottAAA'ss
SSSORRAssVVVaaattIII
SSSEEraSSvvvaattIII's
SAARiiiTTTIIggaaa
SSSeeeRRReettogEE'SSS
sAARRRuuuTOOOggUSSS
ssAARRoooTTOv
SSooRRRATTTev's
SAARRREEwoK
sssAArAwwAK's
SSSOORDAAANUpppIlUUSS
SuuuRRRddOniiA
sssERRdddiNNNIAA'SSS
sssaarrrDDuuuNNUUUiiiNNN
SSUUrrDDDInoooiNNN'ss
SSSUUURRRDinnniANNsss
SSSuRRdIss
sssorrddOOOu
SSSARGGaassSOOO
SAARRggaaasssSUUU'S
SSSoRRggAAAnt
SSSAARRggON
sssoooRGuuuNN'S
ssseerrMMMAtttUAA
ssAARRmmATTIaaNNN
SSooRRRNNNeeeNN
SSOOOrrNNNiiifffF
SEErrrNNNOOff'sss
ssAARRIIIsss
SSaaRROOyyyaannn
SSSaaRiYYYIINNN'SSS
SSiRRppEEEDDDUUUnnn
sssaRRRRAuttti
sssArRRe
ssaarrTHEE
SSaaaRRTOO
SSSAArrrtttrIII
SAAAShaa
SSSOshhaaa'ss
saaSkk
sAAsssKKKaTchhhEEEwwan
SSAAASSSKaatCHHHEEWWWOONN'SSS
SOOOSkAtUUUoon
sAAskIIItttoEEEnn'sss
ssaaasssQQuUTCCH
saSSSqqOOatCCCh'S
SoooSSSQQQUiiiTTCCChhhIss
SSasssSSINNIIIUNNN
SSAsssSIINNid
sssOOOSssENechh
sssIISSSSEnnnaCh'SS
SSISSSeNNNACCChss
SSSaSSssIIaN
saat
SSSuuut'ss
siTTAANN
SSSEEEtoNN'SS
soTTTAAnnoooSSSMM
ssaTTeeeNNNOsm's
SSatttINNisssmSS
ssAAteeenOSSSTT
sAtttANNIISt'sss
ssAAtAnIISSttSSS
SaTsoomaa
seeetttuuuRddoooYY
SIIITTUrDDDuuuYY'SS
SSSaTuuRDaaaYSS
sAAAtIrN
SuuutuuuRRn'SSS
SSATorrNuullIIIa
SSIIITTTUUUrNNNAliAA'sss
SSaatttiiiRRNNNAAllEaas
sAATTUUURRRNNNUUUaaaN
ssoootttYrrr
ssaAAAdddii
SOUUDI'SS
SSeeUDDDIIISS
ssAuk
SauK'SSS
SSaaOKKsss
sssuuIL
saaaUUL'ss
SSSAAAuundOOORRRss
SSSuuuUUnnnDrrAA
ssoooUNNNDDrra'sss
SSSaIIIsssUUrrrAA
SSSuuuUUTTTiiirnee
ssaaaoooTORRnEEE'sss
SSSaaaOOOtttEEERnneeeSS
ssOVii
SaVVVAAgE
sssUvuuuoooi
SIVVaNNNnaH
sAAvvAAnnnNNAAH'SSS
sssaaVVVAurr
sUUVIorr'SSS
SOVVVoooAAE
SSooovvUUnnnAAA
sssAAAVVVunnneeerrrOOOlllAA
ssOOOvvvoooy
sssaaaVVVaYYooRRd
sssoooVuYYarrrD'sss
SSAAAvvvUYYYArdddSSS
ssaaWWWYYYiir
ssaawwYYYARR'SSS
Suxx
ssAAAxxUUUN
sssIXXEEnnn'S
sssAxONNNUUUeeS
sssaaaxINNNss
SSSeexOnyyy
sssExxxOOOnnyyy's
SSaaaYerrsss
ssAAzzooorAAAccc
ssazarraaaC'SSS
SEEZZIRRaCCCs
saônUU
SSSeeônee'ss
SB
ssB'SSS
sCCC
ssc's
sssCCulllDDDoosss
SSSccALDIIIs'S
SccAALLIIIAA
SSSccaaLLEEEiii'S
SSSCOOllliigggeeRRR
sssCCeeemmanddAArrr
SSSCCinnn
sssCCANNNdeeeRbbOGG
ssCCiiinnDIiiinnn
SSScccINdIINNNaaaViU
ssscoondUNNaaaVVIIIAA'SSS
sCaNNDDiNNuuuvvvIIaaannn
SccannnddiinnUVVuuNN'SS
scccaNNdUNAVVIIaannnSS
SCCaRROmmmOiiCHH
SCAAArrbbbURRRooouugH
SSCaaarrLoooTTttIII
sssCCCUURRrIn
SSSCHHHaddOONNNfffRRRuuuUUUDeee
ssscccHAAAAArrrbOOOuuuKKK
ScccHHaaafffffHHHiiuuSiinn
SSccHHEEEUUttt
sschhOOOuttt's
sssCHHeeDeeer
SSScchhhEEdIIIr'S
SSSccHHeeehaRUUZZUdddee
sssCCCHHEhhooorroooZeedddEEE'S
SScchElllDEE
SSCCheeLdddttt
SSCChILLliNG
SSSccHHHuunnuuucccTADDDYY
SSchENNAAACCtttuudyy'SS
SChiaaPArrriiilLLLAAA
schuuuAAApuuRREEEllLii's
SSChhiiCCCKK
sCCChhUUUCCkk'S
sssCCHHHUUUUUdddAMM
SSSCCCHOllIrrr
SSSCCCHIInddllleeeR
ssCChhhiNDlllERR'SS
ScHHlllEGGGEEl
SCCCHHlllUIIiRMMMACHHAAArr
SSccHHlllesssooEEnn
ssccchhhlloosieeenn's
ScccHHHLLLoossAAANGeeRR
ssCHlessiNNGGeeerrr'SS
SSScchhhLEESSSWaGGG
SCCChhLLOOEEmmmUUnnnNN
SSSCChLLLIItttz
SSSChhlIIItttzzz'ss
SSCHmmmiiidddt
ScccHNNAAbbelll
SSScHHHnnaaUUUZZZeer
SchhhnnnAiiizzzuuurr'S
ssCCHnuuuIddeeeRRR
ssscHHHnnnEIddiiiR'sss
SSccHHnUTTzlAARR
sccchhhOANBBEEErggg
sschhhoooeeennnBBBiiiRRGGG'SSS
sssccchhoooPPEnnnHHAAuueRR
sssccchhooPPPiNNNhhiiiuueeerreesssM
SSCCCHRRoCCKKLaCChKIIIt
SScccHHHRRRIeFFFFiiiR
SCHrrIIIeeFfffeeR's
ScchrrIeeedddeR
ssccchhrrrAAAeDERR'sss
sssChrrrödingggEErr
ScchhhrrröddooonnnGGGeeRR's
sschhhubbERt
SSCChhheeLTTTzz
SccchEEElltzzz'S
SSchhhElllzzz
sccchhhUULzz's
ssCChhhuuummmAAAcchheeRR
ssCHHHammUUNN
SSSchuuMOOOnnn
sssCCChhumpOtEEERRR
ssCCCHHEEMMPPeeetIIIR'S
SCCCHATZZSSStAAAfffffoll
sCHHuuyyllooorrr
SSSCCHayLLLeR'S
sssCChhhooylllkkkiiillLL
SCHOOOyyyLKKKEEElllll'SSS
SSSChhWiiibbbeennn
SSScchwwAnnnN
SSSCCCHHWWAARTTZZ
ssCCChhwiiRRTTZ'sss
sscccHwwirrrZEEEnOOGGguuuRR
sccHHWarzzzOOnnEEEGGggUr'sss
SChhhWuuuRRRZZKKKOOOpFFF
ssCCChhhWAARZZKKoPPFFF's
scHWWAAARzWWOllD
ssCCChhhwwaaRzwwaLLD'SS
SccchWEEEUUNNNFFFirrTT
SScccHHWWeeTTzzzoorr
SChhhWWeIIZZ
ssCCHHWuuuooozz'S
SSSCCChhWePPPpppus
SSScHHWWWiPPPppaaaS'SSS
SSCCCHHWWWEEERReNN
sssChhhwwwoooNNGGGEER
SSSCCCHHHWWiiinnnGGIIIr'sss
sscchwwINNNN
SScchhWiiiNNN'SS
sscHHHöNNNbbbERg
ScchhöNNNbEEERGG'SS
ScciiiEEEnnnttOOlllOgY
sccciiiEEENNNTTTEELeeegggYY'ss
sscccaaaLLLLLYYY
SSciLLlllYYY'S
SSCCCooPiOO
sCiiiPPiiO's
sssCCEpppEES
sssCOOpppiiss
scaaaPeeeSS'S
scccuuRRRPPeeo
ScIIRppIOO's
SSCoooRRppeeOSS
SSCIIRRPUUuuus
sssCCurPPPAAeess'ss
sscccIIIrrSSSeeeSo
sCCIrsEssOO's
scccoott
sccIt's
sCCCEEttccchh
sscccoootttCCCHH's
SSSCCCItttcchhhooos
SCCOTTTCHHHmmmOnn
SSCOTTTCHHMMaN'SS
sCUTCCHHHMMMEENNN
SCOOOTTCChhWWWUmmmaaann
sssCoTTCCHHHwOmmmuuuNNN'S
SCCCOtttCHHweMenn
SCCOOTTIa
sssCOOOtttIIIaaa'SSS
SCOOOttooSm
ssscccoootttlUUUNND
ssscccoottlInddd'SS
ssCuuTSS
SCCCOTTssmmeeennn
sCCEEtttSSSmAAnn'ss
ScccoooTTTsMMIINN
sssccoooTTTSSSwUUMMAAAnnn
ScceeetssswwwoMMAAANN's
sCCOOOttSSSWWWOOOMaaaNNN
SSScccOTTt
sssciTtttIccuusM
ssCCCoooTTTTiiieee
ssCCCutttttIII'sss
sccooTTTTUUUiiisss
ScceTTTTaaSHH
ssCCCAAtttTTTISShhh'S
sssCCCootttTSDDAAALLe
ScOOOttttttYY
ssCCootttaS
ssCOeeet
ssCCCrrrAAAbbBlIII
ssscccRAAABBBbbbLLAAA'S
SSCrraBBBLLEEsss
ssCCRiNNTONNN
sccRRRIAAbbIIInnn
sCruuuBEE
sCCCrrIbbNaaaRR
SCCCrrraaabbnneRRR'S
SSSccRRRIIPPT
SSScrrriiPttoRRRooLL
ssccrriiiPPTUUrrreee
SSCCRRRaPTTUrrE'S
sscrriiptttURRIIss
sssccROEEEgeee
sssCCRRuuGGGgggS
ssccRRRuuggGGS'ss
sssccudd
sssCCULLLlllEYY
SSCCCELLLleyyy'S
SSCuuuLPPtoooRRR
SSScETTTaarrrII
SCCCUUTTuummm
ssscccyyllLLE
SSccyyyllllAA's
sssccYYrOS
sscYYthhhIIIIII
sCCyttHHHiEENNN
ssse
SAAA'SSS
SuuABBIIIEE
SeeeabbbIIIRRGGG
SSSEEEaaGGRUUUmmm
sssEagggRRAAmm's
suaaamOOnnn
sssEEMMMaan'SS
SSUUUAAnn
SIIaaNNN'ss
SSIIIIIIRSSS
ssiiuuRss'ss
SSIIAAttTTlllE
SEOtttllO'SSS
sebUssTeeaaNNN
ssseeebbUsssttIIaaN'S
SSSEC
sssUCCCuuuSSsssiUUnn
SSSECoooNNNooLL
SIIccAnnnool'S
SSEEcrrEEtttURRiiattt
ssIIIcccRETTTAAAreeaaTTT's
SSeecccREETTTiiiRRyyy
SecccuunnnDErrrIIBBBaaaD
SSeeedddAN
sseddddaaan
SooDDDaaRRR
SSeeedERRR's
SeeeddArrrss
SSSUUUDGGGIIMIIIRR
ssEDDDnnaa
SSodddNNNaaa'SS
SSEEEIbEEckkk
SSSEEEEEbiiCK'SSS
SSSEEEEEGEERR
ssseegggee
SSSooGGAA's
SSSoggooVViiOO
ssEggIvviu'SS
SSeGGrEE
ssAgggRRRe'S
sssOOOggennnDii
ssseGGAANNddiii'SSS
ssuuOOkoo
SeeeooKo'sss
ssEiNNAAA
SSSeeonnniii'SS
SSSEiiNNFaalldd
seiiiNNffeeeLLLD's
sEEEJMM
SejOOOng
SSeeeJJJooNNNGGG'sss
SSIILaaNNgarr
SSSEEEllasssSSSiiiE
SeLLaaSSSiiii'ss
SSSUULLLddEEN
sssEEEllEEccctrriiicc
SSEEllleeccTTTrrrIccc'SSS
sssaalllOOOnnnii
sssellliiinnaa's
SIIllenne
SSSulEEnnEEE'SSS
SeeelEEiCCiiiAA
suullEEEuCCCiddd
ssaLLEEeeCUS
SSOOleoooccus'SS
SOOOLLoom
SOOlliiiMM'sss
SSSoljjjuk
ssellkkkIIRRRkk
SuuullkkiiRRRkkk'SSS
sAllllIIIrrSSS
sUUllllEEERss'SSS
SSSElllMMMaa
SSSEELLLMA'S
SSSooolTzer
sssuLZnnniCCCk
sssAlllzznnUUCCkkk'S
SoooMM
ssEmAAANNg
sEMMMaaaRRannnGGG
sssemmeelEEE
ssseemmiinUUULee
ssseeMMMIINNNOOLLLi'SS
ssseMMooonoolllUUUSSS
sssEEEmippoooLIIttiNNSkk
SOOOmmmiRImmeeess
SIIIMiiTOO
SUUUmmITTE'ss
seemmettEEss
sEEEMMiTTiCCC
sOOOMMMiitttaaaCC's
soooMMETOOOcccS
sammmIIItuussMMM
sEEmmpUUUCCh
SSuuMtEEX
ssEEn
SSSeNooottaaa
SSSEENNATTTAAA'SSS
sssIIINEEETTTEEEs
ssseennnuttiir
sUNNdddAAAI
sEEENNecccOOO
SoNNNuCCCOO'S
SSSiiiNEEEccaasss
ssOONNNUgalll
SSeNNEEEgggaal'ss
Seneegggolllise
ssEnnnEggIlEEESSSEE'ss
ssuuNEEEgggEEEMMBiiAA
ssseeNNNgggHHHOOrrr
SSSEEENiiiirr
sENNNlliiic
sssoooNNnnaacchhherIIIB
SSSUUUnnNNNaaarr
SSaaNNNNiitttt
SEEnNUTTTT'sss
siinnSSiiirrrRRuuuAANDDD
SSSeeennnssuuRrUOOONDDD'sss
SSeeeEuuuLLL
SEiolll'SS
SSSEpHHHarDiii
ssOppHHHaardiiiCC
SSuppOOOyy
ssEppOOy'SS
sssAAppptt
sssaaaPtt'SSS
sseeePPPtttimBBUUr
SSSEEEptttUUUmmBaaR'SS
ssEEPtemmbbIrrrs
SAAAPtaaaMMBBBRRAAASSt
sEEEpptttUUUaaGGGEEsIIIMMAA
SOOppTuEEGGooossIIIMEEE's
sssEEEpTUUUaaggAAsssiiiMMMiis
SeeePPPTTTuuuUUGiiNNttt
SSEEPTTiiiaaGGIIInnnt'S
SSeeeppTTuuuAggInnttts
ssaaaQQuuuOOyyyaaa
SSaaaQQQooAAAYYYAAAh
SEEqUoyyAAAHHH'SS
ssuuuRRAAAgLLOii
SORRRaagggliAA'sss
SSEErrrooojjevoo
ssseerrrIPIIS
SSSeerrBB
sseeeRBB'SSS
suRRBBUUUAAA
SSerrBBII'SSS
SSSeerrrBUOOON
sseerBBIEEEn'SS
SeeRBBaaAANss
ssiiRRRBBBSSS
SSSuurrreeeNA
saarinI'ss
sssEEERReNNNEE
SSEErrEngeTAA
sseeriiNggAAATTTii'SS
SSirrrGUAnntt
sArrgggEAAAnnnTT'SS
siiRGGGEEOO
SSeerrGGGEEIII's
SSIIIrrGGGuuuOO
ssOrGeo'sss
SuurrrGGGiiiPE
ssseRRINgAAApaatttUmm
SSEErpoossIIlll
sOOORRRPaaSSiL's
ssEERRRpppennnSS
SuuurRRaa
sErrrrUU's
SeRRRRUNu
suurrrrrINOO'ss
SSSEEERRviiA
SSESsIIANNNss
ssseSSStttOsss
SSSEEEttt
Sooottt'SS
sssUUTThhh
ssOOOTThhh'SSS
SSeetoNNN
sEAARRattt
SSSaaauuuSss
siiivEESSStttUUUPPiiil
SuuvIsssttiippIl'SS
SSSAVVVeRRRiinnnii
sssIvvvooorrnnn
SSaavOOOrrrUUUSSS
ssEEVVooolllle
seVVUlllEE'S
ssEVIlllLLieeen
SeWWWAAArrrDD
soxxaagEsssuMMMAAA
sexTTTINNS
sAAAXTToNNN
ssIIxxxttinnn'SS
SSeyyyCCChEEllLiSSS
sseYYCHHHEllllEEESS'sss
sssAYYYfffEERttt
SSAAyyMMOOOUUUrrr
SeeymmOOuR'SS
SSSeeeZZZEssIIun
ssIzzzEEEssssiuuN'SSS
SSSfaaaxx
sssFFFAAAX'SS
SSFFoRzzaa
Sggt
ssshhhAaaBBBUUUNNN
SShhhaaBBBaaannn
SSSHHaBBatt
ShhhAAAbbuOtH
sssHaBBBUotthh'sss
ssHHaaabOooottthhsss
sHHHAAccckkklleTTooon
ssshhhAAADrrrECHHH
SSSHHADDDwEELLLll
SSShhhaffFeeeRR
sHHHuuFFIIRR'SSS
SHHaffTTTeSSSbuuurYY
SSShEEHH
shAHHaaaPPPTTiiiAnn
SSHHahaaapppTTTAAOOOnnn'SSS
ssshhhiHAAAPPttUUUaaNs
SSSHHHOOhjaaHHHANNNPuuur
sssHHHaIIItttAAnnn
shhhUUUKKU
sHHIKKEE'SS
SHakkir
SShhAAKeeRRRiSSM
ssshhUUkkkoosssppeIIRRIII
SSHaKKeSSSpppeIRREEE'ss
ShhhaaakEESSSpOooREEEiiN
shhAAAKKKeeeSPPPeeeaaaRRaaOON
ShhhaakhhhTTy
SSSHaaaKKttAAA
sshaakTiii
ssHAKKKteee'SSS
ssHHHaaN
ssshhaann'SSS
SHIINa
SSHHANaaa'S
SHHAAAnnndddEEENggg
sshAAAnnndddooNNNGG'SSS
ssshhAAANNNiii
ssHaNNNUUU'SS
SSSHHenggg
ssHHooNNNghhhIIaa
shhhAAAnngggHaaaII'SSS
sssHHHaaankkkarr
sHHHANNNKKKarr's
SHHHaNNNKaaaRRAA
SSSHHHeeNNNKUUURRe'SSS
sssHHEEEnnnNNNi
shhinNO'ss
ssshaNNNnOn
sHooonnnss
ShhhaantttaaanGG
sshaaPPUURO
sHHHaaPPeerrE'SSS
shhhOOrEEE
sshhorIII'AAA
sHHaaaRRRuuFF
sHHHuuuRRRAAAf'SS
sHHHaaRRRLLLINNNe
sssHeeeRRLLLAnne'ss
SHHAArrroNNN
SSHHHuuuRRP
SSShhorrrPP'S
SHHAAARRPPO
sHHOOORRPPPAAA's
SSShaaRRrrrOOnnn
SSShhhooorRRiin'ss
shhhuuuSTTaa
SSHaasssTTAA'ss
SHHAAUUULLLE
ShhhIIIalla'SS
SSSHHHUuuunnn
SSSHaaaaaNNN'SS
ssHAAAAnnnAAA
SShhOOuuuNNooo'SS
SHHHUVVVIION
SShAAAviUUUnnn'SS
sssHHHEEEvvviiUUNs
SHHHAAvaooTTT
sHHHaaavvvUUeeettt's
SShAAAw
shEW'SSS
sssHHHaaawwnn
shhhEEEWnnn'SSS
SShhUwnAAA
ssshhAAWWnnaa'sss
ShhAAWnnneo
SHAAwneeeII'SS
SShiiiWnneeeUUUSSS
SSSHHHAAwwWaaLL
SSShhoowwwwAAAll'S
SSShuuuwwwAAALLSS
SSHHHeeeYYYSSS
shhhccchhheeRRaaannSSKyyy
ssshCChhiiirIIInnssskkkYYY'SSS
ShhCChhIIRRRbIIKiv
sHHEooo
shhhAAAu'SSS
sssHHebbbee
ssshhhEEEBEET
sssHeeebbATTT'S
shhIIIBAATs
ShhhibbbiiiLLLii
shUUBBBEEELe'SS
SSShaaaCCHHEEEmmm
shhOOOuuNNI
ssshheeeeennnAA'S
sHHaaoooRRnnEEsssS
SSSHHEeeeTTRRROcck
SHHHeeeetttrrooccck's
SShhhuuiiiTTrrOOOccKKKss
SShhhaaaFFfffiiIIIlllD
sHiiFFFFFiieeeLLLDDD's
SSSHHeeeLee
SSSHHUeellU'ss
ssshhhOOOKKiiinaaaHH
SHiLby
SSSHHHooLLBy'SS
SSHuLLDOn
SHHeeelllDDDon'S
ssHHHEllliO
sssheellIAAA'sss
sshhheeeLLLL
SSHHHEELLL's
SSShhhaaaLllleYY
SSSHHeeelllLLYYY
SShhEEELLLLy'SSS
shhooLLTOOn
sssheLtttUUNN'sss
ssHHHeeMMMIITTTO
sssHENAANddOOooHHH
sssheennnsA
sHHennnyyyOONNNGG
ssHHHUNyaaaNgg'sss
ssHHeeeIl
SSHHHePPAAARDD
ShhiiipERRD'SSS
ssHHHeeePHHHUrrDDD
SSShhoooPhaaRDD'SS
sHHEEPPPPPAARRdd
SShUPPPPPARRRd'sss
ShheeerAAtttaannn
SShORaaaTAAAnnn'sss
ssHHHUUURRRaattonn
ssHHeRRRAtttOnn'ss
SSShhiirrbbbrOOOOKKOOO
ShhErrreeeEEE
ssHHHeRUUii'sss
ssHARaa
ShhhEEERuuu'sss
sHHHIrriDDDAAn
SheRRLeeeCCKKK
ssshhheeRRRMAAAnn
SSShhuuurrpa
ssHHooorrRII
SShhheeerrrO'ss
ShheerRRIIee
SSHeeRrrruII'ss
SHHeeerrrrelllLLL
sshUUUrrrIllLLL'ss
ssheerrrrINNNGGGTTTUUN
ShheeeRRRRRYYY
sshhhoooRRRyy'ss
sssHHIIIRRwwINN
SHHHeerwwaN'ss
sssHHHeeeRRRWWWooooooDDD
SSHHHaarryyLL
sssHEEERRRYYl'SSS
SSSHHETTTllOONdd
ShAATLLLaannnddd'S
sHHHETlAAANdss
shhOvvvArrrDDNaadddzEEE
ssHHHuuVVVarDDDnnaaadZZII'S
ssHHovvvAt
sshhhuuuVVVAT'SSS
SSHII'iituuu
SShIaaa
SSHHaaA'SSS
ssshIahh
SSHOOOAAAHHH'S
ssshhaaaaHSS
SSSHIiiSSS
SSSHHIIEEEllDDDSSS
SSSHHuelddss'ss
shhheHKIIIIICHHWWWeengg
SSShuuISSSm
ssshhuuITeee
SSHoooIIITTTE'ss
SHHiiIIItttOOOsss
SHHiiiJiUUZHHUaaaNggg
sssHHHIIKKKeekkuu
SSShhhiKEEEkkU'SS
SHHIIIlllHA
sHHALloooNNggg
SSShiilOHHH
sshAAALLLOOh'sss
SShhiinnurrr
SShiiNNNtttEE
ssHHiiNNTTTooo's
SHHHiNNTTTOIIssmmm
shhhiiinntttEIISSSM'SSS
SShhheennnTTToIIISSMs
ShhhIIINTTTUUUUUUsT
sHAnttooiiSSTT'SS
sssHHIntttUUissTTTss
sssHHIINNNtttooSSS
SSShhIIRRRAAzz
sshhuurraaaZ'SS
SHHHirres
ssshhIrrrllOy
SSHHIIrrrLLLEy'SS
sshiivvve
ssHHHiiivvvu'SS
shhhIZZZUUUeeeKKKo
sshhLLLOHH
shhhOOOO
SSShhooahh
sshhOaaHH's
SSShhhOOccckLLEEYYY
SSHooccckkkLLEEEy'sss
ssHHelllAApuuRR
SSShOOOllloKKhaav
sHOrtt
SSSHUURttt'S
sssHHarrrttHHHOORnnn
SHHHAAAShEne
SShhhUUSShoooneee'SS
ssshhEEESSHHooonAoNNN
SShOshhiiinnnoooIIInnn'SS
sHHoShhOONNNUUSSS
shhEsshhOOONNii
sHooosHonE's
ssHHaSSHHHaaannnESS
sHHEEsstttaKKKOOOVVViiiCCh
ShhhiiiSSSttaaakkkIvvviTTTChhh
SSHHHOOSTTaaakkUvvUUtttCCCHHH'SSS
SShhhIIIWWa
ssHooowuu'S
ShhhrEEK
shhROk's
SSSHRRREvEPPPorTTT
ssHREEEwSSSbbbEErrryy
sHHrrUNNeerrr
shhrrrooppSShhOrrre
sssHHrOOVOOtttooddeee
shRRoooVIttOOOdeee'ss
sHHrrOvvoTODDuuss
SHHHuuufiii
ShhUULAA
SHuuulleee'sss
sHHHeLLLimmmooottEE
SHHuuSSSHHHAnnn
SSHHoooTTI
SSShhyyyLLocckk
SSHyyyLLLoooccKian
SHHHyyyllUUUcKKKiiiAANNN'ss
sssII
ssIIOOLLkkeettt
SSSIIAM
SSEEAAMM'SS
siiieeemessUU
SSSIAAAMMMOOOse'sss
ssOAAAN
SSiANN's
SSSeeeBBBEELLIUsss
SSaaabbIIIRRIIA
siiiBBEErruAAA'ss
sssiiibbbEEErrreiiiNNN
SiiiBBBEEErrOOOEEEn'ss
SSUUBOORRuueNSSS
SSSUUUBByyl
sssAACCInnnIIIiNNN
SOOOCCCHHUUIInnn
sssiichUUUAN'S
SICUUliaaa
SSSeeeCCCiiillliio'sss
SSIIIccILLEEEAAANN
ssiiccaaLLLUUAnnn's
SSooocccIILLLeannnS
sAccILLLYYY
SIcOOOlYYY'S
sssiiiCkkoooRRtt
SIIccYEEEnnn
SSSiiDDD
sssIDDD'sss
SSSiDDDDDHIIIRTTThhiii
SAdDDDhhhOrrThhhAAA'SS
SSIIIdddooNS
saddnnnooYYY
ssiDaann
SSSuuDDrrra
SSIOOgggBBAAHHnn
SSiEEGFrrAAeed
sssEEEEEmEnnnS
SSSIIIuuunoo
sssooeeNNEESSeee
SSeeeooonnnkkIeeewOOOCCCzzz
siiIIIrrPPPaansssKII
SSSuueerpppiiNNSSSkkIII'S
ssIErRas
sssiiiggg
SIGiSMiindd
SOOOgMMEEENNdd
ssuuugggNoooccc
sIGGnnURReLLLLLLii
SIGrIIID
SSOOOGGGRRiiid'ss
SIGGGAAARDDD
SiiihhUUnnoooUUUKK
ssIHHHaaNoooIIIk's
SSSIKKuuNNNG
SAAkHHH
SSIIIkkhh'S
SSIkhhIIsM
siKhhSSS
sIIKkIIImm
SAAAkkKAAmmaaaSE
sseeKKOOORRRSSSkyyy
sIIILLLasss
sssEELiiSSS'sss
SSIIlluuuSSttAAACCC
SSIllENNiii
SIIILLLeNNNuS
SIIllleeenasss's
SSSuuLLLESSSUUIII
SSSIllleeesssIa'ss
siiiLissIIiinn
SSSIloooaamm
SAAAlllUUUrrEEsss
ssIIILLIIreeeAnnn
ssiiilllOOrrriUUUNN'sss
SSILLLurrriaaaNNNss
SSAAALvvvii
SSSILvEEE'S
sssiiLVVVAnEss
sooolllvvAnnnES's
sssuuulvvvEEsstttiir
ssseelllvvveeSSTTar's
SiiilllVIAAA
ssiiillVuuaaa'SSS
sIIMMMbbiiRssk
ssimmbbaaaRRRSSSkk's
SSImmaaNNonn
SSSiMonnnoNNN'SSS
SSSIImeeeeeNN
ssemmeeiiinn'S
sssiiiMMMffAARRoooPiiiLLL
summluuu
sssIIIMMMMAANNNTTTaaLLL
SSooommmmOOnnns
SSUUUmmMOOOnnnsss'sss
SSSiimoN
SSSeeMMeeeNI
Seeemmmoonnoo's
SSOOMMEEEnIDDosss
SSIIMppSSoNNN
ssaaaMPPssaaaNN'SS
ssiiimmmPPSEEEnnsss
SSamS
SIINNN
sAAANN'S
sssIInEI
SSSiinnnAi'sss
sseneeelllOa
siiinnAAtttRA
sIInnCCLLLoiRRR
SSSiinnnD
SSiindBBOdd
SSIIInnndbbbAAAddd'ss
sIIINNDDHHHEEE
SSiiiNddhhi'S
SSANDDDhhIIIsss
sssIIInnnGGapppoRRa
sssIIInggAAApppEEErre'SSS
SSeNNGUUUppOOOrAAaan
saaNNNggiiPPeerroooUUUnnn'SS
sssEEnnnGeeePPPOOOrrrEAnnnss
ssseenGGGIIrrr
sInGhhh
SSSINNNgghh'SSS
SSoooNNGGGhaaaLLLessE
sssiNNNGGGHHalusseee'ss
SiingggllleTTOOn
ssIIINNNGLuTTEEEnn'SS
soNGSppIEElll
SSINNNhhAllleeSSe
seeNhIluuuSSSee'SSS
siiNuunnngg
ssaaannnkkkEEoonnnggg
sssINKKKiAAAnng's
seeeNillOOOggguuUUUss
sIIInUlllooggiist
SSSeeeNNELEGGGIIIsst'SSS
sssunOOOLLoogIsssTTTS
sinnnIIlloGGy
sssoNNNolloooGGGYY'ss
Seeuun
siOOOUUUooonnn
siioooAAAIIInnn'ss
SSSiiiUUUUaaaNNNS
SSiiOuuuxxx
SIoooAAAx'S
SSAAPPPLLEEE
sAAqqqUUEIIIRRRooSSS
SSSaaarr
SSoooRR'sss
sssiiirrroooCCChhh
SIROOCCCHHH's
sssoRRaacuuSSSooo
SSAAArAAACiiSSSA'SS
sIIRRREENNN
sssEEErrEEN'SSS
SerrreNsss
ssIIIreeeT
SSIIIRRiOOs
sIIRRIUUSSS'S
ssiiirrrSS
SIISEEErI
sssiSSSLLiiyyy
SSSiiismmOOOnnndII
SeStEEERRR
SSSIsssTeeeRR'SSS
SSSusTERSSS
sOOsssTTIINeee
SSSUUUSYYpphhuuaaan
ssOOOsYPPHHUUUs
SSSISSyyppphhuuusss'S
SuuuTaaa
SSaTTaa'SS
saatKKuuu
sssIIIttsANNggg
sEttSEEnnnggg'sss
SiiiTTTTTerrr
SSSeettwEEElllLL
SSSiva
SSEVVVAAA'sss
SiivvvuN
suuuvvvaaaNNN'ss
SSSuuuvvvAAnnnsss
sIIIVOOOSS
SSSjjAAAaaLLLLEENNDDD
sjaElluuNNNDDD'SS
SSKKIIIGaRRRaakkk
SSSkkugAArrriiiKK'S
SSSkkAAAGGGerrrRRRAkk
sskeegggorrrrrraaakk'S
sKaGGGWWWAYYY
SSKagggwwOOyy'SSS
SKKKew
SKKaLLLTonnn
SSSkinNeRR
SkkIINnEEErrr'sss
ssskuupppyyy
SSSkkAAPPPPYY'SSS
SKKOOppJJJee
SSSKKOpllJJJE
SkAAppLjA'SSS
SSKUUUlDD
SKKooolllDD'ss
Skkyyyuuu
sskkkyLAABB
SKKYLLLUUUbbb'SSS
SSkkyPPPOOO
SSSkkkYPPOOO'ss
sKyyrrOOS
ssLLLUUCCCkkwwARREE
SSSLLLaaCCCKKKWWaaRe'ss
sslleeeSShddoott
sssLuuSHddOtt'SSS
SSSLAAtttEEErr
sslllAATuuurrr'SS
SSLLLaaVV
ssLLLAVV'sss
sssLLLAAvvvOCC
SSllAAAViCC'ss
ssLLLaaVViiisssMMM
SlllaaavOOnnIa
ssslllaavvONOOuuu'SS
SlllAvooonEEEUNNN
SSSllIIIVVOOnnnuccc
SSSlOVVonnnIIC'SS
sssleeevoPPhIlee
sllAAvvvsss
slllEssVIIG
SSLAAGGooo
sLLuunkYY
SllEEEnnnKY'SS
SLoouuuNNN
SSSLLLIIIoNNNee
SSlloANNNII'SS
SSSLLLoooCeem
SSlllOCCUUmmm'sss
sssloooVVaaaKK
SSSLLaavvUUUk'SS
ssllliiVVekkIIIAA
sslllEEvvvAAAKIIAANNN
SSSLLAAAVaaaKKKS
ssllliiivAAANNII
ssslaaaVEnnneee'SSS
ssslUUvveeeNNeeSS
sLLOOvvvEEnnniA
sleevvEEnEEEaaa'SS
ssllooovvUUNIIaan
ssLLooVVVAANNOOOAAAnn'sss
sslllOOOvvveeNEaaannnS
SlUUUrrrppEeee
sLLUUUrrrPOEEE'SSS
SSMMM
ssMM'sss
smaalLLL
SSmmaaaLLL's
sssMMMEEtttaaaNNNA
ssmmuuRnoooFFfff
ssMMMirrNNNoooFFFF'ss
sssmmiiiTTHHH
SMMeethhhSOOONNN
SSmmmIIttHHSSooonuuAn
SSMiiTTThssiiiNNOOOAAn'SSS
sssMMMOOOkiiiyy
ssmmAAAKeeey'SS
SmmoLLUUUNNNssk
smmmaLLLLLeeetTTT
SSmmmUTTss
sssMMYRNAA
SN
SSSn'ss
ssnnnUUKuuu
snnoookkEEE'ss
SSSnAAPPLLLeee
SSSnaaaPPPPLee'SSS
SnnnuuIDD
SSSNNNeeeaaaddd'S
SSnnnullllll
sssNNEELLlll'ss
snnICCCKeerrrSS
SSnniCCCkkkuRRRSSS'ss
ssNNIIderrr
ssnnuuDeeer's
sNNNAAAPPPYY
ssnooOOOpyy'SS
SSSnoww
SSSNoWBBAAAlt
SSNNaWddIIIN
SSSnnneeewwdddOnnn'SSS
ssnnOOOwDDDOnnIIaaa
ssnnooowdannEAA'SS
SSSnnyddEEErrr
SnYddEEER'SS
sAAA
soooAAVVVE
SSSooOVAA'ss
SSSOOOeVVeeSSS
SSiBRaaanJee
sssoooC
SOOCCHHHe
sachhhii
ssOCCCiiAttYYY
soocIIIETy'SSS
SSOOOcccinuuAAnnn
SSOOOCCiiiNNNiiiEEENN'SSS
sssOOCCiiiNNNUUUaNsss
sssIIICCCiinuss
soCiiirrRRReee
SSSiiiCoorRUU'ss
SooCCOtRRRa
SSUUUcccRaaTTTEEs
ssOOcrATTOS'ss
ssoooCCCraatttEccc
SIddddddY
SSSoooddoM
sssoDDDuuumm'SSS
SSSeedOOOmmsss
SSoeekkUUUrrno
sssUUiimmbbAA
ssoEEMMMbbAAWWWII
sssiiieerrrABBAAjAA
sssaaafIaa
SSSOOFFFOO'sss
SOOGGGdddieeNN
SSSooGdddIIIaNNAAA
ssOOHHooo
seeeiSSSSSSiiinns
SSoooIISSSONS's
SEkkkAtu
SSOOKKoootttrrAAA
SSOLL
ssOlll'SS
sEELLiiinnnTTT
sssooolleUUrre
ssOOlffEEErrrUnnO
SSIIILLffferrUnnnO'SS
soLIDIRRRIITTYYY
SSilaaDIIRROOOTTTy'sss
SSAAllohuuuLLLL
SSSiiiliihhuulLLL'S
SSSooLLLeeeNgggeeeNN
SSSoollIIISSS
SoooLLiiiSS'S
SSSollEEEMMoonnn
SSSOOOLLLEN
suuulllonnnooiiinn
ssOLLLoooNuAAN'sss
SSSooliNNNIIcc
ssuuLLOOONEEcc'ss
SIIlllOthERRRn
SSSoooLLuutROOOaaaN
sssOLzzhhhoNOtsYYNN
SSSoMIII
ssOMMMa's
ssiimmIllA
SSSoooMMMIllliii's
sssoooMMalllaaaII
sssAAAMMEllluA'SS
SSSOOOMeLLIaaaNN
ssaaammaaLLiiAANN'SSS
SOOmmmAAAleeeaaNNNss
suuMMMaLOOOlOnnnDDD
sssoommmalllEEs
SSSaMMEEErssattt
ssseeeMMMERRRsssEEEttSHHHIIIRee
ssEEEMMaarrrssettSSHArrAAA'S
SSOOMMMME
SUUUmmmmmEEE's
ssoooMMMNNNuuus
sssUUUmmOZZaa
SOMMizzzee'ss
ssoooN
SSSEEENN'sss
SSOnnnddhhheOm
sssOOnnnddrA
ssoonnnDDRaa'sss
sOOngHHHAAAaaa
SSaaannnGGHAAAI'SS
sssONNNgggHHHuuAA
SSSooNghuuuU'ss
ssOOONNiiii
SonnIaaa'sss
SSOnja
ssAnnnjjjaaa'S
siNNNNY
SSEEnnNNY'S
SSSonnErAAA
SSOONiiirrrIII'S
soooNNOOOrraaaNNN
sssONNNtttaaGG
SSeeennnttaG'SS
SSooNyyy
siNNNy'ss
Sunnyyya
soooNNNYAAA'ss
soooooChhiiiw
sOOOaaangg
SSSOPHHHUUAAA
SooPhhaaaee
SuPhhUUUUUU's
SSSIIIpppHHHOOOcccLeeeaaNN
SSSoopphhhoCLLeeeSSS
sssopHHHOnnaeesss
SSSIIpHHIINIIaaS'SSS
sssOOpHYY
sssUPPwIThh
sssUpwIIthhh'ss
seRb
SSSorrbiiOOnn
SSSOORbbbiiiin'SSS
sssIrrBBBiiiAANNs
SSoRBuuuNNnnEE
sssIIIRbOnnnne'sss
SSSoorrDDDoLllluuu
SSorrrAnnTTEE
sUSSa
sOsssAA'S
SSSOOOto
SSSUTTTO'ss
SSiiiIIIdIIInnn
Souuddaan'SS
ssUuulTT
ssIooonD
SoEEphhhaNNNuuEEVVVaaanGG
sUUUuuuPPPHAAAnnoiiiVVaaanggg'sss
sssIIIiiSSSaa
SuuuUSSSA'ss
Sooouuuttteerr
SoooUUttteeer'SS
sOOOuTTTh
SOEth'ss
SSOOuuTThamPttooN
SOOUUTThhhdOOOwNN
SAAuutHHEEEAASSTT
sIIoTTHEIIISSSttt'sss
ssoouuTThheAASTTTs
SSOOOuTTHHERRNNN
SSoooUThheeeRRRNEErrr
SiiiittHHHirrnnnEERR's
SSOOOuuttHHERRRNERRs
sOUUUtttHHHEYYY
soouuTHHHpppiiirt
SSSoouuutHHs
sssuuuUTTThhhweeeRkkk
SSUUUoooThhhWWWaarkkk'ss
SouTTThWWWAAstt
ssOOiiTThhhWEssstt'SS
SSSuuoooTHHHWIIssTTss
sAAAuuuTiiNeee
SSSOOvvvIeeett
SOOvviEETTTIIZZaatiiOOnnn
SSSIIvvvIIOOTTTAZeee
SSSoooVViEtts
ssseeeWWEETToo
SSOOweeeTu's
sssUUUyyyiinKA
SSSoooYIIINNKKKAAA'SS
ssseeeyyIIz
SSSPP
SSpppa
speeeeeekk
ssppAAAAAtttz
sssPPPAAOtttZZ'SSS
sssPEEECCCKKKlEEE
SSSPPPahhN
sssPaaaHHNNN'SS
SSSPaauuuN
sPPPoooiNNN'S
SpaaaLLLIITTTo
ssspUUM
SSSppAAMMM'ss
SSSPPPAAmSS
sppeen
SSppENNNdaaaUU
ssPPPaNddAAUUU'sss
SSSPPAAAnnnGGGLUUUsssHH
SPPPaaannnEEEAArrdd
SSSpppAAAnnniiiARd'ss
sPPPAANNNaAARRRddds
ssPPPAANNIIIShh
SSppannish'sss
ssspppooorrksss
SSSPARRRttAA
spppaaarttAAA'SSS
sppaaaRRTuuCCuSS
sssppuuRRteeen
sPaRRTTAnn'ss
SpuuRTans
SSPPPEEEoooKKKuuRRR
sPEEiRSS
SppEEIIIddwrriiTTTINNGGG
ssspppEEeeerr
sPPeeeOORR'S
ssspeNNNCCe
SpppaannCCCEEErr
SSppeenceRRIIIOOON
SPPPEEnnncccEEErAAAAAAnnnUUUssMM
SSPPooNNDeerrr
SSSppInGGGLLiirrr
SSPEEngLuuRRR'ss
SPPEEENGGGLLEErrrIaN
SPPaaaNseRR
SSSPPANSUURR's
SSSPPPoNNSSERRIAnnn
SSPPPiiirrrrYY
ssPPPOOORRrYY's
ssppHHHIINNXXX
SSPPHHHinnnXX'ss
ssPacuuu
ssPIICaaa'ss
sppUUEEELLLBBoRRgg
sspiieeelBBBIIrgg'S
SpIIIerrss
SpIILlannaa
sPOLLLlaaaNNNE'ss
SSPIINNooozO
SSPaannozzzUUsMM
SSSPEENX
ssspppIInnXXX'SS
SPaaarEttt
sssPPAAArrrOOO
sPPPiiiRRoo'S
ssPPPiiirrrOOOGGROOPPPh
SSpppirrOOgggROOPPPH'SS
SPPIIThhuiiiD
sssppiiitttsbuuuRRgggEEEN
SSSPPPIIItttsbEEErGGGaaann's
SPPiiTz
ssPPPitZ'sss
sPlllAATTT
sssPoooCCCKK
ssPeeDDI
SSpppeeDEE'ss
ssspppUUUddduuusss
SSSpookkINIII
ssPiiirraDDDEEESS
SSpRechhGISSIIInnng
SSSprrraChgaSSSANNg'S
SSPrriiinnnGFiaaaldd
sssPrrrOnngggfffIIiLLLddd'ss
ssPPPrroonnngSSTeuuunnn
sprIIINGSSTTTEEEeN'ss
spRRinnnttt
sppRiNNNt's
ssPPPrAAAtttO
SSSPrrrAAte's
sPuuTTNIIIKKK
sssqqq
SSqqiiannttuuu
sssQQaaIIIbbbbb
sqUeBBBBB'SSS
sr
SSR's
SRaaa
sssROOOnnniiGGOOORR
SSSRRIIIvvvIIjjaYYaa
sssreVVUUjaayAAA'SSS
sssRtaa
SSST
SStAA
SStttoooCCCEEyy
SSSttoocey's
sssTTTaaCCOOO
STTTUCCCIII'S
sssTaaacIIIEEE
STTAACCIIeee'sss
SSSTAAAcyyy
sstttiicccyyy'SSS
SSTTTAAeelll
sssTTiiIIl'SS
sstttaFFFfffUURRRD
ssttUUFFFFFFOrDssshhiiREEE
SSTTTIIiiRRRmmAAsssTTeeer
ssstttaakkkHHInooVViSSMM
ssstttaalAAGG
ssTallAGG'SSS
SSSTILLIIINNN
SStaaallliin'SSS
sTuullliNNibuD
SSStUUULLIINNGRRRaddd
stOllleeeNggrrruuuDDD'SSS
SSttaaallliiiNNNOssM
sssTuuulllIIINIISSm'sss
SSSTTaaLiNNNiiissMMSS
sTTTiiilllIIINNNasst
sTTTaaLLLIIINsssKKK
SStttEEElllLLUUUnne
STaaalLONNEE'SS
sssTTTaMbbbUULLL
STTTAAAmBELLL's
sstttoommmFFFuuRRRdd
sstttoN
ssTTTAAAnnn's
sssTTTeNNdddusssh
SStttANFoRD
SSSTTOOOnFFFeeeRRD's
ssTUUNNNeessLLEEEvvvSky
SttANNLLLuuYY
SttaNNNSS
STTTANNNtttOOOnn
ssTTiPPPllUUss
SSStoopppLLLaaSSS's
sTUURRbbbiiiCCCkks
STAAARKKK
SSTTAAARRKeY
SSSttAAArKEEEY'SSS
ssTTAAARRRR
SSttAArrRR'ss
sTOOOtttOhhOUUssAA
STaaTTTUUUhhoooEsEE'SSS
SSSTOOTTTuHHHeeeIIsssESS
StaaattIIIn
sTATeeNNN'S
ssTTTaattaaaSSS
sTeeeTTTuuusaaaDDO
ssTTTuuuttIIIUUS
SSTaUBuuuCChh
SSttEEEUBBaacch's
SSStAAAvaaaNNggoor
SSSTTTAAAvvRRROOOpEEL
sTTTeee
sstEEEddduccaaaMM
ssteeeEllleee
ssTTTeEEENN
SSttOOOfffEEEnnn
sstttEfffAAAnn'S
ssttIfAAANIIOOO
ssTTeeFFFuniuu'SSS
sttteFooNsSOOnnn
SSSTeiChEEEnnn
stttOOOeecccHen'sss
SSSTiiiIIeerrrmUUUrrrKKK
sssTTTOOOeeeNN
sssTTTIIoNNNBEcKK
sstttEEEInnnUm
ssttteIINeMM'S
StttEOOONNNeeerr
stEEEIINNNMMMatttzz
sssTUUUiiinnMMEtttz'sss
sTiioonWWWoooYYY
ssTeIInnwwwaaY's
SSTTToolllllaaa
ssTeeLLlIIttuuu
ssttuuuLLLllliiTee'SS
sTTTEllllleeTTTeees
StENNNDHAl
sssTTTAAANNNgaL
STTTEENNGGuuulll'sss
sssttOOnTOrrr
stEpHHHaaNN
ssTTeeePPHeNN'SS
ssttIIIPHHuuuNNiiEE
SSStooopHHuuuNNNIIIEEE'sss
ssstiiipphhOON
sstEEPhhheeenS
sttEPPPHHHeeennSSSON
SSToorlANNGG
SSSTTEEERlIIINNNGG'SS
SStttEErlITTaamEEk
SSTERRnn
ssstttooorrnnnee
SSttErrnnUUU'sss
SSSTeeeRRRnO
SSStttuTSOOnnn
sTTTaaTTsssann'SSS
sttUttSooonSSS
SSSTTTaaaTTTtInnn
SSSToooOOBBBiiinn
ssttuUBUUnnn'SSS
STIIvEEE
STTEEVVEE'SS
SSTTTeVIIINNN
SSttIIIvvaannn'ss
StttEEEVVVeeennnUUUgggeee
SSStteeVVennSS
ssTTevvveeennnseeNN
SSTTTIIvvaai
SSttteevEEEOO's
sssttaaaWWaarrTT
ssstttewwORTT'SS
sstthonnnOO
SSthhUnoo's
SSStAAAegggLLLiiiTzz
sssttOOOEGGGlliiiTZZ's
SSTTooolltoooN
ssttiiLTOOn'SSS
SSSttALtIInss
SSStttimSSUnn
StIMMMSSooN'SSS
ssToNaa
sssTOnnnEEE'ss
SStirrLLIIInG
SSSttiA
STTOOaaa's
ssstttOCCCkhAasEEEn
ssstUCKKHHAuSSEnnn'S
SSStteeeCCKKhhOOOlMM
sssTTuuCkkkhhOOOLLmm'ss
SSTTAAcckkPPPOOrrrTTT
ssttiiiCCKKPPiiirTTT'S
sttteCCkkkttEEnnn
sTTTiuuCCC
ssTTTAiiiCCC'SS
SSSTTToiiicciSSSm
sTTTOOOiCCUSMM'sss
SttteeeIICCCussMMMSS
sssTTToooIICCCS
sssTTTooKKKaaaSS
SSToooKKKEEEsss'sss
sssTTTiKeeWWSKKoo
SSTToLLeeCCChnnnAAAYYaa
sttiiiLiCCCHNNNAAAyyaaa'SSS
SStttooolllyypUUN
sssttIIILLYYpppiinnn's
SSttteNNNEEE
sssTTToooNNNeehEEnngggOOO
ssTeeeppppppooRDDD
STTToppppaaarDD'sss
SSTOOrrrnnOwwwAYY
ssstttoooRRnnnawUUUyyy'SSS
sttOORRttIIInggg
STTTaett
StttOOWUU
SSttRRAABBanI
sssttRRRiBBannnIII'SS
SStttRRRABBAAA
SStttREEEbOOO'ss
SSStttrrrEccHHHUyyy
ssTTRaaadUUVVAArii
SttRRADooovvvaarAuuS
ssstttrrrIIfFoRRDDD
SSSTroooLLLssuunnnddd
ssTRRRaSSBBooiirrrGG
ssttRRRAATHCCClllyDDDaaa
stttRRiiiThhccLLLYYYddee'ss
STTTrraaAAAsss
stttrOOuSSss
sstrraVInnnSSKY
SSSttRRooVVIInnsKKyyy'sss
ssttrIgaa
ssstrrEIIIsANNNDDD
SSSttRReAAASSaannD's
SStttRRRickkkLAAND
SSSttRRRoocccklinndd'SS
SSSTTruuunnnDBBAArrrg
STTTrIMMBBoLLLuuu
sttrOng
StttrrOONGGG'S
struMMMaaa
sttIII
ssTUU'SSS
SSTuuaaRRttt
StUUUAAARRttt's
ssttAAEERRRTTs
SSSttOddEEEbbaaKKKEEEr
SSStIIIdddEEEBBBikkERRR'SS
sssTTuuurmABTEiillluungg
SSSTUUUtTTTggAARRTTT
sssTuuuTTTTgaaaRRtt's
SSttUUUyyVVOOSSIIInTTT
sssTTYgggaEEENN
SttyyyrrrEEEaa
SSSTTTyyyRRROOFeeUmm
sssTTTyyyrOffOOOEEEm'SS
SSSTTyyrOOOFFooeMMMS
sTTyrOON
ssTYrrOOON'S
stYYXX
STYYx'S
SSSooarEzzz
ssooOOrrEEZZ'S
subbiiirUUU
sUUBBBaaRUUU'SS
SSSAAbuuTTECCCuuu
SUUcccCCCoootth
sssuccHOOWW
ssiiiCCkkkLiiiNNNGGG
sssUUccrree
ssuuuCCCrrrEtsss
SSSuccRRiTTSSS'SSS
ssEEddann
SSUUDDAAnn's
sssudEEEnnEsssE
SUUdaaaNossA'ss
sssuDDDaaNiiiCCC
ssuDBBBuuryy
SuuudOTeennn
sssUUUdddEEttteeennnlllaaaNd
SSUUUdEEtttOONlliiiNNNDD'SSS
sssiiidddOOKEE
SSSuuDUUUkU's
ssaaadRoo
sssudRRaaa'SS
ssidddrraS
SSuueee
SSoooELLlluNN
SieeelllLeeNN'ss
suuEEtaannnEEIIsss
SSSUUUEEEzzz
ssOOFFFffooolllK
SuuufffFFrrr
sssaFFiii
SSSUUUficc
SSoofffIIsssmm
suHARRRTTTO
SSSIIHHHaRttto'ss
ssuuuo
SooII'ss
ssUUiisssEEE
sssUUUeeSssuuu'S
SAAKKArrrnOO
SSEEKKkkkot
SUUKKKKKiiiTTTh
sIIIKKKKKOOTTTHH'sss
sUUkKKKooThhhss
sssUllooWWWeeSSSii
SSIIllIIIwEEESSuu'sss
sssElOOOIIIMAAnnn
sULLeiiMMMENNN'SSS
sssuulllffoNNaall
sssUULlllaa
SOlLLLUU'SS
SSSULLLiiiVVAAANN
suuuLLLivvaaN's
sAAllllyyy
SSSUUlllUU
ssuullUUU'sss
SuMMMATRRRU
sUUUmmmeTTRRA'S
ssUmaaaTTTrrOOOn
sssummmuuutRRRUUn's
sssoooMMoottRRaaaNs
ssUUmmboo
SSUUmmmBBBAAAwwwaaa
SSuuummmooRR
SiiMMMOOr'S
SSSommmArOu
SoomoorrIIA'sss
sOmmEReeeAAN
sssOOOmuRIIann's
ssaaamaRaAAAns
sssUUUmAAARIIIlllOOgggIIIEss
saMMMeeeRoooLEEEGGGY
SSUmmEEErOOllOOgY'SS
sUUUmGuiiiTT
SSiiMMMgggIIIIIITTT'SSS
SSUUMMMmmmEErrr
SSEEmmmmmEEERRR'ss
SSSUUmmmeerrrSSS
SUUMMnnERR
SSUMMMNNeerrr'ss
ssseeemmTOOr
suMMyyy
SSSUUnn
SSUUnnn'SSS
sssunnBBeeAAMM
suuunbbbeeUMM's
SeeennBBBelttt
ssENNBBBAlTTT'SSS
SSuuNNNCCHOOOn
soooNNNCCCHHoooNN'S
SSUUNNddaa
ssiiNduuu'SS
sOOndddUUUNNNiiisssE
SSuNNNddUUNNassseee'SS
sUnDDDAS
SSSUUUnnDDOy
sssInDDDooY's
SSINDaayyyS
ssUUUNdddERRLLUUnDD
SuuNNdsssvvvALLLLL
SaaNNG
ssUnnnGGGAri
seeeNNNgkkkIIIaNNG
sssAAANNNKKKiiSt
SSaaaNNNkooossst'S
SSAnnnnO
sooonnnIIhh
SAnnnnnniii
ssuuNNna'sss
suuuNNnnnIIISSS
SSUUUNNNnnnIIItaa
SuuuNNNNOOtttII'sss
sssiNNNniiiTTeesss
SSSoNNNnnyyvalllEEE
ssuuiiiMMMI
ssIoMii'ss
SSUUPPeerrBoWWlll
ssUUUpppIRRRbbbIIIwwwlll'S
sOOPPPeerrrFoooNNNd
SipIIrFFenDDD'sss
SEPEEErrrgLLuuuAAA
SSipppIIIRglUUE'S
sssOOOPPARAAiiirrr
SSSAAApppoRmmmaaann
sUUppuurrMMMaaNN'sss
sssUUUPPPrrrOOOMMaaTTesssMM
ssEEEppptt
suuR
suuuRRAAbboJJJAA
SSSaaarrraaBBaayyA
ssIIRRUUKERRtte
suuurUUUt
ssARRRIIBBaCHU
SSuuRINNAmmm
ssuRiiinnnom'S
sUrrIInammmiii
sssuuRRINNNEMOO's
sssUUUrOOnnAMeeSSSEEE
SSUUUrrrrrrEYY
SSSuRRRYaa
sssEEryyA's
SSSuuussAA
SoossAAANNN
SUUUSSSann's
sEEESSUUnu
sssuuusaaaNE'S
SUUUSannnnA
sssiiisaaNNNnaaahh
SuSSSoonnnnnnah'S
ssEEESSuNNNNNe
SSISSSaNNnnnI's
ssUUUssiiiaN
soooSIAn'SSS
SSSUUssAAAAA
ssIISSSiiiE'SS
SSSOOsssQUooHHHaaaNNnnnAA
ssEssqqEUUUHeennNNNA'S
SoooSSSssuXX
SSuutHHHeRRRLLaaanDD
sUUtthhheerLLLAAnDD'SS
sssaaaTTTleeejj
SuutttttOOnnn
SUUUTttteeN'SSS
ssOVVAAA
SeeevU'sss
SSiiwaNUUe
ssOOwaNNEEEe's
sUwaaannNNNAU
SuuuWWWENNN
sssuuuwoooNN's
SuuuZOOnnn
SSSuuuZZAANN'SS
SIIZZaaanNNN
SSSaaazzzANN'S
sssiiiZZiiiNnnEE
SSSuZaaannnOO'ss
SSUUUzzOOOTTTTTOOO
sssuuZZZEEETTTTTTee'SS
SuzzzHHHIu
sssuuZhhuuu'sss
SSuuuzEEEkkiii
SSSuZZeeKU'SS
ssazzzyyy
ssuzzyy'S
SSvAlllboooRRRddd
ssvvaaLLbbbURDDD's
SVVeNN
SSSvvveeennn'SSS
sVVoNNNggIIlllII
sssveeerddLooovvsssk
SSVVVEEERuuuGGII
SVVeeRRREEEGGe'sss
SWW
SSSWabbbIAAA
ssWaBUUUII'SSS
SWWOOBiINN
ssWWadESSHHi
sswoohhIILiii
SSwaaahhhIILLLUU'SS
SSwwwAHHHIIILLLIIIS
SSWWWOOOmmMARDAAAMMM
sWWWuuuMMMMMMAARRRDDDaaaMM'S
SSWWOONOOE
SwAANNNssseeeA
SweeNSSOOoo's
sswiiNNSSooon
sWaaaNSSSUUUN'sss
ssWWWAAT
ssWWetOOWW
SSWWWOZi
sswoooZA'ss
sswwwOOOziiLLaNNND
SSSWWAAAZZZeeLLEEndd's
sswwwazzzIIIsss
SSSWeeed
ssswweeeddII
ssswwwEEDDDeee'SSS
SwwiiDeeeNN
sWEEDeeen'SS
swwwedddOnnnbbaaarrrg
SwwweedIINborggg's
swwEDDeeeNBBBEErrGGoooennn
ssWoDEENNBBIrrrgggiAAnEESSSMM
sWEEEdisss
SwweeeDDIssHH
SSwEDIISh'S
SSWWeeeeeNNEYY
sWWWeeeEEneeyyy'S
ssWWWeeeoooT
SSwwuuffftt
SSWIIIfttt'SSS
sWWIIINNBBuuuRNEE
SSSWUUNNNBIRRnee'sss
sWOOndddEEEn
SSSwiiNNDDEENN'sss
SSWIISss
swwEsssSSS'ss
sswwweesssssAIr
sWWUSSSeeeiiR's
ssWIIISSSSSEEsss
SSWWWIIttzz
SSSwiiTTZIrrr
SSSWWuuutZZIRRllaannnd
swwitzzERRlliiiNddd's
SSYBeerAAAS
SSyyBBBiiL
ssyyyBIl'SSS
SSSYYYdNNeYY
sssYYdddnnney'SS
sssykeess
SSyyyKes's
SyylllVVuunnneeSS
ssyLLvEENNuuuSSS'ss
SSSyyyLVaaaSSTTTUURRR
SYLLvaaastttAARR'SSS
SYlllvvvOOOUUU
sssyyyllveeuu'sss
sssYLvvOOOee
sssYYllVVVIE'SS
ssYYmmBBollaaSSm
SSSyyymEEEnnnDSS
ssYNNCooMMM
SSSyyyNNNgggA
ssYNNNOpTicS
sssyyR
sYYrrooocIIISSSEEE
ssYYYrrruuucccOsssE's
sYRRRiAA
ssyyRRRaaaaa'SS
ssyyrrIIIEEccc
SYRiIIIN
SSyRRRoooUn'SSS
sssyyyRRREEAAAnS
SSSyZRRUnnn
SSZZZOObbbAAAddkA
sszzczzzECCCiiiNN
ssszoccchhhuuAANN
sssZZZaaacchuuuaaann'SS
ssZZeeCChhhwwwAn
SZEEECChhhWWaaan'sss
szuuugged
szzOOOlaarrrDD
SZZiiillluRDD'S
SSSzzzimmmBAATHHHaaLLyy
szzzYmmAAnUUwSkki
SSSzyMBBOOrrrssskA
sZZYmmmBBBARssskkA'ss
SSèvvvRRREEsss
T
TT'aannng
TT'SSS
ttBBB'SS
tcc'S
TTKKKo's
TTTlllCC's
TNNtt'SSS
TVVV'sss
ttwwAA
TWWii'SS
Taa
TTTA'SS
TAELL
TAAAaaLL'sss
ttAAABeeesscOO
ttoBBBoossCCo'S
tAAABOOScccoooS
ttaaaBBBUUUTTTHHaa
TeeebbbiiiTTThhhA'sss
TTAAbbbUUUrrrNeeeccllEEE
TTaaabbEEErnnnOOOClE'sss
ttobIIRRNOOOCLESS
ttiiibbuuutHHAA
ttabbbIIItHHHeee'SSS
tttABBBoorr
TaBBBrrrIIIZZZ
TTTaaabbbrOOZZZ'ss
tttAABBRRIIIzuuuSS
TIIIccittuuuS
tttaaCCooommmA
TAAcccOOOmmooo'sss
ttAAAddd
tttaadd'SS
ttaaaddzzzHIIKKK
tttIIddzzzhhIIKK'SS
TTaaaDZZHHHeKKKiisTTTaN
TTiidddzzhiiiKKKeSStaaaNNN's
TTTAdZhiKS
ttaUUgu
TEEeeGGooo'SS
taaaiiijONNN
TTTAAAfffiilellT
TTTAfffttt
TaaaFFT'SSS
TTTaggalllUg
tAAAGaLOggg's
tttogalEEEGss
TooggOOOrrUUU
TTTaaaggUs
TAAAgesss'ss
tuuuhhiitttII
TTTahhoottuu'SSS
TaaHHHuuuTaaaIINN
tttohhIIIttiAAnn'SS
TTTOHHHooottUUANS
TTIhIIeee
ttaiii
tiiiii'ss
TUUUIIcHEEng
TTAAAiChhhuuuNNNggg's
TTAAAeeFF
ttaaaaaaFF'SSS
ttAAAAHOKIII
ttoooIIIhokkUUU'SSS
TTAAIINInnn
tttaooonneee
TooiinnEE'S
TEEEonnnoo
tttauuPPPEEu
TTTaaaOpeeii'SS
ttaiiPPoonnngg
tIIOOs
taaaeessHHII
TaIWIInn
tttuuIIIweeen'SSS
ttaaaIwaaanesssEEE
TTTeeeiWWWannOSee'sss
tIiiyyuuEEn
ttteeejjIIk
ttAJJuk'SSS
TTAAAjjjEEkUUUsTTaaannn
ttuujeekiiSSTTTEEN'ss
tiijjjiKs
ttAJOO
takaKKkkkowww
tttaaaKKKaaKkaaw'sss
TAAKOOMeeTSSSu
Tukkoooo
TTAAAklllammEEEkkIn
TTaKKlllaaaMMMaaakuuuNN'S
TTaaaklllaaammmAAkuNN
ttaaKKKLLLIIImmmuuuKKKon'SS
tuuuLLLBBBAATT
TTaaLcaa
ttAAAllcIIIHuEEENNNooo
TTiiiLiiBoonnn
TTTeeelABAAnnn'ss
ttAllloUUUSSSinnn
tttULLLLLLIHassSeeEE
tAllllAhhaaassSSaaaEEE'sss
TTaLLLlccHHiiieeef
ttiLLlllCCCHIIIeF'SS
TTTaaLLLLLLEEyyy
TTTALLlluuYYY'sss
ttaLLLlleeyyyRRRooonnD
tooLLLlUUUYYYrrrAAANdd'SS
tttaaLLLAAnn
taaLLlliNnn
ttaallInNN'SSS
TTAAAllLIss
TTALLLmmIIdd
TaalmmUUD'S
TTalllMMUUDDDIIIccc
ttAAALLmAAADDDacaaLLL
tuuuLLLmUUUDEEssst
TTaLLLMMIIIDDSSS
tttaLLOS
tttaaaMMMARRa
ttooMMAArrA'sss
TaMMMATTAAvvEEE
teeemmmueeLLIPPOOOs
ttAAmmmBUUrrLLLEEIINEE
tIIMMMbbuuRllAAAAANNNIII'SSS
TTTaaaMMMikkOOO
tteeeMMAAKAA's
TTAAMMMoRe
tiimeRRa'SSS
ttIIImmUUURRLaaanO
TTammmeRlllANNNEE'ss
ttammiii
TTaamiii'sss
TIIIMMMiiiKaaa
ttIIMekaaa'sss
tttAAmmmUUULLL
taaMoll'SS
TaammIls
ttAAmMAnnyy
TTAMMMmmAAny's
TAmmMMoo
TTAMMMmi's
TAAAMMOOOEE
TTTAmMMMuEE'sss
TTTaammmMUUZ
tOOMmmmUUzzz'ss
TTAmmmMMMAZUs
TaammmmYY
TTToomMMMYY's
TTTaamPPA
tttiiiMppa'S
TiiMMMPPiiN
ttaMPPAXX
TAAAmmPPaaXXX'sss
tttAMMPeerrE
tttoooMMMPPuuceee
ttteMMMPIIIcccAA'ss
TammrrrEE
TTaMRRRUUU'S
TaMwwwOOORttHHH
TunE
TaaannACCh
ttaaannnAGGrrraa
TAANNNAnnnIII
ttAnUNNNaaaRRRooVeee
TAAnncrrrid
tttANNNaaaY
tANNNGaaa
TAANNgggAnnnyIIKAAA
TTAnnnGaNYYYUUKKa'SSS
TTaaanGGGaNYYYiikkkANNN
TiiNNNgIeerr
ttANGiiiEEER'ss
TTTUUNGGGEEaaarrsss
TTANGGSSShAnnn
tttaaNGGGIy
tttAAnnnIIIaaa
ttaaNNNIIaa'SS
ttteennIsshuuu
TTanniiiSSShhAAA's
tANNNjAAAREEE
ttaNnneeNNBBeeerrrGG
tOOnnnnIIINbbbeRRRggg'SSS
tttaaannNNNOrr
TaaNNNeeer'SSS
ttANNNNNhhhäUSSSEER
tuNNnHäuuuSSOOORRR'sss
TaaaNNNoIINN
ttaaannoooAAAN's
TAAANTTTuuu
TTTaaaNNtttaaLLLus
tttaaaNNTTTaaaLLLUUS'SSS
tttaaaNNTRAA
TTiNtRRRe'sss
TAAAnTTrASSS
TTTOOnnyyyuuu
TTAAAnYYaaa's
tUnzziinnEEEIII
TTaNZZIINNNIIEE's
ttAANZZZANNNIIIaann
tttaanZuuNNNIIIUUUN'SS
TTaanzzzaNNNuuuaNNSSS
TTTAAAee
TTAAAooo'SSS
ttaaaoooAsMM
tAOOoosmmm'S
tttoooOOOuuSSSmmmss
Taooiiissttt
tttEEEUUUiiSSSTTT'S
TTAAeeeiisTTTicc
ttAAAIiiissttS
TTTEEooSSS
TTTAArII
TTEErO'S
ttAAREnnnTTInuuu
TTTerannTTTinnnOOO'SSS
tttaaarrennnTTTeee
ttAAraaaWWWo
TTTaaarraWWaaa'sss
tarraaazzeeeD
tttirazzeeeDD'ss
TTTUUUrbbUllLLL
TaaaRRRbbEEElll'SS
ttarbbbeeeSS
ToooRRROONNTOmmm
tteRRgggaaTT
TTaaRgggITT'ss
TTTaaRRGGiiMM
TorreeMM
tttiiirrrKeNtttOOOnn
ToorrrKKKeNtoonn'sss
TTTaaarrKIIInnGGGtttonn
TTaaRRRLLLAAcc
TAAArLLaaCC'SSS
ttAAARRRmaaCC
tORRRNNN
TTTaRRRnnEPPPolll
ttteerrIITT
TTTarPEOOaa
ttAAArrrroggiinnnEEE
TTARRRRReSSSII
TTTOORRRyyTTEEEWWWNN
ttEERRRrrYYtteewwwN'S
ttteeRSSShhAAAShhh
TaRRssooSS
TTTarTOOORR
taaarrTTAArrr's
TTTuuurrrteeReaannn
TTTAArrrTTurrrSSS
TIIrrTToooRIIIS
TarrrTTuurrUS'S
ttaaarrtOOOrrryy
TAArrrtttUUU
TTaaaRRRTEfFe
teeRTOfFFFEErrryyy
tttaarrZZiinn
TTTIRZZAAn'ss
TaaaRRzzzaNNNSS
TTTAssha
tttaShooo'SSS
tteeeSShkkkEEENNNtt
tttEEEsHkkEntt'sss
taaasssMAAAN
TEESSmmEEEnniIII
TTTuuusssmmANNNAAAa'SS
tAsssmmmanuueeenn
TTTaaaSSSSS
ttUUSSSsssOOO
TTTuutttIIIrr
TTTEEtttaarr'S
taatAARRS
ttaaaTTaaRRY
tetttEE
tATTiiiaaaNNaaa
tttOttIIIaaanA'ss
TUUUTTTrO
TTTaatrryy
tEEETTTrrYYY'S
ttaTaM
tAAAuuNNtttUNN
TTTuuuIrUUUsss
tttAAAuuRRusss'SS
TTTaauRoosAAs
Taveell
ttIVuRRRnnER
tttaawwneeYY
toooyyLLLERRR
tttiiYlOOOrr's
tAYYsIdee
tuYssIDDI'S
TTTbbb
ttbb'SS
TTTBBBAAALISSSi
tbbbaallIIISSSI'S
TTC
TC'SS
TTTCChhaaad
ttCHeDDD'S
TCCCHHAAokkkOOOVSSSKIIIaaan
tttcchaaaAAAKKKevsKKYY
tttChhuuuIIIKOOVVVSSKyaN
tAAA
TTTEE'sss
TTeeAACCCH
TTTOoccHH's
ttEEaSddAAAllEE
TEEEaaaSSDDDiiillEEE'SS
TTEEBBallDDI
TTTuuubbalddii'SSS
tAbbbeeeTTT
TTIBItt'S
TTTeeBBEtttSS
tttuuuccchhnnecOOOLLLIIIrrr
tttAAcuuMMSSoooh
TeCCCoommmsssohhh'sss
TTEDDD
tteeeD'SSS
TTooodddddy
TOOOdddyyy'ss
TTTIIIEES
TTTeFFFLLooonn
TTTEEEffLLLOOOnnn'ss
TTTeeeffLLLONNNSSS
TTEguucciiigiilppa
tttegggUcEggIILLpppo'ss
TEEHHeRAAAnnn
tttUUHHHeeRRReeNN's
TiihhRRRiNN
tteeeHHHuuAAnnTTTEEPeeec
tttUEEDEEE
TTTElOOmmmooN
tttIILLLEPrrOOOMPPtttURRR
tElEEppprrrumpteerr
TTAAlEEEGGGOOOnnnUUsss
tttEleggaaa
tULaMMooccchhAAAss
TToLOmmmUUUnnnn
TTTOOLLEPPPHooottUUU
TTEEELLLESSSCIIIppEEUUM
TOlAAATTTYYPPeee
TEEElatYPPUUSuTTttER
ttALLLL
TTELLLlll'sss
TTTEEElllLLLErr
TTTaaalllLUUSSS
TeelllLLeeess'SSS
TTTooollsssttuR
TTOLLuuGGuu
TTTaaLLLOOOGGAAA'SSS
TeeLLLugguuSS
tEEMMMPPPeee
ttteeemPlllAARRR
TEEEMMMpLLaRR'sss
TTemPPPlaaarrsss
TeMMucaa
tuunnneeeBrrAAe
TeeNNEddOOOsss
TEnnneRRRAffOOO
ttannnioRRRSS
ttENNnn
ttUnnnEEEsssssIIIAAANNN
ttENNIsssiiioooNNN's
ttIIInnnnAAssssseANNSS
TiiiNNNNNNeesSSEEEUUU
teeNNNnnUUUSSsAE'ss
TTooonnnnnIISSSssEEeAAAn
TTTEEnnnnnieeLLL
TTTEEnNNNYYYSSSEnn
tteennnNNNYsOONNNiiONN
TTTENNNUUccHHHTTIIIttlllINN
tttEEnOOOccHHTTIIITlllinnn'S
tEETTTAhAAeCAnnn
ttiioooTIhhAAAOOOcan'SSS
teeePPPAAC
ttEErrrEEEI
tEERRccceeOOORa
tttUUReNNccce
tttIIIrrrooossaaa
ttOOReeeSEEE'SSS
TTEEEresssHkkEEve
ttaarruusiinnaa
ttEERRRAAAAAs
TTeeeri
ttERRRA's
TTEERKKKaaLL
TTTeeerrKKKIIl'SS
TTTeRRRNee
TTeeeRRRnnnEEpppul
TerpppSSSiCCHHHoree
TTerrrpssUUUCCCHHHAAArre'ss
TTOOOrrrpppSIIcccHHeeRRReEnn
TIIIRrrr
TTEErrrrr'SSS
TOOrrrrruuu
tttArrrii'ss
tteRRrrruuuMYCCCiinnn
tIIrRRAAAMMMYYYCCCIIInn'SSS
TTTurrrraaMMYYYcUNSS
TTTEEERrAAnn
tEErRRRaaNN'ss
ttteerrrrOOONCCe
ttooRRrrrincce's
ttoorrruulL
ttteeeRRRriiiLLLL's
TiirrrrONccEEE
TTTaaarrrrrrUUncEE'S
TTorrrrrII
tttEERRRRRIII'ss
ttIrrrrIIIa
ttOORRRrrEeee's
tOORRRrEEeeRRR
TTEEERRruullll
TTOORRRRiLLLl'S
TTTUURRRRRiTTTaaarrIaal
ttteeerREttoooRRy
TeRry
TTTaRRRSSSANNNCCTUUUs
TTTeertiiierrrYY
tttERRRTiiiiiry'SS
TeRTTUUlllLLiin
TTErYYleeNNOO
tERRYYYllleeennnEE's
tttERRylaaannnEEESS
TEEEssllOO
tteeesssss
ttEESSsUUU
ttAsssssAAA'S
teeeSSSsssIE
ttesssSSeee'SS
tooossssaaannn
TTuusssssiin's
TTTeeSSSTTIImmmENT
TeSttAmoonnnTTT'SSS
ttooosTTAAAMMMenntts
tEttt
TTTuutt'sss
TTeTTThhYYs
tttEEttHYYs'SS
ttteeettiiinnn
tEEETAAnnS
TTeTTRRREEEGreemmmmaTTooN
TeTTTrraGGGRRRaaaMMMMuuTTToNN'SSS
tOtttsss
ttiiTTTZZEEl
TTEEEUUccIIRRR
TTTEaattt
TEEOTONN
tttOUUtttonnn's
tEEEuuTaaannuuuccc
tttEEAAATunniiiSSSmm
TEEootttUUnnnezeee
ttUUUuttoonnnsss
ttEveerreee
TTTUUUvvvEEERREE'sss
tttEvvEEttt
ttAAvvvuttt's
taavvaattss
TEEXXX
TeXXaacUUU
TTTIXXEEECCCIII'S
TEExxUNN
texxaNN'S
TToxxxANs
TooxAS
teeexxAS'S
tttEYYDEEE
ttuuzEll
TThh
TThhh'S
ttHHUUUCkeRRiY
TTThhhaaddd
ThhhUUUd'ss
TTHHHUddddAAAiS
ttHHHaaiii
TTTHHOOii'SSS
TTThhhEEiLLLUnnnddd
TTThhhAeelleNNdd's
tttHHHaaaiiLLLaaaNNdddiiirrr
thhhAAAAS
ttHHUUULLLeSS
TTTHHHALLLeSSSooAAAn
tttHHAALLLIIIII
TTTHAAlIe'sss
tthhhAAMMeees
THHoMMEEEss's
TTTHIInnaaa
ttthhAAAnaaa's
ThhhIIInnaaatteSSS
TTThhannEEEtt
tttHHAAAnH
ThannHH'SSS
THHOOONkSSgggIIVAAAnGG
ttthannKKKSSSGGiiViiiNNNggg's
tthIIINNNKSgggiivvvinnGGS
tthooont
tthhIPPPsUUUss
tHHIIr
TTTHHeerrr'sss
TTHHHaRp
ttHOOrrP'ss
tttHHItChhEER
TTTHHHEO
tHHHeeea'SS
TTTHHEEEbEEEee
tthhhiiiBooiii'S
ttthheeeBBBooAAADDD
THHEbbiN
tttheBBan'sss
TTHHHEEEBBAANNNs
THHuubbEEESSS
THHeebbbOs'SS
TTThheiLLEER
thheeAALLLer'SS
ThhheeeLLLmA
ThEELLLmme'ss
thhuMMMOOOsss
TTThIIImmmAAsss'sss
TTHIIMMMIstttOOCCCLEEES
ThhheuuuCCrrrACy
TTTHHeooocccrrAAAcccYY'S
thhEEoccrrrOtuusss
TTTHHHIIIoooDDoRRRaa
ttHHeeeOODDEEERRRE
theeOdAAARRU'S
thhhoooEdddoRICCC
ttthhhOoDDaariicc'sss
ttthoOOODASIIIUs
tthhuuuOOOdooSSSooAAS's
TThhEEOppHHHIlllUUsss
THHeeeIIPPHrrrAAASSTTUUUSSS
TThhheeeooosssUUUpphhhyyy
ttthhIIooTTTEEKKoS
tHHHEraVVoDDaaa
tttHERREEESiii
TTThhheeeRRREESe
tHHErrrOOsse'sss
ttHeeeRmooddOOOR
thOOrmmiiidirrr'SSS
TTTHHArmmUUDDoooRss
THAArrMMiiiT
tHirrrmoooppyyyLLIIIi
tthhIIIRRMMOOpYYlauu'sss
TTTHHHUrrmmmOss
tthUUURRRoNN
tHiiroooNNN'S
TTTHHEErrSSiiittteSS
tttHoooSSoouS
tttheeseeuuuss'sss
ttthhasssPPIIIIINN
ttHaSSPiS
TTThhEEESSSPPPis's
ttHUssss
THHEsssOOOlllUUUann
ttHHHESSSSAALLooonAaaannn
thhheeeSSSSSAAALLOOOnnIIaans
TTTHuuuSssaaaliiNIccEE
TThhheeeSSoLLLonneeeccI'S
TTTHHeeesssssAAALLLUNAAkkiii
tttHeeSSSSilllOOOnnniKeee'S
TTTHIIISSSsaaLoooNNNíKii
THeeeSSaaLuuuNíKiii'S
thhhESSSSalllY
TThhhoSSSssaLLLYYY'S
ThhhetttIIss
TTThhItiisss'sss
TThIIAAO
ThhhuuuuuUUU'S
TThhhIIMBBBu
TTHHHIImPhhUU
tttHHiiiSSSBBBEEE
tHHIIMMMaaaS
TTThhhAAAmmmuuuSS'ss
TTTHHHommmAASmmm
tttHHIImiSSMM'SSS
thOOOmmIIISSMMs
tthhheeMMiiiSTOccc
ThhommmPPSSUUnn
thOmmSSSooonn
ttthhhiR
tHHor'S
ttHoorrAAZZZiiinna
THHORRaZZuNNAA'S
tttHHHOOreezoonnOOOS
ttthoRRooOU
tttHHOOOrrrOOIu'ss
ThorreeeAAAuuvvvuuAn
TTThhhIRnnn
tthhErrrnnDDDikE
ttthhUURRRNNttoN
ttHuuurrNNNTTTUNNN'sss
tttHuuuRRaauGhhBRRiDD
TTTHHHOrPPPUU
TThhhiiRRVVALLDDSiN
TThhhiTHHH
tttHOOOTTTHH'S
tHUUUussseeeNND
ttHOOuuussannnDDD'sss
tthrraCCCo
THHRRRicce'SS
THHHRREEECCuuuAAA
THRIIccIIIAAA'SSS
tthhRRaaCCCIAAAnn
TTTHHracooOOOn'S
tttHHHrrrAAACCuIInnnSS
tttHHU
THHuuubaann
TTThUBBunnn'SSS
thheeCYYYDIDeeSS
tHHHUUUcccYYdOOdeesss'SSS
TTHHUUULLooo
THHHEEELLLOO'SS
TTHHHuun
ThhhoNDerrrbIIRRD
ttthIInndEEERRRbbbIIRD'sss
TTHHHERRR
ttthhAARRRbbeeRRR
TThhhuuurrGGEEu
thhUURRRMMMANN
tHHIRRRMANNN'sss
tthhhUUUrrrMIIINNNddd
ttHHUUUrMMooonnnDDD'S
tttHUUrrrrOccK
tHHaaaRRRRockkk'SSS
TThhUURsss
tttHuurrssdddaaYY
ttHHHuuuRsssDDEEyyy'SS
tHHiirrrSSSDeeeYYYs
tHHHuuutttMMAAAssEEE
THHHUttMIISSUUU'S
ThyyuuusssTeeess
TTTiii
TTTIII'S
TTAAAE
ttiiia'SSS
ttIIaaanjjeeeN
ttuuAAAnJJJiiiN'S
TTiiBBERRR
ttiiibberr'ss
TTTOOOBBBeeRiiUUUnn
TTTeeebbeeerraaaSSS
TTTIIbbbiiiRRRoooSS
tIIbbbiRROs's
TiiBBBEEERRIASSS
tEbeeesssTTii
tUUUbbbESTTII'sss
TabbbEEEttt
TUUUBBBIIt's
TTIIbbeeetttAAN
TTIbbOOOtAAN'ss
ttIIbbatttONNss
tEEECCCuuuNNIII
TiccciinU'ss
TTIcKeeeTTTmmaSTUUURRR
TAACKKETTMMMaSteerrr's
tiiCOONddaRRRUUUGGa
tIdddeee
tIIddE'SS
tttEeeeCkk
TTTiiiUNNAAANMMMEEn
TiEENNuunnmmen'SS
TTTIENNttSIIInnn
tttaaIIINNttsiiin'SSS
tttiiiEpOOllOO
teFffAAAnY
ttiifffLEEsss
tIFFLLeees's
tttigggRRooo
ttOOggRIIINNyyyEE
ttuuuggrrriiiSS
ttEggrrrEEsss'SS
TTIJJJuuuaanii
ttIIjUAAANA'SS
TiiiLLLBIRRRGG
TTiillLiCCCh
TIIllllmmmAAAN
ttiiLlllmaaaNNN'sss
ttiiiLLsIITT
tIImmm
TImm'S
tttiMAAArrUUU
toooMbuuuKKTTooo
TTuuMMbaakkkTo's
tAAMMMAxx
TTTUUUMEEExx's
TTTEEEmmuuusooooRRUUU
tttimmYY
TTTommmyy'ss
tEEEMMMoNNN
ttimmOnnn's
TTimOOOrrr
TTTaaaMMoSSSHEEEnnKKKU
TTTEEEmmoooTTTHHHy
TTiimmmURRR
teeeMMMEEERR's
TEMMirrADDD
tIImuuRRIIdd'ss
tIIINi
ttoonOOO'SS
TTTiNdddOOl
TeeeNg
ttiNNg'ss
TTeNKKERRRBBBeelLL
TooonnnkkkEEERRRbEllllll's
TEENNNKKeRTToYYY
TTTIIINNSSEELLLTaawnnn
TTTIInSSSeelllTTTEwwwN'S
ttooonTToRRetttTAA
tttUUUPPpppEEEccAnnnIIiii
tttEEppppppOOCCCANNNOOOiii'S
tiiipppPPEErrraRyyy
ttiiRRaaNNNAA
ttIIRAAAnaaa'SS
TTooorrrEEnEE
TTIIrriissAAAUUSSS
TTTiiiroSiiias'S
ttaRRUULL
ToooRiiLLL's
TTTUrOleeeAAANN
TTTIIrrreLLLeeeSSSeee
tttuRRusss
tIrrrpUUUTzzz
ttuuuRRRuuCHHIIRIIpppuuuLLEEE
tUssHHAAA
teeeshhA'ss
TTIIsssHRRiii
tusssHHHrrIII'SS
tEEESSSHRRRIIIss
TTTissiiippHHHONee
TTTASSSzzAAA
tEEt
tIIItttuuuNN
tttAAAtttannn's
tooottAAAnEEESSqqqUii
tiTTeNIIIaa
tttIIITTAANNNooC
TITTaaNNIIsssMMM
TTTIITTAAnnnooMMooCCCHy
tiiTTTiNsss
TTTEEttHHHuNuuS
TTTiiittaaAAAn
TTTEEtiiUUUNN's
ttOTIIAAANESSqIeee
ttIITTTEECCCucUUU
TTTEETTTO
TTTuuutttee'ss
TTiTTTOGGrrEEd
TTITTTIIeessm
tttIIITTooosss
tOOtYIIsss
Tiiiu
TTTaaaaa'ss
TEEv
tttaaVVEEELII
ttjUrreeebEnn
Tl
tlll'sss
TLLAAALLOcc
TTTllleLOOOc'S
tlllaaXXXcALLLaaa
tlllooMMMCCiiinnn
ttLLLIIINNNgUUttt
TlllOONNGGGATTT'SS
tttLLiinnGGGuTTTSS
tttmm
tMM'SS
TTob
ttABBAAgee
tIbbaagggoo's
tttaBaGGGOOONNNIIUUUn
TTTooobbAAGGGooNNeAAANNN's
tttiiibAGuuunnnuuuAnnsss
ttUBBBEY
ttooBBBIIIiiiSSS
tabiiiaaasss'sss
tttAAABBITTT
tttobbbulSSkk
TObYY
TTTUUUcciiNttIIInnss
tttaCCChheeeRRRiiiUn
ttOOOccHHHaaaRIIaaaNN'S
TTOchhoorrIooonnns
ToocccQAAAeeevIIlLAA
ttOOOddd
toooddd'S
tOOODDDDD
TaagLiiAtTII
ToGGU
TTIIIGGGUUU'sss
TaGOOllAnnDD
TAAAGooolllaaSSeee
ttooogggOLLLosse'S
TTOOjjo
TOOOkaaaY
ttaaakkkEEEY'ss
toooKKAAAYs
TTTaaKhhhEriAAANNN
TTookkooGOOwAAA
TTOOOKKKYYooo
ttoookkkYYI'SSS
tOOKKyyOOUtttuuu
TTOOOLLeeeDDuuu
ttoLLLeeDooo'SSS
TTTAALLUUUdIS
tttoooLLkkkiieeennn
TToLLLSSTTIIUU
TToolllSSSttooYY
ttoooLLLSSSttiiiy'S
TeellstoooYYYOOn
tollltoocc
tEELLttEECCCAnnn
TTToooLLLUUccA
TolllyyettTTIII
tttOOOLLYaaatttTTiii'S
tttoMMM
TOOmmm'sss
tttOOOmmaS
tttooMMbIIIAAGGHH
ttIIImBBAAAUggghh'SS
TTTOOOmmbbbAAAucctAuu
TTTAAMMMllliinn
TTTommlOOn'S
tAAmmmMiiE
tooMMMMIIIuuu'SS
ttoommmMMMyyy
tUmmpppKKuns
TTTOOmmmpppKKKIINNS'S
Tumsss
TToooMSkk
TTTInGA
TToooNNgggaaa'SSS
tttooonnngiiiNN
TTinnGGGaaaNN'SS
tttoonnngggaNsss
ttooNi
ttOni'S
TToniaa
ttUNNNIaa'sss
TTonnKKKiinn
tOOnKKKiNNNesEEE
TAANTooo
TTTooNNNtooo's
tttONYYY
ttOOOnyyA
tttANYAA'ss
ttooWWWuuooMMba
TTToooppeeekA
TOpppEEEKKA'sss
TTophEEEttt
toooPPSSSyyy
TTeeePPsssyyy'sss
TTTiirrrAHHH
tttUrraaahhh's
tooorrooHHHSSS
TTToorBAYYY
TTooorbbbAYY'SSS
TTTuRRRiiiEsss
TTurrrIIInnOOO
TooRRiiiNEE'ss
TArrrInnnTTO
TTTOORRiiinntOO's
TTOOOrrinnntOONNiiANN
TTOOOrrQQQUIIIyyy
TTTaarrrqUUUAAMMMaaaDu
tttIIRRRRENNNcEEE
toorrRRAAANsss
TTTiiirrrrrrEEON
tttoooRRRrrrEon'SSS
tttURrEs
TTTIIRRrrrIICCCEElLO
tttarRAAACCCAAALLLi'sss
TTTEERRRttollle
TTErrTTTagOOO
tttORRRVVVEEldddsss
tiiiRRvvIIlllDDs's
TERRYY
ToorrYY'ss
TORYYOOsssmm
tttIISScccAA
ttOssCooo'sss
TOOOsccaaNNOOO
TTuSSSCAANAAA's
TTTooSSSccciiNNNeeeNNNIII
tOOOssshheeBBBAAA
TTOOOSSHHiiBBBAA'ss
TTOOOTOO
tooTTToo's
TTAIILL
TTTOuulOOOnn
ttooouuuLIIIuuuSSAAA
ttOUURRRaInoo
tooiirOOONEE
tttIIIuuurrrcUUUiinGG
ttoUrNNaIII
tUuuRNNNEEIIrrr
TTOOiirrrS
ttOOOWWWnniiss
tEwwwnnssooNNd
tttoWWnSSSIInddd'SSS
ttoooWWWNsVViillLLLAAA
tttuuuyAmmo
TTToynBBBAAAEE
tttoyyNNbbbiiiEEE'sss
ttOOOyOdddAAA
tooYYooDDDA'SS
TTiyyIINNIIIKe
TTUUyyonnnAAAKKU'SSS
Tooyotttaaa
toooYYYOOOTuuu'ss
TTreebbbZZUnnn
TrrrUUUcccEyyy
TTRRRUUUCCCooY'SSS
TTROOcii
tttrrraaaCCEE'SSS
TTTRRRaaccIIIoo
ttRRRAcccAAAee'SS
TTRRaaacctteRRRIaaaNNNusssM
tRRaaaCCCTTTUUUrriannesmmm'SS
TTRUUUCCtUrrIIAnnussmmms
TrrracccYYY
TTRRRacccYY'sss
ttrAfffUUULLLGGGaaaRRR
tttrrrOOfffeeLLGGeeRRR'SSS
TTTRRiiihEEERNNeee
ttraIIllwooyyySS
tttrrrAAAIlllWWaYSS'SS
ttRRAJJaan
tttRRaLLOooo
tRRRUUUn
TTRan'S
tttREnnnSScccAAAUcOsssAAAAAA
TTraanSCCCAUUUcccIIIsIIIAAAnnn
ttRRRaaNNNsCennnddENNTuuullIIIssM
TTRoonSCCCEEEnDDDENNTTooLeeest
TTTraaaNNNSSSCaNDDDENTiiLLuSSTTT'SS
TTTrrraaaNNNSSSFIIGUUURaTTieeeNNN
TTTRRRaaannnsssvvvEaall
TTrraaannSSvAAuLLL'ss
ttRaaNNNSSYYlvvvooNNNIe
tRRRIIInnSyylVVAAnnniUUUNN
TRRRAAPPPAANNiii
TrrEpPPOOstt
tttrrrAAppppIIssTT's
tttrrAApppiisttS
ttrraVaNCCOOrrrAA
TTrrrAAAvviiiSS
tttrreevviiss'sss
ttRRRUvaLTTTaa
TrOOvIILLTTTa'ss
tttRRRUUUUUSSuuRRIIoooSS
tttrreeeOOsOOrYY
ttrrEEaaaSSUUrYYY'ss
trrrAAAbbbiiZond
tttRRReBBBLiNNNKAAA
ttRRRiiio
tttrrrEEEkkKKKIIIEEE
tttrrOOKKkkiiieee's
TrrruNGGGGGGAAAnnnUU
TrUUUnT
ttrrrENtt'SSS
tRRRAANNNttaa
TTTrEEnTTOOOnnn
tttROOOnnTTOnn's
TRenttoooNNNeeIN
TTRRReeeVVVELLLYYYEEENNN
ttRRRevvaNNuu
tttrrrevvOOnnnO'ss
tttrrEvvvIsssoo
TRRREVVVettHHHiCCKKK
TTRUvvviiTTHHeccckkk'ss
tttRAVVVaRRR
TRReevvoooRR'sss
TTRRRiiYYY
TTRRREEyy's
tttrrrOOOaaaddd
tRRiioooD'ss
ttrEAANNGGGuuulUUUmm
trrIIaangggUULLumm'SS
ttrrOOOAAASSiiicc
TTTRRReeeaaassssssIIIcc'SS
tricccHaaNNOOOpppuLLy
TReCIIIE
tttrriiCCCUUA'SSS
TrrIDANNNtt
TTreeeDDDEEnTTT'SS
trriiiDEENNtIInnnEEE
tRRiDDDEnnntttAM
TTTrEEERR
ttRRIIeeestttUU
trrriMMirrrtttUU
TrEEMMIIRRRTTaaa'SS
TTrrenU
tRANNo'SSS
tRRiNCoomEEELLeeeIII
ttRReeeNNIIDuud
TrrinODDDaddd'sss
TTrriiinnniddaaddIAAnnn
TTrEEEnnnUDUUUDDDEEeNN'sss
TRennnuuDoooDDiiioonnnSS
tttrANIIITARRRiiiaaann
TrrrinIIttturrrIooonnn'SSS
TTTRRRInnnIITArAAANAAASSMMM
ttrinIITTiirrrAUUnnUUUSM's
ttrEnEtAriiiaaannIIISSSMMMSS
ttRRRiNNNiTAArrrAansss
TTTRRiNuuuTEEEESS
tttRAnnnIIITYY
ttrUnnniityy'SSS
tRuuPatoookuu
TTrriiipooLUU
TTrIIIppoooLLLii'sss
TTrrrIIIpooLLeeettteeeN
TRRRuuupPPi
TTRIIppPO'SSS
TTTRipTTeeelEMMEEss
ttRiiipppirrrII
TTTrrrIshaaa
TTrrIIIShhOOO'sss
tttRRisTAAANN
tttrrIIISStttAAAN'ss
TrrriiSSSTTTrrraaaM
TrriiiSSSTrIIIM'ss
ttRRiToNN
ttrIIITTOOn'S
TTrIIttoonnnSS
tRRRiVVVaaaNNDDrrrUm
ttrAAABBBREEAAAnDDD
ttRRRobbrIIaannnDDD'SS
tttRUiiee
TTROiee's
TTTrrrIIjjjeee
TTRoojjjaaa'SSS
TTTRRAAJJJAAANNN
ttRRROOOJiinnn'S
TTRRiJIINS
TTrOOlllLLipppe
TraaaNdddhhhAAooMM
TrrreeNNNdhhhOIIM'ss
tRRROOOpppOOcENNeee
TRIPAAAccAANNNAA'SS
tRooosssSSSiiicccHss
TTrrOttsKKKOOO
tttrrEETTTSSKKUU's
tRiiitSSkkkY
tttrrOtssKKKYYYuuSm
tttRRROttsKKyyuuussT
trrottssskYYYITee
tttrOWWbbbrrIIDgggII
trowwwbrrUUdGGGA'SSS
ttRRROOYYY
TTTrrooy'SS
TTriYEEESS
TTRRuuCKKAAAe
TTTRRUUUccckkUUEE'S
tRRRAADuuEEuuu
TTRREddYY
trrUUUDDy'sss
TRUUUfffffEEuutt
ttREFFFFaaauuuTTT'SSS
TTTRujIIllllO
TTTRRRuuuK
tttruukk'ss
TTRRumAAANNN
tRUmmAAAn'sss
TruuMBBUUlll
tttRiiMMMBBuuLLLlll'sss
ttRRRUUUMMMppp
ttRRuuMppp'sss
tttRRiiiRooo
tttrrOORROOO'SS
trrruuutth
TTSSSoooNOOO
TTTSSSArrUUTTTsssyyn
TSSSAArAAAtssYn's
ttssshhhuuMbbiii
tSiimmmSSShiiooN
tSSSImmShiiON'SSS
TSunnnuuun
ttsaaaNNGGttaaOO
TTTSSSOOOnngYYYoooaNN
TssEEooLLKoooVVVSKKKYY
TTsssiIIIllkOOvvSSSkky'ss
tSSuuttSUUHHHoorrr
TTTSSSiittssuHAAARR'S
tttSEEEnnngggKHIPPOOO
ttSoNgggkkHAPPa'ss
tttsssaaaSSHIImmmAAA
tSSSOOOssHHHIImmmOO'S
TTSSSVVitttueevvvi
tSSvOtoooeevvUU'S
tttSSSwwAnnnE
TswwaaNNaa'sss
TSSSWWaaNAAS
TTU
tueeemAAATuuu
tuAAAMMOOOttu's
TTTEEeeeRRRuggg
TuaaarEg'sss
tIIIoRooggSS
TTTUbbMaann
ttuuCCaaaNa
tucuNNNee'SS
TTEEECCCk
TucccKeeeR
tUUUcKerrr'sss
TTeecccssOOOnn
tAACssUnn'sss
tttUCCUmmmaannn
ttUUCCeemmmaan's
taaDDDOOOrr
TUUUDiiR's
ttADorrrss
TTTeeeeee
ttAAeeess
tttUUaaSS'sss
ttUUoSDDaaY
tttOiiisssDaaaYYY's
ttAaasssdddAYSS
TUUEENNNall
TTUUllA
ttUUULLaaNNNeee
tttuLLLUUNNNE'SS
TTTiiilll
ttUlLLL'SS
tttiiLLLSSSaa
TTTuuuLLLSSSOOO'SSS
TTUUULLsssAAAn
TTUUlSIdddAAS
tuulsssuuDAS'ss
tttuuuMMMSSS
TTUUUMS's
TTunnnggTIInngg
TUnnGGGUUss
TEnguuS'SS
tttuuunnnGGuuSSSEEES
ttUUUnnggguusssIIIC
TunngggUUsaCCC's
tttiNGGGuusskoo
ttuuNNNGUSSKKKEE'ss
tUUUnnESSS
ttuuunnniiiss'SSS
tuunOOOsssoooA
tUUNNiiisssiiA'S
tttannniisUUUAANN
tttAAANNNisiiIINN's
TTaannniisuaaNNsss
tttuNNNNNIIIyyy
tuuunnNNaaYYY'S
TTTAPOO
ttOOOPUU's
TiPiUnn
TTTOOPaaaSSS
tUUUppppEErrwwwaRRAA
ttaaPPPiiinnnGGGoooTo
tIPUUNNNGGUUUtttooo'sss
TiirrOOnnEEiiiNN
tURccce
tteReeeNNNNiii
ttOOOrrggOOnnneV
TTaaRRGGGooT
tttOORRROn
TTTEERRRiiin'sss
ttuuurrrIInnGG
TTTuRRRUnnngg'S
TTuRRRkkk
TErKKK'ss
TOORRRkEssTAAnnn
tttuuRRRKKasTAAAnnn'sss
turKUUUYYY
TTUUUrrrkkkeeY's
tuuurrKKKIII
TTTiRKKAAA'S
toorKoC
TTooRRKeeCCC's
TTUUUrKKKuuCCCs
TorrkkkIIShh
TTuRRkIsssH'SS
TTAAARRRkkMMOnnn
TTooRRkmmEEENN'S
tUUURRKKmmEEnUUaN
TuurkkMMMEEENiSSTAAAnnn
TTTiRRkkMMEENNiiisTAAN'S
toorrkkMMeennsss
TaRRRkkkOmmOOOnnn
tttAAArrrKoMAANN'S
TTTUrrkkkIIImmmuuNNNs
tttuuRKKKs
TTUUUrrrkkkee
tttEErrrnIrr
TTiiiRRPPPINN
ttoosCaLIaSSSaaa
ttuuuscccELLOOIIISSSE'S
tuuussccAN
TTiisCCCAAnnn'sss
ttuusCCCANNNSS
TTTuuusssCannYYY
TeesscciiinnnYYY'S
TTeeescAArrrIIIRaaa
TTTIISSScccaarrreeeRoo'S
TTTUUUssscAAARRIIIrrrAS
toossCUUUn
TTTuuuSScOON'sss
tttUUSkkkEEEgggEee
ttteesskAAAGGGEEEE'S
tusssSaUUDD
tUUUsssSSSaiiddd'SSS
TTTUT
tttOTT'ss
TTutAAANKKKHHHooMMaann
TUUTiNNNkHHAATTTeeN
tUUtSSIII
ttOOTTIII
ToTTTeee's
TUUUtOOOiLuu
ttUVVeeelUUU
TTaaavvvAAluu'SSS
tUUUVVVOOlUUUAAnn
TiiiXXTTloo
TuuXXXtttLLLAA'SSS
TTVVVerr
tttwwwuuOOOnnn
TwweeaaD
ttWWEEuuDDDDDDaalOOO
twIIEddLLLEDDuuuii
ttwwuuudddLLLEEdooee'sss
TwwEEEOOOdllloooddeem
ttwwweeeUDleeedUUUmm's
TTWueeeDDDsssmmAIr
ttWoooLLFFFTThhtttiiiDEEE
TTTWEEElffftttHHtttiDDo'ss
Twwwii
TTwiiicKENNhhhaaam
tttwwIIILLLuu
ttwaLLaaa'S
tttWWInnnkkIIIUUUs
twwwaTTorrr
ttWWIIITtAAArr'S
TTTwwwuZZZZlluuuRRSSS
ttWWWizzzzzzLLeerrS'S
Twwwp
TTyy
TTY'S
tyybbbUURNNN
tYYYCChhhAAA
TTTYYYcccHHaaa'sss
TYYYchhhOOO
tyyyLLennnuuuLLL
TTYLLLonoooll'ss
ttyyylErr
TTYlllEErr'SSS
TyNNNDAAALLLooo
tYYNNDAAlLLL
TTYYYnnDDDaaRRReeeoss
TYYYNU
TTTynnE'ss
tttyyNWWWAAldd
tttYYYpppHHAA
tYYppphOOOeeISSS
TTTyyPPPhoooAAaass'SSS
TyyyPhhEnnn
ttYYYpphhhooNN's
TTyRRR
ttyyrrr'ss
tttYRREE
ttYRRReE
tYYRRReeee'S
tyyyrrrIIIAAAn
ttYYYrrrEEEL
tttyyyRRRoll'SSS
tyyyrrOOllAaaNN
tyRROOllossEEE
ttyyRRoLLLIIUNNU
TTyyrrrOOnnnE
TyyyRRRrr
ttYrrrr'sss
tyyRRRRRhhhONNNAAAiiinn
TTYYYrrHHHIIInnniiiUUnn'SS
tttYYYssOOOn
tysssooN'sss
ttYaaMMeen
TzzzUPi
uuu
oo'SS
uubbbs
uuBBBsss'SS
UUcccLLLII
uuucccleee's
uuuffaaa'SSS
aaHHHfff'S
uuKKK'sss
UNNN'sss
UUUNNNaasssCOO'SS
IIIniCAAFFF'ss
oooNEEEXXX's
UUUS'ss
osA'SSS
uuuSSSSSrr'S
uuuTT's
aavv'S
IIIbbaaaNNNggi
uuuBIqquuIITTErrrIann
UUUbbuuNNtttU
UBUNNttAAA's
UUcccOYaLLLII
IcCEEEllLLooo
eeccccEEElLooo'SSS
uuDALLLl
UddINNEE
AAAFFFEE
uuuFaaa'SSS
ufFiizzzOO
AAAFfffOzzi'S
uGGGAnnndaaa
EggaaaNNda's
EEGGGooonDDDooNNN
ugggIIInndaaannn'SSS
UGGaNdaaannsss
uuuGGAARRiTTIIIC
uggaaRRRiiiTTiccc'ss
UUUGlii
UUgRRIIIAn
agggrrriiiAANN'S
UUUgRReeeAnns
uuggriiiccc
IIIgggrooocc'sss
UUUgrrIIICCCSSS
uuhlAANNNDDD
uuiigghhhiir
UUUeeegggHHaRRR's
EEiGUrr
UOOGGGuR's
UUUIIggEEErrrs
uujjjijiii
iiijjjUUNNGppeeeNNNddAAANg
ooojuuNGGpUUUnnnDDeeennnggg's
OOkkr
EEEkkkrUUiiNNE
EkkraaaaNNNooo'SS
ukkkrUUIIINiiiANNN
uKKKRRReeiinooaaaN'S
uuKKraaainniiiAANNsss
uuulIinbbbaaAttAAArr
uuLLLAAAaaannnbEEEUTTAARRR'SSS
aaalBrrIICCHtt
UlM
uLLLPPPeOOn
EllsaaaNN
AllSAnnn'SSS
ulllsTTTERRR
aaLLSTTerrr'ss
OOLLLTrruSSSAAeeDDDoo
UUULTTRIIssuuuEDOO'SS
OOOllyyaaNNNuuuVVSSK
uulllyyySsssiiss
UUlllYsssssess'SS
UUMMMuuYYyAD
AAMBriia
uMMbbRRUUaaa'SSS
UUUmmmbbbRRReeAn
uuMbbrrruAAnnn's
UUUMMMBrouuuNSSS
UMMbbRRRiiiEElll
uuummmbbRiolll'S
UUNNEE
IInne's
aannnaaammmuNNNOOO
ooNCCAIl
UNNDeeRRwwwOOOoodd
uuNdaRRweaaDD'SS
iiinGaaaVVVUU
uuuNNNIIaaTTT
IINNNoooUUTT's
uNiiiAAttts
UUNNNooccOOduuu
UUUnnniiicODDDU'SSS
unnnIIIlllEEvvvEERR
uNNNILLLeeVVVUUR'S
uuuNiieeen
unnnIIOON'SSS
aaniENNNiiiSSMMM
uunnnIIIuuNNNIIIssstt
eeNNNIAANNsss
uNNNIIRRRoYaaaL
ooonnEEErEEYYYoooLLL's
UNuuTTT
UNNiiiTTaaarrriiaaann
iNiitiirrIIIANNN'SSS
UnnIIItttUUURRRIIaannUUSSmm
InnIIITTTUrrrUUUANNisssm's
UUUnniiiTTIIRRIAANNNisssmmmsss
uuunOOOTAAArrrIonnSS
uunUTuuuS
EEENNAATTOOOss'SSS
uuNNAvv
UUnnnuVVuuurSSEElllaassM
UUUNAVVooorsAALasttt
uunnnttERWWAAAldddUUNNN
uuNNNTTUUiccHAAAbbllle
UNiiKKKAlHHHAAI
uNNNuKKKeeelHHHooAAA's
UUUpppaannusshhheedd
uuuPPPIIINuSSSHeeeDDD'ss
OOOPaannniiisHHHaaadSS
UUPPdduuuKiii
IIIpjEhhhnnn
uuuPPjjEEEhhNNN'ss
EEPuuulluuu
eeeppppppeRRR
oooPPPpSSaLLLa
AppptttENNN
AApTTTaaannn'ss
eer
uuuREEl
UUUrrrAAAllleeon
uuuRRRuulACC
ooorrAAlIcc'ss
uuuRRuLLS
OOrAAAnnniaa
uuurrAANNiaa'ss
uurrAAnnaaNNN
iiiroooNNNuuuSS
ooorrrinuuSSS's
oooRRBBIIIn
uurBINNN'SSS
iirrddAARRR
URRRDDUU
IrrrDDDu'SS
uurreyyy
UUrrrFFOOO
Urguu
uuurrUUUaaahh
ErrIIALLL
uuRRIISS
oRMMEee
OORRQQQaaahhEERRRTTT
uRRSSooo
UrrSA'ss
arrrSSSullAA
URSuullIIInaaa
ooRRAA
irUUGGGooiiYY
iiRROggIIay'ss
eREEGuuuaaaYYYAAN
EERUggguuuyyyoNN'SSS
UUrrreGGUUUaaayUUNNSS
UUURRuMMMchhhi
aaaRUUMqi
uuuSSuunneeeT
usssAAAnnnUTT'SSS
eesshannnTT
OsHaaaSS
UUUSSShASS'ss
UUUssskkk
uuuSSSPaalLLAATTTAAA
oSSpppallllEEttAAA'SSS
uuuSttIInnnEEEVVV
iTaaH
uuutEhh'SSS
uuTTTAhhinn
UUTTAHHHuun'sss
OOOtttUUHHaaaNSSS
uuuTTAHnn
uTTe
OTiii'S
UttEEESS
aattHiiirr
uutttiiCee
UTocAAA'S
UttAPiiuuu
UUTTooPiAA'S
UUtooopppIiiNN
OOTTTIpppiiiaaaN's
eTTTEEPPIIANNNS
uuuTTopppiiiaS
UUTrrrIccchhtt
EETTTrrreeeCCHHTTT's
OOOTTrAAAllLLLi
UUUtttRRRiiiLLLllO'S
UUTTTUU
eettee'ss
aaaxxxmmALL
uuuzbbAKK
uZZBBBEK'ss
UZBBBEEEKiiStaNN
UUZZBIkkIIIsTTTAnn'ss
oooZZBBeeKSS
OzEE
IIzEE'SSS
UUzIIIS
vvv
V'S
vvvUUUTT'SS
vCRR'S
vd'SSS
VVVFFw'ss
VHHHFF'S
vvooo'SSS
VIPPP'S
vlllfff'SS
VVVaaa
VVAAELL
vvvaaAAASSSaaa
vadddErrr
VEdddEEr'ss
vvaDDuuuZ
vvvuuDDeZZZ'ss
vvAIIIShnAAVVA
vvvAIshhnAVVEE's
vvaIIIsssHNNevaSSS
VAIIsyaa
vvvAiiiSSyyaaa'sss
VVVaauuusyyyeeesss
vvvAlll
vveeelll'SS
vvuleOSS
vvuuLLLAAARRRiiie
vvAALLARRAAAeee'SSS
vILLLdezz
VVVaaLDEzz's
vvAALLLeeeNNNceee
VVVallEEncciII
vvAALLiinnnCIIIAA'SS
VVVAAlluuunnnccOOOAAASS
vviLunCCCiiiEEEnnNNNES
vUUULLLeeenntttI
VVVOOOlANNNttu'sss
VAAAllAAANNNTuNNN
vvallINNTTTinn'sss
vvvOlUUNTTTINEE
VAAllUUntttIIINNeee'ss
vvvaalINNNttOOONooo
VALLOOnnnzzIIELLA
VVALLeeNNZZUUUeeeLLLI'sss
VVVAAAlERRAAA
VVALLEErriiO
valllorrraaai'ss
vEEELLLErrIaaannn
vALUReeeeen'SSS
vvOOOllEEErOOOaaa
VVAALLLEERIOO'S
VVVooolHOLllAAA
VVVuulhhhIILLLLeee'SSS
VaaLLLiiiiMMM
vvUllAAUUm's
valEiiiMMMS
vAlllKKYrruEE
VVAAAlllKKYRROOUUU'ss
VooLLLKKyyyRRIIIoos
vvAAlllLLLedUllIDDD
VAlLaaajjjee
vIlLLeeTtta
voooLLLeeetTOO's
VAAllllllommmbrOOSaa
vEELooIs
vAAlOOONNNaa
VVVIILLPPPUUURRRAAiiSO
vvvaaallPPaarrUUISSAAA'SSS
vaLLVOOLaNNNee
VVallVVVoooLLLeNEEE'ss
vvvAAllléRRyy
vAAn
ViiiNNcca
VonnnCCeeEEEVOORRR
vvveNNNCAAUUUveeerr'ss
vvUUnDDDUULLL
VEEENNdddALLL'ss
VVVIINNddeeeLLss
VVAANNdddARRRbiLLTT
vvvAAnnnDDYKKKeee
VVAANE
vvvannnEEEsssSSSAA
VVVUUUnnnEEEsssii'S
VVVoonnnGGG
vvvAAnnngg'S
VVVaaNNNIRRR
veeNiiir'SS
vvaaanIaTTu
VVaaNNNuuuaaTII'S
VVVaaanUUUTTTUUunnn
vooNNZetttO
vvaaNzzEEEtTToo'SSS
vvvAr
vvvUUUrEneSi
vardaRR
vvARRRdhaammmannna
vvAARReeeSSSe
VVAARRGGaaas
vaRIITTTYYYPPPEErrr
vaRRNNaaa
vaaarrrNNNaa'S
VARRRRRooo
VVVaaarUNNaa
vaaRRRuuunnnA'S
vUUUSARRRII
vaasssOOOriii'SSS
VaaSEELooone
VVaaasUUUliinnno's
vvviiSSSIliiinnEEsss
vaaasHHttII
vIISSqquuuiiiz
vviissqqEaazz's
vvAAsssssAArrr
VVeeSSSSSaaarr'ss
VVAAttt
VaaTIIICaNNN
viittOOccaaan'ss
vaaaUbbaaaNN
ViiUUUccLAAASSSEEE
VVVAAOOOD
vvAAAUUDDDOOIS
VVVAUGGhheN
VAUUGGhhhnnn
vvvooUUUGGGhhN'SS
vUUzzzqqqoooEzz
vvizQQQUUEEEzz'SS
VVVEudiiR
VVAaaDaaarrr'ss
VVVEEaaadddaars
vvveBBLLoonnn
vvEEEbbllennn'sss
VVVoooDAA
VVVIdAAA'S
VVVEEdaaNNNTTAAA
VVeeddIIINNtIIICCC
vAAdAAs
vOOODDDdAA
VeedIIc
vvvEEEeePPP
VVViGA
VeeGGEE'S
VVeegggAAAsss
vAAGEEEmmmiitUU
vvveegggAAmmIITTTe'ss
VVVoooiU
veella
vvvaaLLLccROO
VVEEELCCRROO'SS
VVVaallcccRRoSS
VVOOLLLUUZ
vEELLLeeeZZ'SSS
VVeeeLLMMUU
VVVeeellmEE'SSS
VVOLvIIIETTTAA
VVIIlvOOOiiiTTuu'sss
VEEllásssqqiiiUZ
VVVEEEllásQueZZ's
VVVuLLázQQQueeezz
vvvooNNN
VVVeeNEETTIUU
VVEEnnnEETII'SSS
VVInnnattIIIeen
veeeNeeetiAAAnn's
vineetttIIonnnSS
vvUNNNETiiccc
vvvennnoZZZIIa
VVUUUnnEEEzaaauuu'SSS
vvennnOOOZuuuollII
vENNNeezzuuELLLaa'SS
VVVaaaNIIIzzzUUOllAAANN
vvvIInEZZZUUUEEllooNNN'sss
vooonEEEZZZuuuEEElANNNS
VeeeNNIICe
VVoonnicce'sss
VVVEEnniiiTTOOO
vvveeeNNLLLo
vvENNNNN
VVeennnNN'sss
VVeeNTTEELIIInn
VeNTOOllInnn's
vEEENTTTRReeSS
vventtUraaa
VVEENNNttooRaaa'S
VVVIInnnUUUss
vvEEENUUSSS'SSS
VVeeennusssbARRG
vvEEnnUUSSSUUSS
VEEnnIIIsOOOan
vvvErrrAAA
vuuRUUU'SSS
VeeRRaaaCCRRRUUUZZ
vvOOORiCRRIIIzz'SSS
VEEErrCCCEELLLLLAA
vvEERRCCOOnnnGEtorIIXXX
veeeRRde
vvurdiii
vvvEEERRRDuuunnn
vvveeeRRDuun'ss
VVVarrUUEnnnIIIggIIINNNgg
vIIIRREEiNNN
vvveeerrrgggoooLL
vvveergUUlll's
VVErIIzzen
veerIIIzzzooNNN's
vvvuuurrrLLLooouNNE
VVVEEErrLaoNEEE'SS
vviiirMaaeRRR
VVeRRRMOONNNt
VUrrmoooNNNtt'ss
vvvOOrmaaNNTTTuuuR
vveeRRMMMINNttiRRR's
vvvOORRRMMMOOnnTTUURRRs
vvvEErrN
vOORNNN'S
vornnnAA
VErnnnAA'sss
VVVernOOO
VVErrrNNNAAllleeeNiiinnnSSSkkk
VVUrrrnnnuuNNN
vvvOOORRRnOOON'ss
vvvarONNOOO
vvvuuuruuunnnaaa's
VARRReennEEEsssee
vvvEERRROnnIcccUUU
VVVeeerraazziiNNNooo
vvvIIRRrrrooozooNNNO'SS
vvvUUrrRRReeZzzAAANNNOOO
VVeeerrrrUUZZZZZZAAANNNOO'ss
VEErrrRReeCCcchhhuuuUU
VVeRRSSSAAAiiiLleees
vvvEErsiiIIIlllllEEESSS'sss
VUUUrrrttUMMnnaSS
VVVUUUruuuLAAAmmmIIIUUmmm
vEEERRRWWWIIIerDD
vvvEEEsssaaLIuSSS
VVOOOSSELIIIiiss's
vvvuuSpppaSiiiUUnnn
VVVeesppuuRRR
VuuSppperrrsss
VeesspppUcccciii
vvAssPiiCcccuuu's
VEEESSSttA
vvveeestttA'SSS
VVAASUUvEEEeeen
vvvEEEssUUVVVuuuUUS
vvuuusssOOOVOuuSSS'sss
VaaACCOMM
VViAccoom'SSS
vvviiiGGrra
VVVuuubbboRgg
vvvIIIcc
VVaaaCCuuuNNTTTeee
veeccAAAnnteee'SSS
VVVIIccHyy
VVViiCCkkkii
vOOCKKiii'S
vAAAcKIIIee
ViCCCkkkiiiaa'sss
VVViiiCCCkSSSbbbuuurrG
VVVicckkksssBuurrGGG'SSS
VVVeeCCKYYY
VeeecOOO
vuCCCtAAAR
vvIIctor'SS
VVVocccTTTOOORUUUAAA
vvaCTTTooorrIIa'SS
VVIcctttOrriiiOOnn
VICCtttoorIAN'SS
VVVIIcccttuuurrUUUenIsm
VVVaaccTTTurrraooNsss
VVucccttRRiiiLAA
VVuuuCCCTTriLAAA'S
ViiddI
ViiDDDa'SSS
vvvUUddAAlll
vIIdddaaal's
vEddAArr
VVVUUDDDaaRRR'S
vvoooEEnnnnA
VViennnE'SS
vviaaNNNNNoo
ViiieennnNUUSSSAA
vvvEEeeNTTTIAAnnnee
VieeenTeeaannnee'SSS
vvvIIiiiTTTCCennG
vIIIeeeTmmmINNhh
vviAAATnnnaaamm
VVIettnnam's
VuueeettNNNOmmEESSeee
VOOUUUtttnnaammmIIISSSEEE'SSS
VVaaGGNNNoLLLA
veegaaa
VuuuGGoo'ss
VVVOOOEEPPuRRRii
vviiJJJUUUYYYaaNNuuuGGGaarr
VVVijjaYYYaaNNNOOgAArr's
vveeJJJAYYYAAWWUDA
VVejEEyyyIwwwAAAdiii'ss
ViiKKIInGG
vvEEkkkinnngg'SSS
vviikkaaaNNgs
VVIILLLaa
Viilla'S
VILLLLLaaa
VVIIILllaaaHHiirrMMosssU
vvAAlllLLLAAHHurrmooSSSaa's
vvAlllllANNNAAVVViiNN
vvvaLLlllaarrrREEEAAlll
vveeLLLlliiRReeUULLL's
vveeelllLUUUNNNeeeuuVVeee
vvUUULLllAAANNN
VeLLmee
viilllMA'ss
vviiLLNNNA
VVVOllNNNaaa'ss
VIIIlllNNNeeeuSS
VIllnnnIIIOs'sss
VVVOLLLyiiiIII
vvvelYYuo'sss
VViiimmmiNNNeLL
ViiNCa
VIInncuuu's
VVIINCCCEENNNneeS
vvveeenCCCeennnT
vvvenccceentt'SSS
VInccii
vviiiNNCiii'SSS
VViinnnDDDUUmiiATTTREEXXX
VVUNNddEMMuuuIIttrriix'SSS
VViNNddobbbnnnAAA
vvAAnndddebbNNAAA's
vINDDDUUUbOONa
vvOOONNdEEEbOOnnaa'ss
vvvINAliiinndd
VVViiiNlllANd
vvoNLLAAnnDDD's
vvvOOOnnNNNEEETTSA
vaaaNNNSSSoonn
viiinSSOOOn'SS
vIIIOOOLa
VVIoLLLaa'SSS
VVVIIooLLLeeeTT
vvIIOOLLLEEttt's
ViiiRRRccchooW
VVVIIRGGOOOe
vARGGGIIIee'ss
VVorGGGILL
VIIIRGGaaaLL'SSS
VVUUrrrgeleeeonnn
vvvIIrrgeeNNN
VVVIIRGGiNaauuu
vvvarrgggEENiiia'ss
vuuurrGGGEEENNAAEEEN
vvvoRRRgggIIInnnOOOannn's
VVVIIIRRRGGGinnniiiUNSSS
vvIIIrrggOO
vvvUURRGGooo'S
vvErguuSSS
VUUUSSSAA
VVOOSSO'SSS
vvvUUsssakkhAAAPPAATTnnIIM
vviiiSSuuyyyANNN
vOssAYuuNN's
VVisssOOOYUnnSS
vvvoSbbYY
vvvisssCCCooonttIII
vvIIshhakkkHHHeepAAATTNNNAm
vIIsshuuuKKKhAAAppAAATnnnuuMMM'SSS
viiiShIINNSSkkkYY
vvviiiSHHHNNuu
vvishhnii's
VVOOSSSiggUUUtHHH
viiisIIgOOOtth'S
vvvIsIIIGIItHss
vvvIsstUUlllaaa
vvooSSSTTaaaLAAA'ss
VVVeTeebbbSSSK
VAATTIIMM
vvviiiTTTuM'ss
vvItttoo
vvviiitto's
vviiiTTiRRRIii
vEEtsssyEEbbsskkk
vvIIItsssyoobbSSK'S
viitas
VVIITTuuus's
vvvUvvvaLLLDe
VVooVVViiikkkAAnaanDDa
vvIIIvvUUkkkEENNandu's
VViiVVIIIANN
VVViiivvIeNNEEE
VVIIVIeennnAAA'SS
viYYOlllLLLooo
vAyyyEEELllAAA's
vviyEEELLLlllaSSS
vLLAAADD
vvvlEEDD'sss
VLLooDDOKKEVkkkizz
vvvlAAddiiiMMIIr
VVVLLLAAAddiiVVaSToookkk
VVLLLADAAvvvOstttOOOK's
VLLLAAAMInCCCK
vvllAAASEEC
vllliiiSOCC's
vvvLLLIIISSSssseNNNgennn
VVVllttaaavvuu
VVeguII
VEEggooeee'SSS
vvvUgguLLL
VVVAAgggull's
VVOOggeeLLLS
VVallinnnss
vvvOOOLccckuurr
vOOOlllccckkErrr'SS
vvuulllDDDEEMUUrrrT
VVOLLLDiMMARTT'SSS
VuuLgeee
VVaaLLLgI'SS
VOOLLLggOOGGGrrAAddd
vaLGGEEEgggrAAAdd'SS
VVElKKSSSlllUUUeeDDD
vvooLLLKswwwaaguuNNN
vvvALLLKKswwwUUUgggannn'sss
VVOOLLAS
vvvOOOlllOss'ss
VVVOOOlllsCCaa
vOOLLLSSCCCiiiaN
villsssttOOID
vALLsstttUaDDD's
VVoolSSSuuuNNNG
VVVOOOlllToo
VVoLLLTTaUUreee
vOLtttAAere'S
vvoolllTTTUUURNe
VOLLvviii
VIIlllvOO'SS
vonddaa
vOONDiii'S
vvOOnnnNegettt
VVANNNnnnEEggiTT'SSS
VVVURllUUGGGEEE
viirrronIIzh
vvvooRRRoosHHaaalOOVV
VVVoROOsshhhIIlloooVGGriid
VoRRResshhhiLLovvvsk
VOOOrrStteeRR
VVOOrrrssttteerrr'sss
vvvORTTTEEEmmNNeSS
VVVOSSGeeSS
vvvaaSSSTEEkk
VUUUtYYaKK
vvvotyyyUUUKK'sss
vvaaEEvvvrAyy
vvvoYaaagIrrr
VVooyyaGGGAAAr'ss
VVRRRiiuuuss
VVVT
vvUUUaaalleeerrrddd
vvuuiiiTTTTTToonn
vvvuuiTTttEEnnn'S
VUUL
VVVAALLLcccaaan
VuuLLLCCaaN's
VAllgg
VViiLLGGGeTi
VVVUUUlGGiiittaa'ss
vvalGaatASS
VVUlppocuuuLaaa
VVYYYAATTkkkUUU
VVVYBBorGG
W
WW'ss
WWWAAAsspp'SS
Waaattsss'SSS
wHHEEE'ss
wNNww'S
WWWSWWW'S
wwwWw's
WEIIdTT
wwwaoooL
wwwiBassshh
WWWaaaBBBaaaSSh'SS
WWUcc
Waccuu
wwooccOOO
wiDDUAA
WWWoDDDe
wwAAAfDDD
WWoogggnnneRRR
wwwOggNeeRR'SSS
WWaaaGGNNeeReAAAn
WOggRaaamm
wAAAGGrrrAAMMM's
wAHHHHAABBi
Woikookaaa
WWaaOttO
wAATTe'SSS
wwwAAkkkooSShAN
wUKAAAshENN's
wakkAAyyyAAAMMMa
WAAAkU
wwiKKeee'SS
WWWIIkIIfffiiiEElddd
wwwookksssmmman
WAAALLL
wAALaacchiiie
wwIIIlccEtttTTT
waalccItTT'sss
wwelllDDD
wAlDDD'SS
wOOOLLdeeemmmAAr
WWWalDeeeMMAAR'SS
WWooollDDUUUnnn
wwwAALLLddeeeNNN'sss
wwalllDiiiNNBBiiRGG
WALDeeenSSOOOSS
WaaaldddiiinsssiiiIIn
WaaalDhhhoooiM
wwwaaLdddo
WWUULDDUU'SS
WWWElldddeeerfff
wwwAlDOOOrrff'ss
WWAALLIrr
WaaaLiiS
wwwAALLUs'SS
wwwAAAllleessEEE
wwwEElgggreeeUUUNN
WWWAAlGGrrrEEEENNN'ss
wwAAlHHHAAALllOOO
WaaaLLkkEEER
WWIIIlkkoooRR'S
wwiiiLKmmAAAn
wwwaallKKyyrrrAAAA
wwwOLLl
wwAAALLLl'ss
wEElLACUU
wallllllaacHHiUU
WWuuuLLLLiSSSEEyy
WWWeelLLLENstttOiiiNN
wwwaalLLIIrr
WWAALlliiisss
WWIIILlOOOnnn
waaaLlls
wwAAAlllSSaaaNNddd
WWUUULLmmErrttt
WWiiilMMIIIrrTTT'sss
wAAlllpppellEE
WOLLppOleee's
WoooLpuuRGGGISnnnAAACCHHHTT
wwALLLSSSUUllLLL
wwwaaalllSSSAAlllLLL'ss
wwEEllssH
WaaallSSh'S
wwEElSinnnggHHHAmmm
WWIIIlTT
wwAALTT's
wwaaalTIRR
wwAllltEErss
wUUULLLTTOON
wwwuuuLtooNN'SSS
wwiiiMpuunnnoooeeGGG
waMPPAAAnnnoAAGGG'ss
wwAAAmmmPPAANNNOOAAggSSS
wweeennnaaammAkEEERRR
wwuuunaMMMAAAKKKEEERRR's
WWWeeennndddUU
wwAANNNdddaa'ss
WWWANNDerrrjaaahhrr
wwwaaNDDsWWWiiiRRTHH
WWWiiNNDSWWWOOOrrrTTTh'SS
WUUUnnG
waaNggg'S
WWAAANNhhsiiien
WWeeNNNkkkOlll
WWANNkkkull'ss
wwwuurbAAAcckk
wwwaarDDD
wwwIIrrruuu
WWWeeerrrAA'SSS
waaarrhhEEEll
WWaaarreenG
WWWUUURRIINGG'SSS
WiiiRLeyy
WWWUrLEEEYYY's
WWaRRNNiR
wwarrrNeeR'sss
weeerrrin
wwwOOORRrrrooNGGToon
wErSuwww
wwwARRsooWW'SSS
wUURRRtttaa
WWWAArTbbURRgg
wwIrrrWiiickk
waaarrrwwwiiccckkkSSSHUUrrEE
waaasaaaTChh
WWWAAASUUttcHH's
WWaSSSH
wwwASHHHONNNGGGTTooonnn
wwwAssHHHiiinnngggtOnnn's
wwAsssHHHEnnngggttteNNuuuAAnnn
wwwAAAssshhhiiinnnggTOOnaann'SS
WWaaassHuuuNggTUUNoaaNSS
wooSSSpp
wwwEESSSPiiSHHH
wweesPPYYY
WaaasSSerrmmOOOnnnnn
WWAAATTTuurrBUUUrrY
WWiittiRRRfOrrrdd
wwwATAArrrGGGOOOTTTeee
wAATooRRLoO
WWaTTTeerrrLoooE'sss
wwwOOOTTTerrlioSSS
wwaaattEEErSS
wwittturrrsss's
WWWaattkkuuNSSS
waTTSSSIINNN
wwwaTTTTT
wwaaTTTTTTeeaaaooo
WAAttTsss
WWIItaaasse
WWIuuGhhh
wAvvii
waaaveRRllOy
wEVErrrLLUUyy'SS
WWWaavvveeeSS
WAYlllaannnDD
wAAyylllaaannnD'ss
WWAAYYnnnii
wuzEERRissstAAAnn
WWWBB
WWBBB'SS
wUUaLLLdd
weeooVUUUrr
WWEeevErrr'ss
Woobbb
wwEbbbbbb
wwwEEbbooorrr
WUUbbirrNNN
WEEBeeeRNN'SS
WWUUUBBSSSttteeR
WWEBBBSTTeeRR'SS
wAbbSSSttAAARRSSS
wUUUDD
wweDDD's
weeDDDDIIILLL
wwUUdDDDOLLLL'SS
WWedddeeekkooNNDD
wwwEDDggwwaaaoooDDD
wwEEEDDNNAAAsssDDDeeYY
WWWeeDNeSSDDAYYY'SSS
wwwoooddneSdddoooyS
wweeeeKKSS
wEEeeeKss'SS
wEEEhhhrrMaaaCChhhtt
WWEI
wwAAAii'SSS
WEEOCHHHSSILL
wwwEEIArsssTrAAsS
WWWEEiiiiRRSSTTRRRISSSs'SS
wwweeeiillLLL
WWWEEAAALlll'SS
WWeeeaMaRR
wwweeIIImmirrr'sss
WEEEUMeerraNNeRRR
wEEimaRREENNEr'SSS
WWeeiiiMMMooRRannEERS
wwwuuiiinBBooorrG
wwwEEEInbeRG's
wwweIIIssMMuuNNNnIIIssm
WWWeeeISSs
wEEEiiSSS'SSS
WWWOOOESssHerrrnnn
WWWIIIiiisssSShhhaarrNNN'SS
wwweeUUSSSMUUULleR
wIIIisssSmUUULLlllEERR'SSS
WWUUUiZmmmANNNnn
WElllccHH
WWWELLdddaN
WWeeLLDOOONNN'SSS
wUULffarEEE
wwwoolffferree'SSS
wwwEEELlllaaannddd
wwweLLLiinddd'S
WWWEELLllooorr
wwwalllllEErrr'SS
WWWaaaLLOS
WeelleSSLLiY
WWeelllLLLeeeszzz
wwaaaLLLllliNNGGGTOOONN
wwUlLIIInngTTOOnn'sss
WeelllLLoNNNgggTTONNsss
wwwooolllLSS
wAllShh
wwwilllSSh'ss
WEEELLLSSShhmmmAAANNN
WWEElllssHmmUnn's
WeeelllsssHHHmUUUnn
wwuuuLLLSSSHHHWEEEmmiN
wwAAAlTEENNsssccchhaaooUUUNNNG
WWOOltttaaaNssCCHHEEUUUAnGG'SSS
WWEEELTTIINNSSSccHEEUUUnnnggsss
woolllTPPaluuuTTiiikkk
WWWiLLLttSSSccHmEEErrz
WEllTTTsssccchhMMEErZZZ's
wwwelltttsssCChhhMEErzzoSS
waLLTYY
WelTTTyy'SSS
WWWimmBBBllUUUyyy
wwwInnCCCaSlaiiiSS
wuunD
weNNNdAAlllll
WWeNNddOllLL's
WWiiinndO
wwennnDDDII's
weeNddIISSSHH
weNNdddYYY
WaNNNDDDYY's
WuuuNNsslllAAAyyyddaaalooo
WWInnntwwOORRttthh
wAAARRnnOrrr
wwwEERRRNNNeeerr'sss
wweeSSSaakkk
WeeSSSuuuk's
wwEEEssserrr
wwwIISSIR'SS
wwwaaassslleeY
wwwESlAAYY'ss
WWeessLEEEYYYAAn
wwwIIsslllUUUYaaNNN'SSS
WeSlleeyyyaaaNiiism
WEESSSleeyyannnUUsssMMM'S
WWWeSSLLLEyaaanaaaSSMSS
wweSllliYaNSS
WWESSssIX
wEEssssssOOON
wweeeSSSSSoooN'SSS
wweesst
wwAAssttt'SSS
WWWesssttERRnnn
WEEsssttEEErrNNN'sss
WWiiissstteeeRRNaaarr
WEStttUUURRRNNNSS
WeesTfeeeLLLEEEnnn
WWeeeSSTTiiNNGGGHiiiuuusuuu
WWIISStttmmiiinSSSTer
wwweSSSTTTMORRRleeNDDD
wwwAAStoooN
WWEssstttannn'SSS
WEEESSTTTpphhULLLIIIE
wEESSSTTppphAlllAAAooonn
wwweeesstS
WWooTteeRRRHHHArrnn
wwweexffoooRRD
WeYYdddeNNN
wwwUUYddeen'sss
wwiiYYmmmaaUthh
wwweezeeeNNN
wezzzEEn'SSS
wwwHAAARRRTaaN
whhhOOOaattIIIAASSS
WWWhEEEoootIiis'SSS
wwHOaTTLeeYYY
WHHeAAATTlleeeY'SS
wwwHOettStoooNNNeee
wwhEIttssToNNEE'ss
wHoooEleeer
WWHHIEEELerrr's
wwHoeeLiinGG
WWWhhhEallleeNNNgg'SSS
wHHAgg
wHHOOgg's
wHuggGGGeerryy
WWHHHoGGIIsHH
WHiiggGGAsMM
wwhiGGsss
WWWhIIPPPPPPlE
wwwhhhuuupPlle'S
WWWhiirrrLLLPPOeL
WWWhhaaarllPPPiioolll's
WWHHHIIIsssTTTlllerrr
wwhhiiiTT
WWWhhOOttikkkaaarrr
WWWHHeeeTTTEEE
WhiTTTEE's
WHOTTTaaCCChhOOOpppoolll
WWWhOtttuuufffOOOEEElDDD
WWhheeeteefeeooolllDD'S
WWWHHIIITTToohallLLL
WWWhhIttteeehhhEEUUUD
wwwhitEEHHoRSO
WWWhhuuuTTOOOHHHOORSSSee'SS
wwwHIITOOLLeeyy
WWWHHHAATEEElllEy'sss
wwwhhhIIttUsss
wwhhaaaTfffiioLLddd
WWWHHItttffooeLLLddd'S
wwhhhItttllleeeY
WhOOtlEyyy'ss
wwHiiiTTTMMAAnn
WWWhhuuutttNNeeeyyy
WHHiiitNeYY's
wHIIITsssUNN
WWhhhiitSuNNN'SSS
WHHiittsssUUUnnDaaYY
wwwHHiTTssunDaay'ss
WWWhhhiiittsunnnDDAys
wwhhhEEETTTSSUNNNTTTaaDDDo
wheeeTSUUUntttIIIDDEEE'ss
WhhhEttSentttiiidddAAASS
wwwHHIITTTiiierrr
WHHaaaTTTttiiiNNGGTTONN
WWHHuuuTTtttLE
WWWHHYYaalLLLAAA
WWIIcccaaa
wiiiCCEEENNN
WiiiCCHHOOTiii
wwIchIIIttta'SSS
wIIIcccKKK
wwwAAAccckkkllAFFFFEEE
WWWICCKKKllloww
wIIIEllannndd
WWoooUUUlaNNNddd's
wwiuuuMMMaarrr
WWEEeeeMMAAR'S
WWAOOOn
wwwiiESBBAAAddEEnnn
WWIiiissseL
wwwiieessEl'sss
WIIIaaaSSuuunnntHHAALL
wwwiIIIsIIINNNttHHHaalll's
wwwIIgggeNNN
wwwiGGGGIInnS
wOGGGhhht
weeGNERR
wwignnnOOORR'SS
WIIIiii
WWAAAEEE'SSS
WWIIKKKIIPeDDDUUaa
wwwOOkkiipppiiiDiiii'S
WILLbbbeeeRRR
WiLLLBBBuuurrr'ss
WWIIllbooRRRfOORRRCCEE
wwILLLBEEERtt
WIILLbErt's
wwwuuLbbbuRRR
walBBBUR'S
wwIIILLbuRRRNNN
WWIIIlllbuuuRnn'sss
wwIlllcccEExx
wwIILLLccoooxxx's
wwiillldddAA
wwwEEELLdde'SS
WWWELDDDEE
wwwAAAlDDDErrr
WWIILLdEEERRRNNNeeeSss
WOllEEss
wIIIlleeeYY
wwwilllEYYY'SSS
WiiLLLfArddd
WWUUlfffooRRRDD'S
wwUlllFrred
WWILfrrreDDD'ss
WAAALLfffrrreedddoo
wwwuLLLFrrruuude'ss
WiiiLLLHoLLm
wwOOLLLHHellMMM'S
WEEElhhiiLmmmeeeNNEEE
wwwIlllHHHillMMinuuu'S
wwIlllHHHUlllmmssTRRRAAAsSSSeee
willlKKKORRsssIIN
WWAAALkkkuurrrsoon'SSS
WaLLLKKKUUs
wEEELLLkkkIIINS
WWWIILLkkIIInnssseeNN
wwweelllKiiiNSSSOOOnnn'sss
wEllLLL
WIIILLLLLL'S
wiiLLLa
wwIIILLLLaaa'SS
wwaLLLLLLIMMMEEtTEEE
WiiiLLllaaaMMMeeettttttEE'SSS
wAAAlllLErrDDD
WWiiiLLLLomSSTAd
waaallllllIIIAMM
WWWooLLLoooImms
wwwoolllLLooooMSBurrrGG
WEEEllllloooaaMsssEEENN
wwILLLLLiAA
WUUllllliiaa's
WWIIILLLLiss
WWWUUllLY
wwOOLLlllYYY'SSS
wwuLLMeee
wwIlmma'S
wiiLMMUUrr
WWWeLmmmERRR's
WiiilllMMMiNNgttAAnnn
wiiilllminGTOOONN'S
WWilSOOON
wUUUlllSSAAANNN'S
WiiLsssAAANNNiiuunnn
wwwiiLttUnnn
WWWILLTTOONNN'SS
wIIIlllTTooonS
wwIIILLtttsssHiiirrrooo
WWiiimmmBBBlllEEEdoN
WWWIImbbLLEEDoooNN'SSS
WWWAAmSEEEY
WammmSeeeyy'SS
WinnccchELLLl
wwwINchaallLL'SS
wwwinnCCChEsssterr
wweeeNNNdbbRRReeeekooRR
WWiiinnDDDeeerMMiRReee
windIX
wiiiNNDEEx'ss
WWWInnddhheeeooKKK
wwweNNddOWWSSS
WWIIInndddsssoRR
WWWiiiNNddssIr'ss
wwindSSOORS
wwwandWWWaaRRddd
wwinddWAAArrddd'ss
wIIInnnESSAppp
wAANNeSoooPPP'SSS
WWIInfeeeellddd
WWWEENNNFFFeEELDDD'SSS
WWWEEnnFFFrreed
wwwinFrrrEEd'ss
wINffREEYYY
wwaNNFFrrIIIY'SS
wIINNNOOffReD
wwiiinnnIFFRRAAAD'sss
WWWIIINNNkLLLEE
wannnKLLu's
WWWIInNeeBBBagAA
WIINNNNNNeeebbAGOOO'SS
WWUUUnnnnneeebaaggEEEes
wwinnnnnAABBaaggIsss
WInnnNNNIAAA
wwwAANNNNoPPPEGG
WOOnnnuppEEEGG's
WiiNNNnIIIPPUUUggGGGERRR
WWOONNNniPPegggooosIISS
WWWINNSSStttooonn
wwiNNSTEEEN'SS
WWWIIInTUUUrrrss
wwinnTHHHRROpp
WiiinnTThhhRoooPPP'ss
WInTooN
WIIInnnttteeenn'sss
WWeRIIPPPhhoootIII
wIIIsss
wISSSC
WWWeeSCCCiNSSSuuNNN
wwwaaaSCCEnssEENN'S
WOSCCCOONNNssaaaNiTTeee
WWeeSSCCCONSSinnniitEEE'ss
WWaaSSScconnssIInnnUUTTToSS
WWAASSSdd
wwIssDDOOOMM
WWWIsdddOOOMMM'sss
wiisssUU
WasEEE'ss
WWIIssslA
WaaaSmmiiRR
wItT
wIIttT'sss
wwiiTToNNNBBBiiirg
WWWattttguuNNNsssteIIn
WWettttgggOOOnnSStaaIIIN'SS
WWWiiiTWWWaaattIIRSSRROnddd
WWWm
wwwm'SSS
WWWoooBBbllYYY
WoobbbAAGGOONNN
wwwaabbeGOON'S
WWWoddIIIhIusU
wAAAdddeeHHOOassoo'SSS
woDDDENN
wwwoooDDDUnn's
WWoooLLf
wwooollffAAA
wOlfffFFF
WWWOllffGGGOnnGGG
WWIIILLFGAAAnnnG'S
wOLLLleessstttooN
WWooLLLlllAAAstttooonn's
WOOLLLLONNNgiiiNggg
WWoLLLlllsstooNUUcccrrrIFtt
WWOLLlssTTOONIcROOOFFTT'ss
WolllUUUF
WWeLLLoofff'SS
wwwiilllUUUFFFSSS
wwwaalllSSeyyy
WWWOOlvvveerrHHAAMMMppTTON
WWWIINDDEEErr
WWONDDDerBRRRAAA
wOOONNddAARRRbbbRRUU'ss
WWWonnnG
wwUUUnnnGG'SS
wwuuuoDD
WWWIIIoooDDoRd
WOoooDDDOrDD'ss
WWOOOOddBRRRIIdddGGGaa
WWWOOOdhhhiLLL
wwwuOODDHuuulllLL'sss
wwEOddRRuuuWW
WWWoooDDRiiWWW's
wooouuuDs
WWWeaaadsssTTTaaaCCkkk
wAoddstIIICCKKK'ss
WWWiUUUddwwoorrD
WOOuuuDWWWooordd'SS
wwIIIiiiLLLF
wwOOOIILLeTTTaa
WWAAAEEELIItttEE'sss
WWOOAAAlllAY
wwIIoooLUUnnguuunGG
wuuoolllOnGGGoonG'SS
WIELLLwwuRtHHH
WouuussTTToorrr
wwwuuuSTerrr's
wwOOOootteNN
wwOiitttEnn'S
wiirCCCuSSStteeeRRR
WWeeerrrCCCEEEsssttEEERR'SS
wwwarCCUUSTTOORRsss
wwworrrCCEEESSTTTEERRSSSHHiiiRRReee
WWOrddssswwwoorThhh
WWOOORRDDSSSwwoRThhh'S
wwwoRRRKmONNN
wUrrKKmmmAn'SS
WWOrrrlllddd
WWWiirrrMSS
wOrssshIPP
wwEEERRRTHHH
WeeeTTaN
wwwEEEtttAANN's
wwwoootTTTOOON
wwaaVViKA
WOOOvvvAkooo'sss
WWOOzNiAK
WWooozznnniiiOOOKK'SS
WuzzzZZZeeeCCCk
wwwAAAZZzzzEEEcK's
wwwraaNNGGGeeLLll
WWWrraanggelll'ss
WWrrEnnn
wRROOnS
WWWRiiigggHHt
WrAAAgggleeeY
WrriigggLuYY's
wwrriTTiiiNNggSS
WWrIITTTinnngSS'SS
WrrOOOCLLEEW
WWRRoCCllaaWWW'SS
WWWUU
wwU'SSS
WWWuuHANN
WaHHsEEEeeN
WWWOOhhUU
wwAAlfffooLLLe
WWWULLLFFIIILLO'S
wAAANNDDt
WWWuPPPiiirrrTTTuul
WWooPPPEErrrTAALLL'ss
WWWuuRRleTZZZeeeRRR
WWERRlleetZEEErr'S
WWuuuSiiH
WWuussIHH'ss
wwwyaaaNNddooottt
wwyAAnnnDoooTTTTTE
wYYYuuTT
WYaTTT'SS
wwyUTTTT
WWyyccHHHOORRRlEEyyy
WWWYCCChAARlllEEy'ss
WWyyyCCllUffffii
wwwYCCllliiiFffe'SS
wyccLiiifffATTTaaa
wyyyi
WWWyyEEEtthh
wYYYlII
WWWyLAeee'sss
wwyyNNN
wynnn'SS
wYYOO
wwwYimInnGGG
wwwYYYOOOmmAAAnnGG'SS
WYYYomuunggATee
wwwYUUUMMMIInnnggUtee'ss
WWWYOOOMIIINNGiiittOOOs
xxx
XX'S
xxxEEmmAAAccSSS
xEMaaccSSS'S
xl'sss
Xaneedddeee
xAAANNTTTHHHuppe
XXXAANTTHHHuS
xxxaNNTiippPPPUU
XXXUUVVVIeeer
xeee
xxeee's
xeeeNokkeeeS
xxxeeNNEEEkkIIIS'SSS
xxiiiNIaaa
XXXEEENNOOOA'SS
XXOOONNooCCRiiiTeS
XENNNEPPHHuNEEESSS
xxaaNoooPhhiNN
xxxeeerrEEES
xxeerrrOOXX
XXerrrooX'sss
XXuurrrExxUSSS
XXXeeRRXXEEsss
XXHHoosa
XXXhhOSSSA'SS
XXXhooossOOOs
XXee'AAn
xxxIammEn
XXXiieeemeeeN'sss
XXXiiaaaN
XXXiiunn'S
xIAAAnnss
XXXAAaaooppiinnng
xIaaaOOOPeNNNGG'S
XXXIMeennniiiSSS
xxxiNGGu
xiiinnngggUUU'S
XAAAOOONNNGGnniii
XIIinnnGGGNNUUU'SS
XXeeZZZEENNgg
XUzzIIINGGG'sss
XXXmmAAASS
XXXmAAAS'SSS
xxxmmEEESSAAAs
xN
xxNNNTTyyy
xxOOChhiiPPPiillllII
xucchhippillLLLii'SSS
xoSSaa
xxxt
xiTTThhOOOss
XeZZZHHOOOu
XXozhhooouuu'sss
yy
yy's
YYaacC
yyaaCCCCCC'sss
yyyaaaFo
YeeeFFOO'sss
YYYoHetta
YYYUUHHAAAUU
yyyIIHHHoooeee'S
yyEhhhooOS
yaahhrZZZeeeiTTT
yyaHHHtzeeee
yaaaHHHttZZZEeee'SSS
yyAAAhhveeehh
YYAAhhhvIH'ss
yyyAhhwu
yyAAHHHwwE'SSS
yyeehwweeeHH
YYYAAHHWWWeeh'sss
yyaahhhwwiiisstttiiccc
YuKKKIImii
yyUUUKKuuTT
yyyiiKKuuutt'ss
yyaakkuTs
YYYiiikkuuTTTSSKK
YYAAllu
YOOOlle'S
Yaaallloooss
yEEElluuwww
yyyoLLLuWW's
yyoLLttAAA
yAllttAAA's
yyalllu
YYYAliii'SS
yyyommmAAA
yAAMMMA'SSS
yIIMMMAggAAATTTa
yaammmAAAggAAAtttaa'S
yeeemmAha
YYAMAAHHHEE'sss
YYYAMMEEESShIITTTi
YYaMMMooouusssaaaUUUKKrrroo
yyyAmmmUNNoo
yyyAAAMMuunO'S
yAAANNNGG
YYYaaNgggooonnn
YYYaannGGGINN'sss
YYYaaNgggttZZZa
YYYaaannnGGtttZe'SSS
yANiiinnIII
YYANkkk
yanK'SS
yyAAAnnkkoee
YaaannKKKia'S
YUUnnnKKEEOiiiSmm
yyOOnnnKeeees
YYoNNNkkksss
YaaOOOBBonnnggg
yyaoBBBAAAnnggg'SSS
YYUaaaUUnnddeee
yaaiiiAAAndduuu'SS
yyip
YYYuQUUOO
yarrOnnn
yAAArKKKAAANNNdd
YYYaarrrMMooAtttHHH
YArrrOSSSllaaVVVLL
YYYAAtIIIRRooo
YOOOTTaaarOO'SS
YYYEEETTTes
YAAAwwaTTTA
yyaZZooee
YYaZZZOOo's
yyB
Ybb'S
YYYIAAGAr
yyyuuIIGaarrr'S
yEaaTSS
YuuuAAATSS'S
yyEEEaaatttSSSiiionn
YYYeeIIIsssKKK
yyAAAKKaaatEraaannbUUURRRGG
yyyaaLllooWW
yyElllllloww'SS
YYYULlOwwKKnniiifi
YIILLLLoWWWSStInnnEEE
YaallLLLaawwwSTTOnnnuuu'SS
YYYEEELLLTTTssiiinnn
YeMMMENNN
YAAAmeenn'S
YYEEMMMEEENNNii
yyeMMMENNNEEE'SS
YEEEmmmEEEneeesss
YYYoMOOONNuTTUUU
YYIIINNNESiiUUU
YYeeNNNiiisssEEEII'sss
YYeeeNNiiSSSeey
YYEEnnniiSeY'ss
yyyUNNttoooIII
YooRRRAvvoNNN
yyyerkkkEEss
YERRRKKAAAs's
YEESSSEEENNNeeeAAA
yyyasssEEEniiaaa'sss
YYYevvttiSHEEnnnKKKee
yeeeVVTTushhhOONkii's
YYeZZZddd
YYezzzaaa
yyizE's
YYYGGGuurrrnnee
YYgggGDDRoossAAAll
YYYUUDdIIISSH
yyIIddddaaassHH'ss
yyyIINNNggkkkeeW
YYmmmirrr
YMMIIIrrr'S
YYYODDDE
yUUUDuu'SS
yyyaGGAA
YYuuuKNNUUppAAAttaaaWPPHE
yyoKKKnnnAPIIIttUUwwppHHa'SSS
yyokkkoo
YYUkkkOOO'SS
YYYUUUKaaaHHHOOmmmAA
YYoKKOsssukkEE
YYoookkkuuSSSoookaaa'SSS
YYYIllUNNDAA
yyOlAndEE'S
yuuunGGG
YYoNNNg'SSS
YYYOOONNkkkAArrrss
YYOONNNNNe
yyyOOORRk
YYYoooRRRkkk'SS
yyyOOORkkkuuaaa
YYYeRRRKKKIIssst
YIrrrkSSShhOORRRAA
YYYaaarrrKshirEEE'SS
yyUrrrKKKsHHHIIIRRREEESS
yyorrrKttAAAWWN
YeeerrrkTTOOOwnnn'ss
yIIrribbba
yOrrrEEEBBi'S
YYoooruBBaaannn
YeerruubbiSS
yoSSSiiiMMIIITTTeee
yyEssseeeMMaaTTTiii'SS
yyOOsssSSaaaREUUUnn
yyooSSSSuuurrrIIIaann'sss
YuuuEEETUUbbU
YYYouuTTTuuubbbuu's
yoUUNNNg
yOIINGGssttooowwwNN
YPPrEs
YYppRes'SS
YPPPssooLaanttU
YSSeeeRR
YYYssOOOUlttt
YYttt
YYuOON
yyuiiiN'SS
yyyucccaaattaNN
YiiiCCaattEEEn's
YUgggooo
yUgggoosLoov
YYYAAgggOOOssslIIIVV'S
yyuggeSSSLAvvvIIIaaa
yaaaGGOSSSLOvvuA's
YYEggooosloooVuuuaaann
yuuGiSSLLAAAViANN's
yyuuuggaSSSlooovviiaaNNNSSS
YUUUgggUUUssLLavvvs
YYYakkAggHHHeR
yyyUUkkooonn
YYYUKon'ss
yeLOO
yyOlllIII'SS
YYYULAs
yiiiLLEEETiidddE
yELLeetaaadE'SS
yyiillEEETidddos
yeemAAA
yyyEEmaaa'sss
YYYuuummmESS
YYYaanNNNAANN
YuNNNNNInnn'SSS
yOppEEKK
YUUUrreeVVV
YYIrrii
yooRRI'sss
YYYvuuSS
YvvES'SS
yyyVVettTEE
yvETTTte'S
YYYVOONNNE
YVAANNNNNeee's
ZZ
zzz'SS
zzaabbbRRRzee
zzzAAAcoootttAAccASS
zzziiicccH
ZEEECHHHAAArIaH
ZZZaacccHHHAAArrriiAAhh'S
ZeecchhaaarrrOOOaass
zzzAACCChaaaRRYY
zzzAAACHHaRy's
ZAACCHHAARRY
ZAcccHHHEERy'SSS
zoocccyyynTTTHHHoS
zzzUUgggaazziiiggg
ZZZaagreeeBBB
zzoGGGREEB'SS
zzzaaGRReeeaaSS
zzzaHarriiiOOOSSS
ZZZAhhiirriaaaSSS'S
zzIIiiRRe
ZAAAIIRRE's
zzzAAiirreeEEnnn
Zuuuurriiiuun'sss
ZZZIIIAAARaaaaNNS
ZZZAEErAAAAnn
ZZZIIMa
zzzAAmmEE'S
zzOOMBeeesII
ZZZOOMBBEEEZa
ZZZaaaMMMbbaaZZii'SSS
ZZammbbbOOOAAA
zEEmBIIIAAA'SSS
ZommBiiiaaan
zAMMMBuuaann'SSS
ZZUmBBUUAAANSS
ZZZeeeMMMBBBooooNNgggAA
zIIImbbUUUnnnooo
zIIImmEENNHoFF
zzoMEnnnHHaaFF'S
ZAAmmeeeRRRIII
ZaaNEEE
zaNNNe'SS
ZZaannTTTEEE
zzzUUUnnnUCk
zzAAANUUcK'sss
zAANzIIBBBIIrrr
ZanzzzIIbbArrr'S
ZopAAAtta
zzzeePPPOPPIIINNN
ZapoooPPAAn's
zuuuPPPoorooZZhhhyyeee
zziiiPPETTeccc
ZAAApppPuu
zzzEEpppPa's
ZZoorraa
ZZZOOOrrAAA'SSS
zzoRRREggoooZZAA
ZZAArrrAAAGGOOOzzA'sss
ZZaaaRaaatthasstRUUU
zARRRaaathhUssTTrrruuu'S
ZZUURRRqqAAA
ZUrrrQAAA'ss
ZeeeAAlllAAAtt
ZZZooBBIIdddeAA
zzEbEEllliiinn
ZZZIICH
ZeecHHHiiRRRIIEEHH
ZeeeDUUUKEEAAAhh
zzEEEDDeKKaoooh'S
ZZEDDAnng
zzeeDDOnnnggg'sss
zAAAEBBRUUGGGaa
ZZEEEILLannD
zzzAAffFFiiirriiillLii
zzzEfffFFarrEELLLuu'SS
ZZiiIIIsstt
zEatggeeeIIIssst
ZZZeeKi
zzzEkkkeee'ss
zzzEEElllda
zzzaallDDDEEE'SSS
zeeelIIIG
ZZZuullmmaa
zzOOOLLLmmaaa's
zzzEEEnnn
ZZannn'ss
ZZiiinggEr
zzeeNggoor'S
ZZZenneee
ZZZeeeNNNii'S
zzzEnnObiie
zInnnS
ZZZeePPhhh
ZZEEpHHeeNNiaaHH
ZEEEPHHyR
zzzuuupphhYYYRR'S
Zeppphhyrruus
zzeeeppppppOOOlaaannn
ZZARRRmmaatttT
ZOOOSt
zzzEEESSTT's
zETTLiiNNND
ZZeTLinnnDDD'ss
ZZZEEAAS
ZoouuuSSS'SSS
zzzEUxxIISS
zzzhhhAANNGGjIIIEEkooU
ZhAANgggJiiiaKKOOOu'ss
ZHHdEEENNOOOV
ZHeeennGGGZZZhhhoooU
ZhIVVVAAAGGGooo
zHHHiiVVVeeGooo'SS
zzzhUUKovv
zIIIbAAA
ZEEEBBIII'SSS
zzzeeaaagfElDDD
ZIIEGGGLLUUR
ZZiagglAAArr'sss
ZiiGGGgYYY
zzzIIIggggYYY'S
ZiiilllPPPAAH
zzzimmmBoBBWWIII
zzziiiMBBEEBBBwwwE's
zEMMBaabbbWWWaUnn
zzaambbbAbbWWWoooAANN'sss
ziiimBBABBBWeaaNNS
zzzIMmmeeerrrmmaaann
zzzaMmmmERmoonn'S
ZZZiiinnnfffUUUnnnDDDeeel
zzziiinnffaaaNNdEll'SSS
ziiinOVVEOOvvvssK
zEEEIIInnn
zzIIIUnn'sss
zzOOooNNNuSSSmm
ZZZIOOnnnAAsmm'S
zzzOOOOnismmmS
ZZIIoNeSSSTTT
ZZeeeooonaSSSt'SSS
ZeeoooNNNistttSS
zzIIaNs
zIpppaaanngggUUU
ZIIPPLLLOOccc
ZESKKKAA
zzLLLIIITTTaausssTTT
zzzNN
Zn'ss
ZZZiiaNNN
zOOOII
ZZZOE'SSS
ZOLLLeee
ZZooollaa'sss
zOLLLLLVVVEERRReeeiiin
ZooollUFT
zOOOmBO
zoooMMMBBOO'ss
ZZZooorrrN
zzzUUUROOOOSSStERR
ZZuroUSStteerr'SSS
ZZZORRROeSTTRRREEEOONNN
zAAARAAAaaaSTrriiOONN'SS
zzIIrroissstttRRuuuaannAAsssM
zzzAAArrroooiiiSTTRRRAAaaannnIIIsssMM'SSS
ZZZARRRoooiisTTrrrioooNNOssMsss
zooRRRuuuOOOssttRRRiiiAAns
zoRRRRoo
ZoorrrRRRu'SS
ZIIISSMMMI
zoooSmmooo'S
ZZOUUiiVVVeee
Zr
zzzrr'SSS
zzzsss
ZZZSSuGGGMMMooNNNDDY
zzAbeeeNNNoooLgeNNuuBi
zUbeenELLLgggoNNUUUBE'ss
ZZZubEEENIIISSccHuuummiLLLii
zzubIIInneeeSSCHHHUmmaaaLLLIII'ss
zUGGG
zzzAAKKorr
zzzaaaKKKoRRR's
ZZZULLuuu
zzUllUU'ss
zzzuullULLLEEEnnDD
zzzuuLLLaass
zzAAAneee
zzWWWAAAAggg
zwiiiccKKAa
ZWWannngliii
ZZZWiiiNNNggglI'sss
zzwwiiNNNgLLLieNN
zWWeLLLLi
zzzwwwIIrrrYkkkeenn
ZYYYrrIEEn
ZZyyyrrIIIaNN'ss
zzYrrianSS
ZZZyrrteeeCC
ZZZyyRRTTTEcc'S
zzyyyugeeennOOv
zYOOggaaanov'SSS
zzzZ
ZZZürrrECChh
ZZüRRiiCChhh'SS
O
OOOaHH
AAAOOOllliii
aaaaRRddVAAArrk
IIIIIIRRRDVVUUrkk'sss
OOArrddvvvarrks
OOOaaRRRddwAAAlllff
OOOeRRRDwwwoLLVVeSSS
EEbbbO
AAAbbbACCCAAA
AAABBAAccass
UUUbAACCII
AAbbbiiCCUSSST
iBaaccckkk
iiBBOOCIISSS
aaabbbeeCCooSSS'SS
AbbUUcuuSSSeeess
uuubbUUfTTT
eeBIILLAANNNEE
AAABIILLLoooNNE'SSS
UBBaaallliinuuusss
aaaBuuuMMpppeeReee
oooBAmPirASSS
Abbooommpss
aaabbbaNNNDDDonn
IIbbENDDEEEneeedd
eeebbaaNddoooNNEEDDDly
UUUBBBiiinddooonnnEnngg
uBBiiNDuunnMMMuuNNT
eBBInnnDOOnMMeeNNtt'SS
OOOBBBAAAnDAAANNNSS
ObbAss
uBBesssaa
aBEEsseD
ObuusemmeeeNNNTTT
AbbAASSSOmmmeennTT's
obbbAASOOOSS
ABeeeSSSh
obbbuuussHeeeDDD
EEEBBeShEEEdLLY
aaaBBAsshhhOOs
aaaBBaaaSShhiiinG
AAbAAsshmmmEEEnnnt
AAbbbaaSShmmmennnT'ss
ObbaaSSIIInggg
ooBBBOOOtOO
UUBuutEEEDDD
uuubAttaammEnnnTT
abaatEEmmEEnnttt's
aaaBBoTees
abaaTTTiiNNGG
EEboTTaS
aaabbaaTTTeeeSSes
aaaBBBAATTTTOiiRRR
UUUbbbIIIttTuuuIIR'sss
EbbOOTTTtttaauuRRRSS
eeeBBaaXXiiooolll
aaBB
abbBBAA
AAbbbBeecuiiSS
iBBbACY
aaaBBbbuuTTTIAAAL
AAABbbbEEEsssSSS
AAAbBBIsss'ss
EBBBBBBEEESSsssESS
EEbBBBeYY
AAbBBEyyy'sss
uuubbbbeeeYYSSS
IIIBBBATT
EBBbbbooot's
OBBBaTTTS
AbbBBBrEEEvIIITTTOOO
obbbrEEvvvuuUUTTeeD
AbbBBrIVVooAAATOOs
uuuBBBBRevIIIATiiinnG
aBBbRRaaaVVVIIaaTTTEoooN
AAbbBRevIUUttOOOiinn'sss
IIIbBBrUUVVOOATeeeANsss
aaabbbBrreeeVIIIAAATTOOORR
aBBBBBé
aaaBBBé'SSS
AbbBéss
EBCuuuIIILLoMMB
OObbCeeIIlllIIImmbbbss
aabbbddIIICCCAAttuu
aabbbddIcccAAtEDDD
IIBBBdiiiceettEss
AAbbDDDIIICCCAAAtIInnGGG
aaabbbDiCCAtttIAANN
AAbbddIIccooottIonnn'S
aaabbdddAAAccAAtttiONNNs
eeebdddECCCUUUtttor
abbddIccceeeTTTUUUrrSSS
aBDDDOMMEEn
OOBBBDDDooommENN'SS
ObbDiiMMMENNNs
OObbDDDooMMMINaaLL
oBBdEEMMMuuuNNNaalllLYY
ooobDIIIMMINNNOuuSS
iiBBBDeeeccceee
AAAbbbdduCEEdd
UbddUUCCCeNTT
aabbDDDUceeeSS
AAbdddaaaciiNNNGGG
AAABdUUUccT
AABBDuuccttEEEDD
eeebbbddduuCTTUUUNgg
UBdiCCTTTIIun
UUUbbDUUctaONNN'SS
AAbDuuuCTTIIIONss
aaaBBdiicTTorrr
aaBBddUUUcTTIRR'SS
aBDDOOCCtOORss
eeeBBductttS
IbaauuM
aaBBiCCCOODeerrrAAOnnn
AbbbicEdooorriiiaaaNNNsss
AAABBBEcccEEdooRRRUUUm
ABACCCeeeDDDEEErrYY
AAAbbEddd
aaabeeeLLLe
iibbbAALLeeeSS
uBOOLMMMIIISkk
AAABBBeeeLLMMMIsKKSSS
AAABBBEERRRRRRAANNNccOO
iiibbERreeeNNNccceeSS
aaaBBBiirrrraannccIesss
aaBeeRRrrAnnncYY
AABeeerrrrAAnt
AbEEErrrrrrUNNNTTTLLLYY
EEEBBBiiRRRRREEEttUUUUUNN
EEbErrrATTIOnnn'S
aaBBOORRooTTIIIiiinnnILLL
aabiiirrrrAAttiionnSSS
OObboooSsssAAvvuu
aaabeeett
AAABBEEtttmEENNTT
EEEbOOTTTMMMOOONNTS
AbUUUtttsss
UUbbbEttTTTeeeD
iiBBBEEtttTTErrr
oBBBOTtooRR'sss
AAAbeTTTEEERRRs
AAbbeeetttiinng
aaabbettttIr
EbbetttTTTUUr'ss
aabbbatttEERS
AbbbEyyAANNcOOO
AbeyyyUUUncooo'ss
AAbEyyyaaNt
AABBfffarruddd
aaabffAArrraaadSS
AAbbhINNNRies
uuBhEEENNNrrryyy
aabbbhhOrr
aaabbbhhhoooRRRReeDDD
AAbbbHoRRrUUNNNCCCEE
EbbhIIIRRRRREEEnnnce'SS
uubbbHHORRRIIInnnTTT
UBBBHHHaarRRRinnTllyy
aaaBhoorRIIr
aabbbhhhOORRRRRReeerrrS
aabbbhhorrrrONNg
AAAbbHOOrSSS
aaaBiiiDDDaaNNcca
aBuuDDOOOnnncccU'sss
iBiiDDoo
AAAbbbAAAddaaad
uuuBIIdddURRR
AAbbbiDDUUS
UBBBaDDiiinnnGGG
EbiiidiNGlllY
uuBBBooOOS
UUUBBBiiiGAAEl
aaabbEliiitttuuEEsss
ABiLLaatYY
aBBIIILLLiittYYY'S
AAABaaaAAGGEEnnnEESSeeSS
IBBEEEOOggEEEnnUUUssiiiSSS
uuuBBBaUUGEEEnettIcc
eeeBBBiiooSSAAAsss
AABiiiIITIIICCC
AAAbbiirrrRRREEETTAAANTTT
uubeeRRRrrITTaaaTEEE
IIBJJJacTTT
abJJJIIIccTTTuOON
UUbbbjjjuuCtiiioonn'SSS
uBjIIcTTTlllYYY
UUUbbjeeCTnnaSSSSS
ooBJJeeeccctneeSSss'SSS
eeBjjjuRRRaaattIIoooN
aabbbJuuRRRitteeeAn's
OOObbJJeeerraaaTTOOOoooNNSSS
uuuBjjaaRRAATUUURyyy
aaabjuRRi
aaaBBjjaarrreedd
AAABBJJJIIRRRIIRR
ooobJJJUUUREErr'SS
AAbbjjjOOOrUUUrrS
eeBBBjjeerrrIsss
abbbjuuuRRRiinGGG
aaBBBLaaaTTooo
OObLAAATuuuDDD
AAbbllAteeeS
aBLLATTTOOnggg
aabbblaaatiOOON
aaaBBlluuTiiioNNN'SS
oBBLLLAATTIIoooNNNS
eeBlllaaaTIVaaa
abLLiitttOVVeee'SS
OOOblAAATTTIIIVVIS
uuBLLLaaUUUt
AAbbbLaaUUTTTSSS
AAAbbllEEZZZUU
EEBBBLLLEEE
AAAbblEEEOOOssMMM
aBBBlllEEIIIsssMsss
aabbLLeIIISSTT
IIBBLLaaaPPPsIOO
aBBllleeer
aBBLLLUUUStt
AAbbLLeooommm
AAbbLLUUUttIoN
aaabLLLEETTTiooon's
aabllUUttIonSSS
eeebLLLy
AABBBmmmhhOO
aBBBNEEGGaTe
aaaBBBNNaaaGGGAAATEEd
abNNegaTTTiSS
uubbbnnneeGGAATTiingg
AAABBBnneggATTTEEEAAAnn
iiBBNEEGGAAttoann'S
ubnnnEGGGaaaTTOOOrrr
AAAbbbNeegAAAtttOOORRSSS
AAAbbbNUrrrMIL
EBBBnnoRRRmmAALLiiiTTIIIIISS
aBNNoorrmmEEllAAATY
EBBBnIIRMMAlUUTYY'ss
AAbbNNoorrmAALLLllly
aaabbnnARRRMMOOOTTTyyy
aabbbiiAAARRddd
AAbbOOODDii
aBBBEEdeee'S
aaBoooDDDAAASS
AAABBBaahm
AABBOhhMs
OOOboollliiish
EEBAALLOOOssshheD
uuuBBBOOOLLASSHHHeeerr
UUUbUUULLASSSHEESSS
UUUBBBOllOOOsHiiinnng
EEbbOOlllIIISSHHHmmmooonTTT
IIIbbboLiiiSSSHHHmEnnttS
uuboLiiittteeeOOn
aaBBBoLiitiAAnnn'SSS
AAAbuuuLIIttEOOOnnAAASSSmm
AABBOOlliitEOnniSSM'sss
UUUBIIIlluuTTTiooNiiisssTT
obbOOOliittUUUUUNusst's
AABBEELLOOOTTIIIiiNNiiisssTs
uBBBUUUMaaaSSAAA
AbbaaammaaaSSAAAMM
aaBoooMInnIIIbbbLLEEE
aaabbooomONNNoBLyy
aabbbOOmmiiiNNattto
ABOOOmOOnnAAAttEEEdd
abbbIIIMAAANAAAtttEEEss
UUUbbbommIIINaatttIIINNNgg
abbooommooNATTTiiiooNNN
AAABiiiMAAnaTTTiiUUUn'ss
aaBAAmmmInnEEtiaaanSS
EEEBaaaMAnnnatttoR
AAAbbOmmUUnAAATTOOrrrSSS
aabooRRaaaLLL
uuuBBOOrIIguuuNaaLLL
ABOOORIGGGAANNNAAAlll'SS
eeBAROGGGooNNNAALLLlllY
aabbOOriGGGiiiNNEElSSS
OOOBBBEEErrriiGGINNII
AAbORRReeGGGiinOO'SSS
AAbbbOORRRagUUNNEEEs
AAAbborrrnnonggg
aaBoooRRRT
AAABBBooRRRttteeeddd
oooBeeerTTicooodde
IIIbbOOORRTIIccIdIIss
aBBBoorrrTTiiifaaaCCiiiEnnnTT
eeeBBBuuRRTTafACiiioonntts
IBBOOrrrtAAANNg
aaabbbOOrtttIIIoonnn
AAABBOOORRTTuEnnn'SSS
UbbbORRRtIIooNNiissTTT
ABBBorrTTeeeannIIIssTTT'sss
aaBBUrttIONiSSStts
AABBBUUrTTTiionnS
aaabbbOORTTTIvvvAA
ABBBoRRRTTiivvoLLyyy
aabbbIIrts
AABOOOeLuuAAA
aabbOOOOLiiiASS
aaabOOOIInDDD
iibbooENdddEd
aaBBEEEUUNNNDENgg
uuBAAAANddSSS
AbbbeeeUt
AAbbAAvvE
iibaVVoo'sss
AbbuuVVVeeeBIIIaaRRRdd
IIIbbiiivvUUGGGrrrOAAANDD
IIIBrrIICeeeDABBRRA
ABBBRRaCCADIIIbbbRRRaa'ss
AAAbrrrOODDaaNNttt
ubbRaaDDDANNTsss
aaabrrAAADDDAA
OBBBRRREEdIIIddd
ABRRRudddooRR
aabbRRREdERRRS
ABBrrIDEEES
aBBrrraaaddIIInnnG
aaaBBrrannnCHHIIootte
eebbbrEEEssIINN
uubRRROOOSUInn'SS
aaabbrraaSIOOOnnnSS
ObraaasssUvo
aaaBBrrUUssIIVVEEE'sss
abRRosevAAllY
EEEBBBRRRaaasssIvvvIIneSSSS
AAbRRRASIVEENNooss'ss
AAbbrraSiVVVEEESSS
AbRRRooXXXaaaSSS
ooobbbrEActt
UUbrrrUUaCtEEddd
aaaBrAoCCTiiinnng
AABBroooaCCtttuuOON
aBBReeaCCCtAAennns
EBBBrOOaaactss
uuuBBRRRuuuaaassT
aBri
AAbbrriDGGuuu
EEBRRRIIdddggEEEDD
uuubRRIIDDDGGoMMMantt
aaBBBrriiidgggeeMMMEEnnt'SS
iBReedGGGEMMiNNNTTSS
aabbRRRiiiDDDGGGeeR
oBRRRidddgaarSSS
AAABBBRIddGGeeS
obrrIIIdgggunnggg
aaBrrODDDGGmEEnnt
aabbbrrrIIIDgmEENTT's
AAABrOOddgmmmINNttSS
AbRRRAAACCHHH
aaaBBBrrrUooDDD
ooBBRRRIIIggAttte
ABrOOGATTTeedd
aaaBrrrOOOggAAttteeeSS
aaBBrruuGGGaaTiiinnggg
aabbbrrroooggguutiooN
ebRReeegggatIon'sss
EEEBBRRRoggAATiiiUUnnnS
AAbbbRRROOGGGAATTTORR
AAABBBRRaaaGGGOtAArrr'sss
AAAbbRRoogggAturrSSS
ABBBRRRePPTT
iiBBBRRRUUUpppTiiirr
ebbROpppTTTesssTTT
uBBBRRUUUPTTaOONNN
aaaBBBRRiPPtiiOOONNSSS
ABBRReepTLLY
AABBBrrrUUUPPtNaassS
AAAbbRRRuuuPPPtNNeeesssSS'SS
AAAbbbSS
aaabbbS'SS
aBBsscceesSS
ABsssccOOOssss'sss
iiiBsCCEESSSSUUD
iBBBsscccUUssSSSIs
IIIBBBSScuuussSSSiNNg
aaBSSCCiiinnnddd
AbbssscIISSSE
AAbbbsssCaSSEEED
aaBSSccIIseeeSS
eeebbSSSccosssOONNggg
aaaBScccIISssEE
uubbsccIIISssaa'ss
ABScccaassSAAe
IIIbbbsscccisssuuus
abSccUUSSSSSEEooN
eeBSSCiisssSIOOON'S
AAABBBssCIIInnnDD
eeBBSScccOOONNNddEEEDD
uuubSSScaaannnDDDEEErrr
oBBsssccOOnnnDDDeeeR'S
ABSSccEEnnndddEErs
AABBBssCondUUng
OOObbbSSScAnnnDDDSSS
UbbSEEiiiLLL
EbbbssEIIlll'SSS
AbSAAAEELEEdd
eBsoAALUURR
aaaBBBSSIIeLLiiiNNNG
aaabbbSSSeeeIILLss
OBBSSSennncceee
iBBBsssEEncccuu'ss
IIbbsseencccASSS
AbbSSeeennttt
AAbSUNTTTIId
oooBBsssuuNtteeeAA
AbbbSEEENttEU'S
AbbssoNNNttteEEIIIsssm
AABSEnnTEuuAASSSmm'sss
ooBseentttAEEEs
obsiiNNTAAAnnGGG
ABSSSennntLLy
oobSSSUnntmmmANNdddEEEDD
aaBBsaaaNNNTMMIInnddUDDDLyyy
OOOBBssiNNNTTTmmaaaNNDDDEEEdNNoossSSS
abSSInTMMMIInnnDDDeeedneeeSSSs'SS
AAAbssuuuNtSS
aaaBBSSiNNNTTThhh
AbbbSINNTTHHH'SSS
aaaBBBSSSiNtHHEEE
aBBBsIINNNtthhEE'ss
aaBBBSiinnThhISMMM
abbbSSSOLLLuuutUU
AABssOOOLLooTTTo'sss
oBBsssOLiittuuuLYY
AAAbbbssOOLLLeeeteeennnEEESSS
AbbbSooolUttEENNNEESSss'ss
AbsssooluuuTTUUUsss
IIIBBBsOlluuutttusssTTT
aBBBsseeeLLeTTTEEOOnnn
absoooluuutttuooonnn's
aaaBBSSoLUtiiismm
aaabbbSalluutttiiissmm's
AbSSSOLLoooTTiiiSSST
aaBsssOllUUUttIIsssTTT'SSS
aBBBsUUlllEEETTEESSttICC
AABBBSELLUUttISSTSS
aaaBSSSoooLeeTTTEzzzeeTTIOnnn
eeeBBsssOOllUUUTTOZuuu
uubbssoLLLVVaaaBBBllleee
oobbSSooLLvEE
ABBBSAAlllvAddd
EBBBsoooLLLVeer
EbSSIlVEEErrs
aaabbsssOOOLVVVaaSSS
aabbbSSIILLvvIInGG
IbbsssOOOnIInnT
UUbbssOOOrb
aaaBBSSoRRRBIIbbLEEE
aBSorBBIIInnccEEE
AABBBSSSooorrrBaNT
ibsOrBBUDDD
iiibssOOOrrrBeeeFIICCCIuuuNNNt
OBBssoorrbbbIINCCy
aabbbSUUURBBBeeNNCCCyy'SS
AABssAAArBBBENT
aBsirBBinnnTTT'sss
aaabbbSSSoRBBBEEENttss
AABBBSSOrrrbbbAAArrr
OOObsssarrrBBerS
aaBssOOrrbiiinnGG
UUUbSSSOOORRRbbbEENggLYY
aabbSSSOORRRBBsss
AAbbbSSooRRRpppteNNNCCooo
eeebsERRppToonnCEsss
aaBBsERRppTTTeon
aaBBSoorrrPPtttiOOn'S
uuubSSuurrrPTTTiiiOOONNNSS
UbsssooRRpppTTaavII
aaaBSiirrrPTaVVittIIuuSSS
OOObbbsOORRRptiiivIITTTYYY
ubssQQuuaaTuluuuTTTEEE
aBBssqqqoaaaTTTUULLaatteeeD
UUUBsqquuoooTTOlAAAteeeS
AAbbbSSSQQQAaTTTIIlOtOOOnnGGG
AbbSqqUAtttiiLiiittEann
EEEbbSSSTTUUIn
aaaBssTToouuuNNNeeDDD
ABstttAAAIInneeerr
ABBsssttaaIINNUUR'S
iBSSSTTaEnnnUUrrs
UBBBSTTAAAIIInnniiiNgg
AABBBSSSTTTaIIInns
eeBBSTTeeMMiiioooIIISSS
aabbSStttuummIIauuSSLYYY
ooobbsTTTEmiiEEEASSSnnnaaassss
AAABBBSStIIImmIIOOOEEESSNUUUssss'sss
aabStInnnttiioooNN
UUbbbSTeenTTToOnn'SS
aaabSSTennTTIIIuuNNNS
AbbssTTeRGEENNTTT
EEBsstttiinnnuuNNNCEEE
IIIBSSTTTiiinneeNNcaaa'SS
AbsssttIIINuunT
aaBBBsTTTUnEEnnnTTllYY
AAABBBsTTrrrAAAccTT
aaabbStttrrAAACt'SSS
AAAbbSStttRRRIICtttOddd
aaabsssttRAACCCTTTAAADDDLLY
IbbbsssttRRaaactaadddnEsssS
AABBSSSTTrraaaCCTedddNeSss's
oBBStrrAACCtAArr
AAAbbbsTTRUUccteRs
aaBBSStttRRRAAAcccttINNGGG
iBBSSttRRRAAAccctIIoonnn
AbbSStraaacctaooNN'SSS
AbbbssstrrrAcccTTTEooNNIIsM
iBBBsstttrrAAAccctuooNNIssmss
AABBsTTrriccctttioooniSST
ooBBSTRRRAAACCtaaonniiSSSTsss
aabbSSSTTTrrraaccTTTiiuNNNss
ibsstttRRaCCTTTLLLYY
AAbSSSTTTRUccTTTNNNEssss
oooBSSSttRIICtnnnOOSSss'SS
EEbbbsssTTrraaCTTTNNNeeeSsisss
oooBBBssTTTRAAcTTS
iiiBBSStRRRIcctaaaOOnn
EEbbSSttrrruussee
aabbbsssTTrrrAASSelllYY
UBSttrrrUUSSEEEneeeSSs
aaabsssTRRAAAsssENNOSs's
aaaBBssuuurrDD
aBBsssoorrrDDURR
ubbSuurDDDEESTT
UUbbSSoorrrddIIsssMMM
AABBBSUrrddiSSSTT
ibbbSSSuuuRDUUUttIIIUUUss
AABBSSAAArrrddoTTTYY
eeBSSAARdIttyy'S
AAAbssorrdllYYY
eeebbbsurDnneeSSSss
AAAbssuurrDDNEssSSS'ss
aBBuulUU
aaabiiiluaaas
EEbUliicc
aaBBBUnndaaaNNNCCA
OOObbbENNDDDiinnncce'S
ABUnDeennncccAs
eeebbbUUNNNdOOnttt
ebbbuuunnnddAANNNTlllYYY
AAbIIISSee
AAbbbOsse'ss
AAbbboossseddd
ABuuuserr
aaaBBBAASEEEr'SS
uuubbbUsssUUrrS
OOOBOOSSSiss
aaaBBBUUSSSAnnnGGG
OObusssiiVVVI
AAAbbbuuussiiiVVVEEELy
aaaBBussiiVVVEEEnnneeeSSss
AAABBBaaSIVEnnEEEssSS'SSS
AbUUUT
abUtuLoon
iiBBBUtMMaaNNNTTT
aaBuuuTTMMeeeNNNTTT'ss
AAABBiiTMeeenntttS
aaaBBBUTTTSSS
aaabuutttteeeL
OBBUTTALSS
EbaatttTUUd
AAbuuuTTttter
eBuuutttTeeRS
aabbbaaattTTTOOnnGG
ebbuuuZZZZZ
eeebVVUULLLTT
AbbVVVOOOltttsss
AAABBwwAAATTt
aaBWWOtttTTTss
aabyy
OObyyyuunnnGGG
oBYYYSSSmm
ebbYYYsssmaaaLL
aaBBByyySSMaaaLlllYYY
IIByssMMs
aaabbbyyysssss
iBBYYYsssSS'ss
AAAbbbyyysSSSAAAlll
aBBYYYsssssOSSS
iiCiiiccIIAAA
IIccooCCCaaaA'ss
AcccaaCCCIIaass
AAACUUDDaaaMe
UUUcceDDDiMME'sss
aaacccaaddAmAooo
AAACCCaadooommmiiiaa'SSS
UUUCCCadoomIICC
aaceDDemmmeeec'sss
AcaDEEmmACCeeelll
EEECCiiDDIMMMooCCIIllllYYY
AAACCCaaDDDeMMMeeeceeeeenn
EccaaadddEMMIccciiunn'S
aaCCADDDuuuMMMIcccUUUAAAnSSS
UUCAAADDEEEmmooocccaaasssmm
AAccADeemmiicccIIsmms
aaacciDDEEEMMMaaCCSSS
UUUCCEEdddEMMMiieess
aaaCCCADDDEEmmmIIISSmmm
aaaCCoooDEMMMiiSSmmmSS
AAAccOdddooomYYY
aaaccciidddaammYY's
ACCCaaLLeeePPPh
eCEEnTTHaaaccceeIUUUsss
eeecUUUNNNthA
ACCooNtHHHoCCCiipphhhoLLLAN
AAAcaaaNNtHAccApheelllEEEnnSS
aCoooNNTThhOUUD
eCAAnnthhooPPPTTTEERRyyygguuuuNN
AAACCOOONtHUpppTTeeeRRYYYgggiAAnnns
uuucccAAANNNthhoUSSS
UUUCCIIINNttthhhUUss
oooCCIINNNTHHAAsss'sss
aaacccaaannnTTTHHHuuSIIs
AAcarII
AAcEEERRRiiiAsssOOsss
OcAAARRRiieeeSSiiSSS
AAAcUUUrrroccciiiDE
EEcccAAARiiiciiDDuSS
AAACCaaRiidd
uuccERRiiiDSSS
OCCCiirrroouDD
UUCCArrOOOlOGGYYY
icccaaRRRPIuSSS
AAAcccAArros
ACiiTTaLLeeeccctiic
ACCCeUDAAL
accUEELLLeeSSSccceeNNNTT
iiiCCCCCAADDee
UUUCCCCEdddeeDDD
aCCCccceddEnCCCe
oCCCCeeeDeeeS
eCCCCCCOOOdduuunnGGG
UUUcccALeeeRRaaannddduuu
UUccCCeeleeeruuunnDDooo
UUUcCeeeLOOrrAANNNddOOSS
EEECCCceeeLIIrrOONNTTT
oooCCCciiilllerrruuute
AccCElleeerAAATiDDD
EcccceeeLLEERRRaattOOOSSS
iiccCCEElllErAAttOnggg
OOcceLLLooraaTiiiuuNN
oCCCELEErraaaTTTEOONNN'SS
oCCCcceeellEEERRRUUtttiiiooonSSS
OCCCCCCiLLeeRRAAATTTeVii
aCCcceeLLaraaTTOOOr
AccccEElllErrrOOtttaR'SSS
IIICCCOOOlllEErUUTTOrrrs
oocccCAALLLUUrrriiimmOOTTTeeer
acccccciiiLLLEERRRiMMMaTTTuuursss
aacccccUUUnnnT
UUcCCeenTTT'SSS
IcccCCCEnnTTTeeeDD
AACcceennntttiiiNNNggg
ACCCCCCUnntOrr
aCCCcciNNNTOrrSSS
aaaccccccAAANNTTTSS
oCCCcccIINNNTuuAll
AcccciNNNTUUUUUtttI
aCCCCEENNNtttUUAAAtttEEDDD
ECCCeenntttUUeeTTeeeSSS
UUUccccENNNTTTIIIItooonG
OCCCCCCeNTUUiitIOOOnn
aCCCEEntttOOOaaaTTAAin'ss
accCepttt
EEEccceePPPTAAAbAAliTTY
AAACCcccEEppptttIBIIlUUttYY'sss
EEEcccccAAApTTTAABBLEEE
occccccaaPPTTUUbbllINNNEEEsss
aaaCCcceppptAAABBLLeenaaSSSsss'sss
AAcccCCePttaaaBBLLYYY
EECCCCCCOOPttaaNCeee
AAAccceePPPTTTAAnnCIII's
UccccEEpptaannnCeSSS
OOCCCCCEEEppptttAAAnnnt
AACCCCEPPPtAtiOOONNN
IcccCCiipttaaatttieeenn'sss
aaaccccceeePPPTTAATIinnns
aaccccOOPPPttOOODD
aacccCCCeepttteeerrr
aCCCCepppTTTUnnnggg
AACCCcceeePTTTor
aaCCcUUpppTeeRS
IcccccooPPPtttss
AAccccceesSSS
OOOCCccESS'S
EEEcccCCasSSaaREEEUUSS
ACCCCEESsssUrrryy
AAACCCCissEEd
acCeeeSSSSAss
acCeeeSSSssiBILLUUUttYY
oocccccceeeSsssIbbbiliTTYY'ss
OccCeeesssSSSubLLLEEE
oCCCcEEssssIIBBllOnnneeesss
oCCCCuuuSSssaBBBllYY
aaCcIssUUUnGG
ECCCeeessSIIooonnn
IICCCeesssSSSiiONN'sss
ACCCcOOOSSsiiennaL
OOOCCCCCCEssssIIIoooNNNiD
accccccuuuSSSsssuooNoonnnGGG
aCCcoossssiiiooons
AACCccceesssURRRIIOOs
AcccCCCAASsoRoooZZuu
AAAccccccEEESSSSORIIIzzzEEdd
oooCCCCCCeeeSSIrrriiizzzeSSS
aCCcccEEsssSORIIzzzANNGG
oCCCCEEESsUUUrrrYY
ACCccoosSSAAARRRYY'sss
aaacccCiaCcuuTTTUUURRRAAA
iiicCiaaaCCOOOTTUUraaSS
aacccCoDDDOOOnnncccoo
eeeCCCOdennnccEs
ooCcciiDDinnnT
accccciDEEENttt'SS
IIIccccideeeNTTTiiill
AAccCIDDEEEnTTTOOl'ss
acccADDEEEnnnTiiillyy
iccccaaddeeennnTTAAAlsss
UcCUUUddennttlllYY
aaccccIIIdddooontttsss
aaacccciddiiU
UcccccciiiPPPIITIrrr
aaCCCCeeePiTrruuuNeee
aaaCCCCLLLiiiMMM
eccclllaaaIIImmm'ss
iCCCllIIEmmEEddd
aaaCCCCLLaiMMoooR
aaCCCCCCLLLAoooMIIING
AcccclIIiimmmsss
EEccccLLAAAmmmOOOTIIEEEnn
OccccclammuTioN's
AAAcccCLAmmEttteONNSS
UUCCcLLeemmmooottOOOryy
AcccccllimmmaaaTTTO
AcccccllliiimmUTTOOOd
UUccccclllIMMATTTESSS
aaaCCcclOMMMatINNNGG
uuCCClimmmuuuTUUoonnn
uCCCcccLLLoMMMaaatIOON'S
AAACCllammmootttizoooTuuuOONN
UUUCCCCLiMeetiizaTiiOOONN'SSS
UUUCcclliiiMutiiiZZE
oocccccLLIMMMAttaaaZZZEEEddd
AAAccCCCLLUUMMMaatttooZasss
ACcLLLIMMaaatttOOOzzzinGG
accccllIIIVViitttiiieeeSSS
EccccLLLiiiVIITToiiS
uuCCCccllliiVVVItyyy
ACCCClEEEvvvAAATTTYYY's
UUcCCCOllaaddII
AcCColADDaa'sss
uuucccccoooLLAAADDeeS
UUUCCCCoommmmOODDattEE
AAAcCCCuuuMMMMMODDEEttteDD
AAccCoooMMMMideTTTeeS
eCCOOOmMMODDDaaTTiinnnG
OccccOOOMMAAAddAATTTinnngggLLYY
acccoMMMMMADDDAATTTIon
IIICCCCCCiimmmMMoodddaaattiOnn's
ucCAAmmmMOOOdattiEENeeeSM
UUUccCCAAMMmmmOOODDiiiTTTuuuENIIIsTTT
aaaccCOMmmOOdeeetiiiOOnS
UcCCCUUMMMMODDaatttiVVU
acCCCoompAAAnnnEiDDD
UccccoMpppaNNNeeaaass
eeeCCCCOOMMpppAAANNNIMMEnnnttt
IcccCCeeeMMppAAnneeeMeennnTTT'sss
aacCCiiiMMMpppEEENNiMMeennTTSSS
aCCaaaMMMPPAnEEESSTT
uuccccEEEMMpppannnISSSttt'SS
AcCUUUmPPPANNNIIsTTTSSS
AAccIIImmPPIInnnyy
ACCCCCemmpAAANNNYYYaaaNNNGG
aacCCEMMMPPaaanYOOSStt
aCCCCeeeMMMPPaannnYYiSSttS
OOOcccCCCOOOMMPPPLuuCCOOO
uCCcoMMPPlaaccee'SSS
ACCCCCooMPPLLLOcccEESS
aaaCCCimmpppliisHH
UUcccCCooommPlIshheeed
AAACCCcccoomPPPlliisshheeeRRR
EcccOOmppLiiSSShhess
acccccOOOMpppLLLoosHHiiiNNGGG
aCCOmPPlliiSSHHHMooontt
aaaCCOOOMpppllAShMEEnt'S
uuuCCccuuumppLLooSShhmmAAAnnnts
aaacccccOOrrrDD
ACCCCCUUUrrd'sss
EEECCccoooRRRdaNNNCCUU
AAcccCCOOORDDaanCCCE'SSS
AcccccAAARRRDDuuunnnTT
EEECccErrDAddd
oCCCCCCooorDDDiinggg
AAcccOOrDIInnnGGGLLy
uuuccCIIIRRRDiiN
accccOOOrrddiiOOOnnn's
aaaCCCCorDDDOOOeeNNNiiSSStt
uuCcccOOORRDAAAEEnnisst'S
AccccccerrDDDEEEOOnnEEEStttSSS
UUCCCOrdaOOONNS
ACcURDDS
AAAccCCOOOsttt
aacccCCCUUsssTT's
aCCCCCaaSTTeeeD
aCCCcooSTeeNGG
AccCCoSStts
iiicCCCoouuCHHEEmmEENNNt
aCccoooooCheementss
AAccccooEchEEuuurr
ECCCcccOOuuuchhEEuuuRRRss
AACCCCUUUUnnttt
aaaCCcOOOENNNTTT'SSS
AccccooUUUNTiibbbUUULLiTTY
aacccCCEEUUNTTTooobbbiiiLLLITTTyyy'S
AAAccccOOOUUUNNNtttAAAblEEE
iicccCCOuuunnttOOOBLLAAANNNesssSSS
eeeCCCcOOOUUntttABBllyy
aaCCccUUUnnnTTTAANNCCYY
AAAcccCCCAAUNNttaaannncYYY'ss
oocCCoooAANNNTTINttt
oooCCCOUNNTTTAAAnT'sss
aCcccoUNNNttEEEnnnttS
ACCcccUUUunnTaadd
aaccCCOOOooonttInGG
AACCCCCaaaUUUnntttIIInnng'S
ooocccCoooUnnnTTTS
ECcoooUUUpLLAAMMEEENNTT
aaCCCCCCOUUTeeerrr
oCcUOOOTTTaRRREEDD
eeeCCCOUUTTeeerrrIIINNGGG
IICCccUUUUTTermmmunnt
EEECccoEEtttEERRMMENNTTTsss
AAAcccIuttoorrMMMUnnTTTss's
oooccCCCeeeaatooRS
aaaCCoUUUtrrreee
aaCCCCCoouuttRuuDD
aacCCOOOeTRiiiMMInnnt
iiiCCCcccoUTrrEEMEnnnTTs
acCOOoooTTTRReeess
UUCccUUoTRRRannnGG
IICCCCrEEEDoT
icccRReeedIITTOOTTIIIaaaNNN
UcccccReddaaaTTTaaattiionnn'sss
AccCRRReeDiiiTTTEED
AAACCcccrIIdddEttINNNGGG
AAAcccccrroooDDitss
AACCCCrrEsCCCIInnntt
oooCCCCCrETeee
aaccccrrIIItttODD
aCCCCCCrrrItteeesss
aCCcccroooTinnG
aCCCCCRITTIIIUUUNNN
acCCrrEETTEoooNN'ss
aaaCCRITUUiNNNUUrrrYYY
acccCCCrateeoooNNsss
AAAccCCCRRUUUtttiVVVuu
AAACcrAAaaCCh
AAcccCrrrIOLL
AAAcccCCCRUAAAl'SS
AAAcccCCrrooOLLsss
ucccccruuuOOO
uuuCCCcccRRuuUdd
aaccccRRuuuEESSS
AccccccriiiINNNGGG
UUUcccCCCILTTTuuuRRaaateee
iiCCUllTTTUURRETTEED
ucccAAAlTTTuurrrAAATEEESSS
aaccCCCAAALLTaaarETTTEEnnnggg
AACccuuuLtEERRRaTTIIonn
AAccccuuLtttUURRRaaTTionnn's
uuuCCCuulTTTuuRRaaTEEEvve
aaacCCeelltttUURRiiZZee
aaccccccuuuMMBUnntt
AAcccCCUUUMMulllOtttee
iiiCCUUUMMoLLAAtOOOddd
aacCCuuuMeellluuuTTusss
AAACCCCUUUmmmollITTuuNNGGG
AAACCCCCAAmmmillATTTEEEunnn
AcCuuMMMooollaatttIEEEnn'S
AAccccuuumoLLLIIToooOOnsss
UcCuummaaaLAAAtttuVAAA
ACCCccuuMMMEEELLLaaatooRRR
iiicCCCuMUUlOOOTTooorrr'ss
AACCCoMMuuLaaatOORSS
OCcUUUrrraccciiEEss
icccCCUracccYY
accccUUURRRoooCCCYY'sss
aCCCcuuRRAAAtE
aaccccccuuuRRiiTeeeLLLYYY
AAccccuuRRiTTTeNNEEEsssss
iicccuuuRRaTTTIIIneeSSSsss'ss
ACcccuuurrSSSeeeDDD
OOOCCcccUrSSSeeDDDLLY
AAcccccuurSSSeDDDNEESSSS
IIIccCCCURRRssEdnEEEsssss'SSS
AAACcccUUrsTT
aaaCCCCCUsssAlll
IccCoosssalllsss
AcccuusUtIIOOONN
eeeCccUsssATTTionnn'SS
AAcccccOssooTTiiUUUnnS
aCCCcccuusITTIIIvvvEEE
aaacccccUUUsssiittIvvUU'S
IIIccccccIIsssAAATTTEEVVVeeeS
AAccCAAssITTaaRRiaaaL
aaaCCCuuussoTUrrrYYY
aaacccCCEEESSSEEE
AccCCCAAASSEEEDDD
aaCCCcccussOOOrrr
OOOcccccceeeSSSuRR's
OOOCCCcccuSSUUURRRS
AcccCCCuSeess
aaCCCCEEEssINNNGGG
AAccccUUsssiingggLLLyyy
AAcccuusstttOOM
acccEEESTTTOOOmmmEEd
AccciiSSSTTTIMengg
OOcccCussTTOOMs
AAcEEE
aaaCCiii's
ecEddd
ecceeeddIE
UUccaadddiiiaas
aaacccEEENNttRRRic
occAAAPhhAAllooouuSS
ooceerAtEE
AAcaRRb
OcccaaaRbEETTTEE
AAAcOOORRRBBBaaTTTeeeDDD
AAcccEERRBaaattesss
OCCCEEErrBeeeTTAAnng
aacccERbbERR
aacccooorrrbbAAAsssttt
iiicAAARRBICCC
eCoorrBBBocEElllLLLyyy
eceerBBEEETTTyy
AAACCeeerrbbbIIttYY'S
aaaCCCirOOsEEE
UUUCCCervvvAAATTEEE
ACCCeesss
uucceeSScccEENNt
uuucceeTTAABBAALLLAAmm
uuccaaTTTAAbUULLUUmmS
aCeeeTTEEEll
AccciiitoooLLLddeehhhyDeee
AAACCCUttAAAllldEEEhhhYddEEs
UUUCETallSS
OOOcccooTTiiMMIIddUUU
aaCCeetttaaMMMidddeeS
ooocccaaTTToomiiinnnOOppphEEEN
IIIcEEtttEmminnnOOOppHEEENNN'SS
aaaCEETTTUNNNUUULaadO
UUUceeettiiiNNillluDDOSS
AAACEETTAAAttU
aaCCCittoooTeee'SS
AACEEETAAteeeS
IIICCCUUtttiCCC
AAAcccotttIIFFIIIeDD
AAAcccEEETiFeees
IccattIIFFYYY
IIcEEEtIIffyyiiiNNGG
AAccceeeTTTomeeettOOOR
AACeeTIINNNuu
EECCCETennnUU'S
OOOCCCEETToneeeCCC
OOOCIIITTOOOpphheNEETTTIDiN
aCCEETTAApHHHAnnneetttEEEdddaaaNNss
aCCCuuutttOuS
ACCEEEtttuuum
ACCeTTYYYlll
AAAcccUUtYYllUUTe
eeeCCCeeeTYllAAAttEEDDD
eeCCCIIITTTYLLEETEESS
iCCuuutttYlItIIInnng
OOcOOOttYYllcchoooLLIInnnee
iCCCOOtttYYLcccHHOOOlIINNNAAASSS
ooocccUUtyleeennoo
ooocIItyyyLLOnneee'SSS
AAAcEtttYLLLiiiDe
aaaCCCeeeTTyLsss
uuchhheee
aaaccHHii'ss
AACCCHOOOd
eeeCCChhENe
achhena's
aCCCHHAAAnoS
iCCChheeSS
UUCCChIIeeRR
AAAccHHHaEEESSStt
aaacHHHioVVEbbbluu
uuucchhhUUUeeeVVee
ECCChIEVEEEddd
aacHHHIIIeeVVeeemmIInnnt
aCheeeeevvveeMMMennnt'ss
aaccHHHIEvvvEEEmENNNttSSS
UCCCHeeuuuVVUURR
uchiiieVVVer's
OCChhhiiiVVVaRRs
aCChhhIIIeVVVAs
OOOchhhiiiEVViiing
IIICHHiinnnEEESSS
IChhinnnGG
uchhIIInngly
UUUCChhliiimyydEEEoUUUS
EccchLLAAARHHYYYddriiuu
AACHlOOrrrhyydRiUUUS
UcHaannDRRRATTTuu
aCCHHooonnddRRIttuuuSS
oocccHONDDRRAApLLuuSSSiOO
iicccHEENNNddRRRaaPPPLLAAsssIIIiiiSSS
AAchhhuuOOO
AAAcHHHoooo'sss
aacccHrremmaaat
AAACChhrrEMMAAttiiCCC
aaacHHHRaaMeeeTicccolllLyy
AACChrrroooMaatiiiCiTTTy
aaaCCChRRROOmaaattIIINN
AChhhrrrammmATiiNNNsss
UcHHHRROOOMMAATTTUUSmm
acchhhrrummaaaTTTAAASMMMSSS
achhrrroommmATTiizzze
UCCHHRRaaammmaatttIIzeeeDDD
aCChhhrOOmmaaattIIzzzIsss
oCCChhRematttIIzzziiiNG
AAAccchrrooMMaaaToUSSS
accHHRRRiiMMMiiCCC
AChYY
AACCCIICUUlluu
accAACCCUUULLiiiR
AACCCOOCCCulaSSS
aaaCCCIcciLLOOtE
UUCCCIIcccOOLLUUUM
oocccUddd
ACCAAddd'SSS
AAAcciiDIIIcc
iCCoooDDDIIffacaaatttIIOONN
AAACCCIIdddifffEEEcccATTTUUUonsss
OOCCCIIIDaaFFiiiuudd
ooocciiddiiiFFIIIoR
aCCCaDOOfIees
OOOCCCiiDUUfffyyy
aaaCCiDDIfffYiinGGG
EEceeedddAAAMMOOTTTaaarr
EcciiiDDIImmmEETries
acccIIDOMuuuTTTrrryyy
AACCCIIdiitttyy
UUccoddeeetty'ss
AccUUdLY
ACOOOddNEEESss
icccoDOOOPPHHooL
aacciiiddoppphhIIILLLeSS
EcccedOPPPhhILLLS
AcciiiDooosssIIsss
AceeeDossEEES'S
UUUCiiiDDDOOOTiCC
AAAcccUdsss
aaaCCAAdULLaannnTT
UUCiDUUUlaaToo
ECCCiiiDuuuLLuttaaadd
AACIIDAAALLATTTIIss
aaacEddALuuTTIINNNGG
aaCCAddiLLIIINNTTT
OOOciidIILeeuSSS
ooocccIIIDuuuRRRUaa
IIccciiiEEERRROOttto
AAACiinOCCCOOfaaaRMM
iCCaaaNgg
eeecIIINNNOOO
aaaCCiiiNUfOrmmm
aaaccIIINuSSS
oockNNNOOOWWWlEDDgggA
aaaCKNNOOOwLuuDDDggeAAABBBLLEEE
OOOcccknaawLLeddGeeeD
aaaccKKKnnOOOWWlllEEEDDgEmmInt
aCCCKKKNOwllludGEEMMMeeNNNT'S
uuuckknoWWlaaadddgAAAmmEENNNTTsss
IIICCkkNOOOWWLLLeeeDDDgeeeSS
eecKKKNNOwLUUUdddGGGiNGGG
AACCknOOWWWLLEEDDDGGGMMMInntt
aaCCkNNEEWWWlllEEEDDGGMMuuNNtt's
uuuccKKnOOOWWWlloddgMaaNNtttSS
Eccmmmoo
ECmEEE'sss
aaaCmEEEss
AAAcnnEE
AAACCnnnoo'sss
AAcccnneeeDD
AAACNNuuDeee
AAAcAAALLLyyTE
IICCOOlYYYTE's
iiicccOOOlllyyttteSSS
OOOConItoo
eeccOOOnnnIITTuu'ss
OOcUnniiTiiisss
iiCCCOORNNN
aaCCCORRNN'ss
aCeeRRRNS
EEEcOsssmmiissM
EEEccOOTTTyylludddOnnn
uCCOooSTTIICCC
aCOOuusTIccAAAlll
AAcccOOOUUssTTIIICCCAAALLLLYY
accOOOUUSSTTTEcccIIIUUN
AAcccoOSSSttiiciiAnss
aaaccIIuusssttICCCs
OOccOOOisTTEECCCsss'SSS
aaaCQQuaaauuNNNTTT
iiiCCQQuuuIiiNNtttaNNccAAA
iiiCCQQQuuuiintttAANNNce'sss
AAAcqqUAiiNtUUUnnncccESSS
aaaccQQIIiuNtIInnncOshhaap
aaaCCqaaaAAIInnntteeenCuusHHuuppp's
ACCQQUUaInnTTTeeDDD
AACCquuuuiiiNTTiinG
IccqqiiAAiNttss
AAACCCQOOOIEEsscccOOO
eeeCqUUIIessccceedd
ACQQQiiiiiiesssCCCeeNNCE
oooccqUiiiOOsCCEEENCCCooo'SSS
UUUCCCqquuuuuuuusscceeNNNttt
aCqqaaaOOEEESScceenntttLLLYYY
aacccqquuiEEESSces
uuuCquuuOOOOOSSScccEENNggg
AACCCQQoooeeerrrObbbllE
ooCCCqquuuiirEE
AAACCCqOeeeRRRiiiDD
uuuCQQQuuuiiiRREEmannnt
aCCCqqqUUIIrriiimaannntt'S
ecqeeeIIRRERR
eecqUUiRRiiiRRRs
aacccQeireesss
ucccQQeeeaRiNNNggg
UUUCCCQiiiiSSSeeettiiiinn
EEECCqUIsssAAttAAoon'SS
aaCqqqEIssooottIaannnS
UcccqqqUUUuuuSSooottIIIVVVeee
ACQeeUSSETTTAvvvAAALLLyy
EcQQAAISSiiTovEENNNaaasss
AACqqquuIIsssiTTTiiVeenneeSSS'sss
oocccQUUOOT
ICCQQoiiiTTTS
ecccqaaIItttttal
iiCCqqqeeITTTAAALLL'SS
aCCCQQOOIITTTUUULSSS
AAACCCqqqUIITtAAAnCCaa
aaaCCCQEIITTTTTaanncceS
aaaCCQuuuEEEtTTTEEDD
aaccQeeIITTtttIInnggg
ECCrrEE
iiiccREE'S
aaaCCCrrrOOAAGGE
iiiCCCrrrEEaaagga'SSS
AcccRUUAggeeess
aaaccrrreeedd
AAACCCRes
aaaCRiiiddd
UUcccRRRIIDDEERR
acccRRRiiDDDeeSStt
oooccrAAddUne
ooocRIIDDIItty
aCrrIIIDDDiTTyy'SS
aacrridlllyy
eeeccRRiDDDnnEsssss
aaCrrIIIDDDnEESsss's
aacRRiFFFlllavvviNNA
uuuCCRRRIIMMMOneeAAAuS
iCCrrIIImmoonnnIooUUSSSLyy
IIIcccriimmmooonIEEOsssNNNiisS
OOCCCrrriMMMAAnnnOOOoUUUSNasssss's
aCRiiimmmonnyyy
accRRRIImAANyyy'sss
AAcRuuBBaaaTT
OcrrUUUbbbAAttt's
aaccRRRobbbaaaTIIICCC
acribbUTuucALLLlYY
OOOcroobbATIccS
AAcccreebbaaaTOOOCCsss'SSS
aaaCrAAABBaaats
AACCCrrrOOCCCuuurPPOOOOOSSS
oCrrraaDOOOnnnTTT
AccriDDoooNTTTSS
AACCrroooDRRREmme
ACCCrAgggeeeNNN
UUUccrOGGOOnnnSSS
aacrOOllEEEIIn
oocROOLLOOinnnsss
ACRiiiLLLIIITTHHH
IccRooMMMUGGaLLiiC
acccrrOOMuGGalAAAUUUsss
ACRREmmmEEEGGIIIly
IIIcrrrooMMUUUooNN
AAAccRRROOOMMMIIeeeNSSS
aaacccRooonnnyymmm
aaaCCCrrroNNNYYM's
AACCCrrrONNyyymiiiCCC
EEECCRROnnnyyyMMMauSS
aaaccrrooonnnyymss
aCCRRRoopppEETTAAAlll
icccRRRepphooBBBiiiaa
aaCCRRuuuPhhhooobbbuuuOO's
OccROOpphhhObiiiCC
ECRRROPeLLLiiiSS
aCRRRoopuuuLLLOS'SSS
AcrOOpUUUlllIIsis
aaCrrrooSSppeeRRe
UUUccRRRuussss
aaccRRRUUUsssttiiCCC
AAAcccRRRASSSttacc'SS
aCCCRROOOsttICss
acRooTErr
ACCCRROOOTAARRIOOONNN
acccRyLeeccc
UUcccrrYYYlIICC's
iCRYlllIICCCsss
OOcrrYLOONaatrroooLLLEE
aaCCRRRYYloooNNeTTTRRRAALLEES
OOCCRRyLyyyLLL
aaaccct
ooCCCTTT'ss
IcccTabbbllE
ecccttteeddd
AACCtiiN
EEECTiinnnOl
AACtUUUnnnGG
AAACTONgg'S
UCTTIInnniO
aaCCCTTINaaaaSSS
OcTIIINuCCC
OCCCTTTiiNNNedddo
uuuCTTeennidddEEESS
EEEccTTTAAANAAAfffURRRmm
IICCCTTTiinnIISSM
ooccTTiiiNNUUSSSMMMss
aCCTTEEENNNiuuummm
aactInnnIUmm's
ACTTIINNNuuccchheeMiisTrYY
ACCCtttiiinnieed
UUccttiiiNNNIIllliTTTee
AAcccTTTennooLITTTIIIS
IIIcccTTeeeneLLOOOggYYY
AActtOnnimeettAAArr
aCCCttiiNNNoomETTaRRRs
IcttAAANNAAAmmmooorrPPhhhoooc
iiicccTennniiimYYYceeettaa
aaCtiNNNEEEmyyciiiTEESS
ECCttiiinOOMMyyyccciN
UUcTTTONNoommmYYYCiNss
AcccTTiinnoommYYcUUUsssUUsss
EECTTTIIINNiimmmycccOOOsses
aacctttunnoNNN
AAAccTAAnnnIIIPood
uuuctIIInnnoootHHHErrrUPPy
oCtiiiNOOOuurroonUUeeeM
AAACCCttOONNNEZooouNN
aCCtENss
eCCTIIOOOnn
ICCCTIIOOONNN'sss
UUUCtttiAAnnEbbllleee
EEEcTTiiiEnnnooBBBllyyy
ooCtUUOOOnLEESss
AAAcctttEEooonnnss
aactttaaVVVAATTee
actttIvvaaatteeDDD
accTTiiiVVVeeetttosss
acTTiiVEETIIINgg
AAACCTTTIIIVVAAAttOaNNN
OOOctIVATTooaaaNN's
AAccctttEEEvaaTUUUonss
ooccctevvoooTTiirr
ICCCTTIIIvvvAAATTTiiRR'sss
EEEccctttuuuvaaaTOORRRSSS
iiCCCTTTUUvvEE
IICCCTTToooVVVE'S
OOCCTTTUUVVooolllYY
iccTTTEEveeneeesssSS
AACttiiiVEEnnnAAASss'sss
ACCtEEVVVESSS
EEEctttIIvOOOsssmmm
ECCTTAAAVVeeSSSMM'ss
aaaccTTOVVISSST
ACTTTiiVIISST'ss
ActttiVIISSSTICC
ECCtIVVVIsssTS
AccctttiivvvIIITUUUESSS
aaCCCTIIIVVVIIIttyy
AccctuvvooTy'S
eccTTeeMyyyosOnn
eCCtttOOOMMMYYissiiNNNSS
aaaCCCtOOrrr
AAACCTTaR'SSS
iiCCtttIIIrs
AACCTTTRRaaasss
AAACTTrEEEssssss'SS
uuucTTTRRRUUUSSSSaSS
Acttts
OCCCttUUUaall
aaCCCttuuuUUllIIITOOESSS
EECtttUUUEELUTTTYYY
IICCTTTuuEliiittYY'sss
EECCtttuAAllozzAAtuuooonnn
EEECCCTEaliZZZAAttIIoooNNN'S
AActtaULLeeeZZOO
aCTUALLLiiizeeeDD
oooCCttuuAlllIIIzzzIIIs
ACCTUOOOLLAAzInG
AACTTTUUiLLLLLLyyy
AccctuuIIIRRiialll
aaacccttUAAArrriaallllyyy
ICTTuuueerrraUUS
accctiiUUReLy
aaacccTTUiiiRRRy
AAAcccttuuUUURYY'S
EEEccctttuuIIItttee
ooocTTUUITeD
oooCCtteeeetes
eccctUUAttUUUng
iicctttOOaTTuoN
OCCCtttUUUUUtteeeOOON'ss
acTTIaTTTAAARRR
ACCCtooAATTTOR'sss
IcccTTTUUAAtttOORRsss
aCCuuueettee
aaCCCeIITTTyyy
eeeCUUiiTTYYY'sss
eeeccEEElllOOattee
iciLLOOOaa
OOcccuuloooEES
AcccaaammmIIINN
aaCCCuuMMUUUnnn'SS
ooCuuminooottUUU
AcUUUMMMOOONNOOttteeDD
EEccuMaanATUUUs
aaaCCuuMMMiiinUUTTTinnGGG
eecIIIppResssSaarrAA
OccEEEPrreeeSSSsssUURRiii'SS
aCCCOOPiiiNNcturEEE
aciPPuuunnccttturrrO'SSS
AAACCOPENNcccTUUURRRIIISST
IIICeeeppuuuNCCCttUUURIIISt'sss
aaacupppOOnnCCTTaaRIIsstttS
IIICCATTANNCCuu
aacccUUttAAA
AACCCuuuttEEE'SS
aCCCuuutttElllyyy
AAAcUUUttenEssSSS
icccuuuTuuNNOOSSSS'SS
AAACCCeTTTArr
EECITEsss
ecccOOtteesTTT
OOCCYYccLiiiCCC
aaaccycLLaVIIIrrr
AccYYcLLOOOvvvUUURR's
AAACCCyyyl
iiD
aadd'SS
ADDDACCCtylliiUSSS
ADAAgggEE
AddduuugE's
IIDaaggoSSS
AAdduuggguuAAttOO
UUDIgIIooo
eeeDDAGGIIo'S
oDIGGEEooos
aaDDDAAAmmEENNNcUUU
OOODDammmEEEnnCCEEsss
eddAAmmmAnnnCCCyyy
aaDIMAAnnnT
aaaDDDaaMuNNNttt'S
UUddoooMMMiiinnnTiiNNNIII
aaDoooMaaaNNNTTTllYYY
AdAAAmmssIItEEE
IIDDappTT
AAAddAppTTTaaabiLLiiitttYYY
aaadddAAPTeeebiillIITYYY'ss
uDDDipppttaBBBlAAA
aaaDDDePPtAATTOoooN
uuudiiiPPPTTToooTTTaaOOn'S
idAAAppttattUUOnaall
IIIDDDaaaptttaaTiONss
uuddapTTEdd
uudddaaaptteeRR
IIDuuPPPtteR'SSS
UDDaaappteeersss
iDIIPtttiiiNNNGG
AAADDEEEpttiaaaNN
AddaaapppTTooeeennsss
AAddepptttIIvve
AADDDAAAppTTovvEELyyy
aaaDaapttivvOONNNaasssSSS
AAADDAAppTTTIIIVVIIItttyyy
EEEddeePPPTuuuRR
oDDDAAApTeeer'SSS
aaadopptORRSSS
AAdaaaPTss
aaaddoooxxxiiiEll
EEdddd
adddabLLee
OOdDDaaxx
aaadddaxeeSS
ADDDEEDDD
eeedddDDeeenD
aaddDDeNNddd'SS
iiidDDDiiNNNDDDooo
iiiDDDuuuNNddsss
ooDddeeNNNdduuuMM
UddddddeeeNddom'sss
AAAdDIIInDDDuuMMMSS
AAAddddoR
oDDddOr'S
EEEDDDDiiirrrs
AAdDDIIIBLLLEEE
AAADddiicTTT
edDDDaaccT'sss
UUUDDDDaaacccTEEd
iiiDDDDIccctOOOnGG
IIDDDDiiiCCttOenn
aaadDDiiicccTToooonnn'S
EEDDddIIICTTaaenSS
AAADDiiCCCTTUVEE
OOODDDDiccTS
AAADDDDDIINGG
aaaDDDDIItttAAAmmUUnnttt
IddDDDEEEttIIUUnn
aadddDDDIITIIIEEEN'sss
oooddDETOOOnniiil
aaDddEEtioooNNNOOLlly
AADDDDittIIIOnns
UUUDDDDDuuuTiiivvvOO
AAAdddDIIItuuuvee'sss
iDDDDeeTToovvvEEElllYY
adddOtIIIveeSS
AdddEEEttAAVUtyyy
aDddiiTAAARRRy
OddddlllEEE
AAddDLebbbRaaAAAnuudd
AAAdddddleeDD
aaaDDdlllEpppAATTAAd
aaaDDddLLIISSS
EEEdddddLLiinnG
uuuDDdddRRUssss
addddrrraSss'sss
EDDDDDDrrooSsseeBluu
adDDrrIIISSsssIIdd
aaDDDReeessssEEEOOO
aaDDDDrEEESssseeeuu'S
OOODDDDrrreeesssssIIIeeess
OOOdddddRRREEESsEEES
aaaDdddRRRaSSSsssiiinnggg
OOOddddddsss
AAADddduuCCee
Uddduucceeabblii
AAdddUccEDDD
OODDDDUUCCeerr
AAADDDDAccceeeSSS
uuuDDaacccOBBBlEE
aaddddiiCCIIInnG
AADDDdddIIIccct
AAdddddUUUcccTTTEED
aDDDDAAcTTTuuunnG
aaadDDDeccttuooNN
AdddDDDUUUCCTTOAAAns
uuuddAcccTTIIIrr
AADduuuCCTooRsss
ADDDddUcccTTTss
AddeeemmmpppTTIIIOOOn
EEddEENNNIIccctttOOOmyy
aaDOnniNNNE
EddEEEnniiiNe'SSS
aaDDDEENIIITooos
UUUDDDEEEnnnIItttooosess
odEnOOOccIIRRCCiNNImaaa
ODENNNiCaarrrccIIINoMMMAss
aaadddooonnnoooOOOd
adEEnnuiiid's
IIIDeeNNOOidAAL
AAADDDeeniuuuDDeeCTToMMMIIooSS
adeeennnaaUUddEECCCTTUUUMMYY
EddeeNNoooUDDDs
AAADDEEEnnnoMAA
aadUnOOOMMiiisss
aaaddIIInnOOSIINNNEE
aaDDDeeeNooSENeSSS
oDUUUnnnaavviruuss
AddeeennIIIVVaaRRusEss
adEPPt
IIIDDAApppTTT'S
IIddePPPttLY
adeeptNASSsss
uDIIPPPtttNeSSss'SSS
AAdEpppTS
IdiiiQQuuEEEcy
aDDDeeeQQuIICCyyy'S
aDDEQEATeee
aaadddaaaqqAAAAtttEELLLyyy
AAADEEQQQOOOEETTeeNNasssSSS
odiqqqIIATiiNNNOsssSSS'sss
ADDEErrrmmminnn
EEEDDesssoooVVe
ooDHHHaarrreee
OODDHIIIrrraaaDDD
eDHOORRaNNNCCCe
EEEdddhhhaaaRUNNcee'SS
EdHiiRRRenttt
aDDDheeerUnnT'ss
AAdHHHERROOONNTTSSS
uuDHErrrorr
UUddhhEEErrreeRS
OOOddhUREs
iiDHHIrrrAAAnG
ADDHHEEsssiooN
ODDDHHHAASSSAAAOOONNN'SS
adddHHHEEESSIIIvvEEE
AAAdHHHeeeSSiiVVOO'ss
oooddHHESIIIVVVULLyy
udhhEEESOOvvEnEss
IIdddHHHesiveeNNOSSs'S
aaDheesssiiiVVVEEsss
AAADHHiiiBIIIttt
oooDDOaBBBAtteCCC
aadddiiAAABBBUUtttiicAALLllYY
AADDDIEEphhhOORRRIIsM
aaadEophooorrrooAAAss
AAADDDiiiAATHHEEERRRmmmANCCCYY
adIIEEEuuu
aaaddIIEii'ss
AAddAAAooouusss
addiiieeeUUUXXX
UUdIPPoooCCCEErrE
AAADoppooossse
aaaDIIppoooSUTTiess
OOOdippooosssAAAttyy
OODooot
EEEDDIIItttsss
aaadddIIóSSS
AAAdJaccuuNCCYY
AAADDDjjjaaCEEENNccY's
addJJJooccEENT
aaaDJJAAAcccuuunTllyyy
AAADjjeCCCtttuuuvAll
uuudJJJUUCCCtttIIVAAllllyy
aaadddjjjECttIVeee
AAAdddjjjEctiiVuuu'SS
aaddJJOccttoVVVeees
EDjjUUUUUUnnn
eeeDjIiiiNNooodd
AdddJJJuuuOOOniNNNGGG
IIDDjiiiEENs
EdjjooinTTT
AdjaauuRRRnn
EEDDjjooouuRRnnEDD
EDDDJOOUUURninng
aaaDJOOOrrnmmmiiinntt
AADjjjOOurrrNNNMaNTT'SSS
aaDjjoooRnnMMMeeennTTTS
idjoIIIRRns
AADJJIIIdddguuu
AAADDDJJJuuddgggeeedd
OOddJJEDDDGEEmmmENtt
AAAdjuDDGGEsss
addJoooDDDGGiiiNNNGG
aaddJJJUUUDDGmEENTT
AADDDJJJUUUDDDiiiCCCATTA
UDjjjuDDiCCCOOOttaaD
odddjjjUUUdIccAAATaaas
aaDDjuddIICAAAtiing
AAdJuDDeCETTOOONNN
aDJJJIIIdddiCaaatteOOON'S
aaadddJJUUUDDiiiCaaaTTiiiENNs
uuuddjaaDDDiiiccUUUTIIIvUU
AAdJJUUdAACCaaattOORRR
aaDJoooDDucccatttooor'SSS
aaadJJUUUddIIIccuutIIRs
UDDDJJJaaDiiCATTToRyyy
UUUDjooonnCttt
aadjjjaaannnCCTTT's
oDJJUUUnnnccTTUeN
IIIdjIIINNCCCTTTiions
ADjuuuNNCCtIIIvvvee
ADDJJJOOONNCttss
uudJJuReTIOOOn
ODDDJJJURRAATIEEENN'ss
AAADDjjjaaarrIIITTiiiOOOnnnsss
aaadJJURRRIItttEEErYYY
OdjuRU
aaaddJJJUURReeedd
OdJJUURRRES
iiiDDjjEEERRUUNNNGGG
ooddjjuuustt
aaaDDDjjUUssTaaabbbLoo
uuudJJJEEESttuD
uudddjjaasTTUUR
aDDjjjuussstIIIrrr'SSS
iidddjjuuSTTIIIrSSS
AAAdddJJooostttIngg
AAADDJJJusstttmmEEEnnnttt
aaadJiiiSTMEEEnnTTT'ss
IIIdJJUUsstMUUNNNTSSS
OddjjjuuussTTTUUURR
AAADJJJuSSSTaR'SSS
UUDJJUUUstOORRRs
aDjUUsstts
aaDDDJJuutttaanCyy
UUDDDJJuutttAnTT
IdddjjjiTTuNNTTT'S
AAAdjjOTTOOnnttss
OOODDJuuuvvveeennnT
ADDJJJuuuVVaannnTTsss
UUUDmmmON
AdMannn'ss
aDDDmmmassSSS
OdmaaaSSsssEES
aaDmmeeeOOOSSUUUrrrEEE
oooDDMeOOOsiirrEEDDD
AAdMEaaaSSSiiirOMMInnTT
aaDmmmOOOISSSUUUrrAAASS
aaaDDmmmOOOaSaarriinnGGG
aadddMMEENNN
UUUDDMMMOONiiClle
addmmmOnIIISSSTTTerr
OOdmInOOOsTEErrraD
aaaDMIINAAASTUUrrIIINNG
aaadddmmminnoooSTTTAAARRRS
adddmmENNoosstttrAAbbblllEE
aaaddMinnuusstRRRiinnnttt
uDDDMMMIIIneSTTRRRaaaTTTEE
AdmmmiiiNNaaSSSttrrrAAATuud
EEEdddMMIINNNIIstRRIIItttees
uuuDDMIIINIIIsTTRaaTTIIInnGGG
AdmmInnaSSSttRRittUUUoN
EEDDmmmeeennnaasTrrraTTTIoN'ss
IIDDmmmiiNNiisTTTrreeettIoonsss
aDDDmoooNiiSSSTrrAAttiiivaaa
AAADDmmIIniissstRRRATiiVVuullYY
aDMuuunIIISSSttrATTToRRR
eeedMMMuuuNOOssttrAtttOrr'S
AADMMOOnnnUUUssTTRRooTTTeRRs
aadMEEErriiiBiiilllIItEesss
AAAdddMMiiiRRaBBIIllliTTYYY
AddmmmiRRRaaaBBllA
IIIDMMIIIriiibllunnnEEsSS
UUUDDDMiiRiiBBBLLLeeNNEEssssOOS
aaDDmaaaRRRobllYY
ADmmmirrriiLLL
EDDmoorrOLLL'S
aaadmmmIIREEEls
ADDMMIIroolttYY
odddmmmiRRAAALLLTYYY'SSS
aaadmmmoReeTTTiiooon
aaadddMMooorrrAATaaOOOnnn'SSS
EEDmmmiiiRRRE
eDDMMIIIRReeeDD
edmUUUrrrOOOrrr
AAdddmmiirEErrr'S
iDDDMIIIrrrarrss
eDMArrES
ADDmmmOOORRRooNNggg
iidddMiiirrEENggLLLyy
OOODmUUUSSSiiBIILLatttYY
iiiDDMMMaaSSSSibIIILLLIttYYY'sss
aDDDmmuuSssobbLUU
IIIdddmmmIIsssSSSIBBlllEEENNaaaSSs
AAADMMassssooobbbLLyy
aDDmmiiSSsaaInn
eeedddMMMiSSSSSSIOOOnn'SSS
aaadddMMMeeeSsIIOOONNSS
uuuDmIIISssiivvvee
AddMEEETTT
uuuddmitsss
AAdddmmitttinnnCo
EEEDmITtttOOnnCCEEE'sss
EEEdddMMMOOOttttanCCCeeeSSS
AAADmmiTTttuDDD
AdMMMIIITTTteeeddLLLy
uuuDDmmETTTTTAAnnGGG
uuDDmmmIIIx
aaddmmUUXXEEDDD
aaaDMMiiiXXEEsss
AADDDmmIIIXIInnnggg
aadddmmmUUUxxturrII
OODDDMiiiXTTTURRRE'SS
UddMMUUXXXTTuuRRReSS
AdmUUnUSSShh
AdddmmoooNNIIIsHHHAdd
iiiDDMMMonnoosssHHHEEr
IIIddmmmonniissshhhAARs
OOddMMMOOOnnnEESHHEESS
aDDDmINNIIIssHiinGG
aaadMonnIIISSSHHEEENNgglllY
AAdmmmOOOnniiiShhMEnnnT
AAADDmmmOOOnnnIshhhmUNNTT's
AAADDmunESShMMeennTSS
odmmmonniiiTToooooon
EdMonOTTEoonn'SS
eDMMOOnniitiOOOnnSSS
eeeDDDMMooonIIItARRyyy
ooddNaaTTU
AddEE
oooDDDOO'SSS
IdOOBee
aDDDIbbbOO'SSS
aaddObbEEsss
aaddOOLLEESSScccUUUNNCCaaa
addooleesssciNccAA's
AAADDiiilUSSScccEEEnCCEESS
aaddOOOllaaaSconnntt
ooodddaaLLLESSScEEEnnTTT'SS
uDooLLEssCCCUUNTs
adddoNNiiis
aaaDDoooNNaZZeeeS
AAdOPPTTT
uuDDDOOOPTaabbLLLee
uDoPtEEEDD
UDDDoooptteeI
aDDooPtIIIRR
OOOdOOppptEr's
AAddopttteeRRRss
ADDoooppTTTunnggg
AAddEEEPTTTooeN
EEEddUUPPtiiOOnnn'S
EddeePPtuuOONS
aaddOPPPtttoooVE
aaDeeePPPtiVVULLLyy
uuudooPPPTTSS
udeRAABBBlllAAA
AdOOrrrAbllOnnnaasSSS
eddoooRRAbblennnESSS's
iiDDDarrABBLYY
eeeDDDiirraatttoooEEEn
ADDDooRReeeTTTUUOOONN'S
IDDOOOReee
IDDDOORRReeD
eddOrrrUUUrr
adddOrERR'S
aaDDDORRReerrSS
IIDorrreeSSS
aaaDDoRRRinG
EdUUUrrinnggLLY
aaadAAARRN
uuuDDIIIrrnneeDDD
aaaddOOrrrnnnER
oooDDDoooRRRNNNeenggg
aadEEERRnnmOOONNNttt
aadddorNMMEEnnnTT'sss
AdIRRRnnnMeeennnTTTss
adddOOOrrnns
aaaDDown
AAADDrrENNall
aaaDDrrINNNaall'SSS
aaadddrrrENNNOLLiiinnn
aDDDRRRooonnnOOlllIIINN'sss
UUUDReeeNNNElllenni
IIDRREnnULIINu's
eedrrUUUNNNaaaLLS
aaaddrrrEEnOOCeRRttiiiccuTTTrrrUUUpIICCC
uuddRReeeffft
adrrrooiiit
aaDRooaaaTLLLyy
AAAddrrroooiTnnasSS
uddrroooIITTTNNIIsss'S
aaadddss
AAADDDscciiittaTEEooUUUsss
aaaDSSCCCRRReptUUUOOn
OOODDDSSorB
UUdddSuurbbbuuubbbllaa
AAADsuuRRBBAAtaaa
aaDSOORRRbaatOOOS
OdSSSOORRRBeeeDD
AAADSoRRRbbEEEntt
UUDssOORRRbbbeennttt'S
iiiDDSSOOrrbEEntttS
aaDsssOrrrBiNNNggg
AAADDDssoorrBBBss
AAAdSSoooRRRPPTuOONN
aaaDDDSoorPTIIIOnn'SSS
aDDssOOOrpppttiiiOOONNS
iiiDDSSSoorrrPPTovvvo
ADDUULOOrrAAEEE
aaadddUUULaaTTTUUU
iDDDUUllAAATTeeeDDD
aaaDDelliiTTEEEs
aaaDDUllaaatinnGG
aaadddOLLAAtttIIIInnn
iiiddduuullaatuuoooNN'SSS
AADDuuuLLaTTOOOrr
iiDDDuuulatUURR's
OOODDUULLUUtUrSSS
UUDDUULLLOOOTTaRRYYY
AAAdduuLLLt
aDDDullttt'SSS
uDDDULTERRAANNNttt
aDDDULLLTTTeeerrAAAnTT's
IIIDIlltttirraannnTSSS
UUUDUUllTErrrAATTTi
ooDDAAAlllTAAArrrAAttteedd
AduuLLtttEEERRRuuuTTeeS
AADULTTTuRREEETTOOOnggg
aaaDDEEElllTTTEEERRRattiiiooNNN
EEEdddUUUlttUUURRRUUUTTTEEEinnn'ss
AAAdddOlTeeeRRuuuttuuOnsss
UUDDUUlTTTEErotttOrrr
ADelttteerrriirr
AADUUUllTTTeeeRRiiiRRR's
AddAAlllTTTeeerrEERRsss
ADUULttIIIrrrooSSSSS
oDeeeLLLtttEEERaasSS'SS
UDDDuuulllTEEErEEsssSSaaS
aadddAAAlltttErreEEs
OOODDIIllttOORRRooonnEEE
AAAdEEELLttEEERRReeUUss
adddUUltteerrrYYY
oooDDeeltttuRRRyyy'sss
uuuDULLLtttHHHOOooDDD
ODDoollTTThUUUeDDD'SS
EDDDUlllTs
addUmmbbbRRRaL
AADiiiMbRRATE
eeDDuummmbbbrrrIttEd
aDooMMbbbrrraTTeeess
iiiDDUmbbbrrraaatIINNNgg
UddummmBBBrAAttiiiAANNN
iDummmBRRROTiiiUUN'SSS
aaaDDDUmmBBBrrraaattIVeee
AAdddeessttt
ooodddvvvaNNccceee
aaaDDVVUNNNCCCeee'SS
AddVVAAAnnnccaad
AAddVaaancccEEmmmoooNTTT
UUUdVAAANCCeeMMennnTT'sss
UDDDvvvANNNcccOOMMeeeNNNTTSSS
aadVVIInnnceer
EDVeNNNcceS
aaaDDDvvenCCCunnGGG
advvuuunnTTTaGGGe
aaDDDvvantaaaGGIII'S
AdvANttaaaGGuuddd
IIIdVVannnTTAAgeOOUUSSS
OODDVVVAANNNtttooggEEEuuiisssLy
AAAdddvAAAnnnteGGGass
aaaDDVVAANtaaaGIIInnnGGG
aaaDDDvvvaacccTiiiiinnn
aaddvvIIccTTTaaOOOnnSSS
AAdvvvannnTTT
UUUddvvviiinnTTT'sss
iiiDvvvENTTaTuA
aaadddvveenTTTiiitiiAsss
EDDDvvinnnToottIAAAuuSS
AdVeNNNTTTaTTTIOaSSSllY
adddvvvAAAnnntSSS
eDvveentttuuurIII
AAADvvvEEEnntttaRREE'ss
aaaDDVVeeeNNNttuRREEEddd
aaDVooontOOORRAAR
advveeennnTTUrrreeer's
UUDDvvvEEEntURRReeRRSSS
ADDDvvveennTTTuuRees
UUUdddVeeennTTTuRussOOOma
OOODDVVVENteREEsSSS
OOdddvvooNNTUUUrrUSSS'ss
AddvvEEnttuuRReeesssssuus
ODDDvvvoonTToorrInnG
aaadvvvEEEnnnttiriiSmmm
oDDvvvUUUNNNtteeerIISMMSS
oooDDVEEEnnnTTIRRROOSTT
aaaddveeNNNteeRaaasssTTSS
iiddVVVUNNNtuurIUUs
EEDDvEEnTUURRouslllyy
iiddvOnnntttiirrrAAUUsssnneSSsss
AADVINNTTTuurrOAAASSSnnnuSs'SSS
UUdddvvvEEErb
eeDDDVaaRB's
iiidVeeerrBIIiiL
ADVVVeerrBIIIl'S
aDDVVVoorrBBBiaLlyy
eeedddVVUUURRbbbOaallsss
advooRbS
AADDvvvirrrsirrrUUIII
AdddvvERsssaaarIeell
AADDveeerrssAAAriaaLLLLYYY
EDVVerrSSeRRUUiisss
AdvvveeerrrSSaRY
aaaDDvvveeerrrssseeRRY's
aDDVVOOOrSAAATTTIIIvvEE
uuudddVVVerrSeee
AADVVErrrSEEEly
OdddVVEErrrsssENNNEssSS
EEdddVVErrrsEEEneeSSS'ss
EEEddveeRRRssEErr
addvviRRSSeST
aaDvvarrsATIES
AADDDVVUrrrsssIIItttYYY
aaDDDveerSiiiTTYYY'sss
eeDVVErrrTT
aadddVeeerrrttt'SS
eeedddVoRRRTEEDDD
ADDDVEErrrTeennCCCeee
AADvvvEEErrTTTEEnccESSS
aaDVVEERTEENNT
OODvvEErrrTTTIIInngg
aaDDVVOOORRttiiiSeee
UDVVEEERRRttteSSSeeeD
uuuDDDvvvuuuRtissEMeNNTT
AAAdVVuurrtiiisssooMMMEEnnT'ss
aaadddVVVerrrtttoooSUmeNNTTTsss
UUdVVeertttOOssEERR
uuuDDDvvvoorTTTiSSuurr'S
UUDvvverTTTeeeSSSerrS
iiidVOOrttisUUSS
ADDVVVEEERRRTTISAANNNG
EEDVVVeeerrrTTisssaaanGGG'sss
ADDDvIrrrtOrrrOAl
adddVOOORRRtttOrAAAaaaLL'SSS
AAAdddvvveeerrtttOOORRIIIaLLSSS
aadddvvEEErrTTTsss
UUDDDVVVACCAA
ADDDvucEE'S
AAdddVIIICeeeSS
aDDVesssAAAbiilETy
EdddvissUbbillliitttyyy'SSS
AdVaaassAABBBllle
AAddVoSAAblllY
addvOOOSeee
aadddvvviSSIID
aaddViiisooDDDllly
AdddvvvussIIe
adddvvISSSEees
ADDVVaasseeMENNNttt
aDDDvviiiSSEEmmOOnttt'SSS
aaaDDVViSSSoR
IIIDDvviiSeer's
OOddvuussiirrsss
AAADVVViisssIIsss
uudVAAASSoooNNNggg
iddvvviiisOOrrr
aadddViiisssoooR'ss
aaDDDvvAAAssooRRIIuuuSS
aaaDDvIIsORRRs
OOOddVViissOOrrry
AddvUSSaaRY's
UUUddvvvooCEEEAATT
aaadVVVOOcaaccyyy
aaadVVooccACCyy'SSS
aaaddvuuCCeeTTTee
aaddvvOcccAAAtteee'SS
eddvvOCCaaaTTTEEEddd
EEEddvOOCCUUTTTUUSSS
aaaddVeeCaTToooNNGG
iiiDVVVOOcccAttIIINNN
aaDvUCCCAATArrr
ADDDVVVIIwwSinnn
IIIdvvvewsssOOOnnss
EDDyyNNNammmiiii
aaDDDYYYNaaMMIAS
aadddyyTToomm
uuuDDz
EEEdddZZ'ss
AAdddzaa
iiiddzEEE'S
UUUDDzIs
OaacccIIa
AAiiCUUUOOSSSPPPoooRRRaa
oooeecciioosPPPoorEES
aaOOCoooAM
aaeeedddess
aaeeDDDaLaa
AAEgggOSSS
AigggUUUss'ss
aaaEgrrrooTaattt
iiANAAOOOOs
iAAOllliiiiNN
OEOnn
AAAAAEENNN'S
aaaUUUOOnsss
OOOaaarrraTTTUUU
uerrOTTTeeeDD
eeeiiirraaatIIs
aaiRRRoottonnnG
AAAEEErrAAAtttaOOnn
AAAoorAATTTIIOOONNN's
EEEERaaaTTOrrr
AuuRRiiiTTTOrrr's
AAARRataRRRss
aaaaaaRRIIaaLLL
aaEEERRIIuuulll'ss
UUoRRREEaaaLLLuusTT
IIIEEErrrIIaaalliisssTTT'S
AAAEErrialiisTTS
aaERIIaLLLllY
eeeErrrooALLLss
aaaeRRRuuuA
aIIIrrIII'ss
AAeeerriiEERRR
OOOrrrIIIEESS
UUEEErrrOeeSttt
AAurofffIIIcAAATTiiiOnnn
aaauurrrIIFiIIdd
AAAOrrIIFFIIEEEss
OOAArriiFOrrmmm
AAAeRREEfffYYY
aaaRRRIIfffyyooonnGG
aaIIIRRii
aaeerrrabbaaaLlOSSSttIIcccs
uuuEEERROOBBUUUtttEEc
AuuurooBuuuTiicccss
AAAeeeRROOObbIttECCsss'SS
AAAuuurobEE
aoorrrOOOBBBaaSSS
AeRROObOOCC
aaERReeeBBBOOccaaLLlllYYY
aaaeeROObUUccsss
AuurrroBiiicSSS'ss
OOOEEErruuBBBaaOLLUgYY
oooeeerEBEEEAAAssseeeSS
IUUURUbiiiaasssIIsss
aaaEERRRoBRRRIIkkkonnnGGG
aEEErrrIIIdduuuneettiicSSS
AERRREDDoonnnttIIIAA
AAAuuROOddRRReME
OiiiRRRiiiddRRRoooME'SSS
UUErOOOddROOOMEsss
AAAEEEriiddYYYNiiimmmAcc
aaorrrOOODyynnnaaMMMIIICCCOOL
AAeeRREDDDynoommmIIICIIllllYY
aaeeerrrIIDDDyNNeMMACCCOsTT
AAEEErrOdYYnnEEMMMIIICCCs
AerrEDyyynnnImmACCCSSS'ss
AAAAARRRuuuDYNNEEE
uuuerrrOUUMbbbOOOlllIssmmm
AAuReEEmmmbOlllIIsssmmSS
OOUUrrrooGRRRaamm
AAAuuRRRAGrammmMMAAA
aaaAARoooggrraMMMMOOOSS
AEEERRoooGGrraaMMMSS
AAAARROOggRUUPPPH
OOEEErrogggRRREEPPhhhYY
aaerrrOllOtttu
aaaoooRRRallliteSSS
aaaeerrrOOOllEggEEeSSS
uueRRROOOLLiGGyy
uEEERRaaMannCCCyyy
UUUeRRIMMOOOrrUUUnnEEE
aaErrOOOMeecccHHHaannnUCC
EEEiiirOOmmEEccHUnnniiccSSS
AAARRREEEMMeDDAAccal
AAAeeeRRomaattaaaOOORROOGrrraaph
aEEERRuuuMMMeeeTUUURR
aaaEROOOMEEETTrryy
AAAEErrOOONNNeeAAttt
EEEoROOnnnaUTUUC
aorrronnnIIIuutiicAALLL
aauuuRRRInAAAEEEtecccss
aaiiRRONNOOuutttuucccS'SS
aaeeroooNaaottSSS
OIIIrrOOOnOUrAASSSIss
aEERRuuupAuse
aaaeerroooppphhhaaggIIIu
uuuerrrOPhUUGaOOOS
aaaeerOpphhhEBBiiAA
aUUUrrreeephOONeee
aaaerrroooPPhYTTTuuu
OEROOOpppHYYYtESS
aeerrropoNNIIccss
aIRRooScccuuuppaaa
aaaaaRRoSSSAL
AAAEEERRiissseeeLLL'sss
aaaeeerroosoolllsss
aaaerraaaSSSPPUcEE
AAAiiirrOOOSSSpaaceee'ss
uuarrreeeSPPhhErroo
OOOiRRIIsstttuuutt
aerOSSttUTAAAccc
aaEreStIItttiiccs
eeeEEErUUSSSTOOttiiiONN
aaaURRotHHERRROOPPaUUTUCs
AAeeerrOttthuuuRmuuDYYnaammmIIICSS
EEARRRyy
AEEERRRY'sss
AeSSTTTHeetEE
OOOeesssThhheetII's
AeeessTTThheetUUS
aaaUUSSSTThoooTTaaaccc
aaaiiSTTThhheeettEEcccAAlllLLYY
OOOeessstthhheeeTiCCCiiiSSMM
aaauussTTTHeetttIIcIIssm'ss
AESTTHHEETiiicccss
AAAESStttHaTTTuCCCs'sss
AAUUsTTTIIIveeeLL
AAEthhOOrrr
oUUttthIIIrrrSSS
AfAArrr
AAFUUErDDD
OOOffOBBRRRiLEE
ooffffffIbbbooolIItttYY
AAFffaabIIILLAAATYYY'SS
aafFFAABllE
aFFFffABBBllyyy
UUUFFffAIIR
UUFFfffAER'SS
AffFFaaaeeRiii
UUUFFFfeeeiiReees
AAAFFFOOOIIIrss
AffFFFECCCT
AAAFFFFeecccT'ss
EEEFFFfiCCCTTaaaTTTIIon
iiFFfffooCCCTTeeeTIIuunn's
AAffFFEEccTTTuttuuuoNNS
AAAfffFAcTTTeDDD
aaffffeCtIIIDDDLY
AAFFEEECCTAnG
oooFFfffEEccctttINgggLyy
aaaffffoCTTTeeeOONN
aaFFFFOOCTuuuonn's
UUFFFFeeeCtttEEInAlll
aaaFFFEECCCTTiOOOnnaTe
EFFFeeccctttiiUNNaaaTTOLLLyyy
aaffFaaCtIIIOOONNNSSS
IIFFffuuuCCTEEvvi
OOOffiCCCTTaavvELLYYY
oooffFiCCttIIIViNNEEssSS
ufffffECTTTlllIIISSSss
ooofffEEECttLOsssNEEESSS
AAffffUUCCCTTSSS
AFFFFFInPiinnsCChhEr
aafffFEENpppiiiNNNscchhhUUUrrrss
OfffffeeerreeeNtt
aaaFFFFFAATTTtOOAAASaaa
aafffFFFEEEAAANNcccE
IFFFFiiianncod
EEFFFFeeOOONcESSS
EEEFFFFFiiaaannCCCeeeNNNG
iiffffiiiannT
aaaffficHee
AAffffffIddaaaVVVITT
uuuFFFFiiiDDaavvvOOOTTT's
eFFADDeVVIIITTTsss
aaaFFFFUlllIIatteee
ifffFFFellIUUtttAAA'SS
AFFFfffIlllaaAATad
AAAfFiiiLIIaaTTOSS
IIIFFfIIILoIIITaaNNNG
aaFFffiiiLLIIIaTTAAAooonn
UUFFfffiiiLLOOtIIONN'S
AAAFFFfuuLLLIeTAAAoNSSS
aaaFFffulliiaatttiivvveee
AfffFFUUnulll
AfffffiNNU
aaffffffaanneD
iiiFFFFFiiNNIToooeeess
aaaffFFinetttIIIVE
EFFFFFEnnnEEEtttYYY
AfFiiiNNOTTTy'SS
IIFFFffIIIrrrm
AfffiirrrMMMaabllle
UUFFFFFIrrrMMAnTT
AAFFFFFErrmmOOtiiiOOOn
aaffIIIRRMMaTeooonnn's
AAAFfffaarMMMaaatiiiinnnS
affFFFaaarrMMaTTTUvvvU
AAffffffErrmmmUTTiivvvEEE's
eeeffffiirrMMMAAAtttIIvelyyy
iiffFFFaarrrmmAAtIIvvISS
AAAfffffOOORRRMMMAATToorry
aaaFFFFFiiiRRRmaD
aaaFfffiirmmmER
AAfffFFiiirrMMMaannng
AAFfffEEErrrmmSSS
AffffffeeX
AAAffffiiix'S
UUFFffooXXAAATTTOiiiNNN
eeFFFFFFooXXXAttioNs
AAFFFFIIIxxxiiidd
uuFFFffiiXXAAAsss
aaaFFFfIIIXEEnnng
aFFFfLLOOttUUUSS
EEEFFFfffLLLaatttuS's
OOfffflllUCT
IFFFflllUccttEDD
aaaFFFfflllICCTInnGGG
AAAFFFFLLOOOCCCttEEONNN
EEEffFFLLLECCCTTuuonn'SSS
AAFFFFFFLLiiiCCTTeooNNs
OfffllliicTTiivvE
aFFFFFllIIIcccTivvvEllly
AAfffffLoCCtSS
AFFFFFlllUUUeeenncccEE
aaaffffLLUUeeennCee'SSS
AffFllluuuEnT
OOOffLLLUUUENNTTLy
ufffFLuXXX
aaffffOOOrrrd
AAAfFFFoooRdduuuBBBilliiitttY
AAFFFfffORDDUUbLLLe
iiiFFFffeeerDDuuuBLLyy
IffFFoRRDEEEDD
AffffOOrrDDIIIng
AFFFFOOOrdss
aaaFFFfffOOOrOOst
aaffoooreessTTTAAATiooN
AFFFFFFUUURROOsstAtiionn'ss
aaaFfuRRReeessTuDDD
OOOFFFFForreeeSSTTTIIInnG
aaaFffORRReeSSTTSSS
AAAFFFRRaaaNcHHHAsAAA
IfffffRRRAnccchIIIssaaD
aaFFFRinChAsssEES
aaFfRRaaNccchhhIsssEEENGG
AAFFFFRoYYY
aaaFFfRRROOOY'ss
OOffffrrraaaYSS
aFFFFFRRRiicAAATTeee
OOOFFFfffRucccAAAtttEEs
AffffRRRIcccaaaTTivvUUU
uufFFFrrIIIcccIIITEEVVVIISS
aFFFFRRIIIgghTT
eeFFFFrriGhttteeedd
aFFFFRRAAAgghhhtiiiNNGG
AAFFFFFRRUggHHHtsss
AAFFFRRROOONNT
iiifffFFROOONNNTT'SS
efffFrrinTTIIDDD
ooofffffrontttaaaNNg
oofffFrrrOnTTS
IFFffUsssOoooN
eefffFFOOOsssooeeenss
OOOFFGHHHENNN
UUUFFGGGHiiNNN's
iFFgHHAAANNii
AfGGHHHeeeNNOOOS
aaaFgggHAAAnS
UUUFIIccciiiiiNOdii
AAffUUCiiiOOONNNaDooo'SSS
AFFiiiccioooNNaaaDDEEEsss
aaFFIEEELLD
AfffEEEruuu
uuufffLaMoo
aaffLLLATTTOXiinnn
aaaFlAAAoooTTT
aaFFLeTtttErr
AfffOOTTT
EFFFOOORReee
aaFFaaaROOOMMooNNtttAAuuNeeD
aaaffOORReesaaaiiiddd
ooofffOOrreetHHoooUUUGGHT
aaffOORRRuttteeMee
aFFFOOOoolll
AAFFRRAAIIdd
AFFrrieeT
aFFFroooSSShhh
iiiFFrrrettt
AAFTT
afffttEEErr
AAFTTTerbboorrrTHHH
AAAfttooorBBBooRRTH'SSS
ooofftteeerbbUUUrrTTHHHSSS
AAfffttterBBUDDy
AfffTTUUURBrraaOONN
AAFFFtttEERBUUURneR
efffttEEERBBBuuuRNaaarr'S
AfTEEERRbEErrrNEERRRS
AffTerrrburrNNNINNG
AAAFTUUURRRCCuuREEE
oooFFFTeeeRRcccuuuREE'sss
ooffteeeRRRccLaaPPP
aaaFteeRddAAMPPP
AAAFTTTUUUrrDDDaMMMpps
AAAfffTTEERDDECCkkk
effttORDDDOCkkss
eeefffTTTAreefffFFFEEECCCt
aFFTeerreFFffuuctt'ss
eeeFtttEErrrEffffuucccTTTss
aaaftttEErrGGLLOOOww
OOOfffterrGGllloooWW'ss
afTEERggLLLaaawwSSS
aFFtORRRGGGRRooowthh
AFFFTeerrrGEEEaRRd
aaaFFFTTAArHHHeeeOt
AFFFtEEERRRiiimeeeGGAA
iifffTTEErrOOmmmaggAA'SS
affftIIrIIMMAgeeSS
effttUrrLLuffEEE
aaaftuRRLLUFFe's
UUffftttOOOrrrllUvvvees
AAAFFFttuuuRRMEErKiit
AAAfTTTUURRRMMMaaarKKKITTT'sss
AAFFttteRRRmmaarrrkkOTTSSS
UffTERmmmaath
aaaffTTTeeRRRmeettH'sss
aFFFttuurMMattthhss
EFFFTiiiRRMuSTTT
AAAfffTTTernooonn
uuuFFFttIIRNNNooOOnnn'S
aaaFFFTeRRRNOOOOOnnsss
IfffturrpppIIeeeccEE
UUUFFttERPPeeUUUccUUsss
UUFFFTTEEErrrs
OOFFFttiiRRSSScccHHEOl
UUffTTEEErSSSAAAnsatttiiEEN
AAFTUURSSEEnnnsssaattAAONNNs
AAAFFFTEERRRssshhaaaFFFttt
AAAfffteeeRRSHOOFFtss
IFFTeeRRsshhaavee
OFTTEEERRRSSShhhiivvvaa'ss
EfTTaaaRRSSSHHHEEEvvOss
aaafterSSShaaaccckk
EEEfffTTTEErrrssshhhuCk'SSS
iiifTiiirSShhoCCCKs
oofftttIrrrTTTASSSTTTE
aaafftteerttAAAstttE's
AftttaRRTaSttteS
EFFFTeRRtttHOOuGhhhtt
AfTirttthhouuuGHHHTT's
aFTErrtthhouugHTss
aaaFFterTimmmEE
AAFttiRRRWWWAAARd
AFFtuRWAAArrrDSSS
aaFFFtttArWWWooorrD
AAAfffTTTErrrwiiirrrddd'S
EEfTEERRWWIRRdddSS
aaFTTTeRRWWWooRLdd
aaFFFtttAARWWWiirrrLLDDDSS
AAFFtIRRRyeeArrsss
affTTMosTTT
IIGGGaa
aGaaEEENNN
AAAgggAIIInSSSTT
oGGaalLecccHHH
aGGUMoo
AAgggiiiMMASSS
EEEGGAAAMMMuuutaa
EgggUUMMICC
AGGUUmmUUUgggeeNEssoSSS
AgggImIIIGIIINOsssiss
OOOGAPPPUUUNNNThhhUUUsss
aGGIIPPANTHHEESSSeeesss
IIIgggOPPPEEE
AAGGiiPEEE'SSS
AAAgiiir
oGeRRR's
AAGGGaRReeCC
aageerrrIcss
aaggaaattteee
AAAGGGAAAttte'ss
uuGAToss
AAgggiTTTUWWAAAREEE
AAAgggAAAttEEWiiirrreeesss
aaGavve
aGGuVVII'SSS
AAAGGO
AAAgggOOO'SS
aGGGeeeD
egggEEEeee
aGGGEEEaNNgg
AAGeeeiiinGG's
aaGGAIInnngss
aaaggeeeiiSMMM
EEEggEEIIIsM'SS
aagEEiistt
aaaGEEIIISSST'S
aaaggeeeiiiSSSttts
aaGEEElEEESSSS
AgggeeeLAASSSSSlYY
aaaGGGuulESssnneeessSS
AAAGGeeellleesssnnnEEESsss'sss
EEggunnnCAAAesss
OOOggAAnnnccyy
igggENcccYYY'sss
aaGoNNNDDDaaa
iGGGeeeNNNDaaa'S
iiGGeennDDDiss
aagEEnoooSSSeees
aagggEEENEEEsssIIIsss
AAGGGEEnTTT
AAGGENNNT'SSS
OggooonnntIIOOOLL
uugginTTTUUUvvAAAl
ageNNttIIVVVe
aaggeennTTTS
UggIRRATTTaaaMMM
eeGuuuRaaatUUmm'SS
ooGGGEERRRUUUTTEEEmmmS
aaGGGooSS
ooggGeeRR
aggGGGuuuEEE
aaaGGGGiiioooRRnOmmEnnTooo
AAGGGLoomeerrAttteee
aaaggLLOOmmmERaTe'S
AAGGGGLLLOMeeRRoTeeeD
ooGGGlOOOmmmOORRRuuuteeeSSS
aaagggggllAAMMMIIIrATTTiiNNNg
AAGGGGGGLLOmOORRAAAtttIIoooNN
uuuGGggglllommmEEERRaaaTIIiiiNN's
eeggGLOOmmmEErITTuoooNNsss
AAGGlooommeRRRuutttEEVVEE
aaaGGGGllUTTIINNNaatUUU
OOOgGGlUUTTTiiniTTEEdd
UUggggluuTTIIINNNAAATTAsss
aaaggggggllluuTTEEnnnaaatINNGG
aaaGgLLLuTTTiNaattuOnnn
iiggloootIIINatttiOON'sss
eGggLattIIInnnAAAtttIIoNNNSS
uGGGGGGLUtttUUNNNAAATIIvvvA
aGGGgglUUtttINiiNNN
iiiGGGGLLUUTTTuunaNNss
aggGGGlllUUtttiiNuuuGGGEN
AggLLLUUTEENNoogggEEEnSSS
UUUggggrrriiiDDOOO
AAggGraDDeedd
eGGGGGGrAdddESSS
AGGGGRiiiDDIIINNg
aaagggGGGRRRUUnDiiiZZOO
EGGgrOONNDooozEEEdd
AAAggggrraaNNNdIIIZZEEEMMMeeNNTT
aGggRRREnnnDIIIzIIImIInnnT'S
aaaGGGgrrraannnDDiiizzaR
aggggRRANNNDDIIZZZiss
AAGGGGGrrraanDDAZOnnng
eeggggRRAvvaaTTAAA
aaGgggRiiVVAAttteeeDDD
eGgggRRRivvAttes
uGGGgggRAAvvaTTTEEENg
oGgggRRRovvviTTiiinnGLLLyyy
AAAGGGrIIIvvvATTIIIOnnn
oooggggggrrUVettuuaaNN'SS
AgGGGrraavvATTTuOOONs
AGgrrIIvAtttOOOrr
eGGgggrruuuggOOtti
AggggggRRREEgggOOtttEEE'sss
UGGgggreeggaatEEED
AAAgGGGRUUUggAAtteeeSS
IIIggggRiigOOTTTInnG
AGgRREgIITTaOONN
AAAGGGggRRAgeetiiioooNNN'SS
AGGGGGReGAAATTTiOOnnnSS
agggGGGReeGATTIIIvvI
AAAGGGGRAssssss
AAggggRRReeSSSSSEEDDD
igggGGRRREEESSSsssEs
aaGGggRReeSSsssIING
AAggggReeeSSSsssEEinnn
ooogGGreeSSSSSIon'S
AAAggGrreeSSSssIIIANNSS
EEggrrrEEEsSSavvvI
uugggREESSSIIVVAAAlYYY
aaaGggrrESSSSIvvANNeesS
AggGGRRRuuSSSSSSIIIvvvEneeesssSS'sss
UggggRRReeeSSsiR
IGGGRosssSSSorrr'ss
OOOGGGGGRRRUUUSSSSOOOrrS
eeeggggrrrIEEvvi
AgggggrrrIEEviidd
UUGGGGGriieeeVedddlly
AgGRRIIIIVVVEMeennnTT
AAggggRRRIevveees
aaGGGGGruuEvIIInggg
OOGGGGRa
AAAggha
igghhaaaSSSTTT
aaGalllEE
iggiLLLEELy
IIIggiiLLOOONNEss
AAgggIILLiiR
aguuLLuSSStt
AAAGGIIlllOOttY
AgggILLiiTTTyy'sss
agggIIING
iigINNNGGG'ss
EEggunGss
AAAGGGaaO
agggoooOsss
AAAgggiiiiitttaaGe
uuuGGGIUUtOGGEEsss
aaGGasssmmm
AgggISSSmmmSS
AAgISttt
oGIITAA
eGiitttaaaTTA
aaaGGiiTTTooTTEd
uugggottaTEddLYYY
AgeeeTTATEEsss
AAAGGOtIItuuNgg
eeegiiitttITTiiiANNN
ooogggitttAAATTTuuoNNN'SS
EEEggIIITAttIooNNNSS
AggEETAAAttiii
AGGGUUtttOOttiRRR
AGAAtuutAr'sss
EEEgEEETAttorS
iGGEEtPRREEp
oggiiitttPPRROP'SSS
AAAGGGleeeuum
UUUggllEEEttt
AgggLeTTSSS
aaggleeeY
IGGLuummmerrr
AAgLiTTTTEERRR
eeggglliww
aaagMMa
iggmmIIInnnaattooo
AAgggNNAIIIl
AAAgggNOIIllSS
AAAgNNIITaa
ooGGnnnEEETTTes
iiiGGGNNNaTTiiiCCC
eeGGGnnnAAATToooOnn
uuGGGNNUUTTTOOOuunnsss
aGNOMonnn
eeGGNNOOsssiAAA
IIIgNNNIIISSSIASS
aGGGnnOOOssttOOCC
oooGGGnnnOOSSttiic'S
aGGnnOOSSSTIICCCIIIsMM
aaGGnnnOOsssttOOOCCCAsssmmm'S
aaagggnnnoosTTaCSS
IIIGGGOOO
ogggIIIGG
uugeNNN
IGoNNNUUU
UGGuNNIcc
AAgggONUUess
OGGonnniiSttt
EEEgoooniSSSTicc
AAGGoonnisstttS
AggoNNiiZZe
OOGGGOOOnIIZZZEEEDDD
aaGGeeNIZZAAAS
aaaGuuNNNiiizOOnnnG
aaaGGuuNIzziiiNGGLLY
iiiGGooNNYY
uuggooonnnyy'sss
oooGGeeRUUU
aaagggorrraae
uuugggeeRRRuuuphhooobbbEE
aaagggoorrAAPPHHHooobbIIIO
AggOrrappphhuuBBBOOAAA'SS
AggoooRaaapHHuuubbIICC
aaagoooRRAAApppHooBIIICC's
uuuGGGorappphoooBBiiccSSS
AGorrUUUs
AAAggooUUtttIII
aaaggOOeeeTIsss
OgrrrAAAFfffEEE
AAgggrrrANUUlOOOcccyTTToooSSeS
AAAGGGrrrAnnUULLLOcyytaaSSIIIss
uggRRRIIPPHHAAA
AAAGrAPPhAAAAA
UUUGGrrAAAPPPhhIooSSS
AgRRRaaaREEEAANN
aaaGrrarrrIeeeNNN'SSS
aaGGGrrrOOOrrrIIAnnaSMM
aaagrruRIIEnESM'S
AAGGGrrrAAArrEooonnsss
IIIgRUUUuu
AGGGrOOooaBBBLLLEEE
ooGGrrieoblllennnEEsSS
AAGrrrAAeeaaaBLLLUNNIsS'S
AGGGRRReeEAAABllly
agggrEEddd
AGGreeAAAAnnnGGG
AAAgRRIOMMoNNtt
AAAggrrEEEEMMeeennntt'SSS
AAAGGGRReUUUmEENNttSSS
aaGrrriiEEEs
oGGGrrruSStiiccc
eeGrrribbbUSiiinnnAAAsssSSS
UGGrriibbUUUsIINoooSSs's
aaaGGrrEbbUUsiiNNNOOOSSSeesss
AgggrIIIBBBUUsssuuunnnuuussSmaan
uggRRRECCULLLTuRiiL
OOOGraaaCCuuuLLLtttiiRRRaaLLIISSTT
EEggRRiiiccUUlltAArrraaallliiiSSSt'ss
AAAGGGraCCuuulllTTTiiRRReellIIISTs
AAgggrrriiCCElTTuuurrEELLLlyy
aaagRRRaaacAAALLLtuuuRu
AGGGRRIIICilTTTuuuRREEE'ss
aaggRRRAAAcuuulltOOOrruSST
AggRRIciLLTTTuuurIIsssTTT'SS
AAAgrriicciLTTuRRaaaSSTsss
IIIGGGrrrIImmonnnoEEES
AAAgggRuummONNYYY
OGRObbbIIiiilAAAGGEEeess
uuugggrrrooBBBEEEUUUllOOgYYY
OOggrrrocHHHeMMMucaLL
AgggRROOcheeMMiiccAAAllSSS
AGGGrrooLLLOOOgggIIuuS
eegggrrUlIIIGGyyy
AggrrOnnOOmmmiiC
uugROnnOOOmmmIIICALL
AAAgggRROOnnnuuMMMICCCulLLYYY
uuGGrrrOOONNNOOmmIIcsss
iigggrronnnoMiiiccSSS'SS
agrruuunnUMMMiisT
agggrrOOOnOOOmmIIIstt'S
aaaGGGronnnOOmiiSSSttss
AAAGRRoNNiiimmmYYY
EEEGGGrONNNOmmYYY'sss
aaaggrOOssttoooLLaGyyy
eeeGGGRRoouuNNND
eeeGGGuee
aaaGGGUUUOO'S
IGUUUAWWWoiiDD
uuGGUUiiwweeiddss
uuugguuuIIIssH
AHHH
IHHa
iihhhccchOO
eeHEaddd
eHHeeemmm
UHHHiMMsssaa
UUUhOOY
ooAA
AAOOOD
aaID'SS
AAAiiidddAA
aaaIIddE's
AAiiidOd
AiiidddEEEr
ooIIIddduRRss
IIIiiiDesss
eeeiiDDiiinnnG
eeiiddSS
oiGLLIIITT
eiiigLaTTS
AAAIggriiTTT
AAigRRREttSSS
AaaaGGritttTTTEE
oooIIIggrEttteee's
ooAAGGrrreeeTTTTTUUUSS
AuuugUUUUULLLLLLIII
AAiiiGuuiiiLlllOOttttteee
AAAIIKIDOO
AaakkiiDDDOss
OOiLL
aIIIlllanTTTHUUS
AIIlllENtthhuuSSSAAAs
EEEiilAd
aaAALaaaruN
IiiLEEErrooon's
IIOOlluuuRRRaaannss
AAuuliiiNNGG
OOeLLMInTT
aaaIlllmeeNNt'sss
AAeLmmIINNtts
IIuuLLLSS
eiiiLUUURuPPPHHooollEE
uuiiiLLuuuRuuuPPhhhooobbiii
aaaaamm
AAAuuummm'SSS
IIIiMMMODD
aaaimmIIng
AAAAAMMLeeSSSSS
AAAiiMMMllIIISSSSLLLY
oooIIImllessssNNNEEsssSS
aaiimlllEESssNeeeSSSS'S
aOOMMMsss
IIn
OOen'ttt
aiiooLiss
aaiiir
aaarrr'SSS
aaaaaRbbeeg
IIIaarrrbbbiiiG'SSS
OOiiiRRRbAAAgSSS
aIIRRRBusEEE
IIIIIRRBesssee'SS
aIrbbbasiiss
aaIIRRRBBAADDD
aaiirBEdSS
AiRBBIIIattt
AIrrboRnnee
aiRRRbrrOOsssHHH
aaairrrBBRRRUsssHH'ss
OirrrBBBRaaSSShOOddd
aiiirBBBrrrissHHHEsss
uIRRRBreeesshhInGGG
EiiRRbbbIIIRRsTT
UIRRBBBUsss
aOOrBus'SSS
eirrrBBAssEEsss
IIIIIrrBBBiiiSSSseSSS
uuuUrCCrEfft
aiiirrCRRRaaaffTTT'SSS
EEIIIrccRRAFFTTmmeN
UUaaaRRCCCRaaaffttMMMeNN
uuuiRRRcrrrAAAw
AIIIrccrrEEEWmaNN
aaIrrCCCrrows
aaoooRRRDDDrrruuummmEEE
uuuIIrrddrrOOMMMEss
oarrdddrrroop
aaairDrrooPPP'ss
AAAIIIRdROPPPPPPEEd
AAIRRRDDroooPPPPiiNNGGG
AAIRRDDDRupps
AAIRREEED
AAirrrFFFORREEE
AiiirrFUUUrrrE'ss
UUUiiirrrffAArrrEESS
aUUrrrFFFIaalddd
AIRRRFUeeellld's
EEEIRRFFIIIllDss
aaaaaarrffLaWWW
aaaiiirrrFFFlOOwww'SS
AAAuuRRFFFEEeeLL
aaaRRfffOOOal'SS
AAiirrffIIIiiiLLS
AAIrFRRRaaMMMuu
IIIRRFFRRRuumEss
iiiuuRRFFrreuGGHHtt
iiiuuuRRRfRUUuuugggHHTTT'SS
AAERgllloWWW
OOOIIRRRGIIInnn
AAaaarrGGGiinSSS
aaaaRHeeIIIDDD
AAIRRHHIUd'ss
AAAAAARRRhUUaaDDSSS
uuIrrroooEErr
aaairrriiiooosT
aIIrIlllYYY
AAeeRonnAsssS
aIRRiiNNessssss'SS
aaaiiRaaaNNNggg
AAIIIRInnng's
oooURUNNGGSS
oEErrLUssS
OOOooorllleeesSSSnnEEsss
OIIrLLeSSSSSNEEss'sss
aaIIIRLEtttAArr
aERllAAATTTTTIIIRSS
iiiirrrLIfffTTT
AAAirlOFFTTT'ss
aaaaarllafffttteeeddd
OOEErrlIIIFFTINNGGG
IIiiiRRRLLiiFtss
oiiiRLLiiikAA
OIIIRRLLLUNNooo
AAAURliiNa'ss
iiIIrrrLiinnnEER
iiOORRLLAANNNeeR'SS
aaAAArlllINNuRRRss
AAaarrlIIInees
AuuurrLLiiCkk
aiRlllOcccK'SS
aaaIIIrrLLIcccks
AAIIrrMMMIIIOOl
aaaEErrrMMaoolll'S
oUUrrrMMaaUUUllaDD
eeeIIRRRmmaaULLLeNg
aiiRMMMAAAIIIlllSSS
IUUrMMMUUn
eeeiirMMAAnnn'SS
aURRmmuun
aeRmmoobbiiiLLLEEE
aaauuRRppplaNEEE
AAAorrpLOOnnOOO's
aairrrPllANNNuuss
AAAEEErrrplllAyyy
aaiRRpLLLOOOy'SS
aaaooorPOOrt
AAAEERRPPPURRTTT's
AAiirrrppperrtttsss
uiiiRRRPPEEWWeeR
AAIIIrrS
EEEIIIRRRSSCRRReeew
IiiRRRScccrrreeWss
AAiRssHIIIPP
uuuuRRSSHIIIp'S
aaaOOORRRshIPS
ooOOORRRSSSHHOOww
IIIooRssHHHoooWs
AAiiirrSSSiiicK
aaairrrsssiiCKKnnesssss
IIiiiRRSSSIICCCkkNEEEssSSS'SSS
aaIRSSpppUCe
uiiiRRRsspAccO'sss
aaaorsPPeeeeddd
aIrrrSSpEEIDDss
aaIIIRSSStrreeeaaMMM
uIIIRRSSTTrIKKKee
AAAiRRssTrrriKKKuu'ss
AIIIRRssstrriKKKAAss
AAAUURRRSTTrrOOppp
aaaiiiRRsssTTTRoPP'SSS
AIIrrrstrIIIPS
AAIIIrrrT
IIIoorrrTEd
aaaiiRRttIIGGGhhhttt
AUUUrrrTiiiMMMOO
aaaooortttoommmi'S
uuIIIRRTAAAnnggg
IIuuRRTTTss
AoRwwwAAAvO
aaaoRRRWavvoos
AAAorrWWWiiiVVVuSSS'SS
AAiiRRRwiiiyy
UUiiRRwaaY'SS
uuirrrwwaaayyS
AAAiiirrrwwwimmmENNN
eIrrrWeeemmmeennn
aaoorWWWooorrthhaeeerr
AAAeeerrWWOrthhiiiIStt
AIIIrwwOrThhhIINIIISSs
oirrWWOORtthOOnnnaaSS'S
aaaaRWWWOORRRTThy
UUUIIIRYYY
uuuiiis
aaaooossLLii
AAAisssLeee'S
aIIslleS
EEOTT
aaAAAtttCCCHHH
aaaiTTccch'SSS
uuuiiiTTcHHHBBBoneee
oIITTCHHHBBBooonniiss
ooItCCHHHAss
ajAAAr
UKKKA
aaaKKIIeee
EEkeIIISS
eeKeeeNNNEEE
AkkiMMbbEEE
UUUkkinn
IIIkkkvaVeeeTT
AAAKKvvAAvUUUttSS
OOlllu
AlllABUSTTTEEERR
alABBBUUssTeRRR'SS
IIlllaccKKK
ALaacRRRiiitttiiUUUSSS
aalluCCrrrATyy
AAAllACREEtttyy'ss
OOOlllUE
iLAAAMMeeeDDa
aalAAMODuu
iiillIIInIINI
aaaLLAAANNNUUUnOOOSSS
AAALaarrr
Uleerrrmmm
AAllloooRM'S
olllaaaRMEEDD
eLLAARRMMMOOnGGG
aallleeRMMIIINNGGlyyy
iilaaarmmoooSmm
ooLAArrmisssMMMs
ALLiRRRmmmissstt
ALLAArrrMMMiSttt'ss
AAAlAAArrmmUUUsssTTTss
oolllaaaRRmmSS
AAlaarEm
aallarIIIMs
iiilllAArrYYY
allluuss
aalllEEEtti
aLBB
aalBBB'S
ALLBii
aaLLBAAACCORE
eeellBBaaaCCCoorrree'SS
AALbAAACCUURisss
uullbbbIItttoo
AAAlllbbaaaTRREEsssss
AAAllbbaaTRRiSSSS's
ALLLBBBaaaTrrrAsSEEEss
ulBBEEDDDUUU
AAALBBEDDDOOeess
uLLBBBeedddoSSS
AlllbbEEEiiiTT
ELLBBBEEERtEtttII
AALLbbERtttYYppe
AlllbbbaasCUUUNNt
aalllBIINIIIsssMMM
AAALbbuunniiiSSm'SS
AAALLbiiNNNUUU
iiiLLbbbAAnnne'SSS
eLLbINNNAASSS
aaaLBBButtEE
aLLLbbbaaTTTeSSS
aLbbs
eeelllbbUm
AllbbbUUmmm'SSS
AlBBommeeNN
AAALbbbUMAn'ss
IlllBBBuuMMMIIInnezzzeee
OOLLLbuuuMIInnn
aaLBBBEMMONNN'ss
IIlbbAAmmmUUNNNattEE
allBBAAmOnAAAUUD
ELLBBeeMMoonnOIIDsss
ellBUmINNoooEEss
aaaLLBBBUUMMonnuurrEa
aaLLBBBuMMEEEnnnUUriieeSSS
AAlbEEEMMMoossee
ALLLbboooMMS
ALLLBBurrneMMM
AAAlllCCCoHHUUsttt
allCCAAAhhEsttsss
elllcccaaaIIC
eeelllCoooICsss
eeLLLCeIIIdO
aLcccallddee
aaLccchhheeemmmiiic
ooLLCHeeemmmUcool
AAAlCCChhEmmmiCCEElllly
aaaLLCCChheeemmiSSTT
ALLccHHHEEEmIIISSST'SS
uuulCCCHHEEEmiiSSSTTTs
AlcHaamuuuZZee
uuLLLCCHHUUUMIZZZEEd
aaallChhheMMIZZZUUUs
ALLLcccHEEmIzzinnggg
ILLLccchooMMMYYY
ellCCCHHHemy'sss
AAlCHeeRaaNNNGGGA
eLLLCCCoohhOOOlll
ooollcccOOOHOOOLLL's
eeelllcccoooHHOLiiiCCC
AlllccciihhhOOlliiic'sss
IlllCoooHHoLIcccaaLLlY
AAlllCCIIIhhhOLLLiiiCOOOTTTYYY
aLLCCCoHHHUUlluuCss
IILLCCUhhaaaLLIIIsssMM
AAAlllccooohhhooolllISSm'ss
aalllCCUUUHoooLLLIZZe
AllccooHHHOOLuuuzEDDD
AlllCCoooHHullezzzes
AAAllcccOhIIILUUzzzIINg
AAllcAhaaallOOOMeettER
aaLLcccOOOhhEEELsss
EELcOOVE
AAlllCCCoVVVe'SSS
AlllCCOOVEEESS
UUlcázzzaaaRRR
AAAlCáZZeeerSS
ALLLddduhhyyddee
IIlllddooohYYddEEESS
eeeLDEERRR
AALLddEErrr'S
IIlllddIIrrrmmuNNN
uLdOOrMMMOOOnn'sss
aaLLLdddIrMMMeen
IIlDDOrss
AlddOOORRRWemmmiNN
uuLDDiiiRRRwaaaMMMaaann'SS
aLLDerWUUUmmeeeNN
AALLLddOOL
eLLdoooLLS
aaalldOSSSE
eeelllddIsssiiss
aaaLDEEEstttEEErOOOnnEEE
AAAllDEEstAAArrrEnEEsss
ALLDDDrrraNN
aalllEEE
AALLLe'ss
AAAloaaattteeeRiiiCCC
aaaLLuuATTooorrrYY
AAALLECCttryyyummOOOnncccy
aaLLEEOOO
ALLLeeeGGGuuuRR
IluuuHHHUUuSSEEE
aalOOHHooUUUssoo'sss
uLLEHHAissseeess
AAALLImmBBBiicc
ALLLeeemBBBiiiccc'S
aallleMbbboCCCSSS
UUUllePPPhh
alleePPPhhS
AALLeRRiiooNNN
OLLLeRRTTT
Allleerrrt'sss
ELLLeeerrrTTeeeDD
alllerrrtttAAnng
OOOloortttLLLy
alAAArrrTnnEESSSss
eeellOORTTNNESSsss'ss
IlliiRttSSS
AALLLAASS
aLLeOORoooMMAnnCCYY
oollleUUURRRUNNEEE
UUULLUUUuuuRRIINNeeeS
EEEllleVUNNN
AALLLeWWIfEEE
ALLLaaWWUUffOO'SSS
AAluuuWIIIVEESSS
uuullleeeXXAANNNdReennneee
aaaLoxaNNDDRRiitttaa
uuLUUXXoNNdRRRiiTTTEs
aaLLLeexxxIIIaaa
aalleeexxIIAAASS
ollleeXXooNNN
eeeLLLiXXiPPhhhIIRRMiccc
oLLLFaLFFFaa
AAALFEELFA'S
AAALLFIIILLLUUURRRiiii
EElFIIIlArIiiS
uLLLFFFooRRRja
AAllFFrreesssceee
AAlgge
aaallgaa'SSS
eeLLLggeeu
iiLLLgAALLL
aLLGGGaRRRiiBBBEEE
aaalGGGeeRRRROOObAS
aalGGGEbbRU
AllgiiBruu'S
aalGGGeebbrrrAAIIc
AllgggEbbbRRRAAIcccuLL
AAllgeBBRaiCaLLy
AALgggOObrrrEEEAAssTTT
oLLgggIbbbrrraiiiSSttss
ALLGGGebbbrESS
aaLGEsiA
ALgaTTTOOc
ALgggOOOcUDDDeee
iiiLLgggOOddd
aaalllGGGiN
ooLgggEEnnnoTTiii
AAAlllGGGAnSS
alllGOOidd
OOOLgoolllEggNUUaa
AlgggoollEgyy
algggOmmmOOTEEErr
uuLLLgOOmeeeTeeeRSS
ALLLgggOPPPhooobuua
EEEllgoooPPPHOOOBBBuuueeeS
ooLLLGGGOORR
AALLLGGiiiRRRAAAsssM
aalgggaaariiissmsss
AAAlllGGooRRaaatHHm
AAllGoooRRRUUTThhM'SS
EEllgAARRIIIttHMMMiiccc
AALggIrrrATThhhMiCCaaallllyyy
aLLLGorriiiTTTHmmms
aalIIIeesss
EEELiiiuuSSS'ss
uLiiiAAsssId
AAAlliiUUUSSeeS
aaaleuusssInggg
uuulluuBI
iiLLLUUUBU'S
ULLibbouuD
AALLOOBBBaaIIInnnGGG
AAALLLiibbbAAASSS
AAlIIBlE
AAllIIICCYYYcclllIccc
aalllIIIdddEEEDeee
aaaLLIEEEnn
AliiiAAN'SS
IILOiinAbbIIILLiittty
EELLiiUUNNNEEEBBLe
illliiEEENNNOggE
AALLLieNOgggeesss
AAlIIIENNattEE
AAAlllIEEENNNAAATEEEd
OOLooeeNAAAtttEEEsss
eeeLLLiiEnnAAttINNG
iiLouunATTiiiONN
ALLiiInnnAAATIIIuuN'SS
EEEleennEEtttaRR
alllaEENNAdd
IIIllIENNNeoo
EllIEENInnnG
AllluuEEENIsm
AllluueniiiSSSMMSSS
aLiEnnnOStt
aaLIIiiiNNaaassTTT'SSS
ALLAeeenniiSSSTTTS
AllIIIiiNNNaaasSSS
allOOOEEnnIIrr
illlIIeNs
AllAAAFFErrrm
alEEggHHHTTT
oLLIIghhhTTToooD
AAAllleeGGGHtooonnnG
AAALAGHHHtttSSS
iiiluGnn
ElIIGGGNEEDD
uuLLLeeeGnEER
aLLigNNNEERR'SSS
AAALLLOGGnEERRsss
AAAllliiiGGNNIIINNNgg
aalAAgNMent
allIIgggnnnmEEENNNT'SS
UUUliGGGNNNmOOnnntttSS
aaLLLAAGnns
AAllIKAA
aalllekENNeeSSsss
ALIIkkEEEnaassssseees
ELuummmEnnnttt
AlllimmooNNNTTT'SS
alimeNttORRy
EEELLAAmmUnnTTiiitttEEEOOnn
olllIMMEnnTTaaaTTTiiiinS
aaaLEMMMUUnTeeeDD
AALLimeeeNteeng
AAALLLiiimmeNNttss
aaallleeeMMMoonnny
AALiimmmONNNYY'SSS
AAALLENNI
AAALLiiinnEEddd
aaliiiNNNOOOMMuunttt
aalllinnnEEEMMEEENNt'SSS
eeeLaannEEMMuuNNNTTTss
aallIIINNEEESS
AAliiiNiinnG
AAAlluPAAAddd
aaliiiPPHHHAAAttoooCCC
AAAlliiQQQEEAANtt
aLAqqqOOOIIITTT
AAALLiiQQQIIIUttss
eellUTT
ooLLeeeEEnDeee
ALLLIIIvvvII
UleVVIInnnEEEssss
OOLiVVVeeNNNEEssSS'SS
AllliYYYaa
OLLLiYYAHH
aaallIYYAHHH's
aaaLLLIIIYYaaahSS
UlllIIZAARRINN
ullaazAAARRAAAnnnS
uLLLkkAHHHeSST
AlKKIIHHHEEssTTTSS
AAALkkkiiiLLo
ElllkAAllAAA'sss
aaalllKKALLLIIIsss
ELLLKKalliiFFFaooD
AAALLkOLLIIIfIIIes
IIlllKKKallUUUfyy
EEELkkAAALAAAFFFyyiiNNggg
ulllkkkaaLIIMMotttEERR
AAALLkkkAAAllAAnnnAA
aalkOOOLuunIIttYY
aaalKKAAALLLIIInnIItY'SSS
eeelkkkaaalOOOnnnAZZZEEE
ooLKKaLiiinnnaaaZeeeD
aaalkulIIINNNiZZZess
AALLLKAAAlliNuZeNNgg
AAlKKaLOSS
OOLLKKAAAlOOZZATTAoN
aaLkkkelliiizzEE
UlllkAAAlIZedd
alKiiillliiizzaaass
UUULLLkaalllAAAzIIINNG
AAllKKKAAlllOOIIddd
OOlkkIILLLAaaddd'S
aaalkkkAlllIIIIdaaal
alllKuuulloooUDDS
ooLLLKKeLuuSSSEESSS
AALLLkkkaaaLLLaaaSSIIIS
UULLLkaaNE
IILLLkkkOOOneeeSSS
aaLLkkANoooTT
OOLLLKaNEETss
aallKKEEEnnuuu
ALkkkAAnneeess
EEEllkkyy
AAAlllkkyyDD
aallkkkyydd'ss
OOlllkYdsss
IlKKyyLLL
aLLLkkyyLUtttiiiIIINNN
UULKKKyyllSS
EELLLkyNNNe
aaLLLLL
oLlll'sss
AAAllLLuuNIttEE
iiiLllaaaNTTToID
OOlLLaaaNNtOOOeeS
AAALlAANNNtttOOOaSSAsss
aaaLLLLLLOORRggUNdddo
alllllAAAtttivvvUU
AAALLLOOyy
aaLLLiiiyyIIdd
AlllooyuuuNNNGG
aaaLLLleYSS
IIILllleegIIITToeeennn
aLLLLLLiiGATiiiOOOnnn'SS
aLLllluuGGaTTTIIiNNs
uuullLLeeGGGEEE
EELLLLLLEEEggIabbLLA
aaaLLLlEEEgggeddd
aaaLllAggEEEddlYYY
AALLLlooGGEr
UlllLeeGGGeeess
ALLLllleeGIEEEnnccce
AALLLLLEEEgUUAnnncccoo'ss
ALLLLLLEEEGIIIaaaNCCCEES
aaallllllUgiiiNNG
aalllAgggoRRRIIICCC
ULLlllOOOGGiiRIICCCaLL
eLlleeGGIRREEECCCalLLLyy
AAllleegggoRRaaaEES
IILLLLLEEGGGooorrrIISTT
aLLLLeeggoorrriSSSt'S
aaLLLleegoooRRRiiiSTTSS
aaaLLLEGAAAriiZZEEE
iiLLLLLuuugggORRozzzUUUD
ALLLLLUGORiiizzeeess
UUllllEEEgoooRiZZUNgg
OOLLoooggAARRy
iillllEEEGoRY'ss
allllOOOGRRReTTii
aaLLLLOOOggRUTttEEE'SSS
AAAlllllOGGGrEETTtttaaasss
ooolllLLLeegggrrrIII
eLLLLogggrEEE'ss
AAALLLliGGRaS
aaaLlELeee
OOOLleelAA'S
UUULlllOOlEss
alLAALLLiiCCC
AllliiillleeeMOOOrpH
ellllleeLLLimmooRPPPHHS
OOOLLLLeLLoPPPooThhhIIc
aaLlleeLLeePPathhy
eeelllllUUULLLUUeeaa
aaaLLLlllUlloEEEaaa'S
OOOLLLLLEELAAiiaaas
aaLLlleeMuuuNNNDDEE
oLLUUUmENNNdddEESS
AAALlleergggeeNNN
UUlLLaaRRRggan'SSS
OOLLLeeRRGGGEnnnEEcc
IIIllllliiirggOOnnIIICoootttYYY
AllLERRRGGGEEnnnSSS
alLAArrrgggIIIccc
uuuLLLLLEEErrgggACAALLLlYY
IIILLLleerrgUUUEES
eeLllEEERRggissTT
ALllaRRRgggiiissTT's
AAAlllLooRRRgiisssTSS
aLLLlllerrgggyyy
ALLEERRRGyy'sss
ILLLootHrriin
uLLLLUvIUUTTe
ollLLeevvviiiEETTTeedd
UUllLLLEEvvvUoooTeeS
oollLeevviAtttiNgg
AAllllllEEEVVVAaaatIIIOOnn
aLLllEvOOAAtiiiaaN'SS
AAlllEEVVuuuaaatttUooonSS
aaLLEvvIIAATOOOVVVOOO
aallllleeVVVIAtttOr
eeelllEy
eeLLlllOOy'ss
aaalLLEEyS
aLLleeYYYwIIy
aaLLLLeywwayyy'S
uuLLeeeyyWWWAyyyS
EEElLLLHUUUaaaLLL
oooLLlliiiAAAccIIIIUUsss
ALLliAAnnccEEE
OLLLliiAAAnnnccuuu'sss
EEELLlllAAaaNceSSS
AALllUUEDDD
ALliEEsss
AALLlliiiGGGAAAttOOOrrr
ALLLLLiiiGGGaatoRRR'sss
aaLLlllOOOGaattOOORRRSSS
EEElllliiiTTTUUURaaaTEE
ellllllIttOORRaaattAAAD
ILLLllUUUtEErratttAAss
uuulLITiirAATinnnG
eeLLLlITeeRRRaaTTuuuOOnn
aaLLllAATeraaaTTuuoooNN'sss
ALLIteRuTTIIoonnS
IIIllAAAttErraTTTivvvuuu
ALlIITTEEErAtttoVVVeeeLLLYYY
OOOlllItaaarraaTOvvennnooSSSs
alllllAAAaaaMM
aalllnnnAAss
eeLlooocccabLLLe
aallllOceTebbLLeee
AAALLLLLLOOOCottte
UllLLLooCCIIItUUd
aalllloooCCCUUTAAASS
AAALLLLLoocUUUTTAAAnnGGG
AAALLLlllacccIIITTTiooNNN
uuLLLlllOOOCaatttIIIOOOnn'sss
AAlllllooCCAAATOannnS
ElllOOOceettOORR
ALLLLLiiiCAtttoooRss
iiLLLLAAcchttthhhooonnnaaIIS
oLLlloocOOttiieeNNN
aalllOOdOAAL
AALLLeeeDDDiuuummm
EElllLooogggEEmmmaaEEESS
aalllAAAGGGemmmYYY
elLLooGGGrrAPPPHH
alLOOOgraaappphhSSS
aLLLlllOOMEresMM
ElllLLOmmErrrIIISSSMMS
AAALllOmeTTrruueSSS
ALLLLLLaaammEETRRRYYY
aaLLLLOMMoRPPHH
aLLLlllImmmoorrphhhiiiC
UUlLLEEMOOORRPPhUUSSM
EEElLLLoMOrrppHHHSS
ALLoonnGGGA
UUULLonyyM
aLLllUpppiiTTTHH
alLLUUpUUUtHHHiC
aaalllaaappAtHiiiaaSS
aaLLLLOppUUUttthhhissT
aallLLeeePPPAAthhyyy
ELLlllopAAtttRaaaccc
aaLLAAPHaaannnEE
ILLLooPPPHHHonna
EELLlooPPPhEEENUUUS
AAAllllOOOphhonnIC
ULLLlUppllIIIsMMM
EEEllLLoT
AALLlloootMEEnnnt
OOOlllllOTTTmmiinnT's
OOLLLLLLooottmmoooNNTTTs
aaalllllOOOTRoPooo
aaalllLLEETrraaaPeeSS
aaallllllooTTTrrOOPPIIICCC
OOllLLOTTTRRoPPecaL
AALlllIITRROOOPaaaiiis
eeelllLLLoootraPPY
oolllleeTTTs
aaLLLOOOttTTTaadd
EELlloootttTTOOOiii
oLLLeeetTEEERR
aaaLLlOOOTTTTTinnnggg
ELLLlllooovAAARRR
EEEllllllOOw
ALLLLLLOOwwwOOBBBlE
OlllLLoWWAAAbbLLY
AAAllLaaaWWaanCCe
IIILlOOWWWAAANCCuuu'ss
uuLLOOWanCCEES
ALLLLLEEWEddd
aLllOOOWWWEEEDLyy
AAAllLAAwwwuuunGGG
AllLOwwwSS
iiillllOyy
aaLLlllUYY'sss
eeeLLOyUUdd
IIlllllOOOYINNNG
uuuLLLIyss
AALLLLLLSSeeeeD
ALllSppIIIcEE
aalllLLsPPiCCEE'SS
UUUlllllliiddde
aaalllLLLuDDDid
oLLllleeddEES
AAAlllLuuDDDiiinng
aaalLLArEE
IIIlllllurrrUUU'SSS
eeeLLlllEErreeeDD
EEElLLLUURReeeMEnnTT
EELLllUUrrrEEmennttt'ss
elllllooorrreeeMMMENtSSS
ILLLLLUUUrrES
aaLLLUUUrrrunnGG
ooollllArrrOOOnggglllyyy
aLLuuSSSIoonnn
AAALLLlUUsssIIIAAAnnn'S
eeelllLLLIISSSiooonnss
oolllUUSSiivEE
ALLLlllUUUSSSIIvveeeLLLyy
eeLLlllisiiiVVVIIINNNiSSSS
AAlllUssiiVeNesSSS'SSS
AALLUvveA
olllllUvvvuolll
UUULLLuuvOOOuuLL'ss
ELLllUUUViOONN
ULlluuvIIONNS
aaaLLLLeVIIIAAM
alllIIIVVIIIuMM'sss
AAAlllllOOVVOUUMMSS
ooLlY
aallllYYY'S
iiillllYUUUnnnGGG
uuLLLLLYYl
aaaLLllYYYLLSS
ooollLLLéII
alMMuNECCC
aaalllmmmanAAccc'SSS
AAlMeeeniCCCss
aaLLLmmmoooNNNDEnni
aLLMAANNNDIIInnnuuuSSS
EElmmmANNNDitEEE
aaalllMMaannnDDUUUTTeeS
alllMMeMMMaaaR
AAAllMMMIGHHHTILYY
AAllMiGGHHtiinnnEEESSSs
AAAlMMIIIGGHtttYY
ILMMMIIInDD
AAALLLmmmUUUnd'S
aaaLMMEEENNNDDDSSS
UUlllmmeNAAAR
AAALLLmmeennnURR's
OllMMuuunErrsss
AALLmmoooNNrrry
OLLMOOSSt
aallmmsss
AAALLMMMS'SSS
aLmmmSSgiiVVErr
ElllMMsgOOOvvveeeRss
oolllMSSHHOOOUUssuuu
aaLLLMMMSSShOOOIISSSee'ss
aaallMShhOOuuuSuuuS
alMMsmmmAnnn
AALMMMSSSWOmann
aalllmACaaannttorrr
AAALLLmmUCCEEE
uuullOOOdddiiemmm
AlooE
aaaLLaaaEEE'SSS
Ellloiisss
AAlllaaaOSSSwwiiiOOD
AAALLEEfffTT
aaLLLaaaHHI
oooLLuuhhEE's
ooollloooHHHuuuss
aaLLLoooeeeNN
eeLAAAnnee
AALLLuuuNNEENEEssss
aLLLaaaNNONNNeesssssISS
oooLooNNGGG
AAAllloonnngggsshhhiRRooo
aaLeeNNNgggSSSADDI
AALLIaafff
aloeeeFFFLLyy
OLaaaAAAFFFNNEEsss
ilOOiFFnneSSSSSS'SSS
aLLLoPPPIIICCCiA
aalOOpaaCCCiiAsss
EEELEUUddd
oolloW
Elllpp
eeelllp'SS
OOOLppAccAA
UUlPPAAAccuu'SSS
oLPoccasss
allPPeennggLLLAAw
uLPPOOOnnHHAARRRnn
oLPPAAANNNSSTOOCCCkkk
IIlllpennSSTTOOOccckkkS
iiilPPPessttReeeNNaa
IIIlllPPPHHaa
aaallPhhAAA'SSS
aaLPPPHHAAAbEEETT
uuuLLLpHHubbOOOTT's
ALppphhhuubettiicc
uuulllPPHHObetttIIcccIlll
IIlllPhhheeebbEEEttticcaaLLLLyyy
elllppHebUUUTiizzeeeTIOnn
AllpHHHuuBBBEEtttaaaZZEEETTiiiooonnn's
EEELLpHHAABBBeeTTIIZaaaTTTUUUaNNNSS
AAAllpHAAbbbeeeTizzzIII
oooLLLPHeBBuuuTooozzzeD
aallPPPhhhUUBBBEETiiizIIr
aLLPHHHaBEEEtttIIzzER'ss
ALLPPPhhhaaabEEtttIIIZeerrrS
AALLLPhhAAABETTTUUUzEEES
OLLpHOObiiiTToZZZoonnngg
aalPPPhhhAbbbEEtSSS
AAAlllPhhAAAmmEERRIIIccc
aaLLpppHHHaNaaaMEEERRIICCC
AAAllppHAAnnOOOMMAAArrrIccAAAll
ALPPhhhOOOnuuMaarrIccAAAllllllyyy
aLLLPHHOOSSS
aaaLLppHEETToMMMUUUNNNcY
uuuLLLppheeerrn
iLLLPPPHHESooS
uLPPPIINEE
EELpooneeeS
UULpppiiinIIISSt
AAAlllPPPIIInniiisssttsss
AAAllppSSS
aLLLReIIIDyyy
aLLLriiiGGhhhT
UUUlsssooo
AAALtttaar
AAAlllTarr'sss
ALLLtAAArrPPPooaaaCCCO
aaLtaaaRPPPaaIIICCCI'SSS
iiilTTURpppOOEcccEEsss
UUlllTTARs
IILTTTuuzzIImmUUUtttH
AllttIziMeettHHss
AALLTTEERR
oooLtteerabbblAA
AALTeeRRAAANt
ElllTTaRRItIIIUnnn
aLLLTTTarrreeetUUoNN's
ULLLTarrrattIIaanss
aaLLLTTTIraTTOvee
aLLTTTiiiRccaattto
alltttOOrCOOttAAAD
AALLLTTToRRccAAAtEES
uLLLTTiircaaaTTIIINggg
EEEltUUrrCCaTTTiEN
aaLLLttIIIrCCCOttiiiiinn'ss
UlttaaRRRccOOtOOoNNss
ULLTTeREED
ALTErrONG
AAAllTirrrNeeennnT
aaLtEEErrnnnEEEtee
ALttEEErNaaattEEE's
OOLLLTErNNeetedd
aalTTerrrnAAAteeLLyyy
eelltIrnnnATTTeeess
AAlllTEERRNNaTTTiiinng
iLLTAARRNetaaOON
alllttArrrNNNATIIIOOnnn'SS
alTTEErrnnnUUUTTiiiOOONNs
ilTTTeeRRRNNAATTTAAVVVU
altOOrnnaatttiivve'sss
EElTTeeeRNNNoootAAAvvEllY
aLTTTuurnnaaaTiiivvEEEs
uuuLtterrrNNNaaTAARR
oLLTTOORRRnnutUR'ss
UUllttIRRnnaTTeeeRRs
aaaLTTeerrs
uuuLLLTTHUUU
uuullTTThorrNNN
IIllttHIIOGHH
OOlllTTIgggRAApH
oollltttooMIITTaarr
IIlTTTiMeeeTuuuRR'ss
oLTTiiiMMeeetttOOOrrrs
EEEllTTIIMMEEtRRRY
EElltttIIpplllaanneee
iLLLtIsssoMMU
AAALLLTTTIttEdddEEE
AlTTAAAtUUDUUU'ss
alTIITuuudEEEss
AALTiituuddeeNNAlll
allltoo
AlTOOO'S
aLTTOOCCUUUmmOOLLEEE
AAllTTTooCuuuMUluSS
AllTTTOOOGIIIttHHHErrr
aaltooosss
IIIllTTTooSSStRIIItttE
AAALLLTTTOsstttRaatttUS
iLLLtttRRRuuCiiaaaLLL
aaalTTrrUUUOOOSSMM
AAAllTTTrrrUOOsmm'SSS
uuuLLLTTTrrUiissTT
AALtrraaaiisssTTT'S
aaaLTTTRRUUiiSTTIIIc
UUUllTrrrUUIIsTTiiiCCCaaLLlllYY
UUllTTRRAIssttts
ALUdeeeL
aLIIILLLAAA
alllEELLAASSS
aaloMM
ALLuuMM'SSS
AALUUUMEEENu
aallluMMMAAANNNU's
ALLuuMMIINNAAttteee
aLiiimmmiiiNNNIIFFFeeeRRIIIEESS
aallUMMMINNIIIZUU
AAllaaaMaaNNNiiZZadd
uuuLeeMoonnIZZZuuuS
ELLUMiiNNNiZZZUNNNGG
oLLLIMINNoooTTHHERRMMMY
IIILuummiiiNNooouS
iiillUMaannneeMM
aaaLLuuMMInUMMM'sss
AAAllloooMNNNaa
AAAllUMnnnA'SSS
eLUUUmmnnooEE
eeLLLuuMMMnnaaa
AAAlUUUmnnnIISS
aaaLLIImmnusss's
uLLUUmmroooot
AAlemmrraaaOTTTSS
AAALUUUmmms
olEEEnnUUUTTTOO
uuLLVeeollluuur
OOlVVooooolAArrrS
AlllvaaaaLooTEEE
aLLVuuueeeLOO
eeeLVVViiiOOlllUss
aaaLLLvAANiii
IILLLWooYYYS
eeLYYYssssiiMM
eelYsssssoMMsss
amm
ammmAdEEvvvAT
AAAMaaadddaaaVIIITTTSS
EMiiiDDuu
uuummUHH
EmmAHs
eeMMEEEUUnnn
oooMMuLLGiimmm
AAmoLggamm'ss
AAmuuulgggaaammatAAA
ammUUUllGaammAAAtteeeddd
aMMMalGAAmuTTOSSS
AAAMMMaaLLggaMMaTTAAnnngg
oMMMaLggEEEMMAAATTTIIIooonnn
aMMULLLgIIImAAATTTIIIINNN'SS
AAMAAAlllGGGuuMAAATTTuuuooonnSSS
aamAAlggAAMMS
AmmAAANDeNEE
IImaNNNiiitttuuu
OOmmeeennaEENsASS
aaMaannuuuonnsuuss
eeeMMMAAAnneEENNsUUUs'sss
eMerrANTTThhh
UUUmOOORAAAnnnTHHH'SS
amAARaaNNthAAACCCuOES
EmmmOOREnnnttHHHinneee
AAAMMaaaRRRaaaNNNttthhhSSS
AAMMUrrreeelllllluuu
AAAmmaarrrELllEEES
AAMurrOTttOO
immuurrraaatttttoo'S
eemAAArylllllaaadduuucccEEoooUss
aaammiRRRylllllliisss
AAAMeRYYlllLLeess'ss
ammmAAARRYYYllOOOssEsss
AMMEssssss
oooMMeSSSSSEEEDD
AAmmmaasSEEERRR
EEEmAAssseeSSS
oomUUSSssiiiNNNgg
AMMMusssssMeennnttt
AAAmmmAAATTTearr
oooMMMuteeiirr's
UUUmAAATTEuuurriiSSShhh
IMOOOTTeeeUUrriiiSHLyyy
OOOmmAAtIIIIIrresssHnnEsssS
OmmmAtttAUUURRaaasssHHHnnnIISSS's
OmmmEEETTuuuIIIrrrUSSSMM
AAMMMAAATEuRISSmmm'S
iMMMatEEEiiiRRs
aaaMMMoTTEvvu
aamOOOttIVVULLY
uummaatttIIIvoonIIIsssss
AMMMAAttIIIvveennnEEssseess
iiMMMeetttuuLL
ImmmAAATToRy
EEEmmauuRooseS
eeMMaIIrrEEsssIIIs
eeeMEzzooo
AAMaazze'sss
OOMAzEEEDD
AAmaazzzAADDLLLy
aaaMMAAAZZimmEENt
aammmeeezEEEMeeennT'SSS
aaMMMaZEESSS
UUmmaZEEENgg
AAAmmmaaazzIInnngggLLyyy
AmmmIIzIINN
aaMazzzONN'S
IIImmmizzziinIIIAnn
eemAAAZZAnnnootEEE
uuuMMiZZZAAANNS
UUUMMBBAggOOOs
aMMBBBaaGEoouuuSS
aMMMBOOOrrY
AAAmmmbbAAASSSssaadddOOR
AmmmbiiiSSSSSiiDDoR'S
aaMMMbAAssSaadddaaarrrIIIAl
EMMbbbAAAssSSaDDorS
AmbbbaasssSSiiDDDOORSSSHHHIIPPP
aammmBBuSsADDDuuuRSSShhhiiipp'sss
OmbbAAASSSSAdOOORShhhIPPss
iiMMbbbAAAsssssaadrrrUssss
AMMBaaassssssODDDrEESSSss'SS
IImbbaaSSSSiiiDDreeesSSeeeSSS
aammBBBIIrr
iiiMMbiiirrr'S
aammmBBBAArggRRReess
uuumbbberrGGrrrIIIsss'SSS
aaambbeeerJJaCKKK
AAAMMbbURRjjjeeCCKss
AAAmmBUUrOOiidd
AAMMbiiiaaaNNCCCeee
aaMbbIIonnnccuuu'SSS
OOOmmbbaaaAncccES
EEEMMMBIDDiiiXTurr
immbboooDAXXttaaRRiiitYY
immBaDEXXXtttiRRIItttYYY'sss
aaMMBiiiDDDOXXXtrrIIIs
eeeMbbbUUUDDeeexxxTTTRRuuiiiSSlyy
aMbbboeeNCCCEE
aaaMMBBuAAANcIII'S
AmmBiiiOnceeess
oommBBBAInnnt
ooMMbbooGuIIItUUeeess
AAmbIIIgAAAiiiTYYY
iiimmmbbIIggUUUootty'ss
AmmbbIIGGaaIESSS
oomboooGGGAAAooouSSSlllY
aaammbiiTT
UUMMMbbIIITEndEEnnnCCYY
iiimmmBBIITTTiiioonnn
UmmBIIttIOnn'SSS
amBBBiTIIIOONNs
ImmbbbIIIttEEEOOOuuSSS
aaambUUUTTTEEEAAUUUsssLYY
AMbbbiTTTIIIiiiuuussnnooSSSs
eemmBBBIITTTooUUuuuSnnOss'SSS
ooMBoTTS
AAmBivvaaLeeennccEE
ooMMMBBiiivvvaaalllEEnnnCEEE'S
AmmBiiVEllenTTT
AAMMMBBBiivvaaalENNTlllY
AAMMbbbIIvvERSiioooN
ooombbIIIvvirrsOOOoooNNNs
UUmmmBIIVVeeerTTT
OOOmmmBBBlEEE
AAAmmBLUU'S
AmBBLLLEDDD
AmBBBLLeRR
aaaMBlEEEr'SSS
eeemBlllARss
oMMbbbLLOSSS
AAmmmbbblliinGG
AAAmmblllYYGGGUNNNaaaTTTe
AAMbbbLLYGGoooNiTTTAAsss
ooMMBBLLLYOOPPiia
AAmmmBLLYUUPPPIAAASSS
AAAMMBBLLYoScoooPuuu
AAmBBBooo
OOmbbbOCCCEEPTTEEER
AAAmbbiiS
AAAmmbrrraaIIIDDD
IIMBrrosssoaaa
eMBRRiisEEa'S
aambbbrrOOOSSSAAUUl
aaMMMbbrOOOttYYYPPPa
EmBBBrrYY
aMbSSSAAAcE
amBBBallaCCCra
IImmmbbolaCCCrruuuMMM
aammbbbALLLAAAnnCCe
IMMbbIILLLAAANNccO'SS
IIIMbbboolllAnnncccOOOMMMaann
OmmmBiillloonCEEmmmuuNNN
aaMMBULLLaancIs
ambbIIlllinnnccewwOOOMMMoonn
UUmmBBuuulloonnnCOOOwAAAmAnn
AMbbUUULAAnnnTT
AAAMMMbbbuuullaaaTeee
UUMMBUlaaaTTEEEDDD
aaMBBBuullATTTess
aMMbbbaaLeeetuuuNNgg
AmbuLAAATTTIIIOOOnnn
iimmbbUUllaatiiiOOn'ss
AAAmmmbbbuLLLaaatttUUaaanns
aammBBBuLLiiittAArr
AAAMMMbbULaTTOOORRRIuusss
OMMBBBuLLOtttORRY
AMbUUUllottooorYYY'ss
AAAmmmBBBUUUSSSCCCIIIDDDa
AAmBBBEsscccuudE'SS
AmmmBBBUSSSccaaaDedd
aaaMbbbuSCCUDDarr
AAmBBBaasccEEdddOOOSSS
AAAMMMBEESScEEDDDIIINNGG
AAmmmBOOsHHH
AAAmmmBBBUUUSSHHH'sss
emmBUUShhaaaDD
AmBuuuSSShiiir
ambbUUsshhheeeRSSS
aaaMMMbIsssHHHiiisss
eeembbuSSSHHOOOnnG
AAAMMMiiiBBBaaa
AAAmmmIIbbbU'S
UUMeBBBaaaaaa
AAAMMMoobbIS
aammmUUbooc
EmmEEBBBOOOCCYYYtE
aMeeeBBoooIIIDD
UUUmmmuEEERRR
eeemmmEEEEEErrr'SS
AmOOOUUURRRSSS
iiMELLLOOOORRRaaatttEEE
UUmmmEEllIorrottEd
AmmellliIIIRRRaaattteess
AAAMUUULLOOeeeRRIIITTTINNNGGG
AmmoolllIoRRRataOONN
aMeellliioooRRReeTTAoooNN'SS
AAMMMELIuraaTTTEvEE
AAmmeeelOOOrrraaTTAAr
AAAmmEEEnn
emmmEEEnniiiBBBIIILLLUtttYY
aaaMMEEEnuuuBBAALUty'ss
aMMMEENNuuBBBlllOOO
EEmmuuuNNAAAbbllenneesssSSS
AMMMIINNAbbllleeNNUUssSSSes
amennnaBllY
AAAmUUNDD
aaaMMeeeNNDAbbbleee
UUmIINDDDAAAtoorYY
AAmmmeeeNNDDEEDDD
AAAmmmENNNddEERRR
AMINNNDDeeNNNG
ooommmeNNNDDDmeennTTT
amEnnnDmmeennnTTT'S
EEmmUNNdmuunTTs
EMMEnDDDs
AAAmmmoooNNuutIIEEsss
EmmmENNNIItYYY
IMMMEEEniittyy'sss
AAmmooNooRRRRhEEEooo
uuummmeNNOOORRRRHHHEas
AAmmmUNUURRrHHEEIICCC
AAmmmaaNTTT
aaMMMEEENTeeO
ammmEENNTTTiiieesss
aMMMEnnnttts
AMurcccuuu
UUmmmuuuRCCeeeDD
OOOMEERRcIIImmaaannntt
UUUMMMUUrcEEmAAANt'ss
EEMuurrrcuummmEEntttSS
AAAmUUUrrrces
oMIIrrCCCiinnGG
uuumEEERicceeaaaM
AAAMMUUrrrEEECIIuuuMM's
AAmmmESSSacccU
AAAmmOOTHHYSST
aaameeeTTTHHHyssT'sss
AAMeTTThYYSSSTinnoo
eMMMEETThhySSTSSS
ooMMuuutttrrroppuuA
UUUmmUUttrUPPEEaSS
AAMMMUUU
AAmIIIeeeBiiiLItttY
aaammIIaabelllIttYYY's
aammmEEEEEEBlllii
aaMiAAABLLeeennAAASss
eeemIIIAbbLLeeeNEESSoSSS
UUmmmiAAAbbLYY
AAMeeeAAAnntthhhUS
eeemmIIICCuuubbIIIlliiittYY
AAmmmIICCaaaBBIIlliiiTTTYYY'sss
IIImmmiiicccuubbbleee
OOmmooocaabbbLLyyy
aMiCCEEE
OOOMMiiid
ammmUDDDeeeSSSiii
IMMAAADEEE
aaaMOOOddUU'SS
uummiiiddess
OOMiddshhOppp
aMMMIDDDshhhIIpppS
AmmIDDDst
AAAMMMiee
AAMMAAAGGGOOO
AmmmiigOOO'sss
emmuuuGOOSS
aammIIImaE
eeeMMeeNNNEEE
AmEEEnnnEEEss
iimmEnoo
EMMMenOOpppLLLOOOSSSTT
ammmOONOPPPyraanIII
AMMeeNNOpppYYYrrIIINNeeesss
aaaMMMUrrr
aaammIIIR'SSS
eemmmIIrSS
AAMIIssssss
IIMMIIIttOOOSeeeSS
aaaMiiittuusiiS
eeeMMMUtttYYY
AAAmmmiTTyy'sss
AmmmmETTTEEERRR
aaammMMeTTTor'SS
AAMMMmmUteeerrSSS
OOOmmmminnee
aaMMiinnOOOS
AmmMO
AAAmmmO's
aaMMMMooNelll
IIImmmmooonatttOO
iiimMOnnneeeaa
AAAMMmonnniiA'ss
AAmmmMMIIInniiiCCC
iiiMMMMMooonIIIAciill
EEEMMmmOOnIEEEcccs
aammMMMoonnnIIAAATTTOOO
OMMMmmmOONAAUUUTTTeDDD
AAMMMMeennIIIaaatESSS
aaMMMMMMOOnniiaTTTuuuNgg
amMooNIcc
AAMMMMOONiiiffIIODD
AMmeeNNNiFEEEIIss
aaMMMMMMOnnnIIffyyy
AMMMMMMOOOnniiFFyyinnnGGG
iMMmmmennnAAAtIII
aaMMMmmmonnAATTiS
aaammmMMOOONNNAUmmm
iMMMMOONNNUUUIIIMMMSS
EEEMMMMAAANUUttiiiiinnn
aMMMuuunItiiiooonn'ss
iimnnnEEsUUaa
aMMMnaaasUUii'ss
AMMNEESSiiieeeccc
oooMnnnAAAsOOOOOOccc'SS
AMMMnEEESUUOCCss
EMMNNeesssiC
aaaMMMnnEESSSiiCC'sss
AAAMMMnnIsssOOccS
AAAmmmNNNeestOc
IIIMMMNNEEsTTiiieeD
AMNEEsTaEEs
uuumnIIISttYY
uMNNIISSTTyy'SSS
aammnnnEstyiiing
AAAMNNIIIii
AmNNNIOOO
aaMMMNNUUOOcENTTOOOsOss
aaMMMNIOCCEEENNteSiiSSS
IImmnIaaaCIInnTTEEsiiiss's
aammmnOOOUUUn
AmmneeIN'sss
AAAmmnniiOOONNNIIIccc
aamnniiiAnnsss
AAmNNiiotIIIcc
EEMMooEbbAAA
UmmoooooobbbA'ss
ammoiiBBaaEE
aaMMiOOBBAAeeAANN
oommOEEbAAS
eeMeeAABeeeC
AAMMOOeBBBOOIIdd
IMMMOOk
AAAMOOOnngg
AAAMMMIINgsstt
UUMeeeNTTTIIlllllEEdiii
aMEEEntuullllUddooo'SS
EEmmooNNNttUUlllLLLEddos
AAMMORRRAAALL
IIImuuuRRRuuulliiSMM
iiMMOOrruuuLLAAsMMMsss
aammmaarrraalllIIIsssTT
EEMooorIllluSSStss
eeemmoRRAAALITy
UUUmorrrAAAlIITTy'SS
AAmoorrraaallllY
AmmaaaRAATTTTTOO
OmmeeerEENNNo
AAAmOOORRIsttt
UmmeRRRIISSStts
umareSIII
aaMOrrEUUUSSS
ammiRoOOssslY
IIImmURROUSSSnnEESSSSS
aaaMIRRIUsnnUUSSSSSS's
AMMaaaRPhhhiSMMM
AMMMiRPPPhhouuuss
AAMMMOOOrrPPhOOEssLLyyy
aamuRpHHHoouSSNNNEssss
aaaMMMaaRRPPhhhOiiisssneSSSS'SSS
AAAmmOrrtteeZZiibbbllII
UUMMMorrrttIzzzAAATTiONNN
AMORRRtttizzzOOTTTUUIINN'ss
AAAMMMeeeRttIIZATTTiioonnnSS
iiimoooRRRTIIZZe
IIMMMoRRtIZZOOdd
oooMMMORRtttIzeeemmmeeennnT
aaammmORRtIIzEEsss
ooommmOOORRttizzzOOOnnggg
aaaMMMuuuUUUnnnT
AMMOOOINTT's
aammeeeuNNNttEEDDD
aaaMMMoouuuNNtIIInGG
uuMMAAAuuuNttts
EmaauuRR
iiimmmOOOUR'ss
IIMMMOOoRRRS
AAmmmOOOXXUUUCCCooolllLLeeennn
aaamooXXXiCCCilllllaaaNNNss
OmPPP
aaMMPP'SS
AAAmppellleepsssuus
AAMMMpppeRRAAgoo
AAAMMPPPUUUraaaGe'S
ommmpEEErrE
aaammmPPeRRE's
ammppiiREEss
aMMMPiiiRRRSSSiiNDDD
IMMMppeerSIIINNdd'ss
uuMPEERRRSSSaannndsss
EEEmPPHHHaTTAAAMinnEEE
AAmmmppHOtttIIImmaanI'ss
UUUmmmppHuuutttOOOMMMIIInneeeSS
AAAMMMPhhhIIeerrTThhRRROOOssiiis
iiiMphIEEESSStttEER
aamppHHHiibbiIIIn
aaMphheBIIAAAnnn'SS
aampHHHIIBBBiUUNSS
IIIMpphhaabbbiiiAAttIcc
aaammpHibbbiiUuuSSS
iMMppHHHIIIBBAAAooooosssly
UmmpppHHHIIbbiLLLaa
AAmppHeebbbOOOlAAsss
EEEMPPPhhIboooloooc
iiiMMMppHIbbOOOlllEEETTe
ammppHHuubbbILLLItttes
iiimmPPHOOBBooLLLEEEgIIIOOs
aMMMPPPhhhaaaballlIIIGYY
AmmmphEBOOOlOOOSSS
aammmpHHHiiiBBBUUULyy
AAAMMPPPHABBBRaaacHH
EmPPPHHABBRRRAAAcHHs
uuMMMpphhiiccHHHrOeeeCC
AAMMPPPHHHACCooouullOiiSS
AMMMPPHicttYYYooNNN
amphhhiCCtYOONNNAAes
AAAmmppphhacccTTTYYYINYYY
AmppphhhuuddiiippLOOOIIId
AAAMMMPhiidddiiipLLOOUUUDDDs
UmphhhiGGGuriiesss
aaammmppHiiiGGoorrry
AAmmmPPhhIMMMAAAciirrr
aaaMMpppHHHaaammmAxxIIsss
ooMMppphiiimuxxxoos
iimppphEEuuuxxUUsss
aaammmPhhhAAaxEESSEEEsss
aaaMMPPHHEEEppOOdd
uummmPPHHHUUpppOOOddSS
iiMpppHiiiPPPrrroooSSTYYYLLLi
ammPHUsssBBBIIIAAANNA
OMMMPPhhiiisssbaiNNNaas
AMMMphhEssTYLAArrr
uumppHHiiitHeeoTAR
AmmPPhhhITHeeeATTOOOR'sss
amPHiittthheeATTTaaRRRss
ImmPHHiiTHHHooaatttRRRee
AAmPPPhhhIItttHHHiiaattrrreee'SS
AAAMppHITTHHEEEAAATTRReSSS
Ammmphhhiiithiiiciiiuum
AAAMMMppphhiiittROOOpppUUaaaSS
omPHHHORAAA
AMppphhooRRAAA'SS
AAAMMppHooorrooA
aMPPPhhhoorrrAAS
AAAMPHHaaTTeeerrIc
AAMMPPPiiiCCIIlllLiiinn
OOMpiicILLllleeenSSS
aammmplllE
aammmPliiiNNOssssss
UmmpplEnnEEEssSSSEs
iimpppLLiiRRR
UMMMPLLeeest
OOOMPLLLExuuucaaaULL
IMPPLiiieeeTEEE
uuumpLiFFICIIItUUuNNN
aammpppLIfIccaTTTiiOOON'sss
AAmmmppplliiFFFiccAAAtttiiiInSSS
UUUmmmpLLiifIIaD
AMMMpppLLLOFIIoooRR
aMMPPllooFFFiiiEEER's
aaammmplllIFFFuuuIIrs
AMMMPLLiffeeeees
ooMpliiiFFFY
UUUmmPPPlllUUFFFyyIInnnggg
aMMpLLLeettUUDu
aMMMpllliToooddduuu'ss
aaMMMPPPlllOTTTaaaDDaSS
aMMpplYY
AAAmmppAAOll
UmmPPoouLLE
AAMMppauulllEE'sss
aaMMMPPPUUeLeSS
ammmpppsss
UUUMMMPPuuull
iiimmPIIIl's
AAAmmPPPUUUlllIII
aammmPPPOOLLLEEE'sss
AAAMpuuLLESS
IImmmppeeelllU
empppulLaauuu
eeMpppeeLLLs
ammmPittIttteee
immmppOTTEtEddd
IImmmppUUTiTIIIs
aMPeeeTiiTTTiNNNgg
aMMpaaaTTTOTAAN
aammppuTIIITTIIOOOn'SS
AMPPEEEtAtIIeennSS
AAAmmmPPuuTTItorr
uuuMppEEETeeee
uuuMppaaatttUII'sss
AAAmppuuteeess
OOmRita
uumu
AAMUUUCK
aaMMMUULeeeTT
AAMIILLoot'SSS
uuMaLLLEEEttSSS
ammmUSAABBllEE
aammOOOsse
AMUUUsEddd
AmmmuussseDLY
AAmmUUSSEEEMMONt
aammUUUssemmmennnTT'S
aaammUssaaMMMiiiNNNtss
AAmmuuSSAAS
emmmeeeSuuNNgg
AMMUUSSinnggLLY
OOmYgggdaaaLLuuu
aammyyygdddOOOlllAAsss
AmmyyGGDDaLETTTooo
aaaMyyyGddalllaNNN
aaMMMyyyGGdAAAlllIINeee
UmmmYYYGGDDDAALLLuuIIID
AmmmyyLL
oMMMYYLLAACCCaaOOOISS
aMMyyylASee
AMMMYLLaassse'ss
uMMMyliiinnneee
eeMMMYYLOOiiiD
AAAmmmyylaaOOOdddsss
uummyylloooLLYYSSIIs
IImyyLLLaLYYYssIIISSS
OMyylAAPPAAccTTTEENN
aaMMMYYYlliiPsssIInnn
aaaMMyyllOOOsEEE
aaamyyLLLoMMM
AAmyyllUUUmms
UmmmYAAtttOOnnniAA
AAAmYYYOOTOOONiiiaaas
aann
annn't
aaNA
annnaaabbaaaoonu
aannAABaanTTTIIdd
AAANNAABBBEsss
OONNNAABIsssUUsss
AnaBBITTOC
anAbUEEEsseeeS
aaNOOBBBIIIOOSiss
AAAnnnAAAbiillaaCCC
OnnUbbbOOOLasMM
aNNNeeebbeellIIISSm'ss
UUUnAAbbooollIITEEE
aaNaabrrraaaNNCCChhh
ANNNAcuRdddAAeeecccuuuooUUUs
aaNaaCCChhrrraaaNNIIIsssMM
AAAnuuuCCChRRReennniiSSM'ss
OnOOOCCChhhRRaNiiSSms
aNNNaCChrrooNNIISTIIcc
EEEnechhRRRoonnnIsTTTIIIcccUllly
AANNAAChRRUUUnnnoooUUUs
AAnnnaaachhRooonnnouuusssLY
IInaaaClliiiNel
aannecccliiTTTeeecc
UUUNNaCCOOlaTHHuu
INNNiiicOlleetthiaaa
UUnooocELLLuTHHIIAs
ENeeCeeLLLUUTThhhEcc
UUUNNNeeeCCoooLuTThhOOnn
onnAAccAAAllItHHHOnnns
ooonAccuunnndddA
aaNNOccinnDDDA'S
INNNAAAcONNDDAss
aNaCrusIIIS
AANAAdddem
anaaadddiiPPlOOOSSOOOSSS
uunEEDiPLLLuuusuusss
inaadddRRROmmmooouuuSSS
EEENNaaaaaaMMMIIA
AnOeeMMMIIAA'S
UnnnAAAeeeMMMuccc
OOniiEERRReeBi
AANNNAEEErrriBBe's
annEEUReBBBaaaSSS
AAAnieerrrUUUBBiiiCCC
OOOnnnIaarrreeeBIICAAALLllYY
IInuEsssTTThhESSIUUU
IINooUSStHeSSiiiAAA'SS
AAANNNIOOOsssTHaaatttaaC
uuunuueeSSStHETuuc'SS
aaNNNAAAeeeStttHETTIIICSSS
aaaNNNaeesstttHHOOOTTTiSSSttt
aaaNAAEEESSSttHHEtttoSSSt'sss
oooNNNAAAEESSSTTThOtiiSSSTTTs
AANOOEEESSSTTHIIITTTiiiZZZooo
uuNNuuuusssttthhhEEETiizooDDD
iNNeeeessttthhhEttteZZZiiSS
AAAnnUUUIIIsTTHHHEETTizzzInGG
OnnagggllYYYpHHH
aaannAGGLYYpppHHs
aNNNOGNooorrriSSAs
AAANNEgOGGGee
aaanAggOOOGGUSSS
AANNNaaaGGrrraaamm
AANaagrrAAmm's
aaaNNNaaGGRRRaammmmmUTTTiiiC
iiiNNAggrraaMMMMaaatiiiccalll
unnnuuuggRRREMMMaattiiiCCCaalllLYY
EEEnnAAAgRRRaaammmaatiizo
AAANNNaaaggRRaammMMEtIzeeedd
AAnnIggrrAAmmMMuutooZZeS
ooonnnaaagggRRooMMMmmmAAtttiZZoooNg
ANAGGrraaaMMMsss
AAAnnnaaall
uuunnnaaalCiiTTE
OnAAAlloooCtttaaa
AAnnnAllloocccttSS
UUUnnAALLLeMMme
annOOLLLuuuPPTTTeecc
eennAAAlEEPPTIICCS
AnnnaLLLGGIIISAAAaa
AAANNNaalllggeSSiiaaa'SSS
EEnnAAALLGGeSSSiicc
eNNNOOOLLLgeeeSiiiCC'ss
ANNNIIllggUUUSSicccss
eeeNNNaaLLLLLyy
eeNNNAAALLLIIIgg
eNAAALLLoggg'SSS
OONNallooogggIIIcall
AAAnnnOLUUGGGaCCCoLLLLyyy
aNNaallooGGiOOOs
aNNNilloooggiiiZZZEEE
AnaaalIIGGGiiizUd
AAANNaaLLaaGGGizoooSSS
eeeNEEElllEgiiizzoNNNggg
aaanaLOOgEUUsss
aaanAALLigOOaSllyyy
aNNNallAAgUUUUSNNNEESSSS
ANNOOOllloooGGOuSSneSSSS'ss
aaaNNNAAlliiiGGGss
IIInnnIllooguuuOO
ANAAALLLoooGuuue'sss
aaaNAAALLLOOOGiiies
AAnnnUULLLuuGGyy
aaNAALOOggYY'sss
aaNOOlllPPHHaaBBoTTTiiiC
EEENAAAllphoooBBETTTUUCs
AAANUUUllyysuunD
IInnneeLYYsaannddd's
aaanOOLLLyyySuNNDDSS
uuunnAALLySIISSS
ooonnILLYYsuusss
AAnnnAALLyyysssIss'ss
OOnnnAALyyssttt
AnnnAAllYYSSSttt'SS
unnnAlllyyySTTTss
iNiiiLLyyyttiiicc
uuuNNNAALYTTTIciiLLL
oNNNiiiLLYYttiiCeelUUUlLYYY
ANNNaalllytiiiCIIllllllY
aNiLYZZZaabbLII
IIINNAALLyyZe
eeennaaLLyyyzzzEEddd
uuuNNNALYYzIRRR
UnnnaaalyZURRR'SSS
uNNNAAALYYYZeeerrss
iNOOLLyyyZiss
AnniiLyyZZZIIINNNgg
ANNNAMMNNNeeSEEsss
ennnaaammmNNNEEEsiSS
anOOOMMMURphhAAACC
eennnaMMMooRppHHiSmmm
AAAneemOrrrpppHeeesssCCCOOpe
IINNNOmaaaRppphhuseeeSS
ANNNUUUmoooRRPPhUUSees
iiNNAnndddRRRuuS
AAAnnAANNNtHHHEEEUS
aaannnOOOpaaaesssT
AAnooPuuusssTT'S
aNNNaaPAAAaassttS
INNNeeppEEssT
aaNaapeesssT'SSS
UUnnnappeessTTTiiccc
aaaNNNAAAPPPEssttoCC'sss
uuunnappEEESSTTTicss
aaaNNaaaPPPESStSS
AANAPPhhaasssEEE
oooNNNaapppHoseeeSS
aNNeeeppphaaaRRA
EnoopphhOrrAAASS
AAAnnnaaPhhhERRRAc
AAAnnAAphhhrrraadddesssOOaaaCC
UUUNNOOPHHHyyyLLLaXXeeeS
UUNNappphyyylllAAXooosss
AAANNNAAApllASttIIIcc
AANNUPPLESSStYY
uuuNNiPTTyyyxxxIS
aaNNNARRRCCCHHH
ENNNArrCCCHiccc
aaannARRCCCHooCiiiL
iNNEEERCCCHuCCCAALLLLLLY
AAANNNErrChiiisssMMM
aaNNarrccchOOSSmmm'S
uuNAARRcchhhISSSTTT
aaNaaRRRccHHHosssttt'SSS
OOONNNARRRcccHHHiiisTTIIIc
AANEEErCCCHHHAAAsTTTss
iiiNAAARCCCHHHYYY
ANaarrchhhYYY'SSS
AnnAAArTTHHHRRRuuEE
AnAARRTTTHHrrrAAuuuss
AAAnaS
oooNNUSeeerrrcccaa
AnaassiRRcIIIss
AAAnniiiSSTTOOOgMaaaTTT
iiiNNaaasTTTiiigMMooTAAc
aaannnaastttiiggmmmUTTTs
ANaaaStttAAmOSaaa
eeeNNaassstttEEmmOseeedd
uunnnAsttEmoSSeeSS
aannnooSSSToooMMuuuSeeeNggg
AANAAsssTOOMMMosISS
ANUUSSStRRIIppphe
eNaassTTTRRaapHHHEEESSS
annAAttUUse
iiiNNaaTTHHHeeeMa
uNNNEEEtHHuuuMMMAAA'SSS
AAAnAAAttHHUUUMUUUSSS
enAATThhEmmmoooTIIIZEE
AAANaaatthhEEEmmaaTTTIIIZZEDD
aaNNOOTTTHHEEEmmmAAAtttIZZaaaSSS
eNAAAtthhoooMMAAttooozzEEEnnnGGG
iiiNNOtttEEEmmmIIICC
aaNNatttooomuuCCaLLL
annnooTTTommiCaaLLLLLY
EnniiittteeeMoooEEES
AANNNiTTTooommAAASttt
UUUNNNAAATuummmiiiSSTT's
aaaNaaatttoMMIIISTTTsss
uuNATOOOmeeezE
aNaattOOmmmiiizzzEEEDD
aaaNNNoooTTTemmAzzASSS
AAANNNAAttteeemIZZZIInnGG
AnaattUUUmmYYY
AAAnnaTTooommmyy's
AAnniiiTTTrOppiiUS
ENattttOOO
EnncccEEEssTTTUUUrrr
aNNcuustttooRR'SSS
EENNNcEsssTTOORRRSSS
aNNcEEEsTTRRaal
uunnnCCCiiissttRRRallLLLyyy
aaannncccaSSSTruuSS
AAAnccceeeSStttrruuuSSSSS'S
aaNcccUUSStttRReeesssSSSoooSS
AANNNCeesssTTTrIIIAASSS
INNCCEESSttrY
EENNcccEsstttryy's
AnnCChhorr
EEENCCHHoRR'SS
aNCHHHeeRRRaaGGGe
AAAnCChhorAAggooo's
oNCCCheROOgaSSS
oooNCCChhhooorreeDDD
uNccchheeeresss
AncchhooruuuNNgg
oooNNNCCHHOOORRRIIItttuu
OOncHIRRREEEtttEE'sss
uNCChhhOOOrIIITeeeS
AANccHHUUriittaaaC
AnnCChhhEEErmaaannn
UUNNNCCCHHIIrrmeN'S
aanchErrrmmmENN
ANCCChhuurPPeeiPLLE
aaannnCCChhhAArrrpppeRSSooN
AAANNCCCHHHoooRPPerrSSSOON's
iiinnnCCCHHHooRPooRRSennss
AAAnncchhhorrS
EnCCCHHHIIRRwwwoommmann
AnccchhuuurrrwUUmaann'ss
AAANNNcHHHAArWoommIIIN
iNCChhhOOvvEEtttaa
aNNChhhaVUUEES
ONcchhovvvY
aaNNcHHOvYYY's
aaNNChhiiissIInnn
EncccHyyyluuSe
eeNceEEnT
AnCiiiaaaNNTTT'S
aaanCCEEEUnnttteeerrr
IIINNNcccUuNNteeeSSSttt
UNNCCIeeeNNNTLYYY
UUNNNccIIIUUUNtNNessSS
AAnnnCiiNtnesS's
oonncIIeNTTsss
oooNNCCCuuLlllOOO
aNNccciiillllAAArrrIIeeSS
OOnnCCCILLLllAAryyy
AANNNCIILLARy'S
UUNNCIIIpiiitiill
OnnccoNN
aaNNNCCCOnnnaaa
annnCCCYllloSTAAAmmmiAsIIISSS
Andd
AAnndAAALLLUSiiiTTTi
aaNDDaaannntttE
AAANNdaaNNNTTTO'S
AANNDDaannnTeeess
annnduunntIINoo
EndddEsIIInnee
AAnnDDDEEEsIItttE
annDISIIteeeSSS
aaNNdddUUrruNN
aaanDDuuRRRoNN'SS
AAAnnndoRRRuuNNSSS
uNNNddRRReeedddITEEE
aaannnddrrrEEddotuuS
OONNDDRooccllAniooMMM
aNdrrraaeeeCIIIaam
oNNNdRROOgggEEENN
aaannndddrregeN'sss
EEEnnDrraaaGGeeennIC
AANNDDRRRoggyyNNee
oonnddrEgggYYNiS
aaaNNddREEEggYNOuuus
aaNNddRRROOGyyyNNooOOSllYY
AAnnndddRRRooGyNNYY
aandddRogYYYnnnyyy'SS
aNNDDDRROAddd
aaannnDDDrrUUUudd'S
AAANNNDDraaadddSS
iiindrroooSSSppHHHiinXX
OnnDrrriSStteeeRRReeene
onnndddRRREEEstttErrOOOnneees
Uno
iiiNNNeeaaaRR
aaneecDDOTuuu
anecccDaaattiGGO
aaneecccdddOOOTAAAl
UUNNEEECCDDDUUUTTUlliiiSSttt
oNNNeeCCddduutAlllllyyy
AAnnneeecccddoote
EEneeeCDDDootteee's
AAAnnnEEcccDDottEEs
AAnnOcccddoTTIIICC
aanoooCDDDITTIISTT
AAANNNEECCCDDOOTToSTTTSSS
AnnEcccHHHOOIIICC
annneeelaacccee
aaNNNUUlle
eeNNNAAALLLOOd
aanuliiS
aaaNuullloonnnGG
uuuNNNaameeUUU
EENeeeMMEEEE's
AAANNeemmmAC
ooonnnEEEmmIIIccAALLLllyyy
AAnnnAMMiiiCCHUraaa
aannEMaGGGRaaaPPPHH
ANEEMMegggRRREEEPPPhiiiEEEss
aaannIMIIIgrrAAApphhYYY
AAANNooMMMooolaagYY
UUUnnnoooMMMOMMMOOOTTTeRR
AAANNAAAmmiMuTIIRRR'S
aNNNemmeeemmmEEETUUURRSSS
ennooMOMEEttRRRIIIeS
ANNEEMomiittRRY
innneeeMMONNNUU
EnneeemEEEnneee'ss
annnIIImmOOnneeeSSS
uunnnaaaMMeppHilllOOas
ANNNEEEmooossscOOOpEEE
AANNNAnnnTTT
unnnEERgggIIIaaasss
aaannOOOrrGGGyyy
AnnnUrrrObbbOc
aanneeRooODDD
uuNurooUdddoooggRRREEppHH
iiiNERRRuuuIIIddSSS
aaannneeSTHeeeSSIIIA
EnnnEEstthEEsssIIIiii'ss
AAANeeessstHHHeeSaiiiLogISSStt
IINNeeSSSttthhhEESSIoLLLOOOGGASSST'S
EEEnnUUUssTTHiiisIIooolllOOOgisTTTSSS
IINeSTTTHHiiiSSSIIOLLooogYY
AAANNNESSTTTHuusiiiOOOloooggyyy'S
iiNNeSSTTThhhIITTiC
aNeeSSStthhOOTTICC'S
IInnniiissThhEEEtiCCCAAAlllLLYY
aaannEESSttHEEtiiCCCs
eennESSThhEETiiiSSTT
OnnAAsttHeetttiist's
AAANNNOOSttthhhEEETToSSTss
AAANNNOOOSSStthhhEEttiiZZZaaattIIuNNN
iiNNNeeeSSTHHetttUUUzeeTTiioonnn'SS
uNeeessTTHeeeTezaaa
ANNAAsttthEETTTiiizziiiDDD
iNeSSTThhaattiiZZZeeess
eenESTTHHHittUZZZaaannnggg
annnEEtthhaLLEEE
AAAnnneeUUUrIIINNN
INNuuuOrrAAns
aNNuuuuuurraaassm
AAANNoouuRRRUUUsssMM's
AAnnneeeuuRRiSmSS
aaanneIIIrrYYsssmm
aneeeuRYssm'ss
OOnnnUooRyyySSSmOLL
aaaNaaaurrrYYSSmss
aaNNewww
aannnFrrAAACCTUUoossiTTyyy
eNfffrAcccTUUUoUUS
AnggiRRYYY
EnnnGGGelll
AngEEEll'SS
aaanGGalffAASSSH
AAAnngggEELfEESHH'sss
aaNgUUlllfIssHHesss
uunngggULIIc
OnngEEELIIIcca
aaNgggelllIIccAA'SSS
OOnGGEEELLIIIccAAL
AAAngalaaacaallllyy
InnnGGGOLLOOOlllOGGYYY
aaaNNgeeelllS
annGGEERR
ANggooor'SS
aaanngggEErOOOddd
IInnnGGGEEERRRAnnGG
AAAnnngggerrrss
AAnnGaNNNI
AnnGGinna'ss
EnnnGGinUUUll
aaaNNNggoEgiinesaaass
AngIIooGENNiiiC
aaNggiiiiigRRRammm
eeNNNggIeggRuuuMMMS
aNNNgggOOOEEGGrAAAPPhieSS
ANNGeeogggREPPHHHYY
annngggIIIoollogIIes
aanGEEEEELOGy
AANNNggiiioooMAA
aanngggeeeooommUUUSS
aaanngggioopLAAsstIOOSSS
aaannGiiiOOppLAsssTTYYY
anngggiiooopllAAssttY'SSS
EnnnGGiOOSSPPErmmm
aaannnGGGiiioooSSSppeRMM'ss
AAAnGGIIIoooSSSpppOOORRMSSS
eNgggLLLi
AnnnGGGlE's
annnGGGllloddd
AnnngLEppOOOAsEEE
OOnnnggLLLOOrrr
EEEnnngglEEEr'S
AAAnnngggLLEEErrss
AANNNgggLLESS
INNNGlleeSITTTEEE
aangggLeeewwooormmm
aaaNNNGGleeeWWooRRMM'S
IInnnGGllloowwwOORMMMSS
uunnngggllloooccIISSM
AnnGGGllIIIccISmmms
AnGGlllIIIcciiizzAAttiiiinnn
aannggliceZZII
enngggLLLiiCoZeed
aaNNgggLicccIIIZeeeS
ANNGLICCCeeZZZAAANNNGG
aanGGleNgg
ooNNNgLLOOOnggg'SSS
IIINNGGGLLOOphhholllII
UnnnGlIpppHHIIILES
aaaNNGGLLuuPHHoNNe
uunnnGGlllooPPhhhinnneSSS
aaNGGURRaa
aaNNggooorAAA's
aaNNgeeeRRasss
aaanGGGISSSTTTuuRii
OONNNGRRRiiaR
OnnngRROOAASttt
aaNgggRALLy
AAANGGrrreeeNOOsssSS
ENNGGrrIInnneeessSSeeess
aaannnggRYYY
oNGGSSSTT
AAAnnnggsTT'sss
AnnnGGGsstrrriiM
InnggSSTRRRooM's
ANNNGSStROOmmSSS
AngguuIlllllleFFooorrrmmm
aaaNNNgUUAAANNoo
aaaNNgggoaaashh
ANNGGiiussHHH'SS
AnnngggUUiiiSSSHHED
aannGGGuuuuSSShhOOss
UnnggguuuoooSHHHOOOnnG
EEENNggooloooR
aNNggEElUUUrEEttiiiESS
AnnnggolluuurrrEEEtYYY
aaannngguLLLaaaRRRattyy'S
AnnggEEElllaaarllyy
aaannGUUULIttUU
OnnGGaaLLLOOOTTIIIiiiN
angUUllaaaTuunS
UnnGGwwwaaannnTooBBeee
aNNGGGWWAAAnnnTTTibOSS
aanhheeedRRRiilll
ANNhiiNggAA
IInnnHuunnnGGGaSS
ooNNhYYDDrIddUU
EENNNhhhYYDDDRRRIIIddes
ENhhydddrEETTTOOO
aaannnHHYYYddrais
EENNNii
aNNooCCOOnuCCC
AnAAlll
aaaNeelllee
AANiiLLeeeRR
annnaaaLEEEst
aNILLannn
iiNNOOOLLLIIInnneee
uNuuuLLOnniii'SS
AAANNIILLiiityy
EEENNNIIILLLSSS
aaannnAAMMOOO
AAAnnnuummmaadddVVeeeRRRsssAAOONNN
aanUUUmmiiDDvvvooorssoooooonn'S
innniiiMMaaaDVVVEEErSSOooNNSS
AAnEEmmudvurttt
INNiimmiiiDDDVVViiirttteeedd
EEnimmmAADDvvvERtttinggg
IInnnIMaaaDDVUUURRRTSS
aaaNNNIMMalll
AAnooommolll'ss
AAAnniiiMELLcuLLLeee
AAANNiiimaaLLLCCCuuulEEE'ss
UUNNNIIMMilllCCeelliiisss
AAAnniiMMMOOllliiSSmmm
aaaNImmAAAlllIIIssMMMS
AnnIIIMiiillIsttt
AAANNNiiimaaLLLITTTieeeSSS
AAnnniiMMAAALLLIty
AAAnniiimAAALLIzE
UUNemmIILIZEEdd
aaannniiMAlleeZesss
AAANIIMalliiZeeeNg
aaaNiiMMUUllls
annniMOSSS
ANiiiMMMAAAttI
aaNNNuummAAAtEEEddd
AnnnOMaattEEEDDLyyy
aniMoooTEEss
AANUUUMOTTINNNGG
UUUniMMEEttIonnn
AniiMMMIttiiioNN'S
AAANNNUUUMMMaTTTaaoNNNSS
iiNNiiimmmOttIssmmm
AANNimiiitttAA
OONiMMMAtttIIIRR
UUNNNEEEMMMAAtooR's
aaNNNooMaTTTOOrrs
OONOOMME
aaaNNNeeMMMeesss
aaaNNiMiSSMMM
ANNIIImmmIsm'SS
AAAnIImiisssTT
eNNoomiiiSSTTT'ss
UNNNOOMiiSTTTIIc
oonIImmoSSStss
aaNuumOSiiitttIIesss
iinnniiMMOOOssseeeTTyyy
annniiMMMOOOSiTTyy's
EEnnimmosss
AnniMMMooSSS'SSS
ooNNNiiiUUUnnn
uNIonn's
unnnIIoneecc
unIIooonIIIcccAlllLYYY
AAnnIIIoNNNSS
IINIS
AANIIsssEEE
aaNNNiiSSSeee'S
aaniiiSSEEEED
AANNIIISSeeeaad's
AnnIIssIIiKooNNUUuuu
aNNiiisiiiiiKKKONNiAAS
EEENiSSSITttOO
ANiiSSaattTTEEE's
AAnnissOOOllla
AAAniisssEMMOOOREEEuuus
iNeeSSSEEEMUUTTRRoooccc
AAnnnIISSSIIMEEEttrrraaPPEO
iiinnnISSemaaatttRRReepppOOuuss
ennnEEsssuuTTrOOpiiiC
UUUNNISSSooTTRRaapppeeUsss
annISiiitrrrOOpyy
onKKKeriiTTTee
UUUNNKKKhhh
AAAnnkkkH'SS
AAAnnnkkkhhhsss
iNNNkkkle
aaNNNkkLLiii'ss
aaNkklllEEBBooNNE
AnnkkkLLEEbbAne'ss
uunkkLeeBBBAAnness
UnnnKLLLEEESS
aaNkkLLUUUt
AAANNkkLLLEtt'SSS
aaannkkkLLetSS
AAnkkISSS
aaanKylooSSSaaIIIrrr
annKKyyyLLLIsAAAaaaRsss
ANNNkkyyylIssee
AAANKyyllooSSOODD
UUnnnkkkyLLooSesss
IINKKyLLLosssAnnng
AANNkkyyLeeeSSIIS
AAAnnnKKyyyllostttoooMiiiAAASSSIIs
AAAnnkkkYliitttiiic
uunnnloooCEEE
iinnLLaaagggUU
AnnlllAGOOOSS
OOONNNNa
aNNnnnAbErrGUTTaa
aaannnNNNAll
iiiNNNNNOOOliSSSTT
ANNNNNNuuulllaSSSttt'sss
AAnnnnULLiiiSSTTuC
UNNnnnOlllIIssTTTs
AAnnnnnalss
EEEnnnnAAllsss'S
oonnnNNUS
AAANNNnnnaattESS
eennnnaTttI
AAAnnnneeeAAlll
INNNneeeAAloood
INNNNeeaalllEErr
UUUNNAaaLEEEnGGG
aaaNNNNeellSS
AAnnNNuuliiDD
aannnNNNOLLIddd'sss
AAANNNnnnEEELLLIdsss
IINNNNEEEX
AAAnnNEXX's
uuuNNNNEEXXXATTTIIIENNN
OOnnnnnneexxxOOOtIIIooonn'SSS
UnNEXXXatttiiiooNNNIIISMM
enNNNeeexxxeeeTTTeeeuuuNNIIssTT
AAnnnneXXuuutIiiiNNss
ANNNNEEExxxEDDD
aaaNNNnnneeeXXeees
uuNNNNNNeexxxEENGGG
AANNNNNIIhIIlUUTTe
IInnnnihhhooLLLattOOODDD
UNnnIIhhhIllAAttis
AnnahIlllAATTTiinnG
AAnnNiHHHUUlllaatiieeN
AAnnNNiiihhhAAALAAATiieenn'ss
aaNNnnnIIIhIlOOOTTTaaaRR
aNNniHHHeellatttORR'ss
AAnnnIIhhiLAtooorrrs
uuNNNNiiVVVOORSeeeRRuuueeSSS
eenNNiiVorSSSArYY
AANNnnnIIIVVErSSaaaRRRyyy'ss
aanNNooTAAAtte
aaNNNOOtttOOOtedd
EEnnnnOTTTAAAttteeesss
AAAnnnOOtttaatttiNNG
aaaNNNnnnOOtttaatIOONNN
UnnnnnOOOttAAATioonnn's
uuuNNNNiittaaaTTiiioNss
uunnnNooTEEttiiivEEE
AnnnNNNoTTAATTIIRRR
INNNNotuuuTerrr'SS
iinNNNOOTTUUUtttoRs
OOONNnnnAUnnnCaa
aNNNnAAOnnncEED
uuunnNNNOOoncccEMennnTT
AAANNNNNNUUUUNccimennnt's
eeenNNNoooiiNNNCCEMMMeeNtttS
AAnnnnnuaaNNCUR
AnniuNNNcccER'ss
aaaNNNnnUUUOOOnCUUURSSS
iinnOOOOnCess
AANNnnnoAAnnnCCuNNNg
aannnNNNAyy
aNNNnUUyyyaaaNNccAA
innNOOOYaannnCEE'ss
eeeNnnnEEYYYIIINcccOOOSSS
OONnnOOyyyED
EnNNOOYYaaaNNNG
AAnnnNAAAyaangggLYY
AANNNNaaYYs
eeeNNnUUUAAALLL
aNNNNNUUUaaall'ss
annnNNNIIaaaLAAZeDDD
AAnnnNNuIIlllllyyy
aannnNUUUlllsss
UnNNNuuueeeTTTaaNt
aannnnUAAAtAAnnTT'SS
uuNnAITTTanTTTSSS
AnnnnnUUUOOOtttIIIeeeSS
EEnnnNNuuueTy
aaannnnuuutY'S
AAAnnNUlll
iiiNNEEElarr
aaNNNNNuuulEERRRoooTYY
aanNAAALURllly
aaannnulloootttAAA
ooonnNuulllEttiiiANN
ooNNNNNNiLLLEEtt
iiNnUlleTTSS
AANNnnnULII
oooNNnnnUUULLLLLEED
aaannnnnUUUllliNg
AnnnnuuuLLmmmAAnTT
eeenNNolMMeeNT'S
oNNNNAALmmEEEnttS
annnooLLLOOOSee
AANNNNNUUULsss
AANNNNIIlUSS
AAANNNnAAALLuuSSusss
annNNuNcccOOaaaTTTEEE
AnnnnuNNNCCCUUUIITeDDD
AnNNUUnnCCIIIAATTTuuS
uNnnuNCCCIiiTTiNNNGGG
aNNnUUNNNcooaaatuuOOOnn
iiNNNNuunnnCIIeeetttUUOOOnn'ss
eeenNONCCCAAAeeTTAiins
aannnnunnCCoooEEtttoor
EEENnuuunCCCIIIatEEErS
oooNNoII
UNNNOOaaaS
AAANNaadddull
unnnaDEEE
iinnnaaDDDUU'sss
oonnAADDOSSS
INNeeDUccc
AANeDDuzzE
iNooddIzEEEDD
aaNNNeDDaaZuSS
ANNNEddiiiZiinnGG
aaaNNNIIIdddYYYnnnOOO
ANuDDyyynne'S
aannnoooDDDyyNNEEEs
aanooiiiNNNttt
EEEnOOuuuNNNttEEdd
eenooUNNteeerrr
EnnaaaIIInTEENNGG
AAnOOInnnttMMMOOOnnnttt
AAAnnOiiinTTTMMMENNNT'S
aaaNNoiiiNNTTsss
aaNolllEE
aannnIlES
aaNaaammoliEsss
ANNommellluusMMM
ANuummAALiiiSttEC
unnommaaallOoooS
iiNOMMMaLLaaIIssllyyy
eenammmOOOlllOOUUsnnnEEESSSSS
aNeeemmoooLLLOOuuSSNNuusssSSSeeeSSS
aaaNNooomOOlllYYY
IInnoomaaalYYY'ss
aaannOOOMEEEEE
UUnAmmiiiEESSS
annnoomYYY
AAAnaaaNNN
ANNNoNSS
AnnnoooNymm
aaNNennnyymmiiiTTYY
AAANNNOnyyyMMuuttyyy'ss
aNNNOnYMaauuS
AANeenyyymmOOISLyyy
ooonnninnyyyMMMs
annaaaPPhOlAAAs
UNNApppHiLesss'sss
oonnnooRROOOkkk
UUUNNaaRaaaKK'SSS
annoorrrAAAKKSSS
ONoRRROCTTTOccc
AnnnOrrreeCCCtttaaccc'S
UnOOOreeeCTIICCS
uuunnnooorrExiiUUU
AnOOOREXXXIuu'sss
UNNoooRREExxxiicc
aaannirrriixxiiiC'SSS
IIInoooRReeXXiiiCCCs
aaNNOOORRRtttHHHUUUC
AANNNoRRRTTTHHItttoo
AnurrrTTTheTTTAAAs
iNNNOORRRtthhuuSiiitttee
AnnnOOSSMMaaaA
AAAnnOOSmmOOaS
uunOOOTHHaRR
IIINaaXXomIIIu
eeNOOOxxeeeMMooUSS
AAANNNaaXXoii
AAnnnooxxxooAAAS
uuuNsss
AAnnnssAtE
aaNNSSSOOORRAANNNee
INNNssswaaar
IINNNswwwEEErrr'sss
IIINNsswwaaareBBBlEEE
anssWWaaaRRRuuubbbllYYY
EEnnsWWarEEDD
UUUnnnSwiiRRaRR
eeeNNsswwwERRRIIRRS
iiinSSSwwwOOrrroNNNggg
unnnssWEEERpppHHoonnnIII
IIInnnsssWWWErPPPhannooSSS
AANNswwoRRRsss
oonnnTTT
AAAnnnt'S
ennTa
aaaNNtttaaCCeeeD
uuuNNTTACCIIId'SS
uuNNNTTTiiCaaaDDDsss
oNNNTIIggAAAnnnIsM
iinntttUUUGGoooNNNISM'SSS
iinnttAGGuuuNNNiiSSSMss
AAANtttiiiGGGONNNOSt
AAnttooGGiiiNNaaSSSt'SS
AAANNttaaggIIInuuuSSSTTTooCCC
eeNttEEgooonniSStticccAllllY
iiiNNNTTaagggAAAnniiiSTTsss
annnttaagONNIIZEE
AAANNNtuGGONiizzEEdd
uuunnnTagInnnOOOZZZAAAS
aaannTaggONNNOZZINNGGG
annttooolKIIlUU
aaaNNNTTTARccTIC
oonnnTTTEEE
AAnnntttii'sss
eeNNtEOOOTuuurrr
AANTTeottERR'ss
UUUnttEEeeettteeerS
uunnnTTIIIBBBeLllUUUMM
aaannnTEEECoooDDDEE
EEEnTTECeeddiiddd
AAnnttteeccceeedddIInnnCCe
annTTTEEceedeNNNcciii'SSS
aaNNNteeeceeedaaaNCCCiiiuuS
eennTTTaaCCCEDDDeenCCyyy
AAntttUUUcciidANt
oNttEEEccceeDeNNt'SS
aannTucccIdddEEENNTTTS
annTTAccAADDDeesss
UUNTiiCediiingg
iinntttOOOCCHaammbbEEEr
uuNNTUUUccchAAAmmmboooRRR'sss
aanttICCCHUUmmmbeeerrrsss
ANNTeeCCChhOOOirr
AnnnTeeeD
AAntIIIdUUTeee
aaaNNTTTeedatttaaaD
aNNtttODDDuuTasss
aaaNTTeeDDDEEttiNNg
AANNNttteeddduuLLUvIaaaNN
aaaNNNttEUUDD
OOONNNTTeeffIIXX
AAnnnTTTaaaFFOXXXuS
uuunTeeIIINNgg
aaNNtEEElOPPPuu
AAANNTTELOOOPPPEE'ss
eNNNTTTEELiiippeeeSSS
AnnnTTTOOOmmEErriddooooN
ANNtttiiimmENNDiiNNo
annnTeennnAAAtttAlll
aaaNNteeNnnnA
OONNTTTUUUNNNOOO'sss
oontteeennAAAeee
AAANNNtuunnnnas
aNtIIINNNOOOllII
ONNttteeepppaasssTT
aaNNTTaaapOONDDDIIIuM
aaaNtttEEPPPEEnIIILttt
eeeNTTePEEnnuuuLTaMMi
AAANNNTEPPPEnuulllTTIIMEETe
uuunnnTEEEpppuNNNoooLLTTummAAtteSS
OnnnttePANEELLLTTSS
aaNttteerIOOr
AnnntAAArriiaaarrrITaaUsss
AANNtttERIeeriiity
AANNTTErruuOORRlllyy
aaaNttAAArrrOOaaMM
annntttOORRiiiOOOMM'S
aaannnttteeeROOOuumsss
IInnttesss
aaNNNTTAAtYYPaaa
antEVVUrrrsssIIoNN
uuNNtttEVVeerrrtt
UUUNNNThhhOOOllOooonnn
anntttHElMMeNNNtttiiiC
ANTheeellMiiNNttucss
aaaNNtHEEm
aanThaaMMM'sss
AAANNTHHHEMMiiiINNN
uuuNNttthheemmS
OOnnTTTHAAArr
ANNNTThhEEErr'ss
ENTTHeruuDDIuumm
OOnnnTTThhEEERIDDiiuuMMMSSS
aaannntthERRRIIIZaiiid
aNNttHHHiirrriiizzzoaaadddSSS
OOOnnntttHHHEEErSSS
aaannnTHHuSeess
IIInnnthhhEEESSiSSS
AAAntttHiLLLLL
UUUNNNTHHHiiiLll'sss
entttHHiilllllS
aNNNtHHOcccyyyeennnIIInnn
EENNNTTTHHHAAADiiUM
ANNtHHOlUGGGIIIeeS
aaNTHHOOOlllIIGGiSSSt
annnthhOLooGGUUsst'S
INNNttthooLLLOGGGeeSSTsss
AAnnttHAAALLaaagiZZZEE
aaNNttthoLLLUUUgggIzzUUdd
UUNTTTHHHUUULoGAAzzzoS
aaNNthhholaaaGGiiizzEEEnnnGG
ooonTThhooolllUUgggYYY
aNNNTTThhhooLLLooogggy's
AANNTThhhOOOPHURa
aaaNNNTTHHEEETTAAXXXyy
AANtttHHHaaazzIAAAnn
AnnTThOOZooIns
IInnnTTHHHRRRAAcceeennnUUU
AAnnTTThhroccceeetttii
aaNNtHHReccciiittEEE'ss
UUnntHHRRRoooCitiiC
annnttHHrAAcnnOOSSAA
aantHHHRRAACCCOOOiiid
AAnnThrrECCCAssuuS
aaaNtthruuuCCIIssiiiLLiiiCCosssIIss
AnntttHrrrUUCCooSSSosss
EEENNtthhhreeeQQeeIIINNNuunnne
unthhrriXX
aaanntthhrrrAAAX'ss
ONNNtttHHrrroPPPooocc
ANThrooPOOCCeNNNTTTRRiCCC
aNNTTHHHRaaPooCCCEEEnnntttrIIsssmmm
InnnTTTHHHRePPiiicOONNtttRRISSSMMMSSS
annnTThhhRRopooogunnnooosESS
aNNttHHHrrAPoooGGGeenESSIIss
aaanTThhRRRaappooggeennIIICCC
ANNNttHHrrrOOpIgggeeeNiiccAAlllyy
UUUnnttHHHrrrUUUpoooggEEaagrrrAppHY
ANNttHHHrooppoooGGrrapphyy
ooNtttHHHRRROPPPooeeeDDD
iiinthhhrOPPUiiiDDD'ss
aaNTTHHRROOOppeuuuDDs
aaaNThhROPPPOOOlAAATTRRRYY
eeenntHHHRRRIIPPOLLUUUgggICCC
aaantHHRooopoolllUUUggoooCaL
AAAnThrrOPPPOOlllOOOGiiicAAllyyy
ENNNtthhRooPPPOlllEgIIIssst
AAnnnTThhhRRRIIpppOOlloggUSStt'ss
AAnnnttthhhrrrooPPOLLLooGAAStttss
uuNNNThriiiPPoLLAAggYY
EENTHrruuPPOOOlllUgYY's
OOONNTTHRRROOOppOOMMEtttrruuuCCC
UUntthRRROOPPeeemmEEETTRRRIIEEsss
ANthhrroooPPuumiiiTTTRRRYY
OOOnnnThhRRuuupppoooMooRRRPHHHiiCC
AAAnThhhRRROPiiMMOOORRRPPhhhIccciLllyyy
UnnnTThRooPPPoMMMeeerrppHHiisMM
iiNNNTTHHHrrrooPooommuuurrrPPhhIISMMM'sss
AAnnTTThRUPPooMMMERPPPHiZeee
onnnThhRopoommmIIrrrpppHHHIIIZeeD
AAntttHroooppOMMMirrPPhhheeezIIISS
EENNthRRROOppAMMMooRPhhheZZZOOnG
ANTTThhhROOOpooomeRRRphhIIISSEEEs
innnTHHRoppoommmoRpHHAAOs
AAnTTHRRROppaaPAAttthhhyyy
AAANTTHRReeePOppphhhoooGI
ANNNthrOPiiipHHaaagggiitttEEE
EnnttHHRRRooPOPhhAAgAAATTeSS
iiNNNTHHRooppoooPHaaGOOOeeeS
aaaNttthhhrOpppoopHHEEEgYY
aNNTThhhroPoSSSoooPPPhhY
AnnnThhheeerAUmmm
anntHiiiRREuuummmSSS
aannntEE
AAANNNTTTii'SS
aaantiiiuuuBBorrrtttiiiOONN
aaannTTooAABortiiieeeNNIISSSt
ooonnnTTTIIOOOBaaRRTOooNNisT'sss
AAnnnttAEEbbbarrTTTIIIOnnIsssTTTsss
AAANttIagggOOOnGGG
aaannnTTTiiAAUURRCCCRRAAfftt
aNNNttiialCCCUHHHuulll
aaannttOOUUULLLleeerggIIcc
AnnTooiinnxxxIEttty
AANNttiiaPArrTHIIeeed
eNtttUAArrr
ENNttabbbIICTuurIUUll
aaannnTUUBBBAccTEErial'S
aannTTTEEEBacccTEERRRiiiAALLLSSS
iinnttUUUBBBAArrryonnn
aaNNtOBBAARRRyOONs
aannTTibbbIIIoSSiSS
aaNNttiibbEoottiiiCC
IIInnTaaaBBiiiOTTIIICC'ss
OONNNttIIBEOttEcccSS
antttObbOOODiiieSS
EEnTibedddyyy
ANNtttIIBuuDDyy'S
AAAnntttaaCCC
aaNNtttOC'S
AAANTIIICANceRRR
AAANNttOcaaaPPPiiitAlliisssTTT
OOnTTIIIccaTTTaaalyyystt
uuNNNTEEccAAAttalllYYSSSttss
anTTIIICoothheXXXIS
AAANTTIIciiiThhhaaddAA
AntiiCCHHHlooRRR
aNNTTTocccHaaLuSSttoooRRROOOl
aaNttiiiCHHHOOOLLLInniirrggoooCCC
INNtticHrIIssTT
AAANNTTTOOccchhrrESSt'SS
aaaNtttiiicchrrrIISSTToooAAANN
AAANTTAccHRRiiiSTTTsss
InnnTTEEECCCiiPPPinnntt
ANNNttoooccOOOpaaaTTTE
ONNTTTiCCOPPAAttEEd
AntIICiPPaaaTeeS
aanttAACCiiPaaTTINNNGGG
anTOOOCCCOOpppUUttiiiIInn
aNNTTIIccuuupaaatttIIIooon'S
aanntttIccceeePPIITTOoonss
AANttiiicccEppAAttIIIvEE
oooNNttOOOCoPPEEEtteeeRRR
anTTTIccOOPPPuuTToRyyy
ANNNTTTaaCCKKKuuddd
uuunnntooccKKKUUNGG
AAnnnTAAAccclAAssttoocc
iiiNtttIIcclllEErIICCCAAl
OnTICClleeraaacAALLuuuSSSmmm
aNNttIIccLLIIMaaaCCCtttooCCC
aNtttICCClOOmACTiiiCallllY
EEEnnttIccLiiMMAxx
aNNTEEEccLLLAAMMMaxxx'sss
oooNNNTTiiiccLAAmmmAAxxIIIss
unTTTAAcclliiNNiiill
ANNTTiiiCClliiinnnIII
aannnTTooCllIIINNNee'sss
EEEnnTTTiCClinnnooSSS
UnnTIICCClONerriEEmmm
ooNNNTTTaaClllOOOckkWWuusssee
anntttiiicccoaagUUULannTT
aNtttiiiCUAAGooLaannTTT's
AAANNNttecOOOoogguLLLEEnnnttS
aaannTTaCCuiiiGGGuuuLLLaaaTuNggg
annttaaaCIIILLaannAAeeL
ANNNtttiiiCCCAlOONNIIEELESSSmm
aanntttIIICOOMMMOOONiisMM
AAANNttiiCCooMMMUnOOssMMM's
AAAnTTTiiiCCoMmmmuNISSttt
AAnntttecccommmMMMUUUNiiisssttt's
aaanTTiiCCaMMMMaaNNNaSStttsss
eeentttAAACCCoRRRossiiiVVE
AANttticcrriiimmoo
anteeecccsss
aNNTTiiCYCCLLLOOONNe
AnnnttiiiCCYcLLUUUnnA'ss
eeeNNtttiiiCCYYYCCCLLuuNes
EnnnTTiiCCCYYCCCLAAANNNiCC
anttiiiDDeemmoCrrrOOtuuuC
AAnntIIdddOOOprreeSsssAANNNTTT
AAnnTTTIIIDDDOPPRIIIsssssaaNNttt'ss
EnttiiiddeeprEESSSSSAAANNNts
ANNNTooDDEEEPPrrreeeSSSsssEEEvvvEEE
uuNTTIIIddiIIRRrrhhheeeAALL
INNttIIIdIIIAAArRRHHHEaaLS
aaaNNNtttiiiDaaaSSSUUUssttubbLLaaassHHHMannnttAARuuAAnn
aanntttiiddiiissESSTTuuubbbLLIIISHHmoooNNTeeRRAaaaNNiiissM
AAAnnnTTaaaduSSIstttaaBBBLIIIssHHHmEEntttAAARIiNNiiismmmss
OnntttiddAAATeeLLL
AAnnntttaDDOttUU
EnnnTTTIDuuutEEE'sss
OOnnntAdotttaaS
ooNNTTOODDDRRAAAmoooccc
AANTUddrrrOOggg
OOntttOOOuuSSttAAAbllIISSHHHMMMEEnnTTT
UUUnntttOFFAssCCOSm
aaNTuFeeeSSCCooSStt
ANNTTTeFUscccIISSST'sss
iinTTTIIIffaasssccuSSSTS
uuunnnTiFFeBrAALee
EnntttofffeMMIInnnASSSm
innntUUUFFaaaMMMannnUUSSMMsss
UUntttIIIffOMMINNIIISTTT
AnnTEEffEEMIInAsstsss
aanntIIIFFERRtttiiilitttYY
AnntttIIFeuuLiiinnnG
eentttuuufrrriiiEEZZZOO
aaaNtttiiFFFrraaEzzeee'SSS
anTTAAFFRRIIIctttEoooNNN
ooNNNttIIfffUUnngAl
AAANNTTTiiiFUUUNNGAAAllSSS
EnnnTOOOGONN
EnntiiGGeenn's
AnnttUUUgguuNNIIIccc
AANNNTTEEEGGGENNNiicOOOTTY
iiNTiggginneCIITTy'SS
aaaNNNtttaaGGGaaaNNS
aaNNNTTTiiiGoooRRRiTTaaa
ENtttiiiGGGOVVVeeRRNmmmOOONNt
ENNNTTUGrrrAAAvvIttty
anttteeeHulOTTiiONNN
aaaNNTAheeLLLEEEXX
eNttteHHHUUURRRo
UnnnTTTEEHHHeeRRRiii's
aaannnTTTEHHEEriiUS
annnTAAAHHHEEERRRooiiiC
iinnttAheeRROOOnnnIII
IIntttiiiHHHaaaSSTAAAmmmiNEEE
ANNTTTehhissTTTIIMMMInnneee'sss
innTTTOHIIIssstttIIImmIINess
eennTTaaahIIsstIMinnEEcc
UUnnnTTTAhhhaaMMMOOnnnIssMM
aaaNNNTTIIhhhyyyPPPuurrrtttEEEnnssIIvvvE
aaNNtIIhhhYYYPPoooRttteennSSivEEES
uNNTTeKKKnooccckk
OnnntttIIIKKKnooccck'S
AAANNTuLABBoR
aaannnTTUUlEPPToooNNN
aNNNTTTellaaaptttoonSSS
innTAALLLIIbbbeeerrrAAl
IIntttIIllOOccKKK
onnnToooLIIIggg
antooolllOGGGaaRITTHMM
UUUntElllaagggOOOrrroootHM'SSS
uuunnnttiloooGAARRuTTHmmms
uNNttOOleGGIIISSSmmm
annntIIILLLiiggS
oonnntttiillloGyyy
AANNNTTTiiMaaCAASSSSor
INNNTTTIIIMMooccaaasSSaarrr'SS
AANttteemIIccAAssSSSooRss
uuNNNtttoomAAGGGNNNaaaTTeCCC
eNNtuMMMELAArIaall
iiinTTIImmasQQEO
uuunnnTImittTiirrr
eeNTTTImmmaTTTTTTAArrr'SS
aaannTTIIIMMMaaaReee
ANtttEEEMMIIcccrOBBiUUULLL
ennnTTIImmiilUTaarrraassMM
aaNNttAAMMMooLLitooorrIstiiiC
uuuNtaaaMUUssssiiiLLLaaa
eeeNTTaMAAATTooottIICCC
aaaNTTIMuunnnaarrccchhhOOOsttt
AnnnttOOmmoNNiiAll
aaNNtEEMMoooNNIIIc
AAnnnTIIIMMMONNOPPPOluSTaaacc
eeennTTIMMMeNNoUs
AAnntttimoooNNyy
ANtttAAMMMIInnY'SSS
AANTTTooommaaNNyyyll
aaannToonnaaarrrCAATTiiC
aNttunnaTTaiiNALiiiSSST
aannnTEEnoIsssEEEAA
AAAnnnttIIInnnIIIIITTrrINNNe
OOnTIInnneeeIttrrENNNoS
AAAnnnttteeennuuUUUttRRoooNN
eNTTTINNeeItttRRRAANNSSS
AnTTTooongg
annttiiNOOdddEE
aaantttiinnnOOiiSaa
aNNNTTIIInnnaaMeaaaNN
aannTTTIIINNAAmmiAAAnsss
aaNTTiiinniiiMMMYY
IntIINNNooVVVeeeLLL
aaaNNNTiNNNuucLLLEEArrr
eeentttENECCLEEonn
aaNNNttiioXXUUDDaaNNtt
ANttiiOXXiiiddEEENtt'S
UUUnnnTeeeoXXUUdddaanttts
EENNtApEEEcccIIIfOSST
aNtupppoRuulllleeLLL
innTTiiPParrrASSUUUtiC
EnTTTIIIpiiRRRTTIIcllii
oNNNTTTeeeparrtttiiicccLEEE'S
ANTOOOPAAArrttiicLLLeeeS
AAAnnnTTAAAPPAsTTTII
uuunnnttIIIpIISTiii
unnnToopppiiSTTuu's
annnTTTIPPaasssTOOOS
aaaNTTTupattHEETTICCC
aaannntteeppathhhoooTTiiCaaal
EEnTTIIPPPOOTTHHHiiiaasss
aaaNNNTTTiiiPPaaTThhyyy
iiNtiPPPooTTTHyyy'SSS
eeennTTaaaPEEErIIIOdUc
eeenTTTIPPPEErrIIIsstttelsOOSSS
aaNttIPPAAARRssoNNnnnUUll
AANNtttaaapEEErrSppIIrrrANNt
aaNNTUUPPEErrSPPPaaaRRRANT'S
annnTTIIpppUUUrrSSpppIRRRaaanntS
annnTIIIphhhLLLOOOgggiiSSStttiiccc
aaanntttiippHAnnn
oooNNtttIPPPHHiiNN'ss
AAnnnTTTIIIPPPHHoonooLL
ANTTipHHAAANAAAl'sss
ANNNTTuupHHHooNNollllY
EEENNtIIIpHONNNOOOlls
aNNtttuppphhAAnAARRRUUUeess
oooNNTToooPPhhOOONNNOOrrryyy
aannnTTTipphOOnnnIeees
antiPPhoooNNsss
eeeNNNTIIppHIInnnyy
ANNTiiPHrOOOSESS
EEENNtttiiiPhraaasssISSS
ANNNTEppOOOdddAAl
AntttaaaPPPOOODAAAllss
ooNtttUUpppooDDAAA
ANNTTTiiiPPPodeeeaaann
oonnTIPPuuDDeaaann'SS
innTTOPPoddeAAANs
AAnnTEEEpppOOOdoos
AAANTTiPPooddess'SS
ANNTTUppoooLe
AAAnttIIIpoolllUtttIIIoon
iiNNTIIppooPPPuuu
OOOnnnTTTippUVVEERTTTyy
AnntttiiiPPPRRRoHEBiiitttiOnnn
INttupprrrOOOtONN
aaannTIIPPPrrrOOTTTOOONsss
anntIIPSyychhootaaccc
antiipppssyyCHHOOtttIIICCss
UnttAAppYRRRiissIIs
AAANNNTTTIIppYYrITIIIccc
EEnttiiPPyyyrrrEEETTTIIcS
iiintAAPPYYYRRRaNiii
AANNtIIIqqeeiiirrrIIIaaN
aaNTTOOOQQOOOuuuRRRUUUannn'sss
iiintttIIqUARiiiANNISSmm
AAAnnnTTIIQUUaREEEEniSMM'SS
AAnnnTiiiqqqaaaIIIrrroouuNNNS
AANTIQQQuuARRRiIIIss
IIIntttIIqqquuARRRyyy
OnntiiiQQoooaRYYY'ss
IINNttiqqquatE
annTTiiQQQuIIteD
aNNTTaaaQQQUUUatttiiisss
IINNNTTTiqquaaaTennng
UUUnnttEQQQUUUatiONNN
annTTiiqqUEE
UUUNNNTTuuuqquOO'ss
eeentttAAAqqqUeeD
uuunTIIQQQUUUeeLLyyy
aaannnTTTIIQQUUeennnEEEsssS
UUNNNTTiqqooER
AANNNTTTIqIIIEEES
aaaNNNttteeeqqqeeEEng
AnTTTOqaaITTOOuSSS
OOnnnTTTIquATTTYY
AAAnnnttUqqquuiiiTTTyyy'SS
ANNtiRRRUUUCCCHHiiiTTTUUUc
UUUNNNTTIrradiiiCCCoooLLL
OOOnnTTTIIIRRRaTTTiiiooonaaaLL
ANtttiRReJJJEEECCCtttIIoooN
aaaNNTTIRuuLLEGGiiUUUuS
IInTTTIIIReevvoooLLLooTTIIIOnnArYY
aaannTTTiRRRrrrHHiiiNNNUUUmm
AnTTiirrRRRHiNuuMS
annntAss
aaNNNTTTiSSaaaTTeelllLLLottE
AnnnttussscccErrrBBItUc
AnnTIIISSEmmiiTTa
annnTiSeeemmmootiic
aaaNtAAASEEmAtEEEsMMM
aaNNNtttiissEmmmIItttIssMM'ss
IINNNttiiissEEppsssIss
eeeNNttISSSIpSSIss'SSS
aaNTTIIIsEEPPTICCC
aaaNtttEsssEEPTTTiiiC's
aannnttiSSEptttIIciiilllllYY
AAAnttUUsssUUppptttICCCoooZZO
aNtIIIsoopttOOCCSS
uuunntIssErrruuu
aaaNNNtIIIsseRaaammm
oNTTeesEERRUMMM'SS
ooonTTTIsERooomSSS
UUUNNNtoooSSlllAAVVVeeRRY
AAAnTTuusMMOOOKKINNNgg
oooNttteSSOcIaaalll
annTTTIIISSSecccEullLYY
OOnnTTTiissppAssmmOOdiiCC
aaNTTiSSpaaSSSMOOODDIIcc's
AAANNNtiSSPPPeSSMMMoooddUUUcS
AANNttUstttaTeeCC
iiinnnTTTIIISSTTrooPHHEEE
UnnTeSSStrrIIPHHHeees
aaaNtttiissUUbMMAAArriiNNNe
OOnnnttteSSSyymmmMMMATTTRRICCC
UUUNNTIsYYppHHEELAAtIc
aaNttIIISYpHHHIlaaatIIICSS
enntIIIttaaKKKeOOVVVeeeRRR
iinTiTTTonkk
UUUntttaaattterrrroRIIIssMMM
AAANNTTTuTTTerrRRRarrIIISStt
AAAnnntttOtHHuufffT
aaNNtttothhhOssEEss
UnnTTiTTThhOOsssIISSS
UUUnnnTTTIIIttHHHeSSSIIIss'S
AAnTiThhEEteeCCC
AnnntttOOtthhhoTTTOOCCCaLL
AAnnnTUTTThEtttuuCCCUULLLLLYYY
aaannntttiTOOxxUccc
UNNttIITOOxxIINN
IINTEEETOOxxxInnn'sss
ANNtUUUtOXXXONNNSSS
aNTiiiTTRRRAAdaass
aaaNNNtttitrrrUUUgEEs
aannttiiiTTTrrOOOsst
EEENTituuMMMooor
UUNNTTiiTeSSSSiiiVVEE
iinnnTTiiTTTuuSSSssoooVVVess
aaNNttIIttYppee
anTTTIItttyyyPPPIIss
aaanntIIUUUnnnIin
iinnTTIIIVVeeNNinnn
eeennntttiiveenIIInn'S
InTIIvAAAnninnss
eentIIIVVVIIrrrAll
AAAnnnttIvvvooorrrALL'ss
AAnntttOOOVViiiRullsss
eeNNtiiiVVVEEERRRus
AAAntttEEEvvivIIssseecctttuuuoonnn
AANteeVViiiVISSEccTTiiieNiissst
annTTTiiVoovviissUUUCtIIoonnnaaSSSTT'sss
aaanntIIVVViiiVOOSSeCTTTIOOONNooosssTTTSS
eeentAwwwoooRR
UUNNTowwEERRlld
eennnTTTLeeerrr
UNNtttleeerrr'ss
aannnTLLLoRREEd
iiNtttllUrrrSS
aannntlEEEa
aaannntttLLLiiIIInn
annnTLIIIooonnSSS
aaNttaannnummmaaassoooAA
aanTTOOOnYmmm
AAANNTTTOOnnnYMMM'SSS
ONNtttooonnyymOOOC
uuuNTUUUnyyymmiiiiSSS
AnnttOOONNNYYYMMMooouus
aNNNTTToNNNyymmS
antttoNYYmmmyy
untttrrrAALLL
EEEnnnTrrooo
aaNNNTTTrrrooRRRsEE
aaNNNTrUUUMM
UUUNNNTTTrommms
IIINNNtSSS
AANtttSSSuuURR
ANNtttSuueeesssTT
AANNNttSSYY
OOOnnURAAAnn
AAnaRAAANNNss
AnaaaruuuA
AAAnuuurrAAAOs
aaaNOOroouS
aaanOSS
OOOnnnuuSSS'S
InusssESSS
ANNVVVoolll
oNNvvvIIll'ss
aaaNVVilS
eeenxxIEEEtttEeeeSS
AANNNXiETTYY
EnnnXXiiiEETTTyyy's
aaaNNXXXIIIOOUSS
innnXXXIIIIIEEslyy
aaaNNXXUoUUUsnnneeeSSSS
aanxIIIOOOisssNeeSS'SS
aaaNyyy
AAnYYYBBBeDDDIIEEESS
AAnnnYbbOODy
aannnYYBBiidYYY'S
aaanYHHooowww
ennnyyymmOOre
iNNYOOOnO
aaannnYYaNEEE'SS
aannyyypppLLLaCuu
AAAnnnyTTTHAAAnnggg
AAAnyThhIIInG'S
IIINyyytttHaaangSS
eeeNNNyyyttiiiMMMa
aaaNNNYYwwwUYY
aNNYwwwiiyyySS
aannnyyyWHHEEErrrE
eennnYYWWWHUUUREEESSS
AAnnnyyWWiSee
IIIoooRiSSttt
aOOORRRIIISStttiiicc
UoooRRRuuuSSSTsss
OOoortE
aOrrrtE'SSS
aErrrTTiooo
AOORRtttUUUl
EEEeeeRTTaS
aaaIIrtttuuCCC
EEoouudIdd
AAAIIEEEDeeddsss
AAAppiiiCCIII
appAAcHHII
aaPPAACCCHEs
aPPAAANooogggooo
IIIPPAAANNAAAGGEESSS
AAAPArrEjjo
EEPPPaRTT
AAppiRTHEEEoddd
AAAPARTThheeiiD'SS
iiipArrrTMEEEnnTTT
eepaarttmmeennnTT's
ApppORRTTTMMeeeNTTSSS
apppARTTnnnESsss
aaappaattEtICCC
aaappUtHIItttOOOccc
aapppAAAtHHotticeeeLLLLLLy
eeePPAAATTHyyy
EEEPAAAThhhyyy'ss
UPuuutttutE
aaapppaaTTTeTTTe'ss
apppAAToossAAiiiRR
eePPPIToooSSauRRRoSS
aaaPeeTOOOSauuuRRRUUUSIIISSS
UUUpOOO
AAPPPe's
OppeeEk
apppEEDDD
apEEElllukkkE
APPPEErrriiieeeNNNTTT
IIpppEEERRRIUUUNNNTTTs
AApppeeerrrIIeees
aaPPuRRUUoDDiiiCC
eeePPEEERAAAiiDAAccaLLLYYY
EPPPuuriTTaaFFF
aaaPPEEERRaaaTUUF'sss
UpoRiiiTTTuuffss
aaappErrrTTuuurrriill
aaapperrrtttUUrrruuu
aaappporrtttorrrU'SS
ePiiiRRRTuRRUUUs
IPIIryy
AAAPPEEErçUUU
aaapparçOOOS
EEPPEEs
upppEEETTTaLLeAAAs
apppexxx
AApppExxx'sss
OOOpEEXXXoos
ooopphhhAAANIIItttuuu
eepHHAAAnItttASSS
AApphhAAASSIIIaa
aaapphhhEEsssia'ss
APhhAssAAAaccc
APPPhhhASuuCCC
AAphheSSACCC'sss
AAAPhhheSaaacs
aPPHHEEllliAA
aPPPheeliiiaaNNN
APPPHHuuuLIOOONNN
UUpppHHeeeLLLiiiOOnn'sss
ApphEllleeeooNsss
UpppHHOOOleeiiTrrrOpIIC
aaPPheerusssUUs
OOpphhiiRRRasssass
AAPHHEEEssseeeSSS
APPHusuuus
aaappphhhuuD
aaapHHHuuuDD'S
aaPHHHIddduusss
aapphiiiDDs
epHaaas
OOpHHHooonnnIuu
AAAPPhhoNNNIIISSS
IPPPHOOnnaaaCC
EppphhIIrrESSmmm
aaPHHHeerriiiSM'sss
AAPPPHOriiiSmmmS
aaaPHOOORiSStt
UPPHHOriissTIIICCC
aaaphiiirrriiiSSTUcccaallly
AAAPhhhOORRIIISSSTTTs
APHHOOrrrUZZZOO
EEPhhhorruuuzzuuddd
APPHHHiiirIzzIIs
AppHHHoRRRIZZaaaNNNggg
AApHUtttIIIc
aPHHRRIIIdIsssUUI
aPPPHHHRRRoodESOOaaaccc
uuupphhrraaDDDIIIsiiaccc's
aaaPPHHHRaaadddIsiiaCIll
aaaphrrroooDIIIssAAeeCCSS
AAAPPHYLLLLOOIISSS
OpiAAAn
APPIIIaRReeiiN
aapppEEEArrIIEsss
UppIIiirIIIST
EEEppIaaaRRISSSttt'SSS
aPPiiiaaaRiSStttSS
AApiiaRY
eppIArrYY'SSS
AAApICCeell
ApppucAALLLLLy
iPACCeeeSSS
AAppEECuuuLLLATTe
aapppIIICaaalllTTuuRRRAAAl
ooopppOOOccUUUlllTUUUrI
AAAPiiiCullTEEEreeesss
uupppicccaltttOOORReSttt
OppuucOLLLtuuRReeStttss
IIIPPPIEECCCEE
APPPoonnGG
eppIIIshh
aaaPIIIssHHLLyy
AAAPPPIVVUURRAAooS
ApplllaaaceeeNNNtttAAALLL
APlllINuuuTiC
uuuPPllliNNEEssPPeerrre
opppLLLaSiiiAA
aaPlAASSSoooiiSSS
IIIpppLLeenttY
iiiPPllleTTiii
aPPliTeees
aaappLLLaaMb
OPlllOOMMBB'SSS
ApppNEEEAAA
uppnEIIIsss
oooPOOOccUUULLLYPPSEE
appOOcccAlYYppSSeee's
ApiCAAAlllYYYpppSSaas
AAAPPPuccaaLLLYYYpptAAC
AAAPPOccooLLLYYYpttUccal
UPPPoCCCaaalyyyPPPTEEECAAAllllllYY
apoooccAArPP
ipoooCCUUrrppoouuuss
aaapppooCHHHRUMMMEEETTTuuC
AAPPUccAAAPPPUtEE
aPooCOPPPa
AppeCCApeSS
aPPUUCCCRRRooNNA
aaapppOOCCCRRRyyyppHII
aaaPOOOccRyPPPhhA'SS
aaapppooccrrrYYppphaall
aapooCRYYYPhooLllYYY
appOOOCCrrryPHHalllnnnEEEsssSS
EPOOCYNNoooCCAooOOsss
IIPPooCCynnnthuEEEN
EEEpeeeDDDaaaL
iiipiiiDaIICCCtiiiC
aaPPPoooddiiictttiCCC
aaappoDDOOSSISSS
uuupueeennZZZymeee
aPPPuuuonZYYYMMUUUS
aaaPPEGGGeeemmiiaaSS
UUppEGGGImYYY
aaPPEGGGeeeooo
aaPooogeeee's
AAAPAAggEEEASS
aPPPoooGGGeOOOTTTroopppUUssMM
APPPOGrAApppH
aaappoollIItttiicoL
APPPUUULLoTOOcalllLLy
UppollLLLOO
AAAPPPUUUlloGGGeeettte
OOOPPAAlOOOggaaaTTIcc
aaaPiLLLOggUUTTTiCaaal
uPPPOLooGAAAtttIIIcccAAAllllyy
AAPPiiilllOOOgggeeeTTiCCCSS
aaaPPOOOlOgggIIIEEE
aaapppALLLOOOGGeA'ss
UppaalllOGGGIIIOSS
uuuPoLLLOOggIIIESSS
ApppiilAAAGIIsttt
OOOpIIllluggiiSSTTT'sss
oopppAloooGGGusstttsss
aaaPPolooGGGuzze
apOOLLEgggIIzEd
aaaPPPOlllooogIIZZZes
iiipooollEgggiiiZZInnGGG
UUUPUUlllOOGuuUUU
iiiPPOOOLLLoooGuueeSS
UPPPOlooGGy
AAAPolAAAgyy'SSS
iiipElIIneee
eePPOLLuuNaaas
ooopppUUUmmIIIccctt
eePPOOmmIIccctttS
aaaPPPooommeeeXXAASSS
EEEPPomiXiisssOSS
oopppOOmoooRPPhhhennnAA
eeePPPEEMMAArrPhInEESSS
AAppponnnEEEIIROOSEss
EEEPeNNNAAARRooosIIIss
AApOpEEEMPPTTiCC
aaPPPOOpppHHeessuuss
AAPPiiphhhuusssiiSSS
appuuuphhTheeegggmmm
eeppooopHTTTHHHEEgggMMSS
AAAPPoooppHHyyyGGGAA
aaapppeeePPPhhyyLLLllliiTTTE
eeepophYYYseS
iiiPPoppHHyyssIIISSS
eeePPOOPLLocTiC
IPPOOOpLLLEEEccTTTicIILLLly
AApppUPllOXUUUeeS
EEpOOOplllEExyy
OOOpppopplUUXXyy'sss
AAAPPeeerAAAaaa
UUUPPOORRt
APPISSeMMeeetttaaacc
eePoossOOuupooSSSEEESSS
UUUpppOOssseeeoooPAsIss
AAAPoooSSpppOOORRRYY
aPPOOOssteSSSOeeSSS
aposttoooSSYYY
apposstisY'SSS
aPPuuuSSTTaTII
EPPPiSTTAto'S
aappOsssTotttaS
iiippostttaaaTTUcaaalll
AAAPPPOssTTTUttiZZuu
aappoooSSSTTUUUttteZEEDD
eeepppIssstttaatttoozzzES
IIPUUSStttuttaZZiiiNNGGG
UUPoossTuuLL
IIIPPPIIsTTTLLee
epEEEsssTTTllleee'sss
uupppeSttLLeeess
AppASSTTTlEEEsssHHHUUUPP
AAApoooSTllleSSShhhiiippp'SSS
OOPOOSSTOOLOOTAA
AAPEEssstOOOliiiC
aaPPoosTTTRRRuuppphhheee
APPOsssTTRRRoooPPHHHeee's
IIppuSSSTrrrEEppphhESSS
OOPPOOOssttRRuuPPHHEccc
aapppOOOsstttRRREEEPHHHUzUUU
UPPIssTTTRRRaaPPPhhhIIZAADD
AAAppASTRRoophUUUzeess
OppOOOsssTTTRRROOpppHoooZZeeeNggg
UPPOOOTTThhicaaaRieeeS
AAAPoooTTTHHOOCCCaarrryy
AAAppEtttHeeeCooRRyy'SSS
AApppoooTHIcccOOaaa
AAppOTHHHoooCIIoomm
ooppooottthhEgggMMM
eeePPPOtttHEgMM'S
aPPeettHeeggmmmaaTEEEcc
AAAppeTTHoGGGMMSSS
IIIPittHHHeeMM
apppuuTTHHHIIIUsUUUSSS
ooPPPatttHUUUOOSSES
aapppottHEEessiisss'SS
AAPPAAtttHoooOsssIIzzEE
AAPPPootttHHHeeeOOSSSAzeD
apppEEthhhaOOOsssizzusss
AAAppiittthhhEEEUUSIIIzIINGGG
OpaattRRipaaaAAccc
aPPPPooL
appPPPaaLL
APPPPPEEELLLLLEDD
oppppiiLLlliiiNgg
EEPPPPaaalllLLiiNNNggLLLyyy
opPAAAlllllsss
AAppppAAlEEEOOso
IIpppPOllOOOoSSSAA'SS
oppIIllleeeOOSSuuuSS
aappeellSS
AAppppaaanaaaGGeee
AAApPPuNaaaGGGeeSSS
aPppARaTTCCHHOOOkk
aaapppppAArrrOOttcccHHIIIKKKuu
uppPAAArreetccHukkkSS
AApPARAtuuusss
aaaPPOORaTToS'SSS
IIIPPparraaattuusssEESS
ApppPAArrrOlll
eePPPPAReel'ss
aapppPPParElleD
UUppPuuureeellUUUNNNggg
AAAPPPppARRREELLLEDD
OOPPpppuuuRRElllLLLAAnG
aPPPPPPuuuRRREEElsss
aaappppppUUURuuuNNT
appPARReNNtly
IIIPPPPPPAAARRATTAAeeN
eeePPPPPUUUrrrUUUtttiiiUn'SSS
OpppppporrrIIIttteeONNNaL
AAApppPaaRRREEETiiioNNSS
uuPPPpppURRRaaattOOORR
apPPPiiiSSsssieenAtoo
appPPEEEal
APPPeeOl'SSS
uuuPPPPPPeeealaaBBBLLIII
ApPeeUUlllEEEDD
AAPPPPPeealeeeRR
IIPPIIIaLiiNNNg
AAAppppEEALLLiiingggLLYY
aaPPPPPEEEOLLss
EEPPPPPEuuuRR
AAppPPPEAAReNcccI
ooopppOOeeeRRREEENccOO'S
ippppIIIeeRRRInnncaaass
UUUPPPpppaaaaareedd
IPPppooerrONNNGG
UUUPPPPPEurrrSS
ApppAAAAsssiBBBLLii
aaPPppUAsseee
aaPPPpoEEEseeeDDD
aaappppEaaSSaaaMeeennnTT
aaPPPppeeeOOSSSeMENNttt'ss
UUUPPPpeaaaSSeeMMMEENNNtss
ApPPPOaaasssIIIrr
appPPaaaaSuR'S
OOOpppppaaAAAseeRRRSSS
AApppPPPEEEaasssees
APpppeeIIIsssIInnGG
AAPPPPEl
AAPPPPPAAAlLaNNNT
apppEllllAAnT's
apppppeellllUUNTTTss
aaapppppILLLLLuuTAA
APPppillLLaatttoEn
appPEElllLatttiiiUUN's
EEppppelLLEEETTTIIiinsss
EEpPulllllUTTAAAVii
UpPPElllllAAATIIIvvAss
EpppppIIIlllllEI
aaappPiNNdd
aapppPPPeNduggOOO
aaPPPppENNNdAGGGee'ss
AAPPpENdEEggesss
aaappppponDEEnTT
aappppENNNddeeeCtttOOOmmiiiEsss
uuPPaaaNNddduucTTOOOMMyyy
OPpppOOONNDeeeCCtttuuMMMYYY's
APPPPPEnnnDDDeeeddd
aaPPPpeeeNNNDDOCEccTTTaaaMAEEsss
ooPPPPAANNNDDiicOcctttomYYY
APPPpeeenndddiiiccoooss
aaPPPPPendddEEECCIttiss
apppUUNNNDDDIICCCIITTTUUUS'sss
aaaPPPPeeennnddOOOCLLaaa
eeePPPPPEEnndddiiCClllOSS
apppPEENNdiiiccUloR
AAApPPeeeNNNdddaaannGGG
AAAppPeNNNdIIIXX
AAPpEENDDUUxx's
OOPPPppUnnnDeexxEEES
UUUPPPPPEENNNDDSS
oPPppEEERRCeeiiVVVuuu
aaaPpOOOrrrcEUUUVooD
aaPPPPPEErrrccIIiivvOS
AAAPPPPPPeeeRcuIIVVVinnGGG
aaaPPPPPoooRRCaaapppttiiiOOOnnn
aaappperrrCCeeeppTIIoonS
aaPPPpppeerrTTTaaainnn
ApPPEEErrrTUUUIINNEED
uuuPPPppEERRRTTToooanIIINGGG
EEEPPpppeeerrTTAAOnnnss
OOOPPPIITTTEEEnncccEEE
OOppEETTIIINceesss
apppppEEETTiiinnnCEEEOOOs
AAAppPPPeTTTuuunnnCCCyyy
AAPPPEEEtttAAttAA
UUUPPeeettIIItEEE'S
opppppEEETTOTus
aaaPPEtttIIITEVVVEEE
aappppUTTiizzOOrr
eePPPPetttizzzer'ss
AppiTTTizERRss
aaPPPPetttiZiiiNNNg
aapppppittizuunnGLLyy
APPPPllAAuDDD
APPPPPllleeeEEEdaaBllle
AAApPPPLLLUUUUDDuuuddd
EEEPPPLAAoooDoor
iPPpLAAuudddOOORRR'SS
oPpppLLLUooddOOOrrrSS
APPpppleUDDAAANggg
iiipPPPlAAAaDSSS
AppPLEEessU
AAPPPpLLIIIiiisssU'sss
EpPPLA
EEEpppppLLLee'SSS
AAppPLLLEEECCCaaaRRtt
aaPPPPLLOOcaaRRTTSS
ApPlllEEEJJJaCCk
AAPPPPLiiJJJaaCK's
aaPPpppLus
oooPplllisssIuuuccEEE
aaappppppLLLaaassUUUuCO's
uPpppLUTT
eppppplEEET'ss
UPPPpppLLEEEtS
AAAppppLAAAooNNNCCCi
aaaPPPpppLLLiiiaNNNCCE'ss
EEEPppllAAAanncccEESS
APPliiiccOOOBaaaLLoooTTYY
ApppPPPLACCCaaaBBBiiLLeeTTTyyy'ss
aaapppLiccooobbllE
ApppppLLLiiiCCCAAAbblyyy
AAAPPplllUUCCConnnttt
AAApPllliiCuuNNTT's
IIpppppplIcannntS
aappppplliiiCCCUUUtttiaNN
EEPPPPLLLiCCAATTTUUUooonn'SSS
uuuPpLLicccUUUTTIUNS
aaaPPPpppllloocccaaTTiiiVVVEE
ApppPPLuCCCuuutOORR
UPPppllaaaCCAAttteeeR's
aaappppllOcccAAAteeeRRsss
APPPPlicATTiRRYY
EEEpppLLLIIIEEED
oPPPPPlllEEEEErrr
uuuppppplOOOOOOrr'sss
aaPPPppLOOOERss
ePPpppLiiEEs
AppppppllIIIQAAé
EPPPllluQQIIé'SSS
AAPPPlAAAquuéd
AAPppLLLEQQQuéIInggg
aaapPPLLLiiiqquuéSSS
AApppppLY
IIIPPPPllyyAAnnggg
EPPPOOggGGGiiiaattIIIrrriii
apppppooogGoooEEttAArrrEEESS
aappPPPOiiNNttt
iiiPPPoeennnTEDD
APppaiNtttEE
ApppOOUUUnnnTTTeee'sss
UUpppPOIIInnnttEEEEs
ApppoooIIInntttIIInnG
aaaPPppOOiiiNNNtttIIIVVVEEE
epppPoiintmmmeeennttt
aaaPPPPPoeeeNNtttMEENNNtt'SS
UPPPPoooenTTTmOONNTSS
AAPPPPoooiiinntttooRR
APpppooINNNttSSS
appAAArTTTIuun
APPpppOORRtttooonnaDD
EEppPiiirrrTEOONNNIIINGGG
aaPPPOORRtiuNNmmENT
aaappPooRRRttIoooNNMMeeennnTTT'ss
apppPaaaRtttiiiOOONNNSSS
eePPPPusssiii
apPoosAAd
appppooSUUSSS
aPPPeeeSiiiNG
IppppaassEEEttte
AAppppppoSiiittOOOLYY
apppppUUUsitteeNeSSSsss
OPPPPPPooossiTenOOOSSSSSS'SSS
IpppPOOsittteon
iipppPooosiTiiooonnn'S
APpiiisiTIIaaNNNALLL
eepppppOOOSSSIITTuuuvOO
APPPPoooSSSitttIIIvOOO'S
aaPPPPOOSIIttaaVVOOOsss
APPPPrAAAeeSubbbllO
aaPpprrrUUUiiSUUUL
AppppprrIIIiiisaaaL'S
AAAPProeeSSAAls
ApPPPrraaaOOSSE
aaPPpppRRAAiSSSeeeD
uppppreIISSaaaEEEsss
uPPPPRAAuuSSSOmmenntt
apppprrrAoosssUR
AppPPPROisirr'S
AAApppRRuuOOOssseeRRRsss
UUUppraaaoSSSEESSS
AAPPprraIIIssuuNg
aappRReeIIISSuNgggllyyy
IPPPpppRRReCCoAAblleee
AppppprrecccuEEbbbLLLYY
eeePppprrraaccIIATTu
AAAPPPRReCaAAteeddd
apppPPrrrecaaates
UUUppPRRREECCiiiItiNNggg
AAppppRRoCiiUTTTeeeANNN
OOppPPRooocccEEEaaattIIIaaaN'SS
uPPPPPPRRRiCCCoooAAATTTuuUnnS
AAAPPppRRREECCeAAAttiiiVe
eePPpprrreeeCCiiiUUUtttuuuvEElly
AAApPPrEEEcccUAAAtar
AAPppRREEccieTToooR's
UPPPrrrEEccciiAttoorrSSS
AApppprrECCCEIIITTOOOrrrYYY
OOPPPPRRIIIhhheend
OOPPPrreeeHeeNDDDEDDD
ePPPprreeeHHHENNdaanGG
IpPRRAAhENNdds
AppppprroooHHEENNSSeBBBLLLOO
AppppReeeHHHAAANNNsssioonnn
apppPPrrUUUheeeNssuoNN'S
eeePPrOOOheeNsiUUUNNss
aaPPPpppRREEHHeeeNNSSSIViii
AAAPPPPrEEEHAnnSivooolllYY
AAAppppReHHaannSIIVuunnEEsssSS
ApppPReeHHHeeensssivvvIIInnOSSSS'ss
oooPpRaaaNtttIIcE
aaapPPPrrEEENttIIcuu'SS
aaPPPPPRRRIInnnTTTiiicEDDD
OppPPROOnnTTiCeSS
aPPPPrenTTUUCEShhuuppp
aaapPPPREnnnTacEESShhhEPPP's
ePPPprrreeennnTTiiCCCeessHHHiiippsss
AAAppPPPRRaaNTTiconnngg
AApPPrrrooosssEEEDD
IIIppppRiiSSEEE
aPPPpreSood
AAPPPrrrIssEs
aappPresssINNNggg
appppppRUzzEEE
aaaPPPrrroZEEED
AAAPPRRIzzzEEs
oppPPPRRRiZZZUUNGG
IIIppppRROOOAcHHH
eeeppPPPRRROIIIcch'SSS
AAAPPPppRROOOccchhiiiBBBOOLLLOOttyy
oopPrrOacccHOOObbLLLeee
AAppppppRRAAuuccHHEEEddd
aaapPProOOOCChhheess
aaaPPPPPROuuuCChhhiNNNg
IIIpPrabbbAAtEEE
uuupppPrroobbbAAATTEEEd
OpppPPrOOBBBaaaTTooS
ApppprrruBBaTUUUnG
AApPrrrEEBBBatttIIAAANNN
EpppPRuuBBBatiiaN'ss
EEPPPPPPrIIIBIIItteeooNNNSS
aaaPppprrraBBBaTTeeevvvuuu
aPPPpprruuBaaTUURRRy
AppprooopprrrEEEaaattti
AAAPpprrePPPRRoooIITTTADDD
IIpppRRuuuPPRRUUUAAAtttAllly
oooppPPProooprEEEAAtttuunaaaSSSSSS
AAApppppprrroopppRoaaaTTTeeNNeeeSS'ss
EEpppppRRROPrIIIOOOtiiis
eeePPppRooprreeeaaTTTEEENgg
UUpppppRROppriiiaataANNN
OOOpppPRRRepprrIIIatttiiuunnn's
AAPPrriiPPRoooaaTTiiUnnnS
appprEppRRRIIAAATTTUUUrr
IIIPPPprroPPrrruaaaTTTooorrr'SSS
ePPPpppRROPPriiaattooRSS
AAAPpRRRIIIvvvAAll
eeeppppRoovvIll'S
AAAppPrUVVAllls
appPPrUvEEE
oPPPPRaavAAADDD
APPPPPPrrevvvOOOR
aapPPrrUUVES
AAAppppRROOOvvaaNG
eeePPpreVEEENNNggLLLYYY
AAAPPppprAAAXXXaMMMAAAlll
AAApppPPrrrOOOxxooomooTe
oopPRoooxxxEEEmoTaaadd
aPPPROOXXumaTTeLLLY
aPPPPPPRRRIIIxxxuuuMMaaTTEEEss
AAPPPpprrrUXXIIImmaTTTEEEnnnGGG
aaaPPPprrriXXAAAMMMUUtoooen
ooopppppRooXOOOmmooTTIIooonn's
aapppppRRRoxxxUUMMMaaTIIONNNs
OOpPPPUlSUUU
aappPPuuuRRRttANNNiNNNCCE
aaPPpuuuRRRTTEENooNNcii's
AAAPPPpppuuurrrTTEEEnannnceeeSS
APPppOORRtteeenaaNTTT
AApRRAAAxxiiaaa
aPPPrrrEEEXXoiiisss
aaapRiiCCCoTT
UUPPPrrrAACCOOTT's
EEEPRREEcccuuuTTSS
ipRiARIIISSSM
eeepRRoN
EEPPPRRRooN'ss
IPPrronEEdd
AAPPPRRROOOnSSS
OOOpppRRRopppooosss
UPsssee
eppsu's
AAAPsEs
OOOPPPssiiiddaLL
aaPPssODDeeeSSS
OOOPPPsIISS
apttt
EEPTuR
AAAppteeerAAll
apTTEErrroUUss
aaapppttErryyggAAAEEll
aPtERyXXX
UUUPToooRRRYYXXEEESSS
OOOPPtIIst
aaapttaattODOO
AAAPPPTTuuuttAAdE's
aaaPttiiitttaadddeSS
aaappptlyyy
EpppTTNNNeeesssS
APPTTTnnAASSss'SS
AAAPPyyyRRREETTIc
AAAQQQuuaaa
AqqqUiii'SS
aaqqquaaaCIdddUU
aaaqqUUUaacAALLLtttUruuu
aaaQQuuuaaaccEElTTTeeRRRa'SS
aaQQQuuiiCCCaaaLLTTerrreeeSTT
AAAqUiiiO
EEEQuuAluNNNGGG
aaaQQQAoooluunnG'ss
uuqqqUaallluuuNNNGS
OOOqqqOOOaMMUUUnUUULLLee
EEEqqqIaaaMMAARReeNNNe
uuuQQQaaaAmmeerrINii'sss
aQUUUEEEmmOORinnnuuSS
AAQUUAAnaaUT
OQQuuuAAnnAAIttt'S
AAAqqUUUanAAAaTTSSS
iiiqqqUaaaPPPlllaaaNNEE
EEEqqEEAPPPllunnEE's
AAqUUAAAPPPLUNNNeddd
aqqqAAAPPPllAnneeS
EEEQUUUApplAniiNNNGGG
AQQQIaaaREELlllee
AAQQQaaaARRiiA
UUQQuuuooRRRIIISTT
OOqeeeaaRRRIIIiiimmm
AAAqqqUUaaarrrIuMM'S
aaqqIuRRiooMMMSS
AqquuAAAss
AAAQUUUAtuccc
uqoIItttic'sss
IQQQeeaaTTiicccaaaLlllYY
ooqqqOOiTTuuucccSSS
AAAQQQuuuOOOTaaCss'S
UqqUUOOtttUnntt
AAAqquAAttaaaNNtEDD
AQQIaTTEEENTTTInggg
AQUUUAttteNTSS
aqqqUavvATT
AAAQQUUUavvitt'SS
oQuuEdUUCTTT
aquuuEEdUcccT'S
OOOQiEddduuCCTSS
eqqeeoouSS
aaQQQuuuIIIcccuuulllTTTURREE
IIIqqEEEIIIcuuuLLLttARRRAA'SS
aqqUUuuuFeeeRRR
UqaaIfEErr'SS
aQUUUOOfiRRss
AAAqUiiLLLEEGGIIIo
AQiiiIIlllAAGGIIiis
aQQQuuuIIIllUnnnEEE
uqqqUUoveer
AAARRRaaaBBEEsqqooee
ARRRUUbUUUSqqqAUUU's
AAArrrUUUbbEEESSquIIsss
AArrraaabbbiiiLLLIIttty
uuruBIILLIttYYY'SS
AAARRobbIIINUsEEE
aaRaaaBLe
OORAAACCCEIIUUUs
aaarrrOOccHHNNNIIdd
AAraacchhnnniiDDD's
uurrUUCHHNNNooDDDUn
arrriccHnODs
AAArrACCChhNOOUUUdd
aaRRReeccchnnnOIIDDDSS
ooorrAAAccHHNNNooopphhhIIIBBBooaaa
IIIrrrAAGGGaaNNaaatiii
eeRAK
AARRaaKKKSSS
oRULLLIIaacccEEEiiisss
AAARRamiiDD
iiiRRRuuupaaaOmmmAAA
IIIriiiRRRObAA
AAARRARRRobbEsss
IIrrAAAUUUcccARiiiAAA
AAArIIUCCAArrOOAAss
aaaRBBB
IIrrBBBUULaSSt
aaarbbbiiiTTTIIIrr
aaarbiiiTTTeeeRR'sss
AAARRbbeTTTEErrss
aaarrbbbuuuTrroguu
uuRRBBBITTRRRAAAgEEE'SS
orBBBIIItttrrOOgeeDD
ORRbbbIIIttrAGGIIIrrr
ArrbbiTTTRAAgIR'SSS
arBBIIItrUGGGERRss
UrBEETRREEgggeeeSSS
ARRbIIItRRiiigggEEEuuuR
irbbbIIttrrAAGGGEUUR'SS
arBBUUUTTREEgggeuuurrrsss
aaRRBBBITTraGGaannnGGG
UUrrbIIITrrol
UUUrbbbIIIttrrrUUUmmiiinnTT
aaaRbbiTrruummmEEnntt'SS
aarrrBBBaaaTTTrruuMMMeNNttts
UrrBBIIITTRREEErUUULLYYY
aarrBBBiiTreerrriiNNNESSS
AAARbbbEEtRiiiriiNNNeeeSs's
aaaRRRBBAATRRIIRRy
aaarrrbbbIITTTRRaaatteee
AArBBBIIttRRotteeeD
aaRRBIttRaaTAAAs
OORbbbIItRRRatttInnnG
aarBBBUUTRRIIttiiInnn
iRRBIItttrrrAAATiONN's
aRRRBBATTTRRRutiiiRRR
aaarrrbbIttRRaaTor'SSS
ARbbbIIItttrrrettoorrss
aarbbiittrrUUsssss
aarbaaaR
uRbIIIRRR'SS
IIrrrBURRRIIIUll
aaaRbbbOREiiiiS
uRBBOOREscant
IIIRRRbbbOOOrrruttoo
ARRRbbbOOORRRUTTTuMMM
aarrbOOORRotuum'ss
ooorBBorrEttuMSSS
irrBBuurrricuulltttiiirAAAL
AARRRBORiiculllttUUUrE
AAARRRBBorrAAcULLTTTuuRREEs
aRRbbuuraaaCCuullTTuRRRISTT
aRBoRiiicAAALtURReSTSSS
aRRRbbooorrrEzIITTTioooNN
AArBeeRRSS
oorrrBBBOOrrrVIITTTAAE
eeerBBorvvItaU'SSS
eeerbboRVVIIItaaaEEss
aRRbAvviRuuuss
aarrBBss
eeeRRRBBBUUTTuuss
AARRbbbeeTTuuSS's
ErrrbbbUUUtUsEss
Urcc
errCC'S
aaaRRRcUUUddU
iiRRRCEEDDE'sss
ArrrCCAAADDDUdd
AAARCIdEEES
aaRRcccUDinnnGG
aRRCiinnna
AAARRRCCooonEE
AAArrrccAneeellyy
aRRRCANNEENNNaSss
iiirrCCANuuM
ArCANooMS
iiiRCCAATuurrii
AAArrrCCCiiidd
urrcchh
aaaRRCHHH'SSS
aaarcchhhaaaOOOllIGGEC
IIRRRCHHHiiiiollAGIICAAAll
aaRRRCHOEEEOOLOGGGeeeCCCAAllllYY
uuRRchhhaaaeOLLoogggiST
aaarrccchhIIIEEELLuuggIIISSSTT's
ErCHAAAiiiOLLoGGIIIsssTTsss
uuRRRChhheeeEUULLooGYY
OrrrCCChhoEEaaallOGGy'sss
ORRchOOOaaOpTTTERRyyXX
eeeRRcchhIEOOppTEEERRyyyxxisss
iRchhhaaAAOOOrrnIIss
OOrChhhaaaIIc
aarccHAiiiCCCiiilLLLy
AAArrccchiiooSSSm
AARRCCChhheiiiSSSmm's
errccchAAAIIIsssMMss
ERRCCChhheeIIsst
AAArrrccchhAeeSSTT'S
OOOrrChhAAISStIIICC
AARCCCHHaisTTTSS
aaarrrCCCHHHAAIZZZEEE
oorrCChaiiZZoooDD
UrrcccHHaiiizAS
iiRRRccchhAAIIIZZAAAnnng
aaaRCCCHInnngggIl
UrccHaNNNGGAAAll'SS
ARchhhAAAnnnGGeeeLLs
AARRccHBBBaashoPP
aaaRRCChBBBIssHHHEppp'SSS
AAArrrcccHBBiiisssHHOPPRRRic
AArCCHBBBiisssHHoopprrIICC'SS
ArrCCHHbiShAPRRiiCs
AARRRCChhbbbIIIssshhhooppSS
aaarrccHHHCoNNNSEErrVIIttIIIvaaa
AAArCHHdddUUaaCCOON
ercchhhDDOiiCIIInnn'S
aarrrcchhddeeaaacOnnnAAtttOO
ErrCCCHDDDEaaaCOONRiiEEEsss
aarrrCCCHDDEEAAACCoooNNryy
aaaRRRccchDDDEEAAccooons
OrCChhdddiiOccEESSSeeenn
ARRCCHHHdIIIOOOCIIIsEEE
arChddiioooccEEEsUUU'ss
aaaRCChDDDiocccEsssaaSSS
aaaRccchhhDDUUUcAAll
AAARRCHHdduCCCHHEEEsss
OOORCCChhDDDuuccHHHeeSSSs'SS
errrcccHHHdduuucccHHHeeessSSSeeSSS
aarrrcccHHDDDicccHOOOeS
AARRcchhduuucHHHyyy
OORRRchhDuuukU
AAArCHDDDukkU'S
IIIrrchdduKuSSS
ARRRchhheeeD
AAARRRcHHHAggonUU
EEERRRChEEEGGUUUniiiUM
arCCHOOnaaammmIIIEss
aRRcchhhiiinnEEEMMMyy
AArrcchENNEEmmmYY'S
ARcccHHHENNNTTTeron
aRRRCCChhaannTTTeRRRiinss
aRRccHHeeeOlll
AArcchoooollOOOGGGiccc
AArrrcHHeeeooollIIIGGGiicccalll
aRRRCCChhhEEooLLOGGiCCOLLLLy
ARRccHHHoooOOlEEGGGISSSTTT
arCHHiEEElllooggoossstt's
ArChhhUUUooLLaagggUSSSttsss
AARRcchhEEiiLLLEEEGGYYY
eRcchhhUooollliigggY'sss
URRRCCHHHIrrr
AAArrCCChhEEER's
aaaRRccHHEERRRffIIIsssH
aaaRCCChhoorsss
AArrrcccHEErrry
AAArrrCHHHIRRRy'SSS
iiirrcccHHHesss
oorcccHHUSSppOrrreee
OOORCHHuuussspppooRRReSS
arrrChheesT
AARchhEEEttyyyppaaL
aarCHHHeTYppEE
AArrrcHITYppUU's
AAARRRchhhOOttYYYPPPAAAs
ArCCheeTTYYppiCC
AArrCCChEEEtttYPaaaCCaaal
EErcHFFFAeeennndd
aaaRRRchfiiieeeNNddd'SSS
ooorcchhhFFooEEEnnnddSS
arrrCCCHHiCIRRppp
uuRCHHHiiddaeeeccONNulll
arrcHuuaapISCCCEEEpaaccYYY
EERCHHHiEPPIsccIPPPUUUl
aaaRChAAAePPoooSSScccOOPPPaaTee
ArrrccchhheeL
uuurrrcchhhallSS
AARRRCCCHHemmeeegggE
ArccHooomEEndddRRRiiitteee
AARRcchhOMMMOOONNNDrrriiiTTTiSS
ARcchEEEnnnee
OOrrcchhhIIInnnaass
AARcccHHiNg
arrCHiiPPeellaaggIIICCC
ErrrCCHuuPPPeeeLLeeeGGGOO
aaarrcHHHiiiPAAlleeeGGGo'SS
arrrCHHeppeLuggoesss
IIIRcccHHHIIIpEEllaaaGGasss
aRcHHHipphAnnEEMMMoo
eeeRRRCCCHHHoooPPlAAASSm
oooRCCCHHuTTTeeCCCt
oRRCHHHoottUUCCTT'ss
irrCCHiiTTiiCCCttAAANiCC
aaarChhhIItEEEcctUUUNNecAAALLLLLY
AAArrCHHHITTTeeeCCTOONiiiCCsss
aaaRRccchhOOOTecTooNNUcccs'S
OOOrrccHHHiTTTeeeCCCttss
AAArrrChhiitttuuuctaaRULLL
ERCHItEEECtURRRaLlllYY
ERRCChiiTTTaCCTUUURE
urrrChhhitteeecTuuRRReee'S
IIRcchhhIITTOOOCCTURRESSS
aaaRRCChEEETTTroooVE
uuurrChhhIIITTTRRiiiVVVee'SS
EErrchhhIIITTTraaVVUSSS
IrrccchhhiiVVAAAll
UrrCChhIIVVVaa
AAArCCHOvo'sss
IrrrCChiivvvEEEd
aaRCCCHHuuuvvOOOSS
OrrrchhhiVVVIINNNg
oRcchhhAvvISSStt
aaaRcHiiviiiSSTTT'sss
ARcccheeeVVEESSSTTss
aarrccchhiiiVVooLLLTT
AARCCCHLLLuuutee
irrrcchhhly
aarCCCHNNeessss
IIIRRRChhNNNeesssSS'S
aarrrcccHoNNN
UURRCCChoooPPPlaassm
UUURRRcHpppRiiisssTT
uuuRchhPRRRAEEESSStsss
iiirrchRiiiVuL
uuuRRcccHHHWWWAYYY
AArrCCCHHwwAAAyyy'SSS
aaaRCCChhhwaaaYsss
arccciiiFFUUURRRmmm
AARRccciiNNNgg
aRCKKaaDDD
arrrcccKIInnnG
AAARCCooogggRaPHHH
arcs
IIIrrCCCTiiicc
urrCCCtttIIIc's
arrCtttooccs
ArrrCCOOOEEttte
iRcccuuuuTiiiIIN
IIIrrdIIBBB
OOORddeeebsss
UUURRdeennncyy
Arrrdddintt
oRRRDeeennnTTTLLYY
OOORDOOOrrr
aaarrDiiRR'SSS
arrrDiiiRSS
UrrrDoooiiiUUSS
ooorrdddOUUUUSLLLyy
uRRddUUUEEEeeeSSSnneeeSSSS
uRRdiiioouuSNNNUSsss'ss
aarAA
AAAReee'S
arrrEaa
EEErrrooAA'ss
aarOOOall
errEEEiSSS
aaRRReeAAAwwiy
aaRUUAAAWWuuuyyS
IIIREEECCA
uRRReeeCooSS
aareeen'tt
aareenna
AAArrraanaa's
ORRENIceeeEUsss
IIIRREnEES
IrENNOCCollOOUs
UUUrrOolo
ERRReEEllaaaRR
ARiaaaLaass
aarrUolliiiTTTeee
EEErrrEEEiillla
AReeess
arrrEEtthUUsssEE
IIrreetheeSSoos
aRRRGGGOlll
ARRRggILAA
UrrrgAliiS
aRRggallSS
uuuRGGeeent
ARGeeNNNttt'SSS
ArGGEnntttIccc
AAARRGeNNTuufuurrooOOOSSS
uurGGeennTTiiinEE
aarrrGGeeNNtiinnnAs
AAArrGGiiNTTIITEE
aaarrgEEnnnTiiTTIsss
AArrGGEnnTTToooiiiSS
OrrrGGGeeeNNTIIIMM
aaaRggiiil
AAArrrgggeLLLLLaaaccuAAuS
IIrrrggiilLOOfffEEEruuuUUsss
AAArGeLLloootAAA
AAARRRGGGIILLEEEttIIs
arrGIIINNNiiinnneee
aaRRRgggIIINNNinnes
eeRRRGGOOOl
aaRGOOnn
aaRRRGGGIInn'sss
oooRgggAANNNIuuuT
UURRgggUUNNNeeuts
AARRRgOsssEEeeesss
eRRRggooSYY
AARRRggAAAsssyy'ss
AAArGGeeT
AArrrGGGiiiT'sss
aaaRgIItttSSS
ArGGGuuAAABBBLLi
irGeeaabbbLyy
aaRRggguuuu
eRgIIIIIIdd
aaarGGGoooERRR
ArrrggUUAArr'SSS
OORguuuURRSSS
AAARRRGGGuuueeeS
URGGGiffIIeeeD
oooRggguufffiuuS
AARGUFY
UUURRRguufyyIInnngg
ArrGGGEiiNNNGG
IIRRRGGGuMMMANtt
aarrrgeemeenttt'SSS
UrrgAAAMMiNNNtaaaTTTIIiin
orrrgggeMMMInnnttOOTTTIoonnn'SS
IIIrrrGGGuuuMMMeeennnTTaatiiivvuu
AAArrGGGUUMMooNNtttatttIVEllY
AAARGGGaaMEEnnttaaTTEvUnnneSSSSSS
ooRgAMAANTUUUtttoVVVUNNNoSSSsss'S
UUUrrGAmmmEENNNtttIVVEEE
uuRRRGGGUUmmmOOnnntttS
arGGOOMMaaantttuMM
ArGGGYLaaa
eRRGGGyyyllU'SSS
aRGGGYlllesss
IRRRGGGyyyLLl
EEERRRIIii
AAAROuuu'ss
iriiiAs
oriiDD
aarrIIIDoooTTyyy
eeeRRRIDiiitty'ss
ARRRiddLLyyy
AArrriDnnnOssSS
AAArrrAADDDnIISSsssiis
aaarrrUeel
UUriiEETTtttoo
aaarrIIoooTTTttiSS
aRRRegHHHtt
ArrrIl
aaRiiiLLLOOOdddOOO
UrrAAAlss
EEERRiiiAsoo
AArrUoSUU
AAArrrEEEuussOOss
aaRRRIIIsssE
AArrUSSSiiiNNN
errrIIIsssiiiSS
AAArrrIIISiinGGG
IIIRRRIISSSTTTA
uuuRRRoSStAAss
AAARRRIIISSSTTTAtte
IRRRUUSTTAACCRAccciiEss
AARuuuSTTTeeCCCRRACY
aRRRooSSTUCCCriicyy's
aRRAAssTTTOOOCrrAAAttt
OOOrUUUsssTTToooCCCrrit's
AriiisTeeeCCCrrroooTTToocc
aaaRissTTTeeCCratttiiCCEEllLYYY
ArrruSTaaCrraaTTTsss
aaRitHHmmmiTTiccc
aaRRooothhMItttIIC'sss
ArUttHMaaticccuuuLL
iiRRReettthhhmmOTicccaaLLLlly
AAArrOTTTHHHMMEEEtttocciiiooNNN
eerrIIttHHHMMeeeTiiicciiAAN's
ooRRRoTTTHHMUUTTTOOOCAAAAAAnss
ArrrIItthhmmOOmmmUUnccyy
ARRk
AAArrrK'sss
AAARRRKKKEEEssoo
aaarrksss
arM
ARRRmmm'SS
iRRRmmAAADDDoo
ArMaadAAA'SSS
aRRMMMaDDEEEs
iRMEEdddIlllOOO
arrmmmaaDDIIIlllLLoo'SS
AAARmmuuudiilLAAAs
aaaRRMMMuummmuNNNTTT
aarrrmmmeemmmiNNNTTT'SSS
ArmUUUmIIInttsss
ArrrmmOtUREE
AAArrrMAtuuurrrEEE'SSS
arMMatttuRRRUUUss
UrrmmmBOnnDDD
aaaRRMBBBannnddd'sss
OOORRRmmbANNddS
aarrrmcHHaAAAR
aarrrMchhhAAiiiRR's
orrmCCChaaaaaaRSS
ARRmEEEddd
ARRmmmett
aaarrrMEEEtSS
eeermffUULL
aaRRRMMMFFuuuL'S
aRMMffullls
AAArrmmHOOOLLU
ARRRMheLLii'SSS
arrrMMhhhooLLLOOOSS
armmieeess
oorMMMiiGGGEEERR
ooorrMMMiiiGGERS
ARmmilllLLaa
IrrrMIIILllaRRyy
AArrrMMEENGG
aRMMMiiNgggSS
AArrrMiPPPottIIINNTTT
UUrrrMMiissttOcee
armEESSStUUCCeee's
errmmmuuuSSStttIIIccceeSS
UUUrrMLLeeessss
aaRRmmLLLeeTT
aaarrMMLLLAAT'SS
eerrrmLLAATTSSS
irmmmlleeADDD
IrMMMLoAADDDSSS
IIIRRMMMeeeIrrIII
AAArrrMMMOOARRess
aaaRRmmoRR
ArrrmIIr'sss
iiirrrmmoooRRREEdd
AARRMMEReerr
AAARmoooRuRRR'SSS
uuRRmOOORReeRRs
aarmmmORRiaLLL
uRMMMuurraaaiiS
AARmmORRRiiinnggg
aarrMMMaaRRRS
aaarMMOOORRyy
aaarMMaaRRRyyy'SS
aaRmPPPiiiTT
aaarMMPiit'S
AARMPIIttsss
aaRRmmmraaassttt
ARmrissTTT'ss
AArrMMrrreeSSTTsss
uuurrMSSS
AAArMMsFFFUULLL
aaarMMMuREE
aarMMY
EEErMMY's
ORRRMMYWWoooRRM
aRRRMMYYYWWWooRRMss
aarNNiCCCIII
orrnniiccaaasss
AAARRRooiiiDDD
ArrIIooDDDSS
AAROOmme
OraaMMaaa's
oooRuuuMMAAAS
ArrOOOmmmAthhhooRREPessT
ArroooMAAAtthhheerrrePPOOSSST'SS
errOOOMMuuTTHHHeerrroooPPIIIsstSSS
irrUUMMoooThhhuuuRRRaaaPPPyy
aaRRRoMaattHerApppyyy'ss
IROmmmuTTTEEEccc
uuurrooMMaaaTTuuuc'ss
aaRROOOmaattUUCCCILlllYY
ARRROMMMattucciTY
aroommAAtticccsss
arOMETTTeeezzEE
aREEEmmmiiiTTTOZeeD
UUrrOOOMMatttIIzzeS
oorAMMeeetuziNNNggg
iRRROOsssEEE
IIRRRoooIIInnDD
arrrooUssoll
aRRRoooUSSSiiiLLL'SS
AAroasssU
AARoooIIISSSUDD
uuurrriiiIIssiss
EERRAAAuuussiinng
aaaRRRPPPIIIGGGggiAtteee
IIRRPPPUUgggGGAAAoTiiEEEnnn
iiiRRRpppagGGiiiOO
erpeggGGGioo'S
aarrrppEEEggGGOOOOOOSS
aarrPPPeennnttt
arppENttS
IIIRqqqUUUoooBBBuS
aaarqIIIIIBUSIIS
aaRRRRAAccKKK
IIIrrrrrEEEcKKsss
ARrEEiiignn
aaaRRRroUUGGGneeeD
ARRRRAAuuugNNinngg
ooorrrrrruuEEEGGnnnmmmaaaNNTTT
AAArrriiiIggnnmENNtt'S
arrrrraaaigNNNMMMENNTSSS
IrrrrraaaaaGNNNs
eeRRANGII
eRRRRRRaannnGGGEEaaBBBLLo
ARrrraaaNNgggIIIddd
ARRRrrAAnnnGGEMMeenTT
uuurrrrIInnGGGEEEmaNNNT'SSS
ArRRAAAnnggemmmiiNTTTSSS
OOOrrrrUnnGEER
AAARRUnnGEERR'sss
aRRRRRaaNNNgeeeRRs
uuRrUUUngEs
UUUrrrAANggguuNggg
IIrrRRRaNt
iiRRRRaaaSSS
aarrrRRIIss'sss
errrRASESS
aarRRRiYY
URRRRRaaYYY'S
iiirrrrraaYYYoDD
iRRRRUUYYaaaNNg
aaaRRrrayySSS
aRrrrUIrrr
AAArreeeAAArrriiiGII
irrrreeaarsss
aaRRrriiiaRs's
iRROOOSSStt
ARRresst's
EEERRRaaaSSSTTAAbblllUU
arrrrOOOSSSttIIDD
UURRRrrrooSTAAr
ArrrUSSStttIIrrS
OOORRrrraaaSSStIIINGGG
aaRRREEESSSTTmmeNNTTT
EERRrreSSSTOrrr
AArRRReSSSTTsss
AArRhytthhmUUAA
arrRRRHYYYTTHmmaaI'ss
aarrrrrhhyyythMMiCC
ARRHHHyyyTTHMMMiiiCCCell
iirrRReeeSS
aaaRrrriivvalll
uurrrRRRooovaaL'SS
aarrrrOVVEEEls
ARRiVVVooo
oRRrrAvvAAADDD
aarREEEVVEDAArrrccUUU
arrrOOOVVVeeSSS
UrrrriivvIInnnGG
aRRRrEEEVVVaSTE
aarrrruBUU
EEERRRrrUUBBBaaaSSS
OrrrIIIGGAAANceee
oRRROGENNcaa'ss
EEERRRRuuGIInttt
ArRRRoGOOONNNTTllyyy
IIrrrRRROOOGATE
aaaRRRrrOOggaTTTEEDD
AArrRRRuGGGAAATTeeSS
ArRROOOgggETTTIInnGGG
oooRRugattuuuoonn
aaaRRRReeeggAAAttuoonn'SSS
AArRaaaGAATTIIIVUU
aRRrronnnDDIISSSssemmAnnTT
irrROWWW
errRRRaaWW's
arrrrrEwwwEEddd
IIRRRRIIIwwwHeeeAAADD
aaarRuuwhhheeeaDDD's
aaaRRROOWHEuudddsss
AARRRRROOOwiiNNggg
uRRRRowwwrrrOOTT
ORroowRRRoooaTTT'SSS
orrRRooWWWs
ArrRROOOwwWWWOOAD
oooRRRrrrOOWWWwwoooRmmm
iiirrrrOWWwwuuurrMMsss
ARRROOOWWWy
aaRRRrrrIIyU
aarrrUUUyyOOO'SSS
UUrrEEEyaaSS
EErSSSuuuD
aaaRRSSIINall
ARRRSennalll'ss
EEERRRSSSIInaaals
AArSSEEENAAAtttA
eeeRRsssUUUNAAttAss
AAArrsUUUniiiccc
uuuRSSSEEnuuucc'SSS
aaRRsseeeNiCCOOLLL
uuuRRRSSSennnaaDDDE
AAArsssEEENiiioooSS
aaarrSSSenniiitttee
AAARRRSaaanOPPPyyrrreettE
aaarrrssaaNoppYrrIIIttiss
AArssiNEE
aarrSEEEnness
OOrSIIInG
arSSus
oorrrsooonnn
ArsoooNN's
aaaRRRSiiinisTT
AARRRSSSoonnIIISSST'ss
IRRRSeenniisssttS
URRsspppHHHeennnoMMAAnnnee
arTTT
aRTTT'S
IIIrttteeFFFiCCCTTT
AARRtttaFFAACCTT'sss
ORRRtttEEFFiicctttss
eeRRttoooffUUcccTUUUoooll
AArrTTTOOOll
aRRRTTuumOOOsssuuuAA
ArTTTeMooSSaAASSS
AArrTeeRooaaaL
uuurrrttErIIIAllleeZZoo
AArTTTOORiaLLiZuuddd
ArrttiirrruuAAALLLiiizzEEEs
AAArrrTTEEErrIIaLLIzzennGG
aRRRTTTeeerrriEs
ArTTTeeRRIEELAAARR
AArrrTTTeerrrUUUUUlooo
iiirttERRRIeeeLLLAAA'sss
AArrrTTTeRRIIIOlloSSS
aaaRRRtteerrIOsCCllleeRRoSiiiSSS
uurrTTOOOReeOOSSSclEERRRooSSiiisss's
AArrrterriiiOOscccLLoorrAAtttOOcc
ARRRTTTEERiiiOOOTTOmmYYY
IIRRRteeRRREevvEnoooOOS
iRtttArrrOTTTiss
OOOrrrtttEEERituseSS
aaarrrttEERYYY
AAArTeRRRYY's
OOrrTUSiiiennn
oortttffUUUl
uuRRRttffUUlLLy
UURRRttFiilNNNeSS
arrrTTfffUUlllnnnUUUSSSs'S
AARTTThhhRaLLgEEAA
AARRRTTHHRAALggIIUUsss
URRtttHHHRRiTTTIIIccc
aaaRTTTHHRRAAAtttiiiCC'SS
UrrrtthhhRRIttucSS
IIRRttHHHRRRiiitIddess
OOrrthhhReTTTUsss
ARRTThhRAATUsss'SSS
iirrrtHHrriiiMMMEEERREEE
AAArrrtttHHHrrIIIMMMErrEEESSS
uurrrTHHroooPPPuuDDD
iirrtHRRaaaPPPAAD'SSS
AAArrrttHRooPPODDSS
arrrTTTHHHRRoossccOOOpuu
AAARRRttthRuSSScccOOOpppEE'SS
AAARTHHRRRAsssCCCooPPEEES
OrrtthhRRRiiisssCoopIIcc
eerrrTThrrosCCOpppIess
IIIRRTTHRRiisscOOppYYY
aaaRRTTThRaassppOORE
arTTTHHHRRRoooSppEResss
eerrtaaCChhhIIIkkeee
AARTTIICCCHHHoooKIII'SS
ooorrTTeeecchoooKAAAs
UUUrtttuuucLLLe
irrtttICCCLLLOOO's
eRRRTTTICllEEdd
AARRRTTIccLOOSS
ARRttiiiCIlaaaBBLLuuu
aRRRTTTOCCULAcY
AARRRTiiiCCUlOORR
AAARRTIICULOOOTEEE
OrrrticcceeLLaTOODD
oorrTaaaCUUllitellYY
UUrrrttteecULootttUUNOOOSSS
AAARTiiiCCCeeLLiiittEEneeeSSSSS'ss
AAArrtIICCUUULLIIITTEEss
aaarrToooccULLLAAtiinnnG
AARRRTTIIIcccUllUUTiiionnn
AARRtttooCCIIlllaaaTTTIIIiNNN'S
ARRTTIICUUlllatiiooNNNSSS
AARRRtttiiiCCaaLLAATTooR
aaaRRTTeeCCUlllaaaTTTuRRRYY
AArrrtiieRR
UrrtIIEEEsT
AARRTIIIFFaaaCCT
orrrTTTiiifffaaacccttt'S
AAARtttOOOfACtS
EErTTToofACCCTOOOalll
iirTTTiiFFFIIIccaa
OrtIIIfAAce'sss
AAARRRtIffiCCiiirr
AArrrtttoFFIccceeRR'SS
aaaRtttUUFIICCCeeRRRss
uuuRRtiiFFFiiiCCeeS
AAArrTTTifiiCCCaaaAAAll
ooRRTafiicciaaallIIITTTy
ooRTIFIIICCeeAAAliTTYY'S
aRRTTiiifIIICCCauuullyyy
AArtaFFFeeciiiLLLNNNussSS
IIIRRRttIIILLLLLLERIIsttt
aaarrtttEllleryy
eerttiiLLllEEErrrY'SS
aaaRRtEEEllLEEryyymEENN
aaRTELLLLeRRYYYMMaannn'S
aarTILLllERRRyyymuuuN
eRRtttiilYYY
AAArrTTTonnASSsss
aaRRtttUUUNNiiSSS'SS
ARRRtttEEEODDDaCttYYll
AAArrrtiOOODECCTYlSS
aaaRRRTTTIISaann
OrtIISSSan'sss
oRRRtttiiiSSAAANNEl
OOOrrrTUUUSaaaNNNs
aRttOOSSSinnnssshhuuuP
AAARRRtttoosst
arrTiist'SS
ERRRTTiiSSTee
aRRRTUUsssttee'ss
ArrteeSTTESS
arrTISttUUUccc
aaRRttEEESSStttuuuCCCAllLLLYYY
AArrrTOOOSSSTRYY
AArrttaaaSTTTRRY'sss
AAArTTessTTTSSS
irtLLeeesS
OOOrTTllEEssSSLLLyyy
aaarTTTlUUSSSssnnoSss
AAArTLOssSSSnooossss'ss
AAARRtS
arrtsssiERR
AARRRTSSIeeesssTT
uRtSSyyy
ARRTTWWWeeRRRkk
aRRRtwwIIIRKK'sss
eRtwAAARRKKss
OOrTTTY
ArrUGULaa
oorrruGGEEEllliiisss
aaRRRuummm
iiiROOOMM'SS
aaaRRuMMMSSS
arrUUNddENNNACCeEEEUss
eruuSSPPExxx
AAARRRVVVo
aaarrryyyl
aaRyyyttonaooddd
IIRRYTAAANNNOOOADs
aaRRRêttA
URRêttaSSS
ASSS
IIISSAAffatttiiiDDDE
uuSSuuufAttIIdaas
AAssaaaFoeeeTeedda
aSSAfOOOUtIdIIs
UUsssuuPPP
ASSaaarrruuuMMM
aSSSBBeeeSSStooosss
UUSBBeeSSTTOOOs'SSS
aaasssbbbIISTTTooseees
uusbbIIIssttOOsUUUss
AAAscArIIeSEEEsss
asCCCAARRRaaaaaaSiiiss
aaaSCCArrreeddd
ASSSCCCeeeNNDD
EEEscceendddaNNCCCOO
aaSCCeeennndddaaaNCCCee'S
aaassccOOONdaaannCCyy
aSCuunnnDAANNcccY'SS
aaascENNNdaaNNt
AAASSSCCCennnddannnT's
aassCCeNNNdAAAnnTSSS
AssscAAANddIId
ASSSCeeennndddaaaNNCEEE
aSSSCCCeeennndddEEENNCCCi'sss
aaSSSCEEENDoNNNCCCy
EssCCCIIINNDDDuNNNCYY'SSS
iSSccAAAnnnDDenTTT
AAASSSCoonnDEEENttt'S
uuSSccceennndddeNNNtttSS
eSCCCIInDDDORR
ASSSceenDDDoooNg
ESSCUNNNddsss
oooSSCIInnssIon
aaaSccceenSSSUUUaN'SS
AscccANNNsIIOONSS
AASCCeeennnSSUUUvve
AScccENNtt
iissCCAnnTT'SSS
AAASCCCEnnnTTTsss
ooossccEERttAAiiiNN
AsCCCIIrrrTAaaNEEBBBlllEEE
asssCCErTaInnnEd
iiSSSccceerrttIIIInnunnnggg
OOOsssccEErtttAiiiNNNmmEnnt
UUUSSScErtttaaiiiNmEEENNNtt's
AScccIIIRTTuuuinnnSS
AAsceeesiiiS
oooSSciitUUUCCC
uuusssCCCeetttiiCC'sss
AScccEttaaaccceeeLLlyyy
AASSSccceettuCiiSM
asssCCEEETTeCIIsMM'S
aaasssccUtiCCSSS
aaSSSCCIII
AsCiiDDDIIIaaaNN
IIIsciiiDDDuOnnss
iiisccciiiddoooUMM
oSSSccEETTeSSS
esssCCllEEpppIIEEddaacccAooUSSS
AAASScccicccUUrrpp
aaaSSccaaCooRRRPPPss
asCuGGGOOOnniiIIMM
UUUscOOOmmyccEEETTTU
aasscccAMMyycceeettuuuS
aaSSScooRRBBBIIIcc
osssCCoSPOOORREEE
eeeScccosPPPooorreeSS
eesssCooott
ASSCCoottt'SSS
AssccotttS
UUsCCCrrriBBBIIbbbleee
aaaSCCCribe
AAASSSCRReeebbbuuudd
aaaSCCRRUUUBBEES
aaSSCCrrrObbbiiinnnggg
issCrrroppTTIIIANN
ASSccrrruuupppTTTEEEoonn'SSS
ooossscrIIIppptAAAUNsss
ASCIIs
UsdddICCC
eeesdiCCSS
aasEEEEty
AAAssseePPssos
AAsEEPPSSSOSSS
AssEppptttIICCC
aasEEEppptttOCCCoolllYYY
AAASEEXuall
iSSSaaaxiIIIllITY
ASexxxUUeeLLLiiitttY's
eeessIIXXUAALLLLyy
uusH
OOOSSH'SSS
ooosssHHaaaMMMeeDDD
iiissHHOmmmeeDLLy
eeeSSSHHCCCAAAn
OOSSShcANNN's
essHcAAAnss
AShheeeddd
EEssshhhoN
ooSSHesss
eeSSSHIIErrr
ISHHIEEESSSTT
aaSShaaannnGG
AAshhhlarr
aSHLLaar'S
ashhhLLLuurUUUnnnG
AASSShllaaRRRSS
aaaSSSHHOOOrraaa
IIIshhRRRAAmm
asshhRRUUMM'SS
aSHHrrrAAmss
aaSSShttRAAAyy
oosshtrrAAY's
aaSSShhhtRRAAAYYYss
AAssHy
oooSSSiiidEEE
EEEsAddde'S
aaassaaadESSS
AAssoooNNNEEnnEE
AASIIInnninnELLYY
IIISSSINUUUNNNITTuuEEESS
AASunnnANNNIIITyy
asssIINNInIItttyy'S
asssK
OOsssKKaNNNCCCEE
ASSkkeeddd
AskkERR
osKiirrss
AAsKKKuuuww
OOOskEEENNggg
iiSKss
AAssslaaannnTTT
AAAsssllEEEePPP
aassllOPPOO
AAAsssICCIIIALLL
OOSSSuMMuuuTiiiuuuss
AAASPP
Asppp'sss
AAsppOrrrAgggiiinnEEE
iSSSPIIRaaaggIIInnnes
aaSppOORRooggUUUs
aspppurriiiGGGOOsss'sss
asssPARRtIIMMMuu
ESSppaRttuMMMAAA'S
EEEssspppoooCT
ASSpAACCT'sss
OOOsssPEEECCCTTTss
OOSpecttuuaaL
OOSSpppeeeN
eSPPeeennn'SSS
aSSSpppooonnnsss
aSSpppEEER
eesssPPPEErggeeLlllaaSEEs
UsPPPeerrgggIIILlllOOssOOS
aSPPEEErrrgggiLLLLLuuuMMM
aaaSpppeerrrgggOOlllllISSS
AAAssppperIITiiiES
asPERettyy
ASSSpErrittty'ss
UsssPPPeeeRS
iiiSSPErrSSSEEE
aaaSSSpEEErSSSEDDD
aaaSSpppEERRsEESSS
AAAsssPPPeeRsssAANggg
EEEspppAArrrSiiOOON
iiisPParsiiaaNNN'SSS
ISSSPEERRSSiooNNNs
aSSPeRRsAAArIuuum
IIISSphhallT
AAAssPPHeLLTT'SS
ASSSpphOOOlltttaaaDD
AAspHAALLTiiic
ooSSSPPhAAALLTTAANNG
UUssPPHHaLLLtttAATTTOOO
UUUssPPPHHEllTsss
aaasssPPhhAALLTuum
aaaSSSPPPhEEdEl
IISPhhhOOOdeeeLL'SSS
IIsssPPHOOODAAAllls
UUSSSphyXXiiA
oooSSpHHHYYYXXXiiooo'ss
aaaSSpppHYXIuuNNttt
eeeSSSPPPHHyXIIoootttuuu
OSSSPPPHHHyyyXXXIIaaaTTaaaDD
uusPPhyyyXXIIAAAtess
AASpppHyyyxxxEaaTTTiiiNNGG
ooosPPHHYYYxxxEEEITTTIIaannn
aaassPHHHyxaaIttIIOOn'SSS
aaaSSSPPhhhYYxxxiiAAAttIIiinnnS
aaaSSSPHHyxxIaaatttuR
AspeeeC
EEEsssppIIc'ss
ASPPPiiiccs
aaSSSPPPIIdddUUsttRRRAA
USSppIDDiSStttraaa's
iSpuuuDiiisstRRaaaSS
AAAssspppoRRAnttt
asssppAAARRRAAAnttt'SSS
OSPIIIrriinnTsss
IsssPiiRRRAAAttooo
oooSSpppiiirAAttteee'S
aaSSPPPIIIrrrOOOTTiDD
iiSSSppAArratiiSSS
aSPPPIIIRITinggg
AASSppperrrOOOtttIIIooN
IIISPPorraaTTOEEEn'sss
AASSSppaaaRRaaaTTOOoonnnul
UUUsssppporaaaTiiaannss
aaaSPPPIIRRRiiitttirrr
oooSSPPoooRuuuTTTOR'SS
UUUsPirrAAtttooRRss
eeSSPeeerree
USSPPPEERREEED
aaaSSPIIrrruuRR
aaasssppirAAAss
asspiiiraann
UssspeRRAAAn's
uuuspppIIIREnG
uSppiiirrUUNggglyyy
aaaSSSppooriinnns
EEssPss
ooosssquuuoooNNT
aassss
aasSSS's
AAASSSsssaaaGGGeOO
aaaSSsssAggAAAiiiss
EESSSaaU
IIISSSssaaail
UsssAAIllliiibbLLeee
AASSSSSaIIILLUUnnt
aSsAAillAANNttt'SS
aaSSSSSSaullAAANNNTTSSS
AASSSaIlllId
AssssseUUULLLOORR
aaSSsAAAIILOOONNgg
aSSSsUIIILSSS
aassAsSSSIIINN
AssssssIIssSSennn'SSS
aSSSUSSSSAAANNNOOOttu
aaaSssuuSSSssUUUNNAtADD
AASSSSSasssIInIttAAS
EEsssSEEsssSSSonatttInng
aaSSSSSUUUsssssanATTTiiOOnn
UsssseeeSsIINNNAAtiiiEnn'ss
IIIsssssaSSSSInUUUtIIUNss
eeesssSSOsssSAAANNSSS
aassAULTTT
aaSSSSiuulltt'SS
aaasssSSAAAEEllTEEEdd
AAASSSSSuuLLttOR
AAASSSsAAAooLTTTiinnnggg
aaSSSSUElllTIIVIII
AAsSSSAAUULLLttss
AAsssssAAYYY
eesssSSSaY'SS
aaassSAAAyAAAbbblEEE
AAAsssSSuuyyyEd
aaaSSaYYeeerrr
OSSSSAAAYYEEERRR'S
AssSSIYYYIIIRRRSS
eSsssAAYYiNgg
aassssAYS
aaaSSSsseeggAAUU
EEEssssegaaaaaS
usSSSOOOmmmBlloooggEEE
eesSSeeembbLLIIGGGEE'sss
uuSSEEEMMMbbLLLaaagggaaaSS
ASSsseemmBBBleee
ISSSIMbLLLAAD
UUUSSsEMBBLEErrr
isssooMMMbbblIRR'SSS
AASSSSSeeeMMBBBLLoRRS
eeSSSSSoMMMbbblIIIs
aassssssEMMbbbLLiiess
ESsseeMMBBBllEEENNNGGG
ASSSsOOMMbbbllY
AsssSSemmmBBly'sss
UUSSSseeMMblyyymmmAAAnnn
AAssssEmmbblllyymmenn'SSS
uuuSSsssOOmmBBBLLYYYMMEEnnn
AAssEMMMbLYwweMMANNN
eeSSSsssaaMMbblllYYwwoMMAAnn'SS
AASSSuuMbLLYYwwOOmmmeeeNN
ASSSeeennnTTT
AssseeeNttt'SS
aaSSssEEntaaTTTiiiOON
AAsssSSeeNTTTeeeDDD
aaaSSSsssAAAnnnttAAAr
aasssSINNNTTTiinggg
AAASSSENNTTTooRRR
EEESSSSSeeennntSSS
IIISSSSErrttt
aaaSSSssERRTeeDD
oooSSSSSeerrtteRR
EEEsSeeeRRRTTTOnnng
aaSSSSEERRtttAAUUNNN
AAssErrrttiUnn'sss
uuuSSSssEEERttIOOnS
aaasSSSeeRRRTIIVVViii
uuussSSAARtIVVaaalYY
aaassseeeRTIIvvUUUNNeess
eeesssssEEErrrttiivIIInEEESSS'SSS
aasssSooRRttORRR
aasSSSaaaRRRTTS
AASSSSUSSS
IssssssiSss
eesSSIIIsssssAbLuu
aasssooSSSEEddd
aaaSSsESSSSSEEES
aaSSSEEEssssiiinng
AAAsSSeeessSSMiNNNtt
aassssassMMiiinnnt's
assssiSSSSMEENTTss
OsssSessssIIR
AAAsssssiSSSSSOR'S
aaaSSSSSSuSSsaRRRS
iissSSSEEEt
aSSssEEEttt'S
uuuSSSSiTSS
IIsssSuvvveeeretaa
aSSsIVUUURRAAtttEEEDDD
aaSSSSuuvvvuurrreeeTees
aaaSSSSSSEEVVOOrrrAAttINNNggg
AAssssOOOvvverrrOOtttIIen
EESSSseeVVIRRRaatIIOOn'sss
EssshaaLEEE
asssSSSHHHOOOllAA'sss
ASSSsssHHHooolllEss
AAASSSSAbiilATTTE
aaaSSSSiiiBBILLATTToD
iissSSIbbbiiiLLLaaaTTTOOS
isssSIbbbIIllliiiTTTong
IIsssIddIIttiieeeS
AASSSsssiiddduuuiiiTTTyyy
asssSSidduiiiTTYY'sss
aaasseeedAAooouusss
UsssssiiDUoooUUSLY
AAAsSEdddUUUIIuSNNNEEESs
isssssAAAddaaaaeeSnneeSSSSSS's
UssUUggn
aaSSSSSIIIGN'ss
ASSsssIIgNNaaBBiiillIItttyy
EEssSSSIIIGnnAAbblAAA
OOOSseGGGnnAAAt
ASSsIIGGGnaaatIOnn
UUSsssiiGGNNNAAATTiiiEEENN'sss
aaassSSSIgnuutttIIiNNNs
ESSSSSiiiggnnneeeDD
OSSSssuuuGGnnAUUU
OSSoogNNeeEEs
oooSSsssuuugggnnnIR
aassssOOOgnnnEEErr'SS
assssIIGNNAAARRRs
AAsSiiGGGNooNGGG
AASSSsssoogNMMMEnnnTT
AssseeGGNMeNNTT'sss
aaSSSsiiignnmmEnnTTs
oSSsssiiGGGnORRR
aSsssIIIggNIrrr'ss
aaasssSIIIggnnoRRRsss
AASSSSOOGGNSS
uuuSsssooommmilllAAblUUU
OOOssssssAAAMMMIIILatttEE
osSSSeemmmOlaaatttEEd
iiSSSsAmmmuuulllATTeesss
asSSSaaaMeeeLLattiiiNNNGG
AAsssssIIMMUUUlluuuTAAooNNN
UUUsssSSSiiiMMUULLAAAtionn'ss
IssssssIImmmuLLiiTTTeeeUUUNoostt
AAASSImmeeeLLEEtiiivvEE
eeSSSssiiiMMELaTToooRRR
uuusssssEEMMaaaLLLAATToorrrY
aaSSiiSSt
iisSSSIssTT'S
aaaSSSsssAAASSSToNNccuuu
OOOssSSIISSttOncccEE's
AAASSiiSSSTTTiNNNTT
UUSSSSIIIsssttoNTTT's
aaSSSSuuSSSTTTANtttss
AssssOSTTeedd
AAssiiSSSTTiiNgg
aaSSSsssissstsss
UUUSSIzzzi
aaaSSssiiizzzeee'SS
IIISSSiiizzeeSSS
ASSSsooCCIIitEE
uSssIIIccuuuAAATEEE'SS
eeSsUUUCieetuD
OOsssSSocIIatteeS
uuSsoCCCiieeTeessHiiiP
AsssSSSooCoAAATIIINGGG
AssSSOOOCaaaaatIiiNNN
aaSSSSAAACCAAAAATIIon'SSS
oosssSEECOOOattOOOIIINNNaaaLL
aassSOOOCCCouuuTiiiooonaaaSSmmm
aaaSSSSSOOcccuuAAttteeoonnnIIsssMMss
uuusSOOCCCUaaTIIIuuuNSSS
AASSsssooocccIIaattUUvvvEEE
AAsSOOcIoTTUUvvEllYY
aSSSSoooCCCuuAtiiVVVAATTTyy
UUUssssOOOiLLL
uuSsOOOilllAddd
assssoIIIlliNNNggg
IIIsssSSSiiiiLLLss
aaaSSSOOnennnCCE
assSSSUNNAAAnnnCCUUU'S
AAsssssEEENNOnT
UssONNeennnTTT'S
asssseenUUnnntttoolll
aaaSSSSuuNNEEEnnTs
AAASssinnaaaTTO
ASSSSorrrT
aaaSsORRRtatooVe
AAASssiiRtteeDD
UUUSSSooorrrTaarr
aaassSSAAARRRTENg
UUsssSarrTMMIIINNNt
aSSssUrTmmentt'SSS
uusSEErTTTmmANTTsss
AAsSSSoooRTSS
AASsssEEEEGGGII
AAASSsssUagEEDD
EssssssUUUaaaggeeMMMEnnnTT
assssUUoooGGeMMMUNNNTsss
AAsssssAAAaaagggIIISS
uuSSsUogggaaNNG
oooSSSSuiiSSeeVVAAA
ASSSUUMobblaa
eSSUMMeBBBlyyy
aassSSSUmA
AASSSSUUUmmeeeddd
OOOSSSSSUUUmmiDLYYY
aaaSssUUUMMEEss
iissssseeemmmIIINNNGGG
oSSSeeemmmPPSeet
aaaSSsssUUUMMPPttIIIOOOnnn
EEEsssssuuuMpTTIIIEEENN'ss
EEESSIIMMppTIOONNSS
AAssssAAAMMpTTTivvvooo
AAAsssUrrANNccce
ISSSSaaarrEnnnCCaa'SS
asssSOrrUUnnnCCEEss
aassssUUURRE
AAAsssuurrreeeDD
AAASSSsssUUrrrOOOD's
AASSSSSSuuuRRREEdlyyy
ASSSSirUUUdNEEEsSSS
iiSSsssuurreeDnnnEEESSSSSiiSS
EsssssaarEEdddS
OOSSSSSUrreer
AAAsSSUUURRREEES
aasssseeeRgiinnTT
AsSiiirrrIING
AASSSsuRRUUURRR
isTTTattIIIc
aSSSTAAtuuNEE
aaaSSSTTTAAATIInnee'ss
IISTTorrr
aaaSSSTer's
AAssstttEraaaiiiggnnUssIIIsss
aassTTEERRiiATTEEEddd
aaassstERRooosssk
ASSTTTEEErriSK'SSS
AsTTeeeRuSSSKeeDDD
iiSStttEErisKKiNNNGGG
ASStttorIskkkSS
AstttEEERRiism
IISSteerrOOOsssmss
iisssTTEEERRRnn
AAASSSTTTeeernnnAAlll
aassTTTeeROOIDDD
uuSStttEEERRRooooooddd'S
asstEERAiiddds
aSSSttOrss
EEEsstttHEEniiAA
aaasstttheeNNNIAAAs
AAASTTHHiiiniicc
ASSThEEEnnAAppIIUUU
AAsttHHeeeNNNOOOPuuAAAsss
OOOSSSThAAAnOOOSSppHHHEERRREEE
AsstttHEEEnnAsspppheeRRAAAsss
AAASSttthhmmee
IIISSttthma'SSS
iiiSttthhhmmoTTIIICC
aaSStthhhMMAAATUUC'SS
aastttHHMuuTiiiCCCaaaLLLLLLY
aassThMMMAAAttiCCS
AASSTTTIgggmmmaaTTIIICCC
asstIIgggmmAAAttiSSSmm
aassTTTuuugmmmATiisssmmm'ss
assttiGMMMiittiisssMMss
aaastiggMMMIIIeee
OOSSSttIIGMMMaaaaaS
AASStIIllbbii
aSSSTIIllBEEEss
aaasssTAr
AStaaaMAtoouuuS
ASTTTOOONieeddd
IIISSSttOONUUUsssh
OOOstttuuuNiishOOdd
AAAsstttIInnIIIshesss
oooSSToonisHOOnnGGG
asTOOONNNISSSHiingLLyyy
UStttoooNNNIIssshhhMAAnTTT
IsssttOOONIIIShmmmOnnTT'SSS
aasttAAUUUNNDD
aaasTTOOOoonnDDuud
aaaSTToooOnnddIIInnnG
AAsssTTToooUUUNdIINgLLY
aaSttoooUnDDDs
AASStrrUUUDDDLLLeee
aaasssTrrraaggaaal
AASStttrrrAAAGGalS
AASSSTTrrrAAAGGaalEEEsss
aaSSTRAGaalllOsEEss
aSSStttRRREKHHaan
AAAsssTTRRRaaKhhhANN's
ASSTRUUUll
AAAstttrollly
UUsttrEEPPPhhooobbiiiaaa
aaaSSSTTTrAAAy
aaaStRRIICtt
IISStttruuDDEE
asssTTRooonnnggEEENCCYY
aaassstrrrInnggEENcYY'SSS
essttRRRIINGGennnT
aStttreeennnGEEnTTT'SSS
esssTTTRRRAAAnGGGuunnnTTlly
UUUSSTTrrOnnnGunnnTTTSSS
isttrraaauuunnnIIICCsss
AAAsssTTTRRiiBBiAAlOOggyyy
AAASSttrrrOOdUUMMMEEE
aaaSttrrooddduuMMEES
assTrODDYNaaMMiiiCCCSSS
AASTTTrOOOGGAATTE
UUsTTTrrrooGGGutiiiEENN
AAsstRRRooggEuullOOOGGYY
EESTTrrooGGrIIPPH
aassstrrrOOOIIdd
eeSTrrooLLLUUUbbUUU
EEEStrAAlUUbbbEEE'SS
IISSSTTRRRoLibbbeeesss
EEEStttroooLLOgggOOrr
USttRRRoollooGaarr'S
AAASTTTRRROLLoooggAAARSSS
asstrrrOLLLOOgggUUCC
oooSSSttrrOOlllEEGGGUcool
AsTTRRUlluugiiccUUULLLLyy
AAssTTTRROllIIGGGIIISSttt
AAASSttRRROOOLeegeesst'SSS
ooStttRRRoLeGGGIsstts
AAASTTTRoooligy
aaaSttRaLOGyy'S
UUsTTRROOMMMonCCCY
UUSttrrOMMMAttRRREEoss
AAASStrrUUMMMetttRRy
uussstttrEEnAAAuuuTT
aasTTTrrroonnAAooott'S
aaaStRRInnnAAuuuTiiicc
AAASSSTTrrOnnauuutAACCCAAAlll
AsTTTRRROnnOOOUUUtacceeLLLLyy
uSSTrunnaaITTTiCCSS
UsTTTrroNNIIUttiiCCsss's
aaStttRRoNNNaauttS
UUstttrrrOOOnnAvvvIgggattiUUUnn
aaassstRRRiinnaaVVIIIGGGIItiioNNNs
AASSSTTTrrrOOONoomirr
AAAstttRooonnammmeerrr'SS
oooSSTroonnOOOmmmUUrrS
usstttrrrEEnneeeMMMIC
AAASTTrONNaaMIICuLLL
oosssTrrOOnnoooMIIIcaLLLyyy
aasTTRRRoonnoMMyyy
AAsstttRaannOOMYYY's
AsstrrUphOTTToooggRRaPHyy
ISTRoooppHHHyysssEEECaaL
AASSStrooPhhYsuuuCaaassTTT
assTTTrrrOOPPHHHYYSiiccciiSSTT'sss
aaSStttRRROPPhhhYYSIICCCIISSTTTsss
AAAsstRupppHHHysssiiiCCSS
aaSTrrrOpppHHYSSIcSSS'S
oSTTReeesppHHHErOOO
oosssteTTTo
AASSStttoootttEELyy
assTTeTTTENNNessssss
aaaSTTUUtttuunnEEESSS'SSS
asttIItttUr
aaasTTTuteeessT
ASSStttyyylloorr
aaasuuNNNDeeeR
AAsssWWuuuRMM
assyylllaaBBiiccc
assYLLuMMM
aSSSYLEmm'sss
AAASSSyyyLLammSS
IIIssYmmMMMETTRIIICCC
esyyMMMATTTRecccIIILL
UsssYYmmmMMMeeeTTRiCCEllllY
eeesssYYMMMMOOOTTTrroUUsss
AAASSymMMMoTRRYYY
AAASSyyMmEttrrrYY'ss
ASSSyMMppptUUmmmAATTTuCC
OOOSSyyyMppTTommatticccaLlyy
AAAssYYmmPPttoooTEEE
aaSyMpppTTTOOtttEESSS
aaassYYYMMMPPPTTTiiTTToccc
osYMPPTTooTTTiiCCal
aaSSSYYYMppTOOOTTOOcElLLYYY
aSYYYNNNChhRRooNNiSSSm
AAsssyyyNCChhhRRooNNNoossMS
OSynCCHrEENNooUUUS
OOsyyNchRRoNOOOooSLLLY
ASYnnDDDETTTiiiNN
At
UUUteeegHHHAAAn
aTTTAAAmmAnn
ooTTTArrrACCCttiiiCC
AAATTTaaRRAACTTicS
AAtarrruuuXXIEEE
aaattaRRRAAAXiiAs
AAAtttARRaaXXOCC
aaaTTTArrrAAAXXIcSSS
EEtttAAArraaxxyyy
aaatAVVVIIIssmm
eeeTTaaavOOSMM'SS
IITAVVAAAsssT
OTTAVVViiisssttt's
AAAtAvvviisTIIIccc
AAtttAvvuuusssttooocEEEllLLLyyy
AAATAvvvIIStttSS
AATTTaaaxxIII
EEtaaaxxIa'SSS
AATAxxxaCCC
AATTuuxxxoocc'SS
AAAToooxIIccSSS
aattte
OOTelllecctAASSSUUs
AAAtttEEELLOOcccTTTAsssISS
aTTTAAALLoooAAr
iTeLLiaaRRR'SS
EETuuulIEERRsss
ootthhuNIISiia
atHHaaNNirr
AAttthOOOiSSSm
iiTHHEEEIIIssm's
eTTTHHHIiSSStt
AAttHHEEEEESSTTT's
eeetHHeiSSSttECCC
aaTTTHHHeeeeSStIcaaalll
AAAttthhhEOOOSTTeecccOlLLYY
atthiISSSts
aaaTTThhelInggg
IIIttHemAAAttteCCC
atthhAANAAAeiiiMMM
aTTTheNNAAeeeiiMMsss
EttthhEEEnneeeEMM
AAAThooonEuuMMMss
ATTTHHHerrreMMaaa
AttHEEERROOOmAASS
iiiTHHiiirusCCllAARRREEsssIS
EETTThOOOrOOOsscllleeROOOsssUUUSS'SSS
attthheRReSSSCCCLLLEErOOtttIIc
oTTTHIrrrsTT
OOttthhllEtttEE
oTTHLIIIttte'SSS
AAttHHLLLeeetttAAASS
AthhhLLLaaaTiccc
atthhhllletttiiCaalllLLLyyy
aaattHHleeeTTuuCCisssM
ittthhhlluutttooCCiSmmmss
EEtttHllEEEttiiicSS
ooothLLLEEEtttiCsss'S
athhhodyyD
AAAThhhudydddS
athhhWErTTT
AAttthWWARttSSShhUPPPS
AAtttIIlllTTT
ATIInnngLLLaaa
aaatOOPToooeee
UttEShhhooAA
aaTTlleNTTAAAS
AAAtLLOOOsss
AAAttlllEEEsss'ss
aaatlaaaSSEEESS
aattlAATTll
AAATTTMMMIIINN
AATMooLySSSesss
AttmUmOOtteRR
aTmmoooMutteerrrSS
UUUtmOOsspphhooorrre
eetmmmooSSSPhhharrree's
uuutMMeeeSPPHHHEEEraaass
OOOtttmmOOOSSppHHEEERiccc
aaTMMMaaaSSSppheeRRRACCaallllyy
ATTTmmuSphheeRRRUcccs
aTmOOssspppHHeeerIccS's
IIITTTaaaLLl
iiitttaaLLL's
atUUULLLlsss
aaToM
atttoomm'sss
iiiTUUUMMMIcc
aTTummUUUCCeelllyy
IIITommmiiCCooTTyy
AAAttOMMMICCSS
iiitoMasssM
aaaTOOmmmiSSSTTT
UUtOmmmeSttiiiCCC
attteMMIzotEOOON
UTEEMMMIIIZZAAttiiiONsss
AAATIImmIzzze
aattooMIIIZZeDD
EETOOmIIzzuuuRR
iTTooommmIIZArrr'ss
itttoommmiiiZZUUURRS
AAATTToMoooZZZeesss
EttOOOMMMiiZZZinG
aaToMMs
IITOOMMYY
iiTOONNNUUUlll
attoooNNOOLism
AAATToooNIIILiisms
AAATOONNNaaaLLoooSSt
ITTTannnoooLLUUUty
AATTTOOONNAllAAtty'S
AAATTOOONAALLlyyy
iiiTTOONNNEE
aattoooneD
attOOnnEEmmmAAAnttt
IItOnUUMMEnnnTTT's
ITTonEr
AAtOONNEs
OTTTEEnIIIc
attAAnnIIeeeSSS
uuuttinENNNgg
atOOOnnY
atttuPP
AAttRAbbIIllliiiOOuus
AAttRRRIIIAA
AATRRIIAALL
eTTTrrrIovvONNNTTrrrEEEcullEERRR
AAATTRiip
AAATTTROOUUUm
aTTTriiAAAmmm's
oooTTTrrrIIIuuuMMSS
OttRRRAcciiiEEEEEs
iTTrrOOCCCiioooesslllyyy
AAAtttrrrociiOOOssnessss
aTTRRAAACCEEEIIuSNNNeeSSss'ss
EtrOOCItttIUSSS
AAAttRRRuuucccootttYYY
UUUtrrrooociiTTyyy's
IITTrrUUUppphIIccc
ATTTraaaPPHHIiiddd
aaTTTRReePPhOOOIss
aatRRRophhhyy
UUUTTTRooPPHHHYYY'S
AAATTRuupppHHHyyInnGG
AAttRoopppEEEn
AAATTTroPinEEE
UUtrroPOOONEE'ss
AtTaBBBoyyy
eeeTTtttaCChh
AAATTTTTTooCCChhhaaabLLLEE
EEETTTTTACCChUUD
oooTTTTTeCCHHaNNggg
UttttuCCChhMInnTTT
oooTtAAcchhhmEntt'SSS
aaattTTucccHHHMMennntS
ootttTTTAACCChhé
aattTeecHé'SS
aaatttttOOOcchhhésss
IIITTTtttUCCkk
AAAttTTTaCCkkk'SS
aattttAAACkkkEEEDDD
aatttTTOCCCKKKeer
AAAtttteccKEEErrr'sss
aaTTtttACkiRRRSS
attaaacckuuunnnGG
aTttaaaCksss
aaatTaaaiinnn
AAAtttttteeeiiNNIIbbbOOOLLIIITTy
AtttttOOOIInnAbaaLLeTTy'S
ATTTtaaIINNNaaabbLLLA
UttTTuuuIIINDDDUUrrr
AAAtttaaaINDEEER'S
atttttAAIIInnnoDDD
oooTTTTTTaaaeeennIInnG
AAATTTooonnnMINNNt
EEttttaaaaNNmeeent'SSS
aatttttaaiiinnMMMIIInnttS
AATttAAAAnnss
AAAtttttaaooonTTT
aaaTTttAAAInTeeeddd
aaaTTTTTEiNNNTTTINNggg
EEETttAAIINNNTTTsss
atttTTEIIIntttOORRRoo
uuTTTaarr
AAATTToorr'sss
UUUttttEmmPPOOOR
aaaTTTtttEEmmmpppeeereeed
attttteemmmPPPUUURAAAnggg
aaaTTTOMMPArrSS
aaaTTTTTuMPt
atttTEmmPPTTT'S
AATTttEEEMPTTaabbblllee
iTTTtttImmmPPPTeD
aaatttTEEEMMMPPPttUUnnG
atTTTOOmmmpppTS
oooTTTTEnnDD
aatttttEEENNdANCCEE
attttEEEnnnddAAAnnCCe'S
UUTTTttoooNNNdddinCEEESS
AAATTTteenddonTT
OOttttooNNNdddaannTTT's
aaTtttIIINNdddaaannTTTs
ATttteeeNNDDud
aatTEEENNDDDOOOee
AAATTTTTEENNNDDiee'sss
aaTTTttiNNdeeeEss
IIITTOOONNDDDoor
ATTTeeNNNdddEEErSS
oooTTtAAAnnndddINNGG
etttTTTeeennndIInnngSSS
atttttteeeNdSSS
aaaTTTtUUUNTTiooonn
ooTTTTTEEENTEEEeNN'ss
UUUTTTTTTeNTTTiioooNNuuL
UtttttEEENtiiONNSSS
aaTttEEEnnnTiiivvEEE
iittttontttIvvEELLLy
AAtttttEENttIVeeennnesssS
aaattaNtttavvaaNNeeeSSss'SSS
aattTeeennnuaaanntt
EEEtttttiNNNOOOAAtI
AAATTTTEnnUUAttted
EEETTtUnnuuuUUtttEEEss
aTTTTTeeennaAAAtIInnggg
AATTtENNeaTiiieenn
ATTttinnuAttIAANNN'S
AAAttttENNNUoottERRR
IIIttTTTOOOnnnuAATTTOrrS
AAATTTESttt
aaTTTttaaassTTTatttiiiUUN
iiiTttOssstAAtUUUOON'SS
IIITTteesstettIIIAANNs
aaTtttEESTTTUUUDD
AAtttTTOsTTIIIRR
AtTTeeesssTTEEnngg
ATTTTEEESStaaaRRR
eetttteesTTTS
aaaTTTtttUUCC
AtttttIIICCC'SSS
aaaTTTtttiiiccIISmmm
OTTTttIIIcccsss
AAAttttttiiiRRe
aaatTTToorrEE'S
AtTeeeReD
iiiTtaarrUUss
iitttIrrruuNNG
aatttooottooodEE
aaattTTiiiTTTaDDEE'SSS
iittttiiiTuuuDEES
oooTTTTittuuuDinnAALLL
atTUUtuuuDDeeennneeerruuAAn
AttTTiiTTTuuDDDiiinnIIZZZE
itTTTiittUDDDIIInnoozzeeD
UttttiiituuDDiNNEEzziRRR
AtttttiiiTTTeeDONNNiiiZZOOOS
aTTTituDDDINNIzzziiNg
aattTTaaarrN
OTTTOOOrrNEEDDD
UUUtttOORRnnEEEyy
AAttTTTUrNNUUUYY's
AAATTTOOOrNNNeeYS
ATTtttoooRRRnneyyysHHHiiip
AAttUrnnOOOySSHHepps
OOttuuRRNNiiNNG
AAATTTToooRnns
AAAttrruucttt
IITTTrrrEcccTTABlE
aaTTTTRRAAcccTTTAAnnnttt
AAAttttttrrAAcccttAAAnnnTT's
AAAtttrrrUcctOOnnnttss
eeTTTTrrACttUUUDD
EttttttRRRAACTTTiinng
OtttttRacctttIIIOONN
aaaTTTTTTrrrOcccTTTuuOONNN's
EEtTTTRRAAAccctiiooonnnSS
uuuTtttRRRAAACCteevee
OTtRaacccTTIIIvveeelyyy
AAATTTTTrIIICCTTTiiiVVVEEnnEESs
aTttrrraCtIVVeNesssss's
IIItttrrAAACCTTiirr
AttRRRaCCCTTOOORRRss
attttttrIIICttSS
AATTTTRIIIhhhEEENT
AATTtrriBBBItABlllee
AAATTTTrIIbUtteee
aaatTTTrreebbbAAATee'ss
AttTRRRIIbbbIIttUD
ATTtttrrIIBButteeer
ettttRIbUUUTTess
aTTttrreBAAAtInng
EEETTtrraabbuuttiONN
atttrriBBBaatIiiinn'ss
aaTTTtReebbbEETToOnnss
UUUtttTTTrrrIIBButtIIVVeee
AAttTTRIbbUTTTovvOOO'S
AAttrrIIBBBoooTTTOOOvvEElllY
aaatttrUUbUUTTTAVVVESSS
aattttROOOBBeeTTOr
atTTrrraaatt
OOOtttTTTRiiTTTaoNN
UTTTtrriTTTiiiiiNN'SSS
eeTTTTTRRIItttIIoonnAAlll
aattTUneee
atTuunnnAD
aaatttINNeMOOOnt
EEtttAANuuuss
AAAttttUUNiiinG
AATWEEEEn
ooTTwwwAAAtTTTAAARRR
aaTTyppOCUUlll
aaTYYYPiiicccOLlyy
aaIIIbbAAddU
iiuuBBBuuRRgUU
aaIIIbbErrrGIIINNE
aaUUUbORRgggEEnnnIsss
aaIBBBUURRN
AUBIIIrrn's
aIICCtiiiNNN
EEuuuccTTTAAIn'ss
UacTTIooNNNUUDDD
AAAUUCCCttEEEAnneErrr
AuuCCtttOOOnnEEEEEr'ss
ooUCCttiiEEEnnOarrsss
auucttOonninnGGG
auuucTTaaOnnSS
AAicccttORIoLL
auuDDDiiCCCIIIOOOSS
UUuuuDDAAACCCOOOOUSllYYY
aaaUUUdAccciiOOasNNISSSS
UuDDDUCIIIOusnEEsSS'SSS
AAaaaDDaaacciiiTyyy
aaaidaCCCEtty'ss
AAeeedddEaall
IIIUDDEBBBiiilITyy
iudIIIBIIIllliittYYY'SSS
AAuDaaaBBllleee
aaaOOdiiiBBlllEE'S
aaaUdIbLLLEEESSS
iODDDoooBlllyyy
OIIIdEEEeennnCCOO
AAiDDAAeennCooo'S
uuudddIIIAnccAsss
UUUUddoooEEEnT
eeeUUDDIIILLLE
iiiaaadulEs
auddUUUI
aaUUDiOO'ss
AAUdooooboooooK
uuuDDiiiBBOOooKKK'SS
AAaDDEaaaBBooIkS
aaUDoOccOSSSSSEEEtttTTTAA
AAUdddIIIIccoooSSsssotttTToooSSS
OuDDDOOOooggEEEnnOCC
AAuDiOllloggIIICCCeell
AAAuuuDDDiOOLLLEGGOSSSttt
eOOOddEoLLLuuuGGUUUsssT'SS
AAAUddeeiiillOOggiiiSTS
OOOUUUDooOlllaaaGyy
UUUeeDDDoooAllOGGYY'S
auuDDDiiOOMMETeerr
AaadIIIOmmmIIttErr'ss
oooUdddIIIIIMMeeTERRRSS
AAuuuDaaaooMMEEEtRRRoooc
aoddiiieePPHHiiLLLOO
aauuuDDiiOppHiiLLLEEE'SS
AAAUdIoPPhhhiileS
EEEIIDDDeeOOOss
EEEUUUDDiioooTTEEEppEE
AAuuuddUUUOOTTTaaappe'SSS
AAAUUUdIIIOttepppeeSS
AAAideeoooVUUSIIAAAL
AAuuddiiOOOViiiSSOOAALsss
AAUUUDDIIoooVVViiissUUUiiiLLSSS'sss
aaiiidddeepppHHHoNNNEE
aauuddOOOTT
uuuUUUDDDAAATTT'ss
aUdddotttOOdd
aauddIttaaNNNG
EEUUdOOttooooN
AAOOdIIItttiiion'SS
oaDDiiitooNNOD
iiEEEddIIttiiONIINNg
OOUUUduuutttiooNSSS
AAAuuuDDitttUUvvEEE
UUediTooor
EUUDDaaTorrr'S
AAOODDDitEriU
aaUDUTTTArrIIIuum
oOdutoRAAAAmm'SSS
AAAeeDDiTTORRRiEMS
aaudddooTTTORRRsss
AAuudddiiToorry
aauDDOOTTS
aaaaaggUnnnDDD
aAAGGEEnnDSS
AAaaaGGGurr
aauGGGeer'sss
AAEGGGARs
aaoooGGhhht
aaaIIIGHHT'S
AAAUUUgghtS
aaaiiigiiTU
AUUGIItEss
AUUGGmOONT
EEAAAGMMMEEENNNtttatoUUUnn
auuuGGGmmmiiNtttAATTiiOONNN'sss
aaauuGGmmEEENNtaatteOnSSS
UEEGGGMeNNToottivveee
AAuuGMEEnnntttEEEDD
auuGMeNNNttteeer
aaaUgMMEEnTer'sss
UUUuuggmmEEEntttaaaRRRS
aaauuGGMMEEENttIINNNgg
AAUUggmmenTTSS
aauGGGUUURR
aaauuggUURRR'sss
aeeegggUUUruul
OOOoooggurrrEEEddd
OOOuGGeeeRReeEs
AAAoGGGuurOOONNNggg
EEuuuGGOOOrrsss
AAeeGGUUURRy
uuuUUGGAAArrrY'SS
AaaaggeeeSSt
ieeeGeesssttterr
IIUUUGGGiSStttiiissT
aaaogUUssTTLyyy
aaaoGGGUUSSSTTnnOSSSSS
eIIIGiiissTTTnnneeessS's
aaauuKKK
OUUUk'ss
aauuukkklllItt
AOkkkLLITTSS
AAAUkSSS
AaallaaaCC
AAUllloooS
oouunTT
AAAiinntt'SSS
oouNNTEEEEEE
OuunnttOOEEE'S
EEEuunnntttIaass
AAaaNTSSS
iaaNNtttYY
AuuNNtyyy'SS
EEEUUURRa
iiUrrII's
AAAurae
AAARRiiLL
ooouuRRRoLLLLLLYYY
EEEuuraMENNEEE
iiUrIIIRR
EEEUUURRRoooss
uuuUUreeeAATTTe
aaaUrrrELLLia
OOOUUREEiilA
oooeeeReeolluuu'SS
aaUrrreeeoollaaas
aauuREALLUU
UUUUReeOlle's
AAiiirrreeooolleSSS
AAuuRRRueeellINN
aUrrIIAAs
aUrrroccc
IIIaaarriiicLLE
EuriCCClllaaa'sss
AUUURRIIICCCLLAAAddd
AAAuurreecccLLEEES
EEEUUURRROOOcIIILLLa
OuRICCelIrr
aaaUrOOOcccIIIlllUUUSS
aaIIreeeCUUULAttE
aUUrrIIIffeeruuuuus
IIURRRIIIffOEEEd
EAAAriFFoooosss
EErrriiifYYY
aaaurrrIfyeng
AAORRRissCooopppeee
aaaurraSSStt
AAURRooccchhhS
AAAUUUrrAchhhSSEEES
AAURora
aUrroorOO'SSS
AAAOROOrrraE
AAAUUroRRRAl
aaaUURiRUUSS
UUUUUrrrOOOuuuSS
AAUURRRUUUmmm
aauSccooLLTEEttteee
aUssccUUULTTUUttteed
iiiuuuSSScooolltaaTTTeeeSSS
aaauuuSSCULLtAAAttAAnnnG
AuuuScccuuLLtttAAAtttIIIaN
aaAASSScuuulTattoEEN's
aaaUUsssccUlllttaaattIIIoonnSSS
aaUSSSPPIIIxxx
aaauusPeeeceetE
oUUSpppICCCAAATTTaaaDDD
IIISpppiCCCoTTTes
uuuuSSppIIICCAtiiinnGG
aaUssPaaaCCAA
AAAuuuspIIICCCooo'S
AAusssPiiCCCEss
OOOUUUsppIIcooooUUs
aaaSpppecciiiOuussLLY
aaaaaSPPPicciOOeeesNESSSs
IIAAAsPPiCiauuSSSNNUUSSSSSS'SS
uuuooossTTiiinOOtooo
OeessttEniituss
ooeeesTTeeerrreee
AAAiiisTTTEEERRRuuuLY
ooeesssTTTeeRRReeeRR
ioooSTIRREEEsttt
AEsTurrruuuTIIUUUss
aUUUsTaaaRIIItyy
euStUUURRRITyy'ss
aaaUUssTTTrAAAL
OOOUUUTaaaCCCIIiDDD
AAAUtttEECCoidddss
AAOOTAAARRccHH
aaEtttaaRCCHIIIccc
UuTTTurCCChUeees
AAAuTAAArrChhhYYY
OOUTTToRRkeeeC
AAuttaarrrkkOeees
AAeTaaaRRkkyy
aaaooottteeeCCEEELLLUUUggY
AUtttiiiurr
aAATTeuuurrAAssmmm
aaautEEurriiiSt
uUtttHHeeenntttiicc
iiiuuuTTTHHUnTiCCALlllYY
UUUUTTTHHHEnnntttuCCOOOttA
AUUUTTThheNtttIccATooD
oooaatttHHHUnTTTIIICCitteees
aaauuuTTTheNNNTTUUUcAAATTTOnnggg
aauuttHUUnnticaatAAooon
AUUtttHHeeennnttOOccAAtttiiioonn's
eeuuuThuunTTTUUCCCATTaEEEnns
OOOiiitttHHeeenntttICAttOrrr
ooooottthhhUnnttiiiCCCIIITTOOrSS
AAUUUTThhAAnTTIIIccEEEtYY
OOUUTThhEEnTEEECCOOOTTYY'S
aaaiTTHHHOOORR
AAAAAttHHHaaR'sss
aUUUTHHaaarEEEd
aaauuTHHooREESSSS
aUTTThOORReeSSSSS'SSS
IIUTTTHHHOOORRRAAAssssEsss
AAOThhoooRIIaaalll
AUTHHHooRRRanGG
OOUUTTheeerrutaaariiiiiN
aaEEETTThoooRRiiiTTAAARRiiiaaaN'SSS
EuttthooorroTTaaaRRiAnnEEESSSMM
UUtHHHeRRRItoRRaainaaaSSm'ss
oooeeeThhorooTAAARiiiaannnS
oIIttHOOrriTUtIvveee
AAAuuuttHeerriTTTATEEEvvEEElllyy
eeeoTTHoooRRRIIItttATTiiiVeeeNNEEESSS
AAuutttHHHerrOOtttAtIIvveennnUsssS'SS
AAAuuuTTTHHORRRittEEUUsss
aOOOttHHoRRRItttY
aaUUUTTThhuuRutyy'sss
aaaUUThhhIRiZZaaatttiOOOn
EEEAATTHHHOOrrrOOOZZZOOTIONN's
aaAAthAArrrIZZZOttooOOOnnnS
UOOTTTHHirrruuZE
EEEuttHHoooROOOZZeeeddd
aaaEEETTThhhErIIzzzEEES
eeeiiitHHHOOroozzzANNgg
aaetHOOORsss
aaaooottHHHorrssHHHiPPP
iiUTTHHooRshiiiP'S
AAAiiTTeesssmmm
iiUUUTTIIISSSm'ss
aUUttIIISSTEECCC
iiiOtti
AAAATII'SSS
IOOOTTTaabbbUHHHNNN
auuTTOOOBBEEEHn'SSS
aaoTTToBBBAhNss
UUUtttooobIIOOggraPPHHHiiRR
uuuuuTTTIIBBBUUOOOggRRRAApppheeerr'S
IIeeTTTooBIUUUggrAAAPPhiiiRRs
IIuuuTTToooBBiiioooGGGRaaPPPhhoooccc
UUUUtuuubbbIOOOGGrrepphhhIIICCCAAl
AutOboooiiiGRRaaPPHUUcAAALly
AAUUTTToooBBBiiiOOOGGrUPPPhhhIIIeS
AUUUTTTOObiiiiiiGrrUPHHHYY
aaaeeetttOBIIIoooGGGrrrAApHHHYY's
aAAttAAbbiiSS
OUUUTToobUUUsAAAss
aaAAAtttIIIBBUUsSSeeSS
AUUUTTTIIcAADDDEE
AAAUTTTiiCCCAATTTellySSEESSS
aauTTTaaCCCattaaaLLLyzeeeSS
AEttooCCCeppHHeeeLLLauuuss
EEUtoooChhtthhhoN
EEEUttooocchhTTHHHEEnESS
AAuTTuuuchtttHHIInouuS
eeUttOOOClaaaVVo
IIutttuuuCLLLaavUU'SSS
aaOTTOOCCClEEVaaaS
aaettOOCCCOrrrrrroooLataaaeeeNN
aauuuTOOcccRRAAAcUUUesss
aaaITTTOOCCracccyyy
AAAAAtiiiCRReecyy'S
AAUtOOCCCRittt
iiAAtttoccReeet'sss
EEuTTTEEcccRaaattICCC
eeutICCRRaTiicccalll
OOOuuuTTToooCCrrAtiiCCCallLy
aaaatEcrAAATs
UUEttIIcRRROOOssss
auuutOcccOOOee
AAAuuuTTTooddIIIdIICttt
EEEItttOOOdddIIIDDaactt'SS
AutttOddiiDAAAcccTTeeCC
EEuuTUDDDIDaccctttSS
aauuutttoEErroootttuC
aaooottOOOeerOtttiicuuSSSmm
iiiUtEEEirootiicOssmmS
uuuOOtteeEEErrrAtaSSmm
aaaUUUTAAAaaarrOOOTTUUUSMSSS
IIUUUtEGGGAAmmUeS
AAuuuTTeeegEEmYYY
AEEEtooGGGeNNNEESSSaSSS
aaaeeTTEEEGGGeNNNiiSaaass
OettaaaGGGEnnauuusss
uuuUTTOggUUUrroo
aauTTTOgggIIIrrrIIsss
AIIItUGGRRRUUft
UUeeTTTogggRAfffTsss
AAAoTTTUUUGRRRiiippph
aaaaTTAAGGrraPPPhh'SSS
aaUTOOOGGRAppphhod
AAAutttoooGGRRaaPHaaCCC
ooouutttOOGGGrApHHIIccaaalll
AAattOgggrrUPPHHHUccaLLLlly
iiiuuutUUgrraapphhhIINNggg
EEEIITTTOOggREppphhhSSS
AaaTTOOOGGRRRIIpppHHY
UuuutOHHYYYpnnneeeSiiss
auuTTTIiiccuuuUUsss
iUUToiiiMMMmmmine
aUUTTOOiMMMMuuuNNNiiTyy
AAAuuttoIIIMMMMMUUUNNiitYYY'S
aautuuINTTTUXXXIICiiitttuuOnnn
IIUUUTTTOOionIZZEEtttOOOOOONNN
auuuttOLooTHHooogRRAppHyy
AAAATTooLLYSSSIN
AAAiTTaallySiisss
AAooTTooLyyzzIS
aaauutUMMMAAAKKar
AUTTimmakkkEER'SSS
IIIuToommmaKKKeeerS
AAUUttUmaaattt
UUUUUUttOOOmmmAATTaaa
aaeeTTTOOmaaattOO
AiiitoMMMaaaTTeDDD
OEETTiiMMMAttUUUsss
EuuutIIImmmatttAAcc
aaaUtooMiittiCC'SS
AAeeeTTOOOMMMaaaTaaacccIIllyy
aaauTTOmmmattiiCs
UUUuuuttOOOmAtiiiNg
aiiTToooMMATTTiiEEEN
aEEETTToooMAAttuuaaN's
iiuuuttommmAAtiSSSMMM
aaaUUUTTAAAmmmUTTooSmmm'SSS
uuuUtttAAmAtttIIIZZeetttoooOOON
AAAAToooMMAATUUZe
AAUtomIITezzzEDD
AAAUUtEmmetOOZEsss
aauuTToMMaaatttIIzzzInGGG
AEtttooommAtttOON
AOTooommmEEttton's
AUUTTiiiMMATOONNSSS
AuTTTomaaatttss
aaOOOTToomoobIlE
aaauuutIIIMMuuubbbIIILLIII'S
aaauuTTTOOOMMMoooBaalllAddd
ooUtttOOOMoBBBiiillus
oaaatttUmEEbELLLuuuNGGG
AUUToMaarppphhhasMMM
IuuutaMMOOrrrpppHeSSMss
AAAootOMoottiivvve
UUUUtttOOONOOOMIIICC
AAAOOOTTTIINNNoomiiisssTT
AEETTTooNNNuuummUUOOOss
auuTOONiiimmaaaaaSSllY
aAAttooonnnAMyyy
aaaAtttAANNNeeMMMyyy'S
aaaeetippphhYYYTTTE
UUuTTiiiPPhhhyytttiS
aOOOtuuuppiiLiTTT
AAAooTOOOPPIlllot's
OOUUUtttopppIIILaaatSS
auuutttOOOpppLAASStttIIeees
aaaUUTTeepppLLaaassstttyy
OOOTTaaappSSIeeeD
UUUUTToooppsssieeeSS
UutOPPPsuusssTTT
aaauuTTupppSSy
AUUttAAAPPPsY'S
ouutooPSSYYYEEEngg
AUTTOORRRaaddiiiUUgrrrAAppphh
eeeOOOtoooRRaaDDDIIUUGRRUpphhhSSS
AAUTuRROOOTATTTiiiOOON
eeUttteerreeutE
EOtttOOOsss
eeeUUUtttOOssooommmII
AAUUUtesssoooMiiiSSS
AAAAAtoSSSTTaaaBOOlllettyyy
eUTooossstrAAADDE
aauuuTOOOSTTTrriidddAAASS
AAUUUtOOOsssEGGGGGoooSTiiiOONN
aaaAAtussegggggOOSTiiOOONNNsss
AAuuuttOOtaaMMiEEES
OOOiitOOtEEEMMMIIIZZZEEE
auTTTotttOOOmmmIIIzAAADDD
AAAuuTottIImIIZZZIsss
aAAtuuuTooommeeZIINGGG
IAtIITOMMMYY
IIIUUtEEEtttuuxIn
AAAOtttoottrrAAANNNSSFooorrMMMooRRR
EEuTattrraPhh
AUUUTTTutttraaPHHooccc
AAAiiitttoooTTrrrOOOphhs
AAUtttEEETRuCKK
AAooTTTOOOTTyypppA
aUtootttypppOSS
AAAoootttooWWAARRKar
euuTooWWOOOrrKKerrr'ss
aaaaaatttowwwOOrKKKEErrS
UUIttOxxxIDOOOTTIIIuuNN
aiTTTuuMMMNN
IIitttumN'SS
aauuutttuummmNAAALL
UUUUtttummnnSSS
OOOoTiNNIITE
aaaUXXEsssEEEs
AUUUXeeSiiis
OOOUUxxuulluuaarrIIESSS
oooEEExxEELLLAAuRRyyy
aEEExxIIIlAAAOOOrrY'ss
AUUUXiNN
AUxaNN'sss
auuuXooochhhrrreeemmme
EEEVAAdddaVVaT
aaaVVVAAAdAAAVVVAATTTSS
aaavAIll
EEEvaaIILL'SS
iiivvaaauuulooBolIItttIIeeeSS
IIvaiilllAAbbbIIILLuuuTyy
eVaooLLaBIIIlllIIttYYY'SSS
ooovaaIIIlllAAABBLeee
eeeVVVaaIIIlllOOd
aaVVVAiiLLLooonnG
EEVVVeeeIlllS
AAvALLAAAnnncHHEEE
AAAVVVOOllEEENChAA'ss
avvUUlllaaannCChAASSS
AverrICCEE
aaVVVORAACCCAA'sss
aaaVVVeeeRRiiCCiiioooUUss
aVVVaaarrrIcciooUUSSlyyy
IIIvAAREcciiiooouuusneeSSSs
uuuVVarrrIcIouuuSSSNNNEssSSSESS
IvEEsstt
aVVETTar
aavvvaaTTTuur'ss
OVATARSS
ooovvaaaONT
aavEEEngguuu
AAAvvEngeeeDDD
aavvvengggUUrr
OOvvINNNGGor'SS
avvveenGGOOOrrSS
ooovveeeNggEEESSS
AAVIIINNNGGGiNNNg
AAVVVeeNNNS
AAveeennnsEEEs
eeVVVeeNNNttAARRRANII
aaavvooonnnttUUrrUUNNNEEES
EvvEENNNOOE
OOOvvvEENiiiEE'SS
aaavUNOOOEs
aaavvvErr
OOOVVooorraaGee
AvviiiRaaGGEEE'ss
IIIVVeerrraagEEEddd
AvvorrrIIIgggeeely
AAAvErrOOGGees
aaaVVarraaaGoNNGGG
AVVoorrrMMMunnntt
iiivvvEERRRmEEENNNTss
iiivvveerrall
UUUvvEERRoddd
ooVEERRRRRINggg
EEvvOrrrsss
aaVVVEEERRsEE
EEEVVArrSSSEElyyy
aaVVVAARRSSSiooNN
eeevvvUUUrsssIIIuuuNN'S
UUUVVVeeerssIIoNNs
avvvIRRRSUUVVii
aaVVeeeRttt
AAAveerTTaaaBBLLe
eeVOOrrtttED
AAVVEERRRTTUUUbbbLLee
aaViiirrttOOOnnG
eVuuurtS
AvvviiaaaNNN
AvvOOArrrIESS
OOOvviiiARRRaaasssttt
iVIOOORRRyy
EEvuaaRRRY's
aaVEiiTEEE
aaVVVIIatIIID
aaavvviiaaTTTaas
UUvvviiiaTInnG
oVIIIIIItttIIAnn
AAViiiEEtiiiooNNN'ss
ovuOttaRRR
aaaVIIIatttOOR'S
iiivvviioTeeRRSSS
ooVVViiiitrIICAS
AAAvvvIIIITrriiix
aavvIIEEtRRRIIIx'sss
AVVViiaaatrrriXeeesss
iiiVVucOllTTuuuRRA
AVVADDD
aaVVVIIddaaaNN
aavvvIdditYY
IIVVVidUUUTyy'SS
uVViiiDDllyy
aaavvvoDnnneeeSSS
UUvaaaDDDnnnEEESsES
AVVViiiFFFaaUUUNNUU
avviiiffaaaeNaasss
avviiiGGGAAAttIIIOOONNN
eeevvIIeN
aaVIIEENNNIICCC
aaavviiiOnnIcccSS
AAvvvUEEnnICSSS's
EEVVIIrrUlEENNNTTT
avAtttIIImmmIIINNOOsseeeS
aaVIIITTaaaMiNNOOSIss'ss
aaVVVooo
uvocciidddooo
EEVVVOCCuuuDDO'S
AAvoooCCCAAADDIIIES
IVVVooocAAAddEEESS
AVAAcaaTIoon
AAVVOccIItttiiioNNN'sss
eVOCCCUUTTTEOONNNaaaLLL
iiVVVooCCCaaaTaaaonnnS
EVVoCEETT
UUUVVooCCAAtSS
AAVVOOOIId
avvoiidaaBLLeee
ivvveaadddAAABBLLLYYY
aavvOuDaaannnccEE
iiiVVoooIIddaannnCCee'ss
AAAVVOOOiiiddeD
aaaVVoooiiddEErrr
UUUVVOOudInG
aaVVOOOIIIDDDss
oovvuuurrrduuupppOOOiiiS
IIVVVOOOiiRRRDDDUPIIIUUUsss'SS
uuVVIIIss
AAvvvIIIUUUChhh
UvOOUUChiiD
IVVoouccchhhees
AAvvAUUUCCHHHAAAnnGG
AVViW
aaavowwall
aVVVUUwwAll'SSS
EEVVIIWWWOlllsss
eVVoWEEd
aavvOWeeeddLLLyy
AAvvoWWWeeNNNG
EEEvvaaWWSS
aavellssiOOnn
OOvIlllsoooNNNSS
aaavvaNNccEEllAR
AVuncuulllaaRRllly
uuVVVUNNCoLLLaaattte
AAAwwUUiiit
oooWWWEEooTTeD
aaawEuTTTiiiNNNGG
eeWWaaaitttsss
eewwwaakkkooo
aawwwAAAkkeeed
UUUWWAAkkkEEEn
iwwAAAKKEENNeed
AwwwAAKKEnneeeNNNggg
aaaWWWAkkkEnEENGG's
aaawwwiiiKAANNNOOnnGSS
aawwaaakkkeeeNNNSS
iWWaaKEEEsss
AAwwwAAKKinggg
aWaarrrDDD
AWWaaaRRDDD's
aaawwaaarrddeeDDD
EwwIIIrDIng
AAAWWErrrDDs
AAwwUUrree
awwwAAARRRuuuNNNeSSS
AWurreennnessSS'SS
aaWWAASHHH
AWAy
aawwwAAA
AAWWWU's
AwwwOOAAtttHHHEEr
AAAWWUUUdd
aaaWWUUegggh
aaWWoLLESSSSS
eeWWEEsss
uuWWUUUsssooommE
AwwwEEseeeMMMelYY
oowOOSooommmEnnEsss
AAWWEEsssommmUUneeSSSS'sss
AAWWOOSSStttrraackkeeeNN
OOOwwwEEEssTTTrruuck
iWWFull
aawFIILLLEEErr
uwFFIIIllLLessTTT
AAwffAlllLLLYY
aaWWWffILLLNeSSSSS
aaawwwfuuuLLNNNiiSSSSS'S
EwhhiLO
IWHHiiirll
EEWWWinG
UUWWkkWAArrrD
AAAWWKKKwwUURdddooorrr
eewwwKKKwwIrddesstt
AAWWWkwAARRDDLLyyy
aaWWkkWWWaarrrddNAAAsssS
aaaWWkwwwARDNeeeSSs'SSS
awwLLL
ooWL'sss
aawLs
AAWWWllwworrrttt
aawwllWurrrTTs
uuwwn
oWn'ss
aWnnnUDD
OOOwNNIINNNggg
UUUWnnninnng'S
aaawwnnniNggs
aaaWWWnnS
AAwwwOKKKi
OWWOKunn
AAAWoooLL
aaawwwRRRy
aXXX
AAAx'S
axxe
AAXXXeee'SSS
aaXXXOOddd
axxxaaahhhauuuDD
AXXXoohhhaODDDSSS
AAAXXEEEMMMUnnn
aaaxxOOnOOOc
oooxxxusss
axxOOOALL
AAxxxiiiUUUllllyy
oXXALL
AXXullllAA
IxxxEEllLLLIiii
AAAXELLLLLaaarrY
axxilllaaass
AAAXIILLSS
OxxxIINGG
oooxxxIInnnOMAnnncy
AXXAAellogeEsss
aaaxxuoleegYYY
AXXiiiOMMM
AAXXXiOOOm's
AAXXOOOOOmATTuuuCC
AAxxxaOOOmmuTeecalllllyy
aaxxxeeeuMMATTToZZZiiiNNNG
eXIOOOmmmSSS
axIIIS
aXXXeees's
UUxLe
ixxxlII'SS
AAAXXXlllEEsss
AxlleeeTTrrreeE
AAXLEttrrriiiA'sss
AAXXXlletReeeaaasss
IXooLLotttll
AAxxxOllottLL'S
OxxxooLLOOOTTTLLS
aaaXXONNN
AXEnn'SS
aaxxxoonnsss
AAAXssseeeEEddd
AxxxSooeeeDss
EEYY
aaay'sss
uuuYaahhh
aaaYYYaaahhh'SS
ooYYuuhs
IIYYYAAAtttOOOlLLIIIHH
UUyyyAAtttallllohhh'SSS
aaYYUUUttOOOLllAAHHss
UUUYYYE
eeeyyyee's
AAAYAss
IIIYinnn
eeeYUUUNNSS
IIzaaaLeeea
azzaLLOOA's
IzzzAAAllEAAS
azzzuuNNN
EEzAAddAARAAACHH
IZEEEttRROOOPaaa
UZIDe
aazIIIDUsss
aaazziiidddooTTHYYmmmEEEddIIINAA
aazOOddEEThYMMIIIDiiinnnUUss
aaaZZiiiMaaaTThh
AZeeMuuttthhh'ss
izOOOMMuttthaaaLLL
aaZEMuutttHHHS
AAZIInnnii
azzzE
eeeZZZooBennnzzAANNNeee
OOOZoooIIc
AZOOOlllEEE
azzoooTTTe
OOOzIITAMMIIIAA
aazootAMMiiAAS
UUZZUUUTTaaas
AzItH
iiizzzOTiccc
aziittaaazzEE
eeZZOOOtUUUbbbAAACTTeeRR
uzzzuurrrEEE
aaazzUUrEE'S
AAzOOrosss
AAzUUURIITTTeee
azzygUUUUUUss
aaaïOOOlle
b
BBBIIaaa
bAAA'S
BBAAuuEEd
BBeeeEEEiiiNNNGGG
BEEEAAAsss
baabA
bIbbbUUUSS
BABBasssSSuuu
BBBAbbbUUSSSsuSS
BBBabbbBBBiiittt
BABBBBIIttToooddd
BBABbOttttaaNGG
BabbbIIITTTTTTS
BBBAABBBlllEEE
BBaaaBbLEEE'SSS
BBBABBBBlllEEEd
BBEBBBleMMennTT
BeebbBBLEEER
BBAbbBBLLuuRRR's
bbaaBBLLuuRSS
BBBaabbBBLes
BBaabBBLLEENNGG
BEBbbbLLUUNGGss
bbbaabbeee
BBBabbbeee'sss
BBBaaabbbOOll
BUBBBEEEL'ss
BBBAbeeelSSS
bbbooobbEs
bIIIBBBEccHE
BBBabooEEdd
bAAABBIIIEEERRR
bbbOOBIIIsss
bbabbbiiiAAssTTT
bbbOOObbbiiRRUsssi
BBuuuBIrrriiSSOOss
BBEbbbaaoN
bEEbbeeOONNN'SSS
BBBeebooooonss
bbbuubbbuuuL
BBBABBOOSHKIII
baaBBUUShhkkkiii'ss
BBaBuSSHHHkEESS
bbaabbbYYY
beeeBYYY'sss
BBooByyyhheeeUUUddd
bbAAABByhhoooOOd'sss
BBBAAbbyyyinnnGG
BAAAbbyyooossshh
BBBAAbbbYSSEEt
BuBBByyysssiTT
BBBiiibbbyyssattSS
bbAAABYYssIIITTTTTEr
bbaBBYSSiTTTTOOOr'ss
BBBaaaBBYYseeettTTeRS
bbAAABYYYSootttiiNNG
BABByySUTTTTiinnggg'SSS
BiiibbbyyyTTAAALKK
BBBACCCCCCaaaLLIIurrrEAATTTEE
BBBAACCCCCCaallAAAURRReeeaaaTEE'SSS
BAcCCCAAALLLAUURRREITTTUSS
BICCCiiRRRAAtt
bbiiiCCCcuRRaaat'sss
bbAcCCaTTE
BBAAccCChANNNAAL
BaaacccccHHHaannOOOll'SS
BBEEccCCHHHiNNNallOo
BaaaCcHAAANNaaalea'SSS
BBaaacccChaaanAAllleAAAnnn
BaaccccHAnnnOlIuN's
bbbIICCccchANaalUUUAnss
BBOccHHHOnnnEEEllliAAAsss
bbbIIccCCCHHunnnIIllSSS
BBBAAAcccchhhannnT
bbbacChAANNNTsss
BBBaccccccHHHiius
bbaaaCCCCCueeSSS
bbbeeeccccIIFFEERRoousss
BBoCcccIIIFForrrMMM
baacccCIIIVVVaarooouuuS
bbbaaCCCCCyyy
BICChh
bbaacchhuudd
baCChOOOllloorrr
BICChElllArrr'SS
BBuuccHeLLLOOOrdddaam
BBBeeCChhhAAAlllARoTtttee
BBUUUCHHHEloorHooOOOd
BBBACCCHHEEELLLooorrrhuoodd'SSS
BBBeCChoooLUURiisssmmm
bAcchhELLLORRRs
bbaaaccchhES
BaCChonnngg
BBBaaacccULLLaaaRRR
bbaaCCelllaaRRYYY
BBBoocccallllOO
bbbuuuCCeeelllUUsss
baacccOOOlllUs'sss
bbbAccUUTrrraaacccuuNN
bbAAACCaaatttRRRaaacccEENNsss
BBBacKKK
bOOcK'ss
bbUUUCkkkiiCCCHHOOO
BEcckkOcHHHee'SS
baCCKKKUchhheeeSSS
BBaaaCkBEAATT
BBIIICCkBBBENNNChh
bbacKbuunnnCCCHER
bbbiiCCCKKBBBAAAnnChhEErrr'SSS
bbEEEckkbbbencHERRS
BBAAccckBBiiNNNchOOOSS
BUcKbbeeeND
BEEECkkBBBeeeNddSSS
BBuCCCkBIIIT
bbaacckkbbiiiTTTUUU
BBBaaaCCCkkkbbbIItAAArr
BBEcKBBBITTIIr'ss
BBBeCkBBItteRRs
BBBAACCKbbbOOteeS
BBBaacKKbbbItiNggg
bbUUCkBiiiTteennn
bbbaaaCkkkBBLLOCCCkkksss
BBBuucccKKbbbOOAAArDD
bbbeckkkBiUUrrrdd'ss
BBAAACCCKBBOarddSS
booCCKbbooonnnaaa
bbuuuCCCKKKbbOnEE's
bbbeCCCKBoNNeeesss
bACkBBBRooooKKKOOR
biiickbrrreaaKKKOOONNNG
bIccckccchhhUUttt
BAAccKKCCChaatsss
bbbAAACKKKCCloTThh
BBaaaccckCLLOOOTTTHHSS
bbaCCCkkCCCiimb
BaCKKKcccoooMMbbbAADD
BBBAACCCkkcOOOMMBBBIIINNG
BBBaaaCkkkcccimmbS
BaaaccKKcccOOuuuRRtt
BBBaaaCkkkccrEESss
BBBIIICCCkccrrooSSsiiDD
bbAcKcccrrOOSsuuusss
bbAccckCCCrrOSSIInnnGG
bbAcKKKddEETTeee
BaaCkkkdduuutteeedd
bbAAccKdddUUttEEEsss
BBBEEEcKKKdddEEETEENNNg
bbbaaCCCkkkdoooOR
BBAAckkkddrrrOOp
bbAAACCKddRROppp'SSS
BAckkkdddRRROOOpSSS
BAAcccKKKUUUdd
boooCCCkkkEEERR
BBBAAckkaaarr'SSS
BBBAACKKKUUUrSS
BBBIIICKKKfffeeeEEELD
BBaackFFFiiieeLD'S
BAcccKfIIIOOLLLdddS
bbbaCCkfiilll
bbAACkkfffiRe
BBucckkFiirrriii's
bbbicckkkFFFiiiReed
BBIICCCKKFFFIrEEESSS
bbAAACKKfffIIIRRRiiinnGG
baaaCCKKfLLOOW
bAccKKfllEWWsss
becKGGAAAMmooN
bbaacckkgAMmmmOOOnnn'S
BEECkkGGGROOOuuuNNNDDD
bbAcckGrrrOOunDDD'SS
BBAAAccKKGrroouuNNDEEEr
BBaaCCCkkGGGROUUUnnDOOR'sss
BBBOOcKKKgggRRoUUUnnnDIrrrss
BBBuuuCkggRROOOuuundSSS
BBBIIICkkhhheeennDD
BOOCCKKKhAAAndd'sss
bbAAAckkkHaandddEddd
baccKKHHHanDDEDlllyyy
BBAcKhhhaaaNNddeeeDDNUUUsssS
bbbaaCCCkhhhAANNdeeeRRR
BAAAcccKhaannDEEEr'ss
bbbaCCKKHAAnndddErsss
bbbOOOcKKKHHHaaNNNdddinnggg
bbbAAAckhhAAnDDDSS
BBBaaacKKhhhIiii
BooCkkhUE'SS
BaaCCKKhhAAOOOsss
bbbaaaCCCkhhhooUSSe
bbECCCKKOOONGG
bbbaaCCKiinnG's
BaccckIInGGGss
BAACCKlllASSHHH
bAAACKKLAssshh'SSS
bbbaaackkkllloooSShhhESSS
BBBIIcKKKlIIsss
baaaCKllUUggHHTTT
bbbeeCCKKKLLLIIItt
beeeCCCkkkLoooggg
bbAAACCkLLLooGG'SS
baaaCKlllAAggggeeDD
BBBACKKKlOGgIINNGGG
bbeeecKKKlAgggS
bIIICCCKKPoooCCCKKK
bbbaccKpaCCKKK'sss
BBIIcckkkppiiCCCKKIIId
bbaaaCCCKpppECCCKerr
BBockkkpppaCCkeeeRRR'ss
bbAACCCKKPAAACCkkORRss
bbbAAccKKPiiicckOnngg
bbIICCCKKKppOOcckkkiiNNgg'ss
BoCkkkpppAAACCCKss
bbaccKKpppEEDDDOOll
bbaaaCCkkPPPOOOddOOllaaD
bbaaacccKKKPUddOLLiNGGG
baaCKKPPPeeeDDaaaLlllEEddd
BaaackkkppEdddAAALLlinnnGGG
bbaCCCKKKpEEddduuuLLLSSS
BaaacckkPPPllOOTTEE
BBaCCCKKPLLAAteess
bAccKKKrrreesTT
bbiiCCCkRRRaaSSSttt'ss
bAAAcccKrosssTss
bbbACkkRRROOOoMM
bbbeCCCkrrrOoMss
BBoooCkSSS
BBBaccckSSSaWW
bbacKsaaWWWss
bbbAAcKsscRIIIttCCHaar
bbaaaCCCKssscccRRuuTTccchhhiiiRss
BBICCCkkkssCraaatccchhIIIng
BBBACKKKSSCCCrraaTTTCCHiiiNNNG'sss
BBeeCCkkkSEUUt
BBiicckkksOaTT'S
BBBuuuckkkSeottSSS
bbuuCkkkSSSeettt
bbeckkkssHHHuEEESSH
bboooccKKKSSSHHHEeSHHHEEES
baaaccKsAddaaa
bbAAAcccKssIIIddA'SS
BBBAAcccKKSSiiDUUSS
BAAACkkkSSiiggghttt
BBBeeCCkkkSSlIIIP
bbEEEcccKKSSLLLAApPPEdd
bbAAACCKKSSLLAPpppER
bbAAAcKKsllAppppurrr'SSS
BBBaaccckkkssLLaapppursss
BBBOOCKKssslupPPPIngg
BBBeeccckkkslaappppinGGG'sss
BBBaacKKKSSllappss
BBBAAAcckssllleeessH
BBBaCCkkssslaaaSHHH'sss
buuuCCCKKKSSSLAAAsshhUs
BEEcKsssLoooDD
bbbaCKssLLUUdDDEEEnn
bbbeCKsllidddeee
BBiiiCCCKKSSSliDDDaaaR
BOCkkkSlliidddooR'SS
bbaaacccKSLLLiidddeeRRRsss
bbbuuCCKssLUUUddooSSS
bbbacckkSSSlIIIDDiiNNGG
BBBaaaccKSPPPAACCEEE
bbbaaackkkspaaCCIII'S
bbooccKKKssppacEDD
BBeeeCCCKKSPAAccceS
BaaCCCKssspppIIIcANg
BBBaCCCkkSSSPPUUNNN
BBOOCCkkksPPPIInnn'SS
BBBiCCkkkSSSTABBBBBEEERR
bbbaCkkStaabbbBeerr'S
bbbaCCKKSSSTTABBBbeeRRRsss
BEECCkSSStttaaabbbbInGGG
bIIcKssstAAgIII
BBaaCkksTTogE'sss
BBBaaacckSStttIIIAr
BOOccKKKsTaaaIIIrrss
BiccKsstttiiiy
bbAAAccKKsssTTTeeeyySSS
BaaCCKKKStttitchhh
bbbaCKssttottcheeddd
BBaacckssstIIITCHeeesss
bbbaaccKKKstttITTCCChhINNNggg
bbbAAccckkSSTToop
BBaaCKSSttoop'SS
BBBeCCCKSSttoooppppeeed
bbbaaaCCCkSSTTTOOpppppiiNGGG
BAckkkssstttaapppsss
bbbaaCCCkkksssTTTREEEEttt
BBEEEccckkSStttrEeettsss
bbbIIIcckkksssTTreTTCH
BiiCKsTrreeetCCCh'sss
BBiiiCCCKKKSSSTriitttChheeeS
BaaccckssttROOOKUU
BBAAckStttRROOOKKKU'SS
bboooccckkksssttRuKKKOOOD
BBBAcccKKssTRRAAKKKIs
bACCCKKKSSStROOKKiinnGGG
BBaCCCKsWUUppttt
BBeeCksswwwiinnnggg
BBACCkSSwwuuurd
BBaCKKsswIrrdsss
BBBiCKKKtttaalkk
bAAcKKTTTaaallKK'ss
BBooocckkktttRRRUCCCKKK
bbbiickktrrraackIID
bbAccckkTRROckiNNgg
bbbAACCCKKKTTrrrEcccKs
Bacckkuuup
bbbaaaCCCkkUUUpp'S
bICCkkkAApsss
beeeccKKwArD
baaacckkwUUUrrdddOOtooUUUNN
bbbIIcckkkwwwiiRRRdddLLyy
bbUUCCCkkWWaaRDNNNEEESSSS
bbbAAACCKKWWeeRRRDDDNNNEEESSs'S
bbAACkkwaaaRRRdss
bbbiickWUUUSHH
becccKKKwwaaasHHH'SS
BBaaaccKKWETTTEERRR
bbbaaCCKKKWWuuuttErr'ss
BBuuuccKwwwEETTeeeRRRsss
bAAAccckwwOOOoddss
BBOCCkwwwOOOeDDSSS'SS
BBUCCCkkWWWiiioDSSMAnn
bbIcKwwweeOOdddSmmOOn'sss
bbbaaccckkkwwwOUUUdSmmUNNN
bbbAAACkkkYYYArrD
BBaaaCCCkkyuRRd'SSS
BBBuuuccKyEERdddS
BBAccOOOnnn
BBBecooon'sss
biiCterrreaa
bbbActiiirrrEEAA's
BBAACTTaRooIIIl
BBAccTeerrrIulLLLyyy
BBBAcccttErrrEUUUS
BUUUcccteeRRAACCCIDDAAALLL
bbaCCttEERRicccoooDE
bbaCCttteerrIIcccuuuDDooo'S
BAAccTEEErIICCuuuDUUUSSS
BBBEEECCTERRiinn
BBBAACteRRiulIIGGiicc
bbbIccttERaaOLLLagggiiiccOOLLL
BBaCCCtttIrriiiallogggiiiCaallllyy
BAAAcTTTerrrOOOLLLOOGEEEssstt
BBaaacTErrriOOOleggooosttt's
BBBAACttooorruuoolIggASStS
BBBaaCTTEEErIooLLLEEEgggy
buuCCTTerrreeeUUULLuuugyy's
BAccTAArriiiuLLysseeSS
bbbaaactturrIIIolYSSSIIs
bbIcccTTTEEReIIPPPHOOOGGGII
bbbaaacctttEEErrrIIIooPHHuggOOOS
bbActttiiRRIIIooossTTTeesseSSS
BBBactAAArraaaoosttOOOSSaaaSSS
bbuucctttOORIOOOssTTaaT
BBaaacteeeRRiOSSSTTATSS
bbAAACCCTTTERRRouummm
bbaaaCCCtaaarOOOuuummm'sss
BUUUCttteeeroooAD
bbbAccTaaarrrOOOAAddSSS
bUUCCEEELEEEfoorrrm
BBBAAddd
bboooD'SS
BBaaddddooorrr
booodddddduRlllooocKKS
BBOOOddDAAASSt
bbbaaaDDDdddIIe
BBBaadDDIAAA's
bbbaaaDDddIESSS
bbbAdddyyy
bIDddyy's
BBBOdEE
BBIdGGUU
bbedgge'ss
bbbAAADDDgggeddd
BBBaaDDgggerr
BAAADDDGGAAAr'sss
BBBEEdddGGGeRRRiiiddd
bEEdggEEErrrUnGG
BBaaaDDDgggaaarrs
BBudGeeeS
bbAAADDiinnaage
BBIIdUnnnEggUUU'S
bbAdddllloooND
bbAAdddlaaaNdddS
BBaaaDDDLAAAnnndddss'sss
bbuDLy
bbaaadmmmaan
BBBAdmmUUNN's
BBBAADDDmmmoonnn
BBeDmmmiNtttOn
BBOdMMInnnTTIIIN'SSS
bbbaadddMMMoooUUUTh
BaDDmmaaAtttHHHeD
bbuddmmmAAAiTTTHoonng
bbbUUddMMEEEuTHHSSS
bbaaDDDNNeessss
bbbaaDNEEsSS'SSS
BAffffLaa
bbAFFFFFllee'S
BBBAFfLLLeD
bbaafffllIMMMeenTTT
bbbiiifffflimmmEEENt'S
bbbuuuffffLurr
baaaffFFllEEER'S
BBBAAffffLLLEEErrsss
baaFFFFleS
bOFFFLLLeennngg
bIIIG
bbbaaaggg'ss
bbUGGGAAssE
BUgAASSSSSuS
BBBAGGGAAATooLLLlA
BoogaTAALLLLLOOO'SS
BBiiiGGAttEELLLLLEESSS
BiGiiiLLL
BBBaaagggeeeLLL'S
BBBaGGGOOLLsss
bbbAAgFFFEEEll
BBBuGGGfIILL'SS
BBBeeeggFFuuLLLs
bbbUUUGGGGiiiGGEEE
bOOOgggggooggeee'sss
BBBEEEGGGGGiDD
bbAAGGggiiirr
bbbAAGgOOrrrsss
BBaGGGGGGieee
bbaGGGGIUU'sss
bbbaaaGGgoooEErrr
bbIgggGEEooosss
BIIIgggooussTTT
bbIIGGGgIILy
BBBuugGGGUNNNeeeSSSSS
bAgggiiiNNNUUsssSSS'sss
buuugggGGGInGG
BBaGGGInnngss
bbbaaaggGGyyy
bbaaGGgYYWWWrriNkkkLLeee
BBaaagmmmANNN
BBBaaggmAn
BBBaagNNiiiooo
bbEEEgggNNNIooosss
bAAGGpIIppaa
bbbaGGGPPPuuPPPaa'sss
bbbaaagPIPPaar
BaaagggPiiipar'ss
BuggpiiiPPPeerrs
bbAggpppiiiPEESS
bbbagss
bOgggSSSffuull
BBBaGGUeeTTtttEEE
bbbaaggooouuutttttii'sss
baaaGGUUeeeTTttesss
bbiiiGuuooo
BBBAAGGwaag
BBBAAAGWWORRm
BBBiiih
BBBaaaHHADDDIIIRRR
bbbIIIhhtt
BBUHHt'ss
bbAAAhhTSS
BBBaaahavvRehhhOO
BAIIIlll
BBBaaauuuLL'SS
BBBAiiLLaaabbbLLLIII
bbbuuiiilllEED
BBBaIliI
BBBEEoLLLaASSS
bbbUUALLLEErrr
baaaIILEyy
BiiiiLLEEyyySSS
BBIIeeelIe
BIIIelllIIfff
BBBaOOLLLiFFFffSSS
BBBuuuolllIIInnngg
BBIIIIIILLeewwwaCCKKK
bAAAuuullIIWWECCkk'SS
bIIIiiillliiiwUUUCCCkkkss
bbaOOlmmeNT
BBAAAiiiLmmmEnnnTSS
bbbAAiiiLaaRR
bEEiLLLoorSSS
BBoaLLoouuTTT
bUUULOOUUt'ss
bbbuuuiiiLLOOUUtsss
BBauuuLLS
BBaauuulllsMMennn
BBAAiilllSSSmaannn'S
bAAAiiiLsssMenn
BBBAANuuuTEE
bbbAAiiiRRRnn
BaUUUrnnn'SS
BBAAoooRNNsss
BBBAAAaaTTT
BooiiTTT'ss
bbboooTTTaaDDD
bbbAAiTTTAAR
bbAiiiTTTiinnnGG
bbbIIIITTTS
bAAIIzooo
baaeZZaaaSS
bbaaIIZaaa
bbbaiZZZE's
bbAKKa
BBBIIkke'sss
BBBAKeeddd
BAkkEEHoooUUUSSSaaa
bbbAAAkER
biiikER'SS
bAAKKKEEErIAASS
baaKKEEERsss
baKEERyy
bookkERRRYY'sss
bEKeesss
BakkeesHHOOOp
BBBAAkEEshhhOOP'sss
bbbaaaKeeessshOOPPS
BBAAKKKaaaNNNgg
bbAkkkInnnGSSS
BBoooKKlAAAvAA
baaakLOOvaaa'SS
BBaKsssHHiiiAASSSHHH
bbEEKKssHEeeesssH's
biiilAccLLLEEVE
BEELLaCCLOOVVVO'sss
bAAlaaccLLAVaaaSS
bbbooLLLEELLaaIkA
BBBAllalllAAiiikkee'S
bbbeeLIlliiIIkaS
BBaLAAnnnceee
BBOllAAANNCCCEEE's
BBBUllAANCEEEddd
bbOOOLaaNNNcEErr
bbbAlllAAnnnceeRRss
BBBAALaaaNNceeess
BBAAlllAAANNciiinnnGG
bbbuLLLOOOsss
bbaaLLLaasEESSS
bAAllaTTo
bbUUlllaaatIIIsss
BBBUULLLBOOOA
BAAllbbbOOU's
BooolBOOasss
BAAlllbbRiiggggann
bbbALLLbRRReGGGGanss
bbbAAALCCeennnIIesss
BaallcccOnyy
BeelCCEEENyyy'ss
bbbaaallD
BAAlDDACCHiiNNN
BaaLLLdddEEEccchhhUnnOO
BBOOlldddAAAChhhIIINNs
bbboollldddeeddd
bEEELLDDEr
bbiLLLDEERRDDaaasssH
BBBaalddOOOrdddAASHH'ss
BBAAlldeessstt
bbbaaaLLDDDFFoccUUd
BBaLddHeAdd
BBBaalllddhIuuuDDDeeeDD
BBalllDDHHEEEaaDSS
BBElllDiiis
BBBALdiNNggg
bAAALdddLLYY
BBaLLDDneeSSSSS
bbbUUUllDDDNNNOssss'S
bbbOOLDDDPPPeetE
biiiLLDDDPPATTEEESS
BBBaallDrooc
bbULLLddRRACC's
BOlllddRiiCCCS
BBAALLLdddss
BIILdddY
bbballlooo
BBOOOlllEEE's
BAAALLLeDDD
bbbuuuLAAEEEn
bbbAAALLAAANNN'SSS
BOOllIffIIreee
BBAAlllEEffuuriSS
bballlEEFFFoool
bbbEELLLiiFFULLllY
bbbaaaLLUUUFFFAAlnneeesssss
bbOOOLLLUUfuuullnnnOOOSSSS'SS
bbbEEEllUUUrrr
BBBALLeR'sss
baLLAAArrss
bbAAAluuuS
BBBAAALUnnggg
BIILLLkk
bbaaLLLKKK'sss
belllkkeeDD
baalllKOORR
BBIIlkIIIeeer
balllKIIIeeStt
bbooLKKKIIINNg
bbbAAlllKKSS
bbOOOlkkkyy
BBBAAlllLLL
BBBaalLL'ss
balllLLaDD
BBaaaLLAAAD'SSS
bUlLooDDu
booLLladUUUErr
bbAALLLLLLaaadooIIIRR's
BBaaaLlaaaDDEEOORRRSSS
bbaLLLllEEDDEs
bbAlLLLAAddUssTTT
bbbaalllllADDDMMOOnnngeeeRRR
BALLLLADDDRRRyy
BBBOllllaaaDDRRRYY'sss
BBaallLLIIDDDs
BBalllAAsssT
bbEEELLLLLLAsssTT's
BuuLLLlAAAstEd
BElllLaaSSTENG
bbbaaallllASTTTs
BULllOOTTeee
bbAAAlllllbbOOOy
bbbAALLLLcaaRRRrrIIIooRRR
BBAALLLllccOOCCCkkk
BBOOLLllccOOOCCCk's
bbuuLLlCCoCKsss
BBoolLLEddd
BBBiillleeerrinAAA
bbballlleeerrUnnnAA'S
bbAAALLLlErrraaaNNNASS
BaallllleTT
BaaaLLLeTTT'S
BaalllLLUUUTTTiiicc
BBiLLlEtttuuuMMMUUUNI
BBAAALlEEEToomannneess
BBeellLLEttts
BBBaaalllfflOOwwAARRR
bbbaLLLLGAMo
bAlllllgggAMuu's
bbIIIllllllgggEEMMMEEESS
bbballLGGUUrlll
biilllggERRRlS
bboLLLgIIIwwnn
bAALLLGGGoowwNNNsss
bbilllluuOOOrr
BBAALLllIIIuuuSTTT
BoooLLLlllIIInGG
bAllLAASTTTEE
BBBuuLLLLLIIIsssTTTIc
BBulLLLiiiSSTICCUULLLLYY
bIIIllLIISSSTTTiiiCCS
BBBAAALLLLiSStttuuuCSSS'ss
BBBaLLloCCCkkSS
bbaLLLooNNN
bOOOlllLLLEEEnUUt
bAAALLLLLooaN
BBBALLLLLUannn'SSS
bbbaallLLLuuuOOOnnnEDD
bbiiiLLLiooonuuuNNggg
baalLLLEEooNNNiiSSSttt
BBAAlllloONISSSttt'SSS
BBBAAllLLOONIsssTSSS
bbbAlliIIInss
bbbAAALLLLLOOTTT
BBBAlLLeet'S
balllllOOtOOOD
bbAALLLLLiTTaarrr
bbaaaLLloTTTIInnngg
bALLLOTTS
BBullllllaTTTttAAmmmUnnT
BBBUUUllllpoorK
bOOLLlppaRkk's
BAAllPPArrKKKSS
ballllllPPLUyyeeeRRR
baaalllLPPPLAAAyyEEERR's
bbbUUUllLLLppllAAyyyEEErrrsss
bbbAALLlllpppoInntt
bbbaLlllpppOoonnnTT'sss
BuLlpppiiiinTTTs
BaaalllLLLRoommm
bbbAAllllRRREEooom'SS
BaaallLrrrAIImsss
BBBaallLLsss
bAAAllSSAAdd
BBBIlllLLLSSESSS
BBBaLlllsIIEEERRR
bIIIllllllSSSoooSTT
bbbaalllSSiinnnggg
bbeeeLLLllSSSYY
BBaalllllluuutEEE
BBBAAllllY
bbbAAAllLLLYhhhOOOU
BUlllllYhhhOOOOO's
bAllLLLYHHUUauuud
BBBeeLLLLyyyHaEEEoonng
baaLLyyHHHOOaaS
BuuLLLyrIIIGG
bILLlyyyrraaGGggad
BBaalllLLLyyRooogGGGuuuNNNGG
BUllllYYrrrags
baaaLLmmm
bEllMMM'ss
BILLLMAcoooennn
BBaaalllMMIEEErrr
BaaaLLmmmEiissT
bbbaaaLLmmoLLyy
BaaalllMIInnnEsssss
bAAALMMiiNNeeSSss'sss
BBBAAAlMs
BBBUULMMMyy
baaallNEEALLL
bbbaaaLLnEEEUlllOGy
bOOLLOOONNNEEyyy
BeLUney'SS
BOlllSaa
BAAALsA'SS
BBAAlsssaaM
bbEEEllssAAAm'S
bUUllssuuMMIICCC
bALLSSSooMMMIIffERRRUUUuuSSS
BAALLLssaammONNaaaCCeOOOuuSS
BBIllSIIIMS
BBallssaSSS
bbAAALLUSSTTeeRR
BBBaalUUUssttERR's
BuulllusttteeRRRS
BILLLuusssTTRAADDDee
BBIlllUUUsTRRRAADuu'SSS
BBAAAluustttRaaddED
BBalluuuSSttRRAAdeSS
BBBAAMBIIni
BBBaaMMMbiiinnnoS
bIIIMMBBBEEEAA
BBuuuMBBBAAOO'SS
bbaMMMbbEEOOS
bbumBBBOOiizlAA
bOOMMMbbeOOOZZZLLed
BBBAAAMMMbAAiiiZZZleeeMEEENNTTT
BBBAAmmmbbEooZZlleS
BAAAMMMBBBooOOOzllANNG
BBeeenn
buuunn'SSS
bbAnnnaL
BAAAnnnallATIIIEs
BAnnOOlItYY
BBBooonooollaTYY'SSS
BiiiNNNUUULLLLLYYY
bbOOnANa
BBaannnAANa'sss
bbunoooNNNAAAss
BOOONNOOUUsIIIC
bbbaaaNNNcc
bbannndd
baNNNd'SS
BBBiinDDDEEgggAA
BBOONNDaaGIII'S
bbbaaNNNDaaaGGGed
baaaNNNDDDAAgEEES
bbbaaannndddaagEENNggg
BaanndIiiiD
bbAnndddIInnOO
bbannddaaannnA'S
BBBaaannndaanAAAss
bbOnndANNNNNNiii
bbUnnDDDunnNAA'SS
BBBAANNDDUNNNNNASS
bbaannnDDBBoooxx
bIIINNNddbbUxxx'SS
bbiiNNddbbixeess
bbbaaNDDAAAAAuuu
bbOnnnDuAAu'SS
bonndEEAOOxxx
BBBEEnnDUddd
BBBENNdEERRR
bbboNNNderrrIIILLLlAA
bbbeeenDDDEErrIILLLLLiiiSS
bbAnnDDErrrAlllleeeRRROOO
BIINNDDooorIIILLLLIroooSSS
BaaaNNNdddorrOll
bbbeeeNDOOORRaaalllooo
bbbAAnnddICCCOOooot
BBBOnnDIIICCOOOooTSS
bbINNNDDDUUEddd
baanDOEErrr
BANNdddaaEss
bbOOONNNdddIIESTT
bbbaaNNddIInnnggg
bAANNNDeeett
BBaaNDDDUtt'ss
BBInddOOOtRRRyyy
baandddIIItryyy's
BAndIIITTTss
bbbannndiiittaa
baanDDlAuuuddeR
BBoNddlleeiiiDDDUUrrrSSS
BBAAnndddMAAAssstORR
bbeeennnDDMMMUSTTTERRR'ss
bbbOOnnnDDDMMMoosssTTTEERRRS
bbaaaNNDDaaGG
bAAnndoooLeeeaaarr
bbbuuunnnDooLaERR'SSS
bbbiNNDDeeloErrrSS
bAAAnDOOLLiiEEERRR
BBBAANNdALLLIeeerr's
bbaNNDOOOlllAUrrrSS
bbbANNNdoLLiinnE
bbbEEEnnDDeeRRRe
BaaaNNNds
BBennnDDDSaaaW
BoNNNdddsuuuWWWSSS
bbbEnddSmmmeeennn
BaaaNNNddSSSMOOOn'SSS
BBuuuNDDDsssmAANNN
BIIINddSTiNDD
bbuuuNDDDSSTTAAAnnddd'ss
bbInnndddSSSTTAANNNdddss
bbbaaNNNDurrRRiiia
bbaaaNNNdwwaaaggaaan
baannnddwAAAgooonnn'SS
bIIInnndddwwwaGGGunnnSSS
bbAAAnnndWiiddTHHH
bAAnnDDWWWIIDDDTTHHHS
BBBAAANddy
BEEENDDying
bbbEEnnDDyyyLLAAAgGeedd
BBAne
BBBaaannneee'SS
BonnnAABeerRIIIESS
bbAANooobbbArrrryyy
BBBaannneeeFFUll
BaNNNUUSS
bAnng
BBAAnggg'S
baaNged
bAANNGGEEErrr
BBBeengiiinnnG
bAANgggLLI
bAnngllii's
BBAnGLLLES
bbaaaNNgggSSS
BBeeennnGGTTTaaOLLL
BBBaNNgggttaaaiiLLSSS
bbAAANNII
BBAAnnIaann
bbbOOnoanSS
BEEnnnIISSSHH
bbbaaaNoooSHHeDDD
BeeeNNNiiSHeeSSS
bbUUUNNiiSHINNggg
BBOnnnIIISSShhhMeNNTTT
bbAAAnniiiSSShmmmEEENttt'sss
bbaaaNNNiissteeRR
bbaanniisTiRR'SSS
bbONNIsstEEERRS
BBBAAANJJJooo
Bonnnjja'SS
bbbAANNNjoooEEEs
bbaannJJAAiiiSSST
bbAnnnjjeeeOOOSTT's
bbbAAAnJJJIIaaassstttSS
booNNNJJJOOOs
BBBeennKKK
BaannKKK's
bbbaannKKaabbblEE
bbbuuunnKbbbuuuooKK
BOOOnnnKKKbbbOOiiKK'sss
bannnKbbbooKKs
bIIINkccciiirrd
bbbaaaNNkkCCARD'ss
BBBaNkccARDsss
BBAANKKeeeddd
BBBUUUNNkkEEErrr
BBaNNNkkkOOR's
bbaannnkErss
bbaaNKKEEttt
BBBAANNkOONNNgg
bbbaNkkinnng's
bbunKKNNNOOOTTE
BBaannnKKKNNuuutEE'ss
baNNkknnOOOTAss
bbAANkkkRROOlllL
BBinnnKKRRROLLL'sss
bAAnkRoooLLLLLeeeDDD
BoonnnkkrrOOllLinggg
BAAAnKKrrOOLLLLS
BaaannKKrOOOpttt
bAANNNKruPttt'SSS
BuunnKrrAAApptCiieeeSS
bbbunnKKKRRuptCyy
bbbAAAnnnkrrreeePPPtcyy'SSS
bbbEnKKRRRuptttEEEDDD
bbuuuNNkkkRRRuupTTINNNggg
BBAAnnnKRRRIIPPtttSSS
bAANkkkss
BBANkkssEEAAA
BEENKSSuuAASSS
BIINliiiEUUEE
BuuuNNNnOdd
bbAAANnnneR
bbUUUnnNuuurr'SSS
BBBuunnnnnARRReeeT
BBBAnnnURReeeTTs
bAAANneerrrAlll
bbbiNNNNEEERs
BaaannnnaNNGG
BInnnNisttERR
bbAANNIsTTEEErrr'ss
bbiiNNNNAAsssteRRS
BBaaaNNNNEEckk
BBaaNnnnUUUCCK'S
BAnNNoooccksss
bbaaaNnnS
BaannnnnnS'ss
BonQQoouut
BBBANNqqoettt'S
bbaaanQQQiiieettAADDD
bbbunnnqqquuAAAttaaRRR
bAAANNQQUeeettteeR'ss
bbaNNqaeeetteeers
BANNNQEeetInGGG
BBBEEnQQaauTTSSS
BAAANQoiTTTttta
BBBAAAnQUeeettttE'SS
BBBunnqUAAAtTTeSSS
buNs
bbOnnnssshhhiiiU
BBunnsHHuuuoo'sss
bbbAnsssHHeeIISS
bbbANtt
bbannTTTaaM
BBBAANNttuMM's
BBaaaNNtUUMsss
BUUNNNTTTAAmmWEiiiggghTT
bbANNNtAAmWEEEIgggHHTTT'SS
BBBUUNNNTTuMMWEEEiiGHHHTTS
BBBANTTTEEERR
bbIInntttOOR'sss
BBBannntttOOrrEEDDD
bbbeeeNNTTTuRRRenGG
beNNttteeerrEnnggLLLY
bIINNNttOOORSSS
baNttInnggg
baaNNNTTTiiNggSS
BBBAAANNTTTllingg
BBoooNNYEEEnnn
bbuuNNyyiiiNNN'sss
BAANNNyyyaannSSS
BBAAANNzzaIII
BBBaanZAo'ss
BBBiinnnZZZAAAEES
BiOObaaBBB
bbbuuEEBuBB'SSS
bbbIOOBBIIbbs
bbbuuPPP
BBaaapppss
bbbAAPPPtiiism
BBBAAAPPtttiSMM'SS
BBBuuuPPTIISSSMMAALLL
BBAApttEEEssmss
bbbeePPTisssttt
BAAAppTIISSStttIRRRiioss
BBAAPPTTTIIISttERRRyyy
bAApTTTiistiRRRy'S
BBEpTTIssTTTRRIIAASS
bbOppTTToooSSTTTRRRyy
BBBaapppTASTRRRy'sss
BBBaappTTTisstttsss
bIIIPPtEzeee
BBBaaaPPPttOOZZEDDD
bbbAAAPtttiiizzzEEr
beePtttoooZZZeRRR'SSS
BBBOPPPttooozzEEERRsss
bbbaPTTiZZZEEES
bbbOOPPTTeeziiiNNggg
bOORR
bbAAArrr'SS
bbEEErATTHHHEEEO
bbbOORRbb
BBBaaarrb'ss
bbbeeerrrboooRRRiiAAnnn
bbaaaRBBaRueenn's
baaRBBBeeeRRRiiuuNNESSmm
BaRRRbbEERRooUUUnessMM'SSS
BuurrBBAArrrIiniSmms
bbbaaarrrbeerriaaaNSSS
bbAAArrrBBARRRiccc
BBBuuuRbbbArroCeeeLLlYY
BBBOrbAAArrriSSmm
bARRRbbbiirruuuSSm'S
BARRbbbAARIISSmS
baRRbAREEEttiAs
BBBaaaRBBuurrrITYYY
bbbErrBarUttyy'S
BBeeeRbboooRRIIzITTIIaaNN
bbaaarBBaaRRROOzoootUUUoonnSS
baaaRRbbORRRoooZZZiii
BBBaaaRBBAARRRIIIzzzeed
bbbaaarrbbEEErEEZZZeeeSSS
BOORBBBiiiRRRaaZZZAAANNGGG
bArBarrrAoooS
bERRRBBAAAroossLLLYY
bbbeeerrrBBARRROusssNNNISSs
bAAArrrbbaaarrooEEsssNNESSSsees
bbberrrbbbAtEEE
BBeeerbbbeCCUUa
BAAARRbEEEccIIIUUU'ss
BBARbbbEECUUUed
BaRRRBBeecccuuueS
BBAAArbAAAceeiNG
boRRRbiiidd
bArrbAAAlll
bboorrbbbeeL's
BeeRbbbeelllLLL
bbAARBeeeLLll'SSS
BBaaRRbbooollLLLAAATTTAA
bbIRRRBeeellLLLs
BBBaaarrboollsss
BBURbbuQQUUe
BBBARBeeQQuii'ss
baaaRRBeeqiiiaadd
bbbAAARbbeeequuueeeSS
bbbAAArbEqqaeeennggg
BBaarBBeeR
bbIIIrBBBaRR'SSS
bbarrrbErreeDD
bbaarrrBBBEERRRinGGG
bbbaRRRbbbARRrrrUEEs
bbbArrrbbbeerrrY
bIIIRRbbbirrrryyy'SSS
bbbarrrbbbEEErSSS
BBARRBBUUUrssshhePPP
bAAARRBORRRSSShoPP'sss
BIIrbbbaaaRRRssshooopppss
bORRBBBEEEttt
BarrbUtttS
bAARRbbeettttEEE
BiiiRRBaaaTTUsss
BBaaaRbbbaaaCCan
bbbaaarrbbbaCannS
bbbarBICell
BAArbbbaaaii
bbAAARBBiieeesss
bArrBBAng
bbbAArbbItiiiLL
BOOOrrBitUlsss
bbbARRRbbbiitOOnnnAA
bbUrrrbiiTTTAAAnnnEEsss
BBAAARRbbbiTIrrraaTAA
bbEERRRBBBoottIIIrraaaTTooo'SS
BBerrrbbIIITTTORRUUUTOSSS
bbbaaRbbiiitttuuurriSm
BAARRBBss
bbaaRRRBUULLeee
bbbeerrrBWWWUUUrree
bAArrBBwwweeROO'sss
bbAAARCCCIIRRAAAlllEE
bbuuRRRcArrrOli'ss
bbbAAArrCAARRRooollleeSSS
BBBaRCCuuurrolLee
bbORcARROOlllLLLo'ss
bboRRcccirrroLLEsss
BBaarrrCCHHHAAAn
beRRdd
baaRRDD's
BBoooRRDDeee
BBBaaarrdddIIC
birrDDDsss
BBoorri
bbbarrebiCCK
bbAAArriibbiiiCCCkEddd
BBBirrAd
bbbAArrrefffEEEcceD
BBAAREfffAACCEEDllYY
bbbIIIrrEEffOOoT
bbbARRReFFFOOttteD
bbARRiiihAAAnDDeddd
bboRROHHeaaadeeeD
BBBaarrEELLLiiGGGGGid
baRAAllY
bIIIReeeNNNEEsssss
BArreeeNNuuussSS'SSS
BBBAAREEEr
BBBARReess
BBBerooSAAArrrkk
BBuuuRRRUUSSTTT
BAAARFF
bbbAArf'SSS
BARRFFUUdd
bbaaarrfffIInnnggg
BBaaarrffLoooESSS
BBARRfffLy
bbIRRRFFllyyy'SSS
BBeeRFs
BBBaaarrGGiiiiiN
bbbaaarrGAAON'sss
BaaaRRRggaaoooNNNAAADD
BOOORRRGGGiOnnnEER
BeerGEEinnnOOORRR'SS
bbaaarrrGIIIINAAARRRSS
bURRgggAAAUnnINNNgg
baRGEEiiNNs
bbiirrrGEEE
bbIRRggee'sss
BiiirrGeBoURRD
bbbAArrGGGEDD
bbbuuurrggeeeLLLlO
bbooRggEllLIIS
BBErrrgUMMaaaNNN
bARRRgggEEmiinnn'ss
baaRRRgoMEENNN
baaarrGePPULLLii
bbuuRgggAs
bEEErrrGHeeeSttt
baarrgggunnggg
bbbUUUrHHHooPPP
BBBaarrHHaaaPPPEEEd
BBBooorrhhiPPPooonnggg
bbbARHUUppsss
bAAArric
bAReelllAA
BBBaRRRelllllASSS
BBBeeerriiiNNNggg
bbaarIITTiii
bAAARITTTaaasss
bbbARoooTTiiNNNu
BBaaRReTTONEEE's
bAAAROOtteeNOSS
BaarrrIIIuumm
bbEEERRRUUMMM's
bbiiirrKK
BBBArk's
BaRkEDD
bbARRRkkkOOePP
BBBAAARKKIIIEEppp'S
BBBarrkkIIoooppErr
bbArrrKaaEPPPeeeRR'sss
BBAArrrKiiiePPPeeerrrsss
bbbeeerrkkeeeeeppSSS
BBUrrrkkeeNTTTIIInni
bAArrKOrr
bbOOrrrkER'SS
bbbUUURRkeerS
bbbAAArKKKIIInGGG
bbbaaaRRKKSS
BBARRRLiiyyy
bbbAAArllOOOYY'SS
BaaRRlllEEycAArnnn
BBaRRRllEYCCCUUUrnnnSSS
BurrrMMM
BBIIIrrrmmmAaaaDD
baaarrrMMauuudd'S
BBErMMAidss
baaRRRMANNN
BBBEErrMMOOOnnn'sss
biRRMMMaan
BBiiiRRMIeRR
BBBAArrMMMiiieesTT
Baarrmms
BBAARMYY
BaaaRnn
BBBornnn'SS
bAARnuCCLLLa
BaRRNNNiiiccLLe'SS
baaRnnnooCLLLIdd
BBBArrrnACCCLesss
bbbIRnnaYYY
BaaaRNNEEEYYss
bbAARRNS
bbbERRnnnSttEErrrm
bAAArNsTTTUUURRRMMMIIIddd
bAARNNssstooormmmeeeRRR
bbbAARRRNNNSSSTTTuuuRmmmIrrr'S
buuurrnnstaaarmAArrrs
BBeRRRnnStoorrrMMInG
bbbeeeRRNNSSSTTAARmmSSS
bbuurrrnnnYYYAARRd
BBaarnnnYYYeRdd's
bbbaaRRRNNNYYYaaRDs
BaaruugrrraaMMM
bbbaRRRoooGGRIIPPhhh
bbbaaarrruGGGRRRePPPhicc
bbIrrrIGGGRRRoPHsss
BaRRoooMMMEEttEER
bbbaaaRoMeeteeerr'ss
BBaarrriiiMMMooteeeRRSSS
bbboRRRUUMMMEEETTTrAAACCC
bbOORROOmeeetrreeeceeeL
boooRRRoommUUTTRRocccaaaLLlllyyy
bbEERROmmeetttRRRIIGGGrrrAPPHH
bbbAARRRaaaMEEETTTrrryyy
BBaaRRROOONN
BAAAriiNNN'ss
bbbOOORRROnniiiGGuu
BBBiiRROnnAAAGGooo'S
bbAArrIIINNAAAGoos
bbbARRooNEEsS
BBBeRRROONNNEESSSSS'SSS
BBarrronIIISSSSSSEEEs
BaaaRROOnnEEttt
BBBiiirrreNEt'SS
BBBaRAnneeTeeeGGooo
bbbUUUrrruuunnEtCCCiOOOs
BBBArrruuunAAATCCCyy
BaaareeeNNEEttCyy'SS
BArrrooNoTToossss
bbAAArrUneeeTTs
bURONg
BBBoooReNggS
bbbArOONNAAoooLL
bbbAAARRROOnniieees
buuuRRRoonnnSS
BARRROnnY
bbbAroooNNYY'ss
BBaarrOOOQuuuEE
bbAAArrraaQQEEEaa's
BiiirrOOOqIIIIlllyy
bbaaarossscccOOpee
BBEERRRIUChE
BOrrroiiCCHOOOSS
BBBOOrrrQQaaai
BBBaaarrrqqqUii'ss
bbAAARQOOOONNtinuuu
BBOOOrrQQOOOEEsss
BAAARraaackkk
BAARrriCCCK'SS
bbARRRRRaCCKOddd
bbaaRRRRACCCKKinGGG
BaaarrRRRaaaccKKUNgs
bbaaRRAccKKKS
bbbAArrrRacOOooNNN
BurrrrraaccUUdddE
bbburRRiiicceeeddAA'ss
BArrrrraaacUUDAASS
bbeeeRRRRiiGEEE
BorrrRRRaaaGGGAAA'SS
BBBerRRaaGedd
biiRRRAgeeeSS
BEERraGGANNg
BBBarrrrrraaammmUNDDAAA
BAAARRRRaaammUUnndAAS
BuuurrrOOONNNCiii
BAAARrrrUTAAARR
bArrrRATRRYYY
bbbuRRRrrre
bbaaarrrOO's
BBaaaRRRREEED
bbboRRRrrrEElll
BBiiirRRReL'SS
BBBAArrrreeeLEEED
bbaaarrrReeeLLLHHeAADD
BBBUURRRRREElHooUUUSee
BBAARRRIILLHHHooESSSEsss
bbbuuurrrROOOlllINNNG
BBBAArRElllAADD
bbbaaaRRRRRREELLLiinnng
BBUURrrEEELLLSS
BBBaaarRRRIInn
BBuurrrEEEn'SS
BBOOORRrriNNEr
BaaaRRRUNNUUUsssttt
BBeeRRrrrEEEnnnnEEEsSSS
BBBAARRRReeeNNIIISS's
BaRrrAAANNNs
bbbaaaRrrrES
bbuurrRReeet
BAAArrreeTTEEE
baRRRRoTTTTTTEEE'ss
baRRRAAATTtOORRR
baaarRETTTTiiiRRRss
BBirRRREEETtus
BAAARRRUcaaaDEEE
BeerrRRReeeCEEddde'S
bbAArrRRiCEEDOOdd
bbbIrRiccaDDDIIIss
BBBUUUrrRRRIcccEEdddIINNNG
baaarrroOrr
bAAARRRreeoorrr'ss
BBBARRrriEEERRRSS
bbaarRIInnng
bbArrriiinnggs
BBBEERRRRRiioo
bbaaaRRRrrrIa'SS
BBBaarrrrrOOS
BBBARROSSSTer
BOORrrriiSSSTTEERRR'S
bOOrrRiiSSSteeerrsss
baaRrrroEEmm
BBBEERRRrroooomm'SSS
BAARRRRuuooomSS
bbaaarRRoWW
bbbiirrRRowww'S
bAArrrRRRoooWWWS
BBERRRsss
bbbArtOnnDoooRRR
BaaartuuuNNDDERRR's
bbbaaaRRttennnDDDEEErs
BBaaartteRRR
burTTERR's
BoorrttteereDD
BBuuuRTUUUrrOOR
bbbArrrtttEEErrErrr'S
BBORRRTTTEERRIIIrss
bAARtttERINNg
bbbUURRRtteeeRRss
BAAArrrtttiiizaann
BBIRRRtOOOnnn
bbbaaRycEEEnnnTEErr
bbboooRRyyycciinnntRRRooC
BEEryyyaaa
BBBaaarrryyyeesss
BBARYYYinn
bAAARRyUUN's
barrryyOnnS
baaarryyyTAA
bbaarrrYYYtiiSSS
BBBErryytttEEEss
BBeerYtttOOONNN
barrYtaaaNNNE
bbbEErYYYTTOOONNNEEESSS
BBBuusAAll
BaaasAAALLLLYY
bAAssseLLLTTT
BAAAsElllt'ss
bbbESSallTTTeeccc
BBBasselllTsss
BBBOOSSAAALLtwwweeree
BOOSSaaannOOOttte
BBesssCCiiinnnEEEttt
BBUSSSccUlEEE
baScuLLESSS
BBasssee
BBUUUSEE'S
BBAsssibbbeLLLlll
booSEbbALLLLLL'sss
bbASSeeBBBaLLLlllSS
BAAASSSiiiBBoooIrrrd
BooSEEEbOOOAAARRddd'sss
bAAAsseeeBOOUUUrrddds
BEEEsseeebooRn
bbbOOsEEBBBirrrnerr
bbbASEDDD
bbaSSSeLLLEESSs
BBiisuuulIsssNAAAssss
BBaaaSSSULLuuuNNU
Beesselleeene'S
BeeessIIlllUUnnnEEsss
bbaseLLLyyy
BBAASEEEmunn
BBBEESSSAAMANNN's
BBUssseemOOONNN
BBBaaasiMMMOONNttt
BBBeSoMMUUnnTT's
BBaaaSSSeemmmiinnnTSSS
BBBAAAseeNNNEsSS
BBBAASSSiiinnEESs'SSS
bbbASSSAAAnnnJJJaaa
baaSeeennJJJisss
BASSuuRRR
BBBaaSSSesss
BUSUUUsTT
bAsh
beeeShh'sss
BosssHHHOOOWWW
BessshhIIID
bbbeessshhhUUUR
BISheeeSSS
buuShhhfffULLL
bbbAAsHHFFFEllllyy
besshhFFAAlNNeeeSSSS
bbAAASSSHHFaalNEEsSS'SS
basshiiibaaaZZZUUUUk
BBBuusshhunnng
BaaSSShhhiiNNggg'ss
BBAssiCCC
bbAASSIc'S
BBAASECaallLLLyyy
BBAAASSiiiccciiitttY
BBBIssAAcS
bbbUUsEDDOaaa
BBBaaaSSSIdOOOOOMMMYCCCeeetee
BeesssAdddEEEMMMyyyccAttAss
BAsssuuuDDOUUUsssPPPOORRREEE
bbEEsssEEddEOOSPPoorrrEss
BaaSSSOOODouuuM
bbAAsEffOXXeD
BBBEEEsssiiLLL
bbbasIIIl'S
BIIsilliiiRR
bbIISiiilliiicAAA
bbaassiiiLiCAA'SSS
bbbAAASSSEELECCCaaNNN
BBBAsssuullleeeCCaS
BBBeSSSIllIISSSkk
BaaasssiiillliiisKKK'ss
BBBUSiiiLLLIISksss
BuuusIIINNN
BBBaaaSSIIIn's
bbiisAAANNNAAl
bISSUUUneeT
BBBeSSEENNNettS
BBeesiNNFuulll
bbessiiiNfffulll'SS
bbbaasssUNFULLs
BAAssaaannnGG
baSAANSS
bISSSienn
BAAssseePPPEEEtttALL
BBaSiiS
BBAAASuuSS'sss
BBBUSkk
BaaSSSKKKoood
BBEESKKKEttt
BAAAsskkeeet'SSS
BBBAASKETTTBallll
baaaSSKKUUtBBuuullll's
BBBaaasskkEEETTBBBeelllLLLSSS
BBeesssKKKUUtFUULL
bbaaaSSKKKIIItttfIILLLss
bAAsssKetRYYY
bEESSKEEttRRyyy'S
bbbUSSSkkiiTTTS
BBBAAASSSKKATTWWORK
BIISSSKKKeetwOrrrk'S
bbaassskiiinnnggg
BEEsssKS
BBOSSSeePPHHElll
BBBiSSSoppHHALLLSS
bbASSqqaii
baaassqqqUUUAAAsss
BBasss
beeessSS'SSS
BBBAsSeeRRuSKKK
bAAAsssseeeSS
BBBAAsssSSSeett
bAAASSSSATT'SSS
baaaSSssIITTTSSS
BBBOsssSiii
BBAAAssssOOOnnniiiTTT
BBBassSSIIInnUUUtt's
BBaassssIIINEEEts
bbbaSsIISSSt
BIIISSsissTT'S
BBBassssiiisstsss
bbbuuuSSSsO
BBBeessssssOO'ss
BIISSSSUunn
buusssSooOOnn'ss
bbaaaSSSsOaaannnOOSSTTT
BBaaassseeoonISSSt'SS
BesssssOOOniiiSSTTsss
BBEEESSssEEEuNNNs
BAASsOSS
bbASSSSSSWWWoaaad
bbbisSSWOOEddd'S
bbOOssssssWWEEIIIdddS
BASttt
bbEESST'sss
baSSTAArrrd
BBBUsssTaarrdd'ss
bbAASTTOrrdizaatttUiiNNN
bbbASSSturrrdddizzzaaaTIIIaaNNN'SS
BBaaassTTTAAARDDizzziiTaaaiiiNNNSS
bbaaasttturdiiZZee
BBIIstttOORRRdIzzzudd
biiSStAArrDezzzeeSSS
BAASTERRdddizAAANNNG
BBBaaaStttOOOrrrdddLLY
bbbASSSTTTAARRds
BBIIISStttaaRRDyyy
bbAAssttooorrdYY'SS
BBAASSStE
BBasteeDD
baStttIIIr
BAAsssttter's
BBuStteeeRRs
baaaSSttisss
BBBIIIssstIILLAA
bASSSTTiilllLLEE
bbbAsssTTTaaannaddaa
bOOOSSttIIInIIDDDiiddd
BOOsssTInnnooodddESS
BBAAsTIInnaadddOOO
bbbOssTTToooNNAddooiNgg
bAASSSttanUDDOOss
bbbaaaSSSTTTiNGG
bbbiiSStiiinnggss
BBaaaSTTaaoooNNN
BBIStttIIONN'SS
bbOSSttteeOOONNNUddd
BBBAAAsttIIooNNs
bITTT
BBBut'SS
BBAttCCCHHH
BAAATCHHH'sss
BBBATTTchhhaaaD
bbbaaTcchuuus
BBiTTTCCCHuunggg
BBBOTe
bbEtttOAAu
bbbOOttEEEAUXXX
BAAATEDD
BBiiiTEsss
bbbaTTfIIIsssh
baaaTTTfffoWl
BBBuuTTfffaWWWliD
BATTffOWWWlluuNNG
BBBAAttfEWWLLSS
bbbAAATHHH
bbuTTHH'SSS
BaaThheee
BBatheee'SSS
bbbUTTThhheeedd
bbUtthhhirrr
bbeeeTTHHHEEEr'sss
BBOtHHeeeRRsss
bAAAThhaass
batheeTTiiC
bbeeTHhhhOOeeSAAA
BBAtttHHHhhhuoSSSE'SS
bbbEEEttHhhhooUSSeeeSS
BAAATTHHEENg
BBBuTHaaaNGGG's
baatttHHHMMATT
bbbATTHmmAAAttt'SS
bbbAAttHHmmmaTS
bbbEEttthhhOOOLLiitthhh
beeetttHolIIItthhSSS
BBBattHHHIIIMMMAAttoorr
bOOtttHeeS
bAThhoSSS'S
BBBATThhRRRoobbbEE
BBBatttHHRRROOBBIII'sss
BBuuuTHrrobbbEEEs
bbbaaaTThraUmmm
bbAThrrAAAooMMM's
bAAtthRRRoIMMss
bbaaTTHHSSS
baaTTThttUUB
BaaTTTHHTTOOOB'ss
BBBAAAttHtttuuBBsss
bbAAATTHHHwaTEEr
BBAAtHyyyaaLL
bIIITHHHYYMMItttRRIEsss
bAtthhhyymoottRRRy
bAAAtttHHHYYPPPEEELUGAAACC
BBBATTHHyyySSScccAAAPh
BBBaaaTHHyySCCiiPPPhh'S
BBAAtttHYSCCCaaaPPHHHee
bbEEttthhysscapHHHAAA'SSS
BEEEttHHHyySSCapppHHEEsss
BBBaaaTTThYSScAPPHHS
bbooottHHyySSSppphaaarru
BATThhhYsspphhhEErrree'ss
bbUUUthhyySSPPHHHEErrruuuss
BBeeeTTEEKK
BBAAtttEKKK'sss
BIITTTUkkkss
BBEEEtttinngg
bbbETTTisTII
bAAATTUUsstttE'SSS
bbbooottmmmiiN
BBaatttmaannn'ss
bATTMeennn
bbbeeTTToooN
BBBattoonn'SS
bbUUUttteenns
BeTRRRaaachhiiaaannn
BAAtrriiiccchhIAAANNNSSS
bATss
bbooTsssmmuuN
BUUttSSSMMUUnn'S
bbbattsssmmmeennn
BBBaTTTtt
BBaaTTTTiilOOOOOnn
BBaTTTttaaLiOnn's
bbuTtttalllIIoNNSS
bbaaTTTTTOddd
bbaaTTTTEMMeennt
bbiiitttteeeNN
bbbAATTTTTeeNNN'SSS
bbbAAAtttEENNNOOODD
BBBiitttTTEEnAAnnGGG
BBBATttUUUNNNSS
bAtTTeRR
BAAATtttEEErrr'SS
bbaatttoRREdd
bbbuuTTeeRReeerrr
BeTTERRRaarr's
BBaaattturEErrrss
bAAATTttteerriieSSS
BBATTtOOrrIINg
bbIITTtteRRiinGGSSS
BBBaTTTTTTaaars
BBAATTTTTTAARRYYY
bOOttttIIIRRRYY'SS
baaaTtIIIiiiRRR
BATTtttIaaaSTTT
BBBIItttTTOOk
BItToonGG
BBBattttINNNggg'SSS
BEEtTTTluu
bbIIIttTTTlllEEE'ss
bbbatttllIiixx
bbbettttllAAAAAXXX'S
bbbOOOttttleEXXuu
bbIITTTTTLLLEEEAAXE'SS
BBOOTTTTTTLLEUxxxEs
BBBuuuTTtttLLLedd
bbaTTTTllEEEdoooRRUU
bbbATtLLLeeedddOOrrrE'SS
bbbITTtttllluudOOORRREEs
bbAATTTTloDDresss
bATTtttllleeefffaaaEEELLddd
BBAAAttTlllEEFFIIIOLdd'S
bbbETTTlluffEAAlllddSS
BaaTTTTTLEEEFRRoonnnT
BBBiiitttlEEEffrrOnnT'ss
bbAAtttTTlllefrroNNNTTTS
BBUUTTTTLeGGGrrOUnnDD
baaTTttLLLegRRRiuuund's
BBaaaTTllleeGGrrroouuNDSS
BBBittTlemmmIINTT
BBIIItttTLiimmmeeeNTTT'ss
baaatttttlluuummUUNTIIddd
BBOOTTtttlAAAMMAAnts
bIIIttTTTlllepplUnne
bUUTTTTlllEEErrr
baTTTTTLeeeRRR'sss
bbETTTtlllIrrrss
BaTTttllOs
bbbOtttTllASSHHHippp
bbaaatttLeeSHHiiiP'S
BIIItTTlleeSShhIIIpsss
BBIttttLaWOggOOnnn
BBAATTTTlleewwwAAAggEEEnss
buuutttttLLIIInGG
bUtTTToolOOgIzzzO
bittTTOLLLoooGGyy
bbbaTTTTuIII
bAttTTTUUUIISSS
bAAATtY
BBeeeTTWUUUnnnG
bbUUbbblooo
BBaauubllliii'SS
BuuiiiBLLLEEss
BBaAAADD
BBBUUuuuddd'sss
BEEUDDEEkkUn
bouuudddSS
BBBIIIuuuXXXiiTu
BAAeeexeTo'ss
bbAAAVAAArrDAAAgggoo
bbaaaWWbbIIIAAA
BBBiiiWBBBeeess
bbooowCCoooCCk
baWddd
bbbAAAWDD'sss
bbaaawwdiiooor
BBaawwwdddiiEEsssTT
bbaaaWdddIIlllyyy
bbaaaWWdddIInniSSS
BBooWdddIINNNEESSSs's
BBIWddRRRiiEESS
BBBAAwdddrrYYY
bbIIwwdddss
bawwwDyy
baWWWdYYYhhhooouSSU
BBUUWWDyyHHHOOuuSSEss
bbbaaWL
bbbEWl'ss
bbAAWWWlllIIIDDD
BAAAWlllooRRR
bAAwlllUUNGGG
BBBAAWWWLLLs
BBAAAY
BBBAAYY's
BAAAYYEEDDèro
bOyyyaaRRRDD
baYYYbbIrrRRiiieeeSSS
bbbUYYbbbEERRRy
bAYYYbbAArrrrrYYY'SS
bbbeyIIDDD
BayyUUUNNNGG
BBIYYYEENNAAtt
baaaYOOnnuuT'S
BAAYYOOOnEEEtooDDD
bbAYOOONNeetOONNGG
boooYYYeNNNUUts
bbboooyONAAATTttID
bbAAAYoooNNNEEtTTTinG
BBaYYUUUUUU
BBEEYYYEEEaa'sss
BaaayyyeeeUS
baaaYYsss
bAYYYwwwiiOOOddd
baaZZuuaar
bbAAAzzzAiRR'sss
bbbaazzaaarSSS
baZZZARRR
BBBeeezzOOrS
BBBeeZZILLLLiiiEEN
bAAAZZZillliionnnSSS
BBBUUUzaaIIkIII
BBAAAZoooIIIKKaa'ss
bbbAAAzzEEEoookkesss
BBdEELLLLLaoomm
bdeeLLliiiAAAMSS
BEEE
BBBeeAAcch
BBBeeUUcccH'sss
beeeOccchCCCOOMBIRRR
BIaaaCCCHHHCCIIIMbbEER's
bEEEAAcccHCCCoooMMMbbiRRsss
bbeAAcchhCCCeMMBiiNNg
bbeeaCHHuDDD
BBBUUAAAChhiSS
bEaaacccHHfffRRENTTT
bEIIcchhEEaad
BBBEaacchhhhEEaD'SSS
BBEoooCHHhhEAdSSS
BOOAAAccchhANNNGGG
bbeeeicccHHHWWuaarrr
bbbEOOOcHHWWWaaaaaar'SS
BBBAAAOCCCOONNN
BaaAcccooNN'SS
BBEAAACCCOOONsss
bbEEaaad
BEEaaaDD'SS
bEEAddOOD
BBBEEEodddeeeIIrr
bAaaDIIIeeST
BUUUOdIINNGG
BIIEEEDDuuunnnG's
baauuuddle
bbAAAAdllii'SSS
BBeiiidddllEdIIIm
bEEaaaDDDLLLEEES
beeeEEEdrrUlllLLL
bEEoooDDSSS
BEaDDsssMMaaan
bbIIIIIIdddsmeeN
bbbEEaaDDDyy
BBeeiigggLLLO
bEEEAGGGlle'sss
BBOOOagllleees
bbeakkk
bEEEAAk's
bEekeeed
bbbaaaaaakkEEEr
BBOOOeeeKKKER'SSS
beeeOOKKKeeRRRSS
BBBuuAKSSS
bbeeeAM
BeeOm'sss
bIIomOD
BeeeEEEMiiiERR
bOaamiiAsT
BBBeAmmmiinggg
BBIaammSSS
bbeaaaMY
BBBeeAn
bbOOOAAnn's
bbOOOOONNNbboooG
BBBEaaNNbbbigg'SSS
BBBeaaannBiggS
bbeeeaNBBBooLLLL
BEEEaaNbbbAAlllLLLSS
BBBaaaaaannneeedd
BEEaaannnURRYY
BBBEEEAANffEEEAASSStt
BBBUEENFFAaaSttts
BBuuAAANIIIEE
BBBeeUUUniA'sss
BBeeaaaniiiEs
BBBEEaaaNIIInGGG
BBBEEaNNNOO
BBBueeennOss
bbeeeoonnPPoolle
BBEEEANNppEELLLee'S
bbbIaaaNppoLLLeeess
bbbEEEaannnsss
BBBaaaaaannnsssPROEEt
BBBeeeuuNsspRaaaTTTS
bbOOOaaNNNSStuuLLLK
bbbEInnnsTTOOllkkk'ss
bbbEiiiNNsssTTaallKKKSSS
BeeeaaaRRR
BBeeAAR'SS
bbbiiARRaBBllleee
beEERaaabblllYY
BBBEEEUUURRbeeerrrrroeeSS
BBBAAARRBBBaRRRRRYYY
BBBEEAAArrCaaaTT
BBBEEEIIIrcccatS
bbeeaarrDD
buAArrDDD'SSS
bbbEAAArrDDDeddd
BBEEEiiRRddiiiNNg
bbEUrrrdddllOOsss
BBaaaRDDDs
bbbAaaRRerr
BBUUUEEERRReeRR'sss
bbaIrreerrsss
BBEEEAAARRRAANNggg
BEEEAring'ss
bbbeeAAARRRIInnnGGGsss
bbEEAAARissh
bbEEurOSSHLLLY
bbbEEiiriiSSShneeeSSSs
BBeeaaarissshhNOOssS'SSS
bbbUUAARLLIIIKKeee
BBeeaarrss
beeeARRRssKiinn
beaaaRRSSKKKiNNN'SS
bbbeOOOrrrSSkkiiNNNs
bbbEIIIrrrwEOOd
bbUaRRwiiiODDDs
bbOAAAssTTT
bEEUUUSSttt'SS
bAUUSSTTIInngggS
BBBeeessTLierr
booAAASTTLLIeSSTT
bbUUUESSSTLLLOONaaaSSS
BBBeeeOOstLLiinnesSS'ss
bbbeaaStttly
BBuuAAAssTllly'ss
BiISSSTsss
bEoottt
bbeeeEEEttt'ss
bbIIaaaTTTaabLLLu
BBBaaTTenn
bbbeUUUTTTIIIrrr
BBBEEotttoooRR's
BBEuuuttERsss
BeeeIITTTiiiFUUUCC
BBBuuuOOTTIIFUUUCCAAALLllYYY
beeaTIfUUCCuteiiNNN
bbbaaaiiitiiiFFFicAAtion's
BBeeITIfooCAAAttIoNNNs
bbuuaaTTiifIaaddd
BBeeUtttuufIIIeess
BUUUaTiiiFFYYY
bEiiitaaFFYYYIInGGG
BBEuuttoonnnG
bEEEaaTiiinnnGG's
BBeeeaTTTeeNNNgsss
BBUaatttitEEEdee
bOOaTTAAAttEEDDDe'SSS
BOaTuuutteDDiss
bbbAaTTnnnuuuK
bbbeaTnnnIIK'S
BBAaaTTTNIIKSS
bbbeeITTTS
BBBooaaaU
bbbuuuUUUuuu'SSS
bbaaEus
bbboIIIEtt
beIuuttt'SSS
BIIIAAAootiiioouuuS
BBAAaaUUttOeUUslly
BBEEEuuaaateeeoUUSSSNeSSsss
bbbUUUAAAuuttUUoooUUUssNNessSSSaaaSSS
BBEEAAAuuuTTTICIIIaaannn
BBBEAUTTTIIICCCuaaann'SS
BBBEEEEeeetttiiCCuAANss
bbbeeaaeettuuEEEsss
bEEEAAUUTTiFUUUCCCIItIeeNN
bbEEEaaaIttIFiiicccETTiiONN'SSS
bbIIUUUUTifiiEDD
BBBIIIOOUUTTTiFAAERR
BBBEEEautoFFIIIoor'sss
BeeeeeUUUtttIIFIIeerss
BiiiaaaatifAEEESSS
BBuaaEETTTEFFFuull
BBBAAAAiiTTIIffALLLllyy
bEEEAUToFFFyyy
BBeAOttUUUffyyIInnnGG
Beeeaauutttss
bbeeAAOOTTyyy
BBBeeAAeeeTyyy'ss
BBBOeeOxx
bIIAAVVVAAArr
BBEAAAViiiRRR'sss
bEiiivErrrBOOaaaRDD
BBBOUVEEERRUUdd
BOAVVVIrretttO
bbeeeAAvvUUUrrrInggg
BBaaauVVERSS
BUUUbbeEEErEEnnnii
bbEEBEEiiiRuuu
beeBBBopp
bbbeeBBBOOppp'ss
BBBuubbePPPs
BBiiicaaLMMM
BAAACCooollMMAAd
BBBEECCCAlMMEngg
bbicccEELMMSSS
bbbiCAAmmmOO
buCCCoouuSSeee
BBaaaCCcccaafiiCCCooo
bbbEEccHHAAAMMMell
bbeechAMMelllSS
BEEChhaanCE
bEEECHiiiNNceeedd
BBUcHHAANNccAASSS
BBBEcchhIIINNNccIIINNGG
bbEEEchoRM
BuuuCCChhurrMED
BOCHHHAArrMMiiiNg
bbbECHaarMMMSS
bECK
bEcck's
buuCCKit
bEEEccckkkONN
bEEEcKKKoonnEEED
beecckOONNNiiiNGGG
BBBeeeccckkkOOOnnnS
BEECCCkksss
BuuCCLLUUUUddd
bbeeeCCCLaooodddeeD
bEEEcclllOaDIINNggg
BBeccLLUUiidSSS
becEEEmooo
bbEEECCCOOMMaass
bbiiicEEmmmooNg
BBBEcommmIINNGlYY
BBEEEccqqqUUiiiROl
bbiiCQoooeeRRellss
bbeeeDDD
BeD'S
BBeeedddAABBBBllEE
BBIdoooub
BBBUUUDDOOeeebbbeeeD
bbiidddaaEbbInggg
BBBeeDDDAAAAAbbbS
bbeeDaZZZlEEE
BBBeeedazzZZZLLLeedd
bbbODDiiizzzzzLEEMennntt
bbeeeDaaaZzzzllImmmeeeNNNtt'SSS
bbEEdAAZzzzllEEEss
bbeeeddAzzzzzzLLLInnggg
BBBOdddbbbugg
BBeeDDbOOggg's
BBBoDDDBuuGGGSS
bbbEdcHEEmmbiir
BBIDchhhaaaMMBBIrrrss
BBedcccLLOOOtHHHUss
BBedddcllETThhASS'S
bbbedcovEEEr
BBBEEddCCooovveeerrsss
BBEEEDDEEEdd
BBBeedddeRRR
bbeeDDddEERS
bbbeeddDOOnG
BoooDDDddiiNgg'ss
BeDDEECKKK
BBBedEEECkkkEEEDDD
bbEEDDaaaccKOOONGGG
bbbEEddduucKKss
BBBaaDDDUUll
BBBEEEDDDeeeSSSMAAAnnn
BBBOOOddaaavAAAll
BBBIIIDIVViilllEEEDD
bbbEEEdddEVELLIINNNG
BBadOVVViiilllLLIIDD
bbbEDEEEvIIILLLlllIIINNg
BBaDaavEELLLmmeNNNTTT
bedaaVVAAlllMeNNNTTT'ss
beeDEEEviiillSSS
BBBeDeeww
BeDDuwwwuuD
bbbEEddEEwiinGGG
bEEEdEEwSS
booddFUSSTTT
BBBEDDDfffeeelllllloooww
BeDDDfelllliw'sss
BOODfffulLLLOOOWWWss
beeeddHHAaad
bbbEEEDDhhhAAAADDDs
BBeeeddIIIGGGHHtt
bbbeeeDDDEEGGGhhhttaDD
BBBeedddoGGGHttIIINNg
BBBeeeDIIghhhttSS
BBeedddUUUMMM
bbuddeemmmMUdd
bUUddiiiMmmmiing
bEEdIIIMMMS
bODDEEEZEEN
bbbiiidddazEEnOdd
bAADDIIZZeeennnINggg
BBaaddaaaZZenSS
Beedlluum
BBeeddLLLaaam'SS
BBBIIDDDlAAAMiiiTTOO
BBBEEddllammUttesss
beedddLaaammss
BBBOOOddLIneeNN
bEEEdddmmAAKKeRRR
BEEEDMAAkkkeerS
bbUDmmAtteee
bbbEEEDEuinnn
BBBeeDDDPuN
bbUdddPOnn'SS
bbEDDppeeenns
BBBUUddpLEtttEE
BuuDDDPPOsT
bEEDDpppOSSSTTT's
bbbeeeDpppOOssstSSS
bbbEEEDDRRIbbbBBBLLEEE
bEEddrrAAAgGGlEEE
BBBeeDDRRRaaGGGGGLeDDD
bbEDDDRaaagggGGGLEEss
bbOOODRAAAggGlllEEnnG
BBeeDDDrrUUUol
BBeeDRRRUUDDDDEEEnn
BeeeDDrrrOOOcccKKK
BBEEDDDrrOOCCCK'SSS
bbbeDDriiiCCCkS
bbbEEEDRROlL
BeeddrrrIIILLLL'S
bbOOdddrrULLLsss
bEEEDDDrrrUOOmm
bbAADDrrreIMM'S
BBBuDDrrrOaaammmsss
bEEEddss
baaaDDDsssHHEETTTSSS
baaaDDDssiiiDO
bboooDSSIIIDDAAA'ss
bEEEdSSIdEss
BBoooddSSIT
bEEEDDssiTs
bbuuDDSSIIItttttEEEr
bAAdddSSIIITTTTTeerSSS
bidddsssoorree
bEEEdddsIIRROOO'SS
bbbEdsssorrriisss
bbbEddsssPRIIIEEDD
bbOODssspREAD'S
BEEEdddsPrEEuuudSSS
bbbiiiddsppRRinnnggg
BEEEDSpRingggss
bbbIIdddsteAAd
BBBAADDssTTeeeaaDD'SS
bbbUDSSTiiiIIIDsss
BuDssstRRRaw
bbbUUddSSTTRRRiiiwSSS
bbIIdtIIIMMEEE
BBiddttiiMu'sss
bADDTTuMMaaSSS
bbbuuuDDIIIIInn
BBBedwwAAARRRmmmerr
BAAAdWeTtttANGG
bbIIIeee
bbbEEEE'S
bbEEEbbbrrEEAADDD
BBEoobbbReeEEdd'S
bEEEeCCH
bbboECCHHH'ss
bbbEOOOccHHHuuuNNN
BBoooIIICCHHuSS
bbeeEcccHnnnUUtt
BBiiECCHnnOOOT'SS
bEEEEEECChNNNUTTSSS
bbbEEeeccchhwwooOOd
BBBeeeiff
bbbooEf's
bboUfffALLLeee
bbEEEEfALOOOIs
boeefffaaallluSS
beeeffBUUrGGAR
BeeeUffBBBuuuRRGGGeerr'SSS
bbeuuuFFFBurGGErrss
BAAAiFFFccIKKeee
BBEEFCCaaaKKee'ss
BAeeefcaaakkEsss
beeeaFFuuuaTTEEER
BBooUUFFFOOuTTTEERSS
BBAAoofOODD
BBBeEEFFFiiiiiir
bbbEEEEFFFiiiEEESSSTT
BBBoeeffiNessS
bAEEEFFFInnAASSSSSS'S
bbEEEeFFInnG
BIIEEEfs
beEEfffSStteeAAkkk
bAAAIFsTooaak'ss
bbbuuuuFsTTeAKKss
BBBEEEfffWWWoooodd
BBBEEEEEEffwwooooDDDSSS
beeeaaaFFYYY
BBBEeehhAAvvvOO
bbUeehhiVVVee'S
bbEEeehUvvIsss
BaauukeeeeppeeRR
BBeEEEKeeeeeePEEr'SSS
BeeeeKeeeeppeeRss
bIEEKIIEEEPPINGG
BBBOOOEKKKeEEpInnGGG'ss
BBBauuuLLINE
BBEEelluuNNE'SSS
BBeEELooNNNeeeS
BEEENNN
BBBeeoop
bbuuEPPP's
BBuueppeddd
BBBEEEEppAAArrr
BBEEEePPErrr'SS
bbEEOPeeerrrss
BEEiPiNNG
BBBaEEEpps
BBBAAAErrr
bbuuEEERR'SS
bIEEEraArrr
bEEEIrUUEssst
bEEEuuuRRmmmAAATTT
bbbEEEeermaattsss
BIIIOOORRRsss
Boooeeerrry
BeEESS
BBeEEESTTTannnggSSS
bbEEEeSSSWWAAAx
BOessWWWaaaxxx'S
bEEEOOOSSwwwinnnGG
bbEEEuuutt
bbEEttt'SS
bbbiettLLLEEE
BBBeAtttLLi'SS
BBBEEEeeeTTllleDDD
BIeeTTlESSS
bbeeeEETLLuuuNNggg
bbeeEEEtrrroOOOT
buetrrrAEETTTss
bEEEEEtttsss
BEEEOVVVEEss
BBaaeZurr
bafffAAll
BBBEEEfffEEElllllleeen
BBiiiFFFAAAllllUUUNGGG
bUUUFooolllls
BufffaLLLll
bbeFFFIIITTT
BBBeFITSS
bEEffuuTTTTTEEddd
bEEffeTTTIIInnG
beeeFFIItttTiiiNNgggLLyy
bbbIIIffOgg
booofffooGGAAADDD
befOOOGGGGUnnG
bbbefffOGGGSSS
BeeefffUUUoooll
BBEEffOOOOOOlleeeDDD
BBEEEffoooOLLLiiNNG
bbbefffaaaells
BeeeFFURRII
BBIIIffOOORRRUhhhuNNDD
BBuuuffOOORReeettiiimE
bEFFFouuLLL
BBBAAFEuullEdd
BBBUfaaaUlllIIInGG
BefuaaallSS
BBeFrruuueeenD
bbIIfrIEEEnnddEdd
bbbEffRRieeennDDIIINNG
BBBaafffRiiEENNDDSS
BBBEfffaaDDDDDLLEEE
BAfUUdddDLLLeddd
BBBeefffaaaddDDllEEEMMMEEntt
BoofUUDDDLLLOOmmAANtt'SS
BEFUUUDDdlllEEsss
BBBIFeeedDDDlllannng
bbEEg
bbeeggAnn
BBaaagggAtt
BBBeeeGGGeeett
BBBaaGeeetttSSS
BOgITtURR
bbeeeggEEtTTTeRs
BoGGEtttTIINNg
BBeeeGGGgooor
BBEEggGGGIIIR'S
BBBegGGiiiRRRUUD
BeeeGgArIINNNGG
begGaarrlIINNNUUSSSs
bIIGGGGiiRRly
beeeGggAAArrSS
bIIIGGARRwwwAAAooodd
bbbaaaGGGGeerrWeeudds
BBBOGGGgAArYYY
BBBEEGGgirrry's
BBEEGGEdd
BBBEEEGGGGGGiiiNNg
BEEEGGGeennn
BBOggIINNnnaaRRR
BBagguunnnnEEErr'ss
BBEEgooNNnnnEERRSSS
bEggInnnnnnEnnngg
BBBAGGGEEEnnnninnnGG'ss
BeegginnNNNIINNNGGGSS
bbEEggEnnns
BEGGGarrrdd
BBBEEGGGIIRRddEEd
bbegggeerdddiNNNg
BOOOGiRdss
BBEEgiirrrTT
bbeeegonU
BAgOOONNNOOOA
BBBeeGGOOOnnUUUAA'S
BBBIIgggoonnnaaaoos
bEEgggoorrraaa
BeeGGGot
BeeegOOOttttttEEEnn
bbOOOgRRiiimmE
BBeeGrrriiimmmEEEdd
BEEggrrriiimmmUUSSS
BBIgROMunnngg
bbEEEggRROOOdGGGeee
BBuuggRRuDDDgggeeeD
BBeeeGGGrrrEEDggaaSS
bbboooggRuuDDganGG
BBBEEEGGGRRiiiDggIIINggLyyy
BBBEEggsss
bEggguuuELLLii
BBooogguIIIlEED
bbeeegggaaaulleeMIINTTT
BeGGUUiiillAmEEnTT'SS
bbEgUUAALLooRR
bbbeeeGGuuuUUULLEErr'SS
BBBeeeGUUUaLLLErSS
bbIgggaiiLesss
bEEGGGuIILLLIIInnnGGG
bbbEgguuIIIlluuuNNGlly
bAggguiiNNe
BaaguOnnno'SSS
BoGGGUUUinos
BeeGGoomm
bEEgggUUmm'SSS
BBUguMss
bbEEEggginn
bbEEEhhEEELLLff
BBoooHalllFFF's
bbbUUUhiLLvoosss
bEhaaaVVVEE
bbooHAAAvvvEdd
BBEEEHIIVVIS
BBEhAAVVVIINNGGG
bbbEEEHooovvaaaeeerrr
bEEHHHavAaaarr'SSS
BBBUUUHaavvvAOORRalll
bbbEEEHHHAAVVVIooRRaLly
BBBooohhaaVVAOOrrrIISSmmm
bEEEHHAAAvvIIERROOsmmm'ss
biiiHHHiiVIIOOORiiST
BBAHAAAvvvOOOooReeSSStt's
bbbEEEHIvvviOreeessstttuCC
beeehEEEvIOOORRRESTTss
BBBoHAAVVViOrSSS
BBaaaHHHEEaD
bbbAAHHHeeaadEEddd
bbbEEHHHEEEiiiDDDINNNg
bbUUUhuADss
BBBEEEHHULLd
bbbEEEHHIImmmIIItttHH
BBBoHHHaaammmOOOttHHH'SS
bbbUUHHHEMOOtttHHsss
BBBEHEEESt
bbbUhhheeStt'sss
BBaahhhEEESSSttSS
BBBUHinddd
BBBEEhhhIINNd'sss
BBBuuuHOONNNddhIIInnd
bEHHHiiiNNNds
BBEhoooLd
bbeeHOlldoNNN
BBBEEEHHHoLLDDaaar
BBeeHHHIIllDDDuuurr'sss
bboooHHoollDIIRRRss
BBiiihoooLLLddaNNNGGG
BBUUHHHIIILLLddss
BEHHHiOOF
bbiihhhoooOOvvOOO
BBeehoAAvvvEEEdd
bbbiHoOOVVVESSS
bbOOHHHoOVinnnGGG
BBBooaaGGGU
bEEIIIgAA'SSS
bbbEEEENgg
bbOInnng'sss
BEEIINGGGsss
BBBeejjeewwwIIl
BBEjjeeewoLEDD
BBBeJJeeewwiilIINGG
beeeJeWWWAAALs
BBBEElll
bbbEEElllAAbboR
BeeLabbbEreDDD
BBeeelUUUbbOOrIIINNGG
BBuLLOBERS
bbEEEllIITeedd
BellAAttteeeddlyy
biilAAteDDnnIssssss
BBeeLLLAAIIIddd
BULLAAy
BEELLooYYOOd
BBAALLAyiNNGGG
BBBaLAAYYYss
BBEllcccHH
BBaalllCH'sss
BBBeellccchhoDD
bAAALCCChIIIs
bbbeeLLccchiiinnnG
BeelllDDaaMMM
BBeelddIIImmmu
BBBaLLLDDDUUUmmuuusss
BBildaaMMMss
bbuuLLaaaGGGIIIiiirr
BBEELLLooouGuuuuuuRRREEEDD
BBBEllEIIGIIaaaRRRiiiNNNgg
bbbeeLLLEAGIURRss
bbUULUmmmnnnATuuu
BBBellloommmnnIITTTaS
BBeeeLFFrrrOEEES
BBelllFFRRRYY
bbUlffRRyyy'SSS
BBBeeeLGGa
beeellooU
bbbiLLiiiiidd
bAAlooEFF
BBBeeeLLLiiiEEEFFF'SS
BBBeeeliiiUFFFSS
bbbeeellieees
BBEEELLLEEUUUVVaaBoliTTuuUUUSSS
BBaaaLIIEEEvaaBBBoooLLaTTTYY
BBBEEllliEEEvvvEbllIII
BEELLLiiiEEEvIBBBlllyyy
bbbOOLLLUUUovEE
bulllIAAAvveDDD
bbbuulIeVErrr
BBelllAuuvveeRR'S
bbbeeellioooVVeRRRsss
BBBEELLiievEEEs
BOOOlliUUUVVVInnnGGG
BILIKKKee
bbbaLLLIIIttTTleee
bbOOOlIIIttleeeddd
BBEEElloooTTTTTlOOmEEnT
BBBEEELLUUUTTLLeemmmOOnTT's
BELLLIttTTLLeeerr
BBBaaaLutttTLiiss
bEELLLaattlllIIIngg
BEELLL
bbIIIlllll'SSS
bbUUULLLllOddAAANNNNNA
bbbEEELLaaDDDoonnnnnAA'SS
beeeLLLLiiirrrMMMenaaa
bbbeLLLLAArMMMIInnesss
BeLLLllBBBUUUrrDDD
BelllBIIrrDSS
bbELLLLBBBOOtttttOOOM
bOOOllllllbbOOOTTTTOMMMeed
BBBEELLLBBOOOYY
BBBoollllllBBBoooYY'SS
BEEELLllbbaaaYYss
bEEELLLli
beeellLLLee'S
BBBALLllEdd
bbbuuuLLLlllIIIs
bbEEELLLlllEtrrIIISm
bAALLLLeeettrristt
balLuTTroossTTT'S
boLLLEEEttRRIIstttic
BBBeLLLLLeeeTTTRIstttsss
BEEllllFFllOOOWerr
BBeLlFFLLAAWEEErss
BBeeeLLLlllhheeePP
BilLLLHHoooppp's
BBBElLHHiiiPs
BILLuccUssii
BeeLLLlICCCooSSuttYY
BEELLlleeecccOOOSSOtty'SSS
BBBIILLLLoED
BULLLLIeeeSSS
bbooolllLiigEEERRRaaaNNNcccEEE
BUUULLlllIIIGEEREEEnnccceee'ss
bUUlllLLIIGGGeRRRIINNCCy
bbeLLLLIIIggerrEnccYYY'S
BBBELLlllIggooorrrEENNT
BeeellLLiigggeRRReeenttt'SS
BAllllIIgggeeeREnttLLLyyy
bbbeeLLLLIIggereennntttSS
BaaLLLLLaaannng
bALLLMMMeeNNN
BBBElllMAAAnn'SSS
bbbEEELLlllmmmEENNN
BBELLLLoWWW
BBIILLLLOOOw'sss
BBBEEELLlAAwwAD
BEELLLllowwiiNggg
BBBUUULLlOOOwSSS
baLLsss
bEEllLWWWaaTTHHiiir
BBEEELllWWWeeTTHHHER's
bbEllLwwwAAATTTHHEErsss
bbballlwwwOOOrt
BBBeeelllWWaaarrtttSSS
BBEEELLLlllYYY
bbbeelllly's
bEElllllYOcchhhEEE
BiiiLLllyyACChhhee'ss
bUULlllyyACChhhiDDD
bbbIIILLLLYaachhhEESSS
bILLllyyyacHHHiiiNNG
BBeeelLLLYYYBBiiinndd
BeLLLllYYYbaNNDsss
BEELLLLLYYbbuuuttttuuuN
beeeLLlyybbiTTTTToNNN'ss
bOllllllyyyBiiittTTTOONNSSS
bbbEEELLLllYYYFFiiL
bbIILLLLLLyyfffIL'S
bbEEElLLLyyfffuLss
BBEELLllyyyAAAnG
bbEEllOOmmmANNNCCCyyy
bbaLLLOnG
BBBoLoonnGGGEDD
BBeeLLaaanngguuuNGG
BBUlooonngggANNNG'ss
BBBiillluunnGGEEnngggS
bbbElinnGs
bUUlllOOOVVVeeDDD
BBBUlloovEEdd's
bbILLLIvvvuuDDDsss
BiLLiiw
BuuLLuuuWWWDeeeCCCkkSS
bollSS
bbIIllltt
BBoooLLTT'S
BBBelltEEdd
bbElllTTIINg
belTTTiiiNNggSSS
beeellltttsss
bbELLttwAAAYYY
BBBeLttwUy'sss
belllTwwwaaysss
BBBEEEllloGAA
BOLLLUUggguuu'sss
BBIILLUgggeeS
BeeeLvvedddoRREEE
bbElvvvuuddUUURReeS
BuuuLLYYYooNgg
BBBeeeMMMii
BBBeMMMUSSS
BBBEmmUUUaan
beMiiRRREEE
BBBEEmmmIreeD
BBBEEEMIIRRREEES
BBEmmmirrrAAnggg
bEEMuuOOnnn
BEmmOENNeeeDDD
beeeMMMOAAANNiiinnggg
BBeMMIIaNNss
bEMUUUccKKK
bemmmAAAccKKIdd
BBeMMMooccckkkINNNgg
BBIImmOOCCkkkSSS
BBemmUssE
BaaaMMuuusssEEddd
bbbeeeMMMOOOsssudddlllYY
BEMUUSSIMMeeent
BEEmmmUSSummEEnnnTTT'ss
bbEMMuuuSeesss
BBBaammmuSeengg
beeNNN
beNAAAmmmEE
bbEEnnch
bEEnnCCHHH'sss
bbbUNNcchEED
BBooonnnCCCher
BBINchUs
BUUUnnncchUUNGGG
BBeNNCCCHHmmaarrrKKK
bbEENNNCCHmmAAArrk'SSS
BBBINNNccHHMURRRkIINNNG
beenCCChhmurrrkkkSSS
bbooNNNcchwwwIIrmmarrr
Bennndd
BBBooonndd'SSS
bbbUUNNNdaaBLLLE
bbuunnDEEd
BinnDDDeRRR
bEEnnDDaar'S
bbeendddEEErrrsss
bbbEEENDDAAEEERRR
BBBOOONNNDDIEEsTTT
BEENdddIINNg
bbooNddss
BBBUNNNDDDwAsssE
bbOOOnnddYYY
BBBuuNNNeooTThhh
bbEEEnnEDDDAAccITe
BeeNEEEDDDiiCt
BBBOOnnneeediiiCCCToNNNE
bAAAnnnUUdIICTiooonn
bbannnEEEdddAAACTTOooNNN'sss
beenEEEDuuCCTTTiAnnnsss
bbOONNNEEDDDICCCTooRRRy
bbbEEEnnnEEEDDUcTTTS
bEEEnnEEfffACTaONNN
beeennEEffaaCttioooN'sss
BBeeeNEFFACCCttIIonSS
bIINNNiiiFFFAAAccctttOOOrr
bbeeNNNUUUfaaCTOOOrrr'S
BBBOOOnnnEEFFaaCCTTuuRsss
BEEneefacTTTroosss
bbbONNaaFFiiiCtReessS'SS
boneeefEcTrrEEEsSSees
bbeeNNeeefffuc
bbeenneFicii
bbEnnnEfIICCuuu'ss
bbbEEEnneeefuucccUUDD
BoooniiiFiccENcee
BinAAFFIICEEEnncO'ss
BoNeFFOCCEnT
bEEEnEEEFFIcccEENNNtlllyyy
BEENNNeffAACCesss
BeennnUUUffeeCiaLL
BBBEEEnnnEFiCCCIIIaLLLLy
BBBoooNNEEEFFEEECiUUrUUUUsss
BBBeeennnOOfffiiiCCCeIIRRRYY
bbbONNNAAFFFiccoooarrryy'SS
BBEnnEEffiiTTT
beneeeFFiiiTTT's
BUNEEFFiitEEd
BBBiinnneffIIIttIng
bOONAAFFFItttsss
BBENefffiittTEEEd
bbbeeeNEEEfffIIttiiinnnGG
bEEEnnaammmPPt
bEnOOOvvOOLLeNccE
bbbUNNNOOVuluNNccooo's
bbEEENNiVVOOllANNccUs
BOOONNaaavOOLOOnTT
bbbeeNOvvAAAlluuuNTTTllyyy
bbONNGGeLLIIInE
beeNNNEEEggghhtood
bEnuuuGGhhtAADDLYYY
BBeennnIIgggHHHTTTIIIDDDnneeeSSss
BBuuuNNNIIIGGNNN
bAAANNNigggnneeencccIIesss
bbbUUNiiGGnniNccYYY
BiiNNaaagggnnnuuuNNNT
bEnnaGnnninnntttLLyyy
bbEEEnnIgnnnIttY
BBeNNeggNNeeetyyy'sss
bEEnnUGGGNNLLyyy
BeNNNAASOOOnnn
BBBOOONNAAAsssoooNss
BeNNjjjaMOOOnn
BBBEnnnjjjimiinnnsss
beNnnEE
bbbeeeNNNNes
bbiiinnnnneeett
bbbeeennOOTs
BBINNNnuEEEss
bbbANNNYYY
bboooNNS
bEENNNtt
BBEnnttt's
BBIInThhUCC
BBBEntHHHUUS
beeNNNttthiiSSEESS
BAAAnTTuuNNiitee
BunnntttOOnnnIITTTEESS
BBBeeNNttSS
BBBeeennTTWWWooooooddd
bbEENtWIIIoodd'SS
BooNAMMBBB
BBEEENNOOOmmmBBaadd
BunnnuuummmbUUnnGG
bEnemmBBS
beNNZZZAAllDDDaaahhhYddEE
bannZZZEENU
BBenzAAANNEEE'SS
bIInnnZZiiiDDeeNNuuu
BUNzzzuuunnnA
beennnZZiinoo'SS
bEEnnZZZOAAAttii
BBBEEENNziiiuuuTTTeeSSS
bbbiiinnnZZOOOCaiiiNNE
BeNzzooocEEooneeess
BBEEnnnZoooFUrriiNN
bbeNNzzzofffooreNs
BBeeNNNZZZoiiCC
bbAAAnzzOOIIInnn
bOnnnZZaUUNNNs
bbeeennnZZOOOlll
BOnnnzOOlllSS
bbooNNzzOOPPhheeNNNOOnnuuu
BEEnnZZeeeYll
BBBIIInnnzzYL
BaaaNNNZZZylllSSS
BeeqqquueoooTTHHH
bbbIIIqUOOAAATheLL
BEEQQiiaAAATTThUUd
BBBIIqqqiiiEEEeeTTTHHEErr
bbbEQAAAiIIIttthhiinnGGG
bbbOOOQeeeeeiiTThmeenT
BEEEQQuuueeAATThhs
BBeeqqqoooeeeSSSt
bbEqqqUUUooosTT'S
BBeeeQuuuASTTTss
BBeeeRRRITTEE
bIIIRuuutteeeDDD
BErrIItteeS
BBBeeeReTTTeNNNGG
BuRRRbeerrrIIdaaCCCEuAAASSS
bIIrbEErrronE
BeeerrCCCEEUUssee
BBuRRccceeEEssEss
beeeRRReeeAvooo
bbbEERRoooaavvvEEDD
biiirIIIaVeMMMEEENNTTT
BeeerEAAVamuunnTTT'sss
bbeeRRRuAAvvEmmEENNTTsss
biiiriiieeVEEss
BBorrOOAAAvvUnnng
bbbeeeRRREfffTT
bbbORRRooTTT
BeeRREt'ss
bbbeerEttS
bERRRGG
bbEErG's
BBBEERRRGGGaaMMeeeTT
bbEEERgammaTTss
BErrrGSSS
bbEErrrgggSSScHHRREnddd
BeeeRRRaBBBIIIRe
BBEEErrIBBEEERRRi'ss
BBBErrKK
bbbEEERkkAlllIuuM
BeeRKKAlUAAmm'sss
BeeerKKKs
bbEErlllOOOyy
BirrLLLIN
bbboRRLLLoonnnSSS
bbbeeerrrM
BBBIIRmm'ss
BBBERMSSS
BBBURRRmUUDDasss
bbeeRRreetttttAAA
BErrrrIEEEd
BBBEERRRRiias
BBBiirrRYYY
BBeerRyy'SS
bbURRRRYiiiNg
bberrRyLLiKKKE
bbbEEErrrSSSaaaGGGLLIaRRRaaa
bbeeRRsAAAammm
BBEErsssEERKK
BuuuRsssEEErKKEEr
bbeRthhh
BBOOORTTHH'sss
bbbeeerrrTTHaa
bbAArrtHHHeeedd
bIIRRtttHiinnngg
baaRRRtthhss
BBBeeRRRYYLLL
bbbAAArryyyl'ss
bbbERyllLLLeeeNe
BBBErryLLLLIIUUUMMM
bbeRRRYYYLLlIIuuuM'S
bEERRRylS
BBAAASSeeeeeechhh
BBBeSSSeIICCheeeDDD
biSSEeCCChERRR
BOSeeeCCCheR'S
beSSeeeeCCCHeeeRRRSSS
BaaSSieecccHHHOOss
bessoooEECCCHiiNNNg
bEEsssiiiiCCCHHiNNggLLyyy
BBBIISUUeeMMM
beeSEEEEMooD
BBeeeSSSEEEeemiNNgg
bbesssooUUmmmSSS
bbbeeesssaaaTT
bOSAtts
BBiiSSEETTTttEnnnGGG
bUUssshhrroooWWW
bbUsssHRRReeewwEEEDDD
BBeesshhhReeWiinGG
bEEShrreeWWWs
BBBESSIIIdEE
bbeSSUUUddES
BEEsssooeegggE
bbuuusssoUgEddd
BBeeSSIIIIgOOOR
beeSSSaeeeGeR'sss
bIIISiiiEgerrrSS
BESoooeeggUUUsss
BBOOOsssiigiiNNNGGG
bUSSSlloobbBBeeeRRR
BuusmmeAAArr
BiiisssmEarEED
bEEssMMoorINNGGG
BaaSSSMMMAAarsss
bbEESSMMMIIrrch
BBASmmmiiiRRRchheeeddd
BBUUUSmIIIrrrcHHHIR
bbbaaSSmuuRCHeeSSS
BBBEsssmiiirrrchhIIINNNg
beeesom
bbbOSSSom'S
bbbeeSUUMSS
bbEESoooT
BBBeesoTTS
BUSSSOOTTEEDDD
BBBEEESSOOTTtttiiing
bbbEssouuuGGGHHtt
bbbeeeSSSPaNgggllEE
BBBEEESSpAANNGGlluuuDD
BeeesssppiingggllleeeSS
bbeSSSPPPaaanngglInnnG
bbEEESpaaTTTttARRR
bbIsPPPiiTTTTeeRREEEDD
bbbeesPPPEETTTTTeeeRRAAnGG
BBEESpppaTTTTTeeRRSSS
bbeeSSpppeeeokkk
BBBesPPeeAKKING
bbEESSSppOOAKss
bboSSPaCTTTaacLLLaaaDDD
bbEEsssppAkkkEEE
BBBUUUsPoKKIInn
bbeessPROaDDD
BOOOssppRREENNT
bbbaaSpRInKKleee
bbbUspppRIINNKllod
BEssspRRRiiiNNKKKlEEs
bbuusssPPrrInnKKKLLLIIINNNG
bbEsstt
beeST'sss
BBESSStuuOD
bbbIIIsTTTEEEddd
bbbessstttaaaaLLL
baaaSSSTTaAAllittYY
BessstteEEllITyyy'sss
BBUUssstiiioollIZZoo
bbbeeeSStOAAlllEZZEEED
BBBiisssTuOLLLiZeeS
bbesTEEEOOOLLLAzzIIInnng
BBOOOstttIUllllYY
bEEStttiuuurrroASSS
bEEsttIIAAARyy
basssttUUUARyyy'ss
BBiiisssttIIINNNGG
BBEEEssttIIrr
BEESStttUrrreeDD
BBBessstIIIRRRRRung
besstttIIIrrS
bbESSSTOWW
BBesstIIIWWoooll
bEESSSTTTeeewwwIIIl'ss
bbUUSSSttiwwaaallls
BBoooSSStttOOwwweeD
beesstttIWWWIInnnG
bEEESSSTTTEEWWSSS
beeesttrrrAADddllii
beessTRRREw
BBeSTRReWWEEED
BBBEEEsstttrrraaawwiiNNGGG
beSTTRREEEWWn
BIISSTTTrrreeWWS
BBAAAsTTTrrrEEEDDD
BBEEsTTrIIIdDDDUn
bISSSTrrrIIIDDee
bbbeessttrOOOdddeeeS
bbistRRRiiiDUnnGG
bbbUUUSSTRROOODEE
BeeessTsss
bbbEEESSTTSSSuuulLLEEr
beeSSTSSSuuLLLARR'SSS
bEEEsTTTsssellLLooorSSS
bbOOSStsOllLiiNNggg
BBeeet
bbbiiiTTT'ss
BiiiTTOOO
BBEEETTaa'S
bbbEEEtttaaEEEnnnee
buTTakkee
bbbEEEtttaaakenn
bbITTOKKEEEs
buuuTaaaKKKiiinnGG
BBBiTAAss
biiitAAtrin
BBEtttAAATTTRROnnnSS
BEEEttCHHaa
BaaateeLLL
BetuuLLL'SSS
bbAthh
bbeeethEEl
BBeeTHHoLLss
bUUTTThhhIInkkk
bbbootthhhuunnnkkInggg
BBBaaTTTHHIINNNkkkSS
bbAATThOIGGGHTTT
bbETTHHss
beettaaadduu
bAATTIIIDeeeDD
bEttteDees
beeetIdIINNNG
beTTiiiMEEESS
BOOOtttoooKKennn
BuuutttOOOKennnAAAdd
BETTTOOOkkUUUNAAAnnggg
BBBeeTOOOkkeeeNNNSS
bbEETTTAAnnY
BiteeooKKK
bETTTRRRoyyy
BeeeTTRUUUyyyuul
BBBettrayyAAAlll'sss
bbiTRRRayAAALLLs
bboTrOOYYYEEdd
bootttroooyyyAAARR
BBeeetRaaYYYUUUrrr'SS
bboTTrraaYUrrSSS
baaTTTRRAyyyonGGG
BeeTRRRiiiyss
bboooTrrroTTHHH
bbbEEETRRoooTTTHHHAALLL
BBButttrrrOTThhoool'sss
BBBEtrrrEEEThhAAAllSS
BBeeeTTRRRETTHiiddd
BeetttrrooothEEdd'S
BEETTTrrOtthhhUUNG
BETTTRRRuuTThhs
BBaaTTSS
bEEEttttAAA
bUttTod
BUUUtTTTEEER
bEttttttEERRR'ss
BBBeeTttErreeed
bbbEEttTTeerreeeNNNG
bbbettTTEERRMeNT
bbbOttTUUrMMMEnt'ss
BeeeTTTirSSS
BBBEETTTTTTiNNNggg
BiiiTTTTAARRR
BBUUUTTTtoRR'sss
bbEEETTtttEERRSS
BBuuuTTTUUllaaacccEEEoooESSS
BBUUUTWAAAONN
BooottwoooOONNtttIMMMEEEss
bOtttWWWAAAEEnnnWHHHiiLLLEs
BBeeTWWiixxTTT
bboooVVVeettRReNNN
bbbEVVaTTTrrEEENss
bIIvEEll
bbeeevvvOOL'S
bevvveeelEDDD
BBBEEEvvveeeLInggg
bbEEVVVeeelllanggS
BEVVEEEllLLLEDDD
BEEVVVEEElLLLUUUnggg
bbevvvUUULSSS
bIIVVEEErraaagaaa
BeeveRRReegE'SS
BiVVEEERRRagOOOS
bboviiiEEEs
beVVVVVIIiSSS
BEEEvvvY
BeVVVyy
bbbevvvY'SS
bbbOOOWWOOOaaLL
bbEwwwiiiIIILLLud
BBeWWWAAAOOLLuunGG
beeewweeIILLLs
bbbEEWoooREEE
bEwwwiiirEEDDD
BBBOOOWARes
bbbaawwwAAARRING
BBBuuuwwhIISSkErooDDD
bOwuugGGedd
bbEwwEELLddEEEr
BBiiiWEEllDDDOOOred
BBEEEWWuLddUUrrriiiNNNG
bbEEwwwULLLDUUUrrrINggglYY
BIwwwiLLddderMMeNNNT
BBBAAwwwILLddoooRMeeNT'sss
BBIIIwwiiiLLLdoRSSS
BBBEEWWWaaTTCCChhh
BBBEEEwwIIttchED
BIIwAAAttCChhAAASS
BEWIIITTTccching
bbbEWWiitChhUnnggllyy
BBIWWiTCCCHMMeeeNNNTT
bbbEWWIItttccchhhmmunnttt's
BEEWWWRRRaaYYY
BBUUUwwwRRoyyedd
bbbEEEwwwrrrOOYYYIInGGG
bbuuuwrAyySSS
BEY
bEYYY'ss
BBBuuuYINNNd
BEEEYsss
BeeeZZZeeennnTTT
bbbeZZZANNNTTss
bbbEEZZEEELL
BeZZZeeL's
BBeeezELLS
BUUziiiQQQeeeU
BBBEEZZZiQOOEEsss
BBBUZOaRRR
bbbIIIZZoonniiaaaN
BBBhhheeeJJu
BhhAAkkTTooo
BhiNNggg
bbbHHHEEEnGGs
BBBhAARUUUll
bbbII
bbbe'sss
bbOOIILLOaSS
beIIlllyy
booeeenNNNuAAALLL
bbiiAANNNNNNuuaaaLLLLLy
BiUnnnNNNEEELaTAA
BBiiiaaaS
biiiAAASS'ss
BBBAAssEEDDD
biiiIISSUUUS
bIIAAAsInnnggg
BBBiassssed
bbbiiiaSSSSeS
BBBiAAASsssAAAng
bbIIThlIIn
biooothhLLon'SSS
BBIIIAtthhLLLANNNs
BiuuurrrIIccUULAAtEE
BBIIAAAXXXAALL
BiBB
bIIBB's
BBiiBb
bbbUUbbbErr
BBIbCCCuckkk
BBooobbeeellloT
biiiBBllle
biiibblllEE'sss
bbbIbbblleess
BooblliicccaaaLLL
bbbIbbLAAAccIIIssTTTSSS
bbAAbbLLIOccLLLASSTTT
BIIIBLLLAAAOfffAlm
bbbiiBLLLiooGGOOnY
bIIIbblAEEgReePPhhOORR
BBBoBBLLLUoGGGrrrAAPHHoor'S
bbebbLLLeeiiiGREEEppheerrs
bbibbLLLIIoGREEEppHHIIIC
bbAABBBLOooogggRiPPHHIICCCAAll
BeebbLLoOOOgRRRoooPPPHIIIcULLLLLY
bbiibbllloIGGRRRaaaPPHeaSS
BBiibLLIoggrAAPPPhhhyyy
bbUUbblooooogrrraPPPhhhyyy'ss
bbbIIIBLLIooLLiitttrriiSS
BBIbbliiiuuLLEEETRRY
BIIIbbluuuoLLLAAgggyyy
biiBBLLLIIOOOmmAAnnnCyyy
baBBLLLAAeeemmmEEENiia
BBIbbLLiemmmOONNOOAAAS
biBllIIooPPOOOggyy
bbbIbLLLEiPPPhhAgii
bbiBlliiOPPPhhulllEE
bIIIBBLLLouuphhAlllEE'ss
bbbAAAbllluAAppphhhaLLeess
bIIIbbbLLuuuiiipHHHiillACC
bIIBBBLLLaaaoPPPHHUULyyy
BBIIBBLLLuoppUlE
bbIBBllAAAoooPPPoLLLess
buubbblliiottaph
BBBeeeBBBLIIOTTHHUcccAA
BBBIIIBBLOOtthhhecceeesss
BBBaaBBBliiioootthuuRRoppy
BBBiiiBSS
bibbbOOOlOOOUUUsss
biiBBUUlAUUUsslly
baaacOOmOOORRaaaLL
BIcccaMMuurrraaaLLIIsm
BBBIICCuuumeeRRRaaalIIISSMM'SS
BBiiCiPPsUUUlllAAAr
bbiiCCCaaarb
BBBAACCOOORRRB'S
biiiCCAAArBBBOOnnnEEttteee
BiiiCCCArrrbbbinnuuutte'S
BBBoocccaaaRRbbeeennutiS
bbUUUccARRRBBss
BBBeeeCuuu
bEEceeenttteeeNNAAAriiiEss
BBBAAAcccUUUNtttennnaaRRRYYY
bbeeCCEEnTENNNARRRYYY'sss
bbbiccenTeeNNNNeeAl
bbbIICCCeeNNtennnNNNeeeaaaLL's
BBBIcEnnnTEnnNOOOaaaLS
BIICCCUUUp
bbiCEEEPP'S
biCEEPPPHaaLLLAAAEEESS
BIIIcceps
BBBIICOOOPs'SS
BBBaaaCCCeeePPsssEEss
BBiiicccHHHLLLUUURRRaaadddI
BBBiicccHHlliiRoooDDDEEEs
BIIIcccHHrrroMAttoo
bbboccchhhRRRommmAToos
bbbAcciiippiiitttAAAl
BBiCCCkkOrr
baaaCKaaar'S
BICCkiReeedd
BBiiiCCCKeRRREr
BIccKKUUROOORR'ss
bbiiccKKUURRRAAARRRS
BBBIIIccckkkeeerrrONNggg
biccckkkeRRRSS
BBBIIICCOOLLLaaatttEEErrrIIlll
BBBiiCCCIllloR
bbbIICCCaNNNciiVVVu
bIIICuNNNcccaaVVOtyyy
boocccoooNNNvEEExx
BBBiiicccEnnnVEEExxxIITTTyyy
BBuuuCCOORRRnnn
biiCCCoooRNNS
BBuuCCCussspIddd
biiiCCCEESSSPPiiiDD'SS
BBiicUUSPPPidss
bbaaCyyyccLLLe
bbbOOcccYYYCClllEEE's
buucYYYccllloDD
bbiCCyycLLLuuR
biccYYYcLLErr'S
BeecyyyCCCleRs
beeCCyyyCCClAAs
bbUUUCCYYYccLaaaCCC
BICyccLiiNggg
BBBiCyCClllIISSttt
bbIICYYYClIIsssTT'sss
bbiiiCCYYcccLLListtts
bbid
bbidd'SS
biidddeeRRRKKaaa
baaDDDddOOBLee
BBBaaDDDDDeenn
bbbaDdEEErrr
bAdddDDDaRR'ss
bbbIDDdORRSSS
BBBAADDDDuueeess
beeeDDDDEEnGGG
BOOddddddiiinGG'SS
BBBaDDDddy
BBBaaaDDDDY's
bbUddee
biiiddUUdd
bbbudeeeNNNtttOOOttUUU
biiDDEEs
BEDOOOt
BBBoooDEEEt'SSS
BIDDeeeTTTSSS
bbiiDDDIInnGG
BiiiDDDORaaCCCTOOOAAANaaaL
BBIdiiRUCtttUUOOOnnulllly
bbUUDSSS
BBOOeeLLdd
bIEELLDeeD
bIIIeeLLLdddiNGGG
bEEILLDDSS
BBBeeeEnnnniiiOOO
BBBUUUEENNNNIaL
BBBIIEEnnnNNUUAAAlll'S
bbbIeNNNNIALLlllYYY
BBiiEEnnNiiiIIIlss
biEENNiIM
BBBOOOIIInnnnnIIIOOOM'S
BBBIIaaNNIIUMMs
BBBIar
BBBOOuuRR'SS
BBBOOOIRRRss
BBUeesssTTTiiiNNNgSS
BBBiiFFFeeeCCCoooaaLL
bbiiffUUURRIoUUS
BBBaFfff
BIfffffeeeD
BiiFFFFiN
bIIfFuuunnG
BiiiFfSS
baFiiiddd
BooFiLIIIrr
BOOFFFllliiggELLLLaaTee
BAAAFOOcccaaaLLL
BiiiFFoCaalllss
BBIIfooccelllss'S
biFFFoolllIAAATTeee
BBEEEfffooluuollATTTEEE
bbbEEEFFFuuRRatttEEE
bbbEFFoooRKKEEEdd
BEEffooorrrmm
bbiiFFFOOrrCCCAAtee
BBBIIIffUUUrrccaaTTTeeDDD
BiiffeeerCCaaattEEEss
bbbiiFFuuRcccUTIIINNNgg
bbbooofferrccAAtiiOn
bbbIIffuuRRccaaaTEoooN'SSS
bIIfffUrCCAAATIIoNNNSS
bOOGG
BiiiGGaMooostt
baaagAAmmooSSSttt'SSS
BaGaaMMUssTTTS
bbIGAAmmUUSS
bbbiiiGGGaamYY
BBiiigUUMMMyy'SSS
bbIIGGGOnnnAAr
biiiGooyuu
BBIggeeYYYEsss
bIIIgggfUUoT
bbOOOGGGGGEEErrr
bbigggGeeSSSTTT
bbbAAAgggAAAee
bIIGGggAAEEE'SSS
BBBugggGGGaAAASS
bbbiGgOOONNN
BOOOGGGgggiiiNNS
boGGGuuusssh
BBiggghhhUUUAAAdd
BBBiGGGhhheeeAADDD'S
BBBiiiGGhhEEEaaDDSS
bbbiiggHiIIRRRteeed
BBBOOOGhhhaaRRRTTTAdddnnEssss
BBBiighEaaRTEDNNEEESs'ss
BBBIGhheRnnn
bagghhUrrrn'sss
bbbiiiggghhheerrrnS
bbbiiGGhhhT
BBBaaGGGHHTTT'ss
BBuuuGGGhtsss
bbbIIGGGmmmuUtttHH
BBBUUUgmmOEEETTThh'ss
bIGGMMEEEAATThhss
BBiigggnnneeessSSS
BiiGGnnEsssSSS'SSS
bbbEEEgggNNOnnnIIAA
BuGGGNNeeenIIIuuCCCEEooUUUs
bbiggoot
BuuugOOOTTT'ss
BBBIIIGoTTEEEd
bEEEGotttrrreeeeS
BiGGEETTTRYYY
BIgOTRRY's
bbbOgggAAAtss
bbbAGSSShhhUUT
BBBooggWWAAAGG
bboooGGGwwwIIIGG'ss
bbbiigWWWAggs
BBBiJJJeecTTTAAiiNNN
bOOOjUUOO
BBBIJJoooeee'SSS
BBBujuuuUTTTErrIEE
bejjjIIIeeeXXX
BooojjjiigggAAATTUU
BBiiKe
BIKee'sss
bikkkiiddd
BBIIKKEEr
bbbIIkkkeeeRRR'S
bbbikkkEErrsss
BBBIIkkeS
beekeeeWaaaYY
bbbikkinnngg
biiikkkiiinnIII
BBIIkunnnIII'sss
BiKKANoS
bbIIILabIIIaaal
bbboooLabiiUUUll's
BBIIIlllABIIALLs
bbbaLLLuuBBBUUUaaTeee
bILLLaaandeeRRR
BeeLLLAAATeeRal
bILLatteeRaallOOttY
BBBILLaaaTTEEERaLLlllY
bbbIIlbbbIIRRRRAAAos
bbbiiiLLBBeRRRRyyy
BBIlllbO
bbbAAAllleee
BBBIIIlle'S
BBillOOOcTTTIAAN
BBIIlllIIsssTTTUUUnnniii
BBBiiLLggEEE
bbbIILLLgee'ss
BBIILLggUUUs
BoolllhurrrZZaaAA
BBBEEELLhhiirrrZZeeIISSiiS
bbbIILHHHirZZZiAAAssIs
BiLLLIaaarryyy
BBBEllIIINNeaRRR
BBIILLoNNGIall
BIIIliNguoool'S
bbILLLiiNggaauuullIssMMM
BBIIILLaNggoOOllIIssMM'SS
bAAAllEEnguuaaallLYY
bbILAAANGGGuuuelsss
buuuLLiUUUUs
BBUUliiiouussLyy
BBBIllluuoouuSnnneeSS
bIIIlaaaouusNeeeSSSsss'SSS
BBBIIlkkk
BBIIILKKKud
BIlkkkEErr
bbIlKuR'ss
BBOOLLKKKuuRSSS
beellKKIIInggg
BiiiLLKKS
BBBIIllll
BBBiiiLl's
BiLLLlaaBLLLAA
BBIIllLeeeBBBUUNNGG
BBEELLLLbbooAArDDD
bEllLLLBBooOORRd's
BBBUlLLLBBBuAArdddss
BBiiillllbbbeegg
bbbuuLleeD
bIIIllEEEt
bbbiLLLLEEttt'SSS
bbaaaLLlllEtteedd
bbbiiiLLLLeeTTTAnG
BBBIILLLllEEtSSS
bIIIlllllFFFasssH
bbiiilllLLFeelllD
bbbiiLLllFFFOOllddd'SSS
BEEllllFFFOOLDSSS
BUUlllhhhuuuIIIDD
bbbULlhhhoEEEK
biillLLLHHHOOuuuKKs
BBiiiLLLLEEaRRRDD
bbbEELloooARRRDDSS
BuuulllLLLIIaarrrDDDs's
BIIILLLLIIIeess
BBBiilliiNNGGG
BilLOOnG's
bIILLLInnnggsss
BBiLLLLInnnGsssggatte
BBiiiLliNNgggSgggOOOTE'S
BiiiLLlllOOOoooN
BIIILLLIEn'ss
BIILLLlllIIIIInnAIIIrrE
BIllllOOOnIIIIIrrree'SS
bbbIIILLLlIiNNNoIrresss
BBBOllllluuuAAANNNs
BoooLLAAAOOONNNtthhh
BBAALlIiintHH'ss
bbbiilllllloONNNTThhSSS
BBiiilLOOONN
bbbiiLLLOOWWW
BBillLaaWWW'S
BBIlllLOOOWWWuuDDD
bbbuuullllaWiuuR
bbIIllLLOOwwwiiEssttt
biiilllLLOWWWANg
BILLLLOWWWss
biLlllOWWy
BBBOOllLLLPEEESSTTeRR
bbbILLLlPPPooSTTAARS
biilllLLLs
BBBeeLLLlyy
BIIlLLLYY'SS
BBiLLLlllyyyCooNNN
bILlllyyyCCCanSSS
bElLYYCAACCK
BBuuuLooobbbuTE
BBillEECCCuuLLLaaarr
bbILttOnGG
bbbALttooNGGGsss
bbbIIIMMUUUhhh
bbbOOMAnOuuss
bbIImmmbbbEE
BiiiMBBBEEE's
BBBeMMMBBBoooEEEss
BBBIIMMMBBOOss
bbommOOSSStrrIoool
bOMMMooottAAl
bbIIIMMeTTaLLLleeeccc
boMEEETTTUUULllAAc'ss
bbbAAAmeeetiiiLLLLIIIccss
bIIImmmUUTaLlOsssMM
BBBImETTELLLLLLiSm's
bbbImmEtULS
boomOdddAll
BBBiiiMMuddIllIIIttyyy
boMMMelllEcuLLLEEERR
BBiiMMUUNNTTTHHLLLOOEEES
BBuuummmoonnthhhLLyy
BBBOOOmmONTTThhhLLLyyy'SS
buNNN
BBIIIn'SS
biiNaal
bbIINURRIIeeeSSS
bbinnnAARRYY
BBBiNNAAArYYY'ss
BinnnOOTTTE
bbbInotttIIOnALLL
bbiNNAAoorulll
BBBiiNNaaeeRRRIILlllyyy
BIIInnDD
bbIIInnnddd'S
BBinnnDDeeeR
bbInDDaRRR's
bbbINNNdddeeeRRRiieesss
bOOOnderrsss
biNNderyy
BBinDDiiiRRRy'S
BBBIIInDDDOnggg
biNDDINGGG'S
bbINNDDIINggSSS
BunnndLLLeee
BBBIInndds
bbbAAnndddWWWIAAdd
biNNNdwwEEEd'S
BuuuNNNee
BBBaaaNNNEESSS
BBBooonGe
bUUNNNGEE'sss
BBOONgEEddd
BiiNggiiiiNNGG
BENNNgggURR
BBBUUNNGGEEs
BBBInnnGHHIII
BBennnguuuNNNGGG
bbbiiNNggglleee
bbiiinnnGGLLEEss
biiiNGGGO
bbINNGGGuuu'S
BInMMAANN
bbINNmeeNN
BBBANNNNNaccclEE
BBinnnNNNIIICLLeee'sss
bbINNNNaCCClAAASS
BOnnnneedd
BBEEnnnnnaaanG
BBUUNaaCCCOOOlllARR
bbInnnuuuCCCuuullARR's
BBBiiiNNNOOCCoollaarrlly
bENNoooCuulaaaRss
BaanUmmiiuuulll
biiNIIIMMMAAAAALLL'S
bbbIIINNEEEmIIAALLLyy
bbIIINNOMoAlllSS
BBinOOOMMMiinnnOOOlll
BBBIIInnnsss
BBBOntuRRoooNGGG
bInnnTTTOOOrrroooNNNGGGs
bbeNNaaCCLLLEuuuttEE
BBBuuuAAA'sss
bbbiiiiassTrrUnaaUUTTIICCCSSS
BBIIaCCAAAtttAAAllyyySt
BAAAuuucottALLyssttS
bbIIIooCCElllluuuTTTE
bbiioCCCHHEEEmmmicaaaLLL
BiiaaCCCHHOmmIIICULL'sss
bbIIAACHHeeMiCCuuullLYYY
BBBIOOOccHHHeemmiiCCAAllSS
BBUocchEmmIIISt
BBBaaaOOOcccHHeemmIIsstt'ss
boIIcchheeeMiiiSSSTTTrrYY
BBiiiocHHHeeemmUstttrY'SS
BBBiiUUcchEEEMOOsTs
BBBEAAACCLLiiimmuutUUULEGIUUUSS
bbiiiooCCClllummmaaTTTilloGyy
baoCCCaaNNNvvvirrrSSSeeOONNN
bbiiOODDDaaaGGGRRAAdddooobbbAALLLIIttyyy
bEEoooDDDEEgrreeedddebulUTyyy'ss
BOOadddEgrEEdddaaaBBBLEE
bbbiUUddEEEGRuuDeeeTTTeeeOOOnnn
BBBiiiOOODDDeeegrrrOOdddUU
bbbOOOIIIddegReeddED
BBBIeeeDDDEGrUUDeesss
bbbiiiOddEEEggrUUUDuuNNNGGG
bbbiiioooddIvEERRRsiiitttyy
bIIIuuuDOOOvvErrrSSiiTTTyy'SS
bbbeeOODDyyynnnAmOCSS
bbOOOOAAACCCOOLLoogggyyy
BBoOOOAAANeRRggItIIcccss
BIIIooeNNNgggiNeeeEEEr
BBBuuoOONNGINNNUUUiireeeNNGG
bbaoooeeeNNNGGGiinneeuuRReeNNgggsss
BBBaaaOOOiittHHiCCCalll
BiiiOOETHIccaaaSSSttt
bbEeeeiTThiCS
BIUEtttHHICCsss'ss
BBBiiIIFIeDDDBaCKKK
BBBIIoofeeeADDBBaaCCCk's
BIIIoGOs
BBiioggeennn
biiiOGEENIIIssess
BoouuuggENEEESAAAss
biiOOOGGEEnnnEEttuCC
bbbIIaaGGGeneeTTTeeCUUULLLLLLYYY
bbiiiEEEgaaniCC
BooGGGeeuuuChhemmmaaSSTTTrrYY
BBiIIGoOOGGRRROOOPHHeRR
BUUOOGGGeeeOggRRRAAAPPHiiiaaaSSS
bbbIIIOOOgggAaaGGRAAAppHHHYYY
BeeeOgreeepHHHIrrr
BBBiAggriiipppHHHar's
bbbEEEUgrrOOppheeerrSSS
bbiiOOOGGrAPHHHic
BiiOOOgggRRRuuPPhOOcIIll
BBiiOGGRRRiipppHHoCuLLYYY
bbiogrrrEEEPPPhhiiAAS
BBBaaaEGGGrrAAAPHHY
bOooogggrraaPHHHy'SS
BBuuallUUggeeeCC
bbbiiiiLLAGIcaaLL
bbaaaaallOOOggIIcaaaLLllYYY
BiiiLLLOggeeesTTT
bIollooGGUUSST'SSS
baoLOOGiiistSS
bbboooolloGGGyyy
Biiiillooogggyy'ss
bIIOOllleeeMMMinEESCCoNCII
bbbiOOOlllOOOmIIInnneeeSSCCEEEnceesss
BIIIaaalllySSUUUSS
bbeIMasS
bbbUUUOmmUssss'S
BBBIIIammme
bbuEmmacccHIINNuuCEEEL
bIEEMIIIchhhuunnnIIIcccss
beeeoMMAAADDAcccaaaLL
BaommmEEEdddaCOOOnnee
BBIIIEEmmUUUDIIIcccIIInEEEss
bbIOOMMEEEtttrrrIIICC
booMMEETrrreeeCs
bbaeMMEEEtttRRy
BiiiuuuMMMOOrrrpH
BBeeuuunnIIccc
BBiieeNIcccALllyyy
bIIIINNAccs
BBBaaaonniiicSS'ss
BBBIIoooNaaaMuCss
BBoooOOphysssIIIcEEElll
BBBeOOOpphhyyySSSeecAAAsssTT
BBIoPPPHHysOOOcast'S
BBBUUOOOpHHYYSicooSSTS
BBBUOOOPPHHYsssiiCCCsss
BBBiiiEEEPhhhyyysssICS's
BBBiiiUpppiiccc
BeeaaappEEccc'S
bbbOOOUPPiCCCSS
bbiiiooplllAAAssMM
bbIIuuppsuEDD
bbbiiEEPPPSSaaauuusss
BIIIooopppsY
bbIIooopSSYY's
bEEOOOPPSSYiiiNG
bbuuuoorrooMOOddiiaaaTTEEoonn
bbiiiEERRReeemmEEDDDuuaaTTeeIIInnSSS
BBBiUUUrrrEEssooorrvvvAA
bbbAIIIrrrHYYTHHm
BBiOOOrHHHYTHHmm'S
BBBiiOORRRhyyttHHMIIc
bbIIIORRRhyyTThhhmms
BBIIIeS
bbbioossCCAApppUUU
bioooSSScOOPPPoooSSS
bbiiOOOsCCAAApppyy
bbbIIOSSSpphhhEEErreee
BIIIoosPPhhEEErrrEE'ss
BoooSSSPPhhheeeRRReess
bbEeeesPPPHHHoooRICCC
BBBIOsTTTeeettticcSS
bbIooSSSyyyNttHHHoSEES
bbIIOOSSyyNNNThhUUUSosss
BEoosYYnnnThhOOTTIccc
bIoTTaaa
BBBIIIooTTTAss
bbbiiiAAtteechhh
bbbuuuOOTTeeeChhhnnnEEELLLOOOGUUUcccaaLLL
bbiOOOttteeCHHNNeeeLLeegggIIISSTT
BBBoooooTTEEEccHHNNaaalugYY
BBEEEoottOOcccHHHnnOOLLLEEEggY's
bIIAAATTIccc
bbbAAAOOTUUUnn
BiETOOOn'SSS
BBiiotIITTEE
bbbAAooTattIS
bbiiiuuTOOOPeee
BBBiiiOOOtYPPPe
BOOOOOTYYPPPOss
bbipppAAAccck
BAAAPPaaaRRIEEETTTaaL
BooPPuuuRRooAAASS
BBIPPPARTTTuuuSAN
bbbuuPPPaaarrrtiiSSSEnsssHaaPP
bIPaaRRRtttiiissaaaNNSSSHaapp's
BBippooorrttiiitttE
BIIIPPAAARtyyy
bbbIIpEEEddd
bbbaaapIIDD's
BippOODDaal
bbiiPeeeDAlllisssMM
bbAPPUUdddSS
BBiiPPPoooTIILLOOUss
bbbAPPhinyyl
bbiiPiNnnAATTTeee
BEEEPPlaNNNee
bbbIIPPPlAAANNoo'ss
BiiPPlllaaannAASSS
BBBipood
bbEEpOOOLAAArrr
BBipEEluRRRUttYYY
bbuuuPOLLLuruuutttY'SS
bbiiiPPPRRUUPPeeLLinnTT
BBIIqquuuaaaDDRAATTTiii
BEqqquuiddraatttiiic
bbbaqqqooADDRRRAttIcSSS
bbIIQQQUUAARRRTiiiRRRlllyy
BirrrOcciiiaaal
bbbiiiRRAAcuuaLLLiSSSmmm
bbbEEERRRAAAddaaaALL
BIrrammooaaSSS
bbARRCCChhh
BBiirrrcHHH'SSS
BoooRRRchhEDD
BBBoRRccchhhen
bbbUrrcchhEEsss
BIIIrrrCCCHHHAngg
bIIIrrrdd
BBIIRRddd's
bbiirrddbaTTTH
bbbirrrDbbeeettHHH'sss
BBBiiiRRDBAAtHHSS
BBBirrdddbRAAiiNNN
bOORRDBBrrruuuOOOnn'ss
BBBIIrrddBBrrraUUNedd
BiiRRDDDbruuIIInnnss
BBIRDCaagEEE
bbOOrrrddCCaGGGaaS
BAArrDDDeeeDDD
bbbiiirrDOOOR
biiRddER'SS
bbeeeRRDDorss
BBBiiRRdddHHEEuuuSSSO
BBiRdHHHOOOIIISSSOO'SS
bIrrrdddHHouusssuuusss
BIIrrrDDDOeee
bbbiiirdUoo'S
baaarddIeeeDDD
biRdiiEunnGGG
baarrdddiiUSS
bbiiiRRdddiiNNG
bIIIrrrdddllIIKI
BBIrdLLEEEmmee
BBBIIIrrDDleemmmEEE's
BOORRddmmmaannn
BooRdsss
BirDDSSSoooEDD
BBBirdSSueed'SS
BBBiiiRddSSSHHHOttt
BBBiiiRRRDSSSOOONgg
bIIrddTTABllluuuS
bIIrrddwwiTcchhheeRRR
bbbIIrrdWWWUTcHHooor's
BiiirrdddWaatchhhaaarrrSS
bbIrDDDwEtttcHINGG
bbbAAARRdyyENNggg
BBOOreeeffRRRiiiNgggEEnCCaa
BBeeeRRReFRRInngggOOONcEEsss
birrreeeFFFRoNNNggIIINNNTT
BBiiRRREMMMi
bbooRReTTTTTTAA
biRRoooTTTTUUU'SS
bbiirEEtTTaaaSSS
bbbuuRll
BBIRlliiid
BBirLLOOONNNGG
BBiRRRllss
BEErrRRR
BBBaaarrrUUDDD
bbbOOrrriiNNNG
BBBiiRRRrS
BBiiRRtthh
bbIRRTTTHHH'ss
bboRRTHHHddUUy
BBBIrrthDOy'sss
BBIrrtHHddeys
BIRTTTHeeD
BBBOORthiiing
bbeeRtttHHHmmmaaRRkkk
BBBIrrrThmmAAARRKKK'S
BBiirrrthhMuuRRkksss
bUUrrtthPLaaaccceee
biirrtttHPPPLLACCCE'sss
booRRttthhhpppLLLaacooss
BBirrrTTThRIITTee
bbooRRRTTTHHHrrruutA's
bbbaaRRRtHHRaTToSS
bbbIIrrTTHHrIIGGHHtt
BiirrrtthhhRigggHt'S
BerrrtttHrrEEEghhTss
biRRttthhhRRREEEooTTT
bbbiiRRTTThRROOOTsss
BBiiRthhhss
biiiRttHSSSTTTENE
BBBiiiRRttthsTTTuunuu'S
buurrTThhhstAANNNus
BiiRTTTHHHwwworrtt
bbIIIrrtttHHWOrrttSS
bAAAss
BBIsscccUETTT
BBiiiSSCCCOOOITTT'S
BBBiiSSCUUiTTTSSS
BBIIIssseCTTT
bbbuuSSuucTEEED
bbUUUseeecccTeeeNG
BiSIIccTTTIIIoon
BiiisseeeCCCTIoooN'S
bbAAASOCTTTEOOONss
bIIssEEEcccttoRRR
bbbiiiSEEEcctOOOr'SS
bbbiisssaactoooRRS
BBeesseeecttRIIIX
bbOOsseCCCTs
BBBeeeSERrrATTO
BBBiissuuus
BIseexxUUaaal
bbbiiiSSSAXEAALL'ss
biSSEExxxUUUOLUUUSSSMMM
bbbIIseeXXXiiiAAALLAAATY
BBiisseeXXeeOOllliiTTTy'SS
BeSexUUUIIllllYY
bISSSeeexxxUUUAlss
bUUUSSHHHooP
beSShhOOOp'ss
BBBuusssHHHaPPrrrIIICC
bbbiiSSHHeppprIICC'ss
bbiiSSShoPPRoooCSS
bbISHHHooopppss
bbbaaSSkkk
BBeeeSSSMMuTTH
BIIsssmeeTTHHH'SS
BiiisssmmmiiittHaaCCC
BBBissMMMuuTThUUUnnITooo
biSSSMMMiiTTHooOOss
BuuusOnn
bbbiiiSOnnn's
bbiiiSSSooNS
BBiiiSQUUee
BBUssQUo'SS
BBBiisssSSSEExxteeeLLAAA
bbiisTAABLLLEEE
BBBAAAssTTTUUr
BBIssTTTerrrs
BBeesttiiRRt
bbbassTTTOOUUUrrryy
bbIISSSTTTro
beeSSSTTTRu'SSS
BBBiiissstttrrooos
biiiSAAlllccutE
BBOOssUUUllffaaattEEE
bbbiT
bbiT'S
bbbuuuTeeerTTrUUTToo
BBBiTOOrrrtRRREEEtttoooSSS
BBBiTTCChhh
bbbIItCCChhh'SSS
BBButtcchhhOOddd
bITTTcHeeeSS
BBBaaattCHHHIIIiRR
bbbuTTTcchhiiiUUUsssT
BBBOOtttCCCHHULy
bbbIItchhIINNNoooSss
bIIITTTCCHInnneeesss'ss
boTTTCHInnng
BBBiTCCHHHYYY
bAATa
biitUUU'ss
BiiiTTOrrr
BOOtuuurrr'ss
BBOOteerrrSSS
BBBItttees
BuTTEEEWiiNNggg
BBITOOWWeeNNgS
BBBIITTInnngg
bbAAATiiNNNgLy
bbATTTmmmeep
BiiitmAAApsss
bbIItttsss
BBaTTTSSttUcccK
bitttssTeeCCKKss
BBBITTTT
bIIttttEEdd
BOOttttAAANN
bbbITttIrrr
BBBoooTTTttOORRR'S
biiiTTerERR
bIIItttUUURAAASSSTTT
BBootttUUrlllUUnnnggg
bbbIItTTEEERlyy
BEEETTtaRnnn
bbIIIttTOORNN'ss
beetTOOrrNNNEEEssS
bbittteeeRNeeSSSss's
BBIItteRRRnnnSSS
bbIITTTTERnnuuutt
BBiTteerrnITss
BBIIITtteeerrrrrrooooooTT
bbUttttteeRRRrOOOOTs
BBettttUrss
bIITTttIIIRRss'sss
BBBoTTTttteerrrssWWeAAAttt
BIITTtttiiiRSSSWWEEEIIt's
BiiTTTTerSSWeeeeeetttSS
BBBIIttttEErwwoooEED
BIIttTAARRwwEEEEEdSS
BBoottTTTiiiEEERR
BBBiiitTTOesst
bbIIItttTTTIIInnEEESSSS
bbbiTTTTiNGGG
bbbEEtttttS
BBBiTTTtttyyy
bbOOOTTTummiinn
BBIITTuuuMEEENN's
boootttUUUmmIINUUzzze
BBUUUtttOOOmmonnAAzzeeed
BBBIIIttAAAmaaaNOOOZZos
biTTooMiiNIIIzzEEnnGG
BUttEEEmmaaaNNNEEIIISSS
BBivvAALLEnnttt
BAAAvALLVVeee
bEVaLLLvvviii'SS
BBiiVAAALLVOss
bbiiivIuuAAAC
biiVoouEEEC'ss
bbbEEVVoIIIcccKeed
BIIvooUUAcckkkAAAnngg
bbbIIvvvoUaaacccs
BBBiiiweeeeKKlliUUs
BBIwweeaaaKlllyy
bbbIwwwEEEeeekkLLYY'sss
BBBiyiiaaRRLLyyy
BAAZ
bIIzzz'sss
bIzzeeeRRRoo
bbbIZORRRRRREllyy
BBIIZZaaaRRreeNNeeeSSSS
BBBiiZZArrrrAnnnAAASSSSSuSSS
BBizziiRRRReerieee
BBiiZUU
BllAAAbb
bbLLaaaBB'sss
bbbLABBBBBedd
BBlAAbbbERRR
BLAbBBEEEriDD
bllluuubbbbAAARRRIInnnGG
bLIIBBBbAARRRmmmOEETTTH
bbLLLuubbbBBuuuRRRMOuuttHH'S
BBLLLEEEbBEErrrMOOOetHSSS
bbbLUbBBeeerrss
bbLAAABBBbbbIINNGGG
bbbLLOOObbbss
BBlOOOccKK
BBLECCCKK'sss
bbblUUcckkkAAmmmoooooorr
blllEEEccKKKAAAmoOR'sss
BLaaccckAMOurrrSSS
blocKballlll
bbblllacccKKKBBaaaLLLLLL'SS
bLLLAckBAAALLLeeeDDD
bLLLAAACCCkkbbbAAAllliiiNggg
BBBlEEcccKKbbbaLLLllS
BBlllOOCCCKBBuuuRRRRIIUS
BBLLAAAccckkkbbaaarRRRYYY
BBllAAACCCkbeerrrryyy'S
BBLLOOOckkbbberrrRyyoooNggg
bbLLaaaccckkBBBOrrrdd
BlAcckBIIIrDD'ss
bLLAAAckbbbuuurrrdddSS
bbbLAcccKKKBBBoooaaarrrDDD
bblllaaCCCKKKbeeeeerrrD'ss
BBBlocKKKboooEERDDs
bllAACKBOOODDDeeeeeesss
bbLLuuCCKBBBUddyy
bbLLLuucckkCCAApp
BBlllUUUccckkCCCaaPPPss
bblllAcccKceeCkkk
BlllACCkkccicckkSS
bbbLLLAAcKKKcccUrRaNNTTT
BlIIICCCkkkCCCUURrAANts
blllOOOCKKKDaMMMPP
BlAAAccKDDImmpss
BBBllooocckkeeddd
bLEEcccKKOOn
bLLAcKuNNEEEDDD
bbLLLUUccckkkannIIrr
bbllAcccKKKIInnuuNNG
bbbllliiiCKKaaaNNSSS
BlOOOcKKuuR
bblllaacckeeestt
bbbLLLAAAccKFICCE
bLooCCKffacccaaSS
BBBlllAAACCCKKKfAlllLLLOw
bblluuCCKKKFIIIShh
BBBlllEEECCCKGGUORDDD
bbblllOCCCKgggAAIIrd'sss
BBBlllAAcccKKgggaaAAArDDDly
bbblacKggguuuuuRRRDDDsss
BBllloccKKKheeaaDD
BBBLAAACCCkkHEEEadd's
BLUUUccckHHAaaDDDss
bLLLaCkkhhhIIAAArTT
BBllAcccKKhhhaaAARRRTTTsss
BLLaaackkIIInnng
BBlaaccckannG'SSS
bllacccKKuSSh
blllAAACCCkkjjeeeccKK
blOOCCKjjack'ss
BBBLLLACCKKJaaaCCkkeed
BllEECCCKKKJACKiNGGG
blleecKKjjaCCKs
BLLicckkklIGG
bbbLOCCKKKlleGGGGaaddd
BlaaaCCCKlllEEEGGGggginnGG
bLLaaCCKKLLeeeGGS
BBLLLaaaCCCKKKLUgghhhttt
BBBLLLaaacccKKKLLooosTT
BLLocccKKKLLisT'SS
bLLLuuuCCkkklllissstttIIddd
BBBliiicKlllAAAsstttuunG
BBluuCCKKKlooossTTTS
bbLLLaaaccKlY
BllOCCkMaaUll
bbbLucccKKKMAuulll'ss
bbLICCCkkmmaaaIIILLLOdd
bbbLecccKMMEiiiLLLAAR
bbLLLAAACCKKmmAAiLoorrr'SS
bbLLEccKmAAAeLUUURRRs
bbblllACCCkkkMMMaaOOlInnnG
bblllAACkmmmAAAUUlss
blllAACkNNEsssS
BLLAACCCKNOOOssssss'sss
bblllacckkOUUUttt
BBBLLLAAcckkkiiiOOtt'S
blllaackUUEETsss
bleCkkkpppOlll
BlEcccKKppuuLLLllss
BBBLLAACCCKKKs
bbliicckSSmmIITThhh
BBLLuuuccKKKSSSmiiiTH'SSS
BBLLLICkSSSMMIITHAAANgg
BBllaaCCKKSSSMMIITTHsss
BLaaaCCCkkSSnUUKKKEEE
bbLLaCCCkSSnnokeee'SS
bLUUUcckSSSNaaaKKKeeS
bbllacKKTTeeeaaLL
BLaaaCCkkktttaiLS
bblAckTTHERRnnn
BBBLACKKThhooorrnn'S
BBLLLAACKTHooorNNS
BBBLLLaaaCCCkTTTOOOPPP
BBBllAAAckktttOOOpp'ss
BBLLLaCCCKKTTTOOpppEEED
BBBlllockTOOOPPPpaNGGG
bbbLLLaccktOOOPPSS
bbbllluuudddDDEERR
BlaDDDDOrr'SS
BBLLEEEDDDDeeeRnnnOsee
BBBLaaddddUURRRNOssseeeSS
BLLAAADDDeeeRRRnnnuTT
bLLAADDDduuRRRss
BLAAAdddDEEERRRwOrrrtt
BBLLUDDDddorwwUUrrrttS
BBBllaadddeee
bllaDDE'sss
bbLaaDDODDD
BBBLEddiiS
BBLADDiiiNNG
BBLLLAAAeeeBBoRriiess
BBBlllaeeeBBBeeeRRRYYY
bbllAGGG
bLLLAAAgGGiiDDD
bLLAAgGGGIIInnng
BBBLLLuuGGGss
bbblllAAAggUUUEEE
bbbLEEHH
BBBlEEEHHH'SS
bLLaaahhSS
BlllohhS'SS
BBlleeeoNN
bblllaEnnS
BBLLLaaammmooobbblllO
bllammAblY
BBlAAAMMME
bLAAAmU'SS
bbllAAAmEoooBBLLEEE
bbLLLaameeDDD
bbllliMMeeeFuL
BBBLeeemmiiiLeesSS
bbbLLLEEEMMMAALLLESSSSSLLyyy
bbblllAMaalEESssnnnesssss
BBLLLEMMeellluuusssSSneeeSSss'ss
BllaaammmEEErrr
BBBLAMEES
BBBLaammmeeWoorrttHHHIInnnEsssS
bbbLLLuuMMeeewooRRTHHHiiiNNNEESSSS'S
bbbLLLAAAmmmEwoRRTHy
bbbLLLaMMInngg
BBBLLanCHH
bLLaaannnchhEEEd
bLLLONNNccches
BLUUUnCChaaannnG
BBBllaaNNCMMuuunggUU
BlaanncccMMMIInGGGe'S
BllAnnncccMMMAnnngggEsss
bbluunDD
BBBlonnddEEEr
BBLLAANdissstt
BBLLLuunndddeeSSh
BlllaaaNNNDDiiiSHHOOddd
BlllAAAndddiiSShARR
bblllANNDDDIShhhIIsss
BlllAAAnnnddiisHHHONNg
BLLLANDDisssHHHmEEENtt
bbLLLAAANNdddiisssHmeNttt'S
BBLLUUUndddissshhhmmmEnnnTTTSS
blllaandLLyyy
bbbLaNdddNUUSSSS
BllAAANNNddneeessss'SS
BBlAnnnK
bbblleeeNNk'SSS
BlaaannkbIIIEEK
bbLLLIINkkeeD
bLLLaNNkkkEr
bbblaanKKKessT
bbblllIIInnkEEEt
BLLAAAnkkkIIIT's
BBlllAAAnkkeeteeDDD
BBleNNNkkoteNg
bllaNKKITs
blllUUUNNNKKKAANNG
BBBLLLANNkklY
BBLLLAAnKNNesss
bllAAANNNkkknniSSSS'SS
bbblUNkS
bbllOONQuettttttE
bblARAAA
bblliiiRee's
bbbLLLEReDD
bLLEEERUss
bbbllARIIINNNGGG
BBBLLARNaaY
bbbLLAArrrNNeeYY'SSS
BliiRRNNEEYYEdd
BBBlllirNNeeeyyinGGG
bbblURRNNeyyys
BBBllluusssppHHHeeeMMU
BBBLLEESSPPhhUMMiDDD
BBBLLeSpHHHEEMMMaaaRR
BBlIISSPPPHeeMMUUUR's
BBBllaaasPhhheeemmEERs
BBLLLiiiSSSPPPhhOOOmmosss
BBllIIssphhUUMMaaaEs
bbLaSpHHeeeMMMIInggg
bLLLASSpppHiimoooUUUS
bbblllUUssPPPhhhAmmoooOsssLyy
bllOOSpHHHEMMMyyy
BBliiisspphhhoooMyyy's
BBLLLASST
Blassst'S
bLAASTTeeDD
bbblllAASttEEMMMA
BBlUUUssstammmAASSS
bbbllAAsssTTTerrr
BBBliiisttteeer'sss
bLisssTTeeRsss
BllAAASSSTTUUng
blllAAAssTTOOOCCaooll
bblluuusssTTUUccOOeellSSS
BBBLaastttUUUCYYSSSt
BlaSSSTIIIDiRRRMMM
bbLLaaassTTOODDDeeerrmmSS
bbblllIIISTTToofffF
bLaaSSttOOffff'sss
BBBLaasttoffffffSS
BlllaaSSSTTTOGGGINNNISSoS
bllaaasssttOGEENEEESSSuSSS
BBBLLLaSSStttuuMMeeereee
bbLAAstuuuMMMIIIRRUUss
bblllISSTTTEEpppeRReee
BBlassTTTooopppOOrrrEEs
bbLAASStiiisPHorEEE
BBlisTOOOSPPPHeeerrrass
BLLLIIsssTS
bbLLuuuSSTTTiiLLLaa
blleeSttUUlllOSS
BBBlllaaaSSé
BBBLLAtt
bblETAANNCCCiiees
BBllAtttinnnCCyy
bbllOOOTaaanncY'S
bLaaaTTIInt
blOOOttANNttlllY
bbbLLAAAttee
bbbLLLaaattHaaaRRR
bbblllAAtttHeeeR'ss
BBllOttthheerrrOODDD
BLLiTTHIIIRRErr
BBBllloTTHHAriNGGG
BBLLAAAtttHHARRSS
BBLLaatHIRSkAttiii
bbloooTHHHurSSSkOTTTaasss
BBBlATSS
BluuutttttEEEDD
bbLLutTTUUUnGG
BBBLLLAuuBAAkk
BBBlAAAzzzaa
BLLEEZEE'S
bLLiiZZZeeed
bbbLaZZZOR
bbLAAzzzoorr's
bbllAzziRss
BBlllaZZZES
BBLUZiiiNg
bbbLLLiiizAN
Blllaaazzzon'S
bLLLAAAzzoonnAAd
bLLLAziinnneeNg
BBBLLLiiZaaaNrruuuOss
BBluuzzoNRRyyy
BLLAzzIINNNSS
bbllEEaacccHH
blllEEichhh's
BBBLaaaAACheDD
BBBlllEuuuchheRRR
BBBlllIIOOOcchIR'SSS
bbbLLLeAAAchhhOrrsss
bbbLeeAcchAAAS
BLIaaccHiiNNNGGG
bbLLLEeeek
BBlEEEIkkkEEErr
blleeeAAAkkkEEESSST
bbllOOOKiShhh
BBlaeekkkllYYY
BLLLUUaaakNNNasSS
bLaAkkknnnEEsssS'SSS
BBLear
bLLLuuirAAAerrr
BBBlllEEAAArrroust
BBBllEAAARRIIlllYYY
BLiiAAArrrennnEESSSSSS
bbllEEEAAArrriinnnessss'ss
BllooEErrrYYY
BBllEeeTTT
BllEEuut'sss
bbbllleeeaatIIdd
blllOOOattiiiNGGG
bbLLEEEaaTss
BBlEEB
bbllloBBBSS
bLLeeedd
BBLEEEEd
BLLLaaaEDDDORRR
bblIIeedEEER'SSS
BllluueeDDerss
bbLLLUUUIDDinnngg
BBlllUAdddINNGGG'ss
bLLEEeddds
bLuuUUUPPP
BBLeeOPP'SS
bLaeppod
bLLOOOEEPPPaRR
BLEEpeeer'SS
bllEEEeeePEErss
BBBLLeeEEpiiiNNG
bbllEEEUPSSS
bbLamIIsssH
bLLLeemmISh'SS
BlEMMAssshUUd
bllEEMMISHiS
BLLLEEEmiiiSShhINNNggg
bLLLEEENNCHHH
BBlllaannnCCHHHuuDD
BBllleeeNCCHAAAS
BBBlleeennCCChiiiNNgg
bllleeNd
BBBlINNND'ss
BBLLoooNNddeee
bbblllendddeDDD
BBBLeennndoorrr
bLEEEnDDeR's
bbLLIInnddeerrSSS
bbLLannddEEESSS
BBliiiNdIIInnnGGG
bbbllEEndddSS
blENNNNeESS
blaannnniiioooOddd
BBBLLENNNnnnyy
bbblllEEnt
BBLEEpHArriTTTIIIDDDoooSS
blllEPHaaRIIItIs
bbLuuussBBBikk
BBLLUSSS
bblESsssEEEdd
bLeeesssIIDDLyyy
BlISSSSSIIDneessSSS
BLLUUsssseeDDDnnuussss'S
bblllaasssEs
bbbllooossssuuunnng
bLLLoossSSInngg's
BBBLLLeeSSSSSuuNNNGGSS
BBBLLEEstt
bbLLLiiWW
BBllIIIGGGht
bblluuGhhhTT'SS
BBBLigghhttEEEDD
bbblllIIgHttEEErrr
BBBLLUUGGHtErrrss
BBBLIGGHHHTTAAANg
blluuGHTTs
BBBllluuuMMMeyyy
bbbLLiMMp
bbLLLAAAmmmpp'SSS
BBLLuuummppIISSShh
bllimmmPPSS
BLiiinnnddd
blllIInDDD'S
BBBLInnDDDAGEEE
bbLannndddEddd
bLLInDDEEEr
bblllOnnnDDErr'sss
bbllliNddERRsss
BBBLLIINDDDEssT
BBBLoooNNDDDFFFiiiSHHH
BLLEEnndddFFOLDD
BBllinnnDfffooolllddd'SSS
bbllONDFOOlllDDED
BBBlliinnddFFFiillDUNNG
BLIIINNNDDDfffOLddS
bbbluuundoNNNG
bblllaaaNDDinnnGGLyyy
BBBlEENNDDLLLYYY
bbLLooNNNdnnnUUssss
bbLIIInnnDnAAssss'SS
bblllInnDDDSSS
bllIINNNdsssiiddeee
BBLuunnDDsssIIDEDD
BBBLLinnndddsssIDDDOOs
bbbllIIIndsIIIDIIInngg
bLiiiNNNddssstOryy
bbblanDWWeeerrmm
BBBlllOOnnDWWWOOOrrMSSS
bbbLLiiinnnIII
bbbLIIInnnI'ss
bLiinnnEEEsss
bbLLuNNK
BBLLLIIINNNKKK'sss
BllIInKKKeedd
BBBLLInnnkERR
bbbLLLInnnKKKUUUr's
bbbLIIInnnKKeerrruuDD
blIInnnKErrriiiNNgg
BBBLInKKKERS
bbblliiiNNKUUUnnnG
BllAAANNKKKs
BLLooontttz
BBBLLLuuntzzz'ss
BBLLiintzee
BBlluuNNttzzze'SSS
BLINNNttzzeeesss
bbbLiipp
bLLLeP'sss
BBllliiPPPs
BLLLUUUssss
bbbllOOOssS'S
bbblllossssssFuLL
bbllIssssssfeeeLLLllyyy
BBLiiisSSSfAAllNeeessss
bbblliiiSSsfUULnnnEssss's
BBBliisssteeR
BBBLessstAAR'ss
BBBlliissstteRReddd
BBlllISTTarIIINNgg
bbLesstttEEErrOnGGlyy
bbllOOSSSTaarrSS
BlAAStttEErYYY
BlAATTTHHHA
bblllotttheefuLLL
bbbLLIIIttheeeffELLLlllyyy
bblIITHuuFFFuLLLnnEsssss
bLLITTTHely
BLLLIITThhheeNNEsssSSS
bbbLITTTHEENESSSSS'SSS
BLLITTTHHArr
bbbLLEEEtttHHOrEdd
BLIttthheerIIInnGG
BLLeettHOOOrss
bbLIItthhhEssIImmEEE
bbLeeeTThhhaaaSSSooomOLLLYYY
BBBlliiithhheeSSooommaaanESSSSSS
BLiiithhheSSSTT
bbLIITTZZZ
BBBLLLITTz'ss
BBLLooTTTZeeddd
BBBlleeTTZesss
blEEtttZZZiiiNggg
bLLIIItZZkkkRRIIIEGGG
bbliiitZkkrrieGGG'SS
BLLLEEttZkkkRRiiiIGGGS
BBBllliiizzzzzzAAARRdd
BBBLLLiiZZzzzAARRddd's
BBBllooozzzzaarrrdsss
BLLLeIIIT
BLOOOAtEEEddd
bbblllOOEEEtteRR
bbbllooatErrrSSS
blllIIeeettiNNNGGG
BBBLLLIIATss
BBLLOBB
bllaaab'sss
bbbLOOOBBBbeDDD
BBBlllIIIbBBoNg
bbbLAbbbS
BLLAACC
BBBllluCCC'SS
BBlooccKKK
BBLooCCCkk'SSS
BLLLooocKKKaaDDE
BBLLAACCCkkkUdE'ss
bLLLAAAcckkkaaaDDDIIDDD
blloccckkkaaDDDiiirrr
BBlllOccKKKAADDDeR'SSS
BBBlOcKKaaaDDDOOrrrSSS
BBBLLLeeeCCCKKKAdddees
bbLAAACCkadIIInnGGG
bLuCCkAGOO
bbbLLOOCKKKEGGGee'S
BBBLICCCKAAAgggeeeSSS
bLLLoocckkBBuuSSSttteeeR
bbblloCCCkbbUUUsttEErr'SSS
BBlllOOcckkkbbuuussttteeRRRsss
bbbLLLOOCCKBuuSTTiiNNNg
BBBLLOOOccKbbUUUssstttiiNNggg'sss
BBBLLLOOOCKeed
bbblleeccker
BBBLLLUcKKKeerr'SSS
bllOOOCCCKKeeeRRRsss
BBBLLAAACCCkkHHHaaaaddd
BBlooCCCKKhheeaDDD'SSS
BBBlliiicccKKHHHeeeiiidSSS
BBBLLOOOCCCkkHHouSSSu
bbbLLLOCKKKhheeeeeSSeee'ss
BBlooCKHAAAUUSSSUUUS
blllaaccckkIIEERR
bLLOOOccKKKIIIeSTT
bbblocKKKeeNGGG
bbbliCkkkIIINNGGGsss
bbbLoooCkkissh
BBBLoocccKKKsss
BlllOCCkkkYYY
bLLLooCCCS
bbLLAGGG
bLLoogg'sss
BBBlllIIggGOOOdd
BBlogGGER
BLLLogGGeR'ss
BLLLAGGGGGeeeRRRsss
blllIgggGGEEENGG
bblOOOggSSS
BLOOOKKEE
bbbLLLOOkiii's
bbLLLookEEss
bbblUUUkkkOOOsHH
BBBLLLOOND
BBluuund'S
bblliiNNNDDDUUU
blIIInnnDDDE'SS
bLLooNdddErr
BBlOONdddoS
BBBlllOOOnnnddIISTTT
bblOOONNDDDESHH
blOnDDNNNESSss
BBBLooNNddnnnEESSss's
bbbluuuNdSS
Blllooooddd
bblloooOOdd'SSS
BllloooooDbbbaattth
bLooooDbUUttthhh'S
BBLaaaeeeDDBBaaaTTThss
bbllleodddcccIrrdddLLUUnnnG
bbllliiiooddeeed
BLLLuuoodddFeeeNNN
BBBlloooOOODDDhouuuNNNd
bllIIoDDDhheeuNDD'SSS
BBllUUooDHHoouuundddss
bllluuaDDDIIeeD
bbLoooEEEddiEERRR
BBllUUIIDDOOOeeeSSS
bbbLLLOOOOdddAAeSSSTT
BBBleeeidiillY
BBLLLouDiiiNAAsssS
BBBLLLoooDDDOnnoSSS'SS
BlOaddIIINNGGG
BllOOOooddLUSSSSSS
BlOOOOODDDllOOSSSSSSLLYY
bblllIIIuudddleeSSSSnnEESSS
blooEddLLLEESSsnnnOOss'SSS
BBBllloooUUdddllEEETTttinnnGG
bbbLLLOOIdLuTTTTTTIIInnGGG'SSS
bllluuueeeddlluuNNe
bLLuuoooddLLLaaaNEE'SSS
bbLeeOODDLLIINAAAs
BBBLoEEDDMMMOOBBEEElleee
bbLLLoooooddmiiibbbiiLa'SS
BlUUoddMMIIIBBaaaLeeSSS
BLLLoooIdddRRoooot
bbllIIiDDrrrEoooTTss
bLLLOuuDDDSS
BllEEEeDDsHHHEd
bbllooOOOdSSShhiDD'sss
BBLOOoooDDDsshhhot
BBLaaaooDssPPPorrrTT
bllloooooDDDsssPPPERRtttS
BBLLoUUddsTaaANNN
BLLooooooDDDSSttAAuuNN'SSS
bbbllIIIUUDDsssttAIINNUUddd
bLiiAAAdddSSSTaUUNNS
BloooddsttOcKKK
bLLLoooOOdsTTOcKKK'SSS
BBLLLuuuIIIDDssTTooNNu
BlllOOOAdddSTTTuunnnUUUss
bbblUEEEDssTTTRRuuAAMMM
bbblllooOOOdddsstrruUmm'sss
BLLLOoodsstttRREEEammss
bbbLLooOOODssseecKKKErr
BllUUOOdSSSUUCKKKErr'S
bbblloOOODDSSSuuuCkkeerS
bLOEDDDSuucKKaNNNg
bbblUuuDttthhuuuRsssttiiiEEr
bbbllaaaOOOdTHHHiiiRsttiUUUssT
BBBLLooaadddtthIIIrrSTIIlYY
BBBlAAoooddthhhERsssTTTonnOOOsss
bbblooIIDDDTTHHHEEErrStttiinnnesssSSS'SSS
BBLuuuaDDTTTHHUUrssTTTY
BlieeeDWWWARmmm
BllooooooDYYY
bLLuuoDDYYoooNNNGG
bLLLOOOOODDDyMMEENNNdUdddnaasss
BBBlllAAooomm
BBBlloooooM'sss
BLLLOOOoooMMEEddd
BBLLOOOOMAARRR
bllloooEEEMeerrr's
BLOOOOOMOrrSSS
bbbLLOomERRyy
BBLooaaamiiErrr
BBLooooommOOOSSt
BBBlloOOMEEENGGG
BLLLooooMSS
bbblllioooMyy
Bllliiioopp
BBBllloOppp'sss
BBLoooPPPEEEddd
BBBLLUUUuppoooRR
bLOOopEr'SS
bbblIIOOPPeeRRss
BBluuoooPPPiiNNNGG
bbblOOOOOOpppS
bllIIIssssOOOmmm
BBBLaaasssSUUUM'sss
bbbLLLaaaSSSSiimmiD
bblllooSSsoomooonggg
bbbLLOOSssAAAMMMuuuNGGS
bLLLoooSSssaaaMMMss
bbllASSSuuMMyyy
bbLLLOOOttt
bLaat'S
bblllUUTCChhh
bLLLoTChhh'sss
BBLLLotttchhheeeddd
bLLooTTCCCHoooSS
bbbLLLEEETChiiieeeRRR
BLLETTcHHiiissstt
BLOOTTTCHiNNNeSSSSSS
BlleettcchiiinnnGGG
bbbllATCCChyyy
BBBlloTTTss
bbLOOOTTTtEd
bbblllOOOTTTTTEr
BlleeeTTttteeer's
BBBLLotTERRRss
BlllOttttIIngg
bbblllOOTTTTOO
bbblllOOOAASIII
bLLoOOOssse'SS
BBlluuuuSSaaD
bbbLLLEEuuSASS
bblooESSENG
BLLLIuuuSOONNN
BBLLiiW
bbbLew's
BBBLooWWErr
BBBllEEWWaR'SS
bbblOWWEErrrSSS
bbloWWfffAAAshh
bbbLLLAWWfflllIooosss
bbblOWfllly
BBBLLEwwFLLLyy'SS
bbLOOWGGUUUn
BBBLLLoooWWGUUNNN'S
BBBlloWWWguunnss
BBBLLoWWWHHHaarrdd
BBllloooWWhhhiirddd'S
BBBliiiwwwHHIIrrrDs
bbblOOWWHOOLLOOO
BBBLLLOOOwwHHHUUULEES
BBBlliiiWWWiOrrr
bLooWWIIisttt
BLLLoWIIInnGG
BBBlowLLaaMP
BllooWWlAMPPSSS
Blowwwn
bLLLIIIWWWOOOuTT
bbLOOwwwaaUUUtt'S
BllUUWOUttss
BBllAWpIIpppeee
BBBllloWpppIPPUU'S
BBlloooWppIIpppAAs
bblliiiwwwSSS
bbblOOOwwwSIIIEEEr
BBBllAwSSSUUUeeeST
bbLLLiWSYYY
BlluuuwwwtUUrcchh
bblliWWttOrrcchhh'sss
bbbLLLIWWToooRRccchhiiisss
BLLuuWWWtttEEBBBee
BlloowwwTTUbbuuS
bbbLeewwIIIppp
BllloWUUUpp's
blliiiWWAppS
bbbllAAAWY
BllOwZZoood
bblllooWWWZiiuuuRRR
blOOOwZZZIeSTT
BBBLLLoWzyyy
BBllUUbb
BBlIIBBBbbEEED
BBBLuBBBbiiiRRR
blleeBBBeer'SS
BBBlUUbBBBeeerUd
BBBLLLuuBbbEErrhOEDD
bLLUUBBBBoRRReNNNGGG
BBLUUUBBBeeerrss
bbLuBBBbbbERy
bLLOOBbbAANNgg
BLuuBsss
BBBLLUUCChiiirr
bblleeecccHHHERRs
BBBllloodddggAAA
bbbLoDDgggeeeeNNN
BBlllIIIDggauuuNN'SS
bLLUUUDDggAAooNNNeeDDD
bLudgggAaNNAANggg
BBleedddgggiOONNS
blueee
BLLUUUEEE'SS
BLLUUUUBeeeLLL
bLLLooIbbeeLl'SS
bbblUEEEBBEEEllLSS
bbllIIuuuBBBErrrriiesss
BBBlllUobeeRRyy
BlllUUUEEEbbAAARryy'sss
BBBlIIIOOOBIILl
BBLLLuueebbbiiillLLSS
bbllluueBBBIIRD
BlluuueeeBBIIIRRDDD'sss
BlluuAAbbbIIRRRdds
bbblluaaabbbleeeOd
bllliiEbeeNnnniiTTT
bbbllUEEEBBONnnneTT'ss
BLLLUUUOOObbbonnnnnEEETTss
BllaaaoooBOOTTTlUU
bLLuuUUBaaatTTlllA'sss
bbbllUUUEEEboTTTTTTllES
bblluAAAcceeAAAtt
bbbLLUUUEdd
bbbLLUUUEEEFFFiiSHHH
BBLOOOeeFFFiSSHH's
BBlllUUEFFIIssHooS
bbbLLuEEGGGiiLLLL
BBLLLIUUggoLLLLLL's
bllUUUEEGiLLLlllss
BLLuaagggRaaSSS
BLLLioGGRRiiisSSS'sss
BllOOOEiNNGG
BBLUUUIInnng'sss
BBLLLUeeEEESSSHH
BBLUUUeeJJJAccKeeTT
BBLuEEEJeecckkeTTT'ss
blllEEJJJaaaCCkUUUtss
blAAeejjaaaY
BBBlleoooJaYYY's
BBBlllUUUaaajIIIysss
BLLLeeeeeJEEANNS
bbbLLUUUUUUJJJeeeEEnnSSS'sss
BLLuInEEEsssss
BLLLaEEnESs'S
bbLLLAAeennOOOssse
BBLLLEeNAAASE'S
BBlUEnnnOSSAAd
bbbluuuunnnuuuSSaS
bblluIIIpoooIIInnT
BLLLuuueppoINNt's
BBlUUUOPPPiiiUnnttsss
BBBLLiiiEEPPPRRRAAnnnTTT
BlllUUEEEppprrAnnt'ss
BBBlOOOAAppRREnTeeD
bbLLuIIIPPPRiiiNTTIInnGG
BBBLUUooPPPrIIINNNts
BBLAeRRR
bbblEEaaaSS
BBlllUOOOSaaUrrr
blliUUSiiiaSTTT
bbllUUUUUSSSmmmaaN
bbblllEEEEsssttt
BBLuueeesssttuuuckkiiNg
bblllAAAeeessstOOOcKIInG's
BBBLLLoooEEEsstttUUcccKKKiNNNgggS
BLLuuuoosssTOOONNNUU
BBBLLLuESSSTOnEEESS
BBBLLLEosssYYY
bLLLUUUeeeTTT
bbbLLuueeet'SS
BlllaUUUTooNGGOOOuuu
BBBllloooeTTTSS
BBllOOeeeWuueeed
bllluuIIIwweeAADDss
BBllIeeY
BBBlUFFFfff
BBBllluFFFfff'SS
bblUFfAADD
BBBLLeeeFfffiiirr
bbbLafFFFeeerrr'S
blllUUUFFffORsss
BBLLuuffffEEEssTTT
bbLLLuuFFFffIIng
BBBllUFFFLYYY
BLLiFFFFFFnnuSsss
bbluuufffFFNEssS'SS
BBlufffFFFS
BBBlllUUUIIInG
BLLUUUIIInnG'ss
BBllUUUeeSHH
bbblllennndiirrr
BBBluuuNddERR's
bbLLLUUnnnDDDiiRbbIIsssS
BBBLUUUNNdeeerbuuuSS'sss
bbbLLAANNddEEERRBaaassssssEEsss
bLUUUNNDoRRuuD
blllOnDoorrrEEErrr
BBBLLuNNDDDorrrarr'sss
bLLLUnnndeRirrSSS
bbLLLuNDDerrInnGG
BBLLUUUndIrrraaaNNGGGlYYY
BBLLLuuNNdddirriiNNGSS
bllUNNNDDDirrrSS
bbLiiiNNNGGGeee
bbLuuNNNgggERRR
Blluuunntt
BlluuNNtteeeDDD
BLLLUUNNNTTOOR
BBBLLOOOnnnTTIIst
bLuuNNtIINNNg
BBLUUNNtLLyy
BBBlUUnnTNNAAASSS
BLUntttneSSS'sss
BBBLLUnnttsss
bbblAAArr
bbblUUUrr'S
BBBluRRBBB
bbllluuRRBBB'sss
BBBLUrrBBss
bbbluuRRRREEEDD
BBLLUURRRRRRieeR
BBLLLeRRRRIIEESSSttt
bLLLUUURRRRinEEssssss
BBliiRRRUNeeessss'SS
bllloooRRrrroooNNNggg
BLLUURRy
BBBLuuuRRSSS
BlllOrtt
BlluRteeD
BBLLLoooRRRttiiNggg
BBBlluurTTTSSS
BLLLeeesHHH
BLuush'sss
BBluuuSSShhEEd
bbLUSSShEER
bLIIIssshirrr's
BBBLLLIIIssshhhiiiRRss
BLLIShhUss
BBLLLUUShhhFuuulll
BLUShhhIIINNNGGG
BLLIIShhIIInnGGLLLy
bbbllUUssttur
BBBllUSTTTeeerr'ss
BBluuStoooREEEDDD
BBBlllUUUsTTAreeeRRR
BBLUUUssTTEEErrEERR'sss
bblaSSSTTTEERRIIIrrrS
bLLLuusssTTIIIrIIIngg
BBLLUSTTEErrrOOOoss
bllAAstttAAArSSS
blllUUUsTTAAARYYY
booo'SSS'NN
bbbOOO'SSS'n's
Bo'S'NNS
BBBII'SSuuuNNN
bAA'SSeenn'SS
bbO'SSuuunns
bbbooaaa
BBeeeAAA'SSS
bbbIIIaaaRRR
bOOAAAr'SSS
BBeeeURdd
bbboooAAArDDD's
bbIAArrrdddedd
BOaaRRddeeerr
BuuaarDERRR'SSS
BBBOaaRRRdERRSS
BBBOOIIIRRDDDggeeemmmeeeSSS
booaardIINNNG
BBUUERdiNNNGGG'SS
BBooARRRdIINNNghhhOOOooosssE
bbooaaRRddinnGHHooIIsssEEE'ss
BoooAAArddungghhOOOuuuSSEES
biiaRRDDDuunGGSSS
BooAArrddRRRuuOOOM
BooaRdddRUUOOOMM'S
beARdRRRUOOOmmmsss
BBBOOOiirDsss
bbOOOAAArrDDDWalKK
bbbOOOARRRddWALLLk'S
BBBOOiiirDwwwaaaLLLkkss
BoaaaRRFFFiiishhh
BBOOOIrrHHHUUUUUUND
BBBEARRRhhAOOndddS
BBBooorrrAAAShh
BBBOUURRsss
BBOIrrTTT
bbIIiiisss
bUUaaassstt
BBBiioooSSSTT'sss
BBBiiiAAsssttiiD
bAAoossstttor
BBBoooeeSSSTTerrr's
BBBeiissTTiirrrS
bbiiioossstFFuL
bboiiisttfUUULLLlllyy
boooIIISTffEElNNeSSSS
BBIIAAAsssttFFFuullnneeSSSS'sss
bbbOUSSStiiinnnggg
BOOOaaSSTTSS
BaaaTTT
BBOOOUTT's
BBBOOeeeTBBBaaallllll
beaatbbbEEEllLLLSSS
bbuuuAAAtttEEDD
bbboiTTToooLL
boAATTIRR
bbbOOOiittErr'ss
bbIAAAttIIIRs
BBBoooottthhhuuuuSSSEE
Baaiiithooooossee'SSS
BBuATTHooOOsseeS
BBBuuuATTTIIINNGG
BBBeeaatIINNNGGG'SSS
BIIAtLoaaad
BuuITTLOOaaaDDs
bbbooootttmmuuN
bboAAtmmaannn'SSS
BBBEEEOOTTTMMennn
bOOOIIITTss
BBooUUtttSSSmmmOONNN
BBBoAttssWaaaAn
BBBOOatsssWWaiiNNN'SSS
BBBoooaaTTswwuuUnnSSS
BooaaattYYYard
BOOUUUtYYYEErdss
bbbOOObbb
bbEEEb'sss
bboooBBBbbbEddd
buubbBeeeRRRY
BoobbbbIEEss
BBAAbbbbbINNN
bbaaabbbbIInnn'SSS
bbooBBIIInIt
bbEEEbbbbbbEEEnnnG
bbooobbBBaaaNNNS
BBBOBBbLeee
bbebbbBBBlOOO'SS
bboooBBBLLLuuuD
babbbbLUUs
BBOOObbbblllinGGG
bbbooobbbBByyy
BBBObBy'SS
BabbbbYYSSiiCCCKKKSSS
bbbooobBBByyySSoooXX
bbbOObbbBysssUUXXXeer
bbooBBBByyySSSooxEEER's
BOBBBBBYsOxxxeeeRS
boBCuuT
bbOBBBceeet'ss
BUbCCaaTTss
BEEBuuulllUNNNK
BBooBBBOOOllAAANNNK's
bbUUBOOlllIIINNkkkSS
BBBoobbbs
bbbAAABBSlEDDD
BBBoobbbSSLLLOOOdd'SSS
bbOOOBsssLuDddUUD
bbooBBssLEDDDdEErrr
boobbbsssllEEEDDDddEEER'SSS
BBBOOBslaaadddDDErrS
BBBEBBSSSLedddddooonnGGG
BEEbbbsslluuuDDdaNNGGGSSS
BBObsssLLuuDDSSS
BooobSlEEEIIgh
bbbOBssllleUGGGh'sss
BobsssLLeeeeeghhS
boBBBStttooY
BUUBtuuIL
bUbbbTTTaaaEEl'S
bboooBtAAIIILLLuuDD
bUUUbbTTTIIIiiills
BBIBBWhhhItteee
BBiiBBwHHHiittEE'SSS
BBOOOBwwwHItttes
BBocccAAgge
bbboocccee
BOOOCcEE'ss
BUCCcccII
bIccCIII'ss
BUcCCCeeeo
BBIIcccccaaAAA'ss
BBOOOCCCkk
BBoooccKK'SS
BuDD
Boooddd'SS
bbbooDDDAAAciiiooEEESS
bbbOdddeee
BBBudddAddd
BBoDDDEEGGaaa
BBOOOddEGGGU's
bbbOdEEEgggIIss
BBODDDoss
BEEEDDgggee
bbbOdddGUUUDDD
BBODDGGGaaass
BAADGIIE
BiiidddgggEEENggg
baaDDhhooossAtttvUUU
bodiiCE
BOODiccEEE's
bbOOOdddiCCCoss
BBBooDoooEEddd
BoooDeeUSS
bbAAAdIIlIIISSSs
BoDDALy
BBIIDIIINNggg
bbbIddaaaNgggS
BiidddKKIINN
BBBooDDkkkoNNN'sss
bbboddKIIns
bbbOOOddSS
Beedddyy
BBAAAdy'SSS
BBoooDYbbbIIARRRd
bOOddyyyBBBeAArrdiirr
bbbODDDyBBuuuaalldddeeerrr
BBBuudYYYBBUuuLDUUUrr'S
BBBodddYYbbuueeLdorrrs
BOOODDDyyyBBBaaIIlddiNNNGG
BBBOdddYYYBBBUUUIIIlllDDDIIInGG'S
bboDDYYcccHHeeeCCCK
BBBEDDDYgggoooaarrddd
BeeeDDYgguArd'sss
bboooDyyggaaaaRddS
bAADDYsuIT
bOdYYssuuIttt'sss
BBBaadddYYssaaaiiiTsss
bOddYSSeeeRff
bbbOOOdddyWWWurrrkkk
bbooDDDYwwworK'SSS
bOFFFOnn
bbuuFFFFinSS
BBOOOffffffu
BBBoogg
bOOGGG'sss
BBBOOggbbbeeeeN
bbbiGGBEONNNSSS
bbbiiGGGOOOYY
BoogggEEy'S
BBBOOGGGeeyaaaDD
BBBOgggeeeyiiinnnggg
BBAAggUyyMMiiin
bbUgggEEEyMaaan'S
bboooGGIYMeeen
BoGGGAAyyss
BBEEGGgggeeRRRTT
bbOOgggggEEDD
bboooGGgggiieRRR
bbbuggooESSST
BOOOggggiiinG
bbIGGGLee
BBBeGGGgggLLUd
BaaGGGgLLess
bOOgGGlllUNgg
bbbuugggYYY
boGIIIeee
BBBaaagoooEEE'SSS
bOOOGGGeidd
BBoooGGGEEEUsss
BBooggglllee
bbbOOOgggs
bbbOggTRRREttIIIrrr
bbOGGoss
bbaaagUUUsLLyyy
BBIIGGUUSSNNIIISSSS
BoooGGGY
bbbOOgggY'SSS
BBOGGGymmONN
BBBOOggymooNNN'S
BBaaaGGyyMMMEEn
bbbIIHHHaamIannn
BIIhAMMMiiiAnn'S
BBBOOOHHHAAmmmaaaaNiiSSmm
BooHHeeemmiAAnnnuussmm'ss
BOhheeMMiUnnnS
bbOOOHHRRIIIUUm
bbbUHiinK
bOOOAlll
BaEEELL's
BeeuuuLOOODDD
bbbOOOiilllER
BBBOOiileerrr's
bbouulleeRRmmmAAAkkOOORR
bbOAALLLIRMMMuuuKaaar'sss
bbiOOlllerrmmmiiKeeerrS
BBOOuleRRRpppletttU
bbOeeLeerrplleeettee's
bbiiIlllEErrSSS
bbOiLLLIInGGG
BUUUIILLIIINgSS
BOOOOOllsss
bbiiieeeStteeerrrOOEEES
BBBAissttEEERRUUAAsLLLyy
bbbOOOOSSSTTTEEERRIuSSSNNNEEss
bbbooossTTTuurooIIIsssnESSs'ss
bbUlla
booolA'SSS
BBELAAAsss
bbOOOld
bUUUldeerrr
bbooldeeSSTT
BBBoollldddffaaaCCCU
BAAALLLDffuuccce'SSS
buLLLDDDfffAAAcccaaaD
BOLLLdlllYYY
bbbooLLLDDNNiSSSs
bbUULLLDDDNNIsss'ss
BBBIIIleee
BOOLLLooo's
BEEELecctttIIIoNNN
BBoLLiiRRROOO
BBALLLEEErrro'SS
BoollEEErross
bbolllaaSS
BBBoolllotttUUUSSS
bbboLAAdddu
BBAAALLaDDDooosss
booLLEvvarrr
booLLLuuuVar'SSS
bbbUlIVUrESS
BOOOLLaaVVAAARRSSS
bbbooollIIIVeeeAAnoo
BBoolIVVIAnnooSS
BBBuuulll
bbolllll'S
bbbuuulllLLaRRd
bbbiiLLLLARRRdddSS
bbbOOOlLiiiXXX
BBoooLLLlllaXXX'SS
BooolllIIXXIIIdd
biiiLlaXXXEEEs
BBBOLLLLLIxxxiiNNNG
bbOLLLLOOCkkkiiinng
bbOOlLLOOOCKINNGGGSSS
baLLLOCCKSSS
boolLsss
bbbaLlWWWOrrM
bboollLLLWooRmsss
bbbEELu
bbOOllluuGNAA
bEELoggnnA'SSS
bbboolloMEEETTTAARRR
bbbEEEllUUMMMETTTEErrS
BBBEELLANNNeeYY
BBoolllAAANNNeeeY'SSS
BBOOOlllooos
bbboooLLsHoovIIIKK
BBOOLSSShhhAAAVVVIkkk'ss
boLLSSHEEvikke
bbbooLLLssHHHeeeVIIIKKKSS
BBBillsssHUViSM
BOLLSShhheeVVVIISMMsss
BIIlshhhiiieee
boooLLSSHYY
BBBolstAARRR
boolssstttEEERRR'ss
BBBOOOLLssTArrrEEdd
BBAAALLLsstttORRRIIInnggg
BOOOlllssTTaaRRSSS
BOOOlllttt
bbbuLTT'ss
BBAAAltedd
bbeeeltER
BOOlTTHHilllA
BBBOOlllTTTHHoollESS
bbOOLLLTEENg
BBoolllTAAAnnnoooEE
BBBoolllTRRRappAAA
BBBAALLTTs
bbooLLLUUUSS
booLUUUsss'SS
bbbolllUssiiiss
biimmBB
bbbOMMBBB'SSS
bboMbuCCaaCCUUOOAASS
BBOOMBBarddd
bOOmmbbbAAARRdddED
bbboooMMBBBaRddAAAEERR
bbbammBOOOrrDDDIIeeeR'ss
bbbeeMMbbbArdddIIOOrSSS
BBoommBBAAARRDDANGG
bbbeembbbaarDDMuuNT
BBBoooMbbUUURRRDMEEEnnttt'SSS
bbOOMMbbbIIIrdmmEnnnttsss
BBoommmBBIIIRRDDONN
bbeeMMMbAARDooNNNsss
BBoMMMbbbUURdddss
BBBOmmmbEEsttt
bIMbesssttt'sss
BoooMMBIISSStiiic
boombbaSSttiicccOllYYY
booMMbbiZIINe
BBBoMbbUUU
BoMMbbeeed
BBommmbARR
bbOOOmBBiiRRR'sss
BBOOOMMbERSSS
BBooMMbbbiiNNNgg
bbbOmmBBOOOnGGGss
bammbbbPrrrUUOOff
BEmBBsss
BBOOMMbssHHHeeelllL
BBBaaambbbssHHHEEELLLL's
BBAAmmbbsssHHeeeLLLlS
baammmBBBSiiiggghhttt
BBBIIIMMMbbSSSiiggghTsss
bbammmbbbSSSeetee
baamBBSSItttOOSSS
bbOOOmmbbYYCCiidd
bUUUMBBYYCCCuddds
bbOOOnuuNNZii
bbooNUUUNNzzzaa'sss
baaannaannZZZAS
BBBEENNbbbOn
bbbOONNBBBUnnn'SS
bbbaanbOONNNs
bbbooonCE
bbOOnnnCCOs
BBBoooNNNDDD
BooND'SS
buundddaaggEEE
BOndAAAGGGeee'ss
bbOOnnnDeeddd
bbOOOnndhhOOOLDEErr
bbbOOONNdhoLLLDER's
bboooNdddHOOOllddeeRSS
bbooNNDIIInnGG
BBinDDDOOnngg'sss
BiNNNdMMMIIIIIDDD
BBIIInnnDMAAOOODss
bbbOOONNdddmmmaNN
booNDMMANNN'sss
bUUUnnnDMMMoN
BBBooNNdddSSS
bbAAANDDSSERRVAAnnnttt
BBBOOONNddSSSmmmEENN
BONNddSSmmaaNN'SS
BBBooNNdsssMUUUN
BONNNDstttOnnnII
bbooNNDDSwEEmmENNN
BOONNNdddssWWOOmoonnn
BoooNNDDWWWOOMAN
boondddWWoooMMeeenn'SS
BBOONNNDDwwommmaNNN
BBAAnnOOO
BAAAneee'sss
bbbooNaaabbbllAAACCCk
bbbUUUNoDD
BBBoNNeffeeessHH
BBBAnnneeehhheeeaaddd
BBiiinEhhEEADDD's
bbboNEEEHHUuudeeeDDD
bbooNNNEEEHEEEAADDss
boooniiLLeeessSS
BooonEEEmmEEEaaaLLL
BBBaNNNerr
BUUUNNEEr's
BOnnnIrrSSS
BinnnESS
BBooonnnEEsattt
BBoonnnUSUTS
BuuunEsssEEEttEEEr
BBooonnUSEtTEErss
bbbonnnaasHuKEr
bbbOOONNESSSHHiiKKuuurrrSS
bbbAAAnnnEyy
bbENEEyyyarrrd
BBUUUNNEYErr
bboooNooyyyESTTT
baaNNNffIIIREEE
binnffoREEE'S
BOnnnFIreeS
BBUnnnGG
bOOnnng'SS
bboonGGEEddd
bbbONNNgUUUnnnGG
bbbUnnnGGGi
bbaaNNGGGo'SS
BBBOnGGuuuiss
BBiiNNNggoosss
BBBANNggs
BBOOOnnHIIIMMMiiaaa
BBOONhoMMiiiee's
bbooNNeeAArr
bboonnnIUUUSSTT
BBAANIniiSSs
bANNiiNeeeSSS'S
bbAnniingg
BBBonnnOtO
bbOONNNIIITTOOO'SSS
BBBOONEEEtttoooes
BBOOOnnnIIttaasss
bbbOOnnnKKK
BBBaaankkkEEED
BOOnnKKKeeRRSSS
bbboNkIIInnGG
bbbOnnnKKs
BBOnNNNeee
BBBONNNuT
bbooonNNNoooT'ss
bbbEENnneetttss
BannnnnIIIOO
BBoooNNIeeerr
bbbonnnNNIesTT
BUNNnnnYYY
BBoNnyClllaaaBBBbbbuuuRR
bbeenobEE
bIInnIIIbbiiiSSS
baaansAAAi
BBBEEEnSSSAIII'ss
BBBooonnsssPPIIeeLL
BoooNNNttUbboookk
bonusss
BOOnnnISSS'S
baanussesss
BooNNNY
BOOONzzzAAA
bbbinnZZEER
bbAooo
bbbEEEUU's
boAAAbb
bbbEEEIBBB's
BBBaOOOBAd
bbbOOoBIEEESS
BoooOBBBenng
bouubbbooee
bbbOOobbOOOOO'SSS
bUUUaaaBEooss
bbbAOBBsss
BBEEEibbbYY
BBBOOOObby'S
bboOOOdddLeee
boooOOOdddllEE'S
BBOOIDLLLeeSSS
BiiiOOOuuuDDD
BBBIIIaaGGGER
bbbaOggEERRmmmaann
BooooGGGAARRmOONN'SS
bOOOGGGEEErMANNSS
BBBOaaaGGEEErrrSSS
BoooAGGIIIYMMMaaN
BBuuuuggeyyymmANN'sss
bbbUUeegggeYYmmmIIINNN
bOOOGiA
booooooGGuuuEE'S
BBooIGGAAAeeeDD
bbooAAGGGuEEEoooNgg
bbbIIIIIggiiieeMMoonnn
BoOgeeEEMMUUN'SS
BBBooooogIoss
BOOohhheooo
BBBuuohheeeOOO'SSS
bEEEohhhIIIEEAd
BooooHHooouuung
BOiiHHHeOOOSSS
BAAAAUUUnggg
bbbiOOkk
BBBeeeook'S
bbbIIIAkkAAAbbLLeee
BBeeeookkkBOnDDDIR
bbboEkkkBiiiNDDDeerrr's
bbboooOOOKKKBBBEEEnnDDAAARRaeS
biiiooKKbbaaNNNDDDEErrrs
BooOKbbbaaaNNNDDDEEERyyy
BOEKKbaNNDUrrrY's
bbaaaOOKKKBBINNdddIINNNGGG
booAAAKKKbOONNDDDIIInnnGGG'sss
bbboOOOKKKccAAAsssEEE
BBOOOiikkkccaaSSSIII'sss
booOkCassseeSSS
BBoEEkkkcRRIIFtt
bbeeeEkkeeddd
BBBIIIokkkEEEnnd
bbbIIIokkkEnnnDDD's
bbiiiOKAAAnDDS
BBOOOoookkkiiii
BBOUUkkOeee'SS
BBBoooOOkkkOOOEss
BeoKKKeeennggg
buoookUUUnnGG's
BOOOEEKOOOnngggsss
bbOOeeeKKKiiSSSH
BooKKkkkeeeEEPooRR
BBAOOOKKKKKKeeeEEEPPPaaaR'ss
BBaOOKKKkEEeeePOORRRS
BBeukKKKEEIIpAnngg
bEaaaKKEEEopinnngg'SSS
bbbeOkkkLIIT
BaaaAAkllUUUttt's
boooooKKKLLLEEEttSSS
BBEOOOKKKllluuvEERRR
bbbiiiOkkkMMMAAkkkeeeRR
BBooookmmmIIkkeerr'SSS
BBOOOkkMAAkkkeerSSS
bOOOOOKKMMMAAkkkINGGG
BBooaKKmaaakkkunnnggg'sss
bbbOOakkkMMMONNN
bUEKmmmarkk
BBBuueeeKKKmmmAArrrk'S
BBOOOookkkmaaRRkIIIdd
BBeeeEkkmooRkkOOOR
BBooOKmaaaRKEERRRS
BAAAeeekkkMArrrkkiiNNNggg
BBBoUUkkkmAArkkS
BBoooAAkkkMaaaBBEElle
bbboukkkmmooobbUUlaaa'SS
bbOOookMMOBilooosss
bbooookkkpllaTTTE
BBeooKKPPPllAAATTe'ss
BBiiiUUUkkkPPPllAATiSSS
bbboooOOKrUUcKKK
BBBooaaaKKKrruuSSST
boooKs
BoOOKKKssUUllleeeRR
BoooukkSEEELLlllEErrr'sss
BBBeeOOkksssEELLlErSSS
BOOakkSSHiiilff
BIIIoooKKKSShEElllFFF's
BOOoKKSSSHIIllvvAASS
BeeeOOkkksshoPPP
bbbOOOOOKKKSSSHHOOPPP'S
bboEEKKKSSShhhOOOpSSS
BBoOKstttiiccKK
bbUUUokkkssttaaalllLL
BooouuuksTTTooollllSSS
bbboaaksTOONNNddd
bboooOOOKKKsssTaaaRee
boOOOkssstttOOOree'SSS
BoOKSSSTErrrees
BBoIIKKWWOORRKKK
bbbOOoKKKWooorrrMM
bbbooikWIIRmmm'sss
bIIIiiiKwooRmSS
bbooam
BooouMM'SSS
BBBaaOMbbbIxxx
BBoooEEEMMMBBBOXXX'SS
bbbOOMMbbboXOOOs
bboOOOMEEd
bIIooommmEEr
BBBUUEMMeeeraaNGG
baOOOMeerrrANGG'SS
BBBuuuOMaarrranGEDDD
bbbooooMaaaRRuNNGGaaaNNG
BOOooMeeerrreNNGss
BoooomIRRS
BBBOiiiMMMiNg
bOOoomkinnn
BoUmSS
BOOOInnn
BBiiOn'ss
BBoOnnDDiicckkSS
BBoooOOONNNdiicckksss'SS
bbbeeOOnndddaggggLEE
BBBoooOOnnDDDAAAGGGglllIII'SS
booONNNDoooGGGGLLLEEEdd
bbaaOONNNDDDoooGGGggLLEErr
BoouunnddoGgllar'S
BiOnndddOOOGGGgLLEEERRRS
BBAAOOnddOOGGglllAS
BIoooNDUUgggGGGllliinG
bbooOONgg
BBBoennoooIsss
bbbOonnnIEESSS'ss
bbbOOOEEnnnss
booOrr
BBOOaarrr'SS
bOOooorrIIIssHH
BBOOOiirrIssHlYYY
BBUUUiiRIIISSSHnnneeeSss
BBBOOUURRIIISShNNNeeessss'ss
boirrEEEsssHNNNassSSiSS
BOOUURSSS
BBBOOOeeesss
bbbOOOOSTTT
BBooooStt's
BBooosssTTEEEDDD
bbEEoosstttER
BuuOssTTTEEEr'S
BAAAoSTaaaROOsM
BAAIIsttteeerSSS
bbOOOOSttIIINNNg
BBBIIuuSSStttSS
bbeooottt
BUUUoottt'ss
bIIoootttbllUUUccckk
BBBeeeUUttbbblAccKKK'S
bbboooOOtbLaaaCkkS
BBBoooOtEdd
BBBoooOOToeee
BBBiiOOOtttEEEEE'SS
bbbooOOttOIISS
BBBAAootooRYY
bbbAAAAtHHH
bOooTTTHHH'S
bbbIIoooTTThhs
bbbooootUUUe
BBBAoottAIII's
BOEEETTTIIIEEsss
bOottUNGG
bbOOaaattjacck
bbbIIOOTTjjjAAcksss
BoIItttlaacccII
BiOOtttLLLuuuCeeS
bbOOOtttLEEEG
BBoootttlluuuggg'SSS
bbbeeeOOOTLLLeggGId
BBBiiioTllOOOGGGGGoorr
bbOeTlllEEggGeRRR'SSS
BBBoIITTLeeGGGGiiiRS
bbaaOOttlIgguunnnGGG
BBeeaatttllleegGUUNNNgg'sss
bbboeeTTlllooGGsss
BBBOOAttLLEsSS
BAoTTllleSSSlyy
bOOOotttLLEEEssSnessss
boOTTTllliiicccKKK
BBUAATLLeeeCCCKKKoooDDD
bOAATlleCkkaaarrr
BaOTlleCkkERSS
BBiiUUUTTLLLackkAANNGG
BiiOOOtLUUCkkSSS
BBAuuttSSS
bbouuuttssTTrrooopp
bOOOOTTTStttrrrAAApp'SS
bbboooOOttSttRRRApppppIIDDD
bbboooeetttSTTrrrAPPPPPPIngg
BOOUUTSTRRAPsss
BiAATTTyy
BBoooaaatttY'SS
bbiiOZZuu
bbOOzzzEE'sss
bbOOOOzzEEEdd
BoOZZIRRR
BBeeOZZeeR'ss
bbboooOOzIIIrrS
BBooouuuzzEEs
BBBooZZIIIIIrr
BBBOOOOOZEEEEEEsTT
bOOOIzzzUUUNNGG
bbbeeeOZZY
bbooppp
BEP'S
bbUUpppPPEEED
bOpPeeeRR
bbopPUUUNNNG
BBeeePPSS
bbbOrrA
bbbUUURAACCCuuccc
BBBOrruuuciiiTii
BBAAraaaGAAA
bbbiiiRRaaGGGEEs
bbbIIRRAggOnnAACaooouss
BeerAAAKKK
BORRoTTuu
bboooruttUUs
BBoooRRRuuuXXX
BBBoooRRIX'ss
BArrbboorrYYYgmUUs
bbUURRDDDeLLLLOOO
bOrrDDaLLLlo's
BIIrrdEElllLLLIIISSS
BURRdddERRR
bbbiiRRdeR'ss
BuuRRddiRRRIIIuuuIII
biiiRRRDDeereDD
BOOrrrDOOrrrErrr
bbORRddEEEruuuRRS
bbbORRRDDiirIIInnnggg
BAARRRdddEEErlluuNNDDD
BuuRRRdaaRRRlllAANND'SS
BBBUURRRdddeeerLLLeennnDSS
BBUUUrderLIIINi
BORRRdddERLIIInnniii'ss
bbOrrDDEEErrllIINeeSS
bbbOORDIIRRRS
BBBeeRDureee
BBBorree
BBBUURRREE'ss
BBoRRAAAAAAll
bbborrrocccullle
BBeeerraaCCooLeSSS
bbbEEEReDD
BBEEERReeedIIImm
bbborIIdddiimm'S
BBBIrrEEEHHUUllU
bboRRehOlllEEESS
bbIIIRRRerr
booorERRR'S
bbooRRREEErsss
BBBArreS
BBBAREESSoMMMOOO
BOOrrrg
bbooRRRIc
bEERaaadEE
BBBuuurAAANNggg
BaarEEnngly
bbaaaRRRn
bbEERnnnuuu
bOOORnnneaLL
bbOOOrrrNittoo
BBoorrNiittiiiS
BBBEEERRRiN
BoRRRON'SSS
BBaRRRaasssiilliicccaaTE
BOORRUSiiiLLIcccuTEEES
bboooRIIUUGGhhh
bbbOOOrrooouuGh'SSS
bOOrrooUGhhhss
BorRRRUW
bbAArrrUwwweedd
bbOOORRROWWWARRR
BBOOORrroooWWERR'S
bbbOORrrOWeRRs
BBBoRRRRaWWWinggg
BBBORRRRiiWWannngg's
biirrRuuuwOOnnngs
BAAARRrrowwwSSS
BBorSChhh
bbbaaRRSSSccH'S
BBBOORssCCCHHHT
bUUURRRsssCCHHTTT's
bbbooRRsshT
BOORssshhTSSS
bbbaaaRSSStttIIl
bbbeeeRsssTTUUULLss
BBBOOOrrrtt
bbORRZZZuuiii
bbooorrrZUUUaa'SS
bbbaarrrZZAAiiSS
BBBES'nn
BBOOOsss'nnn's
BBess'ns
bOOOSSSCaaaGU
bbbosccchhboookkk
bbOOSccchhhvvAArrrK
BBoSSSH
BBoSH'S
baaaSSK
bbbosssKaaaGGe
BOOOSSSkEtt
BIskUeeerr
BBBEESkkIIIoossstt
BisskkkYY
BOOOssimm
boosssoMMM'SS
BBoooSoommmiiddd
BBBOOOsssooMMMsss
bboooSSSOOOMMMY
bbbOssseeNNN
bbboooSSOOONSS
BeSSQQQOOettt
BBOOOssssss
BisSS's
bbboosssSeedd
BoooSSSSSSES
BiiiSSsiEErr
BBBoossssIIeeeSSSTT
BoSssEEELLLyy
bESSSEEENEEESss
BBIIssssIIniiSSSs'SS
BBBossSiiinng
bbASSSSSIsssmm
bboSSssiiisMM'SSS
bbboossssyyy
BIsAn
BBaaSSSUUUNN'S
bbossiiNNss
bbboottOniiiC
BBBoTTOOOnnIICOLLL
BIItttUUUnnUUCELLllY
BBooTTaNicAALss
bbbooottAAnuussst
bbbuuttEnissst'S
BBBOOOtAAANeeessstttss
buuTTEEENNNuZZZeee
bbbEEtAAAnneeeZEEEddd
bbboottiiniizzEEEs
BBBOTunIIZZZAANG
bOOOTAnnommmANNNCCy
bOOOttaany
bbbOOOTTennYY'SSS
boTTTchhh
BBBAttCH'SS
BUTccHHEEEDDD
bbUTcHHHOOr
BotcHoooRR's
BooTTCCHHHEEERRRsss
bItCCHOOs
BBBAATTcchhhiiieerrr
BBBOTTTchhheeeuuuSSTTT
boootttCCCHHHIlyyy
BBBOtchhiiiNGGG
bOOttcHHHyyy
bbOTIlll
biitttfffliiiEsss
bboTFllyyy
BBitHH
bbbIIIThhER
BBBUUTTTHHHEEERR'ss
boooTTHeeerrAAAtAAooonnn
BBOOOTThhhiirrraaTTIIOOONss
BBOTTThhhEEErrEEDD
BBBoothhhEErrAAAnng
bbbOOTTTHIIRRsss
BBAAThiiRsssOOMMee
BOOThY
bbOOTTRRyOeeeDDEEL
bOTTsss
BBBiiiTTTTT
BBoottttlooo
BBUUtttttllle's
bbuuttttlleeD
BBEttttttlllefffuuuL
bbbooottTTLLLEfffeeLLS
BOOTTTttLLLEEnECk
bIIITTTtttllAAnnnECCK'S
BOOtttLLLEnnEEcccKKsss
bbuTTTtLLEErr
bbbuuuTtLiiiRRR'SS
BUUUTTTttlEERRs
BBIITTTTTlEEsss
BBBOOttttllliiiNG
BBBooTtoooMMM
bbboooTTttiMM'SSS
BBUUTTTTTaaaMiidd
BeeettttIIImmmiNNNg
bittOMLAAAnnnd
BUttaaMMLLUUnnndSS
BBooTTtAMlleesssSS
beeetttOmmmOssT
BBuuuttttuuuMMMRRY
bbbOTTTTuuMMSSS
BOTuullliiin
BooTTuLinnS
BBBoootULLLIIInnuSS
boottULLLiiiNNeSSEEESS
bbbOOTTTULLLEESSSMMM
bbbAATTaaalIIssm'ss
BBoouuDDOiiiRRR
boooaDAAAIIrr'sss
BBBiudAAURRRSS
BaAAAFFFaannntt
BBooouuuFFFffUNNTTT'S
bbbooooFFFFFAAnnnttss
bouuFFfffe
bbouffFFFEEEs
BBBoUgeeAAANNVViiilllLaeeaa
booIIGGGaaiiiNNVVVeeeLLuuuEEEAAsss
bbOOiiigguuuiinnVIIILLLLLLiiiAAA
BBUUGGGAAAiiinnnVViiillLLLEEooo'S
beeIIgggaaINNVIIIlLOOOAAASSS
Buuuiighhh
biiAAGGhh'sss
BUUuGGhPOttt
BaaEEgghhss
BBBEOGHHHT
bOuGGGHTEEEn
BBBOOaaGIuu
bbbOOOIIeeelllaBBBuIIIsssSSeee
BBBOOuuiiilLLLobbbuOsssssee'SS
BBBOOOUILLLLLLuuuBIIeesssSSSES
BBBOOOOIIlllI
beeaaeeellloN
BBAUUAAALLLLInn'SSS
bauuuaaLLEEnnSSS
buuullldEEEr
BOIlllDEErr'ss
BooUULLLdddeeRRudd
bbiUUUlDDORRs
biiaaLLEE
BBBOOooolllEEss
bbiiaaLLLeeeVVVOrDDD
BooUUULLuvvvaaRD'SSS
BBuillAAAVaarrddaaaaar
BAAAulliViiiRds
BuuuuuLLiivEEErSEmmmeeNTTT
BBooiiNceee
bbbOOUUUNNccca'SS
BBUUEEEncccED
baauuNcciiiRR
BoUncerr'SS
BBeaaaNcceeeRRSSS
bbOuNNNcEs
BBBouuuNCCCIerr
BBUAAnCCiiiESSStt
bbOuunnnccuulYY
bbbUuNccannAAsssSS
BBBOOANNconnEEEssS'sss
boooUUUnnCCOngg
BoUnnncccyyy
bbIIOONNNd
buuiNNdd's
BBBEEaaNDDDAARRAAEsss
bOUUndddAARy
BBBEEUnnndaRYYY'sss
BOiiindedd
BouunnddeeDnnnesssSS
BOOunnDDDENNN
bbuuuUUNNDDDEER
bbbiAAANdddeeeRRR's
bIIIUNNDDDirrrSS
BBIIIuunnnddinnng
BBoooUNNDDDLLLEsssss
BBoUUnnndddlEEEsssSlly
bbbIIuunDLESSSSSnnneeSSS
BBooAANdLeeeSSNNNuSSSS'sss
bbuAnnnddds
bbbooouunnntttAAAooUUUS
BBoennttaOOOuuuSLLLY
BBBOOInnnteoooUssnnneeSSS
BBBOuNtteOuuSNNNUUSSSs's
bboUnnntteeeOSS
BBeeeUUUnttUUUfffIIILLL
bbbOOOOONNNTTTiiFIIIllllllyyy
bbbUaannTOFFFUULLLNNIISsss
boooUnntIfaLLLnnniiSSS's
BooouNNNttYY
bbaaaNNNTTy'ss
BeeeaaaqqqIIiittt
boooUqqquATT'SSS
BBBeeUqqAAAetttSSS
bbbOUrBiiNNN
BOOOUUUrrBeeennn'ss
bAAuRRbbboooNNsss
BBOOuuurrrdooon
BBBooouuurDDDoonnSSS
bAAURRGGeooouuSSS
bbiiUrrrgeeiiiss'ss
bOOURRgggEEOOOeeeSSSAuuu
BBBoUUUrrrggEEEoIIIsssAeee'SSS
BOOuurrrGGGeOOOIISSIIIfooocAAATTTIIaaNN
bOOUUUrrrGGGoooooouuuSIFyyy
BBooUUURgEEEIIn
bbUUUUURGeeOnoooddd
bUUUURRGooOOnOOONGG
bboouuurGGeeoNSSS
biuuuRRRnn
BuuuuRRRnno
BBOOuRRRNNNeSS
BBBuuuErrrnnnSSS
BBUUiRssseee
BBBUiiSSII
bOUUUsssEDD
bbbooUUUSSSUUS
beuuuSSiing
BBooAAstRoopphhOOODoN
bbbaauuussttRRROOOPPhuudooNNNss
bauuutt
BBOuuTT's
bbouttAAAQQQeeoo
bbOOUUUtAAAQuee's
BBEEuutiQQQuuuEEs
bbboouuuttOOnnnnnnaaaèrrraa
bbbEEuuutOOONNNNiiièRO'SS
bbboouutANNNNNNIIèRReeeSS
bbbaaaooottsss
BBoUZOOOEkkOO
bbOOEzzOOukkIII'SSS
baaauuZauukkkuuuSS
BBBOOVVViiiddd
BUVVViiDDSS
bbIIIviiiNNO
BBBooVIINE'SSS
bbbEVooNeeelyy
bbbooovIINUss
booovvvvvuuRR
bbOOOw
BoWW'sss
bbboWddlllEErrOOSMMM
BBooowwwdLLUUURRRiZZaTuuooon
bbbeewwwDDllUUriiizzzaaaTeeOnnn'ss
BBBoooWWdllorEEEzzzaTiiOOONNSS
BOOwwDDLOOORizzeee
bEwwwDDllloooRRRIIIZZZUUUd
BooWWDDDlllEEERRozeeeSSS
bAAWdLURRiiizziingg
bbIIIWWWiiiDD
bbaaawwwELL
BBooowwElll's
BawwEElllsss
bbbOOOWWER
BBBuuwwweer'sss
bbbOOOwweeRRRbIIrrrD
BoooWWWEERRRBBiiirddS
BowwwEEERRRSS
BBOOWWWooRy
BBIwwwFFIIIn
buwwwffEEns
BOOwwwHHHeeead
bbboowhhEEEAAAddsss
BIIIWWWEEENggg
boooWeenGS
BBOOOwwKKNooTTT
bbbooowwKKKNNNOOOTTS
bbbOOWWWll
bbbOwwwLLL'SS
bbOOwwLLLDerr
bbAwwwlllddORRR's
BeeeWWlldddERRss
bbaawLLLeeed
BOOWLLLIIIg
BOOWWLOgg'S
BBOOOWWllEEEggggEEdd
bbbeewwwlllEEgggss
BBOOWWWLLoooR
BBuuuWWWLLLeerr'ss
bEwwLEEERRsss
boooWLLffeLL
beewwLFILLL'ss
bOOOWLFFFUlllss
boowlliiNEEE
bbOOOWlllIIInE'ss
BBBOOOwwllliiinnnEEEs
BBBOOOWLiinGG
BOOOWlllonnnggg's
BBBoWWLlllikee
BaaWlllSS
bbiiwwwmAN
bowwwMMMUUUNNN'SSS
BBuuuWMMMOOnnn
bAWWWs
bbbOOwSaaa
BOOwSSSoooD
bbbOOOWWsssASSS
BBBEEWsHHHaT
bbbowSIIInnnG
bOWsssppRet
BAAAWWSppRRRItt'S
bbOOWsppprrIIITsss
BBBooWWsstrinnnG
bawwwStttRRRannGG's
bbbUwsssTTTRRRIIIngSS
bUUUWWWwwwooW
BOOOWWWWWooW'S
BBUUUWWWWWWUUWs
bbbuuwyeRR
BAAAXX
bbiXX'SSS
bOOXbbUUURReeEEsss
BBoooxxBOOOrRRRyy
BBUUUxxbbooAArrrD
BBBoXcccarr
BBBooxxxcaaaR'S
BBBoxxcccaaaRRRSSS
BBAAAxxEEddd
boooxIIIRR
BOOXXUUUrr's
bbboooXXURRRSSS
bbbooxxiiss
BBEEEXXffeSSHH
bAAAXXFFUll
bbbuuuXXXFFUlss
BBBOxxxHHHAAooll
bbOOOxxxioRRR
bbiiXXXiOOsst
BBoxxxEEEnnnG
bbiixunnG'SS
boXXLookeee
bbbOXrOOOMM
bboxxxrEEEIIIMMMS
BBoooxTTTHHOOORRnn
BBUUUxxTTThorNNSSS
BBOOOxwwwOEEEDDD
BexWWWoooAADD'SSS
BBBOOOxxYY
bbuuuyyy
bAAAYY'sss
BOYOORR
BBOOOyyyCCCUUUTt
BOOOyycccOOOtt's
bbbooyyCCCUUUttteeDD
bbboooyycAATTTINNNggg
BBoYccoottSSS
BIyyFRReeENdd
bbbOYfffriEnDDD'S
bbOOOyyyFFFRRIiiinnDDSS
bbAAyyHIOOdd
bbboYYhheeeoood'SS
bbooYYHHHEEOOODs
bboYYussh
BOOYYisHHHLLLy
bOYYEShnnnasS
beyyyishNNNeesSS's
BOOOYLLLaa
bbIIIySS
BBBOOOYYYsEEENNNBBIRRRiiieess
BOOYsseeeNBuuuRRrYY
BBBOYsssenBBiirrY'sss
BBOOOzI
bbbizOO'sss
BBBooZiSS
BBr'OOR
BBBrrraa
bbbRaa'SS
BBBrrAbbbbLLLee
bbrrrAbbbblllEEdd
bRAAAbblless
BBrraaaBBBlEEENg
bbRAACEEE
bbbrEECeee'S
BRRiiicccADD
bbRaacceelllAAT
BRRIIIcceelllittt'ss
BRRRAAAcolleeeTS
bbbRRRaaCCERRR
BBRRREEcEEERR'sss
bbbraaaCeeRRo
BRUccceeruu'SSS
bbbrrrOceeRRRUUUs
bbRRaaccerrrSS
bbbRiCCEs
bbbrrOOOcccH
BrrrAAACHHHaaaa
BBRRRocHiALLL
BBBrrraaachhhIeeeTeee
BBRaaCHHHIAAAtttAd
BBBRuuCChhhiaaTTEESSS
BrachhhooAAAtttIIINNNg
BBBRaaaccchhhiiiaatttiioon
bbRoocchhIIIattiiioonnnSS
briChhhuuuaatOOr
bbRRAChhaaoPuuDDD
bRRIICCCHHHIIoPoooDDss
bbbRRACHHaaaaaaSSOOUR
brrrIIIchhiuuSaaUUrUUUSSS
BRRRaaccchhhIIam
BBBRRRAccHHHyycceeePHHaaleeCC
bbrrUUUccchhyyycEEPPHHHAAALLYY
bbrrUUcchyyLLOOGGGYY
BBrUUUcccHyyyPteerOUUUS
BBBRRRuuucchhhyyUUURiNN
bbRRAccHHYYurraNNs
BrriicinnnGGG
bbrrraaaCCUUNNggllYYY
brAAAcKKen
BBrrICCCKKeeen'ss
bbRRACCkattt
bRiCCKUTTT'S
bRRIIIcckkkeetOOOddd
bRRoCCKIItttuNNNggg
bbbrAAcckOOOTTTSSS
BRRaaCCkkIISSHHH
BBBRRAccKAAssHHHnnEEESSSS
bbbRRRaaaCKKiiisHHnnessss'S
bbrraCTT
brAACCCttt'S
bbbrraaaCTEEAAAttEEE
BRREECCCTTTeeeIllee
bbrriccTTEEoLLLOOsss
bbrrAAACtsss
bbriiid
brrrAADD'sss
BRRiiiDDDUUWWWll
bbbRRedIIwllss
bbbraaadddsss
bbrrAAAdyccARduuaaa
bbrrrAADYcccuuuRRddIIIAAAsss
bbraadddyyyTTTeeLLLoC
BRRAII
BRRUUUeee's
BBRRaaeeSSS
BBBrrrIggg
BBRAAg'SSS
BBRRaagGAAAdaaCCCIIII
BBBRRUUUGgOOOdoooCCiiiO'sss
bbbRRRaGGgggAADECiiiUUUS
BRRRAAgggaaRRttt
bbbrraGgAAArrrttt'ss
BRRoooGGGgggaarrrTTTSS
BBrAAGGGGGEEEDD
bRRAAGGeR
bbRRaggGGGOOrrr'SSS
BBBriggGeRRRSS
BBRRRaaagGiiNNNggg
BRRAAGss
BBBrraaAd
bbRRReAADD's
BBBRRAAAADDDeedd
bRRRAAoodddEEER
bbRoooiDDiNNGGG
BBRRREEIIIddInng'S
BrrrAAIIIddSSS
bbbRUUiiiL
bbbrrIIIILuDD
BBRRRaiillaaNGGG
bbRRRaailllleee
BRRaaaIIILLe'SS
bbraaaiilllSS
BBBRAIIInnn
BRRRiinn'S
brreeiiincchhIIILDD
BrrroooIIINNCCHiiLLddd'SSS
bRRRaaainChIIILLdddRennn
bRRAAAinnUdd
BrooIIniiEErrr
BBBrAAUUnnnIIeeeSSSTTT
bbbRRaaaiiinnnineSSS
bbReEEENINNNeeSss's
BBrrUUUUNNING
brrroooOOnnLeSSSs
BBBraaaIINNNLEEEsssllyy
BBBrrAAnLLLiiisssSSNESSSS
BBrrrAAiiiNPPPAAN
bbruIIINNppaaNSS
BBRRuUUnnpppOwwErr
BBBrrraiiNNPPPOOOwIrrs
bRRAAeeeNNsss
BBroinnnsICCCk
brEInnnSSSttooRRMMM
bbbrAAiiiNNNSTTTORRRm'S
BBBrraiiNSToRRMMMiiiD
bbbraaaIIINNsssttARRMMMEEEnG
BBBRRREEUUNNNsTToorrrMMaaaNNgg'SS
brAAIINSttuuuRMMSSS
bbrrOOiiinnnTTTeeeoooSSeeerr
BRRReeeuuNtttAaaassseeRR'S
BrrraaaIINTTTeeaSSErrSSS
BBBrriiiNNwwwIISSShhh
BBBRRiiiINWWWaaSSheddd
BBrooooNWWissHHEEEs
bbbrrraaaoonnwwiiissHInG
BraeennnWWWAAsshIIInnGG's
BBBrOOOiiiNNwwIIvveee
BBBraIIINWUUUvEEsss
BBrrooinwwwAArKKK
bbbRRaaIINNNy
BRRaaIsE
brrraIIsseeD
brrraIIISSSeeSSS
brrriiiOOsssIIInggg
BrrAAAKKEEE
bbrraaaKKKI'sss
bRRRaakkIdd
BBROOOkeLLESs
bbrrrookkEEmmmaaaNN
BBBruuuKKeeemAnnn'SS
BBRAAAKeemooon
bRRAkkkeeSSS
bROKEEESSmAnn
BrrAAkkinng
BrrrellEEESSss
brramBBleee
bbRAAAmmbbLeee'sss
BrAmmBBllloos
bbRRAAMMMBBBLooOOrr
bbbRaMMMbbblluuuoSSSTT
BBrrAmmBBBlINNNGG
BBBRRAAMbbbLiiiNNggSSS
BBBrrrAAAmmBBBLy
BBRReNNN
Brrraann'S
BBRRuuuNNCHHH
BBBrAnnnccchhh'ss
bbrrANCCCHEEED
BBRAANNCCCheeeSS
bbRRReNcHHIUUU
BBrUUnnnCCChhhiiaE
BRONNccHiiNggg
brrUnnccHHIINGGGs
BRRaNNNcccHHHOOIIIpppooDD
BBBRRAAAnnnCCHHHIIOOOPPPooodddsss
BBBRRRaNNNCCChhhllEssssss
brrIINCCChhhllEEKKKoo
BBBRRaaannnDD
BrrrAANDD's
BRaaaNDDiiiddd
BBBrrranDDDERRR
bbbrrraaanDDDAR'SSS
BBrraannDEERRRSS
bbbrrraNNdiiaaadd
brrraaannndIIIeSSS
bbRRRIINDDeenggg
BrrraannndddASSShh
bbbRiiinndddiishEd
BrAANNDiiShuuRR
bRRaaaNDDDiiiSShhheess
BBRRONNdddiShhINNggg
BBBRRooNNNddllEEEsS
BrroonDLLLIINNGG
BBBROOnnnds
bbrrANNDDDy
brAAAnnDyyy's
BBBrrraNDyennnGGG
bbrrEEEnnnkS
BBBRRRuunllUU
BBBrAAnnnNNyy
BruuuNt
Braaantsss
BBBrAASS
bbbRIISSH
bbbrrrashhERRR
bbbRRRasheeeSSTT
BBrrruuusshLyy
BBBRaaasssHneeSSs
bbrrAASSHHNNISSSSS'S
bbrEEShhhY
bbbrOOSIIIeR
BBBRReeessIIIOOOrrrs
BBBrrIIIssiLLLUUUiiiNN
bbRAAssiiiLLIInn
BRRRooSSSS
brOOOSsss'ss
bbbrrreeesssaaRDD
BRRRuuSssaaRdss
bbbRaaSSSSboouuNDDD
bbRRRuuSSsbbbIIUNNNDDDeR
bbRRAASSSSEErrriEE
brrAsssSSSERiiiEEE'ss
bRRaSSSssEEriiiEsss
BBBRRRisssseess
BBBrrAAASSsiCCCaaa
bbbRRAssssssiiiuuu
brrUUSSSsssOOurrr
BBRRiiisssSSSIIeRRi
BBraaSSSSiiorU'sss
bbbRRuuussSSuueerUUSSS
bbbRRRAASsssiiOss
BBBrrAssssiieesTTT
bbbrrrAAASsssOOLLLyyy
BRRRaaaSSSSSUUNeessss
BBBrrOOSSInnneeSSSSSS'SS
bbbrrriiSSSSSSWWarrrEEE
bRRRiSSSYYY
bbbRRiTT
BBRRRat'S
BBrrrAAttSS
BRRRAAAtttttoooCCCI
bbbraaaTTTTeCCCEEDD
BBRAAATTTtoooCCUUss
bbbRRRuutttuuccINNNG
BBBRRRAAAtTTTIIEER
BBBrrrUttttiooSttt
brraaattttiiNNNEEssss
BBrrEEttIsshhhINNGG
brrraatTTTy
bbRIttWWoooRRRSSttt
brrrUUUTTwwORstt'sss
BBBRRAAAtttwuuuRSTS
BBBrrrEEEoooniittiii
BrroooEEENNNSScHHwwwIIoooGGGeeR
BBBRRRaVVaDDDeee
BRaavvAAddEE'SS
BBrrraaavvEEE
BRRRAAAVVVAA'S
bRiiivvvEEDD
BrriiiVVVIIIlllY
BBBrAVVVAANNUSSSs
BBRRRoooVVVeeNAAsssSSS'sss
bbrrAVViiR
BBBrrAAAVVVORRY
bbbRRRaaaVVVERRRyy'SSS
bbbrrrAAvvveeSSS
BBrrraaaVVEEESTT
bbRRRuvvING
BBRRRovvvUSSSSIIImOO
BBreeevUU
BBBraaaVVOO'sss
bbbRaVViiSSS
bruviiirrraaa
BBBRRaavuuRRII'SSS
BBBrrriiivvvUUUrrAAAS
bbRRRAAww
BBBRReeWWiiir
bRaawwISt
BBBRRRiiiwwLL
BRRRAwwwlll'SSS
BBrrriWlEEEddd
BBBraWWWLLLeeer
brrowwwLaR'SSS
BBBrAAAWWllliiRRRSSS
brraawliiNNNgg
BBRRaaaWWLSS
bbbrraWn
BBBRaawwN'SSS
BBBRRIIIwwNNNeooorr
BBBRAWNNNieeeSSttt
bbrrraWWWNNNinnnesSSS
bbbRRRaWWNNNiiNNNeesssss's
BBBrrrAAwwwnnyy
bRRRiXXXY
bbrrruuYY
BRRRUUy'SS
bbbrrrAAAyyEddd
BRRAYYYOOORR
BBrAYYUNNG
BBrrAAYSSS
bbbrrrUZZZEEE
bbbriiiZZUUdd
bRAAAZZZEENN
bbbRRIIIzzEENNNEddd
BBRaZZeeeNiiinnnGGG
BBRRaaZZZEENllY
broozEEEnnNNNEEEsssSS
bbRRRAAZZZENNNNeeSS'sss
BBRRRAAAzzEENS
bRooZeeRRR
BROzzzERR'SSS
bbbREEZZZeeeRSSS
BBrrreZZEEESSS
bbRizzzaEEER
BBBrruuuZZIIIeRR'sss
BrrruZiiiErrrS
bbrroziLLL
bbRiZilllaaaINN
bbbRRaaZZIILLLiiinn
BBrIZALss
BBrAAzzzAAAnggg
BRRReeACCHH
brrrEEich's
BrrraaaaCChhoD
BBrrreeeacHHeeesss
bbrrEEEAAAccchinnng
BBBraAAAD
BBrrEEOOD'SS
bbrrEEaaadBBOSkEEt
BBBrIadBBBiiissskkEEtt's
BBBrriiiIIIDDDbbAssskkeetts
bbbrreeOOOdbooAARRd
BBBreeiDBUUEEErrddd'S
BBBrrrUUUAAAddBBBuUrrddds
BBBRRReeeEdddbbboooxxx
BBRRReeeUdbbEEEx'SSS
bRRReeeAAdddBoXXUUss
BBBRRRooUUUddccrrEEmmbb
BBBrrrEEAAAddcrIImb's
brrEADDcccRRREmmBBBs
bbrreaaadUD
BBBrrreeeeddfffrruaaaT
BBBrrruuOOdFFrrUUAAAttt'SSS
BRRREEAAAdddFFRRRiiIIItttss
BRoouuudddiiinGGG
bbbRRRIIIaaaDDLLooonnnA
bbbRIIAADDLLLinneee's
brrEAADLLLunnnES
bbRRRoOdddnUUt
bbrraaaadddrrruuAAttt
bbrrreeaddrreeATTs
bbRReeeAADDDS
bbbrreeAADSSTTeefff
bbbrEAddSSTTTUUUFFfS
bbbrrreeooDDThhh
BrrEaaDth's
bRRiiadThhhss
bbrrroAADDDTTHHHWWWOOOYYYSS
BBBRReeeAAAdwwIINNNNORR
bbbruadwiNNNNEEER'SS
BBRREAAdWWWEEEnnnnERRRSSS
brraauuuK
BRReeAkk's
BBBRRuAKAAABLLEEE
brEEEAAKaBliii'ss
bRREEEOkkAAAbbbLEESS
bbRRReeuukUUgggEEE
breeeiikkkAgOO'SS
BBBRRAOOOkkaageeesss
BrrEEakkaaawiYYY
BrrOOOuKKKaawwwAAyyy'sss
BBrEaaKKUUUwwwAAAYYSSS
bbbRRooAkkDDDOOOwwwN
bRRRuuaaaKKKDeeeWN's
bbbRREEEaaakkddiiiwwwNSS
brOOaaKKUUUrrr
BBrrOOOuuKKeeRR'SS
BBBrrrEeKKEERRSS
BBBRuakkEEveen
BBRRRaaaaKKEVVVEnn'SS
BBREokkFFIIIsTT
bbbreAAAKFAAAst'S
bRRROOkkkfOOOSStteDD
bbbRRAAAAKFusssTTaanggg
bbRRaAkkffOsssTsss
BrrrooaaakFFFRANNNt
bREEEAkkkfffRRRoonnTT'SSS
BRREEeeekkkfrriiiNNNTTs
bbrrooouuuKEEEnnnG
brrreaKKKiNNNgggS
BBBRRIAKKKneeeCk
bbbrrAAAAAKKKauT
BBBRRReAAAKoouuTTT's
bruuAAAKKoouuTSS
bbbRRREEEaakkkppeiiNNNttsss
BBRREEEAkkkS
BBrreakTTThrroogghh
bRRRiiiaakkkTTHHHRRRIuuuGHH'ss
BBRRuuoKTTTHHHRuuOOOGhhhSSS
bbRaaaaaakIIIPPP
BRRReeAkUUUp'ss
BreAAAkkeeePss
BrrrIIakwwIIIttEERR
BBraaaaaaKWWWAAtErrr'SS
bbrrrOOOeeKKKWWaaaTEEERRsss
bbbReeAAAM
bbbRREEooommm'S
BRRReeIIMs
BBReeaaSttt
bRRROOaaassst'SS
bbbriiiaaassTBBiiNNEE
BBBrrrEEOOOSSStttbOOONe'ss
bbbREAAASSTTTbOOnnEs
bbbrroiiiSSSTTeD
bbrrrUUaaassTfEEEDD
bRRReeAAASSSttFFEoodd
BBRUUUSSttFFEEEuuddiiNNGGG
bbrrrEEAAASSSTfEEiiidsss
bReiStoooNNgg
brraaaAAAssstttPPUNNN
brrraaaAAsssTPPiiinnSS
bRRReEESSTpplAAAttE
bbbRRIIAAsssttPPllAAATE'S
BBBRREEEEEEssstttPlllAtteess
bRReeeesTTTsss
BBroooeesststtRROkEE
bbbRRaOOsTStttRuKKE'ss
BrrrEEISSTTsttROOkkuuSS
BBBrruEEEssttSSUUUmmmmiiir
bROUUSSStttwOrrrkkk
bRRReeeassstttWORkkk'sss
BBRAaasTTWWOOOrkks
bRRREEEaTTH
BBBrreaTHHH'SS
BBBrrrOOOAAtHHubLEEE
BBrrreeAATTThaaalyyyzzzEE
bbbRReeeItthalYYYzzEddd
BBrreeeeetttHooLLyZZZoRRR
BRRUUUUTTTHHHEEELYzzeeRss
BRREEEaaathhhaLLyzzzeeeS
BrEEEAATThhhALLLyyyzzzunnnGGG
BRRUUUaatttHHHe
BBBRRRiiiAAtthhhIIID
BBBRRREaaaTTTheeerrr
BBrrrEEEaaTThhEEEr'SSS
BBBReuuuTTTHHHEErrrSS
BRRIIIaaatheees
BBBRRoooeeeThhhIIIaaaRRR
BrreeeEEETThUUUEEESSSttt
BBBRRREEatttHeeeNNNggg
BBBreeeAAAthhiinnGGG'sss
bbbREEEuTTHHHiiNNGGsss
bReeaaaTThhhLLESsss
BBBRRROOiiTThhhLEEESSSsLLLyyy
bbbREOtHLeSSSsssnOOsS
bbbreeeethlESSSsnnneeesss'S
bRuuAAATTHs
BBBrreeUUttthtAAKKaaaNNGGG
bbrreAAAthhTaaKKKUUNNNGllly
BBBRRReeeottthyyy
bReeccccuE
bbbRRIIcccCCCUUOSS
bbRRoooCCCcciiateee
bbbRRReeCccciiiuuutED
BRRecccciiaTTeeeS
brrrIccccciiiIIItttaaannGG
BBBRREEDDD
BBBRRRAAdddOO
BBBRUUUU
bRRREEEEChh
BBBRRReECCChh's
bbrrOOOeeChbbbLIICCKKK
bRRROaaachhhbbbLLLUUUCCCKKKSS
bbbRRREeecchCllItthh
BBrrraEcHHHcclllooThSSS
BrEEuCCChuusss
bbbrrreeeIIIChinnG
BrrrEEEeeeChLAaaaDEErrr
bbbReeId
BBrrOEEDDD'SS
BBrrEEEDDDeR
bbbRUUeeeDURRR'S
BBRREeeeddeerrsss
BBBRRREEeeDDDEEEnnng
bbbrrieedddIIING'SS
BRRaaAADDSSS
bbbreeeeeeKKSS
bbbRREezzu
bbbRRReeeEEEZZZee'sss
BBrEIZZZEEED
BrrooiizzzeeLEEEsssss
brAeeZIIS
BBRRReozzzeWWAy
BBReeEEEzzzAAWWeeyy'sss
BruuuEEZZZeWWWUYYYs
bbbrreeEEEZZZIAAr
BBBRReeeEzzIiiissTTT
BrruezULLLy
brrEEuzzIIneeeSSs
BBRReeeeeZinaasSS'S
BBBReeeEEEZiiNNGGG
brrEEUUZY
BRREGGGmmAAA
BREGGGMMOtta
BBBrAUU
bbbRRemssttrrrAhhlluuNNNg
BBBrrronnTT
BRRReeeNNtss
BBRReeeTThrrreeNN
BrEEvvU
BBrEEVVVeee'SSS
bREEEveeeSS
BBBreeevveettt
BBBrrreeVVATT's
brrEEVVaaTTTSS
bbbrrreeevvEttTTTUUUDDD
BrEEVVOOOTTttAAAngg
brIIIvvvIeeerraaaUUUss
brrraVVViiaaarryyy
bbbreeeVAAUUURRyy's
bbRaaavviiOOOrr
bbbREEVVVUUUtyyy
bbbRRREEVoooTYYY'S
bbbrrreeeWW
bbRRRUUUw'SS
BREWWAAGGe
bbRREEEwaagguus
BBBrrrEEEWWeed
bbreeWeeeRR
bbrIWeeerrr'sss
bbRRowwwEEERRRiASS
bRRREEWWWEEErSSS
brreWooorrryy
bbbReeWWWiryy'ss
BBruwwwHHOUsssOOO
bRiiiWWooonnngg
BRaaawwwIIINNgsss
BBREEwwwIIsss
BBrrEWWWMassstttuurr
BrrEEwPPaab
bbrOOWPPUUUBB's
BBBrrEEwwPPIIIBs
BRRRuuWWSSS
bbRRIOORR
BrriiiUr'ss
BBRuOOrrrRuuott
bbRRIIAAARRrrooottts
BRRRooArSSS
BBRRRiiiEEERWWooIIDD
BBrriAAARRWWOOdddsss
BBBRRiiBaabLLeee
bbrrruuuBBooo
BBrrrIIIbbUUU'SS
bbriBBBEED
bbRiiiBAr
BBRRRiBBBEr'S
bbrrIIBUUUrrS
bbRRiiBBBooRYYY
bbbRRaabbbEEERRYYY'S
bRRRIIIBBBeSS
BBBRIIIbbiiinnngg
BBBRIIIckkk
BRRRuuuCCCKKK'ss
BBrIIcKBBBAAATT
bbbrrrIcKBBiiTTT'S
bbbrrreeeCCCKbbettts
bbbRRIIICkkkEEDDD
bbRRIccKKiI
BBrrIIccKKKaaaeS
BBBRuuuckkiingg
BRRickkkalNNN
briiiccKKKKKOLnnnSS
bbbRRiickklluuuYYOOORR
BBBrrriiickLLAyyeeRR'ss
BRROOOCCCKKlllaYuuurrrS
bbbriCkkkLLAyIINNNGGG
BBBrUUccckllluuuYYuunng'SSS
bbbRRUUUCKKllEEE
BBBRiicKsss
BBBrIckwwweRRRkkk
BBRRIIICkkkWWooRRRkk's
bbRRReeeCCkkY
BBRRIIICkkYYAAARRddd
BBrIIICCkYEErds
bbRRiiCCellAAAGGGEEE
bRaCCOllEEE
bbRiiccoLLLEESS
BRIdUUL
BrrIIIdUUUL'S
bbrrredddAAlSSS
bbbRRIdduu
BRooDDi'S
BrrrIIIdeGGrOooMMM
bbbRRIIIdeGROOOmmm's
bbbRRiiiDeGGGrrrOOoooMMMss
BBBrriidddIIs
brIIIdAAASSMMaID
BBrriiddEEsmmAeeeDD'S
bbbRRRIDDDEEEsssmAAAIDDDsss
BBRAAADDDUwoollL
bbbRadgee
BBrOOODDGUUU'SS
BBBrrriiDGuuuaaabbbllee
BBrrEEEdddggEEbeARRdd
bbRRiiiDDDGGEEEd
brreeedGGEEhhhuAD
bbbRiDDDggEHEEEaD'S
BBBRIIDDDGIIhheeeeDsss
bbRRRiidGGGooos
BBBRUUDDDggIIWWOOORKK
BBRiddgggeWOOOrrkk'S
bbrrrIIIdgiiinG
BBBrrIIdddLLLuu
BriiiDDDllee'SS
brriiDLLeeeDDD
brriDDlIIIs
BBBRRRIIddLLLeWAAy
bbbRRRIddlllAWiiysss
bbroooddllleewwisssEE
bROOODDLLLINNGG
BBRRRIIDuuaN
BBrraaDDoOOONNsss
bRRRiiie
BRRooeee'sss
BBrIIEF
brrriiiif'SS
bbbriEEEfCaaSee
BBRRUUUeeFFFcccAAsseee'ss
BBRRRIIiifccaaaseSS
BrrriiiiFFeeddd
BBrrriieeeFFFeeerr
BRRIiiiFFEEEsssTT
bbbrrriiiEEffINNgg
bbbRiiiEfiiinnngg'S
BRIEEfAAAnnngs
BBRRRIIeeeFLAAAssss
BBrriiAAAFFFlllyy
BBBrriiiOFFNNNeeeSSSS
bRUeeeFFFneeeSSSSS'SS
BrrrIOOOFSSS
bbbRIIIAAAR
BBrIIAAr'sss
bbriORRRRRUUUEEET
BBriiArrrS
bbriooorrWeeooD
BBBREEEaRRWWWIAAAdsss
brIeeeRyyy
BBraggg
bbbrrUUUg's
BBBRRoooggiDooo
BBRRIIIGGGaaadddOOO'SS
BRRIGGGAADDDeeeS
brrriiiggAAAdddIerr
BruuggAddIIIeeRRR's
BrrIIGGADiiiiRS
BrrigUNNNDDD
BBBRiGunnnD'SS
BBBroooggOONduuuGo
bbbRReGGGAAnDIgggee'SS
BRIIIGGANNNDDooNEEE
BRIGGOOnnnDDDIInnnOOOsss
BBrrrIIIGGGonnnDDRY
BBRiGGGaanDDSSS
BBBRRRIIIGaannttteNNNO
BRiigiiNNNttinA'S
BBRiiGGAAAnnnTTInnEEEs
bbrrIIGHTTT
bbbReeeGhhhttEENN
BBBriiGGGHHHteeenODDD
bbriiGGHHTTAANNEErr
BBBrrraaGHHHTeeeNNooR's
bbrrrEEEgggHttunnIIIrSS
BRRRIIIgggHHtEnnIINNgg
bbbrrUUGGGHHHTTeNsss
bRigggHHTTiR
BBBrrrEGGhhhtaaasssTT
bbbRighhhTTTly
brrIIGHHHTTTNNNEEESSSSSS
bRReeeGhhTTTNNNEESss'ss
bbRRaaaGhttNNNaaaSSSSSeess
bRRiigHHHtttsss
BBRRRIIggghhTTsss'SS
bbrrooGhhhtwwORRk
BBBrIGS
bbrrIIIllll
BBBRRIIILLLaaaannccUUU
bbrraallLiAAAnCI'SSS
BBRRiiiLLiiAnnCCCY
bbraaalllllleaNNNcccYYY'ss
bbrrEElllliiaaannttt
bRUUUlllLLooEEENNT'sss
bbbrrrIlLLuAAnTiiinnne
bbrrIIllLLLiAAANNNTTiNEEE's
bRiiillLLLIeeNTTllY
bbrillllloaaaNTTTSSS
BBRROOOllLsss
bbreem
BBRRRAAAmmm'S
BBBrimmFuuul
BBrammmFFuulL
BrriiiMMLLOOsss
BRRRooommmmaaDDD
bRiMMMmEERRR
bbbrrrImmmMuuuNG
brrrIIImS
brrimmmSTTIInnEEE
bbrrrEEEMMssTTToonE'SS
BrriiiNNDLLLEEE
BBBrrreeeNdLLLaaa'SSS
brrinnddllleedd
BRRRInneee
BRennee'SSS
brraaNNNggg
BBBrrINNguurrr
BBrEENNNgggiiiRR'ss
BrooonnGOOrsss
BBBRRIIINNGGGiiinGGG
brrrIINNGGss
BRoonnniiiOORR
BRRuneeeeeesssTT
bbRINNiiNOOOSSS
bbRRiiinnnoooNeeessSS'SS
BBRRIIINkkk
bbrIIInnKKK'sss
BBBRIINNkkkmANSSHHHIIppp
BRRinnKKMaaNNsHIppp'ss
bbbrrrIIInnnKKKss
BBrriiNNNKSSSMMANNSSShhaappp
bbrIInnKKKsMMMeNNNsHHiPPP's
bRRUUUNyy
bbbRRRiiOOO
BrrrAIIccHHHeee
bRiiioCChhhOOO's
BrIIoCCChhEEEsss
bbRRRuuuoooleettTTooo
bbbRRREUUNNEEEUUSSS
bbbRRRAAAunnnyy
bbbRIIIqueT
bRUqqquuiTTT'ss
BBBreeqqquEEttS
BBBrrEEqUUUUTttteee
BBBRAAAQAOOttttII'ss
BRRiiiqeeeEEEttttEEESS
BBBRRRUUss
BBBrIsssaaNNCCCEEE
bbrUUUssANNCCCesss
bRRRIIIsssKK
bbRRREssKKEEdd
BBBRRiiskOOOr
bRASKKKeeeSSSttt
BBBROSSKKKEEET
BBBraaassskEEETTT'SSS
BBrIIsskeeeTSS
BBRRRISSkiiNGG
brriissKLLLyy
BrrriiiSSKKNNeeSSSsss
bRRiiiSkkkNNOSs'sss
BBBrrrISSKSS
bbrrriiSLLLIINNNgg
bbbrrUUUsssttllaaa
bbrrUsstLLO'SS
BBrrriiStttlleeD
BBRRuusTTLLaalikkkAAA
BBBRRooosssTTlliiisss
BBrrrIsssTlaTIIIaaaLL
bbbRRossstLLEETaIILLLSSS
BRUUUsssTTTlEEEeerrr
briiisTLiiooSSSttt
BBREssTTLLLenggg
bbbruSSTLLLY
BBBratt
bbRuuTccHuusss
BRRRIIITTTccchheeS's
BRRROOOTTSS
BBRRRIIITsKKKo
BBBrrIIttTTTLLLEE
bRRAAttTTTlEEE'SS
BBBRROtttleLYY
bRooTTTtttllliinAASSSS
BrroootttLLLeeNNaaSSSSS'S
BrroTtttLLOOrr
bbbRRRIITTTTllleeeSSTT
bbRAAATTZkka
bbrOO'SS
BrrrUUUach
BROOOaaaccH'S
bRRROOOeccchOOOd
BBrooiicchhheeeRRR
BBBroaaccchhheeeSS
BRRROOOiiicHHiiNNgg
brrrooaaaddd
BreoD'SS
bbbrrriAddAX
bbRRROOOOOddduuXXXAAAsss
BRRoooAAdBBooNNNddd
bROOaaaDBBBAnnD'sss
BBrrrOaaDDDbbbIlll
BBBRRRIIIaaDDDbbiiiLlllsss
bRRRoODDDBBrrrUUUMMM
bbbrroooAADDccAAssst
bbbRRRoooaaDDDCAst'S
bbRooAdddccASSSTTaaddd
BBBrrrOOOAdddCAAsttteeeRR
bbRRooeeDccOstorr'SSS
bbbRRREaaaDcccaaaSSttUUUrrsss
BBrrraoodddCEEESStIINggg
bRRReeeiiiDDDCCaaasstiiinnnggg'ss
bbrrOOOaaddcccuussTs
bbbRRooEEEdccLLLaattHHH
BBrroaadccclllOOtttHHH'SS
BRRReeaaDDEEENNN
BBBrrroooaaaDDennEEEDD
BRUUAAADDDeeeNNEr
BrrrOoooDeeeNNNIInnGG
BrrrooAAddINs
BrroooADDuuuRR
bbbruuIIDDDUUUSSStt
BBrOOOaaaDLeuff
bbRRRoooAADDDLLLoaVoooDDD
BBrrOeeedllouMM
bbbRRROOaaDDDllluoMM's
BRROoDDDLYY
BBBrrrEEAADMMONDeeeddd
bbrrriiaaadddmmOOOnnnDeeeDDDNEEESSSsss
bbbRRooaDDnnneeesssSS
BrrroooiidddNNaaasssS'ss
BBBrrrooiDSS
BBBROIDDSHHHiiiEEET
bbRoEDDDSSheeeOtt'sss
BBrrOAAddSSHHeeeeTTSS
BBrrrOOOAAdddsssiidddEE
bbrrrOOAAAdSSSiiiDDDuuu's
brUUaddsssIIdddedd
BBBrrUUEEEddSSidEss
brrooADDSSeeedOOONGGG
bbrruuAAADDDSSwwwerrd
bbrrrOaaaddsswwoorrrd'SSS
brOOOddSWAAArrDDSSS
BRReAAAdddtttAAAiiil
BBrrroODDDtAiiiLLLss
broocccaDU
BBROCCADDDoo'ss
BBBRRRUUUCCEDDEEEDDD
bbRocODeees
BrrracaDDiiinggg
BBRRRoccoteeeL
BROcccCaLLLI
brrroCCCccooLLLOO'SS
bbrrroCCCHHH
BBBrrOOCChhhOOOtttTe
bbbROOccHHaaTTTTEEE'sss
BRiiicchhhAAATteS
BBRRREEChhhURee
BRRRooChhOrrEE's
BBBrOOCCChoRRess
BROOcKK
BRRRooocckkkeeettt
BBRooCCKKeeettts
BBReeegggAAAnnn
BBBrrEEGGaan'ss
bbRRAAgansss
BrrroGGGEAAA
BBRRaGGGuAAA'ss
BRRaaageeEEs
BBBRROOOiiDDEERR
bRoouuuddiiRRREEd
BrrroUUdERRiNNNGGG
brruuuIIIdEEERs
BBRRReeeUULL
brrrOiiiL'SS
BBBrrooiLLLiD
BBBRRRoiLLLirrr
bbRRReiillEER'SSS
BRRoooIIILLuurrrs
bbbrroooEEEllliNNGG
BBBrIIIlsss
brUkkEEE
BBBrrokUUNN
BRRRIIKKEEEnnHOOaaarTTTEEEdd
BBrrrUUUKENNhAaarrrtttIIIDDDLLLYYY
BBBrrOOOKKEnnnLLyy
BBBRRRookkkennNNNEESss
bbbRRiKKKONNNNNESSS'SSS
brrrOkkkIIIrr
BBBrrrEEEkEEER'SS
bbRoooKKEErraggaa
BBrrrOKKEErrrAGe'SSS
bbbROOOKKKeerruuugass
BBrOOKKKeeerreeDD
BBruuukkkerrrInnggg
BBBRRROOOKKKiirrsss
bbbROOKKKIIInnng
BBRoollLLLeeeIIS
BBBrrraalllllyy
BRROOOmmmAAlll
BRRRoooMMMAATTTEE
BrIIMMMaaatttEEd
bREMAAAttteeess
BBRooomooTTTIINNNGGG
BBrOOMMMuullIIIoddd
bbbRRROOMMeeeasssoooN
BBBrroMMMuuuC
bbbRREEEMMidddeee
Bruummmidddee'sss
BrrromiDDeSS
BBBRoommiiidiiCC
BBBrUUUmIIInnAAAttee
bbbRRiiiMMiiiNNNaaaTeeddd
bbraamiinnAAATASS
bbbRRRommINetEEENNNgg
bbbrrrOOOmmmOOONE
BBBRooMIIINNNee'SS
bbbrrOOMiiiSSSmm
bbbRRUMMOffferrrm
BrrroNccc
bRoonnCC'S
bRRROOONNCCHHii
bbroNNNccHHHua
bbRRonnncchoooull
bbRROnnnCHHHieeeCCTTTaaSSSoos
BBRROONCCCHHiieLLE
BBBRRonnnCHHHuuOLLeSSS
bbbRooonnCCCHiiTTiCCC
bbbRRennnCCCHiiiTiS
bbbrrONccHHIIITTTAAS'S
BBrrrOONNchhooo
BBBrrriiiNNNccho's
bronCCHepNNaaaAmmonniiiaaa
bbbrOOnnchhhEEEPUUlllmmmoNNaaaryy
BBrrrAAAnnnChAsss
bbRRRuNNNchhOsCCCOOOPA
bbbROONccHHOOOsscOOPPPUUSS
BBBRRooNCCCHHEESS
BBrrraaNNNCCHHHuuuSS'SS
BrrroNCOO
BRoonnnCCiii'SSS
bRRRooonnccUUBBuuusssTTeer
bRRRoooNNNcIIIbbIISStttErrr'SS
bbRRREnnnccIIIbuSSttEEErs
BBRonncccIIIss
BRROONNNCS
bRRRooontttAAASIIIIIrr
BBBRRRaannnttOSSSaaaUUUr's
brrrENNNTTToooSSSaaaaRIII
BBrrrONNNTTOsssaauuRss
brrunnnttOOSeUURUUUS
brroonttoosssaaauuRUUs'SSS
bbrrruunTTOOOSSaurrusssIIs
bbraannzEE
bbbRROOONZZZE's
BrrrONNNZAAAdd
BrrrooNNNzzzIIIss
bbrOnzaaUr
bbrrrOONNzIIesTTT
BRRooonnzInnnG
BBBRRROOOnnnzzzYY
BrrraaaOOOcchh
bbrAAAooocccHHH'S
bbrroooOOOCChhheesss
BreeUUUDDD
BBroOd'S
BBBRReeeAAAdEEDD
BBrrrOOOaaaDIIIRR
BBBrrrEEUUddooor'SSS
BBRoooodddEEErrrss
bbrOOOdiOrr
bbReeeooDDIIEEESSStt
BreeeDDDAAlllY
bbRROOEEddInnuuuSSss
BBBrrooooDunnnGG
BBBRRooOOdddinnnGG'SSS
BrrioooddIInGlly
brrooODDMMMAARRi
bbrrroooddmmiirrrEEE'SSS
BROOooddMMMeeereeeS
bbbrroooIddS
bRRaOOdYY
BBBRRiiOddy'SS
brrriiiKKK
BBBraaOOOK'SS
BrrroooOOOkIIIDD
BRRRoukaang
BRRRUuuukkOOOtttEEE
BrrraokkLLLET
BrroooKKKlAAttt'SSS
bbrOOKKKLoottss
BBBrOOOoooKKlluuummee
BBrrrUUoKKLIIMMMeS
bbROOooKKSSS
BBBrriiOOOkkweeUUUD
bbROOOeeekkWWiiiEEdddsss
BRROOOoM
bROOommm'ss
bbRAAAOOMMCCOORRNNN
bbRRROOOooMMMccUURRRns
bbRRROOeeMrrrAAPPOOO
brrrOOUmmms
bbbreeoommmSSSTTTICCkkk
brrroaaammsssTTTiiiCCKK'SS
bbbruuOOOMSSTTTECCCkkks
bbRRooSSE
BBrrrOOOttH
BBBRReeetttHHH'S
BBBRRROOtthheeell
bbrooottthhEEEL's
bbbrroooTTTHHHAAllls
bbrrruuthhEEr
bbrrrOtthhEEErrr's
BBBRROOThhirHHIIIoooDDD
bbrrOOOTHHeerrrHHooAAAddd's
bbbRRooTTTHHaaRRRHHHaaaoooDsss
BBrOOOTTThherrrllINessss
bbbRROOthhhErLLEEEnnnuussss'sss
bbRReeTTTHErlly
BBRoTHHeeerrrsss
BRRROTTThS
BBBRRuuaaaggHaaaMM
BBBRAAoogggHHuuum'ss
BBrrooUghhhiiiMS
broiigHHHTT
BBBRREEuHHHaaHOO
BBrrUUUUhooHaaa's
bbrrIIIeeHHHahhAAAs
BBrruuuWWW
BBBRoooww'SS
bbbrrIWWWbEnnndd
bbbRRReWWbeeeett
bbRRUUwwwbEattEEENNN
BRRiiiwwbbeeeTuNNg
BBBRRoWWBBBAAAATTSS
BBBrrooWWWNNN
BBrrEEEwwwnn's
BrrOOOwnaaD
bbbRRUUWWnnERRR
bRRRuuuWWWNeeSTT
bRuuuWWWNffeeealld
bbbrraaawnnnIIi
bbbrruuWNNNiiiEEE'SSS
bbREWWWnnoooEEESS
brrowwNNuNG
brrrOOWNNOnnGGSS
bbbRROOOwnnnEEEssHHH
bbbRRRooWWWNneSSsss
BBBrrreewwwnnnnEEEsssss'S
bbbrrriWnnOUUTT
bbRROOWNNNuuuuttt'SS
bRRRownnOOuTTTSSS
bbbrrrAAWWWNS
bRooowwwnnsTuuNNNEE
brrOWWWNNNsttOOOnUUU'SS
BROWnnnsssttOOONNNaaaSS
BRuuwwwss
BBBRROOOWWWSSEE
bbbRRRaaWWWSSEE'sss
bbRRROwwSSEd
bbRROOwwssEr
Brrrooowwwssuuurrr's
BBBRRRiwwsseeRRRss
BBBrrroowwwsseeS
BBRRUUUWWssINggg
BBrrrRRR
BBBrrruuCCeelllLuuussseSS
bbbRuuCeeLLLLoSSiiiSSS
bRRRICCaNNNEEE
BBrrrUUUciiNUs
BBrruuucIITTiii
bbbruUNNN
bbbRRUUUINN'SSS
bbrrrOOuNNNSSS
BBRRiUUssa
BRRRiiiIIIsEEE'sss
BRIIIusssEd
BBrrriiieeesER
brrruuuiSeeerrr'SS
BrrIIiiiseerrss
BBRIIIIseesss
BrruiiiSANNNGG
BRRuuuoSSIInGG's
bRRUUUIIITT
BRREEEiiittaaaddd
bbbriiEtiiNNG
bbRUiTTss
BBrrruMaLLL
bbbrrrUMMMByy
BRoomu
BBBRuNNNccH
bRRRuunnCCHH's
BRRoooNcccHHeDDD
bbRRRuuNNNcchhees
bRRunnccchhhiiinnGGG
Brrruunnet
bbbRUUNoottt'sss
bbbrriiinnnuTsss
bbRRROOnneeeTTte
bbbRUUUNeeeTTtttUU'SS
bbbRuuuNEEtttTAASS
brriNNttt
BBBrrrUNttt'S
BBBRoooshh
BBBrraaaSHHH'sss
bRUUSSShUUD
bbrrAAssHEEESS
bbRRUUUSSHHooEER
BBruuuSSShhIIIEESSTTT
BBBrUUUSShhhIIInnnG
BrrrOOOSSHHHoooFFFff
bbbROOsshOfF'sss
bbbRRuuusshhhAAFFFs
bbbrUUUssHsssTTTrroookkEEE
bbbRRRiiiSSHHSSTTrroKKEss
BRRRUSSShhwwUUoooDDD
BBrUssshhhwwoooOOODD'SS
bbrrrUUsssHHHWAARRRKKK
BRRRUUShhhwworrrK'sss
BBBRassshyy
BRUUsskk
BRRRiisskkeerrr
BBBrUSSSKAST
BrrrusssKKKLLY
bbbRRROSSSKKNNNaaaSSsss
bRRRUUUSSkkknnnOSs'ss
brrruussQiEE
BBBRuuussQQQueeelllYY
BRUUUSQQQiiinnnEESS
bRRRuusqqquooNNNEESSSs'S
bbrrASSSQeeeeeRR
BBrruusssQQUAAroooe
bbbrUUsQEeessst
BBBRRuuT
BBBrrrUUUttalll
bbroootAAALuuSSSMMM
bbRUUUTTAlllisssttt
brrEEttaalllUUtttIEEs
BBBrrroooTTaaalllootyyy
BBBrrruTEEllliiittyy'ss
BBrrOOOtttiiliZZZAtttiiInnn
BrAttIIIllliiizzuutAAOOnn'SS
bbbrrIIItttaaalllIIIzzzi
BRRUTAAlizEEDDD
BBRRRUUUtiiLLLIzzes
bbrrreeeTIlizIIINNg
BBRRuuutaaLllY
BBRRuuutEEE
bbRRRUUUTTE'SSS
bbRRRUUUTTErrr
BBBRRRuutttAAS
BrrUTTTIIffy
BBBrriitttuuuShh
bRRuTTTAAshhhLLyyy
brrItiiiSShnneSSSSS
BBBRRRUUTishnnniiSSS'SS
bRRyyoooLLLoogY
BBrrrYUnnniiIIsss
brryOOnnnYYY
brrrYYYOOPPPHHHyyttO
BRRRYYYaapppHyyttteeSS
bryyooZaaaAAAN
brryyyazEAAnSS
Buuub
BBBAAAbbb'ss
BBBiiBAAlll
bbUbbbAAAlliiinneee
bbAAAbbI
bbbIBbllAA
BooBBBBllloo'ss
bbbubbbbbLLLiidd
bbbooBBblllagguuuMM
bUUUBBBBLEGGoooMM's
bbOOObbbbbbllleeeRR
bbUUUBBBBLIrrSSS
bbubbblleSS
bbbeeeBBBlllAAERR
bibbBBBlllIIUSSSt
BBBAAbblluunG
BuubBBBlllYY
beeeBBBBBllY'S
bbbUUBBBIII
BBBibuuu'S
bUBBBeeUUUs
bUUbaannIcc
bubboonnnEEECCAALLLE
baaaBBSSS
BOOccCCCaall
BBBuuCCCccAAANEEeer
buccCCaannnIeR'sss
BuuuCCcaaaNNooOReDD
bbbUUUCCCCAAANIIEERiinnggg
BBaaCCcIIInnneeeeeRRRsss
bbucccCCAANNNiiitOORR
bbuuCantttIuuuRR
bbiiiccKKK
buCCKKK'SS
BBBuuucKKaaRRoooiii
bbbucckkaaaRoooEEE'ss
BBUUccckAAArrroooos
bbboooCCCkkkbbboooaRDD
bbuuCCkbbaaARRddd'ss
BBBoccKKKbooooRDS
BUcckEDD
BBUccckkEEEEEEN
BBBEcckkkuuurr
bbaaccKKaTT
BuckEEEt'S
BUUccKeTedd
BBuuccckiiiTTFFuuull
BBBooCCCkEEtFFFiiiL'sss
BBECKKUUUtfuuulSS
BBBaCCCKeeeTTTIIInGGG
BBOOOcKKKEETSS
BBBuuCKiYYaaa
BucccKKaaYYYee'sss
BBBaaaCkkEyyyUUS
bbIICCkkHHoEENNNDD
buuCCCKKKinnnggg
BBOOOCCKKKISh
bUCCKjjUmmpp
buuuCKJiiiMPoooRRR
BBBucckkLLLAA
bbbUUccckkLiii'S
bbbuucKKKLuuddd
bbIcccKlller
bbUcccKKlluuuRRR'SS
BuucckkLLLEEERS
bbUUUccckluuSS
bUUCkLLIINNNG
bbaaaCkkMMIInSSTTeerrrfeLLEEErrennneee
buCCKa
BBuuuCKKKRRuu
BBuuCCCkkrreeeM
BBUUUCCkRRAmmm'SSS
BBBaaaCCCkSSS
buuCCKSSAAWWW
BBBuuuCCCKKsaWW'sss
bbbuuuCkkkssAAAwS
BBUUUccckkssshheee
BBBUCCKKKShhhoTTT
bbbuckkkssshhhOOOttt'sss
bbbUUUcKSSSkennn
bAAcccKKKssKKiNNN'SS
bbuucKKssKKKiiiNNNsss
bbiiCKKKttteeeettHH
BBUUUCKKTTThhhOOrrrNN
BBiiiccKthAAArrrNNSS
BACCKKTUUoooTH
BBBaaaccktttIIIATTHH'ss
BBoccckkkTToaaattthEd
BuuCkWWWhhhUUooTT
bbbuucKKKwwwhhheeeaattt'ss
bbbaacKyybuulLLL
bbbUUcccAllOOOC
bbbUUUCCCAAAliCC'SSS
bbuucccoooLoocUULLllYY
BUUCooliicccSSS
bbbiiddd
bbUddd'SSS
BBBuDDDDDed
bbudDEEr
boooDDDDhhhI
bUddddIIOOOsss
buuudddDDDeennGG
BBBuuDDDiiiNgs
BUDDDDDLLLaa
biiDDDDDLEie
bbUUddddddLLEiiiaS
bbEEDDddYY
BBuuuDDDdddYY's
bbbADgge
BBUUUDDGiiiDDD
bbEEEddgeRRRUUUGuuur
BuuddGIrrAAgaaRR'ss
BBoooDGGaRRiiGAARRRss
BBODDDGIIISS
bbbUUDDGGeeeTTT
BBBIdddGGEEttt'SSS
bbOOOdddgetttary
buuuddGUUUTeeed
bbaaDDGGGETTTiNNgg
BBiDgeettSSS
bbbIIIdgiiOOO
bUdddggiiII'S
BBBIIIdddgguuuEss
bbbUUUdddGGGoonggg
bbOOOddLLiiiKKEEE
bbbUUUDDDsss
boooeeeNNoo
bbuuFFFF
BBBUUUfF's
bbUUFFFulOO
bbbefFiiiLLO'SS
BiiFFfffIIIloEEd
BBUUUFFffEEllEEEooSS
bUfffFFFeeeLoooiiNNNGGG
BBBeffFFFaalllooSS
bOfffFFFedd
BBBiiifffFFFar
bbbUUUfFFFeeeRR'ss
bbbUUFFFFeeeRRReeeDD
bbOfFeeerIIINNNggg
BEEEfffFFaaaRRRs
bbbUUFFeeett
bbUUUfffffeT'SS
BBBUUUfffeeeteeD
BuuFffEETTeer
buFFuuTTEENGGG
BBBoooFFFFFeTTINgSS
buffFFFEEtts
buFfffiiiNgg
BBBuuFFfffllleeHeeAAAddd
BBBUUUffFFFlllIIIHHIIIIDDsss
BBUfffffoo
BIIfffEEOOONN
buuffffEEEOONN's
BBaaaffFFFoooOnnnEERRRyyy
biFFFffouNNNeeRRy'S
bUffFUUiiNNNeSSHHH
BUFFFFFIOOONsss
bbbUUFFFFFFsss
baaaGGG
BBBIG'sss
bUGGabbbooiii
bbUUGGABBoUU'S
bIIGGabOOOooosss
BiiGGbbbAAnnnii
BBUUgbbAAnnnesss
BBUUUGBaaARR
BBBaagbbEEEirr's
bIgggBIIAARRs
BBBUUGEyyee
BBuGGGGeeed
BBugggGGOOR
BuggggggIIRR'S
BBBEEGgUUUrrrEEEDDD
BBBuuuGGGgggEEErrriiiOOOSS
bUUUGGeeeRRRinGG
bigGGOOORRss
buuuGGGeerrYYY
BUUGGGGGGIEEEr
bboGGGIIees
BBBuuugggggIIIeeesssTTT
BIIIgggGGoooNGGG
bbuGGGgy
bbUUgggggy'sss
bbuuuGGHEEEessseee
BBoooGLe
bbbUUGloo's
BBaaglleeeD
BUUgggLLuR
Buglleeerrr'sss
bbuglleeerrSS
BBoooGliis
BBogglleWWWeeeeeD
BBBIIIggglOWWiiiEEds
buGllanGGG
bbbuuuGliSSss
BBAAGGlOOSSSssOOSS
BBBUGsss
BEEHHHL
BBBUUUhllSS
buuuhhr
bbUUhhhrrrSStoonne
BBUUillldd
BBBuuuiiLLLdd'SSS
BBBIIlDeeeR
bbeeUUlDDOOOrrr's
boooIIILLLDDDoorrSSS
BBBUUalDuNNNg
BBUUoLLdaNNGG'SSS
BBaAALDDUUnnggSSS
bbbUillddSSS
BBBEEIIILLLddaaap
BBBuiiLdddIIIp's
bbbuuuiLDDUPSS
BBBUUaaaLLT
bbuulb
bbbUULLB's
bbbuuuLLLbbaar
BBBaallbbbIIIFFFIIRRRoooUUss
bbOOlllbiiilll
bbuullbbiiLLsss
BellbbOOuuuS
bUUULbbs
BBUUULLLBBuL
BuuullbillS
BoLLGee
BBBUUlllgU'S
bbUllgAAAddd
bbUUULLGGGees
BBuullGGhUUrr
BallghUrS
bbbUlllggoooAARRR
BOLLLgggAAEEssTTT
BaaalllGGGiiiNNNeeesssss
BBBuuulginUUSSSssISSS
BBiiLLLGGGING
bbuullggIr
BaLGGOOrsss
BBEEELLGGGy
bbbAAALLimAAAruXXXuuuAA
BEEElommmAAARRaaaXiiAAA'sss
bbbellEMMaaaRRREEXXIcc
bbbUUlllEEMMIIIa
booLiimmeeAAA'sss
bbAAALIIImicc
BBUlomiiccc'sss
BuLIIMMMiCs
BaaLLLkkk
buulllKK'SSS
bbIIIllKIIDD
BBuullKHeaaad
bbuuulllKHHEaDDD'ss
BBBiiLKKhhEEuddss
bbuulkkkaeeR
BBIIlllKKAAAOOOST
BBBuLkkIILLyyy
BBULLLKINiiissSSS
BBBOLLLKKiiinnnessssss'sss
bbbaaallkkEnng
BUUULLLKS
BBBuuulkY
bbbuulllL
bbuulLLL'SSS
bbbUULLlllUUU
BBiiiLLllloccEE
BBUUUlllLLoooCEES
BBUUUllllAAsss
boLlAttA
bbuuuLlllbbbIIt
bboooLLLLbOOTTs
bbaaalllLLLdOOGG
BuulLLLDDigg'SS
buuLLLLLDDOOggGGEd
bbuuuLLLDDOOOGGGIIINNNggg
BBUUllLLddEgs
BiLlldOOzE
BBBUUllllduZZZEDDD
bbIIILLlDOZZZoorrr
BuuuLLLLLddiiizeRRR'ss
bUUllllldddOOZZEERRsss
BIIlllLLDiZZZeeSS
BBiiiLLdddooozziiNNG
bbElllLeeed
bbbuuLLLet
BBBUllllUUUttt'SSS
BBBooLLLlAATTooon
BOOOLLLllATeeNNN'SSS
BBBUUUlllOOOTTOONNNEEddd
BBULLLLEEEttINNNINGG
BUULLLllloottaaNNs
bbOOOLLLLEEEttPPPRRReOOFFF
bbOOOLLLLLETTTPPPRRRoooofudd
bbAALLLLLUTTpprOOOOOffuunnnGGG
bbbeeelLLLiiTTTPrroooOOfffsss
BBBUUlLLEEtts
bolLLLFiiGGGhhTTT
bbuulllFIGhhhtt'SS
bbbULLllFFIgHHttURR
bbbUULLLLFFiiiGhhterr'ss
bbbuuulllFFIIIGHHTTTErrrS
BBULLLLFEEEggHHHTiinng
BBBaaLLFFEEEggHTeeeNNGGG'S
bUUUllllFFIIIggHHttss
BBBALLlFoonnnccH
bbAllllllfffiinnnccHHH'ss
BBBuuulLLLFFFaancccHHes
BBBoLLLLFFFrrrooog
BBBuuLLLFrOOggg'sss
BBBELLLLFFriigss
BBBuuLLLllheeuuD
bbbaaallllllhhUUUEEDDD'ss
buullLhhheeeiiidddIIIDD
bboLLLLheeadddEEDLYY
BBBoolllllhEEEAddeeeDnnnEssS
BIllllHHHEEaDEEEddnnEEEss'ss
BBBaallllheeeedS
bballlLLLHHOORnn
bbbAllLhhhooRRNN'SSS
BBiiiLLLlhhORRRNsss
bbIILlllIIIAAddd
bboLlllIIIeeSSS
bbuuLLLLLInnG
bbUULLLLLiioooNNN
buuullllIIIon'sss
bbuulllLiSh
BULLLISShLLYY
BaaLLLUUUsHnneeessss
bbUUUlllLooosssHnnnASSsss's
BBuulllLNNNossse
bbbEELllnnOOsssAAAss
BBBUULllOOCCCkk
bUUULlllEcckkk's
bbbEEELLLLOOOcKKS
bbbuuullllpeeen
buuLLLLLLpeeennn'sss
BilLLPPUUNNsss
bbUllLLrrrInggg
BuuullRRoNNNGG'ss
BiiiLLLllrrIIInnggs
bbuuLLLs
BEELLLLLLSSShoott
BUUULlSShhhIItt'sss
bUUUllllllSShhhiiitts
BUULLlllSSShhhiitttaaadd
BBUlllsHIIIttttttEEEr
BBulllllSSHHHiitttteR'S
BBBuLLlShhhiTttErs
bbbeeeLLllSSShhiiTtIInnnggg
BBEEElLLwHUUp
BBBuLLlwhhiPPPSS
buuLLLlllY
bALLlllYYY'SSS
bbIIIlllLLLYBoyy
BBBUULLLyyBBeYYYs
BBBuullllYIINNgg
bbULlyyraaG
BBBUUUllLLyyRRRUUgggGEEED
BallllyyRRREEgggEEENG
bbbuuuLLlYYYrrraaagggSSS
buuLLRRUUshhh
BalllRusssh'sss
bIIIlrrUsssHHEESS
BBULLwwORRkkk
bEELLwwaaaRKKK'SSS
BBeLLLWWaaarrrkkkss
buuumm
BBBAAmm'sss
BBBUUmBBegg
buMbbbeGSSS
BBoMbbbeAAALiFFFFFF
BBeeembblA
bemmmBBBllEEBBBEee
BuuummmbbLLEEbbbOeee'SS
BUUMBllleBBBAeeeSS
bbboMbllED
bbaMMBLodddoooMM
bbUMMMbloor
BUMblllIIIRRR'ss
bbbUUMbLLoRRRs
BBuumbblllEESSS
bEEEmmmbblliinGGG
bbbuuuMMMBBBoOtt
bUUUMMMBBueetttss
bUUMFF
BBBUmkkiiiNN
BBuMMmollOOO
BBIIMmmEdd
bummmmooR
bbbUUUMMErrr'S
BUUUmmmEERS
buuMMMMeeSt
BBBUUMMmIINNggg
bbbuuuMMpp
booMMMP'SS
bbAAMMMPPiddd
bbUmppUrr
BBuuumPPPEEER'SSS
bUUUmmmppeeRRRS
BuuumPh
BBBooommPPeeeerr
bIIMMpiiiiStt
bbbuuummmpinnneSSss
bbbuuMMMpiNNNeeesssSS's
bbUUMMpannnG
bbbuMppkeennn
BBuuumPPKKKiin's
bAAMMpppkkkiNNS
BBBUmmmPsss
buMMPPPtIIIouuus
bbeMMMppTIoooooSSSllY
BuummmPPtIuEssnnEsssss
bbUUUMMMPPTTIIIOOOUsNNUssssss'SSS
BBBuuuMMMpppyy
bbbUUmmSSS
bbuunn
bbINNN'SS
BBooNcch
BBUNNch'sss
bUnnnCCHHHEED
BBonnnCCHHHeeSS
BeeNCCCHHHiiieeR
bbUUUNNNcccHIIIosst
BiinCCChhhAANGG
BBUUnncchyy
bbbUUNNNccoo
bbuunCCCoo'SSS
bbbeeencccuuuoDD
BBUUUncccOOInGG
BBBOOOnnnCCOMMMBBee
BBBUnnCOOOmmbEE's
BBBoooncOOOSSS
bUUnddd
BBBaaannDDDlllUUU
BEENNNddLLIII'SS
BUUUndLLEDDD
BaaaNDLLLeeSSS
bbuuNdddlllINNggg
BBBannGGG
BBBUnnGGG'S
BUNNNGGAAAloooWWW
bbbaNNGGALLLOOWWW'SSS
BBEENNNGEELOOwSSS
BBBuuNNGGeeeddd
bbbUnGGiiiE
boooNNNgUee'SSS
bbEEENNNgeEEEsss
bennGhheLEEE
bbuNGGGHooLLLeee'sss
bUnggHHolEEEsss
baaannnGGGEEnGG
buuunGlllOOO
bbbuuuNNNggLLLeee'S
BunngLLLeeD
BBuuNGGGLLLIRRR
bbuuNNNglEER's
bbUnnnGGlliirrs
bEnGGGlES
bbbeenglIIng
BoNNNGsss
BBBuniuunn
bbbuuNiiiEEEnn'ss
BBiNEEEoooNs
bbuuunnnKK
bbbOOOnnKKK'SSS
bbbOOnKKoddd
BBooNNkiiirr
bbbAAnnKKKIIIRR'SSS
buunnkkEERRRss
bUNNkHHHOOOasEE
BIIINNNKHHUUUUSSSEE'SS
buuunnnKKKHOUUUsssUsss
bbeenkkEEENNGGG
BBBeNKKMMAAAttte
BINNkkkmEEttIs
BBBinnKKKiii
BBAANKKKEEE'ss
BBiinnnKKOIIIdd
bbbuunkAaannnGG
bbanKKKuuusss
BBOOnnnKSSS
BBBunKKKIImmm
BBBAAANNNKKuuummm'SS
beeennnNNiiias
bbuuuNNnnnyyy
bbUNNNYY'S
BBunSS
bbUNNTT
BBuNNNt'SSS
buunnnttteeD
bbbUUNNNtttEERRR
bbUUUNNNtttErrrSS
bbbUUnnTTTang
BANNteennG'SSS
BBUUUNNNtttInnnGGGss
BBONTLLLONNNee
BBBaNNNtttSSS
bbannnYYeePPP
BBuueeeYY
bbbuuuIIIYY'SS
bUuuuYIIGGOO
bbbUUUuYYYeenncYYY
bAAAOYYYAANNNCCCY'ss
bbbUAAYYYennttt
bbbuuuIIIyunnnTlYY
BaaooYYYEd
BBUUUoooyyiiNNNGG
bbbEEAysss
bbUpppRRReesssttId
BBerrr
BUUURRR'SSS
BBBuurrooon
BBBORBLLE
BBuuurrrBBBlllee'SSS
BUUURRRBBliidd
bbbUURbbllles
BBURBLANNGGG
bbbOOORBooTTT
BBiirrBBBaTSS
BaRRBBss
BBiiirrBBSS'SSS
BBBeerDinnn
bbbIRRRDDeeeNNN'S
BBUrrrDDDEEnED
bbbuuurdANennGG
buurDDDOOnnnss
BBBuRRDeeNNSSSamme
bbberrrDDDOCk
bbbEERDDDooCCCkk'ss
boooRRREEau
BBuuRiiAAAU'ss
BBBuuREauccReeecooUs
bbbuuRREEEAocccRREEEcccY
BBiireeaaauuCCrrrooccYYY's
bbbEEErUUUAAAUCCRRRiiT
bbbIraaaaauuucrreTT'sss
BBuuurrreAuuCCCrrATTiiCCC
BBuRREEaaauccrUUUTTTaCCCaaallLLY
BUUrrreEuccRRRutooozzzaaatiiiin
bbbuuuRiiOOOecccrraattIIIZZZaTTeOONN'ss
BBBuuReAAUUcccratIIIzzze
bbboroooaaaaaCrrraaaTTUzzzuddd
BBUUUreeiUCCCraaatttEEzzzAAAs
BUUrEEAAAUCRAATTTUUUzzziNNNggg
bUUUROOOIIACCRRATsss
BBBuuraauS
BBBEERRREEEaIIX
BaaarrrUTT
BBAreTTTe
BBBUreTTTtEEEsss
bUUURRggg
BBBOORRg'sss
BBBUUrrrgggAga
BuuurggEEEee
BBBUUrrrGGOOOUUnn
bbbuuuRRRGooONNeedd
buurgggaoniinggg
bUUUrrGGEEonnss
BBURRgAAARR
bbuurrGGGERR'SSS
bbbuurrGGUrrrSSS
BBUUrrrGGGeeesSS
BBUUUrgggiissssEEEs
BiiirGH
bbeRGh's
bbbUUrrrGhhEll
BBUURRRgggheeeR
bbURRgHErrr'sss
BBBUURGGGhEEErrrss
buRggghhS
bbOOOrrgllUUUrr
bbuuurrGGLOrr'S
BaRRRgllIrrAEsss
bbbUUUrrGLARRRIIoooUs
BBUUUrrgggLLLAArrroooZZE
bbuRRRGLLArriizEEDDD
buuurgLLEErrriiiZZeSS
BURGGllAAARRiiizIInGGG
BBBUUURRGllErrppRRROOooof
BBuuurGGGlloooRRss
BBBiRGlARRRY
BBBuRGlllaaRRRy'S
bIIIrgggLLLEE
bbbIrrGGGLAddd
BBBUUURRGGGLLEES
boooRGGlONGGG
bUUrrrGGGOOOMMMeeSSSTiiir
bbbooorrrGGiMiisTTOORR'S
bbUUURRGEmmmIssttteerrrs
bbuRGGEENEEEttt
bbuuurrGGOOi
borrggEEEoooS
BBUUrrgRRRaVVVeee
bbbaaRGGGRRuuVeeSSS
bUUrrrGGGSSS
bbbURRguunDDiieeSS
bIRRggeeennnddyyy
bbuuuRRGiiiNNDDDyy'SS
BuuRRRioLLL
BORRRIIaaall'sss
BBURRiiIIllSSS
BBBurieeeD
BBBUUUrUUUEErr
BBIIrriiIIIsss
bbbAAARooon
BBUUrriiNNss
bUUUrkEEE
BERRKUU
BBBUUURRRkkkiiSS
BBBoooRlll
BBBOrrll'SS
BBBEEErLoooPP
BUURLLLAAAppp'sss
bUrrrLeeddd
bbooorLLEsssqUUUa
BBBurLLEESSSqUuuu'ss
BaRRRLeeessqqqooouddd
BuuRRLLeeessQQUUUEEsss
bbUUrrlEsssqqqiiAAAnnng
bbUUrrLLIIttTTee
BBurrrLLiYY
BBBurrllIIIOOORRR
BBBuuRllIUsssttt
BURlllIINNNASs
BBBIIIRLLIInnnoosssSSS'S
bUUUrrrllls
bbbAArrLLy
BOORnn
BUrn'SSS
bbbUrrNNAABBlllEE
bbbUURRRnnObbbllliii'SSS
BBBaRRNaBBLeeeSS
BIRRNNEEd
buuuRRneeer
BuuRneR'SSS
bbURNNNeeRRsss
BBuRnneTTT
bbuRRNNiiing
BBuRRnneeNNNgs
bEERRRnniSSh
bURRNNNEsssh'ss
burrnIIIssshhEEEDDD
bbbUrrrNNaaSSheRRR
BBBeeerrnnneeshhhiirrr'SSS
BBBIIRRRNNASHHHEEErSS
bbbOOOrrnnnIIShhES
BBBuuurrrNNNIISSShhhEEnnnGGG
BoooRRRNOooSE
BUURRnOOEssseee'sss
bbbuuuRRNIIOOseess
BBBUUUrrrNooAss
BBBurrnnnOOUsss'SSS
bbbuuurnnoISOOsss
BBBEErrnnOOuut
bbbuuuRnOOOuTTT'sss
BaaRRnnneEEEtttss
bbbUUUrnsss
bbbUUrnnSSSuuuDDaaas
bbbUUURnnnTT
BBBAArrPPP
bbUUrppp'SSS
BuuuRRPPeedd
bIRRRppInggg
BBBUUrpppsss
BBBooorrr
bURR'ss
BBBUUrrRRReeed
BBBuuurrRReeeIIIrr
bUURRRrIIEEsttt
BurrrrrInGG
bbburRRRuuuTooo
bbAArRRRIITooo'sss
BURrooTTTOOOS
bbbiirrrrrII
BUURrrUUU's
BBaRruSS
BBiiiRrrooow
bbbUURRRRaaww'S
bbuurrrRRooowwEEED
bbberraWWWEER
BUrrOOWWiiiRRR'ss
BBBUrrrIIWWeRRsss
BBUrrrrEEwwwonnnGGG
bbboRrOOWSSS
BBAARRrS
bbaaarrrRRSSTTonnnE
Buurrryy
bbuRRS
BBUrrSSee
BBBorrSSAA'SSS
BBBUrrsssAAAE
bburrsssAr
bbOrrsssarrr'SS
BeeRRRSSAAArrrIAAlll
bbbOOORRRSSarrriiESSS
BuuRRSSSARSS
bUUrsAAARRRYY
BBBURRRSSaRRYYY'S
bIIRRsAss
BUUUrrrssseee
BBBiiirsEEERRRacccEEOuuuSSS
BBBUUURRssseforrrmm
BBurSSiiittIss
BBUUUrSSaaaTTTEs's
BBBiiirssT
bbbUURsssttt's
BBurrrSSStEddd
BBBuurrrSTTaaanggg
boorsttineee
BIRsTTS
bbUUrThheeNN
bUrrrTTTHHeeeNEddd
bbbaaartttHHHunnniinnggg
bbUURRRTTHEEnsss
BBurTTonnn
BBBaarWWWeEDD
bbUrrYYY
bbbuuurrYEENNNG
bbbeS
BBBuuus'ss
bEsbeeaSSS
bbUUUsBooYY
bbbeeesssBoyy's
bbuSbOYYSS
BBBoossByy
bbbaaaSbyyy'SSS
bUUSeeD
bbbAAAssEEss
BBuuuSggIIIRRRLLL
bbuSSSGEERRl'SSS
bUsGiirrrlSSS
booosHHH
buuuSSSHHH'SSS
bbbUsssHHHbbUUUCCKKK
BBBUUsssHbuuCCCKKKS
bbbuuuSSHHHccRRAffttt
BBaaaSSHeed
BUUUSSHHHAAL
BBisHeL'SS
bbbussshhheeelloDDD
bbOOssshhALLOnnnGG
bbaSSSHellledd
bIIISShhheeeLLLlUUNNG
bbbUssHelMann
BusssHeeeLLSS
BBBeSSShhEEss
bUShhhFFeeeRRREE
bbbEESShhaaaMmmEEErrr
bbboooShhhiiiDDDE
BBUUShhieeer
biisssHHHiiieeeSSStt
BBBIIIshIIIlYYY
BissshiNNUUUSsss
bbbUUssHHHINNNEESSSsss'SS
BBUUUssHHonnngg
BuuSSSHHUnnng'S
buusshhangs
bbuuuSSSHHluuuNDD
BBUUUshMMaaNN
BBBuuusssHHHMMMiin'S
BBBaSSSHHHmmiiisTTooor
BaaassHHHmmaaSSTeerrr'S
baSHHHmEEsstttEErrrSS
BBeeSSShhmEnn
BBBassHHHrrrAANGGEEEr
beShhhTTIIITTT
bIIIsHTTTattSSS
BUsHHwwwaa
BBUUUSSShWhhhAACk
BBossshwwhhhIIIcccKedd
bbusshhWWWhhhAccckkkEER
BuSSSHHHWHOOOcKErr'SS
BBuussHHHWWWhhhAAcKKerS
bbbeeeSSSHWWWhAAcckkkeeenGG
bbuuusshwwHAcccKKKsss
BBIssHY
bbbUUUSSSaaEEEDDD
bbbuSooeRR
bbbUUSSIIIiiisss
baaaSSaaaOOsst
BBUUUSSUULLyyy
bUUUsssInnnooossS
BBBUsinnneSss's
buuusUUNNNEEEsSSSess
busIInneSSSSLiKKKe
BBBuuussoooNAAASSmaaaNN
BBBiiiSeeeNNNEESSmmmAAANNN'S
BBuuusUUnnnossmmmeen
BEEESooonnUUssssssPPurSuun
bbbAssOOONESSsPPORRRSUUUN'sss
BBBeesEnnnIIISSsPPPEERRssseeensss
BEEsssInnUUsSwoommmAAnnn
BBBUUUSSIInessssswoommuNN'SSS
bUUUssiNNasSWWWEEEMMMeennn
BBBAASSAnnng
BBOSIInnGGG's
BBUUUsk
BiSkOOd
bbbuusKooRRR
BAskkkERRss
bbEsKKiiN
BBiiiSSkaannn'SS
BuuSSSkkkiiineeeDDD
BBBEEESSSKKKoooNNg
bUUUSSSKeNNsss
bUSkkks
BBiisLIIaaD
BBBUUUSLLLOaads
bUUSMMMAAn
buussMMEN
BBussSSS
BBBOsss'SSS
bUUSSSsEEdd
bbuusssssEEEss
BBBIIIsssssiiNNNGG
BBusssSSAAANggg'SSS
bbeeST
bUSSTT'sss
bbiSSttuuRRDD
BBBuSTuuRdds
BuuuSSStAADDD
bbUUssTTTEEEEEE
BUUStteerrr
BBUUUSSSTTTEERRR's
BuuussttUUURs
BBaaaSSTTTiiiUrrr
bbuSSStttIIeeRRRsss
BaaaSttiUsT
busTTiiNNgg
bISSSttlllEEE
BUUUstllleee'SSS
bbUsTTleeed
BBAstlleeRRR
bbbEESSStttleeeS
bbbUstLIIINNG
bbUsttS
bbIIsTTTYY
boosssyyy
bOSYYbboooDDIIEES
bbbiSSSyyBBBooddY
bUSYYYbAAAddYYY's
biiSSYIInnGGG
bbiiiSSSYYnUUssss
bbbUSSYnnnassSSS'sss
bbEEEssYYYwoooRRKKK
BBUUUsYwORRKKK'sss
BuT
bbeeetttuuCaAAnnEEE
ButtidddeEEENii
BuutAAdddoooOOONeeeS
BBaaataaanna
BUUTEnnnEEE'ss
butAANNNAAAL
BBuuuTTTUnooLLLS
bbuuTaaaNNNOOnnoo
BBOOTcccH
bbbIIItttCChhh'sss
buuuttCherrr
beTcHHHeerrr'sss
bUTTCCCheeerbooorrDD
bbUtChhiRBBBuuRddss
BuuuttCCHHiiiReeeDDD
bUUUTTTCCChhheerriR
bbUUUTTTChhhORIIAAS
bUtttCCCHHeeeRiiiNNG
buuuTcHEErrrSSS
buutccchhhiRRRYY
bbaatcHHIRyy'ss
BBuuutttCHHiiiss
bUUttteeena
bUTennnOSS
bbbUUteeo
BAAATLeerrr
BBoTllaaaR's
BBuutttLLErrrs
bbbeeetttLLLIIIRRRYY
BBeeetss
BBBUUUTTTTT
bbbuuuTTTTTT'SS
baTTTTE
bbbeTTTttti'sss
BUUUttttttaaaDDD
bUTTTTurr
BBBuutttTTTErr'SS
bbbattTTiiRBBEELLLLL
BBBuuutttttuuuRRRbulLL's
BBUTTTTTooRRbbAAAllLSSS
buuTTTTiiiRRBBUUUrr
bbbOOOTTTTTEEERRbbbUUUrrrSSS
BUUUttttttErCCCooppp
BuuuTTTTTTeeeRRRcccUUUPP'sss
bUUtttttturrcuuuppSSS
BuuTTtteREEEd
bbbUTTTTERRRFUUt
baattTEERfuT's
buuTtteeerrrffIINNGGGeeRRRAAd
BBuuttttteeerrFFFIIINNNGGeeeRRss
BBuuTtttuurrffIInnnGEERS'sss
bbUUTteeerFiiiSSH
bbbuuttttErrrFlIIIuDDD
bbUtTOOORRFLIIIEEEsss
bOOOtterrFFLLLyy
bbbuuuTTTteRRFFFLLLYY'sss
bitttoooRRRFFLLLyyIIInnnGGG
BBuuTTTTTTAArrrEEEERRR
BIIItttteeRIIaS
bbbUTTTTTTeeeRRAAeeesssT
BuutttTuuuriiinGGG
bUUTTttaaRMMMiilKKK
bbooTTooorrrMiiLLLKK'SS
BeTTeeRRNNNuutt
bOtTTTUUURRRNITTT'SSS
bUTttterrnuuuttss
BUTTTTTERss
BBBuuutttErrSSCCOTTCh
ButttTTIrrrSCCootCCChhh'ss
BBuTTTERRRwwOrrTTT
buuTTTTERRWOOOrrttS
bUUUttttERYY
buutttTaaaRRyyy'S
bbIIItttoss
bbUUUtttTTiEEEsss
BuTTTTIIINNNg
BuuutttTOOCK
BBBeeTttooocccKKK's
buutttttooCkkss
bUUTtttooNNN
BuuTTTTAAANNN'sss
bUUUTTTTaaaNBBBAALLL
BUUTTTtONAD
BBButttttEEEnnnHHoolle
BBUUttOOOnnHoLeee'sss
BoottttttooonHHHOOOlllOOddd
BBBuuuTTTUUNHHEEEllless
BuTTTTooNHoollliing
BBuuTTttooNhIoookk
buTTaaNNhhOOOAAAkkS
bbbuuuTTToonnIIInnG
bbbiiitTOOOnSS
bbbEEttttoooNNwOOAAAddd
bAttoNWOAAdd'SS
bbIIItttOOnwOOOOOODS
BBBootTRaSSSS
BBBUUUTtrEEssss'sss
bbuuuttttttRRRUsSeeDD
bbbeTTTTrreeeSSSssseeeS
BUUUTTTttRRRiissssiiiNNg
BEETTtss
BBEETTtYYY
bEETTEtt
bbAATTeeeTTTS
bbAAAttYl
bIIItyyyLEnne
bbiiityyLLEnnnes
BBBuTTTYYYrraCCCEEEuuuuSSS
bbuuTYRAAALLdddEHYDDa
BBBUUUtyRRaaatte
bbbUUttYYYRRiiiNNN
bbbETTTyyRiiinnnsss
bbbuuXXXoooM
bbeeexaaaMnIISSS
bbbuuuXoooMMnnnaaSSSSSSOOs
boyy
bbEEEyyy'ss
bbuYBBAAccck
bbbuuyyyBBBUUcccKK'S
BBiiiyybbAAAcckkkSSS
bbuuuyAAARR
bIYYER'S
buuuYAAARSSS
bUUYYIIInGGG
BBBeeeyuuuot
buYOOEET'ss
bbbIIyyIIeeettsss
BUys
BBBUUUZZZZZ
bbuZZzzz'sss
bbezzzzzzAAArDDD
BBAAZzzArrrddd'SS
bbbuuuzZZZeerrrddSSS
bbbOOZzEddd
BBBiiiZZZEER
BBUUzzzzeeeR'ss
BAAAZZZZZZeeeRRRSS
BBEZZzUUUSS
bbOOzzzZZiiing
BBBUUUZZZZZSSuuW
BBoooZZzzwEEErDDD
bbUzzWWWOOORRddd's
BBBUZZzzworDDS
BBBwwAANAA
BBYYY
bbbYYY'SSS
bbbYYa
BBBYE's
BBBYYuuulllaWWW
bYYYEEEllliiiWW'S
BBByElllooWS
Byyeess
BByggooNNNEE
byygOONEEE'SSS
BBBYYgggUnneS
bbyyLLAww
ByllAww'sss
BBBYYYllAwwws
byyyLeno
ByylllAANa's
bbbyllIInnERR
ByLLLInnnoos
BYYpASS
bYYYPPPIsss'SSS
BBYPPPoSSSSSEEEDD
BBYYYPPPaSSSSSSAAASSS
bbyypppasssiiNNg
bbYpAAAssTT
ByPPIITHHH
BBypiTHHH'SSS
BBYYPEEETHsss
BBBYYPllooYYY
bYYpppLLAAAYY'ss
bbyyPrrrOODDDiiiCCT
BYYprrOOdddEEECCCttt'S
byyyPPRuuuddUCCCtS
bbbyyrrOOO
byyyrrASSS
byRnnIEE
BBBYYYrrrnnnuoSSS
bbbYRooaDDD
bbbYYrrUUUaadd's
byyRRoIIIDDs
BByySSSsssiiinnnuuuSOsss
BYYYSSSssUUUss
bbyyySSuuSSSEEsss
BBYYSttaaaNDEERRR
BByyySSTUNNdddOOOrrr'S
bbbyyyssTIIINNDerrSSS
ByyysTTTRuuOOOT
bbbyyyTo
bYYYTTEE'sss
ByyTTTeess
BYwAAY
BBBYYwUY'SSS
BBBYYweeeYss
Byyywwwooorrd
ByywaRRRdd's
byWWUUURRRDDss
BBByZZAAnnttEEEnnEEE
cc
Coo'CCCaaNNnY
Cubb
CCCuuuBB'SSS
cceBBOOl
CCCaaabbbiiiL'SSS
cccObAlllooo
cccabbbaLLLE'S
cOBBALLissmm
CCCeeBBoolaaasssTTT
CCeBBBALLIIIsTTTeeCC
CCCaaabbuulllLEEra
ccaaaBBIllLLLiiiRRROO'SSS
CCAAbbaaaLLLLLeRoos
CCEbbbAAAlSS
coobanna
cceebONNNI's
ccoBBBenUUSS
CCEEBarrAtt
CCCEBBBaREEETTT's
CCCIBBBoooRetSS
CUBBBusSSSeeTTT
CoBBbbbaagggOOO
CCCobbBBBoooGGGIII's
cccaaBbAAgooHHiiOD
ccAABBbbaaGGeeSSS
caaBBBBagggEWWWOOrrm
cciiiBBBBEEEGEEEwOOORMMs
CEBbaggyyy
cABBBAALLLA
cccaBBBbUUUlaaSSS
ccooobbbbeeedd
CCCAAABBbbbIEE
caaaBBBAAuuu'SSS
CCaabbbbuueS
CCCABBBIIInnng
Caabbbbbbyy
CCAAbbBBYY'S
COObbbdddrIVVeeRRR
CCaBBddrrroooVVERR's
cAAbbbdddrriiiveRss
ccaBBEEEr
COObIIRRRnnEEETT
caaBBeeeRRRS
CABEZONNN
CCoooBBIINN
CAbbbooNNN'S
CCCuBINNNett
CCAAABeeNeT'sss
ccAAAbbAAAnnnEtttMMakUUUR
ccaaabbbINetttMMMeekkeeer'SSS
CCCEEEBBIInnnaaTTTMMaakkkOOOrrSS
cUUbuuNEtttmmAAAKKKIIINNgg
cccAAABBUUnnnUTMAKKKEENNNGG'SSS
ccciibIIINNNEEEtttRRRyyy
cccaaBEnnUUtRyyy'ss
ccObIIINNEEttS
CCCIIIBBooNNEEEttwwaaRkkk
CCeeeBBInnnIIItttwwoRKKK'SSS
ccAABBBaNNss
CCaaBLLLu
ccIIIBLLLUU's
CCCABBBLLLICAAASSTT
CCCAAAbbbLLLiCUSSSTTT'sss
CCeeeBLLeCaassttteeDD
caabbbLLLEEEcccOOOsstttiNNNG
ccaaaBBBlllAAccASTTTS
ccaBBBlllEd
ccAbbLLLEEGGGrrrUmm
cccaabblllAAAgggRRaaaMM'S
CubbbleeeGrrUUUMSS
CCCoobLIs
cccaaaBBLiiiT
ccoobLLeeVIIISSSIIIONN
CCCaaBBLUwwwAyy
CABBlEEENNNG
CaaBBMeeN
cUUBBBMMEEENN
ccuubbOOBB
CCIBOOOchhhIN
ccaaBBooccchuuNN's
CCCAAABBoooCCHHHONNs
cccibbbOOOODDLA
caaabUUUiidddLLLee'sss
CCobbeeeOOSSI
CCCIIIbeeoSSSE'S
ccaabbooooSSaaSS
CaaabeeetigggIII
CAABBBotttAAgESS
CCCAAABBBRRUtttTTTaa
cAAbbrrrOOLLLLLLaaa
cAABBRRRIIOOllO
CCCaBrOOaLLITT
ccciiBrrrIeeellleettt'sss
CCCIbbbriiOOlllEEEtttS
cccaaaBBBsss
cIIIbssTTTAAAnnD
CCCEEbbbssTToNNNd'SS
COOOBBStUUnnddds
CCCIIccAo
CCucccaO'S
CCCECCaaOOsss
CCCaaacCIIIAAtoRRRi
ccciicccHuuuLLLOOOTT
CACCChhhaalllOOOttsss
cuuuccHHHee
CCaaaccchha'ss
ccAccheeed
ccACCCHeeepppOOOTTT
caaacccHHHOOOpIITTT'ss
CCaacHHoooppEttsss
ccaaacccHHHEEES
ccaCCCHeeettt
coCCHIT'SS
ccEECHeetss
cccIcHeeXXiaaa
CCCACChhEXXXIuS
ccaccchhIIINGGG
caaCHHHINNNNNNaatttEE
ccaccHiiNNNnnnUtteeedd
cccaaacchhIInnnaaatttEESS
cccUUcHHHiNNNNNEEEtInng
CCaCCHHHiinnNNaaTTeeeen
cAAAcccHHEuuu
CCCAAAcchhhuuuUUUsss
cIIICCHaCHA
cacEEEqqqUUUaaa
cEccaqqquuuusss
cAAAccKKLLEEE
cccAAACkklEEE'ss
CaaacKLLeedd
CaCCCkkluur
CuuckkkllEEERR'ss
ccacKKKlllOrSSS
CCCoCCCkkkLoooSS
CAAcccKKLLLoNNGGG
cUUCaaDiiiMUUn
CCCeeecccOdEmEEEnnSS
cUUCoooddYlll
CaCCaaDDYYLLLSSS
CCAAACAAAEPPPY
cccAccOOOeTThhEEEss
ciiiCuuGGennnIIICS
ccIccOGRRRAAAPPHHoooiiSS
CEEEccUGRRRAAApHHY
cccOOOCCOOOLoogyyy
CCCAAAccamIIIsssTTLLLUU
CCCaaaCCCOMMMiiiStLLLEsss
CCCUUCCuPPPhhhOniAAAss
CUUUCCIppphhhinnneuuuSSS
cccaCCoooPHHEEnYY
CaaaCCCaaapHHonnnYYY'SSS
CACTii
CCCAccTUUss
CaaCCtttUUSS'S
cccAAACtUUUSSSeeeS
CAAACCooomminaaLLL
cccaDDD
cccOOOd's
CCCEEddaaSSSttOOrr
cccAAdddaStteeerss
codaaasstttRooLLL
CADDDIIvvveRRR
CCoooDDDUUveeRR'SS
CCaaduvaaaRRiinEE
ccIIDavEERaaNAASS
cceedUUUveerooaaaS
ccceedddavvaaRROOussllY
cccadddAVVIRRRooouuSSSnnneeesssSSS
ccoDDDiVVVEEErrrs
CeeeDDDDDDie
CCCIIIdDDDIIIE's
cUUUDDDdddIIIad
cADDDDDAAIIS
caaadDaaSSS
CCCuuDDDDESSShhh
cccAAAdDDiSSHHHllYYY
CCoooDDDdddeSSHHNNNAsssS
cadDDDOOOSSShnnissss'sss
CCAADDDDyyy
CCCuuddDDyyy'ss
cAADddyAANNNGGG
ccaaaddaa
cccUUUDDDELLLLLeee
CaadddeeNCCEEE
CAAAdddInncccUU's
CCiiiDDDenCCiD
CCCEEDDOnnCCCEsss
CCoodddEEEnnCCiASSS
CUDDDeeNNCCYYY
CadaaNNNtt
cceeeDeennzaa
cccAAADDEEENNzzzEEE'sss
CCadddeeeNNzAASS
cuuDDEEtt
CCaaDDaaTTT'SS
ccADaTTTSS
CaaadddEEETSShhIIpp
CaaaDUUUtttsssHuPPPS
cAAdGGEEE
CIDDgggEdd
CAADDDGGEErr
CCCADDGGGuuRR'SS
ccooddgEEErrSSS
ccAADDDgggEES
CCAAADDDGiiiNNNg
CCCaDDDii
CEEdMMMiiCC
CuuDMMMIIuuum
cAAADMMMUuM'ss
ccciiddRRA
CCCeeDDroo's
CCuudddRUUsss
CCCAAddS
ccAAdaaaCCCeuu
CCCAADDACCIIUss
CCADDuucccEEUs'SSS
cAdduccaaaTY
CCCAdduuCCUUOsss
CCCaaOCCU
cciiiEECCCiiiLiinnn
CAAAeeccciLLooaaannnSSS
CuucAAAM
cAAAaaNoGGGEEENNNESSSiiss
ccUUEOmmaa
cUUUeeSSSaaaLLpiNNiaaccaaOuuuS
CCaaEEESOOORRREEannn
CCCeeiiSSSaaRRuuaaNN'ss
cccuuueesssAAArrUUUaannss
ccAAeesIrIaaaNNN
ccOEssuRiEEENNN'SSS
ciIsURRiaaaNSS
ccUUuuuSaaaRRRAAA
CCaosssUURReee'S
cccaEseRaeee
cAESuurrriiiSS
ccceeeFFIIrddd
cccAAFFettEErrriaaa
CAAAFeetttoorIIiii'SSS
ccAAffAATTuuuRRRiaaas
CCaaaFFEEETTiioorrre
ccEEEffuTTTiierrreS
cUUfFF
cccAffffffeeinn
CCaaaFFFffIOOnnaaatttud
CCaaafFuuIIInnneee
ceeFfEEEiinEEE'ss
CAAAFFFFeOONNNSS
CaffFss
cccaFTTTaaNNN
ccifTTToonnn'SSS
CoooFTEENSSS
CCCefffé
caaafffé'SSS
cuuFFFéss
cuuge
CCIgggeee'S
cccaggiDDD
CCCooogiiLLLIInnGGG
CCCaggEEER
ccaaaGGGERRRSS
CaaaggEES
CCCOOGuyy
CCaaaGaaaynnAASSS
cccAgggEEYYYneeSSS'S
ccciiGGGooURR
cccEgggeEsttt
CCCaaGGGiLLLY
CCeGGGiineeSSsss
cccAAgggoNNNASSSss'sss
CCaagggiiinnggg
CCAAGGGoouuuLLe
CCagoooaaallleeeSSS
CCCAAGY
cAAAHiiOR
CEEEhoOOt
CaaHHiiiOOttt's
CIIIHHHoootts
cIImmaNN
CCCAAImmuuunn'ss
CCCAAAIImmoonSSS
CuuuiiiN
ceeeIrDDD
CaaaiiRRRn
CCCeuuRNN's
cAAAaaRNNNGIIIrrrMMM
COIrrNNNgAAArrrMMsss
cOOOIrrnSSS
CCCAAOOssSSSOnnn
ccceiiiSSSssaNN'S
cAAAAssSEEENNs
CAIIITaafffFFF
ciiOTTTuFFF'S
caitttiiiFFfss
cAjjAAAppUUTTT
CCAAjjoLLEEE
ccAAjjjELLEEEddd
CCCujjOOlooomoNttt
caaajaalllaaameeeNt'ss
ccUUjaaalllIRRR
ccaaJOOOllAAARR'SS
CCAAAJOOLLErS
cciijOOOlleeerrY
cIIJOllerY's
cooojOllASSS
CCCuuujjjOOOliNNNggg
coooJJOLLEENggLLLyy
CCaaajjuuPPPEET
CCCaakO
Caakkki'S
CiiKKad
cccaKKoS
caKKKEWWaalk
CEEEkeWWWAlllK'SS
cccaKiWIlllkksss
CCaakaaY
cccaaKKKiiinnG
CCCIIIKKyy
cceLLAAAbbaShhh
ccaLLaaabbbAAsshhh'SSS
CaalAAAbbbiiiSSHHeeeSSS
cccallabbOOOooSSSee
cooLLLABBBooSSOO'SS
CCCAlUUUbbbuuUUUsssEES
CCCaalllIdUUUUUM
CCALLLaaaDDiiiUMMsss
CCAllAAAMMMAAnnCCooo
CALeMMAnddduurrr
cccalAAAMMMARII
ciiilammaRii'SSS
CCeeelaMMMARRRUUUS
ccallluuuMMMonnuuu
ccALLeeeMMiNE'SSS
CAAAllaMMMiNNNTTT
CCCAAlllaaMMiiinTTS
cciilaaaMMMOOOtte
CCCEElOOOMeeTIoooss
CCCulllAMoTTOOOUUSS
cccullAAMeeeTTouuuSLLYYY
cccAALImeeetuuuuSSNossSS
CCCALLLiMMMITTTyyy
ccOOlleeemmmiiiTyyy'SSS
ccalllOOOmmmoonnndddooNNN
CAAllammmIIISS
CCIIIllliiMMMuuuSEES
CCCiiilllaaShh
CCCeeellEESSheess
cAAlllaathhuSSS
CALLaaVEEErEEtUUU
ccALLCCCaaNNNuii
CAALcccaNNUUUuss
cccAALLLCorr
CooolccUURREOOuusss
caaallCCiRiiFFFeeRRROUUSSS
CAllccuuiFFFooRM
CaaallCCEEEOOllaRRRiiaaa
caalllCCCiAALLaarAAAes
CCCAALLLccAAASSS
CCAAAlllCIccc
CCCuuLLCCCAccUUULLLEEE
CAlllCCaaaffErrUULLL
cAAllccaFFFEEErreelllss
ccciLLCIIFFirroouuS
CCalllCCCAAFFuuc
CCCaaallCIIfffIcaaaTIon
cccaaaLCCCIIIFFFeccAAAttoeeen'SSS
CAAAlCIIIffIIiidd
ccAllCCCiiiffAAooSSS
ccUlciiFFFUggga
CAAAllcccoooFFYYY
CCuLLLciiiFYYaaannGGG
cAALCCCiMMIInnne
CCCaalllciiMinee'sss
CCoLciiMMMIInnnEEED
ccaLLCCUUUMiNees
CCullCCUUUmoNNNiiNggg
ccaaLLLCCINeeetaaAAN
CCCalllCCiiNNAtttiiiIINSS
cccalllccunnneee
ccaaalCCCiiinnnid
coLLLCCiiNEEES
cuulCCCiinnANggg
ccAlCCCItte
CCCaaLLLCCiiiTTTEE'S
cALciiteec
CCaLcccUUUUUMMM
CIIlCCEEUUMMM'sss
CCoolccculllAAABlli
ccAALLcccUUUllaaaTTEE
ccAAllcuuLAAAteeDDD
CCUUllCeLUtttODDDLLY
cccOOOlllccIILLUTTES
ccILLCCuuullaaaTTTIIInnG
CoooLCCCuuuLAAAttiiingLLY
cccaaLcUULATIOOOn
CCCiiiLLLCUULaattIooonnn'SSS
CCCelllccuuuLatttuuuiiiNNNss
CCooLcccullleeeTTiVVVA
ccallCCCulliiiTTOOOrr
CCUllCuuliiitOOOr'sss
CaaaLcUUULattoooRRRSSS
cciiilCCCEllliii
ccciiLLCCUllloooaaSS
CCCAALCCCuuLAAss
cccaalllccuLaSS'S
CAALLLCUUULUUUSSSiiisss
ccceldddIIRRROOUUUmmm
CiiillDEEERIII
cUUllDDDArrrA'sss
CAAAllDErreesss
celllDDrOOn
cALLLdrraaaNNN'ss
ccuuLLLDDrrrIIINNNsss
cccaaaLLuuFFIIICCUUUEEnttt
CCCAAAllleeeffECttAAon
CCAAAlllEEfffIIICCtIIANs
cccaleefffICtttIIrYYY
COLaaaNddaaaR
CCAALLLeeennddaaarrr'SS
CCCaLuuunnDArrEEEDDD
CCAAAllEEndddooRRRinnG
ccaLEnnndddiiiRRRS
cOOLLLoooNNDDDiiirrr
CAAAlllaaannnddIIIrr'sss
CCCAALLLaNDDarrUUDD
cccILLoondddooroooNgg
CCAAALENdddERRRSSS
CAlllooonDRRRaacc
cccOLLLEEnnDRuuCAAALLL
CCuuuLLUNNNddSSS
CaLLeeNNdddAALLA
CCUUllleennnDDDuLass
CUlonnnTTTUUUREE
CCCallfff
ccalllf'SSS
cuLLFss
caalllffSSkkkinnn
ccelfffSKKiNNN's
cccALLiiibIR
cccEELLebbbUURR'SSS
CColllIIIBBOOORRsss
caLiiibRRRATTE
cccOOOLLLiiibRAAttted
cccElllibbRRRaaaTTeeS
CCaaalllOObrAAtInnG
cceelleeeBRaaattIIen
CoollIBReTIIoNNN'SSS
CCoooliiBrrruTTuOOOnnS
CCellibbrrrAATTOORR
cccOOLibrrAAATTToooR'SSS
CCCUULLLUbbRattoRS
cAALiicccEsss
CCAAllichhhe
CCAAAllliiiCCheSSS
CAALLLAAcccLEEE
ccaaaLLLiiiCCCiii
CCCAALUccI'ss
ccceLLLiiCCCEEOOSSS
CCCALLLIIICCAAASSS
cccalliF
cccOllliiifff'S
CCaaLLLuufaaTIII
CCCaaallliFFFuurnnAiMMM
CCOOlaaaFaaarrrnnniiiuummm's
CCiiilliffss
CCuuLLLIIgggiiNNOOOuus
ccALLLIPPPoSSSHHH
CCAAAllEPPeeeeee
CCCoollOOpeeR
caalEEEpEr'ss
cccELLLiiiPPPEERRREEEddd
CCCaLEEEPIROOnnG
cccaalliiPOOORRS
CCCaaalllIIIpHHH
CAAAllAAppHH'ss
CaallApphaatE
callOPPhaTTTaaa'SSS
CCCiiLLLippphhhutttEsss
cccaLuPPPhSS
cOOOLLUsssAAAyyye
CCAAlllIIIssAAAYYaaSS
ccAALiiSTHHeennnoooc
CAlOOOStHHHeeeNNiiiccS
cilllIIIStttHanniCSS'SS
ccooLIIIX
caaaLkkk
ccAlllkkk'S
CCoolKeed
CCILkkOrrr
CeeeLLLKKKaannngg
CCCAAALLLkkkiNg's
cccaLLLKKKINggSSS
CCAAALKKss
cEEElL
CCEEElL'SSS
cccAAlLLiii
cccAAAllllaaa'sss
cccaLLLaaBLuuu
CCAAllLLEnnt
ccaLlllaaS
CCaaLLlbbbaaaCkkk
ccAALlllBBBiick'ss
cccallLBiCkkksss
CCCaaLLlBBBOOOY
CAAllllEEEDDD
CaaLLLlllEEr
cccALLllUURR'S
CCOOLLLLeeRsss
cccEELLLLiiiggRRRAAAppHEERRR
caaallllOOGGRRRuuuPPPHHHarr'SSS
CCIIILLLLLLIGGGrroopphhheeeRsss
CCCUUUlLLaaaGGRAppphhhiiCCC
CCCAAlllLLLaGRRaaaPPPhhhosssT
cceLLllIGRRRaapphiiisT'SS
CaLllIIIGGrraaPPPhUStttsss
cAAAlllloooGriiPPPHHyyy
cALLlllIGGGRRRAAAPPHHHYY'ss
cullllIIINggg
CCooLLLLLIInnggg'S
CCCaaallllUUnnGGss
CCaaLLLOOppEE
CCeellllliuuuPO'sss
ceLLLLiiiOPPPOOSS
cccAAALLLooooopssiSS
CCCAALLlluOOOPsssEEssseSS
caalLuuuPPESSSHHH
ccELLllupppEEER
cAAAlllLIPEERR'SSS
ccAAAlllLLOOOPPPAAARREddd
cEELLLLEEpppERRRINNNgg
ccEEllLIIPPPoorrrSS
cccaLLLLIIIPPPYYYGGGOUNNN
ccaaalLAAApppyyGeeean
CullLLiiPPyyyGGOiiis
cccaaalluSSttthhhEEENoccsss
caallLLooSSoTTTUES
CCCaaaLLLLLLooSSSUUUttYY
ccoooLLLLLOOOsiiiTTYY's
cUULLllOOOUS
cccAAAlllLLLoouusseeD
cccAllLLLOOOuuusssES
cceeLLLLAiisIINNG
cccaaLLllloouussslyy
CaaLLlOiiiSSSNNNEssss
ccaaaLlOUUSSSnnuuuSS'SS
cccalllLUUWW
CCAALLLlOweerrr
CaaaLLLLOOwwEstt
CCooolloooWWlllYYY
caaLLLOwnnISSS
CCCAAlllliiwwwNAAAsssss'S
CCCAlls
ccaaLLLLLLuS
ccAAAlllLLLEEESS'SSS
CCCAAAllllaaSIId
cIILLlllUssEsss
CCALlaaaSiiiNG
cccOLMMM
cccAALLLMMM'ss
cccAlllMMMaaatttIIIvvvoo
CCAAllMMMEEED
CCCAAlMEEr
cIILLMAssstt
caaLLmiinnngg
CaaallMLLLyy
cUUULMNEESSss
COOOlMMMNNiiisssss'ss
CaaaLLLMMsss
CCCooLLOOOmmiiLL
ccceelllOOmeLLss
ccIIIlorriic
cAlarrraaacccAAllllllY
ccaaaLurrriiEEE
cccAALIIIRRooI'S
cccaallOOORRiiiooSS
CCiiiLLLooriiFeeCCAeeennTTT
ccciiLOOrIIIFFFiC
CuulORRIImmeeeTTEr
ccollooRRReeeMMoottEErss
caLIRiMMaaaTTTrrriieeess
cccaaLLLOORRRAAAmmmEETTTRRRYYY
CAAlOTTi
ccaLLLIYYoooRRR
ccOOOllpppIIc
CCCaallQUee
CCCAALLqqqeeeeess
cAALLTTRooP
cccALLtRRAAppss
CCuuLLeMMoT
ccciLLUmmmoTT'SS
ccciillluummmEEETS
CCeeLEEEMMNiiieeetUU
CUUUlEEmmmnaaaaatteeDD
CCCAALLLimnnIIIAteess
cccAlEEMMnIIIoooteennnGGG
CCAAAllluMniiUUttiiIINN
CCAAlllooommNUaaaTTTaOONNN'sss
cAAllUUUmmmNNOOOOOOTTTOORRR
cillUMMMnIaattOOr'S
caaLEEmmniiAAAtORRSS
CCaalllammmNNNiiiisss
cccAllEEEMMMNNNIIOOosss
cccaaLLoomnnnIIIUUUSSSLLLYY
CCCoollUMMMnnYY
ccciilllEEEmmmnnnYYY'SSS
ccaaaluuuTTrroNNN
CIIILLLvvvaaDOOOsss
CCCIIIllvvvuroA
cAAllVVVIIRRRiiiIIIs
cccIIIllVVVIIIRIiiisss
CCCOlvaRYYY
cccAlllvve
CCCalllvEEEd
CCCAALvOOSS
ceLVVVooNNNgg
CCCAAlVeTOeeeSS
ccIIllX
cccALxeees
cALLyyccceeS
CCAAlYYCiinnnaa
caaaLLyyyccLuu
CCaLLLyCLIIISSS
cccaLLLYYYPPSSSoo
ccaaLyyyppSSooo'S
CCAlllypssoooSSS
CCaLLLYpppTrAA
CaallYYPPtttRRaaSS
CCALLLypTTrrageeenn
ccELLLYXXX
CAAlllyX'ss
ccaalllYYXXXeeSSS
CeeLLLzzONIII
cam
ceemm's
CCCuuMMaill
cAAAmOoooLLLS
CCOmOOOrrrIIIDDDEErrrAAAe
cAMMMAraaaDDDErriEEE'S
ccammarUUllLLEE
cccIMMMARRROlLLLeeS
CEMMMaasssSSS
CIIMaaaSSSssUUUss
CCCAmmBEEER
cAAAmbbErrr'S
CCCaMMBBAARROOODDD
cccAAmmmBBBeeRiiNGGG
ccciimBBBEErrrS
CCCiiimmmBBIa
ccAAAmmmbOOAAALLL
cEEEmbISTT
cccImbbbEaaM
CAMMBiUm'sss
cccaamBBBIUms
ccIIIMbbbEEGaaa
ccciimBBBeeeOOSSSOOO
CooommbbrraaL
cuuMMMBBrecc
CCCOOOMMMBrrrIICC'S
CCaaammmccAARDDIIIRR
cccEEEmccooRRRDDuRRR'sss
CCCIMMcccaaaRRDeerrss
ceemmmo
CCCIMaaLL
ccaammmALL's
CCCAAAMEELBAcckkk
caaMMaaallleeeeeRRR
cAmaaalHHHAiirrr
CCIMMMuuuLLLHHHAAAIIIR'ss
CCAAAmmmeeLLLOOaaa
CIMMMEELLLLIIE's
CAAmmEELLLiiiooS
CCIMMMeellOOPErrrDDD
cccAAAMMeeellleeepeRRRDDDS
CCCaaMMELsss
ceemOOOOO
CAMEEOOO's
ccaaMMEuuS
cccAAMEERAA
CCCAAAMaaarrAAA'sss
cccammmuuuRRaaalll
CCAMeeeRamAAnnn
CCCaamArreeMiinn'sss
cccOOmmEEEraaaMOOOn
CooMMMUURRaaS
CCEEEmoorraaWWWOOOMMAANN
cccAMMUURaWooommUUUNN'ss
CUmeRRAAwwwiiiMEEEn
cccaMIrroowwwEEErrKKK
CCCoMMMerrrllleeeNNNggOOO
cccoommmeKNNIIccKKKEEERRRsss
ccAMMMIIon
CAAAmmmAAOONNs
CCCaaaMMIIseedo
cAAMMIIsulllo
ccaaMIISSSooolllu'SSS
ceMIsOOOLLEEESS
ccIImIzA
caMlllAttt
CCCaaMommOOLLee
ccOMuuMMILLeee'S
cccAAmOOOMIIlEEESSS
cccAAAmmmoooAAAfLagEEE
ccIIMMMaaOFFFLeeGGGee'sss
cccuummmOEEfflllAAAGGeeeDDD
cccaaaMMOUUUfffLLLaaggaarrr
CoommouuflllAAAggErrr's
CiiMMOUUUffLLLaaGGGeeerrrss
CCCaaMMoEEEFFLIIIGaaSSS
CoooMauuFFllAAggIIINNGG
CaaammmPP
cccOOOMMMPPP'sss
coommmpaaaAAGGNNN
ccaaMpAAeeeGGNNN's
CCAMMMpaaEEEgggnnuuuD
CCaaammPPPaaaooGGNAAAR
CAAmPPPAaGnnneeeRRR'SS
cEEmmPPIIiiGNNEERS
CCAmmmppaignnooNNNg
caaammmpaaIgggnS
cccAAmmmpppoooNNNALLO
CaammPOnAAALe'S
ccoMMPaNNilllEEsss
cccOmmmPPPuniiiLii
CCCAMMMppeeenuuulloooGGGiiicccEElll
CaaMMMPAAAnnooolllooGGGiiisTT
CaMppAAAnnnUUUlllooogggOSSTTT'SSS
cccAAAMPPPaaNoLLLaagOOSSSttts
CAMMMPEEnnnollogYYY
ccAmPaaannnOlllUggY'SS
CCCamPeNuuuLEEE
ccaaammpppOnnnUUllaaaCCioouSS
CCAAAMMPAAnnnAAAlASS
caaaMPPiinnnuuuLLLATTO
CCAMppAddd
cAMMMpppoRR
ccuummmPaaarrr'sss
caammPPPerSSS
CCCiiiMpppOOOsiiinnnAAA
cccaaamPeeSSSTrraaal
cccEEEmmPFFOOORREE
CCIIIMMMPfIIRRAA'sss
ccaMMpfffuuRiSSS
ccIIMMMPPGrrrEEUUUNDDD
CCCAMMpGGraaundd'S
cccaaaMMMppggrrrUUuunnddss
ccammmpphhuuunUU
ccaaaMMMPPPhooorrr
CCaaMMMPPhORRR'SSS
ccUUmmPPPHErUUUtEE
cccAmPPPhooRRiiittEEDD
cUUUMMMPPPHHOOORAATTTUsss
ccaMpppHHuurrrAAATTINNNGG
CCaaammmppierr
CIIImppiasssTT
CCaaaMMMPiiillY
cccaaaMMPPaaanEEss
cccaammmPINNgg
cEmmPPPoNNNG'ss
ccuuMppAAAen
cccaaaMppiiiiinss
cccooMPOOO
cceeMPPooorrrAAE
CCCAAMMMPPPsss
CCCAAAmmmPPSSITTTOO
CaaammpppSSetttee'SS
cccummmPPPSoootIIIss
CCAAmmppstOoooLL
CCaaaMPPPSSSttooooooLS
CCUUUmmmpppuSSS
CooommPPUUUS'sss
ccAAmmPPOSaaSS
cccAMPYYY
COOmmmss
caMSShhhaafTT
ccceMMMSSShUFFFt'SSS
caammmSSHHAFFTTTS
ccAAAn
con's
Ciinnn'TT
CCCAAnAAAIIgrree
CAAAnnAIIIllllIII
ccciinnAAKiiinn
CCaaaNNNILLL
CCCeeeNNEll'sss
CCeNalllECCOlII
CeeeNullIIICCCuuullooos
CCaaNNNoollliZaaaTTTiOON
cccaaaNNNaLLLiiizzOOTTEEEooonnn's
ccooonnaaaLLLAAzzeee
cUUnnULLLIIIZZZEEDD
cAnAAALLiiizzzeesss
CCuuuNNaaalllIIIZZiNNGG
coNIIIllSSS
CCCanaappé
CCAAANaaaPPé'ss
ccANNaaaPés
cccANNaaaRRddd
CannnooorDDD's
CCCAAnnnOOrrrDDDs
CCCAAANNNuurrAiiiSS
CCaaannnIIrrryyy
ccAAnArrY'sss
CCaaaNNNAASStaa
CaNAAASSTTTaa's
ccaaNNaaaSSTTaaR
cAAAnnnCCCan
COnCinnn'sss
cccUnnnCCEENNS
CuuNNccAAALL
ccAAnnnccEELLLaaabbbLIII
cccaNNNCCEEELLaTTTI
cuuNNCaalllootaooonn
CCAAnnncccIlllIIDDD
CCIIINNCCeleeeRRR
CCooonCUlErrr's
CCCaaNNcEllliiRRSS
CIIInnnCoLLLIIInnnggg
cccAAANceLLlllABLLLee
CiNNcccelllliTTTUUU
ccaaaNCCCOOOllLLLotttIIennn
CeeeNNcccEEELLLLLoooTTIIIoN'S
ccIIInnnCooLLLLLLaTTTIIiinnS
cccANcccEEElllIIDDD
CenCCelllAARR
cccaNCCeellllllUrrr'sss
ccuuuNNNccEElLLLEEERRss
CaaanncEEEllLLuNg
CCAAAnnnCCCEEELLLs
cccaNNCCeRRR
CCINNNcERR'S
CaannCEEERROOuuuSSS
ccAAAnnnccceRRooUUUSLLLyyy
CCCANNCCarrrs
CunnCCCRRROOOeeeDD
CCOONNCRRiooddS
CCCiiiNNddeLAAA
cciiiNNNDEELLibRRRe
CuuunnDDDEEELeebbRRUU'ss
cccOONdddAAlllAAABBrrooSS
CCAANNNDDDALaaaBBRRUUUm
CCAnnnDDElllIIIBrUmm'S
ccaaaNNNdddeLLLOOObbbRooMMs
CCCaannDDIILLUUUs
CAAAnnnDDDENTTT
ccOOnnndduussscoonnCoo
caNNDDDeeSSCiiiNtt
cccannndddiddd
CAAAnnnDAAADDDoo
CCCANNddUDDiCCiiieSSS
CCCiiNdddodAccYYY
CCCAAANNNDiDUUcy'SS
CennnDDDIIIdddattte
cccAAANddIIdateee's
cAAAnnnDDDeeeddAAtttEEsss
CaaanDDDEEdddaaatiiRRRee
CCCaaNddooDAATTTiiirrri's
CCCiiNNNDiidddeTToooRRROs
CAAANNNddiiidddLYYY
CCeennnDIIIdddnESSSSS
ccAndddiiDDDNNeeeSSss's
CCCaaaNNDiiiiiDD
CCAAnddIIIeeSSS
CCCiiNDLO
ccaannnDDllee'SSS
CCEENddllEBERreeeeeeS
CCaaaNDDDLLLiBBBOOORRRRyy
ccAnDDDlOOODDD
CCaanDDDlllEFoSh
CCCANDDLLLiLiGGHHHTTT
CCaaanndllooloogHtt'ss
cccunnddLLeeeLITTT
CANdllEEMMakkkEER
cccaNDDDlleNNutt
ccoooNNNdLooonnETTSSS
cccUNNDLUUPiiinn
ccAANNdddLLaaPPAAWWErr
ccaanddLEPPOOWWeRR'ss
CiiinDLeeR
CCCaandddLLERR'SSS
cccaNNdLLEErrrSS
CCaNNDDleesss
CCAANNdlllaaaSSSTTTaaND
CCCaNNdddlllEEESSTTIIcKK
CanDDDllosssTTAAACCCkkk'S
CaanndlUUStttIICCKS
cccIIInnDDllEEWWWOOOcccKK
CCANdllewwoooCCk'SS
CCennnDLLLeeewwIIICkksss
CCCaandddLEEEwoooodd
CCCAAAnnnddLLLAAwwwOOOOOdS
cccINNDDDLiinggg
ccAnnnDIr
CCANNDDOOOrr'SS
CCCAAAnnDDDyyy
caNNNdYY'SSS
cccANNNDyyffLOOOsssSSS
CCCaNNDyyiNNg
CiiiNDYsssttrruuppEErrr
cAAnddYtUUUffTTT
CCCAnnndyyytttUUUFTTSSS
CAAANNU
ccOOneee'ss
CoNNNEEEbRRRoooKKeee
CCCuuuNeeeBBraaakkkEEE'sss
cEEENNNeeebbRRRiKEEss
cIINNNeD
cOOnnneeLLlA
CCCIInniiLLLLLOOOSSS
CCuuunnnEErrr
cccAANNNAAAr'ss
CCANNNAAARsss
CAAnneeesss
cccaaNNNOOOSCCinttt
ccANfffooElllddd
CCCannGGGoeee
CCCAAnnnECCCUUUlllarrr
ccoonIIKKKin
CAnnIIInOOO
CCCAAANNNiinnne'S
ccaannnEEEnnnEss
CAANNNaaNgg
cccAAnnnoonnnggss
CCANNEsTAAArr
cAAAnIISSStttErrr'S
CAANNoSSSTTeerS
cccaaannnKKUUUR
cccUUNkkeeR'S
cccaannKKKooreddd
CaNNNKKuurriiinG
cciNKKKiROOOUUS
CCaaNKKKooorrrs
CannnKErrrWOrrrmm
ccAnKKKeeRRRwUUUrrMMss
CaaNNNNUUU
ccAANNNEEEbbiNN
CoonnNNeBBBuuNSSS
cOOOnnnnnnaaBBoooS
cUUnnnNNNEEEbbIIIsss'sss
CCCAAANnnnaBBuuSSSeeeS
CCAAANNNNUsss
cuuunnnneeeDD
CCennnneeellLoNII
cuuunnNNNEELLLLLannnIII'S
CCOOONnnnERRR
CCAnnnnnEEriIIS
CCCANNNNeery
CCCEENNneeerYYY'SSS
CCCannnnniiBBBAAAll
CUnnnnnuuuBBBaaaLL's
CCCaaannNNIIIbbbaaLLIssm
CCoonNNNobAAlliisssmmm'ss
cccAnnNNIIBBBUUllAAASSttEEECCC
cuuunnNiiBBOOliiizzAAATIIIooN
cennnnaaBBEELLLOOZZZaaTTTiiOOnnn'SSS
CCCaanNNiiibEELeezzzee
ccciNnnnUBBAALLLizeedd
CCCeeNNNoooBBaaleeezzeeSSS
CCOONNnnooobbbaLizInnnG
CCCIIInnnNiiBeeeLLss
CCCAAANNNEEEeeRRR
CCCENnnnaaeesstt
CCINNNNaKan
CCCAAnnnnIkiNNNsss
ccAnNIIlyyy
cccIIINnnninnnEEsssss
CCCIIInnnNiiNNEEESSSS'sss
cccaNnnnIINg
CCCooonnnooollliii
ccaannnOOn
CCCAnNNIINNN'S
caaannONEEDDDee
CCCANnooNaDDO's
CuNNNOnnnAAddEd
cccaannNAnnOOOdEEEs
cAANnnnOnnADDiiiNggg
CoNNNNNeennbbaaaLLLll
cccooNNNuuuNNbbaaLLL's
CCCaaaNNnooonnnBUUUlLs
CCCuuunnnnOOnnnEEDD
CCOOOnnnniinAiirr
ccUUUnnooNNNiiarrSS
cceNNNNoooNNFFFoooDDDDDoooRRR
CANNNNOONNNINNG
cAAAnnnnnOONNNrrYYY
ccInNNNiinsss
CeeNnnnooT
CCCUUUnnuuuLE
CCUnnniiiLAAE
ccaNNniiLaaRR
CEEnnuuuLIss
CCCaannnyy
CCuuuNNNoeee
CooonOOEEE'SS
CInOeeedd
CEEENNOOeeeIINNGG
ccannnOeeeaaaSTT
cciNaaeeEEST'SSS
cAANNoooOOOOsssttSSS
CannOOOEEss
CCANOOOIWWUODDD
ccaaNNOOOllaa
CCaaaNNNOOOLLaa'SS
cccuuuNunnn
CCaaanneNN'SSS
ccANNNEneesssS
ccEEEnnnooonnniCCC
CCannnoooNNNicEElll
CAANooonnIcccaaalllLLyyy
CCCAAnnOONNiiiCCColls
cANNEEENNNiiiCCCUUUtii
CuuNOOONiiccittyyy
CUNNonissst
CanEENNAAAssTTTSS
CCCIINNNinAAAzUUTTTaEEENN
ccaNoooNNiiZZaatttAonnn'ss
cooonnnOONiizzzuTTTaaaoNs
cciiNNIINizE
cAnnOnnnIzzeeeDD
cAAANNNoNNNUUzzeeS
cccIInnoooNiiiZZZiiNNNGGG
cAANNiiiNNrYY
CCeeenoNNNSSS
CCeeennOOiDDllAAA
cccAAnnoooooddLLLEEEDD
ccciiNUUUUUddlEss
CCCaaNaaaODDLLIINGGG
CCCiiiNNoooPPPAAedd
ccaaNAAPPeEEss
ccaNNuuuppYYY
CCCAAAnAApppyyy'SS
CANUUUPPyyyuNg
ccaNNOOrrOOuuSS
CCCAAANs
CiinsO
caaaNNNsT
cceeeNNNt
cccAANT'sss
CCannnTTAAbillle
CaannTTiLouuppp
CAnntalloooUUP'SSS
cccAAnttIIIloouuPeee
ccAnnTTAALLLIIIIPPPE'S
CCCaantttAAlloupEEESSS
caaannntttaaLLLooOps
CConnttaaannnKKKaRRIIess
CCaantttaaaNKKeRRooouuSSLLLy
cAnnnTunnkkeeRUUUUUSSSNEEEssSS
CAANtttAnkkEEErrrOuSNEEssss'sss
CUUUNNNtAATTTo
ccceeennTAtttaaa'S
cccIIInnttAAttASS
CCIINNNtttEEtttrrIICCoo
CAANtttuuddd
CuuuNtEEEENN
CCCAnnTTTeEEEN'ss
CCCaaannTAAAiiiNNSS
CCCiiinnnTTAALLLaauuupe
cccaNNtteeR
cccooNtaaR'S
CCaantttUUURRRAADDD
cccaaaNTTTaRoooNNNGG
CCCannnTTTOOOrrrSSS
cccaNNNTTTharrrIIIddIIS
CANNNtttHAAA
cccaNNthhhuuSSS
CaaaNTTIIccllE
CAnttaccclllee'SS
cccEEENNTTTICCCleeeS
CCAAANNNTTTiiaarrr
CaaNNNtttiiiaaasssttt
cccaannntttULLaaNee
CCaaNTTTEleevvvERR
cAAnTiluuVeeeRR'ss
cccOOntIILLLuVVVEERReddd
CAANNTILLaVeRRRIIINNNGGG
CCCUUnnTTILOOOvvvorrrS
ccaaNTTuullllUteee
CAAnntttiiiLLLLAAATTeD
CCCeNNttOOlllatttesss
cUUnnnteelllllIITTTiinnGG
ccANTOOONNa
COONNNTTTuuuNNggg
cunntttiNNGGGllly
ccaNTTLE
cccANNtlleSS
CCCAAntttOOO
caannntaaa'SS
CCCuuunnnTTTOOOn
caNtttonnn'S
cANNtttUUNAAALL
CCAANNTTUUUnnnMMeeeNNTTT
CANTTTOOONMMOONNTT's
CCaaanToNNMMonnTS
CCCENttoNNNSS
CuNNttoRR
ccAnntOOrr'sss
CCennTTTiiirIIiiL
caanTTTOOrrIIIss
ccAnnnttuuurrrs
ccinntttAASSS
cceeNNNTTrrriPPP
CAAANTTS
CCaannnTTuuuS
CIIInnnTyy
CCinnnUUllu
CaaNNNVVVaaS
ccceNNVVVES'S
cENVVVAASSSBBBacKKK
CCaNNvvasssBBaCCCkk'SS
caaanVaaaSbooccKKSS
cEnvEEssEddd
CCCAAANvooseeSSS
cccaNNNVoooSSSinnnggg
cccOONvvvAAAsssss
CCinnnVeSSss'SSS
cccAANNVVaasssSSSUddd
CCCAAAnvvvAAssssAAAr
cccINVVAssSSiR'S
CCCaaannnvvaSSsEErrSSS
CCCaaNvuuSSSSSeeSSS
ccaannnVVUUsssssinnnG
CAAnnnyyooonnn
caaannnyUUN'SSS
CCCANNYOOONiinnngg
CCCAAANNyAAAnnnSS
CCENZZZeeenAAA
cccIIINzONNEEE
CCCaaNNzooonnOOOtt
CooOOOuuTCChhhUUoooCC
CCaaOUUtCCCHHEEEUccS
cccAPP
CCaP'SSS
CeeppabiLLIIItttiiiS
CCCAApEEBBBAAAliiitttY
CIIIPPPaaBOOLLLuutty'SS
CCaapppaaBBBLeee
cccapaablYYY
ciippaaCiiiooUUSS
ccAAAPPAAACCiiiAussLY
ccAPPPaacciOOUUUSSNEESSSSS
CCAAApaaciUUoSSSnnnEEsssSSS's
ccAAppAACIIItttaannce
CAPAccooottaNNNCCEE'SS
CCuuuPuuucccoooTotaa
cccOOOpoocItttAAATTTIIId
cccAApppAAAcOOttaaaTES
ccaappaacciiiTTTeeTTToNNNggg
CCCaaPPaaCCCiiitttUUTTUUUVVE
cciPAAACCIITTiiooSSS
cccAAAPPocccittiViii
cccIIPucoooteerr
cceepiiCCAAATTAAAR'ss
CCCaaaPPPeeeCCCiTToRRRs
CCCIppAAACaaaTTTyy
CCCuuPAAciiiTTY'SS
CCepppAARRoSoooNNN
cccaaPPAARRRaaasseenn's
CCiiiPPAAARRRIISooneD
CCAAAPPPAAArrriiiSSonENNGGG
CCCUUPaRiiiSSoooNSS
cappE
ccciiPPPII'SS
Caaappood
cUUUPPPEELLiiinn
ccIIPPPEEElllaaaNs
ccAAPPPEEERRR
CCoooPPPEEr'S
cccAAAPPPeerCCAOOLllliiE
CCaPPIRRRCCCaaILLLaaaeesss
cccePPPerreeeddd
CCCipArrrAAnG
CCuPPPeeeRRRSS
COOPOOSS
cccIPUUUskkeeennn
cccIIIPPPESSSkkOOOnn'sss
cuppffuL
CCCopppfoooLLsss
CIIpIIEEEsss
ccApppIILLLiicccEoUUSSS
CCUPPPIIllllArriiAs
CuuPPPIIllllAAArriiittyyy
CCCAAApppiilllLLLEErrriiitY'sss
CCAApiLlAAArryyy
CCuuuPPILlarYYY's
CAPiiiTTaa
cccEEPPIIITTTaaaLL
CCCAAAppUUTTAAAll'SSS
CCCaaaPPPoottAlllaSM
caaaPIIItalllOOOsssMMM's
CCapETTOOLLLiiSt
CapppitAAAlllasstt'SS
CApppotALLLeeeSStticc
CCooPeetOOOlliSSStUUUCAAllLLLYYY
cAAApOOTAAllliiSSTTSSS
ccaaaPPPAAAtEElliiiZZZATTiooNNN
CCePPPittteeLaaZZoTTiiOONN's
CCCIIIPITTaalUZZZI
CCaaaPPITTTaaaLEEZZEEdd
ccuPPPIITAlliiizzzoos
ccEpppIIITolliizIINggg
CCiiipATTTAlllLYYY
cccaaapppuTTTaLLsss
CAAAPPPIIIttAATTII
CaapEEEtttuutOOUnnn
caPPIIITTaaTTTIIOOnn'SSS
cAAAppOOOtttUUUTIIIOOnnnSSS
CCCaapiiTTAALLL
cccAPPiTToooL'sss
CCAApppuTTTooolllss
cccOOOpiiittulUUU
CCIPPPUtttELLLAARR
CApppeetttUUllARRyyy
cAAAPiTTuuLLAAAtttEE
CCCaaaPIIItttEEEleeTTeeed
CCAAApppITTTuuuLaaatesss
CCaapitttUULLLaaTiinnnGG
CCEPPPiTTuuLLLoottaaooonnn
CCaaappputuuLLLaaTooooonn's
caaappIIttuuLaatIIOnnns
CCCAAPPPitaaaLLLooottOrrr
cccaapppitUUlITTorrryy
cAAPPPaTTuuLLAAAmm
caaPllaaaTTT
CCCaPPlEEt'SSS
ccaappLuttts
CapllIN
ceeepppLLLuunnsss
CCiiPPo
Cuuppu'SS
cOOppOOONN
ccaaaPPoooNNN'S
caaapONNEEEZe
cccAAAppoNNIIIzooddd
CCaapOOnnnaaZEEEs
CCCeeepppeeNNoozzInnnggg
CCCapeennnS
CCUUPOORRaaLLL
cApposs
cccIPOOTEE
CaaappUUtttees
ccaapppppaaaRooodddACCCuuUUUs
ccaaaPPPUUDD
CCAAAppppeeer
CCCaaPPPPPAAANGG
cUUUPPpoooCCCCENoo
CaaappppeeCccAAANNNO'SS
CCCuPpppUUccccIIINNaaaSSS
caaPPPRRRoooolllatttooo
cAAppprrriccIIIo
CCCOOprrUcCCCIIIossI
ccaaprrreeeCEE
CIppprrriCCCEEE'SSS
cccaappRRRIceees
cippRRiiiCUUOOOs
CCaPPRRiiiccooiiiIIISlllyyy
CCAAAPPRiiiCiOOUUUsssNESSSss
CCCaaapprIICCCIIIuUSNEEEsssS'S
CCUUUPRIIfffIIICAAttAuuuNNN
CCCEPrrrifAAgg
ccEPPrrrOOFFFiggSS
cccIIPRiiiFFooLLiiiACCaaaooAAAs
CCiPPPRRiiiNNNEE
CCAAAPRRIIIALLLee
cAAAPPPruoooLOOddd
cccaaappprrioooLLEEESSS
ccAApRRIIIAllIIINNNGGG
cccaPPPsss
cAPsseeeIIccIIInnn
cccAPPsEEEiiiCCIIINNSSS
CCCAppSFFFOOl
cAAPPsIccuum
CCAApppSSeeeccIIIMMM's
cEEPsIIcoooMMSSS
CIIIPPSSSIIddd
cccOOOPPPSiiidddS
CCAAApppsssiiize
ccEEEPPPssozzEDD
CCCOPPPSiiizzzES
ccaapppsssEzzIING
CCiipppstteen
cccAAAPssttAANN'ss
cUUUPPPsTTaaaNNNSS
cAAPPPSTaneee
CappSTTToNNee's
CCCUUppsTTTOOOnnnUSS
CCCapppSiiillaar
cccaaapppssuuLLLatttO
CCCaaapSSULLOOOtEdd
cccaPPPSSSalattuuEnn
cccOPsULLLOO
cciipssUULLEE'S
cuuuPPPsssooollEddd
cccAApSUlEEs
CAAAPsuuLLLAAnngg
ccIIpppSSUUUlliiZe
CAAAPsssiiLLizuud
cccaaPPsssuLLOOZESS
CCAAppsooLLiZIIIngg
COOptttuuiiiNN
cAAAppptttUiiiNNN'SS
COOppTTaaaiiNCOooSSS
CCepTTTAAAIINccyyy
ccaaPPTTTaaIIInnCCCY'ss
ccIPtttIIiiiNiiiD
cAAAPPPtttAAAANIIINNNGG
CCCAAAptAAAiiNSSS
CCAppTAAAiiNNsssHooPPP
cAPttUiinnsHHHIIIpppss
CCCAAAPPPTTToONNN
capppTTTiiiOON'sss
cAAApTIunUddd
CiPPPttteeeeeennnIINNggg
ccAPPTTTiiiannnsss
ccaPPTTTIeUSS
CCCAAPPPToOOOUUSlly
cccepTIIOUUUSSSnneeeSSss
cccUppTIIOuuusNNNEESSss's
cuuuPPtAAAvaaTEE
CaaaPPtIIvAAATTEEEDDD
cccAAAppTTIIIVVETTeeeS
CaPttIVVuuuTTTinnnggg
ccuupttIIIVVVUtEoN
cccaaaPTiivvOOOTuuuUUUNNN'sss
CeePtttIIVaattUUUrr
ccOPttIvvvIItttor'ss
ccUUUppTTTEEEvvAATTeerrSS
ccAApppTTIIIVe
CCCUUPPPttaaavE'sss
ccapptIIveSSS
caPPTTIIvviiTTTiiiEEEss
CAAptttEEEvvIIITyy
CCaapppttEvvviiiTTy'sss
ccaPToorrr
CEEEpptur'SSS
CCCEEEPPPTUUrrrSSS
ccaaappTTUrrraa
cAAPPPtttAAARRE'sss
CCCOOppteerAddd
CCAPPPTTUrrESSS
ccAAAppTTTuuurIIIngg
CCUUUppIIIccchhii
CCCAAAPUUUccHHoNN
ccoPPUUUCCHiinss
ccuupUUUt
CAPYYYBBIIrrree
CCCoooppYYbarrress
cceeR
cArr's
ccARAbiiuuu
ccOOORABBooooosss
CCAAArrrAbbbiinnn
CarAbbbAAANNEEeer
cORRReeeBBBiiiNNNEeRRSS
caaraaaBBBIIInnnaR
cccAAARRRooobIINNaaaRs
cAAARRRIBBIInEEAAARII
cARAAcccaaaLL
CORRaaaccAAAls
CaaRRRoooCCaRRE
CCaraaaCCaaarrrASSS
CCaaarrraccciiilla
ccIIIRRReeecaaalllEEEd
CCurrrEECOLLOOOs
ccEraccaallIINNNGGG
cccAAAraCCaal
cccAAArrrUCCCUll's
ccaRRRAAAffEEE
CCooreefffEEE's
CaarrAffESSS
cUrrIMBBBeeelllAAA
caaaRRRaaamBUULaaSS
ccARiimmmool
CCaaaRRammmEll's
ccAARRRAAMMMAAlllOzatttiiOOnnn
cUURemmmaallIIZZZOOO
CCoooRoomOOOlllooZZZeeDD
cccEEErIIImmmUUlliZZAAS
ccURRROOOmellOzzziiinnggg
CCaaaRAAmmmeeeLLSSS
CCArUUUnnGGIDD
ccAARRAAAnggIDss
CUUUrIIPPaacEEE
ccARRAApACCEE'SS
CCIIIRaappAAcccOSSS
ccAAAraTTT
CCCAAARaaatt'sss
CCCErrrUUUttS
cccooRUUUVVIIINNN
CaaRRRIVVAAnnn'S
CIrrraaVVeeNNNNooongg
CCCArEEEviiinns
CCEEEraaaVVaaNsArAAoo
CCAArrAVuNSSaaarraaiis
CCARRRaavvvaaaNNSSaarrreeeeS
CCUUrrraaavvaaannSSiiirrry
CCaaaraaavvaNNSSSAAArrryyy'SSS
caaarrraaaVUnSSAAARRaI
CCaaRAAvAAAnnseeRRRAAAA's
CCIIRavvvaaannnsssooorrUUUIIIsss
cccarEEVVVAAANSSOrrryyy
cccIRRevvel
CCAArraVVVILLL's
ccAAruuveellO
CCooorIVVeeellSS
ceeerrIwuuy
cAAARRRAAweeY'SS
ccAArOOwIIIYYs
CUUURBAMMMAATO
caaarBAmATTTees
CCERbbeMMEEEDAANNNEEE
ccEErrbbboorrnnn
cccIIIrrrbbbAAzzzollluuu
CCCaaRRBiiddaa
cARRRBidaa's
CaRbbbOODUs
ccarBIIINNEEE
CCCarrBINoo'SS
CCERRRBBiNNNUUUeeRRR
CCURRRbbbiiNNNoos
CCCaaRBBAHHYYYddrrraaTTE
CCaaarrrbbiHHHYYYdddRRATTTUUU'SSS
caaarBahyDDRRETeeSSS
CCCUUURRRbbOLLLeeTTeeeDDD
coRBBOLLLEEEc
ceerrbbAAALLAAAzE
ccaaRbIIIN
CiiirbbbooNNN'sss
cIrbbOOOnuccceeOEEsss
CCCAAArrrbbaaaNNIIddESSS
ccOORRRBEEENNNiddO
cccaarrrbbbOONNNAAAddooSS
ccAArrrBBONATTe
CCCARRbbbaNNNATTTII'ss
cccOrrBOOONNiiiTTedd
CCIrrrbbooonnaaTeeeSS
cccAAArrrbOOnnnaaatttiNNNG
ccIIRbbooonaaaTeaaannn
CCeRbbboNNNaaattAAOnnn'ss
cARbbOniiiccc
CURbUNUUffirrreeASS
CCCARbbaaaNiiizzzAAAtttIIann
CCaaarrrbiiiNNNiZAAATTTEaaNs
caRRBEENNOZZe
CCCorrrBBUUUNIzeeeDD
cooRRbbbOOnnIIIZEss
CErrrBBaaNizzOONNGGG
caRRRBoooNOOUss
CCCARRRbbEEnns
CUURbbOOONYYYll
ccAAArrbOnnnylsss
CCaRRRbooorrroonndddUUmmm
ccARRBooRRoonnnDDUUUmm'S
CCAAArrBBBaaaXXYYYlIIIsseee
CAArrBBeeexxxyyyLateee
CAAARBBoooXXYYLatttUUDD
ceeRRBBooXXXyyyLLLEEttesss
cccAArBBIXXYYLLAAATTTuuNg
CCARRRBBoYY
carBBBaaayyy'sss
cccuuuRRRBBBOOYYS
ceeRRRBooonCllEEE
ccAAARRBBBAAAnnnCLLLE'sss
CArBBeNNCCCLLEEESS
CCCarrrBBBUUUNcccUUlAARRR
CIIRRRBBUrAAATT
ccAARRRbUrEEEttAAiiinnn
CCarrrBBuuuRRReeettOR
CCCaaaRRBBBooreetIIRRR'SSS
CCCaarbbuRRUUteeRs
ccEEErrBBuRREEtSSS
CCIIIrrrbbbAAARRITTtOOOdd
ccuurrrbbbeerrETTTAAANNNggg
ccAAARbbbeeRRRiizzzEEtaaUUUNNN
CUrBBuurriiiZZee
CCuurrBuuuRRUUUZZZaad
caaRRbIIRiizzUUUSSS
ccArrrbbUrrrIZZZiiNNNG
CCCEEErbbYYYLaaaMMiiNu
cccERRccijoiii
CCaaarrcAAjjOooss
cccAAARcOOOneettt
cciRRRcOSSss
CCCaRcccooosssss'sss
CCAAARRRCCiisSeeS
cAAArccIInnnOOOgiinn
ccERRCCOnaGAAnn'sss
CErrrccciiinnoogggOOONNEESSSOSS
cccOOORCinUgennniiCCC
CCaaarrrCCCiinnogggEENiiiCCC'S
CARRcciiniiiGGEEnnnUcIIItttyy
ccAArrrCiNNNuuugggUNNeCuTY'SS
CAARRRCCoNNOGEEEnniCS
cAAARRcccIInnnogoonsss
cArrCCIIINoommmaaa
ciRRRCCCUUUnnnOOOmmmoo'S
CCCaaarrrcccinnnoommIss
CCaaarrrCCCinnnOOMMMAttAA
cccARRRCCIInnOMMAAAttOOsuuSSS
CCCoooRRRccciiNooMMMaatoouSSS
CaaRD
CCCerrDDD's
cccARRRDimooMM
cccaaaRRDDDaaMMEmmm'ss
CCOOrrrdddaaMMMOMMs
cccoorrddaaMMooNNN
CCaaaRDEmmoonns
CCaaaRRDDbbbOOOiiiRRDD
CCCoooRDDDBBBAAAAArrrd'S
CCCOOrrdeed
cIrrrDerrr
CCarrDoorr'SS
cccORddeeerrrsss
CCAAARDhhhooolllDDERR
CCCArrddhhhiiiLLLdddEERRSS
CCaaarrDDDIoooCC
cERRDDDiiiiilllGAAi
cccaaaRRRdddUUa
CCCAAARRDIIis
CAAArrDDDiiGinn
cccaRRRdddaaagaaan'ss
CCaaarrDiGaans
ccuuurrrDuunell
cccAARRdiiiNNNAAl'SS
CaaRRRDiinnnAAlllAAAttE
cAAARDonnaaaLLLattteSSS
CeeerrddAANNNAlaaTTY
ccaRRdiinAAAlly
cArrdIIINeeellss
CArrddIInnIIIlllsshhIIIppp
CArrdInollssHUUUpS
CAAARdddInng
CCCAAARRRdddUUUOgggRammm
cccARRDaeegRRRaMMM'S
CAAArDiiioggrraaaMs
carrddAAAiiggRRRAAppphh
CCIRDDiiiOOOggRRaaaPH's
CCARRDIIIOOOgrUpHHiiiS
CCarrDDiiioGGGRIIIpppHSS
cARRRDDDaaaeGGGRRRiiipHHy
ccaRRRDOOuuOOddd
cccArrdiiiOOOadsss
ccERRDiOOOleGGGIIccciiLLL
ccuuuRRRdIIIOOOLLLOOGGooSSttt
cccARDDDiioLLLUGGiiissst'SS
CCERDDIOOOllloooggiiissTTTsss
cccEErDIIullUUgggY
cccUUrDDIIIoooLLoGGY'SS
CCaaRddiiOOOMMeeegAALLYYY
cccAAArDDDiioopUULLLmmoNarrryyy
CCCaRDDEEAAVVViiScUUULaaarrr
cAARRdddUUUTTToos
cIRRRdIIItiSSiiiS
cuurduuuon
cccUUUrrrDOONs
CCCaaRRRdss
cUUUrrrddssshhIrrp
CCaaarddshhaRRRppp'sss
CCUUrrrdddSHHHaarrrpppiiR
ccUUrrDDsshhaarrpEERR's
CCCAArdssshhhAARRPaaRRRsss
cciirdShAAARppAAANNggg
ccarDDDSSHHAARppss
cccaRdUUAAccceeeOOOUUSSS
caaaro
CCaaruu'SS
ccAARRReeddd
CCiiRRAAEEEnn
CCCaaRRRaaOnnoDD
CCiiiRREEOOnarrr
CCaaarreeAAnniiNGG
cccAAArrreEEENs
cuurruOr
cccaaRUUer'ss
cAAArooeeerruud
ccciiRRAAAiirennGG
CaarAOOORRUsssMM
ccIIRRuuuirEESSmsss
ccAAARAAAeeerriisssTTT
CaReeURUSSSTT'ss
CCeeeRREARRiiissTTTSS
CCarEEerrrSS
ccaRReeFFRRREEEu
CAAAREFILL
cccoRRReefAAlllLLLOOORRR
ccoorUUUFFuuuLLLessstt
CCARRAAAfuuLLLlllyyy
cIIIrrrEFFFUUUllnnnoooss
ccIIRRReeeFFuLLLnEEssss'S
CCCaRegggIIIvvvIIIR
cccooorragIIVaRRR'SSS
CiiirrAAAgIIVeeerS
cccArreeggIVVIIInnGG
cccarreeeLLLaaaSSSsss
cAAArreeelllisssssllly
cccUUrreelEsSnnneesSS
ccoorrrElEEssssssnnOOOssS'S
CCIRRRAAArr
CCCaaaRRIIrrr'S
ccciiRRiRRS
cuurrroos
CCUUURREEESSSS
cIIreSS'SS
caRRReeeSsssEDDD
cccaareeeSSSSSERR
ccErrresssoS
cAAARiissssINGG
ccARRAASSSsssIVVVe
CCCaRReT
CAAArrUUUtt'ss
CCCAAARRREEEtOOOKKUUR
cOrrEEttaKEEER'SS
CCIIIRRREETAAkkORs
CCCURRRitttSSS
cccAAARRRuWWUUUrrrNN
CarffArrii
CCAAArrFFFAARRe'S
cccaaRRggOOO
cAAArGoo'sss
cccIIIrrrggaeees
CCaarrrgggaS
CCCUUURRHoooppp
ccaaaRRRHHHOOP's
cccaaaRHOOPss
cccarrrIBBOOuuu
CUUrIIIBBBOOOU'S
CORibbbAAuusss
CCAARRiiCCCuuttUUUrraall
ccceeRRuCCCOOtuuurrUU
ccceeeRRaaaCCaaTTTUUURRRee'S
cIrrriiiccAAAtttuRRRAd
ccarrriicaaTTTuRAAs
CCCEEERRRicaTuuRRaNGGG
CCUrrriiiCAATuuRoosssTT
cuuRiCCaaattuurrIIIsTT's
cceeRiicAtUUURRRistS
CCCAARRRIIIeS
ccUUUrrEEEesss'ss
CCCeeRiillllllONN
CIIrrIILLlllOOOnnn'sss
CCOrIIILLLlllOONNNNNNeeuurr
CCCAAARRIlllLLooonnnS
ccaaReennOO
ccaaaRRONNiSSS
cccARRRIIINNattteee
cEEErrOOOnnnG
cAruuuNNgg'SS
CCiiirrruuoccAA
cccarrriiiULLLO
ccaaarrrIIOOuSS
CCorIttAAAss
cccEEERRRjUUUcckk
CCCuurJAACKKIIIdd
CCUUrrJJJACCCKKEEERRR
cccARRRJJIccKKKeeeRR'SSS
CAARRjjjEECkOOOrrsss
CCoooRRjaaccKiinnG
cccEERjjAccckkoNNNggg'SS
CCARRjjjAcckaanngggs
CCCAArjjjUCKSSS
CCCeRRRkk
CCaaRkkEEEdd
cARkiiiNNNGG
ccooorrkkSSS
cAARRll
CCArLInneee
ccaaaRliiinnG
cuurlaAAAD
cArrrLLLoooeddd's
CCArllEEadddSS
caarrMMMaaGNNNooLEEE
cccOOOrrMMuuNN
caaaRRMIIInnItiVVVEE
CAAArMMoonAAATTeevvvesss
cccoormmmiiinneee
CCCAARRRMMMUNEE'sss
CaRRRMMaanEss
CCiirrNNNaGGEE
cccUrrnnnAAAgoo'S
CCAARRnnniiiL
cAARnnAALiiTTYYY
CIrrrNNNeeluttyy'S
CCCOOORNNNAALLLLUTee
cccuuurNNNAAAlllAAATTiiisss
cciiiRnEELLLLLy
cAAArnnAAASSsssIIIAAll
CCCaaRRRnnaTTIAANNN
CCCaaRNNNAATTIION'SSS
cAAArNNNAATTTIIIOONss
CCCaarnIIUbbI
ciirrrNoooUBBASSS
CCAAArNNNUlIIIAnnn
ccEEERnuLIIENNN'SSS
cccAArrrNUUlUUIIINs
ceeRRnneettt
cccEErrrNNNEEEyyy
CCCarrNEEEyy'SS
CiiirnnEEys
CAAArrrNNuuuEE
ccERNNNIIIii'SS
ccaaarrnnnioos
caaRRnneefUUOOdd
CoooRRNNifffeeeEs
CCaarrnuuuFYYY
cccAAArnnnUFFFYINNgg
ccarrNNuuvvvAAll
CCAAArNIIIVVAAl'ss
ccuuRRNNeeVVValls
cAAARRRniiiVORRRiii
CCaaarrnnniiVVVorreee
cuRRnOVVVIIIrrree'S
CAAARnAAAvvooorees
CCCAArrrnnnEVOORRROOOIIISSS
CCaaRnnnUUUvAAARouSSSlllY
CCaRRRnnIIIVOOORRROOusnEEEssssss
cccOORRNEEvvvaaaRReuuSSnnnuuuSSsss'SS
CCiiirrrnnootttAtttO
CCCarrrnEEttAAttteees
CErrNYYY
cccarnnnYYY'SSS
ccaaReebb
CCCaarrrOOBBB'ss
CCCuRROBSS
ccARRoocccheee
CCCArOOLL
cOORRROOlll's
CCCarrroolllEEED
CCAAROOLUUrr
CCCorrOOOlAR'SSS
CCCAArrrOOOlErrrS
ccaaRRaaalInnG
cceRReeelllLLLED
CAArroollllleeerrr
CCCeeRROOOllUUURRR'S
ccuuuruuulLLLuurSSS
cccIrrrOOlllooonng
CCCeeruuuLLSSS
caaarrrolUUUS
CARRRooomm
ccAAArrraM'sss
caRRoomEEDDD
CCAriiMMMUNNNG
cccARRRoooms
cAAArrroTTUNE
cccAAArUUUtEne's
ccciiiRoottteeNIEEEDD
cccAAARRROTTTiNOOOIddds
ccArOOOtttAddd
CCAARROtttiid'SS
CAAARRREETTTiiiDDDS
CCCaaaRRROOOussAAlll
CCCaarrreusaaLL'ss
cccAAARRROuusaallsss
COOOREoooseee
ccARROOOOOOsseee'S
cAAARAAAuuusseeD
ccaaaROASSel
cccAAARRRouuuSSEEl'sss
CarrraeeesELLLss
cccORRROOIIISER
CaaRREEEuusssERRR'ss
CAArooAAAssiirrSSS
cccUUUrrOuuSiSS
ccUUURRooUUUSSooNggg
Caarrp
cccAArrrppp'sss
caRRPaaLLL
cerrrpAL'SSS
ccOOOrppAAALS
cUUURPPPiRK
CCArrppeed
ccAArrrPeell
cceerrrPPPEEElll'sss
cccAAARRRpppEElsss
cAAArrrpppooNNNTTTeer
cccARRPentttUR'SS
CCCEErrrppaNTTeeerreeDD
CCCoorrPPPuunteeerrIIING
CCCErrrPPPoooNtaaRS
CCCARRRPPPoontrrYYY
ccArPPPiiiNtttRyyy's
CarrrpppErr
cccuuuRRRppeeRRR'SSS
ccAAARRppIIRSSS
CarrPPPatt
CCaaaRRPPPET's
cccARRPeeettBBBaaGG
CaaarrrPPaTTTBAAg'ss
ccceeerpiitbbbaaggggggEDDD
CaaaRPPPeeetBBBUUUGGGGEERR
ccArrrPPPEtttBBBaaaggGGGOOORRR'ss
cccAArrrpUUUttbEEEGGguurrs
cccaarrPiTTTBBBOOgggGeeeRYY
CARRRPiittbigggggennnGGG
CCCAArrpppEETTbbAAGGS
CCARRRPeeTTTeeD
CCCErrrpppeetttiiinngg
cerrPPIItttiiNGG'ss
CCaaarppITSSS
ccarrPPPii
CCCArPONG
CAARpIInnggSS
caaRRpppOOOGGOniEEmm
cccaaRpEEllIIIGGGYY
cccAArPooommiiittUUCCCArrrPPaaaS
CAAARPPPooolll
ciRPOOOll's
cccAAArpppUooollEddd
CCCAARRpppoouullliNNNg
CCAAARRRpoooOOlllSS
cccAAArrrPPPOPhhhoggOOUUUs
CAArrPPOOppHOORRRU
CCCAARRPPPOOOrttt
CCiiiRpppoRTT'S
CCaaaRpppuurtttSS
cccIrPPPAsppOOORee
caaaRRpOOOSSSPPoREEES
CarpSS
ciiiRRpUUUss
ccARRPPPUUSSS'S
CaarrrAcccKK
cccAAARRRRRiCCkkss
CaaarrRRaGGEEEEnnn
CCCuurrrREGIiNNNann
cccUUURRrraaaggeeeIInAAAnnnss
CCCaaarrrrraaGeeeeeennnOnn
CCCAAARRRroooGGGeeonnnIINNNsss
cccurRRRaGGEEInnSSS
CCoRRRAAggHEEEN
CCAARRRRagHHuueeensss
cArrUUFFuueeeRR
CCCaaaRRRrrrAfoooUUrrrSS
CCCaarrrEEEl
caaarrrRRRulll'S
CArreellLL
CCAAArrReLLLl'ss
cccAArrrrEEllLss
caaRRRELLLSS
CCCaaRRRruuuAGEE
ccAArrrriieGGGe'SSS
CCCUUrrrRiiiAAGES
CCEEErrriaGEEEwwwaaYYY
ciirReeeaGeWWAYSS
ccaarrrRRRIIIed
cERRrrriiierr
CAARRRRiiieeerrr'S
CCArRRuuEEERSS
CCarrrrrUUUeeess
CAArrrRUUUooolllE
cccoRRRIIIOOnnn
CCCUUURRRrrrIIIooon'sss
ccceRrrOOOnnneedddeee
ccARRROOOTTT
ccIIRRRRRRooott'sss
cEEERrrottSSS
CCarrrrootY
CaaRrooeeessseeeLL
CCirrrrrOOOUUUseL'ss
CCCAARRRRRoOSULLsss
cccUURRrYYY
ccIrrrry's
cccaaarrrrrYYaaalL
CCArrRRRyalLL'SS
CCCUUURRrrYYaaLllSS
CiirRRRyyycOOTTT
CCaRRrrrYYcccooTS
cccIrrRRyyINGG
cccIrrrrrryOnnn
ceRRRRRYYYouTTT
CARrYYYooovvEErr
ccuurrrryyyOOvvveeer'ss
cccoRRRRRRyyyUUvErrrss
cUrrsss
carrsssEEE
ccOOORSICCk
COORRRSSiCCKnOOOSSs
CCCOOORRssickknnnEEsSS's
ceerrttt
CCCURtt'SSS
ccAArrTTIIggI
CArrTOGooo'sss
CAAArrtttEEE
ccaaaRRRtteed
CCIIIRTTIL
caaaRRRTTeeeL'ss
cccaaRRttteellluuSSmm
COOORRTTEELLLUzaattaaoNNN
cccaaaRRRTEEELLLiZZII
cccAARRttteeells
CCCorTTIr
CCeerrttteeR'S
cccaaaRRRTaaRsss
cAAARRRtttISSS
CCCirrrttHHooorrSSSO
CCCaaarttHorsEEE'SSS
ccaarrTTHHHorSSESSS
cccaarrrTiiLeeegeee
CCArrtiiilAAGooo'ss
CAAArtilagggeeSS
caRRRttUUllaagggIINNNoIDD
CCOrTTeeelOggIIInnnooUUUS
CCCaaRTTTAAAng
cccaaartttLLOIDD
cIIIRtLLUUooD's
ccuurTTTlluuAAdSSS
CirrrtttOOGGRRRIIIm
cccaRRtiiGGreeephhhAARR
CCaaarTOOGGRRRAPPPhhEEr'sss
CAAARRRttOGGrAAppphuuRRs
cccIIIRtttooogggrEEEPPHHEcc
ccUUUrttEGrrAAAPHHacAAALLL
CEEERRttOOGGGRAAAPHHHAcOLLLYY
cccoRTToGGRRRAPhyy
cccaaaRRTuuuggRRUUUppphY'sss
CCAAArrrtttAAMMUUUnncy
CCuurTTAAnnn
cccArrtoooN'sss
CCArttUUUnSS
cAArrttouun
cccaaaRRTooonnn'SSS
cccaaaRttooonAAADDD
CIrrrtOoNNEENgg
CAARRRTTToANIIIsssH
cccIIRRtOOoNIIsssttt
CCCAAARRToooOOONaaaST's
CARttOOANNAASTTsss
CCuurrTTTiiuuuNss
CCArrTOOINy
cciiiRRttoooeeChuu
CCooRRttoooUChhheS
cAAARRRttRRRIdgge
cccaaaRRRtttriidgOO'sss
ccorttRRoDgEss
CCCaaRRRTTss
ccUUrrtUUULLLAAARRYY
cArTTWHHHeeoLLL
ccaaRRRTWWWHiiiOOll'S
CEERRTWhheeEEELLoooddd
cccERTTwwwheeULLIIINg
CArTTTWWHHiiieeelSSS
cccAARUUNNCCLLE
caarrrUUUnnncccLLLeSS
CCAAARaaanncuulleeerrr
CCAAARRveee
cccArrrVEEEDD
cccAAArvel
CAArrVVEENNN
cuuurrvvERR
cIIRRVVeeeR'SSS
CCCAArvvErrIIeeeSS
cccArrVVVEERS
curVUrYYY
cccAARVOOOsss
ccAAARRRVVViinnngg
cccUUUrVIIINGGG'SS
ccAAARRRvuuNNNgggss
cuurrwASHH
CCCIIIrryyyeTAAAD
CCAAArryyyuuTOd'SSS
CCARyyyUUUTTIIduuS
CAAArrrYYAAATTTeeddSSS
CCAARyyyoPhyllUUUCuuuuUUUSSS
CAAARRRYYUUUPSSSEEEs
caarrYOOPPPSUSS
cASSooo
ccceessseeeBBaaa
CCCasAAAbbbA'SSS
ccAssooobbbaass
CCaaSSCCCoobOOLL
CCASSSCCCaabbeeeLLLSS
cccuSCEdE
cccOOssCaddaaa'SS
cccAASCCCaDDDed
cccAAASccAdddeees
cccasssCCAAddIIINg
caaSSccEERA
CCAASSSCCuRa'S
cccOScciiirraS
CCASSCCCarEEElllAA
cUUUSSceeRIILLLLLLISSS
CAssseee
ccaSSEEE'SSS
CCCaSeeaaSSE
CCCAAssAAAaaatttEEE
CCCaaSSiiiootttEDDD
CCaSSSEOttteSS
CCCAsoooItEEnGG
CCCOOOSSAAAAttIIoN
CISSoooBBuuaakkk
CCCAAAsEEboooooksss
CAsssoooBBoouuNNND
caaSSeeed
cAASSEEEfyy
CEEEssUhOOrrdiN
CCuuSSSehhhaaRRRDDEEnnEdd
ccAAsEEEHaarrrDDuuNNNOOONNGG
ccaasehhhaaRddunnns
CCaaSiiiiNNN
CCaSSSeIIINNN'ss
CUssEEEiiiNNNooogEN
ccAAAsseeLEad
CCUUsssELLLooouudd'ss
cccaaSSSeLLOOeDDDsss
ceeeSAAAMEEKKKER
cccoseemAtEEE
CCCASSeeeMeeNttt
CCAAASSuuMMEEnnnttt'S
caaSSAAMMMoonntsss
CCaaaseeeooSSSIII
CCCuuuseeooouS
cccesEEErNN
cOOsssOOrrrnnsss
ccAAASeS
CAsssAAtttTTII
cIIISeeeWWWOrKK
cceesssIIIwAAARKK'SSS
ccciiSAWWWorrrKKuR
cccaasEEEwOORRkkeeRR'S
CasaaawwwIIIrrKKKErSSS
cccOOOsssEWWOOOrrrM
cccAAsssuuWWorrrMMsss
caaasssHH
cccAAsh'S
CaassHHHbbaeeKKK
CCCoosssHHbOOIIKKK'S
cccAssHHbooooooKsss
CCCAAASSHHHbbbOXXX
ccuuuSHHBBoooXXXEESSS
ccaaSHHHuDDD
cccussshhas
CCCOsssHHOOw
CCaaassHHHeeeww'SS
CAAsssHHeeWWs
casssHFLLLUUUw
cuuuSSShEuR
CCEEEShiier's
caaSSSHIOrrAAADD
CCAAAsshhIeeRINg
CesshhIIIoooRRsss
CCEEEsshaang
CCoShhhLLLuuuSSSSS
casHHmmEEErree
ccAASSSHHmmmeeeRIII'SS
CCCeessing
ccEEEssINgg'SS
CoosssInnggSS
cAAAssIINNNo
CCASanU'S
ceeesssINNNEES
CCCeesskkk
CCAsskk'S
CCCoooSSKKKIttt
CESKKKeeT's
CCCoossskkaaaTS
ccceessskksss
CCaaSSqqOOeee
ccAAAsQQuueeeSSS
cccIIISSSaBBBAA
CCCasssEEEreeOOp
ccOOOsSSSorreeooPPs
CUUUSsATTIooNNN
cEESSSSAAAVE
cccuuusSAAvA'SS
cceeessOVAAAS
CuuSSSSEEErrrEElllaa
cccEEESSSUUUrriiLI'ss
cccAAAssSSEERRooLLEDDD
cccoossssssEEErrOllleeess
cccusssUUrAAALLLIING
cciiiSSSsssIITtEEE
ccOOOSSssseeeTttE's
cUUUSSSSaattttEEs
CAAAsseeAAA
ccIISSSiiiOO'ss
CCCaasssseeeAS
CCUUUsssIIMMMIRAA
CCCeeSSSsiinnnOO
cAASSSSSSiiNNooo'SSS
CCaaaSsINNeeSSS
CAAASSsESS
ccaaaSSseeeteeeRRRITTTIII
cccEEEsssSSittORRuuutiiS
CAssssOCCCKK
cIISsseckk'S
Caaasssssocckksss
CCCessssAOOLLATTT
cAAASSSSSoooWWEERRRUUUeeSSS
CCAASSSsOOwwwaaaRRRy
CCCAAssssOOWWAARy'ss
cAsssTTT
cAAASSSttt'ss
cAAASSTTTAANNNeT
cccOOOsttAANNEET's
CCCaStuuNNUTTS
CisttuWWWaaYY
cuSStiiiwwwAAAYYY'SSS
CAssstiiways
CCeestuu
CAAStttU's
cUUSStttooLlAAn
CUUsssTTTeeLLllluuunYYY
cccAAAStttEEELLLLLOOTIIIDD
CCAAAStuuulllLLaaaTuuuS
caaasssttIIr
cccEESSStttEErrr'ss
ccasttaarss
cOOOSSteeS
CCCisstttuGGGutte
cccassTTTOGGUtEDD
cccAAsTTiigaTTEsss
CCAASSTTuugaTTeennGGG
ccOssTTTaGGGAAAtEEEooNNN
cuusssTTiggIItIIIoNN'sss
cISStIIIggguttor
cASttiiigggoTOOORRR'S
CCaSSSTTTIGAAtttoorrrSSS
ccAAsTTTeeeGGuuTAArrrY
cussttooNgg
cAsssTTInggg'SS
CCCAAsssTiinnnGS
CCEEsstLLLe
cccEStlllee's
CIIISSSTTLLLeD
ccASSSTLasss
caSSSTTLoonGG
COOOSSTTTOFFf
cAssttiifffFF's
CaassToooFFFfffsss
cccUUUsstttOOOrrr
caaaSSSTOORR'sss
CCOOOstttOORsss
CCaSSSTrrAAAteee
cccAAAsssTRaaatteeD
cccASSSTTRAtEr
CCEsTratttUS
cccuuuSSSTTrraaaTTTAAANGG
CuuuSSttRRRETIIOOOn
ccaaaSSSTTTrrAtttOOONN'SS
cccAAAssttRooottAAaaanS
CaaasstttrrriTTuu
CCAAsTTrrrOtttEERR
ccaaasstttrrriittOss
cccIIISSSttSSS
CCIIIsssaaaal
cccAAsiAAAll's
CCuSuuEELLLLLLyy
ccIsssUUeLLnnneeeSSSS
cccAAAsssUUIIlneesssSS'SSS
ccESUUaLLSSS
cccasssaaauuuLLLtttuESSS
ccEssEEEaaLLTyy
CCCUSSSUaaLTTYYY's
cceeesssUUIsT
CAAAssseeeEEsssTT'S
cccissUISSStttAAAC
CCAAASSSoooIISSSTTIIICCaLLL
CUUUsssiIIssstttIICCIIILLLLLy
ccIISSuuuUsssTRRy
CaaaSSUuuuSTTTRRRyyy'sss
cccAAsssEEiiisTTTss
cccAAtt
ccAAt's
CCCAAAtttaaabASSSEEESSS
CCATUUbbiiilliiicc
CCEEETIIbOOLLLiSSSM
CCATTTUUUBBOlIIssMMMSS
CCCETTTAAAbbbelllUtuuu
CCuuTTTAcccIIIussTTTIIIcc
CCCAAtttAchrrreesseeess
CaaTTeCCHRReeeSISS
cccAAATTTaaCCCHRRREsstteeeCC
CCCAAATIIClUNNaal
CCCAATiicclYYYSM
cccUUUtttiiicllYYsssM'SSS
cccaaaTTTaclllYYSSmmUULLL
cccaaatOOOccLLLYYYSSMMIcc
cIIttaaCLyyySSSMMMiiicccALLllyy
CCCAAATTTAAACCCLYSMMMs
cAAtAAcccoMMMb
coooTTTICooMMMbbb'SSS
CCCaatttiiiccOMBBBs
cccEETEEEddrrrOOOmmmUuuss
cccitttUFAAlllQQaUU
CCCAAATAFFFaaallqqIIe'ss
CotOOOffaaallQQQuueS
ccaaattaaalAAssee
CCCattteelaasIISSS
ciitAlaacttooCC
CCCEEEttIIlllEpssy
CIttteelaPPssYYY'SSS
ccATuullOOOppptttAAAcc
cAAATTTaaallleepptttoooCC'ss
cccuutOOOLEpptOOOcccoLLLYY
CCCataalluuPPTTTIccSS
cccaaattElllUU
ccUUUTTAllIIG
CCCAAATTIlOggg'S
ccEETaaaLLLogggEEddd
CAAATAAALOOOggOORRR
cccaaaTALoooGeeeRRR'sss
ccAATTAlllUUGGGeeRsss
CaaaTaaLLLOgggING
CuutttaaalllogggS
CeeeTTTIIILLoooGGGuuE
cceeeTTIIILLLoooggiee'S
CCAtttaaaLLUUGOOOAADDD
CCCooottALLLOGGGEIIIr
cAAtttuLOOOGGOIIR'S
CAAtttAAAllloGAerSSS
ccUUtaalloooGGuuuOsss
CCeTOOllOOOGEEanngg
cAAttUlpppAAA
CaTTAllpoo'SS
ccAAATTaaaLPPPaaaSSS
cATTaLLYYYssiS
CCCIIItilyyySSSIsss'ss
cccaTTTilySSTTT
CCaaTTTAAlllYSSt's
cceeTTTollysstts
CCaaTaaallyyTiic
ccataLLLYtiicc'S
ccaaattUUlllYYTTTUUUCCCAALLLLLLYY
CAtaalllYZZO
cccAAATallyyyZZOd
cOOOTAlllyyyZZZurr
ccooTIIIllyZEss
CCaatuuLYZEEEnnnggg
cAAtttIIIMMAArrrEEEN
cccutttOMURAAAN's
CeetOOMMMEraaNNS
CCATTTAAAMMinnniiAA
cccaaTTTeeeMMMiiiTEEE
ccaaattAAAmNeeSSIIS
ccOtammUUUunnT
CAAAttoommiiintsss
ccAAtttaPPPHoREEESEES
cAAATTOpppHHoooReeesIISSS
ccaaaTTTAAAPPPhhhyyLLLl
ccATTTapplassiiiaaa
CCaaTTTAAAPPLLLAASSiiUUUSSS
cccATTaPPPlAAASmm
caaTOOpppLLAAASMMSSS
CCCEEttUUPPlleeXXyy
cccAAAtAAPPPuuuLLtt
CCCaaattaaappiilllTTT'SS
CCattUUUPulllTTTeeDDD
CAAtttaapiiiLLTTTinGG
CCoooTTAAApppuLLLTTTS
cccaatOrrrUcccT
CCAtaaaRaCCCt'SSS
ceeTiRUUUcctttSSS
CoTTEEERRRRHH
CooTArrRhh'SS
CatAAARrrHaaaL
COOOTarrrhooNNNe
CAATTTUUUSSTTriipphhI
ccaaTOOOSTTTrrEEEPPPHHEEE'ss
CCCAtttaaaStRRuuupHHEES
ccAAAtttasTTRoooppphhIIIcc
CCAAtttIsssTTTRIIIppphIIIcaalllyy
caTTaaassttrrriiipphhiiiSSSmmm
ccaatusttrEEEpppHHHiiisst
CCCaaatttuuuTTToooNuuAA
cccATTTaaattOONIaa'sss
cccAATTAttonUCCC
CCAAtETOOnnniiC'sss
CAATTAAAttOOOnnIcccAAAllLy
CAttuuuToonnnIICCSSS
CCCAAAttbURdd
ccIIITTbbOrrrD'sss
CCAtttBBeRRddSS
CiTTBoaaatt
CuuutbbbOAt'SS
CCCaattbouuTTTS
cccATTTCoolll
CaaatcccAAlLLL'SSS
CCOTTccAAALLLeeeD
cccaattCCaalLLLIngg
cccaaaTCuuuLLLLss
ccaaaTTTCCHHH
cooottchhh'SS
CCaaattCCChOLLLll
CEETTCChhell'sss
CCEEEtCCCHHHallLLLSSS
Caaatttccher
cccAAAttcchhhEErr'S
cccAAtChers
CCiTTccheeeSSS
catCCCHFFFLLLoooeeSSS
ceettCHffly
CCooTTTCCCHHHaaaerrr
CatttCCHHHIiiisst
CCATTTCHHHooonnnusssS
cciitCCCHHHiNggg
cccATTTChInnnGss
cceTTTCCCHHHMMEnnntt
coootCCChhhmmmeeeNNTTT'SS
CEEETTchhhMMMeenttSSS
cccAATcchhPPPENNNnYY
CCAAAttcccHPhhrroossse
cccaaTCCHHHPPHHRIIISIII'SSS
CCAATTCChhhpppHHHRaSSSeeeSSS
CCaaatttchhppOOlEEE
CaattChhheeePP
cccaaaTTTCChUUUppp's
cUUTTccHHHiPPSSS
cccaaTTTCCCHHHWEOOOgghhhTTT
CCCOttcchhwwwOrrrdd
cccAAtttchwworrD'SSS
CCCATTccchwOOrrrDDDS
ccIIttCChhYYY
CCaaTAA
CCCaaatUUCCCHHHUUttecc
CCiitteCHHEETTTICCCuuul
ccUUUttteeCCCHEEETeeeCEEELLLLLy
ceTTEEECHHHItttiiicccSS
cccAtttEEccHHHEnn
CCAATeeCHHHISSSee
cccAAttEEcHIIIsssuuuddd
cccaatttEECCChhiiissEESSS
ccOOTTooccchhhiiSung
CAAttteeCHHHIIIssM
cccIIIttECChhhIISM'SS
CCAAAtttEECChuSSMMMEEELL
cAAAtaChhIISSmmmss
CCCootttiiiCChhisst
ccaaatteeCCHHIsstt'sss
CCatteccchhhIsstts
cccaaTTTeeecHHHIIzzaaa
CaTeeechhiiiZZZEEdd
cittEEcchhhIIZIIIr
CCaTuuucchhoZZeeSSS
CCATTEEcchhEzzIINNG
cAATeeeCHeeeL
ccAAATeCChU
caTiiiCCChhhuMMMaaann
CCAAATTeeeCCCHIIImmENNS
CCaaaTEEccHHHiiS
CCuuuTEggArrooccc
CCCUUTTTOOgErrEECCCaalll
CATTEEgggorrIccaLLLlYY
CCCEETEEggOOORRiUSS
ccaaTeegggOOORRRozaBlEE
CCEteegoRREEEzzzOtttoooOONNN
CCCaaattteeeGGoooRROZZiiitttIOn'SS
CCCateeGGGuuRRRaazzzIIItttiiOOONss
CCCaaTegoooRRRiZe
ccAAATTTeGGGOrOOZZeD
CCoTeegggOrIIZZeeeSS
ccaaatEEGGOOOraaZZZUUUNNg
CCCUtteeGGGooorYYY
cccUTTaaaggOORRYYY'ss
CCoTTTEEEnnIII
cccetinniiiNNNuu
CCaTTTaNNoooRiIIISSS
CCIITENNaaRRRYYY
CCaaattEEENNAtttEEE
ccaattteennnaaTeeeddd
CCAATTEENAAATTiiiS
CaaTTUUUNNoooTTTOnGG
cuuteeennnEEEttOOOON
ccIITeeenOOOEEd
CittEEErrr
cccAATeerrreenn
ccceeeTTeerrcccOORRnAAAr
cIItOrEddd
CAAttuurreeerr
CeTTErrrEEER'S
CCCatttErreeeRs
ccatttiiirrrUnnnGG
caaTTuuuRRReeNNNgs
CEEttEEERRpIIIllllllaaar
CCCATEEERRRPPiilLLiiRRR's
CCCAATOORRPIIlllleeRRRSS
cccOOOTTTErrrs
CCCATTTooorrwAAuuulll
cccUUTTTORRwwwOOUUL'ss
CaaTTeerrrwwAAAiLLAADD
CCCATTUUURRWaUllUUNNNgg
CCCAtttIIRRwwwaOllSSS
CCCIITTTFFallLL
ccattFFFESSSh
CCCETffISSSHHH'S
ceTTfuSSShheess
cccATggaTTT
CCCaaattGAt'SSS
CCuuTThURSSESS
cattHHHEERRRsooS
cethUUrrrsooS's
CCiiitHHHEERtuuCCC
CAAAttHHIIRTIIICCC'S
ccaathAAARTTTIIcccSSS
ccaaTThhhuEEEdd
caaaTTTHHHEcTiicc
CetthEEEdddRRRaalll
cccuuuTTheeedddrrAALLL'SSS
ccAATTTHHHEEEDrAAALsss
CEtHeeppsuNNN
CCCAAATTHHHEEEtuuRR
ccOOOTHHitttOOOR's
CATTHootEErrreeeZZZEE
CatHeeteeerriizzzEEEddd
CCCaTTTHHHEEtiiiRRIIIzzzess
ccATTTHeeTTTiiiRREEEzzIINNG
CCCAATTTHHHuuTTiiiRRRsss
CCeTTTHHHEEEXXXiss
CCCotHHHiXXEES
CATTHHHoodaaLL
CCuuuTTHHooodi
cAttHHHAdddE'ss
CaaatttHHHiiiDDDUSSS
ccAAthhhuuuDICCC
CCAAATTTHHOdOOlAAmmeNeeeSSSCeeenncccO
cccEtHHHeeeLiC
cccuuuttthhOOLiiiCCCaalllllY
CCCAAtttheellliiiCiTyy
CCCAATThooLLIIIcccAAtY's
ccaathhOlllICCCEZZZEE
CiTThhoLIICCozzzEEDDD
cooottthOOlIIICCCIIIZeeesss
cccAtthhhOlaaaccIIZZZIIInnnG
caaathiiLIIcccLLLyyy
CCCaaatthhOOOllliiCCCon
cAAAtttHHHoouuussseee
cccAAAttHHHOOOossEEss
CCOOOTTTIONN
CCCIIITTOonnn'SS
CCCOOTTIoooNOOCCC
caaatIIENNs
CAAAttKKiiiNN
cEEETTKKKIIIn'ss
cccOOOtKennns
ccOOtttlluuukkkee
CATTlloonggg
CCCAATTMMEEEnnT
cccEEtMeeNtSS
cccaaTTNNeppp
cccIIttNNAAPPP'sss
ceTTTnnnUUPPPppEEEddd
cccAAAtNaaPPPPPPiiinnggg
ccAATnnAAPPPS
caTNNNiiPP
ccuuuTNiiip'SSS
cciiiTTTaaPttRRiiccSS
CCCAATTTSSS
CCOTTssPPPUUUWW
ccATTsuuuiiiT
ccaTSaaOTsss
CETTSSSuP
CCiiTTSSSUPP'ss
CATSSSuuupppSSS
CatttaaIIIl
cccAtttOOOAAlll'sss
CCuuuttttttaaaIlSS
caaaTTTAALoo
ccaattttUULLLueeeSSS
ccciTtooLLOOSSS
CCCuuuttteeerIIeeeSS
CaaaTtttoooRRRY
CCCaaattTIIIEERRR
cETTTOOOuuuSSttt
CCOOOtttIIlllYYY
COTttIIINNEEssSS
CCCaaTTTtaNNNEssSS'SS
CCCoooTTTTTAAsssH
cccoootttTlEEE
cccaaTtllUUU'S
CAAATTTttlllEmANNN
CCCAAtttTllOOmmAn's
CAAAttttLEEmmiNN
ccceetttTTlOYYUUU
ccIIIttttlleYYYAASS
cccuTttty
cccaaTTTwwwOOOLLKKK
caattwwaaallKK'SS
ccaatttWeeLLKKKSS
CCAAoooCCUS
CCCUUUEEECCIIs'S
ccuuuUUUCCuuSSAd
CCCUUUCCCUUUSEEEsss
cccaucccaasIInng
CCCUUUUCCuuussSSeeedd
cUUIICCCEEEsSSOOOnnnGG
CCCoooiidddaaa
CAAUUdAAd
CCUUUUUdAALL
cAuDDELLLLyyy
CCCooUddeeetuuu
caOOODDDAATTTOOss
cAAuuudddEXX
CCAAUDDeeeXEEs
ccEEEUUUdolllllEEE
cccAAuDDLLLUU
CiIIgHHT
CCaUULL
CCCuulllddRRUUnn
CCCuuaaLLLddRROnnn'ss
CCeuLLLDDDrrrooNS
CCCaaILLLeSSScENttt
ccAAAuuuLLiCClllEEE
ccoUUllIfflluwoor
cUullOOFFFleeWWWEErr'ss
CCaaLLiflUwwwOOOrrrss
ccAAAuluNo
CCCaaelllIISS
CCAaaalKK
cAAUULLLK'sss
CCaaULKEDD
CCUUUiiLkeeRR
CCCAAAIIlKEr'ss
CCCAAAIlllkeerrrSS
cccaULLKKKaanngg
cccAEEElllkkiNggg'SSS
CAUUUllkinnggs
ceuuullkkkss
CCaaUUlllSS
cccOOOeesssOOll
ccAAuuuSSSaaalGGIAA
cccaaUUSAAlgggIIaaaSS
CCooUSAAALittIIESS
CCaaaUsAlllaaatYYY
CaaeeSEEELLLoootYYY'ss
CCAAAISSSaaaLLLLLyyy
CCAuusssuTiiOn
CCCuuuSSSiiTTTaaOONN'sss
cccAuuusssiTTiiiVEE
ccciiuuuSSSii
CCCauuuSSSE'SSS
CCauuSSSAAdd
cccaaaASSSuliiisSS
ccooouuussEER
ccaEssARR'SSS
CCUUsseeeRRiiE
cccaaooossooRRIIE'SSS
cccUuuuSaaarrraaIIsss
COOusseeeRs
CCAAUUUsseS
CCCaeeesiiUUSSOO
CAAAuuuSSuuuwwwAAAYYY
ccAAAUSEEWWWAAAyyy'S
cccaaeeeSeWaays
cccUAAAseYYY
CCaauuusssinnGGG
cccaiiSStIC
CCOOuuusssttoc'SSS
CaaaUUSttIccEEElllllYY
ccooOOOsstoooCCCITTy
cccAUUUsssTTIICITTYYY'ss
CCCAAAEsstttiiicSS
CCCaUUTEEErraNNt
cccOAAATTuuRRRiiieSS
caIIIttEErrrEZZaaTTTeeOOON
CCCaaauuutttaRRREEEzzatEEoooNN'SS
CCCOUTTTeRIzzaa
CCCaaeeetEERRIIIZZIIIDDD
CCIIIitttEEErreZeeSSS
CCaUUUtttIIIrrEEzooonnnGGG
cccuuoTTTirrY
CCCuuuIItIIIooNNN
CUuutttiiiun'ss
CCCAAAUtIOnarrrY
cccauuTUUUUUNiiiDDD
ccaaaIIItIUUUnnInngg
ccAiiTooUNSSS
ccAUTTiiOOUsss
CCCAoottaaOOUUUssllyy
CAuuuTTTIIooooooSnnneeeSSS
CEuTTaaIIuSSSnnneessssss'SS
CEvvAAlCoooDAA
ccciiiVAAlCCCuDDDeee'S
CCCuuuvvaaalCCEDDiiiSSS
CCCEEEVVVAlliurrr
ccavvOliiRR'sss
cccIvveLLLiiieeerrLy
cccAAVUUUlIeerrss
cccavvEEEllllA
CCCUUUVVVAAALLLLAs
coVVVALLLrrrIIEEESS
CCuuuvAALLLRRyy
cccAAVViiillRRyy's
cccAAVVAAAlllrrYmmmiNN
CCCuvvOOOlllrryymAAANN'ss
cAvEEELLLRYYYmmmooonn
CuuuvvvATiiNNi
ccceeeve
CCiiivvveee'sss
cccoVVAET
cIVVVEEEiiT'SSS
CAAvvvUUUAAATOOR
CAAVVVeeIIITTss
CCCAVVAAADDD
CaaavvvUUFFFISSHHH
ceeeveemmannn
cccaaaVooommmoN's
cuuuVIImmmeennn
CCAvvvUUnnDossH
caaVEERRR
CCoovveRRRNN
ccaaVERnnn'SS
caaVVVEEERRRNNAAuuuss
ccIIvvvAAArrnnnOuusssLLLYYY
CiiiVUUUrNNNs
caaavOORRRsss
cccAvvOOOss
CCooViiiSSoooN
cccAAAvvveeTtttooo
CCCuuuVIIIEEERRR
caaaVVear'sss
cccAAvIIIOOORe
cccAAAvvvuuuuuRee'ss
CuuuVVVUUCCuRnn
CEEvviiiee
cAAvvvaaaesss
CAAAvvall
CaViilll'SSS
CCoooVVElaD
CCivvvIIILLLiRR
ccaaVVoolllar'SS
CCCaVUUlERRRss
CCeeeViillOONNggg
cccAAAvviiilliiNNgggsss
cAAAVVilLEDD
CavILLlEErrr
CCCAvUUUlllLOOrrr'SS
CUVVVeeeLLLuRRRsss
cccaVViLLLLuuNNNg
caaVVEllSSS
CCCuvIIInGG
CEEvvvEEngg'SS
cAAVVVoooTTetioonn
CCCaaavvviTTIEEESS
CavvIItttyy
CAAVIIItttYYY'SSS
CCavvvOrrTTT
cccEEEvoRTTeeeDDD
CCOOOVVeRRRTTTooonnnggg
CUUvvvERts
CCCaVVVyy
cuuuww
CCCAw'ss
cccAAAWeeeDD
CAWWaNNggg
cccIIIwwSS
CCUUY
Ceeyyy'ss
cccaaayyeNnEE
CCCiiyINnnnE'ss
CCCaaayMaaaNN
CCOOyyymAAnn'S
CCaYYYmmaaaNNNsss
ccUUUYYYSSS
CaayAAAssee
caaYYUUUsssee'SS
CaYYYuseS
ceeeeeSSe
ccEASoo'SS
cceeUUSeeDD
ceeeaasssIFIIIRRO
cEaassseeFFIRRRuuu'SSS
ceeeooosssEEFeeeRRREEES
cceAAASIILLeessSSS
ccoaaSAAAllleeeSSSSSllyy
CCeeeesaaaLLUUsssnnnEESSSS
ceeAssEElisSSnnneeeSss'S
CCCOOOAAAsseeSS
cccEEAAASSiiiNg
CEECCCAA
cUUCAll
CCiCCiiiLLLLyyy
CIIIccIItEEEEEESSS
ccceeeCATTTY
cEEEccciiiM
CCeecUUMMM'SSS
cEddoRRR
CCoooDarr'S
ccaaddaaaRRRs
cccEEDDeerrWWiiaad
CCCeeeddo
ciiidddOdd
CCCiiiddderr
cccEEderr'SSS
ccOOdEErrS
ccceDDEEESSS
cciDDEE
CEEddIIllLLAAA
CCCeedOOLLlII'SS
CCCiddiiillllllAAsss
ceeeDAAAnnnG
cccUUDUUUSSS
CCEEEIIIBee
ccoooiiLL
CCCeeiiilEddh
cccEeellloDDhsss
CoooiillliNNGG
CEEEiilliiNNG'sss
CEALInngsss
CCCoOOOlOOOMMMEETTUUUr
CELLLAAADDEENN
CCillOOOnddInnnOO
cccEEllaaNNNdINii's
CCCIIILLEBB
CCeeeLAAbbRAAAnnt
cellloobbbRuuuNNNT'S
CCCallAbbrrrAnTs
cccEELLLaaabbrrAAATTu
CAAALLEEbbReTTaddd
CCOLAAbbRRoTTEEES
cEEEllleeeBBBrrriTTTenngg
CeeLIBRRROOttUUen
CCCELEEEBBBrraaatiAN'ss
cEELEBBBRRattiiieNNS
CCIIIllEEEBBREEtttIIRRR
ccEEEllEBBBrAAToooRRR'ss
CEEllluuBBBRRRUUUTTOrrSSS
CCCeLLEEBBBrrrAATTTOrrrYY
CCCeeelllaBrrrutttEEEES
CCCeLOOBRRRIIITy
CelEEEBBrrATYY'ss
CCCEEELeBrrrittyyHHOaaDD
CCeLuuBBSSS
ccillleeeRiaac
cccelleerruuuECCS
CCALLLeerriity
ccAAlllEEERRRAAAttyyy's
ccEElllEErryyy
cEllleeeRRRyy'SS
cEEEllleeeSTTTe
CCeeLeeeStttIII'SSS
CAAlleSttaaS
ccEELLEEssttee
CaaaleSTTTUAL
CCelleeeSttiiiAlllYYY
ccEEELEEEsTTTIIITTTUUU
COLLEESSTiiTTaS
CCCaLLIIIAAACC
CCILLIIBaccY
ccEEliiBiiiCYY'SS
ccEElluuBBITTTee
CCELLooBBBaTUU'SS
cccelIbbboootEEss
CCaaLLLiAAAtttEEEMy
cceeLlll
CEElllLLL'SSS
CCEllllooo
cEllLaaaRR
ccceeLLLLarr'ss
ccIIILLLllarrOOOge
ccceelLLAAruggges
cAAAllllaRRuuurrr
CCEEELLLLLuurrEETTT
cccEELLLLaarutttS
CCiillLLLAARRRetttTTTe
ceeelLLLaarS
ccELLllBLLooCCkk
CEEElLLLBBLoCCCKSSS
CEEElllllEDD
CIIllLii
cccAAAlLLIIIssTT
CallllOOSSt'S
ceelllEEEssTs
CCCeeeLLlmAAtttaaa
cciiLLLllMMMAATTTEEE'SSS
cccAllLLMeeTEEESSS
CCCEEELLLuuu
CEEElllEEE'SS
CCCeeLLlllOBBBOOISeee
CCCEllllOiiDDDIIN
CeeeLLleePPHHHANNNOO
CCuuulllLLOOOpphaaannE's
ccEEEllllOSS
CCEELLLLppHOOONNNU
ccceLLppHHoooNa's
CELLlPPPHooNNeeesss
CCCuuuLLLs
CCEElllLalllaaar
cccEEELLLlluLLLIr'sss
ceLLLLOLuuuRRiiittOIIIss
cEllllULUURRRiiTYYY
cccEEllllluuLLAAArrrsss
cccAlllUUUllo
CCCAALlUlllOOtttoo
cccOOOlllllluuulllIttE'sss
ccELLLlulllIIITTEESS
CCCeeLLLLOlliiTTOOseeSSS
CCCuuLLLllAAlloooIIdd
CCeLLLLLuulOOId's
ceLllOOlllooossii
CElluuulOOSSSe'SS
ccILLLLLUUlleeeseccc
cELLllluLOOsOOcss
CCuuulllOOLLEIss
ccceLLLIImmm
CAllloooMiiitttUU
cccEEEluuMMMSSS
ccEElT
ccceeeLLttUCCCaa
CCuuMbbAALI
cccommBBeLLLiiiSSST
cccAmmmbbbuLLaaa
CCiMMEnntt
CEEEMuuunnTTT'sss
cOOMMuuunnntAtuuuOOnn
CIIMAAAnnnTTTuud
cccoooMMMeeeNNttEEEr
CeMMMANNTTerr'S
cEEEmoNNttEEERSS
ccceeeMMiiintttIINNGG
cccooMMeennntttootto
CCeeeMMEEENNTTTEETIIIsss
ccEEEMMaaannnttSS
CemmEEEnntttEEEMM
CEEMooNNtttuuMM'S
caaammEEtterrIIIEEESSS
ciiimmmAtERRRYY
ccEEEMMMeeeTEErrYYY'S
CCEEENNAAcLLee
cccinEESStttHHIIIsssOOOA
CCEnOOOBITTTE
ccEEEnOBitttE'SSS
ccceNNNaBBButttuSS
CCCeeennUbbbIIItttic
CCEEENNOBBBIIIttICEElll
ceennooogeNNNaaSSES
cccAANNNooGoonneeeSSESSS
ccOOnnnoottaaaPPPHH
ccceeNNNuTTTApppH'SSS
CCIINNoootAAApphss
CCCeNsee
CaaansIDD
cccooonSSeeeR
cAnnnSSaRR'sss
CCCeeeNSeeerrs
cccAAAnnnssEEsss
CCCEENNsEENNgg
CinsssoR
CCCEENssUUUR'ss
ccEEEnSSSorrroddd
CCUUUNNNSSSOOORiaaL
CaaNNssEEErAANGGG
cccEEEnnnssOOraaAAiiS
ccaaNNNssUUUruOOOUUSlllyy
CEEENNNsssIrrIIIeeeaaSSSnnniiisssS
CCCEnnnsssoriiiIIuSSNNEEEssss'S
cONNNSSSUUUrrrs
CCiiiNNssIIIrrssshhhIIP
CCEEEnnnSSSOOORRRSSHHAP's
CCEENNSSUUUrraabLe
CCONNNSuree
cccoooNNSSuurre's
CCunnnSSSuRRoddd
CCENNSSSuuuRRROOOr
CEENNNSuuroooR'SS
CCCiiinnSSuuRRRErS
cccEEENsssUUrrUUUSS
cEEEnnnSURIIInnnGGG
CCEnSSSuS
ccAANNSIIs'SS
CCuunnnSSusseeDDD
connsUUssOOOSS
CEnnnSSUSIIng
coNNNttt
ceeeNNNttt'SSS
CCCEENNttteeeL
CCEEENNttiilSSS
ccceentAAARUU
CCCOONNTTiiREES
CCeeNNNTTToouurrr
ccONNNttAAAOOORR'ss
ccentiiiuuuRiaSS
ceeeNNTAAAuuuRRss
CCuuuNTTTAAAuuuRyyy
CCCuuuNNTTAVVVooo
cuuunnntttaaVVooo'S
ccIIINNNTAAvvoooS
CENNTeennaaaRiEnnn
cccENNNTTENNNOOORRAAAiin's
CCeNNttEEEnnOOOReeeInnnSS
CunTTTeenaaRRiiiiSSS
ccInnTTeeeNNAARRRY
cccENTTEnoRRRYYY'SS
CuuNNNTEnnnnnoUUULLL
CCeeennntttIInnnnnIIIiL'sss
ccENNtttInnnnnnoIILLLLLyy
cinnTTTeeennIIOOlS
CCCiiiNNNTTTuurr
cccAAANNNTTTEErr'S
CCCunnnTTuRRRBAAuRDD
CCCEENterrbEEEAARdd's
CENNTeeerBBOOiirrdddsss
ccEEENNttteeerrrAADDD
CENNttiirrrfffullld
ccciiinnnTTTeeerrrFEEEllD'sss
ccuuuNtttiirrrffOOllDSS
CCCIIINNNTTURRIIINNNg
CCCEENNNTTArrrinnGss
COOONTEEERRRPIIeecceee
CCENNNtErrrPPPIIEEcccuuu'SS
CennntttErrppiiieCAAAsss
CCeeenTTeeeRRRS
cconntttaaSSIMMMeeell
CCEnnTTEEESiMMAAAllllyyy
ccUUUnTTuuusssEEEMMOO
cceeenttEEEsIMMooss
ccAAANNTTiAARiii
CEEEnTToooGGGrraaddO
cENNNTTiigrraamm
COOONNttOOOgggRRAmmm'ss
cAAAnntttEEggRaMMMmu
cccEEENNNtIIggRammmme'sss
ccceeeNttAAgrrrUUMMMMEEES
cceeeNtOOOGGGRRIImmmss
CenntttaaallleeTTTERR
ccIIIntAlllIttaarrr'SSS
cENNtttEElllItttAAArSSS
CoonnntiLllliiiooNN
ccAAAnntttUUUMME
ccENTIImmmuu'SS
ccceeennnttiiiMMisss
ccceeeNNtiiimmeetttEEErr
ccEEnTAAmEEETerr'SS
CCEEnnnTTIMuTTTirSSS
cAAAnnntIIIMMMii
cEEnTTaaammoss
CCIINtttEEEppEEEdOOO
CeeNTTiPPEEEdE'S
CCeeNNNtttIIpppeeeDDDAAs
cEnttooPPPAiSSUU
cINNNttaaasssteeerrrEE
caaaNtNNeeRRR
CCCaannTTTNNeeRSS
cAAANNNTTTOO
cccEEnTrra
cEnnnTTTRRiilll
CCCEEEnnnttRRRAll'ss
CCCooNtrAAALLiSSSMMM
cccEnnntttRRRolESttt
CEnnntrrraaalllIITy
CCOOONNTTRRuulllIItty'sss
CCEENttRIllAAzzzUTUuuunn
ccEEENNTTTrrroollUUUZZaaTTTIIIOOnn'sss
CuuNNTrrraaLLLuuZZZEEE
ccceNNTRRRAAllliiziiiDD
cUUnnntrrelleeZZZeeRRR
CCooonntrrrAALLAAAZeRR'sss
cOOnnnTTTRAlllizzOrrrSSS
ccceNtttRRuuuLIZEs
CEENtttRuuuLiiiZEEEnnng
cccAANTRuuulLLLYYY
ccconnTRRRellSS
ccEENNTTTRRuuuaanGG
CCCOONTTTRIIIc
CEnntRIIIFFuuggall
CENTTTrriiFFFIIIggEElLYY
ccEEnTTrrriiifffugaaate
cENttrIFFFuGGGEE
CenTTTrriiiffUUUGEE'SS
cuuuNNNtttRRRiiffuuuggEEd
CCeeeNNtRRaFFFIIIgEsss
cAANNNTTTrrrAFFFuugInnngg
cccoNNtrIiiLLLeee
ceennttrrIIIoLuuus
cENNNTTTRRUUUppITTAAlll
cceNTTTrripppeeTTTAALLLLLyy
CANNNTrrEESSMMM
CCCInnnTTTRReeSSm'sss
CEnTTRReeeSSTTT
cccEEnnTTrrruussTTT'SSS
CCCENTTTRIIISttS
cccaanTTrrObArriiCC
CCEEnntrrrOCCLLLInAl
CoonTTrrrAAEEdd
CCuuuNNNTTRREEEiddS
cooNNNTTTROMMEErrEEE
cEnnntrrrommmeeerreeSS
CeennTTRAASSIIIMMe
cccanTRResEEmEEESSS
CCeeNttrrroosssPPhhhEERREE
CCAAnntttRooSYMMMMoTTTrrrIIcc
CCCenTTRRRUUMMM
connnttrUmmmSS
CCUUNNttS
CCCeeeNNtUUMMM
cceNNtUUPPLLiii
ccenTTUUUPPlloCaatttEEE
ccEENNtttuuRiiaall
cccuuNNTTTurrAAAESS
ccennToRRIIIEnn
cceennnTTTEriiinn'ss
CCCeeNNNttURRRiiiiiinnSS
cccennTarryy
ceNNNTARRRYYY'sss
CCiiiOORRLL
CAPPPhhhAlAAd
cceePhhAAlllaLGIA
cccEppHHAAlllOOCCC
cccEEEpHaaaLLUUUZZATTTIIIOONN
CEppHiiilOOOcHHHAArrrDuuttu
ccUUpHaaaLLLoooCHHHoorrDDItttuuS
ceePhhAlemeTTTeeR
CCCeeePPPhhAAALLOOOpeeeDD
CCeePPHHHAAALOOOpOOODS
CCeeepHHAlllOOOthhhOrraaxxx
ciiRRuuuCEOOOUUUSS
CCEErUUUmEEL
CeerAAAmIc
CuurEMMMiiiC'S
cceerrreMMMicccOSTT
CCCErIImmiiiCCESTT'S
CEEERAMICCuusssTTTss
CCCIIRRaaMiicccS
CCCUUUREEMMEcS'SSS
CCCERRAMMMoooSSSt
cccORRammiiSSSt'sss
CCCeeerAAAmAAASSSttSSS
ccurrrAAArgggyyyRItUUU
CCErrrIITTTAA
cccaaRRRAAtedd
ccerrrAATTTEsss
ccceRaTTTeeDDDos
ccEEERAtOOOdduuSEESS
CaaarrraaaTTTuuiDD
cERCCCIIrriiiU
ccceeerrrCCArrroaasss
cccerrcccUSS
CCuRREE
cceRRREEaaalll
CCUURRReAAl'sss
ccerUUaallsss
cccEErrObAAAlllLaaa
CirrreebOOlliiRR
ceeerrEBBaLLLluMMM
CeRAAAbbbelLLuuM'S
cErrreBeeelllluummSSS
CERAAAbbRRAAA
cccooorrrebbrrAll
CCCurreeeBBRRRaaallllyyy
CCCeeREEbRRRAATeee
CCCeRReBrrrAAAttEEEddd
CEErrreebrrOtttiiiSS
ceerrroobbRRAATInnngg
CCUURRREEBBrrrEETTTIonn
CCeeeRREEBBRuttteeooonnn'S
cccEEErreeebbRRRittIss
cEEErrEEBBrrraSSOODDEEE
CCUUUREBBBrroSSPPUUNNaaaLLL
CCUUUReeeBRIIVuuSSSCOlER
ccuuurreeebruuuM
CCeerEEEBBBrooMMM'SS
CCEEErrrIBRRAMMSS
cOOOREECCLuuutttH
CeeeRuuucccllOOOTTHHSS
ceeeRRAAddd
CCCeereeeMMeeenTT
CCeeeREEmmuunnttt'sss
ccErrrUUUMaaannnTTSS
ceerEEmmONuuuIILLL
ccerriiimmmOOnEaaaL'S
ccErrrEEMMMuuunniUUlllasMM
CCCeeRREEEmOONNIIIoLiiiStt
CCCerruuMAANiUUlllLLLyy
cuuReeeMMaaaNooAAllSS
CEEErreeeMMuuuNNIaaS
CCCaRRRuMMOnUUUEoss
CCCirrreemmonnnoouaaSSSLLLYY
ccEEErIMMMonnnIIIEiiiSnEEESSSS
CerEEMaaNNiiAaaSNEEESSS'S
cEERRRemmmIny
cccerEEEMMONNNYY'SS
ccErrreeeS
cccuuurrOOSSSINNN
CeeRRREUUUs
CeRRIIIU
Cerrriiccc
CCeRRRinggg
CCCERRRIIsseee
CCUUURRUUsOOO'sss
cceRRRaimm
CERIIIEEM's
CCEErrmmeT
CeeRRRmeeT'S
cEErrrNieis
CCCORRRiii
cccerOGGGraaPPPhhYYY
cccAAARoPPlllaSttICCC
CCCeerrrIIPPllleSSTTiccSSS
cerrrOsss
CEEErooTTTyyyPEE
CAARRRoAAASSS
cccIIIRtttUUUIIn
ccceeerrttaaaIInnlY
CCCAArrrtEONNNtIIEEESSS
cciiiRRRTTUUiiiNtttY
CCCEErrrTTaaaIIINNTTTyy'SS
CAARTTTeSSS
ccEErrTEfAAaaBLee
ccceerrttiifffuuIIbbblyy
CCeeerrrTIIIFFFiiicccAtttE
CeeerrrtttiFFuuuCuTTTEE'S
CeeertifecccEttEdd
ciiiRRteeeFFFIIIcAtttOOOs
CCerTTTOFFiiiCATUUUnngg
cccEErTTiiFIIccaateeoNNN
CoooRRRTTeeefffoooccAAAttiUUUNNN's
ccceeeRRRTooofffiiicAATaoNSS
ccceerrrtttIIIFFIeeDD
ccEERRttiFFFIER
CCCEERRTTTeeffIasss
cccIRRTTooFy
CCARRTTiiiFFYYIIInnnG
CCUUrtttIIAARRRerrooo
CCeeerrtttIIIRAAArIIS
ccARRRtttitttiDO
ccAAARTItttuDDOO'S
ccerrtuutttudISSS
cORtts
CCERRRuLEEUN
cEEErrUUULeAAAnn'ss
CCCoRRUUUMMOOnn
CCCEEERUUUMeeens
ceeRRRaaaMMooNOOuuuss
ccEEEruussooo
ceeRAAAsssittA
CCCEErrrIsssIIITTEEEsss
cccEEErrvvvEEElllaaaTT
cccEEERRRviCCCAll
CCCiiiRRRVVViiicccuusss
cccEEErrvviiccciTTAAAs
ccceRVVEccIIIttiSSSiS
CCCEERvvvuuuNA
cccErrVVVuxx
CoorrrvIIIxxx'ss
ccciiirvuuXXXuuuSSS
CCeeeSSSaaarr
CEEESSSARRRUIN
cEsssARRReeAnnn'sss
cEEEsuuurraaaAANNNs
cccESSiiRRRiiAANNN
cEEsAAARIIIennn's
ccceesaaaRRoannsss
CCCIISSUUUmm
CCUUsooum's
CCOOOSSSiiiIIImmmSSS
CCIISSppuutOOSSEEE
CCOSSSS
CCCeeeSSssaaTTTiooon
CeSSsssUUtAAAonnn'S
CCCEEsSettiiiIIInns
CoossSOUnn
cciissssIUnnn'sss
CeesssSSiiiOONNNaarrrY
CCEEESssiiiaaNsss
CCuusssPPitt
CCeeSSSsPPPIIITsss
CCCAASSsPAuull
CCESSSsssPOALL'ss
casssssPooLSSS
cesTAAA
ccEssstEDDEE
CCCAAAsTToddduSS
CCCAAsstttoiDD
CCEEEssTTuS
CCCeeesIIrrUUU
cceessUUReeee
cccUssuuurrEElll
CEEtttIIccuuaann
CCeeettAACCOOOaaan'sss
CCCEEETaceeeIInnsss
CCEETUUUceeUUUuSS
cetttuNNNE
ccceTTTOLLLIIIggYYY
ccchaaa
cccHaabbbAAAzzzAAAtuu
chhaaCCmUU
CHHiiiCmmmIIIss
CHHaCONNne
cccHHID
cHHIIIdaaaRR
ChhhAAdddaaaRR
chhhAAAetiii
CChhIAToII
CHHaaaUUtOOOGnnutH
chEEEEEEttOOOggNNNAttHHs
chaafffeee
cccHHHAAFFoDD
cccHHaaffEERR
chhhAAAfffEES
cchoffffff
CCCHHAfffff'S
cccHHAFFFFFeeeddd
CHAFFFfIIIr
CCChhhAAAFfffeerreed
ChiffFEErrrEEErrr
chhAAFFFAAREEENNNGGG
CCHHUFFFfffERRs
CCChaaFFfieeerr
ccchhhaaafFIESSSTT
ChhhAAFFFFFFiinnnCCH
cHHOOOFFFfffIInCh'sss
chaFFFFUUUNNCCCHeeesss
cHuuFFFFFIIINg
ccchhhufFFFsss
ccHHHIIfFYY
ChhhEEEFFoNggg
CChhAGriinn
CHHIIGGGRRiiiN'SSS
chAAAGrrrIInEEED
ccHAAAggRIIInooNNNgg
cccHHaaagRRREEEnnnOd
CHHHAAGGrrriiinnnNing
cHHHAgRIIINNNS
CChhaaIINNN
ccHHHAAiiiNN'S
cccHHaiiinnEEED
cHeeoNNuuuNNg
CChhaaaoNNNMMMIIInnn
ChhaauunpLEEEtttooo
CHHAAIIInnss
chhaaIIINssaaaww
cchhhaaaanssAAww'S
cchhAiiiNNNsiiWedd
cccHHHOiiinsssAAAwwwiiNNgg
cccHHiiAAnnnSSAAwwwSSS
chaaIRRR
CChuOOR'sss
cchhaaaIIrrrbbbOOrNeee
cchaaaiiiRRREEd
ccHAAiiiRRRiinG
cchhhaaaRlIIFt
CCChaeerLLLIFFFt'sss
CCCHHHaaaiRRlliiFTTTSS
ChhhaaaeeerrMMMaNNN
ChaaaIIIrMMMaNN'S
CCHHeeEErMMMaaannSShhhIp
CCCheeeURRMMMINNNSSSHHiiP'SS
ccHHAAAiiirmmoooNNNSSHHHiiipSSS
ChhhaiiirMMUN
ChhhOOOIrPPEEERRRSonn
CCCHHHUOOOrrpppeeerrSiinnn'SS
cccHHeeeiRRpEEERRRsssONNNSSS
chhhIIIurrss
chUUUiiRRWOOMan
cccHaaaOOORRWoooMMMOn'SSS
CCHHHEAArrWiiiMMMeennn
ccHaaIIISSSUUU
ccHHAAAussse'ss
ccHHIIIIIsssAAAsss
chAAALLAAAZZAA
CChhhAAAlIIZZASS
cccHHHAALLLcccaaannThhhAtttEEE
CHILLLCCCEEEdddOONNOOOCC
CCChALCCeeDDDOnnyy
ccchhhALLCeeDDInnY'ss
ccHHHELLcOOCCCiTTTee
CCChhhOOOlllCCCaaaccciiittus
chhhAAllCOgrrAAAPPhhYYY
CCCHIIIlllCCCIIIpppyyyrrIITeee
ChallcccopppyyyRREtttaSS
CHHHAAALLDDRRoonn
ChhAAlDRRIIInnSSS
CChalEETTT
chaaaLLLett'S
ccchaallleeTTsss
CCChhaallAACe
CCHHaaLiiicce'SS
ChhAAlllICCiS
CHooollKKK
CChhUUUlkkk'sss
CCChhhUUUllkkbuaaRRRdd
ccHHIIILLLKKbUArrDD's
cccHHiiilKKKbbbooooordSS
CCHEElkkoddd
CCChooLLLKKKiiieeRR
ccchhALLLKKIIosssT
cccHooLkkkInEEssssss
CHHHILLKKKIIINNNeeessssss'SSS
ccchIlkaaaNNNG
cccHHoLkkSS
CChAllKSSTTTeeNNeee
ChhhAAALKKyy
cccHHHAllllaHHH
CCHHoooLLLLaaaHS
ccHAlllLiNNgo
chaaLLLonnge'S
ChhulLLLeeNguuDDD
CCChhIIILlllennggEEErr
cchhAlllOOOnnnGGGOOr'sss
cchAAAlllleeNNNGGEEErsss
chhhulllaaangggEEEss
cheellleennnggiiing
CCCHHHaaallllEENNNggUUUNgllYYY
CCCHaaaLLLiiieee
ccheeLLLlliss
CHHaallIsss'ss
CCChaaalllLOOtt
ccHHHaaaLLLLLoooTTTH
ccchhAAALLoooNNNaa
CHHHaaLLEEETTzzz
CCHaaalllYYYBBBEiiiTE
cHiiLLYYYBaaTTTeee
cccHHAM
CHHiimmaaaddEE
CHHHemmAAAEEElllIIoonnn
CCCHHHAAMMAAeLeOOOnnsss
chaaMMbbEEErrr
chhhImmBorrr'sss
ccHHAAmmmBBBeerrraddd
ccHHAMMBAAARRRLLLaaIN
cccHHaaMMbeRllAIIINN'SS
CChhhambEEErllAAAIINS
cccHHEEMMMbbEEERMEEuDDD
cHaaammbIIrrrMMMaaaooDDD'SS
ccchiiiMMMBBuuRRRmmAIDs
cccHAMMBeRRppooot
ccHHAAMMBeeerrrpppoooTTS
ChAAmmbbbiiiRRs
ChhhAAAMMBBraaay
ccHaaaMMMbbbrrraaY'S
ccchaaMILLLEEEOOOnnn
chhOOOmmuuLLLeeoon'sss
cccHHiiiMMELLLoooeeNiiiC
cccHHHemmmUULLLEuuNNSS
ccHAAmmFFErr
CCChommmffuuuREEddd
ccchhoMMMffeeeRRRiiiNGG
CCChUUmmmFFEEERRRS
CCHHaamFrONN
CHHiiimFraNNNSSS
cHHHaamMiAsss
CCCHHUUUmmmMMMyyy
CCHummMYYY'S
CCCHHAAAmUiiis
ccchaaMMMOiiis's
CCCHHHAAAmOOIIIX
cccHaammoommaaLLLEEE
ccchhIIIMMummiiille'S
chhhEEmOOOmmiiLLEs
CCCHAAAMMP
cHHooommmPPP'SS
ccHUUMMppeeeC
CCHHHAAmPaggnneee
CCCHHaamPoooGGnnnuu'SSS
cchAmPPPAgNNeS
CChUmPPPaignn
CChhhiiiMMPPPooIgggNNNsss
CCChhhaaamPPPEEdd
CCChhhaammPPiRS
ccchhEEmmPPuRRTYYY
cchhhAAmmmppIGGnOONNN
CCChhoooMMMpppaNGG
cccHAmmppaaOONNN
CCCHHEmpppIIIan'SSS
CCChaaaMppeeeaaannoood
CCCHHiMMMPPEEuNNNIIINGG
CHHAMMMPPIIIiiiNNNSSS
cHHOOmmPAAOONNsshhippp
chhhaampppuOOnnnSHHiippp'S
CCChhhAMMMpIIIooNShhhiiPPPss
CHaaammPPPsss
CCCHHencEE
CCHHHAAAnnCuu'sss
CCCHHHuuncEEdd
CHaaanncccAAAll
ccHEEnnCCAAAll'ss
cccHinnCeeLLLLaaaRUOss
CChEnnnCCeeeLLiiiRRRY
CChhhONNNCooolllLuuRRyyy'ss
cHHHAAncEELLlOOR
ccchAAANCCuuLLLlllorr'SS
ccHHUUNCeeeLLLlllIrrrSSS
CCCHHaaaNcciLLLOOORsssHHHEEEPP
CCHAANNNCeLLLLUUURShhIIPP'sss
chhhaaNCCeeelllllOrYYY
ChhaaaNNCCCEELLSSS
CCChIINCCEReeeiiiS
chhhanCCeeeryyy
CCChhhaaNNCCCEEry'S
ccHAnnccceS
CCChhaaannCCuueeer
cchhhuunncccUUUOOOssst
cccHHeennnCaaannnEsssss
cccHANNCCCOOONeeSSSsss'sss
ccchhhaancccIIINg
cHAAnnncccRRRII
cccHaNCrrIII'sss
chhIIInnCCCrrrEEss
cccHHHAnnnccrrooiddd
CChANNNCrooIIdddSSS
CCHHHUUNcccROeeSSS
ccchANNCCCYYY
CCHHaaaNNNDOOluuIIrr
cHUUnndddEEElIeer'SS
cHHAnDeLLIIIEERRS
CCChhaannnDDDeeeLLLllla
CChhAAANddellleeD
CCHHEEENNdddiiillLeeeSSS
CChhOOOnnDDOLLlliNNGG
CHHHaannndllEEER
ChhhaNNDDLErrr'SSS
CheNdllErrIIIeeeSSS
cchhAAAnnnddlERRRS
ccHHHENNddlEERRyyy
ChaaNNNGUUU
ChhuuunnngggEEE'SS
CCHEEnnnguuuuuubbiiiliittty
chhhaaNNGGUUaabbbAAALOOttyyy'S
ccchhUNggUUUIBBLoo
cchhEENNggEEEBllIIIniiSSSSSS
CChhheeNNGGeeeUUUbbbllEENEEsssss'SS
CCChheeNNgggEEaaaBllyy
CCCHaaNGGGeeDDD
cccHHHiiNGGOOOfffuul
ccHHAAANNNgggELLLIIIsssss
ChhhaNNNggIILLUUUssssslyy
cccHHHAAANNgiLLLIIINgg
cchhiiiNNgiiiLLLiiNGG'ss
cchhaaNNNggEELiinggsss
ccHHHANNGEEovvvAAR
CCHEnngggEaavvveerrr'ss
ChaaangEEEUUUvvoorrrSSS
chaaaNNgEERRR
CCHaaangggiiiR'S
CHHAAnngggAAARSS
ChhAnGGAss
CCCHaaNGiiiNNG
CCCHHAAANNNNNEL
chanNNNaaalll's
cHHEEnnNNNiilllEEEdd
CChAnnnnUllENGGG
CHHHaaaNNNNNeLLuzzAAAtttuuuooonnn
ccchhaaNNNnnnAAALIIIZATiiOONN'SS
cchhAAANNNnnUlliiizzzE
ccHaannNNNEEEllIIIzeeedd
cccHHaaaNNnnnElIIIZZZAAS
ccHHHAAANNNNeLIzzzinnG
CCCHHHEEnnEELlleDD
CCHHaannNNNEEllllIIInngg
chhaaaNNNNEEls
CCHHENNNSSSOONNN
CCHHHaaNNSSOOOnn'sss
CCHHaaNSeens
CCChhiinnnTT
ccHHHaanttt'sss
CCChhhUUnnntAADD
CHHHAANNNTEEEr
CHEEEnnnTTooRRR'sss
cchEENNNtttErooLLLLUU
CCCHaannnteerrrelllLoss
CCHHAAntEEErrrSSS
ccHIInttuuooSa
CCCHAnTTeeUssE'ss
cchaaNNTTTiiIsEss
ChhhaNNNTeYYY
CCCHHaannntttEEYYY'SS
ccHHaaNNNttEEEYYSS
CCHHaNNtttICCCLLeeeEErr
ccchhAAnnttEEEcccLLLoUUUR'SSS
ChhhaNNNtttiicclleeeEErrrSSS
ccHHOnTTTiOOss
CHHeentIINggg
ChhanntrrIsssss
chhiiiNNtttRuuuAAS
ChhuuunnntttrrrYYY
CChhhaaanTTSSS
cccHHHaaaNNNttyy
CCChhhANtttyy's
CHHAAuus
ChhhIIOOOSS's
ChhAOttICCC
ccHHuuuOOOTTTuuCCCollly
CCChUUPPP
Chhaappp'ss
CCCHHuuPPArAjOOsss
cccHHHaapppAArrrIILL
CCChAAAPPAArRRRAAALL'ss
cchhhOOOPUURRRrrraaLLss
CChAPPPaaattII
ccchAApppIItttiis
CChhaaaPPAAttttEE
CCChhhaappAAAttttaSS
CCCHaapbooUUKK
cccHHAAAPPPBBBooOOKKK'ss
CCCHHHapBBBooookkks
chUUpI
ChhOOPPAAOOo
CChhhapppoooaaauu'ss
ccchhhaaPeaaaiSSS
cHHHaappeeeEEEuuux
cHHHaPPEEl
ccchhhuuupppEll'ss
ccchhAAApEElSS
cHHHaaappaaRAAn
cHHUUUppaaarrANNN'ss
chhhaPPerrooniiigEEE
cchhhAApERRRuuunnIggEE'SSS
ccHoopEEErrrONEEE
cHApppeerrooNNNEEE'SS
cHuuppEEErINeeeDD
CCHHHoopppeeReeenneeeSSS
chepppUrOOnnIIInGGG
ccHaaPeeROOONNss
CCHUpppffaallLLLennn
ccchAAAPOOteRR
CHHAAApitterrss
CCHHHaaplAAAOOONN
CCHHAAPlllaIIINNN'SSS
ccHHHEEEpplllAIIINNCiiiEEEss
CChhhaPPPlAAAnnnCCCy
ccHHHooPPPllaaaInnCyy'SS
CCHapLLLOOOuunnss
cHHHaaPPllAAAinnssshiPPP
CCChaaPPPllluINNSShIIPPSS
cchhAppplEEETTT
ChuPPLLLATTT'SS
CChhhOpLLLEEEttteeD
ChhhaaPlETsss
CCChhhaapMUn
CChhhUUPPPMMEEEn
cchUUUpppPPPeDD
ccchhhAppppIIIeee
cchaapppPPPooeS
cHAPPpppiiNNNggg
cccHHaaaPPPpppy
ChhhAApppsss
CCCHAAAppttt
CCHHaaaPPtAAR
CChhaaaPTeeeRR's
CHHHAPPPTTTERss
CCHHiQUEEtttAA
CChaarrr
ccHarr'SSS
CCCHHAAriibbbaanc
ccHHArraBBannnC'ss
cHHHaaaRRRaaBBBAAAnnnCCsss
CCChhhAARRRaCCTTTEEERRR
chhhAARaaaCTTErr'ss
cHHAAARRRAACCCTTTeRRffIIlll
ccchhhaaarraaaCCCtteeRRRooSSTTIIccc
CCHHHoorrAAccctiiirrrosssTTToC'SSS
ccchhhERROOOCCCtttEEERRoSSTTIIcaaLlyyy
CChhAAARRRaacTUrrrIIISSStuCCss
CHHHorraaaCCCttEriZZaaaTiiiooonn
cHHHIIIRRiiicccTiiiRIZZAAATTTeAAnnn's
chhUUUrAActttIIRRReZZZuuTTeeiiiNNNSSS
chAAARRacTaaarIIIZe
CCChhaaRRRiCCCTTeerrIIIZZZuuuddd
cHHaaaRRRoooccTTeeRRiizuurr
ccchaaRRRAAACCCtUUUrIIzaaaS
CHHArroccctiiRIIZZIIINgg
cchhaaRAAccTTTOORRRLLeesssss
CChhaRRRaaaCCCTTeerrrs
CHHHAAArrrAACTTTORRRYYY
cchhAAAraaDDEEE
chEEERAAADDEE'SSS
ChhIIRRRAAdeeeSS
ccHHAArrBBBRaaaiLLL
cccHooRbRuuuOOOlOOd
CCChErrbbrOUULLiiiNg
cccHHaaRRRbbRROOOELLSSS
CCHAArrCCIAAAlll
cchhhOORRccUUAAL'SS
chhhAAArrrCCCooAAAllsss
cHHHAAARRRcccEEETTTOOORuuuI
CChharrCuuTTTEEErrrEEEEss
ccchARddd
CChiiiRRRDDD'SSS
chaaaRRRDuNNnnnaaYYY
cHiiirrdduuuNNNNOOOYY'S
ChaRRRDDDuuNNNNNeeeySS
CCHHHeeeRRRA
cHHAAArrGGGEEE
CCHHargee'S
ccchhhERRRGGeAAAbbLLII
CCCHHAARGGGADDD
CCHIIIRRgggEEEr
CHHHERggeerrr's
chAAARRRGGGEErSSS
CCCHHAAARGEESSS
CCChEERRRggENNGGG
cccHArrAeerrr
CCChhhaaarrrUeSSSttt
cchaaarrAALLLyyy
CCHHHEEERiiNNNEEEsss
chAAROOnesssSSS'S
CCHariiAATTT
cHAAARRaooot'SSS
ccchhhAAArIIOtEEur
CHerrrUUOOOteeIIR's
CCHAriiiOtttUUUeeeRRRS
CHHaaaRRiiEEtttS
cHHaaRRRiissmmmi
ccHHHarIIISMMMU'SSS
ChhhaaarrriiissMUUUsss
chhAArIIssmmmiittA
CHHaarrreesssMITTTiicc
ChaarrrUUUsMAAATIIICCC'S
charrISMMAtttIccelLyy
cchhhaarIIssmAAATUCSS
cccHUURRRiittIIbLLO
cchharrrOOTTiiBBlinussss
cHHHaaaRRIIITTaaabLLOOnnnEESSSSSS'ss
ChhAAArriiiTaBlllyyy
ccchhaaarreetttiiiEss
cHHHAArriiittty
CHoorreeeTTTY'ss
CChhhaRRIvveeerrre
cchhhAAAROOOvvuRRRaSSS
CCHiiirrKhA
CCCHAAArllAAdeeuSS
ChhArrrLoDDDyy
ChhhurrrLLaTeeeNNN
ChARRRllIIITONN'sss
cccHaaarllItIIInnAAAsssMM
CHAARLooTTAANiSSm's
cccHiiirrrLAATTTAnrrryy
CCCHHHaaRRLLAteenRyyy'S
CCChaarrlllaTTTanSSS
CCChhhAAArrLLLEEE
CChirrrlieSSS
ChhaaaRRlAAACCkkk
cHeeeRRLLLooCKKKsss
cccHaRRRLLOttTa
ccHHHaaRRRLLOTTTASSS
chhhaaarm
chhhUURRRM'SS
CCChhaarrrMiDD
chhEEERRmUUUrr
CChUrmeeerrr's
CCCHaaarrmuurrrSSS
cccHAAARRRmoooUUsse
cccHHooRRmmmONNNg
ccchaaarrMMInGGlY
ccchhhIIrmmmLLLESS
CHHAARRmmss
CCCHHHAArrrnuul
chaaRNEEllls
ccchhhEErrrppuuYY
CHaarqooii
ccchhArrrR
ccchhArrrrrriiD
CCCHHHarrrIIInnnGG
cchaarss
CCHHHAARRRT
CChhhAAArrtt'S
CCCHaaaRTTTID
CHHaarrrtAARR
ccHHHoooRRRttooRRR'SSS
cchartttUrrIID
ChhhAArrTTUrrerrr
CCCHarrttUrrriiRR'S
CChhharrTTeeeRERRRS
ChUURRTurIInGGG
chhhArrrttaRRs
cccHaartiiiNNNGGG
cccHHHaRRTTTaaasttt
CCChhhUURRtAsstSSS
cccHHHooRTOOGGraapHHYYY
CCCHHURRRTTRRReeuuSee
CCChhoooRRRtttRROUsAA'S
ChhhaaartttSS
cchhArrTTulllaaaRYYY
CCCHHUURRRwIImAAn
churrrwwiiiMMMAn'SS
chhhaarrrWWOOMeeenn
cHARyy
CChhhASSo
chhAAAssseee's
cchhhAAssoooddd
cheeSAARRR
ChhhaaSSERRR'S
cHIIIsEEERS
CCCHeeeSSSEEsss
cHUUsssuuuNNNGGG
chASSM
ccHHHASSm'SS
ChAssmOccc
chiSSmSS
ccHHHOOSsEEDDD
cHHHaSSSSuinngg
chhhAAssssseePPPOtt
ChhhassssseoR
ChhoossSSSIIISSS
cHEESSsoooss'sss
CHHeeeSSSé
CChhiissssséss
ccHHHaaasttEEE
cchhhAsstttEElyyy
CCChiSSteeenn
ChhOSSSTennnEEEddd
CChhhAASSTeeennnEEr
cchhhisTTennEESSSs
ccchaasstOOOnnnIssss's
CCHAAASSSTTenniiinnGGG
CChhAAsssTTTeeeNSSS
chhIsssTEEER
ccchhIIISSTTTEEESSST
ccHHeessstIIssE
ccchhUsTTTIIISSEEDD
CCHaaastAssammmiiNNttt
CHHAASSTTTiiSEEmunTTT'SSS
cchaasssTTuSSSUmUUnnnttss
CChIsttIIseeerr
CCCHHHAAAssTTiSSooorrr'SSS
ccHHostttIIISSEERRRS
ChhASSTTisAAASSS
ccHOOOstttIIsOnnnGG
ccHAASSSTiiiTYY
CChAAASTTiiiTTTyy's
CCChaaaSuuubbblee
CChhaassubbllee'ss
CCHHHaaassuuubbbLLLEES
CChAAAttt
ccchhhAAAtt'sss
CCChoooTTeIEESSS
chaTTTLLiiinnEEE
CCHHHuuttLLINNNEEsss
CCCHHHutttoyaaaNNNce
CCHHHAAATOOOyyiiinnnCYY
CCChhiiiToooyyENNNttt
CCHHHuTTRRRIIIOOOm
ccHAAtttSSS
cchhaaaTTTtteeDDD
ChhAAttttEEEll
cchhhATTTEl'ss
CCHHHEEEttttaalllss
chiTTTteRR
CCHAAATtiiR'SS
cHAAATtooRRBoooXX
ccchaatttterBBoXX'S
chatttttEEErrBBOOXXEss
CHHaaaTTTTTUUrrIIIDD
CChhaaattTerrrEERRR
ChhiitTTTeerAAAR's
CHEEEtTTTeeeReeerrrss
cccHaaaTTTTIIIrreeeNg
chhAAttTERss
ChhhAATTTTTiiiOOrr
cchhaTTTtiieSSST
cHUUTttiiillly
CChhOtttttOOnneeeSSSS
ccHHATTTTiiineesssSSS'SS
CCChetTIIINgg
cchhhAttTy
CCHHiUUdFFROOOId
ChhheeuFFFFUUUrr
ccHOiiffffEUUrrr
chhhaaauFffaauuRR'SS
CCCHHuuuufffEEEuuRRIIIdd
cchaauufffffIuuurrinGG
CCCHHaaaiiifffffeerSSS
CCHHHAAooLLmmOOOggrI
cchhhaaaalmOOOoGGruuuss
CCCHHHaaaUUUnnnt
chhoooEsssseesss
ccchhhauuusssssiiirrreee
cHAAiiiTTTAAAooQUUa
CCCHEEuuuvvOOOniisssM
CHHHAAAaaVVVIInnnISSmmm'SS
CCHHOOooVViinnIIISSttt
CCHaaeeVVuuunosTTT'SS
CHHHaooovvIINIISTTEC
ccchaaUvINiiisssttOOccAAALLlllyyy
CCChhhUUUUUVViNIssTSSS
cchaww
cccHHHUwAd
cchhhaaWiiinnngg
ccchIIwSS
ccchhayyEttEE
cchAAZZan
CCHHHeeeIIP
CCHeAAApEEENNN
ChEEEppEEEnnEDD
ccHHUAAApppEENNNUnnGG
CChhheeeAAApppens
CChhEEepEEERRR
ccchheeOOOppoooSSttt
CheeeooopppUsHH
ccchhheeeepppllYY
CHaaaIIpppNNEEEssss
chhOOAAAPNNEEESSs'SSS
ChheeeepppUU
cchhAAAAPPssskaaatte
CCCHHeeaappsskAAttte'sss
ccHHHEEEAAAppSkkkuuutESS
CCChEAAAT
CChhhOOAAttt'SS
CChEEEEEEtaDDD
ccHEAAATeR
cchEEAATTErrr'sss
ChhOAAtttooRSSS
cccHHHEEEiiitiiinGGG
CCChOOaaTTTiiNNgllY
CCHHeeaaats
chhhECCKKK
CCHHHeeccKKK'SSS
cccHHeeeCkkUbblllee
chhheeeccKbbAOOOk
cccHHHEcccKBBOOOiiiK's
CChhhEccKbbbouukss
CHHeCkED
CCHiCCKKeeeRRR
cccHEEccKKOOORR's
chhEEccckkEEERRRBBuRRRRUUaaaS
cccHHHEECCCkeeRRRbbEERrrY
cHECkkkeeeRbLLAiMM
cchOOOCCkkeeRbbLLuuuuMMs
CheCCkeeerrbbIIaardd
CCChEEccckkeRRBBBUUUAAARd'ss
cchhooccKKKeeRRRBBBoIrrrDDDS
CCHHEcKurrrUUDD
CHHEcKKEERRIIINggg
cccHEECKKIIRRss
CCCHHHeeCCCkkkiiiRRRsss'S
cchhEEEccKKeeeRRRwOOrrrkk
CHeckkUUNNNGG
CCCHECCklllisst
ChhhOCCCKllasTT'SSS
CHHicccKLIIIssTTTS
ccHHHAAACKKmmoooTTuu
CCChEEEcKKMMAttUUU'sss
cHHHeecckMoootttUd
cHHecccKKmmaaTTTeeeSS
CHHeccKmatEEEnnGG
CCChhhECCCKiiifFFF
chhhecccKKUUUFFFf'S
CHHHeeeCKKKOOOfffFS
ChhheeeCCkEUUUt
ccHeckkaaaUTTT's
CHHHiCCkkOOuuuttSS
ChhhEEccckkkPPOOAAAnnnTT
CChECCKKpppaaiiiNttt's
CCCHHHEcckkkPPPoooinnTTTs
ccheeecccKRRRiiAn
cchhEEECCKKreiinnnSS
ccchECKKRRiiOm
CCCHoccKKRRROOUUMM'SSS
CHHeCCCkrrroOOmss
CChheeeCkkRRROw
CCChhheeecccKKKrroooWWWEEd
CCHHuucKRRoWUUnnngg
cccHHIIccckkkRRReewwS
CheeeCCCks
cccHHHIccKIp
CCCHHHaCCCkkUUpp'SSS
ChOOOcckOOPPPs
CHHHEEckkYY
CCHHODDaRR
ccchhAAADDDAr'sss
CCHHeddddIItttAAA
ccchhhedERR
CChIIeKKK
CHHHOeeekk'ss
ccchhEAAKKBOOONEEE
CCHHHAAAIkBBONO'SS
CCHHEEeeekbuNNNaasss
ccHEiikOOOdd
CCChhheeKIEERR
ChhAOKKKIeesst
CCHHUUeeekkkiilllY
CCCHHHiiieeeKKiinEESSSS
CCHHeIIIKKKIIInneeeSSSs'sss
CCChheeEEKKInGGG
CChhEEEEKpppIIIiiiceee
ChhheEEKPPPUUUeecccIIIs
ccheIkkksss
CCCHHHoooekY
CCCHOOOeppp
cccHHooEEPP'sss
ccchEEEpppeed
ccHHHiiEEPur
chhhoIIppinnG
CCCHEEEEEpppss
CCChheeeoorr
CChieeeR'SSS
CChhhEEEIIIrIIDDD
CCHHHOuuureeeR
cchiiiireeeRR'ss
CCCHeeeeerreerrss
CCCHHeeeUURRfffuLL
cchEeeerFFFuulllLLLEEErrr
ChhhoEERRFaallooST
cchhuErFFUUULLLyy
CCHeeeeeRRFulNNNeSSsss
ccchhEEoooRRRFaallnnnossssss'S
CCChhhiooRRiieRRR
chEEeeerrriiiASSSTTT
cchhaaaIIIRIlYY
cccHHHeeAAArUneSSSS
ccchhhEEuRRIInEEESss'SS
cccHHHooERRRiiiNNNGG
CCHEEeraaaoo
ccHHHAAAErIIIOOO'SSS
CChhhuueerIIIass
cccHEEERRRLLLeeeooodaaaRR
ChhheUUURRRllEEEEEEDDOR'S
ChEEEERRRllEEEiiDDDAAArS
CCCHHaaaOrrllEEESSss
cHiiArrliSSssLLLyyy
cheeeRRRLLLOsssssNNNUUUSSss
ccHHHoooeeerrLLLeSsssNNNUssSSS'ss
ccHHHUooorrlly
ccHEEEEErrrss
ChAeerrryy
CChuuEEsssi
ccchhhoeeesE's
CCChEEEEEssebbOAAARRRD
ChUUeesuBoArrdss
cchEIISSSIIBBBuuuRRggEEErrr
CCChhEEEEESAAAbbbEERRRGeeRRR'sss
ccchheeeEEssseBuurgguuuRRRS
CCHHHEEESEEECCaaKKKii
ChEEssseeeccAAKEE's
CCHeeeEEEsaaaCAAkkoS
chheeEEEssseeeCCCLLLoooTTh
chiiieeessIIIccLLLOTHH'S
cHHeOOssuDD
cchhhiuuuSSSeeePPooRAAAnng
cHHiiSSSOppaaaRRRaNNGGG'sss
ChiiieSSSuuusss
CCheeeEEEseWWWoOOODDD
cHHHiiiEEsssAeRRR
ChhhEuSSiiiiiST
cchheeeSEENNNEEsssS
chhheeUUSIIINesssSSS'SSS
CChhaeeSSSaNNNGGG
cccHHHEEEaasssYY
ChEEIttUUHHH
ccchhhEeTTaaHHH'SSS
CCCHHHiiiitttuuuHSS
CHoofff
CHHeeeFFF's
cccHHHuuuFFsss
CCChheLLAA
chhIIILLAAsss
CCCHeeeLETEEE
CHeeelOOOTTEEEddd
CCHooolllAATEs
ccchhhEEELoooTiiNGGG
chhheelllECCOORRRII
CCHHOlllACOrra
cchhIIILLLiiifarmm
cccHHHIIILLLIIIId
CCCHOOLoooNuuueeen
cccHHEEELLLiNNNiiaannsss
cHHeeeMMMiCCuLLL
ccchEMMMIIIccuuL'S
CCChheemmmiCCAAAlllly
chhhOOMOcccaLLLSSS
ccchhhOOmmEEELLLuuummEEENNNeeeSCCennccE
CChhEMeeeLuuummmIIINNeeSCCEENNCCeesss
CHeeMMaLLaamAnISSSCAAAnttt
cHHHoMMMiiSSSUU
CCCHHHemmmiisssA'S
CCHHOMMMIIIssUS
CCCHeemISEEtti
ccHHUUUmmmiiSSSM
CCChhIMMUUUsssuRBB
cccHeeeMuusssoooRRRbeeDDD
CCChheeMIIIsuuuRBBBinnnggg
CCCHHeMMMIIsssoorrbbss
CHHeeMMOOSSSoooRpppTTOOOunnn
ccchheMMUUUSSSUrrrPPTTeoooNsss
CCHiiimmmoSSSt
ccHEmIIISStt'SS
CHHOOOMoooSStttRRRY
CChoooMMMiiiSSSttrry'SSS
CChhheemmiSSSts
ccHHEmmmy
CCHeeeMMMooo
ChhhOOOmmmu's
CCCHHEEEMMMopprOPPhhYLOOOXIIIs
CCChhhOOMuurrroooCCEPPPtiiiOONN
CChhhEEMMOOOrrriicceePPPTaavee
CCheeemmmorrEEEccciiippTTTiiVVITY
CHHeeemmiiiRRREEECeePttUrr
ccchEEMMARRReeeccOOOppptttooRss
ChhhoMMMOOSSSMusssiSS
cchiiiMaaSSPPPHEERRRAA
chhOMMMooSyyNtttHHHEsssEs
cheeemmmiissYYnntthhhUUssiS
ccchhEmmmOOOssYYnntttHHHeeTTaaccc
CChhEEEMOOTTaaxxxiiss
ccHHeemmmAATTTAAxxxaaass
CHHeeMaaTTTHHARRRAApEEUTiCCC
CCCHHHamoottHHHUUrAAPPPOsTT
CCHHHeeMMETTTHHAAARRRIIIPYY
CHoommmooTTHHerreepppyyy'SS
ccHeemmOOtttRROOOpppiisssm
ChhEmurrgggooocc
cHHHeeeMMMUUUrrrGiiiCCCOLLL
CCHHaammmuuuRGGGYYY
cccHEMMuRRRGY'sss
CCCheeNNNiiLLLI
CChheeeNNiillLOO's
ChhhUNNuuuPooDDD
CHHHoooAnnnGGGssamm
ChhhuRRRiimmiYYa
CCChhaaareMIIIyyaaas
cccHHHaaarriiiSSSHHH
CCHHHooRRiiSSHHHABllEE
ccchhEEErrresssHHEEEddd
CCChhhAAArrIIIShOR
CHHHerrriiiSShhhUUUSS
CChhhiirrrIIIsHHiiiNNNgg
CCCHeerrNOOZZeemm
CCCHEriiiooott
cccHHooorrrOOooott'SS
CChhEEEroOtttSS
CCChhhAAArrrreIss
CCCHHHEErrrRRRyyy
CHHEERRRRYY'sss
ccheeRrrryysstONNNe
ccchhheeeRRRYYYSSSttteeenOOS
ChhuurrrSSOONEEsii
chhAARRttt
CCheerrrTTT'sss
CCCHErrrtIEERR
CCHHeeerrrTIEsstt
cchaarTTTyyy
CCHHHARuub
ccchhhUUURRRIIbb'S
cHUUrrOBiiCC
chuuRRRoooBBaaccAALLLyyy
cchheeerrUUBiiiMM
CCHARUUUBBIIImmmsss
CCHERRRubbs
ccHHHeerrrVViiiLL
cccHHHeeerrvAAL'SSS
CHEErvvOOOnnnooottSSS
cchheeeSss
ChEEESs'SS
CCCHHHEEsssssBBoAArd
CHHHossssbbOOOuuurrrDDD'ss
ccchhheeeSSSSbbuuoooRRRDDSSS
CCCHHEESSSSMAnnn
cccHHHeeeSSsssMMMuNNN'S
cccHHEEESSsssmmEEEnn
cccHeeSStt
CCHHuustt'S
CChhEEEssstteeD
cccHHHiiStttEERRRFFeELLLddd
ccHEESTTEEERfoeeLddd'sss
CCCHHeStttOOORRRFIIIolldss
cchhheeessTTTFFUUUL
CCChhhooosstttfffUll's
ccHIIssTTTFFUUllS
ChoSSSTiiErr
ChussTIIIEEEST
CCChhEsTTTIlllYY
CCChhhIIStIInEEESSSSS
cHHHeeSStttNNUUTT
cchhhEstttnIITTT'S
CCChhEEssTTTNNiTTs
cchhhuuSSTTTSSS
CChhheSSSTTTYYY
cccHHeeettuuuhhh
CCChEtttUUUhhSS
cccHEEEttIIIpUUddd
cccHHaaTTTRRRamm
ccchhEttRRRUmmmsss
CCheeevvaaLLIeerrr
CCHOvvILLLooeer'S
cccHHHuuvvvaalIErSSS
ccHHHeevveeeT
ccHHuuvvviEEED
cHuVIIEs
ccHHuuVVVIIIoooTT
CCCHHHEEEVVVAoooTTT'ss
cccHHEEVVrooos
CHHHeeVVVrruutTUUU
CCHHHiivvvRRRANNN
ccchhEEEVVRRRoooNNN's
CCHHEVVVRRAAANS
cchheeevvRooTaaiiinn
cchhEEEVVrrOOtaaInnSSS
CCChheevvyy
ChhhEVYYYIng
ccchhheeeww
ccchhhEEW's
ccHHAAAwuuubbbLI
cccHHHEwwwed
CCCHEwwEERRR
CheeeWWuurrr'sss
ChhheWWiiirrrS
cchuuuwwIeeR
CHHowOOOEsssT
cHHHUUwwinAASSsss
ccchhhowIInEEESSss'SSS
cHHIWWIIInngg
CCHHowonnKKK
ChhhEwiiiNNNKKss
cccHHHuWWWSSS
cHHHOOwwwyyy
CCCHHHeez
cccHiii
chhA's
chhIIOCk
CCChhheeaaao
cchiiiaaRRRooSSScccARuussTT
ccHHHIIUrrooScccUUURRee
CCCHiiiiRRROOSSScURRO'sss
ccHHHuOOsMaaa
chhaaiiiSMMAAASS
CCCHiiiaaSSSmmEESS
cccHHiiiiSSSMusseees
CCChiiAAAsTTTIICCC
chIuuSttoooLLLooottE
cccHOObbboooUUUkkk
ChhhIIIC
Chiicc'SS
cccHHIICCaLLLOto
cchhhACCCiNNe
CCHiiCCAANuu'SSS
chIIIConnEEERRRIIEEss
CChhUUcccoonUrryyy
cchiicaNeRyyy's
cchhhOCCAAnnneS
CCHHHIIICCCcccOOOrrYY
chhheeCCCEEErr
CCChhhiiCeeesttt
ccchhhiCHIII
cccHHicccHII'SS
CCCHHHIIChhus
CCCHHHiCCkkk
cchhiccKK'ss
ccHHHiCKKOOObuuuDdyy
CCChiiicKKaDDiiE
cchIIICkkAAADUUUU's
cccHHHIIIccKadddAAeeeSS
cHHiiicckkkUreeO
CHHicccKKIIInn
ChhhECCkkuuuNNN'ss
ccchhaaaccKKKAAANNaDD
ccchIIccckkEEENNNfOIIdd
CCHHiiiccckkkeeNNNffEEEdd'SSS
CChhiCKKKOONNhhOOOARtIID
ccchhhiiiccKKaaNhhhaaaaarrTEDDNNNess
CCHiiCkIInnInngg
cchhhucccKonPPOxx
ChhheccckkUUNNPOxx'SSS
ccHoccKeeenSS
ccHHiiCCKKEEENNSSShhhiiitt
CCHHHIccKiinsssHHooTs
chhOOOccKpea
chhhIICCCKKPAAA'sss
cHHHIIIcccKKKppeeaasss
chhUUUcckSSS
cHHICCCKWEEeeD
CHucKWWiiiAAd'sss
cchhIIcccllo
CHeeCLEEE'S
CCChIICCCly
CChUUUCnooosssS
CCCHHEEEcnEEEssSSS'SSS
cHiCCCooo
ccchecciRRRAAiSSS
ccchhhUUUcOOOrY
ChhIIcorrY'sss
ccchhhEEEDDD
ChhUUddDDIIINNN
CChhUdOOO
CCCheDDOOD
cHidddER
cHadIIISSS
ccHHidddIINNGGG
cHHEDuuNNNGGlllyyy
ChAAAEEFFF
ccchhhuEEf's
CHHIEEFFFDoMMM
ccHOefffdooom'S
ccHIIIiiiFeeeRRR
chiiiaFuuusssT
ccchhAIfffLLy
cHAAAEFsss
CHHIeeeffTEEEEEEnnn
cccHieeeFFTTUUennn'ss
ChIIIEFtiInnCCEEeeeS
ccHHHOOOuuuffftttiUUUnnCCCyyy
CCHHHieeefTTaIIInnsss
cchhEEEooftttAAuuunnnSShhOOp
cHOOeffTTaiinnSShhiiiPP's
ChhhAeeFTeeAAnShhhiiPPPs
ccHHHAfffccHIIffFFF
cHiiFFFFFUUUnnn
ccchhiiiffFFFoN's
cHOOOfFFoonneurrr
CHHiifffffOOOnnniiiuuurrr'SS
CChhhiifFFFaaNNNiierrS
CCChhhiiiffuuROOBi
cccHHHIggeTTaaaI
chhaaagITTAAAiiiS
ccHHuuuggggUUUrrr
CCHHHiiGGGGGIIrrr'S
ChhaaggGooRRs
CCCHHHOOOGGnnnOOn
cchiiigggNNNOOOnnn's
CCHHHeeeGGGnnnAAnnns
cccHHIGGeee
cccHHHooGuuuaSS
ChhhihhUAHHUO
ccchhIhhhuuuuuhEa'SSS
CChihhhuuaaahhhUUaaSS
ccHoolllbbblllAAAiiNN
cchhhAAlllBBBllaaaUNNN'sss
CHHHeeLbblooiiNNNeedd
CChhhAlBllaINNss
cccHHHIllD
CCHiiiLDD'ss
ChhhildBBEEaaarrOOnnnGGG
ccHHIILLDDbbbeiiiRUUnnnggg'SS
cchhiiiLDDbbbOOOdd
chOLLDDDbbbEdddS
cchhIlDDBIIrrTThhh
CCCHHOOOLLLDDbbIRRthhh'S
ccheeeLLLDBBIRttthhsss
cHHHuulllDDcccoooRRRE
ccchIIIllldceeRRE'S
CHiLDeee
CCHHHIIILLLdddHEUUUddd
CCChhiiiLLDDHHoooODD'S
ccHHIllDhhOOOOOOdddsss
CChhhiiLLddEESShh
CChhhIIldassHHHllyy
cccHHaLddOOOShhNEssSSS
CCChOOOlllDDDIIISSShnnOsssss'SS
ccchhhiiilDDLLasssss
ccchhhilldddLLOSSsssnnneeSsss
CHHHooollDLLLEEsSSSnnnEEEsssSS'S
CChhaaLDllIkkkeee
cHHiiLLDDDMIIInDDDeeerr
CHHiiiLDDDmmInDDDeeerrrS
CCCHOlllddmmmiinnnDDDIINGGG
cccHHOOOLDDpRRRoooF
cccHHHILLDDPPPRRRIIEEEFFFIddd
cHHallldddPPRRoOOFiiing
ccchheeLLDPPrroooUFSS
cHHIIIlllDRRReeenn
ccHHILLLe
cchhIIILeee's
cchheeelllass
CChiiiLLAAA
ccchhhuuullli'SS
CCCHiiLLLiiUDDD
ChhhiiiLiaaaDDDS
cchhhilIIAAArrrchh
chheeeLLLIIIuussMM
cHHiiillleeaaaSSt
CHHeeellAAAAASStIICC
chEEElOObbbuuurrggEEErr
ccchhIIIllIIIddduuG
cHHiiLLLiiiAAsss
ccHHHAALiSSS
chhiiLLLLLL
CCHHHiiLLL's
CChIIIllleed
ccchIILLLlEEr
cccHiiLLler's
ccHHIILLLLeeRRs
CCCHHIIIllllaSTTT
ccchhhALLllli
ccchhhIIlLuu'SS
CCChhillLLLuuuErrr
CHAllllIIEEESSS
chhhIllllUUUeeSSSttt
ChhilllLiiNuussssss
CCHOOOlLLiNNNuuussSSS's
ccHeeLLLLIIINNNgg
ccchhhAllUnnGGlllyy
CCCHeLLLlllEEnGGS
chiilLLnnaaSSs
ccchhiiiLLLLNeeeSsss'S
ccchhhellLLSSS
cccHHHIlLY
cchhIIIllEEPIdd
cHHiiiMMMiiURRRi
cchhhiMMMOOeeeRA'SSS
CCHHiiMMMAAAoooraaaSS
cchIImB
ChIMMMEE
cHHeemme's
ccHHIIMED
ccchhIIIMeeer
ccHHIIImmar's
cchhhiiimmeeeraa
CCChiimmmeeRuuu'SS
CCCHHHIIIMMMErreees
ccchiMiirEEE
CChEmmuuRRaaCCC
ChhOOOMAAArrrOOcaLLL
ccHHHUUMEEriiicccallLLYY
CHAAmmeerrSSS
chhIIMMMeeSS
CCChhhiimmiNNNG
chhuuMMNEEyy
cHHHIIMNNNEEyy'S
ccHHiiiMMNNEEEYPIIoooccII
CCCHammnnnEEyyyPPPIeeccuSS
CCChimmmnaaaysss
chhUUMppp
cccHHHIMMpp'ss
ccchhhiiimmmppONNNzzzoooee
ccchhhIIMMPPaannnZZZUee'ss
CChaaaMMMPPAAnnnZEIIIss
CChuMMpS
cHHHIInnn
cHHHinn'sss
CCHHHeeeNNo
ccchhhENaaa'SSS
ChhhiiiNNNAAAbeeerrEoooSSS
chhhinnAAAbbbOOORrrYY
cchhiiinIIWWAAArII
CCHHHIIINNaWWWeeRii's
chhhonCCCIIpppIIN
CCChiiiNNCaaapInsss
chhhinnCHH
chhiiiNNNChhAAAsss
ccHooonccchier
ccHEEEnnnCHHHieessTT
ccchhhiiNNcchilllllU
CHHHEnnChheeeLLLLaa's
cccHHHiinnnccHiiilllAss
chhhaanCCHHHYYY
CCChhhANNNEEE
chIIInnne'SS
CCChhhIIINNesss
CCCHIINNNfEsssT
CChhhEEENNNKK
CCHHEENKK'SSS
ccchhAAAnnKKuuPPAAAn
ChhUUNNkkkappINNSSS
ccchhhIINNKKKiiiD
CChhhIIINNKiiinggg
CHHinnKKKSSS
cHHHInnnlEEssssss
CCCHHHoooNNNNEEEddd
CChONNNUUUNNNggg
cccHIIno
ccchhheNNNo'ss
ccHIINAoooSUUriiiee
ccchhhaannOOOIIISerrriiiISS
CCCHOOnnOEEEk
CCChiNeUUKKSSS
Chhhiinnnos
CCCHHHOOOnnnqquIIPInnn
cchhhiiiNNquUPPINNss
CCChhIINs
cchINNsTTTrrAAApp
CCHHIIINNNsssTTrraaPPP'S
cHAAANNSTTReeePs
cchooNNTTzz
CCCHHuntZZZ'ss
CCHHIIInnntttZZeeeaR
CHHHiiinntzzziiiAsT
CCChINNTTTZZZiilY
ChhhinnTTTzaannnEEESs
ccchhiNNNTTZZZY
CCChhhennwwaaaGGG
ccchhhiiiNNwaGsss
chhiiPPP
cchhhIIIp'S
CChhhiPPBIorrrDDD
CCCHHIIIPPPbbbOOOAAARRRddsss
cccHOOppMOOnkkk
cHHiiPPPMMuuuNk'SS
ccHHHUppMuuunkkkS
ccHHOOPoooLAAATTTAAA
CHHAAAPPPOOLLETAsss
cHHHiipppPPaad
ccchhhOOOppPPaaRR
ccchhhIIIppPPeeR'S
ccHaaPPPPEErrSS
cchhiiiPPPpppIIIEE
CHHiiiPPPPPIEEsss
ChIIpppPPPEEEnnnG
ChhIIIPPPpppIIInnGS
ChhIIpPPPy
ccchipppSS
CCCHHHiirOOlll
cccHaaaRRKKK
cchhuurKaad
CCCHHHIIIrKiNNNggg
CHHiiiRRkS
chhaaarrMMM
CCHUUrrOOGGriiiPhhIccc
ccchhiiRRRooogrruuuPhhy
cccHHirrrOOOGGGRRRaaPPhY'ss
CCChiiRemAnnnCCCUrrr
chhheRROOOMMMUUUnnCCCIRS
CHHHuurrooomAANcaaaIIS
cHHUrrrooommAAAncccY
CCHEERRRAAAPodddIST
CCChErooppeeedddiistt's
CCChOOrrooppoooDDIIISSSTTTS
CChiiirrroopppoooDDDY
cccHHiRoooPPAADDDYY'ss
CChhIROpRRUUCCTTTEEECCC
ChhhiiirAAppprIICTeeCC'SS
ChhhIrrOOPPrAAccctUccs
CChhheRRRoooPrrraaaCCttEEErrr
ChIIIrOOprracccTOr'S
ChooRRReeePPPrrrAAACtIIIRRs
cHEEErrrOOPPPtttUUraaaNN
cccHHiRRooppptEERAAANs
ccHHiiRRRpp
CCHHIIIRp'ss
CHHHeerPED
cccHIIRRRpppIIErrr
CCHIrrrppiEEEsTT
CCCHHHOOOrpeeeLLLy
CHHIIIrrpuunASSsss
cHHiRpaannnG
cccHIIRpppsss
chharpYY
cHooorrrr
CChhIIRRRREEdd
ccchhIIRRRrINNG
CCHHHiirrrRs
cHIIIRrrrUUUppp
ccchUUrrrRRRUPPP'SS
chhhiirrRoopeddd
ccHHHEERRRRUUppIIINgg
ChIIIrrrRUUPPPpeddd
cHiRRUUPPpppiiiNNGG
ccHHHiiirrrrAAPss
ccchhhIrrrUUUpYYY
CCHHHAARRurGiionn
ChOOOSS
chUUSEEELL
CHHHUUssoooLL'ss
CCCHessEELLeDD
CCHiisssElUrr
CCChiiiSSSeellEr'SS
CCCHHiSSeeLooRRS
ChhAAAssELInnnggg
CCHHeSEllLLEEd
CCCHuuuseeeLLLlOOORR
ccchaassALLlllER'SS
cHHHOOOsssEllLLoorrrSS
ChhhAAAsssEEllLLiinnggg
CCHHiSSSEELLLss
CCHIIItt
ccchhuuutt'SSS
CCHHeeTTTaRRRRRaaNNe
CCheeTTcccHHaatt
cheeTTTCHHHAttt'ss
CHuTTTCHaaatttss
ccHHHiiiTTCCHHaaattTeddd
ChhhitttcchhuuttTTTuuuNNNg
CChhIIItttiiiNN
cchhhIITTTIIInn'sss
cHoooTTiiinoouSS
chUUTLeeennnggs
chhiittLLLINNNGss'ss
CCCHHiTTTLIIInSSS
CHHHEEETlllIIINNNss'ss
CCHIIIToooN
CCHHiiiTTTaaannnSSS
ccHIIITsss
ccHHiitttttAArr
CCCHHIIITTTTTEREd
chhhAAttUUURRaannggg
CHHHATTTTeRlluunGGGs
cccHHHIIttirLLLeeenGs'S
chhhiitttOOORRRss
cHHIIIVVVAAAlllRIccc
cHHiiVVVallROOOooSSS
CHHHAVVVeeelRRROOOisslly
cchhhiVVVAAALRRREooosNaSSS
CCCHHiVAAlrrrUUUSSSnnnAAsssss'SSS
CChIvvalllry
CChhheeeVaaalRRRYY's
ccHEEEvvvAARUUee
cchIIIVVaRRREIIISS
CCHuvveee
ccHHHIvI's
ccchhhiivvvEEs
CCHiivveeeoddd
chhUUUVIIIEESS
chiiVVVvvOOOed
CCCHiiVvviiOss
ccchIIIVVyy
CHHiiiVVvYYAAANNNgg
chhhiiivy
cHHivvvyiing
ccHLLLeemmmyddIIITTTEEE
cccHHHlllaMMMYYdoooOOOaas
ccHHLIMMMYYDDiiA
ChLLAAAMMYYDiiiAAA'ss
CHHHlaamYYYdiIeee
CChhllEEEMMYDDaaaUUUSSS
ChhhllaaaMMYdosppiiiRRRe
ChhhlaaMyyyss
CCCHLLORIL
CCChlllOOOrrAAAlll'SS
ccchhlllAArrrOOmmiiiNee
CChLoooRRRaaaMMIIINNNEss
CChLLLIIIrrrAAAmmpppHEENNOOOCoool
cccHHHLLLoRAMMPPHHHaaaNNIIcaaalS
CCCHlOOrraatttEE
cchLLoorraaTTEESSS
CCHHHllooRRDDDOOONNN
CCHlOrdddUUNI
CHllOOrddAAAnnnuu'sss
CChLLIRoooLLLLaaa
cchLLaaaRiiillLLLIIS
cHllOOOrrrEEEnnncccHHHYmAA
ccHHlloRRocc
cHHHloRiideee
cHHLoRoooDI'sss
ChhLLeeeRiidEEss
cHHLLOORRIIdaaaC
ccchhhlooorUUUnatttEE
ChhLLLORRRiiiNNiitaaaD
cchhhlooRinuuuTTTes
CCCHlloRRUnnnEETTTannG
ccchlEERREENNNattAAonnn
CChhhLLLoRRRIIINAATIIIooN's
chLeeerroNNIIITTTORR
CHHHlooRiiinne
CChhlOOOrrIINNNII'ss
chLLLUURRAAAttto
CChhLLLuurrOOBBBEENzzEEnnnuu
chLooorOOFFFLeeoooRRROOCorrbOOONN
ChhhlllooorrOOfLLLIIIeRRROcArrrbbbooNN'SSS
cchhlllOrrriiFFFLLOOOOrrooccArrbOOONNNsss
ccchlllOOORooFFForrMMM
ccchllOrrOOFOOORRRMM'SS
CCHHlllORRRofforMMEEED
CCHHHLLLAAARRRooofOORMMMEEEnnG
CCChhLaRRROFFFORRMsss
ccHllIIIRRRooohYYYDron
ccchhloroPHHYLLL
cchhLLOORiPPPhhYlllLLL'sss
cHHHlllIIIRRReeephyyLLLLLLooUSSS
cccHLLLOOOrrAAAPPPiiiCrrIINNN
ChhhlOORROPPLAASSTTT
ccHHHLLUUUrOOppplllAAAssstt's
CCCHlleerrOOOppleeeSTTSS
ccHHLLOOrrrooPPPRENNNEEE
CCHHHlllUURRoPPRRIIInniiiSSS
CChhhlllaRooQQUUuuuni
ChlliRooSSSeS
CCCHHLLLIRRRAAsssUUSSS
cchLLUUrrITTTHHooAAziDDee
cchloorOOthhIAzIIIDDDEEEss
ccHHHlloorrraaaus
CCCHHlorppprooMMMaaZZZinnII
cccHLLLuRppRRImuuzUnnES
cchLLOrrrTTeetRIIcccYYclinOO
cHHLLAAArrtttOOtRROOOCCCyyycccllliinnEESS
ccchooaaaNoCyTTTeee
cccHHHiaannnOOCCYYtiiiss
ccchhhoC
cccHHHiicccIHaaaLLLoc
CCChaaccaaaHHooLLLuuc'sss
cHHHOcOhhhOLLIIIcccSS
CHHHuuucckk
ccchhhOOCCCK's
CChhOOOCKKKUBLOOCCCkk
CChhhOcccKaaadd
ccHHHOCCCKFFEEllL
CHHHicckInnGGG
CCCHuuckkks
CHooCCOOHHHOOOLLLIIICC
cchhhOOOcoHOLLiiCCC'ss
chhOOCAhOOOLLEEcs
cccHHHaacoollAttee
ccHHOCCOlllAAATTTEEE'S
CCCHHHoocOOOLLEEETTEsss
ccchOOOcooolUUttteeeY
CCHHHeeCAlllAATieeer
CCChOCeeeLLITTYYY
chhhooocss
CCChhhooIIIcE
chhhOOOOOOCCeee'S
ccchhOUceenEEsssss
chhoooIciiiNEEEsseeess
ccchhooecccERRR
CHHHooooCCEESS
CCChhAiiCCEsssT
CCChhuuuiir
chOiiirrr'sss
CCHHHAarrbbboyy
cchoiiiRRRbiiiyy'sss
chhhoiRBBeeyySSS
CChaaaIRmmmiisssTTaaRR
ccHHHOOAAARRMMMaaSSttterr'S
chhhOOAAArMMAsstttooRss
CCCHOOIRss
cchhhoKKKe
Chhakkkaa'SS
cchhiikkkEEbiirrRRy
CCCHHOkkOObOrEEE
cccHHOOkkUUUChurrRAAAIsss
CCHHEEKKKeCChhEERRRyy
CChhhOOKKuuuCChhheeerrry'S
ccchhheeeKEddd
CHokkkEddOOOMMMpp
chOOKOOOdAmmmppsss
ccchhOOKKOOr
chUUKKurrr'SSS
ccHookOORRRS
cchOKKKESSS
CHHHOOkiiNggg
cccHHHoLeecccALLcIIFeeeRRRoLL
CChhOLLLeCyyssst
cHHOOOluccysstttooccctttUUmmmEEEESS
CHOOOLLLIIIcyyyssttteeeCCCToooMMyyy
CCChAlAAACCCySSSTTTiiTToooDEss
CCChhiilleecYsstttIITTTIIsss
CCChhhaaalllECYsssttOtttummmy
cHHHOOOllaannt
CHHaaaler
CCHHoooLLeeeRRR'sss
chIIllloorrra
CCChhhoooLLLIIRRII'ss
CCCHHHoLUUrAAAIICC
CCCHHIIIlleeRRiiiC
cchhOleRRRIIIccALllYY
CChOllEEEstIIRROOL
ccHaaalleessTTTEEERRROOOLL'SSS
ccHHHallii
CHHHUUULiiNuuu
cHELiness
CCHAllliiinnOSSStUUUrrAAsssi
cchhhoolLaaa
cccHHooollllaaSSS
cHHHiiiMp
CCChhhommmPPP'SSS
CHOOOMMpppeeed
cchiimpiiNNNggg
cccheemmmPPPSS
CCChiNNN
cHHooNNDDrrrOoosOOMee
ccHeeenndRRAAaaaSSOOOMMes
ccchhhonnDDrrIIttoo
cccHAANNNDDDRRIttEES
cchhendddRoooMMMAAA
CCHIINDDrOMaasss
ccchooNNddRRiLLLee
ccchooNNNDDRROLLeSS
cHHHOok
CChOOooossEEE
cccHHOuuuSSeeR
ccchhoooooSSEEErr'SS
cccHuAAASooorrrSS
CHHHoossEss
CHHHoooOOSSeyyy
ccHHIooSAAEERRR
CCCHHHIIIooossIEEESSSt
cccHHOOoseenossssss
ccHHHeooossooNNNoossSSS's
CCHHOOOIIssIIInGG
CCCHHoooooSSYY
cccHHHOOpp
CCHHOP'ss
cHHupFAAALLLLEEEnnn
ChhhoPPHHHoooUUSSSe
CCCHHaaPHHHAUssOOO'ss
ccHOOPPHHHAAAusOOsss
cchhhaaaPPaaNEEE
CCChhuupppinnoooS
CHHHooopppLooogOOccc
CCHHOOPPPPuuDD
cHHHOPPPPPPeeer
ccchhhAAApppppeRRR'S
ChaaPPPPPErrEEddd
chhUUpppPPEErEENg
CCCHHoooppppurrrss
ccchhaaappppiEEErr
CCHooopPPPeeeeeessTT
ccchhOOOppppAAllly
cchhEEPPPPPoonneeessss
CCHHHoooPpiiinneeeSSSSS'SS
ccHHHOPPuuNNg
CCChhOOPPPPPy
CChhaaaPPPSSS
CCHHHOOOPPPssttaCkkk
CCCHHOOppsTuuuCCkk'sss
ccchOOPSSStttoocckkks
CHHHuuraGGGuuuS
chhhuuraGUUUsOOSS
cHoorrrEEL
chhArAlll'S
ccHHHEEERRIlU
cchoRaaalOOO'SS
CHHHooRallluuus
chErraaalLLyyy
ChhheRaLs
cHHaaRRRd
CCCHHHoRRRd'S
CCHHHoorrrDDAAAL
CCCHHuuuRdATeee
CCCHAAARRRDAAtttE'SS
CCChorrduutteeesss
CChhEEErddOOOppHHHaaannnOO
cchhhOOORRRdddooppphhhooonneeSS
ccchhooRRRdsss
cccHOOOrre
CCHHOOrrru's
CCChOOOrAu
chAAARRROOa'SS
ccchhhUUURREgggrrAAAphEERR
cccHHirriGrrrUPPhhhiiic
CChhhUUrrregggRRopppHy
chhhiiRRROUUUddRAMMMAA
cchhhOOOrEOGGGrrAAAppHH
cccHHHoRRiiioooGraPPPHHHEEEDD
CChhIIrreeeoGGGrrraaappHHER
CChhuRRRoooggrrUUPPhhhurrr'sss
ccchoreigggrrraPPPhhEERRsss
cccHHHORRRoooOOgggrrraaappphhicc
CHHOORRRiiiOOOGRaaaPPPHiiicccallyy
chhhoorrrEEUgggRRROOOPPHHIIINggg
CChhoooreeeOOggRAPPPHSS
chhhuuurEEEoGrrUUUPPHy
cccHoROooGGRaaapHHHyyy'S
CHHHORRRiss
ccHHHIIIRIommbbb
CCChhhOOOReeec
cchhEEEReOOOccEErrrCIIInOMMMo
cccHHoRuiId
cchhooRiooN
CCCHHooorIIoonsss
chhOORRRiiSTTTaR
ccchhhOOrIIIsstEEER'sss
cccHooorriissstEEErss
ccchhoorezzoo
CCHooorrrooGGRRApphhhYY
CChhhooRRiiiiiDDD
CCChooRRoiiDD's
ccchhhiirrIiddIIItttUs
cccHHUUrrrOOOIIIDDSS
CHUURTTLLe
CChheeeRRRTLe'sss
CCChoooRRtlEd
ChhoorrtttlleeeRRR
CCHEERRtlller's
cHHHOrrrtLLLeeRsss
CCHHHOORttlIIsss
cchhoRRRttLLLiinnnG
CChaRUUs
cccHHORRUUUSSS'sss
CCHOOrroSSSEdd
CChhiiruussooS
CHHOOrrrUsssOOOnnGG
CCHHORREESSsssIDD
cHHeeerrrussssUUNg
CCCHHeesEE
CCCHUUseeeN
CCHoou
CCHOUUGGGH
CCCHoooOOOGGhhss
cchhhUUW
ccHOWW'SS
ccchhIIIWWChhOw
chheWWWCCChhhuuuwS
CCCHHOOOwDDeR
cchhhOwDEErr'ss
cHHoooWWWDDerrS
CCHHaaawweddd
CChhhOOwwuuuNNNGG
chhhOwS
chrreeesToooMeThhhYYY
chhRISMM
CCChhhRRRaaSmmm'SSS
cccHrUUUSSSmAAALLL
ccchhRRIIsssMaatttARRRYY
ccHHHRROOsOMM
CCHHHRiiSSSoMsss
CCHHRRIIISStttCCCrruussss
ccchRRRiiiSStttEEEN
chhRiissstineeedd
cHHRRiiisttEEnnONNNGGG
CCHRRROsTTTeennUnnngg'sss
ccHHHRRRIISSStttEEEnninnGGGsss
CCChrrESSSTTUUUNNNsss
cHRRRAAAsstttIIaan
cHrruuusssttiEEnIIiii
CChhhrrriiSStttIIIee
chhRiStttYYY
ccchrrOOMaaa
ChhhrrriiiMMMuuS
chhhRRooMUUUTee
CCChhhRRRoooMEEtttEEEs
cchhhRuuuMMMaaaTTTiicc
CCHHHrrroommaTTiCCaaLlllYY
chrooommmAAAtoCCCIsmmm
CHHHrruuuMUUTTiccciiittIIess
cccHHrEmmattIIcccATTTY
chhrImmiiiTicccnnneeesss
ChROOOmAAtttIIIcccSSS
cHRRRaaMMUTTTIId
CCCHrrrOMMuuTTiiiDss
ccHHrUUMuuutttIINNN
CHrrrOOMMMAtiinnn'ss
CHHRRRooommattiiiSSSmmm
CCChhrOOmmmiiitttiiissMMSS
cchhhReematAAAgRAAAMMM
CHHHRROOOMMMAATTOOOGGGReeemmmss
CCCHHRRRooomAAAtttoooggrrrAPPH
CHHroommeetAAgggrrrapppHIIC
CChhRUUmmAAAtttOOOGRRRAAAppHiiiculllLyyy
CCChRRUUUMMaatttuuGGRaappHHHiiIIss
ccchhhRRRoMMMiiitOGrriPhy
cccHHRRoooMMOOttooollAAgggy
cchhhrOOOMMaTTOOOlllYsIss
cHHrAAmmAAAtttoooPPPHHARRE
CChhhrooomEEE
CHroooMe's
ccHrAAmmmID
CChRRuuMeeSS
cchRRRoomeeeccc
CCCHHrrUUmmmiinnANNCCee
chRUUUmmUNNGGG
CCChhrrraaammmEEETTeee
cccHRRoMMUUUTOsss
ccchhRIIIMMMIUUm
cchhrooommmeeeUUMM'sss
cHrrrOmIII
CHHrrrOOmmOOOGENN
chhrooommmOOOGGeNiiicc
CChhrroMMUUULLLeeTTTHHHoggRRaaPPh
cccHRoooMollIItHAAAggRRaPPhhaaaeess
ChhhRRROOOmmOOOlAAttHHaaGGRAPhyy
chhRAMMMiMoorrE
CCChhrrroMMMIINNuuMMMiii
cccHHrOOOMOOPhhhooRRReee
CChhRRooommmooPPlloooSSStt
CCCHHroommaPLLLeSSSTTsss
ChhhrUmmmOOOPrrrooTTeeeiin
ccHHreeMMMoSSammUUUl
ccHHHrAAAMMMooossooMMMEEE
ChhRRRoMeessaaammee'S
cccHHHrrAmuuuSaMEEsss
CHRROOMMaSpphhIIRRII
CCChreemmmOUUUss
CChhhRROOOmyLLL
ccHHruuunnAXXooou
cHHrrroNeec
CChhrrronnniiicccaaallllYY
chhRRROOOnnniCIIItttYY
cccHHHrrOOnnIcccLLLAA
ccHronOOOCClEEE'SSS
CChRRRUUUNIIICllluuDDD
chhhrrronnnECCClERRR
CHHHronniiiClER'S
ccHHHrEEEnniiCCCLLOOORRRSSS
CCChhrriinnnOcLLLuss
cccHHHRaannoooCCllEEEnggg
CCCHHRONAAAggrrUUUmm
cchROOnoooggROPHHH
ccchhrreeNNNoGRooPPh'SS
CChhhrrrOOOnOOGGGRRRIPhhIccc
ChhRRoooNNOGrrAAPHHSSS
CChhRRRoooNigrrrAAAPPPhhYY
ccchhrrooNNNoooLIIIgggIICCC
cchhrrroonnoooLLIIgOCCCAAALL
CCChhhRRONNooolllaaagICCCallllyyy
chhreenoooLLLoooggIIIESS
cccHRRRaaannuuuLLLaaagIIISSTT
CCCHrrooNNNOOOLLLoooGGiissstt'SSS
ccHHHrroNOLOggiiSSttSSS
cchRRUNNNOOOlllEEgggYY
cccHHrrrUUNNNOOOllUGGYY's
CCHraaannnEEmoooTTer
ChRRRUNommmETeeeRRR'sss
cHROOOnOMMMEEEtOOrrrS
cccHHRRonooMoootttrrrIIICCC
ccHHroNNNaaammeetrrriiicccooll
CCHHrrrOONNOOMMeettrrrICCCiilllLLy
CCHHrrOnaaMMMUUUtRRRyyy
cccHHHrUUUNNuuun
cHrruuuNNNeppphhheeeR
cchhRRRoNNoooSSSCOOOpii
CCHHHronnOssscEPPPEsss
CCChhrrYsuuLLAdd
ccchrrryysseeellIDDDOOOS
CCChhrrryyysssAAAlIss
ccHHRysssalIIs'S
CCCHHrryySSolllIIISeS
ChrYSAAnnntthhEEmmmAAm
CCChhhRRRyyyssAAANttHHIIMoom'sss
CCChhhRRRyySSAANNthhimUmsss
cccHrrYYSSArrrUbbiinnn
CChrrYsERRReBiiiNSSS
chrrrYYYsssAALLLOOOPhhhaaNNtttInEEE
CHRRYYYSSEEEbbeeerrryyll
CCChhhRRyyysOObbEERRRyylllsss
ccchhrryyySuliiitto
CChhRRRYYYSSSIIILLLIIItttEESSS
CChrrrYYYsssoPPPrrASSeee
CCChhRYYYSSOOppRRUUsssUUsss
CChrrYYSOOttIIIle
cchhRRRysOtALLLes
chhhTTTHeenIIaaNNN
chhtHONNNOC
ChhUUUb
CChoooB'ss
cHeeBBBBBiuuRR
cchhUbbbbbAAuussT
CCChhUUUbbbbbbeeelY
CCHuuBBBBBBIIInaassssss
ccHHHAAAbBBAAANaaassss'sss
CCCHHHuuubbBBByyy
cHHEBBSS
cchhhuuCCkk
cccHeeeCkk'ss
cchhiiCCCkkkeeeDDD
CCCHHHOOccckkkhEEEllooo
ChhheeCkkkhhhOLI'ss
chhUUUCKhheelllESS
CHHHuCCCKKKINNGGG
CChhuuCKKllle
cccHAccckklllaaa'ss
cHuCkklleeddd
cHOOcccKKKlllAAAHHEEEuddd
CChhhUckkLLLeesss
CCChhhuuuccKKKLAnnGGG
CHHuuuCCKSS
CCChheCCKKWWWaallllllI
CChhUUcckkWAAlllllESSS
cHHoddddAAr
CCHUfffA
ccHUFaaS
chIIIfFFF
cHUffAd
ccchIFfffiinnGG
CCCHufFs
CCHIIIFFfffyy
CCHHHuug
cchUUUG'SS
CCChhUUgaaallUG
ChhhuuuGgEEEd
cchhAAAGgggEENNNgg
CCHuugSSS
CHHUUUkORR
CChhhuukkkAAA
cccHEkKKaa'S
chhhaaaKKKkkkaRR
cchhhaaKKKKKoS
CCChhhUKKKkIIIrrr
CChUKKkkEEErsss
ccchOmm
cHHUUMM'S
ccchhUUUmmmmmEddd
CHHHeeMMmmmUUIR
CCHHHuMmmmiiassstt
ChhEEEMMmmmEllYY
CChhhImmmMIIINNeeessss
cchuuuMMMMiiNNNesssS'ss
CCHHHiiMMMMooonnGGG
CCChOmmmmmYY
ccchIIMMPPP
CCChhIImp'S
chhuuMPPPSSS
cchiiiMss
CCCHOOnnDDDEERRR
CCChhheNDDaariddd
CChENdErINggg
cchhoooNdddURRS
CCCHaaNNKK
cchhuunKKK'SS
CCCHHHunnnkkEEEOOR
cccHHHuunnkIIIEEEst
cccHHHoooNNNKKKiinneeeSss
ccHHHaaaNkkOOOnessS'ss
CCCHHONKs
CCCHannkYYY
ccchhooonnntEEEr
CCHHHUUNTTeereDD
cHHunnnttIIRRAAAnGGG
CChhhAAANttteeRsss
chhUUpPPAHH
CHHURRRChhh
cHHHuuuRRRCCCHH'SS
chUUURRRcccHHIS
CCChhhUUUrrCCHHgggaeeRRR
CCHHHuRcchhgOOeeeRRR'sss
CChhhUUURRCCCHGIIIeeRSSS
cccHuurrchggooaaNNGGG
ChUURRRccHggEEINNG'S
cccHHHIIRChleeSsss
CChhUUURRCCChhLLiIRRR
ChhuuRRcHLLLiiisssTT
CCHHHarrrchhhlUUKKE
ccchaRCCCHHHLLLYYY
ccchhhuRRcccHHMMUUNNN
CHHIIIrrcHHMaaNNN'ss
CCCHUURCCHmOn
CHHUUrrcchhhWaaRRdON
cccHHuurrrcccHHHwwOOOrrDDeeeN's
chhuuuRchhwwwAARDoNs
cchuurCHHHwwwIIImuuunnn
chEEErrrcHHWWIMMEEnn
ChhUUURRCChhy
ChhhUUUrccHHHYARdd
CCChhharChhYYYaaarDDD'ss
cccHHeerrrCHHHyyArrrdsss
CCChhhuronggaa
CChhOOOrrLLL
ccchhhuuuRRLL'S
CHHHUURLIsssh
CCChUUUrrllIIISSSHHLLLYYY
CHHHUUrLLLIsHNeeSSsss
CCChhhaarrLLooosssHHHnnnEEESSSS'SSS
cccHHoooRRRLss
cccHuRRN
CCCHIIrrnn's
cchhhIIIrrrNNeeed
cchhuuuRRRnIR
CChuuurNuurr'SS
CHHHUUUrrnEEERS
ccHHHiirrnnuungg
CHHuuuRRRnnnS
CCChhUURRRrrr
CChURRrrEEEddd
chhhOOrrrIggUUUIIIrrrIIsssqqqoE
ChhhURRRrrriiNNNG
CChhhuRRrrrSS
CCChhhuuutttu
cHHiittEEE'sss
cHHooTTIS
CHHHUUUTTNOoo
cchIIttNNNiiiyyy
chhhATTneYY'S
CHHUUUTnEEYYss
ccHHHUTTTzzPAAA
ccHHHUTTTzzzpppa'S
CCCHAtzzPPPEEh
CChutttZZppaHHH'S
CHYooCKK
cccHHyyylllEE
cccHHHyLLLEs
CCCHHylooIIIS
cccHYYYmmoo
CHHYYmmE'SSS
ChhhYYYmootRRRYYYppssuun
cccHHHYYYmooouuss
CCCHHHâTTEAAAU
cHHHâtttEEEuuUU's
cHHHâttteeaaUUUXXX
ChhâttteelllOOEEnn
CChhâtEEElllIIIiiinnnooo
CChhâtoolllAinUU's
cchhâtteLLLAOONNeeesss
CCChhèVVVrrrEE
cIIIOOO
CCCoAoooss
CCAAAbbeeeRIIIaa
CCibbbOrrrIIUMMM
ccICIdA
CACCAAAda's
cccIIccAAAdddaaEEE
CCIIccaDDDAs
CCCIICEELLLOO
CCeeeCCellaSS
ccICCEEttRRicccE
CCCiiiCCUUUTTTRRRiiicce'ss
ceeeCATTRRIcccEEESS
CiiiCAAATRRicaaALL
CCCICCOTrrriXXX
CCCoccEEtttrExxx'sss
ciCCAATTrrrIIzzI
ccaaaCCCEEttRRRaaZuD
cOOCAtttRRAAAzeees
CIIccAAAtttrrOziNgg
CCiiiCAlllyy
CCCiiiccceeROO
cACIrroNNe
CicAAARROOnu'ss
ciiCCEEERREEENNNeeeSS
CCIICCCAARRRooonni
ccciccuuurOOsss
CCCIICCChlId
CCCIccHLLLiDDS
CCCICCiiisBBBEOO
cccIIDDeeeRR
CeeddEEER'SSS
CCaadeerrrss
ciG
CCCOOgggIIrrr
cciiggAR'ss
cciigIReeeTT
cIIggAArreeTTT'SS
CIgggaRRETsss
CIIgggUrrEEETTTTeee
ccciiigiiirrEEETTTTee'sss
ccUUgAAARRettttuuS
CCCIIgggUUriiiLLLLOO
CCCUUUGGARRulllee'S
CCCooggOOOrrrIIllllOSS
CIIIgaRRSS
cccIIllloonnnTTrrii
CCCaaLLeeNNTTrrOOO'ss
CCCEEllIAA
CIIIlllIArrrY
ccIIILIIIettI
cciiiliutteddd
CILLuuuAAttaaasss
COlIICCe
CCCallEooollATTTEE
ccciiiLOIImm
CCCAAALIIIuuuMMM'ss
cccimmBBolIIMM
CemmeeTIdduunni
cccaaammmettiiDDDeeeNNNEs
CCCUUUMMMEEExx
ccciiNNCH
Ciinchh'SSS
ccIIINChhEEEDDD
CCIIIncchEEsss
cIINNCChhhINNggg
cccOOONcHOnnnOOO
CCinchhAnAA's
ccciNNNccHHHennnIIIS
ccciiinnChhhAANNIIddiNuu
CCOONchhhooonnniiinI
ccAAnnncccheeennniisMMM
CIInnnCCHeNNNuuuzzee
CEEEnnCCttuuuraaa
CINcccTuuRAA'S
CCIIInCCCtttuureeesss
CENNddeeR
CCCEENNDDeeR'SSS
CCiiindaaarrrEEEd
ccaaaNDEEERunnnGGG
cccIINNDDEEERRs
CCCiinnddeRRRyy
ccIINNe
CCCIIInnEaaaSt
CCCIIneeeASSStttEEE
cEnnneemA
CCuunnneeMAAA'ss
CCInnnEMaasss
CCCeeNeeemmATThhaaqqeeeU
cunnnOMMuTooocc
CCiiNNNEEEmmATIIccciillLLLY
CiNNEEmmAttIzzattIIIIIInnn
CCIIINNOOOMMMatiiiZO
CCCoonnnEEEMMMaatttIIIzzaaD
cccoooNNEEEmAtizas
ciiNNoommaTTiizzoooNNGG
cccINNNeemmmUUtiggrrruPPhh
cccINNEEEmmmAAtoooggruppheeeRR
CCCuuNEEEmItttUggrIIpppHHHiir'sss
CIINoooMMMettOOOGGRRRAAppHIIRRRs
cccOOONNammAAATTEgrrrAAAPPHHHiC
CCEnnIIMMaTTOOGGGrraPhhhyy
CCiiiNeeemAAtUGGRRRuuPPPHHHY'sss
cciiNNeeRRoorrrooa
CCuuNNNAAraRRiiiiSSS
CIniiiRRaRIIIUUUMMM
Ciiinnnorraarry
CCCIneeerruTOOrr
ccciiinEErrraaoUs
CCiinnGGullla
CCCuuNNNgguuuluumm
CiiNNNNAbbOR
cccannnNNNaBBBiiiR'SS
CIIInnnamoooN
CCeeeNNNOOOmmmiiin'sss
CCiNqAAAeeiNN
CCiinnqqquE
CCCENNNqqqOOEccciNNTo
CInqquueeFFFOOuuLL
CiNNQUUUafAAIIlllSSS
CUnnQQQuesss
cccIoN
CIIIAAAPPpiinnaaa
CCiipphhur
ccipHHHirrr'sss
CCiiPHHHAAARReeeDD
ccIIIpphorrEENNNggg
CCCOOOpphhherrSSS
CCCiiiPPollIIn
CIIrcco
cIIIRRCCAADDDiuuN
CircccEEnnaaattto
CCCiiiRRCCLLeee
CCCARRccLe'SSS
ccciiRRCCllUUd
cccIrccleeeRR
CCiiircclllEESS
CaRRccllEEET
CCCIIrrrCCCLeeet's
CCCeerrCClEEttSSS
CIIIrrrCCCLLLiing
CIRRRcccUUIIITT
CCIIIRRCCCuOtt'sss
CCaaaRCCoooEEEtAAAL
cccuRRRcccUiiiTTTeeDD
cccArcUIItInG
CCUURRRciITTToAAASS
CCCiirrCCUUUTEUssLLY
cccirrCCuuOOTTOaasnnnuuSss
cccUUrccAAAuuuttOOOuuSSNNNeeeSSsss'S
caarrCCCuuuTTRYY
CirrcccuuIIItRRYY's
caaarrrCuuuAAAttts
cIIRRRcUUIITTyyy
CCCUUUrrCuuuuTY'ss
ccuurrCUUlEEErrr
cuurccAAlllEEr'ss
cccIIIRRRcculllOOOrrriiiTTTY
CCuuuRRRcculariTTY's
cccURRccuuulOOrrrizzAAATTTIIIeeeNNN
coooRRRcccooLaRRiiizeTUUeNNS
CCCIIrrrCCUUlIRIZZe
cccirrrCCCUllUURizzzODD
ciiRRRcccUUlllOORRRizeeer
CCoooRCCILaaaraaZeeSSS
cErrCCILLAArroZZEEnnnGG
CCCIrrCCCIIILLaaRRRLLLyyy
ciiRRCCCEELLAARsss
CIIRRRCCCEELUttte
cIIIRCuulOOtOOOD
CCCIIIrccciiilettIsss
CCCiiircccuuulAATTTaaNNNggg
ccAAARRCOOOlIIITTTiiOON
ccurrrCuulATTTiiEEnn'S
ccciiirccoLLaaatttiooNsss
CIIrcculllaTTIIIvvvii
cirrccoLLATTuur
cUUURRCCCEEELLattORRRY
ccIIIRRRcummaaaMMBOOinnnCA
cAAARCCCEmmmAAMbiieeNNNCCYYY
CIIIrrrccUMMMAAmmmbbAEnnnt
cccirCUMMMoooMbbbUUULLLaaaTTTEEE
ccURCCCEEMMEEEMMMBIlllAATTTUUdd
CiiiRRRCUUmAAAMMbbbelIITUUUSSS
CiiiRRRCCCOOOmmmAAAmmmbuuLLaaTTTuungg
CEEERcccUUmmmbbbeendddiBBusss
CCiiiRRRccUUUMMMccIIIsee
CCCaaaRRCCummcuussseDD
CCCArrCCiiMcccIISAASSS
ccAARCCUMciissInng
ccAAARRRcccuMMcIIssiOOn
CCCiiirCUmmciseeiiinnn'SS
cceerCCimmmCCiiissUUUEEEnns
CCCEErrcUUUMMFoooRReeeNCEEE
cccIrCCUUUmFArrreeenncccee'S
CCCEErrrCCCAMMMFEERRReeeNNNcccAAAS
CCCiiiRcciiiMfffAArEENttiiaaal
ccciiirCCAAAmmfffllleexxx
CCorrCiiimmmffLEEEX'sss
cooorrCuMMMFFLuuuXXEEss
cceeerrCCCAAMMMFFFllUuuNNNT
CCCiRRRccAAmmmFFllIooUS
CCCiiiRRccUMMMFaasaaa
CCIIIrCCCUUUmmmFFFUsseeeDD
cIIRccummmffiisssuuSS
cccIIrrrcccemmmFFFoooSSSInGG
CCCIRRRCCCooMMGGGyyyRRatttIon
CCCAARRRCCUUUMJJJAAAccaaaNNt
CIIIRRCCCAMllloCUUTTIIOOnnn
cciiiRRccOOMMLLLooocccEEETTTiiOOOnnn'sss
ccERRcccUUUmmmlllaCCCEEETTTiiiiiinnsss
ccceRcccuuuMMLOccuuuTarrry
ccaarCCommLLaNNaaaRR
CCCIIRRRCCCemmmnnnaVVViiiGEEETTTEEE
CErrrcccummNNaaaviiiggAAtEEdd
CCErrccuuuMMMNNaaaviiiGGGAAATTTESS
CCCIIIRRRCCCUUMMnUVIIIgggAAATuNNNGG
CCCarCumnnIIIvaagggaaaTaaauuun
CiiiRRccUUUmmmnUUUVVUGGGiitttAAAIInn'S
CCiirCCOOmmmnnUvvviiiggEEttaaOOOns
cIIRCCCiiimmNNiiiTTTaaattUUU
ccoRRCCCUUUmpULaarr
CirrrcOOMMrreeeTIITTa
cciiirCIImssscciiisssSSSIlEE
cOrCCUMMMsssCCRRobbbe
CCURCCuMMMSSScccrriiBod
CerrrCCUUUMsCrIIbbEErrr
CiRCuuuMMssCCRRIIIbbbeess
CCiiiRRCCuuMMSSSccRIIbIIInnGG
CIIIRcAAMMMSSSccrruuupppTTiOOON
cIIrrrCCUUMMScREEPPPTTTeeeONN'sss
ccIIIrCCCuuuMSSSCCriiPPtOOOOOnsss
cccIIIRRRccuuumsoLLLuRRR
CCIRcccUmSppEECT
cIIIRRRcUUmmSPPPOOOCCCTTTIIIOOOnnn
ccaRCCuMMMsssppEEcccTTiiiEEEnnn'ss
ciiirrcUUUMMMSpppEECCTllYY
CiiirrrcccuMsTTTAAANCEEE
ciiirCEmmStaaNNCeee'S
cIIrrrCuMMSSSttEnnnCOOOd
cerrCCCUUMMMSSSTAAnnncEEESSS
CIIIRccuuuMMMSSSttEnnCCoNG
CErrcccEEEmmssTaNNNTiiaaL
cUUURRcUMMsssTOOONtttiiiaaLLLAAATTyy
CAAArccaamSTTAnnTTEIILLlllyy
carrccuMMMssstIIINNTTOOaTEEE
CCCIrrcUUmSTTUNttiiOOOTTEEED
CCCiRcccuMMMSTTTaaaNtttAAtESS
cIIrCeeeMMMsstttANNNttAAaTTTinGGG
COOORRcccumSSSTTTOOOnnTTTooaattAOnnn
CCCIIIrrrcuuummtttoorrrRRRASStttRRRiaaall
CiRccUMMMVVVALLaatttooo
CiircccImmmVVVAAALLLEETTTEEED
cceRRRCCIIImVVVOOOllLLLAAttEEESS
CCCUUrrCCuumvvvELLLaTaaaNNNGGG
ciRRRccuuummVVEENNNttt
ccIIrrrCCCuuMMMvvvENTiD
cciiRRRcccOOOMMMVVVeeNNtInng
cciiRccUmmmVVVeeennnTToooEENNN
CCiirrrccaaaMMMVVeeennnTieeNN'ss
caarrrCCCemVVUUnnntttOOOoNNNSSS
CCCIIrCCAmvvveeeNttIVOOO
CUUURRCCCEEEMMMVViNttsss
CCIIRccIIIMMveLuuuTTTEoNN
CCCeerrceeemvOOOlllutionnnsss
CCCIrrCUUUSSS
ccarrrcccIS'SSS
CCIIrrrccUUUSSSES
COOrcccUssY
CiRQQUUEEE
cceerrqqqOEE'SS
CIIRRRQQQAis
CCAAArRAATTTe
CIIRRRRhoSSeees
CAAARRRrrhhhOOSSIsss
CiiiRrhEEEssiis'SS
ccciirrrrhUUUTTTIC
CooRRRRhhhETTiiccc'SS
ccAArrhIttiiccS
cccuurrrRII
CIIIrrrRRoccUUUMUULLLa
CCCiRroooccIIIMuullAAss
CIRRRrroSSSEEE
cccIIIrRROOSSSTTTrrrIITE
cIIrrrRuSSTTTrrratUUSS
CCCiiRRRRUS
caarRRes'ss
CCCorrSSSEEEIIDD
CCCiiRRé
CCCeeesssiiillppiiNNee
CCuSSccceee
cccEEEsccoUss
CCooscooS
CIIIsLLLiiinnnAR
CCCIIIssMMOOnnTTTAAne
cccIISPPPaadONNNuu
CIsSSoiiiD
CCCiiiSST
CCCiiisssttECCAAAoooEEEss
cciSSttEEERRNN
CCIIIstoorrN'S
cccIIIssstttAAARRNNNA
caaaSSStErrrnnAAAEEE
cIIIsssTEErrrnnnss
cIITTuuuBBBllIII
CCCIItttOOOdEl
ccetttUdddoool'SSS
cOOOtaaaDDDeLLsss
ccITTAtttIIIoooN
cOOOtttOtttaaaOOON'sss
cciTTeTTTaEEnnSS
ccciittee
ccIITTTEE'ss
CCittuuD
CCCiiTTUSS
CCCOOtthhhARaaa
ccIIIttHHur
CCCIIITTHHoooRRRS
CiTUUEEEs
CAAAtttiiFaaaCCCaaTIIIN
caaatttIIffIIIEEDDD
CCITTofffIIes
CCCITTIIIFYYY
CCCIItttUUUfffYYYuNgg
cciiitiiinnnG
CCitttOzzzANN
citIzzzOnnn's
CCCITiiZZZAANllyyy
ccuutttIIzzEEENNRRRyy
cuttIzeNNNrrry'S
CCCiiitttiizEEnnnS
CIITozEENSSSHIIppp
cccItttIIIZZOONSSShAAppp'SS
ccittoLLLE
ccITTTRal
CCCItRRRAANNGGGeee
cittRRiNNggeeSSS
cccETrrriiTTTEE
cITTTRRRiiTuuuD
CIIttRRRAtAAs
cccIIITTRReooIISSS
cccIITTrrIcc
CCIIIttRRIIcccuuullltIIIro
cITRRRiiin
ciittrInnnEE
cccItttrrInEEss
ccIIttRiNS
CIIItRuuuNN
CCIItttronnn'ss
CCittRRoooNNNeeelllllaa
ccUTTrrrONNiiilllAA'sss
CAAAtrrOOOnneLLLlaaaL
cuuuttrrOOONNsss
cccAAttROOUSSS
citttrrus
CCCIITTTrrUUss'SS
ccIITTTRRRusaS
CItTTUUrrrN
ccittty
ccciTTTY'sss
ccEETyyySSScAPPI
CCCiTyywUUdddee
ccuuVAAATT
CCCooovveeet'SS
cccUUUvutttsss
CUUvvaC
ccUvvviiiccAAlLLy
cIIIvvooocccSS
CCIIIVIIIccs'SS
CCCivvviies
CCIVIIlll
COVVILLLuaaaNN
CCiivvIlluuAAnnn's
cccOOvvvUUULLLUAAnnsss
CIIvvviLOOTOOOOOsss
cuuuvvvilluTTy
ccIIIvviilIITTY'ss
ccEEVVVuullOOzaaTTTiiinn
cIIIvvOOliiZZZatiiUUUnnn's
CCIIviiiLLLizzzaTTTIUUNNss
cccIViLLIzzzEEE
ccciiiVVVILLLIZZeeeddd
CCaaVIlllIZZZuuurrr
cccaaviLAAzes
CCCavviiLiiZZZAAnng
ccIIIvviillLLLyy
ccuuuvvoooSSSmm
ccEEEVVvIIIees
cccAAVVvIIEEEsss'ss
CCClAAAbbbbEr
CClAAAbbbbbEERRReeed
CCCLLLAbbbbUrrIIINNGGG
CCClleeebBeeRSS
cccLIIcHHUUUn
CCCLLLaCk
cLiiCKK'ss
CCClaaCCCKKiid
CCCLaaccckEERR
CLLLackIIINNgg
ccllAAccKss
ccLLuDD
ccLLLuuuddddaGGGhh
cccllaaadddddIIINGGG
cLLLooodddddiNNg'SS
ccLLLAAddUUsMM
CllAddeeeSSTTToooC
cLiDDDisssticcS
CCllIIIDDoCCCiRaan
CCCLLuuudddOOPhYYYllll
cLLLAAAdopHYlllllls
CCllluOmm
ClllUUUeMM'SSS
cccliiiImmObbblEEE
clluiimmmaNttt
cLLLaaIIImmmUNNNttt's
ccLOOiiimmmAANNtttSS
CLAAeeemeeeDD
CLLLEEiMMMAAARR
cccLLLAAAiiiMMuuur's
CCCLAAAIImOrrrs
ccLOOimmmiiinnnG
CCCLLLaIMMMSS
cclliiRREiDDDiiEEEnnnCCCaaa
ccclluAAARRAuuDiiiENNTTT
CllaaRRRVoooYYYaannncceee
CCLLLUEEERvvOOOyyyAAANNNccUU'SS
ccllAAAIrrVUyAAAnTT
cccllleeeIrvvOOyyyeeennttt'SSS
cLaaOOrrrVVOOyyyAAAnnttts
CCClllAAAMMM
cclllaam's
CCLLaaammentt
CCClammmOOOnnnttlly
ccLLAAAmaaTTTOORRRIIIooll
cLLLeeMMbbeeKii
cLLOMbbbEEKKaaa'S
CLLLaMbbbaaaKKosss
ccLLaammBEEER
CCCLLLaaaMBBBIIIRR'SS
cccLLaMMBBBaarrrODD
CCLEmbbeeerrOrrr
CCCLiiimmmBBEERREEr's
CCLLOOmBBBaaaRRuRRsss
CllaaaMMbbuuuRRUNNGG
cLUUUMMMbEEERRRS
ccLLUUUmmmmmEdd
ClAMMMMUUrrr
ccllAAMMMIeRR
CCClllEmmmmIIessttt
cllAAmmiiiLLYY
CCLLiiimMIneeSs
CCllOmmmMMMuuunnuusssss'ss
ccLLaaammMiinng
CllaaMmmmyy
cllAAAMOOOrr
ccllOOOmmeer'sss
cllAAAMMMUUURRREDDD
CCLLLAmmiiiRRRooNG
CllaMaaarrrIIuuSSS
CllAmmmerrrOOOAAAsssLLLyy
clIIImmmArrraOOSnnneesssSSS
CCLLLemEEErrrsss
CCCLLLAAMMppp
CCCLammmPP'SSS
CCCllliiMMMPddEEWWNN
ClluuuMMPDDDEWWWN'ss
CCLLiiiMpppDDDoWWWNsss
CLLammppeDDD
ClAMMMPPeR
ccLLiiimPPoonnG
CCCLLLeemPSSS
CCLLLooMMMss
CllAAAMMShhhEElL
CClllEEEmmmssshhEELllls
CCLLaaammmwiRRRmm
CCLLLANN
CClaaannn'SSS
clllAAnddeessstOOOne
ccLLaNNdddEEESttUUUnnnuuLLLY
CCLiiiNNDDessttuuunnIIIttyyy
CCLANGGG
CLLLeennnGGG'SSS
CllAAANNGGGAAD
CllluunGIIr
ccLLLAANgeRS
ccLLLeeeNNgiing
CLaNNgggeeeR
CClAANGoooRRR'S
CClllaannggUUUroooUS
cLLLaaNNgggEErrreeeUUssLyy
cLIINGGs
CCLOOnKK
ccllAAnkkk's
cccLLLEnnKUUD
clANNNKuuuNNNGGG
CClaaNKKKSS
CClAAnNNAAsssHH
CllonnNNNIssHLLLy
CCLAAANNNNissHHHnessSSS
CCCLLLinnnAAssHHHnnoosssSS'S
ccLaNNSS
cLLLannSMMMeeennn
cLLLiiinnnsMMMENNN'ss
CCllannssMMuNNN
cllleNNssweeemuN
CLLLiNswwwooMMMEnnn
cccllaaPP
cLaap'sss
cLLePBBBEEerrrDD
clllAAAPbboooaaRd'SS
cluuuPbbiiAARDIIIddd
CCCLAAPbiiAARRddOOnng
clllippbboooaarrrddsss
CLLappppEEdd
CluupppPPPAAARRR
clAAAPPPPPPeeerrr'SS
CCLLAAPppeeerrBOOOAAArDDD
CClllaappPErbbbooAAArdddSSS
clllUUUPPperrrcLLOOOw
cccLLLaPPPEEERRRclOOOWWaD
CCCLLLipppOrrCCCLLaWiiiNGG
ccLLAAAppppOOORRRCCCLAwwS
CClaaappppppOOOrrrs
clllAPPInnggg
CLupppPInggg'sss
cLLLiiiPPPS
CLOOPPPTTRRRaaPP
clApTTRRiiPP'ss
ccLLAQQQooiii
CCCLAAAQQeeeU'ss
ccclooqEoosss
CCClaaqUUEEuuurr
clAArrruuuBOOOlLuuu
CCCLLuRRREEEnnceee
cccllIRRREEES
CCCllaarreettt
CCLLLeRRIIITTT's
CleeREETsss
cLLARRRiiiOOSS
ccclllAARRRiiifIcccaTiiiooN
ccclaRAAAffOCaTTTiiAAANN'SS
CLLOOORRROOOFFiiCCUTEONNNS
CCLaRooFoEEEDDD
cllarrriFooees
clluriFyy
CClaaaRiiFFFYOOONNNGG
cLLLaRRReeeNNNIT
CCLLeeRRRinnnEEtt'ss
CClllaaRRRunnnoooTTTIIIsssTTT
CCCLLLEERRRoonnneeeTiiiSttt'S
CCllORRAANeeeTTTOOsssTSSS
CLLLorUUNNEEtttS
cclllArrinnEEttTTTIIsssTTT
CCCLLLAAARRRUUUnnnETTttUUUsTT'sss
cLLORRRINNuuutttttIIIsssTsss
cllAAARRRIINNOOO
CLLeerrrIIIan
cccLLuuRIEn'sss
cccLLaariEEEnoDD
clOrriiioonneNNNggg
cLuuurrIIaNs
CCCllleeeriiTY
CCLLLUUURRRiiiTTy'sss
CCLLLuuRRRkkkiUUU
CCLLAAArrI
cLLaaarrroooS
cllAArSSSuuCCChh
CCllAAARRY
cclEEShh
CCLiiSSSh'SS
cccllliiiShoooddd
CLuuuSSHess
cLaSHing
CLAAAsP
CCCLUsppp'ss
CLAASpeD
CCllAAAsPIIInGGG
CClAAspppSSS
cLaasssss
CLiiSSSss'SS
CCCLLLIIsseddd
ccllEESSSsssaass
cLLiisssSSSICC
cllESSSsaaccc'SS
ccLLiiiSSSSiiicccAAAll
CLAAssssssiCOOLLL'SS
ccLLASSSucccelluSmmm
CLaasssssUUUccAAlleeeTy
clllaSSSsssAACCAlLLLY
CCCLLUsssIIcIIISSSMMM
cccLLASSSIIccOsssM'ss
clllAAAssssiCESSttt
CCllleeSSSSSICCCiiiSTT's
CCCLLaaaSSSIccciiiSTTTsss
CCCLaassiiciZZEEE
CLLAAsssssseeeciiizEddd
CLLLOOsssSSeeeCIzzEEs
CCClllOSsiCCiizziiiNNG
ccllaaassssuuuCCCSS
ClllOssSSOIIIR
cccLLaaSSSSSiiESSST
cccLLLIIIssssssuuFIIaaabLa
ccLLLoosSSSOOFFFaaaCCCuuutttuuuIINN
CClllaaaSssiiFFFIIccAAttiiONNN'S
CClllAsssSiFFIIIcuuuTTTIOOnnnss
ccLLLAsssssIFiicccaaTTAArryy
cccLaaasssEEEffiiEd
CCCLLAAASSSssIIffIIeeed'ss
CCCllleeeSSsssAfIIIIIIDDDs
ccllaasssSSuuufffiierr
cclUSssiifaaOOORR's
cclAsssSiiiFeeeeerrSS
ccclllEEsSaaaFFiASSS
cccLLLaaSSSSefYYY
cLLLaSSSAAAfYYYIIIng
CCLLiiiSSsssILLYYY
ccLLLEssssinnnOOOSSSSSS
clllaaaSSSSOOONNNeSSSS'sss
cllEssssaaNggg
cccLLLAAASSsssIs
ClluSSSssseeessmmm
cccllassSSSIISSttt
CCLLAAASSSllliSSSSS
CLLLaassssLUUUSSSSnnissss
ClllEEssssssMMiiiTE
clllasssssmmmITE'S
cclllaasssSMMMeeTTiS
CCLLLAAASSssRRROuummm
CCClllIsssSSSrrAAAIImm'SSS
ccLLLaaaSssRRROiiiMMMsss
CLLOOOsssswwwaarrrkkk
ClaSSSSwwwUURKKK's
cccLLLasssYY
CClASSttiiiccc
CCLLaatthhRRREtttuu
ccLLLAAAtttERRR
CCLaaatttttEER'S
clllATTaaarrEEEd
CClllETTTttteeerrrIIINNgg
cLLLOOtTEErrrsss
ccLLLaaaIIIDDDiiicaaanT
CCLLLeeeUUddIIICCaatttuuuoooNN
cllAAAAAddIIIcccaaaTTTIIIooonnns
CCCLAAAuuuSSSEElll
CCClllAAuusse
ccLAAAUUSSSOO's
ccLLAAUUSSSess
ccclOeeSStttrriLLL
CCCllloooOSSStttrrophObbee
ccclllaaaUUssttROOPPHOObbeeu
cLLiiUUssstRRReeepphOOOBaaaa'SSS
CCLiiEESStttRRUUUPPPhoBBuucc
ccLAAvvAAAttE
CCLLLIIvvEE
ccLLLAAAVVVerrr
CCLLLiiivvvOOORRReD
ccleVEEREENNNGGG
ccLoovERRSSS
ccLLAAvAAA
ccLLLAVVIIICCeemmmbboooLLLooo
ccllAAAVUCHHaaRRRDDD
ccclllAvIIIccHHArrrDD'ss
ccLAvvviicchoRRRddIISSST
ccLLLEEVVuccchhhooRdds
CClllAAAvvaCClllO
CCClllIIVVVIICCClla'SSS
CllavviiiCLLLiiS
cccLLLAVVVIIcaarrrN
CCleVVVAAACCCYtttHHHerrrIIOOMMM
CClaavIIIEErrr
ccclaaaVVViiiEERRR'sss
cccLLaVVVIIorrss
CCCloVVVOFaRRM
cLLiVooSSS
CCLaaW
claaaWW'ss
CCllAAwwEEEdd
CCCLLLuuuwwinnGGG
cccLLLaaWWWSS
ccLLLay
CCCLLLIYY'SSS
ccclleeeYBBeeennnKKK
CLaYAAyyy
CllOyyyuooR
CCCLAAYYYiiIISSTT
ccLLUYEsHHH
cLLLAyyymmmORRREE
CCllaaYYmmOOrreeS
CCClllAAYYYppIInnn
clOOOYYSS
CCLLLaaYYYttonIIIA
ccclliiAAAnn
CCCLeUUUnOObblEEE
CllleeeiNNIDDD
ccLLLEEnnneeeRR
cLLUUUAAANNNur's
CCLeeeAAANNNEErs
CLLLeoooNaSStt
CCCllAAooonniinnggg
CllleeeANINNggg'SS
CClllEAAANiinnngggss
CLLOOOaanllIIIEER
CCCllEEEaaaNLoESSStt
CCllleeAAAnnlllinEsSSS
ClllAAAaaNNNLEEnnneSSSS'SS
CCLLLeeAAnnnllYYY
cLLOOIINneesS
ccclllUUaannneeess'SSS
CCllloooAAnSS
clAAAAnsE
CCCLLooaaaNSeeeddd
cccleaannnssEErrr
ClOOOaanSSer'SSS
clAaaannnssseRRRs
CCClllEEAANNNSOOs
CLLeeeAAANNsssAAANNNGG
CCCLLLEEEaaaNNePPP
CllEeeeNNAp's
ClllOOOaaaNNepss
CLLEEERR
ccLeeeaRR'SSS
ccLLLeaaaraaaNCEE
CCClooaaReeennnCCee'SS
CClUUUaaaRRRAAnnnCEEsss
cccllEArrrccOOOlllaaa
CCCllAErcET
CCLEEooorrEddd
CCleeeaaaRRReeeRR
clllaaaRRaaaStt
CCllEAArrrhhhIIAAADDUdd
CCLLLIaaRRRUUUnnngg
ccclllUaaRRRInng'SS
ccLLLeoRRRAAngHooiisII
CCCLeeaaRRRiiNNNgghhaUssuu'SS
ccLLLeeaariiinnGhhiiiUsssEEESS
cLLEOORRROOnnngsss
CleAArrrlllyy
CCLuuuOOOrrNNEsSSS
ClleeEERNiiisSS'ss
ccclllEEEErrSSS
CCCLIaRRsssTToooRRRiiEEEsss
CCCLLLeeeAARRRsstEErrrYYY
CCCLLIAArrwwwOOOY
CCCLLeOOrrrwwAyyySS
CCLeAARRRWWeeennGG
cllEEaaTTT
CClleeeAttt'S
CCCLLeaaTTTsss
CCLLLiiieeeviiBBBLLA
CCCLaAAAvvAAAgggee
CleeaaaVVVaaGGGE's
CCllEEEEEVVaageeSSS
clllEEEUVuu
CCLLLuoovvvEEddd
CCCllEEAAAvAAARRR
cccllleeooVERRR'S
CCClEEUvvuuurrrSS
CCCLOOOuvvveSSS
CllIIIAVVViNNGG
CCCLeeEEEKKK
CCCLEFFF
cLeeef'S
CLLLEEEfffs
clllIIFFT
cLLLEEEFFFT'SSS
ccLoFFTTSS
cccLLLEEEiiistUUggaMMMyy
CLeeemm
ccclllemAATTTeess
CCClEmmAtiiiSSS'S
CCLLEmmATusseSSS
cLuuMMenCCCY
CCCLLLEEMMonCCYYY'sss
CCCllEEEmmmENNt
cccLeMMMuuNNNTTinneee
cllOOMMMuuuNNTTeNNNEES
cclliiiMMMAnnnTTLLY
CCLLEEnCHHH
cccLLEEEnnnCCHH'sss
CCLLeeeNNchhOD
CCLLLEEEnnnCChIIS
cccLLLeenccchhooong
cccLLaaaIImA
cLUUUooomeeess
cllEEPPPUU
cLEEEppsyDDRRRii
ClUUpppSydRRass
CleePPPTTOOMooonnIiii
ClIRRRoostttERaaEs
ccclloooreeesTTTorrYYY
CCLLEEReeSTTOORRy'ss
CCCLOORGGIIEES
CCCLErrrGGGYYY
CCCLLLEEErrgYYY's
cLLoorrrggYYMOOOn
CCCLerrrGGYMMMUUUNNN'SSS
CleeRRRGGGyyyMMEn
CLLLEEErrGGyywwOOmmUNN
cLLAArrrggYWUUUmOnn'sss
cllEEErGGGyyWWOOmEEnnn
ccclllaaaROOCC
CCCLaRRROC'sss
ccllARAccaaalll
cclllEErreecccaaaLLLISSMM
cccLorrriiCCCaaaLLiiiSMM'sss
CCllERIIICeeeLIsssTTT
ClooRRRIIcALLLLLLYYY
CCCLLLuuRRRiiicAALLSS
CCClllEErriCCss
CCLLLeeRiiHHHEww
cclllaRRIHHHews
clllEErK
cccLLiRKKK'SS
CCLIRKKoDDD
ccLeerrrKIINggg
ccclleerrrkkklYY
cLLLeeRKKss
cccLLLEErrrkshhhIIIPP
CCLurkkshIIIppp'S
CllleeeRRRoMAANcccyy
cLLLeeeRRRECChhy
cLovvvuuittee
CCCllEEVVeeRR
CCClleevvvURRRor
cLLevERRIst
CClleeVVoooRRRLyyy
ccLeeVVEErnEEssssss
CllleeevvviiRRNiSSSs'SSS
CCLLooovvIIS
cccLLLeeeViis'ss
cccLIvvviiisEEss
CCLewww
CCClllEEW'sss
ClIWWedd
CLEwwwiiinngg
CCCllAAAwwss
CClliché
ccLIcHHHé'SS
ccLLIIccchéDDD
CluCCCHéSSS
CCClllIckkk
cllliicccK'sss
CliiiccKKKiBBBLLLooo
clliiiccckOODD
cccllicccKKKIIIrrr
CCClliiiCKKKEEER'ss
CCCLLLEEECCkkkeeerSSS
CCLLLIICCkunnng
CCllliiicccKKss
CCCLLLiinnTTT
clAeennTT'SS
ClllIIIaanntaaaGGGE
CllliiEEEnnTaaageSSS
CliEnTTTSS
cccLiiiEntttSSSHHIIPPP
clEEANtèlAAA
cLLuANNtèlA'S
CLLooAAANNNTTTèLoooss
ccLIFFFfff
ClOffFFF'ss
cLLLiiiFFFFHooonnGGGEEERR
ccLLeFfHHaanGGGiRR'S
CCliiFFFHHHeNGGUUUrrss
CCCLLIfffFHannnGGGaaaNNgg
clIfffFFIaaRR
CLLIFfiiEESTT
CClllIIfffFsss
CllEEfffFTTooPP
CCCLLIIIfffftaaapSSS
CLLiFFFFY
CLiiimmOOcccTTTAAARIIICCC
ClIIIMuuCttericcc's
ccLLoMMMAcTToccc
ccLeemAAACToccALLllYY
ccLimmmaaaTTeee
CLLAMatteee'SS
CCCLLiimaTESSS
ClllIMMIITTTIIccc
cllEMaTTEECALLL
ClllUUMMuuTeCCCOLLLlly
cccLLLEMMMOtOOlaGIIccc
cclimmaaatOOLLEEGGGeecccALL
cccLLLIIImmaTooLLoGGGOCCCaLlYY
ccLiiMAAtttIIllooogiST
CliimootttOOOllOOOgggIssT'ss
cLLLIIIMMMaaTTTeeloogggussstttS
CCCliiimmuuTTToLLooogggyy
cccLEmmaaatOlOOOgYYY'ss
cccLLLaaaMMMAAXXX
cclliiMMix'SS
CCLLIIImmmaaXeeed
cccLIIIMUUUXXesss
cccllIMUUXIINNgg
CCLLLAAmmB
cLiiimmBBB'ss
CLiMBBBiiBBBllE
CCCLLeeeMMMbdOWWNN
cllAAMMMBBED
cLLLimbberr
CCCLOmmBAAARR's
CllliimbaRRS
CCClUUUMMBInnG
ccllIImmmbbbiiNNNG'SSS
cliimmBBBS
cluuuMaa
cccLLImAAA'SS
CLLIMMMEESSS
cLLiiinIINNDRRRIuuummm
CClllIInnCh
clllinCh'S
cccLLiinnCChUUUDD
ccLLLIIINNcccheRR
cLiNNchIR'S
CCClIIINNccchhhOOrrS
CCCLIInncchhUUSSS
ccLiiiNccchhuuunnngg
ccLLiiinee
CCllAANNNgg
cccLIINGG'ss
clllEENNGGeerrr
CCCLLIINGGEEERR'SSS
cLLLIInnGerrSSS
CClINNNGGGffiiilm
CCllIIINNGGffUUSSSHHH
cLONNGGiior
CllliNNNGGiieeesssttt
CCCLLIIINNGGIIInngg
CCCLiinnGGSS
CllOOnnnGsTToNNii
CCCllInnngsssTTTUUNNess
CCCLanGGGy
ccLUUUnIC
cccLunnAcc'SS
cLLAANIICCaaall
CCCllliniiCCaaLllYY
cccliNNacIIIAANN
clllIIINNOOCCCIuunn'SSS
ccLLLeeNNNaacceeeAAANNNs
CLLIIInnnIcSS
cLLUUnnnkkk
CCllOOOnnk'S
cllIIInnKeeedd
CCLLaaaNNKKurr
ccLIIInnnkkkooorr'ss
CCLLiinnKUURRRsss
clllaaannnkkaNNGG
ccLLuunKs
clleeNKKSTTTaNNNEE
cccLEENNoooMEEETEEEr
clluunamEEEttEERsss
CCCLLINNNQQQAAAuuunnt
ccLiiinTTTOOnniiiii
CCllINTOONNEEAAAss
CCLLLiiiAmmEttRUUccc
CCClIIUMMMeeeTRRIIIcccAAllLLYYY
CClUUooomEEttrIIICCiuN
cccLLLIIeemmmEETTRRRuuuccciiAANNN'ss
CCCLLLUOmmootttrrIICeeeAAAnnnS
ccLLEEOmittRRiicccs
ccclllEEOOOmmEEtttRRuuCCSS'SS
cccLLaappp
ccLLLoopp'SS
cLLOpbbboaaaRRRDDD
ccLLiiippBBBooaaard'S
CCClllIPbbbaaaiirds
cccLLIIIPppeeeddd
ccclllApPPeerrr
CLLLAAApppPPurrr's
CLLIIpppppAARSS
cclliipPPuuuNNg
CCClllIIIPPPppeeNGGG'ss
CllIppPUNNNGGGsss
CCCLLLeeepppSSS
ccclllIIIptt
cccllliiqqqEO
CClleQQUe'S
CCLLLIqqoooeeeSSS
CllliiqAAEY
CLIqqqUIIuur
CLLLiqEUASSttt
cllliquuuaaaSSHHH
CllIIQQUUIIIsssHHHlyy
CCCLLLuqqqaeSSHNNEEESsss
CClIIQQQuuuisHHnOOOSSSS'S
CCLLIqqUUyy
clIIsshMMECCllAAvvvIrrr
CCCLLLIttoooRRRul
cLLLiiitttoorrEEEDDaacTTToommmYYY
ccllEEEtArrraadddiis
cluTToooRRiiiss
ClleeetttErrrUUUss's
cLEEEtOrrruuSSSeeeSSS
ccLLooICCUU
cLoOcccaaa'SSS
ccLooiiiccooII
CCLLOOOiiiccAAsss
ccllooAAAKK
CClllUaaaKKK'S
clooaaKKeeed
CCCLLOOOaaaKKInGGG
ccclllaaaaKrrrAoooM
CCCllOAkkRRROOmmm's
cccLLOOOaKRRRoooOOMMSSS
CCLLLuuoKKKss
cllEEBBbbbERR
ccLLoooBBBBArr'SS
ccloooBBBbbbeeruuuddd
cclooBBBBBBErIIINGGG
clllubBBBorrrS
CCClEECHeee
CCCllICCChe'SSS
cLLoocchhhuS
CCClllAACCKKK
CCCLooCCKKK'S
ccLoooCCkkIDDD
ccLLoockEr
ccLLLoCCKKIIINNNGG
CLLLooCCkmmIIkeerrr
CCloCCCkkkmmAKKEEErsss
CCCloooccckkSSS
cLOOCkkwOOOsE
cLLLoCkWorrrkkk
CLLOOOccckkWWWOOORkk'S
CClIcccKKWWErrrKss
CCClleD
cccLLuuuDD'sss
CCCllluudDDiiSH
CLLLeeeDDDdddIISSSHHlllYYY
cLoooDDDdiiSSHHNNeSSss
cccLLODDDddYY
cccLLLooDDDHHHAPPPPaaR
cLOOdhhuPppoR'sss
CCLODHHHOOPPPPIIRRSS
CllloDDhhhOOPPPpppiinnnggg
CCCLLOODSSS
cccLLLooGGG
cclloGG'SSS
CCLLooogggggEd
CLLLOOOgggGGEEeerr
ccLLoooGGgggIIeSSttt
cccLooGGGGaaaNNNGGG
CCllOGGgY
CLLooGSS
ccclllOOisson
CCCLLLOOeSSSeNNNNé
CCLLIIIIISSINnnné'SS
cLOOOiiSSSTTTorrr
clloooasssTTARRR'SSS
cccLLLuuuiSSTTTeeeRRoooDDD
CClllOOIstteerrriinnng
cccLAAAiiiSSTUURRss
cccleeeUUSSStttrIL
cLLIIMMMBB
ccLLLoomPPP
CCCLOOMPood
cLLommmPPiingg
cccLLeemmmppS
CCLooonIIlll
ccclIIINNNEEE
clOOONA'SSS
cLLLEENNNidd
cclonnnEss
CClllaaaNOOONNNgg
CLUUUnKKK
ccclaannnkk'sss
CClonnKKKeeD
ccLLaaaNKAAnng
ccclaaannnKsss
cccLLLaaaNNNIIIsss
cccLOONNNAAASSSuuuS
cLooPPP
CClllOp'S
cclOOOpppaaddd
CClUUpPPPINNNG
cccLLOOpppSS
cLLOsss
ccLLoooSSSAAABBLLA
cclIIsEE
ClllUUssIII'ss
clIIIsuAbbbllAA
cLLLoosseDDD
CllliiiSSIIIfiisssTTTEddd
CCLLooSoofffiitTTTINNNg
CCClESSuuLLLy
cLLUUUSSIIMMOOOOOOtthhhed
ccluSiiiNEESSsss
CCCllOOOseNNEEESSS'SSS
cLOOseeOOuT
ccLLLuSSEoUUUTT'S
CLLLIIISSaOAttS
cllEESSEEEr
ClUUsseeeRsss
CLLLOOSSEEEsss
cLossisssttt
CCClooSSSEEETT
CCClllossseTTT'SSS
CCCLLEssseeetttaD
cLiiSUUttaaNG
CCCllloseeetttS
ccLLoooSOOEEEP
CCCLLLIIIsssaaauP'sss
CloSAAAuupppss
cliissIIInggg
ccclosEEEnng'S
CCClllOOSSSiinnngS
CCCllluuuSSStRidEEEUUm
CCLosssTTrrrOODDIIUmSSS
CLUSaaReee
cLLEESSSuuurrre'S
ccLossOOrEEsss
ccLLLIIT
CllaTT's
CCCLOOOtttHHH
cccLLLoothh'sss
cllOOOthhhbbbEEUUnnDDD
ccLLLeeeThOO
CLLLoootHHeeeDD
cccllEEttthhAASSS
CClllOOOttHHHOOOSSBeesKKEEEt
clllottHOOSSShorrssi
CCCLLLOOOttthhEEshhhIIIRRRSee'SSS
CLoThhosHoooRRsssEEESSS
cccLIIItttHHHESSSLEnee
cclllEETTThhhAsllInnOOO'sss
CLLLOOOTTThhEEEsLLIIInuuuS
CCCLLaaattthhhooossPin
CCCllETTTHHHEESSPPinn'S
cccLLLoootthuuusspppins
cccLLOOtttHHHeeSSSppprEESSss
CCCLOttthheSPPPrreesSeeeSSS
CCClOOOThhhoEEER
CClletHHEEEErrr'SS
ccllIIttthhhiiURRRSS
ccclllUUUtHHHoNNNGG
cccllOTTHIIINg'S
CCClUUtttHHss
ccclOOtsss
CCLLAAttttood
ClllaTTunnnGG
ccLLLoootttUURRRooo
cclOTTiRRAAA'sss
ClOtttooorreeesss
CLLoud
ccllOOOuuuDDD'SSS
CLLLOOOUUUdddbbbUUrrrriiiiiiSS
cccLoUdddBBBOOOrrrryyy
cccllluUdddbbuuuRRssT
cccllloUUUdBeRRRSSSTT'ss
cLLLoooudddbbbeerssTTs
cccLLIIIiDDeD
CCCLLLooouudiiiARR
CCLLoooiiDDDiiiEEEssttt
cLLLouuuddIIIllyyy
CllloooEEdIIInnnoooSSSsss
cclllOOEdddinnneesssS'sss
CCLEEEUUdddUng
CCLLLAooDDDllaNNND
CClOeedLEEssss
cLOOuuudLeeTT
cccLLLEEEuudss
ccLLLiiUUDSSCCaPEEE
ccloUUdsssCCIIPAAASSS
CCClloooedYY
CllooUUUGGGhh
ccllaaauttt
ccloaTT'SSS
ccLLLuUUUteeD
CCLOOuuTTIInnngg
CClleeeUUTTss
cccllovE
CClOOvvvEE'ss
CCLLoovvoooN
CllUUUVIR
clOveerr'S
CLLOOVVVeeRRLLeeaaf
cLLOvarrLOOOaaaFF'ss
CCCLaavIIRLLaAfSSS
CCCLLIvvvaRRRlEaaVVVeesss
cclEVVERRRSS
CCCLLOOOVVOS
cccllloWNNN
cclaWnn'ss
clooWWWnnnIIdd
cclllooWNNNeeeRRY
cccLeeewwNNIINNNgg
CCllluWWWNNNeeengS
ccLLLIWWNNIISHH
cccllleewwNNNessHHLY
CCCLLLoowwnniisshhhneeesssSSS
clooWWniisssHHNNNaaaSSSS'SS
CCCLooWWWnnnss
CCCLLLUUUYYY
ccLLOYYYEdd
cclliiiYonnnG
ccLeYinnnGGGLLLy
CCLLooyyiinnGNNEEssSSS
cLoooYYYSS
cclliibb
cccllOOBB'sss
CCllluuBBBbbaaabbblle
cccLUBBBBBud
CCllEbBeer
ccclUUUBBBBooRss
CCluuubbbBBBIORR
CCCLiibbbAAoooSTTT
cclOBBbbbUUnnnggg
ccclluuubbbBBByy
CClluuuBBFFFeeETTT
clIIbbbFoott
ccLLLUbbFFFooit'S
ccclllUUUBffuuuOttEddd
ccclOOOBhhiiOOOL
cccllloBBBhIIEssEEE
ccLLubHHHUiiisssooo'SSS
CLLeeeBBHoooOsOS
CCCLLuBlllINd
CLLAAbbbMMIInnn
CLLeBBrrruuuOOOMMM
cLLiiibbbs
ClleeebbbwwoooMEnn
CCCLUUCCk
CLLLACK'sss
ccLLuuuCkkkEDD
clIckiiinnngg
CClICkkSSS
cccluuue
cclllUUe'sss
CCCllOOOEEEd
CLLLUUOOOiiinng
CCLLLUEllleeeSSS
cccLLuEESSS
cleIIINGGG
cLummmPPP
cccLLLUMMp'ss
cllEmmppuuddd
ccLLLuuuMMMPPPEEaRRR
cccliimmmPIussttt
ccLLAMMMppiNNGG
CCCLLLAAAmmPPs
CCCllliiMMPPPY
cLLUUUmsssEEerrr
CCLLLuMSSSiiiuuuSSSTT
CCLuuummSooolllY
cLiMsssIInneessss
CCClluuuMMMSSSIIINiisss'SSS
CCLLLUUMMsy
ccluunnnggg
ccLLUUNK
cLonnK'S
cLuuNKKEEEDDD
cLLLuuunKeer
CCClllUUnKKKEER'SS
CLuNkaaaRRs
ClllooNkEerrr
ClEnnnkkiiiiSStt
CCCllINkkIIInGG
CCCLLLaaaNkSS
CCClllINNNkYY
CCCluppuuiiiDD
cccLuuPPooIIDss
ccclluuuPPPeeeiID
CCCLLLUUSttEEErrr
CClUUSStARRR'S
CCLiiSSSTTeerrreeed
cclOOOsssTeeRoooNg
CCCLUUUSSSTTERss
ccclleettCCCHH
CCLLLUUTTTCHH'SSS
CLLUUTTchhhEEDD
cclUUTTcHHHaaaSSS
cLuutcchhhiiinnnGGG
CCLLLuttttttErrr
ccclllUUttTEERRR'sss
cllluuTTTEEErreeDDD
CCllUUTTTTTTeeeRRROONNG
cccliiitttTeRRRss
CCCLLLYYYppOAATTTee
CCCllYPeeeAAS
CCCLLLyyppEEEuusasss
CClysssttteeRRR
cLLLySSStterrrS
CCNNooomIS
CCnuuuDDeeeRRROoonn
CCCnnnIIDDarIAAAN'SSS
CNNNIIIdddUUUrrriiiiNsss
ccnniiDDDabLLLOOOsssTT
CCooAACCeeeRVVOtttOO
cccaaeeeCCHH
CuuuECCCHH's
CCooIIIcchiDD
ccOOOAAcccHEER
COAACCCHHEEss
cUUaCCChhhiNNNGGG
CCooUUchhloooEEDD
CCoaaChhlOOOaaaDSS
CCCOOOaaaChhhMaan
CooiiCCHHHmEEN'SSS
CCCUUUaacHHmmen
coooaacchWhhhIp
ccOOOOcccHHHWhheeepppsss
ccIIIIIccHwUUrrrk
ccOOaaCCCTTT
ccceeaccttteddd
ccOAAcTTTInGG
caAAcctiionnn
ccoUUUccctIIOONNs
CCCOacctttIvvuuu
CAAuuucctS
CCOOOaDDDjjUTaaNNNTT
CCCOOAAAdddJJJuTORRR
cOOOaaDjuuuTTOOr'sss
cccOaaaDDjjjuuTToRsss
CCCoAADjjjutRooosssSS
CCCOOaadJJUUttriiiX
ccOAAADDDuuNIItti
CaaaAGuuuLLLUUbblE
CooIIIggIIIlleeennntt
ccoAAgguuuLLINNtt'SSS
cEEIIgggIllOOnnnTTSSS
ceAAGGUUULLASUUU
CCCOOOAAGGGiilllaaaSeSS
CCOOIIIggEElAAAttti
cOIGGuuLIIITTToDDD
cceaGGGeeLLLAAttteesss
CCeeeaagguulllAAtttannGGG
CCCoOOGIlUUttaOONNN
ccOOOUGGOOOLLuuuttAAIINNN'SSS
ceeeAAAGGGollaaattIIIVVOOO
cOaGGGULLLATTAAARRR
CCoooIIIgUUUlluuTeRR'S
cuuuAAAggAAlUUUtOORRSS
cuuuaaaGulEEm
cccoaaGGGUlluuuMMMSSS
CCCooaaal
cccoeeelll'SSS
COaaalud
CCOuuuleeer
cceeeallleesssCCCEEE
cccOiiLLiiSCCeeeDDD
ccOOaalllEEESSCINCCCu
ciallEEEsssCCEEnnccci'ss
cccOOOaaallIscccEEENNT
CCIIIAAALLIISSSCEESS
CoooaaaLLAAASSSCENNNG
CCeeAAALFeeeCCEE
CCUUUEElllffaCCCEEE'sss
cOaalffaaaccceSSS
CCOoLLFFIALLd
CoALFFFiiiELLddS
CCOalllFFFiiiSH
CAoLLonggg
CCCIIIaaliiittUOOOn
CCCUUEEluuTiiiEEnn'sss
coooallIItEEEAANalll
CCCOOOiiiLETTTAAooNNNassst
CCCOAAALLLitiOONNNIIIsssttt'SSS
cccAAAlliteeeNNEstsss
CCCOOAALLLiTTTIIaaNNs
CoooLmmEEnnnooo
cceAAllMiNNiSSS
CCiiiAAAlls
ccOillY
CCCOOOaammmiing
CCaUmmUUUNNNGGGS
cccUUuPttoooTTTOOOnn
cceArrccttATI
CCooaaRRSSEE
coooaaarsssUUUlY
ccOOOUURssEEnnn
ccceeAAArSSIIInnOOdd
CCCooourrSAAANEEssss
cuuArSSSEEneesss'ss
CCoooUUrrrSEnnniNNg
cAAAaaaRRSSeeNSSS
ccearrrSSSoRR
CCiiiorrSSSeeessstt
cOOOOssstt
CCCaaaoSSSTT's
ccOOaasTAAlll
CiiAASSTTeed
CCOOASTerr
cEEEooosssTTTooorrr'S
ccOOaaSSStuRRs
CCCoooASSTggiioRRRd
CCCOOOAsstGoooIIIRRDs
ccoaaasstGeAAArDsmmAAAN
cOOOASSSttgUUUaaRRdSSMMuuun
CCCaOOOsTTTOONggg
coooooSttLoonnnD
ccoooeeSSTlooonnnDs
ccceaaassTTlllIIInEEE
ccoAssTTTLLAAANeee'sss
cccOooSSTTTlllanneeeSS
CCoAssstS
CAAAOOOsstttwwAArddd
cEEiistttwwwiSSEE
CooeeeTT
CCooaattt'sss
COOOAAAtttEEdd
ccOOOooTTTOU
CCCOOIIttEEOOs
CCCooeettU
COoTiimmmuuuNNNdiii
CCeeaatoNNNgg
cOAATTTInnGG'ss
cceeeaaatttUUNGGsss
ccoIttiiS
cccaaaAATrrAAAcKKK
CCOOOAAATrrAAcccKKss
CCiiIITTrrOOooomm
CCOOIITRRRooooMMSSS
CCCUaaaTTSSS
CoooAtttttUiLLL
ccceeattTAAAUUULLL'S
cccoaaatttAiiillSSS
CaaeuTTThhhiiRRR
CCCAAAAAiitHoRR'ss
CCCEEAAAooottthuuRReed
COOOAAEEtthhhooRRiiNNNgg
ccOOOeeEtthERRRsss
cooAX
CAAAOOXXod
CCAAAOOxxeerrr
ccooAAAXXXeeerr's
CCIaxEERRRS
CUUUUUXXeeess
CCOOaaaxiiALLL
CCCAAAIIXXXiIILLLLy
CCOOOXXXiNNNgg
CAAAAAXUNggLyy
CCeeeb
CCoB'SSS
cccooBBaaLLLttt
cccOObALLLTT'S
CuuubAAAllttIIC
cccOBBAAllTTTiiteee
CoBalllTTTIITTes
CCCOOOballteAS
CCooBBBBEEERRR
CCooobbbbIIRS
cccoooBBBBllluu
ccooBBBBlee'SSS
cooobbbBLedd
CCOBBbLLuuRRR
CUUUBBBLLLeer'sss
CCabbbbbLLLeeerrrS
cObBBLeeesss
coBBBBlaaSSSTTTeeennU
ccoBbblUUssTTTiiiNNNe'sss
cccIBBBbbblleeestttINoooss
CoobBBBLIIInnG
CCCOOOBeeeLLLllOOOgEERoNNTTT
CUUbbIaaa
ccUUbIIAsss
CCCooBLLLII
CCCeBBBnnnUUttt
CCCobNNNutts
cccoooBBRRReee
CEBrrreee'S
coBBRRAAAsss
CCCOBBsss
CCCiiburrG
CCCAAAbWOb
CCoobbWWEEBB's
CCCaaBBBwwAAABBBbbbEEEDD
ccooBWEEEBBBBBBoeerrr
CCabbWeeBBBuaaaSttt
CUUbbwwweebbYY
ccooobbwwwAbbbs
coooCCCAA
CCAACAAA'sss
coCCaaaiiinnEE
cccAAccEEEIIINee'ss
cuuccAUUnOOOSSmmm
cccUUUCCaaIniZZZe
cccecccaaeeennizzzeddd
CCCOOOCCCUUIINNNOOOZEs
COOcccEOnnniizzuuunnnGGG
ccOOccCCi
CAccciiiDDD
cEEECCCCiiDDDuuAAAeeddEEmmmycccOOSSSes
ccOCCCCCaaDDDiiOOOuuDDOOOMMYYYccAAAsssIIISS
CoooCCCCCCEEDDAEsuuuSS
CCICCCCCudddiiOSaaaSSS
cccooocCCUsss
CCooCccUUUS
ccOOCCUSSS'ss
CCCecCyyyGGGeaall
CoCCCCYYYgees
ccOccyyyxxx
CCCoooccccYYYXX'SSS
CoooccccYYXess
cccaaaCHENNAAAaaalll
ccoooccHiiinnOOOaLLL'ss
cocchhhlleeII
CooochhLLLeeE'SS
COOccchlleeeuuuE
COCHHllEEEeeerrr
ccoooccHHHllleEsss
COcchhhllooaaTeee
CooccK
ccOOOCCkkk's
CAAcckkAAAdddEE
cOOccckOddde'ss
cIckkkaaadEs
CeeCCKaaaLarruuM
COOCCkuuMummmIIIe
coocckiiimAAAmmmy
CCCEEEccKKOOTTTiiiuLL
CIIIckkoTTOOOElSSS
CCoocccKKKaaaTiiIIIL
CAAACCCkkAAAtIIlllss
ccOOcKUTTToooOOO
cooCkkAAAttOOI'SSS
coocKKKAtttaaaOOOSS
cooCKKEtRRiiiCEE
CoCCkatttriCCEEE's
cAAccckkuttrrICCUS
CiiiccckbbOATT
ccUUCkkkChEEfEERRR
CoocccKKchhAAAfErrrss
CoccckkkccrrOOW
cEECCCKCCCrrAAAw'SSS
cccEEEckCCCRRRooowwwSS
coccckkeeD
cccIICCkkeeeRRR
COOOckkkuuurrriid
CCCeeeCCKAREEElll
CCCeccckkAAAROOLLL'SSS
ccOCCKKKEERoooLSS
CCOOCKKoRRREENNNg
cccooCCCkkkurrrSS
CuuuCCCkkkEEEYYYa
ciiiccckkkeYYEEDD
CCiiiCCkkFFiiggghhT
ccUUUccKfffOOOgHHHT'SSS
CCooCCKfIIIGGHTTEEEnnng
cUUCCCKffIIIGGhtttEEEnnGG'SS
CCoooCCCkkffEEEGGGhhtSSS
CCUCCKKKhAAARRssAAA
cccOcccKHoooRRRSSeeeS
COOOcKeER
CocccKKaaaOOsssTT
CEEEccKKillY
cOCCCkkkIINNuuSSS
CCCoCCCKKKuuuNeeessss'sss
CoocckkiiinnnGG
CCCOccckLE
CiccckkLLLe'sss
cccIIICCCKKLEEEbbbAAAaaatt
CCocckLAAbbbAR
CAAcccKLOOBeeeRs
ccciickllISS
CUCCCkLLLuuSSHHelllLL
CCUUUCklllEEESSSHHHoLLLll's
CCUCCCkLEESShUULLLs
cccooCCKKKLLLOfT
ccOOccklloofffTTS
cUckNNuyy
CCCUCCCknnEEY'SS
CCAAACCCkkknEYYYffyyy
coCCkkNNNeYYYIISSm
CCUccckkNNeeYYSS
coCCKKKpppiitt
cOcKKKPPPiiT'SSS
CCCOOOccKPPuuttts
CCeeeCCCkRROOAcccH
caacKrruuuAAccch's
CCIICCCkkrrOIIccchhhEESSS
coccckss
cccOOOcccKKKSSCUUMMMbbb
ccoocckkkscccOmmmb'sss
CCCOOOccksCoooMMMbSS
CCaCCCkkkSSSHeeeEEsss
CoockkSSShhhY
CCOOOckSSSPPPiiR
cAAAcckkSPPuuRRSSS
CoCkksssOOccKKKeeer
CoooCkSSUccckeeeRRR'sss
cIIIccKKSSuccckeerrss
COOccckkksssuRRRii
CCCiiickSSSWWWAAAiiin
cOOccKKKttuiLL
ccoCCCkktEEEell'SS
ccUUUCCKKtttIIIoolllsss
CCCeeeccckiPPP
CCOOCkkkuPsss
cccEEEcckkky
ccAACiii
cOCo'SSS
ceeeCIAA
CooocccIIIEE'S
cccUcccOOANUUUt
CCCoccooaaNaaat'sss
CCiCCCOOaaaNNuttss
CCCUUUCIOSS
ccOOOCCCEnutt
CCooCCooonAAATT'S
ccooCooNNNUttsss
cccUUUCCCoooonn
CCAACCCOaaNN'ss
ccceeCoOnnEEdd
ccOOcccOOoonniiiNNNg
COccOOooonnSS
CCCOOcOsss
CCIcOOTtteee
CCOccEttTTTaaS
CCUUddd
CCIIId's
cccOODa
ccooddOO'SS
ccoooDDIIISSS
CCOOOddddddEddd
CCOddIIng
ccoodddddLLEE
cccOODDdllEEd
CoooDDDDLer
CooddddLLLEEs
COOdddlllInnggg
cooodde
ccOOOdE'ss
CEEDObbRReeeAKAArr
CCodddeccLLLannnaaateeeoon
CCuuuDDaaadd
ccOOODDDOINNN
ciidddEeeNNNiii
ccOOOdddeeeiNNNEE'sss
CCCOODoooNOOMMI
CCCOODDeNOOOmmmEEEdd
CCCoooDDDEEEPPPEEEnnDDDaaanncee
COdddEEEPEENdennccY
CCuDePPAndddeeennccY'SSS
CoooDOOOPPPuuunnnddAAANNT
cOOODopEEENNNDDDEEENNNTTT'S
CCooDDDEPPiiiNNNDDDiNNTs
CCCEEDDErr
ccceedddErr'SS
cccuuuDDeeerrrS
CCCoodddOOOss
CCOOdeewAAARRd
cUUDDeewwiirrrDDDSS
ccaaDDDAAxxx
ccooodddiiiX'SSS
cccoooddffIIIssH
CCCOdddffIISShh'ss
COODfasHHEEEsss
ccoooDgggeer
CCCiiiDgggArr'SSS
cccoDGGGeeerrSS
codUCCass
CCOdddiiccOLLL
cODDUCCCilll'SSS
ccoDDIIICCAllLAAAry
CCCUDDICCaalsss
cccooodddUffeeeCaTiiiiiin
cccoooDDIIIFUUUcATTAAAuuN'S
CeediiifiiicOOtttoooiiinnsss
cooodddOOOfffIIIeeed
cuuuddaFoooeeeRRR
cccEEEDDiifffOEr'S
codiiiFFFiurrrsss
CCoDDDIIIffIAAASS
CCCOOddiifffYYY
cccooDDDIIfYIInnng
ccOOddiiNNGG
COdddllAAAnnG
cOOODDDIIN
CCADDDuNNS
cceeedddpIIIIIICii
CCOOODDpppIIeeCee'ss
CCAAddPPOEEEcEEss
CCCoodddSSS
coDSwwwaallOOp
cccOOIIIDD
CCCooeed's
cccooaaDDsss
CCCOOOADDuCCCaatIooNNN
cccaaeeDOOCAAtIIIoooNN'S
CooUUdddECoootttUUaaaNAAAL
cccooeDOcuuuTTaaaEEEnalllLLLy
cooOOOffffffOccEunnttt
COOEFFFiCCCaaaeeennT'SSS
ccoooEffFUUccIIiinttts
ccOOellACCAAANNtttHHH
cOOILLLAAACCCAANNTTThhhsss
CCCooEELLonnttteeeRRaa
CCOOEEElllEnntERRRaaattA
CCOEllIINNNttturrrAttteee'sss
CCiiiiilleNNNTAAraatos
coEEELuuunnntttORROOONNN
ceeEElAstttAAATT
cccoeeellloooSSSTATsss
CooANNiiicYYYTEE
CCCOOAAnUssarrccc
CCoinnnuRIIIS
CCoinnzzYMeee
CCCeeeeeeNNNZZZYMMoooSS
CIIEEEqqUUUaall
CCCOOOOQQQuuIIILL'SS
cccIAAQuaaalotttyy
CCOOEEQQQeaaLllYY
CooeeqqAAALLS
ccueRRceee
cccOOEEErCAd
CCCoArrrccEEEr
ccEircccAAARRR'sss
cccoERcoorrSSS
CCCoooEEErrcceeSS
CCCOOOeeerrCuuubLLLo
COARRRcciiinnnG
CCCeaRRRcccAooon
cooeerrrCCAAAooN'SS
cccOuuurrCCCAAOOOnnSS
CCCaeeRRcEEVe
cOosssSSEnnnTTauulll
ccooettEEnEEEuuuuss
CuuETTTERRRNNNeell
CCoooEETTTEErnnAAlLLYYY
ccOuutteerrnnnOOtttyy
ccEEeVIlll
CCoooeVVal'ss
ccooEEEVVAAALLLooTTTYYY
cccoAAAvvvaaaLLLYYY
CeeeEEvaaaLLs
ccuuuEvooluuTTTIIon
cccOOOEEEVVeLLITTTaOONNooorY
cOOOivvilvE
couuXEEccAAAtttOOORRR
CCOeexxOsTT
CCCAAeeexIIsTTeeDD
CCCoooEEXXXaaSSSttteeNNNCCE
CCOExAAstEEENNCii'ss
CCCOOIIXXXessTTTaaantt
ccoooXXistaNNggg
CooEEExxxIIStSS
cccaaiixxTTTEEnnnDDD
cOeextENNNssive
CCOEEExTTeNNNsiiVillYYY
CCCOfF
coofffEEEEE
CCOOOfffoEEE'SSS
CCCOOOFFFfffuueeCCCaaakkki
CCOOOFFFFeeIcccOOOkeee'S
CCeeeffFFFEEiiiCIIKKKASS
CCOOOFFeUHHHEEEuuuSSSEEE
cccOOOffffEEehuuIIISSEEE'sss
coooffffffeeeEEHoooAsssISS
CCOOOFfffAeeeMMAAkerr
CooFFfffEEEEMMAAAkeeRR'ss
CUUffFFFeeIIMMUUkkeeeRRRSS
CCiFFFfffIIIeePeeet
cccoooffffEEEeepppOTTT'ss
cccoooFfaaeeepoooTTTSS
cOOOfffaaiisss
COOFfAARR
CCCiiFFFeeeRRR'SS
cccooFFFFFFeeerddEMM
cEEfffFFFEEErdddaaaM'ss
cccuuufffFFFeeerrrDAMMMs
cEfffFUUUrrrss
cciFfUNNN
COOOffFFFIInn's
ccooofffIIINiddd
CCoooffffffEEEnniiinnnGGG
cOOffffans
CCooFFFLLe
ccAAg
cEEEGGG'SS
cogggEEnCCYYY
cEGuuNNCCYY'SSS
CooGGeeennniRaaatttIIOONN
CCooogggonnnT
cUUgeeennntlly
CCoooGitttoBBllooo
CCCEgggiTTAAtttEE
CoooGGGIIITAAAtedd
CCCOOOGGeTaaatEEEs
CCoooGAATTaaaTenGG
cuugggiiittaaTTTIIOOOn
ccceeeGGooTTTAATTTUUUeeN'S
coGGGiiittUtttoiinSS
COOggguTOOTTTavee
CCoooGGGIITTTuuuttOOOrrr
COOOGAtATTOOORR'ss
CCCOGIIttitorS
cccOOGGNaC
CCCoooGGGNNAAACC'ss
cccaaaGGnEEEcS
cOOOGGGNNNAAAtttE
ccUgnaTTI's
CCUGGGNNaTTTIIlllYY
cooogggnatoooniiiSS
CCOgggnnnOOOTTTIIs
COOOGNNaaattIoonn
CCOggnnnIIITTTIIeeenSSS
ccoggNNUUTTTiiiOnnn
ccOOOgggNNNIIttAOOOn's
CCoGGGnniTTTAOnOOOLL
ccOGNiTTTEEEvvve
ccOgNiTEEvvvellY
CUUUGGGNIIZZoobbbLLLoo
cccOGGGnnUZZZANNNccaa
coGNaazzzAncEEE'SSS
CCUGnnnEzzzaaaNNtt
cccEEggNNNizzziii
cOOOggniiZOOODDD
CAAGGnnuuuZZZeeS
CCCiigggNNNeeeZiiNGG
CUUGGGNNiiimenn
cuuugnoommen'S
cccOOGGNNNoMMMOOOnnnSS
ccegNOmINNaa
cOggniiSSSccENNTuu
ccOOggNASSccOOOnnttO'SSS
CAAAgNoosssCCCEENNTii
cccOOOGGuunnn
ccooogggs
cooggwwhaaaaalll
cccOGGWWHeeeeeLL'ss
ccceegggWWWheeULsss
ccOHHaBBIIIt
CCCOhAAbiiiTTUUUNNTTT
cccIHHHUUUbbeeettaaannntt'SS
cuHOOBBIIItttuNNTTS
ccciiHABIIItttItttiAAAnnn
ccAAHHHobbbiiTOttAAIINNN'sss
cccOOOhhhAAABBiiitEEddd
CCuhiiibITTTArrr
CCaaaHHAAABITTIIInnnggg
ccOHHAAbITTsss
cccIIHEEEUURRR
cccOOHHooooor's
cAAAhheeaarSSS
CCCoHHHerrE
ccoohhOOrrIIIddd
CCooohheeRRREEEnnccaaa
CoohhhIIIrenCOOO'S
cccoohhoRReNCCy
cccOOhuuuRROONNNcccyyy's
CohhIIriinnT
CCCOOOHHHeeRiiinnTTlYYY
cOOOHeerrrees
cohERRROOOnnnG
coooHEEEssiiann
ccAAAhhheeSSSuuOOONNN'S
ccEHHHuuusssUvvEEE
CCaHHeeeSSAAVEEELLY
cccoohhhEsssiivEEEnnnussss
cccihEsiVeeeNNNEEEssSSS'SS
CCOOHUU
cccAHHU'SSS
cccAAHHooBBIIttte
CCCEEEhhooorrrT
cOHHeeRTT'SS
CUUUhhhORRtttss
cccEEEHHiSS
CCCohaashhh
ccEEEHHHOSSShheeess
cccooHHHostt
COHOOnnnE
COOOhhUnEEsss
ccuiiiFF
cEEeFF'SS
CCCAAufffID
CCoooIIffFFFeeDD
cccOIIIFFFFFeiiirrr
CCCoooaaFFFFIIIuuursss
CCIIIFfffAAAOSSi
ciiiiFFfoooAASSSEss
ccOoofffFIIInggg
CCOOOIIFFffEErrrU
COOeeFFFURRee'SS
cccEEeeeFFFffuRRREED
CCCuAAAffffffEEEreSS
cccOiiffffARRIIING
CCOAAAfffIInnggg
ccIIiffSSS
cccOOIIIgggNNN
CCCeeogggNNNss
ccoooIILL
ccceeULLL'ss
CCCOOooolllEEEDDD
cOIILLiiNNNggg
CuuuUULLLS
CaaaINNN
cAAAeeennn'ss
coINaGEEE
CooOOOnnnAAAggEEE'ss
CoouuNNNAAGGEs
COoNNCCiddEEE
ccooINCCUUdeeD
ccoAnCIIdduuuNNCe
CCieeNciiideeNNcccEEE'SSS
CCOUNNcccIIIDeeNNNcEEsss
CeeeIInnCCCEEddeeent
cOONNCCEdIIntUl
cccooanncIIIDDDeNttullllyyy
ciooncciDDDEESS
cOOuncccAdddEnnnggg
CooOnnUUUDDD
ccAAINUUr
ccuIINAAAr'SS
CCCoANeeerrSSS
CCiiIIINNUNNNg
CCCAAiiNNNss
CCooooonnnSttonnnTTAAANiiiaaUSS
COOIInnnSSuurrreenccO
CCCeiiinnssirrrAAANCE'S
CCeeIIINNNssuRRREE
CeeeONSSuuuraaDDD
CCCooaNNSSSuuurAAAsss
CooAAnnnSSOOORRRONggg
CCOOOUUrrr
CCCoooiiirrsss
COOIIITTTULLL
cOataaOn
coIToooooNNSS
CCuiiTuusss
cOOOAtttUUUss'sss
CCeKEE
CCCuuuKKO'ss
CCOOkkkEEDD
cIIKKeeeSS
ccOOOKonggg
cOOLLEEE
CCCOOLLLaaa'S
CuuLeeNNNdddeeeRR
CCCOlllAAANNNDeeeR's
cccoollENddEERRs
cALLLASS
cccALaaTIIITTUUDDDo
ccooolllcccaaannnNNNIIInnn
COLLLCCChiiCCInnee
cciiiLLCCHHiiicccuuM
CCCUllCOtttHAArrr
CColD
CCCoolllDD'ss
cOOldddBBBloooodaaDD
CCULLLDDDEEErrr
CooolllDDDeeesstt
ccUlllDDDisssHH
CCCOOldLLLYY
CCoolDDnnnoossSS
CEEELLdnnnEESss'SS
CCuuLdddsss
cccoooLdssHHOOUUlDDDEEr
ccoLLLOOO
CCooLiiiCCttOOOmmyyy
cooLLLuuuMMaaNNETe
CCIIIlEEOPPTTuRRuuNN
ccoooLLEEEAApTIIleee
cccOLLEoooRHHHiZZZAA
ccAAAluss
CCuuullloosllAAw
CCCEELesssLLUUW'S
CCCoLLeees
coooLLLEEEooSS'SSS
CooolliiESSSEs
CCCEEEllEwOOORRtt
ciiLEEwarrTS
COleey
cccIIllEEEYYSS
ccooLIIICC
cooolllIcc'SS
CCAAllUUcKKyyy
CCoLuuCCRRROuuutt
cOOOlliiiCRoooutttSS
cOOOllleeecccwwiiUUUddd
ccaaLiiisUUM
CCUUlIIssUUEEm'sss
ccooolllIIsEEEAAAMMMSS
cccOOOLoTuuuSSS
caliTTTIIss'SS
COOLLLooobbbAAAraTTTE
cccollllliibORRUUtUd
CCEEElLLaBorraTiiSS
COOOLLLLEEEBBBOORRUUtttOONNNgg
cccuuLLllaaBOORuTTIIIoonn
cccOLLLLLuBBBEERaaattOOan'S
cuulllLAAbIIIratuuuUUnEst
cULLaBoRRROtttIIIINNiistttSSS
cILllAAbbOORRRaatttoooiiinnnS
CCCullEEEbbbOOrraaattIIVVeee
COOLLlaBBUrrraTaavvvUUULYYY
cIIILLLaaaBBBUURRaatOOOR
CCooolllLLLaaaBoorrrAttorrr's
cooollllAAABBBArrraaaTTTaaaRRRss
CCCOOOlllLLIIIGuu
CIIILLLLLaagee'S
cccooLLLlUUGaNNN
ccAlLAgoonnnSSS
CiilLuuGGGOOOS
cooLLLaaappsssEE
CAAALLLllaPPPssEEE'sss
cccOLLLLLaaaPsseDDD
cccUUlllllIIppseeSS
CCOOOlLaPPPsssObLLa
cIILLLLLAAPPSEnnGG
CEEElLLLAAAR
cccoooLLLLUURRR'ss
CCCIlLLLIrrBBBoNee
CCCAAALLLllerBBBooonnoo'ss
CoooLLLLLIIIrrrBBBiiinness
cOLLLLLOrrddd
CCCELLLllArrrDDD'sss
cooLLlUURRddSSS
CCUUlllliiRRRedd
CooLLLLOrreeeng
cccOlllLLarrLESss
cUUllllllaaaRRRSS
cccIllLuttEE
cUUUlllliteDDD
cILLLaTeraL
cccooollllliiiTeeerrrAL'sss
CCCIIllLaatOOORRREEluuttYYY
CooolllattteeeraaaLLEzEE
CCOOOlLLLootOrrUUlLLLyyy
CCCulLLeeetaS
COOOllLLLAAAtteNNNGG
CCCiillLAAATIAAANNN
cOllllloTOOOAnn'S
CCOllLETTTIIOOONNNSS
CCCoooLLLLAAAttOVEE
CoLLLlllAtttIIIR
ccOOOLLLllAATToooRR'SSS
ccUUUllllllitOOOrSS
CCCoolllLLiAAGGGUUUO
ccIIllllEEEIGGOOOAAA'SS
cccaaaLLlleeiiguueeSS
CCCillllleeccT
CCIIIlllUUUct'SSS
CCoooLLLllleeeCttaBLo
CCUllIIICCTTTaaaBBLee'ss
ccOLLLaccTIbbllIIIs
CIIlllLEEEcccTTaaNeeAAA
CooLLLLLuuCCCTTEEEd
cccOLLllleeeccTeeddLLLYY
cccuuullllEEECttABBLEE
CCOOLLLECCCTiiBBBLLEE'sss
CoooLLLlecccttEEBBBleeeSSS
cOOOlLuuccctttUnGG
CCCUUUlllIIcctttiiingss
ccooollLLLEccctttIAANNN
CCOOOllllleeeccttiiOOONN'S
CooolLLLeeeCCCTTTiiOOnnnsss
ccciilllllEEEcccTTTaaaVVVe
CCCAAlleeecTTTiiVVVE'sss
cccOOllllllUUUCTUvvveLyyy
cUUUlleecccTTTUvvENNNUUsssss
ccoLLLlllEctiivvaas
cAAllLLLuuCCCTTIIIvvviiisMMM
CCCoLLLlUcctIVVIISSmmm'SS
CCCIIILLLLEEECCTTToVVVIIssttt
cOLLLLooCttteeVVVeeSSTTT'sss
cceeLLLoCCtttaVVIIISStSS
ccAALLLLECCCtiivvvITTyy
cccooolluuccctteeevUUUzuuTUOnn
CCoolllliiiCCCTTiiivvUUUzzAtttEOOONNN'SS
COLLEEECCCTTiivvAZZEEE
CCOlLaactttiiiVVVEEEZZEEEdd
cUlllLIIICTTiiivvezzzeeSS
CCCAAlLLLEEEccTTiVVViZiiNNNGGG
ccuLLLLeeCCCtttoRRR
ccUlllllEEEcccTTAAArrr'ss
cccaaaLLLeCttORRsss
cAlLLLuCCtts
CCCiilllLLOeennn
CoooLllliiEn'sss
ccoolLLLIIeeeNs
CAAllllAGii
ColllLOggee's
coooLllEEEgggEESS
cIIILLLlEEggii
ccoolLLiigggOOOAALLL
cOOOlLeeeGGGuuuuullaaTY
cccooolllaagggiiIILiiiTyy'SS
cuuLLLLAAgggooaN
cOOllLeeGGION'ss
cccOOOlllLeeGGGaaiiinSSS
coolllLAGGIEEETTo
cccOLLLLoooGGiIImm
CooolLLLEEnnCChhhYYYmUUU
cccOOOLLLlllUUUTT
cOOLLeTTTs
cooolllliiDDDE
CCOOOLLLllloodEEDD
CCCuuullllOOODuuurrr
coooLLLloDDeerrss
CEEElllLiiidddOS
COLLoDDIIINg
CCCAllllluuEEE
CCUUllliAAA's
ccaalLLLieeeddd
cccOOOLLLLLOerr
CCCOOLllAAAErrr's
ccOLLLiiieeerrUeeess
cAALLLlEEEeerrS
CCOlLLiiEERyy
cccooLLLLiIIIRYYY'SS
CCColLUESS
CiLLLlOOOGaateee
CUUlllLLLiiiGGGAtEEdd
CCAAlllllliiGGGattEEs
cccolllliGGGoTTTIINNgg
CCCOLLLLLUUUMMMUUttte
cccUUULLEEMMMaaatIIIdd
COOLLLLEmAttuus
cccOOOLLLLIIImattIInngg
ccIIlllLLLimAATTIIaNNN
CiiiLllAAAmmAATUR
ccOLLLlliiiMMuuuTTOrS
CCCAAlLIInnEEAAARR
CCOLLLLIIInSS
cccoollllllIIInnnSEEESS
ccILLLLIIInsAaa
cccoolLiiSSeoooN
ccOOlliiiSioon's
CCCOOOllllliiiSSIIiiNNNaLLL
CCAAlllooosaaooonss
ccuuLLllEEEccceeettee
cccallLLLOOccatttII'SSS
CColllLLooCAAAttteDDD
cccOOllloooCCaaTiss
cOLLLaaccOOttoonnngg
CiiiLLLLLuuucAATTTiiiiiN
CCCOlllACaaaTiooonnn'ss
cOOlllLLLiicooottiiiooonnnSSS
cOOOLLLOccUTTTOr
CCCALllliiiddiiOONNN
CCCILLLLLuuuGGGuuue
CooLLOOOgUeDD
cOOLLLoGGUUoooS
ccUUUlLLLOOgggoaNNGG
COOOLLllOOaaaddd
cccAALllooIIdd'SS
CCOOOllaaaIIIDDOOLLL
ccooLllIIIAAADss
CCCoooLLLLLLAp
CCOOllLLoooqqAiiaaa
CCUUUllLLLequuEEEAAlll
CCUULLiiiqqUUUieeLLLIIsssMMM
CCCooollLLOOqqquuuuuuaaalaaasMMM'SSS
ccOOOlllLLuuuqquuuaaIIlllAASSSMsss
cccOOllllloQuuIIOOlllLLLYY
CCCillLOOOQQQuuueeeeeeS
CCCOllLLUUUQUUUIIIUUMM
CCOOOlllLLLOOOqqUEUMM'SS
CCCUlllLIIqqqoooaauuums
ccaallOOqIIyyy
cccOOllllUqqeY'SS
CooollLOOTyyyPI
ccOOLLLLLLOOOTTyyppAAS
CCCOOOlllIIIDDe
CaLLLUUUdddEDD
CCCoooLllUUdddoooRRR
CELLLLLuuuddeeSSS
CCCOOOllllllAAAdddiNgg
cooolllllOsssaaOOnn
cccoooLLlIsIIIoonnn'SS
CCOOLLLuuusIvii
cccOllloossiiiVViiiLLy
CCEEELLLLyy
CuLLYYYiinnG
CCIILLLllYYrrrIuuuMMM
cccAllLLLYYYrrrIIOOMMSS
cOLllYYWWoobbbLLLiiiss
CCoooLOObbUUUss
ccolObbOOOSSEES
CCCOOLLoooCCYNNtHH
cOOOlllOgaarrOOOtthhM
COOlOOOggnnnaaa
cAAloogggnnEE'ss
CoLLLaagnnnEEEdd
CCAALLuuGGNNNUUSSS
CoLeeennn
ccoLOOOnnn'SSS
cciiLLOnniii
CCCiiillleNEEL
CCOOloNuul'ss
ccoLLLoNNeeLLCyy
CCCuullIINAAALLcy'sss
ccEEElAAAnnnELLSS
CCAAALLLoooNUUsss
cccooLLLInIIaalll
CCCOOOlOOnEoooLLL'ss
CCOOLLaanuaaaLLIIsssMM
cculllOOOnneeeeeLLLIsmm's
CoLeeeNNiiOOllIIsstt
cceeelaaaNNIIIAALIIIsssTT'ss
cALLoonnOOaaLLUUssstttS
CCoolllONNEEALLLLyy
ccaaalloonoaaaLLS
CCCOOLonnnECC
CCIlllOOONNNAAcccs
CiLLOOOnnnIIIEs
cccAAAllIInUSSTTT
coolOONNNiST'SSS
cccooollONNNAASSStts
CCCoLLOONNIZZZatttIooonnn
cceeellOOOnnIIIzAATTAAUN'S
cOOOLLLONNaaazaatttIIiiiNS
CCCooollEEEnIIZZE
CCoooLLOONNNOzzIIIDDD
ccOLLLaanIzERRR
CEluuNIIIZZEERR's
ccoolOnnIIIZZERRSS
CCCilOOnnAzaaaSS
ccOOLLLoooNNiiZZZoooNNNGG
cccoooLoooNNNnnaDDDee
cceeelAnnniidddeee'S
cccolllooNNNNNAAdEEDD
CCooolUUnnnADooSSS
cccOOLLoNS
ccuLOnnYYY
ccuullaaNNNYY'SS
cccEEEllaPHooon
ccoooLLOOOPPhENNN'SSS
CooolaaPPhhOONIIIeeesss
cuLLLuuPHHONsss
CCCoooLOphhony
collIqUOOnntttIIDDaaa
coLLLOrr
cccolloorrr'sss
COOOlOOrrriiiBBBLLe
ccolOrrrUDii
cOOLLorrreeNT
cOOlAArrrANNNtt'S
CCAlleerUUUnntts
ccOllleeeRaaattiiON
ccelEEERAttIOOOn's
CCOllliiRRatttUURRa
COLOOORRiiiTTURaaa's
cccOLooorAAAtaaaRRAAAS
CCoolIIRBlllIND
cccOlOOOrbbLLLIIInnDDnEEEsssS
CCIIlllIIRRbllindNosssSS'S
CCCuLLooorrrCCASSTT
CoolllOOORRCAAsTTTiiiNg
ccUULaarrrcccAsssTTSS
cOLLLOOOReeeD
coLeerrrEddd'ss
CuuulooRRREdss
CCCaaallOOORRREERR
CCEELLOOOrrrFaaaSSSt
CCOOLeRRfffOOOssstttNOOSSS
CooolllooorrfffOOOssstNNEEEssss'S
CCCuuloRRFiieeeLLDDD
cccOOOLLLorrrfaLLL
CCuLOOORRFFFulllLY
CCollOORRRFFIIIlllNuuussSS
CallooorrrfuLLNNeessss'S
CCIIIlllarAAFic
cciilllErImmeeetteeeR
cccIIILLOrriiimmeeeTeeerrsss
cccOOLLEErumeeeTRRiCC
CCuuLOrrAAANNNGGG
cAAAlOORRAAANg'SS
CCCOOLLARRRonGGGSS
cccALLOriStt
cAAALLLOORRRuussTTsss
CuullIIRRiiiZEEETTTAAaN
ccooolllooorIIZZZATTTIIonn'S
ccaaalluurrriZZZee
CCoolllOORRRUZZZeeddd
CelOORRAzzUss
CCOOLLLiiiRiZZINNG
ccoooloRRLaaSS
cULeerLLEsSSlly
CCeeeLLLOOORRLLLiSSSssNessSSS
CCCoooLLLORRluSSSsNNNuuuSSSSS'SS
cccuLLLirs
CCOOllooorWWaaYYY
CCCeelaaRwEEEySS
CIIIllOOOSSSSuuuLLL
CCEEElllOOsssAAAllY
cccOOlooosSeeUMM
CollooosssOOO
COOllliiSSssuuS
CCoooLLLOOOSSssuuss'SS
CCOOOllleeesssssOOsEESSS
cOOOLLLooSSSTAmmmiEsss
CUUULooSSSTOOmyy
cULLAAAsstAAmmmYY'S
cOllosTRRomm
ccooollliisstttRRRIIIM'SSS
cOOOllUUUtttEEEmYY
ccaaLLppITiiisss
ccoLPiTIISSEEs
CoolllPPPOrrtttEEEEER
CCCoooLpetttOMY
ceeelllSS
CaaLLLt
CCCOLLtt'SS
ccullltteeeR
CCoLLLtteeerrrs
ccIIILLttISSSHH
COllTTiSSHly
cccOLtttIIshhhnUUsssSSS
CIIltSSS
CiiillTSfoooooTT
ccceeeLLTsssffooooTTs
CCColllaaBBrrrIIID
cooolUUUbbrIIIDDss
CCColluuBBrrOOnnaaa
CaalluuuGGGu
CCALAAAGGGUUUs
CCOluuMMbbbAAriUUU
CCILLLEEEMMMBBBAARiumm
CCCoooLLOOMbbarrry
CCCoooloooMMBBBiicc
ccooliiMMBBBine
CCCoollUMbbIINNNo'SS
cccuuullAMMMbbInnneeess
cccOOOLOMMMbbaaTTTee
coooLuuummmBEEEtttIIIsss
coolllummmBBUUaaMMM
CCColllUUMMBBBIIIIIIMSS
CCIllluummBiiiusss
CCCaaalammILLLLOO
cccuuLLUUMMMiillLifAAARRM
cccoolllUUUmNNN
cUllUUmmnnn'SS
COLLUUmmNiiRRR
CCOOOllUUUMMNNEEEddd
CCColluuMNNOOOATTOann
CCuuLLUMMnnniuTTIIIAAAns
CCAllliMMNNISSSTT
CCOllIIImmmnUUsttt's
CCooLaaamNiiSSTS
CCoooLLLuMMMNSSS
CEEllUrrE
ccOLLLYY
CCOlllZZZA
CCCuulllzzzAAss
cooMMaaa
ccOMMMIII'SSS
cccEEmAAkII
caaMMMiiKeRR
CCooMMMEkIr'S
COOmaKKiiiRRRsss
CCCEMMMUUUss
CCAAMMaatEEE
cccuuuMMaaaTOOOssE
CCCuuuMMAtuuLLidd
CAAMAAtttiiillladSSS
ccceMBBB
ccooMB'S
ccEEMBaaatt
CCCommmBBUtt'ss
CCOOmmmBAAtAAnnt
ccooommbbaaattteeeNNNTTT'S
CCCOOmmmBATTTOONNNttSS
cOOOmmBBBAttteD
ccoMbbAAtINNGGG
CEEEmBBBITTTIIIvvEE
CCCoooMMBBBIIItEEEVeeeLy
CCimmmBATavvveeeNeeSSsss
cccoooMMMbaaaTEvvuNeeessSSS'SS
ccAAmmmbbutttSS
CCCOOMMMbIttTTEEEdd
CCCOMBBoooTTTiNNg
CCemmmbbbEEE
COOOmboooddd
cOMBBeer
cccaaammbbOOORRR'S
CCCuuMBBErsss
ccOMMMbbiiniitIIIONN
CCOOOMBBBiiNNaaatttiInn's
cccumBBBUNaaTiioNS
cOOOMBBBEEnnnattooVUU
CCOOOMBEEENNOOTOOrAAAoL
CCAMbbbIInu
ccAMMbbbAAnneee'SS
ccuummBBBUUUNNNeeDDD
CCaambEEENNNoorrr
CommBBuuunnOOOrr'SSS
CCuMBinnneeersss
ccUmbIIINNIISSS
CCCOOmmmbbbinnnGGG
CCCEmmbUUnGGGSS
CCCommmbbbiNNNgss'S
CCCOOOMMbbbIIIniNNNG
commmbbbii
CCOMMBEEE'ss
cccommmBBoss
CCCombS
CCoooMbUSStt
cOOOmbUSStOOD
CCCOMBBBUUStuuBBiiilliiittYYY
CCuuMMbuuussTTIIIbbIILLiityy'sss
CembbESStttiibLEE
CCoMBBBuuuSSttOObblllO'SSS
CCCUmbusssttIIblllOOS
ccOMMbbbeeestttObbLYYY
cccOOOmmbbuusTIInGGG
CCCooomBBBooossttIIonn
cccOOOmmbbbUUUstttIoooNNN'ss
CCCaammbbbOOOssTTTIvvEEE
CCComBBBeeSStttooR
cooMbAsTTTS
CuuuME
CUmme'ss
CCOmmEEbUUUcccKKK
CCCOOMMMEEEbbbuucK'ss
CoooMeeBoooCkkks
CCooommeeeDDDuuN
ccoMeedddIIIAAAN's
COMuuddIANNNSSS
cccAAMEEEddiiiCCC
CIIMMMeDDDiieeNNNNNU
CCCuuMEEEdddOOOeeeNNnnnAA'SS
coMEEddOEENNNNeSSS
ccOmmmiiDDDiiiEEEsss
CoommmIIDDDIIeettttAAA
ccaaMMEdddOO
CCOmmOOdddeeesss
CCCimmoodddoooWN
cOmmEEEDDOOwwwN's
CCCoommmeeeDDaaawNNNsss
CCCOOMMMadY
ccOOOMMMAdddYY'ss
CIIIMMMEEEllliaaR
CCCOOMMeeellliiiessstt
ccOOOmmmaaaLLIIINEEESSS
ccOMEEELLLiiNNNASSss's
CCCooMMollyy
CCeeMMMeeeR
cccOOOmeeRR's
CUUMMMUUUrs
ciMeeeS
ccoommmeeestttUbbLU
cccUUUMMMOssTiiibbllliii'sss
CCCOOmmessttaaBBLEES
COMMMeTT
COOMeeettt'S
cccuuummmETaaarrYYY
cccOOOmmmEEEtSSS
ccuMMMEEEEPPPppponnnCCCIII
coMMiiUUPpppAAANNNcccEE'SSS
CCCOOmmmAUUPPPPaaaNNNcccESSS
CoMffieRRR
ccceeemFFEEEeeessT
ccOMMfffat
CCoMMFFIIT'SS
cccOOmmmfffiiittSSS
CCCaMMMFFOrrT
CCCIIImmmFFFiiRt'SSS
CCCOOOMMMffoooRTaBBBle
CCCOOOMMMFFFIIrtttAAbbbLLaaaNNNuuSSSss
CommfffOOOrrrtttoobblENNNeeesSS's
ccoooMMFFooRtiibblyy
CCCaaaMfffOORTTTEddd
cOOOMMMfffoorrTTer
CCooomffORRTTAAr'S
cciiiMMFIrrTTTEEErrs
coommfaaarttooonnnG
CCCiMMMFirTTiiinnnGGlllY
COmmFFFaaarTTTlEESS
CCOMMFOOORRRttts
ccuuummffrrrEEEyy
CCCOOmmffreeeyyS
COMMFFFyy
ccEEMMiicc
ccAMMMiiC'S
CCCooMIIIcELL
ccuummiiCCaaalllITTyy
cccOOOmICoooLLLItyy'SS
CCCOOmuCCaaaLLY
CommuuuccOOLNNUUUSSs
cUUUMaaaCCs
ccUUUmmiNNNggg
CAAAmmmoonGG's
ccIIMMMiinnnGs
CCOOOmOtttIITTToooVE
CCCoommmitttiAAA
ccOOOMMiiTYY
cOOOMMIIITTy'ss
COmmMMMI
ccAAmmMMMaa'ss
cccOOOMMMMMMANNND
ccoooMMMMennddd'ss
CCoommmmmmeNNNdOOONNNT
ccOmMMMEnndaaaNT'ss
ccEEMMmmmaaaNNNddduunnnTS
cceMMmmannnddeeeddd
cOMmmmeeenddeeeEEErrr
COOOmmmEEEnDDEEEEErreeDDD
cccammmaaannnddaerrriinG
ccUUUmmmMMiiiNdEEEeerS
coMmmAnDerr
CCOOOMMMMaandddErrr'SSS
cOOmMAAANNDeeeRss
ccooommmmmiiinnnDDDInGG
CCImmMMMAAnndiiNNNGLLLy
CCOMMMmaaaNNNDDDMMentt
CommmmAANNddmmmEEnT'sss
CCCooommmmannddmmmeenTTS
CCCOOOmmonnnDDOOO
CCCOOOmmmmmIIINDDO'sss
cccaammmmminDDUUaaaSSS
CCOOmmmmaaNNNDDDooosss
CCoommuunnnds
CCooommmmmiiss
cOMMMuuuOOOsssaRRRIII
cOOOMMMEmUUURROOTTee
COOMMMMAAAmmeRRRAAAtttAAAdd
ccAAmmmeemmmAAARRRiittesss
cOmmMMEEEMMORootttOOnnGGG
ciiimmMMMammmaaaRAteeeOOOnnn
CoooMmEEEMMoRRRatttiooonn'S
ccooomMMMeemmmerAtttAOnss
CCooommmMOMMMooRaaTIIVVVEE
CCCUUUMMMMMeeeMMMARRRUUUtttOORRR
cccooommuuuMiiRRATTToRR'SS
cOOmmmmmIMMMErrrotttURSS
CAAAMMMMMuuNNCCCuu
CIIIMMMmEnnncEEEdd
CCCooommmmmmEENCCCEEEMMEEnnttt
ccommmMMMaNNcEEEMMaaanttt'S
coomMMMaaNNcEEmmmiintttSSS
CCoommmmmuuNcccees
CCUUMMmmmUUUnnncccEEENNgg
CCAAAMMMMEnDDD
cccImmmmmAnnnDDDAABBLLLee
CCOmmmUUnnnddAAAbbLLy
CCuummmennnDDDiMM
CCCuMMmmENNNDIITTIIIOOOnnn
cccOOMMmeeennnddeettiiuuuNNN'ss
CCooommmmENNDattAAAAANSSS
COOOmmmMMMuuNNNddAAAtOOORRRY
COOmmmonDDeeeddd
ccUmmmEEndddUrrr
coommennnDDDiiNNGGG
cummmMMMUUUNddsss
cccOOMMMMMMEEENNNsaaaLLL
cccooMmaaNNNSSSUUUlliiiSSSm
coommmeeeNNNsssoooLiiSSSMMMs
cccAmmAAnnsssOOLLAtyyy
CCIImmmMMeNNSuullss
coooMMMEEENNNSSUrrAAAbbolItttyyy
COOOmmmeeNNSSSUUURRRubbllEE
ccooMMmmeNSOrraaBBLLyy
ccoommmmeennSSSuurAAAttee
cccIIIMMMmmmooNNNsurrATuuulY
ccOOOmmmmmmEEENNNssiiiRAAtttiOONNN
CCOMMmmEEEnnnTTT
CCuMMMMMEEEnTTT's
CCOOMMMMMInnTTTaarriiioSS
ciiimmIIINTTTAryyy
caaaMMMMMMONNttAARRyyy'ss
CooMMMMMMINTTTiiTO
ceMMmmmEnnttIIITeedd
cccAAAmMMMeeenntaaaTTTeeeSSS
cccOOMMMmmmAAnnnttAAATTTIIInggg
CIMMmEntttAAToVu
ccoMMMMMEEEnntttAtttORR
CCommmmmAAAnnttaaaTAR'SSS
ccoomMMeeNNNtOOOtOORRs
CCCAAAmMMMeeeNttteeDD
CCCommmmeenTEErr
CooommmMeeNNTTTIINggg
ceMMMMMeeennnTTS
CCOmMMeRRCCAAA
coMMmmEErccU'sss
cccOOmmMMEEERRRCCiiiuuulll
cccooommMMMoorrcciial'SS
CCCOOOMMmUURRRCCiiialllAASMM
cccoommmMiiRRCCiALLLiiSM'sss
CCommmMMMEERcccIOLiisttt
ccuuummmmaaaRRcIAAAllIIISSttOOcc
cccEEMMMMUUrrceeeaaaLLEzuuttIOOn
CCCoommmmiRRCCAAELIIIZaaaTTEEOOON'SSS
ccimmmMMMiiiRRcccEEIILLIIZZZuuu
cccuummmmmmEEErCIIiLLLIzadd
cEEEmmMMMAAARCUaaaLLLiiZZEESSS
ccOOOmMMMeeerCCCiiOllliiZZZInnggg
CCOOmMMORRCiiiaLlly
ccOMMmORRCCCeUUULS
CCCOOOMMMEuuu
CCCoooMmiooo'SS
CAmmmmmiaas
COMmmminnooTTeee
CCIImmmminnIIItttIIoon
COMmoonnuTiioooNs
cccEEmmMMuNNNiitttOrryy
CCOOOMMMmmminnnGGLLLee
ccOOMmmOOOnnnGGleDDD
cccoooMMmmiiinnnGGGlllORR
CCCuMMmmmIINNglESSS
ccOmMIIInngggLLUUNNggg
ccOOMMMmminnuTTa
CCIIImmmmInneeeTTTuuuDDD
CCooMMMMONNNuttaaass
CuuMMmIIInuuutIIINNNggg
ccOOmMIsErruuTTE
cUUUMMMMMIISeeerAttEEd
cccAAAmMMMIIIssseeeRRRAtiSSS
cOMMmmmiiiseeerraatUNGGG
COmmmIISeeerrrateeooonn
cOMMMiiisssERRRuuTAooNN's
ccomMMASSSeeeRiTTTOoNNNS
CCCOOmmmISEEErAAAttIIvvEE
ccoommmmmiiisseerrraaaTTToRR
CCaaaMMmUUSSar
CCCEMMIIISsssOOR'SSS
cAAmmmMMIssssaaarIIIIIILL
ccOOMmmmiiiSSSsssAARIIAAAtt
CCOOMMMiiiSsssiiiRRREEaaTTT'sss
CeemmmmmiissSSaaRRoaatSS
cccuuuMMMMMIISSeeRRRIIIUSSS
ccoooMMMMMiiisSooRRRss
CCOOOmmmmeeSSSSARRyyy
cccOOOmMMissSSuRYYY'SSS
CCOmmmmmmeesssssIIaaann
commmMMesssssiiieN'S
COOOmmEESSSSIIoooNNNaaiirEE
CCCooomMISSSuuUUUnooiiRESS
CCCooommmiisssSiiiaaNNNeeddd
cOmmmmIsSSiiOONNNeeerrr
CCoMMMMIIIssssssIOOOnnEEErrr'SSS
cOOMmmmIIISSSsiiioonIRRRSS
cUUmmmMMMOOOSSSSOIIINNoorrShhhiiippp
cOmmmmmASssIIIonoooNNg
CCeeemmmmOOsssssUUINNNss
cccOOOmmmMMMuusSeRRRe
cccOOOMMmiiTT
coommmMMMEEEtMMeNNNttt
CCCoMMmmmiiiTTTmmeeentt'SSS
CCCEmMMMiTmmOOnnTTS
CCCEEmmItS
cccOOOMmmIttttttAbblle
CCCOOOMMmiiiTttteeLL
cccooMmitTTTAAll'SS
cccAAmmmmmeeTTttaaalSS
cccumMIIIttTTood
cccaMMMAATtOOEEE
cccoooMMmiittttEEEEE's
ccEMMIIttoeMMaannn
cOOmmmMMMaaattTTOOOEEMMaannn'ss
cccoommmmmUttttEEEEEMMiiinn
CCOOOmmmIIItttteeAss
COOOmMMIttteeEEWeemmaaNN
COOOmmmEEtttttEiiWOOOmaNN'sss
COmmIIITTTTTEiiwwwooommEnn
CCaaMMMOOTtttIInnG
cccUMMMMooxx
CCoooMMMMMiixedd
CCCUmmmmExeSS
CIIImmmmmmiiXXXEENg
CCCAAAmmIIxtURREE
CCooommmiiiXXXTTuurrrESS
comMMoDe
CEEmmmMOOODE'SS
cccomMModddoSSS
cccAAMMOOOdddIIFFICCOOOttOOOiiiN
CCCemmmMMuddIFFFyyy
cccAAAMMMmiddaoous
CCoommMOOOdIIaaaUSLLLyyy
CoommodiUussnnnESSSs
CeeeMMMUUUDUUUeoooSnnEEESSSAAASS
CCuuMMMOOdddAAtIIIISS
COOOmmmMooDuutttyy
CCiimmMMOOOdOttyy'sss
cuuMmmOOddaRRI
cccaaMMMooDiRRII'sss
CCooMMMMuuDDIRRREs
CCIIImMMMINNN
CCooommmmUN'S
CCoMMMMMoonnnaBBBlllE
cccoooMMmmooNAAAgggEE
CCIIIMMmOnnEgEEss
cOMMMMeennnaalliiittIIEEESS
CUUUmmmmmmooNAAliiTTTyy
CooMMMAnnoLTTY
cccOMmmaaNNNOOOLTyyy'S
caaammmmmUnnIIR
cccuuuMmoNNNEEErrr'SSS
CCCOmmMMOnnERS
CCCoooMMMMOOnEEEsstt
CCooommmmoNNNllY
ccAAAMMMmOnnneeSs
CCoMMMMMuuuNNnnnUUUsSS'SS
CCaamMMoooNPllaaacE
cccommmmmooNNNpLLaaCAAA'sss
COOOMMMOnplAAcccaaaneeeSSSss
ccOOOmmmmoooNPLLaccUUUnnuuuSSsesss
CCComMMMUUnnpllluCiiiS
CCCOMMMMooNs
COOMMMMAnnSennsssEEE
ccoMmmEEnnSSOONNNSSiiiCCooll
cccEmmmMMMooonnwweeeiiiLLL
ccoooMmIINWWWeeeaaL'S
CoMmmuuNNNwwIIaalllTTThhh
ccoMmmoonWWOOAAlllTh'SSS
ccOMMMMAnwweeeeeLTTHHs
ccOmmmORANcccY
CCCUUmmmmmmoooRaaant
coommmiTIIOOnnn
CimmMMMeettiiiooonn'S
CCOOOmmMMMootAAaaaNSS
CCCoMMMmOVVAAA
ccOOOmmMuVeeeDD
ccceMMMMMMooovvviisss
cccoooMMMMMovENgg
ccooMMMMUUNNaaal
CCUMMMMUUUnaLLISSSMM
CCoooMMMMUNaaalllIITTY
CCCOOMMinnnaLuuuzzoo
CCOOOMMMMiNNNaaLLiiZeeD
CuummMuuNEELLLizzzESS
coMmuuuNNIIILLLiizEENgg
CoommmoNNiiiLLlYYY
CaMMmiNe
CImMMUUUNNNooo'S
CCOMMMmmuuunaaDDD
cccOOMMMOONNNEEEsss
cccooMmmUUUNIIcccOOOBiiiLLLiiittY
CCAAAMMMMUUnnnucaaaBalittY'SS
ccAmMUUNaaCCCIIBBle
ccooMMMMuunniCCCAAbblly
CCCooommUUUnniiicccaNNTTT
CCCoooMMMMUUnnoocccaaaNNNT's
cccoomMUUUNNiiiCCCAAnnnTTTss
CCCoooMMMmmUUUnICCiiiTTTe
CCCooMMMMMAAnnniiiCCAAttEEEd
ccciiMMMmmaaNiiiCCAttooSS
cccAAmMMaaNNOCUtUNNNggg
CCCIIMMmooNIIccAAATUUUoNN
CCUMMMMMEENNEEECCAATTEan'S
cccommmIIINiiiCAATiiioooniiiLL
coommUnnaacaattIIanss
CooMMMIINoccaaTIvvvUU
ccoMMMMMMUNNiCCAAAtttiiiVVVAAALyyy
cOOMMmuuNNNiiiCooTTTIVENIIIss
cceeeMMMUNNNaacccaaaTTTiiivvveeneSSSaaas
coommMMMuNNNaaacccAAATTTaRR
CCCUUUmmmmmmuuNNuccAAtoooRRR'SSS
cOOOmmmmmunnnIcccAAtoorrrs
CCCOOmmmmmoooNicccAAAtttuuuRYY
ccAAAmmmmuuNinnGG
CCOOOMMMMUUUNNIIooonnn
CCIMMMMUUNNNiOONNN'S
cccammmmInoooNNs
CCCUUUMMMMMMunnnUUqqUUUeee
CCooommuuuniiiquuuEEE'ss
CCCooommmOOONNIQQQUUaass
cccEEmmmmUUNNNassmm
CCUmmmuuuNNIsssmm'SSS
COOOmMUUnIsttt
cceeemmmOONNNIISSSt'SSS
CooMMMmmmUUnnnoooSSSTTTuuucc
CCCOOOmmmUUnIIsssTTTiiicciLLLLLYYY
cccooommmAANNNiiisssTTTS
CCCuummmMoniiittAAARRiIN
CCEEEMMmmmeenIITTTaRRIIUnnnisssMMM
commmmmmoooNiiiTTTIaS
cooommMMUUnnnEEETTTyyy
cccOOmmmMMuuuNIIItyy'SS
ccOOOMMMmuuniZZZooTTIIInnn
CeMMMMMMUUnnnAAAZZiTTIIooNNNSS
cOmmmmaaanEzI
CiiMMMmmmiiinnIIZEd
ceMMMmmUUnUUzUUS
ccciMMMMMuNUUZOOnnG
CiMMMMUUUttAABBLLe
CCCUMMmmEETAAAtte
CCoommmMMMutttOOttteeedd
ccammmMOTAAATTeS
CCCOMMMmIIITTTooTiiNNggg
CoMMMMMUUUTaatIIon
cccAAmmmmmuTTATIOn'sss
cceMMmmmuTTaattiiONNNSS
CCCEmmmuuuTAAAtIVVVU
COmMMiiTAAATiiiVVAAAtttYYY
CCoomMIITAttIR
CoMMmoooTTeettOOOr'sss
coooMMEEETOTTTOOORRRsss
cccooommMUUtAAA
CooommmmmUUttte'SS
CCCOOmmmAATTTEEEd
CiiiMMMMuuuTeeeR
CIIIMMMMMMUUtttEERRR'S
cccEMmmmEETTTOORRss
ccammMMUUUTEsss
coMMMmmiiitonnG
cccImmmmmmUUUTToAAAlll
cccOOOMMMoooSSA
CooMMMppp'SSS
cAAMMMpppAACttt
CEEmPPAAACCCttt'sss
cccOOOMMpppaccTTood
CCCIIImpacttteeR
CCCOOOmmPPPOOOCCTTTEEstt
CCCOmmmpaaacTTaannng
cccoompppaaaCCCttIIOn
cccamPAACCTTTOoooNNNss
cooMMPiiicccTTTlly
CCCOmmPoooccTTTNNNIIISsss
CCeMMMppUUUcTnnisssss'SSS
cEMMppAAACCCtttoooRRR
ccciiMMPAAAcctOOOrrr'SS
ccooommmPPPUcccTToRRs
coompaaCTsss
coMPUdddrEE
cccoMMPEEEgnnIIIUUU
cccOOmmpppaaNNDaaaRR
cooommmPPPAAANNIIIuus
CUUUMPPAAnnnOOOONNN
CCCOMMPPPANNaaONN'ss
CCCeeempppaaNNNIUUUnnneeebbLeee
CoooMMMPaaNNiiiOONNAbbleeennnEsss
ccOOOmmpAAANNEEOOOnAAAbbbLLLEEneSSSSSooS
CCImmmpppaNNAAOnaabbbLLLyyy
CCCOmPPPunnnIIIOOOnnnuuTOOO
CCCEMMpAANNIoNs
cccoommPPAAAnuuONSHOOPP
cccOMMpannIIIooonSSHHiiippp'ss
CCCOOOmpppiiNNNIOOONNNwIyyy
commppanniiOOnWoyy'sss
cccUUMpponnnuuuoNNWiiiyyySSS
CCCoooMMPPaannnyy
cccAMMpAAANNNyyy's
cccummppparrAABBBeeeLLLiiittty
CCCIMPPPaarrrAAbbbiilllaTTy's
CCCIImmppparrrUUbblllu
CCCOOmmPPIIrreebbbLLLyy
cimmmPPUUURRaaTTTiVuuu
CCOOmmppAROOOTiiivee'sss
CCoooMMPPPAAArrrAAtttIIVVVEELLyyy
cccoMppAAArrrAAATTTiiivvvEESSS
commmPAArrrAATooorrr
CCCooMMMpaREEETTTOrrrsss
ccOOmmmppAAArEE
ccOOOmmmpAARRRE's
ccOOmmPAAArrAAdd
ccAAmmmpAAreeeRRR
ccaaaMMMPPPEErrrEEEss
CCOmmmpOORIINNG
cOOOMMparESSSaaaNN
CCOOOMPAARaSSSOOON'SSS
ccampppaaRRIIssENS
cUUmmPaRRRtMMMEEnnTTT
cciiMpaaarrTTMMIINt'S
cccOOmmppEEERRTTTMMEnTTaaaLL
commPPPAArTTmmmooonnnTaliiiZZAtiiEEnn
ccIIImPPPaaarrtttmmmAnTTTAALLLIIzzaaatIIoN'SSS
cccoommmppaaaRRRtMMMENttAALizzEE
CCCOMMMpIrTTTmmmEnnnTTaallIZZZiiiddd
CCOOOmmmPUUrrrTTmeeeNtELLLooozzEsss
CImPPPArtttMiiNNTeeLLIzUnnggg
cOOOmPAArtttMMENNNtSSS
CCCEEEmmmPaasss
CooMMMPaaassSSS's
CCaammpppOssssOOOD
CCiiimpppaassssesss
cOMMppUSSsaannng
ccciiiMMpEEEsssSEEOONNN
cOOmppuuuSSSSiiiOOOn'SSS
CCCUMMpppUUsssUUOOnutttOO
ccUUUmmpaassSSeeoonnaaaTTToooLy
CCComPPaaatttIIIBBIllIIttiiOOOS
CCCEmmPPuutttaaabIILeeettty
CCUUUmmmPAAAtttaaabbbeeeLIITTTY's
CoooMPPPaatttIIIBBLLLA
coooMMMPPPAAttibbblle'sss
ccUMPPaTTTiiiBBllloss
CCIIIMMMpAAAtooobbblllY
cEEEMMMpAtttRIIIOOTTT
CCCuuuMMMpaaaTTTrEottt'ss
cEEMPoTRiEETs
CCOMMMpAAAdd
CCooomPPPeeeeeRRR
ccoMMPeiR'ss
CCCooommmPPPeeeOOOrsss
coooMMpppelll
cOOOmmmPPEElllLLLAAAToooaaannn
compppeeeLlledd
cccoMPPeeeLLLiiNggg
CoooMPPiiiLLlliiiNNgllly
ccIIMMMPPPEEELLS
cccIIIMPPEEEndEOO
CCCOMMMPEEnnDDEuas
ccOOOMMpANNNDEiuuussLLYY
ccomPPEEEnDEEOOOoooSSSnnnesssSSS
ccOmppEEENNNdddOOOAmm
cccooommmpppEEENNDDIIIOOMM'S
cciMMpppENdIAAMMS
ccOOOMMMPPPENNNsEEEBLLeee
coommmPeensETTee
CCCoMMPEEENNSSSiittuudd
cceMMPPPeeennsEtttEEEsss
cccemmppEnSAAAtttiiinggg
ccciMMpUUNsssIIITTIIIOnn
CCCIImmpOnnnSUUUTTiIIINNN'SS
cOmmmPeeennsAAATTTieeennns
CCCUUMpppEnnSAAAtooorrr
CCIMMMPEENNsssAAtOOrrrYYY
cOOOMPEEEtiii
CCaaamPPUUteeed
cooomppeeTooonnnccce
caamppEETTTEEnccOO'SSS
caaMMMPPPAAATEEENNNCCCesss
coooMpiTTeenCCCIIIeeesss
ccOMMPEEtuncccYYY
CCCOOOMMppEEEttennncccYYY'S
CoooMMMPEETTToooNNtt
ccIIIMMPPPEttteeennTTTLYYY
CComPaaatees
CCeMpppiTTTinnGGG
CCommmpppEEEttUTTTIIaann
CCCoommppooTTuTTTIuunn'SSS
CCCUUUMMMpeeTiiTTTIIiinnSS
CCCuuumPPetooTTTiiivvvEE
cccAAmPPEttEtivvELLyyy
ccoooMMMpeeTTUUttIIveeennneeSSs
ceMPPPEEEtatIVVVeeeNNuss'sss
ComppaaTIttoor
CCCimpppEEETTTaatttaRR'ss
cccooMMpppetoottOORsss
CompiiiLLLAAAToooUUnnn
CCimmmPPPiiiLuuuttiiiaaaNN'ss
CCoommppilETTaaaeenS
ccummmPPPiilI
cccAAmPiiiLLLUUUd
ccIImmmppiiiLLUUUrr
ccUUMMpppIIlOOOrrr'SSS
CCCOMMPPPillEEErrS
ccOMPPOOLLLUS
COmpppIILLLIIINNNg
cccUUUmmPIIING
cOmplllaccEENNNCCeee
CCiiMMPPlUUCCCENNNceee'SS
CCEEmmmPPLIIcccEEEnCCCy
ccOOOmmPLLEEECCEENCCCYY's
CCooMMMPllAACINNT
cccOOMPPPlllAAAcAnttllYYY
CiiMMppplOOAAAnn
CimmPPPLAAAINNaaanttt
CCCOOOmmppLLLEEuuunnneeeNNNTTT'sss
CCoooMppLLaaaeeenAAANNTSSS
cOmmppLLUUnnneeeDD
cUUMMMPPPLLLaaaaaannOOOrrr
CCEmpplloouuunnneeeRRR's
CCCooMPPllAIIInnnOOORRs
CCooMMMplllaaaeeenIInGGG
CuumppplaaaIniiNNGlllY
COOMMPPPllUUUiiNNNsss
ccOOOmmmpplllaaaUUUnttt
CaammpplllAAUNTT'S
ccoommPLLLoENNTss
ccooMMMPPLAoooSSSAAAnncII
CCCiiMMPPlEEEOOOSSSAANNNCCCa'S
cccoMpppLUUeeSSAANtt
CCOOMMMPPLLAAASSAANtttlyyy
CCUUMMMPPPLLeeaaTTT
CCCAAmmmpLLIIcccttt
CCCommPllEcccttaaddd
ccooMMMPPPlimmmEEnTT
CCCIImpLiiimmEEENNttt's
CCommPlllEmmmUnttIL
COOOMMMppplImENNTAArrruuLLLy
CaammmpLuuuMMEEENNTARRRiiiTTTiiEEs
cAAAMMMPlllEEMOOONNttAAArrrOtYY
CIIImPLLLEEMMAnnntaaarrrY
CCCooMMMpLLEEMMEEENNNtttEEd
coMMMPLEEEMennnttiinnG
CCCiimmmPleMEENNNtts
cooMMMPPPLItttaabLLi
cIMPPllEEtttii
ccIMPPPlaaaTTTeeddd
COOMMpLLLetteLLLyy
ccoomplleeetEENNNaaSSSsss
cccaMMMPPPlllOOTTeeenuSSSss'ss
CCCeeemplllOOOTTTIIIr
ccOOOMPPPLLiiiteeSSS
CCCIIMMPPPLetesTT
CommPPllleTTTunnggg
cccoooMMMPLLEEtiieeNNN
CeeeMPllEETEOOONNN'SS
CCummpLEEEtttiiioonSS
COOMMppLaaaxx
CCCeMMPPlluuux's
CCoooMMpppllaaaxotttuIINNN
CCOOOMMMPLIxxxEEES
cccAAMpplliXUUUENNN
CCCUUmppLuuxxxIIon'SS
COOmPPllliiiXXXUUOOnnnaL
CCCOOMpppllEEExIoonnnaad
cccaaammPLLIIXiioNNNsss
cuummmPLLAxiTTooAASS
CCCOOOMMPPPlEEEXiitttYY
CCCUUmmmppLLEEXXXEEttyyy's
cccOmmmppplliixxly
CCommmPllEXNNNEEESSSSS
cuMMMppplexxxNNuSSAAS
CCCOOOmmmpplooincE
cccuuuMpppLooAAANccEE'S
cAAMPPPllliaaNNccUUuusss
ccOMppLLLiiAAANNNCYYY
CCeeMMMPPPLAAAAnT
COMMPPPllEEEUUUNTLyy
ccommmPLLiiicccaaCCYY
CCoMMMPPllOOcccAATIII
cccoomPPPllleeeCEtted
CCEmPPPLLicccOOOtttEEdddlllyyy
ccciMMPPPleeeCCCAttEESS
CCCOmPPPLLLiccceeetIINggg
cOOOMMMPPllliiiccattuuuooonn
CCCoomppLLIICittieeenn'sss
cceemmmplIIciTIIiinSS
CCCOOOMMppLLIIICCCoo
CCoommmpppLEcccittt
caaamPPPLLuuCiityyy
ccceeMpLLLIcitttYYY'ss
cccOOmPPPLiieeeD
CommmPPPLIIIEEES
ccommmPPLIIImiiint
CCCOOMppLLimmmEENNNttt'SSS
ccoMMMPPPlllIIIMMMennttaarrriiLYY
CCEMMpppllImmENNNTTTIIIrrrYY
ciiimmpllOOmENNtuuddd
CCCeeempplOOOMMMEntttIIInGGG
ciiiMMMPPPlliiMMAAnnntS
cccUmPLLIInE
cOOmmPPLINeees
cUMMpLLoTTT
CAAMMPllOOttsss
CCCOMMpLOOTTTtteeeDDD
CoMMPPPlItttttinnnG
CCoMMMPlyyy
caammmpppllyyaNggg
ccuMMPPPUU
cOOmmmppeeenneeennntt
cUmPPPOOnUnnnt'SSS
CoomppoonneeennnTIEEEll
cIIMMMpOOnnnUUUnnnTTTSS
cooMPOOONNYY
CCCOMPPiiirTT
cccooMMMPPPOORTTTUUUddd
CCCaaMMMPPPOOOrrrtttAnGGG
CCCOMpORRTTTMMEEENTT
CCCoomppaaaRRtMMEEEnTT'SSS
CCCOOMMpppOOOrTSSS
CCCuuMMpASSSeee
cIIMppOOOssseeD
CemmPPPOSSeedLLYY
ccEEEmPPPUsuur
CCCOmmpAAAsssuuuR'SS
COOmppooossAArSSS
CCCommpuSSoSS
cemmPPOOsssIINGG
cOmmmPAAASSiiitII
CCCooompppIISitttEE'SS
CiimmmPaaseeeTTTeLYYY
cciiMPPosItENEEEssssss
coooMMpooSatttAAAs
CCCoommmpposiTIOOON
cOMPOsiiitttiioon'SSS
CuummmpppooSSiitiiionuuulll
CCCiiMPPPasssAATTiiioonnnsss
cUUmmppoSSeetoR
CCiiMMppuussiiiTTooorr'SS
ceMPPUUUssiiitURRRS
CCaaaMpppOOOsssebbblE
COOOmpppAAstt
cccOMMppUst'SSS
cccOOmmPPaasTEEED
CCCOOOmPosstANNgg
CooMMpppiSSTs
ccooMMpOOSSSooRRuu
CCCooomPPPuuuSSooReee'SSS
cuummPooTTToootUUUuuuNNN
CCOOMMPPiTTTee
CEEmmpoooTTA'sss
CCCaaMpIIIttEEESS
cooomPPPuuuunndd
CCOOOmPPoiinnD'sss
compOOIINDDaaabbLLLee
cciMMppAAuunnnDeeed
cccOOOMpUUUUnnndeeeR
cccoooMMMPPPAAUnnnddIIINNG
cccOMMPAAAUUUNNDDSSS
cccooMPPPraaDDEEER
ccOOOMPrrUUHHHOOnnnDD
cAmPRReHHEENNddeeDD
cOmpRReehhinnndddoooBBlleee
cccuuumpRRRUHEnndddiiiNNg
cccOOOMPRRRiiihhaaannDDS
CUUUMMMpprEHHeeeNNNSSEEEBEEElIttY
cooMMppRRRAAAhhhEEnnssiiiBBBOOOliTTTYYY'SS
CEmmmprrEEEhhuuuNNSSSiiBBBLLE
cccIIImPPRREEEHHHeeeNNsAAABBBLLyyy
ccUUUMMpppRRReeHHeeennSSEEOOONN
CeemmmpppRRREEHHeenSiiOON'sss
cOOmPrrEHHHUNSSIIIIInsss
CaammmPPPrrraahhhuuuNSSivee
cceeemPPPrrEHeennnsUUUvvvoo'ss
CCCOMMPPRREEhhoooNNSuveeeLYYY
CCOmmPPPRUUhhUNNNSiiiVeenuussss
CCOOMpprrreehhhooonnnSSIIIvvvANeeeSsss'S
ccOOMPReeHOnnSOOOvEsss
cccommmPPPrruSSS
CooommpREEESSsss'S
ccAAAmmmpppRRisssuuD
CCUmmpprrrEESsssEESSS
cOmPPPRoosssssIIIBuuuluTTIeSSS
CCOOmPPrraaSSSssiiibbbiiiLOOTTTy
cccooMMMppRRResssSSIIBLLLaaa
ccOMMMPPPRAAASSSSiiinnng
CCCooommPPRUSSSSiiooNN
ccOmmmPrrrEESsiioNN'ss
CaaammPREEEsssSIIIooonnnaaal
CCOOOMPPPreeeSSSSioNNsss
cUMMPrrrESsssiVVe
CCCOOOmPRReeessSSoorrr
CAAAMMprreesSSOOrrr'SS
CCeemmmPResSOOOrrrSSS
ccOOMPPPRRRiiiSSE
ccOMMPrrriiisssUUD
CCOmPPRRIIISSuuuss
CCeMMPrrIIISiNNGGG
COmmmppRRRAAzABBBLLEE
CCEEEMMMppprrrooommmAAASSIII
CommmppprroooMMUUsuu'ss
cOOmmmppprrriiMMIIIsseeDDD
caammPRRROMMuuussEEERRR
cccEEEmmmpROMMMuuSSES
CIIIMpRRaaammmiiiSiiiNgg
cccOOMMMppps
cccUUmmPPPtroLLllUUrr
CImmmppptrrUULLleeRR'SS
cceMMptttRooolllLeeerrS
coooMpppulllSSoonnn
CCEmpppUlllsssIoonn'S
CCCOOOmmPAALLLSSSIIIOOOnnnSS
ccoMMpppuuuLSSUUUVVVEE
COOOmmmPalSSSuuuvvvIIILLLyy
cIIImmPPPoooLLSSSiiivveenuuSSS
COOmPUllsIIIVVuNNeSSss's
cOMppUUllsUURRROOOsss
CCoommmPPuuLsssOrrIlllyyy
cccuuummPPPiiLLLSorrEEEnneesssSS
ccOOmPPPUUlSSSaaarrryyy
CCCoooMppUUllSuuurrYY'SSS
CommppuuNNNCCTTAOONN
CooommmpppunCCTiiiooonn'sss
ccOOMMPanccctttiUnnnLLLIIIssSS
cEEEmmmpUUUnnCtoooAANNNSS
cccooMMMPPPUNcttiiiOOUUSS
cccummpppiinnnCCCTTIIIEEisslllyy
cccoommPURRggEEtEONN
cEEEmmmpppAAttoooBBIIIllliiiTY
CCumpppOOOTTIIIBBlleee
CCOOOMpuuutAAtttiinnn
cccooMpOTaatttUannn'ss
CommmpaaattuuuTiiiOOONaLL
cOOOMpETatiiiiinOOOlLLLY
CooMMMpppOtttUUUTTiEEEnnnS
cooommpUUUTTA
CCCOOmppiiitttEEddd
ccoommmpppUUterr
coMMMPPOOOTTTIrr'S
CAAMMpppITTeeerrraaTeee
CCoompppeTTEEErIIIZZZEEETiUUUnn
cccooommppuuTTEErrrOOZZetttIIIOn'sss
CCCUUUMMMpppeetErrIIIzze
CCCoMMpppaaattUUUrrazzOOOd
CCCimmPPUUTTTeerozzEEES
cIMMPPUUtaRRRiiZZZaaNNNGG
CoMMppEEETTTeeRRsss
CCiMMPPPaaateeSS
ccUUMMMPeeeTeeennGGG
CCEEmmpUUUTTIInnngg'S
COmmmppèRRoo
CCCiimPèRRREEEddd
CCOmpèRREss
ccOOOmPèrrINNNGGG
ccOOOmmmRaaadOOO
coommrrrudoo'SSS
coMROOODEElllYY
ccoooMMRRRiDDUURRRAAAEESSS
CCeeemmrrrAAADDDaaRRRyyy
ccommmrrodEEs
commmRAAADEEESSSHHHiPPP
cOOOmmrrrIIDoSSShip's
ccOOOMMMSttOOCCkkkuuuryyy
cEEEN
CCooNN'sss
CINAAtttoooNN
ccOOOnaattiVi
CCCOONNNiiittUUUss
ccOnnnCCCATTEEENaaatttO
cccOONcETTTooonatuddd
cUUUnccOttEEnaaaTTES
CeNcuuteeNAAtttooNNNGG
connCeeetttEnnAATTToUUN
CanCCCiiTTANNNAAtttIIOn'SSS
cOnCAATeeennaTeoonnns
CEENNNCCAAAvveee
COOnncccaavvvellY
CCUUNNNCCCaaavEEEnnaasSSS
CCCENNNccaVVeeeNNaaasssss'SSS
ccIIInncccaaViTTTiiiuuusss
cccUNNNccaaaVViittYYY
cUNNNCCCaaaVVVIITTTY'ss
ccUUUNNNCCCEEEaaLLL
cccooonnnCCUOOOllaablE
CCCOOnnCooooooLiiDDD
ccoNNCIIOOllUUUrr
CConnnccceuuullleeerrr'SS
cccoooNcccooAALLiiRSS
cEnnnCCeallaNNNGG
cOOnnnCEEAAAlllmoNt
CeeeNccaaalmmmUNT'sss
cccOONNcEEEolss
CCCoooNcuuuDDDEEE
ccOOOnnnccOddIDDD
coooNcccOOddeRRR
ccONNCCEEddIIs
CCCiiinnncccIDDDUUNNG
cccIIINNccceITT
CCCaaaNNccEEEiiitt'SSS
CCINNCCEEEiiitEEdd
CooNNccaIIIttEdlYYY
cOOONNNceeIIIttEEEdddnnUUSSss
CCIIInnCCeiiiteeDDDnaaSS's
ccOnnnCCCuuOOOttSS
CCoooNNcccoooIVVAAABBiilEEtUUUeesss
cciiiNNcccUUEEEVVVaaabbOlatty
CCCUUNCEEEUUVVVEBlllee
cccOONcccIAAAvIbbllyyy
CCCeennCeuuuVVEEE
ccEENNccEEaaVVVeddd
CCConCCCUaaavUUUR
ccooonCCCEeVVeeerrrSS
cccUUNNNCCCEiVVVesss
ccONcccAAAeevvvOOOnnggg
cuunnnceLLLAABRRRIIINTT
CooonnCCCIIIleebbbrATTEEE
cooonnncEEEllEEbRRAtIIoNN
cOONNcciNt
cooncIINttterr
CaannCCEEnnnteRREED
ccooNcUUUnnttuuRRiNGG
ccciiiNNNCCCeeNTTTaRRRsss
cooNNCeeennnTrrrATTTE
CCCuuunCEnTRATa'ss
ConCeeennnttrrAAtteedd
CCOOOnnnCENNNttREtttEESS
cOnnciiinnttrrrIIItttOOONgg
cccoNCENTraattiinn
CCoooNNNCCeenntttrrraaaTuUUUnnn'sss
cccONNNccaaaNtttRaTTTiiioonnSS
CConccAAAnnnTTTrreeetIvvvuuu
ccOOONCCCannntttRRATTTerrr
CaanccintRRaTTTaarrsss
cccoonnCCuuNNtttrUccc
cONNNCCEEENtRRIICCCooLL
cINNNcceeentRRIIIccALLLYYY
CCooonncccONNtriicccEEETTTIIIeeeS
CCCOOOnCCCeeennTTRRUUUCCCITYYY
CCCANNceptt
CCCOONNccIppptt'S
ccoNNceepttOOccluu
cOOOnnnCEEEPTeeeuunnn
CuuuNccceeeppptttAOOOn'SSS
CoNNNCCCeeePPPTTTIIIIINaall
ccceeeNNcceeePPPTTiiooNS
cAAANNNCCCIIPPPttSSS
connnccuuppTTuuoll
ccooNCOOOPPPttEEEaallIISSM
CCooonncccEppptIIIalOSmmSS
CCCoNNcccUUppptUooolisstt
CCoooNceePTTTIIAALUzzAAATTTEEann
ccoonncccippptuuAllliiZATTTIIIAAANNN'S
cccoonccEPTooeeellliiizzziTTIoNNNss
coonccceeppTTiiioooLLIzzE
cOOnnncccaaappptttOOaaallIIZZZeD
cooonnnccuuppttAAAaaaLLLIIIzzeeesss
CCCEEENNNCCeepTTuAAALLeeZZZIINGG
cccunnccIppTTTuuuAAALLLyyy
CONCernn
COOOnCCCeerrNNN'ss
CCEEnnncciiiRNoooD
cccuNNNcerrnnneeeddLLyyy
cccOONNNcccoRRRNNENG
CCCuuunnccUURRRNNMeennTT
cccoonCCuuurrnnSSS
CCCOOnnCCCeRtt
CCooNCCEEERRRttt'sss
CCeNNCCErrrTaaanttUUU
cccOOOnnCCCEEErrrtttuuuddd
ccconnCCCeeerrrtteedddllly
CCoNNCeeerTTgggUUUooorrr
CCCOOOnnnCORTTgUUUeeRSSS
CCCeeeNNNCuuRRRttii
cUUnncccORTTanII
ciinnncccUUURRRttANI'SS
CCOnCEEErrTTTENNAAuudd
ccciiNNcIrrTTTiNNNoiNg
cccEEEnnncccorrrttiiinnnasss
ccoNNNCAAArrrTTTIIInnngg
COOnnCCCeeerrtttIInooo
CCCooNNNcErTTazzEEE
ciinncccIrTTAAZeeeD
CAANCCCEErTTTIzzEESSS
COOnCErTTIZIIInng
CCOOOnnnCCEEERRTTTmmAAAsssterrr
cccooonCCEEErrtMMEsssTER'sss
CCoNNccErrrTTTMMAAsssttURRs
CCCAAANcaaaRRRTTmEEiiSTTTeeRR
cONNNCCIIrTTTOO
connnCeeeRtO'S
CCCiinccErrttIIIsss
CCCOnncccEEERRTs
CCCennCoSSiiiOONN
CConncEEESSSSSoounn'sss
CCCeeenCCESSSssAAAOOONNAAiiRReee
cconnncccEssiionnnaaaiRREEE'SSS
ccciiiNcccaaaSSSSSSiOOONNAiiirrraaaS
ccOOnnnCessssiiiOOOnnnALL
ccOONNcccEEssiiiOOnARRYY
cccOONcccEESSIIIooneRR
ccooonncaaaSSSsssEOnAARss
CCoooNNCCUUssssIIInnsss
ccOOOnnCEEssssIIvEEE
CooNChhh
cOnnnCHHH'ss
CCCOncha
cOOnncchaaass
ccaaaNcHHeSS
CCCoNNcchIIuu
ccOONNNcHEEEEsss
COOnncchhhiiifEROOuuuSS
ccOONCHHIIoolINNN
cOONNccHHHoooUD
ccooonnccHHOiiDiiiL
cUNNNCCChoLLoggiiieeeS
COONNCCHHHoLLLuggyyy
CCEncccHSSS
ccooonnncccAAAoorrrGGGEE
cENNcccAerrGE's
CCoNNCCCIIIErrGUUss
cEEENNNcccIIIlliieeRRR
CunccEEElllIaaTTTe
CCOOONccOLLLiiiIIITTeeeDD
cUnnncoooLaaaaTTTeees
CCooonnnCaalllIIIatIIINNNg
ccEENNNCCCiiilliiiaaatiiAAN
CCCANNNcIllliiiiiiTTooOONNN'ss
cccoNciLLeeootiiiVIII
cccuuuNNccciiiLLIAAtOOOrrr
cUUUnCELLIIIATTTOR'SS
CuNNNCCCoooLIAAATEEriiNissssss
CCCooNNNCCEEllaaaAttuuRRS
ccAANNCCCaaLLLIIaatooRYY
CCCOOnnnccOOnnnaatttA
CCoNNNCCCINnnnOOtttY
CCuuuNCCANNNnnooOsss
CennccesEEE
CCOONcIIsuullyy
CCoonnnCCIsssEENNEEEssssss
cEEEncccisssEEENEEESss'SS
CCennncUUSSSeR
CCCUUUNNCCCOOOSSeeSSSttt
ccOOOnnCiiiSSIIOn
CCCOOOnCCCIIISIIIOOONN'sss
coNCCLeViii
CCCoonnCCLLLaaavvvooo'S
CCOOOnnnCCClllaveeesss
CCCiiincccLLudEEE
cccuncLaaddeeedd
cccAnncLLLUUDDDUUUs
CONcllEEEddINNNgg
CCIIncclllUUUSSSeeOOONNN
CCCaanncLuuuSIIIiiN'sss
cccOnccLLLUUUSSSIoNNNsss
CCCOOOnncccLLUUSSSooovveee
CCanCCCllluSivILLYYY
CCCenncccLLuuseeeVeNEEESSSss
ccOOONCCllluuusiiVeeennESSSSSS'SSS
CCAnnCoccTT
ccoooNcOcctAd
CCCOOnCCCOOccTTer
ccaaanCCCOOcccTTiinnnggg
cccooonnnccacTTTeooN
CCCooonnnCCCooCCCTTTiiEEN'S
CCOONNNCCCOOOccctiiOnnSSS
ccINNNccoocTTOOOr
CCCooonnncaaaCttSSS
cuuncccoMMOttAAANcee
ccOOONNNCoMMMiiitAnciis
cccAANNCEmmmiiitiiNNttt
ccOOONNNCCCOOOmmUTEntt's
cuuunnCuMMMIIIttooNTTLLLy
CinccIIImmiiiTiiNTTss
CAANNNCCeerrD
CCCUUUnCoRRd'ss
cccOONNCCoorrrdannCCeee
CoonCCCOOORDAAnCE'sss
ccaaaNcOrDDDANccAADD
CCOOONNNCCErrddaaancees
cccUUnccooRRRdAANNNTT
CCOONNCCCoRRRDaaaNNTTlYYY
cooonnnCoRRRDaTT
ccoNNcccoooRRddAAt'SS
ccAAAnnnccAArdddaaattS
ciiinncOOOOORRRssE
cooNNNcooUUrrssE's
ccEEEnnCCCoEErSSEEESSS
ccooonncRREEScENcceee
cOOONNNcccRRASCCCoNNtt
CCCOnnncccrretttii
CaaNCCRReeettEE'S
caNCCReTTeeed
CCUUUnncccRRRAAtEELLy
CCOOnCRRREEtteennnIISsss
CCCOOONccRRREtteeennaaSSSss'SSS
ccOOONNNcccreeeTTTESSS
CCCooNNNccRReeTTTiNNggg
CCuuuNNNccRReeTTTiioon
ccconncRRETTTiiooonnn'S
CCCOnnnCRRRuutIOOOnnAARYYY
CoNNccrrreeeTTIOOnSS
CCCennnCRRReeTTTiZUUU
cceeeNNcccReeettooZZIIddd
CCEEnnccRRRUTTTAAZEEEs
CCOOnnCrrEEETTTOOzziiNg
CCoooNNCCuuBBBiiNNNaageee
CCCoooNCooBBBoonaGEEE'SSS
CInnCCiibbeeNNNARyy
CCiiNNNCuBBBeNNNEE
CennCCCuuBBBiNNeee'SS
CCCooonnncOOObbiiiNNeSS
CEENNCCupppIISSCCCENNNCII
CCOnCUUPPPiisCCeeNcee's
CeNCOOPPIIIsscEEEnnnt
CCCOOOncuuurr
CCinnCARRRaDDD
CCCOnncUURRRRENNNccee
CCOOONNccuuuRrrrOOONNCe'SSS
ccEEEnnnCCUUUrrrrEEENNCes
cONNCCCuRRRrEnCCYYY
cinnnCCCAAArRRennnt
CCCAAAnnnCUUURRRoonnntttLLLYY
cccooonnCCCeeRRRRUUUNNNggg
cOOONNNCCiirrrsss
COnnCCCUUUssss
ccoooNNcAAsssssED
ccOnnnccUUUssssooosss
cccoooNNNccOOOSSSiinng
CCCooonccasSIIIOOONNN
caNNcccAssssssiiooonnn'SSS
CCCaaNCUUUSSsIIOOnnnSS
ccceeenCCIssssssUvEE
cccOnnnddEEEmmnn
CCCOOONNNdAMMMniiibbbLee
COOnnDDDUmmNNATTiioNN
CCooonddEMMNNNAAAtttuuon'sss
CooNNNdddeeMMMNNaTiiiAnnnS
cccOnnnDuumnAtUrrrY
ccooNNDDIIIMnoddd
ccooNdeeeMMNNEERRR
cccoonndEEmmmNuuuR's
cuNNDDEEMMNNUrrrss
CCCooonnDeeemniNNggg
ccoonnnDDDeeemNNsss
cccoNNdEEnnnsAAbiiLLUUUttYYY
CCCOOOndddensUUUbLLLEE
CCooondddIInnSSSaaaTTAA
CCCOONNdddeeennSSiiiTTTe'ss
ccOnddINNNssUTTEEs
CuuNNNDDIInnSEEtttAAAann
cconduNssaaatAENN'ss
CCCandddeennSItttiooNS
CCOnnddEENNsse
cccoonnnDDEnssseDD
COONNNDDDeeeNNsEErrr
cccoNNDeNNNssser's
cOONNNDDENNNseeRRss
CCCUUUnnDDennnSeeSS
CoooNddIINNSSibblllee
CCCoNDDeeNNsssInnngg
CCCiinnnDDDEESSScccooonddd
connduuuSSScccAAANDDDeeedd
CCCiNDDEEsCCaaNNDDENNNccE
CCOOOnnDDEscUUUNNDDDONNG
cccOnnddEEScendUUnGGLLLyy
ccOOOnnddUsccoNDDSSS
CCCooNNNDDeeeSSSCCEENNNsssIoonn
cccEENNNdddOOOsCCiiNsiaNNN'S
coooNNNDDiigN
CCCOONdiiigNNLLLYYY
cInndddIIIMMMEnnntt
cInnnDIImunt'SSS
cccooNddIMMMENNNTTsss
cccOOOnnnDDDeettIOOOnnn
cccIIINddIIITTTIIIUn'SSS
cooNNNdddIITOOOONeeel
CCOnnnDIIITTeeonnnAAALL's
ciiinndIttiiiAAnnnaallITTIas
ccceendddiiTIIoNNEEElllITYY
CCuuNNdiiTTIIIeeNALlYYY
cccUndUUtttiOnnnAALLSS
cccOnnndiiiTTiiiOOOnnuDDD
COONNNDITTTUUUOONNoooRRR
CCEENdddiTTOOONNNOOR'S
coonDDiiTiiAANNNArrrs
coondddAATAAAoooNANGG
CConDDeeTTTUUeennnaaaNNNgg'SS
CCaaanndEEEtttiooNNNS
CooNNNdddooo
CAANDiii's
CCOOnDoEs
cEnnDDDOOOlllEE
CCooNNDDooLLLEDD
CCCoooNNNDEEELLeennnCE
CunnnddaaalleeennCCE'SSS
CooNddOOllleNNCEsss
CCCooNNNdddOLLLEnTTT
CoNdddIIllEEss
CCCINNNDooLLLInnggg
ccciNNDooom
CCCoooNNDDOMMM'SS
CCooonndOOOmmInnnUUoo
CCooNNNduummiiNIIOMMM
conndAAmmUUUniiiuuuM'ss
ccONNNDooMMMiiiNIIIUms
cccEEnnddeMMsss
COOONNNddOOONNAAbLLLeee
CoonndooonnaaattIIonn
CCOnnndONNATTIIIoonnnSS
coonnnddAnniii
cUUUnnnDDoooNNeeDDD
CCOnndonurr
ccconnnddANNeS
CCCoooNNDDooonnnOOOnnGG
CCCoNdARR
cennnddoor'sss
coondOOrS
cONNNDDDaaS
CCEEENddIIItttTIIeeRRRee
ConnnDDUUUccooo
CCCoNNDUccEDDD
ccoonnnDDuucccis
CiiNNNDUUCiNNggg
cEEnnDDDuucIIvvvE
ceeendOcciveeneeSSSs
cccONNDDuuCCCttt
ccAnnDDuucttt's
ccOnDDDUcccTANNccU
cEEnndUCTTOOOnnCCCAAA'SS
CCooonndUccteeed
cccenndductEEEBBBOLUTyy
cccaannndddUCCtttabULiTTTy'ss
CCoonDucTTTiiBBleee
cccAAnducccttIInnng
ccUNdUUcccTIOnnn
cccoNNDUcTaoooNNN'SS
CCCennnddooocccttIIIVEE
CCCAAAnnnDDUUcccTTIIvELLyyy
CCIInDIIIctiiVVViTuuueeesss
cooonDDUUUCTovoTTTy
cOOONddiiiCCTTTIIIvvIIIttY'SS
cooonddUUccctOR
CeenDDuuuCCttteR's
cccAAANdduucTTTOOORRRSSS
ccOOONNddicctttrrrESS
ceeNNDaCCCTTRRReesss'SS
CCoooNNNdduuucTTTRREssSeSS
COOOnDDDeeeCTsss
cccooNdaaaIt
ccOOnDiiAAttt's
ccOOnnnDDDUUaaattSSS
ccceeNddduuuPPPLLicccaaate
COOnnndddyyyLuuur
CaannnDDDyyLLooo
CCCEEENdddyyllleeeSSS
CCCONDDYYYLLLiiDDD
cooNNNddyyylOMMMAAA
CConnee
CCOnooo'SS
CCOOONNNeDDD
cccaanOOOfffLowwEEEr
CoooNNaFLaaWWeersss
CCooNess
CCCOOONoy
CCCUUnnnOOOyyy'SSS
CCooonnneeeYSSS
CCCEnnnFFFaaBBB
cccAAnnfabbb'SSS
CCUUNFFaaBBiiiD
CCOOOnnFFFEEEbbbbiinnnggg
CConnFFIBSS
coNNNfAAAbiLLLaaaTTe
CUUnnFaaabbaaalaaTTeeD
cccoooNNFFFaBBUULEtttEEESSS
ccooNNNfffaaabbelllEEtttEENggg
cccoNffaaabiLLLaaTTTEEOOOnnn
CANNfaabbALLLUUtttiiiUNN'SS
ccIInnnFFOOObbUlatttIIooNNNS
cUUnnnfooBBUlllAAATTIIIRRYY
cccONffEEctt
cENfOOOcccTTTeddd
cOOOnnfffiiccTTTiiinG
CooonfeeectttEEEN
ccoonnnFFFIICCCTToooONN'SS
CCCiinFucccTTTeinnnaaaryy
coooNNNfiiCttAAAOOONNNERR
CoonnFFFeeecTIIinneeeRR'S
ccceeenFEEcctIIOnnEERRUEEES
cccOOOnFeeCCCTTTUUUiiinEEErS
ccINNffeccTTTOOONNNERYYY
CCCInnFFeeeCtttiiOOONNNAAry'ss
cOOOnnfffucTTTIIeNNNSSS
cEENFFIIICtSSS
CCooNNNFFFeeeDDDiiiRAACaeeeSSS
CCAANNFiiiDDDIIIrrrAAAccYY
cccinnffEEDeerrreeCCyy'S
cAANNFFFeDaaRRRAAATTTUUU
COOONFiiiDuurrEEEteee'ss
CCINFFuDDEERRAAAtooDDD
CCCONNffEEEDeeerraatttesss
cccuuNNFiiDDDEErraaatoooNNNggg
CCOnFFeeeDDeeeRROOOtaoNNN
cccuunFoooDDDOOORRATTIun'SSS
COONfffedddeeerAAAttEEEEEENNss
cOONNNFFFOrrr
CCEEENNNFFFeeeRRREEOO
CCCoNNFFuRRuuuuuu'sss
CCCooonnFeeRRREuuusss
connfeRRRooonnnCCCaa
cccunFeeerrrOOONNNCE'SS
CCCunfiiiroNNNCaaSSS
cccoooNNNFFFooorriiiNNNCIInnnggg
cccOONFFeRRReeer
CCCoNNNFFORmmmUUNT
CCCOONNFFeeRRmmaNNT'sss
CCCOOnffoorrrMuNNNtttSSS
CCConnnfferrrrrraabLLLEEE
cccEENNFFerrrrrrALLL
cccoooNfoorrreeL'SSS
CCCennFErrrrreDDD
coonnfffaaarrrreeerrr
COOOnFFIIRRRrrer'ss
ccEEEnnnfOOORRRRRREEERSSS
CiNFFFEErrrrrIInnggg
ccOONffErrrss
CuuunnFFFuuRVO
ccOONFUUUrveesss
cOOnnFFaaSSss
CCoonnnfffuuSSSSeeeDD
cccOOONNNfIIssSSuuDDLLyyy
CCooNNFFEEssssEEESS
CCOONFFFiiissssonnng
ccoonfeeessiiOOONN
cconFeSSSSIIOOON'sss
CCCIInnnfisSIIOOnnnaLL
cconnnFFEEESSIonnnuLLL's
CaNNfffEEEsssooooNIlllS
CCOONfEEESSSSIIIooNNss
CCoooNNNFFESSSSAARR
CConFFUUUssSSOOrrr's
coooNNFFFeeeSSSSSSaaaRRSSS
cEENfEEtTTI
CCCOnFeeeTTTII'SS
CoonffiiiDDaNttt
connnfooodddaaannntt'ss
cEEnnnffIDDDaannnTTTUU
ccOOOnnnFiiDDAAANtee'SSS
coooNffOOODDDeennntttEESSS
CCAAnFiiiDDDeenntttsss
CooonfeeeDDDEE
cUnnffooDDeeeDD
CaNFiiDDeeeNCii
ccooNFFFiiiDDDiiNNCCCo'S
CooonFFFIIIDeeennCEEsss
cOOONNffUUUDInnnTT
CunfAADDEEnTIaaal
COONFFFIIIdddENTTUUUilliiiTTTyyy
CCCAANNFFIIDEEEnnnttaaaiiLIIItty'sss
ccOnnFFooodddUNNNtttaaAALLLly
COOOnnFuuDDDoNNTTLLLY
cuuuNNNFFaDeeeRRR
CooNNFFFiddIIrrr'ss
CCENffIIDDDeeRRS
cOONfffIdddEESSS
coNNFFFEEEddooNNgg
cUNNNfffIdddoonGGGLYY
cOOOnnnfOOGurOOObLee
CAANNFFFIIIGuuuRROtttIIOONNN
CoonnnFigURATTIOONN's
cOOOnnffIgguuurrOttooooonnaaalll
CAANFiiiggguurrreeeTTTIIUnnnUlllllyy
CCooNNNFiiigUURRROOTTiiioooNNisssMM
CCCoooNNNFFFooogguuuRRRAATTTIIAAANusMMMs
CCOOOnnFaagggiRRoooteOOnnnsss
CCooonfffiggOrrrUTTTIIvvve
CooNNffiiigggUUrree
ceeNNffIIGoooREd
cccinffiiigguRREs
ccOOnnnFFIggUUURRRiiiNGG
ccooonffiNuBBBllEE
CCCOnnFFFiiinee
ccEnnnffinneee'ss
CCoNNFFFinnneAAAbbblllUU
ccciiNNNfffiiniiddd
COOOnnffinEEEMManttt
cccoNNFiiiNNNeeMaaannntt'sss
CCOONNNffuunimmeNNNtttSS
cUUNNNfinnnIIR
ccuuNNNFFFIIINNNooss
CCConnnFFoNNINNNgg
CCCOONFirrMM
ccOnnFiiirmmmaaabLeee
ccOnnnFFFIRRmaNNNddd
CIINNffIIIRRmAAATTTiiOnn
cccOnfffiirrMooTTiooN'SSS
ccaaannFFeRRRMMMAATTIAAnnsss
cccOOONNNFFFIIIrrrMMMAATTeRRyy
COOOnFIIRRMeDD
ccooonnFUrMMMEEEDDDllYY
CConfffiirmmmInngg
CCooNfiirmmmSS
CCoNNfffeeSSSccciiiBBBLLe
cOOnnFFFiiiSSScaaTEE
CCOnnnfuuSSSCCCUTTTEDD
cooonnFFiisssCAATTTEEsss
cuuunnnFFFEESCCCOOtInnGGG
ccEEnnFFOSSSCCCooTTuuAAAn
CCoooNFFussscccaattiEENNN'SS
CCCIINfiiSSCCaattIIUnnss
ccONFFFIssCCaTUUUrrr
CCoonnnfAASSScaaaTToooRRR'S
ciNNffIscccooTORSSS
cccaaanfIIsssccOOTTTOOOryy
COOOnnnFFIIITTTUUUrrrEE
CCUNNNFFFIIITTUreeSS
CCConnnfffLLLOOgggrAAAnnttt
CCCuuuNNFlaggrAAATTTiiioNNN
ccIInFFlaaagRRRATTiiiooNNN'S
CCOONNFFFLLLAggrrraatttiiiooons
ccciinfLLAtttii
CCONNNfffllaaTEED
CCCOOOnnnFFFLiiiTTTees
CCOOONFFLLLAATTiNNgg
CCooNfLAAAtttiiioNNN
cccOOOnFLLLeetttiiiiNNN'SSS
CanffLLaattaaains
coonnnfLLLIIIcTT
CCCIINFFFlliiicttt's
ccAAAnflIICCTTTeed
cconnnfflicccTiingg
COONNNfLLiiiCCtunnGGlllYYY
ccENNFFFllaaaccTIIvvvIII
cccUUUNNfffLuCCttsss
COOONNfLIcccttUUaaL
cccooonnFFLuuAAAnnnCCe
CCCAAAnflIIIENNNcccEE'SS
cennFFFlllUUUeenccceeeS
cccooonnflllOaaantt
CCOONNNFFFLLLuux
cccOOONFFLLuuXooSSS
cccOOOnnffOOOCCCAll
connnffaaaRRMM
cccENFFFoooRRRmmmaaBIIlllIItY
ccooNFIIIrMMABLoo
CCCOnFFFOrrMooBlllyyy
CCuuunnffaaarMAAAll
ccOOONfffoRMMAAnnncE
CCUNNFOOORMMuuuncccEEE's
CCCaNffOOOrmmaTTTIIIeeenn
CCUUNFaarrrMMattEEEooonn'SSS
CAAAnffooorrrMEEEtttiiiONNuL
cOOOnnnFFFORmmmAATTTEOOONSS
cconnnfffeeeRRRmmUDDD
COOOnnnffurmmmER
ccUUNNFEERmmmerr's
CCUnnfffooRRRmmmEEERSSS
CCCooNFFaarrrMONNNG
cccuNNNFFARMMIISSMM
CCCOONFFFIRRmmiSSSm'S
CCCOnnnfIIRRRmmEEsssT
CCCOnnnfORMMeesssttt'SS
COONNFFFOrrmmmAsTTTSS
COOnnnfffoRMooTTYY
ccIIInfooorrMMMOtyyy'sss
COONNNfffEEErmsss
ccaaannFFFooNdd
CCinnnFIIIuuunnddEEEdd
COnnfffiiiUUUNNNDDeeddLLYYY
ccciNNffooouuunnnddeedddneeesssss
CCCaaaNFOOOUNNNdddeeRRR
cccUUUnnFFooAAAnnddOOOnnngg
cOOONNFFFauNNds
CCCaaannnfffrrraaaTTEEErrrnniiituuuEEESSS
CCCooonnFRiteeRNNUUUttyy
CCaaaNFFFrrrEEttteRRRnOOTTy'SS
ccaannFFFrroNNNT
ccoooNNfffRuNNNTTatiiiooN
cooNNFFFRRooNNTTTatttiiiIIIn'SSS
CCCIInnFrrrooonnttAATTIIeeeNNAl
ccoNNNffRRRUUnnTATIIINNss
CiiNNNfffRaaaNNNTTeeDDD
CAAnnnFFRRROOnttiiNNGGG
CCOOOnnnFFFrrriiintttsss
caaNNFFFRRRèRRRuu
CCCoooNffRRèRRREEE'SS
ccconfRRèrIIIS
ccoNNFuussAAbbli
cccoooNNNffuuuSSeee
ccconnfusssOOOddd
ccOnnfUUsssEddlllYYY
cccennnFFFeSuuuDDDNeeSSsss
CCCuunffusssesss
cccoonnnFUsssIIIngg
CuuNNNFFFaasssINNNgLY
cccooNNNffUsssiiUN
Caannffuussseeonn'SS
coooNNNfuuSSooooonss
CoonnFFuutuuuBLLLE
CCOOnfUTTTaaatIIIIn
CCooNffuuuToootttIIIooonnn'SS
cccuuunnfffuuuttteeeTTTAAOOONEl
ccAAAnnfffutti
cconnFFUUTeeeD
ccOONNNfUTTTOOORRR
CCeeNNNffuuuTTToos
ccconFFeeeTTUNNNggg
COOngggaaa
ccUNNgggaa'SS
ccOONNGAAAuuuDDD
CCEEENGAAAINGGG
cccUUNNNggEEs
COnngggEEELLL
ccUUnnnggEaalllOBBBllle
cooonnggeeAALLLAADD
ccONGGEillennnG
CCCUUUNNNggUoolllmmEEENNtt
CCCoooNNGGeeeeelmmmeeennTTT'SS
cccOnngUUUaaLLLss
CCinnGGGULAABBLLLe
CCCoongggellAAtttIIoooN
CoNGGGIINNNAAr
cccONGGEEENNEErrrOccc
ccongggEnEErsss
ccoooNGGeennnUAAAlll
cconnnggUUNNNiiEElUUUTTyyy
CIIInGGiiiNNIIIaaaLLLIITTTy'S
coNNgggeeenniAAALLLlllYYY
CCCeeennGGGiiNNeeeUULNNNuuusssSS
cccaaNGaaNNNiiiellNNEEESSSSeess
COOnGGGeeniiTTTaaLLL
CCCONNgeeNNNaaTaLLlllYY
CCCiiiNGGGeRRR
COOONNNggarrr'sss
cccOOnngggEEERRRiiiuSS
CaaaNgggiirrriiEsss'SSS
cccOOONNgaarS
CCCOONNgiST
CConggeSSSttadd
CCooNNNGGGESttIIInnnggg
CoonnnggEESSStieN
cciinguSSSTTooooon'S
ccANGGGEEESTivveee
CCIInnnGiiSSttss
cEEnnGIIIi
cooNNNgiAAAS
CCCoooNNGLLLoBAttoo
cciNggLEbbbeeeTTOdd
cccoNNglloBBBaatES
CInnnGlaabbbaTiNGGG
ccconnGGGLuuMMeeeRRRIte
cccennnggLLiMErrrAATTE'S
COONNNGLLAAmerotttEddd
cOnnnGlllOOOmArrroooteess
CCooNGleemmmeeerAAATTTICC
CCCInngLOOmmmerraaaTTTuuuNg
cccEnnnggLIIImeRRattIIoonnn
CCCOONNGlIIImmoooRRuuTTIIUnn'S
cuuuNNggLEMMaarrraTiiOnns
CCOOnnnggLuTTToooNNNAAAtE
cccAAnnGLLUUUTeenuuutttUUd
cUNNNGllATinATTTIISS
CCCaaanGGGLLEEtUUUnnaaatUnGGG
cccOONNNggAAu
cccaaNgggoooSSS
cEEnGGGROOTS
CCCongRRRaaaTTSSS'S
ccciNNNGrrrATTuuulllUnnnTTT
ccOONNNggrrrAATTTooLLLaTEEE
CCoonnnGGRRRIttuuuLLIItEEED
CIINNNgggraaattuLLLOtttIIISS
CoonnngRiTTTUUULLETTiiinGGG
CaaaNNggrrrEEToLLAAAttteonnn
ccOnGGRRREEEtALaaTTUUUooNNN's
cccooNNNGGGrreTTiiLAAtIIIOOONNNss
CCOOngRRiiiTTuuullAAATToRRR
CCCOOnGrriTTUULLLAAAttOOORyy
cOOOngrreeeGGGAAAnnnt
CCCEENGGGRRRiiiGGGaaanTTT'sss
ccoonnnGGGRRREEGAAANNtss
CiiiNNGGGRRREGGGAAATEEE
CCCooNNNGGrrIIGGGItEEDDD
CAAANNNGGrruuGGGeTAAASSS
CuunnnggRAAAGatttinGGG
ccoNNGrrAGAAATTIOOnn
CCCONNNggREEgaaattEEEUUUNN'ss
CooNNGGGrrragggoootiiOONNAAAll
CCCiiNNNGrEEgggiiTTIIinnalllAASSMMM
ConnGGRoooGGGaaTTTiiiOOOnAAALLLiiiSSSm'SS
CCUUUNNGGrrEGGaattIONNNuuuLLLiiiSTT
ccOOONNNGrEgggIIIttIonaaLLLooSttt's
CCCooNNNGGRRROOGiitIIONNNolllIIIstttsss
cooonnggRRoggUTTTeoNsss
CCCOnngROOOgggAATTToRR
cEnnGrrrAAASSSs
cONGGRRRooossss'sss
CCCongggrrrAAAsssssseeS
cccooonnngrrrEEESSSIIIannnAAL
cccOOOnnGrriiSSSiiiEEEnEEllLLYY
COOnnggRRUUsssSSMUN
CCEENNgrESSssMaaannn'sss
ccEEENgggrrrooosSMiNNN
cccOONNgggreeeSSSSSPPEEEOOOppLLLEEE
ccIINGGrOssspppirrsssunnn
CCCONgrOSSSSPPPeeeRRRSSooon'SS
CCOOnGGraaSSSsssPPUURSSoonns
CCCaaangggRRREEssssWWOOOmAAAnn
COnnngRREEEsssswwOOOmAN'ss
cccEEEngggrresssWWWUUUMMMeeeNNN
CCCoooNGGGRIEEnncceee
cOOOnnnggRRROeeeNcccE'SSS
cccooNNNGRRUUUUNNNCCees
cccENgggRRUInnCy
coonnnGGGrrueNtt
COOnnggRUEENNtLLYY
cInnGGRRRUUUeTTIIoooS
cceeNggrUUUAtty
cOOOnnggRuItttyy'ss
cooNNGGGRuuuOOOuuSS
CCoNNNggrOOOeeeeeSSSLLLyy
CUUNggRRiOUUUSSnnneeesssss
CoNNGRRReeouuuSSneSsiss
CooNUUCC
CCCeeeniiic's
CCCoNEECAAAL
cccUUnneCCCaalLLLYYY
cinniicss
ccooonnniiDDDiiAA
CeeNNNEDDDeaaapphARRRee
cUNNNIDUUUoppHHHiRRRESSS
ccONNAdooUm
cIIInnUUUEESS
COOONNIIIFFFaR
cccONuuFFeRRR'S
cOOnnEFeerruuuuuS
CCEnnIfffeeRs
cuuunnnuuiiine
CuuunnUUUNggg
cOOONNNiiiuLogggY
CCOOOnniiiUUmm
CCaNjjeeeCtteeRRRaabbbllAAA
ccannnJJJeecccTTTuuurrAALLL
CCaaaNNNjeecccTTTuuurraaaLLlllY
CCCiiNjjjEEECCtteeRRRE
connnJJeeeCTTTAArOO'sss
ccOONNNjEEECCtIrEEEDD
ccooonJeeeCCTTUroooRR
CCeeeNNJeCCCTTTuuurrrusss
CannnJJeeCTErrUnG
cOOOnnnjjOuuNN
CooNNNjjjAAAiiiNNeeeD
ConnnJJAAiiiNNNAAR
ccONNNJJooAAANNUUr'S
CCCoooNNNjjjooAANNErS
coonnjOiiNNNiiNNNg
cccOOnnjjIIiiNNss
CCCOONNjjjOOOinnTT
ccoooNNNJJooiiiNNNttLLLYY
ccuuunnjjjAAAgaCCyy
cONNjjjOGGaalll
cOnnnJJJooggoooluTTTY
cccOOOnnnjjAAgAAALLLLLLYYY
cccOnnjjjoooggETu
CCCoonjjjUUGGGitEEDDD
cccENNNjjjUUgIIIttEEELyy
CCOONNJJJuggoooTTOOSSS
CaaNjeGGGuuutEEng
CCCannnjjOGGaaaTTTiiONN
CCCoonnJUUUGGGaatttiIINNN'SS
CONjUgggiTTIIIOOnnnUUUL
ccAnnjjIIIGAAAtaaoNNaaalllY
CInjUgaaaToeeennnS
cIInnnjjjiiiggattIIIve
CConnJUUNNNCCT
CCCoonjeennnCCCt's
cccaaNNJJuuNNNCCTIonnn
CCOnnJJJoooNNNCCtttuuuOnnn'SSS
CCCIINJJAnnnccctttAAAoonnAAll
CCConnnjuuuNcTEEonaalllLLLYYY
CCConJJJaNNCCCtaoNNSSS
CANjjjUUNNNcTiiVVuuu
ccOOnnjjiinnccttaaaVA'S
CCCENNNJJuunCCCTTTUViiuu
CONNNJJONNCCCTiiivvOOOl
CCCEEEnnnjUUnnCttivvaaaSS
ccAAnnjEEncctiiivve
cciNNjjoNNNCCCTToooVVVE'sss
ccoNNNJJJInnnCCttevuuuLLLy
CConnnJJJuunncctttIIIVUUS
CaanJJUUUnnnCTTTiiVIIITTIIS
cOOnnjUUNCCTTTiVVVETTISS's
CeennnJOOnncctLLLy
cOOnnJJJuNCCTTsss
CCCaaaNNjINNNcctttUURAA
CCOONNNJJJIIINNNcccTTTAAra'SS
coonJJJUnCCTTTurrrEEES
CCUUUNNJJUUURRRAAtaauun
CCoNNjjUUURRateeannn's
ccoonjjOOrrAAAtiiooNss
CCCOnnnjjjERRe
cccUnnnjjjaaarrruuuD
ccOOOnJuuuraRRR
ConjjjOOOrreeerr'SSS
ccANjjjuurIrrrSS
CCCannJJURReeS
CCCUUnnJJuuurriinnnGGG
cAAAnnjjjAAARRoRR
cccoooNNjjaaRRooor's
CCCENJuuurOOrrrSS
ccconKK
CCCooNNNkk's
CCooonnnKKKeed
cAAANNNkkOrr
caaNNNkORRRSS
cooNKKKeNNGG
CCCInnnKKKSSS
CCoooNNNmmmAAANN
CCCInnnMMMAnn's
cccOOnnnn
cccIINNEEte
cccEEnnnnnnAAtaarELLL
CoooNNnnuuutUrrraaaLllY
CINNNNNNECttt
ccOOONNnnnEECttaBBBllUU
cciinnNNeCTTEEDD
ccOOOnnnnoctttuuuDDDnnnEESSSs
CEEEnnnnnEEECCTTeeeRRR
cccOnNNeecTEEEr'SSS
ccOONNNNNeeeCCtttArSS
CCoooNNEEECCTTiiiBBBLEEE
CIIInnnnUCttiinnnG
ccooonnnNNNOOOcccTiooNN
coonnneectuuuunnn'ss
cccooonnnnnOCCtEEInss
cooNNNNECtttaaaVVVEEE
cooonnnnEEEccttaaavaaa'SSS
CCCiiinNIICCtttiiiVelyyy
cUUUnnnnnnuuuctttAAAVVVOOOs
ccONNNNNNEcTTTevITTTY
cANNnneeeCttiiVVVeeetY'ss
cccOOOnnnnnnaCtttIR
cooonnneccctttAARR's
cAAnnnnEECCTTToRRSSS
CCCOOnnnnnneeeCCttS
cOOOnnNNeeeddd
CCooNnnnIIINNGGG
CCOONnnaapppTTIIIoonn
CCEEENNNNAAAPPTIIOOONNN'S
ccOOOnnnnnIIIPtteeOONNs
CoooNnnniVVaaNNNCCuu
cccoooNnIIIVVUUUnccE'SS
CCAAANnnnivvvuu
CCCeNNnUVVVeedd
cccooonnNNNOVVVEENttt
CONnuuvveR
CCENNNNNNEEVeeeR'SSS
CEENnIVVERSS
ccconnnnIIVVVEERYYY
ccoonnnnnnivvvEEs
ccuuuNnnaavvvIIInnnG
ccoNNNnnnuiiisssSSUUuuR
CCUUNNNnoASSSoooiiRR'S
cooNNNnnnoooUUssSSSEEerSSS
CCUUUnnnNuiSSSSEEuuuRSSHIIppp
ccuuNNNNiiiiissssEEEUURsssHHHeePs
cccAAnnnnnootEttteeoNNN
coooNNNOtatIIOOOn'ss
ccconnNNNootAATTToAnalll
ceeNNNNOttiitttOennSS
COOONNNNOtttIITIvvvAAA
CCCannNNNOTTE
cccOOONnnnoTTUDD
ccooNNNAAteSS
CoonnnNNNAttonnGG
CCCooonnnnsss
CCCunnneeeBBOaalll
ccconnnnnoBBBIIuuuLLLIITTTYYY
CCCeeenNuuBBBiaaLLLLLYY
CCooNOOED
COOOnnnoaaadddss
CoonnnOOOSSSCeNTII
CONQQQUUr
CCCeeNqIIEERRaaBBBLLeee
CCiinnnqAAAiirrreeDDD
CCCOOnnnqqEEERRiRRR
CCooonqUUUOOrinnnGGG
CIIInnquuRRRooRRR
CUnnqqUUUOOOrooorrr'SSS
ccEENNqqqUIIIROORRRsss
cOnQQQaaaERss
ccEnQQUUusstt
COnQQuuEEsssT'SS
CCCONNQIIIIssstttSSS
cOnQUUUIIIaaan
ccUUnqUUUISSttaaadOrr
CCOOnnnQQQuuuEsTTAAdeeer'S
cOnnqqqUUIISSSTiDDoRRRoooSS
cccOOONNqqqeeeisssTTUUUDDirrrSS
CCOOOnnnsss
cUnnSSSEEnnnguuiiNee
CCCOOOnnsssaannGGGeeIIINNUUUIIIusss
cccooNNSSANGooiiiNNuuuiiussslyyy
CCCaaannSSSAAnnnggUannITTYYY
CCensAAANNGGuuINaTY'SS
CuuuNNsCuuuOOONNNccEE
cccAAANNsscciEEEnCCCA'SS
cOONNNSCCIIIENceeeLLLoss
CCooonnnSSSccciiienceeSSS
CCCeeennssscciiieeNNTIIIIIIAs
cceeNNNSSCIIIUUnnnTTTAiieessLLyyy
ccconnnssscciInnnTTTIOOuuusNNNeeeSSSS
cOOnnsCCoENNTiOOOEEESSNNNaaaSss'sss
ccOnnSSSccIIIEEEnnAAbLEEE
CCCoonnSSScciiiAas
cccOOONNNSSSCCCIIoUSSSLY
coNSSCCOaaaaaasNNNOOssS
cciiNSCCuuOOOuuuSNUUSSSSS'SSS
CCCOOnnnSciioUUUsnnEESSSSSEss
cooonSCCrraaapppTT
CCoonsCRRIPTT'ss
CCCAAAnnsccRRIPPtedd
COONSSSCCrrrEppptttiNgg
cccAANNNssccrrrePPTTTiiuunn
CCENNssscRRaaappTTUOOOnn'SS
CCCOONNNsccRRIIPTTs
CIInnnSEcccRRRaatteee
cccOOONNSSAcRAATuudd
ceNseCrrrEtEEss
CEnnnSuucccrraTTINgg
CCannnssuuCCCraTTIIIEEENNN
cccIIINNNsEEEcccrrraTieNNN'ss
CoNSSSIIcRRUUtuuuUUnnsss
cEEEnnsssecccRRooTTEEvaa
CCooNNseccraaaTTeeeRR
cAANNNSOOCrrrootoooRRRYYY
CCCANNSSSeCuuuTTTuuOOOn
CCAnsEECuuttEEVEEE
CCOOONNSSAAccuuuttIvvvUUUlllYY
COOnseeCCeTiiivvEENAsss
ccceeNsssUUnssual
CiNNNSeeeNNNSUUooolllllly
CCOOOnnnSSSeeeNNNSSuuSS
CCCOOONNNsseNSSIISS's
cccONNSSonnssIssuuS
CIIINNsseNNNT
CooonnSENTT'SS
CCooonnSSSentAANNNAUUIIIss
cccOONNsseeennntttEEdd
COnsAANTTTiOnnnttt
COOnSUUUNNNttUUnnngg
cAAAnnnSeeNNTTTs
CCannnsseQUUeeencccEE
ccooNsEEEQQQEEEUnnnCEE'SSS
CUUnnnsssEqEEUnnncccEss
CCoNNNSOQQEEEnnttt
ccooonnnSSSEqqqIINtIIaall
cceeeNNSSeeeqqqOiiintttIAALLitYYY
CiiinnnSSeeeQuuuEENNtIeeeLLLLy
cccOONNSSeQUUUEnnnTTLLLy
cccOOONNNseeerrVVVaBBBli
CCCOOOnsssAAARvvvInnccieeeSSS
CCCiinnsssirVVVEEEnnCCyy
cccIINssAArrvannnccY'ss
coooNNsseeRRVVVOttIIooNNN
ccoooNNSSEEERRRVATTTIIIaNN's
CCCunnnsssEErrVVEETTeeeONNill
cccoonsEERvvvAAtAAUUUNNiSMMM
cEEnsseeRVeTTiOONNIISSMM'SSS
cccOOONssEErrrvvUTTuuOOnISST
CCCeeenssseeRvvvETTIIIoniiiSSt'sss
CCONNSSSaarrVVAtttiiiOOONNiiiStttSS
ccIInnnSSSORvvvatUUinnnS
cccOOONNSeRVVIItoosMMM
CCooNssAARRRvvveetttAAASSSm'SS
ccuuuNNNSSeRRVVAATTTIIIVVEEE
cccoooNNsIIRVVETTIIVVeee'SS
ccOONNNsssOOOrrvvUUUtuuvvEEllYY
CCCONNsssArVVVAtoooVVVeeNNaSSsss
ConnSSErrvvvATTTiVVVeeS
CCINsssIIrrrVVaatteare
CooNNsOOrvuuuTTTOOOeeeRRRUUSSS
ccooNSSIIIRRRvvvItOrrr
CONNSSAArrVaaaToooRR'SSS
caNNNsssuuurrvvvAAtttOReAAl
ccOOONNNSSSIIrrrvoTTTOOOriiieeeSSS
CuunssEEErrrVVaaattOOORRSSS
cOOONNSSSEERRRVVoTTOrSSShhhIIp
COOONNNsERRRVATTTeeeryyy
ccUnnnSeerrrVVAAttUUUryyy'S
COnsssERRVVe
CoonnnSoorrVe'sss
CCiinnSSSeeRRvEddd
CCiiiNSSEEERRRVVVesss
ccannnSirrvvviiiNNNgg
cIInSSooddoRR
CoonnSSSEEdddIIRRRaaBlE
CCCUUNSSSUUUddErEEEBBLLLYYY
cccEENNSiiiddIIIrraTTTo
ccoooNNNSSSIIdeeeRAAAttEELY
coonnSIIIDDeeeRRRuuuTTeeennEEEssss
ciiiNNNSSSIIdddEERRAAATeeenEESSSS'SSS
CCCOOONSSiidddarrriiiTTTOOiiiNNN
cconnnSSSedduuuRutttOOeNNN'S
cciinnnSiDDDEEErrrEETIIIoNNNS
coonsIDDDeREEddd
cOOOnnnSiDERRingg
CANNNSIDDAAArrrSSS
CCOnnSSSoooggnnn
cccoonSSIIgnnaaabbLa
CuunnnSSIIIGGNNNIIIDD
cAAANNNSooggnnneeuu
CCCONNNSSiigggnnnEEee'SSS
CeeeNNNsOgggNNEEeeesss
CAAnnnSSSuuGNNUUr
CCCaannnsssIIgNNNeRsss
cooNNSSSeeGNNNIIINNNgg
CCCUUnnSSIIgNmmmaaannnt
CennsaaagggNNmaaaNNNt'S
CCCeeNssiignnnmmIIINttSSS
cOOnnsIIIGGGNNiirrr
cUnSSSoooGNNNiRRR's
cccoooNssOGNNNoRRSS
cuuNNNsiiGNsss
ccOnsisssT
cooonnnSSOOssstUDDD
cccooNssIISSSTTTaaannnCCEEE
ccOOnSISSSTTuuunncEEE'sss
CCCooNNSEEEsssTTTeenCIIS
ciinnSIISSTTTeeenCIIOOOs
cOOOnsiSSSttannnCCCy
cccaaaNNsssIIIssteeNNCCCy'SS
conSSiSSSttIInTTT
CoNSSSiSttannttlYY
ccoonnnSSSiissstttOnG
cccoooNssIISSttOOrrraEESS
CCoooNNsISStttEErrryyy
CEnnnSIIIStaRRYY'sss
CCCOOnnnSSIIsssTTTss
cccoonnnSSoCCCiiiAAAttE
ccennnSSooccIIotttaaaD
CCINNNSSOOccIIIaaTTTESSS
CCUUnsssICCCiiAAATTTiiiNG
CCCONSSoooll
CCooNNssELobblii
connnSSIIILAAAtttIEEEn
CCoonSSSaLLLeetEOOOnnn'SS
ccIIINsssOOLAAAtttIIIoonnnSSS
CCCOOOnSSSALLaatttOOrry
CCCoonnseeellEE
CCinSoolEE'SS
coonsoooLLeeDDD
CCCoonSSSOOLEEErrr
CuNSeeLooos
ccaannSOOOlllIIIDAtttU
cccooNNNSSSollliiDaaateD
COONsssOOOLiiiDAAtEESSS
CinnSSSaaLLiiDDDAttiiinnngg
CCCUNNNssulIIdEEEtEEEoooNN
CConnnSaLLLiidAATTIIIEEN'SS
cccoNNSSSiiLLAADDiiitttIeeeNNsss
coNNssOOlIddAAtoRRR
CuuunnSSAAALLLidaaatooorr'sss
CCOONsssOlladddIItttOOrrss
CCoonnSSollInnnGGG
CCCooNNsAlliiiNGGlllyyy
ccONNNsssOOls
CCoooNNssooLLLIIITTTaaa
cccONNsuuummé
ccciiiNNNSOOmmMMé'SSS
caaaNNNssuuunANNCCOOO
CCCiiiNNssseenIINcccAAA'sss
CCoonssiiNNiNCCCeSSS
CCCAAnnnssUUUNNaaaNNNt
ccOOONsooNNNIIINNNTT'sss
ccOONNSSUnnnEEENNNtEElll
ccceennsOnnAAAnnTAlllyyy
CoooNNSonnAAANNNtly
ccENNSOOONAAnnnTsss
cccUUNSSOORRtt
cccunnnSoRRRT'SSS
CanssOrrtteedd
CCCAAnnnssooorTTaOOO
CIIInSSSIIIrrTTTiiiNgg
cInnnsORTiiuuum
COOONssooorTTIuuumm'SS
cccOnnssOOOrtttIooommSS
CCONNNSSSorrrTTTss
CCoNNssPPPeeCCiiiFUCCC
cooNSpIICCCttUs
CCCOOONNSpeCCTTTuuuSS'S
CCuNNNSpppEEcccteeesEEESSS
coonssspIIcAAiiTTy
ciiinnsssppIcccuuOOus
CCCOONNSSSPaacccUuuUUSllly
CCooNSSSpppIIcOOIOOssNaSSSss
CCCOOnsssppIIIcOOOooouuussnnnOOOsssss'S
cooonnnsssPeeerriCCieess
ccoooNNNSSPPURaaCyy
CooonnsssPPooRRACCyyy's
cccInsppUURRRAAATUUUR
CCCoonnSSSpppirrrAAAToorrr's
ccOnnnSSSpppiiirrratIIIRRRaaaaaL
cccuuNSSppiiirAAAtttUUUROOOOOLLLYYY
CCOnSSppIIrrOtoRSSS
CCCInnnSSSpurrrooo
CCCiiinnssPPPiiireeeDD
cccoNNNspAARRREEs
coNNsssppeeerrIIINGG
CoNssttaabblllEEE
cOONssstiiBllEEE'SS
ccooNSSSTABBLLEs
ccAAnSSToooBuLLLaaaRReeeeS
CCoonnSSteeeBuuLArryy
ccONNssttteBBUULLAArrrYYY'S
ccensTaannncccY
ccUnnSSteeeNNcy'sss
CCCOOnStttAAANNNttt
ccooonnnssTAnnntt'SSS
cccOOOnnnsTTTAnTTaaaN
coonstttaNttaannSSS
ceennSStaaNNTlyyy
cOOOnnSttiinnntSSS
CCCUUUnnnsTEELllAAATTe
cOnsssTTaaaLLLllAATTTed
CCCOnnnSSStttEEllllUttaaas
CCooNNNsTTiilllLLLootttAAAnGGG
cooonssstttEEELlllotttIIuuun
cIInSTTellLLiiitttIaN'sss
CUnnnssteLLlaTTTiiiuuuNSS
ccenSSTEERRnnnAATE
CoonSSSttteRRRnAAAtEEddd
cccOOOnnnSTToorrnnAAAtteeeSS
cccUUNsssttEEErrrnnnaaToooNNG
ccoNssTTuRRRnnnEEEtIIAAnn
ccooNNNSSStttaaRRRNAAATTIUUnn'SSS
CCCoooNsTToooPPOTTE
ccconnSSSTTTePPPUttEEd
CCOOOnnnsTTTiiPPaTTiiis
CCCOnnnSTiiiPUUTTuuuNNNGGG
ccOONsTTIIPPPUTEEOONNN
cconnnSTiPPItiioooNNN'ss
ceeensttIIIttuINcccuuuEESSS
cannssTTeetttuuuENcccYYY
ccInssTottuuoooNNcccy'sss
cUUUNNNStttiiiTTTUUUennttt
COOnnStIIttUUuuNNTT's
CCEnsTeettuuuuunnntttLLLyy
COOOnsTTUUUtEEeeeNTTS
CEnnStttitttaaaTEEE
cccONNSSttiiiTTEtiiid
ccenSTATUUTTes
CConnSSttittUUTTTuung
ccoooNSSttIItuuuttiOONNN
COOOnnnSSStttiiTUtttOOOAAnn'ss
CCCOONNNsTTTiiituuuTTTioonnaaaL
ccceNsssTTTiituttIoooniLL'SSS
CuuNsssttiittuuuTTeAANNNOOLLLUUSSMMM
CCEEEnsssTTIttUUUtoooaaNalllUsmSS
CONNssTTiiTTUUUTAAAEnnnALLLIIIsTTTs
CCCoNNsssttaaattattiEEEnAAAllIIty
CCCUUNNNssTTTuuuTEEETTTieennnEEELLittyy's
ccOnnSSSteeeTUUtttaaaONNNElllYYY
coNNstIIITTutttooeeeNNaals
CCCoNstttAATTIttiionnss
CCCooNNNSSttaaatUUTiVVVoo
CCoNSSSTTuuuTUUUTTTevvEELLLY
cccooNsssTRRaauuun
CoNNNSTTRIIiiiNNNaBBLLLaaa
CCCOnnStttRRRAiiiNNEED
CCONNNSttRaINEEr
CCCOOOnnnSSttrrriiiIniiiNG
cuNNSSSTTRaiNNNSS
CUnnsstrrrUUiiinnnT
cccooNSStRRuuueeeNNNT'sss
cOOnnStttRAUUntss
CCUNStrrriicccTTT
CoooNssttrriiicccTTTUUUD
ccoonnssttrrrIIccTTTIInnnGGG
caaanssstttRIIIcTTTioooN
CCCoonnsTTTrIIccctIIEEENN'ss
CEENssTTTrruuCCTiiionns
CCuuunnnsstRRiiccTTIVVVee
CCCoooNsttrOOCTTTarr
CCiiNNssTTTRRictOr'ss
ccOOONNsttrrIIIccctooorss
cuNNNstttRICCttS
CaaNNNSSStrrriNNNggiii
ccONNNsTTTRRRIINggiDDD
cENsstttRRRiNggeeNTT
cccooonnsstttRROONggiis
cOOOnnSSSTrrrIINNNgguuuNNg
CUNsTTrUUUaaabLLee
cEENNssTRuuaalll
CooNNsssTrEEEcccT
cccoooNNNsttRuccTTT's
CCIIInnsssTrrrooCCCtAbbLLLE
cinnnssTrrocctEDD
COnssttrrruuCCtttEErrr
CCCinsssTTTRRRiiiCCCtttIbbLLee
cccoooNNSTTTRocTTTEENgg
ceNNNSStrrrUUcccTTiiOOn
CCAAAnnnSSTTrrruuuccTTIIenn'sss
ccINNNsTRRRUUCtttoooNIIILL
cccooNNNSStttrUUctAAoonAAASStt
CoooNSSttRRuCttuuuaaNNNIIISSTT's
CCCaaNNSTTRRUUUccTIIUUUnaaaSSTSSS
CCUnnsssTTruuCCCTTIooonnS
CiNNNsstRRUUCttivvveee
coonnnssstttRUUccctIVVVoLLy
cOONNSSStttrruCCCTIveenESSS
COOONstRRUcTTTiVVeenEEssss'SSS
cciiiNssstttrrOOOCTTiVVUUssm
caannsttruuuCttevIIssmmsss
CaaNSSStrrrUUCCCTIIvisssttt
CONSSttrrrUCCCTiiivvIIsstss
ConnnsstrrrIcccttOOORRR
ccUnnnsssTTRRACttaarr's
CENSStRRUcTTTOORRSSS
ciiiNNNSSttRRRUUCCTTS
CCOOnnnssTRRRIEEE
ccANSSSTTRRRiiEEEDDD
CCOnsttrrriiiEEESS
CCCiiinnnSStttRRRUIIINNGG
ccOOnnsUBBSSTTTaaNNttIuul
ccOONNssABBStAAANTTiuuTTa
CaaansssuBssttAANNNTTTuuuUTTTiOOnn
cceeennnsssuuuBSSTTaaaNNtiiiAAATIoooN'S
CooNssUiiitODee
CCoooNNNsuuuEEtEEDiiiss
CCeeeNNSSSaIIITeeDDDeeennul
CCOOOnnnssuuAttUdINAAArrrIIIosss
COONNNSSSUUEEEtttUDoonnnuuuRRRYY
CCCooNsuL
CCCAnnnsUlll'S
CCeeeNNSSuuulllAAR
CCONsuulaaaTe
CCConnSSuulUUTii'sss
cconssUULLLITTeesss
ccuNNNSSSUllls
ccAAANNSSuuulllSSShhhIIp
CCeeeNNssIIlllshIIIP's
CCCONNNssUlllttt
cccEENNSSUllTTToooNNNCCiiieeesss
CCUUUnnSSSOOOlltttInnnCCCYYY
CCONNNsssOlllttaNNCyy'sss
CCCOONSSSoooLTTTaaaNTTT
CoooNNSSSuLLTTTinnt'sss
CCCAAANSuuuLLLTTIInnTTTS
ccciNNNsUUlTTAtteeeiiinn
cccOONNSSeelllTTaaaTTIIIONN'sss
CCCONNssUULLTTattIUnnS
cccOOOnSSUUlllTTAttiiiVVEE
ccInSUllTTAAAddd
cccunnSSuuullttIInnnG
consElttSS
cccONSSUUmmmABBlE
ConnSSSUMMiibbbLLLo's
cccOOONNSUMabllES
ccINNNSSuumO
cccONNNSSuuuMMOdd
CCUnsssuummEDDDlyyy
CIIINsAMMMEEr
CCoonnnsssUUUMeeR's
cccOnnnssAAmmmuuRRRiiSSmmm
cooonnnSSSUUUMErrrusssmm'ss
COOOnnsummuurrissstt
CANNSSSuuuMMEEREESSttt'ss
coNNNsssIIIMMaaarrIStIC
CCCiiNsssUUMMErrrEsssTS
cciinnnsameeeRRss
cooonSSUUMMesss
ccEENNssuumING
cannSSSUUUMMMMMAAtEEE
CCCiiNNssiimmmmAATTeeedd
caaNNNSSSEEmmMMMattEEELLLyy
cccOOONSUUMMMMMIttiiis
CCConnnssuuMMMiTTiiiNNG
coNSEEmmmmettiOOON
ccooNsAAmmmmoTIoNNN's
CUUUNNNSSUMmUUtttUUUOOONNss
COOnnnSuummMMMEEETTToRRR
CooonSEEMpttIann
CCCuuNNNSUUMPPPTTTiiiIInn's
cOOOnnnsUmppttiiiEEENNNSSS
ccansuummmPPPttuuvvII
ccOOONNSEEMPTToovvveee'SSS
ccceenSUMPTIVVEElyyy
CConnSSOOmppTTEVViiSS
CCONtttAAccctt
CCCeeenntttaaacTT'sss
COOnTAAAccctttaBLLu
CCCOOOnnTaaccTTIIID
CIIINNNttUccttiNNNGG
CCCOOONNtAAcctttARR
CIIINtacccTTTsss
CEEEnnntagiiiinn
CCEnnnTTTiiggiiOOOnnn'SSS
ccceenntttAAgggiiuuuNs
COONNNTTaaGIoouuSSS
CCConTTTAAgggEUUesssllYYY
cccoonntttAAAGGueeeUSnIssSSS
ccooonnnTTAAAGGIIIooeSnnnEEsssSSS'SS
cOnttAAAgggIIIOM
CCCEENNNteeeAAN
CiiinTaaiiinnaBBBLLA
CCennnTTaaaIIneeeD
cccooontttUInnneerrr
cccEEENTAoneeR'sss
coNNTTAAAiiiNNNeeeRRAzzEtiiiiiinnn
cceeNTToooiiNNNIRRUZZAAATaonn's
ccOOONNNttAiiNEErriiiZZE
cccanntttaaeNErrIIIzzzEEDDD
CiinnTiiiiNNArrIIIzzuuuSSS
CCCOONTaAAAniiirriizzzoong
cconTTTAAAiiiNiiRRs
ccconntOeeNNNAAnGGG
ccEEEnntttAAinmmoNNNttt
cceNNttUUeeNNNMMeeeNNT's
CCCoooNNtttEEEEnnSSS
connnTTaaMMMinUUUnTTT
CooNNNTAmmiiinAAnnT'sss
coooNNttaMMiiinnnIINttss
ccOONTaammmiiNNNATeee
connnttoooMINNNUUUtOOOD
CCCaannTTaaammmiinnniiTTTIs
cccoNNNTTAAmmmaaaNNEETTTaNNG
CCOONNNTTTaaaMMIINAtttAAAeeeNN
ccooNNNTTuuuMMMInnnAttUUUnnn's
cuunnttamiiinaaatOOvve
CoNNNTTAMMooonnnaTEEErr
CCCeeeNNNTAAAMooonnnaaatttOOrrr'S
cciiiNttUUMMIInnOOTTToooRRRS
CCIIINNNTEngggIII
cOOONNttteee
cEEENNTeMMMnnn
CCaaannntEEEmmmnnAADD
ccOOnnnteMNNeeer
cceeeNNTTTEEEMMMNNIIIBLLA
CCOntttoMMMnnninngg
CCINTiMMMNNNER
CCOOONNNTuumnnSSS
CAANNtteMppllAteee
CCOOONNNttaaamPPLAATTeeeDDD
CCoooNTUUMMPLetteeS
cOnnnTTEEEmPPPllEEETIINGGG
CEEnnTeeMpLLotIIIOONN
cciiNTiiMPPllliiTTiiiAN'sss
cccooNTTTOOOMMppLaaatiiiONNS
CCooontttIMpplAAtAvvvEEE
ccontEEEmmmpLLLeeettiiiVeee'SS
CCoNtttOOOMppLLLaaTTUVViiLY
COOnnnTTEEmPPPlluutooovvvEEES
coonteeMPPLLAtAArr
CCOONNNTEEEMPPPoorIINNNUUITYYY
caaannTiiiMpppOOruuNEEEiiittyyy'SS
cOOntttEEmPOORRAneeeouuS
CCooNNNTTTeeMMpppooRRRAANEEoouuslllyy
CIINttteeMMperrroooNNNEEEUsssnnneesssss
cccunntUUMPPOOOrAAnnneooUUUssNNEESSSSSSeeS
cccaNTTTeeemmpppErrraaaRaaisss
cccooNNNtEmmPPPorurrrUlYY
CoonnnTeemmPPPiiRRarY
cccoNtttOOOMMPPIIIRRRiRYYY'SSS
CuuuNTTUUMMMPIRiiizzOOO
coooNteemmmpOORRiizzEED
CCCAANNTTTaMMMPaRRRaaazzzeeSSS
CCCoonteeemPoRRRiiZZZIInnnGG
CCCONNtttOMMMPPT
CoNtiiimpppTTT'sss
ceNNTTiimmmptIbIIILiitoESS
ccconnTTeMMppTTTaaaBBBOOOliiittYY
CCOONNNTTTemmmPTIIIbLii
CCCOOONtttIMMPTTTIIbLLLy
ceNtteeeMMMPPPtuuoooUss
CUUNtteemmppttIIIooOSSSlYY
CCCiiNtteeempttuuuOOUUUssNNNeesssSSS
CCooNTTTEEmmPPtttaooousNNNesS's
CooNNttIInnDD
cciiNNNTTENNNDDeeddd
ceeNNTEEENddor
CCCaaaNNTuuNdEEErrr'SSS
cccOOONNNtttEnnnddEEErrrsss
cccINNTTEnnndonnGGG
ccaaantttEENNNDDDs
ccOOONNNtteeNNNTT
COONNNtttUUnnnTT'SS
cccoooNNtttIIInnTTTEEEddd
CCCoooNNNtttiiiNtttiDLLyy
CCOONNNTTEEntttaaadddnnEEESS
CCOOONNttEEEnnnTTTedddnnoSSSSSS'S
CCOOOnttEENNNttInG
cANNNttteNNNtiOn
ccoooNNNTTeeNNNtIIeNNN's
CCIINNNtttoooNtttaauuNSS
ContttintiAAuSSS
ccOOOnnntOOONTTOOOuuUUSSlly
cOOOnteeentttIIuuuuuuSNeeSSSSSS
cIINTTuuNttIIOOOUSSSnnnUUUSSS'S
ccIInnTeeenTTTlly
cccOONTTToooNNNtttMMMeenT
cccOnTTennnTTTMEENNTT'ss
ConnntuunnTTsss
ccceNTTTErMMMuuuNOOOAAsss
ccOOOnnttEEERRRmmaaNNNEEEiiiSLY
CCConTTTEERRMMManooaaassNNNIsssSSS
CCAAANNNTTUUUSSSTTT
cOOntteesTTT'SSS
cooontttAAAsstAAABlEE
ccoooNNNtUUssTANNNt
ccooonnnTTTeeeSSSttAAAnntt'SSS
cuuntttEssttantttSSS
CCCeennTEssttiiTTUON
cONNNtttUSSSTTAAtttIIooNNNS
cIInnnTTISSTaaDD
cccooonnTTTaaSSTTAArr
cccUnnnTTTeeesssTIIInnnG
cOnnTTiSSTTTSS
CCUUUnntteXXt
COOOnttEEEXXXT'ss
CoNNNtttEEExTTLIIsssS
CooNtiiixTTTSSS
caaNNNtextttUaaalll
CCCaaanTTTeeextIIIeeellAsM
CCCOOONNTTUUXXXTTTUaaaLLLaasTTT
ccciinTTTeeeXToAALLEEZattuuuAAn
CCCuuNNNTeeexttuuuIIIlloZoo
ConntiiXTuuolllazzzeeeDDD
cOOOntttEEExTUUUaaaLoooZES
COOOnttteeXtttUUUAAlllOOOzONNNGG
CCEnntttAAXXXttiiiaaallLLYYY
cccEENNTTexxxtUrrEEE
ccONtUGGUooTTTYY
CCCoooNTTTIIIggaaaIIITTTYY's
CCiNNTuuuggaaaus
cOOnntAGGGUOOOuuuSSSLYYY
cccIIInTTiGiiEEuuSSSNOOOssss
cccANNNttiGiiuEESSSnnEESSsssEEEs
CCCoooNTTTIInaaNcccuuu
ccUnTTTINNNeeNCCCI's
ccoNNNttIIInneNt
CCCiNNNToooNNeNNt'ss
CCUUUNTTonnEEnnnTalll
CCooNTTiiiNNEENNtttAAALL's
ciiinnnTToonEEENNtUUlllLLLyy
ccINNNTTTUUUNNNEnnTTTAALLLSSS
CINNNTUUUNNEEnnnTLyy
cIIInnnTTTeNNNoooNtSSS
COnntINNGeeeNNCCCiii
cooonnnTiiiNggAAAnnnccciieSSS
ccooonttanGGENCCCy
ccOOONNNtINNGGeennnccyyy'ss
ccEEnTTIIINNggiiiNtt
cccEntttInnggINT'SS
cccUNNNtttINgOONNTTTLLLyy
ccUUnnnTiiiNNNGGOOnnnttts
cccuuunnTUUUNooooo
ccEEEntIIINNAAIbblu
COONNNteeenaaaaal
coonntttIINAAAAAllLLY
cooNTTiiinuuuOONcccEEE
cccoooNttInnnUAnncccuu'sss
cccunTAANNNuuAANNNCOOS
coNNttINNNUUONT
cccAAANTTTeennnUaaaNNtss
CONttaNNNuAAAtEEE
CCCOOONttInOOOaaTIOOON
COONtIIInnuuateeeEENN'ss
cccOnntAAnnnUUUaaatiiiOnnss
coNNNttIINNNuaaattOVVVA
ccOnnTiiNNuuuATORRR
CeennntooonnnUUUe
CCCuNttiiNUUUEddd
CONNTTTeeeNNuuEr
CCCOOOnnntiinnOOOEEss
cccOOONNNTTiiinnnOOEEEnnggg
CAAAnTTEENNNuIITTIeeSSS
ccOnTIIINNNOOEETTTyy
cANNNtttINNUUUUUUTTTy'SS
CCCuntuunUii
CCCooonnTTiiNNNuoAAAsss
CCCeeeNNtttUNuuuEEEESSLLLyyy
cOOOnntttOOnuuuoooaSSSnnnOOSSSss
CCCAnnttuuNNNUUUouuuSSnaassEESS
CUUnntIniiiuMM
cccoooNtttENNuuuummm'sss
CooonnttiNUUimmms
CCUNNNtAAA
COONNNTaarrrTTT
CCCEEENNtOrrrtttUUDDD
CCooonnnttOOrTINGG
cccOONNNtooRRTIIIoonn
ccuuNNNtirtiaNN's
CCCoNNTTTOORttIIooNEEssTT
CeentttOrrrTTTaaaoNNNuSTTT'ss
ccOnttAArrrTTTIOOOnnniiissTiiC
ccoNNNttoorrrTiiOONNEESStttsss
contooorTTEiiiNsss
CCEEENTOOrrTTTOOvooo
cccoooNNtttUUUrrTsss
CuuunnnttoSS
cccoNNNttoouRR
CCCaaNNNTTAAIIIRR'SS
CCCUUNtoooUUrrAddd
CCaannnttoUrrIInnnG
ccconnTToarrss
CCCeeNNNttRRu
cAAANNNtttRReeBBeeennnDD
CAAANNtttRRRAAABBUnnD'SS
CCeennnTTrrrEEEBaaannDDDiiiSttt
cccooonnntttRaBAAnnnddIISSTTTs
cccIIINNTTTRRRAAAbbiisss
COOONNtrrruuBAAAssssEEsss
CCCAANttrrAAbaaSSSSIOOOnnn
ccUnnntttrrruuubbbAssssaOOOns
CCCOOntttRRaaacccoooPttIIIOnn
ccciiiNNtttRAAACuuupppTIooonnn'S
CCoooNNTTTRRRACCCuuppptIIVVEE
CCCoonnnTRRAAcceePPPToovEEE'SSS
CCCooNNNtttrACCCEEPPtIvvvOs
CCOOntrreecTT
CoonnTTrrEECT'ss
CaNtttRRActtABLE
CCUNtrrAAccctttUddd
CCOnnnttRRiCCCttAAAbiiiLLutyy
CoooNNTTTrrrAcctIIIBBBLLLOO
cccONNNtrrAACttOOllee
ccaaannnTTTRRiiiCCCtttOLeeeTTaESSS
ContttRecctuuuLUUUTY
cOOONTTraaaCtENGGG
cccunnttRaaCCtoen
CaaannTTTRRRaaCCttiiOON'SS
cOOOnnnTTrraactaaoNNSSS
ccEEEnnnTTTrACtIIVVEEE
cooNTTRaCttOORR
cONTTRRRaaCtiiR'sss
CCuunnTRRUUUcTorrrsss
CCCOONNTriicccTTSSS
COOnnTTRRACCTTuAALL
cciinTrrrACCCtUALLLlllYYY
cconnnTrrocccTTuRREEE
ccONNNttroooCCCttOrreees
cONtrrrAADOOONNcuu
ccOONNNtRRAADaaannncccEEs
CCCeeNNNtttREEEdddeeCCTT
cccOOONtRadddicTabbLLE
ccooonnTTrrrIIIDDDiiccTeeed
cUUNNTRRAddIICCTTToooR
CCCoonnTTRRAdictttiiiNNg
ccciiNNNttRREEDOOCTION
CUUUnnnTTTrAAADDiCCCtiiOnn'SSS
COOnnnTTREEddUctiaaNSSS
COnnnTTRRRAdIIICCttOOORRR
CunttrriDEEEccttorrriillYY
CCCoooNNNTTTrrooodiiicctttooorrYY
CCEENNNttRRRaaaDDDOOOcTTTss
coooNTTRoodiSStttInnCCCtaOOONN
CCCOOnnnTTRRROdddiiSSSTTToNNNCttEEEann'SSS
CConTTTRADDIIIsssTTTINNNCCCttUUUINNsss
CeeenTTTRRRAADDIIsssttinCCCTTIIvve
ccceeenTrrroDDDAAstttIInncccTIvvvEElllyyy
cccoooNNTTrrraddIstaaaNNNggaisssh
ccOOONttRaadIssTTTIIInnnGGGuiiisshhAAADDD
coooNNtttrUddeeessstUNNgguIIISSShhhEEES
CCoonnttRRRAAdiiSTTTaannnGGUUoooShhhinnng
CCCONNNtttrrraFFlloww
cccennTrofffLOOOWWS
caaaNtRREEulll
cINTroooeeel'ss
ccconnTTrrOOOElllSS
CConTRRRaiindddIIIcccAttAAA
CCCOOnnnTTrrOOOoNNNdIICCIITTTeD
CCuuntttRRaaiiiNNNdddiiiCUtttUUS
cconnnTTRRAIIInDDDIIICAAAttiiinnnggg
cccUNNNtRAiiinndddAACCCaatttIIIoooN
CCooNNNttrrrAAAiNNddIICCCATTTeeeOOnn's
COnnnttRiiiinnndddECOOOTTTiiooonsss
ccInnnTrrraaaIINNdicccAAttiiVEEE
CooonttRRALLLTOOO
Caaanntttrralltoo'S
CCCOONNNtRRRaaLLLtttoS
CCCaaNNtRaaauuucccTTavUU
ccooonnntRaPPOOOsssEE
ccINNNTTrreeePPuuuSSSIITTTiIIINN
cONtRRAAAPPoooSEEEtttoovaaa
cOONtttraPPTIIOOnnn
ccuNNNTTTRRRaappptttIIIon'sss
CCCOOnntrraaapttIIoooNs
ceeenTTrAApUUnnTTAAAll
cccEEEnnTRRRAAApiNNNtIIIlllY
COntttRIIPPunntiiist
CCCOnntrrUUppInntttIISSSttss
cccONNNTTRUUUrrrIIAANNN
CCCOnnnTTRRirraaaaannAAAsM
ccooonnnTrrraaaRRREaaannnss
CCCUUnnnTTTrarrriUUs
cccaaaNNtttrrAAAriiAATYY
CUnttRRAArIIaatYY'SSS
CCiinntrAARRRIlYY
CCoooNTTTRRROReeeNAAss
ccOOnTRRRURRiiiNNEEsSSS'sss
cOONTRRaaarrriiOOOAAAS
CCANNNtttrarOOOWiSSSAAA
CCiiNNNtttRIIIryyy
cooonTTTrraaaRRyy'sss
cccoonnnTTRRRuuusss
CCCoNttrrraasT
CAAANNNttRRRaassTTT'ss
CCoooNttRRaaaSStaaBBLLE
ccconTTRUUUSSSTTUddd
cccOONTTTRRessstttInnggg
CCoonntttrrUUssTUUUNNggglllYY
CCOOONNTRRROstttIViii
CCOOntttRReeSSSttSSS
COOONTTTRRaaSSStttyyy
cccuuunnTTTRRAVVVALLLLLAAATTiiOOOnn
ccooNNtttrAAvvveNNE
CEEENtttrrrevEEEnnEEDD
ccooonnnTRRRavEEEnnAARR
CCoonTTTRRaaavEEEneess
ccoNNNTTTraaVVVeeNNNinng
CuuNNTTTRRAAAVVVEEntiaaannn
CCCuunnttRavennTooooNN's
COOnnnTTRaavvvOOONTTionSSS
cOOOnnnttRRRuuuYERVaa
CCEEEnnnTTTrrUCAAuuPP
CCunntttrODDDoNNse
cunTTTRRRuuudUUUNSSEss
CooontRuTEMMMPPsss
cccOONTRRReeTEEEMPPss's
CoNTTrriibbUTTTE
CCCoooNNNTTTrrEEEBBBUUUTTeeDDD
cooontttRiibbuTTooSS
CCoNtttrrrUBUUTiiiNNG
cccooonnnttrIIbbbUUtOOOOOOnn
cccoNNNTTrriiiBBuTToooonnn's
CCINNNTTTriiBuTTIIunss
CoooNNtttrrrIIIbATIIIvaa
CCCoooNNTTrrIIIBBatooorr
ccOONTRRRibbbOOOTOOrrr'ss
ccaannttRiBuuTToorrrS
CCCaaaNNNTTTRRebEEtttOOryy
COOONNNTTTrrriiiTTTeee
cccEEENNNTTrrrIIttteLLYYY
cooontRRRITTTENNNEESSS
CUUUNNNtttrIITTTIIINNNeessS's
CannntrIIIttiiiUN
CCinnnTTrrroottiioNNN'SS
COOONNtRRRIVVVinncceee
CCCooNTTrriiivvAnnCCCe'SSS
COOnntRIIvveennCCASS
ccoNNNTRiiiveee
CCOOnntttRRRIIvvvAAAd
cccennntttrrrIIvvvOODlY
cccoooNNNtrrIIIviirr
ccUUUnntttrEEvvaaaRRR'SSS
coontrrrivErSSS
cccOOONNNTTTrriiiVEEEss
cooonntRREEVVuuunnng
cooontrrrooLLL
CConnntttrrroooL'ss
cccoNNTTTRRRollllAAABBBIILIITy
coNNttroooLLLloBlllEEE
ccoonnTTRROOlllLaaabbllly
COnttROOLLLLLAADDD
CooonnnttrrIIILLLlleeerrr
CCoonnnttRRoooLLLLoorr'SSS
cuuuNtrrooolllLeerss
COOOnnnTROOLLLLIIIrSSSHeP
cuNttroooLlllEEERRRSHHHaapS
CINNTTrrrOLLlllUUNNNg
CCannttRRRIIlllss
CCCooNNttRRoovErrrSSuuAAAl
cccaaanTTTrrEEvEERRssIIIuulllyyy
ccOOONNNttrrroooVVViiirrrSSIess
CAAnnTTTRRRiiVVEEERRRSSSYY
CeeeNNtttRRovveeeRRRSSyyy'SSS
ccOOONNTTROVEEErTTT
CCCooNTTTrrIvEERRRTEEEdd
ccconntttRuuuvEEErrrTTiiiBLe
CCannnttrEVirttIINGG
ccOOOnnnttRRRaVVUUUrrTTTsss
CuuuNNtttUUUmmmaacaaaOuS
CCCuNNttumOOOccciOOOusssLLYY
CanTTuummecccYYY
ConnnTTuuMMMEccyyy's
cccoonTuMMIIILIIESS
CCOONNTTammEELLEEEOOaS
CCoonnnTTuummaaLLLyyy
cOONNNTTTOmmmeeLLLyy'S
CCooNNttIISuu
ccOOOnnnTIISiDDD
ccoNtessseeeS
coNNTTuuuSIIINgg
CCCOOOnnntuSSiooonnn
CooNNtOssIooon'SS
CCOONNtteessiiions
CCCOnnnENDDRRumm
COONUNNNDDRUUMMM'SSS
cuunENNNdddrumSSS
CCONNNuuRBoTTTiiinn
cOOOnUUrrBEEttIIiiNN'ss
CCCooonnnoorbbUUUTTOanss
CCoonnUUrrooo
CIInvaaaLoooSSSCCCE
cccAAnVoLiiSSCEEEd
ceNNNVVAALLLeeeSSCCCuuuNNccUU
CCCaaaNNvvAAlllaaasssccAAANCaa'sss
COONNNvvillleSScAANceeess
CCCoNvaaliiisssccEEEnnt
CCCOOONNNvvvalliiiSCUUUnnnt's
CCCuuNNNvvviLoscEnntttss
ccooNNVVAAAlIIISSSCCCees
cooonnnvvvoliiisCeeennng
CCCINNvUctt
ccAnVVViiiCCCtteeed
ccconVVVUCCtteNNNg
CCCOOOnvveeCTiiion
CCCooNNVECCCtIeN'SS
ceeeNNNvOOOcccttIAAAnnnAAALLL
cccOOnnvvvUUUcttIIvvve
cccOOOnnnVVVoocctoRRR
cccOONvvvUUUccctorrrS
ccoooNveeCCCts
CCCuNVoonnaaablU
cONVeennAAAncUUU
CuuuNNVAnnAAnnnCCCAAAs
CCOOnVVVeeenEEE
ccIINVeeennoodd
CCCoNViiNNNuuRR
connnvveeNNiiR'SSS
coonnnvvveennerss
CUUNNVVViNisss
CCCONNVuuNNiiiiNNcaaa
cOOONNvvOOONiIIInnnccee's
COOONNVEENeEEnCCCaas
COONVEEEnnneeontt
cOnnnvveeennoenTTlyyy
cccONVEnnnONNNggg
caaNvvvEnnoorr
CCCOOONvEEnnOOrr'ss
CEEEnvUnnnOOrrSSS
CaaaNvaaaNNt
CCCOONNVuNNT's
CoNVVVEEEnnTTUUUcccLLee
CCCUUUNNvvvooonTiiccclIII'SSS
CCEEEnVVVeeNtoccLAS
CCaaannvvUUUNtaOON
cEEENvvvaaaNNTIIooNNN'sss
cccOOnnnvveeeNtiEEnnnalll
cccUnnnvvUnnntttiiOOONalaaaSSSm
CCOnVVEnntuuonnAAllloossMMMss
CCConnnVVVEEEnntttoouunneLiiiSSttt
CCCaaNNVeeNTTTEEAAnnniLItttYY
cAAANNvvonTTTiuunnuulliiiTTyy'SS
CCOOnnnVVVeenntIIIOONAlaZZaatttiiiAAnnn
ccOnvvviinntiiEEEnnooLLiiZZUUUTiiiOns
CCAANNVVONNtooNALLLozzzE
ccoooNVuuunntIIOOnnnuuLLIIIzEEED
ccenVVonnnTTIOOONNaLLIIIZZasss
CCooNVVEnTIIAnnnAALLLIzzzAAAnggg
cccONVVEEENNNTTTIaaanaaaLLLLyyy
cooNNNvvUUUNNTIIaannnaaaER
ccOOONNNveeennntttiioonuuEEErSSS
cccInnnvvvEnnTiiUUNNNiiR
cooonnnvEEEnnnTTTIOnnnss
CCCEnnnvENNNtS
CCCIIInnnVVVenntaaaal
CCoooNVeRRGGEE
ccIInvvvorrGEEddd
CoonnnvvorggeeennCCCooo
ccooonnnvveeRRRgEEEnCEE'S
COOOnnvvviiiRRGGGIIINCCeees
CCOOOnVVeeeRGGanccIIIesss
ccOOOnVVVarrGGeeNCCyyy
CCIInVAArrggINNTTT
cccinnnVVVeRRRGeees
ccceeenVVVeeeRGIInggg
CCiiinVVVeerSSSEEbbblooo
cOOOnnnvvORSOnnnCCEEE
CInnnVVVeRRRsUUNNcEEEs
CONVAAARRRssAnnnCiiEEs
cccoNNNVVVeeerrrssAAAnnCCy
ccuuuNNNVeeeRRRsssantt
CCONVVEERRRsssAAANNttlllY
ccOONvEERRsssAAATaaaoonn
CooonveRRSSatttIooNN'SSS
CCAANNvvErrSaaaTTIoooNNaaaLL
ccciiNVVEEERRssAATIonULOsttt
CCOONNVErrrsaaaTEEEEENNaaliiissT's
ccoonnnvveerrrSSoottIonnOlisstttss
ccciiiNvvvErSaaaTTTAUNAAlllY
CCCANNNVEERSetttEEEoNS
CinnnvvveeerrssAAZiaaane
cennvEErssU
CCCooonnvUrrssooo'ss
ccONNNvaaRseeDD
cIINveeerSEELLLY
ccOnnVORseess
CoNNVVeeRRSSSIIInnngg
CCCeNvvveeeRSSSaoooNNN
CCIInnVaaaRRRssiiion'SS
coonnVEEErSAonnS
CoNvvEERTTT
ccEENvvARRRtt'SS
CINNNVEEERRttuddd
CCOnnvveeerrrteeR
CCUUNvAAARRTTTeeeR'SSS
ConvvvEEErrTTTeeRRS
ccooonnnvvvEERRTTiiibbiLLLITTTY
CoNNvvveRtiiibILiitttyyy'ss
CooonnveeeRRtttIIIBBBliii
COnnvUUURRTTiibLLLe'ss
cUnnnVVurrrTiibbblllasss
CCCOONNNVVViRRRtttiinnng
ConVVEErrTTTIPPlllAAnnEEE
COOnnvorrrtttATTTi
coonnnVVEEErrttoor
CooNNNVVeeerrTiiiR'SS
ccONNNvuuRRTORRRS
CCCiiiNvuuRttSSS
CCCUUnnnVVViiiX
CCOOnnvveeeXeTYYY
CONNvvvexxxAATTTyyy's
CCOOOnnnvuuuXXLLyyy
CuNvoYYY
cccEEEnvvUUUyyooobLLeee
cOONNNvvvEEyaaNcccEEE
cccoonnVVeeYaaNNCCEE'ss
ccooNNNVVVOOYYAAANNNCCCeeRR
CCOOONVVEEEYANNccIIIRRRsss
CCaaNVVOOYYaaannCCisss
cccOOOnnVEEyAAnCCCIINNNGGG
cooNvEEEYYAAnnnCaaannnggs
CCCoonnnvvvOyiiddd
cccOOnnVVaaayEEERRR
cEnnVEEYYYEEERRR'sss
CCiiNNVuuuYYYOrSSS
CCuuNNNvvvEYYYuuunggg
CCCONNNvvveeyyyeerr
CIINvveeyyOORR'SSS
CooonnnVVEEYYorsss
COOnnVVVoYYsss
ccOOOnnvIIICt
ccOnvvACCCTT'SS
CCEEnvvvAACCtttIIDD
ccONvvIICCCTTTIINGGG
CoooNNNVVIcccTEEoon
cccOnnviicccTTUoooNN's
cEEnnVocccTIIIoonnnss
caannVIccTTss
cceeeNNNvIINNNccEEE
cccaaaNNVVUUUnnnCCEEEdd
CCCONNNvviiinnnCuuusss
cccOOOnnvINNNcIING
cconVVannccINNggLLyy
ccOONNVVaaavvuuuOOlll
CIInnVVVIviiiOLiiTTyy
cccOOOnnnvvvUUVVViaaalliiiTTTy's
CCCAAANNNvvvaaaveeeAAllllllYY
COOOnnVVaaaCCCuuuttooONN
CCCunVVVIICCCAAATTAAoNN's
cOONNvvvooocAATTTiooonnnAAAlll
COnnVVVOOcccATiiiINNSSS
CCOOOnVVoKKEE
connVVekkkeeeddd
ccaNNvokkkiiSS
ccceNNNvvvAkkkAAnng
ccoNNvvoLLuuuttO
CCooNNNVVVALLutoooDD
CCOOONVVVeeeLLutttiiiDDDLLLY
CuunnnVVVOOOLLLoTuuS
cIInVVoLLLEETIIInnnggg
COOnVVooolUtttIIoonn
connnVOOOlUTIooon'ss
ccunvooollutiiiOONNNS
CCCoNVOOlvvOO
ccOOOnvvUlllvvuuuDD
ceeNNvvvOLvvees
CCCANvvvEllviiiNNG
CIIINNvoolllvvaaallEEECaOOUUUSSS
ccaaaNNVVVOlVVViiLLLos
CeenvvvUUULLLvuuuLLLOOSSeesss
COOnnnVVUUUy
CCCOnnnvvvOYYY'SS
cccOONVOyyyAAAd
cOnnVVVoYYYooonnggg
COOONNVVooyys
CCaaNvvollsssaNttt
COONNNVVVUULsuu
CCCUnnnvvvoollsssed
cOnnVVuLsOss
CCINNNVVULssINNG
ccooonnvvvALLLssUoNN
CCIIInVuuLLssooooooNN'SSS
ccEENNNvUUUllsssIIIonnns
cccoonnvvvuuullsiiivIII
ccaaNNvvvUULLLsIIIVEEElYYY
CCCOOnnyyy
CCCoNNYYY'S
coo
cOOOOOO'SS
CCCEEuEEED
cccuooeeee
CCCoOONNggg
ccooAAkk
cccOOKKK'SSS
ceOOKKbbeoK
CCoooiKKbbbiiiookkk'ss
CaoookkkBBBUUOOkkks
CuIIkEEEDD
cuuokEEErr
ccOOOiiKKKeR'ss
coooAKKKeeeRIAAss
CEEoKKErrrs
ccooookkkeeerYYY
cOOeekkEEERRyyy'SS
ccuuOOOkkHauuuSOO
ccEOOOKKKhhOOOOsiSS
cccooeeeKKKIEEE
cciioooKiiO's
cccoAkkkiieees
CCooKKKiNNGGG
coooUKKinnngg's
cccAAOkkkoooAAAttt
CCCoooOOOkkkoouuTTT'sss
cccooiiKOOUUtss
CCeOKKKSSS
CCCOOuKKKSHOOOPPP
cioooKKStoVVVEE
cccUUUiikSSStIVESSS
cccOOOOOOkkktaaapp
cciiiOkkWAAArrEE
CCoiiKKwaarree'ss
cooKKKwEEERREEs
cccooooooKYY
coOOOKKKY'ss
Coeeell
ccAAAOOOl's
ccaUllluNtt
cUUuullEEEnttt'SSS
CUoLLAnnntss
coooeeeLLLid
CoooOOOllleerr
CCooiiiLLLeeer'SSS
CCCoooULLorrsss
COOOuuLLEstt
cccOOOOOllliEE
cccoeeeLIo'SSS
CCeeaLLOOOoooSSS
CCoollINgg
cccUUUolEssshhh
cccOOOooolllYY
cccOIIIllneeSSSS
Ceillnniisss'S
CCIIIOOOLLSSS
CIoooltttH
cccOOOOOOmmm
cccoAAAmbbb
CCCAOnn
cOOOUUNNN'S
CoooOONcccaaaNNN
CCCoooNNNHeooNNNDD
CCoiinnnHOeenndsss
CCOOOooonSS
cccoUUUnSkkkooNN
CCIOONsKKiin'sss
CAAooNNsKiiNNNSS
caeenTTTiiiuuu
ccaaOnTTTIIIooSS
CCOOOOOOPP
cccoooiPPP'S
CooOPPeed
CCCaaaOppUR
ccEEEAPPoooRR's
CCAAAIperrraaagggII
cOOOUUppEEREggguu'ss
COOOeepppEEERaaaTTTEE
CeeepppeerrAAAtIIId
CCCUUUUUPeRRaaatttiiSS
ccOOoooPPPIIIrAAATTooonnng
CCCOOoPPeraaaTTTEEEooon
CoeeePPIIRRRAtIooN'SSS
CCCEEupppaRAAAtttiiiVe
coooPPPAArraTEEvvUU's
CCoooOpppIrAtttIVVVEEEllYYY
cuOppeerrrATiiveeNNUUUSSSs
cccOOoooppErrrAAATTTIVVVOOONNNooSSss'sss
coooappOOORRRaaaTTTIvUS
cccEEAAAPPPErrrAtttUUR
CCooooppERIIttterrr'ss
CCOIIpppeRRiTTooorrs
CEEEIIpppaaarrreeed
cEEoopppEERiiNgg
cccOOOeeePPPErrrsss
cccaaOOpAARRRy
cceeeOPInnng
cccOOOOOpss
cccOOOOPPPtttIOOOnn
CCCuuoopppTTTEvee
CCoooRRRDDIIInnnAAtttU
cuuOOORdddInnnuuuTTOOO'S
cccoooeerrDDDEnnneeeteD
CEEEORRddInnAAttteeeLLLyyy
CuuuiRRRDDiinnAAATTEEEs
CCOOOuuurrrdIIInnaaTTeeNNNG
cccUUoRRRdinnaaTTaaaIIInnn
ccOOOeerrrdIInaatttIIIoonnn'sss
ccOOOoordddeeennaaTooovvve
CCuEErDDDiiNNNaattOr
cOOOorrDDDOnnEEETTarr'SSS
ciioorrDiiNATTToooRRRSS
coOSS
ceiiTTT
CCCuuuoT's
CoouTTCHHH
COOOTTTiiiE
COOOoTTTUUUEEE'ss
cccIIIootIIIeeeSS
cccOOittSSS
CCOOOppp
cccuuuppp'SSS
CCOOppeeCCETTaaCCC
CCCopppaaIIIBBBeee
CCCOPAEBBBISS
caPooll
ccoopaaLLeeete
CCUUUpaaalllM
CCCuuPPellSS
cooopppAAArrrCCeeeNNIRRy
ccUPPAARRcONNNEEERRR
CCePaaRRTTnnnOOORR
CCoppURtNEErrSS
CCCopAArrttnnErrssshiiiPPP
CaaPaarTNNNIIIrrrshIIIPPSSS
CuuPPPuuussIIttiiccc
CiipppIIYY
cIIIPPPaaaYYY'sss
CoPPiiiyyyMMMEEEnnT
CCOPPO
cccoooPeee'SS
CCOOOPEECCCKK
CCEEEppEECCkkk's
copppACCCksss
CCEEEPIIdd
ccciPIIIPPPoddd
cccooppePOODDS
CCEEPerr
CiiipppeeeSSS
CCopppaastttoNe
CCCOOpppIIEDDD
cIIIppiieeerrr
coopppIIiRRR'SS
cccOpppiiErrsss
ccceeePPeeeOOOSS
ccoPPoLLLuuTT
ccAPPPIILLLooTT'sss
CCOPPPIILLeeeTTs
cOPIIInGGG
cccoppiinggg'SSS
CUpppIIInnGGGs
ciiipppIIIOuuSS
ccooopppiiioUUssLYYY
CCCippaouuusssnnOOsSSS
ccOOPPPEOOOuussNNEEsssSS'SS
CCCOOPPPllaNNNaRRR
CCCEEEPooLYYYmmoor
CCiiipppooolymaaaroZe
CCIIpppOOOlllYYmooRRRiZZZUUUD
ccOOOPPPoooLLLYMMUURRiiizES
ccuuPPiiiLLLyMMeeRRRezaaaNNggg
CCCuupppOOlllyyyMARSS
ccceeePPPPPeeeDDD
CCOOPPppEEErrr
cAAApPPIR'ss
CCIIppPPPEERRRaas
cOppppppeeRRhhaaaADD
COPPpeeRRHHHAAaddd'ss
ccoooppPPPeRRRHHeeeIIIdds
cccooopPeeerrrpllaattA
cccuPPIRRRPPLLoota'SS
CaaPpeeRRSS
ccOOppppIIIRRssMIITTTHH
COOppPeeeRRRSmIITHHSS
ccoPpeeRRRyy
cAAAPPPPiiCCCE
cccOOppppppocEEE'S
cEPPppIcooodd
cccaaaPPPppiiCCCEs
CCOOOpppppEEEccIIInnG
cAApPPIIINGG
CCooPPrrrEEE
CCUUUprriii'SS
COOOPProccuusssssooorrr
cooppprrOOOCCaaassSoRRSS
CCIIIpriiLLEEElIuuu
cccoPrrrIILLLUULLLAAAAAAs
cciPProLLOOOTTTUUU
coooPPPRAAALLoogy
CuuppRapphhAAAgggeeeUUUss
cccoooprrrAAPPPHHiiillia
ccOPPrroPPHHaaaLLLOOUSS
COPsss
cccIPPPSi
CCuuuPPPsEEE'SSS
ceeePPsiss
CCAAAPPTeerr
CCOOpppTTTeeerr'ss
ccooppptttARRSSS
ccePPEEELLuu
ccOOPPuuulA'SS
cEEEPuuLLaaaUUU
CCOPIlllaRR
CCIIPPUUlAAss
CCCopuuuLLLuuTeee
CCCuupILLLaaateed
COOPPOOlATEEESS
cciiippeeLLOOTTOOOnnG
CCCoooppaalluuttIIIooNNN
CCiiPPPuuuLuTTTIooon'SS
cooPPPuuuLeeTTeeeuNSS
CCOOOPUUlATooVAAA
cupppUUULLLAAtEVVVE'SSS
COPPPuLLuuuTTTiiVVELLyy
cuuuPPAAALLLoootttiiVVeeeS
CoooPPuLLIIITTErrYY
ccuPPPyyy
ccaPy'SS
CuuupppyEEBlOO
cccOOOpppyyBoouuuk
cccooppyyyBBBuuuAAk'ss
copppYYYbbIoKKsss
Cooopybbbooyy
cuuppYYcAAATTT
cccIPPyycUTT'sss
ccOOPPyycccAtttS
CCCuuPPPYYCCCaTTTTTTedd
ccOOPPPyyCCattttinng
CCCEpppYdddusk
CCCIIIpYYeeeDDDAttt
cccepppYYeDDiituuDD
ccIPPPYYaaddduttiiNg
cccOOPPPyyyeeddIITTTarr
CuuPPyoDiiitsss
CCOPPPyhOOOlllddd
ccOOPyhhhooollddUURRR
ciippyyhOOLLLdddaaRSS
ccoPPPYYYHHelDDDss
CeeppYYiiiNNggg
CCCaaPyiissTT
COppYYYIISSTTT'SS
cOOOPPPyiisstttS
cccIpppYYYrrreeeAD
cccOOOPYYRRReadddeeer
cAPPPYrruuuaaaDDeRRRS
CCAPyrrEEEaaDDONNG
CCuuupYYYReeIIIddSSS
CCEEEPPYYraaaGGGhttt
CIPYRRREghttt'S
CooPPPYRRRIGhhhtttubbbllee
cccOpppYYYRRRIIIgHTTEEEdd
CCeeepppyyyrrOOOgHHHttUUNggg
CCCAAAppYYYRRRiigggHHTS
CCCooopppYYwwrEEttEErrr
CuuupYwRRROteerrr'SSS
CCoopppyyWWWrrrAttIIIrrss
coPyWWWrrAAATTeeNG
cooQuuuElllACCoooTTT
caaaQuuuott
CCCIIqqqAAatttrrrIIOOSSS
ccOOOQOeeTrrYYY
ccoooQQUAAAttrrrYY'SS
CCooQUettS
CCaaQuuuEETTTteee
cccooqqAAEEETtteee'SS
CEQQQeeeIITTTTTeeed
coooQuueeetttTTiiS
CCCiiiqqquattttttInnng
CCCAAQQQUIItttuuSSSHHH
ccoQQQuootttTTTiisHHllyyy
CCCOOQQQAatTASSHHNNNEEESSSSS
cccaaaQQQOOULLLLUgE
CCCOOqqoooIlllLLLIII
cccEQQQUAAALLLLosss
COOOQQQUUUINNNaaa
CCUUUqqqUUeeeTeee
CCCOOOrraaacciiiFIIrrMMM
CorrrACCLLLAAA
CCCAArrraaccLOO'ss
CCCEEErrrIIICCllAS
CCerrracUiiid
CoooRuuull
cuuuRRaaall'SS
CCCOOORRoolLLLOnnneee
ccoorrUllLLLottAA
cccoRRRaalllLLLeeIIIddd
CCCiiRaalSS
ccuuuraaaNttA
ccoorBAN
cccooorBBeeeIIl
ciiirrrBBoll
CCEEErrbEEELL'SS
CooorrrbbbOLsss
CCCEEErrBBBiiiCCAALLLaa
CCCUUURbbaaae
CCCaaRRDD
ccERddd'sss
CCCorDDDaaaGEE
cccOORdddAAGEE'ss
CiirDDDaTTEEE
CORDDDiiiDDD
CCCoorrrDDDeRR
COOORRddoaaalll
CCCOOOrrDDDUIILL'SS
coooRRDDUUUAAALiiityy
cOOrddIIIAALItttY'ss
CooordeeeULLlllyy
cceerrrDDIALLs
CCCOORRRddiEErrriiTTTeee
cooRRRDDIeeRRRiitttoSSS
CCCOORRRdddIIFFFOOrM
cccaaarrdddooLLLLaaara
CooRRRDDDEEllLLLEERRaa'S
COrDiiiLLeeruuN
CorrrdddIILLLllErrruuuss
ceRRDDDiiiNNNgg
CCCeeerDeTTee
cArrrDDDIItto'sss
COrdddllUss
CCooorrDDooNN
CCooorrrdEn'SS
CCCoooRRdonoDD
cccuuuRRddeNNNOOOnnGGG
CCCORdddeens
CCoooRDDDooVVoon
CCCoorrrDDDooVVUUnnn'SS
CorrDDDs
CCoooRdddEEErrOOy
ccooorrDAArrooyyy'S
CCCooRRRDDooRROyyysss
CoorDiirOOOYYYSS'sss
cccORDwwiAAAN
ceeeRRRdddWaUUUNNooRR
cOOOrdddwwwOOOOODD
CCCOOORRDDwwooOddS
CCuuurE
CCCoooRe'S
ccOOOREEdd
cccOOOrIllliittteeUnn
ccORRRaalAATIvvEE
CEEErrrIIILLLIIIGuuuOnIIssTT
ccOReeLLiiigiiiiiinnISSSTTTss
ccciiirooomoookkkooRR
CCCoorauPPSuS
CCuurEEOOPPsssiiSEss
cccORREEEr
ccuuureerr's
CCoooRRREERS
cccIIIRiis
caRReeesppeeeNNNdEEnntt
CooorrrOOOsPPPooonndddEEEnntt's
CCOOOrreSSSponnddeentS
cOrrrf
cccAAArrgee
CoorrrGGGiii'S
COrGGGiis
cccIIRuuuaa
cceRRiiECCiiOOOees
CCooRAAAAAnDIIIRR
CCCOOORRRIIIINNNdaaarr'SSS
cccOOOrIIInGGG
CCAAARRRIuuum
ccciiirriUUUMMsss
cooorrrkkk
CCCeeRKKK'sss
ccciiRkAAAGe
ccOOORRRkAAGGGEEESSS
cccorrkkBuuEErrDDD
ccURRKKKudd
CCOOORRRKEEErr
cccuurkkuuuRR'SS
ccOOrKiRRRs
CCCoRRRkAERR
CoorrrKIIIEEESStt
cccuurKKINNG
ceeRRKKlooKKKE
cccoorrKS
coRRRkkkSSccRRuuww
CCOrrkscRRooW'SSS
ceRRRKKSSSCrrEwAAAddd
corrKKKsscRREEwaannG
cccOOORRRKKSSCCrrIwwsss
ccaaRRRkkwUeeeDD
CerrrKKwwooOOODDDss
cccuuuRRRKYY
CCCOOrrM
cccoRRRm'sss
CCaRMMUPPPhhyTTE
CCCeerrMMMOORRRaaNttt
CCCOORRRMMMUUrrranTTT'sss
ccooorrrMEErrrAAnTTTsss
cccorrmS
cceRRNN
cccURRnn'SS
CeeRNAcEEEoooUUUS
CCCOOOrrNbbaLl
cccoooRRNBBBaaLLLl'SS
CaarrnnbaalllLS
CCooornBBRReuuuD
ccoRRNNNbbRRRaAAdd'S
ccOOOrrrnncoobb
CCCuuRNcoobb'SSS
COrrnnCCCabbSS
cciiirrnnnCCCraaaKKKeee
CCCOOOrrrnncRRAAAKKKeeSSS
CoorrNNcriiB
coRNNAAAa
cciiiRRRnEaa'SS
ceeeRNuuuooll
CCCUUURnaaaass
cccIrrNNNeeeDDD
cccoooRRRNNeeelll
CoRnnniiiliOONN
ccOrNIILLLiiuuuns
CCooRRRNNeeells
CORRRnnnuuMMeeeSSEEE
cORRnnnEEOUUUSS
CCCiRnniiirr
ccooRRRniirr'sss
COORNNNERbaaacccKK
CCCoooRRnnirrreeD
CCCUUrnnneeRRRinG
cccoorrnuRSSS
CCCOOOrrNNNERSSttUNEE
CCooRRRnnOOrrStoNNNAA'ss
CCiiiRniirSSTTuunnus
ccUUUrrrnuuuRRRWWIISSSEEE
CCURNNIIIttt
ccooRNNeet'sss
ccooRRnETcyyy
CCCIrnnnEEETTaasssttt
CCCaaRRRNNNoooTTTASSSTTs
cuuurrNetS
CIRRRnnOOOTTt
cccorrnnfffIIULLLddd
CCoooRnnnFFFOOOElllDDDS
ccorrNNNFlAAkkkEEE
ccoorNNFFlllAKKKUUSSS
CCCEERnflEEkkEEES'ss
cccOrrrnnfffLLiiiiiRR
ccOOORRRnnflOWWWeeRR
CCOORRNNFlllOWOORR'SSS
cIrrNNNFFLLLaaaWEEERRSS
CCCAARRNHHHEEEsssKK
ccIIRRRNhhheeeSKiing
cOrrnhUUUskkAAANNggS
coornnHuusssKKsss
cIRRNNiiiCCeee
CCCorrrnnOcUU'ss
CCCIIRRNiiCCAAAdd
COORnnaaaCCCiSSS
ccoRRnoCCCHE
CCaaRnicaNgg
ccOOrrrnnooCUlleeTTTeee
CCUUURNIIIerrr
CCCUUURRRNIosssTT
COOORRNNIILLYY
CCerrrNINNiiSSSss
cccAArnIINNNEESSSss'SS
CCCoorrNIIInGG
CCOOOrNNNMMMeeeAlll
cccOrrrnnnMeULLL'SS
COOrrNNNPPPAAAnnnee
cccoooRRnnnpoonnnooosss
coRRNrooowww
CaaarrrNrrOOww'sss
CCCuurnnnRIwaD
cciiirrrNNRUUWWiiiNgg
CCaarrNNNRRowwS
Coorrrnns
cccoooRRRNNNSTTeeeLLLkkk
cOOrrrNSSTTallKKK'SS
ccorrrnnsssttaaLKKKs
CCCaaaRNssTTTarrrCCChhh
CooRRRnnnSStttArrrcHH'SSS
CCCoooRRRnnU
currrnnnAAcccOPPPEaaa
cccAARnaaaCCCOOpppooa'ss
ccOOORRNNAAAcOOpiOnn
CCCOOORRNNNuuuCCOPEAAS
ccOORRRnuSS
CIIIRRRNNAAATTooo
CCoorNNNUUUTTTeDDD
CCCeeRRRnnYY
cOOORRRaaadY
CCiiirrooolllliii
CERROOOlllLLLAA'S
cccUrrrOLLlllaaCCCiiiIuuuS
ccuuuRRRolllLLiriiiosss
ccoRRooLLLLLoooRRyy
coorrrilllOOOryyy's
CCooRRROOOLlllAAAsss
CCirroooNNNaa
CCoooriiinA's
cooorrrenAAchhh
corrunAAchss
ciiRRROnAAAee
ciiroonnaGGGRaPPPh
COORooonnnaaL
CCCoooRRRIInaaLLL'SSS
cArrrONNAAALLs
ccuuurroonnnEEErrriiieeesss
CCooREnnnAArYY
cUURRannnaarrrYYY'ss
cOrenAASSS
cccooRROOnnnOTIIINNN
corrruNNatttIoN'sss
CCERooonAAtttIIooons
cuuuRReeNiiRRR
cccEREENNNERR'ss
CCoooReeNNNeeRs
cooroNNNEEETTT
cuuRRROONNeeet's
CCaaarOOOnnnEEtAAdd
cURaNEETTsss
CiirrOONNAggriPh
CCooorPaaRRRA
cccoRRppUURRRill
ccOOrrpaaRRREELL's
CCCeeerrPPuurrOOOLLaaatttyy
CCorrrPPPorrAAllLYY
CuRRpOOrIlss
CoorrpppeeRRRAtee
coRppOOOrrreeeTTeLyyy
CCCuuuRRpAAARAAATuUUUNNN
CIIRRPooraaataaUUUn's
CCCeeerrrPPPAAARATTIIIOONs
CCCoorPPPoooRetttuSSSMM
ccorrPPoRRRoTooost
CiRRppoREETTTiiiva
cceRRRppooRRRUTTTIVVuusssmmm
cccOOrrPErrraTiiviSST
ccoooRPPuuruuuttoorrr
CuuRRRppORRReeeaaal
ceeerrPPIIrEEalliiTTTy
CCeerPPUUUROuuuLLatyy'sss
CCooRRPPPIRRREEEELLLlllyy
CCEEERRpoREEEuuutttY
CIIIRppOOOSSOOnnTT
cccUUUrrPoSSAAAnnntttS
cccerrrpps
ccOOORRRPPPSS'SS
CCAAARPPPssII
ccOrpsssi'S
corppSSSESS
cUrPPsssmmEEEn
CCCooRpppSSMMMan'SS
coooRRPSSSmmmUNNN
CCiiRRRPPaaLeNCCCOOO
CCuRRPPPOOLLLeeNNNCEE'SSS
CCCOOOrPPAALLLEEEnnCYYY
ccOOOrrrPPPeeeLantt
CCCORPuusss
ccoRRPuuS'SS
caaaRRPoooSSclOO
CEERppeSSccloo'SSS
CorrpusCllESSS
CooorPPusccUUULarr
ccaarrrppeesssESSS
ccoooRrADDDU
cOrRRRADeddd
cciirRRREddEEsss
CCCEEErrrrAAADDDIIINNNG
CAAARrrroooLLL
CorrrrIlll'SSS
ccIRRRRIIILLLLLIIIddd
cccIIRRAllllIIINNNg
ccOrrrrOllss
CCCaaaRrrrASSaaaaN
CCoooRRRRRRIsOAAANNSS
CCCOrrrrreeeCt
ccciiRRREEECTTTABLEEE
corrrrrEEccctteeeddd
CCCEEErrrreeecccttEr
CooRRrrrucTTEEssttt
cccoRRRRReccctObllee
cccEERRRRREECCCTIIInGG
CCCorrrreeeCtttuuuunnn
cEERRRrrEctiOOnnn'sss
cccARRRRREccctttIIIOOnnnOlll
CarrrRRRectttIiinnSS
CCOOORRReecTTiiTTuuddE
CCCAAARRRrrrECTTTIITTTuuDDDEEsss
ccAAARRRReeCCtttiiVVVEEE
ccoooRRRREcttiiiVeee'SS
ccUrrrrOOccTTTIIIvvvEEEs
CCuuRrrriictLyy
cccIIrrraaCCCTTnneeSSSSS
CCCaarrrrrrECtNEsss'SS
CCCAArrrrrucTAAR
ccciiRRRRiiicccttooRRRs
CCoorrrraaCCTTSS
CCCooRrrrEEElaTII
cOrrRRRollatttEEE'SSS
cccOOOrriilloottteedd
cOOOrrrrooLOOtteees
ccceeerrrrreellloteeeNNg
cUrrrrelaaattiONNN
cccorrRREEELLUUUTTTIIIooon'sss
CCCOOORruulaaatttIOnnAll
CCOrRReeelaTTOOOnnnss
ccOOOrrrAAlllaTTEEEVVVaa
cccORRrrreelleetttAAAVVVe'sss
CooorrrRRElittIIvelly
CAAARRRRRElllUUUTiiiVVViss
cccIIIRRRReeSSpoondd
CCOOORRRResssppunnnDAAADDD
ccOORRrrreeSSSPOOnnnDDDeennCAA
CCoRRRrIIsPPooNNDDDEENNNCi'SS
cccOOOrrrRRREEESSppooonndiNNNccEESS
corrEESSPuuunnDUNNttt
cccoRrrEEESSpppAnnndddUNt's
COOOrrrrrriiSSpppEnndUUnnnttSSS
cccorrrrEsspInDDiiNNNggg
CCCoRRRrrrAAsspppEEnnndiiiNNNGGGLLy
CooorrrrISSSpooNNDSS
CCeeRRRRuuDDDAAA
ccaarrrrrUUDDDAS
ccOORRRrAADOOrrr
ccEErrrIdddOOOrrr'SSS
corrrrriiiDDDeeRRRss
ccoooRRooOOO
CaaRRRRRiiaaass
cORRRRROGGGendaa
ccoorRRIggeNDDDuuuM
ciiirRRUgggiiiBBIILLIITTyy
CoooRRrrruuGGGiBBBlEE
CCorrrrIVVaaall
COOrrrrAABBBeeerUUUnnnTTT
CCCoRRRrrrIIIbbAAARRaatIII
CCeeRRRrrrObIIIrrAAted
cccUUURRRobbUrrATIIss
CCORRRrrraaabbbOOrrraaatttaNNNG
CORrrOObAAARRRAAttiiuuunnn
cOOrRRRobbbOOROTTooOnnn'sss
ciiirrabbboooRaaatEEEOnsss
CCORrrIIBBOOrrraaatttIIIVEEE
ccooorrrEbAARaaTTUUURRR
CCoorrrrrrUUUbbEErEEttoooRR'SS
CCCOOORRRIbbbaaRATTiiirrs
ccoRRRRIIBBooorUUUTToRyyy
corrrrrrObOOORREeee
ccUURRRooDDDE
CoorrrrOOddded
CeRRRrrOOOdddos
cOORRRodddEBBBLLee
cccorrRRRodiiNNg
cOORRrrroooDDyy
cciiirrrrOSOBle
CORrOSIooNNN
CCoooRRrrroooSUUooonnn'S
CCCeeeRRRRooossEEva
cErrossIIVVVee'SS
CCCooorrrRRRoossIvvvEELLYYY
cccOOORRRROOOsssIVVENEEsssSS
CCCIrrrooossiivvaaaSS
cccoorrrUUUGGATTTuuu
ccooRRRRRRUUUGGGiitedd
CCOrruuGGGAAATEEES
ccoooRRRrrUUUggUTUUngg
CCOORRRRREEgAAATTIIooonn
corrRRUGAAtiiuunnn'SSS
cccOOOrrrruuugggATAooonnss
ccIRRRRRRaPtt
CAAArrooPtttEEED
cccErRRRuPPPTTeeeR
ccoooRRRRRipppTTIsstt
cccoooRRRRupppTIIIbbbIIILLLoootttYYY
ccooRROOpptiibbbilllIIIttYYY's
COrrrrUUUptiiiblEE
cccOORReeeppTTiinnng
CCoRRRRRRUUUPtuuenn
CCCaaRRruuPPPTTTiEN'ss
cccORRrrrIIIpttaaOOOnnS
CCoorrrrruupttOOVVVEEE
CCCirrRRuuppttlY
COOrrrrrrUPtnnneSSss
CCCORRRRuuuPtttNNNESSs'ss
CCOrrRRRUPPTTTOR
CCCorrruuPPPtts
cccORRRSSEEgggeee
cooorsssugggI's
CCORSSuGGGEES
COORRsssAAiRR
CoorssEEEiirr'SS
CCCERRRSAAAIIIrs
coooRSSee
cccoRRRSELLeeet
CoooRRSaLLLiiittS
COORRRSSSeettt
CCCiiiRRsoTTT'ss
cccEEERRSSSeetttUUDD
CCoooRRRSeeTTTEEnnGG
CCoRRRssuutttryy
CCooorrrssseeTTSSS
cciirTuX
CCOrrTTTooX'sss
CoRRTTOXeeeSS
cccOOOrrrtttiiiCuuulll
cccUUUrttEECettaa
CCCERRTTIIccceeSSS
CuuRRTTIICCUUSStERRROID
CCOORttIIICCossttteerrrOOOIIDSSS
CIIIrrtttIIIcccoossTeerrrOOOnnnEE
cIRRtiiiCCCiiisstttarrrIInnneesss
COOORRtttissseeell
ccOrrrTTTeSuuLLsss
cceerTTiiiSOnii
ccArrtttiiiSSOnnne's
CARRRTTTègge
CCCoRRRtttègeee'sss
caaaRTTTègggAs
cOrrundUUUmm
ccOORuNNNddooomm'SS
cccAAruSScaTTe
ccOOrEEESSScccaaatttEEEDD
cccuuuRRuusssccaaattteeeSSS
cceeRRRUUsssccIITTTIIINNggg
cUURREEssscccAAATiionn
ccOORRuusCCCiiittIoooN'SSS
CCCEEErvvESS
cOORVUUUTtU
CCCorrrveeetttTTee'sss
CooRRRVVeeTTTTTTes
CCCoorVViineee
ccIrrVVée
CCOOrrrVéiiiS
ccaRyybbUNNNtttiicc
CCCOrryydduuuLIss
CCCoorrryyyDDDaLAAseeesss
cccoooRRRyyymmbb
CCCoooRyyymbbbS
CCCORYppHHHAAEEUUsss
ccOrrryyyzzze
CCORRyyzzzosss
CCooS'SS
cccOOSSeCaannnTTT
cccoSSuuucIntsss
coosoooiiiSmAAlll
CCCIssUt
COOOSHH
CooSSSheedd
CCoSSShhhEEErrr
CCusssHHHeeeRRRERR
CEEssheeeSSS
cASSShhhAAAnnnGGG
CCCEEESSiiooRRR
coossAAAaSSS
cccooosIIOOSSTT
CCCooSSiiggNNN
CESIIgggnnnatttOOrrrUUUus
CCCOOSSaggnATooRyy
CCCiiisOOOGGGNEEEtuurrryyy's
CCOSuuGGnnneeeDD
cccOOOsIIggnnnEEr
COsooGGGNAAARRR'S
cccIISSiiigggnnneeeRRRSSS
cESSEEEGGNINg
CCCossOGGGNss
CuuusuuNEE
cUUUSSEEENNUU'SS
CUUUssiNEEsss
ccossMEETTIIIC
coSSSMuuuttiiC's
CoSMMMetttiiiCCCIILLllly
CoosssmEEEtttocccAAAAAAnnn
CCIISSMMMETTIccAAAAN'SS
ciSMMMOOOTUUccIIIaaannsss
CCoSMMEEttIIccsss
COOSmmEEToolllOOgggoocccaaall
CCCosssMMETolllOgEEssTT
coosssMMetttOOLLLUggIIIsTTT'sss
ccOOOsssmmeTTOOOlluuGIIsTTTS
COOssmmmetttuLLLoGGGYY
CCCOsssmmmOOOTTiloogggYY'sss
CCCoossMMicc
cccoSSMOccAALLL
cESMMMEEEcAAAlllLLLyyy
CCOOOSSSmIsmmm
coSMMMoCCheeeMIIICaLL
cccaassMaacHHOmmmooosttRY
cOOsssMMoGeeNNNuuCC
CCoosmmooggooNNIIICCCaaLL
CCCoossMMMIIIgOnnnIIEES
cOssmmmoogggIIInEEsssTTT
cccOOOssMMMuGGaaaNASSSTT'SSS
CCeeesmEEgginOStttSSS
CCOSSmmOOOGGGonnnYY
CCiiiSmagggEEENNNYYY'SSS
COssmmmOGGRuuuPPHHEER
coooSSSmIggRiiipppHEERRRSSS
COOOsssMMMAAggRRAPPhhhiiiiiis
CCCoSSSMMUUGGGraaaPPhhyyy
cOsssMMOOLLeeegggiiiC
ccAsssmOOLooGGiiiccaaaLLL
CCCEESSMMoooLeeGGGaaacciLlllyy
COOOsMMMooLLOgIIeeeSSS
CCCooSMMIILoGIsst
ccuuuSMMMOOLLeGGiisttt'S
CCoooSMMMOlliiGGiiSSSTss
COssmmalloGYYY
CuuusmmOOlloGGGYYY'sss
CCEESMMiinnnaauuutt
cccooSMonnnaaauuTT'S
CCCoSMMOnnnaaOOttiCCSS
cccIssmmmUnnnIuuTTTSSS
CCiSmmooPiiiLLLEEESS
cccUUsssMMooPPOOOlllEEttIInn
cccOOOSSmmmIpOLLiiiTaaan'sss
ccOSSmOPUUUlllITTTaaNIIIsMMM
CCoooSSSMoopulliitttOOnnIsMMM'SSS
cccOOOSSSMoPPILLLOtanizzzaaa
cUsmmmuppOLLIITunS
CCEsssMOOOppooLeetEEE
COOsssMMMoPPPIIIllITTTeeeSS
CCCUUsssmmoRROOMMaaa
CEssmmmiisss
cesssmess'ss
CCCOSSSmooosssoS
ccceeessPPOOnnSSSOOOrr
CCOOssPPPUUnnnssOOORR'SS
cccOOOSppAAAnSSSirrEEdd
CoSSPOOOnnsooRiiNNNGGG
CCCOssPoonnnssuuurrss
ccOsPAANNNssOORshhaPPP
cOOSSSSSS
CCoossssssucckk
CCooosssSSSiicKKKSSS
ccOOOsssUUs
CCCoooSSsEEETTT
CCCOOsssssooTTTIID
cccoossssssuuutIIng
cccOsssSSuuttts
CCCEssssottttad
ccOOOsssseTttunGGG
cuuusttt
cccOOSST'SS
CaaasstttAAA
ccasstOlll
CoooSTTTaarr
cOSSStttaaaRR's
CCCoosssttAAARRRDD
coosssttARRraaaddd
cccEESToooRriiiNNGG
cESTTaRRsss
cossTTTattE
ccoosstte
casstttOOddd
cOOOsttoorrrmOOnGGooorrr
CCOOOssTTTeeerMMOnnnGURRRSSS
CooStttaNNNGG
CCeesssTIInnnggSSS
ccoSSStooVe
CCOOOssTTTLLLEssss
CCCEEESSStlllOOEEr
CCCostttLLLoassTTT
CCOOOsssTllIInnnooosssSSS
CCCOOSTTliiinnEEsssSS's
COSSSTLLLY
CCissTTmmmAAARRIIIooSSS
CCCEStttmmeeRRRYY
CCoossstoTTToMMMY
CCOOOssTTreLLL
cccoSSSTTSS
ccoooSStttAAAMuuu
cccOOOsTTUMMOO'S
CCCEESSTTTIIIMMMed
ccossTuumEr
CCooossstUUUmmmeeRR'SS
CCCEEEsssTTIImOORSS
cooossTTuMMMEEES
CCCooostttimiiiAAAR
ccOOsssttiimiiiEEERSSS
coSSTTTuummIIINNG
ccASYY
CCOSy'ss
Citt
CCCoooTTT'sss
ccciittAAAnnnggeennt
CCCIITTAnngEnnt's
CCATTTaaNNGenTS
CCCooTA
CCoottii'ss
COtUUUMPOOORorrYYY
CoooTTeeenAAANNNTTT
CaatteennnANNNTTTSS
cuuutteRRIUUU
CCCOttEErrIIEE'S
cAAttteerrrUUUees
CCCaaaTTIIIRRRmmmIInUUUEEEsss
ccoooTURMiiNNooUSSlYY
ciiiTEEs
CCoooTTThhh
CCCoothORnnaS
ccooTTiiiddalll
CCOOOTTILLlooonn
COOOtttiiiLLLuoooNN'SS
CCoootttULLLlllaINNs
cootIILLLLLLOOON
cEttiinGGGaa
cccOOTTiiNgggAAASS
CCCAttiiinnnEEiiisTTEEErr
cccOOtttOONOOOAAAstiiiRRRSSS
ccuuutttqqueeeOOON
ccUUUtts
COTTtaaa
CCOOtttTaaGGEEE
ccaTTTTOOOgggEE'S
cccuuttTEEEGGGEERRR
coTTTTTTAggeeeRRR'ss
ccEEETtaaGGGeRss
cccEEEttTuuuGUUSS
CCCOOttttIgggiiNGG
CCUUUttttAARR
CCCoTTtiRR'sss
CCCiTTTttteeRs
cUUUTttURRR
CuuTTtttAAAR'ss
CCOOtttttEEERRRss
CCCoTTtttIIeerr
ccAtttttiErrrs
cOTTTooonnn
CCitttTeeeN'S
ccOttTTToonoooDeee
cccoooTTTtttOONNNeeDDD
cccootttoooNIINNGG
CCCeeTTtoNNmoUUUTTHHH
coooTTTTTOOnMMMoooUttH's
cceetToNNmmOOEEEttHHHsss
cOOTTTTToonnsss
cccUtttTTToonnssseeeeddd
CuuuTTTtOONNNSSEEEUUd'S
CotTOONNNsssAAOODDS
CoooTTTtIIINNttaIIll
CCuuTTTtoooNNTTiiiIll's
cuutttTToooNNNttAIIILLs
ccooTTTtttInnnwwEEeeeD
COOOttONNNWeeEEEDDs
CotttTUUUnWWooooD
CCCOOOTtInWWoooD'ss
CCeeTTtttaaNNwwweeeIIIdds
ccOTTTtttOOnY
CootttYYYliidddOOOn
CCCOTYYleeeDooon'S
CCCOttYLiiidddooNNUiiiSSS
cAATTTyyyLLLUUUDDOns
ccOOOOCCCIIll
CaaaeeccaaaLLSSS
cccOOEEEccHHH
CooEECCChhh's
ccOOOUcchAAAnt
CCCuUUChuuuDDD
CCeUUccchheeeS
CCOuCCCHeettTe
CCoouuCCCHeeettEs
cOOOaaCHAAAnnnggg
CooeeeggAAARRR
cccougiirr'sss
cEEugaaRRRsss
CooougHH
COOOaaaggHH'SSS
cUIIgghoooDD
CCOUggHUUUnnGG
CoOOGHHInnGGGS
ccooEEGHHHS
cccOUUllddd
CCCOOoollldddNN'tt
cuuuuuLLdsTT
cAullOOsss
cIIULLUUSSSsssAA
CCCoooeeeLLLiiSSSAAAS
CCCIuLLEEOR
cccAAuuLaaMMMbbb
ccceoleeMMMB'ss
CUUUULLAAAMMBBBSS
ccaaaoleeemEETTeeRR
cccEilllTTeeeRR
cccoaaaLLTTTirrsss
coaaLLLéEE
cccooiLLLéI's
coouuléEESSS
cAuuMMIIrrruuNN
ccooUUmmmaaRRROnneee
ccoooUUUmaarUNUUs
cccouuunCCCAAL
cUuuunnncAAl'SS
cOOOUUUNNcIIILLLLLUUUrr
COaancccIllllllUUrr'ss
ccUUuuunCiLLLArrrSSS
ccOOOUUUNNNcIIllMANN
CCOOUnnCCCIllMAAn'SSS
cccOOUUUnnnciLLLmeNN
CEEOOOnnnCCCiiiLaaarrr
CCCOOuuunnCIILLorrr's
ccOAAANNCuulllOORs
cccOOUUNNNCCCOOOlllERRRsshhIIIPPP
CCUUUUNNccilloooRRRsHoopppSSS
CUuuuNcccILPPeeerrSOnnn
CeaNNciiLLLPPPAAArsseeeNNN's
CCuuuUNNNCCiiLLLPPPAAARsonnSSS
CCOOIINccIIlllSS
CCOuuNNNCCUUllwaaMaannn
CCCoounCOOOlwwAmmmaaaN's
cccOOOUUnCCCiLLWooomEEENNN
ccoooOOONNseeell
cccuuOnnssIILL'SS
CCioNNSSeLEEDDD
cccuUUUNsssooLiinnnggg
CEEEUUUNssEELAAAnnnGGGss
ccceUUUnnnsssalllEdd
CCOOOUnssIlllLLEERRR
cccoouunnSIIlllLLLeerrr'SS
CCCOOUnnssEEElllLLLaarSS
CCOEEENSSSEELLOOr
cccOOuunsssIIILLLoooRR'sss
couuNsseLLOrrs
CCCoouuunSellooRRSShhhIPP
CCOiiiNNSSSeellOOORRshhaaPPPss
CCCOOuuunnsssElSSS
ccOOuuuNNTT
ccOOOOOnnntt'SS
COOOaaNNNTTTAABoolIIItttY
cOuuuNNtttAAABBBlEE
cOOuNttAAbbLLyy
cOOOeeennnttddduuwwwnn
CCCAooNNNtttdddOOWWWnnn'SS
CCooEEnnntttDDDooWNNNS
coinTToooddd
CCCOInTTTeennAANNcee
coUUNTEENNAAANNNCCE's
cccIIIuuuNNNTTTaannnUUUNCCoD
CCCoooUNttteNNOnCERRR
CCooonntuuunaaaNNcccUUs
CCCUuuuNNNTTTeeeNNNAANNNccuuNNNG
ccoouNteer
CCCOOUUUnnnTTeR'ss
COOOOnnTTOOrrraCCccuussAttaaaAAAnnn
cccooeeenttoorrraaaCCCt
ccEEunnTuuuRAAAcTTUddd
CCooaaaNNNTTTeRaacTTTING
ccuuANNNTaRRacTTTiAAnn
CCCIIIuuNtttEEERAAcctttiiONNN'S
cccOOuuunttIrrraaCtteeOOONNss
CCoOOONTERICCCTTTuuveee
ccUUuunnnTEERRRooccctss
CCCeonTToRRRuuRRRGAMoNT
cccoooAAAnnTTTERRReeerrrgggumEEENNNtttss
CCCoUUUNNTeRRUUUTTTTaaaCCCKK
ceeuuunTTTEEERRRaTtttiiccckkk'ss
CCCOOUNtteerItttAcccKKeeddd
CCCauuNNNTTTOOORRAAAtttUUCCKKKIINNNgg
CCIIIuuunnTTEERRRoottttACKKKSSS
CCCiiUNNNtttOrraaTTTTrraaacTTTIIOOONN
ccooiinntURRRbbeeloonnCII
cccOOOuuunnTTeRBILAnnCE'SSS
CoooUUUNttAAARbAAAllooNNNcccEED
CCCooouNttErbiiiLAANNCIISS
cccooooNttteeRRRBBBAAALLoonnnccaannnggg
CCCuueeNNTTeerbLLISStt
COOuuNNNTTIIIRBBBlaaaSSStsss
CCCauuuNNTEEErrrBBBloWW
cOOUUnnnTTiirrbbbLOOOwSSS
CaaeNNtteeeRRRChhhUUUNggee
cccOOEENteercccHHHANNggeeeD
cIIennnTEERccchhAANNNggeees
cccOOOUNNTTTeerrCCHAAnnGGGeenGGG
CCeeuntttEEERRRccHHUUUrrrGGGa
ccaunnnteerrccheeeCCKKK
CCAunttEEERRChhacccKKEdd
cEunTTTERRRcccHHeCkoooNGGG
CCCOUUUnnTErrccchhOcckkSS
CaaauunttaaarrCCLLLiImmm
CooooonnnTTAArrCCLLaaiiim'SS
cccaaaOONNNtteeerCCClAAAooommaNNNttt
CoooUUUNNTOOrrrCLuuuimmeeed
cccOOiiNNtttOOORRRClllAAAiiimminGG
CCCOOIIINNNttteeRccclaaEEMSS
CEEEunnTToRRclloockWiisU
CCCaiNNttUUUrrrCCOLttuuuRRaaa
CCeIIINttuurrrCUUULttturE'SS
coouuNNNttUrrCCullTuRRAAsss
ccOAAANNtttErrCCUUrrrRREnntt
cccooooNTTErrCCURRRRRiiiNNNTTTSS
CCCOuuunTTEREDD
CCOOuuNttteRRRAAssppiiiiinnnaaGuu
COOOuuuNttteeRRRaSSppIIIonnaggEEE'SSS
CCCOOUUUNTIrrExxaaammpppLLLooo
CCCoiiinnnttErixxaammpplesss
CCEOONTTErrfffacccttUUaaall
COOiiinteerffOOOiiTTT
cceeeAAnnnTTEEErrffAAAIttt'sss
ccEEEuuNNNttOOORRRffEOTTuDDD
CCaiiNNTURRFEEEaaaTTTUrrr
CCoouuunTTTerrfooIITTTEERR'SSS
cccOOOuuuNttOrFFFeiiiTTaaRRss
COOeeNNtttEERRfffOOOITTTIIINNNgg
CCCoouuNttArFeITs
cccUUUUUUNTiRFFFOOOIILLL
cccOOOiinTaaRRRfOOAL'SSS
ccOUUntttERRRffiiiAllsss
cccUeennnttteeRRRFiiRRCCCEEE
cccOOUUnTErGLLow
cccooUUNNttIIIRRggLOWWss
CCCAOOONTTaaaRRRaanGG
CCOOIINNTTEEERRiNNNssaarrrgeeennnCiooosss
CCCEEEUUUNNTTeRRRiinnnsssuuurggguunnnCyyy
CCEinnTTToorrIIINSSuurrrGGGennnCCYY'ss
cOOOAAnnntARRRInSuuuRgggENNNttt
cAAuuNTTeeerrrEEEnnTTTeeLLLLLLEEgggaaaNCEEE
CEuuNNNTTuuuRRRiNNNttEEEllLeeggooonnnccEE'SS
cccOOOUUUnnntaaROONNNtttoooOOOTTEVO
CIIIuuunnnttEERiNTTeiiitivvveeeLLyy
CCCueeNNTEErrIIIRRRrrriitAnTT
CCCAooNTERaaaRRRRRRIIIttEENts
CCoooeeennTTTeeeRRMMaNN
CCCOOOoonTerrrMMMAAANNN'SS
cccOOuuNNTTTerrrmmaaNNNDDD
ccEEUUUnTTTeeRRRmeeendd'SSS
COOOunTTTerrmUnnndeeD
ccceeuuunTTTeeRRMaaNDiiiNNggg
cccUUeeeNNttterrrmmuuNNNDDs
ccaauunnntterMIIRRccchh
cciiiuNTTUURRRmmaaarCChhEEEDDD
CCuuUUNNNtttIIIrrmmORRRcccHEs
ccoooUUnnnTTTErrmmmAAArrrCChingg
ccUUUuuunTTTooorMARRkkk
CCCOOOeeennnTTEEERMMMeAssUUrre
ccOOuuunTTEEERMMAiiissUUURREEE'SS
CoUUUNttEEERRmmmEAAASSIIRRaS
ccoIIInnnttIIIrrmiNNN
caaaUntttIIIrrmaaaNNEEE
CCOunnteeeRRmmiiNNuDD
ccOaannTTEErMMINNNEEss
cuuuuunntUURRmiiNNiiiNGGG
CCCOOunnTTTERMMMoovvvEEE
ccOOuNNNTTiirmIIvvvosss
ccceeUUUNTTTeeRoofffFFuuuNSSiivu
cOoonnnttuurrooffeeNNNSSSIvooo'SS
caaaUNtttEEERAAAFFFFIINNNsssivveeSS
cccouunnttErrOFfUUrr
ccooUUUNNNTERRRAFFFAArrr'SS
cOUUNNNttteerrrOOOFFFFIRRRSS
CCooUnnnTuuurrrppUnnnII
cOOunntttooorrppaNNA'sss
CoooUNNNttEErrrppAANNNaaass
CCCuuuUUUNNNttEERRpppIIrt
CCoooUUUnnntttArrpppaaaRRRT's
CCCIUnnnttiiRpppIrrtS
cccEaaNNTTuuuRRPPlllooottt
CCCOUnTTTaaaRRPPLLLOTs
CCoAnttuRRRpLLLoootTTTeeedd
COOuuuNttUrplleetttttuuuNgg
ccoUUnTTUUUrPPoAAAnnnT
coooNTTeeeRRRPPPUUoooNNNTT'ss
CCoEnttERPPooIINtUUd
CCCUuuunnTTTeeerrrPPPooAAANNttinGG
ccUUUuNNttteRRPPeiiNNtSSS
cUUuuntEErrPPPoIIsIII
cOOOOOOnttuuuRPoOOsssEEE'sss
CCCoooUUnnnTeRRPPPaisoDD
ccOOUnnTeRRPPOOOISEsss
COUNNNTERPPPoiiisuNGG
CCoooUUUNNTTIIIRRPPPOOiSSSIInnn
CCCUUeennntErrrPPRRaaaSSssiiReee
CCCoUUnttaarrrPPRRoDDDUUUCCtuuvvvee
CCCuuUUUntttEERRRpppRRRIIIoFF
ccAAANNTERRppREEPPIIISAAAL
cOInTTeerrrPPrAAPusssAlSSS
cIIIUUUNNNtEEERpppAANNCCH
cEEEUUUnnnTTarrPIIINNNCCChhheeesss
COIIINNNtteeeRRrriiiPlyyy
CooUUUntttuRRReeeVVViiilliTTTIIONN
cuaaNTTERRrroooVoolUUUttOaaNNN'SSS
ccceeooonnnTTEERrEvvOOOlllUTTIEEEnnnaaaRRRIIesss
cOOOEEENNttIIRRRRUUvoooLLLUUTTiInnaaarryy
CCCaauuuNttteRRRRRROOOvveeellooTTTUUUOOOnnnaaaRRRyy's
cooouuuNttEErruvUllliitEOOOns
CCCOUUnnntEErrSS
caaaUUNNNTTTarSaaNk
CCCoooAAAnnntttEERRSccUrrrPPP
coUUUnnnTTTEEErrshhaaDAnG
CCoUUnnTTEEERRSSShhEffT
CCCooEEEnnttEEErrrsssiiigggnnn
ccOOOiinnTTurSSogNNN'SSS
ccciiiiNTTTEEERRRssiggnnnEEEtuRRROOO
ccOEnntteeeRSSuuGGnaaaTERRRaaa's
COOooNtArrssIIIGGNNNattURREs
ccOOuunnttERsssiiiggNIIDD
ccOOIIINNTTeRRssEEgggNNNIInnnggg
CCCEEuuNNterrSIIIGNNNss
CoooIIInnttEERRssiiNKK
ccOuNNtEErSeennnK'SS
ccoUNNNttteeRSSSONNNKingg
cooUUUNNtttErrsssIIInnnKss
CoUUNttERSSSPPOOOEEs
CCooeeennteRRRSSPyyy
coooooonttteeeRRRsspppy'SSS
CAAAuuuNttERRRSSSTeeeMMPPP
CCCAAAintteeerrrsssTetteeemmmeeennnTTT
CCCaaaoonTTTUrrssTTRRIKu
CCUUooonntIIIRRsssTRRROOKKEE
CCeAAANttterrrSSUUUbbjjjaaCCCT
ccceUUnnntttIIRRsUnnkk
cciUUnTTTIRttEENorr
CCaUUnttErrrTTTEENooRR'sss
ccOIInnttUUrrttteNNorrSSS
cOOUNNttAAARRtttYYpE
CCCUUiiNNtttiiRVVVEEooL
CCCooEENNTeeRRVEUUULLLeed
CCoouuunnnttEErVVuuILLiNggg
CIIeeNNTUURVUUUiiLSSS
CCOOOUnTAArrrweeeIIggHHH
CooEEnnttteRWWeeeigHtt
CCCAAAEnnnTTooorrrWWWEOOOGGGHHT'ss
CoouuNNtEEERRRWWooiiiGGHHttSS
CCOOeeenTTiiirrWErrrddd
cOOOUUUnnnttiirrWoRRRKK
cUUUUUNTEEEsssS
cccoIIInnnttuSSS'SSS
CeUUUnTTTessseeeSS
CueenTTiieeSS
ccOOOuuuNNTTTAAANNGG
ccOuuuNNNTTTiNgggHHooooSe
CCOOOUUNNNTTuNNNGheeiiiSUs
ccEEinnttlEEESSsss
cccaaaOnnnTTTRRIeeeSSS
CCoooaantrUUUFFFiiEdd
CooooonnnTTrryyy
CCCiiAAAnTTrrryyy'SS
CCCoouNtttrrryFFAeeed
caaauNNNttRYYYMMeeNNN
CIIIUNTTTrYYYmmmAAAnn'ss
CCOOOnnTTTRRYYYmmmUUNNN
cooiinnnTTrrrYYsssIdeee
CCCOOUUUNNTTrrrysiDDee'ss
CoooIINNNTTrYYSSoooDeeS
CAAuuNNTTRRyyWidu
caauNNTTRRRYWWEmaannn
ccAAiNTTRRRywOOmmAnnn'SSS
ccciaNNNttRRRYYWWUmeeNNN
CCiOOONtSSS
CCoOOOnntttyyy
cooUnnttyyy'SS
ccOOOEEnnTTYYwwUUUDDaaa
CCooeeeppp
ccceeeUUUpp'SS
coeppee
CCOUUUpppaaa'ss
coooapppees
cccOOuPPllleee
CoooAApLLE'SSS
cccAAUUUppLLLED
cccoooepppLErrr
CCCoooopLErSSS
CCCooUPPPllESSS
cccOAAPPluutt
CCIIUUppLEETT'S
cccaeeeppLLLuutts
COiippplliinnng
cOEPPLiinnnGG'SSS
cccOOOeeepppLLiiiNNNgS
cIIuuuppInn
CCOOUUppaaNN's
CCCOuupOOnnSS
cccooUps
ccoooorrUgUU
CCCoIIrraaaGGGo'S
ccooouuRAAGGEEEoouuus
cccIIIuRaagggoiAASSLLyyy
cUUUuuRREggUOOusnnUUUSSss
CCCOOuuurruggEuussNNNaSSSS'SSS
cccOOOUURRAnntttEE
CCIIIuuurrgETTTee
cccOOiiRRGGeeetttEESS
CCCuuuuriiirr
cccooAAREEEErr'S
CCUUUOrEEEeeReddd
CCoouReeerrooNNGGG
COORAeeerss
CuuuuurrrLLAAn
CCCeeIIrrLLLiiinnS
cciiuurrsssE
cooouRRRSOOO's
COOurSSEEEbbOOOIIIK
cOOaaarsssooBBBOAAkkSS
CCCIiRSSSUdd
CCCoUUUrSSEERRR
CCOEEErssAAArr'SSS
CCIIeRsssArrsss
CCuuuURRsssESSS
ccOOOurrrsewwuuurrk
CCooouurrSSeeeNNNg
COURRRSSSOONNggSSS
CCCeeUUUrrrtt
cccOOOUUUrrtt'SS
CuuUUUrrTTooodd
ccOUUURRRTTTAAAOOUUss
cOOOuuuRRtttEoAAssLY
CCCIIUUURRRTTOOOOOOAAssNNESSSsss
cOOurrttteeeuuSneSsss'S
CCiuuuRRTEEEr
cccAuurrtUUssaaannn
CCeeeuRRRTiSSAAANNN'SS
cOOuurrrTussOOOnnnss
cAAAArTTToosssooEEss
cOOuRtttEsyyy
CCCeeuuurrtteeeSSy'sss
CCOOUUrrrTEEzAn
CaEErtHHHoooUUssEE
ceUrrrTTHHHOOOuuussu'S
ccOOOuRRRtHHOissseeeSS
CCEUUURteEEErrr
ccOiRRRtttEEoRRR'ss
ccOOOeerTTIeeRsss
cOIRTUUUnGGG
ccEEUrttLLiERR
COOOIrrTLuaasTTT
CCOOOURTTloooNiiiSSs
cOOOURRTliinnEESSSS'sss
CCuuuurrttLLy
ccooouuuRRRtrOooommm
CCaaaaaarrtttRROOaamm'sss
CCCOUUUrrrtttrrroAmSS
CooUUURRts
CaaaaRRttSHHuuuppp
CCCeeuRTTTSSHiP'SSS
CEEUUrrtShhiPSS
COOIIIRtyyyEEERddd
cuuuuurrrttYuRRDD'ss
coooUUrrrTTTYYuuuRRRDDDsss
cUUUsCOUs
ccOOOuuuSSCCooUsss'sss
ccooEEESSSaaaN
ceeUUUsseen'S
CCuUUUSSiiiNNlyyy
CCeuuusssEENSS
CCCeeeiiiTTTeeeaaaU
ccooouTTHHH
cccIuuuthEr
CCCooouuThheSTT
CCCaaiiitHHHIee
CCCOuuuThOerrr
CCOOOuutthhhiiEEsssTTT
CCIIIUUttErrrOO
CCCOOuTTUrrrAA'sss
COatttuuuRIEEEr
CAAAuTTTUUrriiiIIR'SS
cccOUUUtttUUURRRIIIARs
CCCooouuVooddE
CeeeUUVAAADeeeS
CCOVALIIINcccEEE
cooVUULLLEEEnnncISSS
cciiivvvUUlEEENTT
coVVuuulllEENNtttLLLyy
CovvERiAAANNCCCEEE
cIIvvvuuurrIIIAnnCCCAss
CCEEEvvooo
cccUUUvvvIII'sss
ccoVVVeeenn
CCEEEvvuuuNN'ss
CovEnnAANNNT
CCOvIInnnoNT'S
cccAvvuNaaNTTTIIlll
CCaVVVOOOnnaanntteeeD
CCoooVViiinonntttaaE
cevUUUNAnntttEErrr
cOVVAANNNiinnTTEEENNNGG
COOveenOOnnnttEEERR
cccIIIVEnnnannnttsss
cceevvinnsss
COOOVVVuRR
CCCoVAAARR'sss
cOOOvvveerrraaaGe
cccooVVeeRRooogge'S
CCCoVVerrAAGGGeees
ccOvvvErIll
CCOVVoRRRaaLlll'S
cccOOOVVaRRRAlLLLsss
CCCevaaaRRReeeD
cOOOViiirIIINgg
cooovvvaaaRReeNNNgg'ss
ccceeVaaarIInnGGGSS
CIIvEEErrrlleeeTT
COOOverrLLEETT'SS
CooVVVeeeRRLLLeettSS
cccoooVEEERRRss
cccAAVEERRttt
CCCOOvEERRT'ss
ccAVVEERRRTlllYY
CCoVVVERRRtttNNESSS
CCCEVVeeerrTTnEEESSSSSS's
CCOOOvvvIIIrTTTss
CoovvvERRRTUUUrrrO
cccUvvveeerrrUppp
cOvEERRRoooPP'SSS
cOOVVeeeRRopppS
cccOOveeSS
ccciiiVVIITTT
CCCOOVVEETTTEEED
cccOOOVVVaaaTiinng
CCOOVEEtttAUUUSSS
CuuuVVIITTTAAAEEESllY
cIIvvveeTuuuuuussNNeeessSS
cuVVVeeeTTTOOOUsssNeSSSSS's
CCAAveTTSS
cuuuvvvUYY
Cooveeeyyy'SS
CCoVVeeeYYss
CoovviiNN
cOOOww
CCCooow'SSS
ccooWUUUgEE
CCOOOwwwAggeess
cccEEEWAAArrrDD
CCaaawwaardd's
cccawwwIRDDoooCee
CIweeeRRDDIIICEE'S
coooWAARRRDDLLooNNNISSSsss
CoWiiiRRddliinneessss'ss
coWaaRRRDDDlYY
cccOwwwIrDsss
CCIIWWBBBiNNNEE
cAAwwwBBAAlL
cuuuwwbbuuullll'ss
CCCOwwwBBeeLlss
CCOWWWBBBErrRRRIIIEEs
CCoooWbbburrRYY
CUWWWBINNNd
ccaWbbirrd
ccooowwbbbIIRRD'SS
cccOOWWBBBeRRRdss
CCOOwwwbOOOY
ccooowwwBBeyyy's
ccoWWBBOOYYYSSS
ccOwccatCCCHHHEEr
CCCeWWWCCattccHHEEERR'S
cccooowwCaaaTcccHHHarrrsss
cccowwwEEEd
ccceWWWEEERRR
ccOOOWEreed
coWERRRinggg
CCCOOOWWIIIRRSS
CCOOwfffessshhh
CCiiWgIIrrL
CoooWWWGGIIrrll's
CCoowwwgiiiRRlSSS
CCUUWWhAAANDD
cccAAwhANNNDDD'ss
CeWWWhhhAAAnnndss
CUWWHEEERRRb
cAWWhhhErrrBBSS
COWWWHuuuRRd
CCEEEWWWHHHEEErrrD'sss
ccowwHARdSSS
cccEEEwhIIDDDe
CCCoowhuuuddAA'ss
cuwwwHHHIIIdddiss
CCCooowwwiNNGGG
CCUUWiiitttccHHH
CCiiwwll
coooWWWl'SS
CooWWWlEEEDD
ccEEEWWlliiccKK
ccOOOWWWlllOcccK'S
CCUwwwlllIIIckksss
CCoowwwllleeNNG
cccOwwwLIINGG'sss
cccOOOWWWLLeNNNGGGsss
CaaaWWWLLLSSS
cccAAWMMAnnn
cccuuwwwmmmAAn'SS
cccoooWWmiiin
ccoWWWorkkkeer
CCoWooorkER'SSS
CCUwoooRRRkkOORS
CCCooWPaaT
CCCOOwwPPPotttSSS
cOOwpppaaa
cccIIWWWPPEEooss
ccooWWppOOOkaaa
coowwPPPOOOkkaaa'sss
CCCOWPookAAAss
cccowwwPPuuuXXX
cOOWWWppeeexxx'sss
CuuWWpUUUNCHHHaR
ccOOWWpppoNNCCHHEEER'SSS
cowwwPuNccHHoooRRRSS
cccoowreeeEE
CowwwriE'sss
cccoowriiiEEESSS
ccOOwRRy
ccciiiwwwS
cooWWsheed
CoWWWsssHEEEddss
cOwSKKKunnn
cccoWWWSSkkeenS
ceeewSSlIIIppp
ccaaawssLOOPP'SSS
cccOWWWsLaPPPSS
CCOOxxx
ccoxxxEEE
cccEEEXXUUUU
CCoXEEllGeee
CCCiixxCCCiimmbbb
CCOOOxxxCCOOMb'SSS
ceeexcccUUUmmbRRRyy
ccciiiXXccIImmmBBBs
CEEEXXXEEED
cccoooxxxess
CCAAAXXXEEng
ccoxswwwIIINNN
CCCoooXXssWWaaiNNN's
CiXsswwwAIInns
CCOOOYYY
cccoYYerr
CeeYYYIIISST
CCCiiiyyyLLYYY
ccOOYYnnnuSSSS
CCoyNNeeessSSS'S
CCOyyyoootI
cEEEyiittOOO'S
CCEEyIItttes
ccOYYYooTTTiiilllLoo
COOOyPPPi
CCUUYYPPO's
CCAAAyyPPUUsss
COOOZZZ
CCIIZZe
CIIIZZooonnn
CCiiZeennaaagggE
CCOOZZaaNIggeee'SSS
cciZZaaanooodd
CCeeZZEnnor
CCAAAzzEEENNNInnnG
cOzennnSSS
CAzziiieeerrr
cOOzUeeS
COOZZIIIeSSSTT
cOzelYYY
cOZZinnneeeSSSs
cccaaazzzEEENNeSSSSS'SSS
CCCoooZZZYYY
CCooozy'sss
CCCRRoooAAALLL
CRRaab
crrrABBB's
CRabBBBedd
ccRaabbBUUUdLLyy
CrEEEBBbeeeDnISss
CCCRRaaBbEdnnEESSsuuusss
cccRaBBIIrrr
CRRabbbeRRR'sss
CCCRAbBBBIIIRRRss
CCCRuuBBBbbbiEEER
CCCrrruubbBBaaEEESt
CCCRaaBbbbiiiLLLyyy
criiibbBBInissss
CCCRRROObbbBBBeennnOsSSS'S
cccrebbbbbbiiNGGG
ccRiBbbY
cRRUUUBGRRaaasss
ccrrrAbbGRRRAASSSss'S
CCCRRAAABBLUkkee
CCraaabbbsss
CCRaabbsttecccKKK
CCCrabbbwwIISSSE
cccRRRaaCCCkkk
Crrraacck'S
CCCRRACKbbbrrraaIIN
CCCrraaccKKKBBrrrAAiiiNNNAAADDD
CCRaaackkDDDAwn
cccrrriCCKKdddoWNNN'SSS
cRaaacckkDoWWnnnss
CrrruuccckeD
CCrAAACKKeeerrr
CCrrAAAckkeeeRRR'sss
CrrUUckkkEEERRjjAAccKK
crEcccKKKeeerjaaacccKKK'ss
CCRRRECkkkeeerjjIIIcKKKS
CrrrAAcckkiirrrsss
CCRRAACCCKKhhhIIeedd
ccRRRIcckkhUoodd'S
CCCrriiiCCCkHiiods
CRRIIICkkiinnnggg
CCCrrraacckkaNNNgggSSS
ccRRIIcccKLLLO
CCCRRaCCKKKLLLII'SS
CCCRRRaaaccckkLLLaDDD
CrrrUUcKKlllAAAss
crrraCCKllUUWAARRREE
crrraaaccKKlEEEWWWEREEESSS
cccrAcKllliiiiirr
cccrrUUCKlllIIIeeessst
CrrooCCkkliiinnGGG
cREECCCkkkllEnG'sss
crrrAAcccKKLLIInnGGS
CCCrrraaaCCCKKKllly
cccRaacccKKNNeelll
crrreeecccKKPEEETT
cccRACkppoot'ss
cRRUUUCkppoooTTSSS
cccRRRUUckkks
cccRRUUUcccKKKSSSMMMUUUnnn
ccRRAcckkkSSmEEEn
crrrecckuuuPP
CrIICCCKKUPPP'ss
CRRIIIccckkaapppss
cRReDLee
CCRRRIIIdLLLEEE'sss
CCRaaddlloobeeeaRRdd
CCrrraddlleeeDD
CCCRRRAAAdddLLLEEEss
crAAdddLeeSSSiiiNNNgg
CCCrUUDDDlUSSSEEENNNGGs
CRUDLiinnggg
craaffttt
ccrraafffTTT's
CCCReefffTTTEEd
CrAAAfTIIIIr
cRAAAFttiiieeeSTT
cccRuuFtILLLyyy
CCCrreeffftttIInnnosss
CCrrreefTEnOSSS'SS
cccRuuuFFttteeeNNNg
cRIIIfftttsss
cRRefffttSSmmmiiNNN
ccrrAAAffftttSSSMMOOOnnn'SS
cccraaFFttSmmmOONliKKKIII
cRRRiFTTsmANNSSShiiiPPP
crrreFFFTssmaaNNNssHIp'SSS
cccRRAAffftttsssMEEENN
cccRAAFFFtttsPPiOpllOO
ccRRRaFFFttssPPOrSSUN
cccrraaaFttSSwwooMMMAAAnnn
CrraaaftssswwwEEEMMMAAN's
ccrrEEEffftSSwwwIImmeeeNNN
ccrEEEFFFTTTwwwOrrrkkk
CCrrraFTy
CRRag
CCCrAg'SSS
ccrrIGgggiieerrr
CCRRAAAgggGGGuuuEESSST
CCragggEnnaaaSSss
CCRRRIGGGGGInnEEssSS'sss
cccRRRAGGGyyy
CCCRRugSS
crAGSSMINNN
criiGGsmmmen
cccrAAAKKKe
crrAkkeees
CCCreeMM
CCCrrrOMBU
CRRAmmMEdd
CCRRaaaMMMMMeeeRR
cRRRAAmmMMEEERSS
ccRaaMMMMMonngg
CCCRRROOMMAAeeeSSSyyy
cccRRReeemmppp
CrrraaMMpp'sss
CCCRaamPPPAD
cccRRaammmPiiinnGG
cRammppIIINgg's
cRRaaaMMMppeeNN
crriiMPPPonn's
cccRRRAmmppONNNS
CCReemmpppSSS
CrroMMs
ccRRRiinnaaGooo
CrAAANBIIRrreESSS
cccrrAnnnbbbUUURRRrrryy
CrrrUUUnnnbbbEEERRRy'SSS
CrrrAAAneee
CCraaaNNNE'ss
CCrrrAANNEEEDD
CCrrAAnnEs
cccrrrENiAA
CCRRAAneeAALL
cccRannAUUUtttUU
CCCrrIINNNiiaaateeeSSS
CRaaNNOOONNNGG
CCranIooLLooggyy
cRUUnnIIIOOMMAteRRR
CCCRRANiiiiimmmeeetttEEErss
ccrraaNNIIIoooMMetRYY
cRAAnnnOOOTTTooommoOOS
ccrAAANNNAAoooTTEEEMYY
ccROnnIooomm
cRuunnniiAAAM'ss
CCRRRannIUmSS
CrAAnnnkk
cRAANNNKKK'ss
ccRRAAANNNkkkccaasssEEE
cccrANKKcccASSOOO'SS
cccraaaNkkkCCAAASESS
crInKKKAADD
CRuuuNNkUUUORRR
cccrrranKKKIeeSSSt
CCraNKOOOLLyyy
cRRaannkkanasSSS
ccrrrAnkaaannnOOOSS'SS
cccrrrEENNNkInnnGG
CCCRaannkkkle
CCrAAnnnKPPPaaaN
CCCrrraNKKKs
cccRRAANNkkkssHHaaaFFtt
cRRRANNNkSShhhiiFFttt'SS
ccRENkSSShheFFtttsss
CCCrUUnnKKKYYY
CCCRRRAnNNIIIoDDD
CCRRRaNNNnnIIEEs
CCCRRRAAnnnnooGGG
CCCrUUUnnnNYYY
CCrraNNNNYYY'SS
CCRRuup
CCrrrappp'ss
cccReepppe
CCrAPPPii'SS
cRRaaPUUUSSS
cccrrAPPPAAADDD
cccRRRAAApppppEERRR
CCCRRappppaaarss
cRRRAAPPPpppUaa
CCrAAPPPppooeee'sss
CCCRAAApppIIIuuuR
cccRRRaaPPPpaaees
CCCRRRIIIPPPEEeStt
ccRRePPPPInGG
cRaaaPPPppyy
CCRAAApS
CCCrraaaPPS'SSS
cccRRReePPPssHiiot
CCCrAPPPSSHHHAAUUUTTEEERRR
ccRiippSShhoooootttEEErr'ss
cccRUUUPPsshAAOOttOrrrsss
CRReeepUlleeennnCCeee
ccraaaPPooolllennnccoooSSS
cccRRRUPPPEllUnntt
ccrrruuppAAALLoiSSS
CCrrAAPPyy
cccRRRaaQuuAAllaRe
CRRAAshhh
ccrUUSSSHH'SS
CCCrrrisssHHHeeedd
ccrrruussshhheeerr
cRRRIIShhhEErss
CCRRREEEShas
CCrASSSHHInnnggg
CreeeShhhAnnggLLYYY
CCrrIISSIs
ccRRRASSs
ccrrASSsseerrr
cccRRRiSSSEST
crrrAAASSSIIttuuuDEE
cccrrraasSIItttuuuDDDESSS
cRRRAASSSSSLLYYY
cRRRAAssssNeSS
cReSsNNNeeessss'SS
ccRRRASSSSiiilAAcccooouuAAss
Crutcch
cRRAATTE
CRRRAAATTTe'sss
CRRRATEDD
cRRiiiTTTEEER
ccraaTeeeRRR's
ccRRatttErrredd
cRRReetteeeRRRiNNG
CRRRaaaTeRS
CCRATeeSS
crrrAAAteeengg
CRAATiNNN
CCRReeeuuuNcchhh
crrrEUUNNNCChhiiDD
CCCrrrAAuunnccHHHEESSS
CrAAAUUNCCHiiNG
CRaaVaaTT
ccRRRovvvATT's
ccroviitSS
ccruVVEE
CCCRiivEEEDD
CRRovvvEEEnn
crrrAAvvveeen'SS
CrAAAVVUUUNNLY
cccRRAvvEEEnnNASSsss
CCRuuuvviiinnNNNESs's
CCCrrriiVVUUUnnSSS
cccrrrAAAVVVEEESSS
CCCrUvvvUUnnngg
CCRRRAAvvvUNNg'sss
CRRRoovAAANNgs
CCCrrrEEEWW
cccrawww'sss
ccrrAWddooDD
cccrrriiWWdaD's
cccRRRaaawddaaDDDS
crOOOwFFiiissh
cccRRRaWWfIISShh'S
ccrrAAAWffIIshheSSS
CRawwwLL
CraaWLLL'S
CCCRuwwllAddd
crrruWlllERR
cccrAAwwlleeR's
CCRRREEWLLLEEERRRss
CCrrraaWWWllIaaRRR
CCRaawwllEEEoooSS
CrrrUUwwwLLLEeeSSSTTT
cccRoowwwLLEEEnnngg
ccRRoWWLLLsss
ccRAAwwLLSPPPaaaceee
CrawwwlssPaaaccEE'sss
CCrraWWLLLSpiicccAAAs
CCCRRROOwwwLyy
CrAwlY'S
crrrAWS
craYYFFissshhh
CCCRRRaayyyfffIssh'SSS
CrrrAAYYfffiiiSheeess
crrAyUUN
cRRIYYYIIINN's
ccraaYYOnOOODD
CrIIIYYOOONNIIInGGG
cccRRRaaYUnS
Crrruuzze
CCraaaZZZiii's
CCRRAzzziiddd
ccrrraaaZZeess
CCCrrroZZuuAAAr
cRRRAAzzeUUUS
ccrruuziiiEEST
CCCRRRaaaZIlllyyy
cRazuuNESSSSS
CCCrrrAzzzaaaNNNeeessss's
CCCRRRozONNgg
CCrrreeezzy
ccRRRuZZZyyy'SS
cccRiZYYYwweUUUddd
CCRRRUZYYwwwUUUeds
cccrrroooAAAK
ccReeeAKK'S
cRRaaAAAKKEED
cRRReeeIIIKOOOerrr
CCCReeekkIeesTT
crEEooKIILLLY
cccRRUakkeeNNeSSSS
CCCRRReaaakkkAAAnnOOSSS'sss
CCReeeuuuKKeeNgg
CrEEEaKKKs
ccRReeUUUKKyyy
cRRREuuummm
CrUUUEEMM'SS
ccRROOaammmcccaaapSS
CCREEAmeeeddd
CCrrrEEEEEmmUUURRR
cccRRRUammmeeeR'S
cccReeAAAMMeeRRiiEEESS
CREEIIMMEERRss
CCCRRREEEAmmmErrrY
CRREAAAMEEERRRY'S
crrreaamiiuuR
cccrrrEEaammmOOessT
CCrrEEammmIILyy
CCrEEOOMMMiiNessS
cccrrrOOAMAAnnnEsssss'S
ccRRREUUUmmmaaannnGG
cccrrEEEOOMMMss
CCCrrraaaAAMy
CRRREoSSEE
cRROOOaaseee'SSS
CRRRaaaEESEEddd
ccrrreeeaaSSSaaaLLiiiSSs
CCCrrOOOaasOPrOofff
CCCReessAAASS
CrrUiisUUUnnng
ccreeaaaTTTeeeBBLee
cccRReAAtttEE
CCCrrUuuuTTTeeddd
cccReeeeTESSS
CCCrrrUUUAAAtttIInnE
ccRRReAAATTOnES
CCrrOOOaatttIIINNNGG
ccrroooAAtAAnniiineee
ccrreAAATuIN
cRREEEEtttIOOOnn's
CCCrreeaaTTTIIIOOnnAsssmmm
CCCRiitttIoNiiSSSmm'SSS
cccRREaTTIOOONNNUSttt
CCCrOUUUtttIIoooNIIISSTTT'SSS
CCCRRaoTTeoonEEESSSttts
cRReeeUTaaiiinnnss
ccRIIaatIIIVVVOOO
cccrrrEIItttuVVVoo'ss
ccrrreeeeTTTIIIveeLLYY
CRRReeeuuToovvvonnneSSSSS
CCrrEUUTIvvvEEnneeeSSSsss'SS
CREEaattAvess
CCRRReeeAAAttIIIVITTY
CCCrrriiiAAATTIIIVViiiTYY'ss
cccrEEetoor
crriiuTTTor'SS
creAATTTurSSS
cccrrrEEEttOOORRRAAll
cccrrrEATTuRRRE
CREEuuuttArre'SS
CCRRREEEUUtuuRRROLLLyyy
CCrrrIAAAtuuurreSS
CCrrreed
ccreDDENNNce
crreeDOONCe'SS
CrrADDDEEndduuuMM
cccReeeddeNttt
cccrrrAAdinnTEEEUUUL
CCCRRREEEDEEENNtIIAALLL'SSS
CrEEdENNNTiiuleeeddd
ccrrEEdddUNNNTiiaLLiiiNNGG
CRREDUUnTTIIaaLLss
cccriiDDENNNZa
cccrrrEEEDDDIInnnza'sss
CCCReedddennzzAAs
cccRRuDiiBBBOLLEtttYYY
ccreeeDDDIIIbbIllIIItyy'ss
CCCruuudIIIBBBLEE
CCReedddiBBLLyy
cccRRUdITTT
CCrriiiDDIIITT'ss
cccruuDDUUTebIIILLuutY
CRRIIDUUUTABBBLLEEE
CCrUUUdddIttEBLLyyy
CCCrredddiitteddd
CCRReDDDiTiiinggg
ccriiDDDiittOOrrr
cccRReeeDDitorr'S
crruudddiiituurrrS
ccreeeddUUUTTss
cccRIIDDDIItttWWWOOOrrtHHiiinnEEEssssss
ccRaaaDDDiiTTTwwOOORtHHyyy
CCRReeDaa
ccrrreedddOOO'SSS
cccrEdOS
ccRRRiiiDDDULLeeeTTY
cccrriiiDEEElluuTTTYY'ss
CRReeddAAALLouss
CCredUlOUsLLLY
CCCRRuuuddduuLLLoooISSSnnneSSS
cccRReeeddooLOUUSSNNeSSss'S
crrEEEeeeDD
CCCrrrEEeeeddd'SSS
ccRRREAAdddSS
ccRREEEEk
CCRReeKKK'SSS
CCCRRRoooiiiKKS
CCrrrOELL
CCCrEEEll'S
ccREEEELLLss
ccReeeeepp
ccreeuup'S
ccrrEEEpeerrr
ccrrEepIIIRRR'S
CCCREeePuRRss
CCCrrreeeeppiuuu
cccRRReeeppiiiEEER
crrrIIIeePPPooeeSSSTTT
cccrrrUUEppiiLLLy
CCrreEPPPinEEssSS
cccRRREeeppiiNNNeeesS's
CCRUUUEEPANNNG
cccrraaaEPPPSS
CrrIIUPPy
CCRRReeeASe
ccReeemmIIINNNsss
CRRRooMaaUUNNS's
CCCRRREEMUUUTE
CrrrEMMaTTEddd
cccRRReeemAttteSS
CCCRRRemmuuuTInggg
cReeemmmETIIONNN
CCrremmatUUUoNNN'SSS
cRRiiMaTTIOONSS
cccRRRoMAAttoooR
CCrremmmAAtttiiRRRiiiEEE
CCCRREEmATOrUuuss
ccrrUMeeetttOOORRiiiaaaMMM
cccrrreeMMUUUTOORIuumm'SS
ccRReeMaTTTOOORiiiiimmmss
CROOOMATToRRRy
ccRRaaamaattooorry'SSS
cccrrrEEEme
crrIIIMMEE'SSS
CCCRRRIIIMMMesss
CCRReNuuuttEEE
ccReNNETTTeeeUNN
cccReNalll
CrrraNNILatto
CCCrEEEnnEElaTTid
CCRRReeeNNOOLEEtESSS
ccrreeeNNNeeellattINNg
CCCrrEEENNNuuuLLLaaatOooon
CCCRaNNNeeLLLETTTIIIeNN'SS
CRREEEneeleettIuNNNSS
CRRRoooNNNAllOODD
ccRRROOOnnneeeLiinnnGG
CCCrrreNNNeLlllUtttooo
CrrrEnnIIILLLlAAAtteeed
ccRRoonnELLlloootttUUsss
cREEEnnallLAAATTTiNNGG
CCCRRRUUUneeellLeeDD
CCCrrrennnIIILLLlllenng
cccrrreeeNNELLss
cccRuuuNssHIIWW
ccRRRiiinnnulllaaaTTe
cccRRREENNNUUULLAAATEEDD
CReeeNuLLOttiann
crreOOdddiiinnnTTT
cccRaOOLLLE
CRReeeeeeLLLEE'S
CCrreeeEEELeeS
CCrrOOOLIZZidd
cccrrrooAASSoooll
CCCrrreOOssoottOO
crEEOOSSOOOttoo'S
CrrreOsssOOOtttOOODD
crEoossseetEss
CCrrooOOSiittooonGG
crreeepppaaa
CrruuPEEE's
CRRaaPPeees
ccRRIIpiiiYYY
CreeppiiiTTaaannTTT
creepppiiiTittE
CrrIPPPIIIttaaTUUDD
CCrePIITaaaTTTeSSS
CCCrreeeppiiittOOOTeenGG
crreeePPiiitttaatttiiioonn
CCCReeePIIttATeuuuNNNSS
CCreePT
CCCrreePPPAAAsssCCUULLARR
ccrrrEEEpppUUUSSSCULLeee
CrisccEEnDUUU
ccrooosssccEEENDoo
CCCrrESSccceennDDo'sss
cccrESCEnddooss
CCCRRREEEsssCCCinnntt
CCCrrruSSceNttt'sss
CRREEESSSCCEnnTiiiC
cccrruSScciNNttS
ccrrreeesssOOOL
ccRESSSOOLLS
criSSSSSS
CCCrreeSSSs'sss
CRRReesssSSaaattt
ccrriiSST
CRReeSST'S
CCrreeSSTTaD
CCrrrOOSSTfffaLleen
CRReeeSSSttiNNg
CCCREESStttlEEEssS
CRRRuSTTTs
cREEETACCCeeouus
CCRRIITTAAAccc
CCCRRRETTiiiN
CCCrrroooTTaannn'sss
CCrrruuTEnaaSSSMM
CCCrrrItAnnIIssmmm'SS
CCCrrruuutttaaanOOeD
cRRaaTTTiiiNooAAAS
CCCrIITTTiiiNss
cccRRRootteNNNEEE
cccrrrETTUUUNNNNNeee'SSS
cccRRReevaassssEEE
CCrrivvASSSsEE'ss
CRAvIIIssssuusss
CrrrEEEvviiCee
cccRRIIIViicccAA'sss
cccroooveeeccciSS
cccRRAAw
CRRew'SSS
crewcccUUUT
CRREEEWWuDDD
cREEWWel
cccRRReewwwiiiLL'ss
CCRReewweeLLLwwwEEERRRkkk
crriwwweLLWaRk'SSS
cccREEWWWiinggg
CCRuwMuuunnn
CCrEEEWWWmOONNN'SS
cccReWWWmAttuu
ccrrrewmmEEnn
cccroooWS
cccrrrEb
CCrrreeebb'ss
CCRRiibbbbbAGGI
CCrrIBBBbbbAgE's
CCCRRIIBBBeD
cccriiBbbbiirr
crrooobbbbEEErr's
crrOOBbbbEErSSS
CRRiiibbBBIIInnnggg
crrrIIIbbbbbbllE
cccRRuuubbbrIIFOOOrMMM
CCCrrIIbsss
crrruubWorrrK
CCrEEcckk
CCRRRIIICCkk'S
cccRRIIICCkkkodd
CRRRIIIcKKIItt
CrIICkkkeeettt's
CCRiickEEEttteeeEEERRR
cRRiiCCCKKKettteRR
CCrrrIICCkeeeTTTaaarr'SS
ccrrIIICKKKItttEErrrSSS
CCCRIIIcKAAttiinnngg
ccRReeeCCCKIIITTTS
criiCCCKKKiiiNg
ccrriiickSS
cRuuCCeeeiidd
CCrruueeed
cccrrroooeeRR
cccRRaaaEErrr'sss
cReeeeerrS
ccRRRiiieSS
CCCrIIIKEyyy
CrrImmEEE
CCCRRRIIMMMA'sss
CCCrrUUUmmEEESS
CCCRUMMMIIInnnaaaL
CCRImmaNNNAL'sss
cccRRROOOMMiinnAAliiStt
CCCrrIIImmmIIInnELLIIITTYYY
CRReemmmiiiNAAAlllooTyy'S
CCrroomiiNNNellizzoTTiiiOnnn
CCrrrIImIIINUUlizzzeee
crriiMiiiNNNulllOOZZUUUD
CrriiiMMIINNAAALLLIIIZZZEss
cccrrEEmmEENNNOLLiiizzziNNNGGG
crIIIMMiinAALLLLYYY
crrrImoNNAAALSS
cRRRAMaNNNaaTu
ccriMMINAAAttAADD
cccRRiiMiiNNNeetttess
cccrUUMMMUUUNNNaaatiiinnnggg
CCCRUUMMMIIINaalAAAGGOOCCCuLL
CCCRROOMAAnnIIIlllaaaGGGEEECAAlllllyyy
ccriiimmmInnnaLLLUUUggisTTT
CRIImmIIINIILooGooossT'ss
ccRRRIIImmmIIInIIIllOgissTTTsss
ccRiiiMMINooLooGGyy
cccrIIImmmiNNILLoooggy'sss
crEEEMMMIIR
CCriMp
CCREEMMMpp'sss
CCRRRaMMMpeeeD
CCrrrIIIMPeeR
CCrIIIMppoooRss
cccRAAAMppooNNGGG
ccrraaMMMppplllEE
CriMMPPPSS
crrriiimmmpppyyy
CCRomssuNN
CriMsoN's
crrIImmSSSoonnnEEdd
ccRRaaMMsUNNNiNg
ccRUmSSiinSS
crrrIINNNEE
ccRRRIIINGGGaa
CRRROnngggi'sss
CCriiiNNNGGGoDDD
CCrIIInngeSSS
cccrrrEEENNggooonng
cRRIIINNNggllEE
CCroonGLLeSS
CCCRRUUUnoooTTeee
CCCrreNkllaaa
cRRRUnnkkLLLEE'SS
CCrrrIINNkkkllleeeddd
ccRRRiiNNNKKKLOOOrrrUUUOOt
cccriinKKKleeeRRRoOtts
cccRiiinnKKKlEEEss
ccRRROOOnnnkkliiEERR
cccRONkkLiieessstt
criNkkkLiNggg
CriinnnKKLyy
CCCRRRIINOUUDD
ccrrrenEUUUddSS
CCrrrIIINIllliNNee
cRiNuuLLIna'ss
CCCrroNoolllUUUNNeeeS
CRRRIInnOOOSu
cccrrraaaNiiiMMM
CCrrrIIIooLLLLOOO
CCCrrIIOOOLLLLLoosss
ccripppOOOSS
cccRREEEppLLe
crrriiipppPPPLLLee's
CrrraapppLLLEd
CCCriiPPppLLeR
cRiipppplllARRR'SSS
ccRippLOORss
CCCRRooopppppplllUUSS
ccRRiiPPPpppliNgg
ccRRREEppPlllANgLLLyy
CrooosEESS
CCCrrrIISiSSS
CCCrISSiiisss'SS
cccrrIIISSSpp
CCRiisP'SSS
crrEEESppEEETTeee
CrrroooSSSPITTTiiiOOnn
CRRiiiSpBrrrEADDD
crrIIIsspBBrruuuuddds
CRiisssPOOOddd
CCrrrIISSPPPEEErrr
cRiisssPPPestt
CrrraSSpppaaaEErrr
CCCRIspppEEEESSSt
crIIIspiniss
cccRRisppIIInnnEEESss'ss
CCRRRUUssPPPiiinngg
CCrrrisssPLLLyy
cccrrrIssppNUSs
CriiiSSpnnneeSSSSSS'SSS
cruuSSpps
CCRRaaasssPYY
CRiiiSSsssCCCREEESSs
CRRIIISSSssscRRREEEsss'S
craaaSSSsssCCCrroSSSsED
CRIIIsssSSSCCRROOsSSooSS
ccRRooSSSsssCCrrAAssssssiinnGGG
CCrrrEEsSSSuuummm
CCrIIISTuuu
CCCRIsssttaTTi
CCrrrIIIssTiiiBBBALLLATTE
crrraTaRRIUUU
CCrrittEEErIIIlll
cRETTTiiiRRIIUnnn
cccrrITTTeerriaaN'ss
CCCrIIIteerrriiAnnnss
CReeTecc
CRRiTTTiccc'S
ccrriTTTiCCAAAl
crIITIIccaaLITTUUUiS
CRReetttIIIcccoliiTTTYY
CCRRiiTiCAlllLLLyy
cRIIItttiiccAAALLnneSSSS
cRRRiitooccAALnnnEEESSssseees
CCCRRiiTeecccissstEEErrr
CCCRROOtttIIIccIIsm
cccrrIIIttiiicIIISM'ss
cRRoottiicccaaasssMSSS
CCRRIIIttoooccciiZZAAbbLLU
CCCRRRaatUUUccIIZZZUUU
cccrrrIItttIIICIIzzuD
cccrEETTIICCUUUZZZerr
CroooTTuuuCCuuzzEr'SSS
cccRuuTTTaCIzEERRs
cccrrrOOOteeCCIzOOss
CCCrriiiTooCCCIZZiinggg
cRRRaaticSSS
cccrUUTTUUQuuuEE
CCCriiiTuuuQuuEE'sss
CRRREttIqqUeD
CCCRRRUUUttEQUUEEESS
cRUUTaQQuaaannnggg
CCrrrITTTeeRRR
cccrIIIttTTTIIIRR's
CCriiiTttteers
CRRROOaak
cccROOOuuKK'S
CCRoEKKKeeD
CCreaKKKeeerrr
crrrooEKKooRRsss
ccRRoooAAKKIIIEEERRR
CCRooOkkIeeesssT
cRoAkkkOllyy
CRRoaKiNIsssS
CCRIIaaKKKIIInGG
CraAksss
CCCRRooAAAKYYY
cccrOCCaaaIIInnn
ccRROOOcheTTT
crrrACCHeTT'ss
CRRiCCCHHeTTed
CRRRoCHAAtiiir
ccRoooCChhETEErr'SS
CRRROOOCCCHETTTErSS
cRAAACCCHHETinng
CCCRREccHHHeTinnG'S
CCRRRAACCChhhAAAtSS
CrIci
CCRooCCUUdooLLotee
cccrrraaaCCCk
CRROOckkk'sss
CrOOckEEEDD
craaCCKKKUrYYY
CrrrOOOcccKEEERyyy'S
ccRRAcccKeeet
CCroCCKeetSS
CRROOcKKss
ccRROOcccOOddIILEE
ccROCCCOdIIIlAA's
CCRReeeCCCoodIlaaass
CRROCCCiidddOOLUUUoooNN
crrOOCCodILLLiuuNss
CRRROOOCCOOOIItaaa
CRAACUUs
CCCRROcuuuSS'sss
cccRRooCiiissIIIs
CCCrraaffT
cccRROfTerrr
crOOftoooRRRSSS
cccrOOOffttiiinnnGGG
crOffftttsss
cccRoooAAASSSsssinnT
ccRRRUUAASSsssinnnT'sss
CCRRoooUsssSaaanntttSSS
cccRROOMMMllEEccchh
cccRRoooMMMLLeeeChhhS
cccRROOOmmmeRNEEE
cRooommmuuurrnnnEEEs
ccrrrOOOnIII
CCCrooonnnUUU'S
CCRRONuuSSS
ccrrAAnnneeeeSSS
ccRoooNNNKKK
cccriiiNYY
CCCRROOONyyy'SS
cccRRRoonnnyyiiiSmmm
ccRRRONNNyyiiissm'S
cRooooKKK
cRRRoooook'S
cccRRooOOOkBBBAcKK
CCCRIIIOOkkbaCCkkkss
cccrroooikeeed
CrrOOOOOkuudaRRR
ccrrOOOEEkuDDDOssTTT
cccRROOOOkkeedddLY
ccrrrAoooKKeeddNNNeSSSs
CCrraaoookIIIDDDnnesss'sss
cccRROOOooKAnnGG
CrrrAIknniccckk
CrrrOOUUUKnACCCK'ss
CCROOKKnEEccckksss
CROOOkkkss
CRoooon
cRiieNNN's
CrrEEEeNNaaaddd
cccRRROOOooonnneR
ccrrOOUUUnnneRRR'S
cccroAnniiirss
cRROOOOONNInG
CCrrroEEnnns
cccRRRUUPP
CRRRoopp's
cccrooppLLLONNDDD
CrrroPllONddd'sss
cccraaapllAAAnddds
ccRRRApPPUUUd
CRUPPPPerrr
crOppoooR'S
CrrOPPPPoRsss
CCCrroppppIIInG
CRROOOPPsss
CCrrroQeeAATT
CCROQQUeT'ss
ccrraQQaaaOOOTEEDDD
CrrAAQQiEETooongg
cccRRRIIQuEEEtttUUU
CCrrOOqqeeEETTTtte'sss
CCCRooQQQuEEEttTESS
cccRRoorE
CCCrAArrrasss
cccRRessIiRRR
crISSSiOr'ss
cccrrruSSSEEerrrS
CRRROsssSS
CroooSSSSS'sss
cccrOSSSuuurrm
CrUUsssSbAR
cccrrrOOsssssBBuurr'ss
ccRROSSSSbburrss
CrrrEEssbbeeeom
CCCrrrOOSSSssbbboaaaMMM's
CCCrrOssSSBEEaaMSS
cREESsbbbiiiLLLl
crrrOsSSSBIILLLllSSS
cccrrAASsssbeeennEESS
crrOOsSbOOnnnuss'SSS
CrrUUUssssssBoooW
CCCrooSSSSSBBBOOwww'SS
ccRRUsssSSSBBIWWWMaN
CCCrroossssssBBAAAWWWMMMAAANN'S
CCrrroSSbaawMMeeN
cccrrOOssssbiiiwsss
cccrrrOOsssSSBBrrrEEEDD
cRRRiiiSSBRRoEDD
CCrrEEEsssBBReeeaaD'ss
CCRooSSSSBBReeeedddOng
CRRoossSSBrEEeeDDDSSS
CreeSSSSSchhhecK
cccrrooSSSsssccHHHECkkk'SS
ccRuuusssSSSChhheeeCKAAAD
CCCRoSSSsscccHHHUUUccKKKooonG
CREEESSccchhhEEckkksss
cRRoooSSCCCUUUrrrrrrEEENtt
cccrOOsssSSSCCURRReeennTTT'sss
CCCRROOSSSSCerrrEEENNtsss
cccROOOsSScuuuTTT
CCRRRuuSSSsssCCCuutt'sss
cRRoooSSssCCaatSS
crrrooosssSccAAAtTTTiiNNNgg
CCCRRROOOsssse
cccrISssedd
cRROOOSSSseerr
ccrooosssseess
CCrrrIsSeeSSttt
cRRRAAAsssfffOOOrEEE
crraaaSSSsssffARREEE'SS
cRROOSSSFirrEEEsss
CRRoSSSHaaIIrrr
cReeesshhhAATTTCCHHH
CCrreessssHeeetttcchhheeeDD
crOOOssHHAAATCCChhhuuSS
CCCRRRASSSShaaaTTccheeeNNgg
cccROSSshhEEUdd
cccRRReSSSsssHHHaaEEEddsss
cccrrrosseNNNGG
crrrUssSSSoNNNGG'ss
cccRRooSSSiiNgggSSS
CRREssssjAACCKKK
cRROSSSJJJEEEckkkSS
crrUUSSSSSlleeeTT
ccrEsssssllyyy
cccROOOsssssNNaasssss
cRRRIISSSNNNeeSSS'SS
crrrAAAsssoppTTTeRRYYYGGiaannn
CCrOssSiPPteerrrYGiAnsss
cccrrIISsuuuVVeeer
CrruuusssSSSEVeeerr'sss
CCCRRROSsssOOvEERRRs
CCCrooSsPPPAtccch
cccriisssSpppaatCCCH'S
CCRROOOSSSSpppIITTTCCHHHUUSS
cRRROOOssSSPIIeeeCCCu
CCCROOsssSSSPIeeeco'SS
CCRROOSSSSPPiiIIICCoooSS
CCRAAAsSpIILLllinAAATTTe
ccrrroooSSSSppULLeeNAAAtiiiOOONNN
CCCRAAASSSsssrroooAAAD
cRROOOSsssrrrOAAADDD'S
ccRRROOssrreIDDDss
CCCRRRuussSSruuaaDS'S
CCCrrraaassSSSrrruffffff
CRRRosssROFfffEEEDDD
cccrrrOOOssssssrrAAFffEEng
CCROOOSSsssrrrEfffffSS
crreSSSssstttalllKK
cccRRaSSSStiiiiii
CCRRRoooSsssttiieeess
CCCrrUUUSSSSStttOWn
CCCrOOsssSSSTTrEEEAA
cccRooossssWWWuullK
cRRROOOSSssswooolKK'SS
CRooosssSSSWWWIIILLKs
cccrrrOSSSSSWWAAAYYY
cccrroooSSSSWAAAYYYSS
cccrOOSSSSWWWiNNddd
CCrrrooSSSSSSWONNND'S
CRuuSSSsssWWUnddSSS
CCrrrooSSSSwisUU
CCrrrooSSSSwwAAArrDDD
cRRISSSWWWIIIrd'ss
CCCrrrosssSWWoRRdddS
CCCRRRaaTccch
ccrreeTTTCCChhh'S
cRRROOtccchhheeS
CCRUUtttcccHHiiiTTT
CrOtccHHHeeett'SS
CROOOtccchhheTTaaanEEsss
CrroooTCChEEETTTs
CCRRIItCCChheeetttyyy
cccRuutttOnn
cRRROTTToNNSSS
cRRoooUUccHH
cccrrAAuuCChh'sss
ccrrOOOOOchoooDDD
CCrrroooUUUCChhhoosss
CrrooOOOccchhhoooNGGG
CCCRRROOOup
ccRROOOUPPP'SS
CCCrOOOuuPEoor
crooiPuurr'SS
CCrrOUUPiiErrrsss
CCrOOOOOOPOOIstt
CCCRRouupoOOOSS
ccRRReeeUUPPPy
CrroUSSSEE
CRRiiiW
cccRRRAAAWWW'SS
cccrrrowwwBaRRR
ccrOOOWWWbbar'SS
cccrrraaawwbEERS
CCCroWWWbbbEErrrrOOeS
CCCrrrEEwbbEERRRRRyyy
cccRRRooWbbooooot
CCRRoooWWd
CRRawDD'S
CCrrOwDeeeDDD
CRRRIWWdEDDNeeeSSSS
CCCRRuwwdAAANG
CCCRRoooWWdddss
ccrriWWWedd
cRRowfffEET
cccrOwwFFFUUooTT
CCCRROOOwfoOTTT'ss
crooWWWFFFOOOootSSS
ccrAwwwIIINNgg
ccRRRoWWN
CCCRRIwwwNNN'SSS
CCreeewwnnodd
ccROOOWWnnIIINNNg
cccRuWWWnnnPPPiieCCE
CROOWNSS
crrAWWnnnwwooorrrKK
cccRRoowNNNWORRRKs
ccROWss
CCrrroozzzuu
cRRREEZZIIIeer
ccrrrOZZooeeeR'S
cccrezzzIEERRsss
cccrAûTTEEEnn
ccRRaaaûtOnnn's
CCRRROOûtttOOONS
cRRu
CCrrrUUUCESSS
ccruuuCIUUll
CCrroccIIaaallliiitY
ccRuuCCooaaaLLllYYY
CRRiCUUUAtteee
CCRRaaaCIBBllleee
cccRRREECiiiBlEE's
CCCRRiiicccIIblesss
CrruuuCIIIffER
CRuuuccooofffuuuRoooiSS
CCrrraaCCIIIFFirrsss
cRAAACIfeeaaadd
cRUUccciFIass
ccrrrUcccefffiiix
CCRRuuuccIIffiixxx'ss
CCrrrEEEccIIIfeeXeess
cccRRaaaCIIfffeXXiiiUUnnn
CrUUccciiifffoxxxIIIONN'SS
CCrrrAACCiiifffaxxUUoonnnSSS
CCCRAACCCIFFOORmm
CCCrrAAACifffOOrmmm's
CrruucIIFFFooRRMss
CCCrrroooCIIIffyyy
crrruccIIFFyyyinnnGG
CRRuCKK
cRuDDD
ccrrrEd'ss
CCRRRiDDDDDDooeRRR
ccRRRudDieeSST
CCrUUUdDYYY
ccruuddde
CRUDDeee'sss
CCCrUUDeellyy
CCCrUUDDEEnnnuuuSsss
cRRUDDiNNNeSSSs'ss
cccrrruuDDDEER
CCrIddEssst
CCRRooDDiittteeeeesss
cccRRROODDDOOOTyy
CrUUUDiiittYYY'SS
cccRRRoodITTTésss
CCCraaaDDDiTTéS'ss
CCrruEll
ccrruuoollleR
CRAeLAAAssTT
cRRooelloooRR
cccRRRUeeellLLLiiSSSt
CCrrUEEElLLLyyy
CRAAeLnEssss
cccrruooLLnoSs'ss
CCraaaeeeLLttiiiUUss
cccREEAAALLTTyy
CCrrriiielllTTTYY'ss
cccrrrUiiittt
CCCrEEt'SSS
cRAEEEttS
crIIIIIsssE
crrriioooSSaaa'ss
ccRRuuuiiseeeDDD
CCCrOOOIISSuurr
CCCrrUIIsssUURR's
CCCRRREEiissEERRSS
CCCrrUUIIIssAARRweoGGhht
cRRUiSSEEErrrWIIIOOOGGGhhtttSS
cccRRRAAAIIIssseeSSS
CCrIAAASSInnngg
cRRuuuLLLLeeRR
CCrUUUlLLiR'S
CCRRREEElllllEErrrSSS
crrUMMb
ccrrOOMMBB'ss
ccrrruuummBBEEDD
cRuuMMBBoooerr
ccRRRuuMbbbiiESSSttt
CrrOOOMMbINg
CCrruuummmbblo
CCCruuMMbbLoo'sss
CRRuuMMMBBBLUDDD
ccRuuummBlUUsss
cccrOOmbLLLiiiArrr
CCCRRRiMMMbbbllliiiEEESTT
CCRRAAMblluuNNeeSSSSSS
CCCRRIIImbbbLLLIINNNEEESSSS's
ccREEmmmBBlllUnng
cccRiiMMbblly
cccrrrUUmmbbbss
CrAAmmbbbyy
CCRRRiimmmhORRRnn
crrrummmhhherrNNSS
CRRuuuMMmmmIIEr
cRRRummmmmIIIIIISSStt
cccReMmmiiiNNNeSSSS
crrreeMMMMMoNNNeeSSS'SSS
CRRRuummMMMyy
cccRUUUmmpp
CCCrrruuuMPuuudd
cccRRRoomPAAAt
CCCRRRUUUmmmPPet'SS
CCCRRUmpppuuuTTTss
CRRUUMMPIIInnnggg
CCCRRRaaMMppLLE
CRUUMMMppLaaa's
CCRRuummPllleedd
CCRReeemmmpllliiiS
CCCrrUUMpplllAAngg
ccruMMMPPLLY
ccRRReMMMpps
CCrrrunCCh
CCRRRuuuNNCChh's
CCRRRIncccHEEd
ccruNNNccHurr
ccRRunnnChhhEERRSS
cRRRUNNNCCheeeSS
cRRRuuNNcccHHHOOOEErrr
CRuuunCChhhIIIESSStt
ccrruuNCCHHaaniiSSSss
cccrUnCHiiinnisssSS'S
CCrrIInChhhiNGGG
cccRRRuuunnCCCHHYYY
cccRRUUNNoooDDEEE
CCCRRRupppeeeRR
cRRRuPpuuurrr'SSS
CReeePPPpUUrrSSS
cccRRUUURRaaLL
cccrraaaSS
CCrruusAAddE
cRRUUsssAdAAA's
cccRRIsssAdoDDD
CCRRRuuuSaDDuuurr
CCRRRUSSiDDOOORR'SSS
CCCRRAAAsaaaDDeRRS
ccRUUssseeeDDDeeeSSS
cccrusssUUDDDiiiNGG
crrrUUUSSAAADDu
ccrrroooSSUU
CrrooSooo'S
cruussEEESS
ccrrriiiSSSH
CCCRAAAShhh'sss
crrOOShhEEEddd
cccRRUSSHHHeeR
CCCROssshhiiR'SSS
cccruuSSSHHHURRRS
CCCrUUUssshESS
ccRRRAsHHeennGG
crUUshINNNgLLYY
cRost
CCCruusssttt'SS
CRRuuuStttaaaCeeeAAnnn
CCrrUSStttaCeAAAn'sss
cccRRuuuSStttACCCiiUUNSS
CCRRasTAAceeeooSSS
creeeSSSTaaaLL
ccRRREEESSSTTTEDDD
cccrUUUssTTeeeER
CrrruuuSSStttOEEsTTT
cRRuuStttIIllyyy
cRRReeesssttiinISSss
CRResttONNNesssS'SSS
cRoSSStAAAnng
CRUUUSSSTS
cRRRuuSTTTyyy
CrIItttcHHH
cccRRREEtttCCCH'sss
cccRRRUUUTcchhEEESSS
CrrOxx
cccRRooxx'S
cRRRooXXIIsss
CrrrUZAAADDOO
CrruzzUUeRROO
CCCRRaZZiieeRRROOOSS
cccrrrwtth
cccRRRYY
crYYY'SS
ccRyyBiiibbbeeAASS
CCCrYbaaBBYY
cccRRRyyBUUBBBYY'sss
CCrrYYErrr
CCryyiiiNgg
cccrrYYIIInGSSS
cccryymoooTTTHEErrroopYYY
cRRRyObIOlllOggyy
crrYYOGGEN
CrrryyoogeeeNNOOOccc
ccRRyyaaagonnnEECCALLlYY
CCCRRyooggiiinIcccsss
ccRRyyyoogEnEEcccs's
CCRRYYYEgIInSSS
cRRYeHHyydddRRRaTUUU
CryyOOLLLEEEtiii
ccrrryyIIIlIIItuuuss
ccrryOlllaaaGGGy
ccrrrYomUUTTTiirrr
ccrryyyommmEEttterrrSSS
cRyyyoNNIIC
CCCRRYYYOOnnIIccsss
CRRYYYOOSCCCooopppee
CCCRRRYYooSScaPPuuusss
CCrrrYYossscciiipppyyy
cccRRRyyOSTTTAAATTT
ccrryyUSSTTTatSSS
CCrrryyOOSSUURgEryy
cRyyooSSUUURRRgggURRRyy'S
cccRRyyyooothhuurAAAPPPY
CCCrrYYYpppttt
CCrrrYYYPPPt's
cccrrrYYpTTAAANIIlYsssEEEs
CCCrYpppttAANNalYYsT
crrrYYppptttiinaallYYYTicc
cccRRRyyypppTTaaannuulllYTTiiicel
cccRRYYYPPPtttiCC
CCCRRyyypppTTicccooollllYYY
CCCRRYpppTooonnnAAlllYYYsssUUUS
CCRyyypTTTOOOCCLLassttuuCC
CryPPTOOCCCrryystteellllliiiNNee
ccRRRYYPTOOOGUmm
CRyyypppTTugggAAAmSS
CRYpppTTEEgggEneeecc
cRRypppTTTEEEgRRAAMM
cccRypTOgggRAAAM'S
cccRRRyPPtoogggRRAAmS
CCrryyyPToooggRRUppHHH
cccryyyppTTToooGRRephirr
cccRYPPtaaGrrapphhuuR's
crryppTTooGGrooPhhaaaRRRs
CCRRRyyyPPPtiiiGGrrrAAPhAAAc
crrYPPtogRRiiiPPPHHiicccaLLLlllyy
CCCrrrYPPPttaaGGrrrAAAPPhhS
CryyyptOgggrraapHHHyy
CCrYYPPTTTooGGRAAppphhYY'SS
ccRypppTOOLLLOGGyyy
ccRRYYYpptttUUUmEEERRuA
CCRRRyppTTTaaNNyyyMM
cccrrrYYpTONNyyMeUss
CRRRYppTTTozzzUUUUCC
CRRRyyyPPPttEEEZoooItIII
CCrYYPPtttss
CCCRRRYStttAAL
cRYSSttiiiL's
CCrrrYsssTALiZe
CCCRRRYYYSSTOOLLooZZZEEEdd
CCCRRRySTTTIILLLooZiisss
cccryysssteLiiizzzuuunnGGG
CCCRRYYssstuuLLLLLLIIInne
ccRRySStalLLLiitttaaa
ccRRRYSSStalllIIITTTeesss
CrrYsstuLLllleZattuuOOON
crryyStttaaLLLLLLeeeZZAAAtttiiieNNN'SS
cccRRyysssttOLLLLoooZZeee
CRRyyysssTTTOLLlAAAzzzEEdd
cRyyysstttuulllLIzzaaass
CCCryyysssttellllllIIZiiinnG
CRRRyyysstttAAlLaaaggRRRIIPPHaaaR
CCrrrYYSSSTTAALLLliggrrrAPPHHEErrSSS
crrrYYYstteelllOOgRRRaaappphICCC
CRYStALLLLIIIggRRRAPPHaaaeS
ccrrrYYSTTalllLUUUGGRRROOpphhhy
CCCrryyySttteelLLLOOOUdd
cccRyStUlllS
CRècccHHe
crrècccHA'ss
CCCRRRèCCCHaaS
cccS
cSCC
csssChh
ccctEEENIDUi
CCttOnnooDDDIuMM
CCCTTTeennoiDDD
CCCttteeNoophhAARRRaa
ccctttiiNNNIPhhoooRRAss
CCCeeb
cUUUbb'SS
cubbaaagggEEE
CIIIbattuurrEE
CCoooBbbbIIAAAss
CCuubbByyy
CCCoBBbyhOOOLLEEE
CCCUbbBBBYYhhaaLe'sss
ccubbbbyhhhELEEEs
CCCuuubbbU
ccUUBBBu's
CCiiBaaBB
cccuubbbUUBBSSS
ccuubbbEEED
cccUUUbbbErrr
CCUUUbbUrrr'SS
ccuubbbeeRRS
cccuuBBaSS
cuuBBBiiccc
CCCUUUBicccIIIll
cccAbbbiciiiLLllyyy
cccUUbbiicllee
cccuBIcccLLee'SSS
CeeBOOOccLEEESSS
cEBiiCCAAlluuumm
cUBBBiiiffUURRRM
caaabiiiNNNG
CCCAAABBussmmm
CuuBOSSMMM'S
ccEEEBBaSSSttt
cccuuubbiisssttt'SSS
CuuuBBiSStttic
cccuubbbIISSTTSS
CUUbeeettt
CobbbiT'SS
cccobbbIttEEELLL
cceeBBIIItttiiEEreee
CCCUUbbeeets
CCEEEBBoEEEdd
CCeBoooiiDs
CCUUbbS
ccceccckOOlllDD
CeeeccckoooLd'S
cccEEECCCKKELLDeddd
cccuuucckkilldddinngg
coooccckoLLLDDDrrrYY
CCiCCkkkuuLLDrrryy'ss
CoocckOOldddSS
cccUUUckkAAO
cocKKIIAAA's
CUccKKKOOeeeflllowOOr
CCaCCCkEAAAflllIwwoRRSSS
ccUUUcckkkuuuupaaaNttt
CCCeccKKKooEpppuNNNttss
cEccKKEeSSS
COCCuulefffaaarrM
CCCEcUUULLllluTTTe
CCCuCOOmmmBBIIrrr
CuucUMBeeRR'S
cuuucccuumbbeRRRSSS
CuuccURBBIIIt
CCucciiirBEETTSS
ccOODDD
cUD'S
CCCUUDDbaIIrr
CCedddBBBaaRRss
cccuuuDddiiieeesss
CCUUDDDdllII
ccceDdLLLe'ss
CUUUDDlEEEddd
CCUUDdddLLLooSS
cEDDLLLOSUUUMEE
cAAdDDLiieeer
CCCuuDDdddllooeeeSSt
CoooDDDDLLLAAnGGG
CCCuuDddLLLy
CCooddDDYY
CCCuuuDDggIILL
CedddGeeell'S
cAAddGaLEEEDDD
cUUDDDGGElllaaanG
CCCuuddggEEELLINNNGsss
cccOOOdddgggElLLLaaaD
CeeDDGGeeLLLLiiNg
cccuuDDDggAALs
CCCUDDDSS
cUUDDwweeeEEEDDD
codwEEoodsss
CUUE
cccUUUEE'ss
CCCOOOEEEddd
cuuiiioong
cEeSSS
CoooAAASttta
CCCUUfff
cccuFFFF'ss
cccuuffFFFedd
CCuFFFFFFUUUNNg
CCUUfffFFLLLInnK
cccUfffFFFllIIINNNKKK's
cccuuufffFlInkkS
cccUUffffsss
CCuiinnnGG
ccEuuraaassss
cccAAAiirrasssSaaSSS
CUUURResssIEErr
CCCaIRRRAssssAeers
CuuuIISaanE
CCCuIIISSSeeeNNIII'S
CCCUUUIIsIIINNiiis
ccuuIISSsAAA
ceeeIssssssoooS
CCEkkkeee
CCOOkkkESSS
cccULLLcccH
cUUULaattt
CCUlllExx
cccuLLooCCIIIDD
ceeLLLENNNURooaannn
cccUULuuuNNNAAARIIlly
cccAAALLEENuurYY
cellLLL
cELLL'ss
CCCUllllOOddd
CUUULLLLuuuNDDIIRRR
cuulLLLEEnnDoooR'SS
cccUUULLLandIrS
CollllllEEEr
CUUUlLET
CollLLLOOnGG
CuulllLLLiis
CCEElLLLIIIssseeSSS
CCUULLLSS
CCCUUUllly
cccuLLLmm
CCCeeLLLmmiFFFIRRiiieesss
CCULLmiiNNNIIINNNTT
ccAAALLLmmmiiinnOOTAA
ccIIIlllmmINNNaTTeeddd
cccuuullmmiiNettOSS
CCCOLMIINaTTUNggg
cccUUUlllmmmENNeetttIIoNN
cUULLLMMIInnaaTTuuUUUnn'S
cUllmEnnaaattIOOnnss
CCCULMS
ccuuuLuuuTTTUU
CuulllOOOTTTtttEEE'sss
ccUUULOTTTooSSS
ccuuulllppAA
cccUUUlllpAABBuuLLaTyy
CUllPAAAbbbillluuuTTTy'ss
cUULLLPPAAblee
ccUlllPPPEEEbbblyy
cuuuLPPrAAt
CCCULLPrrIIITT'sss
CUUlllppprrreeeTTSSS
ColllTTT
cuLLTTT'SS
cUUlllTTccchh
CCCUUULLLtteeC
cUUUllTiiigggIInn
cullttIssshhh
ccALLLtAASSmmm
CIIlllttiiisssM'SS
cccAALLLtttiisttt
CEEElllTTTIIISSSt's
CuulTIStSSS
CCuuuLTuvvaaaBBLLEE
cIIILLTTaavaaarr
ccUUUllTiiiVVVaaRRRss
CCCUllTEEvvvItttAAAbbLiii
cccULtavAAAtooo
cUUUlttIIIVVATuuuddd
CCalltIIIVVaattUss
cuLtIIIVaatIInGGG
cciiilllttIIIvaatIIIonn
CilTTTuuVVVAAtttIoooNNN'S
ccaaLttIIIvvOOttIIIOONNNSS
cccuulllTTIIviitOOr
CCCulTAVVVatttor'S
cultttIVVVaattturs
cccollttRRATTTEE
cuuulTsss
CuulllttEEErrIIILLL
cciiilllTUUrruLLLLLLYYY
CuLLtttarrOOO
CCCuuulTuuuRRRaaa'S
CCCUUUlllttURRReeDDD
CeLtttOOreSS
ceeelTTTurInGGG
ccUULTaaS
CCuLvvUUrrr
ccaaaLLLVVeeeRRRin
cccIIlVooRRRtt
CCCuuulvOOORRRttt'SS
cccEEELvvooRRTTss
Cuumm's
cccammmbbEERR
CCCUUUmbbeeRRRAAAdd
CCCuMMBBeRiiNNGG
CCCommBBBEEErrrss
CAmBBBerSSooMMMee
CoooMMMbbberrrSSoomelyyy
CCCuuMbEEErrrssOOOmmEneeessS
CCCiimmmberrSSOMMMeeeNeeeSSS'SSS
CCCuMMMBBRanCUUU
cccEMMBBRRUUUUUS
CimmBBBrruueeeSSnnnESS
CCUUUmiiiNNN
CuuummmiiiNNN's
CCCUmmmmEERBBaaNDD
cOmmmmmIIIRbbOOONNdd'SS
cOMMMMaaaRbbeenDDSSS
cccIImmMMMinnG
CCUUUMMQaaAAT
CCCooommmqUaaTTT'S
ccuMMqqqeAAATsss
cccaMMMss
ceemSShiiw
CCAmmaaLaaTEEE
ccooMMMaaLetttEED
cuummuLLIIItEEES
ccuuummuullAttONNg
cIIMEElllAAAtIIIooonn
CCaMUlAAATiiivvEEE
CCCUUMMUUULLLAATTEEEVViLLy
CCCUUmmUUUlUUtiiivvEnnnuuSSSsss
CCiimmmuuLLLaa
cIIImmmIlliFFOOOrrrM
CCCaMuuuLoNEEEmBIII
ccUUMiiilllOOnnIIImmmbbbuuus
CuMMilloNiiimBBuuuss's
CuMMMuloNNiMBBBUSSSeeS
CCCuuMuuuLLLossstRRRaTUUss
cccUUUMMMUULuuaaasss
ccUUUMMMuuulllUSSS
ccuumUllUss'S
cccUnnCCTTEEttteOOONNN
cUUnnCCCttOOOtteeoonnsss
cccunnEEeell
CiinnUitEE
CIInooifffOORmm
ccUUUnneeeUUUffIrrrm's
CUNNNNiiiLLuuuNcccTTuSSS
CCCIIINNNNNolllIIInnncTuSSSeesss
cccaaanNNNIIlllanGGUUS
CeeennNNIlAAnnGGiSSS'SSS
ccIInnNNIInG
CCCUUnnnNeennnggg'SSS
CUUNNNnIINGiiR
CCCONNNNNiinnnggaaaSStt
cccUNNiNGGLLLYYY
ccEEEnnnT
cuuuNt'SSS
cccaaantttS
cuPPP
CIIIp'sss
ccUPBBuuurrUUrr
CCCopppBEEEaaRRRUUrrSS
ccIIpppbbbOAAARd
CuPPBOOOerrrDD'SSS
CCuuupppbbbOOarrrds
CCoPPPCCiikEE
CCupppccIIKKe'SS
COOPPPciiikaaass
CUPAll
cccuuuPPEEllUUUttEEEEEEnn
CuPaaalsss
cUUppFUUll
cEpfuuuLL'ss
CAAAPffullss
CIIIPPPAAAD
cuuupppiiiDDD'sss
cuuupIdITYY
CCUUppIIDDiiiTTy'S
CCaaapIIIdddsss
cOOppEEEllAAA
CCCuuPuuLLLA'sss
CUPPOOOlleeeEEEDD
CupppOlllaaass
ccuuPPA
ccuppPPAAAsss
ccuPPPeeeDDD
CCeePPPpiinnng
ccuuupPiinGGs
ccuuPPRREEEooEES
ccoooppric
cuPPrrruufffEEEROaaSS
ccUUPPPRRitttuu
cEEEPPPrroooTTTUUS
ccEPROOONIICCKKKeeLL
CCUPPPrrOOOnICCCKKiLsss
CCCupRRIIIAAASSS
CuuPPPrrrUUUM
CCCOPPsss
CCOOOpSSFFFUULLL
cuppUllIIITTTu
cccUpppUULa
cippUUllEEss
ccIIr
cIIIRRR's
CUURRAAAbbALLLIttty
CURuuBeeliitttYY'sss
ccUUUrrrIIIBBBlle
ccUURRRACCCiaasss
CCCUrAACCCYYY
CCCUrACCCYY'SS
cccEEERagHHH
cccUURIIrrree
CCuurIIIrre'sss
CUURRRorrruu
CCCEEErrrAArrraaZeee
CCCURAASSSSOOWW
cooRAsssSOOwss
cURiiiTTTi
cIIIRRRUUTe'S
CCCeeeREtteeD
cccUrruutuS
ccciiRRRetttinnnGG
cccuuuraaattIIIInnn
CUUURRRaaaTEEEVu
currutttIVee'SS
CCCerrrITTiiVVILYYY
cciRReettivvEEs
CCCuuuRRotteeeRRR
cccoooRRRAAttaaaRRR'SS
cAAraaTTTOOORIIooolll
cccuurratttORRRss
cccUUUrrAAAtttOORRRSSShhhiiPPP
CCCuuuRAAATToooRRSSSHHIIPPPS
CCCUUUrrrAAAçaOOO
CIIIrrbb
cccurbbb'ss
CCCUUUrrbbuDDD
CUUrrrBinnng
ccEEErbaNGG'SS
CCUUrrBBBss
ccuuRbbsIIIDDDuuu
CCCUUUrrrBSTTOOnnU
CUURRbbSStONE'SS
ccUrrrbstttOOONNaS
cArrCChh
ccORRRCuuLLOOooo
CuRcIIImmmAAA
CCURD
CCIIIrdd'S
ccUUURRDleee
CuRRRDlaaadd
CCCaaRRRDlEEs
CCCUURRRdLLLIInnGGG
cccooorDs
cccuRRdY
cuuRAA
ccerrrEE'sss
CCUUreeDD
CCCURREEEllleeeSSsss
CCURerrr
CCuurEEEr'ss
caRRiiRSS
CCUreeS
CiiirEEEtt
ccIRuuuTTS
CaaREEttttUUGGEEE
ceeRRRettttttUUggE'sss
ccUreettTuuu
CCiiRIIITTTTTEss
ccuuurfffIIww
cooorrrFFFOOOWW's
cUURFUWWS
cAAAruuUUU
cccurrrUuuu'ss
CCurrriiAu
CaaRAaaLL
cEEErreeu
CCCuuurrAEE'S
cUUURIIIeeS
cccUUUrriiinnnGG
CCCuRRRiii
CCuuurrrIEEE's
CUUURIIAASSS
ccURIoooSSaaa
cccuuRRooaaaSSitttIIIASSS
CCuRRIIuuusssiityyy
ccUUrrrIIIoooSSSUUtttY'ss
cccuRRRIIois
cIIIrIeeUUssLLyyy
ccAArrIoIsssNNooSSS
CCAAARRRIAAAUUssNNNUUUsssS'ss
cccOrrIuuuMM
cccUUURIIIAAm'SS
CCUURRRl
CCUUURRll'SSS
cccUURRLLeeDD
curLeeR
CCUUrLLaarrr'S
ccciirrLEERRss
CeeerrrlEEWW
CCUUUrrLLLeeew'SSS
CCIIrllluuuWWWS
ceeRRRliiCuueee
CCCUrlIICUUUu's
ccURRLLLOOOCCUuuD
curLLLuuuCCCuuuiiiSSS
ccuuRRRLiCCuuIIINNgg
cccaaaRRLLaaeeer
cccUrrLLLeeeAsst
CCCUrrllinnnooSSSsss
CurlANNNEEEssssss'ss
cUURRRlllIIINg
CCCIRlennG'ss
cEEERRlpUUPPEER
CCCUUUrrllls
cuuRRRlYYY
cUrLYCCCaaaO
CeeRRRlyyycUUEE's
CuurlllYccIAAsss
cUUrmmmoddGUOnnn
CuuurrrMMuuuDGiiuN'SS
CUURRmUddgAAAooNNllIInnneesssSS
CuuurrMUUddGGGIIIAnnlllyy
currMuudddGGeeeoooNNss
cOOOrrrrUjjjOOnnnGG
cErRAANNt
cUUURRRrrrAAAnnTTT'SSS
CCURRRRRaNNtttss
CCUUURRrrreennccIIIss
CCUURRRreeNCCyyy
CoorrrReNCCy'SS
cciiiRRRRRREENNNttt
CCCEErREEEnnnt'sss
CCAARRRReennTTlY
ccuuuRRRRREENNttneeeSSSS
cuuRRRrrUUNNtNOSSSees
cccUURRRRREEEntsss
ccURRRRRiiiCCClo
cAARRRrIColllu
COOOrrIIcccUUUlUUrrr
cccUUrrrrrraaCCaaallUMMM
CCIIrrOCUUULUMMM's
CCooorrrrAAAcccaaaLLammS
cccurrrIIUUD
CCCOOOrrrruueeeR
ccuuRRrrrUaaaRRYYY
CURRIIIuS
CORRRREsh
COOrrrrrYY
CCuuRrrrY'SSS
CCiirrrRRRYYYcIIImBBB
cccurrRYcccIIImmmB'SSS
CCuuurrrrrryceeMBBBuuuddd
CCCuuRRrryCOOOmmbbbiinnnG
CuuurrrryyyCCOOMMBSS
CaaaRRRRRRyyaNNg
CCeeRsss
cccAAARRssooo
CCURSoo'S
CorSEEEd
cccUUURRSaaddLLLyy
CCCuRRRssIISSS
CuurrrSSSiinGGG
CoooRsssAAVEEE
cOOORRSSSiivvvEE'SSS
cUUURRRSSivOOOllY
CCAARRRSSuurrr
CooRRRsssir'SS
cARRRsssIrrreeIIIL
CORsooruuuLLyyy
cooRSSeeeRooNNNAAAsssss
CCCUURRsoooRooNeeesss'ss
cccUrrrsseeeRRS
CARSOOrryy
CCCaaRRRSStt
CCuRRttt
ccuRRRTOOOiLL
CuRRttAillEDD
CCCUUURTTTaaaIIILiiiNNNGG
CUUUrrtttUUUIlMeeeNNttt
CurrrTTaaiiiLLLMMannTTT'SSS
cuurrTTOOOAAlMAANNNts
CuuurrTaaaLLLsss
CCUUURRtttOiiNNN
ccUUUrrTTTAAiiinnn'SSS
CCeeerrrtaainnniid
cuuuRRRTOOOAAAnnaNNgg
cccUrrTaiiNSSS
cEERRRTALL
CCCURRttaaTe
CCCUrTTIr
cccORteSt
CCCURTTTIIILLAAAGGU
CCAArrttllyy
cccArrrTTnEEEsssSS
cciiirrtNNNeeSSss'ss
CoorrrttsUUyy
CCCUUURRTTseeYYY'ss
CCEEErrTTTSSSeeeYYYEEdd
CURtSSSeeyyiiiNNggg
ccoRRRtttSIIYss
curtsiiuuuddd
cuuurrtttSSaaaISSS
CCCooorrrttSSy
CARRRTTssY'SSS
CCCErrtSyyuuuNNG
CCCIIrruuuLOOO
CCCuuRvvAcccEoouuss
ccceeRRRvvecccEEEEEOsnneeSSSSS
CCUURRvvvaaaccAAooOOOSSnEEEsssss's
ccuuRRRVVaccIIIIIIaaSS
CCCeerrvvittteRRREEE
CuuRRRVaTTuRRRAAA'ss
CCCurrrVatttuurrEEEss
cccUUUrvvEEE
cccuurvvva'SSS
CCoorrrVVuuddd
ccceeerrVisss
cUUrrvvEtt
ccuurrvEEETTsss
CCCiiirVVVEEtttTTEEED
cOOrVVeettTTTIInnggg
CCCuurvvOOOOOrr
ccEEErVVIusT
CCCuuRRviiiLLLiNNNEirrr
cUrrVIInnEESSSS
cuuurrvvvannnGGG
CooRvvvy
cAAsEEECC
CCAAshhhattt
cUSShaatSS
CCuuuSSHHoooOr
CCUUUshhhIIoooSStt
cuuSSShhhIINNUUUssssss
CCEEssshhooooonnn
cEEssshIIIonnn'SSS
cccUUSSHHHioooNNNUUdd
ccUUShiiiOOONNNIInggg
cccOShiiiOOONNNSS
CoooShEEEOOnyy
CCOOshhYYY
ccuuSkkk
CCCoSkkS
ccUUSSP
cUUUSSSpp's
CCCuuSpATTUUU
CCCIIssPPPuuuD
ccISSSPPiiid
CCiiiSSPPiiDDD'ss
ccUUSSSPPUDDEttee
ccuuuSSSppIDUUTEEeeeNN
ccuSSpiiiDDOOttiiioNNNS
cccoospIddEr
CuuuSSppiiiDooR'S
CCCuuussPiiiDDOOrsss
ccAAASpIIIddSSS
CCUUSpSS
cuussSSS
ccisss'SSS
cciiisSSEd
ccUSSssUUUddLYYY
ciSSSSSidNNeSS
cUUsssEDDDNNNEESSSssEES
ccuuSSSeess
cceeSSSIIng
coooSSStArrrDDD
cccUUUSSttuurrrddd'SS
CuuuSSStIRRRdSSS
ccooossstooodddiiAALL
cccUsstEdIAnnn
ccuuusstoooDDiiiaaaNN's
CCCAAstOOdIIIEEEnns
ceeesTooDDDAAAeeennnshIIIpp
CIISttIDDDUANShuuuP's
cussTTTodYYY
cccuStttoooDDYY'S
cccessTToom
ccuuStttEM'SSS
CCCUstttamIIIBBLI
cccUUSTooMMMarrriiiLYYY
CCuusstttIImmORRYYY
CUUUSTOMMeR
cUSTTTEEEmooorrr'SS
CCEEEssToMMMOOOrrrs
CEEstIImmHHiiUsE
caastiiimmmhoOOOsEE'SSS
CussTiMhhhooUUsssAAAS
cisssTTToomIZZZiToOOON
cceSSStttooomUzzzAtttAAAoonnn'SSS
CuuuSStommIIzAAAtttiiIIINNS
CCuuSTOOOMIIIZEE
CCOsTTTEEmIZZEEEDD
CUSSttomizzeees
CCuuusTTTUMMMiizzzIIInnnG
ccuuuSSSTTToMMs
CCuuussstIs
cccuuSSTTTuMMOOLL
ccuttt
ceett'SS
CCCuuTTTaaNNNeeOOOESS
cUUUTTeewwaaaY
ccItUwOOOy's
cUUTTaaawwwAAyS
cccuuutttbbUUUCkkk
cccEEttbbEcck'SSS
CuTTTBAccckS
cccoTTch
CCOOOtttCHEERRRy
CotttchIIIsss
CCUUUtttE
cccUUtttEEELLLyyy
CCCeteeeNaaSSS
cceeteeennnIIsss'ss
cccaaTTeeeR
CCuTTEEESSSiiiAArrr
CCCAttteesiiEst
CUUUTTIIIsT
CUTeessyy
CiTTEEYYY
cccUteYYYss
CUTTTiiiccLLLE
cccEEEttICCllle'S
cccutttiiiccllliss
CCUUUTTiiiCCCaaLa
cccUttiCCAAALaaA
cccUUTIIIccUUUlaarr
ccOOOtttiee
cccUUUttAAA's
cccAAtiiISS
CCuuutttIIN
CuuuTENNIzE
CUUTIIISSS
cUUUtiiiSSSOOOSS
CCCUUtttlASs
cuuuTTTllluSSs'S
CoootLLLaaSSSsuuuSSS
cccUTTllEER
ccuuuTLerr'ss
cccUUUtlllEERRRSS
cUUUttlEERRY
cIttlleerrYYY'SS
cccUUUTTllAAtt
cIIITlleeeT'ss
CuutttLaaatS
CUUtOOOFFFFFF
CCOOTOfffFF'SSS
cciiTTOffffss
ccUUUtooUUUttt
caaatEEEUUUT'ss
cccUUUTTToouuuTSS
CCuTTTPPUURssIII
CCAAATPPPIIIRRRssooss
ccITTSS
CCuTTTTTeeRRR
cuuuTTTTuuur'sss
cccoTTTTerrss
cEEEtttttthhrOaat
CCCUtthhrIIut'S
cccuuttttthhrruuIIItts
ccUTTTiiinGGG
ccEtTTAAAngg'SSS
cccaatttTTEENgllyyy
CCAttTTiNGGSSS
CCCIIITTTtlE
ccUUtttTLLLeeBBANNNe
cccOTttllleefOOOSSHH
cccUUTTTTLLaaFuSSH'sss
CCuttTLLaaFFAAsssHiiis
CCUTTTTlllIIs
CaaTTTTYY
CCiTTAP
CuuTTTuuup's
caatuuuppS
CeeetWWattteeeRRR
ccIIItttwwwOORRkkk
cIITTWWOOrrrKSSS
CuuuttWWWooRRRm
ccceetttwweeRRRM'ss
cuuttwwwarrrmmmS
cccuuVVVOTTTtttee
CCW
ccWWWM
CWWWMMMSSS
ccYYYUnnn
ccYYaNNN's
CYoonAmmmiDDDEE
cccyyAnAAAMeDDOOOS
CYYAAAnnnAAATTuu
CYYaneeOoS
CYYYIIInIICC
CCCYYYaannOOOdOO
CCCYYYIIINuudddEE'SSS
cyoooNNAnnnEE
ccyANooTTA
ccyooNOccOOBoooLLaMMIInnn
CCYYYUUnnnoccoBBBAlAAAMMiinnss
CCCyyAAnnOOOGGEEEnnn
cccYYYAnnOOGGEnnnss
ccyyiinnnOhYYYDrriNN
ccyyOnnohYYdddRRRIINNSS
CCYYENOOOSeeeS
ccyyyEEnOSSOOOS
ccYYEEnnnIIttAAAc
CCCYYAAAnoooTTTyyyPe
CCCyaaTTThhhoSS
cccYbbuuuRcccAffé
CCYYYbbIIIRcciffés
CYYYBBoorrrNNNAAUUttt
ccYYYbbErrrNAAttiiccc
ccYYYBBUUURRRnEEtttiiiCCEiN
cccyybbbOrrnnuuTICIssttt
ccyybbbeeeRNEttiiCCCS
CCYbbEEErrNNeTTTIcsss'sss
CyBBEErrpoonnnK
CCCYYYbbarPPuuunnKK's
CyyBBBUUrrppEEEnnnksss
cyyyBERRSSSPPaCE
cYYbbEERSSppaaCCCE'sss
CCyBBArrrGGG
CCCYYYBoooRRRggg'SSS
cYBBBeeeRgsss
ccyCUD
CCyCCeeddss
cccYYYcclaMMMAAATe
ccyCCLLaMAnn
CYCCCLoMMMeeeN'ss
CCCyyyccclluuuMMMaaaNNNS
CYYYCCCLOOO
ccYYccllEEE's
CYCCCLLLooDD
CCyycccleeerrr
CCCyyyCClES
ccYCCCLEEWWWAAYYY
CCCyCClleeewwwayS
CCCyCLIIC
CycccLLLiiCalll
CyCCCliiCaalLy
cyCCLLLAAAccciiiLSSS
cyyycLLiiclllY
CCCyyccclllinngg
cccYYYCCleNNNgggSS
CyccLLiSSTTT
CYYcllliSt'sss
ccyccliiSSTTS
cyyCCLLLUUGGRRRUUUPPh
cccyyyCllOHHHeXXaane
ccYccLLiiiidd
cYYYcLuuuiiddss
CCYYcccllOOMuuuteer
CCCyCCCLiimmiTTTER'SSS
cccYccLLLaaMMUttoorrss
ccYYYCCCllooNNe
CCYCCLLOOONNuu'ss
cyyCCLiNOOOS
CCYYYccLLooNNocc
CCCYYYCClllOOOnIttti
CCCyyCLLLaaPPPEeDaiii
ccyyccLoopppAAAeeddIa'SSS
cccyyyccLOPaaAAAdddIoooss
cyyyCCLOPiiRAAAFFin
CCYYYclllAPPPAAADDDIIIA
CCyycccLLEEPPPuDIIIa's
cccYCCllooopppAAAdiiaS
cYYYcclliipppooNNNttteennnaa
cccYYccLLOOpppUUsss
CCCyyClipLLeeeGGGiiia
CCYYYcccLLLEEppprOOppUUNE
CCCyyyCCCLLLOOpppRoooPaaaNNEEss
cYCluPPS
cYYcLLLaPss'SSS
ccyyyCLLuurAMa
cccYccLLLARaaMMMAAAss
CCCyyClOsoS
CCCyyyCClllIISoooSSS
cyyyCLLooossPPPaaarrruuuNNIII
CyyyCllASSSTTooMMMII
cYcccLUUSSTooMMMiSS
CCCyCllUsTTTYYLLLeee
cYYCCClllOOSStyllluuuD
CYccllUSSSTTYLeS
CCyyyClAsttylinnGG
cyyCCLLOthhyyMMIIIaa
CYYYccclllooothymIIIooSS
CYCCLootttrrrOOONN
CYYYccLLiTTTrrUUUNNN's
cccyyyccLoTRRUUnnnS
ccYYYggNNEETT
CCyGnnett'ss
ccYYYgNOTTS
CCylllinnndddEr
CCylllInnDDDEER'S
ccyyyLLLIINDDeeeRRsss
CCCYYYllUUUNNDDReeeCCALL
CCCYYYLLINNDDDrecAAllllllyyy
cyylllINNddROOID
cYYLLLiiiXXX
CCCyyyMII
CCCyyyMMMar
CymOOS
CCCYYYmAATTTAAEmmm
ccYmmAAATTiUUMMSSS
cYmmBBAAAl
ccYYYmmBBBIIIll'ss
CCCyymbbuuuLiiiSSTTT
CCCYYmBBaaLLLuuusssTTT'S
cccYYmbAAAllAAsssTS
ccYYYMBBBaaaLLss
CCyMMMbbiffUrMM
ccyMee
cccYYMMuuNNO
CYYYmmmiiis
CCCYmAAAGEEEnU
cymmuuGGRAAAppHHH
CCyMMOgRUUPhhSSS
CCyymmOOOIIdd
CYYMMOOPPPHHHAAna
CYYYMMOSe
ccyyyNNNICCC
CCyNNNiiccc'S
ccynnniiCAl
ccYNIccaLLLLLYY
cccYYNNNUcccusssM
CCynEECIIISSSmm's
CCCyyyNNNIIccs
cccYYYNNooosssiiiRRRE
CCYYYNNooSUrrE'sss
CCYYYNNOSSSurrUS
ccyyPARRRiiCEOUUUs
CYYYPPPhOrr
CypHaR'S
cypppRRRosssss
CYPPPRREEESSSss'sss
CCCYYPPriisssSSSeees
CCCyyppprrinniiddd
CyyyprrinIIdS
cYPPrrrEEnnnoooDennnttt
cYppprrrInnnOOOddOnnTTs
CCyyPRROOONUooDD
CCYYYPRRRAAAPPEEEdddiiium
CCyPsuuulEEE
cYYST
CCCYYYSST'ss
ccYYYSStEEECTTOOOmmmyy
CCCySSStEEeeennne
ccYSSSTTTEOnEss
cccYSSttIIICCC
cYSSTTIICEErrrCCCOiiddd
CCCyySSttIIIccceeerrcccUUUss
cccySStIIINNNee
cYYYssttoneesss
CYYYSSSTTIttAAddes
cyysTTiiiTTIIIss
CCyySStttooocAAArPPP
cYYsssttOCEEELLLUU
CCCYYSSStoooccEELLLEsss
ccySSTToooed
cccYYYSTTooLLOTTThh
CCySSttOLLiTTThhSS
CCCySSSTTEEsssCCoopUU
cYsttAAAtOmmmy
cyySStttS
ccYttassstttEEr
CCCYTOOCHHHEEEMiSSStRRy
CCCYtttaaCCCHHHrrrOOmmeee
CyytOOOGGGAANessEEESSS
cccyyTTTAAGGGeennEESSIss
CCCYYTTToogeeeNNEEETTTICS
cyttOkooNNNeSus
CCCyyyTTTOOlOOOGGiiC
CCCyyyTTTAAALLLOGiiccOOL
ccyTTOOOLOOOGGGIsT
CYYToLLeeeGGuuSStt'SSS
CCyyytttOOOlloggIsssTs
cyyTTTOOllloogYY
ccyyttolllEGGGy'S
CCYTTOLLYSSSuuus
cccYYtttAAAlYYsssAAAN
CYYtIlyySSSOsss
CCCYTINN
cccYYtttOPLLUUSSMM
CCYYTTTAAAPPLeSSmm's
CCYtiPllAsssMUCC
CyytttoPLLLAST
ccyyytttiSSSeNNNee
CCCYYttasEEnnaaa'sss
ccYYTTOtttEEExxoNNuuuMY
CCCYYttOTTTuuuxxxIIC
ccZAr
cZEEEr'SSS
CCzzAAARdAAs
CCzzaarrDDDOMMM
czzeReeevveTTTCCH
ccczzzAARRREEEVVVnAAA
cZArrriiinnaa
ccczzAARRRooNNo'SS
CCzzzaaRRRiiinaaS
cZZZoRRRISSMM
cZZAAARRRIIssTTT
cczzzeeerriSttt'SSS
ccZZZaaaRRRosTTs
czzIIRRs
ccóRRduuuBa
CCCóRddObooSS
DDD
dd'uurrrUUUzzzUUU
ddd'esTaauNggg
ddbb
DDDaaaBB
dOBB'SS
DDUUUBBBBBeeD
dAAbbBBBOrr
DiibBaaaRR's
daabBBErrSSS
DDubBBBINGGG
DDDOOOBBBBLLa
DDaBBBBLLLEEEd
ddebblluuuRR
DDDAABbbLiRR'SSS
dObbbbbbLEEErSSS
ddduubbBlEESSS
DDebbbllAAnnnGG
DiibbCHHHaccck
DDAABBCCCHiiiCCKS
DAbbS
DDEBsTTTUrrr
Diicooo
ddAAcU'SS
DDDaceees
ddAACCChhA
dddAccHHO'SSS
dddAAAcchos
daaChhhssshaaaNNd
DUccchShiiinnddd'SS
DDDoCCChhssHuuuNNDDSSS
ddAACCEIIIttt
ddaaacccoooIIITTTAAAUUUSSS
daaacccOOEEETTTS
DACCCOittYYY
ddACCCtyyyLL
DDiiicccTYYYll'SSS
DDAAAccctyLLLUUUcc
DDDUUUCtyllliiiccc'SSS
DDDIccttYYLIIccss
DDDaacTyyyllIIGrAMM
ddAActYllluuggrrooPhhhYYY
DDDaaacccttylALogggYYY
DDAActttYYlS
DDOOOdd
ddduDDD'sss
dddaaDAA
DDUdddiiiisssmm
DDDIDDaaaiiissmm'SS
dAAAddIIessTTT
daaaDDaaAAst'ss
DDDAADAiSSTsss
DDUdaSS
dddeeddDDDIIAASSS
ddaaDDDDDY
DDuuuDDDDyyy'SS
DDDadddo
DDeeeDDDOO'sss
dddaaduuiiiSSS
dddAAADoooSS
Deeedds
DDAeeeMMMen
DDDIIIEmmONNN'SS
DaaOOOmmonnnIccc
dddaaammmEnnnSSS
diiiFfff
dafFiiiUURRR
dduufffIIaasst
DDaaaFFFFAALLLyyy
DuuFffiinnAASSSS
DAAAfffffiiinneeeSSSSS'SS
dddufffffiidddUl
DDDAFffodddiiiLLL'S
DDDAAAFfooDDDOOOlls
ddduuufffY
DDDAAFt
dddAAAFttuuRR
deeeFFtteSSSttt
DDIIIFFFTly
daffTTnnaaaSSSS
ddAAAfTTneSSsss'sss
ddaagg
dddeeGGGGGGeerrr
DDAAAGGGggerr'S
daaggGGGooorrBBBUUUEEErrdd
dAAGGGGEEERRRSS
DDAAglOCCCk
dooogggeee
DDDAAAggooobbbaaa
DAAgoUS
dddAAAGoooSSS
DDAgggs
ddaGaaErrRRUUUoootttYPE
dAAGGGueRRRRReeeoooTYYYPPIII'SSS
dddaaGEEEErrruuuiitYYYppEED
ddaGGGUUUiiirrrrAAIIttYPes
DUGooeeeRrrraottYYYpppiinng
dddUgUUEErrRRRottYYpppE
DDAH
DihEEEbbEEIHH
DDAAAHHHL
ddAAHllliiaaa
DDDEEhhLLLIooo'SSS
DDDIHHHLLiiiasss
DooHlllSSS
DDAAHHSSS
ddaaAAAKKOOOnn
dddUUIIIKaaNNsss
ddAAAILiEs
DDAIlllIIInUsS
ddaaiLLLanusss'SSS
daaoLLy
ddOiillYYY'ss
DDDUIIIMMiiE
DDIIIIMOOnn
DIIiiimOOnnsss
DeeIIIMMyyyIII
DDDoooiiinnntttAAuuRRR
ddAAiNNTTTIIiiiSS
DDIoonnttaEEEsttt
DDDAAAIINTeellYYY
DuuuIIINNNTinneeeSSSSS
DaaANNTTiiiNNeeSss's
deeeoNtttyyy
dddAAAiNtYYY'SS
DDaiiiQUUiirrII
ddiiquiRRREE's
DaaauuuQQQUiiiRRRaaass
daaaIIIrrriiEs
dddaaaIRRRyy
dddAiirryy'SS
dddAAAiiirYIInnnGGG
DaairrrYYEENNggg'S
DIEERRYMooiid
DAAAIrrYYYmAAAuuudd'sss
DDDEEAAARYMMMeiiiDDDSS
DDaIIIRRyyyMoon
DOOOiryymmAAANNN's
DDoiiirrYMIIN
dddAAaaRRyyWWOMMMaaN
dAooRRYYWoMaaaNNN'SSS
DDDeeIIIRYWAAmmmEEn
ddAis
dAiSSS'S
dddEEuuSSSeeSSS
DDOiiSSHHakEEE
DDaaaIIssIIIEEEs
dddaaaiiissYY
DeIssy'SSS
Dekk
DaaKsss
dalllaSSaaa
ddIlUUUsssUUUs
dddAALi
dALaaa's
DDDaalEEsss
dddAlllAAsmmUnn
daaLEEsMMMEEn
dALLLEEETh
DAALEttHHSS
dAAAlllllluANNCCCee
ddALLLLLLuuIIInnca'ss
ddAAAllLLiiiInnCCCUUsss
ddAALLeeed
dILLLiAAR
DDaalLLLiiiIIrr'SS
DDDeeellllIIERRRs
deellEEAAS
DaaalllLLyyy
DUlllllyyIIngg
daaaLmmaaTTTuIIInn
DuuuLLLmeettIIAN'ss
DDaaalMMooottiiiaaNss
dddAlllMaatICC
dalllTTTEEnoooSSMM
dIILLLTTEEnISSSmmmS
DaaM
ddaamm'SS
DAmmiiGGGU
ddduMMMaGGGaa'SS
DiiimAAAgggAAAaabbllAA
duummAAGGeeedd
DDaaMMMaaagguuuss
ddAMMMogggASSS'SSS
Daammmogggonng
dddAAAmmmAAGuuNNgggLLLy
DDDaaaMuuNNN
DAMMMaaR
DAmAAArs
dddeMaasccceeNEEE
DDDammmeeSSCEENNuuddd
DDaaaMMoSCeeeNuuus
DDDAAmmaasceeenIIINGGG
DDDUUMaaSSSkk
dddAMMMOOOSSKK'SS
DDAAMAASKKeeddd
ddammmASSkkIIINggg
dddAAMMMosssKS
DDDAAmmEEE
daammmu'S
ddOOMMMeeeS
DAAAMmmmaar
DDDaaMMMArrss
dEEmmmUUUdd
dddUUUMMMmmIIIngg
DAmmmut
DamNNN
DDAAAmmmnnn's
DAMMMNaBBBLLUU
dddAAAmmmNNNEEEBBlllYY
ddduuumNNNEEEttIIOn
DDaaMMMNNNOTTTIIoonn'SS
DDDuMMneeeTToorrryyy
DAAMMNNdostt
ddUUUmnnneddd
DAmmNAAAdddOOsstt
DDDoommNNiiifffYYY
DDDAMNNNiinGGG
DaammnooonnnGGlYYY
dddooomnSS
DDDAAmmooIsElllLLo
DiiMMOOOIISSElllluuuSSS
DOOMPP
DDaMp'SSS
DDDEMMMPPiddd
DAAmmpoooNNN
dAMMMPuNUUUdd
dAAAMMppeNNNEr
dddAAAmmmPPPeNNOR'SSS
DDAAMMppONIrsss
DaaMMMppaanniNG
diiMMMpEEEnSS
dAMMPPIRR
dddaaaMMPPPEEERRR'ss
DDAAAMMMPPOORRss
DDooommpiiisT
DEEMMMPEEnnggg
dAAmmmppeSSHHH
DammmPPPlyyy
dddimppnnnEEEsss
dddaaaMMppnaaasSSS's
ddiimmPpppRRRooooFF
DDammmPPS
DDDOMsss
DaMsssoolll
DiiiMMMsssEEELL's
DDIIImmsELfffUUUSHH
DeeMMsIILFLIIeeeS
DaMMssselllFFLLLYY
DaMMsolfffllyy'S
DDDUMMMSSeLsss
ddUmmmsooN
DDDAAAmSSSeen'S
DaaaMsssooonnnSS
DDooonnnCCCeee
DAAAnnCiii's
DDaNNceeeIIIbbbLO
DDANNNCOOOD
DDDIINCeRRR
DeNcoooRRR'S
DDDAAncEErrrsss
dddAAnccooSS
DDDannncceeTTTa
dddaaancccIINGG
DDuuNNcInngg's
daaNNNDDDollliiiooNNN
ddEENNNDDDEElllIIIEEENN'sss
dddaaaNNNddUUULEEuuuNNNSS
DDDAAndddeerrr
DDunnndddaaarrr'SS
daaannDDOEEErr
dddAAANNDDIIIess
DDDaNNDiiiesssT
dAAnnDDuuFFIIEdd
DDDunndIIIfEEUUUss
dAANNNdEEfyyy
DOONDDDifffyyinggg
DDDinddiiiPPPRRRAATT
ddEnndddlllu
ddaanddLLODD
DiiiNDDDleees
DaNNDDLLLINGGG
ddaaNddRuuufF
ddaaaNNdrrrOOfffF'SS
DDDaNNdddRRUUFFFFFFY
DDaanndddyy
DOnddyyy'SS
dAAnnnddYOOOSSmm
DDDENGG
DDDeeennggUD
DaaNGGGEEERR
DDEnnGeeR'SSS
ddOOONNNGGGeeeRooouS
DEENGGGEErOuSLLLyy
dddAAANNNggguuuRRRUUUSNNNuuussss
ddAAAngAAriiiessnneeeSSSEEs
dAAANNGArrrSS
dddANNGGGOONNGGG
DDDAAnnnGGGllEE
dAAANgggLLeeD
DDAAAnnGGGlllEEr
ddAAANNNgllIIIRR'ss
DDUUNNGGlirrrss
DDOOnnnGGGLLLiiSS
dddEnnnGLIIng
dddUNNggs
ddaaNNIO
DDAANNIISSShhh
dddaNNiSHHH'S
ddAnasshOOOs
DDaanKK
DAANNKorrr
dduuuNKKKessT
duNKKLLLy
DIIINKNIssSSS
dAANkNeesSSS'sss
DDAAnSSSiiooRRR
ddOONNSSSeuurrS
dddannnsssEuuuSSSEEE
DDOnnssaussee'ss
dddaaannnSIIIaasseSS
DaaPPP
DDaaPHHHnE
dddAAAPhhNNaS
DaPPPPPPeeRRR
dIIIppPPPEEErruuurrr
DDDAPPPeeRRREEStt
dOOOpppPeeRlllYYY
DaaPPPPPeerrNNoossss
DaaPPERRnnAAAsssssees
DiPPPPPlaaa
DAAAPPPpLLUUU'ss
DaaPPplllOODDD
DaaapppPPPluuss
ddAAPpliiiNNNgg
DorrbIASS
dddUUUrrEEE
DDDAArrrooo'sss
DDaaaRRREEd
dddAAARRREEEdeVVooLL
dOOOrreDDOOviil'SSS
DDDAreDDDEEEvvOOOlllrrrY
daaarrrooDDDEEvalllRRRyy'S
darrriiiDDDIIvvIILSS
ddARRReDDeeeviilTTriEEES
daREddevvvEElllTRRRYY
dddAAArreerrr
DAAARIrr'SSS
DAAArerrrS
DDDaaaRASSS
dddaaarESSSAAAyyy
dddiiirg
DAAArrrIIIccc
DDerrrunnnGG
dIIIrrAAAnnGG'SS
dddaarrrIIINNGGGLLLy
DDARRRInnngNEEESSS
ddaaRRRoooeeeLLu
doorrrk
ddUrrrKKK'sss
DArrrkkAnnn
ddAAArrKKKEENNEEDDD
dORRRKKEEENNNeeerrr
dAAArkENarr's
DDAAARRRkiinnnIIrrrsss
DAArKKIInnniiinGG
DDDAAARkkUUUNs
DiiirrKKiiiRR
DDDirkkeeeSttt
DDarrrkuuuEEE
deeRRRkIEsss
ddARRKUUUShhh
DDDeeRRkklllOO
DarrrKKKllIInngg
daarrkLLLYYY
dddIRRRKNNeeSSsss
DOOOrKNESsss'SS
dddaRRRkkkRoooMM
ddArKrOOOOm'SSS
DAARRRkkkrrrOOEMMsss
DIIrrrkkSuuMaa
daaarKKKy
DDerrrLLLINgg
DaaRRRllAAANNNgg'SS
duurrliiNgggsss
dddARRn
DDAAArrN'S
dddaaarrNEDD
ddIIIrNEEEDEEERRR
DDDAArrrNNaaDeSSSTT
DDooornEEEl
derrNNNEEELLLS
ddAAARRnneeeR
dAARRRnnaaaR'SS
DerrrnnUUrSS
dddIrrrNuuung
DDDArrnnInGS
DDDuuRRRNNsss
DDeeRtt
dddaRRTTT'ss
DaaaRRTTTBooIRDD
DiRRttbbaaaUURRDD'sss
dddArrrttbbbOOOaRdds
dddaaaRRRttIIIdd
DAAArrttaar
DarTTErrr'S
ddArrrtEEErrSS
dddIRRttenngg
DDeeRTTTss
DDDaaaSHHH
DeeeSSSH's
dddaasshhhBBBooArrrddd
DDDAAssshhhBOaaRDD's
DDDaaSSShhbbbOOEERRRDDDSSS
ddAAASShhEEDDD
DiisHHEEEEn
dAASSHHHeeennSSS
ddIIISSSHHHEEERRR
DasshhhIrrr'sss
dddASSHHHeeRSS
dddasshheess
dddaaaSHIIIkkIII
DDDASShhhiiikkAAA'SS
DUUUssHHIIKKIIss
DDAshhhIINNNggg
DessshiiinngggLyy
ddIssHHppiittt
dAsttarrdd
DASSStAAArrrd's
DDasTTTAAARRdlooonnOOSSSs
ddduuusTTURRRdddLLLuuuNNESSSss'SSS
ddAsssTTARRRdddllYYY
DDIIISSttAARRdSSS
dddAAAssYArA
ddUUUSSYYYuREESS
ddeeTU
ddutaaBBBANNNK
ditaaBeeNk's
DDUTTaaaBBAANNNkkSSS
ddaTAAAbbbIIssEE
DDaaTTABBBASSII'S
ddAAAttEEbbUssiiss
DaaTiiBBBlE
DDDOttteerrry
DDITCCChUU
dddattuu
ddUUUTE'S
dAAATTTOOOAAAbbLLLa
DattteeebbbaaOOkk
dUttuuuBBouuKSS
ddaateeeDDD
DDDuuuTTTeeeddNNNEEEssss
dATTeeLLESsss
DDDaaTTEEELIInEEE
DDUTUUUllIInnne'sss
dddaaTilllineedd
daaTooLLiinnnEss
dUUtttIILLLaannIINg
ddiiTTErr
dUtaRRR's
dddeeeTTTErss
DDDAAAtttOS
dddATIInnnG
DDattiiiVU
DDDatoVVU's
DaatAVUUUs
dddattto
ddEEETOOllOTTTee
dddUUttuMMM
dddAATTTaamm'SS
DDATTuuuRA
DDDAEBBB
dAAAuuubb'SSS
DDDAAAuuuBe
ddAEEbbOdd
dddaaauuuBBBEERRR
ddEEEuBBBiRR'S
dduuueBBuuuRRRsss
dAAAUUbbbErYYY
diiiuuubbIInnng
ddAAAAAbbbSSS
DDiiiiigggHHTTEERR
duuuOOOGGGHHHttteeer'sss
dddaauuuggHHHtaaRRLYYY
DDOOUUUgHteeerrrSSS
DDDAAuunTT
ddEEuuNNNttteeDDD
DEuuuNNtIIINGGG
dddeuuuNTTTuuuNGGGllyyy
ddaiiNNTlllaassss
DDDeeAANNNTTleeesssSSLLLY
DDDAuuunntttLeSsnnnAASSss
daaooonnttLLEEESsnneeSsss'ss
DDiiiUUnnnTTs
DOOOuuPHaaNN
ddAAAiiPPPhhhannn'SS
dddEEEUPPPHIne
dddEuuupppHHiiinSSS
duuVVVEEnnnPOOOrrrTT
DDEvvvAnnnpoorrrTTT'ss
DDDAAAvvooonnPPUUrrrttts
DDAAvvIItt
Daaaviitt'SS
DaaViiitttsss
Daawww
ddAAAWDDDlllE
DiiiwdlEEED
ddeeeWWDDLerr
DAAAWWWDDDlllIRR'ss
DUUWdddllluuRRRss
DaWDDleesss
DDDAAAwdluuunnnG
dawwwnn
ddAwwnn'SS
DDawwNNNEddd
DDaWWWNNiNNNg
DDDOOwwnniiiNNGGGsss
Daawwnnns
DDawwwSSS
DIIIyyy
DDaaYY'SS
dUUYYYBBBod
ddAAYbbEDDD'ss
DDDOOOYYbbbEEEDSSS
DIIYYYBBBEOOkk
DDEEEybboUUkkks
DDaYYYbbrrraaaUUkk
ddeYYbbbRRROOOAAAkkk'sss
DDDaaayCaaaRRE
DDDAYYYcccARE'SS
ddiYYdddreeeAAm
dAAYYDDDrrrEEEAAAmmm'SS
ddAAAyyyDDRREaaammUUddd
DDEEEYDDDrrrEEaaamerrr
dEEYYYddReeeOOOMeRRR'sss
deeeyyydddrrEUUUmEEERRRSS
DDDoyydddRRIIIaaaMMMIInnngg
DDDAAAYDRRaaaimmmSS
DDaYDrreeAAmT
DaaayyFLLLIIAAAs
DDDaaYFLLaaaWWWeRR
DDDIYYFFFLLEWWWeRRRs
ddAAyFllYYY
dddayyllIIIGGhhtt
ddOOYLLEEEGHHHt'S
DDAAYYYliiigghhhtttSS
dddAYLLLAgggHTTSS's
DaayyLooonnGG
DDDAAAyyySS
ddUUyyyspRuuuNGGG
dddaYYssPriNNggss
DDDAyyySTTTAARRR
dduuyTiimEE
ddeeYYTTTeeMMeee's
ddAAzzza
dddAAzE's
dAZZed
daazaaaDDLLLYYY
ddaaazzEES
duZZZinG
ddAAZZzzzLLLee
DaZZzllEEE'ss
DDDAAZzLiiidd
DDUZZzzLLLeeRRR
DDaaazzZZZlEEErr'S
ddaaZZZZLLLaRRRs
dddaaZZZZllaaass
DDooozZZliingg
dooZzzLLiiinnnGllYY
DDDbbb
DDDCCC
dddee
DDEAAAcccaan
dddeeeaaCCooonn'S
dddEEaaacoooNNNATTTAAA
DooiiicOOOnnnisssSSS
DDeeUUcEnnOSSS'SSS
dEaCCoNEEssSSSeeesss
dddeeAAAcccOOnRRy
DEEUUCCConnns
dddeeeEEEcuuNNNSShhoPP
dddIIIAAACCtIIIVOTTEEE
DDDAaaaCCCtteeVVEEETeDD
ddOAAAccttiivvAttteeeS
DDeeeAccctttIIIvvittOOOngg
dddeeICTIvaaatttION
ddEaaaccctoovvvuuuTTOOOAnnn'SS
dddeeIIIdd
DDDaAADDD'SS
DoooaaDDBBiiiaTTT
DEEAAAdbeaatt'SSS
dEEAAAdBBeUttsss
DDDEOOODDDBBOOOLTT
ddEaaDbbboooLLLTTT'S
DDDuuaaDBBBEllttSS
dddEEEaaadddeen
DDDeeaDeeeNEEEdd
DDeeeOOOdINNiiNNG
DDEEoDDDEENNNinnnGGGsss
DDDEEiiidIIINSS
ddeiddORR
dddeaaaDDESSSTTT
ddEEaDDDuuuyyyE
DDDeeeAAADDFFOOlL
ddduUUUDDHEEAAAd
dEEEUUUdddhheAADIddd
ddiiiaaddhhEuuddIInnnggg
dddeeeIdhhOOOAddds
dEEEUDLuuuAARR
DDDoooaDDlloooessT
dIIAdddllIIghhhT
DDeeeaDDLLiGGGhhTTTss
DUUUUUUDDDliiiNNEE
dEEAAdddLLINNNE'ss
dddEEEaaDDlliiinEss
dUUidllliiiNNNOSSSss
ddeeAAddllAnnneeeSS's
DDDEEEaaDLAcckkk
ddUUAAAdLLLooocccKKK'ss
dIIoDLLLEEEcKIId
DDDEEUdllOccKiNggg
dddaaaoDlOOOcckkkss
dddeAdddlyy
DDDUaaDDnnnEEEsss
DUoooDDNNeeSSSsesss
DDEAAAdPPaNN
dddeADDDppaaann'sss
ddeeUUdppEENNNnEEd
DDEEEaaddppAAnnnnnnIIINgg
deeADDDPPInS
dddeeODweeigggHHTTT
dddEEEodddwwoooiiggHHHt'SSS
ddduaadWeeUGhtss
DDDeeOODDDWWWAAAOODDD
daaaDwwwooIIDD's
deeeoooFF
DDDeAAFFuunnn
DDuuuAfennnaaddd
DDDuuuAAAffeeeNNNooNGG
DEEEiFFeNNOOOnnnGGLLLYYY
deOOfuNNNS
DeeIIfffEERRR
DDAaaaFFeeeSSTTT
DAaaafffLLLy
DDIIIOOOFNNNEsssSSS
DDDAuffNNeSSSsss'S
DDDAAAaaaLL
DeeeAAAll's
ddoooellOOOTTEE
ddUUAAAllerr
DeallleeeRRR'S
dddeeeuulleeRRSSS
ddeeeAAALLLEEErSSShhhiiippp
DDDOOOaaalllIIIrSShhhiiipp'S
DeUUULLLEEErssHHeeppSSS
dEEEaaaLLLFaSSh
DDEEEOOLLEENGG
DDDooaaLLIIInnng'SS
deeaLLiinnnGGS
dIIEEElss
DEEEiiLLttt
dOommmEEEnnnAAAtttee
ddAAAan
DDDAeeNN'ss
ddEEiiNNNORRiiieS
ddAoNERRYY
ddaaaaaannIRRyyy'sss
ddeeeAnnns
DiANNSHHHIPP
dUUUaannssHIP's
DDeeaaarr
DDUUer'SS
ddOOaaarEErr
dddAArreeessst
dddEaaaReesTTTS
deeeaaaRuo
DDDEoorOOee'S
DDeeUUURIIEEES
deeaarrLLLy
dearrnIIISSSSS
DDDEEaaRRRNNNeessss'SS
ddeeaaaRS
DDEEEIRRRttH
DDDiiaaarrtth'SS
deeiiRRRtttHHHSS
dddeeeAAARRRy
ddAAAaaarrY'ss
dddEotttHHH
DDEUUUThhh'S
ddOOOEEEtttHHHbIIddd
DDEAAttHBEDD'ss
DEaaTTThhhbbiiiddsss
DDDAAAAATTThhBBBlOOWW
DDaaauuuttHHHBBllUw's
DDDaaAAtHHHBBBlooowws
DDUUAAAtthhhddAAyy
DDDUAAAtthhhFFeeeLLL
ddEEoooTTHHHllleesSS
dddaaaaTThhllEEEsSLLLYY
DDIIIuuTTThhhllaaassSNaaSSS
DDDeaaaTHLLEkkke
DDDEEEaaTTHHLLLy
dddeittHHss
DDDuuaaTHHHTTTrAAAPPP
DDoeethtttRRiipp'sss
ddeeAATHHTTrrraaaPPPsss
DDDeAAtttHWWotCCCHHH
dddEuuuttHHWWAtChh'SS
DDDeitthwwEEEtttCHHASSS
dddEAAVVVoss
DDEb
dEbb'SS
DDIbbeeccllleee
ddAAbbbaacclllI'SS
DDDIbooccllUUS
DIIIBBaaaG
DeebAr
dddaaaBBerk
dddEEbaRRkkATIIUUn
ddEEBArkkEttuuOnn'ss
deeeBORRkkkeeDD
DDebuRRKKiiiNNNgg
dddEbbburrrkkkss
dddaaBBBIIRRmmmOONt
dAAbbbaaarmeeNTT'S
DDDEEbbUrrrrED
dddEEBBORruuNNGG
DDDeeBBBaaarrrsss
dddiibAAAsse
DiiBBuuusssAAddd
dOObbbaaasIIImmeeeNNtt
dddEEEbIIISSEEEmmmeennnttt'SS
debbbesEMonntS
dEEbAAASSSarrr
debaSEEEss
dduubbaaaSeeNNNG
DeeeBBiTTTaaaBBlE
DEEbbbatIII
DiiibbbATE'SSS
DeeeBBottOODDD
DDDaabiiitEEErr
dobbbIITTUURR'sss
DDeeBBBaaaTTTEErSS
dOBBBotiiiSSS
dddUBBBiiiTToonng
DDDuuBBaaTONNNGGG'SS
ddEEEbbaAAACHHH
deeBeeIch'SS
DDabbbaaiiicccHHHeed
DDDiibiiuuuCHHEEEee
dEEEBBAUcccHOOe'ss
dddEEEbUUuCHHaaaiisss
DDDEEEBooEcHHeeR
DDDaaabOACChhhIIIRRooaaas
DeeebbbooAAAcherrrsss
DDDeeboouuucccHHHEERRyy
deeebaaaEcccHeRRRYY'SS
DDDeebbboooOOOccHiiis
DDDUUUbbbEuCHHIIINNG
DDUUbbeNNTIrrEEE
DDDUUUBBBEEnTTuuuRRu's
deeeBoNNttUUREES
ddObbeliitatEEE
DDDEBBeeelllEtteeeTEdd
DUUbbbiiiLLLitttaTTeeess
DDDEEbbbiLLIIItttOtttiiNg
DeeBiiilluttaaatttiiiNNgggLLYY
DeeeBiiiLAAATTTatttiiiooon
DDEEEBBIllliiiTTAATTiiiaannn'sss
deeeBBBiiiLLLeTTToottiivvee
ddeeBILLLiiittIOOs
duuuBiLiiiTTy
DDDEEEBIIILLLAAAtttyy'SSS
ddeebbbOOOt
DDDEBBiiiT's
DDDEEbbbiiiTTTeeedd
DDeebUUTTTooonnggg
DDDUUBBOOtttSS
DDIIboooNNNUUiiirr
DeeeBBBiNaiirrreee
ddEEbuuuNaiiirrLYYY
deeebOOONNNuIRRRNNNESSSs
DDeeebbINOOUUUrrrNNOOOSSS'SS
DDDEEEbbboooUCHHH
DDDEEEBBoooUcHHeeDDD
dddEbooouuucchhhAASSS
DDDEEEbOOuuucccHHOONG
dddEbbbiiiEcHHmmmEENttt
dduubRiIf
DDDebbbRRReeeEEFIID
dddABBRaaaeeeFIInggg
daaBBRRRIIIAAAfffInnng'SSS
dEEBrruuofinggSS
debbRRIeFFFSSS
ddaaabrriiiss
diBBrriSSS's
dEEbbSS
ddeeebbbT
ddOBt'sss
DDEEBBBtttoorr
DeeeBBBTToorr'SSS
DeebbbttoRRRsss
dEEbTTTSSS
ddeBuuugg
DeeebbOOOggggeeedd
ddeebUGgggeeeR
DDEEBBBugggeeRRRSS
DeebuuuggggaNNggg
ddEEBEEEgSS
dAAbbbinKKK
dddoobbUUUnnKKeD
DDDeBunnKIIIr
debbbaNNNkennnggg
dddeeebbeennnkkksss
DDDeBBBuSSS
DeeeBBBOOOttt
dddoooBut'sss
dddUUUBBUTTTidd
ddAAbattAAANNg
deebboottss
dEECCCaaDDEE
DDeeccAAADo'sss
daCCCiiduuNCCCE
dEEcccIdddInnncca'ss
dddEEEcccoooDDIIINNcccYYY
dECadEnnnccyy'SSS
ddIcccaDDDaannnttt
DDDIIICCAAddannnttt'S
ddiiccIIdennttLLYYY
DDDuuuCIIDEEENNNTSSS
DDDEECADUUUsss
dicAFF
DDDeeeCCuuuFFF'SSS
DeeeciiifffFF
DEECeeeFFFFFeIIInnatE
DDDECCCoooFFFFEEEiinaTTTuuuDDD
DDDeCCCAFFffAAAiinnnATTAAss
DEEEccIfffFFFoooNNNAAttinng
DDDuuCCIFfffeeEnnnATTIIIiinnn
DDDEcccaFFFSS
DUCCCaafffS
dddeecccaaaGGGOOnn
ddOOOCCoooGOn'ss
DeeecccaaGGGOnnneel
DecccEEgggOnnnEEElllLLLyy
ddECCCaaaggoonnSS
DeeccAAAGReeMMM
dddEciggrrraaMMMsss
DDeccAAAHeDrrrAA
ddEEcIHeDDDRRooLLL
ddeecccooohedddRRReeNN
ddAAAccoHeDROnnSS
DDeeCCaaLL
dddAcccUl'sss
ddEEcccaLccUFICOOOTTTUOnn
ddEEEccAAALLccceeefUUUEEED
DDDaaceeLcccIFFFIIOOOrr
DDDEEccaaLCifAAAeess
DDECCuuullCCCiiFY
DDDEccAALLCCCiifffYYYaaaNNGG
DDDeeecolllccOOOMMMAAANNIIooo
DDIICCCAlccooommmaaaNeeeS
ddEceelloooScEnnnCCOO
ddooCCCAAAlItttEEErrr
DDDEECCOOllITTTEEERRss
ddeCCCaaalooGGuee
DDDocAALLLS
dddeCCiiiMMeeteeeRR
duuCCammmeeeTTuuuRS
dddeeccimmp
dddoooCCCAAAmmmPPEDD
DDOCCaaMPPPaaNNGG
DDeccIIImmPmONtt
DDDEEEcoMPPPmmmeeennntt'SS
ddEEECCCIIImppsss
ddEccOOnnEEElll
DEEECCCInno
ddECCCaannii
DDDIcaaaNNNTT
dOOOccANNNTTTaaattUooonn
DOcccaaanntod
dddeCOOONNtttoooR
DaaCAANNteeer'S
ddeeeceeNNNTeeeRSSS
DDDEEccEEntiiinnnGGG
DEECaaaNNttSSS
DIIICCAAPOtoooTTTaaa
DDDECCAAPPiiiTUUtEd
DEcapiTTiiittteesss
ddEECCUpppiiTTTEEETTTInnnGGG
DDDeeccuuuPPPIIttiiTTaoonnn
dddUUCCCiiippEttAAAtttaaaAAN'SSS
DDEEEccUUUpaTTAtIIIooonSSS
DDDecccAAAPPPUUttoottuuuRRR
deCaaapppIIITattaaRRR'SSS
DDEEEcAApIIttoottOrrSSS
ddoCCCaaPooD
dddeecccupppAAAddSSS
DDuCCCAArrbooneeettII
ddEECaarrbbbIIInIIIzzze
decaaaRBooNNNiiizUUUd
DDEEECaaaRBUUnnnIIIZZZAAS
dEEEcARbbbaNizzaaanG
DDDeeecccAArrrBuuRRREEEzzeee
DDOOOcccAAARRRbuuRIIzzEEED
DDDOOCAAArrbbbuuROOOzoooSS
DDDaaccceeerbbbUUURiiZIInnngg
DDECCeRE
DDDeeCCCaasteeRRi
ddeccuuustttyyllluu
ddiiCCoSYYYllllllaBBiiiccc
dddEEEcAAASYYLLAAABLLLUU
DDeeCeeeSSSyyLLLLLLUUUBBLLLOOSS
dddeeccOthhhlEEETTTA
duCiittthhllEEttteeS
DDeeeccceeettHHHlOOONN
dddeeecithhLoonnn'sss
DEEEcAAATHHLiinss
DDEEECaaayyy
DDeecccAAyyy'sss
DDDUUUcccAyyEED
ddeeCCaaaYYiNNggg
ddeCAySS
dddeccEEEaSSSEE
ddecAassiii's
dddEEcccEassseddd
dddeecEEEAAssseedd'sss
deeeceeeaSSEEEsss
dUUUCEEoosiNNgg
dIIICedddENTTT
DDDeeccceeeDDEEnt'SSS
dEECCadennnttSSS
DEECiioTTT
dEEECCCEiiit'ss
dddiiiCIIIiiTTFFFiiL
DeeecEEEUttFFFUULLLLLLY
ddEcaaiiTTTfffuulllnnneeSSsss
dooCooiiiTTTFFFaaLnnuuusSSS'ss
DooccEEitS
ddEccceeeIIIvee
ddeeeCiiiIvedd
dEEccEivvER
DEEcEEEIvARRR'S
DDeeCCEEiiivvvEEErrss
dddUUceeAAAVVIIISS
ddeeCCEEEUVVIIInggg
ddeecceeiiiVIInGLLY
dECuLLLEERRAAAttte
DDacccElluuurrATTuuddd
ddECCEELErrrUUUTEES
DDDEccEEEllleeRROOtiNNgg
dddeeeCCoooLLLeeeREEETTiiOnn
dUCCellirratttEEEOOnnn'ss
dUUCOluuurraaatttiooonnsss
DDAACEEEleeRRaaTTTIIIrr
DECeeeLLLErOOOTOOOr'sss
ddIICUUUlEEEruuttoooRSS
DDiiicccelllERoooNN
deeceemmmVViiiRRR
DDDeeccEmmvvvaaarAAATTTUU
DDDoooCCEnnnccIIIoooSSS
ddIICeNNNcy
dOccaNNNCyyy'ss
ddEEcOOOnnnAAARRIIaaass
daaaCCCiiNNNAARRyyy
DDeCCEEENNNIIAAAlll
DDDEEECCEnnNEEEaaaLL'SSS
duCAAANNNNNIIAALLLlly
ddeCCCIIINNNNNNiiULLLs
deceNNNoooUUMMM
ddeecccaaNNNNNIIIUUMMSSS
DDacccEEENNNT
DDDOOCeenntttLLLY
dEEECIINNNTnnnUUsssSSS
ddduuCCOONtttraaallAZZZAAAtiiionnn
DeeeCONTrrrallIIIZZZiiTTTIIOOnnn'ss
decEEEnnnTRalliizE
dddeeeCAnnnTRRAAlIIzzEEddd
DUUUcccuuuNNNttRAAlliizEEEsss
DeeeCEEnnnTRRIliiizzIInnngg
DDDuuCCeepTTIIIINN
DDDEEECCCApppttOOen'S
dECCCEEPTTTIIINs
ddeeecOOOpTTTIIVVVu
DDiiiccEEEppTTeVVeely
dddeeccEEEPPPTAAAVVEENooSSSS
dddEEccEPTiiiVVEEENNNesSS'sss
dddEECCoooRReeBBRRRoTTE
DEEECeerN
DDDeeeccIIIAAARRRE
dduCCCiiiBeLLL
ddAACCIIbbbEELL'ss
DDaaaCCCiiiBBBeeeLLSSS
DEEECiidaBBBiiiLiiTTTYY
DeeCCCIIIDDAAABBBLeee
DDECCCIDDeee
dddiiiccIIdEEEdd
ddECiDDDaadLLY
DEEEccUUdEEEDDNNeSSSS
DDDuuCCiiDDiiR
DDDEEECCiiddeeRRRS
dddeeCCCIIIDDEEESS
dddIICiiDDDenngg
DDDaaacccaaaDDUUUAAA
DDECaaDaooaas
ddiccUDiiiooISSSLy
DDDecADDUoooOSNeSss
dUUCCiiiggrraam
DDEEEcccooGGGRRiiimmmSSS
DDDecillleee
DDuucuullES
deeCCCuulIIItttIIIrr
DDDIIIcIIIliittUURRR's
DDeeeCaaaLUUTEEErss
daacEElllLLEEEOONN
dddOOOcccEELLIONNNtttHH
DDEEcccuuMAll
ddeeecccIMMeLLL's
DDEEccIIIMMMaLiiZaaaTiiiOOn
DDDEEEcccIIIMMalloooZZOO
ddOOCCCOOOMMMAAlliiiZeDD
DDeCiiiMMOOOlllIIIzzzUSS
diiiCCAAAMoooLiZZZIIING
DeecciiiMaaLLllly
ddooCCCUmooLLsss
dddaaciiimiiiTTEEE
DDDEcuuMMaaTTTEddd
dddIIcccAAMMaaTTTEEsss
DDUUUCCeeemOOTIIInnGGG
dddeeecciiiMMMaaTTTiOOnnn
DiiicceeMMiTaun'S
dEccciimutorrr
DDDeeCCCIIMMMeeTeeerr
dddEEcImmatOrrr'SSS
ddeeecccIMMEEteeeRRss
DDDooocaPPPHHeeerrr
dddecAppphooorreeebbLLOO
ddeeeCIIPPPhhEERRuddd
ddeCCAPhheRINNNGGG
DeCCCuuuppphhiiiRRRmmmuuunttt
DDOOOcccEEPHHHeeRRmeNNts
DEEcccIPPPHeerrss
dddeeCCIIssIIIOn
DDeeCIISSuaann'ss
DDeeCCCiiissIIOONNsss
DDDeeeCCCisssooovee
DeCCIISSSIvveellY
ddduCCCIssiiivvvEENNessss
DDoCCIIIssaaaVVVEnnnAAsssss'SSS
DDDeCCkkk
DDeeckk's
DeecccKCHHAuuurr
dddeeeCCKKCHHaaIRSS
dddEccKKKEdd
dEEcccKhhhaaannd
DooocckhhuNNNddd'S
dddaccckkHIIInnndSSS
DDDiiicKKHHHOOOuusssEEE
DIIICkkkoNNNgg
dddeeecckkLUUU
dddeCkklleeS
DECCCKKSS
DDEcccLLAiiiM
ddEccLAAAImmmAAAd
dduucLLOOOOOmmuuRRR
DDDACLLLuuuIIImoooRR's
DeecccLLLEEIIImArrrSS
ddEECCClllAAImmmOOOnng
DEEECCLLLooIIMMsss
DDoooCClaaMMMAAATuuuiinnn
DEclleeemIIITTTaONN'S
DeeCllAmmmAAttOOOonnS
deeccclllaaaMMuttiRyyy
dooccclaRRIIBBBLE
dEEEcLOOrAAANNtt
DOclUURaaTTTIIIoooNN
DECCCllAARRRAAtttEEuun'sss
DEcLLuuRRRAAATTAAAOOONNNss
ddeeeCClAArrrOOtttiive
dEEECllliiiRRaatttiirrYYY
dddOOcccLLOOrrrAA
DoooclllaarreeeDDD
DEEECllaaaRRReerrr
ddECCLLLIRor'sss
DDeeeccLLLaaarreeerrs
DDeeeCCLLoooRREESSS
ddeecLLLARooonGGG
dACCLLLusSSS
DEEclAsssssEFIIIcccAtIIIUUnnn
ddduuuCCClllAAsssIIIFiiCCCaaaTTTiUnn'S
DDDecccllaaasssSIIIfIIeeDDD
DDDEcLAAAsssssIIIFFFIIuuS
DDEECCCLAAssssiffYYY
DDeeClaaaSSSsssEEEFyyyiiing
DDOOcccLenSiooon
ddiiiCCCLInnSSIOONN's
DDOOcllleeNNNSIIoNNNaaaL
DDuCLennnSiiiOONNNSS
ddeeeCCCLLonnABLEEE
ddecccLInnnaaTeee
DDDuuuCCLLIINNNAATTAAAonn
DDaaCCllleNAAATTiiiooN'SS
declllIInaatuuuoooNNaLL
daaaCLiiNNAAAttionnnSS
dEclluuuNEEETooorrryyy
ddEEECCClllIIInnnAAATTTIrrrEEE
dddEEECCClllInnEEE
dddiiclliiNe'ss
DDDiicccliiiNeDD
deeeCCCllliiiNNNeeRR
DDDeCLLLIIIneeerrr'SSS
DOOccLLaannnaRRss
DDAcclliNNEEss
DDDOCLiiiNNUngg
ddecLiNOOOMMMOOOTTToR
dEEEcclluuNNOOOmAAAttarsss
daCCLiivviiitttiiIsss
dOOCllluuvvvOtias
deecllaVaTTTyy
dddeeecccllAAAVIIttty'S
DDeeCCCLLLOOOvvvEEOsss
dOOCCCo
ddEEECCCECt
DDDaaCCCooCCCtAAADDD
DuuuCCOctttIInggg
DDUcuuCTTTEEEoNN
DDeecooocTTuuIIINNss
doocccOOcTTSS
dAACCCoDDE
DIccAAdeDDD
DDDEccOOODDEEER
ddECIIIddEERR'sss
DDAAAcccooDDDEEErrss
DUUccOOdduS
DDaCIIIDooNNGGG
DDDeeecOOOlllllaTTTII
ddEEEcollLITTTEEEoo
DeecccOOOLooNNAAZZZAAATiiIIInn
dddeeeCCCuuLLaaaNNNIzzAATTiAAnnn'SS
dddoooccOOOLOOnnOOOzU
DDEECCCulaNiZZiDDD
deecAlllennIzzzes
DOOOCCCILLLONiiZZZInnnggg
deeecccooolllooRRIINT
DOOcccoLorriizzzeee
dddeeCAAAloooRRIIzzuuddd
ddiCCALooorUUzzzEEEs
ddEEECCCAAALLOOORREEEZZZonnGGG
DDEEECuMMMMMMIssssIIIooNN
dddEEccEEmmmMMMiiSSSeeeUUUnaaaD
DDEEECCEEMMmmmISSSSSIIoooNiNNNggg
ddEECEEMMMmmIIISSSeeuuNS
DeCCCOOOmmpppEEENSotttIIIuNNN
dECoMPPOOSaablllEEE
ddEccceempOOSEEE
DDeccooompOssODD
DEECoMppooSSOrrr
deeeccommmPOOsssEEEsss
dEECoooMMMPooSSIINNNggg
deecOOMppEsituOOnn
DICCOOmpppEESitIIoNN'ss
DDDEECOOmpEEsIttaOOOnns
dUceeeMMMppOUUNNdd
DDEEECCoommpppraSSS
dECCOOOMMMpppRISsssAddd
ddEEECeMMPPressssssOOS
dddEcUUmPPPRRaasSiiiNGG
deecEEEMMMPPrrEEEssiooNNN
ddECEmmpppREEESSSSSIIIUUnnn'SSS
dducccooNGGasttt
DDEccIInnGuuuSTTTAAnt
DDaaConguuuSStttEEENNttt'SS
dddAcccOONNgaaSteentttS
dEEEcUNNGGGesssTTTiiioooNN
DDiiiccUUnnngaasstttiiVVVOO
dddUcccoonnnsssEEECrraTTTE
DDDeeCCEEENNNSSSeeecccRottEEEddd
DDDecccENNNsseCCCrAAtteeeS
DDDECCEnnsIICCrrraaatOOnnngg
deeeCCAnnSTTrrUUcctt
DDDICOOOnSTTTRRRuuuCCTEEEd
DDiiiCCEENNNSSSttrrEEEcctttInng
dECCOnnsttRICCTToooOOnnn
dddAcccUnnSttRRUcttiiioooNN'SSS
DDICCONNsstrAACCtttEOONNiSSSmm
deeeccaaNStttREcccTIIIOONNAASSMMMs
deeccOOOnnssttRRREECttiiAAANNEEESSStt
DDDIIIcccoNNNsssttRRuuuCTTTiOnnIIsTTTs
DDUUUCCoNSSTrruuucccteeiNNNSSS
DOOOcccOOOnssstrucTiivve
DDeeecccooonnnSStRuccTSSS
DUUUccOONTTTaMMANNNIIInttt
ddduuCENNNtttUUUmmiiinnAAtttE
dOOOcccOOOnttammmiinnEtttUUddd
DDooCoNNNTaaammIINNUteSSS
DDDeeeCoNNNtttAAAMMMINNNatttoonnggg
ddEccooontOmmaaaNNAteOOONN
dddEEEccAAANNtttAAAmmmUUUNNaTeeON's
DDDEEcooNNNTTRRReeLLL
dddAAACCCOOONNNTTTRUUUlliidd
dddeeeCCEEENTTRRRalLLLIINNNg
DAACCooNTTReeelllS
ddeeCCCar
DEEECCCoorr'ss
DDiiicOrrrAAtEE
DuucArrraattteDDD
DDoooCCuuurrratEEEs
ddEEEccOOORReeTTTinggg
ddeeeccooorOOtttiiiNgg'sss
DUccciirrroteeeONN
DDEEECCOOOrrEETTTIInn'sss
DDeeecIIRAATTTiiiOOnnsss
dEEECCAAARuuTAAAVVVeee
DDDAAAcoooRRAtttOOOvely
DDDiiicccUUURRAATToooRRR
DoccooorrrEEETooor'sss
DecAAARRRaaatttOOOrrrSS
DeeecciRiiiaasss
dddECCCOORROOuuuSSLLYYY
DECCCooorrOUUSNNussSS
dddEccUUURRRAuuuSSSnnaaaSs'SSS
ddoocccOOrrrSSS
dddUUUcccerrTTOOCCAATaa
deeeCorrttiiiCCCIIITEEED
DEciiiRRRttuuucccuuttees
DDEEECOrrtiiCCCEEETiiNGG
DEEciiirrrttIcatIOOOn
DDDEECCoroMMM
decccirroMM'ss
deeeccciiiRRRUUUmmmSS
DecoUUUpEEEGGEE
DDOOOCCCOOupppaaaGGE'SSS
doooccOOUUUPPaagggeeDD
ddeCCOOuupeGGGuuuS
DDEEcIapppOguuNNg
DDDaCCCoUpLee
dIICCOUUUppLLLeeeDD
dddEEECCAAAuppluusss
DDDeCCIIUUPlONNNG
dddecccOOYY
DDDEEcceey'S
ddIcooYYeDD
ddiCCCOyyeerr
DDeCAAAYYIINNGG
DeeeccceeYSS
dddooCCrrreeAAsssEE
DDDeecRREEEAssAA'ss
DeeccRReeaaaSSSEEED
DDeeeCCCRRReeeAsssEEsss
ddEEEccrrreeAASSSIIInnng
DDecrreeeAsssINGGlYY
dddeCCCrOOE
DDeeeccrEEEeee'sss
dIIICCRRReeeeeedd
DDDeeeCrroEIInnnGGG
dddEEECCCrrraaaUUs
DDDECCRRRaaaMEEENNNT
DDDACCrrrUUUMMeeeNTol
DECCCRomiNtttEED
DDeCCCRROOOmmmaantttiiiNNG
dddeCCCREEEmOONNNTTSS
dOCCrreepeeeTT
DIIcccrrrEpppiiiTaaatee
DDEECCRRRAAAPPIITTTAAttadd
ddeeeccrrooPPIIITTAAAttooS
ddocRRRiPPittaattEENNNgg
DDEECRRReppOTlY
DDDeCrraPIttUdE
ddeeCCCrrAAPPPatteeeDDDe'SS
DDDeeeccrrreeeSSSCCeeNNDDDII
DDeccRReeeScAnnDeee
DDDeccRReSSSceeennDDDooo'S
dddiicrrASSCCCENNdos
DDDIIIcccreeeSSScUNttt
dddUUUCrrrAAtUUlll
doocrEEtIIVee
decccRRREEEttiiiRRY
ddEECCraaaaaLL
DDDiiiCRRRAAedd
DDAAACCCRRRIIIEER
daaaccrriiiESSS
DDEEECrrImaaannAAlllIIzaaattIIONN
DEECCCrrrooMMuuunUUlIIIZZZatiiennn'ss
deeeCrruuMIIInUUlllOzzzAA
ddeeeccrrrimmIIINNNOOLEEzzOOdd
DDeeeccRiMMonnnuullleeeZZeees
DDDEECCCrrrIImmmiNNNElIIZZooonnnGGG
ddEEECCCrYYY
DDDeccRRYYYiiNGG
dddeeCRRYYPPPttt
ddEEEccryyyPPPTEd
DEECCCrrryyPPPtEENNNg
ddEEEcccrrrYYYPPtIEEENN
ddeeCCCRRRyyypTsss
DDDEECCeembbeeeNNNTTT
dddEcOOppLLLAA
dOOOcccUUReooNN
dEEccuurrenTT
ddeeeCuuRvOODD
DDIIICCCUrryyy
dddeeCCUUSSSssAAATTTii
DDDiiiCUUsssaaTTTeeeAAAnnn
dddUUUDDDaaaLL
ddeeedddiiiNsss
dEEDDDAcccAATTTee
DDDaaaddiiCAttteDDD
DEEDuuCCCAtisss
DDDudddUUUCCaaatttinnnGG
DeeeDDDuuucATTTiiiOnnn
dooddiiccAttteeeOOOn's
ddeeDUUUCetttIEEENNNs
dddAADDDICIITaaaVVVUUU
dEEEdICaattooorr
dAAdddiCAAttooR'S
ddAAdddicccAtORRRsss
ddiDDDIIICAAttORRRy
diiiddoffFFFeRUUNtiiAAtUUUoooNN
DDEEEDDDIfffffEEErreeennnTOaatttiiioooNNNSS
DIIIDDDaacccA
ddeeedUUUCEEddd
dddIIdddEccceess
deeDDeCAbLLeee
dudOOCCCEENNNggg
ddeDDuuuCCCTTT
deeDDuuccctteDDD
deedddUUUcccTTiiiBiiiliiiTTTYYY
ddOOODAAActttiiibbLEE
DDeeDDECTIIIbbble'S
DEEEDDDUUcccTTUUUblllESSS
DDDEEEdddAAAccctAAAngg
DDDeeeDuCCCtttIIennn
ddUUddAACCCTIIIEN'SSS
dddIIIddecTooONNNSS
DUUdUUUcccTTiiivuu
ddEEEdUUUCTToVVoolllyy
dddedddIIIccTTss
DIEEEd
DDIIIeeed'S
deeeuuddIIdd
DDDEEEeeddOOONNg
DDEuDDDs
DDDEEoooJJAAYYY
deeeeejjAAAYY'SSS
dddeeeiiiJJJAAAYYYs
DDDaaaEEEMM
dOOooommEEEDDD
DiiiiMiiiNNNGGG
DDEeemmSS
DDiUmmmSSTTUr
DOOeP
DDDeeiippp's
dEEEeeeppiNN
DDDooeePoonniiiddd
diiUPPOOnnUUNG
dUUipeeNss
DDDEAAAPAR
dddUUEEEPPUSSTT
deeipppFrEEEEEEzzzEEE
DDDeeEEpffrrrEUzEs
DDDueppfffRoozzee
dddeeeuPfroozaNNN
DeeePlYYY
daaEEEpnnESSsss
dddeiiiPPneeeSs'SSS
dddeaPPPs
ddEEEeeer
DDDEEEER'SSS
DDDEEIIIRRRFFLYYY
ddiiiooorrrHHOOUUnnnddd
DDIIorHHiiiUUnndss
DDEaaarsss
dddEURRRSkan
DDEEEEEERsskkiiN'ss
DeeeeRRStoollkkooorr
ddeeURRRsstttAAALLLKKErS
DDEeerSSSTTTOlkkkInggg
ddEEEuuSSSCaaLLAAAttii
dEEEEEESSSCuuuLLeetEd
DeeeeSSSCaallAAAtttiiisss
ddieSSSCCAALaaTOOOnGGG
ddiessccculllatttoooON
DDDAEEESccallAAtttIoN'S
DDDafffAAccceee
dAfffaaccoooddd
DDiFuuCCemmmooonntt
DDIIFFFuuucccEEmmmUUUnttt'ss
dOOFooccOOOR
DDEEEFAAcER'ss
DDeeffaacccEEErrrS
dddUUUFFEEECEEESS
DDeeeFOccIIInnng
DDAAFFFuuuLLLCaaTTE
DEEFFFAALLLCATTTIIdd
DeeFFeeeLLccaaaTeSSS
dddeFFALccatttiiNNggg
DDDEEEffOlllCCCATTIIInn
DeeffeellCCCATTTiooonn'S
ddEFFFIILCCCAttiiionnsss
ddEEEffaaalllCCCUUUtOrrr
DDDeeffaMMuuTTUUUUNN
DEfffiimmmaaaTTTIIIN'ss
DEEEFFFEMMMaaaTTuuurrY
dddEfaMEE
DDEEFFIIIMMiiiddd
deeffAmmeeeRRR
dddAAffOOOmmmeeerrr'SS
ddEEfffaaMMMeeRSSS
DDDEfffAAAmmmuuSSS
deeeffeemoongg
ddaafffAAAullltt
DeffaiLLLtt's
ddeFaaOOOLTaaddd
deeeffooulTTEEEr
DEfaaaULLTTTEERR'sss
dddEEEffooUUlltERRs
DDDiiiFFFiiUlllttIIINNNG
dafAAAuLLLTs
DDeeeFFFEAAAssAnnCCEE
DDDEEfEEsssIBBBLLAA
dUUFFAAAaattt
DDEEEfffaauuTTT'SSS
DiiFFUUUeTEEED
DDDEEEfeeeaTeeerr
DDDEEEffAAAATTeR'SSS
diiifeeooteeRS
DeefooeetANNNggg
DaaaFFFEeTaaaSSSM
ddEEEFFFeeaatIIISSmmm's
DDDEEFuAAAtttaaassstt
DOOFFeeAAAtttUUSSSttt'sss
dEffuuuaaTIssstSSS
dEFFFAAAaaaTsss
ddeeFucccAtE
dduufEECAtteDD
dddAAFECAttooS
DaaffIIIccaaTiinnng
DDeeFEEccoooTTTiiionn
daaafffoCCIIIteeeaaNNN'S
ddeeeFFecATTERRR
dddefffEECCCetttOrryy
dEfeeeCCCttt
daffooCCCTTT'SSS
DDEEEFFUUUccctttaaDDD
deffeectiiiNNNgg
DDDeefffecTTTiiiooonnn
dEEEfEECtttIIOnnn'ss
dEEEFFEcctuuuiinsss
DDDeeeFFFEEcccTTTaVVVee
ddaafffAACTUvvva'SS
DDEEfEEEcccTTUVVVaLLYYY
DDDEFFFIICCtttaaVVeeeNNNISSSss
dddIIfEEccTTeeevvvooonnEEsssSSS'SSS
ddUffeeccctttOOOvvEEEss
DDDeFUCCtttIIR
dddeeeFFeeCTTTOOOrr'S
dEEFFEECtttEEErrs
ddOFFFeecccTSSS
DDDEEEFFEENNND
DIIffiiinDDDAAABlE
ddeefffEENDaannTT
dddEEEffennDAAAnt'sss
ddaFFaaanDDannTTTsss
deeefeeNNNDDDeeeDD
DDUfiiinnnDDDeRR
dAFFFuNNddeRR'sss
dddiiFooNNNdeeRSS
dddEEEfffeeennDDIIInG
dEEFFuuuNddSS
DDDeffenEEESStttrrratttUUU
ddeefffEEnnnESSSTRRRaatEDD
DDoooFFFuuunnESttrraTIIiNN
DoFFFEEEnSSSE
dEFFFEEnnnSSe'SS
DEffAnnssseeDD
DDEEfffEEnnSOOOlllOOOsssS
deeefoNNSooLLLESSLLLyy
diiFFFEEEnsOOOLLoooSSsssnnESSSsss
DDDIIIfffEEEnSSSELLEESSSssneeSSSs'SSS
dddeeeFFAANNNsssoS
DDOOOFFEnsIIBBBoLiTTTYY
dddafffEEENNssUUUbLLLeee
dduuuFFFeNSSSAbblllyy
dddEEfoonsiiiNggg
daafAANNNSSIIvvvooo
dddIIFFFiNNsssaaavEEE's
dddofeeNNNssuuvvvOLLyy
dddeeefffeeeNNSSSAVVuuuNUUUssS
dddeeeffUNSSSuuuvvvEEENEss'S
DDDaaaFFEErr
DDEfffeeeRiiNNCCCaa
dddEEffAAREEENNcccuu'ss
DEEFFooRRREENNt
DDUfeRRROOONTUilll
deffaRReeeNtoAlllY
dddeeeffeRRRMMEnnnt
ddeeeFeeerrrMeennntt'SSS
dduuFiirrMMEEnTTTsss
deFFARRRRiBBluuu
ddefAARRRRRoll
DDDAfffaarrrReeel'S
ddeefferrrrAlSS
DDeeefEEErrrRRReeedd
DDDEEEffEEERRRReeR
DDDEEffEErrReeeNNGGG
dEffIIrsss
Deefffaarr
DDDeefFFeSSTTT
deeeffIUUnncccEEE
deeFFFIIIaannnccI'ss
DDiFFOOaNNNtt
deFFFOOAANNTTTLy
DeeFFFIIbbRRiLLLlllAATTTuuu
DeffaaabbrreelllllaaatEEEOOOnn
DeeeFFeeebbrriillllaaTEEOOONNsss
DDDEEEFFFuubbrEELLLLLItttiiR
DDDEEEfffiibbrolLiiittOrSS
dddeeeFFECCCEEEEEEnnnccciiiUUsss
ddiiiFFiiiCUaaaNcyy
DAffiCIIeeeNcYY's
deefICCEEAAANtt
DDDeeFFFiiiccuuuIIINTTTLy
DDeefIIIcccUT
DEffiiiCettt'SS
DDDeeFACCCIIItttS
DDDiiFFaaaeeD
deeefiiEr
ddUUFFFEEeeSSS
DDiiiFIIILLLAADDDA
DDEEEFFiLLaaaddEEEss
dOOOFFiiLOOO
DDOOOffOllEE'sss
DeffIIIlllAAAddd
DDDeeefAAALLLIImmmIInnnTT
DDDoooFFFIIlllAAmennnttt'ss
duuufIIlerr
dAFFIlEErr'S
DEEEfffIIlaaaRRSS
ddEffAALLESS
DDEEfffoooLLLUUnGG
dddaaaffiinAAAbbblee
DDiiFFIIINNaBBlllyy
DEEEFinnnu
DEffOOONNooD
dEEEffIIINNNER
DDeFiinneer'S
DDDEFFooNEErSSS
doooFFEEEnnnooS
dddefiiiNIIIENNNDDuM
dddeeeffiiinniOnnns
DDaaffeeNNNIInngg
DDiiiFFFIINITTAAA
deeFOOOnnIIITElYYY
DEffiiiNItttEENNNEEEssS
dddEfffENIIIttEEENNesS's
DDOfINNIITTiiiooonnn
ddEFiiinnitaaaoonnn'SSS
DDEEEfiNNNITiiAANal
ddaaafffIIINiTTTIOOOnnns
dddOfffinnnAAAtttiiiVVVuuu
DDefInEttIIIvvvOOOLYYY
deeefinnneeeTTiiiVVunnnesSSS
DDDuuuFFlAGGRRREEEttaaa
DDeeFlllAgRRAAttAonn
DEflllAgrrattOORRR
dEEEFllOOtuuu
ddeflEEteeddd
ddEEFFLLLatttEESS
daaFLLLiiittAANggg
DDDeffflllEEETeeeen
dddEEEfflllIIItOOOoonnn'SSS
duuffLaaatttIoNaaRRY
DDDEEEFllooottiiiONIIsT
DiiFFFLAATORRR
DDEEEFFFlllaTTOOORSS
dufffLLLECCt
ddduuFllEECCCtttAABLLAAA
duuFFFLLaaaCtteedd
daaaFLeCCTIIINNGGG
DDDeFFFLLLoocctttOOoNNN
dddaaaFFLLLEEEcccTTaaAnn'SS
dddoofffLLeccTTTIIuuunnS
DDDeeffleeccTTUVE
dEfllEcTooRR
dddoFFFluuCTTUrr'ss
DaafllluucctORRRSS
DDDiifflleeecttts
ddiiFFLeexxxeDDD
DDDEEEffflooCCCCCiiillAAATTE
DEEfflOOOrAAAtttuuuoonnn
defLLIIwaRR
ddUflllaWWWarrIIdd
dddAFLuWWeriNNNGG
dddIIfloowwEEERss
ddIIFFFLLLOOxxIOOnnn
deFFeeGG
dddeFFoooGGGGEEEDDD
DuuuFOOggggggorr
DDEEEffoooGGGGeRR'S
DAAfffIIggggERRss
DDiiifffOOOgggggiiNNNggg
DDDEFooogggSS
deffOOLLLEaaaNt
dddufOOOllUAAAnnTTT'SSS
defffOOllIIAnnnTSS
DEFooolIIIiiTTTO
ddOOOFFOOlllIetttAADDD
dddiiffOOLLIIIITTTuSSS
DEEffOlllIIIeettonnngg
dUUUfILLOOaTTTEuuuNN
dddEFFOOLuuIIItIIIANNN'SSS
ddeeFOOLLeeattARRR
dEEEffooLAAAUUUttteeerr'S
DooFFOOLLIIIiiTOOOrrSS
dddEEffforrrCCCu
dddeeefEERReeesst
ddeeFFerOssTTTEEETTTIooonn
DDUUUfOOrrEEEStOttiiiEEnn'SS
DEfoRRREssTEED
DDDEfffOOORRuuusTIIInngg
DDEEffORRROOOSTTSS
dddIffaarrMMM
dduufffaaarmAbbblllAAA
DefffOORMMooTIon
ddeffooorrrmiTTEEOOON's
deeefffOORRmmATTTOOooNNss
DeForrrmmmODDD
ddAAAffAAARRRmmUng
diFFORMitttiiiees
DDEFFFoooRRRmmiitYY
DIffOOORRRMIITY'S
DDDEfUUURRMMMSS
DDDOfRRReeeudd
dEEEfffRRRAAAiiidITTTIIoooNN
DEFFrrruuuDDoooDD
DDIIFFFRRROuuuDDDEEER
dddafffRRaaUUDDDER'ss
DOOOfffRRRAAuuuDuurrrSS
deffrrrAAuuDiNNgg
DDDooFFFrrrAuDDs
DEEEfRRRIIY
DDDeeFFFriYAABBLI
DDaaaFRRaaayill
DOfRRIYuul'SS
DDDEFFFrrrAAAyeedd
dAAAfrraayIINGG
dddEFrAAyyMMeeennt
ddeeFRReeYYYmuuunttS
dddaafrAYYsss
DDEEFFFrrruCCkk
ddUUFFFreeCCCkkEEEd
DDDeFRoooccKIIInnnGG
DDDeFRRRoocKKSS
DDIIFFFRRAAstt
dddefffROOstttEEEdd
dEEfRooSTTIIIRR
deefRROOOstttooRR'SSS
DeeeFRaaSSSTerrrSSS
dEfRRosTIIInnng
DDDuFFFRRIIISSStttSSS
DDDEEfffTTT
ddeeffTEER
DDeeftttesssT
dddIIFFFtlllyyy
ddEfffTNNNASSSsss
DDIFtneeesssSSS'S
dddiffuNccttt
DeFFUssiii
DiifASEd
dAffUUsseeSSS
dddIfiSSENg
DDDIIIfyyy
DDDUUFyeNNg
DDEGAsss
DeeGGGasssEs
ddiiGGGuSSSSSEEED
DDiiigAAssssinnG
DDagAAESsss
DDoooGGOOuuSSSSSEEDD
dddegggEEEuSsOOORR
DDaaGaaUUssseeSS
ddAGGOOOaSSSSIIInnnG
dddeeggguunnnEErrracciies
dddEGGGaNNNerrraaCCy
DDDEEEgggeennAArOOOcccYY'sss
DDUUgeeeNNNaRRAAAteee
ddeeeGGEEEnnnERRaaatIII'S
DDEgggENErrUTED
DDEEGenneeerrIIITTuuLy
DDDoGGGeNNNEERReeetUnnneeSSs
dOOggoNeeRRAAttuS
DiiGGGAAANERRRAAtIInnG
dddeeGGGEnneeeRRRAAAtEEIINNN
DDDeegggEEENNNUrrraaattiioooNN'ss
dEEgggoooNaaaReeTIIIvvEEE
DDEEEGGGluutUUUnnAAAttE
dEEggLLoTITTTieNNN
DDDeeGGGlOOOTUttiooonnsss
DDDeeGGGROOODIIbiiillUtYYY
dEEEGGGRaadaaaBBBlleee
DEEEGGGRRaaddUUtttiiiOOONNN
ddEEEGGRaaaDDDeTeeeonnn'SSS
DDeeegggraadoootIIooNNSSS
DAAAGRRRuudaaTTUVee
dOOgRRRaDDDEEE
DDUUGGGrrriiDDDaaadd
DaaGGRuderrr
dOgggRadEEsss
DDDeeegrOOOdddiNNGG
ddEEEGGGReeeSEE
DDEEEGGrEEEEE
DDDEGGRReeeee'SSS
DegrrEEEUS
DDDEGrrriiissiON
DEgUUSST
ddEEEhiSSScccAA
DDDohhhEESSSCCODD
DDOOHHIIIssCCCooNCCe
DeeeHHOOSSccciiiNCCAAASSS
dddOOOHIIscccEENNttt
deeehhiSScccuSSS
DDeehhhIIIssCIINNNGGG
dddeeehAArrnnn
dEhhORRNNIIIddd
DDDeehherNiiinnng
dddoHHHOOOrnS
ddeHiiiMMAnniiizzuTTTIIIooonnn
dddEEhheeMMAANNNiiiZZZAAATTiONNN'sss
dddOOHHiiiMMMuniiiZUUU
ddEEhhhEEMMAAAniiizaaaD
dddEHoooMAAnnUUUzzzeeSS
DDDEEEhhUmmmOOONNNUUZZZoonngg
ddeeeHHHUUMMOddiiFFAccAtiiionnn
DiiihamiiidIIIfiEEd
DUUUhUMMMoDDifIeerrr
DDDiihuuMiiDDAAAffuuEERRR's
DohuMIIDDDIIIffiiiEEERSSS
DDeeHHuumiiidddIIIFFFieSSS
dEHuuumiidddIfy
ddehUUMMudddIIfYYuunnGGG
dddEEEHHHYYYDraattte
duuhhYYYdddROOttteeD
ddEhhyddRRRIIItttOSSS
dEEHyyDDrUtIINNggg
dddEEHyyyDDRRaaaTTIIIUUUN
ddeeHHYYddRRaaattiUUnnn'sss
DDehhYYYdRRREttoooR
DDEEEhhhYYDDDrrraaatttEEErrr'sss
DDeeeHHHYYYDrAAttOOOrSSS
DAAAhhyyyDDrrrugeNNaSSE
DuHyyDDRRiiiGGeeeNAATTi
DeeHyyyDDrreeeGGAAAnAAATTEd
DEEEHHHYYYddrrrooggEnnnaTTTES
deeHyddRRugggeeNNNiitttAAANNgg
dddehhyDDDrOOGeenaaatIon
dEEEhhYYppNOOOTTiiZe
ddAAEEcUU
dEEiiccuuuDDD
deIIICIIIRR
DDDaaaiCEEERRR'SS
dddoIcEEERRS
dddiicciiiSSS
DEEEIIICCCIDDE
DEaaaCCennnG
dddeIIIcccTIIccc
ddeeIICCCtiiCCCsss
DeeiiFFFAAcc
DDIIIIIIFFFIIICooottEaan
DeeeIIIfoCCaaatUIIIN'ss
DDDEEEEfffiieeeD
dddaaaIIIFFFIIiiiss
dddeuFFFuRMMM
DDDiiiiifffYY
dIIIEFFFyiiiNNNGGG
ddeeigNNN
DDDEEuuGNNNedd
dEIIGGnnUUNG
dddEEEEEEGGGnns
ddAAAiiLLL
DEiNNsTTitttuuutionnaallizaaTIIUN
dduuUUnsssTTTaaTetUUOOOnULLIIzzzu
DDDIIIIooNNNiiiZZZo
DDuuuUUiNIzeeDDD
DDDeeeUPPPNNNoosssoppheST
ddoooaaapppnnAAAssooophhIsTTTsss
DDeeeaaaSMM
dOOoossMMM'S
dEEssTTT
DDEISSSTTT'S
ddeeiiiSteeCC
DEEEiiisssTTTEcccAl
DDDoooIIISSttUUUcaallLyy
dOOOISttSS
ddiiitttIIAAAS
deeitttYYY
dddEEoooTy'sss
DDDEEjjiiCTTT
ddIIIjeCCTTaaa
ddEEEjeeeCCCTIDDD
dAAjiiiCCCTTEEEddllyy
DDEEJJIIIccttEEdddnESSS
dEjEEECCCTunnggg
DeJJucttIIEEnnn
DDDEEEJeCCCTTTiooonnn's
DiiiJJJectttSS
ddooKaaaggruum
DeeKKaaagRRReeemmms
ddEEEKEELLaaTTeeR
DDDOkaaLLAAAtttOOORs
DEEEKAAAMEEEttEErr
DDekkkAAAMMMUUtteerS
duuKKKKKooo
dddAAAkkkkOOs
dddEEELLLeeuuuNNNe
DDDeellOOMiiinooTTeee
DDELaMMMIInnITIoN
DAAAlotttEEE
dIIILLaTTIvvvE
DDellAyyy
ddeLLuuyy's
dEELLLAyyeed
ddEElllAYYURR
DDEElllaaYYYoRR'S
dAALLeeyyyeerrS
duLLLaayiiiNNNggg
dEEElEEEYSSS
dddeeelEEE
dddeeellAcccTTTuBILLOOTTTIuuS
DDDeelEECCTTeeeBEEllIIITTTY
DEElleecTAbLLLEE
DDDIILLLeeecctttaaBBBly
dduuLLooocctttEEttEE
dddeeellleecccTTTAATTTAAAEEEnn
ddEleeecctttatttEEEUn'sss
ddeeelllEEgAAABBlEE
DALLLoggAACIeesss
deeLLLegggUUcYYY
dELUUUGGGattE
DDeLLLIIGGaaaTTI'SSS
ddUUllEEgaaTTTed
deeLEEEgoooTTAAASSS
DDDOOlEEGGGITTTInnG
ddeLLLIIGGooottteiin
dddiilleeeggIIIttAUnn'ss
DDDeeelllEEGAttooENNNSSS
dELLLEGGAAAtARRR
DeliiTTI
dUUUlleeeted
dddeellleeTTTEEERRRiIIuuus
DDDEEElleeettteeeRRRIIIOusLLLYYY
dddIILOOTiiRRREEAAAUUUSNNNisssS
DDEEElliTeess
deLLeeTinnnGG
DDeelllEEEtttion
DDOOOLLeeeTTUuNNN'SSS
dddIllletttiiUUNNNs
Daalllftt
DDDEllfftt'ss
dddULLFFtttwAARRREEE
DDDeeellFTTTwEEErrrEEE's
ddEELLA
DeLEEE's
deelllOOBBeRReete
dduuuLLiiBBiraTeeddd
dddAAALLiibeeerrrAAATTIILLLy
DAAlibbbaarreettOOONNEsss
DDDeeLLLooBBeeerrrooTeenneessS'ss
ddduLObbERRRaaTTEEES
DDelllIIIBBOORRaaaTIIINGG
DDDOOLLLEbbuRRRAAteOOnn
dUULLLEEEbbbeeRAAATTiiionn'SSS
daaaLiiBBBiRRRootAOOONNSS
DDDooLoobboorroTiVVVii
ddduuLOOOBBaaRRRaaTTiVVElllY
dddiilIIbbOrrAAtttORR
DDiLLLiiiccAAACCieees
DDDiiilICeCYYY
dEEELIICCCaaaccY'SS
DDeLLicAATooo
duuLIIICCCaaatteeLyy
dEElloCCatttiinnnissss
DELiCCUUTTeeNNeSSSs'ss
DDDeeeLLLicAATTTiiiSSsuuNN
DDDeeLiiiccooTEssssssEEnnn'sss
ddduuLLuuuCCCAATTEEESSSssennns
DDDEEELLiCiiioouss
DeeLLicccIoouuuSSSlllY
DDOOOLLiiiCCIIOOOoossNNIIsss
DDDAlIIcccIOOUUSSNEEESsss'SS
DDDiiiLLIIICCCTT
DDDiilleegHTT
DeeeLiGHT'SSS
dELLiGGGhhTTTOODDD
dalllaggHHtttiidddLy
dOOOLLLOOOgghhTTTEEDDNESSSs
diiilllUGGHHHttfffaaL
DDDeeelliiGGGHtFUUUlllLLLy
DDDAlIIIGGHHTTToonG
deelllIIGGGHHHtttsss
DDDeeeLiiMMiiitt
DDDEElllEEmoTTTaTTTee
dddEEEllluuMMUTTToteeddd
deLLLAAAmituuTTeSS
DDiiillomitAttaaaNNNG
dddUUUllliiiMiiTaaaTTTiiiIIInnn
dElEEEmItttAAtttEEEooonn'S
dOOOLLLuuMMMOOOtttEDDD
ddduulllIIIMoottteeeR
ddeeeliimmmOOOTTTuurrrsss
DDuLimmmITTTInnnggg
ddEELLLIImmOTTss
DeeeLoooNNNiAATTTEEE
DDDellUUNNNOOAAAtttaad
ddEElluuunnnEEEAAtESS
DDeLLIIINNOOOaaaTTTOOnnngg
ddElaaNeAttiiiOOON
dddaaaLInnnIIAATUUOOOnn's
DDoooLLLiiNEEITTTueNNsss
dddAAALLaNoooaaaTIIvE
DDeeeLLLEEnneiiiTTOORR
DUlllONNNQQQAEENNNCCCIIuuus
ddEliiNQOOeennCCYYY
ddeeLLLinQQEuuNcccy'SS
DAAAllliiinnqqqUUUIIINNT
DuuLLLAANNQUannt'SS
DDDEEELLIIINQeeeeennnttLY
DDElIIInQUUUEENNtttSS
DDeeelllEQQQUUUiSccce
DDDaaLLLIIIQQQuueessCCCaaddd
DDDUUUlllIIIQuueeescceeNCCEE
duuliQQQuuissccennnt
DeeellOOqaaOOOsCOOsss
dAAlaaqqUeeeScciiiNNNGG
dddeelirroA
dddellleerrrIIaESS
DeLIIIRoOEEESSLLYY
DEEElOOrrIIOESSNNESS
DDDeLLIriiauuusNNNeeeSS'ss
ddEELaaaRIIIoM
ddeelllIIIrrrUEEEmmm'SS
dilliiiraiiimmmss
DOOOlIIISSS
dddEllateeesCCeeNNNCuu
deLLLAAATuSScUUUnTTT
DEEEloVeeeR
duuullliiivEEEROObbbiiilllIITYYY
dddeLLLaaVEEERRUUUBBlllee
deeLLLiiivooorrAANNce
DDDEEELLLAvvvirrrAAAnCCCE'SS
ddOOllliVVVOORRReeeDDD
dddiiilluuuvveeeRRRurrr
DDDELLEEVVErruuur'ss
DElllUvvvOORRorrrsss
dEEELevviiRRiiiS
dddEEELLLuuVVVEEERRing
DDoLLLIVVVEErss
DDeLLIvvveeeRRYY
DDDoooLLAAvvveeerrryyy'sss
ddAAALLLuvvEEErYYYMMaaannn
dUUllAvUUURRYmmaaaN'ss
ddEEllaaavvvEEERRymONN
dddEEELLll
DDollll'sss
ddOOOLls
duLLOCCAlIIIzzzee
DIIILLoouuusssO
ddeeeLLLOOUUSEEEdd
DDIIIloasssEEES
DaLLLoooeseenGG
ddeLLppphhUneeeaa
ddaaalllPhiiiniUmmm
DIlppHHiiNIOOOMMM'ss
dElpppHHHIInnAAumss
dddEELttOO
DDeltttEEE'S
dEltttaaaUUcc
DeeLLLtttasss
ddeeLLLttUUUIIIDDD
dddEltOOiiddss
DDOOlEEEBBRREEmmm
DDeliiDDDE
ddduLOODeddd
ddEEELLLIDDDeeDLYYY
DEELLLudAAr
ddAAAluuDDuuuss
dddEluuuddiinGGG
dIIILLLogII
DDeLLaaaGGGEE'ss
DDDeeeLUGGOOdd
DDDEEElliiGGOSS
DDeLLLeeegiinng
dddeeeLLussiooNN
DDDeeLLLUUSIIUNNN'SSS
DDoollUUSSSOOOOOnaall
DEEllUUSiiioNS
delllIIIsiiVVVee
DAAALuSSSEEVEEllyyy
dulllUSSiiVVEnnnESSSS
ddeeLLAAXXE
ddeellVVVee
DDelVaaddd
ddeLLLVVIIIr
DDDEELLvveeRRR'S
dddEEElllveeRRRss
DEEELLVVVEESSS
ddellVViNNggg
DaaMMMaaaGGGNNeeetttAAZZuutiiooonn
ddduuuMMiiiggNNEtttiiiZZZITOOOooNN's
DDDeeeMMMaaagNNNottiZZOOO
DDDeMMMaaagggnneeeTTAAZeeeD
dddImmAAAgggnnnuuuTiiizeeRR
dduuuMIGnnnIIITTaaZiisss
dddiiimEEggNAAATIzzzoNggg
DDEEmAAAgggaaag
DEEEMeguuuGG'S
dddeeMaaaGoooGGUcc
DDemmmUGGOOgggAAAccceeelll
ddEmmAAAGGGIgggICaaallLLLYY
DDDuuumaGGGOGGGRRRyyy
dddUUUmAAAggUUUgS
DDDeeMAAggoooggUUUEEE
dddOMagggooogUUUEE'SSS
deMMMAAgggeeeguuueeeRRY
DEMagggOGaaaooory'S
DDDEEEmmIIIGogguuaaS
ddumaagggooGY
DDDemmmuGOOgY'sss
ddeeemmmooonddd
DDEEmaaaNNNDDD'ss
DEEMMMaaannnDDAAABBBLE
ddduMMaaNNDDAANNTTT
DDEmmANNNDDDuuDDD
dddOOOmmmeeNNDDDerr
DDeeeMMMiiinnndddersss
deMMMENdddiinG
DDDaaaMAnnnDDDuuuNNNGGGLLLyyy
dddeMMuuNddSSS
DDiiiMaaaNTTTUUIIIDD
deemmAAANttiiiiiDss
dEEMaaaRRRccuttti
DDeMMMAARRRCCCaaattteD
DEMaaaRRRCCCaaaTTis
ddeMMiiRRCCuutIInnnG
ddEEMAAARRRccAAATTTIInn
ddeMMiirrrCOTooeen's
DDDaaamaarccatIooonnnS
DDDoooMMORRccAtttiVa
DDeMMeeeRcAAtttaaaR
DEEMMurrKK
demaaaSSCUUllinniizzeee
ddEmmatEEErrrieLLLUzzee
DDDeeeMMAteeRRREEEELLeeezEEEddd
dddEEEmmIITAARRRaaalUZZZUUsss
DDEEMUTerrruILLLiizzziiNgg
DDEMe
dAAAmmmEEAAAnn
DDDUMMMIIAANEED
ddEEmmmeEEEnnnING
DeeemmUAAAnnOOR
ddaaaMMMOaNNNoooR'SSS
DAAmmEAAANNS
ddeeeMEnT
DDemmeenntteeDDD
dddImennTUDLLLy
DUUUmEEnnntttuuaa
DDDeeeMMeeNTTTiiA'SSS
dddEEEMUUUrriiTT
DDDuuuMErOt's
dEEEMMMeeerretttS
ddaaaMMeesNNeee
ddaaMeeeSSSna'S
DDIIImmUUUSSSnnnaaas
DDEmmOOBAAAsttiioooNNN
DDIImmIIcccAANtooNNN
ddeeMIIGGOOODD
doMMiiiGGGOdd'SS
dddeMigODDDddAAASSSs
DDEEMMMUgoDDDDEsSSS'ss
DDIIMMMuGGGOdduuussAAsss
DEmmmeGIIDDSSS
ddeeMMMaajOOOHHNNN
DDDEMMIIJahhhN'SSS
ddUUMMIIIJJEEEHnnnss
diiMMuuulllIttteeriZaaTTTiiioonnn
ddEmmIIIlllIItAAriZZZAAATIIIInnn'ss
DEEEMiilluuTTEErrrOZZZee
DDDeemmmoLiittarrrIzEED
ddUUmmeLLLiiiTTTaaarrrIIZZZEsss
DDDoMMMIllottEEERIzzziiNNNGGG
DeemmIllluNNe
duMMEMOOONNNDDDAAAInnnEE
DDDeMMiMaaNNdAAiiinnniii'ss
ddeeeMMOOMMuuuNNdddaunneesss
DDDoMMMIImmmoNNDI
DDuuummIIMMMOOOnnndeee'ss
DeeMMMiiinEEEruuuLLeezzzIItttIIIAAnnn
dEEEmmInIIrrraaaLLLAZZZaaatttiiiOnSSS
dddemmminnnOORAllleezUU
dddeeMMunERRAALLLIIIZZor
ddeeMMMIIRRREElIeeFF
ddEMMAreePPP
DDDOOMMMiiseee
dimeeesii'SSS
dddemeeesssuud
dddimOOSeeMIIIqqquuuaaavvvERRR
dEMMMiiSeeMMMIIQQAAVVOORRS
dOMiiiSSeess
dddAAAmIISSINg
dEEEMiiissSSSEEEOOON
ddeeeMMMoossTTT
DEEMMMEEEsssttEEd
ddEMMIISSTTTaaRRR
DaammAAASTTorrrs
ddEEEMMMiisTTTiinnnggg
DDIMaaaSSStSSS
DDDEMIIItt
dUUUmmiTTTuuSSSseee
DDDEEEmmmiiittAASSSSEEE'ss
dddomaaaTTAsssssES
dddOMMIIuurrgOO
DDDeeemmeeeurGGEEss
DeMIIUrrrGGaaaCC
DDaaaMMIIIRggICCUULL
DDEEEmmmIIIvaaaLLLttt
DDDeeemi
deME's
DDumubbb
DDeeemmmaaBBBBBIIIddd
dddEMAbbbbuuuNg
DDEEmuuuBBIIIllliiizzzootttiEENNN
dddiiiMooBBBIlIIZZZAAATTUUOOON'sss
dOOOmmaaaBELiZZuuu
ddeMMMoobELIZZZUUDD
DDDeemmoobOOllleezEESSS
dEEmOOObbboLLEZZeennggg
demmooBBs
duuMMMECCRRRiCCoooiiiSS
DDeeMooCCCraCyy
ddeeeMoccrruCY'SSS
DeeemmAAccrUUUttt
DDeMiiiccrrraaaT'S
ddEEmaaCCCrrraaaTTTaaCCC
ddaammmOOOccrrrEEETTTiiicAAlllLLLYYY
ddiMMMACCRAtttiiizzzotiiaN
DeeemmmeeeCCRRRUUUTToZaaTTIon'SS
dAAAmmOcccRRRAAATIIZu
dIIImmeeCCCrrrAAAttIIZZZuuudd
ddammocroootttiZeSSS
DDDuuMocccRUUUTuuuZZiiNNNGGG
DEmmoCrATTTsss
ddemmmAdooolAAAtttooo
DAMoooDDDaLLaatttooodd
ddEMMoodAAlllootttuuuS
ddEEmmuduuLAAATTaannGG
ddeeMoooDDOLLLIItttaOONNN
DDDemOOOdUUULLATTeeeeeN's
demmmAAADuLatttOORRR
DDEEmoDDuuuLUtteerrSS
dddAAmmUeed
ddEEMMoGGGRRRAppHOOrrr
DDaaMMaaaGGRRoPPhOORR'ss
DDEmmOOOggroPPHEERss
ddEEEMoooGGGrrApppHHIIIC
DDEEMMIIIGGrreepHHUc'SS
DDImAgggROOOphiCAAALLLLYYY
DDuuMMMuuGRiPPhhhaCs
DDeeemmooggRRRIIIppphICCCsss's
DDUmmmoooggRRRAPHHy
DDDEEEMMMaagggRooppHHyyy'S
DDEEmaaaoonG
dddIMMoOOsoollloo
deMIIOOOSSSeLLLLLuusss
DDDeMMMellush
dddEEmmmooLLLiiSSSheeD
demmmoLLLiSHHHEr
dduMUlIIsshhhass
ddImOOOliiSHHUUNNG
DDDeemmoooLLLIIITiuNNN
DeemullAAttuuuoooN'S
duuMOOliTTTIIIeNNIIISSTT
dEMMMoooLLLiiiTiOnnsss
deeeMMaaNN
DDDUUMMOnnn's
deemmmOOnnnEEtizaaatiioonn
ddaaaMMMoonEETTIIZEtttIIooNNN's
dddEEEMMMiiNEEETTTIIZZZA
DEmmOOONeeeTTTIIIZZZoooddd
ddemONNAAATTTIzzzUs
daaMMMANNNEEETTTiiZEEEnnnGGG
dddeeMMiiNNIIIoooc
deeeMMMUNNNaaauCoL
DIMMMOOOnnaaaAACCiiiLLLllY
DDDIIImmenUUUcc
dddEEMMoooNiiiccEElll
DDUUMMMaNIICAAllLyy
DDDemmmEENOOSMMM
DDeMMMOOnnAASmmsss
ddUmmmoooNNNiizzaaatttiiiuuun
DEmmUUUNNiiizzuu
DDDeeMMOONiiizzzUUd
dEEMMMooNNozzzEsss
DEEmmmaaaniiZZZiinnnGGG
DeemmOONOGrruuupHHHyy
DDDeeeMooonOLLaaaTTeeR
ddaammeNNNooolllaaTTrrraEEES
deeMMMOONNNOLLiiiTTRy
duuMMMAnnnuLLUUUGGGeeeSSS
dAAAmUUUnnnuLIIGGGiiiSTTT
DemOOnooolooGGyyy
deeemmmOONIIILLaGGGY'SS
dddOOmmmoooNSSS
demmoooNNNSSStRRaaaBBBiiLLLIItttIIIEEESS
DDEEEmmmoooNNNsssTTRRREEbbuulllOOOTTTY
diiMMMaansTTrAAAbllE
dUUUmOnnSSTTTRaaabbbLLLY
deemmmEEENNSSStrreTTTee
ddeMMMONssstRRREEETeeDD
ddduummmoooNssstrrrATTeeesss
deeemONssttrraTAAAngg
DDAAmmuuNNStRRAAAtAAAan
DDDoooMMEEnnSTTTRRaaatttiAAnnn'SS
dimmUUUnnssstttRRRAtttiOONss
dEEEmOnnnsTTRAtIVVVA
DemoooNssstttRRRaaatIIVEE'SS
DDiiimooonnnSSttrrrAAtttaaveellyyy
DOOmmooNStttRAtttIIvvEEENNNeessS
ddEmmooonsTRRAATTIVaannass'sss
DDEEmmmOOONNNSSttRaattUUvvASS
deeMooNsttRRaatttOOrr
DeemmuuunsttRRAAttOOOr'SSS
dddEmooNNssttRRaaTTOOOrrrSS
DDeeMMMiirrEEEllaZZZEETTEiiin
dImmmIIrALLUUUzzzattEOOn'sss
DAmmoRRRelUUZooo
dddeeemooRAlllIzEEED
dOOMMoraLuuzzuurrr
dddUUUMMMaaaroollliZZZUsss
DDeeemmORAAAllloozIInngg
Demoss
DeemeTeee
dddIImmmOtteeeDD
DDDEEmmuttAAS
DDEEmuTecc
dAAAmmmATTInGGG
dddeMMMaTiooon
ddeeemmmoooTTTioon'S
dddeemmaTIIIoNNs
DEEEmmmotiiVVVUUtttUUU
DEMMMOOOTiiiVVeeeTTTEEDD
ddduuuMoTTiiiVVVaaatIIIsss
ddEmmmitooVIITTUNNgg
dddIIIMuuunnnT
dddEEEmmoUNNTTabbLLII
DDDeeeMoUNTTEd
DDEmmoooUnnTeeennng
ddOmPPPssTEEErr
deeMoolllccUUnnT
DeMMuuuLLLccooonnnttt's
DEMMMUUlccciiiNttSSS
dddaammmuLSaaaFFIIIEEDDD
DeMMUUULLLsssiifffIIIESS
dddEMUULLLSuuuFYYY
ddeeMuuuLLLSSSiiiFyyIIInGGG
DDeeemUUr
ddAAAmurrr'ss
DDOOmeeeRRUUU
DDeMOOOrrEElllyy
ddeeemmuuurENNNEssS
dddEEEMMMUUURaaannnEEESSS'ss
DIIMMAARRerr
dIImUUURRustt
dAAAmmmiRRRRRAAAgee
DDDomuuRRRrraaGGGeS
ddooommIIIRRRRRRAAAlll
DDomUUURRRRaaLL'SSS
dEEEmmaaRRRALS
DaammuuurrRRREDDD
ddIIIMMMorrrrruRR
DuuMMMAAArrrreeRR'S
ddeemmmuurRRRerrSSS
dOMMMuurrrIIINNgg
dddEEmUUrSSS
DooMy
DDDommmYssstaaafIIICCatteeaN
dddEEEMYYSSSttIFFuuuciitttiiOOONN's
DDeeemmYSTEEFFOOOiiiDD
deemyySSTTIIIFFFiees
DEEEmmmySSttIfy
dddOOOMYssstteeFFyanggg
dUUMMYYYttHHOleeegiizzzAAtIoooNN
DDDUUUmmyTTTHooolloGGaaZaaTTIIIonnnsss
DDeeemmmyyythhollleeegggiiZe
DDemYYTThhhoolllIIggIIzuud
dEEEMyythaaLLiGGiiizUS
DDDEEMMyTHOOlllOOGGIIZiiiNggg
DDDen
DDEN'ss
DDDeNNar
DDEEnarOOO
DDDOONaaariiiAAs
DDENNAARyyy
DeeeNNaaattoouuNEEElllAZZatttiiEEN
dINNOOOTTIONNaaaLLiiizzzEE
DuuNNNaaaTUUUeeeNeeeLLLizzzedd
dddooonnAATEEEoNAALEEEzzeees
dddEEEnnnAAAttAAAOONNaaaliiziiiNNGGG
dddEEnnEEttOORRuuuLLLIIzzzeee
deeennnAtttIIIrrrOOLaaaZZZEEddd
dEEnUUttarrraaaLLLiZZZEs
DDDUUUnnAAATTTUUURAlAzzzIINNNggg
DEEEnnnAAtttUUrUUUNNNTT
DooNNNAATTuurrraNNtss
DDooNaaatuurrITTTiiioooN
ddeeeNNNAAtttURRee
dddeNatttuuurrreeeDDD
DDuunnettORaSS
DENNaaaTTTIIRRRIINNg
DEEENAAZuuufieDD
DDDEEEnnnAZZIIFFIIeeS
ddEEEneezzzaaffyyy
dddenniiizAAffyyiNg
DDDoonnnDRIIIfiirrmmm
DDEEnnDRRRiiTTO
dddenDDDrrIIITeee's
DAANNNDDRIttteess
DDeeeNDrrAAttteeCCC
DDENdddRReCCHREEEnnOOLOOggOOceeLL
DDDAAnDDROOOccchRROnUUlOOGYYY
DDDIINNNDrrOOUddd
DDEEENdRRRUUULLaGGOOssstt
daanDDDrrroollOOOGGGY
DANNee
DDDIINNNeGGGEEtttiOOOnn
dddEEnnnGGGoooee
DEENNNGUUUi'SSS
dddEENNIIIaabbiiliiitttYYY
dddEEnnOaaaBBBllee
DDDEEENNNIIIIbblyy
ddEEENIIAAAl
DDDaaaNNNaaaaLLL's
DDEEENNNiiaaLsss
dInnniiiEEDDD
ddEEnnnuuORR
DDeeNiiieerr'SSS
dddEEEnnnOOIIRRRss
DDeeeNNIIIEsss
DDunoooGRRitUU
DDeeenniiiGGRRaatedd
DeeennUUgggRRaaTTTEEsss
dddEEnnIgrAAATIINGG
dddEENNNeegggrrriiittIIoonn
ddooonIggrrraTTTIIOOn'sss
dddeeennOOOGGrrAAATTTIIAAANNNSSS
DDIIInnIgrrrETTeR
DDDENUUUggRatteRRRY
ddeNUUMM
dddeeNEM'ss
DDUnnniiiMMMSSS
DDDuNNNottReeTE
DDiiinnnOTTRiiiFiiieeDDD
DDDAAAnnIIIttRAfffEEESS
ddEENNIIIttRUFFY
duuNNNoooTTTreeFyyAAnnnggg
ddeNNuZZZUUNNN
DooonnnUUzzziinnn's
DDDeeeNUUZZZEEnnnsss
DDenuZZUUNNssHHOOOP
ddIIINNNomIIInnIttEE
ddEENNIMMMIINNNaaateDD
DDDeeeNooomminaaaTTTeeS
dOOnoMUUNNNATTINNNG
DENNNumOOOnnuuuTTIIOOONNN
ddENNUUMMAANNNaaTTTOOaaan'SSS
DDooNNNIIIminnATTTooooonnnAAl
DUUUNoMeeennATTooiiiNELissM
DiiiNNNaMMMOONNaatiiiENNNUUliSSMMMss
DDeennOmmmuunAAATIIIanns
deeennaamENETTiVVVEE
dddiinnnamunnaatttoooR
DEEnnnommmiinoTTTOR'SSS
DDUUnnoomiinnOOOtoooRRRS
DDOONNNooottAAATTTIIIAAANN
DDDeennOOOTeeeTTTiiiOOn's
dddEEnnnotAttOOOooonEEEll
dddiiiNNNiituuTiOOOnnns
DDDEEEnooTTAAAtaaavvee
DDDEEENNiitIttaVEEELLYYY
Denaaatee
ddEEnnUUtttEEEdd
DeeeNNNOTUUUss
DDDaanneeeTTTiNNg
dEENNAAoammmEEEnnT
DENNoooUuuuMMMEEENNNt'sss
dEEnnoooOeeMMMEnTTTS
dEnooUUnnccEEE
ddeeNNNuuOOnnnCUDD
DEnnOOOooonCCCemUnnTTT
DuuunnooounnnCEEmmmEEnnt'ss
ddeeNNOOOUnCooMMMEEntttSS
dddeeennoooiiiNNNcOOrr
ddEENounCOss
dddeeeNNNEEaannnccunng
DDDENNNS
DDDeeNNsssee
DDDiiiNNNSSULLYY
ddeennsEnnIIssss
ddaaaNssAAAnuss'ss
dENNsseRR
DDDeeennnsussT
dddEnnnsssiiiFFYY
ddENNNssaMMMOOOTTurr
dddEnnsssiiiMatoooRRss
DOOnSSIIItttIIEEES
ddEnssIttummmEEEtttErrr
ddenSSiiittoooMMUTEEErrSSS
DDDiNNNsIIITTyyy
DuuunnSIIITTy'S
deeennnTT
dddEEEnnntt'SS
DDeeennnTTTal
dINtUllleuuumm
dddaaaNNTTTAAALLllyyy
dEEEnTTeTTTeee
dddeNTTaatiionnn
dddEEEnnnTTTEEEDD
DDDeNNTTeLLLeee
DDeennttIICCLLe
DentttEcccLLLeS
dddeenntIICCCuuuLLLUUUTOOO
ddENTTUCCUlllaaTOOonn
DDDeeNttteeFFFIrrmm
deNNTTTiiFFFRRRiCe
DeeeNNNtuFFFRROOOCE'SS
ddduunnTTuuffrrICCeeesss
deeenttill
DDDeeNTTIIILiiBiioool
DEEENNTIILuunGuuAAAll
ddeeeNNtttINN
dddONTTTIInnn'S
ddENNNtttAAAnnnaLLL
DoooNTTiiinEE
DDDUnTTUUNNee'ss
DDDANNNTEEEnggg
DENNNTTOsssttt
dennttteeeSSSTT'ss
dddaNNNtttaaaSSTTrYY
diiiNNtttiiSSTTrrYY'S
DiiinnnttIsTTs
dddUUNNTTTaaaTTIoonn
DDDeenTIIITiioonn'SSS
DDDEEnnToooAAd
DDDAAANNtSSS
ddINNNtttAAArE
DEENNNtttuurrrIII'ss
deeennnTUUUrOOs
DennIIIClooEERRIIIzzzOOO
DDDEEnIICLEEEOOrrIZED
ddennnUUUcclleeaaaruuuzzziiS
DuunnUUcclEIIRRIzziiiNNgg
deeennUUUdddaaTTiii
DDDeeeNuuDUUTTTIIIDDD
ddaaaNuDUUUtttoos
DDDeennaddAATTIIInGG
DDDEENNNudIITTiUN
DEENNiiidddAAtttIIIoonn'ss
DDDeeennnaaDDDI
donnnUUUDDDEDD
dUUUnnUUdEs
dddEENNNUddaNNgg
DDeennnUUMMEEErraaBBLLLUU
DDoonnUUNNNccUUUtttu
DDDeeNNNoncIIIaaaTTIIonn
dddEEnuNCCCaaatUUOnnn'SSS
dddEEEnuncccIIaTTiiOOOnss
DDDonnnaaNNNccciiiAAAtovEE
ddUUUnEnCCiaaaTARRy
DeNNNyy
duuunnYYYIInnGG
DDDauudAAAnd
DDAAooDDDar
dddEodddARSS
deEddiRRRIIIntt
DDAAoDDDorrrUnnnttt'sss
dddiioDDORRREnnnTTTS
DaaooddoorEEEZZZuuuTeeeOOONNN
dddeeOODDuuurrrOzzaaTTIENN'ss
DDDAAAoooDOOORRRIIZZZe
dddeeooodddirrrIIZeddd
DDEEaadOOROOOZZer
DeeeODoooRRIzurr'SSS
ddaEEddEErrAAAZZZaaarrS
deoooDDDOrreeeZUUUs
ddUAddOrrruuZIng
dddEOONNtttOOloooGGGYY
DEEEuuuxxUddiiiZZZOO
DeeoXXODuuZZZEEdd
DDDeeExxxIIIDDaaZZes
deooXXXIIIDDDooozzzUNNNG
ddiOOxxyygenAATii
daoooXyyrrrOBBoonnnuuuCCCLLLeAAAssse
dAAoooXXYYYRROObbboseee
dEEoxYYRRIIbbeeeSESS
dAAAPPPeRRRtt
ddiipppUUURRRTTTUUddd
DDDooPPPAAArrtttEdd'SS
dddEEEppURTTEEEii
ddEPPPAAARTTTEnGG
dEpppaaarrTTMMuuNNNtt
dduuuppARTTMMUNNNTT'ss
DDDEEEPiirrttmmAAnnnTTTaaLLL
dddepppaaaRRttmmmEENNNTTaallloosssm
DDIIPPAAArTTTMMMEnnTTaaLLLiZZuuuTIonnn
DDDePPPUrTTTmmaaanTTaaaleezzaTTIIIOn'S
dappAAArrtMMEEnnTTaaLLLIIzEEE
dddaaPaaaRRRttMMEEEnnnTTAALLLEEEZZiiD
DUUpARtmmEENNNTTIIllliZeeeSS
DDDapppaRtMMMEEnnntttUUUluuuzzaaaNG
dddiiiPPPAAArrrtttmmmooonntElLY
DDeppAArrtttmmmUUUNNtttss
dddeePPoRttS
DePPPaaarrtUURRUUU
dddePPPoorrrtturu'ss
DDDePPUURRRtttuuRRiss
daPPond
dddeeePPeeeNNDAABBiiilEty
dAAAPPPennnDDDuuubbbeelliiittYYY'SSS
dEpppeenDAABBllE
DuuppEEENNddUUUblleeNIIIsS
DaaaPeenddebllleeeNNNasssUUss
dEEpppENddIIIbbbLLLyy
ddePPEEEnnddAAAnccO
ddiiPPPeeennnDiiNNNCCCAA'S
DDDeepppeeeNNDDDIINNcccyy
ddiiipOOnnnddiiintt
dddeePPaaandAAnnnttt'S
dddAAApppeenDDaaantttss
dduPEENNdddiiddd
DEEEpppuuuNddAnnnCi
DDeepppEEnndeNNCCCO'ss
ddEEEPPEnnDIINNCCeeeSS
dePPPEndeNNNCYYY
dEEEpppeeenDeeennnccyyy'ss
dddeePPPIInDeeeNNt
dePeendddeeNTT's
ddEEEpppEnnnDDennnTLLLy
dddEEEPPENNNDaanttsss
DDDuPeeeNNNdInnngg
DDDEEPeeenDS
dddoooPPPEEERsUUNNNAAllizzzuuutIIIOOOn
DDDEEEPPerssuunnnIIILLLIziii
DDDIIppooRRRsssONUULLLUUZZEd
DDDEEPPeeeRRSeennUULOZZZEESSS
ddeeePEErrrsssooNAALLLaZuuNG
DDDOOPIccT
DIIPPIICCteDD
ddooPPPiiiccctOOR
DDEEEPPPiictEnnnGGG
ddepppOccttIIIoN
DEEEPPEEEccTTIOOn'SS
dddAAAPOOccttiiOONss
dddEEpppiicTTTorrr
ddIpIctSS
DDEpppiiicccTurrE
DDDooopiLLLaaTTE
diPIIIlllAAtttORRIIesss
dddOPiiLAttarry
DDDeePPPuLLaatoorYYY'sss
DeepppluuNNEEE
dddeePlllaaaNEEEDDD
DeeePPLLLAAANesss
ddEPPPlEENNuuuNGGG
ddeepplleeTTee
ddAAApppleTTTEEEd
dAAPPPlAAttees
dddEEplllEEETTTOOnG
dEEPPPlaaaTIOOON
dddEppplllUUtiiieeN'S
DDDaaaPPllluuuRuBLoo
ddeePPLooorrraaBBBllY
dddeeeppplORe
ddEEEPPPLLLOrID
dddEEPPllliiirrrEES
DDDEEppllUURROOOnG
ddePllIIIyy
ddAAAPPLLLAYYYaabbbeeeliiiTTYY
DDeeePPLLUYYAAbLLaaa
DDDuuuppLLLoooyyyeeeDDD
deeepLLUYYIIInGGG
dddePPlllAAAyMMMeeenttt
DDDAAPLLLoYMMMoNNNt'S
dEEpllloooyyyMMMEEEntss
daapppLLLOOyS
diipllUUUmmuuu
DDDeePPPlllummmeDDD
daappLLiiMMMeeeSS
DDIIIpplUUMMOnnnGG
DiiPoollUUURUZZattiON
dddeeePEllliiirrEEEzzzAtueN'ss
ddEPoooLLLURRIIIZottIIANNNss
ddEEPPOLLAARiiizzi
DDupppeeLLLUURRRIIzzzAddd
dddEEpppUUUlluurAAZeeess
DePaaaLaaRRiizzIINNg
DEEPPUleTICooZZZeeettOOOn
ddEpooLLiitaacccIIIZZE
dddeePPOOlliiTaCCiiZeedd
DEpppOOOLaaTTTiiiCUzOOOss
DDAAPPuLLaaTTTocccuzzzeennngg
DDDAAppoollYmmmeeeRRoooZZAA
dddOOPenE
DDeeePaaNNIIIddd
dddIPaannnEENNNttt
ddEEpaaNNONtt'sss
ddduuppOOOnnOONNTTTs
DEEppOnnnEEEsss
duuuppOOOniiinnGGG
DDEEpIIIPPOLLLAAteee
dddEEEpppiippUUULaaaTTAAAD
ddUPPupuulllEtesss
dIIIppOpUUlllaTInnngg
dIIIpppopppUUULLLiitttIONN
DDDEEEPPPoooppUUlllATTTAAIn'ss
DDDEpAAArt
dddiPPPoRRttAAbbbLLee
DDeepppooRRTAATTIEEN
DDDEPPPoooRTTTaTIInn'SS
dUPArrrTTTutteeanns
DDDuPPorTeeeD
DDDiiipppoooRRRToEEE
DDEppiiirrTEEe'SSS
DEPOrrrtoooUUsss
DDDIIIpppoorrrTTinGGG
DDDiiiPPUrttMEEEntt
DDOOPOORRtttMMMENTTT'SSS
ddIIpppiiiRRRTS
dddEEppOOSSiilll
DAAApoSSSiii
dEpasssAADD
dEppoooSSSEES
DDeeePPoooSSSOnnnGG
dooPPPIIISSSIItt
ddEppoooSSIIIt'sss
DaaPPOOOsssEEETToorry
depooossiiiTTTeeDD
DDEPooSSeettIINNG
DipppEEsITTiiiOOOnnn
deePPPosiiTTTiiioooNNN'ss
DaaPiiisssitttieNooLLL
DDEEpUsIIIttUUoooNNNS
deeePPIISIIItaaar
ddEpppIssOTToooR'sss
deeePPPEESSSIItttOOORIIESS
ddEEEpppoooSiiitORsss
DDDUPPooosssitttERRRYYY
DEEEpppooSAAAToorryy's
DDePooosiittSSS
DDEEEPPoot
DApooTTT'ss
dddePootttS
deePPPRRRoVeee
DIIIpppRaaVVIDDD
DeeprAAAvvESS
dOOPPPrrraavveeNGGG
DDDEEPPRaaaVAAATTTIEES
ddeppRRRaaavvIIItttyy
DDePPrrAAVVViiittty'sss
DeeePReeccaaTTTo
ddoooPRReeCAtttUd
ddOprEEEccaaaTTTaaS
dApppRReeeCCAtttIINggg
dePPPrrreeeCAAATTTiNGGlY
DEppprreeeCaaTTiiiOONN
DDDeprrEEECaaatIIEnn'SSS
DiiPRaacIITTTuOONSSS
DDeppprroocccaaTIIIvvve
DDaaprreeecccItORR
DDEEPPPrOOOCCooottooorry
ddEEEpREccIIaabLLEEE
DDeeePrrEEECCaaUUtttE
ddEEEPPrreeCCCIAATTTEEDDD
DDeeepppraaaCIIoooTTTIIsss
dddEEPPPRRRiiicccoooaatiiinnnGG
ddooppprreCCCAaaaTTeiiinnn
DDeeePPRiiCCCIIIOttaaaenn'S
DDAAAPPPReCOOOeTooVaaa
dEPPRRREEccAAATTOr
DDDIIPPRECCCiiiattORSS
DDEpprrUUCCCIaaaTTToooRRYY
DeepROOOdate
dOOppprrEEEDDOOTOOOONNN
ddAPrrooDDDAAttiiiUUUn'ss
DDDEEEProdddATTTIOnns
dddEpppRREEEDETTAARRR
DuprrEDDEtARRy
dipppRRRooSSS
dddUpRAAASSSsssUUUNNTTT
DDDEEEprroooSSSSSSuuuNNNtt'SSS
ddepriiisssSSaaannTTTs
DDeepRAssssIIID
deeePPrrUUUSSSSooss
ddIIppRRAAssssiiiNNNGGG
dEEEppRRREESssanngllyy
DEEpprrrAssAAOOn
dEEPrreeessSSooun'S
DDeppREssSIIoooNNNs
dddeprreeSSsevvvee
DDDEEEprOSSSsssiiiVVVE'sss
dEEpRRReeeSSSSSiivIIILy
DDEEPPPRREEsssSuuVVVESS
ddePPPrreeeSSSSSSaMMEEEtOORR
DDEPRRReeSSSsOOr
DDDEEEPreesssUUURRR'SS
dOppRRESssOOOrrS
duPPRReSSSSEErrOzzzAAttteeeEEEnnn
DeeePPPrEEESSSSSAArriizzzee
dddEEEPPrrrAssssuuuRRRiizzzeeeDDD
DeepppRRREEESSsssuuuRRiiizzEEs
dddeprEEESSSSSuuuRRUZOOONg
ddUUUPPPRIIIvvItIIIuunnn
DDeeepppRRIvAATTIIIoonn'SSS
DDDAAprrrUUUVVVIItiiiOOnnss
dEPPPRRRiVVVEEE
DDuuuprivveeeDDD
dddEprruuVaS
dddepRRRoovvvoonng
dUUUppprrroooGrUm
dddeepppRROOOggRRRAAAMMId
ddaaaPPPRRRoooGrreeMMMIIINNNGGG
dEpprrOOOgggRoooMMMmAAAD
DaaPPPRogRRRAAMMMMERRR
DDDEEpppRROOgRimmmmiiNG
dddOPRRROGGrrriMMMsss
dddeeppSiDii
DDEppttHH
DeptttH'S
dddIIIPTThhhSS
DDDopppuuRRRATTTeee
DDDEEEPurrrAAtttIIIvveee
ddeePPEEtttAATiioon
ddEpppuuttAAATTIIIoNNN'SSS
dUUpppIIttitiOOns
ddeePPPEtee
dddEEPPatEED
deeepppIItttEESS
ddUPuuuTTTiiSSS
ddaaaPPPOOOTIIINGG
DiPPPUUtIZAA
DDeepppAAAtttOZEdd
ddiPooTIZZOOSSS
DDeePUUTTTIIzIInnGG
daaappaaatyyy
dddePPUUTyy'SS
deeRReeCCCIINaattteee
deeeRAAACCiiinnAteeeD
DOORRRoocccEEnnEEtttes
DDDeeerIcccIInnnaaTIINNNGGG
DDEERaaaCiinnItIIIoN
ddeRRRooooooGGnn
DDeerrrAIIIl
DDDEEreeAAllEDDD
dddUUUraIIIlIIInnng
DDaRUUoooLmmmoNT
dddeeeRRAullMMMeenT'SSS
dddERRiOlllmmanntttSS
doooRRRAEElsss
DDeeeRRReeennngggu
DerrrAAANNNgEEddd
ddeRAANNNGGGeMoNNNTT
DDDiirrroonnnggEmEnT'ss
ddaaRRAAANNNGGeeS
derrAAAnngggINgg
dERAAAtiiooN
DDDooorrrBiiaSSS
DDDErrbyyy
dddEEErrBBBYYY'S
DDDeerreeeGOOlllAteee
dduRRRoooggalllaTTeeDDD
DDooRRRiGGUUllATeeS
DeRReeGaLutiinnnGG
ddderruuugggUUlllAAATTTUoonn
DDDoooRRRAAAggUUUllIIITuOOnn's
DDDiiiRREGGGoooLLLooTTTEERy
DDDOOOreeeeeeSm
DDuRRRiiLLLiCCCT
dURRReeLEECtt's
DeRaLLLUUUcctttAAON
DDeeRRElOctttiiooN'ss
DAraallEECCTTTaOOnnnS
DERRREElllocTTss
DDDeeerrruuuDDii
DDDeerriiiddeedd
DeeeRRRIIIDDEEErSSS
DDIIRRIIIdUUSS
dddeeereeDDuNG
dddEERRAsssiiibbbllO
DDeeerrriiiSSAAooNN
ddORoooSSUonn'S
DuuuRREEESIVOO
DerruuusIIIVVEEELLLYYY
DDDERRisIIveeeNNNEssss
deerrUUSSiivvvUnneessss'SS
DDDeerrOsssoorrYYY
DDDerreeeVVVAAAbbLLu
ddeeerrOOvvvaTuuooonn
DDeeerrriiVVEEETTiiionn'sss
dddAARiivvvEETTiiUUNNaaLL
DDDEEErrIVVVAtIIOOONNS
DDDEEErrruVIIITTTiiiVeee
dddeeRRaaaVVAAAtttiVE'ss
dddURRRIIVVAAATTIIIveellYYY
DDOOORRRaaavvvAAtIIIvvveess
dddeerrAAAVVVUU
DeRiiiVeed
DDDArrrivvveesss
dddEErrEEVIIInng
ddErrrmaaa
DDERRRmOOOBBBRaaseinn
Deermmmuulll
DErrrmAAAs
DDURRmmuuutttiiiTuusss
DDDeeeRRRmmmAAtttIIItISSS'SS
ddAAARRRMMuutttOOOgggEEENN
DermoottugLLLyypphaaacSSS
DDUUURRRMaaattIIEddd
dEErmAAAtttolllOggocAAAll
DDERmAToLLLoGiisssttt
DDDeeRRRmmIIITTTOOLoogiST'ss
DDDuurmaatteLLooGGIStSS
DDDerrrMMoottteeLOOOGGYYY
DErMMMOOtoolOGyyy'sss
dddurrmmUtOOOMMUUU
dIRRRMMaaattoMeeSS
DEEErrMaaattaaapHHYYYtiii
dddeeeRmaaTTEpLLIISSTTyyy
deRMMMAtttASSEss
dEERRMMiiS
DDDirmmmIsss's
DDErmmEEIDD
DDDarooGGaaattteee
dddeeRooggATTiiiDDD
DorAGGGaaatEEsss
dddErogAATTUUUNNG
DDEERRoooGGGitttiOOONN
DDDuRREEGGAATiiiOON'sss
doooRiigggItttEvvveee
DaRRRAAAgOOOTTTorrOOOlllYY
duuroooGGEEEttory
DERRRRUUCCCK
dddAArrrrrrooCCCkk'sss
dddeerrRRiCKKs
dddAAARrrinnGGGERR
DDDeRRRROnGuuurr'SS
dddeeerrrRRRiiinnggERRSSS
deeeRrISS
DDDEEErrriisAS
dddeeRRrroèrrroo
dddiRroooèrrUU'sss
deRRrrrIIIèRRoooS
DDDeRRryy
ddderrrVVV
derVVAAshh
dARVVIISSSHHH'ss
DDEEErvIIISSShEES
DeSaallliNNaTTe
DusssAAllIINNNEttteD
dddeeesuuLInnnAAtttiiiSSS
dddeeesssIILLOONAAAtiiing
dEEEsiLLLANAtttiiin
DDIIIsssALLiinnnAAtttAAon'sss
dddeeeSSSaaaLLiiNNaTer
ddeeessAllliiinnozzzoooTTTiiiOn
DEEESSSaallliinnnOOOzAAATTaaaUUUNN'SS
ddessAAAllIIInniize
DDEssolleNNIIzzzAdd
DDDESSaaaLLiiinnIzzzEESSS
ddooosUllennnIIIzzIINgg
DDDassuLTT
dddesallTTTEd
ddUUUSSiiltttIIIr
DDDasAAAllTTUUnnG
dddiiissalTsss
DDDeeescccAAALLEEE
DDDiSSSCCuLLLiiiD
ddEESSSCCCEEELIISSS
ddeeeSSCCCAALLoooNNggg
DUUSSCANt
DDDEsscccaaannTTT'SSS
DDOOOSSccINNtttaaaDDD
dAAAsssCAAAnnntttoooNGGG
ddduSScaaannttts
dddeeSSCCennndd
dEESScIInDDDUnt
DDDesssCOOOndIInttt's
ddEsCIInnnduuNNTTTSS
ddIsssCeNNNdeeedd
DeeesCCannnDDDeeennnTT
deeSSScccENddeennnT's
DOOSCaannDDDeeenttSS
DDDEsCeenddEEERRR
dEEsssCennDDERRS
dESSSCCCooonnnDubLLUU
ddUsCeeeNNNdiiNNGGG
DDDEEESSScconnndS
dooSScccennnT
DDeSCCConnTTT'sss
deeSSCCAAAnnntttss
dddeeeSSSCCCrrriiibbbAAblee
ddessscccRIIBa
dddaaasCCCRRibbIIIDD
DESCCCRRIBBEEErrr
DeesscrrABBEEEr'ss
dduusssCRRRooobbburs
ddooossccrIIIbbEEES
dddEEEsssccrrrAAABIINGGG
dddIIISSSccruueeeDD
DDaaassscrrriiEs
DDiisCCRRROPPtttIONN
DDIIIssscccrrIIPPPttiiiOOOnn'sss
ddeessscRRRuuPPtioooNNNss
DDessCCCrrriiPPPTTTiiVVee
DeessCCCrrrEPPPtiivvvEElY
dddeeessCCROOOPPPTTAAVVVOOOneesss
DuSSSccRRiPPPtttaaVunnnEssss'SSS
DDDesscRRaapppttooovOOOsssMMM
dEESScRRRIIppttaaarrr
DEEsssccrIppttooRRs
ddoSccRYYY
dddessscRRYuuuNNGG
DaaSSSeeCRaTUU
DDAAAsssIIIcrrrAAtttEd
DEsEECCRRRaaTTEER
dUUssUUUccRRRIttess
DDeesssEEEccRRREEETTonnnGG
dddiiisIICRIIITTTOOaaNN
deeeSEECrraaTTuuoonn'SS
DDIIssseCCCRRRAAttOOOR
dddiiSSEEgggrrOOgggEETTTeee
DDDEEESSegrrEggAttteeedd
dEsEGrrreeggaaaTTTEsss
DDEEEssUUUGGrrrEEgaaTTTiiNNNgg
DEEESSeeGGGRRRoogAAtttIIunnn
DDEEESSSOOGGrrEEgAAAtttIIUn'sss
DDDEsssEEgreeGaaattIIIeennnIIIssttt
dddeeeSSSiilleeeCCCt
DDEEEsssEElloocttEEddd
dduuSSEEELLLECTTTOnngg
DDESSSAAALLLooCCTIUn
DeeSSSaaLLOOcTSS
ddduuusENsItttEEzzAATEOOnnn
dddeeSUUUNNNSiiTTTaZZaaTTTAAoNN'S
ddiiissUUnsssiiTTTUzzzA
DDDEEseeNNSiiTTiiZZiDD
ddeeeSSSeeeNSSSitttuuuzzUUUrr
DIIISiinnnsiittooZZZoos
DDDesssAnssittUUUzzziiinnnG
DESSSuurrTT
DeeSSeeerrTTT'sss
DOseerrtAAADDD
DEESSSurrTTTeeer
DEEESSSUUURRttiR's
DDeesAArrtttUUUrrrS
DEEESSeeRRRtttUfiiCCCAAAttteeOON
DDeeSORRRTTUUnng
DesssAAArTTiooonnn
DDDAAASSaaarrTTiiAnn'SS
DDUSSSOOOrTTIIOOOnsss
DDDEssserrtts
deSSSEEErrVVVee
dEssuuurrVVeeeDDD
DDDUUUseeeRRVVViiDllYY
deSSoorrrvvEs
dddeseerVVEENg
dddeeSaarrrVVVoonggglllyyy
DDEEEsseeex
DeeSSeeXeeddd
ddeeSIxaaasss
DessEEEXXinnnG
dEsiiXIAliizEEE
dEEEssseeeXUAALLIIzzzeeeD
DDDuuSSSeeeXUaLIIIzzUUUS
dAsaxUUAlllIIIZZiiinG
ddesssIICCCCaaannTT
DDeeSUUUcccCCaaNT'S
DDDaaSSiiicCCAANttSS
dddEEsIIIcccCCCottEE
DEEsUUUCCCciittaaDDD
ddeeSSIICCCCCItttaasss
DDDaaasICCCCCAAATToNNNGGG
daaaSSUUUCCcaatIIeeeN
DDDoosiiCCCcatAAAOOOnnn'SSS
DDeSSSuCCccEEEtIIIVVVuu
DAAAsiicccCETTTOOrr
dddeeeSuCceeettiirr'ss
DDuuSSSICcatttoRRss
DeesssiiidddEEErrriTTAA
deeeSSiiiDDDeriiiTAA
DooSSiDIIIrrreTToVVVUUU
DDeeessODDIIIRREEtttiiMMM
ddOSSSiideRaaattuuumm'ss
ddeeSuGGNNN
DDEEESEEggNN'ss
ddEEEsoooGNNaaaBLLee
dddaassIIgggnnnAATTe
DDooosssigNNNEEETiid
dddUssiGGNNNAAttiis
dEESIggNNEEETTTUNNGGG
ddduuSiiiggNNNATIIOOnn
DDDEsIIIGnoootttEUNNN'sss
diiSEEEGNNNAAAttIIONs
dddessuGGGNUUUTTIIIvii
DDESSAAGNNNaattuuuRR
DIssiiGGNAAAtttorsss
DEEssIIggnnEd
ddduuuSSSiggNNIIDDllyy
duSSSuuugnnuuRR
dddOOsssIIGGGNNEEErr'SSS
dEssseGGnniRRRS
ddaaSSSagnENNNgg
DDDeeSSSiiiGGNNNIInnnGG's
ddeeeSSIIIgggNSSS
dEEEssENeeNNCCCEEE
ddeeeSoRRRAAAbbiilllIIITTy
DuuSoorAbILLLittty'sss
DeSSSiiREbbbLEE
DosaarrrIIbbLEENNEsssS
DDEEESaaaRRIIbbLLuuNEEESSSsss'S
DDeeesssIIrraaablllYY
daSSUUUrrru
DDDeessIIRRE'sss
dddAsssIIIReDD
dddaasssarrrEER
DDaasOrOs
DDDeeSEERRINNGGG
ddeeeSSiiiROOOas
ddAAAseeesssTTT
DDDesssuuuSSSTTeDDD
dddeeSIIISSStttAAANg
dEESSSUUUSSts
dddeskk
ddeeSSSKK'SS
dAAASKuuLl
DDDiiisskkuLLlEEddd
dddEESSSkkkOLLLiiNGGG
deeeSSKEELLLLLLsss
DDUUUSSSkS
DDDeeesssKKttOP
desKKKtUUUPP'SS
dddeesssKtttopS
deesssMEENNN
DaaaSSmmUDDD
DDDIIsMMiids
ddassMuiidd
dddEEESoolATI
dddESSOOOlllUUtttIIDDD
DDooSeLatttILLYY
ddUUUsuLLAATuunEESSS
DDDEEEsiiiLLITTTEEnneeessSSS'S
DDDEsssOOOLOOOtES
ddeeesssiiillaaaTTIIINNG
dddesssoooLLLaaatttAInnn
dUsssOOLaattiiiOOOnnn'SSS
DDEEESUULLLEETTToorr
DDDeeeSIIRRRB
DDDEEEssooorrrPPtuoon
ddeeeSPPPAiiiRR
ddessspAAiRR'sss
DUUUSPPAAAeeeREEDD
DDDASSPPaaaiRRRiiiNNGG
deSSPPPOOOiiirriNNNgLLLY
DDDUUUSSSpppAAAAARss
dEEEssspppoooTTTCCHH
deesspppIITCCChhh'S
DEEEspppATTTCHHOOddd
DessPPAAAtCCCHeeS
ddduuSSSppUTTcHHHAANNNGG
DDDeessspIRRRaaaddiii
DDDASSSPPuRRROOODDDii's
dASPPPEEERoddOOOESS
daSSppEEErrrAADDooSS
ddeesPPPERRRAtteee
DDiiisPPPaaarrraaTTelyyy
DDDEEssPPIIRIIIToooNEssssss
DISSSPPPeRAAATTinnneeeSSss'SSS
ddussspppeeerrraTTTAAAoooNN
deeSSSpppARRaaaTTTIIIaaaNNN'SS
DeeeSSSpppeeeCCaaaBBBlEE
ddEsspppIIccublllIInnIIISSs
DeesPeecaaBllleeeNNesssssEsss
dduSSppiicAAAbbLYYY
DEEEsssPPPIssE
DEEESSSpuuuSSSiiid
dddeeSSpISSerrr
ddesppIISSeees
DDEsssPiissANg
DDespppITTE
DESPPPITEEEfuuulll
dddOOOssppUUEEl
diiiSpppoooLoodd
DDEEEsssppAAIIlleerr
DESSSPooIIllleeeRRR'SSS
ddEEEsPPOiLLLuursss
dAAsPPPOIIILLLIIIngg
dddeeeSSPoooeelMMeeeNNNtt
DDDIIspauuuLLLmoooNNTT'SSS
ddEEESSppOOOiiilSS
DDEEEssPPPuLLLiiiaaaTTTiiiOn
DEsspooLoiiitteeEEENN's
dddeeesssPPPoooNDD
DEspIIndENCCCOO
DeeeSPPPoooNNdUUUNNcceee'S
deSSPiNddOOONNcyy
DESSSppUUUNNDDEEEnnnCCCY's
ddaSSSPOOndddeeeNNNttt
dddEEESSPPOOONNNDDDeeNTTTLY
ddOSPaaNdIInGlyy
DeSSPPPooTTT
dddESPOtt'SSS
DOOOsppoootic
DDDuSPooTTiiicccAAlllYY
DDuusssPPOtoooSmmm
ddEESSPPIIIttteeSmmm'ss
DDDAssPOOTsss
DESPPuuummaaattEE
DDDEEESSqqqAAAAmATEEE
DDDeSSqqUUaMOOOTTedd
DOOsquaMMMeeettaas
DUUsssQUUaamuutttIIInnnGG
ddeSSSsssiRRTT
ddEssSSSeeeRtt's
dddisssssuurrtss
deesSSSooRRRtSSpppUUuuunnn
DDDEEssssseerttSSPPPOOOONNFFFElll
DDDeSSSsIIIrrTTTsssppoOOONNNfULLsss
dddEEESSSsooortSPPPooiNNNsss
ddEESSSseRRRtttSSPPPOOOOONNNsfUUULL
DessssIAtttAAANNNEEE
DDosssssiiiUtttiiNNNiiiss
deSSStttAAABBBIIlIIZZZaTTiIInn
DESStteeebbElluZZZaTIEnnn's
dddIISSSTTIBBAAALLIIIzE
DeeeSSSTubbIILIIZZZEED
DeeSSSTTTABBaalllizzzeeSS
DESSttABBBiilEZZiNggg
dddEsTTTINNoTEEoN
DDeestttUUUnnnoooTTTOOOinnn'S
ddISSSTTIIINuuutIIOOnnnSS
DDeeeSSTTTiiinnneee
DDDiiisTTTIIINNNeD
DDESTTTaaNNNUUs
desttInIIEEss
DeeesstttonnEEENNg
DDIIISSSTeeNYYY
DDDEEEsstttIINY'ss
DDeeeSSTTTIItttuuuTEEE
DDDESSSTITIItiiooonn
DDISTuuTTTuuuTEEooonnn'SSS
ddeeesstttRRiOOORRR
dEEEsTTrEEyyy
DDDuuuSSTRRooyyEEbbLLoo
DDooStttRRROyeeed
DDeeSSttRRRAAAYYErr
dEEEStttrrrooyyyIIRR's
DDDEEESSSTrrEEYYirrSSS
dESSTrOOYYYinnggg
DDuuuStttRROYYsss
DDUStRUUCTT
ddEESSSTTruuucT'ss
DDDeeestRICCTTTid
DDDesssttRRUUUcTiiibbbIILLittYYY
DuSTRuuuCCTIIbiilItYYY's
ddoSSStRRRucTiibbblaa
DDAASttRuuCCTTiinnggg
DooostrrriictuiiNN
dddeessttRRRUcccttIIIann's
dassTTTRRuCCCTTIIIeeeNiissT
ddoosTTTrrreeeCCTTOOOVEE
DDDEsssttrruuCTTTIIIvveeelllyy
deeSSSttrruCtivOOONUUUsS
DOSTRRRooCTTIIIvvvuunnOOsssss'SSS
DDDuuSSTTTRRRooCTTURRR
dddoostttRRREcccTTTSS
DDDEEssUUEEEttUUUDDDEE
desUUUeTTTooDi'S
ddiissUUUlllFUUURRIIIZZeee
ddEESoooLLTTorEEElllYY
DDeeSSulTTiiiREEENUUUssS
DDeeSSuulTTuRY
ddetaaaCCCHH
dEEEttUCCCHHHaaBBBIIIlllIIIttYY
DDDEEtttAChhhaaBBlllA
duutteCCheeD
DDuuTTTAcchEES
DDATAAAchIIInnnGGG
ddOTTeCCChMMoooNTTT
DDITTTAACChmmENNNt'S
dETTTuuCCCHMAAnTss
DDDeetttaOLL
dddEttaIIIl'S
DEEETaaaiillleedd
dddeeeTAAIliiiNNNGGG
DDDeTAAALLss
DDDaaatttAAIIN
DDDOOOtttAAINeedd
DeeetttIInEEe
duuuTTTaaaiiinIe'S
dddeTTTaaaEEnnnuuuEESS
DoottiiiiiNeeerr
DiiTTaaaannaannnGG
DDIITTTeeeINNmmeenT
dEEtAAAiiNmeeNtt'SSS
DaaaTauuuNs
dddiiittEEcccttt
DOTAACttaaabbbiiiLIIItttyyy
DuuuTeecctabbbllii
DDDATTToooCCteeDDD
deeTeeecctterr
ddIIIttecctttiBBBLLLEEE
DDDOOteeeCCCtttiiiNNg
dittteeCCCToeeenn
diiTEEccTTIIIIn'S
dEEtteeeCCCTIUUUNSSS
DDDEEETTTeeeCTTaavvii
DoTeeCCtttovAAA'ss
DeeeTTTEcccTTTIIIvveeess
dIIItECTToRR
DDEEtteeCToRR's
DDDUUUtteeCCCttteeeRRRSS
DeetttocccTTSS
ddEEteNtt
DDeetEEENNTTEs
ddaateeNNttiuNN
DDUtteeenntttIaNNN'sss
dduuuTTEEEnntttIIIOOnnS
ddeeTTTiinnTsss
DDDooTTIIR
dEEETTeeRRRGGGee
ddottteRRRggooNNNCCIIIEEEs
DDDAAATTTeRRGGGeenccYY
DAAATTTEErrrgggIInnnT
daattUUUrGAAAnt'S
dddUUtttOOOrrrgggEEnnnTTTss
deeTTUrrrioooROttteee
ddOTuraaoRRRIIItod
DDuTuuurrrUooRRRAAATaSS
ddettEErrroooooRRRATTTonng
DetIRUEErrOOOTTTiaNN
ddUUUteeerrrIUURAAATTaaEEENNN'S
diiTIIrrmmmeent
DDDooTTEErMMMIInT'S
dOTeeRRmIInaaabblllee
deetaaarMMMiinnnAABBBLyyy
DDeeeteRRRmIINNuuuccyyy
ddEETTTEEErrMiiinniintt
DATTTuuurrrMMIInnnaaNNNTT'SS
DDDeeettEErMMMeeennUnnnttts
DDDEEEtarMMAAANNOtttAAA
dddOOOTTTErmmmiNiTTTEEELLy
DDIIITTTIIRRMMuuNNEEtttuuunassS
DDDAAAttEErmmmiiinnAATeNeeeSSsssas
DDDEETTTOOOrrmIIINNATToooIINNN
dddEEETTEEERRMaaannnItIoonnn's
DDDEETTAAARRmmiinnatoOOOnsss
DDDeeeTiiirrMMaaNNNaaaTTTIIVeee
DDETTTURRMOOOnnaatttIIVaaaLLyy
dOtOORmmInnnEEEtttiivEEEs
dUUUtttEEERRmmmuuunee
dddEEETiiRMMinnUUD
DDDeeettuRRRmuuunIIIdddly
dEETErrMMMeNIddnneeeSSSSS
DDeeetUUrrMMuuunAARRR
dotttEEERRmmoooNOOrr'ss
deeeTTErrmmmINirrSS
DDiittteeRRmiiiNNNEss
DDDeettuRRRMMMiiNNINGG
dddotteeeRRMMMINNISSmmm
DDDooTEERRMIINNOOsssM'SSS
ddEttERMMMIInnIISStt
dIItttaaRRmmmiiinaSTTuuucc
ddEETTTErMMAANaSSttUcccaaLLllYY
DDDEEEtttIIIrrMMMinEEsTTsss
dddooTToooRRRRRRIIIDDD
DDDuttteeeRRRrrreeennCCCooo
ddITTeeeRRRrrroNNNcccooo'SS
deTTarReeennnTT
DDETTIRRrrrEnnTTT'SSS
DuTEEErrRRREEEnntS
DDEtttiiiRRRRROOOnGG
DDDEETTTeRS
dEEEteeeSSTT
deeTTOOSSSttEbbbLLEEE
DDEEETTTEsttEEEbbblY
dddEttIIsssTTAAtttIIaaaN
ddeetesstttAAtttaooNNN'SS
ddEEEtttesTTeeeDDD
DDetttEEsTTTeeerr
dEEttisTTeeRs
DaatttOsstINNNGGG
DDEEETTEEEStSSS
DDeetHRREnnneee
dddETTThhRRiiinnnAADD
ddettHHHRRRooNNNeMMOONNTTT
DDEEEthruuunnuumeeNNNTT'ss
DDeTTTHHrrooNNNEEES
DDUTHHrrooNuNNgg
DDDETTaNNuuuee
dddEETTUUUNNItE
DDuttOOONNNOOTTEDDD
DDetttonnnIIITTEsss
ddEtttAAANNNAATTIIINgg
DITooNNNAtttOooNNN
DDDeeetttIIInnaTTTUUUOONN'ss
duutttoooNNaatUUUOOOnnnSSS
DDItttonnnAAATeeR
deeeTTTInOttOOOr'SSS
dddatOOONNNoToorrrs
DDaaatttIIUUUr
deeTouuR'sss
ddooTeeeUUUrrrEEdd
dddEEETTTEEooorrInnG
dddettiUUURSSS
DDDeetttOXX
deeTTTuuuX's
dddottaaaXODD
DDDeeTTTOxxooSS
daaatttiiiXXiiiCaaaTTTe
dddIItttOOOXXoocccaaaTEEEDDD
DDDutEEEXXXiCUUUTTTES
dEttUUUXIIccIItaaaNNNggg
DDDAATTUUXXXIIIfEEcAtttAAaaaN
dduuutUUUXXXIIfAAAccaaaTTiiioon'S
dEEttooXXiiifIIIOOOddd
DDDATOxiiFiiieeess
duuuTTOOOXaFFFyy
DDuuuTIxxAAAfffYIIInnnGG
DDDEETTaxUUUnGG
DDEEETTTRREEEct
DeeTTTrooocctttuuuDDD
DDEEETRRRaccctiinnG
duuuttrrICCTiiiUUNNN
dddeTTRRREEECCCttieeeN's
DETTTrAAcctttiiiVVVEEE
DoootrAcTTTuurr
DDDOOOtrraacTTorr'SS
DatttRRaCCCttoorrss
dEEtrrAACTTTS
DDOtttRRaON
DEETTTRRRUUEnnEEEd
DDDeeTTRRRAiNNInnnggg
dddOOTraaiinnnSS
DDEEETRRREEbbbaalllUUUZee
DDEEtttRRiibaLLLOOzzEddd
ddeeetttribbAAALLiiiZZESS
ddeeTTRRIBBAAAliiZZZUUNgg
DDEETrrrAAMeeNtt
DDOttRRiiiMMMennnttt's
dddeTTTRIIImENNNTTiiil
DeettrUmEEENtEEElLLLYYY
dddaaatrrImmonnttts
DDeeeTrrrIIITTTUll
DDEETTTrruuttiiiiiN
diiiTRuuTTTiiiuNNNSSS
detRRiiTTUUUS
dUttRREEtteeSSS's
ddaaaTTTrrUUdde
DeeetrrUUnnccceTTA
dddEEtttRRUUsssIIIen
ddeeTuuuMMMEEscce
DDDUttEMMessscccenCEE
ddaaaTUUmmmessscccUnnt
DDDIIIuccce
DDDauuCCCooo'sss
DDAAAAAACCCaddd
dddAAiiiCCeees
ddeeuTTTOORRRIIIGGGeennOSSTT
DeUttteerAAnoPe
deeeuuuTTIIIrraaNoooppEUU
DEEiiitteeerrraannOOpppeeaaaSSS
dAAUUTTTaaaroooUUUmm
dddEEEuuuTerEeeem'S
dUUUUUteeerOgggAAAMyyy
dddEEiiitteeeRRRooNNN
dddAuuterrInnsss
deeAATooopLLLiSSSmm
ddeeeatSSccHOOMMArrrkkk
DDDEEEuuuttZZZiiaa
ddEEUUttzzIIIAAAss
DDDEEEvvvAAA
DDDevaalluuuAAtttOOO
DeVVVooLooATTEED
ddEVEELLLuaattOs
DooVaLLLiiiAATTTOnnG
DoovvIILLUottUUonnn
DDiVVAAALeeoottEEON'S
dooVVVIIluuuAtttEuNs
DDDEvEElllIIEEE
dddEEEVVVallluEEEDDD
DDDEEEvvaaLUIIs
dEEEvvvEEElOOOIIInnG
DDDOOOvUUUsstATTTe
DDaaavvvAAASStaaToooD
dEEEVVVosTTTAATTEEEs
DDDEEEvaaSSSttiiitttiinnGGG
DeVVVASSTTetIIInnngLLYY
DDaaavaaassTTTATTTiuuunnn
ddAAAVVeeessstAAAtttiiiOON'SS
DDuVVasssttaaatttOOrrr
DDDEEvaaSSSTTTUUToR'ss
dddiVVVaaasTTTAAtOORRsss
DDDoVVVeLOOppp
ddEEvvveeLLLeeeppooddd
DDDEEvvveelaPPPeeeR
ddeeevvILLoopppeR'S
doviiiLLLipUUrrss
dddiiiVVViLooopInGG
DDevvvAAALLoooPPPMMMEEEnnT
duvvellOOppmmeeeNNNTT'SS
ddeVVVeeelAAppMeennnttAlll
dddEEEvvEEELLLOpppMMENtaaLLLlllyy
dIIvUUUlIPmEENNNts
DDEEvElUPs
dddEEvvEsTTT
DDDIVUUaaanCCEEE
DDeeViiuuNccca'ss
deeeViiAAnnCCYYY
DDoovvvIIAnnCCCY'S
DDDEEvvieeNttt
DDaaaVVEEaannnTTT'S
ddAAvvveeAAntsss
DDDuuuvvvaaaattUU
deeevvoooiiiTEE'ss
DDUUvvoeeeTTIIDD
dEVVVEUUTasss
deVOETTuNNgg
DDDeeVIIAAtOOOOOn
dddAAVVVeeUUTToooANN'SS
DDDevvviaaTTieNasmm
diiiVVVieetAAAUUUnoossmmmSSS
DDDEviAttIOnnniSSST
DDeVVuUUUttIIIonnIISSSttSSS
dddeeevvvIIIOtttaaaOONNNSSS
ddOVVViiAAtttOOOrr
DeeevvvIICCe
dddUUvvvuuucEEE'S
ddIVVICCCoooss
DDDeeVViLL
dddiivvvUUL'sss
ddUUvvvuuuLAddd
dddEEEVVVUlfiiisshh
ddeeevvIliiNNg
dddEVViiiLLiiSSHH
dddeeevvAAllOOOshhhLLY
dddUUvoooLAAASSHnnnEEEsssS
DDDEEVVViiLLLIISHHNeeessssss'S
DDEvviillkUN
DDDIIvILLLllleddd
DDDUVaaLLLInnGG
dddEEEviiiLmmmEEnttt
dAAAvvvILMEEnnntt'SS
DDDeevvaalRRRIIIeeesss
DooVVVuuullrY
DDeeVVuuuLrrry'sss
DDDIIvvIIlllS
dddEEVILLTTTrooEEss
ddEEVViLttRYYY
DDDUveLtRRyyy'sss
DooviiooUUUS
ddEEvIIuuuUUUssslly
DeViiioUUsssNNiissssss
DDDEEEvEEIIIIsNeSSSsss'ss
DDEVusaaaBBBLLe
ddeeevviiSSAl
ddeeeVVViisssaalSS
dEEEVVViiiSO
ddeeeViSSUUU'sss
ddevIIISuuuDDD
dddevvaaSIee
deeVOOOSSSiiiEEs
DuuveeeSoRR
DDDeeVVVEESSeeRRS
DDDAVViiSSeees
DDDevaasseeeNNG
dduVVVissORRR
ddIIvvviitILIIzI
DuuvvvIIItttoLLIzzeed
DeeevAAtaaaLIzzzeSS
DDDeeeVVaaTTAAAllluuuziiNNGGG
DDovvIIITTTrriiffOiiiddd
DDiivUUTRRRIIFiEEEsss
deveetttRRRIIfffYY
DDDEEEvvIItRRiFFFyyOnggg
DDDOOOVVVooiCCCe
dddIIIvvvOICCCeeD
DDDEVVOOEceeS
DDDEEEvvaauuuccunnnG
DDDeevEiiiddd
ddIIIvvvUUUiiirr
dAAAVVVIIOrSS
DevvoooLaatttiiioooNNN
dddEEVVVIIIlATaoooN'sss
DevooluTToeeennnAArYY
DDevvvoooLLLoooTTTeeonISSST
dAAAvvvoLLvvE
DDEEEVVVOOlvvaaddd
dEEEvvvIIllveeMMuntt
dddiivvvILVEEMennnttSS
DDEEEvvOLLLVVVaaass
DDeevvvuuLLvOOONNGG
DDDEVVeToo
DDDeeVVVooottEEd
deeeVVVeetedLLLYYY
DDDEvviittooDDnnEESSSS
ddEEEVVVoTTOEEE
DuvvvOOttEEEE'ss
dddeeeveeeteeeuuuSS
DDeVOOOTTasss
deeeVVVeetttiNNNGGG
DDDEVVOttIOOOn
dddevviiittIIUUnnn'S
DDEEvvOTTTIIONeeLL
deeeVEEEtttiooNNool'SS
deeeVVOtIIIooonaaaLLLSSS
dddAAAVVOTTTIIIOOONNS
ddeeVVVOOOaaaRRR
DEEvvOOuuuRRReeedd
DDEEVVVAAAuRRRuurrr
dddEEEvvvoeeeRRRARRSS
DDeeevvOOarriiiNNgg
DDDeVVViiiuuuRRS
dddeeeVooEETTT
DeVVOOOooottArrr
deevaaautEsttt
DEVooetttllyy
dddUUvvOOUtttNNeSs
DDooovvvoooettNNNesSSS's
DDEEEW
DDuuW'SSS
dddeWAAnnn
dddoWWbeeerrRRIIeeess
DeeewwbErRRRyyy
ddeWWWBIIIrrrryy'SSS
DDeewwCCCLLLuWWW
dEEEWWccLLaaaW'ss
DDDuuwwCCCLaaWWWs
DDDEEwDrOOPPP
dddeeeWWddrupp'ss
dddooowdddRUUUPsss
DaaaWWUeeR
ddewwueeesssttt
DDuwwwIIlllYY
dddAWWWinnAASSS
ddeeewwIIInnniiiSSSsss'ss
DDeWWLLooPPP
ddOOOWWWlUPPP'SS
DDDOOWWloppS
dddEWss
DDUWyyy
DEExxxaaaMMeeettHHHIsssiino
DeXUUMEETTTHooSSoonnaaSSS
ddExxttteerr
ddeXtOORReeetty
DeeexxTTEriTTyy'sss
DDDEEEXXTOORooouuusss
duuXXtEEErrrOOOUSSLLYYY
ddEEExxxttteeroooUSSSNNuSSSS
DDDIIIXXTeerraaauuSnneeSS'S
dddiixttRRREd
DDDeeeXXtttRalll
ddUUxxxtttrraaallIIItiAAAS
dddEEEXtRRRAAlIITTyy
DDeeeXXXTRRRAAAllLLLY
DDEEXttrrran
DDDUUXtttrrriiiN
DDDuuuXXXTRO
ddOOXXXtttRRuuEEMPPheTiimmmiiNNII
duuuxtttRooccuLLLEErr
ddUxxttRRRiiGLLLICCCOOsseee
DDDAXXtrroogggllucOOOSeeesss
dddeeeXXXtttRigggYYYrrruuutE
ddeXXTrrooorrOOtAAATOOoNN
DDDEExxxTTTRRooRRSEE
dddeexxttrrOOOsssE
DDDEEXTRROOSSSE'S
dddUxxTrrrISSSiinnnIIIsttRRRaaal
dEExxxtrrroiiisss
dEEXXTRRooouuusssLy
dddexxtraaauuusNNUsssSSS
ddduYY
Dgg
ddhhhAAARRRonnnA
dddhhhuuRRMMaa
dHHAArNA
dddHHooobiii
dddhhiili
DDHHHOOLess
DHHoTTO
ddhhhAAAttO'sss
DDDHAAATisss
ddhuw
DDDhuw'ss
ddhOOWWWs
DHHHURRRRiiiu
ddHHHyyAAnuu
ddooabuusssUU
ddiiaaBEEEttEEESS
dddaabbeeTTos'SSS
dddaaaOOObeeeTicc
ddiiiIIIBBBEETTiiicc's
dAabOOOttIIIcs
ddIIeeeBBBllOOOrooo
dUUUaaabbOOllACC
dddAAOBolluuuCELLL
DIAAABOOLLuucAALLLLLLY
DDiieeBooLLLiiism
DiiABBBOOLLIIsssMMSSS
ddIaaabOLLoZZZOO
DDiiiAAAbbbiilllOOOZZiD
dduiibbEliiiZZZeess
dieebbboolllizzIIInnG
deaaBBiiilllOO
DDDEEucAAESStiicc
dIIaacEEETTTYYYllMMOORRPHHHonnAA
dduECChhhrooonnniccc
DIIIEEEccIDDD
DiAcaaaNNNaall
DDiaaCCConnUUUTeee
dIIaCENNNiicOOOnnn
doAccconnnOOOCCUmm
dddOacrIIITICCC
dddOUUUCCCRRRIITAAC'S
DDeEECRRAAATTTiCCaaaL
DeeiiCCrrrEEttEEEcAAAllllYYY
dddIIIUUUCCrriiTTTiicSS
DDUACCTiNucc
DIIIIIDeLLLppHHooUS
DDooeeddeeemm
DDDOOAAAdeMM'SS
dddIIIAADDeMMMeeD
diiaaaDEEmmmSS
diAAAddRRRaaaMouS
DDDIIIaaaEEEReeSSSEs
ddIIIAAAeeerressiS
DAAAeerrruuuSSIss'S
DDiiiooGGGuuNNOSisss
dddEEEAAgggiiooTRRREPPPUSSSm
ddiioooGnnOssUUUBBlllEE
ddiAAAGGnOOSSe
diaGGNNNosEdd
DDIagggNNoSSSOOOss
ddaaaAGnnOOssooNGGG
DeeggnnuusssOOOSS
dddIignnOOOSoss'S
ddAAAAAAggNNossTTOOCCC
DDEEEGGNOOSSSTiCCALLLllYYY
DDDaaaAGGNNeeSttaacEEan
ddiiaGnuSTTTuccIIAAANNN'SSS
dduuagnnuuuSSSttiiiciiAANss
DIIIogggNooossTuCCCss
dddiiaaaGGGNostoCss'SS
ddduuAAAgggOOOnAlll
ddiaaGAAANNaalll's
DDDUUUAGGonUUUlOZZe
dddIIIGiiinnnaalIIIZudd
DEEEEGGGOONNIlllIIIZeeSSS
dddIiiggOOnnalllIzzIIInggg
DIAAGGoooNaaaLLllyyy
ddiiaagggoonALLLs
DDIIIAAgggrAAM
DUUAAgggRIMM'S
DDDiiiaagRRRAmeD
dUUAGGRAAAMMiiiNNNGGG
dieeGGGRIIMmiBBluuu
dddiaaagggrAmmmmmatticcc
DDDiiiAGGrrrAAAMMMmmmuutiiiCCeeeLL
dEEuuugrUmMMMAAAtiiiCAAllyy
DDIIAGGGrrAmmmmaaaddd
ddIIIAAAgRRRAMmmIIInGG
DiiiAAGrraaaMMMs
DIIaaGRAApHH
dddIIIAAAKKKEEnnnOOSESS
dIIIokkiinneeSSIIIsss
DDDiiieLLL
dddAAAAll'SS
diiALLLooCTT
DIIIALLLaaCCCtt'SS
ddEEEALLLuccctttEEEL
dddUUAALLLeeccTTIIIc
DDDAAaalllaaCCTTooocc'sss
ddIIIAAAloCCCTTiiicccAAAl
DDaeeLEEECCTTTEEEccAAlLLLyyy
dddUUUAlllEEEccttuCCCIiin
DDIIAAALAAAccttIIICCCUUAAANSSS
DDiiiOLeeCCttiiccciSSMMM
DIIULLEccctiiicccss
ddIoooLeectttIcccSSS'sss
DaaaALaCCCtoooLLogggIIIssstt
DDDIIIaaallOCCCTTTALLLOOgy
ddiiiAlllUUUccctss
DDDUUAAALLLEDD
DAAAuulErr
ddIIuLLAAAnngg
DiOOOLLInGss
DDuEEEllllUUGGee
DIAAAlllEEEgg
Daaaaallugg'SSS
DIIIILLooggAAASM
diallAAGGGIIISSST
ddIIeeeLOGGGIZZZoo
DIaaalIIIGGGsss
ddiiIIILLooGUUO
dddeeeAAlooogUUUU'SSS
DDiaaaLAgggOeeess
DDiallSS
dEEaaallysssEEEsss
ddAAAAALLLYYsssiSSS
ddOOoLLLyyyssAAAs'SS
ddOOOaaallyyyTiiiccc
ddIilllyzzze
dddAAaalllyyyzzEEEDDD
dduAALYYzzziirr
dddiiaLLyZeesss
ddiiiIILLLyzIIInG
dddiiaaaMMMaagggNNETT
DIIeeeMMUUGGGnnItaC
ddOOiiMUUUGneeetttIsssM
ddeeAMMMaaagggnnnEEETTTIIIsssMSS
DDiiAAAmmmagNoooTTS
DDUamaaNNté
DUUUaMMMeeeTTTeerrr
deeeuuMOOOTTEERR's
ddiUUMMMiiitttIrS
DUEmmmAATTTrrraall
DiiiImmEtttrAACCC
diiIIIMMMEEETrroCEL
DiAAMMOOtttrrOcEEELLLLyy
DiiiAAmmmiiNNNuuu
dddiiiaaaMMinnnuss
DDIiiMMoonnddd
ddIIIiiiMOOOnDD'SS
dddEEOMMUUNNNddBAAACCkkk
DIIIemmONdddBBBaaaCkkk'ss
duuammmAANNNDDbAAAcckSSS
ddiioooMMuunnnDDDss
DAaanndrUUuSS
ddiiiaNeettIIIcccSS
DDDOOEENNIIIETTTiiCCC
dddEonnOOOIii
DDiiiEEENNNTHHaSSS
dddiiAAPPAASSSOOn
ddooeePeesssonn's
dIIaaPPAASSSONS
dUUAAAPPPiiiUUUsseee
DDIIAAAPPidddeeesssIS
DDIIIuuppeeeR
ddIIIappaaRRR'SSS
DOaaaPPPEERUUddd
DIIIApppiiirOONNggg
DDDIIaaaPaaarrsss
DDDiiophhanoo
ddiaaaphhAAANNeIIItYYY
DDIIApppHHaanEUUUss
diiiEEEPPhhEniiiOSSSLyyy
DDDaaaPPPhhhAnA
DDIAPPPhooonnES
DiiiAPPhennY
DDIIIIIpHOOrrraaaSSEEESS
DDUUUipphheeeReeessiiS
DIIaaaPPhooorrUtIIICC
dAAeeePPhOOORiiittUUccs
DiiaaPPPHHRRAgmmm
DDDUUopppHHHrrAAggmmm'S
dddUaaPPHHrriiGGGmmmUtttIICCC
DDiiaphRoooggmmss
DiioooPPhYSSesss
dddiaapphYSSSiSSS
ddiiiOPoooPPPHHyySSSIISSS
DAAiiPPPUSSSIItIvvvEE
dddIArrCCHHHAAAEEEs
dddoouuurrChhY
DDDiiioooriiiAAAs
dddIIAresssT
DDIIIiReeeSTT'ss
DDDuuuAAArISSTTSS
deaarrrrHHHaaaAAA
dddOOOErrrrrrHHHaaau'SS
DDIIIaarrrRhhEEeeLL
DDIeeRrrHiiiiiCC
dddIaarRhhhAAeea
DUUUirrrRRhaaaOOA'SSS
dddEORRthhrosaaass
DDooouurrrYYY
ddIIOOORYYY'SS
daaOOSSPPPuRRUUU
DAaaaSSSPeeerE
duuuAASSTTTASOO
dddIIIassTTTEESSSee'SSS
DDIUUUSSSTTiiiSSSeeesss
ddUAAstaaSSIIISSS
DIIIaasttOOmAA
dddIIIOsTTTaaRR
dIIeessTTTOLee
dddiaSSStiiLLii's
dIIeesTOOOlliCC
DDIIiiiSSSTRooPPhhiiSSSmm
dddEEEeeSSttRRopHHUUUsssmmmss
DiiiEEEssttYLI
dddIIitttAAsssaaaRUUN
DDDiiOOttHHHORmmmIIc
dduUUttHHHeeeRMYY
DIIeettthhhEEERRRMMMyyy'SSS
dddIAAtthEsseeeS
dddIIIEEtHHHEEESSaSSS
ddduuOttOOOMM
diiaaaTTTaM's
DUUUUUtuuummAAcEEEOOOOs
ddiiiEEttOOMMuuuCC
diieeeToommmETTTOO
diiUUUTTOOOMMMiiiteSSS
DiiiaaatttEMMMs
dddUUaTTonnnuCC
diiiAAAtttooniCELLlly
DEEEATonIICiiSM
ddieeeTRRibbbO
DDeETTREbO'ss
ddUUOtttrrriiBBeeSSS
dEEEAtttRRROOppIIsmm
DDDIIuuzzzeeePPPAAAmmm
dddaaaZZZeeeppAAAmmms
dddeeeUUUZZOOONNNe
dddiiiAzzzo
dIIaazzzuuuLII
DuaZZoomeeeTHHaaaNNNee
dddeeIzzzoooNNiuMM
DDEEEaazUUnnneeeuuMMMSSS
DDiiiAAZZZoTTuzzUU
diibbb
dduuuBBBOOOSSSIIIccc
ddIbbBBBLooo
dddIIbbbBlEEE'ss
dddIIbbBBBLLeed
ddebbbbLASS
dddiBBBbbbliNggg
dddobbbuuukk
dddObbbBuukss
DDIIBRRRAAANchIIoooTiii
DDDIIIBrraannccchAAaatttESS
dddibbROOOMMMiidEEE
deBS
deebbsss's
dIIBBBucccaiiNNNEE
DDDIIICAssT
dEEccAAA
DDDUCeeeDD
daaCenTTTrAAA
DDDIICCeeepHHHaLLouuss
DDIIIcIIR
DDOccoooss
ddOCCCiyyy
DDeChhhuuuSSiiiUUUM
DDIIccHLLLoMMMYYdUUeeuusss
ddiCCChhLLooRoddEEE
DDIIcccHHlllooRIdddes
DDaaaCCHHHLLeeRROOODDDuufLIIIOORRREMMMeTTThhhaannniii
DUCChlliiirOOddduuuppphhhEEENYLLLTTTRRRIICChhhlEREEEEttthhEENo
dUUCChoogiiiMMMy
ddIICChAAtuuuMMooEEESS
DDDiiCHHIItttUmmazII
DDDichiitttoMOZZZAddd
dddIICChhOOOtttooomeZZOsss
DDEChhhottoommizInnGGG
dddEccHaaattOOMMeeeuuS
DiCCChhhooTTTAAMMy
ddIccHUUtomY'SSS
ddiiChhhrrrOUUUc
diicchhhRROOIISSSmmm
ddoooCCHHRRRAAAEESSSMSSS
ddEccchhrrrOaTii
ddiiccHrrroMMaTOOO
DiccchhhRRROOMMaaateesss
DDucHrraaaMAATTTIc
DDDaaacHHROOmaTTIIciissMM
DDDIIChRRooMMiTIIsssMM
duucHHHRRummmIIIC
DDDiiCCHHrrroooSSCCCOOppEE
ddOCCCOEEErr
dddaCCoooESSSTTT
DDDIIcciiinG
dIIcck
dddIIcckkk'sss
ddIIICCkkENNNS
dIccckooonnnSSSOOOSS
dooccckkuuuR
dOOCCKErruD
dddIIICCKKKIRRROOONNG
diCKKKEErrrs
DICKKEEY
DDDIckEYY'S
DDDIICCCkkkeYYYSSS
DIIccckkhhEEAADD
dddoooCCCkhhoooADDss
DDDIICCCkkIIE
DDDOOCCCKKKIIii'sss
dddOOckiiiEs
dIIICCkkkSS
DDeeeCCCKyyy
ddICCCKKKYYY'sss
DDIICCCkyyyBBBiiRRDDD
dddIIIcKKyyBBOOrrddss
dIIIcLLaaannnoooooSS
DDAAcUtt
DDDiCCotSS
DiiCCOOOTTTyyLLLAddOOOnn
dddIccuuTTyyyLLeeedddeennn'S
ddiiiCCoTYYLLLedEEEnniiiIIIs
DIIICOOOtylADDAAns
DDIIcccRoTTTACC
DIIccctttaa
dddictatAA
DiiCtutteee's
DIctttATTEEEd
DIIIctttAttteS
DDuuuctatIIInng
ddiiCTTAtteonn
DDIIIccttEEETTTUUUONNN'sss
dIIICtteeetttUUOONNSS
dddiiiCCCtaatOOOrr
DiiccTAAtorrr'SSS
DIIIccctooTTToRiaaall
dddecccTTTiitOORiiiAllllly
dOOOCtIIITTaarrs
dduuCtaTTORRShaaappp
DDIICCttaTToooRRRsHUUUPPP'S
dIIICtOOOTTTeerrssshIIIPPPSSS
ddacTTaaaoonnn
DiiCCTUUUuun'ss
ddooocccttiiiaaannniRRRiiiEEESS
dddIICCTTeeOOnARYY
dddOOCCtiieeNNNAAArrY'sss
ddIIcccTIm
diiCCCtttEEM'sss
DDeeecccTTiimmSSS
DIId
DDDiiDoCTTTuuuccc
DDidaaccTTIIIcaaL
ddODiCttaaccaaLLLlllY
dIDaaCTaccOOsssMMM
DDIIIddaccTiiicccs
diDDDdLLLE
DiDDDDLLeDDD
DDDIdDLeeeRR
DDidDDlleerr'SSS
dddIIIDDDdddLLLiRSS
ddAdDDDLLEEEss
dddooodddDDDllliiiNNGG
dddiDDDDDlYYY
DODDDDDLLyssqqUUuTTT
DDIDDdummSS
ddIdddggeeerriDDOi
DIIdggURRiiddoooSS
ddduudddN'tt
ddIIddooo
dddUUUdddIII'sss
DEEdOOiiiSSS
DIIIddoSSS
DDDIdddStt
didyymmmiiiiiMM
DDAAdddyyMMEEEuuuSS
dddIIIDDYYnnaaMIIIuuuSSS
dddAe
daaae'SS
dddIAbbIIccck
ddiieBBIICCCKKSSS
DuuuuuccooaaaESSS
DiiiADD
DDiieeehhaaRRd
DDeihhhAAARRD'SS
DDDooeeehhArdds
DIIIEEELdRRRiiN
DIIEEEleccctRROOcc
DOeeLLLUUUCCTRRuC'SS
ddoooOOOlliiiCttRRIIIccSSS
dddUUUEEEnnCEEEpHHHaLLLuNN
dAAAuncEEPPhhhAALLLAnnsss
dddIIIOOOriSSAAASS
dddIIeeeroSISSS
DDDiierrussIISS'ss
ddiaaaS
DeeeUssuLL
DDUUUeesseeLLL'ss
ddiiesssALLaaaDDD
diiASaaLEEnnggg
dIIIeessUlllOOOze
DOeeeSSSuLLLs
DDIIIeeSuSS
DDDIIIeeSTTTOOOCCK
DDDueeesssTTTAAcKKKs
DDDIuuutt
dddIett'SS
DDIIIeTTTArrrIIeeSSS
ddOetaaaRRRyy
dIOTTORYY'SSS
dOOOEtEEddd
DIIIEteerrr
DOEEEtttEEr'ss
dddIEEETEERRRsss
DiiaTTettIcc
dddEeeeTTTooTTIIIcccSSS
dddiiETattoocS'SSS
DDeEEtIIICeeon
dieetecAAaan'SSS
DDDeeeEtiCCIIIAAnnnSSS
ddiiiiiTTInnnGGG
DDiieeetIItttIIaNNN
ddAAeeeTTIIItttiiUUUNN's
DDDieeeTTIIITTIIannnSSS
DIeTTTss
ddOOfFEEr
DIIIFFFfEERRRiiddd
DDuuuFFFFFEEruunnnCCII
DDDoffFFFUURRReeennnCEEE'SSS
DDDEFFfIIIRRANCesss
deeFFfeReennCCiiinnnG
ddIIffaRREEnnTTT
DDDoooFFOORROnTTAAaa
DDIIIfffFFEEERRREEntttIeBBBIIllItY
duFFFfAAraaaNNTiAAABllaaa
DDiiiffffEERReennTiiiAEEE
DDDafffFFFeeerrEEENteeaaalll
dddiiiFFFferrENNtteoooLL's
DaaaFFFffeeeRRRAAnnttteeeaaLLLLy
DDDUUUffffEEErreNNNtIuuLss
DDDIIIFFfffURRREEnnntiAATTee
DDDoooFFFIIIRRaanttiieeeteeeDD
diiFFFFiiireeNNtteeetEEs
DDAAAfffFFeeerrreNNtttiaatAAnnnggg
dddifffeerrOOOnttaatIIANNN
dddIIFFffAAREnnnttAaaTEEOON'SS
DDDIIIFFFFFeReenTTTEEAAAtiioNNs
DDIIIFFFFFFeeeReeNTTTiiiooTTTIIIRRR
dddiiFFFFerrruuuNNNTTiiaaTTurrrs
dddiiffffffaRRReeNNNttlllyy
DDaaffffffeeeRRiNTTnneesssss
DEffFFFerrriinnnggg
dddiffFERRRsss
dIfffFFIIICeeeloo
dddOOFFFfffIICuuulllt
DiiFFFffIIcccuLLLTiiAsss
ddiFFFfAAccUUlltttLY
DDEFFFFoooCiiLLLTTTy
DDIIIfFFicUUULLtttyy's
ddIIIffffADDEnnccO
dddiifffFFoddUUnccce'sss
DDaFFFfffOOOdddooNNNT
ddiiiFFFFFOOdeeNNNtly
DDiFFFffflluuuuuunnTT
DiiFFFRRRaCTT
DiiiFFfrrraacTTTEddd
dIIFFFFFFrrruuucctInGG
DiFffrrrAAACCTTiiiuun
DDDiFFFfffRRaacTTTIeeeNNN'ss
ddiifffffRAAcTTTUUUVVOOO
ddAAAfffRRAccTTIImmiiiTArr
ddIIffFFRUCtsss
diiffFFussseee
DuuffUSSEEED
DOOfFUUUSELy
DUUUffffUUSeNNeeSS
DDaFFFFISeeneeesssS'SSS
ddiifFFuSSSeeerrr
dddiFFFFFeSSeeerSSS
ddduuuFFFFuuuSSeeS
DUUUFFFFiisssIIbbbLLeee
DDIIffffffUssoNgg
dIIffffuSOOAAAn
DDDEEEfffFUssseOOON'SSS
dIffFFaaasIIOONalll
DDIFffuSSIIIVVuu
dIFFFFFOOOSuuuVVVIITy
ddIIGG
DoGGG'SSS
dddaaaGOMMMMMMEEE
DDDIgggaammyyy
DDDiiiGAASTTrrriCCC
ddiiigaaannOsssOSS
DEEgggERRAATiii
DeeggUrrraati'sss
ddiiiggEESSTTT
DDIIIGeeesssT'sss
DiiiGGEEEssstEEEnnT
dddAAGEssttoooddd
ddduGEEEsTTeeeRR
Diigaaasttteeerrs
DDIIIGGuuuSSSTOBBoolIIIttyyy
DDDigggEEEstttIIBBBiiilluuutyy'sss
ddUUUgesTTUUUBLLLEEE
DDeegeeessstttIF
DDEgggeeeSttINggg
DDogggESSttUUoNN
DDAAgggeestttuEEEn'ss
dIGossstttaaEEENNNS
ddOGGeeeSTeeevvveee
deGGeeSTTToovvAASSS
ddUUGGGEEEStts
ddugGeD
DDDUUUGGGGorrr
DDDIGGggERR'ss
DDDiGGggEErSSS
ddAGgggoonng
DiggGGGIINNGGSSS
DDAAggGGuunngggsss's
dUUggHHHTTT
DDDIGGGiitt
digggiTTT'S
DDaaggAtAAll
DEEEGGGiiiTALLiiiN
DDuuugItIlloNNss
DIGGiitAlllesss
ddAAGGGiiiTEEELiss'SSS
DDiGGUUUTTillIIISm
ddaaaGGGoooTTEEliZZOO
ddiiGiiTIIIllluuZZZeDDD
DDiGIIITTTooollOOzEEEs
DaaagiTTTiiLezzziiiNgg
dIIIGITaaaLLLLyy
DDAGGGItttATuu
dddiiGGoTifforrrmmm
duGAATTTAggreeDee
DiiiggUUUTOOOzzaaTTTIIIooNNN
ddaaGGIIItttIIZZAAtttiiONss
ddOOGGGeetttiiiZZZe
DIgootttIIzzzoood
DuuuGGGUUTTTizzzeeer
ddoooGaaatIZZERss
DiiiGGGIttOzzeeess
DDIIgggAAAtAAAzzOOONNNG
dddiiiGGOOttexxxUUn
dddiGGiTSSS
DDDooGGGLLOOOT
DDDoogggNiifffIIEED
dddooogNNiifAAAUSSS
ddIGNNNiiiFFY
ddiggNiffYYYIIIngg
ddIIGGnnIIItttAAARuuUUUSS
DDuuGGnnOTTTaRRRYY
DEEgggNNNIItaaaRRY'S
DOOOGGGnnnottIIuuusss
ddOOOGNiiity
dIIIGGNNeettyy'SS
ddooGGGroPPH
DDuuugrrEPPHHH'S
dIIIGGGrrrUUUppHuuuCC
DDDIIGGrrooppphhhsss
dAAgrresSS
ddiggRRRAAASSSSSEEDD
DDugggRRRasSSeeRR
ddiiiGGGrrrUssSSSAAS
dddaaGGrrreSsssInGG
DDDIggrrrESssoAAnn
DDiiGrrrasssiiNN'ss
DDUGGrreSSIooNNs
dIIIGGGRRaSSssOOOVVVuuu
dddAAGGRREssssssIIIvvvaaLLLYYY
DiiiggrrEEsssSaaVVEEnnnEESSSSSS
dIGSS
dOOOHEEDDrriill
ddEEEhOOOdddrrroon
DDIIIhyyybbRiiD
DDDihyyyDDDRRoooccc
ddIhyyydrrroSSTTTRoooPTTOOmyyCCiiNNN
ddEEEKKi
dddaakI'ss
ddIIIKKIIDD
dddOOKKKEESSS
dddaaKing
DDDIIKKttteeTTT
DDDiKttEEEtttSS
DDDiillAppIIIdddIIItttii
ddiiiLooppiiidaTTIIIDD
dddaallIppaddiitteeSSS
dddAAlAAApppOOddAAteeNggg
dIIIlllOOPPOODDDItttUUUaaNN
ddaaaLLLAApoooddoooTTTiiioNNN'S
DDDiiLLLaattUbbllU
dddooollEEETTeennnttt
DDDilAAATTTAAATTIeeN
dddIIIllIIItttUUUTTTIuNNN'S
DaalaaTTTA
DDDILaTTeeDDD
DaaluuutAAss
DDDeeLLLAAAtiiinng
dilllIITTiiuuunnn
DaalliTiiioooNNN'SS
dddIllleettIIVVVI
diiiLLLUUUttoMMMOOTaaaR
DDDiiillaaatOOOrr
DDeeLLiiiTTOOrrr's
dddaaalaaaTTTiiREELYY
DDILLOTTooorUUUnoooSSsss
dEELLLEEtuuuriiNNuuussssseess
dddiLLLaTTTooorrs
DDDeLLEttiiirrYY
DaalllDDooo
ddiilllDDoESS
DDooLLLDOS
DDDIILeeemmmEEE
DDOluuummMAA'ss
dELLLEMMMMOOOSSS
dddIlETTaNNTo
DDAALLETTTToooNNteee's
DEEElootttTTuunTEES
DIIILUUUTTTTTTuuuNNttiii
DDDiiillleTTToNNNtaSh
DDIILLOTtttaNNTTTIISSSm
daaLEEttttAAnTIISSSmm'sss
dddaallugggEEncee
DDDIIIliggAAAnncA'ss
DDUULLLiiiGONNt
DDDELiigguuuNTTlyyy
DiLLLLL
DDDEEELL'sss
dILLLLLLIAAS
dddalllLLs
DDDIIlllLLyy
DDIIlllLLYYY'SS
dILLLLYddiiLllluuuIIID
DDIlllllYddilllAAAEES
DDDiiiLLLLLYYdAAAlllLLY
dddOOOlLLLyyyddIIlLyyyiNNgg
DDDaaLuuuEnTT
ddAAALUUUTTUUU
DDiiLLETTAAADDD
DDDOLLeeeTTEErrr
ddiiLLooottteesss
dddaaalllUUUtttiiinnGG
diLLoootooooN
DDDUUllIITTTooiinn'ss
DDeeeleeeTAonns
dddAAALLLuuuvvuuAAl
diLuuVVVOOOuum
ddammm
DDDiimmmOOO
dIIME's
ddimmmaNNNhyydroNNNAAAteee
dUUUMMonnhhhyyyddreeeNaaatttaaaSS
DIIIMMuuuNssIIOON
DUmmUUUNNSiiAnn'SSS
DDuuummmuuNNNseeeEEnnUUULL
ddEEEmmOOONssIUnnnOOOlootttIIIeSSS
DDOmmmEEENNSSIIIANNAALLLAATyy
diiimmennnsIIoNNNalllLLLyyy
DDDiiimmmEnnsssIUnnnEEEddd
ddImmmEEEnnsssaooNNNEENggg
dddIImmANNNssOiNNllloosssss
ddiimmuNsIIIONS
dImERR
DUUMMeeeRRCCeePPPRREEElll
dddOMMERRROOOuuuSS
DDDIMMMARRSS
DDeeeMMess
DDDiiiMMMeTTTaaR
dddUUMMMattRRIIICCC
DEMMIIDDiiuTTo
dddIImmuNEEEsssHHH
dddimmmIIINNiSHaBBBluu
ddeeeminnneShhhuuD
dddIMiNIsHuuuSS
DIImuuunnneShhanGGG
DDoMMIInnIISSShhMMMeeeNTTT
DDOOMiiinnnEEEENNNDDDi
ddumonOOenndddoo
DDDOOMMMiiNNNuuueeeNNNdddooo's
DDiiimmunuuuuNNNDDooIISS
dddUUUMUUUnUUeeeNNDDOOOsss
DaaaMiiNITTIIannn
ddaMMMOOONOOOTTeOOnnn'SSS
DuMiiiNNutIIINNNss
DDimmuuNNNUUTTTIvvE
ddIIIMIINNUttteeevvoo'S
dddeeemmIINNNUUUTTTOOOvvveeeLyyy
DDIIMMinnnuTTUUvvEEnussS
DEEmmIneettaaavvvUUnnnUsSSSesss
ddAAMMMONAtOvEss
DDOOMMMiiiSSSSSSOOrrYYY
DUUMMMiTYYY
dddooMOOOTyyy's
DDIIIMllYYY
DDDuuMMMMeeedd
dddiiimmmmmmuR
DDDaaammmmEEER'S
ddduummmeeRs
DOOOMMmaaaSSTT
ddUUMMmunnng
DIIIMMMNEESSS
DDDIMnneeeSSss'sss
dIIMooRRPPPh
DiiiMMMooRRphhhAAc
DDiMorrrppHIIIssm
diMMiirPhhhOOOIISS
DDiimmmPLLLEEE
ddEmPPLLee'SS
dUUMMMppllEEd
DDuuMppllEEs
DDDiimmpllaaNgg
daaammmpLLY
DDDiiiMMsss
DDDaMMMWWIIIt
daaaMMweeeTT'ss
dddIImmWiiTSSS
DDDiimmmWWWITTTTaDD
dddIINNN
DIIINN'sss
DDiNerrr
dddOOOnnoooRR'ss
Diinnaaarrss
DInEE
dIInneDD
DIIInUrr
DDinUUUrrr'S
DiiinnerrraC
ddEEEnnneeRsss
ddoonES
DDDaannneetTTTEE
dINNOOOTtAA'SSS
ddIINEEETTTtEES
dddinngg
DInngg'sss
ddiinnngggBBAAATT
DDDaanGbbaTTT'SS
dddIInngbAAAtS
ddIINNNGGGDooNGG
ddduuNNgggDooonnGG'S
dddINgDDDOOnGGGEDDD
DDiNNNggdooonginGG
DDINGdddaNgggSS
ddIIINNNgggE
DDiiingggoooddd
ddannGGGaaSS
diNNggghhEooss
dINNNGHHyyy
dddiNgggHHHYYY's
DiiingiieeeR
ddUUnGIIIIIssstt
DeeennGully
DaaaNNggEnoossssss
DDDiiinnnGGGIINIISSS's
dddUUnnGGGoong
DDDiiiNNNgglEE
DDDIIInnngglllE'SS
dIIINNggLLLOOsss
DannGGGaa
DDAnGGGOOO'S
dddiNNNgOOuuuSSS
diNNggs
DeeeNGGGiiss
dddEEnnnGUsss'sss
ddiinnnggooses
ddIINNGY
dddUNNiiNG
DDANIIITTTROBBBAAnnnzzennne
DiNNNkkk
dddIIINNKKEEerrr
DDiinnKKIIiiSS
DDANNkkkiussttt
dIInKyyy
DDDInnKyy's
DDDiiinnnNeddd
dddiinnneRRR
DDDeennnneerr'sss
DaanNNEEERedd
DDDinnnnnuuRRIIINNNG
ddENNNnnErrs
DAAANNNuRRtiimmI
ddduuunnnnaaarrTiMe'S
dinNNNUUrwarE
deeNNEERRwarree'ss
dddUNNnINNg
ddIIINNNaFFFLLaGElllluToo
dddInaaaFFFLLagguullAAATEs
daaannnuuuSSaaArr
DINNNoSSSAAAIIIrr'sss
DDDOOnISSIIIuuRRIIIaannn
DDDiNNIIIsaaaAARRRS
DuuunnEEETTHHHERRRE
dddeenS
DDIIINt
DiNNT'S
dddANtttS
diiEEEcaassIIInn
DDEEEOOOCCCeeeSSSaaannn'SSS
DIIIoCCoSiinnSS
dddIIIOOOcuusssO
dIIeCCeesssEEE'SSS
DDDUocccesees
dddeeEdE
DDAAEEEdddeee'S
diiioooddeess
DDeeAAEEEcccIiiUUUs
DDeOONyySSSIIeN
ddAAAppsideee
DDDIAAAPPTTTiiSEE
ddiUUppptteeerrr
DDIIIOPPTTTOrrSS
DaaooopptooMMUtttIRRR
daaOPPPTTrIICC
DIIIePtrIIccSSS
DDDEEEEErrraMMAAA
DDIeRRRaaaMMA's
DDeorriMMMeeeSSS
DDiOOORRREEtttEE
dddOOOORRiiTToooSS
DoooXXXodddE
DIIAAXXUdddEEE's
dddIIoooxxxIduuss
DDDIOOxxIInnn
ddIooxxiiiNNN'ss
dddIIIoooxaaannnS
dddIIpp
DIIIppp's
DDIPPPePPPtiiidddO
DDDiiiPPPEEETTTalluuuuuss
DuuuPPHassooo
dooppphaaaNNNYl
dAAApHHEENyllOOOmmiinnEEE
diippHHHUUnyyyLLhyydddAAANNttOOiinn
DDaaappHAnnnylHHHYYdddaannnTTOINNs
dddaaPPPhhhOOSgeeNNU
DDIpphhthEErrriiee
DDooopppHHTTTHHerIee'ss
ddAAApphhhTTHHHOOrrreeaaaL
DIIIpppHHTTHHUUrEEccc
DDIPPPHHHTThhhOOOrrIITiccc
diiiPPPhTTThoNNNGGG
dUppHHttHHHeNNGGG'S
dipppHTHHONgooL
DDDIPPPhtHHOnnGUzI
dePHHHtHAANNNGGGaZOODD
DDDIPPHHtttHOnnnGooZaaSSS
ddiiiPPPHtttHHHOnGGIzzIINNNG
diiPHHTTHHHoNNNGGGss
DDDAAApHHHYYYlllLLOUUUsss
DDuuuphhhYOOdddOnnttt
DDDuuuplegggiioo
dddIPPPLLLIXXX
DDiiPPleXiirrS
DIPPLLLooobbLUstttiiiCCC
dIIIPlloccorrdIECCC
diippLLLUUUcccOOCccciii
dIIIPPPLLLOOccIICCCIISSS
ddOPLLoDoocIIISSS
DDDIIpLLLooodddooocccUUUssIIS
DiipLLLiiUD
deeePPPLLLoadd'SSS
dddapllOOdddS
DDDoopppllloMEE
dddiiPPLLLOOMMMOOO's
DDePlllAAmmAAAccy
DDDIPPPLLLUUMMMIICyyy'SSS
duuppplUMMESSS
DDDiiipploooMMaat
dIIIppLLLuMMMAAtt's
DippploooMMMaaatAA
ddIIIplloooMMMuTeee
DDAppLOMIIITTTIc
DDIPPPLLLOmaatIcccaLLllly
ddeeePLoommmUUUtIIIcccSSS
DiipppLeemOOOTIsT
DDUPLLLuummmaTTeeeStt'SSS
DDDiiippLOOMMUtISttsss
DDDAAAPLLOOOmmmUtts
dddiPllloppOOOAAA
DIIPPPLLOOPPPOOOd
dOOppLLoSIIsss
dEEEPLLOOsssTEEEmmmAANoUUUs
dIIIPPPnnnooUnn
DDDiiipppOddYYY
DipolAArrr
dddIIIppOLLII
dddUUPPPooLLLEE'S
diipuLLeeesss
dddUUpppPPeDD
dIPPpppeeR
DiiPPPeeeR'SS
ddipPPeeeRRSSS
DeeepppPPPiiieeerr
dIIPPPPPPUUUOOsttt
diipppPPPeeeNNNgg
DDIPPpyyy
DDopS
dddAAPsssOO
dddeeepsssAAmmaaanIIAAA
ddEPPsommmAAAniiiAA'S
DDOOOPsssomuuNAAAccc
diiiPPPsssOOMMManEEOcc'sss
DDDIppSooommAAnnOaacccAAALL
DDDiPPPsssoMaaanniiaacSS
DDepsssOsss
DDIIppsttUUUCK
DDDOOOPPPSSSttIIICkk's
DOOOpSSStIIIcKKS
ddIppteeerrrOOL
DuuPPTTeeerraaaN
dIIIpppTTiiRRRiinSS
dddIPPteRRuCaaRRRPAAAccAAAeEEEsss
dddaaPTTEERoouuss
DIPPTTYYYcHHH
DDDiipTTYYYcccH'sss
DaapppTTYYcchhhss
dOOORa
deRRReCCCttt
ddIIIreeccTTUUUDD
DDaaaRRReCCTEr
DDDIRREEECCCTTiiiSSSt
DDiiirUcTeeenngg
dIRReecTTAAAeen
DooRoooCCCttiiiOOON'SS
DIIIrrrEEECCTTTIIIooNNuuuLLL
dddeerrrAAACtteeannnILIIIttEEEeS
dddiRRREEECCttOoonnnAAALLiTTTyy
daRoocccttAAAeeNNNaaallLLYY
DDIIIrraCTTTIIIoooNLLeeesS
deerrOcccttiUUNNss
dERRReeectuuvvve
ddiiREcccTIIIVVVeee'sss
daaarreecctIvuSSS
DDirrrECTly
diirrrocccttNNEEss
DDDuurreccttnesssSS'SS
DDiiRaaaCtttirrr
DDDOORREcctooorr'ss
DDeerreeecctOORAATTeee
ddIRReecccTTERRRUUteee'ss
diirrrECTeerrraaatttes
DDeeRRREEEccTTTOOrrIIIAAAlll
ddIrIIICTToRAAASS
dooorUUctoRRSS
DDDIREEECCCTTOOORSSHIp
ddIRaCCtoRRsHHHuuuPP'ss
DiiirrreeeCCttiiiRsHHHIIppS
dddIIIreCCtttOrrYY
ddurEEcctteerrry'ss
dduuuReeccctREEXX
DDDiirrEEccTsss
DIraaffUUUll
DDOreeFFIIllLy
dddeerrElllyy
dduuuRENNNeeeSSS
darrreeRRR
DDDIrrasst
ddaRRgEE
ddUUUrrrGGGEE'SSS
DIIrgggIIIFFooolll
DDDiiRRggeeS
DDDiiiRRhhaaM
dddiirrrHAAAMMS
dOOOrraagEbbbllee
DDDERRiGGGIIBBLeee'SSS
DDuRRREEgUbLLIIs
DiiirrrKKK
ddIRRkkk's
DDDeerrKsss
ddiiRRRnnDL
dddoRRRnnndLL'ss
dddeerrrNdLLLss
DDIIIRTT
DIRRtt'SSS
dErrTTEEUdd
DDEEErrrTiiArrr
DDaRRRttiOOS
DDeRTTiieesT
dIRRttEEElYY
DDEEErrrtttINNiiSSSSS
DDIRRRtiNNIIssssss'S
DDDirTTTyy
DDiiirtttyyInG
DDeeeSSS
Disss's
DisuuubbELLLittIIEESSS
ddiissabIIILitY
DiisssABBBUUllleeeTYYY'SSS
DesssaaaBBBlliii
DIsssebbLeed
DIssaaBLemmmooonnttt
DDDUUUsAAbbbLOOOmmmEnnnT'sss
DDDiiissubLLEs
DDDASSSaaaBBBLLLing
dIIsAbbUUUsssee
dddiisssEEbbbUsssad
DDDOssOOBBBooosssuSSS
dddUUUsssaBBEEESSINNg
DOOOSSSAACCCcchhhuuurrriiDEE
dddOOOsaaaCcccHHHUUrUUUDeeess
diisssaaCCCcaRDDD
DDDiiiSaacccccOrDAAADD
duSOCCCCCCOOrdddIInGGG
dddiiisssEEEcCCoooRRDsss
dddIIssaCCCCrIIDDIItt
ddUUSaaccccuustAAAMMM
dddIIISaddvviiNNtteeeGGE
DDDiiSSSAAdddVantttOOOGGGU's
ddiiSSAAADDDVVVannnteegggEEddd
ddAASOODvvvINtttIIgggeOEs
DDisAAADVVVAAANNTTUUGGGeeeOuuSLLLyyy
dddeeesAADDVVVAnTTTaagges
DIIssaaaddvvvanTaGGUUUnnngg
ddUUsOOOffFFFAccct
DDissAFfffeeeCCttEEdd
dddiissAAFFFFUUCTTeeedLYY
DDDiiiSSaaaFFFFECCTTTiinnnG
DDEEESSSAFFFfECttIoooNN
DDDIIISSaffffAAcccttUUUUUUNNN'SS
DDDaaasssAAAFFfffEECCTTss
dIIsssAFfffIILieeettteee
dddIIsssEFFFILiiAATud
dddiSSAAAfFUUUllleAATEEESSS
DDDIsufffffuuulllIIIuTTTINNNgg
DDEsAAFFfIIlllIIaatAOOOnnn
dAAASSuuuFFffuuLLiiooTTTiuNNN'SSS
dddeesssAfFiirrrMM
DDDiissaaffOOORRROOOSSSttt
DiiisssaaaFFFFFuuurIISSTTTeeeD
ddEESSEEFFFfoorEssTTToooNg
ddeeesssAAFFFfffAreeestsss
DDDiiSSSaggGGRReeeGaaTTTeD
diSSSAAAggGrrEgAATTTOOonn
ddisEEggRRREEe
DooSSAgRREEEAAAbbbleee
dIIsIIggRRREEEeeebbLLLuNNOOOSs
doooSSSiiiGGRREEeaabbLLLINNNOSSs'SSS
DiiSSSaGGGRRAAeAAbbbLLyyy
DiiiSSIggRRAAADDD
ddIIISSUGGRRReeeAAnggg
deeesssiGrrrEEeeMMMUUUNNtt
deeeSSSugRReeIIImmeNt'SSS
diisssooogRIIIeMInTSSS
DDiiissEEgrrrEeSS
DDDaSeelllloooWWW
DDDoossseeLllluuuwwaaNNNccoo
ddIIISAALLLLLooWWWiiddd
DDAAssalllloowwwiinnGG
DDDeSSoooLLLLoWWWsss
DDDIISSammbbbIGuuaTe
DUssooommBBAAguAAATTeeed
dOOOsssaaMMMbbIIggguuuAATTTiiNNgg
dIISSSaMbbbeeGGuuuOOOTTTUEENNN
dIISAAnnnUll
ddIISSSaaPpEuur
DDaaaSSaaappppEEaaRRRAAANNNCee
dddiiisapppppEiiiRRRaaannccciii's
dddEESSSooPPPEEEiiRRRAAANNNCeeeS
ddIIISSoooppPeAAArEEED
ddEEEsaaapppPPPEEAAArrrIIINNNg
daaaSaaaPPpppUUiiiRRRss
dddiSSUPPPoooeeNT
ddoossooPPpppOiNNTTTeD
DDDIsssEEEPPPOOInTTTAAAnG
DDDiiisopPPoIINNNtttiiNggLy
DDDiissEEEPPPUUaaaNNNTTTMMENNNttt
DUUsssUUUPPPeinTmEEnnT'S
dooosAAApppoooiiNNNtttMMIIInnnTS
dISApppPPPoiNNtttS
DIISSIIPPPPRobbbAAtttIooNN
diisuuuppppprOObatOOOEn's
DDOOOSSSAAPppRROOVVaal
dIIISIIIppppprroval'sss
DiiiSAAAPPrrrUUUvvvAA
DDIIIssAAApppRRAvooodd
DDDeeeSSSePPPPriiiVEESS
dIsssUUpppppprOOVVIINNgg
dIIIssOOOPprovUNNNgggLLLYY
DDiiiSSSIrM
ddduuusssAAArrMMMammaaaNNNt
ddEssseRRmmEEEmEnnnTTT'ss
DIsssOrrMEEEDDD
dUUsssAAARRRmmooonnGG
ddIISARRRMMMIInnngllYY
DDDOSSooRRmmS
dddiisssArrraannngggii
ddiiiSooRRRrrrAAAngggEd
DDDUUSSeeeRRRRRoooNNNGGeMMMeeeNttt
dddissAARrreeeNGGGammooNNtt'SS
DDiiSSIRRRRAAAnnggIss
ddduuSaaaRrrEngggONNGG
diiisssAARRrEEEyyy
DEEEsssAAARRRRAyy'sss
DDDAAASaaRRaaYYeeed
ddIIIsssuuuRRRRaYYYiiiNNGGG
dIIISSSaarrrrraayyysss
DOOOSAAARTTTicccULLLiiiTeee
DDiissserTIICUUllleeeTTeeeddd
ddiiSSSuuurTICCCUUULLLaatttEEES
dIIsAARtiiicIILuTTinnngg
DDDiiisssassssssEEMBBlllEE
dddIIIssassssssimmmBllliD
dduusssUUSSSSSeemmbbblllEER
ddisssiSSSsUUUMBBLLLESSS
ddIsAAAssSAAAmBBLiiies
dddiiiSSasSSeMMMbbbLLOnggg
ddIIsssaaSSSeeMMBBlllyy
DISSIIsssssUUUCCCUUeeeTTee
DDIIsAsssSoooCCIIAAATTUUUDD
ddoooSSSaasssssUCCCiiaaaTeSSS
DDISSSaaSSSSSSUUCUUAAttiiiNNNG
DDDiSSEESSsssOOOcciAAATiiiOONN
DDDiSaasssSoocccUUaaaTTTIIIOOONN'SSS
DDoSooossstErrr
dddiiissAAsTEEEr'sss
dddAAAsssoSStttaaaRRSS
DIIsaaaSSttRRRUUoooss
DAAASSUUUSSSTrrroouuuSSLyy
ddIIIsssOOOvvvEW
daSaavooWWuuuL
dddIISSSaaaVVVOwwaal's
dddiSaaavvvOOOWAAlS
dddIISSSAAVVVOOOwweeddd
DDIIsaaVVoowwwiiNNNgg
duusssAvUUwwS
ddaaassBBBIIINNd
dIsssbbEEnnddED
dddOSSSBBBaaaNdddiiNGG
DDiiisssBBAAANNNdmmAAAnt
DDDIIsbiinndddMMMuuNNTT's
dddiiisssBAAnnnDDS
DDDIISSSbbEErrr
dddIIssBaaarrrMMeenntt
DUUssbAARRRMMEENNt'S
DIIIssbbAARRAAAddd
DooSbaaRRRRIINNNG
DDDiiSSSBBBaarrrss
dISbelllIUUff
duusbiiLLLOOiF'SSS
dddOOOSSSbbeeLieeeVVVee
ddUSbbEEELLiiiIVEDDD
DDissBBBELLLaaaaVViirrr
DIIssBBBuulllAAAEEVVOOOR'sss
dddaSSSBEELLLOOuVEEERs
dEESBBBellAAAEVVVeS
DDISSbbIIIlllOOoooViiiNNNGG
ddiisssBeeeLLIIIEVaaNNGGlllYYY
dddaaaSSbRRRiiiNCH
DDDiisssbbbEEddd
ddiisBBuuDDEEEDD
dddISBuuddDDDoNNGG
daSSBBudddSSS
dIIsBurddunn
dddiSSSBBuRRRDDEEnnneeeDD
DesssbuRRRddENNNiNNNGGG
DUUsssBBBUrrrDDInnsss
ddIISbbArSSuuLLL
dddaaasBBUUURRRSSSaL'SS
dddiSSSBBBeeRRRsAA
DiiSSBarSiiidd
DDDASSSBBaaarrrsseeemUUNt
ddduussbaaaRRSSSeeMennTTT'S
ddiiisssBBBuuuRRRssaaammmEEnnTs
dddISbAArrrSSSArr
DDIIsborseeerrrsss
deeSSBBooorsssess
ddISSBUURRRSSSOOnnG
dddiiisscc
dddAAssccc'SS
DDaasscaaalcEDD
DIIIScccAANNttt
dddiiisssccciiNNNTTs
DDDisssCCiiiRRddd
ddUUUssscccaarrrddd'SS
DDDiiSSCCaaRDDDIIId
DDiiisccciRDIINNGG
dddiiSCaaaRRdddS
DDDusssCCCaaRRRNEEEtEEE
dddiiiSccciiiRRRNNN
DISSCCCEEERRnneeD
dISSciRneer
DDDiSSSCCeRRnnnoBiiiLLUUtttY
ddIsscccerrrnniBBBLLLE
ddisscccAAARRRniiiBBllYYY
ddiiSSSCernnnIIINg
dddIISCCernnninnggllyy
dEEEsssCCEERnMMMEENNttt
DDooosccceeeRRNNNMMannt'ss
DiiiSSScccERRNNNs
ddAASchhARRRgEE
DDDEESSSccchhaRRRgee'sss
dIIISCHHaRGGIIIddd
DDDosCHHHuuurgggOOOss
ddOOssscccHOOOrrGGINNGG
ddAASSScaaapplllee
DDIsciipplee'S
dddOSCiiiPllleeess
ddIsssCCCOOOPPLeSSHHHIIppp
DDDeesscccIIIppplllEEEsshhappp'ss
ddIsssCCIIIPPPlIINNAntt
dddiiSCCCiippLLLIInaaRRiiiAAANNN
DEsssCCiiiPLLIInaaaRRRIIaaannn's
DDeesCCeePPLLLiiiNNaaaRiaaNss
DiissciiipplllIIInnnaaRRyy
dddESSCiiipllluNNEE
DAssscccEEPPPLLIINNNu'sss
DDDAAAsCCCoooPPPLLiiinnEEED
desssCCiPliiNEEsss
DDIsssccaaPLLIINaaNNgg
DDiiissCCllUUAAAMM
dddIIscccLLAAIImmiiidd
DDEEESSScccLLAAAIIImIr
DoossccLEoMMEErr'S
dIIISSScclaeemUUrss
diiSSccLLauMMMeenGGG
DDasscclllAAIIIMMMss
DUUsssclllEMMMAAttIAN
DDDEEEsccllliimmmaaxx
ddEESScclllOOsUU
DDiiiSSSCLLLosaDD
DDIIsssCCClllESeeer
DDIISSSclOSSSeeesss
dIIIscllooSSSiing
DDDIIIssccLoosERREEE
dAAAssccLLIIISuurUUU'SS
ddIssscclllooSSSiirES
ddooSSCooo
DDISSCCooo'ss
DDIIIscOOOBBoooLUUss
DDDAAAsssCEEeeeDD
ddIISSSCCaaGGRRoooppHiaS
DIIsciiiggrraaPPPhhYY
dddiiisssCCCOOGGGRAAPPHHYYY's
ddIsssCCAAAuuDDD
dIIISCCOOOIIInnnGG
dddeeesccuullleeR
DOOsccooLLOOOrraTTiiieNNN
duSSScuuLooraaaTEooN'SSS
DDiiSSCIlllorroottuuUUUNss
DDDoossccoooLLLooruuud
ddIISSccceeelUUURRiNNg
DuussccOOOLLOORss
DDIsCCaMMboBBBIIILLaaatooo
daaasCUUUMbbobILLaaaTAADD
DIsscuumbEEEbuuLLLAATTEEEsss
ddisssCCOOOmmbeeBBUULLAAtIINNggg
diiiScooomBAbbbAAAlleeeTiiooN
dddIIIsCCCoommbbEEbiiLLooottaaaoon'SS
DOOSCCCOOOmffIITT
ddIsssccOOOmfIIITTEd
dAsCCOMMMFFAAATIIINg
DiSSSCiiimmfffiittSS
dddIIISSCCOOmmFFiTTUUUrree
ddIIISSScOMMFFFiiTuRRRoo'S
dIISSSCCCOmmmffoooRRt
DDDaaSScccoooMfffoRRTT's
DIIISCOOOMfffaRRTTAAABBBlllee
deeessCCooMMMfUrTTeeeDD
DDDIIISScccOOMffOOORRRtAAAnG
ddassCCOOmforrrtttS
DDDAsssccOOOMMMMeeeNNDDD
dESSScccoooMMMMModddOOO
ddeeesCOmmmmOOOdddEDDD
DDDiScOOOMMMoDDiiiSSS
DuusCoooMmmmOOdddInnG
dISSSciiiMMMMoooDIIItttYYY
DIIIscccimmmmminn
ddusssCOOMppASSEE
DesscccOOMMMpooSSeeddd
DDDeeesssCCoooMMppEEESEs
dddiiSSSccUUMMPPPESEENNGGG
DDIISSccEMppoosUUrrrEE
ddoossCCCeeMPoSoooRII's
DDisssCCCaannncccUUrttt
diiSSScccOOnnCiiirTeeedd
DiiiScaannncccuurrrttEdly
dUUSccOONNcEERRRTAAnnnGG
DDaaaSccOOONCorrTTTIInnngllyyy
DDiiisscoonnncErtttUUUONNN
dddIIIsssccconnnCUrrTTTEEEOONNSSS
DDusscooncccurrtttmmeeNNTT
DiiisssCCooonncURRRTTTmeeennttSSS
ddiSSSccAANNNcciiirrrTTS
DDUUSccUUNNNFFFOrrrMUUUty
dISSCooonnnnECttt
DDISSScooNNNUUCCttteeDDD
DDiisscuuNNNnnnUUcccTTTUDDLLLyy
diissscciiinnnNNNIIICttteeedNess
dddisscEEnnniiCCttteeeDDDnnnIIssSSS's
ddusssCCoNNNuCCTIIIngg
DAAssscONnneeeccTTTiiioooNN
ddAASSSCeennnNEEEccctttaaaIIn'S
ddiiiscccUUnNNNUUUCCTTTiOOONss
ddooossCCaNneeeccctS
dAssccOOnnnsoooDUUrrr
DDISScOOnsOOOLaaaTTTeee
dduuusccIIInnssIILLeTTTEEEllY
DDDiissccaannsssooolllaTENNeeSSsss
DDiissCCONNNSSOOLLEETTANEESSSseeesss
DDDeeeSSSCCCUNSSSOOlllIIITTiUUUN
dIISSccuNTaaannnT
DeeSScccoNNNTTTennT'S
dddIISScaaaNNNtttennTedd
ddIIIsssCCOOOnnnTaaaNNtttEEEdddly
daaaSSScOOnnnTennteednEEESS
ddiiiSCCiiinnTTEENNNTTeeDDnneeesSOS
DIIssscooNTTTennntttOnnnGG
DDDaSSSCCEEEnnnTTTEEEnntmmeeeNNTTT
dosCaaannnTuNtttmiinT'S
DISSSccooonTTTeennnTSS
ddduuSSSCoooNNtttiiinnaaaAANNccco
DIscccooNTTTuuunUUUONccE'SSS
dddIIISSSCCOOnnTIIInnnuuuannncccOsss
DIsCCCOOnnnTTTinUUiiitAOOOn
dddIIIsssCCCoonnnTIIINNNoooUTuuuOOONNN'sss
DDIssccEEEnnttUnUUatttaaOOOnSSS
ddIIISSSCCCiiiNNtttiiNaiii
DDuuSccinnnttIInnUUUuuuDDD
DOsscccOOONTiinoeeesss
DDDessccUUnntttINNNOUnnGG
DDDooSSSciiiNttiiiNNoOOTiieeeSSS
ddeeSCOONNNTTiiiNEiiittYY
dissCCOOnnTEENuuuuTTTyy'sss
dddisssCEnnttINNuuEUUss
dddiSCUUUnnntttIIINNuaaausssLLYYY
DIIIssscccIppphhhoooLLLeee
ddIISSSccoorrrdd
DDiiisccAAArrrddd's
DOOOSCOOOrrdddUNNCCCA
DDDIIsssccoorrDDaaanCCCAAA'ss
daaasssCCCooRRdddinCYYY
DAAsCCCOORRRdddAANttt
DDDissscorrDDDanTLLLYYY
DDDaaaSSScccoooRRded
ddAASSScIIRRdddINGG
DDDiiiSSCOOOrrDDDss
DiissscoooS
DDDISSSCCCoTTTHeeeqqqEAA
DDDISCCETTTHeeQQQuoo'ss
DiSSScAtttHOOQueeeSSS
dddIIIssCCOooonnTT
DDDaaaSCCCuuuEEEnnnTTT's
DaScUUUuunnntttaaabbLLEEE
DDeeeSSSCCCaEEEnTTTeddd
DDDuussccceeUnTTEnnAnnncccEEE
DEEESSSCCCouuunnnTTTUUNeeNCCEED
diiscIIIuNNttIInancccOsss
ddIIIscciiiaNTEnnaannnCCoNNNgg
DDISCCOUUNNttterrr
dddUUUSSScccuuuUUNNNTTEERRR's
dddOOOSSCUUUUUnntIIrSSS
DDooosccOUUnTAAAnnGG
dddiiSCCOOUNNNtttSSS
DDAssscooArrAAAgggeee
dddIssccOOUURRiiiGGEEEDDD
DDASSccoooUUURRIIIGGEmEEEnnt
ddessCCCOOORRaaaggeMMMAAnnnTTT'ss
DDiiisssCCoooeeerraaaggAAAMMMIIInnnTSS
dIIISCCiUUURRaGoooS
dddIISCCoouurraaGGiiNNNGG
dAASccaUUUruGGaaaNggllYYY
dIISSCooouuurrrssEE
ddUUSScccOOOuurrrsEE'ss
dEEESScOOUUURsseeeDD
dddIISSScauuRRRSSaasss
DDisssCCiiiaarsoNg
DDIIIsCCAuuRRTTuuuEEEUUUSS
DDDisscOUUUrTiiiOEEESSlYY
DDDIIISScciiuurTTTeeeSUaaaSS
DDiiisscooARRTTEEESSyy
dOOOssCaUUUrttAASSyyy'S
duussscOOVuuurrr
ddduuusccEVVVIrrrAABBLLe
DEEsssCCCOOVERRRuddd
dddIIISSCCovveeRREEERR
DDiiiSSSCoVEErIIRR'sss
dddOOOSSScccooVVEEREEErrrS
ddAAASScceVViiirEEEEESS
DDIssscAVVEEErOOONggg
dEsscccOVVerSS
dddIIIsssccOOVEERRRt
dddeesscccAAAVURY
DIIsssciiVeeRRYY'ss
DDOOSSccRRuuudITT
DASccReeeDIIIt'S
DDeeeSSScrrEEdIIITTabLLLEE
DDDEEssCCrEDDiiiTOOOBBLy
DiiSSSCCRRRaaddiiiTeeed
DeSCCCRREEDEETTeeeNNNg
diiisccrooddiiTTs
DAASSSCCReeeeeTTT
dIIscccRAeettteR
DDiiiSScrraaaItoossstt
ddIIIsccRRRIIEEtttLLLyyy
DDDaSCCREEIIItttnnnIISSsss
ddIIIsscccrreeeeTTTNNNEESsss'SSS
DIISSSCrrEEPaaanccIIOOsss
ddESSCCRRROOOpppuuuNNNcccYYY
DDiSSSCCrraaapppaaNNNcccYY'SSS
dddiiissCCrrrAAPPooNNt
DDDaaSCreTTE
DIsssCCRRRIIITTEEElyyy
DDDisCCCRRREEETAAnAAsssss
dddUUSCCCRREETTTennnEEESSsss'SSS
ddisCCCrrreeetEEEIIInn
DDDescRREtiEnnn'S
DDDoSSSccRRREEEtOOOoonaLL
DaaassCCrrreeTTTIIOOONNNarrYYY
dddIsssccRuMAAnaaaNNNtt
DDDoooSSSCrrIIImUNNNaNNtsss
DDDIIISSccrraammmiNNOOOtto
daSSCCRIImmmiiNNatAd
dddIISSSCCCrrrimiiiNNNattELLLy
DDDissCrooMMaaanneeeTiiS
dddIIISCriimmmuNNattiNNgg
DDDiiiSScccrriiimmmUUNNaaTTannnggllYYY
DDiiiScRROMiiNNNaaaTiiiOOOn
dIISSCRooMMiinnaatttiiooNN'ss
ddOOSCCCRRRImIINNAATiiiveee
dIIISSScRRREmmmunnnAATTTooorrr
ddeesscrrriiimmUUUnaaaTeeeRRR'SSS
DDuSCCRiMInnnAAAttOOORRSS
dISSccRRRummmeenaaaTTOOOrYYY
dIIIsCCROOwn
DIISSCsss
dIsCCCuurrsssIAAANN
DDIIISSSCCUrrrSSSiVVVe
DiiisssCCuuursIIvvvuuulYYY
dddOSCCCurrrssIIIvvveennnUUss
DDDuusssCCCUUrssiiiVVeeNNESSSS'SS
DDDisscusss
dddIIISSSccaasss'SS
ddISCuuuSSEEES
dddeeeSCAAASSSS
dddOssscEEESSssseBBBlee
dIssscccUUsssssaaNNTTT
ddIIIsssCCOOSSssaaantt'SS
ddiiisCCUUUSSSSSaaannTSSS
dddOOOSSccUSSSSSEEDDD
dddAAASSScuuSSsEEESS
DDDissscuussssssInnggg
DDDIIscuSSSSSIIIiN
DDIIIsssccUUSSSSSiiionnn's
DDiiisCCUssSiiiiNNsss
dddeeeSdaaiiN
ddUUsdAiiiNN's
DDDIIIssddAAAANeeDDD
DDDISSddaEEENNNFFFULLL
DDIIsddiiiIINNfUUULLLllY
ddIISdddAAOnIIng
dddIIISSSDDDaaiiNSSS
DDiisseaaaSSSAA
DDDiiSSSeeaaSEE'SS
DDIsUUasAAADDD
DDDeessAAUUseesss
DEEsssAAmmmBBaaaRRRkk
DDDeeeSSSuumBBEEErrkkkAAATiEEEnn
DAAsssoooMMbbbaaaRRRKKoooTTTeeeEN'SS
dddIIISEMbbbooRkkeeedd
DDiisssEEmmBBUURkIINNgg
dddAAsssaMMMbbbaaaRRRkkkSS
DDDisumBAArRIIsssss
DuuuSEEEmBBIIrrRRRoSSSSSED
DDDoooSEMMbbArrrrAAASssEEESS
DDDUUSSEmmBoRRRRRaaaSSSSIINNggg
DuuuSSEEEmmmBBOdIEEd
DDDUUUSEEEMMbbbOOOdddIIIoss
DiiSEEmmmbudddiimmeeNNtt
diissseMMBBBAddIIImANNNt's
dIseeMbbboooDyyy
dIseeeMMMbbbuddYYYiinnngg
diiisssEEEmmboogUUE
dddUUUSSSoommmBAAAwwILL
DosssoomBBEEEwwELEEddd
DDIIISSSIIIMbbbeWWEllaaaNGG
DDIseeeMbbboWeLLLEEEdd
dddiiissOOOmBOOOwwEllllllIIInnng
DDiSEEMMBBOOwwaaaLLLMOONNNt
dasEEmBBBOOwEllmUUUNt'SSS
ddduuusEmbbbEwwwooLLSSS
dIIsiiMMBBBRROIll
DDDESSSIIImbbrrriiiillEEd
DDiiSSEEEMMMbbbrrreeILLLiiiNg
DuussIImbbROiiLLLss
DDIIISSiiNeebbLLo
DisssUNNNABBlllAAAdd
DDoosssEENIIIbLEESS
DDiiSAnAAABBBlIIINNggg
DDDIIIssseeeNNCHANNNTT
doossEENcHHannnTEED
DDiiSSSeeenncchhhUnnTTonnnggg
dddIsennnCChUNNtiinnngggLYYY
DDuussOOOnnnCChhAANNTMMEENNTTT
ddIIIsEEnnnCHHHaNTTTmUNTTT'S
DDIIIssseNNNcHHHaannTSSS
dddossEEEnCUUMbbarr
dddEsseeNCCAAAmBBBeeereDD
DDisssENNcUUmmbbeRIINNNggg
dIIIssennCCuuumbbeerrSS
DDiSSSAAANNNddooWWW
diSSEEENFFrOOnnncHHHAASSEE
DOOOssaaaNfrrrAAANNNCCHIISSSAd
dIIsseNNNfRaaNNNCHHIIISSSoMMMEEENNNTT
DDuussIIINfffRREEncccHHHisssUmmmENNNtt'S
DDDiisannnFRREENNNcccHHHIIISSSas
ddduuuSaaaNFFFRANNchhiiSSSIING
dddOOSSSUUnngggAAGGUUU
dOsssEENNgOGGeeeD
DDDeesaaNGaaGGemmeeennTT
dIIIssseeeNNgugeMMMeennt'sss
DDiisEnGooGGGeeeMOnnTTTsss
dddISSSUUUnGGGEGGGUSSS
ddUUUSEENNNggaGGUUUnnG
DiiissEEENNNttEEUlll
dduuuSSSEENttaannggLLLEEE
DDUSSInnTTTaNNNGGGlllEEEDD
diiSSSiinnnttiinnngggLEEmuuuNtt
DDDIsssOOOnnTTTOOnnGGlleeemmmennnt'ss
dddiSSSEENTTTUUUnnnggLLaaaR
dEsaantttANGLUUUS
DDDIISSUnnttUNNNGGGLinGGG
DDDIsssaNNNThhhRRAlll
ddASSSEnnTThRAAlLLL
DEESSSeeNNNThrrrooNNNa
diiiSEEnTIttllleee
dIIIssseeennTTTOOOMBB
DDOOsssENNNTTWWUUNNU
dUUSIIpppaaalloouS
daSAqqquuuILLiiibRiiiAmm
ddIIsuQQQUUUiLEEbbbROummm'S
ddASEEssstOOOBBlllIIIsh
dddIIISSASSStttAAAbbblllOOOShEEEddd
dUUsssEEsTAAAbbLEESSSHHeeeSS
ddiiiSSiSSStttaabbbLLISSSHHUUUnngg
dddiissisTTAbbLiisssHmmIIINt
DDOOSSSeessTTuuBBlIISSHHmmuunTT'ss
ddISesteEEEm
dddiiisssUUSTTTeeeeeM'ss
DDDiissseesssTTTAAeeMMMEEddd
dOOssseesssTTTeaaaMMMaNNGG
ddaaassEsTTeeoMMMSS
DDuuSSiiaaaR
ddIseUsssOOO
DisssfAVeeeR
DAAASSSFFFAVVVoorr'sss
DDeeesssFAAVVVoorED
DDDaaaSFAVVeerrreeNGGG
DDDOOOsssFaaVVeRS
dduuusssFEEETorrrEE
DDDIssfffooGORRRAAtEEOnn
dddIssfffaagggUro
DooSSffIIggoooRRReeddd
DiiiSfIIggerEEMAAnTT
dddIIssffIIguuRRRiiiMMooNNT'ss
DISfffIIIggeeeRRRaaamooNNNttsss
DUUUSSfffIIGGuuuRREESS
DDUUSSSFiiiGGIRRuuunng
dddiiSffaaaRRRIIIsssTTT
DIIsssffurrUUUsstOOdd
DoooSSfffOORReeesTTUUnnnGG
dddooosfffAARRRIIStSS
dddIIIssffReeenncccHHHiSSe
diiisfrIIINNNCCChhhOOOSuuuD
DIssFRRRiiiNNChhaSSSEMMAAAntt
DIISSffRoNNcccHHHuuSeeeMMOnTTT'ss
diissFFFREEEnnCCHiissEEss
DEsssFriiNCHIIsInnnGG
DDDiisssFFroCCCKKK
DDDiisssggguRRGGGe
ddiiiSSgggOrrGAAAD
ddEEESSgeRgggEMMMENt
dIIIsssGGeerrGeeMMMIIINttt'ss
DDIISSgorgggeees
DDUssGeeeRGGUUUNg
DDDOOSSGGrreeCU
dddIIISGrrriiiceee'SSS
DDDIIIsssgrriCuuuD
diSgggrriicciifuuulll
deSSSGGGRAAcccaaffuulllllyy
dOOOsssGGrrAAACEEfuuLNOsssSSS
DiiSSgReeCCCiFFFIlnnOOSSSS'sss
ddiiisGGGraaCCCeSS
DDoooSSgggrriiicccAAAnggg
ddUSggrrrOONNNTTLe
DDDiiSgggruuuNNNTTTLLLOODDD
dIIIsssGGrUnttLEMMEENNTTT
ddUSSSgRunntLLEEEMMENNTTT'ss
diSGGRUNTlllEEsss
DiSgrronnnTLLiiiNG
DDussggIiiisssi
DiiiSSSguiiSEE's
dddIIIsssgggUUUIIssOOddd
diiissggUUeesoss
DDDOSgggiiiiiissiinnnGG
DDuSSggUSStt
DDDUssGiiiSTT'S
duusssGIIISSttoD
DDDiiissgggOOSttadddLYY
DiiSGUSSSttFFFuuulll
DIIssGeeeSSSTTaaaNG
dIIIsGGooosssTTTUNNNGLyy
dIIISSSguusstSSS
ddoosssHH
DDDiiiSSSH's
dddEEESSSHabbbIIILlllooo
dIISHaaBeeeLLLEEE'sss
dddOOOSShaarrmmAAAnnnIIIUEss
DDuuSSShhIIrrmmoooNNNIIIiiuuuSllyy
dddIIISSHeeRMonyyy
ddUUUSSSHHOOOrMMMAAANYY'SS
dAASHcllIITH
DDIIISShhcccLLLooothhh'SS
DIShhhCCCLLLUUThhhs
DDDuuuSSSHHHeeaaaRRtAAnnn
dduushhhEEEuuRRRTTTEEENeeddd
diiissshhEEEeeRRRTEEniiinG
DDiSHHeeAAARtttEEENENNNggLyyy
DiiissshhheAAARRtOONNNMIINNtt
dIISHEEuRRttInnnMMMEnTSS
dddAAAsHiiiAAARTTTeennnsss
ddiishEEdd
ddASShheeeRissan
ddIIISShaaass
DDUssshhheeeVVVEEELL
diiisssHHEVeeellleeD
dddeSSSHHeeVVVEEELLLiiinnGG
ddUSHoviilLOddd
dIIshEEVUlliNNNG
dddOShEEvElmmmeNNt
DDesshEEEVVVaaLmEEnnnTTT'SSS
dddEEESHHeeeVVeeelllss
dASSShinnng
DDDIIshhONiiiSSt
DDOOSHHOOnnnesssTTLLy
DEEEsshhonnIIIssstY
DIsssheeeNNNOsssTTTyyy'SSS
dddooossshhoonnarr
DDeeSSHHHOONNerrr'SSS
duSHHHOOOnnoorrrAbbbLLLEEE
DDiSHHHOONOOORaBBBLyyy
ddAsshoNEErrrEEEd
DDeShAANNNOORunnGGG
dddAASShhhooNNNooRss
diisHHpaaNN
dUSSShhPPPAnnn's
duSSSHPPPaaaNNNSS
dissHHraaag
DDDiiSHHHRRAAg'SSS
DDIssshhhrrIGGGss
ddiSSShhtttoowiiill
dIIssshhttOOWeeeL'ss
DDiisHHttteeewuuLLS
dddiissHHHwwArrAA
ddasshhwOOORii'SSS
dIIIsHHHwwwAAssshhAAAR
DDDeeeSShhhWWWuuSSShhhORRR'S
ddISSHWWWAAASShhhirsss
DUUUssshWWWaTTurrr
DDeeShWAATTiiRRR'sss
dduuuSHHYYY
DIIsssilLIIsssiion
DuuuSillLuuuSOOONNN'sss
ddiiisssIIlllllEssseeeoNEEDD
DDuusssiillusssaaaOONNNiiiNg
dddiiSSSiiLLLLLuuSSSioNNaazEEE
DDiiissEEElllUUSAAInnmmmEEEnnTT
diSSSIIllUUUSSiuuunnMeeNTTT'SSS
dIIIsILLlooSAoonnsss
DDAAASIIINNCCEnTTeVee
DDDIIISoNccEnnTTIIVVUUUSS
dOOssIInccclllEEnaaatttiiiONNN
DDDuuuSSSiinCCCLLLoNUTTTion's
DDDIsIInCCCLIInnneee
diSSiiinnnCllIIInnnOd
DDIISunnCCClIIINiiiS
diSSSEENNCCLiinnnoooNNNGG
diiiSSSiiiNNfAActt
DDIIsIInFeeeCCTTanttt
DiiSSSaaaNNNffeeCCCTTAANNNT'S
DDDeeeSinnfeeeccttaaanttSSS
DEESSSaNNfEcTTTuDD
ddIsssIIINNFFFEEEcTTIIInng
diiiSiiiNNFoocccTAAann
DOSSANfffeeeccctttueN'ss
deeSSiiinficcctttss
DDDiseNNNfffEEssst
DDDiisssOOONNNfffaSTTeeed
ddiisssiiinFFFeeesssTANNNggg
dddiiissiNNFFFeeeStttS
DIIIssIIINfllEETIIon
DDDosiNNffflllAATiOnn'SSS
ddIIIsiinnnffOrrmAATTTuuooNNN
ddUUUSSIInnfffEEErmaaatttIoonn'sss
ddaSSIInnnggeeennnOIITy
DDDIIsiiinnngggunnUuuuuuuSS
disIIINNGGEENoooIIIUUUSSSLLLy
DDuuuSIIINNNGGEENNNUUUeeUsssnnuussssss
DDDIIsssINNgggEEEnAAEEsssNNNEEEsssuSS
diiSSSiNNhhAAArrIIIttt
ddiiiSInnhEERATTTAnnnCCeee
DisOOOnnnhhhAriTAAAnnce'SSS
ddUUSSSeennnHeRooottEEEddd
dddossEEnnnHHHeeriiiTTTiiiNNNGGG
dddisssIINHHUUUrrrOOOTsss
dddiSSiiinnnttteeeGGGRRaaaTTTee
DisinnntttEGGrrreeeTED
DIISSOnTToogggrrratUUSS
ddoosiinntttEGGrAATTTiiNNgg
DAAAssaaNNTTTOOGGRRaaaTTTiiionn
doossUUnnTaagggRATTTIONN'S
DDuuSSiiiNNTTIGGRRaaatttIvveee
dddiiiSUUNNNttteGGGrrAATooor
DDDESiiiNNNtoRR
DuuusssIIINNNtttooRassTT
ddUUUSEEENNNtteeeREEEssst'S
DDDooosInTTeRRREEEStteedd
DiiiSSiiiNNNtarrreesssTTaadlllyyy
dddEEESSannTTEEErruuusssTTTAdddNuuuSSSSSS
DDIIIssINNNTTIIreeesstAAdNiissss'S
DDDissiiinnntEEERUUUssTTSS
dddisssInnTTTeeermIIdiiATTTEEAAANN
DDDiiSSSoonnntttErMeeennTT
DDiSiiNNttAAArrrMMeennT's
DDDiiisAnttterRRREDDD
DDDaassseeenTeerrrRRRIIINgg
dddiiisiiiNNTTTOOrss
DiiissIIINvvviissTTT
dEEESinnvossstmEENNt
dIssUnnvvvEEstMMoonnTT'SS
ddEEESSJJJeectt
DDISSSJJJeAAAnnn
dIIISjjjOOONNUUUDDD
DIIIssjjjoIIINNNOOnnngg
dddISSJJOOAAANNsss
DDiiSSSJOOiinnnt
DDDiissjOOeeNttteeeDD
dddisjjooonnnTTTeeedLLYY
dddAAAssjjjeeeINNtttooDnnnEEsss
dIIsJooANNNttEDnessS'SSS
dddiiiSSSjooIIntiinGG
ddIsssjjjooounntttsss
DDDIssjjaaannnCCtt
dooosJJJuuuNCCttiiooon
dIISSSJoooNcttaaauunss
doooSjjjEEnnncTIIIVeee
DDDiSSSJAAANNCCTIIIvEEELLLYY
dddISJuuNNNCttuuurrooo
DDISJuunnncccTTUURROOss
DDDEEEsKK
ddIIIsskk's
DDiissKKKETTTte
dAAssKUUUTTTTI'ss
DoSSKKEtttTass
DDDIIssKS
daaaSSLLLIIIKee
ddiSSLLiikE'sss
DDDiisLLLiiiKKUUddd
DDDIssslllikkeeSS
diissllIIIkkkIINNNGGG
ddISLLOOOMn
ddISSSlUUUceetttEE
DDDUUsslllIcccaTTTEEEddd
dddISSLLOOCaatEEESSS
ddEEEsslaCCCOttannGGG
DDaassLLeeeCOOOTTIuN
DDDIISLLIIcccatttAAOOnn's
DiiislooCCCaTIiNNS
diissLOddgE
DDDASSLooDDggeddd
DIIsslOOdGaaaMoooNNt
dddIIISSLOODDGGGAAMMennnttSSS
DDAsssliiiDgggEEsss
DuuusLOOOddGGiiiNNNGG
DDDISSLLOOddGmmmAnnnt
ddiiSSSLOODDGGGMMEEnTTTSS
dUSSSLLLoYYYall
dISSSllloooyalllYY
ddeeeslooyallttY
DDDeSlllOOOyyyAAALLty'ss
DDIISMMiiilll
doosmAlllllyyy
DDismmaNNTTLLII
DDDiiiSSSMuuNNNttleeeDD
ddiisMIIInnttLLLAAAMAAnnTTT
DDDIIIsMMennnTllIImmeeeNNNtt'S
DDDusmiiinTTLaaaR
dddIISSMMMANNNTLLaSSS
DDIIsssMMMAANTLLLiinnng
DDASMMMist
DDaaaSSSmmmiy
DDeeSMMMOOOyyy's
dddOssMAAAYaad
DDIIISSSMMaayyyIIINNNgg
dddIIIssmmmaYinnnggLYY
dddaaassMAAyyysss
DDISmmUUUmmBBBErr
ddEEssMMMeemmmBBBEERRRoooDDD
ddAsMeeemmmBBeeRRoooNggg
DiiSMUmmbbUUURRMMoontt
ddISSMMMAAAmbbbEErrmaant'sss
dIISmEEEMMMBBErrrs
DDDiismmiSSSSS
DiiSSSmmISSSSaaall
DuSmmmAAsssssaaaLL'ss
DUsssMMIISSsoollsss
DDDiiiSSSmmIssSSiiDD
DDiSMMisssSeeess
DIIIssMMMIsssssIBllii
dddIISSSmmuussSUnggg
DIsmmiisssssIIIvvvUUU
dddUUSSmmIIIssSaaaVVVOOOLyy
diiiSMMMEESSsssiiVVVoNNNASS
ddissMOuuNNtt
ddiiiSSMMMOOOUUnnnt'S
ddEEEsssmmmOOENNTAbLaa
DIsssMMOOOUUUnnnTTeeDDD
DDiissMMMeeUUUNtiiinGGG
DDDuuSMMIIUUnnntttSSS
DDDIIIsobbIIdddieeenccEEE
DDuSSSOOOBEEDDIIIEnccEEE'ss
DIISSobbeddiUUUnnt
dddasooobEEdiINNNTTllyy
ddiisssoBIIIYYY
DDOSOOObbIyEED
DISoobbbOOOYYIInnnGG
DDDaaaSSOObEEYYS
diiisObbbLiiGii
ddASSSooBBLLLIggUUUd
ddIISSoobbbLLLIIIGGGeeesss
DDaasssooobbLLIIIGeeNg
DDDISSOOppEEERRAATAAooN
DiiSIRRdEr
dddiissOOrrddEErr'SSS
DDeeSSSOOOrrrdddIIIrreeed
DIIIssorrrDeeerrrooNNGG
DOssuuurdeerrrlliNNASSSSSS
DDDOsssorrrDDDERLLLUUUnosssSSS'ss
DOOOSSSOrrdddARRlYY
DIseeerrDIIrrS
dddisssuuuRRGaaaNNaaZATTTuoonnn
ddIIsssORggaannIIIzzUUUttIIaannn'ss
diSoorgggUUUNNiiZZEE
DDOOOSOOORRgggaaNiZZaaaDDD
dEESSSIIrgeeennnaaazzEEEs
diiiSSSergggaaaNNaaaZZZAnGGG
dddiiiSSooRRiiiuuuNNNttt
DDooossAAARRUooNNNttaattEE
DDIIsssOOrAeeentAAAttUUUddd
DDIIssOREEEennnttoootttEs
dddiiseeRRRuEEENNNTTIItttIIINNG
DDDIIIssorrriiioooNtAAAtttiANN
DAssoRRiiioooNNNtAAATiunnn's
ddaSSAAARRROOANNtttEEddd
dOOOssoriEnnntINNGG
DDDeSurrEEeNNNTTSSS
DDuuSSOOOWNN
DDossOOOWWNeedd
DDDiiiSSeeWWWNNuuung
dooosIIWNNNS
dAAsssPPaaRRiiiggge
DDUUSpeeerAAgguD
DDEESPPPAARRRoggiimmEEENNNT
DIIssPPaaaRooguuMMeeeNTT's
dddUUUSPPPaaarreeGeeSS
DuuussppeRRAggUUNNg
duussPIRRRaaGGIINGGLLy
dddeeessPPPoooRRaaaTTTe
ddduussspppaarruuuTTIlY
DDDIIISSSPEEraatIIINNNOOSS
DIIISSSPPPaaaRRAAAtttEEnnnEsssssEES
ddesssPaaarrrIIITIIIeeesss
DDiiiSSppeeRRRIIItttY
DiSSSppUUrrITTTYYY'ss
DDiiSSSPoRtt
dddeesspUUUSSsUUUOnnn
dddissspppAAAsSuuoooN'SSS
DDDiiiSppuuSssIIIOOOneeetA
ddaSSSPPPaSSSSSSAEEENAAtttEEELyy
ddisssPPPaassssiiUUnnEETTeeNASSS
DiiiSSppUSSIIannUUUttEEEnnIIIsssssiiiSSS
dISSSPattccHH
ddiiissPPPIttCh'S
DoSSpotttCCChAAD
ddoosssPPaTTTcccHEr
DDiiisssPattCChhEEErrr'SSS
DDaaspoooTTCHHHeerrrSS
DuuSpppooTTCCChhhEEESSS
dddIIISSSpOOTTCCHooNNNGG
DDDASSSPPPEEELLL
DuuuSSSpppeeelllloddd
diiiSpppaaLLleer
DISSPPPaaLLliiNNNg
DDDiiiSSPPPEEELLss
dddiSSSpppInndd
DDDeeSPPEnnnssAABlIII
DDiiiSSSPeeensserrAeeeS
DDDOsPEENNNsssIIrrryy
ddUUUSSpEENNNSAArrryy's
DiiiSpooNNSSSuTTTIeeen
dUSSpppUUUnnSOtION'SSS
DDeeeSSSppeeNsssaaTTTaaaENNaalll
DDDEEEssPPUUnSooTTTauuunsss
diSSSPEENNNSSattOORyy
dddISSSPPeeeNNNSSee
DEsssPiNNNsssuuudd
DDDOOOssppeeensssEErrr
diiSSppENNNssiiRRR'SSS
ddduuSPPennssserrsss
DDIIIssppuNSSeS
DDiiisssPPeNNSSeNNg
dIIIssspeoopppLLLEE
dddiiiSSPPPORRRmmmaaauuuSS
diiiSSSpeerrsalll
DDDIIIspppERRSSiiiL'SS
dddISSSPPirrrSSSANNNt
duuSSPPEEErrsI
ddossspEEErSSSeeD
deSSPaaRssEErrr
dooSSPEERSiiirrrS
ddIIssspppEErrrSSIIISS
ddIsPEErSSOOBBLaa
dddiSSPPIrrsiiNNNG
dddIsPERRSIIoNNN
DDDIIISpppeeRRsIIIuuunn'sss
DDDiiispeeeRRRsssIIIoooNNss
dddUUUsPEEErSivve
DDIIsspppEErsssIvvelllyy
dddOssspppEErrrSSSAAAOOOD
dddIIIsspppiiirriit
DisPPPiirrITTeddd
ddISpppAARuuutteeeDDlY
dddUUUSSpppEEERRRIITEdddnnnESSSSS
dddUUsPPPeRRREEtidddnnneeessSSEESS
DDeeeSSppOOOrruuutttOnnG
DDDIISSpiiRRIITINgggLLY
dIssspppoorIITTs
dddIsppLIIccEEE
DiiissPPLLIIICCCeddd
ddUSPPPLLLAACCCiMennTT
DeeesPPlllAAcccIIIMEENNNt'S
DDIIIspppLLLAACCCeeMINTTTs
DDDIIISSPPLLLuCCeRRR
DDeeessPPPlllaaacceeSSS
ddiiisspllIcccaNGG
DDiissplAnnntt
dddiisPLAAY
dIIISSpppLLLOOyyy'ss
DISSSPLaaYYYABBllI
DOOSpLAAAYYUD
DiiisPlIIYYYiiNNNgg
ddiisspppllaaYs
DDiSPPPLLLEaaasssAAA
dddiiSSSPPPLLLeeeAsoooDDD
DooossPPPLLLEEEEsEEEs
DDUUUSPPPLEEEAsAAANNNggg
dddiiiSpppLeeeIsiinnngggLLy
DAAASppLeaSSurrAA
ddAssPlllEEUSUURee'ss
DDDIssPPPLLODDDE
DEsppLEEEMMuuu
DDissppLLLuMED
DDIssPLLUMMMeeSS
dOOsssppLaMiiNggg
DDIIISSpoorrrTT
diissspppaarrtttoDDD
DDDIIIsPPOOrrrTeennG
DDDESSpaRttS
DDIIISSPaSSiiibbbiiilllIITTyyy
dEEESSpppooossaaaBBLLLEE
dISSpppOSSSobbbLLLeee'SSS
DDUSSpOOsssABBLEES
DDUsssppooosssIIIll
DIIsssPPPooSaaaLL'SS
DDDAAssspppoSSSAAllss
dOOOSSSPPPUUSE
ddIIISSSpoooSiiiD
dddIsspeeSSSAArrr
DDDaSpppooSSSEERRR'SSS
dddISSpOOOssEERRS
DaSPPPuuussAss
dddEESppOsssIIInggg
ddiiisssPPPEESiiittiooNNN
DDDiiissPPOSIIttUUUOOnnn'S
ddIIIsssppoossITTuooNss
ddOOOsppEESSsssEssssss
dddiiiSSSPeeeSssseeeSSEEEd
ddEEESSSppOOsSaassOSS
DDDUUspppOsSSSeeeSSSsssiinnggg
dddISPaaasssssIIISSSsiiiOON
DaaaSSSppisSSSAASsIIIoooN'ss
DissPIssAArrE
DIIsssppRRRaIIIssE
DDDAAssprrrAuuuSSSEEE'SS
DDDoSpRRRiiiiiSSEEED
DDOOOspRRAAAIIIsErrr
dddiiSSSpRRRoUSes
dddOsssPREEEIIseeeNGG
DDIsssPPREEaDD
dUSSSppprrrOOadIINNG
DDDIsssPPrUUAADDss
DDISPPPriiiZee
DDisssppRAOOOf
DeSPROeFFF'ss
dEEEsspRRRuuooofffss
DDDIIIspRoooPOOrTIIIOOn
dIssPPPREEPPPoorrTIooNN'S
ddUUSSpRooPuuurrrTTTIIIONNNOll
duuSpppRRiipporrTTTIIIUNNaaLlYY
DDosssPPruupOrrrTionnAAATII
dddiiisPPPrrrOOpooorrttiiAAAnnnUUTeLLyyy
diSSPPPrrePPPoRRRtteeeOONattteneeesss
DDDIIspppRRROOOPOOOrrrtiiOOOnnnaaatiIIINN
dIISSppprooPPoRTTiEENS
DDDoossPrrIvvvooBLLEEE
ddOOOssPPPRRUVIILL
dosspprrooove
DiSSprroovvvaaD
DDiiiSpprrroooVOON
DIIsPPPRRRooovvveeesss
ddISSpppRoovvIIInnnggg
DiiSpppUUtttIbbllUU
doSSSppuuttAbllly
DDDiiiSSPutttuuunnnTT
dddIIIssPPuttaaNNNttt'SS
dddAsssPPPUTTTaaaNNNTTTS
ddduuSPOOOTTAAATOoN
DIIssspppooTTAAtIIIooonnn'sss
DDDISSSpUUUTTIItIIIIIInnnSSS
DEESSPPPuuttuuTTOOouSSS
DDDisPAAAtAtttIOOUUUssllyy
DiSPPPuutttAAAtIaaaussneeessss
DDIssppittUUU
DDDiSSSPOOOTTTUUU'ss
dEssspppuTTTeeeD
DDiiiSPPPUUUtuurr
dddUUsPPPuuuTeRR'sss
duuuSSPPPuuuteeeRRRSSS
doooSSppuutiisss
DDIISPEETTTiinnG
diiiSqquaaalllIfffEEccaaTaANN
ddeeeSSSqIIEEEllliiffucAAtttEEEaaan's
ddisssQUiiillIIIFIIICAATTTeeeOnnnsss
dddISqqquAAlliiifiiED
DDDISQuaLLuFFioooSSS
dddooSSQQuuaaalllIIIfffY
dIIISSSQQQUUalEEEfffyAANNg
dUUsqqaAUUt
DDiSSSQuuAEEt's
DDiiisssQAAoEETEEDD
DDAssQQQOOOEEEteeNNg
DDDIIISSQuuuiiuutss
dddOssQooUUUEETuDDDa
DiisQQuuuEEEEEtttEEEDDDEE'SSS
DDIISSSQUiissuuTTTIIIaann
ddduSQQoEEESSSooTiiOOON'ss
ddIIISSSQuuuUSSaaTTTIIIoNaaaLL
ddAsqqqaaaIISEEETTiiuuunnnSS
DUSrraaate
DDDaSSREEEGGGAARD
DDIIISSSrEEEggaarrDD'S
ddIsssROOOgggAARdAAd
DOOOsRRReeegggAArrDDffool
dddIssRREggIIIrrrDDDiinnGG
DDDissrreeGaaaRDDDS
DDIsRReeeLLLIIIshhh
DDUSSrEEMEEMMbbeeeRRR
DDiiissRRRaapAAOORR
DUUUSSrEPaaiRR'S
DDiiiSSrIpppITTABBLE
dissrrOOOPUUTTToooBBlllyy
doSSSriPPUTee
diiSSSRREEpUttIII'SSS
DDDuSRREEEssPPPeeeccct
DaaasrEEsPECttt'S
ddIIIsssraaspeecTTebLLEEE
DDiisssrrAASPPuuuCCTEEED
dEESRREESPPPeeeCCCTTfIIILL
DDDiiiSrrOspEEEccTTfULLLY
DOOOsssrAAsPPeeectiiNNggg
ddiissrrreeesssppEcTs
diiSSSRAAAbbbuuu
DeesssROOObEEDD
DIISRRUUUbEEs
dddiiissRobbUUUnnnG
dddiSrrrUpppt
DDIssrUUPPPTTTAdd
DDDiiissrrruuuPtor
DuSRUPttINGGG
DDiSSRReeppptiioonnn
DISrrUUUPTTOOOoon'S
DEEESSSrruuuppptooOOONNNSSS
DOOOSSRRopppTTTiivvE
DDisssraPPPTIViiiLYY
DDDIIISSRRUpTOORR
ddISrrrUpppTTTss
DDDiiSss
diiiSs'SS
DissSSSaaatttUUsffaaccctoiiinnn
DIIISSSiiTOSSSffaaacccTTIIIooNN'SS
disSSSaaaTiiiSSSFFFeeccTTTaRYY
DDusssAAATAASffiiieeedd
DDDIISSsAAttiiSSfiiiEEEs
ddIISSsatAsssFY
dddiiSSSsssAAATTOSSffyAANggg
dddEESSSssEEccTTT
DDDiiiSSooCtEEEdd
ddoooSSsssAACCCttInGGG
DDDUUUSSSseeeCCCtttIIuNN
DDiSSsseecTTuuuin's
DAAAssssuuuccctttIiiinsss
DDiiiSSsseecccTTToRR
DeeeSSSSUctttooRRR'SSS
DDDiSSssEECCtttOOOrS
ddduuuSsseccctttS
dddIISSSseeddd
dddiiissSSSAAUUUZZEEE
DDiiiSSssEEEIzzzIIIN
dOOSSSSeeeMMMBBLLLaannCCCee
DIIssssEMBBBLLEEENcccEE'SSS
ddiiSsssoommbbblE
DuuussSEmmbbbLEEEDDD
ddduussssseeeMMMBBBLer
DDDESSsiiimBleeer'SSS
dddaSSSSSoommbblleeeRs
dddaaSSssAAMMMBBBlllaS
DAASsseeemmmbloooNNNG
DDDOOsssSSSoMaanniTUU
DDDAAsSSSeeemmIINAtOOODDD
DDDaaSSSEMMMiiNNoootuusss
dUsssSSEEMMinaaaTTTaannngg
duuuSSssEmEEEnetIIOOONN
DiiiSSSSOmiiiNNoooTiiooNNN'sss
DUUssSSSUmmineeTTTEr
doossSSEEmmmuunnnIIItAAARss
diiiSSSSeMMMANNNOLiii
DDaaSSseeeNSSOoonnn
DDDIISSSssENNsssIIIINN's
DDDEsssssUUUNNNsiiiiNNNS
DDiiSsseeeNT
dddiisssssenTTT'sss
diiiSseNNNtttEdd
DDiisssseennteeerrr
DIsssssUNNtttERRR'ss
dddeeeSssseeNNNTUUURSS
ddIIISSSsssuuunnTTeeeENtt
dddIsssSEEnnTTIIInnnGGG
DDDuuuSSSSSoooNtaouS
dddISssEnnntttSS
dddIISSSssepppiiimmmEENNNT
dIIISSSSeeert
ddIIIssSSerrrTaattEE
DDIIISSsssirttaaattIoooN
DIISsEEERtuuuTUUUoNNN'ss
DDiisssssURRtATTTIiiiNaaaLLL
DUUsssarrTEEttooouuuNSSS
dIIsssssErrrvvvoo
ddIISSSSOORVViCee
ddIIIsseeRRvvvAcca'SSS
dddiiiSSSsssUUrvviccceSS
dddIssssAASS
DDDiissSSEEVEEErr
DDissssEEEveRRRAddd
DiisssSSEvvvEErINNNG
ddiiissSSSeVVVUUUrrSSS
DIISSiiddeNNceee
DiiiSSSSSSIdENci'SS
DDiiSSsiiddiiiNNTT
daaassSSAAAdddIINNtt'SS
daaSSiiiDDeeenttss
diisssssiMMMiiiLLaarr
DIIsSSIIImAALLAAARRRUUTEEIIIS
ddoosSSSimmmAlAAARRRiiTTTYY
dIISSSiiimmiLLarraTYYY'S
DDAssssiimmmooollaarrrlyyy
dddiSSSsaaammmIlllaaaTTE
DDusssSSSiiMMMIIIllliittteDD
DDDUUSsoomIILLLIIITESS
DIIIsssssiiiMMiLLAATTTeeNNNg
dddeeesSSiMOllaaaTTTIIIoN
dddaaSSSSiimILLLUTTiiiOns
DDDosSSSAAAMMMIIILLiitiiDDO
ddISSSIIIMMMElliituuudddE'ss
dddUUsssSSiiiMeeeLATTTUddASS
DoooSSSSSEmmmELLAAATEE
DDOOOssIImmmuuulllattUDD
daaSSSiimmmuulllAAAtusss
DISSSSIImulllAAttiiiNG
ddiisssssOOMulllAAtIIIooonn
DDDeeSsIImmmUUlllAAATooIIN'SS
dddOOSSssoMMulaaTToorrr
ddIIISSSSAAAmuuulituRRR'sss
DDDeesSuMMMUUULLIIItttoorrrSS
DDaassssssENNNGG
ddiiissssIIPPuuTTTiii
DDDISSSssiiPPEEEtteddd
dEESsssIIPPPUUtOORR
dddIssssAAPPUTTTIISSS
ddIIISSsuPPeeeTTTOOOnnGG
dddoSSSSSipAAtiiiaNN
DEEssSIIpaatiiOOONN'SS
dddiisssSSeeePEEttiiiVVEE
DDAAssSSSoooPPPAATTOOOR
DiisssssOOcIabLE
daSSSSUcIIAATE
dddIIISSSSSaaaciiaaattteeDD
DDiiSSSSSSooCCCiiotEEEs
dddIIISSSSOOOcciiiAAATTaNgg
DDDUUssssssUUCCCIIIuuutttIeNNN
dddiiisssseeecciiiAAATEEoNN's
DDDaaasssssooocccaaatttIIvvvee
dIsssssoGGUUnnnyy
dddasSSOOOlUUUBLee
DDDiissoLLiiiTTeee
duuSSSSeLLAAATTTEELLYY
dddooSSSSolOtttUUUNNNeesssSS
DiiSSsssoLLLUUUttIIInnnAssss'SS
DDDiSsssOlllUTTiUUUnnn
ddIsssSSillluuTiAAn'SSS
ddIIISSSSulllViiibblluu
DDAssSEELVE
DDDiiisssaalVeD
DDDOsssSSOLVeeennnT
DDiiissssssoLLVeenttsss
DDDUUSSSsssILLLvveRRR
dIIISSSooolvvveRRRSS
DDDUUUssSSSuLLLViSSS
DDDiiSSSSSSOllvvennnggg
dddiiSSSsuuuNNUUNNcccU
DDiiiSsOOnnaannnCCII'SS
dIIIsssssOOnoooNNNCEEs
DAAASSOOOnnnAAnnncyyy
DDDeeessssoooNNNuNNNTT
dIIssssooNNiNNNTTLLLYY
DDDOOOSsuaaaddeee
ddiSSsssUUAAdEEDD
DDDIIssSeAADDOOr
DDesssUUaDEEEss
dddISSSSUUUAdIINNgg
DDDuuSSsAiisssooOOON
DDDISSsUiiiSSUUonn'ss
ddIsSSuuueeesovvvee
dASSSSSSyyllllaabbbllEEE
DDiSSSSYYYllllaBBBllleeSSS
DDDIISSsssYYYmmMMMoottrYYY
ddIIssTTTUUFff
dddiSSToFFFfff's
diiSSttaaFfffSS
ddisTTTAAAlll
DDDIIsstAALLLLLyyy
ddEssTTONNNCCI
ddduuuStttuuuNNNCCEEE'ss
duusTTeeenCiiid
ddIISSTUnnccEESS
DDiisssttENCCINNNGG
DDDIIISTTAAnnTTT
ddASStaannnttllly
DDAssTTTAAAntttNNNEEEssS
ddIISSSTTTUUUSTTTe
DDIIISSSTaasstttee's
DDISSSTasteFFuuuLLL
dddestUsTTooffULlly
DDUsssTTaSSTTTOOOFFUUlnnneSSSS
DeeeSSSTTTUStttUUfffUUlllNNaaasssSS'S
DDDIIIsssTooosstess
DeeesssTTTiiiMMMpeeRRR
dIsttEEEmmmPPPOOrr'sss
ddIIIssstteemmmPPeREEEDD
DDISSttImmPPEEErrrs
DDIIsTeeeND
ddiiiSSSteeNddEEED
DDDEESSSttaaaNNNDDeennGGG
DDDiiissTTTIInDs
dddISSTTAAANSSSibbuuuLiiTTy
ddIIsTOOnnSSaBBBLLEEE
DooSTTTeeeNNNSEEEeNNN
DDaasstttUUUnnSSEEEoon'S
DiissttEEEnsssIIIInnSS
ddassTaaaNNTTIIOn
dUsTTEEnntttIIOn'SSS
DiiiSSStttEENNNtiiiOONNNss
DDiiisttOOOCCChhh
DDDIsstaaacccHUUUusss
DiiSStacccHsss
diiisttOOOl
ddooSSSToooLLLL
DDDiSSSTTIIIlllllaaatttE
DDiiiSSSTTTIIllliiitttEEE's
DIIIStttiiiLLlllaaaTeesss
DDIIstILLlAtttEUUNNN
ddOSSTTeeeLLLLLATTTuuONN's
DDDIIIstttILLLiiTTeeeENNNs
DIIsssTTTUULleeDDD
dddIIISSSTTeeelLER
DDoosTTTilLLLeer's
DDDiisTTAAAlLLLEEEROESSS
dddIISSttiiiLLllerSSS
dddEEsTTUUULLLLLeeeRRY
DiiiSStaaallLARRy'SSS
DDooossstOOlLLIIInnGGG
ddiSSttiLLlSS
doooSttiiillls
ddEssstincTT
dddeSTTinCCCTTaaar
ddiSTTEEnnCCCttEESSTT
DDDooosTTTIInnCTuuueNNN
DDDiissTTinnnCCtttIIOnn'sss
dddiissTTAAnnnCCTIIooNNSSS
ddeSSStEEnCTTTiVVa
ddaSSSTTTIInnnCCCttivvellly
DDDIIsttooNcctivvveNuuSSS
DoSSTaNccctttEvvIInnnaaassss'S
DOOsssTTeeenctttLLLy
DDIIssTTIINcccTTnnAAAssss
disssTIInnnCttNOOSSSsss'SS
DisssTTAAnnngUUUUsshh
dddiiSTTIIInnGIiisshIbbLLLe
DDiisstaNNNggUUIssHHAAAbLyy
deeSSTeeennnGEiiSSShhheeDDD
DDDiiSSSTTInGooIIIssshhhEEESS
doooSTeeeNNgguuuiiishhooNNNGG
DistttuuNGuué
DDDUUssTTTiinGGUUéEEE
dddISSSTorTT
ddEEESSSTTOrTTEEdd
DDDESTTToooRTeeDDllYY
dddIIISTTerrTTTEEdddnnUUsss
ddosTORTTTUUrrr
DDDIIIsssTOOrrrTTiNNNggg
DDDIIssTTOOOrtiiUUUNN
dIIssstttAAArrttoAAAnn'S
daSSttOOORRRTTuuuNNUUULL
DDIsttoooRRTiiOOONNNleesSS
dddaaSStttuRtIIOnS
dEEsstttERtttS
diisstttrOOcct
dddIISTTTrAActeed
dOOOssstttrrruCTTTeDLLYY
dddesstrrrEEECCCteddneeessS
DIIsssTrrAACCCTOOnnng
dddIstrriiiCCCTTiiNNGlllYYY
DDDISSStttrrracccttUoonn
DDDIISSTrrACtttioonn'S
ddEEEsTTTrrrAACCCtuuuONNsss
ddaaSSTTTRRRoocctSS
DuuuSSttRaaiiiN
diiSSSTrreiiinnnEEEddd
DDaaassttRRRaiiiner
DDIIIssTTrrainnnaannGGG
DDDeSTrrrAAonMMIIINttt
ddIIIssTTTrrAAiiNNNSSS
DDDiiStttRRRAAAIInnttt
DDIIISTTrrrOOOiiiNNNttSS
DooSTTRRAOttt
DDDIIISTTRRUUUOTTee
dddiiSSStttRooooGGGHT
DIstttrUUSSsss
DDIIISSSttRiSs'ss
dIIIssttRREEsSSSEd
DAAASSttRooSSSaaSSS
DDASSStttRRRoosssFFAl
DDDUUSSSTReSSSSSUnnGG
DDDIssTTrEsssseNNggllyy
DDDIIsssTTTRRiibbUtEBBBLiii
DDIIISSTTTriiBBBuuuTAAArrrIIIaaass
dddOOOSSSTTRRRiiiBBBuuutttUrrrY
DDDiSSTTRRUBUUUTTee
DDDIssTrIIBuuutUUdd
DDIISSSTTTrruuuBBuuuttiE
DDOsssTTrrriBBBAtttEEs
DISTTTrrrIIBBBUUUTTTiNNNGGG
dddiiisttRRRooBuuuTiiioooNN
DesTTTRRIButttOOeNNN'ss
DDDOOOStttrrriibiTUUUOnnnaalll
DDDuSTTTRRRiibAtttaaaoonSS
DDuuusssTTTRAAAbbbutiivI
ddduusTTTRiibuuttIIVVeLY
DeeeSSSttRRRiibbuutttEVVVOOTyyy
DDoSTTRREEbUUtoorr
DDeeesTTrrrIbbbuuuTTToR'sss
ddisssTrObIIITTTOORRsss
dddiSSStrIIBuutIIRSSHHHIIpp
DAAAssttrrrEEbbbeettoorrsssHHHaPSSS
DDDIIsssTTRRRiiiCCTT
DIssttruuuCt'SSS
DDISSStrrIIcccTTTsss
DDussstttRRReestt
ddOSSTTrrUUUSSST'S
dddiiissTTTrUUUsssttuuudd
dddissttreeestttfuuull
ddIIIsssTRuusssTTTffulLYY
dddiissstRRRUSSSTTFUUULLneessss
dEEEssttrrrUSSTTTffUUlllNNNEESSSSOSS
dddIISSttRRaSSTTTaNG
dddEEsssTTRRasTTTSS
DDiiiSSTTTuuuRRRBB
dddaaaSStUURRBBUUNCCEE
diiisTTuuurBBooonCEEE'ss
DIIISSSTTTUUUrrBBBENCCCiisss
DissttUUUrrrBBBEEd
DAstttAARRRbbbErr
DDDooStEEERRRbbbOrr'S
dddeeSTurrrbbbErsss
DDDoossTTUrrbbuNNNgg
DDDuuSSStterrrbbbiiNggglllyy
deeeSSStttURRbbSSS
DIIsUUUllfIddE
DDDiiiSaLFFFiiiRRROOmm
DDIIISIILLFURRRAAMSS
dISuuulpHIDDDeee
dddUsssuunIonn
dddISSSUnaaaonn'SSS
DDDIIISSENeetttE
DDDiSuNNNIIITTOD
DDAAssAANNEEtttUUUsss
DiiiSSSeeennAATTTIInnng
DDDEESSUUUnIITTYYY
dddiSiineeety'SS
DiissUssseee
DDiiSSSiiisuuu'SS
doossUUUSSSOODD
dddisssESSuuuSSS
dusssuuSEEENg
dddOOSvvIIlllIIoo
DDDIIssYLLLUbboc
DDDisyyyLlablo
ddIsYYlllllAAblllEES
dddIt
dddEEttchhh
DiiTTTCh's
DDiTTTchhIIID
ddUUUTTTccHHHuuus
diiiTTccchUUNNGG
daaatttcchhhwuutttEEErr
daaTHUiism
dddIIITTHHErrr
dIIttthir'sss
dddiittthherrreeDD
DDIThhherrrEEr
DDiiiThhheeerrriiirr'ss
dddiiTTThIRReRRsss
DDiTTThhheerIInnggg
dIItthheRRs
DDDIIttHaRRRyyy
DDDIThiioooniiitu
DDIITTTHHHyRIMMMB
dddITTTHHyyrAmBBIIIc
deeethhhyyraamBBBsss
diitttrooonnnSIIITTIIIVVVE
DDIIttS
DDDOOtSSIeeeRR
dIIItsiiIsTTT
DDDiiitttssYYY
diTTTToonnnIIeesss
DDDAAtttTANNNYYY
DDDuttttteeeeSS
dIIIttTTu
DDOOOTTo'S
DDDUttttOOOiid
DDDiTTTteeeooSSS
DDDITTTuuggrOOPPPHHyy
DUUTToEEEnnG
dITTTTTOOS
DIIttY
DIIIttTTyyy's
DDiiitZ
ddutz's
DDDIIttzeeeSSS
DDetttziiaR
DDDiiTzzzIEEssT
DaaatZY
dIIIERRREEESEEs
dddiIrrrIITuuuc
diuuRRoTiiic'SS
diiUUURRRooottIccSS
dUUuuuRRRNNaaall
diiaarnnnaaalllly
DDuuuVVaaa
DDUUVVaaa'SSS
dIIIVaaaggAtO
ddOOVEEgggIIItttiiiddd
ddduuuVVooGGAtttosss
ddIVVAAGGattONNNg
dddIIvaGGGEttIIoooNN
DDiiVooGGATEEeNNNsss
duVALLeenCCCOOO
dovvvaaaLLEEEnnt
ddiVan
dIVVVuuunn's
DIVVVInss
DDDIVVAARiiCeeeTTTE
DOOVVVIRRRooccAttADD
DDIIIVVVarrrUUcccAttIss
ddIIVARRiicccaaatONggg
DDuuVVVIIRRiCCCAtttiiiooonn
DDiiiVVVarEEECCCeetttoooooNNs
DDUUUvAAASS
ddIIIvve
dIIIVVVuu'SSS
DDuuVEEED
DDIIIvuuurr
divveerrr's
dddoooVVAArGGGe
diiiVVeeerGGad
DDIIIvveerggoonnccO
dddeeeVuRRRGeeeNcccEE's
ddIIIvvAARRGGiiiNccceees
DiiivoooRgggEENNNccIIIOOOs
dddivvUUURRRgEEnCCYYY
dddIIvvirrGenttt
dAVVEErggEEENNTlllyy
DDiiiVVVEEErrGGGEESS
ddIIVVVerrrgAAANNNGGG
dddIVVVerrrs
dddivvAArSEE
ddIVeeeRRRSeeeLLLy
dddiiiVVVEErrssOOONNNeSSSsss
DIvvvuuurssseNNNIIIssSS'ss
DDiivverssIIFeCCiiTTTIooonn
DDIVVVaaarrssaaaffuuccAATTTIIiiinnn'SS
dAAAvvvArrrSSiiFiiAAADD
DDiVVARRRSSSIFFFiiISSS
dOVerSSSiifooorrm
DeeevarrssoofYY
DDiivvvEErrSSSeeFYYYEENg
DDIIIvvveeRRSSiiOONNN
dddiiiVVaarssIIOn'sss
DDDOOvvOOrsssIuunUUUrrYYY
dddIvveeerrrSSiEENNSSS
dddIIvAArsEETTiiieess
DDDIVerrSSSIITyyy
dddIVVVERRRssUUTTTY'SS
ddeVVOOOrrT
DIIIVVVIrrrTTEEEd
DDDoooVVEEERTTOOrr
DuuuVVVErtIIcciLLLIII
DiiivvveRTTTIIIccceliTTISS
DDaaavvvEErttiCEEEllIIItiiSSS'S
DDiiiVeertttaaaCUULLOssEEsss
dddIVEErTIIICUlleeSaaSSS
DEvvvEEERRRTTiCCAAALuM
dddEEEvveeRRRTiiiMMMooonTTi
DeevAARRtttiMMooNNNTIII
dIIvIIIrrTTTImmiiNNNttEEES
dddIvEERTTiNG
DDivIIrrTTUUUnGGGlllyy
DIIIVVVeeeRRRttIIIssssoommUnnnTT
DDovvvERRTsss
DDiiVVAAss
dddIIIvvEESSStt
DDooovEEEsTTTiiD
dUUUVVeSSSttteeNNNGG
DDaaVeessstttITTuuruuu
dEVVVUUSSStttOTuuuRRReee'SS
DIIIvvEESSTTTiitttuuRRReeeSS
DDIIIVasssTMMEnTTT
DooovveessTMMMeNTTT's
duVVassttts
DiiVVUUdddAAABBBllAA
DDiiVVooddii
dddIIIVVIIdE'SSS
DDiiVVViiddUUUDDD
DIVVVIIDDIINNND
DDDIIIViiDDaannnddd'sss
DDDEEVVVIDDEEnnnDS
DDDivvIIddeerr
duuuvvviiiDDDeeRRR'ss
dddIIIvvvIIdUUUrrss
ddiiiVVuDEESS
ddEvvODDiiiNgg
DDaaaVVVoooNNAAATTIONNN
Diivviinnaaatttiionnn'SS
DIvvIInaaTiiiRY
DDIIIVVeeene
DDDiVVVooNE'sss
DooVVeennEEEd
ddIIIVVViinneeLLyyy
DDDIVViiiNNeNeSSSSS
DeVVaaaNer
dddiiiVIINNIIIr'S
dddIIVViiineeerrrs
DDIIIvvEEnnneeSSS
DDAAviiiNussst
DDiivvEEENg
dddIIvaanng'SS
DDeViiinnnIIINNg
ddAAVVViiinnUUUTTeAASS
DDOOVVIIInAtty
DIvINNNIItYY's
DIIIVVIInnniiiZe
DDDIIvvvesOOOBBBiiiLLLUUUTTTy
DivvvossseeebIIIlIIITTy'sss
DeevISEEEBBLLLaaa
dddiiiviSSIIOOONNN
DDAAviiSSSIIIOOOnn'SSS
diiiVVAAssiiiOOnniiil
ddduuuVViiisssIooonnniiiSmm
DOOOVissiiUUUNS
DooovIIssiivvEEE
DDDiiVVVeeSSSOOOVVeelYYY
DDDOOOvvAASSSovvUnnneeeSSSSS
ddUVAAAsssiiiVVOOONAAAssSSS'SS
ddIVVoosser
DDDUUVIIISORRR'S
diiivvvIsoooRRSS
diVVVoorcEEE
DDAAAvAAArrrCCCE'S
DDDIIIVooorrrCCCOOd
ddIIvvvORRRCUUMINttt
DivvvooorcceeemmUUNNttt's
DDIIVOOrrrCCEEMMeNNts
DDDeeVVOrCCaSS
duuuVOOORCCCiiNNg
DDuvarCCéeee
DDUUvvvooorrrCéII'ss
ddivArrrcéIIISS
DDDiveeett
DDDeeVVViittt'SS
dOvvooTS
DDDIIVVOlGUUtE
dduuvvvuuulggUUtttiiooon
ddIIvuulllGGi
DDUUVVVULGGaaDD
diivvulllGEEENNNce
dddiiivvvILLLggUUUnnCCCOOOSS
dddIvvvAALGESSS
DDiiiVVUULgIInnng
DIIIVVulsssiiiuun
dddOOOvvvviUUUDDD
DDIvvViees
dAAvvvVVVYY
DDDIIVVVVVyy'S
ddIIIvvvvvvYYooNNNg
ddiiiwwAAANNN
dddUUUWAnnnSSS
ddiiixxIIe
dIIIXXXaaaUUULLLUUNNNd
dddIxxIEEElAAANddd'ss
ddiixxiiAAAss
ddOOzzeeNNN
dIIziiNNNUUd
dOzzzIINNeennggg
dddooozeeNNNS
ddduZZYYGAAtiCCC
DDIIIZZZZuuEEEDD
DDizzZZZIEEEr
dIzzzzIIIeS
dddIIIZZzzoaSSt
DDDIIzzzzIIllYY
ddiiiZZZzuuNEEssS
DDUUUZZZzIIINNNEssss'sss
dIIzzzZYY
ddIZZZZyaannnGGG
djjEEBoolll
dddJeeellllEbbbu
djjjeLLLLLabaaa'sss
dddJelllLuuuBBehh
dJEElllUUbbbaah'SSS
DJJEllllaaaBaaHeSS
dddjOllLLiBohhhSS
DDDJJeeeLLLLLaaBBBis
DDjjiiiNNNN
DJJeennnn'ss
ddjjjIInnnnEE
DDDJJiiiNNNI'S
DJJJeennnnss
DDDKKKl
dmm
ddOO
dUU'SSS
dddOOuBllE
DDOOBB
dddOBBBbbbedd
DDDIIIBBBUUUN
DooBBbbEnnn's
dddOOObbBBBIINGGG
dddoobbBBIInnSS
ddeeeBBByyy
DDobeRmmmAnn
dddOBERRRmmIIn'sss
DDDuubOOOrrrMMMiiNNNs
DDDoobblllaaa
DDDOOBRa
DEEEBRRRiiS
DDDeeBBSS
doBBBSSooonnfllliAs
dOOOBssAAAnnfffllYY
DOCC
Daccc'sss
DoocoNNNTTT
DeeCCCunnT'S
doooCCCennnTTTss
DDOcIIlEE
dOOOccelluuLy
DDDECIIlllOOtYY
ddaaCEELLLOTyyy'ss
DAAccKKK
dddoooCCkkk's
DDDoocKeGGe
dooCCCKAAGesss
dOOCCCKKeedd
ddduccckERRR
DuuCCkUUrs
DDoCCCkkkeeettt
ddduuuCCKKKEEttt's
dduuucccKKuuTTiiiddd
dOOOcKKKiTTIINg
DDDOOOCkkkoooTTsss
DDDOcccKKKHAnndd
DoocckkkHHHaaaNNDDSSS
dddeeCCKKIInGG
ddeeCKKlllaaanndd
dddIIICkkLLaaandddSSS
ddeCKKKsss
DiiiCCkkksssiidddIII
DDaccckkWWUUUrKKEEEr
DAACCCKWWOORKKKORRR'SS
DDDuucckkkwwOrrkkuuuRRRsss
DDOOOcckkkyyyuuRRddd
doooCCKKyOOrrrD'ss
DDECCCkkYaaarrrddss
dooCCs
daaacctttooR
DDUUUccttooor'ss
DIIICtOOrEEll
dddUCtooRRRAAAte
DDuuCteRIITaa'sss
doccTTaRRRAtttEEEss
DOOcTTTEERRad
DDDooocttteeeRiiiNGGG
dooocttooRRRSS
dddOcctttrAnneIIIRiii
ddiiicTTrrrIINAUUURRRE's
ddoocctrrIIInnAAirrrESSS
dddOOCCTRRonnIIiiRRiissmmm
dAACCCTTTRRRIINuul
ddooCCtttrriinnAAlllYYY
dooCCCtttREENNEEE
DDOOcTrInEE'ss
DDOcctrUUUnnnEEEs
ddiCIDDDRAAAmmAA
ddIIIcccUUddrrrimAAA'S
DDOOcooDDDRuuummmooS
DoooccoMMMiiiNNTT
DDOOcuMMOOONT'SS
DDDiiccIIImmEEnntttAbLLee
DuuuCiMeNtaaLL
ddoccAAAmmeeNNNTTTaruAANNN
dddOOOCUUmEENNNTTaRRReeES
ddoocccumunnTTTIRUUUSSSttt
DIICCCIImmmIINNTTaarrryyy
DDOccumonttAAARRRyyy'sss
dddooccommmEENNNtttOOTIIOOOnn
ddICCCUUMMMuunnntttiiTTTuuuuN'ss
dooCCEEEmmEntAdd
dddUcccuMMMEnnnTiiirr
ddoooCCummENNNTTung
ddOOOcccAAMaaannnTSSS
doDDdeRR
ddooDDDdddeeRRR'SS
dddiiiDDDdeeeRRROODD
ddOddddddORROONGG
DDDeeddddEErrSSS
DDOOOddddOryy
DDDooddDDlIII
dADECCiiGGGEEEN
DDAAdddeCAAAGONNSSS
DIDDEEcccEEEheeedddrrrAAA
DDDEEddECCOOOhhheeddRRAAALL
DOOddEEEcAHHHeDDrrrOOnnn
dddOddUUCAAAHHeeedddRONNNS
DDDOODDDECCCaasssYYLlllABBLLLEEE
DDDoodddgI
dddoooDDDggII'SSS
DDDEEDDDGGAAAdd
dddOOddGGGeMMM
DOdddGIMMMSSS
dddUUUDDDgEERR
dddIdddGGeeRRR'SS
ddOddgORRsss
dddOOdddGGEEESS
DDOOOdGGIIeerrr
DDDOODgggiiEEssTTT
DDEEEdddginnG
dEEEDgY
ddooodO
DDDooDDDa'sss
DoooDooEEESSS
DDDOOODDooSS
DDoooEE
doee'SS
DDoeeRRR
dddoooaaRRR'sss
dOOOiiiRRss
dddOess
ddoooeesssKKooN
ddIeeeSSkuunnn'SSS
DOOOESSKKKAAnnns
DOOAsnnn'ttt
dUUFFFFFF
DDDAAfFeddd
DoooFFFFOONNNggg
ddOOOFFFSS
ddaaaggg
DoGGG'S
digggbbaNNu
DDOOOgggBBBaanESSS
DuugggbbEEERRRRYYY
DDDOOGcaRRRtt
ddOOGGGccErrt'ss
DDDOOgggcIRRRtss
ddOOgCEttccHHErrr
dddAAAgggccATCCChiiiRR's
dooogggcccaattcccHeeeRRRS
ddAGGeee
dAggee'SSS
DDDooogOOeerrr
dOOgggOiR'SS
DDDogEIIREDD
dddoooggeeeaRRRIIINNggg
dddOOOggeeArS
DOGGOs
DDDOggffiiiCCee
ddAAGGffeeeGHHTTT
DDooGGFFugHTT'sss
ddoooggFFFuuuGGhhhTTTSSS
dooggFFFAssHHH
DDDOOOgggfISSHHH'sss
ddoooGfffIIsshIIIS
ddeegggGGGEEEdd
DDDUUUggGGeedddllyyy
dOOOgGOOddnnOsss
DDIGGGGEEdnneSSSss's
doGGGeRRR
DDoooGGiiiRElll
DOOOgggGEEEreeLL'S
dOGGGEEErryyy
DogggGiiiee
dEggggIIEE'SSS
DDoGGGGGiiArrr
dUUgggiEEESS
DAgggGGIOOOSt
dAAGGggiiNNNGG
DDDOOOggggEEESHH
DDDegGGEEE
DooggGGonee
ddUUUgggggooonnneeDDD
DeeeGGGGoooneddduuuRR
ddOOOGGGgonedIIIstt
DDDOggGGOOONNNuuurrr
dddOGGGOOnnneeeSSS
dooGGOOONNUSSSttt
DDDOOOGGGGOOOninnG
DOGggyyy
DoGGgggyy'SS
DDogghhEEEsssaaa
daaaGGGHoUSSSeee'ss
ddEGGhhooaaasssuuuSS
dIIgooEE
DOOGOOOII'SSS
doogggiiiIISS
DDoggllUUG
ddoGGGlEEEgg's
dddaaggllEEGGgUddd
DOGGGllEEGGGggiiNNNGGG
doooGGleeeGGGS
ddUUUGGGllIIKe
DOgMii
DOOOGGGmmmOOO'S
dOOgmOS
DDOggmmaaattEEE
ddoGGGmmaaatuuuCC
DDDIIGGmmmAATAAcEEElllLLLy
dddIIIGMMeetttuuuCCCS
dddOOOGGGMMETASMM
dUUGGGMuTIIISSmm'sss
DDoooGGGMMMIttIIstt
dddeGmmoootiiiSTTT'S
dOOOgggMIITooStss
ddOOggMMMaaaTTaaaZZE
DoGGGmmAAATTTIIIZZZEEdd
ddOOOGmmmatIIZZIIIsss
DogggmAAAtIIIZZiiNNNGG
dEEEGGGs
DDOOgsssBBoodeeeEEEs
DDDOOOGsssbODY
dIIIggssslllEEdd
dddOOggssLEEDDSSS
DEGGtttAAAiiitttH
dddUUUGtttEEEooTTTHH
DDDIIIGTTTRRREt
DDIGGTTrrrEttt'sss
ddiigggTrrrOOTTS
dddogggtrrooTTTtttOd
DDDOggTrrriiTTtiiiNNNggg
DOgVANu
doooGGWWIIITTTCCCH
duGWWAATccHHESS
DDoogggWWooD
DDDooogwoOD'sss
dooogWWuuODsss
Doohh
ddOOhhh'S
dddoiluuuEEsss
DDDOOIIllYYY
dAuly'SSS
DAAAiinGG
ddeOOONGG'SSS
DeeIIInnGsss
DDOOOOttt
DaootEddd
DEllaaaBBBrraaFFOOOrrmm
DOOlcA
ddooolddrrrAAAms
DDDAlldrUUUMMSS'ss
DDOLLII
dOOlllAAA'S
DOLLLuddd
DDoLeffULL
ddooLLLIIIFFFuuulllllYYY
ddiiLLLUUfuuuLNNNEEssss
ddAALLEEffuuuLNNNEEEssSSS'ss
DDDoooLLERRIttte
DDAAllEES
DDDOliCCChhhoocOOpppHHAlllic
dOLLiccHHOOOcccopppHHHUULLLYY
DDDOOLIINNGGG
DDaLLLlll
dddIllLL's
DAllLLAARRR
DDElLLLEER'SS
DDDeeelllLLUUrBBBIIIrD
ddolllllarFeeSShhh
DDULLLloooRRSSS
ddAAALLlllODDD
DOOllHHHOuuSE
dddUllllhhOUUUSSSu'S
dddOlllLhouuuSEEESSS
DDDOOlllllIeSS
dduuLLLLiiiNNNgg
DDoolllliiiSH
DDOOOllLLap
dddOOLLloP'S
DELLLLLoPeeed
ddOOLLLOPEENNNG
ddOOllllooPPPSSS
dddOlllLSS
DooolLLLY
dilllYY'ss
ddooLLmmUUUN
dddaaLLLMMMEnnns
DOlMMinn
dddiiiLMMMENNN'S
ddoooLMMMAAnnnSSS
dooolllOOOmaate
DDDolllooMiTTTii'ss
DDDooLIIMMiiTacc
dddulllAARR
ddOOOLOORRR's
DDaLOOrrEEmiiiTTTrrryyy
DDDoooLOORRooosOO
DDaalOOrEEEUS
DDEELoorrOUsLY
ddOOLLLaarrAUUSSSNNussSS
DDaaaLooRRsss
dddooollPPPhhinnn
DDoLLpHIINNN's
dddOOOLPPHHiiiNS
dddEllls
DDeeLLLTTT
DDoollttt'SSS
dOOllttIISHHH
dddOOLLTTTOSHHHlllyy
DDOLLTTTIIsHnEEEsssS
dooolllttUUSSHnneessss'ss
DoLLttS
ddommmaiN
DDDoooMAAAAAn'ss
dOOOmmmAAiiNNEEE
DDaaMMMAAiinniaaaLL
dOOmmmAeennS
ddAAMMe
ddOOMMe'SS
dommmeDDD
DDooMMOS
ddOmmmEESDAAAyyy
DDDOOmmUstaaaCCC
DDOMeeeSSttteeCC'sss
DDaammmIssTTTEEcccaaaBBlllI
ddduuuMEEEssTTACaaallyy
dduuuMMEESSTIIIcaaaTUU
dOMMEsTTTecccAATEDDD
DDoommmeStttiicUUUTOS
DDDemmuuuSSStooCeeTTInnG
DDooomEsssTTTIICCCaaTTOOoonnn
doMeeessstiiCCCAttaaOOnn'SS
dddiMMoSStAAAcooTyy
DDDOMMMassTTAccetY'SS
DDDOMMaaaSttoCSS
DDDoooMaaccciill
diMIIICUULEE
DDoommaaCCCOOOLLLEE'sss
dddEEMIIIcccIILLuuddd
DDDoommuuuceelllAAASS
DoooMMMoCiiiLeaRRRyy
doommmICIIILLiaatoo
dddUUUmuuuCCCiiLLINGGG
DDiiMMoNNeeenncccU
ddaaammmIIInnniiinccEEE'SSS
ddeeemIIInnAAnnt
dIImmoonnnaaanttt'S
ddOOOmmiinAAnnTllYY
dOOMMINNaaannnTTSSS
DDDuMMiiinnAAAtteee
DDDaMMuuniittteeDDD
DooommmIIINNNAAAteesss
DDDOOMMMunnnIITeeNGG
DDamiinnEEtiOOON
DDUUMuNNNETTiooNNN'ss
dOOmIIInUUttioooNNSS
DDDOOmmINNAAtooor
domAAnaaatttRRicooss
DDDoMMMIIINAATTRRIIxx
DDDeeeMIIInATTRRRoox'ss
doooMMMiiinnneetttrrrooXooS
dddAAminEEEerr
dduummiiinnEEIRRRuuD
dddAAAmmaNNNeeErrriinnGG
ddOOMMiiinnnIIaarriiiNGLYYY
damuuuNNNeErrss
DDoooMMMiNNNG
DDomInnnaaCAAlll
DDoMMOOONNNeeeE
deeemmmEEEnnnIeeS
DDOOOmmuuuNIonnn
DDDoMMMUUnUUAAn'S
DeMiinIIIINs
DDOOOmmIIINAAAAAAMMM
DAAAmmmAAANOO
DDDoooMMMIInnnOOO'ss
DomiiiNNeeeeSSS
dAMMMiNoos
DIIIN
dddooon'SS
ddOOnn'TTT
DDDenAA
dddOOnnaa'SS
ddUUNNOSSS
ddduuuNAAATTee
DAAnAATTTEEd
DDoonAttES
DDDOONNNutIIINgg
DDDoNNNiiTiiooNN
DDINNooToooOOOn'SS
ddoooNNaaatooAAANSSS
DEEENATivE
DDoooniitttuuurrr
Dooneee
DDDONEe
dOONNNeeEs
ddAAng
DDonng'ss
ddoonnnGGA
DDOOOngggUddd
DDDONNNgginnGG
DDonnnggLLaaa
DooongLo'sss
ddduuunnggglEEESS
DOOOnnGss
DDaannJJJuuuNN
dooNNNjjEnnS
DOOONNKKKEyyy
ddOONNkkkIIIYY'SSS
DDoooNKKKeeeyyys
DDDoonnnNA
dONNNNNaaSSS
DOONNNNNOOd
DOnnniiing
DoooNNnnISSShh
DDOOnnnnnYYbRRRIoKKK
ddiiinNYbbbrooIIIKKK's
ddooonnyyBrrrOOakkksss
dddoooNNNNé
DDOOOnnnnéEEE
DINORRR
dddUNNOORR'ss
DDonOrrs
dIINNSS
donnnutt
dddaaaNNNATTT'S
deennUUUtttSSS
DDeeoooDDaDDD
dddoooddaaaddd's
dEEEUUdADSS
DoooDDAAhh
ddiAdEHsss
daaaaddLLLE
dOOOOddle'S
DiiudddllleeBBUUGG
DDDOADDllluuBBBoooggg'SSS
DDAAAoooDLLeeeBBBUggSSS
DDDOIIIddLLLEED
ddOOOOOdLLErr
DDDIIOODlEEER'S
DOOOEddllleRRS
dddOOOdllUSSS
dddIIIOODDDLEEESiicck
DoooOOdLLLiiinggg
DDEEoohicKIIYY
DEEAAHHHiiiccckkkOOyyy'ss
dEooHHIcKKeeeYYsss
DDDOAlluuullLLyyy
DDDOAAALLIIII
DDDOOOImm
DDDooiiM'S
dOommmeed
dddOOOOOOMMMiiiNNg
dOoMMMSSS
dddeOOOMMMSEEEyyyAAr
ddooooMMSSSEEEYYarr'ss
DDOOOAAMMMssOyyyaaaRRRS
DAAAAmmmssDDIYY
DDEEOOOmmSSSDDEYY'SS
dddOEmSSSTTTORR
DoooommSSttEEERsss
ddOOOOOOr
dOOooorrr'sss
ddoooorrrbellL
doOrrbbELLLll'S
dddEEEaaRRBeeellllllS
doEEErrffrrAAAMeee
DDDoooRRFRRRoooMMOOss
ddOOORRHHHAnnDDDlllESS
DuuuuRjjoomB
DDOOOIIIrjAMMMbbbss
dEEaaRRRKKeEEEpERR
DDDAAAURRKKeeeeepOOOrrr'SSS
dooOOrkeEEppEEERRS
ddIaaarrrkknObb
dOOOoooRRRKnuBBB's
dOoorkNNoBss
dddiiooorrkNUCCCKKaar
DDEEOrrKKKnOOOCCCKKEEErSS
DDDoooORRRmeeeNNN
ddIIIiirrMMMOOn'SS
DDAAOOOrrrMMoTT
DOaRRmmEttt'SSS
DDDaaIIIrrrmAtSS
DDDooooRRRMMiiNN
ddAAAorrrNAiiiLL
dddOOORRnnnaaIllsss
DooEEErrrppLAAtI
DIIIoorpLLLatuu'S
dddoooOrrrpplllAAAttuuS
DDOOOOrrrPoosTT
DDOOOuurrrPPooosTTS
DDDUUoorrrs
diiiERRsilLL
DDOOOIrrrSSIILLLsss
ddiiioorSStttOOOpp
DDOORSSSTTiiP'SSS
dddOOIrssTTeeeppppEEEDDD
DDDOOIIIrsTTTIIpppppIIInnGGG
DOooorrrsssTTEEpppSS
DDDooOORssTTTiiNE
ddOOOoRsssTTToop
ddooiiRRRSSSTTTOpp'ss
dddeoorrrSSToPPsss
DDoooOOOrwwwaaYYY
DDaaoRwwwAAAYYY'SS
dEEORWWWUUUyySS
dooRyarrDDD
ddAEryyIIIrrD'ss
ddaaaaaaRYAAArrDDDss
ddUUUAZZZiu
DDDoozzy
DOOpppEE
dOOPPPEEE'SS
DDooPPammuuNeee
DopppAAAMMiNNNUUUs
DAAPUU
dOPPee's
ddduupppeDDD
DDDoooPPeeR
DDDOOpppIr's
DooppEEErrSSS
DopppEEsss
dOOOPEESSSTTeeRR
DDOOOPPEEyyy
DDoopppuuuEr
DDOPPIOOOSSSttt
dddoooPPulyy
DDOPPannEEsssSS
DDIpiiinnnASSss'sss
doopppAAAnnggg
DDDiiipppuuNNgg's
DDaaaPpEEELLGGGäNNNGIR
DDDeeepppoLLgggäNNgiiRRss
DOOOPYY
DDDORRR
DDoooRRRAAA
DiRaadddEEE
DOOrraUUSSS
derkkk
dddOOORRK'ss
ddooRRRkkkIOOOrrr
DEErrkkkaiissst
DDDirrKS
DDOORRRKKy
ddduuRRmmm
dddUrmm'S
deerrrMMaaNCCCyyy
DDDUUURmmmoooNNNCCCYYY'ss
dddoRRMMAANNt
DDDoooRRMerrr
DOOOrrmeeer'S
dddiRmmeRss
DormeeeUUUSeee
dddaarmiiCCCIII
DDDuuuRMMMIIIEE
dddOrrMiitorrroeeSSS
dduuuRMMATTOOORYYY
dduRmmiiTarYY's
DDDiiRRmmmuuuSe
DDoormmOOOuSSEE'SSS
DOOOrrrMS
dEERRRNNOccckk
ddOOOrOOONecUUUmmm
DDDerrrpp
dddOOOrrrSaDDD
dddEERSSAAAll
DDIIIrrrSSaLLLYYY
ddaaaRRRSuuRR
dddorrrssIfeeRRRoooeSSS
DooorrSSSIVVVaNNNTTRaL
dUUUrrsoovvENNNTTRRROLL
dUUURRsuumm
DDDARRsssuuumms
DERRttYY
DDoooRyy
DuurYYY's
ddOOOSS
dUUSaGGGe
dIIISSeggA'SS
DDossEEEggOOOSSS
ddOOSSSE
ddESSSeee'SS
DDDaasssuuuDDD
dddOOSSSEEEss
ddUUUSSSh
DOSSSEEEmAAttorr
DOssIImmeTTTerr'ss
dooossuummAATeeRRRs
DDooosssiiiMATTRRY
DuusssIInnGGG
ddOOOssss
dOSSSsOLL
DOsssEEd
DDosssSeeerrr
DessssssEERRRSSS
DDDEEEsssssseeeSSS
dddOOsssHuussEE
dddEEESSSSSShhOuuusEESSS
DDDosssSSIIIeeerr
diiiSSSseeeOOR'sss
DDAASSssIUUrSS
doSSSSAAANGGG
doooSST
ddooot
DOOOt'SS
ddOOOTEEgge
dddottAGGGEE's
DeeeTARd
DOttAARRRDDD'S
dddOOtaaRRdddS
DDoTTaatttIOOn
ddooottII
DDDOOTTTeeeD
doootErr
DDDooottaaRR'sss
DDOtttEErsss
DDDOOOTTeesss
DDOTTTHHH
daTTiiNNNGG
dEEEtIIINgggLLyy
DDaaaTTss
DDDEEEtttTTeeeDD
dddITTTTEErr
DDDoootTTIIrrrOOL
dddiiiTttEREEELLSS
DEtttTaAAr
ddOOtttTTeeeoSt
ddIItttttaaaNeeeSSS
dddaaaTtIIInggg
dddiTTtlluuu
DDDEETtLLiisss
DDiiTTTy
DDDoUUUBBLLeee
DDDAAooobLLLUU'SSS
DDAeeBlUUDDD
DDaaauuBBBLLuuuGAANNGGGaaaRR
dddeeUbbbLLeeHeeAAdAAAR
dddoOOObbblllUUhEadddIrr'ss
ddOubblllEEEHHHeeAAddeeerrsss
DEEEIIBBBLLLENNNIsSS
DDOOuubbbLLLUUUrr
DDOOUUBBBlaaaSS
DDooouubbllliiSSppaaaaak
DDDoUUUBBBLAAASSPPPOukk'SSS
DDUUuuubbLITTT
DDuuUUUBBBLeeTT'S
dooAAABBLeeeTTIIIlllKKK
dddAAAUUUbbletHInnnkkk
dEEEBBLLLETThhheNNNkks
DOOUUbblEEETTOONNN
dddOOuuubbLLeeeTuuNNNs
dooABBllUttrreeeee
ddouuBllleettSSS
duuOOObllOOONNNGG
dddaUUbbbLIIINNNggs
dddoooUBLLLOoNN
ddAAAUBBlOon'SSS
deeeubbbLLLOoNNNS
DAAuuuBBBlUUUREE
DDDUuBBBlllYYY
DoooAbTTT
dddooUUbbtt'S
DDDOEEbbbTabbllle
ddOOUBBtteD
DDIIIUUBteRR
dddUUBBBtIIRRR'SS
duuueeBBBTTTEErss
DDDIIUBTTTFFUlll
DDDaaUUUBBTFFUUllLLLy
DDDoooBttFFFUUlnnESSs
dOOOUUUBBBtFFUUlllnuusSS'SS
DDDOOOuuBBBtttiiinnnggg
duuiiiBTTTonnglly
ddooeeeBBBttLLOSSS
dddIIIeebTLLEEEssslllyyy
DDUUUBBBTTlllISSSssNiSSSSSS
dddaIIIBtttS
doEEECCCee
DDOOOOOOcccEEEUURR
duuUUcHEEE
DDDiiiucchhu'ss
ddOOOuuuCHHid
DDDooUchIIsss
DDUUCHIInG
dddAAuugHH
deUUGGGhhh'S
DiUUUGHHbOOOy
ddouuggghier
DDoUUUGGHHiiiAsssttt
DDDeeeiigHHannneeessssss
DDDauuugHHnuuT
dEIGGGhnnattt'S
DOOIghhhNNuuuTTTsss
DDDooouGGhhhS
DDDOOOaagHHttiieeR
DooegggHHtaaaessst
DDiiiUUGhtttyy
DDDooUGGHHYYY
DOOAAAMMMIII
DDOOOrr
DoUUURAASSS
dddIIuuureeerr
DDuuoRest
DDDOooorrriNeee
DDOuuuRRLYYY
ddOOOuuuRnnIISSss
ddOOOiiiRnEESSSs'SS
dUUooSSSo
DDDUUUUUsuuDD
DDDAAUUsUURRR
dUUuSEEEsss
DOOOuusAAnng
dddOOUUZZooPPeRRRsss
ddoVaaa
DDDoVVU'ss
daaVVVEccoooTT
ddoVEEECootE
DDDOOOVVEEcccOOOtttOO'ss
dddOOOVVVEcOTiiS
DOOVVVuccoTs
DDEEVVVAkkkIee
DDDuuuVoookkiEEES
DDoovveeelIkkkEE
DDOOOvvUUs
DuVVAAtttaOOOL
dddUvEEETTaaaIIll'SS
DDOVVVettAAAulllod
DDDoovvvuutttaILLUUNNG
DovvetttaaeeeLLs
DDDAAVVVIssshhh
DDDAvIsHHHNNeeeSSsss
DDIVVIIIshhNNesSSEEs
DDOOOww
ddeeWaBLLe
DIIWWAAgAAArr
DEwaaaGGEEEr'SS
DOwiigeeerrSSS
DUWWddeerr
DDaaWDIIeees
dddooWWDDDIIIEEESSSt
DDOOwDOOLLy
DOOWWdddINNNeeeSs
dIIIwwwDDiNNeeeSSsss's
DDeeewwdYY
DDOOWWWuul
ddoWeeelll's
DDOOOWWEELLEEd
DDooWWWuLLLINNNg
ddooowwELLLlllAAd
doWiLLLlIINNNGG
duuuwIIlls
ddOOOwwwEEERRR
DuuuwEEErr'SS
DDDOOWUREdd
DDDAWAAARRRooeeSS
dddowwEERiiinnnG
DDOwEERRS
dooWWWeeeRRRyy
ddowwwiEE
ddaaaWWWAAttcchUUURR
diWWWITTcHHEErrsss
ddooowwN
Dooowwn'ss
ddOwwwNbbbEEEAT
DDDIIwNNNBeeUUUtt's
doooWWnbbaaAAATs
DDDownnnboRRRssttt
dddooowwwnCCCAAAsssTTT
DDoooWWWnnncomE
dUwwNCCCOOOMMEEERR
DOwwNNNdRAAFt
dddOOwNNNdddRaFFFTT'SSS
dUUWWNDRRRaaFFtttsss
ddaawneDDD
duwwwnEEERR
doWWNNUUrr'ss
DDDoooWWWnneRRs
DDDooWWWNNNFFFuLLLlll
DDDoooWWWnfffEElllL'sss
DOWWWnnfaaaLLLLeenn
DAAAWWWNNNFFFoolllSS
dEEEwNNNGGRRUDOO
dOOWWWNGGRRaaadii's
DDDooowwwnGRRaadddeD
ddooWnnggRRaddusss
dOOwwwNgggrrroooDDINNggg
ddOOWWNNHHHoooULL
DDEWWNHHHeeaaRTTTiid
DiWnHeeeeeRRRTTTuuudllyy
DDDUWnhhaaaAAArrrTToDDDnnUUssSS
doooWWWnhhheeeARRRTTTiidnnooosSS'sss
DooWnnnHiiiLLLL
DDOwnhhiiLLLLL'SS
DDiwNNNhhhiilllss
DDDOOOwwwnEEErrr
dddoooWnEEEsssTTT
dIIWNINNGG
DDuuWWWNNNLUndd
DDDowwNlooNNDDss
DDOOWWNNNllEEEIID
ddOOOwwnLLaaaUUUD'sss
DDDOOOwwwNNNLEEIIDabbbLLLE
dOOOWWWNLLLoooooDeeeDD
doooWNlllOOaDInnggg
DOOOWnnLLLOOUDDss
dddoowwwnMMArrrkkkEETTT
ddiiwwwNNPPPeepppE
duuwwwnnnppiiPPes
dddIIIwwwNNPllay
dddoowwnPlllUUyyyEEEDD
dOwNPPPllaaYYYUUNG
DoWWWNNNppLeeYsss
Diiwwwnnpppaaeer
DDDUUWWnnpppiuR'ss
dOOwwNNNPPPOOOuuurrs
DDDOOwnRuunnngII
DDOOOwNNrrOOGGGhhhtt
ddoooWnnnRRRiVVUrr
DiiiwwwNNSS
deWNNNSSScccAlllA
DeeewwNNSSHHHOOOFFFTTT
DOwwwnnSSSHHIIffttUUUdd
DDDOWWWNNSSSHHHOOOfftttiinngg
DeeWWnnnssHHHIFFFtttss
doWWWNssiDe
DDoWWnnnSSAdduuu'ss
dddOWWnnsssaddeees
ddAAAwNSSSAAAzzII
dddOWWWnnSSSOOzzEED
DDiwwnSaaaZZESS
ddoowwwNSSOOOZZOOOnggg
DooWWWnnSIIzuuung'SSS
DDoooWWNNsPPiiiutt
dddoWNNNSSPPPouuuTT'SSS
ddUUUWWNSSpOOuuuTTs
dOOOwnssTOOOGEEE
DOOwwnnnssTiiiIIRRRSS
DDDowwNsstttAaaarSSS'SS
dddOwwwNNNsssTAAttte
DoowwNNSSStttittEE'S
ddoooWNNSSSTTTRRRuuAAMM
dddOOWWNNSSSTTTrOOOKKKeee
DDDiiiWWnnSTrroooKKeeess
dddowwnnnSSwwwIInnGG
DDOWNNssswwwuuNNNGG'SS
DDDOwwwNNsssWWEEEnnngggsss
DDeeWWWnTTTHRoooW
DDowNNtIcckk
ddoWWNTTaaaCKKKss
DeeewwwNNttAAmmmEE
dddewwNNtttIImeee'sss
duuwnttOOWWN
dUUUwwwnnnttOOwwwn'SS
DDOOWWNNNTTreeeNdd
DaaawwwNNNttRRoNNDD'SSS
dddOOOwwwNNtttrriiNNNddS
DoowwwnntttrUUDDeenn
ddduuuwwnTaaarrrnnn
DDaaWWNtttUUrrrnnn'SSS
dooowNNTTaaRRNNNS
doWWNWWWARRRDDD
DDDaaawNWWWERDlY
DDoooWNwiiiRddSS
DDDuuWNNNwwwaSHH
DDDaWWnnnweeNNDD
DDDEEEwwwNNyyy
dddIwwwrieeSS
dddUUWRRRY
ddEwwrryyy'SSS
doWsssAbeLL
doWWsE
DoowwwsssEEED
Doowwwssorr
DDUUwwwsser'ss
dddOOOWWWSSSerrrsss
ddooWWWseeesss
duwwwsiiiNgg
DoXXAAEEEs
ddOOxxxALLLUGocccaaal
DOOxxxuuullOggiieeess
DOOXXXOOOLLOGyyy
duXXXooolllaaaGGy'S
dddoxy
DDDoooyEEEN
DooyyyEEENN'sss
DDayyEEnNo
DDDooyOOONNNNNNe'S
DoooYYYennnNNNeees
DDDOOYEENNSSS
DoooZaa
diiZZooo'SS
DDooZZZuuDD
dEEZZZooN
dOOOZZZOnnn'S
ddOOzzEEENSS
DDOOZZZeeenTTH
dddOzzEER
DuuuZZeeerrrSSS
DOOZZZUUS
ddezzzIIAAAR
deezzziiuuSSt
dOzzzilllYYY
ddOOZZIInnneSSSSSS
dddOzziiNggg
dOOOZyyy
drrEEB
DRRAAAbb'SS
DDDRRooobbBBiiiR
DDDrrraaBBBeeessttt
DDrrrEBBBBOOttt
dddrAAABBBLe
drUUBlly
dddrABBBNEESsss
ddRRRIIIbNNOOOsssSSS'SS
dddRRRiibSS
DDRaaaCCUUUNA
DDRRUCCAAAnAAAs
drAAcchhm
DDDrraacccHHMMMUUU
DrrrUUUCCChmmmaa'sss
DDraacchMMMaaaEEE
DDDrrraaccHmAIII
DDRRRechhhMesss
ddRROOOcchhhMMss
drrAAACENNIIAAnnn
ddrrUUcooNICC
dddRRRAAAFFFff
ddRRROOOFFTTT
DDRRaaffft's
ddrrEEFFFtttaaddd
DDDrAFFTTEEEE
drrUUUfffTTTuee'S
DDRUUFFFTTOOUUS
DRRaaafftEEErr
dddRRRUUFFFtttaarr'sss
dRRRaaaffttErrrss
DDDrrruuufffTUUUeeR
DRRufTTTIIIEEESStt
DDDreeFttiillYY
dddRRAAfTIInaSSSS
drruFFFTiinEEsSS'SS
DDRaaFFtIIINNNGG
DDrrraaffftttooonnnGG's
dddrUffttss
DDDrrraffTTSMMMiiinn
DDrrrAAAfffTTTSSmmaNN'SS
dRaaaFTTTsMMMOOONSSHHAAppp
DrrrAAFTTSmAAnnsHHHiiiPPP'SSS
DruFFTSMMenn
DDRRaaftssswwwoooMaaannn
DrAAFFtttSwweeemAANNN's
dddRRAAAffTTssswwwEEEMMEEnnn
ddrrUUFFFTTTyy
DrrraGG
DDDRAgg'ss
DDRRoGgggeedd
DDDrrraGGeeRR
DDRaagGGIEEERR
drrriggGiiiIsst
DDDRRRuuggGGiNNNGG
DDRRRUUgggGlEE
DDDrrOOOggggLiTTIIIIIIllEEDD
DreeGGGggy
DDRAAgghOOOUUnD
drrrAAAgggllleNNAAA
dddrrraGGGNNNiiiTTT
DDrraagggnnnattt'SS
ddrrrIIIGGNIITTs
ddRaGGIIMMMANN
draaagOOOmaNNNss
dRRaaagggAnnn
dddrrrAAAGGUUNNN'ss
dddRRRoGGGooonnnaTT
DDDRRAAGGEEENNNeeTTTsss
DDroooGGannFLLaaaUUUSSS
ddrrIIgggonnffllY
DRAAAGGenffflY's
ddraaGGGonnnHeeeaaaDDD
dddRRRUUgoooNNhOOOUDS
dRIIGGGInnnNNNEEDa
dddRRaagEENNreeUTTT
DDDRAAAGGinss
ddrAAgguoNN
dddRAAAggOOOOOON'S
ddRAAGOOOOOnAAADD
DRREgiiiAAAnnIIInngg
dddRRagggoooonnns
dddrroGRRReepi
DDDrrreeeGGGSSS
drrAAGSSttuuurr
DDDRRRuuuGSTTTOORSSS
dRaaaAAn
ddRRaaOn's
DDDrrAiiNNAGGGii
ddRRRIIIeenIIGGGoo'SS
dddREEEiinnboaard
DDRAAAoonnnBoooAARRdd'SS
DDRRUUUiiiNNNbbEUrDDDSSS
dddrrraiiNNNeeeD
drrAAOOnneeeRRR
ddrrAAinnnAARR'ss
DRaaaAAANNaarrS
ddRRAAiiinnninnG
drrreiinnPPiiiPPe
DrrrAaaaNNPiiipppII's
drraaUNPaapEEES
draaINNNs
dddrrraaKKuuu
dddruuuKKUUU'S
dRRRaKKIISS
dddraaaMM
DrAAM's
DDDrrAAAmmma
dRRRammmaa'sss
dddrriiiMMass
DrAmaateeeCC
DRRoommAAAtIIIcccaaaLllyy
DDDRRRUUUmmmATTuccSSS
DraamIIITTTICCCSSS's
ddrrraaammaTIIssTT
DDRaMMMATAASSSTT'SSS
DDDRRRaaMMOOTIssTTSS
DDDRRaammATEEzzIIITTEEEEN
ddrroommmuTTTozaTTEEEONN's
drrAMMMAAATToozzzaattiooNNS
dddraammeeeTTeezzzEE
DDrrrEEEMaatttiiZeed
dddRemmEEttaazeeeSS
DRammmAAtiiiZZZiNG
DDRRaaMMAAATTeerrrgggEEE
DDRuMATTurgggiiCCC
DDDrraaMIteeeRRgggUUUcccIll
DDDrrriimATTTurrGGUcoollyy
dRAmmAATuuRgggiiiiSSS
dddrrOOmmaTUUUrrrgggyyy
DrraaammmS
ddrrrummsshoooPP
DDDRREEENK
DDDRRAApppee
ddRRAAPPUUU'sss
drrrepeDD
dddRRRAAAppERRR
DDDRaapeeeRRR'S
DDDrIIPPPERRIIIS
dddrrrAAPPPIRRRsss
DDRRRaaPuuRRRyy
ddroooppOOORRyyy's
ddRIIIPPPuSSS
DrAAAppEEng
DDDrrraStttIIIccc
dRaaasstUCCIllllY
DDDrraaat
drrrAAAtttiiDDD
dddrrrOOEEgghhhtBBBOOOuuuRRdd
ddRRRiiiuughhhTTTBBoAArrDDDsss
Draawww
dREEEwww'S
ddrraaawUUUbblllE
DDRRAAwwwBBBiiick
dRRaWBBBaaackkk'ss
DRRAwwBBUUCCkksss
DruuwwBBuuuR
DDDrrOwwBrrIIdddgE
ddreWWBBBrrradGee'SSS
ddrrUUWWWbrrruuuDDDGeSSS
DDrawwaauuu
DDDRiiiWWAES
ddRReewwEERRR
DDDRRaaWWERRR'SS
DDRRawwweeeRRS
DRRRaWiiiNg
DDDrrrOOOwwinnnG'S
DDRRRawwiNNNggsss
dRRRaawkkkNNuufe
dddRAAAwwwkkkNNIvviiss
DDDrrraaaWLL
dRRAwwwLLL'SSS
DDRREEEwwwllOd
dddraaaWlluuuNNNgg
ddrAAAwwlss
DDrrIWWn
draaWPLLUUUtttee
DRRAWS
drAWSSSHHAvveee
ddRaaawwSHHHAAAvvvuuss
DDrrIIIWWWStRIIInG
dddrrrIIIwssTRRReenGG'ss
ddRRRAAAWsTTTRRRuuunnnGS
DDRawwwTTTAAABBBuu
dddrrrAAAY
DDriyy'ss
ddRAyyAAAGI
DDRaaYYYMANNN
ddRRaaaySS
ddrrIAd
dReeUUUd'SS
drrUUAAdeeeddd
DrooaaaDDFOOLL
DDDReeeIIdddfffULLLlllYY
dddRRAAAaaadddFFFuuuLNNEssssss
DDDRReoddfffuuLLLNesss'S
DDrrrOOaaaDDeeeNNg
ddRRREEEAAADDDllOckkksss
drrreAAADLLaaccKs's
dddruuuaaadddnAAAuGGGHTT
DDrriuDnnnUaaaGGGHTT'S
ddRReeeEEEdddNNNAAuGhttSS
dddReAAAdnnoooiiGGGhhhT
DDDrEEaaaDDDNOOaaaGGhhTT'S
dddrrEEEeeDDDNUUUuugHHHttSS
dRReeeOddSS
DDrEEEAAAm
dddrreeAAAm's
druuaaMMMbbbUUUiiit
DDRRROOOiiimmmBOOOTTT'sss
DDDrruuuAAAmmbbiiOOtttsss
DDRRRiiiamEDD
dddRRReeeeMMOr
dddrriieMMEERR'ss
ddrrEEEOOMMMArSS
drroAAAMMEEEURRR
DDRoIIImIeesssTTT
DDRUUUommIIlllYY
dddrIuuumEENNNESSSs
ddRRReeoMiiNNNEEEsss'sss
DrrrEaaMMMIIINNNgg
DDDrrUUUEmmmlllAAANDD
DrrrOEEEmLLAAnnd'sss
DDDrrreeeMlllesss
ddRRooAMMMLoka
DrrrIeeMs
drrrEEEIIMMMWoorrlllD
ddreeeaammWWOrLLLDD'SSS
ddrrIIAAAMMMWWWoorrlDDS
DDrrOaaMy
dddrrEEEORRR
dddREaarrIIIER
ddrrEEEERRRIIIISSt
ddRiaaaRRRilllyy
DDDReeeUUURiNNNeesssSS
DRRREEAraaNNaSS's
drreeeAryy
DDRRREDDGEE
DRRRuDDggU'ss
dddrraaaDGGAddd
dddRRAADggAAARR
dddRRRooddGGGeerr'ss
DDrrrodGGeRRss
DDDrrreDDgggesss
DDrEdddGGiNNGG
DRUUUee
dddRRooggg
dRRREGGGgggYYY
ddREGGGSS
DRRREGsss'S
ddrrrEEEaaDDooLLL
dRoooidddLL
dReeNNchhh
DDrEEEnCCCHHHiiDD
DReeeNNCChOss
DDRuuNNNchhhINgg
dRRiisssS
DDRRRaaSSSSSS'SS
DDRoSSSssaaaGGGO
DDDrrOSSSSSSAAGeee'ss
dREESSaaaDDD
ddrreeessssseer
ddrIISSSsssOOOR'sss
DresssssIIIrsss
DDReeSSSsEs
ddREEESSsiiEEER
DDDrrEsssseOOOssst
DRRReSSSsssEEENNEEsssSS
DrrrEEESSSSSSIINNessssss'SS
drEEESSsssINNNG
DDDrrrEEESsOOONGG'SSS
DDDRRReeSSSSUNGGss
dRReeesssSSSmaaakkuuuRR
dRRRUSSSsmmmAAKKEEr's
DDrreeesssSSMMaaaKAArS
dddrriSSsMiKANNNggg
dddRReeeSSSMMiikkIIIngg'sss
dddrrEEEsssssy
DDRREwww
ddRRRuubbbbblllE
dddrrubbbbblllEEE's
ddrrrIIBBbblEEd
dddRaaBBBBlluuur
drriiBBBBleeer'SSS
ddrrriiBBBbLLLEEERRRS
DDrrAAAbbbllEESS
DDDrrUUUbbbLLiiiNNNG
DDRRRiiiBBBLEtt
DrEEbbblllit'sss
DDRRRUUbbLLuuuTTSS
DreeEEd
drIIoRR
ddrIIIEER'SSS
DDDRRROEErrrs
DDrriAAASS
DDrrieeessstt
DDriiFFt
DDDRRRuFt'SS
DrrOOOFTAGGeee
DrriFFFTTIIGGGeeS
DrrreeeffTTID
DrriiiFFFteer
dddRREEFTuuR's
ddrrraaaffTeeRRRs
ddRRRiiiFTTTAAAnG
ddrrriiifftttNutt
DDDrrraaFtttNEEtss
dddRRifffTs
DRRIIIfffTwwOOOOOOD
drifTwwuOdd'SS
drrrIIIffttY
dddRIIlllll
DDriilllll'ss
DDDrrrEELLLLLIId
DDrrriLLlllUUrr
dddrIIILlOOOrr's
ddRRRiLLllEErrrss
DDrILLlluNNGGG
drrrUUlLLiinGGSS
dRIIILLLLmmmusTTTErr
DDDRRiiiLLLllMMAASTTarr'S
DDrUUUllllmmaaasssTTeRRRs
dRRiiLLLLs
ddrrrillLstuuuCCkkk
DDrrEEELLY
drrriinKK
ddRRaaankk'SSS
ddRRiNNNKaBBBiillEEttYYY
DRENNNkkkaBLE
DDRiiinnnKKerr
DDDrriiNNNkkkeeeRR's
DrrriNKKKEERRRss
DRRoNNNKKKuuNNNg
ddRINkkkIIINNNggSS
dRRiiinnKKKSS
DDDRiiiP
DDDRRIIIP'SS
drrIIIppppppoood
dRRUUUppPeeer
dRIPPPPPiiAAAr
dRRRaapppppiiieeSSTTT
DrrIIpPPaNNNGG
DrrriiPPPiiiNNNGGG'sss
DRRRiiPPunnGGGSS
dddrIIIpppy
DrrIIpppS
DDRAAPstttONNee
DRIVuubbbiilliiTy
ddrrriivvvaaaBBllloo
DDrrriiivvvE
dddrriivvve'S
DDDrivvvEL
dddRIIvvvEELL'S
DDRRRaaaVVVeeLLLuDD
DDrrrIvvveeeLuuRRR
DDrrIIVAAllEEERR'ss
dddrriVVAAAlllEEErrrss
dddROOOVVVeLLAAANNNaa
DrrriiiVVVUUULLaaaNNNGG
DDRRROVVEEELLLllledd
dddrraavvviilLLir
drIIVVVeeelllLAAArrr'sss
DDRAvALLLerrSS
ddrrrOveelLiiNgg
DrrAVVVellss
DDDrraVeeN
DDrreeVVEEErrr
DriVVuRRR'ss
DDRRRiiiVVEEERRRss
DDDrrAAvvveeeSSS
DDDRRiiiVVVEEESSShuftt
drrUVVVaSSHHaFttSSS
dRIIIVOOtttraaaOOOnnn
DRIIViWWaaaYYY
ddRRRiVVVEwwweYY'SSS
DDreVoowwaayyyS
dRRRAAAVVVooNNGG
DDDRRRIVVVInGGGSS
DRRRIIIZZZzzzllEE
DRRRAzZZZLE'SSS
dddRRRuuZZleeeD
ddrizzzzzlllESS
dddrriiizzzliERRR
drrriiizzzzzzllIIAAsTTT
ddRRiiizZllENNgg
DDriiiZZZzzzllYY
dddrrAgAAe
dddRROOgggEEEEE'sss
ddROOOGGGuuuUSS
dddRRROOOAAtt
DruLLLlll
drrroooLLLLLLeR
DrooLLlleeRIIIEEEsss
DDrrriiilLLeeerryyy
DDDrrooLLLlllIIrrYY's
DDDrrrooolllEEsTTT
dddROOllllllNNEEssS
DRRRuulllLnUUUsssS'ss
dddRRReellllllY
ddReMMEEEdArrriieSSS
DrrEEEMooDOryyy
DrEmmmEddUUURYYY'S
DrrrAMMeeennnD
ddRuuunnee
DDRROOONNe'SS
dRUUUNNNIIdd
dddRREEnneS
drrINNNggooo
DrrOOONNooNNNg
ddrrIOOOlll
ddRROAL'ss
dRRRIoLLId
DDDrOooLLLinnnG
drroulsss
DDrrOOOOOPP
drrraaaoopp'ss
DriOOPPoDD
DDDraaaOPPIEEEr
DDDRRRoooIpAAAessTTT
dddRRoooaaaPPILyyy
dRRROOOEEPPPaaNNeSSS
dddrrOOEEPPEENNesssS'sss
DDrrrIIIIIPPPiiinnng
dRRRooouuuPPPenGGlyyy
drrOOOooopSS
ddRRoooUUUppYYY
DDDRREEP
ddRRRoooPP'S
dddrrrUUUPPPKKuucckkk
DrOOOPPKICkk'S
DDDrroPPKKKECCkSSS
DDrrroPPPlleeT
DrraaappLiiiTT'SSS
ddrreeepppLLEtttss
DDrreeePPPLLLeeeGGhhhT
dRooppplllAANNEEE
dRRRooPPPIIIEEEt
ddroooPEEUUttt'SS
DrOOOPooUTTSS
ddrrrOOPPPPeeeDD
DrOOpppPARRR
dROOOPPPPPerrr'ss
dRRRoopppppEEERRRsss
DDRRROOOppPPunngg
DDDRRROOPPPPPPiiiNNNgsss
ddrrOpppppIIINNNGGSS'SSS
ddrrooPsss
dddrrriiPPPSSSaacccaLLL
dRRaaPPSSSoNdee
drrOPPSSSyy
DDDRoPSY'ss
dddrrEEpppWWOrrrTTT
DRoshKAAAEEs
DDroSSHHHKKKyyy
ddROOSSSooopppHHHiilllUUU
dRRRoooSoooPPPhhhOlAASS
ddrrrEEssssss
ddrrrooSSSss'S
dRRRussssy
ddRRRaUUUghhht
drreeeuuugght's
DDDRoooeeeghTSSS
DDDrroooggHHtttYY
DrIIOtttHH
ddrooUUUTTTH'ss
dddrraaittHHEss
DDRIIUUthsss
dddReUTTTHHHYYY
DRRRovvvee
DRRUVeee'sss
dddroovviRRR
DDDRROOVVARR'SSS
dRROversss
DrrrAAAvvuuss
ddrrrOOOVVIINg
dddrrooownnn
DRRRAAAwNNNooddd
drrUUUWNiiinnnGG
dRROOOWWNNiiiNNNGGG'ss
DDRRoooWnnIInnnGGss
DDrrowwNss
drraaWSSEEE
dddRowwSSE'SS
DDrrriiWWWssseeeDD
ddrrrOWsUSSS
dddRoooWsssoouuurrr
dRoooWsAEEssstt
DDrrrOWWWSIIlY
DDrruuuWWWSSSIINNeSss
dddrrroWWSSINNNaaSSSss'sss
DDDRRiiiwsssiNNgg
DRRROwwwSYY
DRRaaBBB
ddrrrAbbBEEEddd
dddruuubbbbbeerrr
dddRRRuuuBBBBER'ss
dddrrroooBBBbbbOOORSSS
dddRRUUUbbIIINNGG
DDDRUbbBBiinnggg'SS
drrrUBbbiiinnngggSS
DDDRRRabsss
DDDrrUdddGGOO
DrrUUddGE'ss
DDDrUUUdggEEdd
DDRRRIdddGeeRYY
dddrrruDDDgggoorrYYY'ss
ddrruuuDDGESSS
drrraaadddggIInnngg
DRRUgg
dRRRUUUg'SSS
dRUUUgggGGGeeeD
ddrugGGEEEt
dddRRuugggggiTTs
DDrrUUUGgiO
DriiiGGGggguEEE'sss
DDDRUggGIIASSS
ddRaaaGGgggIIInnGG
dddrrraGGGGGiisttt
dddrrrUUgggGGIIStt's
DDRRUUggiisTTTS
DDrrrOOgggGGGYYY
ddRRUGGGgggy'sss
DRUgSSS
DDRUGGstttoRe
dddRReeGsssttOORRReee'sss
ddRRRuuuGGSSStttoooRRoS
DDRRRuOddd
ddRRRIiDD'S
DDrruuIIDac
dddRuuuiiiDDOOccAlll
ddrrraaaIDDDISSmm
DrruuIIdiSSSmm'sss
DDRRRAAiDDDS
dddrrUUUMM
dddrrrOOmmm'ss
dddRRuMbboooAAATT
DDDrUmmmBBBeEtt'sss
DrrrAAmbeeeUUUTS
drUUUMMFFFiirru
DDDrUUUmmmfffIIrAAss
DDruuummmFFAASHHH
dddRRUUmmmHEaaad
DDDRAAMHeeeoDDSSS
DDDRRRUUUmmmLLIIINN
DDrriimmLLLiinn'SSS
DDrrraaaMMlllinnSSS
DDrrreeemmmmmmeddd
DDDrruuuMMMMOOOrr
DRROMMeerrr'sss
DDDRRRuummmmeRRSSS
DDrruummmmoonG
dROOmmS
dRIIMsssTTockkk
DDDRRROOOmmmSSStttUcccKK'sss
DruuuMStttIICKs
DDDrruunnkkk
DDrraank's
drrunkuuuRRD
DDRRRoonnkkuuuRRRDD'SSS
drrruuNNKKaaarrddSS
dRRREEENkkkEN
DDDRRRUNKINNNlllYY
DDDRRRaaNNkInnNNNeess
DrrrENkUUUNNNNNaasssSS'SS
DRRIIINKKIIIRR
DRREEnKKEEsttt
DDruNKKimetttEEr
DDrrUUUnnnksss
dRRRuppe
ddRuuppee'S
DDRRUUUpuuuLeeT
ddRUUUppeeeLLuuutttS
dddrrruuuPAAS
DDDrresssEE
DDRUTThErrsss
drruuthAArS's
drYY
Dry'ss
DDrryaDDD
dddrryIIIDD'sss
DDrrryEEDDSS
DDrYYASSdddUUUsssTTT
drrYYYEERR
ddRRyyIRRR'SS
dRRYYUUUrrrs
dryyyeeSSStt
DDDryyyAAnng
DrrrYYYuuShhh
drYYlYYY
DDDRYYYNeeesss
DRRYYYNNEssss'S
DDrryyPPooannnttt
DDRRRYYsss
DDDrrryyySSiillTTIIRR
DDDRRRysstttuuNNNE
ddrYYYWooLLLL
dddRywIIIlllL'sss
DDEEEAAdd
DDUUUUUdSS
duiiL
DUUUaallIsMMM
dddAAAAAALLLiSSSMM'S
ddUAALUUUSTT
DOOOOOllIIIsssTTuc
DDDUUUiLLEESSStooccaaaLLLLY
dddUUaaaLLLOOsssTTTSSS
DDuuELUtttUUUes
dEEAAAleety
DuaaLiiiTTY'ss
dduOOOLLLLyyy
DDDuAAALS
DDooArrrChhhyyy
DDDUbb
DDDUBBB'ss
ddOOBBBBBIIDD
DDoobbbbbuuR
DDDuuubbEERRR'S
DDubbbEEErSS
DDeeebbbBBIINNN
dUUBBBBBiiNNN'ss
dIbbbboonnggg
DDUBBbiiinnngSSS
ddduuubbieeTTTYYY
daaBIIIiityyy'S
DiibbbiaaassITTTyyy
ddAbbbIeeeeeS
DUbbIIOOoSSllly
dddOOBBBIOaSSNNNUsSS
dUBBIIIOuusNNEESsss'SS
DAAABBuTTTaBBlEEE
DDEEbeettootIIOn
ddeeeBNNUUUUM
dAAbbbs
DDDuucccaaall
DEEECCCaaTTT
DDDuucccatt'S
ddEECCAAtttsss
DDDUUcAAA
DDucHHHiiiSs
dAcccHHIsSSS's
dIIICChhhOssSSeSS
DDDaachiEs
DDDiiiCCHYYY
DDDAAAccHYYY'sss
DUcck
dAAAcckkk'ss
DDAccKKBBBIILLll
DDiCCKbbilllll'sss
dduCCkkBooLLllS
ddUUUccKBooAAArrrd
DUcccKbOaaaRRDss
DDuuucKKed
dduuuCkkkeoooR
DuuuCCkkiiiaaSS
DDDAACCCKIIESt
DDucKKINNG
ddiicccKInGss
DDUUCkllIIInnnG
ddUUCCkkloonGG'SSS
dduuuccKKluuuNNNGGss
dddUcckppeennn
diickpppuuunnS
ddEECCCKKKPPPooNss'S
DDACkkkpenDD
ddaaacKss
ddECCKttOiiilll
ddOOOCCCKKwwweaddd
dddUUCCCkkWeeEEEddd'sss
ddAcccKKKYYY
dUUUckyy'SS
DDEEECCCttt
DDDOOOcccTT'ss
dddUUccTeD
dddUUUcttoolEEE
dUUUcttaallIbbbIIILLottY
DaCCCtooloTTTYYY
DDUUUctttilllITTYYY'ss
DDDUCCCTTaaNggg
ddducccttLAAASSSSS
DiCCTTTS
DDDiiid
dddUUUddd'sss
dEEDDuu
ddUDDE'ss
dduDDUdd
DDAddoenn
dduuDDeeUUUnnns
dduudES
duuudgggEEEENNN
dduDGGIIoooNN'sss
ddOOOdiiinnngg
ddIIIDDDOssh
dddoooDDDS
DAAA
DDDuuEEE'SS
DDuIIL
doooElll's
dddeEEleeeDDD
DDDoooeeLLLeeRRR
DDDiiEEElleRRR's
ddduEEELUURRS
dAiiLLaaaNg
DDUUUUULaaNNGGGSSS
ddeeLIIST
DDuuELLLooSSSTTT'sss
dUUUELLeeeSTs
dddUaaaLliiD
DOeeelllllEEEr
ddduuEElLLEEEr's
duuuaaalllllAAArs
DUUullllEEENNg
ddUUUEElLeSSSTTT
ddEiilllLLLiiiST'SS
DDDuEEllLLOOOSSSTTS
DDuuueeellLaa
DDDaaEELLLSSS
DDuuueeeNNNddii
dueeeNnnnII
DDioNNnnAA'SS
dUUUEENNNNaasss
DDIeesss
DDUUUOt
duuuAttt's
DEEEeetttss
dddufffFFF
DDDoooFFFFF'S
dofFFOOODDD
DUUfffffeLLL
dAAFFfELSSS
DDDuuuFFFFFer
DDuufFUUUr'SSS
dddUfffUURRSSS
ddUUUFFFFFoNG
DIIFFFFFSSS
DUUggg
ddaaGoonnnggg
dddUUgooonnGss
DuuugooEETT
dduugiuT'ss
dIIIGGGouuTTss
ddeeh
DuokkkIRR
DDuKE
dddUUkkkiii'S
DDDUUKEEddOOOm
DDUkiiiddom's
dAAKEEEddommmss
DDEKKKiSSS
ddUUULLCutt
ddaaaLCCCiiiNA
DAAlllCCCEEEINaas
DDDiLLLccEEFeCCCIIItiiiON
duLcIIFFFIIAAddd
DDuuulllcIfffIIeeeSS
ddALLLCCCeeFFy
dUULLLcceeFyyyiNNgg
diiiLLcceeemmaaar
DDDuuLLLCEMeeeR'SS
dEEElllcIIMoooRSSS
DOOOLLLCCiiMMOOORRRuu
dddUULLLccinEAAA
DDDEEELLLooAA
DDeeelllLL
dddeeelLLLARRRD
dduullllOOrrDD's
DuuLLLLErrrDSSS
dddUUULLLLLEEEd
ddduulLAAArrr
DDDIIIlllLESSStt
dUUULLLllliinGG
duuLLLLLiiiSSh
dUlllllnnneessss
ddAALLlllnnEEEsssss'SSS
dUllsss
dddullllly
duuulllNeeessSS
DDDIlNNUUUSSSS's
DDDAloosIIIss
dddOOLsaa
dddulllsssEEEsss
ddduly
ddiiiMMMa
duuummb
DeemmmbbEEElllL
ddemmmbbbbbEEElllLLL's
DeeMbbbbbbAAlllllss
DDUMBBORRR
dddUUUMBeestt
DDUUMBffOUUnnnD
DDDooommBBfIIIuunnddduuud
DDaaaMBBFFOOOuuuNDDDuNNG
ddUMbfAAAoooNdSSS
DoomBHHaaaaaaddd
DiiMMbly
DDoombnEESSSsss
ddUUUmmBBNNNeSSS'ss
ddEMMMBBBoo
dUmmbbIIIs
DDumBSSSttRUUUCK
dddUMMBBBwEEIIIttteeRRR
DDDUUMMMbbwwUUoooTaaRR's
DDuuummBBwAAIItttERRRS
DUmmmdddooM
dOOMMMDDEEEm'S
dddUmmddUmss
DDDemFOUnDDD
DDuummfffoanndddEEDDD
ddEmmFooAAnDDaNNNG
ddEEEmmfiEENNNDDDSSS
dduuMMMMIEs
deeeMMmyy
dddUUUmmmmmmYY's
dddUMMMOOORRRtoooiRRiitttOOO
dddummp
dduuump's
dddaaaMMMPcaaRRRt
dUUMMPceRRtS
ddduMMMPPEddd
Doommpeerrr
DuuummmPPiiirrrSS
dduuuMPiiIRR
dUUUmmPPPieSt
DUUMPPIllyy
dAMMMPiiinnnEsssSS
dUMMMpiinneSSSs'SS
DDDUmmmPPPuuNGG
dduumpppUnnnggs
ddduMMpppOOOShhh
DDOOOMMPPLLIINNNG
DDDuMMpllluuuNNGG's
DDDEEEmmPPPLLinnGSSS
DummmPSS
DuuuMPPPSSSTTEER
dddUUmmmPSSTeeerrr'S
dduummpppSSStuuRRss
ddUUUMPYY
ddeeNN
DDDooonn'SS
DDDUUNNCE
DUUNNCCo's
DDoonCCCEES
DuuunnDEEErrHEadd
dddUNNDDiiirhuuAdd'SSS
DUNdddEERRHHHUadddss
DANNU
dOOnnnuuu'sss
DuuuNiiSS
DDUUUnnggg
DDOnnnGG's
duuuNGGAruE
DDDONNNGGGiRRREII'sss
DDuuuNNgaaRRRAAAAAASS
DDDoNNNGGeeeDD
ddUUngIIEEN
DDDUUnnGeeeoon'S
dddUngggiiOOOnsss
ddUUUnGHAAAlllLLL
dddUUnGGGhhIIIlllLLL'sss
ddUUUnnnGhhIIllLLs
dINGIInnnG
dUUUNNGGGSS
ddUUnIteee
DOONNk
DUnnnKKK's
DDiiNNkkkAAdd
ddOOnkkkaaannGG
DDDOOOnnkss
dEEENNllluunn
DDUnlliNSSS
DDEENNNNOOGGGEEE
DoooNNneeedd
DIInnIIr
ddIIInNNeeeSSSt
DDonnnniNNNg
DDUNnnUUUTTiii
dUNNNNEE
ddUNNNACk
DDDUUUNNnnooCkkks
DDeens
daNTT
dddUO
DEEaaa'SS
dddouuuDDeeecuuLllaOOOn
ddUIIddeeeCCiimmmuuulll
duaDUUUccceemmaaa
dduuOOddUUNaa
DDDuuuUUdddUUUnnaLLL
DDDuodddEEEnnArry
duooDeeNNIIItttESS
DDUUUAdiiNNNuuummm
DAAAooddeeennUUUMM'ss
DUOddeennniMMMS
dUUUUddIAdaaa
dUUUoLLLoGGGuuuEEE
DIIIILLIIIggooeeeSSS
dduuOme
ddduuippEEELIIuss
DDIIeepppiiiLLy
DDDaaaSSS
duuuuutttOnnooo
DDDAppaaaBBBilllIIIttYY
ddUPoobbbLe
DDAAppo
DuuPPPiii'SS
dAAApUdd
ddEEEppiiiRR
dduuupppEErr'ss
dIpppIIRRiess
DuuuPerrrS
duuuPorrYYY
ddUUUpeesss
DDiiipppiiiNNG
DoooPPuuuiiinn
ddooPPPLE
DDDuuuPPLLLEETTT
dddoPllEExx
DDUpllOOx'SSS
DDDuuuPllExOOS
DUUUPLLiCCebbiLaaatyyy
DDUplluCCCuuTTAAA
ddEEpLLiiiCCCaateee's
deepppLOOcoooTTeeeddd
duuupppLLUUUCCaaatteees
dddUUPPLLIIcItttinnnGG
dddOOOpllicccettooouN
DuuuPLIICCCeetttaaaOOOnnn'ss
ddiPPLLaaacaattIIIuuunnnss
DDDIIIpppllUUcUUUTTOrrr
ddeeepppLLLiiCCCatttooorr'ss
DDUUUpppLLOOCAAAtttOrrsss
DDeeeppllliccceeetUURREE
DDuuppplluuCCCIIITIeeess
DDDuPPPLICaTTOOus
DDDoPLiicccIIttoooUUUssNNNuuuSSSSS
DDUUplluuCeety
dupppllaaacIIItttyy'sss
DDAAppOOOnnnddiuS
DDuuPppy
daarrriiiBuulaTTTyyy
DDDURAAAbbbiiillIItty's
DDEERRAAbbblEEE
DDuuraaaBLLLEneesSS
dUrabbblluuuss
DarObblly
deeraMMOOON
duREMMoooNSS
ddUURRRAnnccee
ddARRRiiinnnCiii'S
duuRRRuTIeennn
dddiiRAtteuuNN'sss
dAArrrAAATTaaaooonnSS
DDDIIRRRaTUUve
ddUURRRiiitUUUvvEEESSS
DDDiiirrBBBAAAR
ddUURBuuurrSSS
DuressSSS
DDDUUrrreSsss'sss
DDuRRReUUUn
DDDERRIIAAnnS
dddurIInnngg
DDDUUURRRMMMaSTTT
DUUURMMIISSSTs
ddduuRRoo
DDDooRRRRRUU
DDDoRRRRAASS
dUUrrrAeee
duuurrrsTTT
DDDUURRUUMMM
dduurruMM'SS
DDussKKK
dUUSSKKK'sss
dassKKKiieeeR
DDEEsssKEEEuussst
DDDUsskkkinnneSsss
dduusskAAnnniiSss'ss
dddaaaSSSkyy
DDDussTTT
DDussstt'sss
dddiiisTbbiNNN
ddEsssTTTBBIInnn's
DeSStttbbeeNNSSS
dduusTTccuuuRRTTT
DDDostttCCarrrtSSS
DISSTTCCCllOOthh
dUUsstttCCCOOOVVErrr
dddaaSSSttEddd
DDiisstteeeRR
DDDuuuSSTeeeRRR'sss
DDDuuSSSttErrs
DDDAAsssTTHHauuup
DUUsstttIIeeerr
dddoSSTiiEst
DIsstoooLLY
dUUSTTiiiNNNEEsss
DDDusttIIINNNuuusS's
ddduSStttiiNNggg
DUUSTTTLLAASSs
DDDustmuunnn
DUUssTMMeeNN
duuuSSttpONN
dddissTTpann'SSS
ddOOOSSStttpppEnsss
DDEEsstpRRRoiFFF
ddUSStsss
ddAAAssTTSHHEEeeeTT
ddduuusssTSShhooUUtttSSS
ddUUssTUUUPPP
DDuuSTTTupss
deesssTTTyy
DiTTTCCHHH
dddUttiiiooAASSS
DUUUTTTEEOOOUUUsLLLYY
DIITiaabLuu
duTTTOOOOOsss
DDuuutIIFFFALLL
dddUTTTIIIfULLlllYY
ddooTTAfffuLLLNOOSs
DuuTiiiFFFEEELLLnnessss'S
dddaty
DDUTTTYYY'SS
dUuuuMMVVirr
DuuiiMMMvviiirraaaTTe
duuuVEET
ddduuVVAATTT'sss
DDDuuvEEETSS
DDiVVVetttYNNN
ddUXX
DVVUNNNDVVooo
dddWuuRfff
dwwOOOrrrf'ss
ddWWiiRRRFFaaddd
DDDWaaarrrffaaNGG
dwaarFFFIISSSHHH
ddWaaRRfffuushhhNNNeeSsss
DDwwwUUrrFFIShnnEEssssiiiss
dwaaarrrFIsssmmm
DDDWeerrfffIIISSm'sss
ddWWWarFFFsss
dwaaarrvvvESS
ddWWWEEEB
dddWWWooibbb'sss
ddwwUUIBBBss
dWWooollllll
dWWWEEllllOODD
ddWWWOOOLllAArrr
DDwwweeLLLlERR'SSS
dWWeLLLlaaRsss
dwwEEElllllIIINNNG
ddWWWAAllLLLinnggg'SSS
dWWWeelLLLUUUnGGSSS
DwwwULLLSS
dwweellttt
DWWInnnddLLeee
dddWENNNdllUUddd
DWWWinnndddlllASS
DDDwaNNdLuuNNNG
DDDyyyuDD
DDYAAddIcc
DDyaaaDDss
dddyiiirrrCCChhuEss
DDDYeeRCCHHYY
dyyybbbUUUKK
dYYBBbbbuuKK'ss
ddYYYbbOOkkIIImmm
dddyybbbbbIIIkkkSS
ddyyyEEE
ddyyye's
dddyiddd
DDyeeIINNNGG
dYYEEiiNGGGs
DDDyyyeeellIInnnii
dYeeerrr
ddyor's
ddyyyeRss
DDDYUUUss
DDDyyyaaasTuFFFF
dddyeSTufF'S
DYYYAASTTTUUUFFFfffSS
dYYYEWooaaDD
DYYeeWWWOOOOdSSS
ddyangg
dddYYYENNGGG'sss
DDYYYkke
ddYYkkee'sss
dykkkeeSS
DYNNAMMMeTTTEERR
DDDyynnnAAmmmeCCC
dddyyynemmmoooccc'SSS
DDYYYnnnaamiicEEl
dddYNAAMMUUcAALLLLLY
dynnnAAAMIICCCUUUsssTT
DDDyyynnnaaammuuCCCsss
dddYYYnnuuumICCSS'sss
DDDYYYNNOOMMiisMM
DDyyynnUmIISmm'sss
dddyyynnniMiiissTT
ddYYYnnnImITTII
dddyNNNiiMMMittu's
ddYnnnummeTTeddd
DDDynooomuTTeRR
dddYNNNAAmmmIIItttoooR's
DDYnnnAAmmiittIIrss
dddyyynIIIMMIITTTEEESS
DYNNiiimOOTTINGG
ddyyNNAAAMMAA
ddYYnIImmmooo's
DDYYYNNNAAmmuuuULLeeeCTTrrIIIC
ddynnoomemmmEETTTUUUR
DYNNNaMummmEttUURs
dddYYNNAmmmIIIMMMutttRRyy
dYNAmmmosss
ddyyNNAAAmmmATIRR
dynnoossttt
dddYYNNeeSStiiiCC
DDYNNEEssstiCCCalllyyy
ddyNNNuuuSttieeeSSS
dddYnnnaSStttSS
dYnassTTTYYY
DDDYYNNNAASTTTYYY'ss
DDYYYNNNaaatttRRROONNN
dyyne
DDyynnnEEEsss
dyyNOdddeee
dddyySIrrttthrIii
ddyyyssCCCRRRIIsssooouuu
DysOOnTTTeRRRIIcc
ddYYseeNTTTeerrrY
DDyysseNNNttEryyy'SSS
DDysssFUUUnnCCtttUUUOON
DDDyySSFEEnCCCTTooUUUN'ss
ddyyySffUUnnctaaaoNNNAL
dddYYsFFFuuNNCCtttIaanAAAlLLyy
DDDyyySSSfffOOOnCTTTEansss
DDDysgggeeeNNNOOOCC
DyyyssGGEEENNicccs
DDDyssgrrAAAPPPhheeuu
DySLLLAAALLIOO
ddYYYssLLAACTEEECC
DDDyysslllEEEccctttiCC'S
DYsLLEcttOOOCCS
dySSLLEEExxxiiiuuu
DYSllliiixIe'S
DDYYSSSLLIIxxEcc
dddyyysllEEExxxUUUccc'SSS
DYSSSLEEXXXuuuCS
ddYYYSSSLLLoooggiie
dYYYsssLLOOgeSSSttIIcc
dddYssPPPiippsssIe
DDySSpppEEpppSiAAA'S
dddysspuupptiiCC
ddyySpppepptEECCC'S
dddySSpppeeePPTaaCs
DDYsPPPhoGaaaa
dYssspHHaaaSSSiaaa
DyyySSPPHHeeeSSSEEaaS
DDYYsPPHHaasiCCC
dyyySSSPPPHHeeemmiia
dddYssphhhEEEmIIsssmm
dddyyssPPhhaaNNNoooUUU
dysPPPhhhoooRRRiAA
ddyyysPheeeRiiaaS
dyySSSPPPhhooRRIIccc
DDDySSPPLoooSUi
dYYsspLLaaSSSuAAAs
dddYsssPlAAAsTTeeecc
ddyysPNNNeuuu
DyyySSpNNiiiaaS
DDDyyysssprrooSSIIuuum
dddYYYSSSppprroooSSSiiiUmmm'SSS
DDyyssTTTEELAAoooLOOgggy
DDDYYYsstHYYmmmiiiaaa
DYsssTeePPPEEaa
DYYYsstteeppIIAAAN
DDDYstttooPiiiUs
DDDyystttRaapppHic
dddysTTrrrOPPPHyyy
DyySoRRRiiii
DZOggggeeeTUUUIII
ddzEEGGGGeeTTAAuuusss
DDébbbrrrOdeeemmUUnnt
débutANNNt
DébbbUUUttAnnntttoo
DDDéBBBuuTTTAANTTeee'SSS
ddébEEETaaannntEEESSS
dddéCClllAASSSsssé
ddéccclllAAAsssséee
DéCCOOLLLLLAAATTTEEEGGO
DDDéCuuuLLLEETIIGGi'sss
DDDéCOOOLlllItagggIs
DDDéCCCollllllOOOTé
dddéggagé
ddéMaaaRRRccHaaa
ddémmOORcHHiiiSS
DéMoooDé
DDéRRiiIIlleiirrr
DDéREEEiillllUaaRRR'ss
dddéRRRAAIIILLLLEuuRRss
déShAABBBiiilllLé
DDéshhaaBiilllé'ss
ddétttENNtee
DDDéttteennTe'S
E
EEE'eeenn
ee'eeer
UUUbbUUY
UUUBaYY'SS
UMUUSSSiiccc
EaaacccHHH
EEAAAggeeRR
EEEAAgeeRer
eeuuGGGiiROOSSSttt
EEoooGGEERRRLLyyy
eeeaggerrnnneeeSSss
eaGGGarrrnniSs'S
EEaaGGllle
iAAgggLLa'S
IIIogleeesss
euGLLLEEsTTToooNNNeee
EAAAgggLEEtt
oooagggLOOTTT'S
eOGGlllEETs
eaaaGGGLLLUUUwIIOOOdd
EAGGGReee
uAGGrrrOOSSS
EaLLLDeeeRMUnn
eeeer
eeeaaaR'sss
UurrooochhE
UUUArrAACCCHHEEE'ss
oArrEEECCCHaS
eaaRDDRROppp
eeeooRRRdraPPPss
EEARRRddrEEMMM
UUaaaRRRDDDrrrooom's
eeaaarrrdddRRuuuMMMs
aaOOORADDD
EEARRRffLLLiiPPP
EEEiiRRffLEEppSSS
uArffUUUll
aaeRfffuuuLLL's
oaRRffooLLLsss
aaAArrrEENNG
eeAArrrLL
OOOAArrrlll'ss
AUURLOP
EArrrLLLoooPPPSSS
IIARRLDDOOmmm
EEEaaRLLLdddOOOM'S
UUUArrLDUMMMs
EarrLLeeSSS
EEEAAARRRLLLiiierr
EEERLLooeeeSSttt
EEeeerlAAAnneeSSSs
eeUUUrrrLLLINEESSSS'SSS
eUUrrLoobeee
iaaarrLooobbEE'S
eearLLLAAAbaSSS
EEEorrrLLSS
EEarLLYYY
EARMARRkkk
uuARRRMMMiRKKK'SSS
eeaaaRMMAAArKaaDD
uuuEErrrmmmaaarrKinG
EEaaRRRMMMeeRkkkS
OOaaRRmufff
eeiiiRmUUUfFF'S
UUUuuRmmAfFFs
UUUAAArn
uuARnnEEEdd
eeeAARRRNNeer
oIIRRNeeeR'ss
EEEaaaRRRnneRRSS
EEaaaRRNEESSST
OOOerrNOsstt'sss
EirnnEEESSTTlyyy
UUrrnuuussstnnneeesssSS
AAuurrNeeestttnIISs's
EEAAArNNNUUSStttSSS
EarrrnOOONNNG
EEOOrnnnIInnGSS
EEEIIRRRNNNeeennngs'sss
EEaaRNs
IIaaarrrpppHHoooNNNE
iiaarPPPhhhUUnnnoo'S
EEiRRPPhhooneeesss
EEARPPPIIIeecI
EEaarPIEEcccES
EooorrrPPPlluuuGG
EEaRPlOOGGG's
oooorrrPPlUUGGGS
uuARRrEEEEEECChh
EEEUrrRRRINNgg
EEEAAArrrAAANGG'SSS
EEaaaRRrINNGGss
eAAArrrSSS
iiuuRRssshaTTT
eeIIIRsssHEETTT'SSS
eiRRRsssPPllOOtTTTIIINggg
uooorThhh
eeeaRRRTTHH'SSS
eeearrrTThbbbUURRRnn
iaRRRtthhBOuuuNNNDD
aaoorrTTHEEdd
EEEiiRRRTTHeeNN
EEAAArrThhEENNwaaRRA
eeeuuuRRTTTHEnnWWWaaarreee'S
EAARRRTHHIEEr
oooaaRTHHHuEEEst
AAAAArrrtthhiiillyyy
EEEAArrrTTTHIINNuuSSsss
EEeeeRTTTHHHiinnaaasssSSS'SS
eorthIINggg
eeAArtthhllluuueR
OAAArTTThhhllliiiEEssst
eeeaaaRRRTTTHllIIgggHHt
OEErttHLLLINNNESSss
eaaaRRtthLLoooNNgg
eeIRRttHHLiNg'ss
EEAARRRttHHLLIINNGGs
eeaaaRRRtttHHLLY
eUUUrrTTTHHHMMMAAANN
EEiiRRtttHMEEEnn
UUUaaaRRRThmIvEEERR
iAArrtttHmmmOOvvAAANNNGGG
oooiRRTTTHHNuuuTT
EUURRthNNUttSS
eOOrrtttHHqUAAAKKKeee
EEEaarrTTTHqqqUUUUUkke'SS
EEEErthhqaaUUkoss
eaaaRThhs
auuurTTHsHAkIrr
EEEOOOrrttHHHSSShhhaKInnGG
EEarTThhhSSHOnnni
aaaAAArrttthhhssTTTAAR
EEEoRRtHHSSStiRRRsss
UUUoRRRTTThwwwUrrDDD
OArrThwwwAAArrrDDSSS
EEEorrrTTTHHwwwoRK
OOOaaaRTTThhwOOORRk'SS
IeeeRRthhwwwaaRRRkkkS
EAARRRtHHHwwORmm
OuurTTThWiiRm's
eAARttthhhWooorrrmSSS
AAAArrTTThhhy
EEarrWWWEX
eaarwwwaX'SS
aaAAARRwiigg
iiieRWigg'ss
EAArrwwwOGGGsss
EEaaarwwiiiTTnneSsss
eeeaaSee
AAAaaassaaa'sss
iaSSEDDD
AAAesssIFuuuL
eeAAASSSeeeLL
eaasEL's
eeASSIIILSSS
EUsssuumeNNttt
eeeAAASeMMMuuuNNT'S
UUASeeeMMMEEEnnnTTTSS
OaaaSSeeeSSS
EEEIIISaiiR
aaEEsssIIEEssstt
AaaaSillyyy
eeiiissinnnoss
eeeISiiNNOOssss'S
EAAASSOOOnnnggg
eeeAASttt
eeeUUSTT'sss
uuuESTbbiENd
eAAAstttEEErrlllOOOeS
eeUSSSTTTEErLLYY
eeAStttEErrrlllY'S
UUUAAAStttaarNNN
EEaaasssTTiiiRRNNUr
EaaassTuRRnnnerr'sss
eeeAASTuuuRRRnnIRSSS
UUUessTTTEERRNMMMOssst
UUSStttuuuNNNG
eeaSSSttWWWAAArrdd
eeooosstwwAArrrDDDLLLYY
EAAAsssttWWWoRRRDSS
eeeaaaSSSYYY
IIAssYgAAAInnnggg
uooot
eeeOOOTTTAABBBLeee
uaatttOOBBBlllEE'SSS
eeAttIbllusss
EEAAATaaGGGE
EEEaaTEENN
eeeAAAttEEr
EAtttUUr'SS
EEEeeeTTTeeeReeeEEEss
ooOOOTTTerS
OOOaTTTErrrYY
uuAttteeerrYYY'ss
euutiiiNGG
eeeAtIIINNGS
AAATTTS
OOOaaaa
AAAUUUVVuuu
eeeeeVVee'sss
OaaaVEEs
UUaaavvAAsssDrrUPP
eeAAveeesssdddRRiiipppPPPaadd
EAVVVeeSSSDRaaappppUrr
EEEavvOsDRRROOOPPPeRRR'sss
eEvvvEEESdrroooPPPPerss
EEaVVVOOsDDDrrrOOOpPPPInnnggg
eeAAAVVesssddReeeppps
aBBBBBB
uuuBBBbbb'SS
aaBbbbeeddd
EEBBbbbINGGG
AAABbsss
eebOOON
eeBBOOnnOEss
EbbbonnnOOOTTTeee
ooboooNNeTTTeeesss
eeebaaNNIIZE
eebbbOOnoozzzEEED
EEBBiinneeezEss
eeBOOOnIIzzzIIING
eeebbOOnnnYY
EEbeennny'SS
eeebbrrrEccctttAAeeeTTTooo
aBBALlllIEENNNCCe
UUBuLLllIIEEEnnccI's
ebIIlliieeennCCYY
iiiBuuulLaaaEEEnTT
UUBBBULLLIIEEENNNttLLLyyy
iiBBBAALLUUtAoooNN
ebbbuuuLLLllIIttiiiEENN's
eBBBURRRNNiiiTOooonnn
eecbbOOLLLIIIccc
EEcccEEEnTTrruuC
eeeCCCaNTTRREEEC'ss
ECCCCeenTRRuccUlLLLyyy
UUcccCCeeeNtttRReecaTTAEEESSS
ecccEEnnnTTRRRoCCiiiTYY
EECCcEnttRRiiccAAAtttYYY'ss
eeccceennnTTTRics
AAACcchYYYMMoSSuss
eecccccLeSSiiiuuu
eeCCCccLussUaLL
eCCCCLLLoooseeeOssTTTooCC
EEEcccccloSSSiiUSStacc'SSS
ecccCCCllEEESSSuaaassTTOccAL
ECCCCCLLLeesssIIIASTIIIccaaaLLllyyy
OcccccclleSSIIIaStttiiiCCCOOOsMMM
ECCccclleessoAssstticIIISMMMsss
eeCcLLUUSSIIIaaaSttEEcs
icccCLLLeSSSaaaooLLLAAtrry
EccCCClleeeSSUUUOOOLOOgggYYY
OOCCCcccRRUnnniii
UUUCccrrAnnnoLooGyyy
EcccdddyyySeeSS
eeccDYYsOOaaasMM
EccdddyyysssUAAssTTT
ecccDDYYYSSSIAAsssTTSS
ecccDyyySaaSSS
EEECCCIsEEsss
EcccUUSSiisss
uuChhheeLOOONNN
eeCCChhhAllIIIn'S
eecccHHHAAALOOOnnnIINg
ECCHeeeLUNNsss
ACHHHUUUdNNA
AAAChIIDDNNNuuuss
OOccchhaNaaaCCEEEAA
Ecchiiinnneetttiii
eeecHHInudddeRRRMM
UUUchhIINOODDDEERRRmm'sss
aaCChUnnOOOdeeRRRMs
EEEccHEENNNoooIId
EChhiinnUsss
eccHAA
Ecchhho'S
eCCHHOOd
EEcccHHHOOEEErr
UUCHHoEEEss
iCHHHOOGGrAAAM
EchhhIIIc
uuccHUUUooNNG
eeChhhOIIsM
ecHAAAllaliiiaa
IIICCChhoolllIIICIIItttoo
eeChhuuuLOOCCCOTIONN
OOOccHHeeLLLocaaaToooUN'sss
eCChhoopruuuXAAI
eeCChhOOSSS
oooCChhAVVooRuss
EEcHaavvAAArIIISSSOSSS
EEcHtt
eeCCCLLLAAAMMMPPSSaAA
iiccclEEEmmPPPSIIaas
EECLeectttICCC
eecLLLEEEcccttiiCCC'S
iiiccclleCCTTIIcccAAAllLLY
eeeCClllEECTTiiiCooSmmm
IIIClleeCCCtttEEEccciiiSSMMM's
EEECCLLLEEctttiiiCCSSS
eecLLLooopppssEE
eCCCLippSSSeee'SSS
AAcccLLLiiipSSSED
eeCCCLippSSUSS
UUCCCluuupSIInnnGGG
ECClllIIIPPtiCCC
ooccclIPtIIICC'sss
eeeCCLLLAAAGotEEE
iiiCLOOGGiie
eeCClOGOOOooo'sss
ECCleGGuueeeS
eeecLuussiUnn
AAciiCCCooddUUULLL
eeCCCoooccceeDDDaaa
eeeCCUCoooDDEE'ss
eeCooLLOOggEEECC
eCCollliiGGoCCOOOLLL
iicccooloGGiiCCOOLlllyy
EccOLLAAAggAAAsttt
eeColllOgggOssttt'S
eeCCUUULLuuugggiiiSSStsss
eeCCCoooLLLEEEggYY
aCCOOOlooogggy'sss
UCOnnooommEtttricc
eCCCannnOOOMEETRRRuuuCCAAl
uuuCCCoonEEmETTRROOCCCIIIuuuN
eeecccOnnnEEEMiiiTTRRIccIIIIInnS
icoNNNOOOMutttRRooccSSS
EECCuuuNooMMMUUUTTrIIIssTTT
EECCCOOnommIIc
oCooonnOOMEccAALLL
uCOOOnnOOmmmuuuccciiLLLLLy
eeCCCENNOOmIcSS
IIICCCUUUnnOOmmmEEcccSS'S
eeccoNNOOOmAAAiisss
uuuccOOONNOOmmIIISSSmm
AciinnOOOMMMIIStt
EEEcuuuNNNoMMiiSSStt'ss
AACooNNNoooMMistSS
eeeccinnoooMMIIIzaaatAAAeeNN
EcoooNNNOOOmmAzzzo
EEECuuuNNNommIIZZZIIIDD
EEEcccoonnUMMAAZeeerrr
uuuccinOOOMIIIZEERR'ss
eeCCaaaNNiMiiiZZZEERsss
eeceeeNooMiZZZeeess
eeCCCOONNoMUzzzinng
AAcccinnEEmmY
eeeCCCeeNNooMMMyy's
accOOOSPPeeCCeUSSS
oCCCOOOSPPhaaarrre
ECAASSYsttteeeMMM
AAAccisYYssstIIIm'SS
UUUCCuuuSYSSTTTaammmsss
eeeCoTTooonnnEE
EEEcoottOOOUUrrriiiSm
eeccAAAttYYPPPa
EcccPPPHoNNEESSSeees
iiiCPPPhhhoneeeSSUUUSSS
Ecra
oCrrUU'sss
aacccSSSttaaaSeEEs
OOccSSTAAASSSY
eecccsssTASyy'SSS
IIICssttEEttiiiCC
ICCSSTTETTiiicccULLly
UUCCsTTTaTTTOOOccsss
eeecthhyyyMMEE
ecTooBLLosssTTT
EcTObbLLusssttSSS
eeecTOOOdddeRRmm
eeccTTOOODDOORRMMSSS
aCCCtttieeennZZZYYYmeee
iiicccTTIIgUNNIIuuusss
EEECCCTTToommmAARRa
aaaccTTTEMEErphhh
OOOcTTOOmArrrPhhIIICCC
eccctttooommorrpppheeEEsss
eeecTTAAmmmERPPHHHSS
eeeCTToooMMMoooRppphhYYY
eeCCtttOOpErOsssIttEE
eCtuppIIrrrAAAsUUTEES
EEECCCtoopphhYYTTTe
eCTTOOppIIE
EEEccTTToooPIIIccc
ECCtttEEPPPLLLuuusMMM
iiccTooPPlOOOssmmIIICC
eeeccttOPPLLLissMsss
ACttIIsAARRRCCC
iiccctttoTTTHHErMM
ActtUTTThhUUrrmooL
EEECtUUUTThheRRRmmiic
EEECCCTToTTheeerrrMMooOsss
ECttrrOOOPPPIONN
Eccctyyppe
Aci
EECUUUmmeeNiiiccc
AAccceeemmAAAnnniiiCCal
EEEcciiMMMeeeNICCCELLLIIISSmm
OOOcOOmeNUcccALLiiisssmmmSS
oCeemeenuCCCAAALllly
ucccUMMEEnnnooocuuusssm
iCCCummennnAcceSSMMM's
ecUUmEENNecuuuSStt
aaaCCEMMMEENNeecccitYY
ooCUmmAAnnneSSSm
eeCCuuummeeeNNIsssmm'SS
iiccOmmENiSt
ICiiiSSS
UUUccZZEEMaaa
uuccZZZEmmmUU'SS
EEECzzIIMaaTTuuUUsss
eDDD'ss
EEEDDDACCCooooAAsss
EEddOCCCuuuTTIIIaaSSS
iiddaCCCittY
EDDaappphhhuuuCC
ODDdoeD
OOdddDDiieeSS
edDDuu
EEEdddddOOEEESS
EEDDDDYYY
aaaDDDDDDy'SS
eeDDddYIInGG
eeDDDEEEllwEissss
EEEDDeLwaaaiiSsss'ss
eedddOMa
uuDDDuuMMMaaa'SS
EEEDDEMMMees
EEEDDDEEmmmiittAA
EEEDDIIMMATTiUsss
EDEEENNtAATAAA
eeeddOnntttaTTEs
EEEddGE
Edddgggo's
UdgggAAAbOOne
oDDDGGAAdd
uuuDgggulllESSs
aDDGGGeeerrr
eeeDDGGGeerr'SSS
oooddGGGEEErS
eDDgggeSS
EDgggeeWWaaYSS
UUddggguuWWWIIIsssee
eeddgaeeR
EEEddGGGiiEESt
EEEdGGAAlllyyy
eddGGIIINNeeSSsss
ooodddGiiNNNeSSS'S
eedddggIIInGGG
eddgggOONGG'SSS
odddggIngggss
eeedgYY
eddh
eeeDDDIIIBUUULEtttYYY
EdddUBIIIllliiiTYY'S
eedddEbbbLEEE
UDIIbbblEEE'ss
AAdddIIBBlleeennEEsssSSS
EEEDDDeeebLLUUnoSsss'ss
eeDDDeeBlusss
EEEddEcTTT
EEEddAActt'S
eeeDDDIIICTTSSS
UUUddiiifiiiCittAAAOOOnnn
ooDDIIffIIccciitOAAnn'SS
EDOOFFiicccaa
eeeddIfffoooCiii'SSS
EEEdddiiFFiCoS
eeediiiFFIEEddd
aaaDIFeeeeeRRR
aaadIIIfffIIIEER'SSS
aaaDAAAFFooEERRsss
eeeddiiifuEEESS
AADDIIFFYYY
IddOFFFYEEnng
EEDDIIILIII
eeDDoTTT
AADDDiiiTT'SS
EEEDiiTAAbbLLLE
OOODiiitttEEEdd
EEddOOOtIINNGGG
EEddITIon
iiDDDaaTIIEEEnnn'SS
edddUTTiOOOnnnS
aaaDDAATTTorrr
uuDiitoRR's
eDDDIITOOORiiiill
eedddItOOOrUUUuuuLLL'ss
oodiiitOrrialllAssT
eeDDDEEttaaarrrIAAAllluuusssTTTs
oodddiiitORiielllEzzOOOTIaN
iiiddIIITTTerreeLoozEEE
EEDIIItAARiiiEllUUUzeeddd
edittORIeeelIIIzzzIIR
oDIttOOrrIIIaallOOzzaaS
eeeduuTTUURRooAALLLIzzzUng
EEEddIIITUUruuALLllly
OOddiiittoorrIIaLsss
eediiiTTOrss
UDDDEETiiiRRRsHHHoooPP
ediiitttiiirrsshhuPPP'S
ooDDDoTIRRSShhhapS
eddIIIttriiSSSSS
uuudiTTS
eddduuCaaBBBUULLoooTY
eDAAAcccIIIBiiLLLIIIttty'ss
EDDuuuCCCABBLLEE
EddEcAAtttoo
aaDDuuccEEEttedd
eDDDUUUCIITTAAee
eDDucAAAtesss
EdUUCCAAtEEnG
IddiiiCAAToooUUUnn
uuudddIIICCaaatttEOOn's
IIIDuucccaTiiOONNoll
EEdUUUCCCeeTiiiOONALiiissstt
aDDDAAACCCAttteinnAAALLLeeesTSS
oDDiiicaaataooonnnALLLLY
aDDDUcccAATTTEAANNIISt
EEEdddUcAAATTTIIIOOONiSSSTss
eedoooCATIaaNNNs
uuuddUUCCCOOOTIVVVa
AAADDDeCCCAAATOrrr
EDUUCAAAtttoooR'ss
OODDDeeeccciiTaRRRSS
IdOOOCCETTeerryyy
eedduuucccEEE
EDDDuuuceedd
eeeDUcccEESSS
uuDIIICCIIIblle
eeDUcccUnnGG
IIDUcttt
EDDUUUcTTIIOOOnnn
eeeDDUctIIIVEEE
EdddULLcccarrAAtttE
eeddduulllcerAAATTid
aDDDilcceRRiiitEEEss
AAddUUUlCCoooReettOOnGG
eeeDuutttUUUIIInnMMMAAANNTT
uuudddutainnnmmeeeNNNTTT'SSS
eeeeK
eeeulll
EEEeelll'SS
OOOEElllgggrrrAssss
aaaElllGRRRaSSsuuuSS
iiUUUlLLLiiikEE
eeEEELLpeeitt
EelllPaUttsss
AAAEEELLLSSS
eeeuuLLWoRM
EEUULWWWormms
EEEorIIE
eeaarIIIEErr
EEeeREEEeeesstt
EEEERRRiilllyy
EEeRRuuunnneesss
eEEErrrANNEEEssss'S
AAAuRRRyyy
eeffFF
eeeFFABBBlllEEE
aaFFFIIIccE
AAAFFffaaaCCuuIIBBllAA
AffAcceeedd
EEEFFFFFaaaCCCEEmmmuNTT
IIFFFFFacEEMMIINt'sss
oFFFffOOciiiRR
eeeffffAAACeSS
EFFFffAAACUUng
eeFFFucccT
EFFFffEEctt'SS
EEEfFAccctttEEEDDD
IfffFFFiiccctttIInnnGGG
AffucccTTiVVVUUU
IfffFFOCCTIIIvvvelyy
EEffFFFEEECCCtttIIvvvAAANNNeessS
UFFfEEEccctttUUUvOONNNeSSSS'sss
uffeeeCCCTTTOOVaaaTeeeOOsss
efffeCCCtoooVUtYYY
eeefffacccTTORR
EffecTeerrrss
eeffffeeccctS
effffeCCCTTTuuAALLL
efffffECCtttOOaaaLLLIITAAEESSS
EFFFeeeCtttiiaaLLIty
ifffFFFoCCCtttuOOLLLLyy
ifFFFuCCtttEEEOOlllnooSS
EEffffAAACCTTTuuuooLLnniiisssSSeeeSSS
eFFfffeeeccTTTuuuOOOTTo
eefFFFOOctEaattudd
eeFFFFeeCttUUUTeess
oFfEEECCCTTuuuIIItttInnnggg
ooffFECCTTTeeUttIiin
eeeFFFFEEEcTTTUaTTiuns
eeffFFFEd
EfffffeeemmmInnnEEccy
EEFFFaameeNNAACCyyy'SSS
uuuffffffammiiNNNooottE
UFfeeemmmIIInATEllYYY
OOOFFFffImmiinuZEEE
AAAfffffaMIINIIZZeDD
EfffEEmaNNNIIIzeesss
eeefFFFEEEmmIIINNIIZZeenng
EEFFfEENNNDDi
UUUffffffennndddi'S
EEEffFEEENNNdiiS
uuuFffeRRiiiNNt
eeeFFfERRRvveeeSScee
iiiFffiiirvvvIIIScceeddd
efFEERRVVEEsscccUNNcII
uuFFFFFooRVViiiSSSCCCaaaNNcccEEE'S
iiffffeRRvvvuuSScceeeNT
ifFeeRRRveeSSSCCeeeNNNtttly
ooofffFFFAArvvvuuuSCesss
UUFFFFFEErvESSScIIINNggg
EFFFfeeTTTEE
EffffEtteeelYYY
AAAffffEEEttennESSSS
EEEFFfOTTTEEENoooSSSSS'ss
EEEFFFfoocUUUCiiiaaaSSS
EfFFeeeCCOOcccIooUUUssslllYYY
aFFFfficcAAAcUOUSSnneeSSSS
EFFFFIIICCaacIIOOUUUssNNEEESSSSEESS
aaFFFFFICCaaacccyy
UUFFFAAcccACCCyy'SS
uFFFFFIcaaaONNNCCiioooSSS
EEEFFFfffiCIIinCCCyyy
EFFFFICiiEENCyyy'sss
aaFFFFFFaaaCeUUNNT
ifffIIccIIEENNNtllYY
eeeffFFFaaggeeES
efFFFuuugyyy
eeeffFOGy's
EEffffIInnnGGG
EEEffFLLuuARRIIGu
eeeFFFFFFLAAAUUUrAGGEEEs
aaFFFfffLLeeeRRRiSSCCCEEE
EEFFFFFFloooRESScccEEddd
IIIFFFllloREssCCCoonnncccEE
ooofffLLLuureeessCCOOnnCCe'ss
eeFFfffLEEERREEEsssCCOONT
EEEFFFFFFliiirrEEEsceeess
eeefffFFFLaaRResssCCAAANNggg
eeeFffLUUUeenCCEE
effffLLLuuuEENce's
eeeFFFfLuEENNt
aafFFllloooOOONtt's
effffluuuEEEnnTTTss
efffFlUvvvIEE
EEEFFFfflIIIViiiAALL
AAAffffluuuveeUUmmm
eeefffflUUUvoooUUUmmm'ss
eeeFFFffllleeevvIiiMs
oooFfflAAX
eeeFFFLUxiiss
EFffforrrt
AAAfFooorT'sss
UUUFFfffoorrTTfffuLL
AFFFFFFORtloSss
UfffUURttLLLEEsssssLLLYYY
eeFFFfffuuuRRttllleeSSSnnEEssssss
eeffffffOORRRTTLLLeeesssSSSnnnESSS'sss
IIIfffffIrrrtts
iiiffffRRRennttEEEry
OOffFFFRRoonnnTTTuuuRRRyyy'sss
iiiFFfffss
oFFfffUULLGGGEnCCEEE
EFFFEEELGGGuNNcccee'SSS
eFFfffEEEllGGGEENt
eefffFFFuuLLLGGGENNTTTlllYYY
EEEFFfffusse
eeFFFfaaSSeeD
oooFFfUUssses
uuufffAAASSeNNG
iffffEESSiiOOONNN
EEEFfffIIISSSEEEENN'sss
IIfFFFUUUssiiaNss
iiifffFFAAsiiiVVVEE
iifFFFIISSIvvuLLy
UfffFFUsiivvveeeneSSSS
OOFFFFUUsssiivvEEEnneeesSSS'ss
ooofffttt
aaaFTSSS
uuugggAAdd
iiiggiiiDDDSSS
EEEGGGallliiTTTeerrIIaN
eeeggAAlIIItttAARiaaannn'ss
EggIIIlllOOTTTuuuraaaaNNIsMM
OOGGGiLAATTTuRRiiaNUUSSMMM'ss
ugggaaLLiiTTTaaarriiiAns
eegggeeesTTT
uuuGGGEEESSSta
eGGGoossstuuuddd
EEEGGGoosstiiNg
eGGESTTIIION
eeGGGuStSS
eeeggggg
UGggg'ss
EggggggBBIIAATeeRRR
uGGGGGBEEAATTTUURR's
EEEggGGbEaaateeRS
EEEGGGgggCCOPPP
eeGGGGcUPP'SS
eeGggccuuupps
oggGeedd
UUGGGeeR
OOOGgggErrss
eGGGGHHHIIiid
eeeGggHHEEAAD'ss
eGGGgHHiiuuuddsss
eeeGGGGGennng
oooGGGggnuGG
EEEgGGnog'ss
EggPPPLLLiiinnnTT
EEEGGggpplaaannttt'SS
eeeggGGGPPLLAANNTTSSS
eegggGSSS
OGgggShEEELLLLLL
IIggGGSSSHAAAlllLL'S
eegggGsshhheeellls
EEGGGisss
eGGGEEss's
IIIGGGLLAAnnntttiiiNAAA
UUUgggLOOONNTTTANNuuu'ss
OOOGGGLLAAANNtttiinneess
EGGE
UUggAAA's
iigggOOconnnTRRUC
iGOOCCCANNNTTTrrriiiccc'ss
EGGOOCOnnTrIIICAAAlLLLy
EEEGGGoCEEntttRRReeCCIITTYYY
AAgggOOOcccennTTruccIItYYY'S
aaagggoooccAntriccs
OgggOCCCEntrrIIIsM
egggEEEccceNNNTRIISSMMMSSS
AAGooIIISm
eeeGGoESmmm'SS
eeGGGOOOeSTT
eeGEEEeeSSt'SSS
EEGGEEooosssTiiccc
agggiiSTTecccAALLL
OGGGOOOeesstttiiiCCCaLlllY
EggOuussstS
EEEgaalllEsssss
EEEGGGiimeeeNNNIA
oGAAMannUUaa'SSS
eGOOOmIIniaaccc
EGeeeMMMAAAnIIIaaaCC'sss
eeGGooommmiiNNNIIaaaCCCALL
EEEGGOOmmaaNNNiiacccAAALLyy
iigggOOOmmAANUUiicss
EEgguSS
eeegoTTTeeesM
AggUUUTTTooSSSMMM'SSS
UUGoooTTTEEESSTTT
eeeGiiiTIIISSttt's
eeeGOOTTEEESSSToCC
eegggooTTTOOSTTTeeCCCAAl
AAAGGGOtttiiiSTTTaaaCaalllly
EEGOOOTTIssstttSSS
Egotttaazzzu
EEggrEgggIIIEEUUS
eeggrUUGGGIIIouuusssllYY
EEgRReGiiiiUUUSneSSS
EEGRAGOIIIusssNeessSSS'sss
IIIGGGRRREEESS
EEgggrrrEsSSS's
EGGGRessses
eGrAAAssIIIeNNN
agRIISSSIuuuns
EEEgrrrOttt
eeeggrraTTT'SSS
EGriittS
EH
IIaDAAA
eeeIIdddOOORRR
eeidooRRR'S
eoooDDDooRdddOOWWNNN
EEEEddUUrrddOwwNNN's
EEIdddIIRRdooWWWNNs
EIddAAARSS
EEIIIdETiiccc
EEidEEETTTiiCAAAlllLLLY
eeeodoolUUU
aIIdooLoNNN
EEEIIIddoos
EEIIgggEEENNNffunccctttIIoNN
iiGGGeeennVVVaLLLUUEEE
EaaaggaaannnVVAlluAAs
eeeIgghhT
aIghhhttt'S
oiiigghtttbaaLLl
aaaeGHHHTTToiNNN
AAAiGGhhTTEeeeNN'ss
EiGhTTEEnnnMooo
eEEEGGGHHHTTEEAAAnnSSS
eeIGhhtaaEEENNttHH
EEIIgggHHTTTeeeenttthh's
eeeEEEGGGhhTAAAUntttHS
eeeIIIggghhTTfoooLLLd
UUUOOOGGHHHThhh
UiggHHttth'S
iiiAAAggghhTHs
OOIIGhhhTTIIEEsss
EEEIIIgHtIIITTh
AEEEGGhttueeTTThhh'sss
eeiGGGhhTIUUttthhS
eIgghtPINNNCE
OOOIIIGGGhhhtSS
EEaaaggghTTTy
eeOOOGhhhttYY's
OeekkUUnnn
AAAIIINNKuuRnnn
uinnnstAAAiiiNNNAAAemmm
eeIIInssTEaannOOOuuummm'SSS
EiRRanniiiCC
eISeeegeeeSSSeeess
EEEIIIssEgggeeSSIISSS
OOIStUUUdDffOOOd
uIIIsssTTADdFoodSS
OEETThhhuuuRR
eejoooCuuuLLaaatttAA
eeeJJaceelloTTEddd
ejaaccuuulllAAAteeesss
eejjAACCCuuLLAAttteeeNNNgg
UUjIcuLiitttOOOUUn
OjjaaaCCuuuLLOtttOOoooNNN'S
AjAAAccAlllitttIIIOnns
eeejacULLLaaaTTTEER
EEEJJEEEcUULAAAtOOOrrrS
eeejjEcuuuLLaTTTOOORYY
IJJEcccTTT
eeeJJJEEEccTA
aJJUUCtteeedd
ejjEEcccttIIInnnGG
ejjIIIcccTEAAAnnn
EEjjjeeeCCCTiUUUn'SSS
eeejjjeecccttiiinnsss
EjjeeCttteevvo
eJEEcccTMMMENTTT
eeeJJECTTORR
eeejjaaCCtttoorrr'SSS
eeejjooCCCtEEERRS
uJJeeeCtttSS
eeeke
ekkeeDD
EEEkEsss
IIkkkIINNGGG
EELLaabbbAAArAAATOO
olllOOObbOOORRAAttaad
oooLLLUUUBOOROOTeeelYY
iiiLLAAABBooRAtanOOSss
ellooBBireeTTTEENNNeessss'SSS
UlllaaaBooorrATTeeeS
iiiLLLaBBBUUURRaatttINgg
eeLLLAABBeeeRRRATTooooNNN
eeeLLLaBBAArAAtoonnn'SS
EEllaaabboRaaTiiiOONNSS
OOliibORRRoootttEEEVVVEEE
EEELaabbOOrrettOOOrrr
eeelAnnndd
aaaLAAAnnnddd'SSS
iilIINNDDSSS
ELLAppEdd
eeLLLAPiiidddss
AAALaaapppSSSa
eeeLLEppSSaaaddd
EEEllaapSESSS
uulleppSSIINNgg
eeeLaaaSSMMMAABBrOONNNchh
EELASmoooBBBrANCCChhs
EELoosstttaaannnCCEE
EEEllASSSTENNCCCeeeSSS
uuulllISSTTTaaaCCC
AALUUUsttiiic'SSS
ollAAASttIICaLLlyyy
AAlllesssTTuCCOOttteeeddd
AAAllluSSSttACCIIItttiiiuusss
EEllaaaSTiiiCCCiiTTTYY
UUUloossTTTEEciittYYY'SSS
UUULLUUUSSteeeCCIIzE
eLLAASTTTOCCCIIIzzzuuuddd
EEEllluStiiiccuzzIIIS
EElaaassTTTiiCIIzziNgg
aaalOOOsstttEEEccSSS
EliiiSTTiin
eelAASSSTTTiiinss
eeelAAASTimmmAr
ELLaaSStoooMMMeeRs
eeelllatttEEE
ElaattEDD
UUllliiiTeddLLLYYY
EElaaatteedddnnnEEEssss
eeelUTER
ILIIItERRRiiid
alAATTEErrruuudddss
OOOllaaatttooRRRiiiNN
ulAAATEEErrIIITe
iilATTeRRROOuumm
UULLAttaRRSSS
EElooTTeesss
UlllAAAtttingg
elllAAtttaaaUUn
eLLLaTOOOOOn's
eLotIIvvee
elbbbAAAww
eeelbOOOwww'sss
IIlbooWWWeeDD
EEELLboWiiingg
ILbbiwrooiiiM
EELLLBAAAwwwRROOiiim'ss
elbbOWWs
EEELDDD
UUlDDEEr
EEElddaaarr'ss
IIILLLdooRRberrrriiiess
OOllDEErrrbbbERRRRRy
oLddeeeRRBEErRRyy'SS
IIlDoorrrFFllloowwAARR
ellDarrrLYY
IILLddEEErs
EELdeeessst
eeeLddrrITCh
UULLooCCAAMpaNe
EElllecEMMpppanEEEsss
ElleeecccT
EElllaaccctt's
EELOOCCCtAAABBBIIILitttyy
eLLLEctttAblllEE
ulllEECCTEEEd
eeeLLIIcctttiiinG
EEllECtttouuunn
IIllECttiiaaann's
EEllAAcccttAANeeeeRRR
UUlAccctttIIAnnnEEooRREEEdd
EEllEECCTTTIIinoooeeRRRiNNNggg
iiLLooocttiiiOOnnEeeRRS
OOLLUcccTTTIIIooNNNsss
eLLUUUCCttivEEE
ELEEECCCttiiivE'SSS
eLLeecctIIVoSS
OOOllAAAcctttOOrrr
oolllUcccttORR'ss
eeLiiCCCTTToRaaal
eeLLLiCtttORaalLLY
EELoooCtteerrrUUti
EEEllEECCTooorrrAAAtEE'SSS
eeLECCCtiirrAATTEEsss
EElllaaCCCttArrSSS
EEElllEEECCCTTTrrreet
EEELLLEECCttrrAAAC
ELeeeCCCtRRiiiCCall
ooollAACCCTTRRooccAALlyyy
aLLLOOccTrrreeeccIIiNNN
eeeLECTRRREEccIIIAAn'SS
AAALLeeccTTTrEEEccooaNNSS
eelaaCCTTTrIIcoooTTy
OLLLEEECCtttRRRIcccuuutttYY'ss
iilleeCtttRRRIcccSSS
ILLeeecTrUffIIIccAttIIIonn
EELeCCCttrriiffiiiCCCATTTiOnn'SSS
elUUUCCCTTTrrrUFFFEEeddd
oLECtttrrrooFFIIIAR
eeLeCCCTTrrrIIfffIIIERRR'S
ELeCCCttrrrooffooOrrsss
iLLeeeCCTTTRIIFFiiiEEES
elllEEECCCTRRRIIIFYYY
AAllOccTTTRRRIFFFYIINNNGGG
UUlllaactttRUUU
ElEEECCCtttrrroouCCuaSSTTEEECCS
eeellUUCttRUaannUULYSSIIISSS
EElocctROOObbbaallleSSTTTICS
eeellecttrrrOOOBBBEEEAALOgggYY
OOOLEcccTTROOOCCCeeRRRDoUUUGGRRaM
EEleeccTTTRRaaaccuuRdddIIaaaGGRRUM'SS
eLLAAACCCtttrrreeeCCCaaaRRDIIIOggrrrAMMMSSS
iiLLLeeeccTRooCCCeerrrDDDooooogggRuupHHH
OOOLLUUctRRRocArrrDDIIOGGGRRAAppHH'S
OLEEEcttRoCaarrDiiOOGrrEPPPhICC
eeeLuuuccttRRRooCCCardddIIoggRRRApppHHS
eLLLOOOcccTTTRReccArrrdiiiOGRRRAApphhyy
iiLLLooocTTTrrrocarrdIIIOOgRReePHHHYYY'sss
IllEECTTrrrOCCeeeiiTTERRRYYY
EEllEEECttROchheeemmmOCAll
EEELLLOOOCCTTTroocchhhEEEmmOCCCiiiLlyy
elEECttRRRoChhaamiiiSStrIIoooS
elecccTTraaCCCHeeemmmisstttRRYYY
eeeLLAACtttRRRUUUcccORRRtIIccoooggRRRAm
EELLLooocTTTROOOcccIITe
elllEEECCTrUUCCuuuTEED
iiLLLeeccctttrruuuCooTTeSSS
EEElleecctrrrOOOccUTiNNNg
EEEllEcctttRROCeeeTTiuuN
ELEEcccTROOCEEEtiiian'SS
uLEECCCTTTROOOcooottiiIIInnSS
eeLLeeeCtroooddu
ElAccttrrrOOOdddeee'S
EEEllooocctRooDDEposIIITTT
elllICCTTTRRODDDEEES
eelllEEECCCTTTrroDiAlYYSSUUUS
ooLLECCTTTroooddyyynooommaaac
AAALeeecTTTRRROddYnnAmmiCSS
eeLOCtrrOOOddYYNNNammOOmUUtttEERRR
ellUUUCCCTRoooDDYYnAAAmuuummEEETToorrsss
EEELLEEECCCTTTrrrooeeenncccoPPPHHHoLeggRRRaaM
eeeLEEcccTTROOOeenCePPHAlUUgRRRAmm'SS
EEEllooocccTTTRRROOoooNCEEppphhaaaLLAAGGGrammms
EElOctttroooeeNNceeppHHHaallIGRRRUUUpH
eellECCCTRRoouuuNNcccOOOppHAAlllUUUGGRRRaaPH'ss
ILUCTTTRReOOOnCCEPHoooluugrrrOOOPPHHHIIICCC
eeeLLAAAcccTRoooENNCCCeePPPhAAALeeeggRRRoPPPHHHSSS
eleCCtrOOOEENNNCCCeeepppHHHOOOlOOGGGraaaPPhYY
ElleeCTrrriinnccAAApppHHEELOggRROOOphhhy'SS
eeeLecccTTTrruufffOOORRm
eeLLLuCCttRRRooogRRAAAppphh
iilleeCCTTRRRoooGGRRRaPPHHsss
aLLLEECTTTrrrujiT
EllliccctrrrooKKuuuNNNaaatteccc
eeluuccttRoooKKAAAnnOOOTiiiCSSS
oooLLLOCttrrraLLLiiiiiR
EEllIcccTrrrOOlaagggiSST
AALIcccTRRELLLooGGEstt'SSS
IIlleeeCCCTrrollogISSttss
ELLLuuccTrrrooLOmInnneeSCCEEENNCCEE
OOllEccctRRROlIIImAAAnnESSccoonT
ElEECTTRRRoooLLLyyssIIIss
OlllaccctRRuLLLyyyssISS'ss
eeelUUUCCCtttRRRooolYttEEE
eeLeecccttrALYYYTIII'S
eeellEEEcTTTRRRoolllYYtEEEsss
eLLLicccttROOOLLYYYttiiiC
EEllEECCCtRRRoolllyyyToooCCCAAAlLy
eelleCTTRRROOLyyzza
iilleeCCTrrOOlllYZZEddd
alEEECCTTRRROOLLLyzziinnnggg
EEElluuuCTTrAAAMagggnEET
AAALEcttrrOOmmaaGNNiiT'SS
elleCCCtruuMMOOOGnnnEEEtiiiCCC
allAAACCCttrrUUmmmAAAGGGnEEETTaacaalllLLLyyy
ElllIIICCCTTRROOOMMMaGGGNNiiiTUUssMM
EELLoCCCTrOOOmaaagnnAAtEEEssm'SSS
UUUlAAAcTrrOOMMMooGnnneeTTs
ULLECCCtttRRRoomeccHHuuuNIIICaaLLL
ELLeeCCtRRoMECCHHOOONNNACCCss
iiileCtrrrAMItiiilLLLuurGyyy
ElllecccTrrOOOMMeTERR
eeeLLLectRoommmOTTERRS
eleeeCCCTroMAAATTiVVE
IILEcctRRRoMMMOOOtttUUURRR
eeeLUUUCCTTRRREMYOOOGGGRRRAppphhuuuEESSS
eeelleeCCTTrrraaMMMyyuugggRRaphhhy
iLLLUUUcTTrroooNNN
oLLLucTTTrrOOn'ss
UUULLLEEECtRRRooonnnaaRRRcciiSSSiiiSSS
oooLLeCtRRonnEEGGGatteeevvii
eeeLEEECttrOOOnnUUUCCC
EEllIICCTRRRuuunnnOOOCaaaLLLLyyy
IlaaacccttRRuuneecsss
ilecttRRROOnniiCCsss'sss
eeeLeeCTrrrOOOnnSSS
eelliicccTTTrEEEphhhOLLLIIIc
UUULLICttrrrOOOPPPHHOneee
illlEEEccctttrOOOpphhhaaRRReesssisss
eeeLLaccctRRRuupppHHIrrreesIISSS
AllluuCtrrrIPPhIIIrrrEETIIIcc
aaLECtttRooPPPHOOOrriii
EEllEEEcctttRRROPPheRuS
EEEllEEcTTRROOPPPhhattoGRRRePPPhYYY
eeeLLoooCCtRAAppphYYYSiielAgyy
EEELLLEEECCtripLLEtttiii
EElAAACTTTRROOpLLLAATTTaaaD
ELAAAccctttRRRooPLaTTEEES
AAALeeCTRRoPlllaaattiinnnGGG
IIIleeeCTrrroPOSSIttiiVVuu
EEELLEECCCTrrrOOOsssCCoPeee
EEEllEECCttROsccOPPaaa'SSS
ElllAActrooossccOPoooSS
ELLLIIcTTROSSScOpppiiC
eeLEEccTTRRoSHHHocKKK
aaLeeecccTrroShhAcckkk'SSS
eellicTTTRROOOssTTaaaTTTiiiCC
eeeLoooCCCtttRRROSSSTAATIIcuuullLLLyyy
eeeLLeeCCTrrOOOsssTTTaTTTIICCCSS
eeLLeeeCCCttriiiSSSTTAAtocS'sss
IliictRooossstrrruuucTiEEN
eeeleCCCtRoooSSuuuRRgeRYY
ELLLooCCCttROOOtttecccHHnnniCss
EELLLAcccTTRRROtttOchnnniLoGyyy
OOLLeCCCtttroTHHHeeerrrAPeeuuTTTuCS
eeellleectrOtHHHERRaappyy
ALLLaaCCCTTrreeetHerrmAAAll
ELEEccttroooThheeeRmEEEccSS
ElecccTrrrOtIIINUUUsss
eLeccctttrrETTTYYYppe
EEELECCCTTRIItYYYPPPEEE's
EELLLeeeCCTRRREEEtyyPPPaarr
IILLEcctrroTTYPooos
eeeLOOCCTTTrrrooTTYYYPPPeccc
iliicccTTrrrImm
ElllIIcccttrEmSS
eeellleeectSS
EELLuuucccTTTUUeeeRRyy
ALLEEEeeeMMIsYYNaaarYY
EEELLLiiGGGUUNCAAA
OLLLEgannncccO'ss
eeeLEEGAnnCCyy
eelleeeGAAAnnt
iiilaGANNNtLLYYY
EEELLUUgIIOCCC
elllEEEgIIIaCCC's
oollEEEgggaaCAAALLL
eLLLoggguuuaaCCCAAllllllY
aaLEEGGoooeCCsss
EELEEEggIIesss
eLLAAAGGGISSStt
ELeeeGGGISSSTss
ILLiGGGiiittt
elllEEGGuuzzzEE
IIIlIIgaZeDDD
EElluggiiiZZZeeesss
AllEEEGiizzziinnnggg
EELLIGGyy
eeelAGGGyyy'SS
AAAleeMEENtt
iiLLLammuNNNttt's
uLLEMMMeeNNNTooL
EEELLeMMEENtaLllY
EEElOOmmuuNNNtttAARiiilllyyy
uloMMMEENtirrriNNeeesssSS
AALLoMMMEEENNTTTAAArrYY
OOOLLemmEEnTTss
olllAmmmaa
ulEMMMIS
EELaaNCCCHHus
olUooppTTUUnnii
eeelEppHHiiinntt
iLEEEPPPHHAnntt's
aaaLEEPPhINNNtttIIIIsEsss
eeelEEPPPHHHaantttAAAASSiiiss
elOOpphhOOnnTTiiEESiiiS'SSS
EElEEPHHOOONNTTINNEE
IIIlleppphhOOOnnnTTs
illluuuvatEE
eeLLLiiiVVVaTTTEEEDD
eeLLLEvvvotEESSS
aaLLLEEEVVoTiiiNNNgg
OOOLLLEVOTTTIIoNN
eeLOOOvvvuuutttuuuAAnn'SSS
EEELLLEvvATEEONNs
eeeLLLEEvvvOtttor
eeelleeVVVAAATTTUUrr's
elllEEVVaaTTTIIIRSS
ELevvven
aaaLLLooVeenn's
EllEVVeennnss
illEVVIIInnnSSUUSS
uulleeevvveeeNNTTTH
EELLLeeVEEENNTHHH'SS
eLLLeVOOONNttHS
ollUUUvuuunn
UUlllFF
IIlllF'SSS
eLfffAAN
ElllFFEESSShh
eeeLLLffLLOONNNdd
eLLfffLLuuucccKK
iiiLLIIICutt
OLaacEETTAAATTTUUUOOnn
OlliiCCCEETaTTAAAooN'S
aaalUUUccitttUddd
eeLLIIcccIIItIIINNNg
EEElIIcccItEEER
aLLLAAAcccATTSSS
EELLLiidEEE
uliiDDDEDDD
eellliDDDEss
iLLLEEDDIINGGG
elliiGAAABBBullUTTTy
oollIIGIIIbbIILLIttyy'S
eeellIgggIIbbLLLeee
ULLLiigUUBBBllYY
eellImmiiiNItttEE
eLLLOOMMIIInnnAtttOOddd
AllIImiiinnnOOTaaSS
elllIIImiNNAAAtttIINNg
uulllIMINNNAtttUaannn
eeluummeeNiiitttUOOONN'SSS
uuuliimmmiiiNaatttiAnS
oLUUMMMeennnIIttIvvee
ElliiMuuuNNiitttUUrrr
EElllIIImIIINNAtuuurrss
EEElummmIIInAATTTiiiRYYY
oooLLLeSSSiiioooNNN
eeellisIOOOnnn'SS
iiLLLIIISSSUUOOnnns
eeelllitteee
AALLuuTTTee'S
oLLETESS
eeellIIITOOSSSMMM
iilllIITTiismmm'SSS
aaalIIITTToosssttt
EllOttIIISSTTT'sss
ELLLIIITTiiSSSTTTs
eeelllOOxxxiiRRR
AAALLLuuuXiRR'ss
EELIIXXXAAArss
AAALLK
EELk'SS
IIILLkkhEuuunD
AAlkkhhhOOoNNNDDDSS
eeeLKss
ellL
eLl'SS
AAlLLipsEE
eeLLLLLiiipSEE's
AALLLLLaaaPPsEs
IlLLLipsIIIsss
ULLLLIIIpppSSSIIISSS'S
eelllLiPsoAAAdd
eeLLllIIPSSEEEAAADD's
EllliiipSSooiiDDDaal
EEElLLLIIIpSSSOOIIDDDs
eelllllIIpTTTiiiC
AAAlLLLiiPPTTTiiiCCCeell
AAlLLUpppTTTIcAAAlllYY
EEElllloopTTICCiiiTIIeesss
eeellLLIIIPPPttUUUCitttYYY
EElllLS
IIILLMMM
Ilmmm'SS
EllMSSS
iiilliCCaaatttUOOOnnn
eeLLLOOccuttoOOONN'sss
eLIIcaTTTiiiOnnneeRRRY
elllooCCCeetttiuuuNNNiistt
EELLeeecccUTTIIooNNNessTTT'S
ooollocccUUUttiiinnniiSSttts
ALLODDEEEaaa
EEEllluuuDDDEaa'SS
EELLaDDEEEAsss
IILLLOiiiggnn
AlIINNNgiiTE
UUUlllonnnGGGaTOOD
IIIluuunnngattees
ellOOONNNgAAtteeNNNggg
UUULUngggaaatiOOn
UUllUUUnngggoooTiiioNN'SSS
EElllinnngggaTTTiioonsss
eLLopiii
ulllUUPPeddd
IIllAPPEMMMeeenttt
EllloppoMMMONNNT'SS
EElloooPPEEEmmmAnttts
eelllAAAPPooor
EEElOpEEEss
eeLLLooPooongg
AAAlOOOQuuennncccEE
EEllloooQUUAAAnCE'sss
eelluuquEEnTT
eeLLLIIIQQUUUEEENTTTllYY
oLLLSSS
eeeLLLsso
IIIllsssUUWWHHHeeerrrE
iillliCCOOdddIIITTTEE
elllIICIIddduTTTEEEddd
EEELLOOCOOOdddaattaS
alllAAACidATTTIInnnG
iiLLLuCCCIIDAATioonnn
EEllluuucccidaTAAAUn'ss
ellluCiDAAttiiiooonnnSSS
uuLLLUCCCuuudddAAAttAAAvvEE
IIllUUcccidddattIIIRRR
aaLUUUCIIIdatOOrrrYY
uulluudddAA
ELiDDEDDD
eeeLAAAdddErr
ElllUUUDEEEs
EEEluudddInnnGGG
uuLuuuSEun
eelaasiiOOONNSS
UULLoSSUvII
eeLuusssaaavvviiillyy
EEllUUUsssAAVVeeNNNUSSSsss
eeeLLUUUSSooVeennnESsss'ss
uuuLLLeeesaaarrY
ElUUUTTuu
ellluTTIDDD
elllooTESS
iiilliiitiiNNNG
olEEETTTueeennn
EEElllIttiiiiiinnnsss
EELLLIITTTRiiiAAAtteee
EELLuuuvvvuuuaaTIIOOnnn
eelUVVium
eeelllVVVeeerr
EEllVVVuuuR'ss
uLLLVeeeRRRSS
uuuLLVVViiss
EllVVViiissHHH
EELLLYttRROOOnnn
eeelYttrroooNNSSS
imm
eeM'sss
uuMMMoocIuutteee
iimacccaaaTTeeeDD
EEEmmmUUUcciiOOtIIIs
eeeMMMUUCIIatttunnng
eemAAACiiAAATOOOOONN
eeemmIIIcccIIIEtttiiiiiN's
EEEmmmaaaiil
ummmaIIIl's
AAMMAAAALLLood
uuMMMIIooLLLUNNNg
eMaiilllss
AMiiLoNNNgEEnnnUU
EEmeennaaatteee
uummmInUUTeed
imAnnneeteeess
eeemmmUNNattaaaNNgg
EMMMONAtIIOOnn
EEEMEENaatOOOEEnn'S
UUUMMMUUnnUTTTiionnns
EEEMMaaaNNNAttIIIVeee
EmaNaaTOOOrr
EEEmmmOONNNcccuuuPPutuu
EmiiinncciipOOOTTEEEdd
EMMoNciiippaaatttAAASS
EEmmmAAAncIIIpppAAtINGG
iMMOONNNCIpaaaTTTeeUUnnn
aaMEEENCCaPAATEEEEEEn'sss
EEEmiiNNCCCIPPIttteerr
eeMMMannCAAAPPOtIIIrrr'sss
EEEMMMannccuuupaattaaaRRRs
EMMMaaNceeePPEtttiirry
ImaarrGGGiinittee
OmOOOScilllEttte
OOOmmmaasCCCOOLAAAtEdd
eeeMaaaSccUUULLLAAAToSS
UUUmAssscciiLLAATTiiNGG
emmmiiSCCCuuLAtIIOOOn
emmUSScccUUUlllaattooooon'S
aammmaascooLLIIItiVVOO
iimmaSSScALLAtIIIR
EMMMaaasCCoLLAATTooRRRyyy
eeemmmBulmmm
OOMMMbOOLmiid
IImbbiiilMMIR
eMbbbuLLmmmAr'SS
EEEmbbaLmmOOOrrrss
uuummBaaLLLMMiiNggg
embEElmmMUUNNNT
eMbiLLMMMeeeNNTsss
eeMbIIIlllMMMs
EEEmmmBAAAnKK
EEmBBBuuNkkkeDDD
eemmmbbbIINKiiNggg
AAMMMBOONKMMeeenttt
umbbboooNkkkmmmAAnnnTTT'S
AAAmBBUUNNNKKKmoNttSS
EMMMbbbaNkkkS
uuumbiiiRCCCuuDEERo
eemmmBAAArGUUU
eeeMMMBerGoo'SSS
emBBBARGGGAAAeeeDDD
UUmBBArrrGGooEEEs
eeemmbbaarrGiiionG
EmmbUURK
iiimBoorrrKKAAAtttiiiOOON
EEEmmmbbuuurrrkaatttAAAON'ss
EEEMMbbErrrKKKOOTTIIIooNNNSS
UUmBBooRRRkkkeDD
eeMMMBeRRkkkIIInnngg
eeMbbaaaRRRKKKMMeeeNNNTTT
eeemmmbbeeerKMMMEEEnnTS
eemmBBBaarrrKSS
uummmBBEErraSs
ooommbbAARRRROOSSSSodd
eembbbAAArrrooosssSSSoooS
EEEMMboorrooSSSSuunnnG
UUmmmbARreeeSSIIINGlly
emBBoRRRRRaasssMMunnntt
ooMMbeRRRRRRasSSSmmmIInt'ss
IIIMBBOORRRAAAsssSSmmmeeNtttSS
emmbbbaassSSIIEEESS
aammmBBaaSSSssy
eMMBaaaSSSYY'SS
ooommbAAttttLEE
eMMbbbaaaTTtttLAd
emmmBBAy
EmbAAYYmmaNNNT
eMMMBBEEDD
EMbbOOOdddddiiiddd
emmmbeddDIIInnG
EEEMBBedddInnnGGGS
EEMMbIddMMMEEEnnnTTT
EMMbbeeds
immBiiiLLLLLLooSShh
EEMMbeeeLLLLeeeSSHeeeDDD
AAMMbbbeeelLLLiiSShheerr
IMMBBEElliiisHeS
eemmmBBBELLLisHHInngg
OOOMMBBelLIIIssHHmuuNNNttt
EEMMbIILLLlIIISHmmontt'S
EMMBBEllLISSHHMMMuNNNTSSS
EmmmbbiiiRRR
EEEmmmbURRR'SSS
IMMMBBBiiRRs
EmmmbbEzzLLo
emmmBBBEzZZLLaaaddd
UmmBBBeezzzzzLLLeeeMMMEEEnttt
eeemBBEEZZZzzLEMeeennTTT'SSS
EEMMBBBOOZZZZLLer
eMMMBeeZzllEEEr'sss
embbuuuZZZzzzLEERRSSS
EEEMbezzzLuuuss
eeMBeeeZZZZZLONNggg
EMbbbeeetTTOOORRR
eeMBBBiTTTTEEErrrEddd
OMMBBEEETTeeerooongg
EMMBEETTTTTIRRmUUUnnTT
eemmBBUUUTtEEERMMMeNNttt'SS
EEMbbiittIIrrrs
OOmmmbblaazzEEE
embLiiiZZOONN
EMMMbbllAAAzeennAAAd
OmmBlllUUZAAnErrr
eMMMBBLaazONNNIInnGG
EEEmmblllUUZINMMMEEEnntt
UmmBBlllazzeNNMMMeennnT'SS
emBBLLLaazzonnnrrYYY
eeeMMbbblAAzuNNS
OOmmBBllEEMMM
aMbbbLLEEm'SSS
EEMMbbbLAAAMaaataaCCC
EEmBBLLaMIITaCEEElll
eeMBBBlUmmaaaTTTiicccUUllLLYY
OMMMBBBlleeeMMMAAtttIIZZEE
eMblleemmuNNNtSSS
EEEMBBBlllaaMMMS
AAAmbbIDIIEDDD
UmbbbOOOdddUUUeeS
IIIMMBBBuuuDDiiMMMent
eeeMBADDAAMMeeNNNtt'sss
EEMBidddimmmeeeNtS
eMMbbiidYY
EMMMbOOdddYYYING
uMbbbOOOlllddeeennn
EEmmbbooLLLDuNNeeeddd
iimBOlDDIniiNNNggg
AAAmBBBOOLLdddeeeNNSS
eeeMMBBBooolEEECTTTooomiEEss
EEEMMBoLEEcctAAmmmy
eeemBooLLLiii
EEEmmbolloooccc
uuuMMMbbbooLaasmmm
eeeMMMbuuulissmmm'sss
UmbaLLLiSmmS
ooommbbooluuuSSS
aaaMMbbbAAlOOSEESS
IImmmbOOlYYY
eeeMMMbaNPPPooIINNtt
eMMMBBonnPUUiiiNNNTs
EEmBUUUsaaaMM
UmmmBBBAsS
uuumBBIIssssed
iiiMMMbbOsSSSEERRR
EEEMBBOOOSSSSSeRR'SS
EEmbboooSSssOORRsss
EEmmmBBBoooSSSSSeeesss
EEEMMboooSssIIIng
EEEmBBBIIIssssmmeeennntt
OOOMMBOOssssssMMMEENNTTs
iiimBBBeeeeeeCCHUUrrrEEE
aaammBBoooIIccHHOrriii'SS
AAMMMBBUwww
EmmmBBBoWeed
aaammbbIIwEEL
omBBeewwweeer
EmBBoWEEErreddd
eeeMMBBooowwEERRRiiinggg
eMMMbbUUwwuuuRRs
EEMMbbrrAACCCEE
ooMMbRRRiiCuuu'ss
eeeMMbrICCCeeaBBBLeee
UUUMBBBrraaaCeedd
EEEMMMBBBRRRACCEEEMEEnnnTTT
eMMMbbbrIIIccaaaoorr
EmmbbbrraaCCCery
oMMMBBBRRRAAAccuuuss
eeMMMbrOccINNGGG
EEEMMBBBreeNNccchmmmAAANNNT
EmBBBRRROOOnngglllee
EmmBBruunnGGlllOddd
eeemmBBBRooNGGGLosss
AAmBBBRuuunGGllluuunng
EmmBBraasOOrrruuu
IMMbbbRRASSURee'sss
EEmmmBrrASSuuurrreddd
OOOmmmBrAAssuROOOsss
emmmbbrrAAACEtttEEE
AmBrrruucIItttuuOn
ooMMMBBBraaCCCAAAtttuuuOnnn'SSS
EEEmbRRoCaaatttIIIoonnns
eMMbbRRRUUUeeDeRRR
uuumBBRoooOOdddeeerreeeDD
iimmBRAUUDDDooReeRRR
EEEmBBROOIIIdOOOrrirrr'sss
eemBBBRUUUDDDurroors
EmmbrrrooiiiddEEERRRUsS
IImmmbbRRRoOdddEERRRiiiOOOss
AAmmmBBROOOiiidddIIIRRRiNggg
EMbbrrrOOOIIdddooorrss
uuuMBRRIUUUddeeery
eeemmmbRRAAiddderrrYYY'S
IIIMMbbbrrroooolll
eemBBBRRuuuIIILEEEDD
EEMBBBRREEIIllAAAnnggg
iiMBBRRRoooUlllMMMEnt
IIImBBROiiLLLMMEENNTT'S
IIIMMBRRuILLLSS
eemmbbRRUUUiii
EmmmbbRYECCCtttOOOmmmYYY
EMMMbrrrYooo
AAmmBBRYYOOO'SSS
OMbbbRyyyUUGGGOOONYYY
AAAMMMBBBrYoooLLOGGGeeeC
aaaMMMbbbrrrYOOLoggeeecal
uummmBrrYoolliiggISSST
EMMbRRRYYYIlloGGGIIISttt'SS
EEMbRYiiilEEggUUSSSTss
eMbbbRRRYeeLLogyy
UUmmbRRRyoooLLogY'sss
eeembbbrrYYYOOONNaaaLL
EEEmmbRyiiinnIICCC
aammmbbbRRyyOOOnaCColllLLLyy
EMMbbrryyyAss
aaammmbbryyooTTTOOOmmmYYY
EMMBuss
eeeMMMCIIIE
aammmcccOii'S
EEEmmmcuuIIId
eeeMMCCCeeeAAInnGG
EEEmmcceeeEESSS
eemeeeNNddd
uuuMMeenddaaBBBLLI
EEmmeeenddiiTuu
aaaMMMEENNNDDOOTTiiiOON
aammmENNddAAATTTEon'SS
uuuMMMEEEnnnDDDETeUUns
oooMInnnDaaDD
EmmEEENNNdddeR
AAMMMeeennDDDinnnG
eeMMEENNDDDss
UmmmiRRRiild
EEmEraaalldd'ss
EEmmEEERRRaaallDDDSSS
uMEEErgEEE
imeeRGGEddd
eeemeeRGGGeNNccI
AAAmmmIrgggiiiNNNcooo'ss
aaammEEErrrgeNCCCiiaSSS
iMMMooRRRGGeeeNNNCCCYYY
AAMEERRGGONNNCCy'SS
eeeMAARRRGGGEEEntt
IIMerGEss
UUmmErGGGuuNNNgg
ooommeeerrriiTTaaa
EEmmmuuuRRETeeSS
eemmmEERRSSaaaD
EEEmmERssiiiINN
EEmeeeRRsoONNSS
EEmmmIIIrrYYY
UmeeRRYY'SS
eeeMuuusAAss
EMEttuCC
OmmmEETTiiccc'SS
eemmEETTAAAccsss
oooMMMEEttIInni
UUUmmmFFSSS
eMMOgggrrraaNNNttt
ommmIIGrooont'ss
EEmmiiigggrraaaNTTss
eMMMIGrroootttEE
EEEmmigRRRAATTEEEd
uuMMAgggrraaaTIIIss
OmeegggrrrUUUTTTIInG
EEEmeeGGGrraattaaeeeN
EEMMMiiGGGRRRAATTaaaIInnn'sss
EEEmmmIgrUUUTIIIeennnss
ImmIniiNCCeee
ammiNNNuuuNcuu'SSS
eeMMiNNOOOncEs
emmmeeenneeennnttt
EmmmInnnUNNNTTlllYYY
eemmmirrr
eemiirrr'SSS
oommmIIIROTTTEEE
EEMMUUUrAttee'S
aaMMeeeRRATAAAS
ooMaarrS
UUUMMMAsSSeRiIIIS
EEEMMMeeessAAArrrY
eemmmiissSSaaRyyy'S
EEEmmmIsssSSSIIuun
iMMuuSSSSIIon's
oomuusssSSOEEEnnnSS
EEMMIsssEvee
uuummmissiiivuuuTTAAAEEESSS
EEMMMIIISSsssiVItYYY
EEMIIttt
OOOMItSSS
ommOTttAAAddd
EMOtTEEEr
EEEmiiTTTTeer's
eeemmmiiTTTTEEERsss
eeeMMiiiTtIIng
IImmeeeNUGGoguo
eeMMMmmmErr
EEMMMeerrrss
ooMMmmmeet
UUmmmMMeTrrraaPaaaaaa
EEMMMMUUUTsss
eeeMMMooLLLLLaaaeeNNCEE
EEEMMoLLLiEEEnnnt
AAAmmmuuulllllAAAeenTT'ss
uummOOLLLLiiooontttss
EEMMOOLUmmannttt
EEEMMMooLLLUmmEEEnnnT'SSS
UMOOLEEmaaNttts
emoootOOO
EEMeetttEDDD
UMMMOTar
ooMMMeeetttooSSS
UUmmmUUUTTeeccOOnn
ooommotttICCaan'SS
EMMOOtuucoNSSS
IMOOTTTeeeNNNggg
ammooTTTiONNN
OmmeetIIIonn'SS
EEmaaattIIIEENNNOOOlll
EEEmmmOOTTTIooNNNAAALLiiiSmm
AmiiTEEEAAnnnaaLLooSSSMMM's
emmmuTeeeUnnnIIIlllItttIEESS
eeemmmoottiOnnnaaalllIITTTyy
AAAMMMoootIIIooNellleeezEE
EMAAAtttoooONAllooZZeDDD
uuuMOOOTOOoNNNaalllIIIzAASS
uuummOOOtttIIIonnooolliiiZZAnggg
oomOOTIOOONNaaallllYYY
eeMMMittiiAAANNNluuuSSss
iiimmaatttEEEooNs
eMMMoTTOOOVVE
ooomooTTIIvoooLLy
UMIIttUVVaaaNNesssSS
EEMMMUUTTTUUVVuuuTTyyy
eeemmmPPaaLLLoo
OMMMpppaaalllEd
iimppaaaLIIsss
eeemmmPPOOlllEENNNG
eeMMMPaaNNoooDaa
EEEmPPPiiiNNil
EMppaaanEEleddd
emmPPPoooNNOOOLLLiNNNGGG
EEEmmmPennnIlllmuuNTTT
UmmpppaaNEEELLs
iiiMMMPPIITTHHHeettAc
AAAmmppuutthiiiTTaacccillLyy
eeemmmpppIIttHHHiiiCC
emmmpathicccALLLLLyyy
EEMMpoooTTTHHHAAAZZeee
EMMPPiitHHaaaZZZiiD
UUmmpppUUtthhhEEZZEEESS
IIImpAAATTHHiiiZZIIInGG
OOmmmPPPIIItttHHHy
aaMPUttthhhYYY's
aampppeeeNNNnnaaagEE
uumppeeeNNNNAAggiiS
eeMMPPErrarr
eeeMMpaaRRoR'sss
EEEmmmppIrrrooRsss
AAAmmppERYYY
IImmPPhaaSSeeS
eemmmPHHOOsiiiSS
OOMMMPPPhhhUSes'S
AAmppphhhosAzzu
eeemPPHAAAsiiiZZuud
AAmpppHHassOZEEESSS
EEEMMMPPPHHHaaasssIIZaaaNNGG
AAmmmPhhhaatooCC
eeMMMPhhhETaCCaLLLLLy
EEEMMpphhhyyysssiimmma
EEMppHYseMMaa'sss
EEMMMppphhhyySSSEEEmmmIICC
iiiMMMppeeerIII
eMMMppEERooo'S
aMMMpporOOOsss
eeemmppIrrraaC
EEmPPPERRiiiccAAll
EEEmmPPPeerrIIICCEllllYY
emPPPIRRRIIIccIIIsssm
iiMMPPPiiiRiCCCiiissMMM'S
EEEMMpppiRRRiiccesssT
EEEMMMppIIIrrIICCCIIssTTT'SSS
eeeMMMPooorIIIcccIIsssttS
umPPPLLAAACCCE
EEEmmPPPllAAACEEEMennnTTT
OMMpppLaCCEEEMeeeNTT'ss
iiimmPPlllUUUcEMMMeeNNttSSS
EEEMMMpppllAAnUUU
EEmmppLuneeDD
EEEmPPPlllANes
emPPPLLINNNIIIng
EEEmploooYYY
OmmmplllOyy'SSS
AmmpppLLLOOOYaaBIILIIty
aammmPleYYiiiBBBLLeee
immmppLLUUUYe
EmmmpLLeeeYYYEEE'SS
eMPlllOyyEEd
EmmmPPloooyyyEEEee
EEMMMpploooyoEEE's
oooMploooYauS
emmmPlOOyAAARR
EEEmmPPPllooYIrrr'sss
IIIMMppplOOOyyoooRRRSSS
eemplllOOyyAS
eMMMplllOYYIIINNNG
emmmPPLLiyyMEnnttt
uuuMMPPPlooYYMEEnnt'S
eeemppplloooyyymmAANNTTSS
EmmPPLaaYYSSS
UUUMMMPPoooiiSSSooNN
UMPaaRRiiiUU
EEmppuRRRiUUMM
iiimmPPiriEEmmm's
EEMPPoorraEmss
iiMMpiivvvoorrEEssH
eemmmPuwerr
eeMppOOOWWEEErEEEDD
emPPOOOWWWERIIINNg
uummPPaaWWIrrMMonnnT
iiMMMPPOOOWWaaarmennntt's
emmPPOOwIIrS
eeeMPPrrreessss
EEEMPPPRReSSSsss'SS
uMMprreessseeemooonnnT
EEmmpppruusSEEEsss
uumPRiissEEE
emmPTaedd
EEmmmppptttIEErrr
eeMMPPttuuuEEsss
UUmmpTiUUUSSSt
emmPPPTIIIlly
OOMMMpTTIIInnEEESSsss
EEEMMppttiiiNOSSS's
EMPPPTTorr
iiiMMMPPPtttYY
eemPttty'SS
uummPPPtttYIIINNNGGG
uuumppUUURPPllE
EEEmmmpuuRRRPPLLEEd
eemmPPPorpliiSSS
EEMMPPPUUUrrPPLUUnnngg
IIIMMPPPYYeeeMMMA
UUMpppyrrrEIIILL
eeMpppYYYrrEEEN
eeemmpyrrOOAAnnn'S
aammmSSS
iiMMi
AMEEE'SSS
EEMMuuLLLAAttEEE
EmmullaaaTTTEEDDD
ImmuuullleeeTTEEESS
EMMiiilAAAtiiNggg
eeMMMUULLiTTTIEENN
uMAlluuTUUUOOnn'SS
EmmAAAlllatteeuuNNNs
eeeMUULAAtttiiiVVVee
eemmIIlleeTTOOOrr
uuMuuuLLLAAttuur'SSS
ooommuuLLLIITTooorrrsss
eMaaaLLooUsss
EEEMMMeelSAFFACCCaaatEEUUUnnn
eeemmUULLsofeeeCCCAtttuuuoNN'S
emmmUUULSuuuFFFoEEEddd
UUUmmIlSSSafuuuEEERR
emullSIIIfffOOOoooRR'sss
eeemmAALLsoFiEErSSS
EmmmOOOLLSSSaffiiieeSSS
eeemmmullSSAAAfyy
EEEmmooLLLsiiifYYINNGG
EEEmOOLLSIIOOnnn
AAMeeeLLLssIIIEnnn'SSS
EEEmmEEELSSSIIOONSSS
AmUllSeeVII
OMMuuLLLSoooeeeDDD
EMMMuuuNCCteerrryy
ooommos
EEnnn
ENNN'SSS
eeNNNAbbbllEEE
OOONNNAbloood
ennEEBBBlllIR
EnAbbLLLiiiRRR'SSS
aNNNIBBBlllooRRRsss
eeNNNAAABBBLLLUSS
ennooobbbLLLENg
ennAAAcTT
uuunnnAAcccTTIDD
uuNAAACtttinnG
eeeNOccctttMEEENNttt
ENNAACCCtttmmmonnnTTT'sss
INNOOcctttmeenntts
EnAAAcTTOOOR
eeeNooCCTss
eeNUUlllIIIGGGEEE
EEENEEmmmoLL
eeennnooommmEL'S
eeennnoommmeeLLLEDD
iNAAAMMEEllurrr
EEnaaMMElOOOr'SS
enIIImmmEEllEErrS
EnuuumEEELiNNNg
OOOnnaaaMMELLLIINgs
oNNNiiimmmeLLlEEDDD
eeeNNNAmmUUUlllLLErrr
oNNNaaaMMEEELLLleeR'sss
eeeNUUUmmmoLLLLLoorrS
oooNNNAAAmmEEELllinngg
aanamUUllss
eeenaaammeelllWWArrrO
OOnnemmeeLLwwAAARRREE'SS
UUUNNNOOmmoRR
uuuNiMMMaaaRUddd
AAANaaMMMoRRROONNNggg
AAnnAAMMOORRRSS
uuuNNNuuunnnttiAmmmARpHHH
eenaaNNNttaaaoMMMeeeRPPPhhhSSS
eeNIIIRtttHHHRRooSSSEEss
eeeNNNuurtthhrreesssUss
eNNNAAAttEEE
EEENNNaaaTTIIISSS
EEnCAAAEEEnoooaaa
aaanCoooggEE
EEnncAAAMPP
eenCCCAMMMPPPooDDD
eNcccEEmmmPINNNGG
eennCCCOmmmPPmmmeeNNt
InCCAAMMPPPMAnnTTT'S
EnCCCuummmPPmiiiNNTTsss
iiiNNcaaampppS
eeNNccapssaaalliiiTTiii
iinCupppSSSAAAlAAtuuuDD
OOnnCCAAAPSUlaTTTOOs
EnnccAAppsssEElllOOTTTaNNgg
uuNccEPsuuuLLaatttaaON
ENNCCCaaaPPSuuLLLATTiiiUUUnn'SS
EEENcAPPsUUULuuuTTTIuuunnnSS
uuNNccAARRRNNNAAALLLizzzEEE
eeennnCCCOsee
OOnnCCCaaassseeeD
EEnnnCaasUMUnnnT
EEENCCASSimmennTT'SSS
eenCCaasssuuus
AAnnnCeSSAAnnggg
ENcceUUUSSStttiCCC
aaNNNccaaUSSStttUUccss
INCCuuuonnnTu
ENccciiiPPPHELA
eeNNNcccEEppHHHEllicc
eeNccEppphAAlItIICCC
EEEnnncccooophaaLuuutttoooS
UUUnncccIPPHHHaleetIss'ss
ennnCCCIIppHHHaaLLLugggRRRam
eeeNNccEEpphhaaaLLEEEggRRRaaMs
EnncepphalllaaagRRUPPHHH
eeNNNCCePHullAAAggrrrAAPHYYY
EnnccUUPPHHHuullooMMMu
AAAnnCAAPPPhhhOOOlOmmmYEEELLLaaaTTTIIss
aaNcccAApphAALoNNN
eNCooopppHoolOnnnsss
EnnCCCEEpHHHaaloppeetthhY
oonnnCeppHHAlOoooss
eNNNCCHHHaaaaan
enChhhaeNNEEDDD
uNNNchhoooINNiinng
uNNcccHHAAAOONNNMMMIINNt
EEnnncchhoooIIInnSSS
annccchhAnnTTT
EEnccchuNTOOOdd
EEncchhhAAAnttteeeddllyy
ennnChaaanTeerrr
ennnccchuuunnttAArr'sss
onnnChhuuunnTuuuRSS
uuNccchAAAnTTIING
AAANNNCCHHaNtttiNNNGGLLYY
ennnchAnnntttmeeennttt
uuunnnCCChhhaaNNNtttmmmIIINT'sss
UUUnnnchhhuuuNNNttmmeennnTTTss
EEENccchhUUUNNTRREEss
oonnChhhEEEnTTrrESss'sss
ENNNcccHHHUnttrEsSuuuS
eeeNchAAnTS
eeeNccHAAAsaaa
EENCCChIILLOOODa
EEEncHHilllaaaddII'sss
ennccchiiLLiiiddES
uuunCCHHOOrrIDDDeeeooonnn
aaaNNNCCCHiiiRRAAAddiiiOOOnnnSSS
iiincHOOONddrroooMMa
UUNNNcHHOORRoooeelll
enCCIIINCCCtuuuRe
aaancEEEphUURR
ENNCCIIIpppheeRRoDDD
EnCCCapHHHaarriiinggg
EEnCCIppHAArMMeeNNTTT
UUNCCCIIIppHHeerrs
EEnnCIIIrrrClEE
EEnnnCCAARRRccLLLUUdd
uuNcciirrccclleemoNtt
ANNccAARRCCLaammmeent'sss
IInnccciRRCllEEMMEEENNttss
ONCCIIrccLEEEss
eeNNCCeeeRcLLLINNGGG
eenCCClllUUUSSp
aNCClllaaavvEE
eennCCCLaVVVOOO'S
eNNNCCLLLooVVVEEEss
iiiNCLLLITIIICCC
eeNNNClliiiTTIIIcallllYY
iNNNccclOssee
UUNNNccleSSaaad
INNclluusssAASSS
EENCCLLaSSeeNNNG
unnncloSuuRRRaa
eeenncLLLosssuuraa'ss
ENccLOsssuuurrreeeS
EENNNCCCaaaddduu
eNNNccedddODD
eeNCCCooddOOr
eennCCCODDEEER's
EnnCCooodAArrs
eNNNCCOODDoss
uNNNCodddooonnnGGG
IIINCCCiiiMMMIIii
OONcIImmiuuusstt
eeNNNcAmmmiiiUSttIIcc
eeNCommAAAAAssTTTiiCaalLLyyy
aannCoMeeUUUMM
eeNNNCCeeeMMMEEeeemmm's
ennccOmmiiiuuummmSS
anccEEMppoSSsss
ENNcccOOMpppAssssedd
UNNCCOMpaaSssUUUsss
aaaNNNCammpEEsssIINNGGG
eeeNNNCCooMMpppaSSssMeeennT
EEnncoomPPuuuSSsssmiinnTTTS
UUUNNNCCOOORRee
ENcoorrEEE'sss
eNccoreddd
eNNcciiirress
eeenCUriiNNggg
uncaANtaRR
eNNcccOOunTAAAR'S
eeeNNNccAAAuNNteeerrrEddd
EEEnnncOOOINttEERReeeNNNGG
eeenCCCIIUUUnTTeeRRRss
eeNNNcEEEIrrrAAAgEEE
EENCUUUEERRAAAGGeDD
uuNNCCCooouurAAggaamENNNtt
aNNCeEEErrAAAGGEEMeeennt'S
uuNNNCCOuRRAAGGOOOMMOOONNNTs
eeeNcOOUUUrAggiiirrr
ONCeeORRROOOggiiiSS
iinnccEarraaaGiinnng
eNNcOuRRREEgoonnnggglllYY
eNNNCrriimsssaann
EENNNccrrreeemmmsssoNNeeeDD
EEEnnncriMMMSSonENNNGGG
eeNNcccrrruMMsssiinnnSS
ENNNcrIIInnnOOTTEEE
enCCCRRReAChh
OnnncccReeeAccHHHeD
AnCCRuuuaachhhuuuRR
AANCCCRROuCChhheerrs
iNNcccrrrIIIOOccHeees
AAnnnCCCRRROAACHiinnnggg
InnnCCrrEaCHHHMMMeNNTTT
eeennccRREEEAAChmeeenttt'S
uNCCrrEEEAAcchhhMMOOONNTTSSS
eeeNNNCCCroostt
ennnCCCruSSStttiitIIIOOnn
oooNCCREESSTTETIIIOON's
ooNNCRRUUUSSStAATTTAAAIINNNsss
IIInnncccruuuSTTTeeedd
uuunnnccRRuusttaaannngg
ENNccruSSttS
eeeNcccRRRYppTT
EENCRRRYYPPtIIIDDD
OOOnnnccrrrYYppptinnGGG
EENNCCCRRRyyPtttaaooNNN
eeeNCrrYYYPttIIoooNNS
eNNNcccRRYYppptttSSS
eNccUUlllTTOOORRRetttIIIonnn
ONNNCUUmBBeeeR
iiinnncccUUUMBBBoooRRREEEdd
UNNCCuummmbbbaarIIINNg
eeeNNNcccuuummmBarSSS
aaanncccUUUmmmbbbRRUNNCCCU
enncuummBrANNNcE'SS
eeenncccIImmmbbbRRRanccer
eencoommBBBrAnCCEEss
eNNNCYccLLICCAl
enCCCYCCLIICCCall's
AANNCYCCClllEEECCooLLSS
OOnnncYYYcclloooPAAAeeDia
AAnnCYYYcccLLLOOPAEEEddiiiuuu'ss
eNNNCCCyCLLLOOOpppaoDDiUs
EEENNCCCyyyCClllEEppEEddiiAA
ennncccycclloooPPPeeDiu'ss
EEncccYccLLOOPeddEEEAAAs
EnCCyyyCllOPPEEEDDDIIcc
enCyyCCCLLOOPPAAddaccceLLLYY
eNNCCYYYcclllOOpppeeediiisst
uNcyyCllooopppEDDDoossstsss
uuuNcYYYssttt
oonncccySSSTTattUUUeNN
ENcccYsstttEDDD
EnnCyySStttoonnnGGG
eeennnCYsTMMMeeenttt
EENccYSSStmmeeent'S
eenncccYYYSTTss
EEnnddd
onnndd'S
EnnDDaaMiiGGaaa
ENNNDDDammmebbuu
EnndddooonnGaaarrr
andANNNggEEEriiiDDD
ondddooongggIIRRiiinnnggg
aNNNddIngAArrrmmENNT
onnndddAAAnnnGGeeeRRRMenntt'SS
oNddaaanGooorsss
EEENDDDAArrcchhh
eeNNNDDBRRRaInnn
innDDaaaARR
EEENNNDDoooaarAAdd
eeNNNDEEAAARiiiNNggg
aaaNDDAAIIIRRIINGllY
iindeeeiiRRMMMeeeNNNT
OOOnnDDeeeaarrrMMUUnntt's
eeennnDDAAuRRmmmEEEnTTTSSS
eeenDDDEEeeeRSSS
enDDuaavvvorrr
eeeNNNdeAAAVVoooRRR'S
EEnddeeaVVViiRRReeD
eeenDDEEEOvOORAANNGG
INDDDAAaVVOrrrSSS
EEENDDEddd
EEndeeMMAC
EEEnnDDEEEMMiCC'sss
aaNNNDDDOOOMMicccuuulllllYY
aannnDDEmIIICIIItttyyy
eeennndddaaaMMMUUUcccss
eeNNdUUmmmism
eeeNNNDDDeemmmiiiSSSmSS
uuNNNDoormIC
eennDDGGEmEE
ennnDGAMMesss
OOnDIIINgg
eennnDIIINg'S
eeNddIInnGSSS
ENddIIvvvIII
eNNddoVVVEEE'SSS
EEEnnnDDiVVViisss
endddllloooSSSS
EEEnnDDllosssSSSllYYY
EnnDDDleSSSsssnnEEEssss
EEENDLLLeSSnnnuussSS's
enDDlUUUNNgg
UnnnDMooSSTT
aNdddnnnOOTTTeee
eeeNNddEEBBlllaaastt
EENDoooBBBLasTTTS
EEnnnDDDOOOCCaaaRRRdIIIUL
ENdooCCeRRDDATTiss
UnnndddoooCAARRRdIIttIIISSiiis
EEENDDDOcccAARDDIuuum
ennDDoocccARRRDDiUUmss
ennnDooocccaRp
OndOCCaannnTTRRIIccc
eeeNNDDDeeeCCCranIIaaammm
enddAACCCRRIIInnnU
eeennddEEECCCrriiinnnE'S
eeeNNNDooocccRRRuunnEES
EEENNNdddOcccRInooollloogIcc
ANNDDDiCRRIIINNNoooLLLeegggiiCCCALL
UUndduCCCrrIINNNILLLEgggISttt
eeenDDUUCCCrriiNNaaloooGIISSttt'SS
eeenDDiiiccRRRIIINNUULLoggiiSTTsss
IIINDDDUUUccrrrinnEEELLLogYY
eenddeeeCCCRRINAALLoooGGGYY'S
iiiNdOOccrrrINOOthhaRRREEPPPYYY
eeennDDodddUUUrmmm
eeNNNDDDoodddiirrrmaasss
EEENNNDDDAADeeerMs
ennDDDOOdeenTTic
EEENNNDDoooDDDOOONNTIICCCsss
unDDOOODooonnTTAASSSTTT
ennndddoooddduNTTTasTTTsss
eeNNdIIIEEENZyyMMO
EEENNdAaRRgggeC
eeennDoGGGammiiic
eeennnDDDOOOggAMMoooees
eeeNNNdOOGGGaammoooESSS
eNNNDDoGGaMY
eeNNdddoooGGEEnn
eNNNDOOOgggennoISSS
uuNNNDDooogEEnnnaaUUUslllYY
OOOnndddaaLLymmmPPhhh
eeenDUUUMMEEEtrIIaaa
ooNNDommmeettRRRiAAALL
eNdOOmeetriiiOSEs
eenddeeemOOOtttRuUSSSooss
uunndooMMettRRRuuUUMM
ENNdoommmeetttriAAAmmSS
uNNdeeeMMOOORPPPh
EENNddduuuMMOORRRPPhhhIc
EnDDDOOmmmoooRRRPPHiiiEss
enDDDOOmaaarrrppphhiiissmm
UNNdaaMoooRPPPHiiSMMSS
innnddOOOMMArrrPPHHs
AANNDDDUUUMMMaaarPHHy
ONNNdddoopirrrAAAsssiiTaa
EEENNDDDaapARRasssAAtIISSS
UUUNNNDDDooopppiiipppttIIdddAsuu
eeeNNDDDoooppphhhyttAAA
eeNdddEpllussmmm
aaNNDDiPLIISmiiCC
EENdddOOpllEESMMs
eeNNNDDooRRPPPhIIINNN
EnnnDDeeeRppHHIIIN'SSS
EENNNdddOOrrrphhhuuunsss
eNNdderrrSSSaaBBllleee
UUUNNDDOOOrrSSSEEE
eeeNDDDOOOrrsssAAADD
AAnndddoRRRSEEEEE
EnnnDDDoorsomoooNNNtt
EEnnDDOOORRSSSeeMEEENNNTT'SS
eeennDDDuurrrSSooommoonnnTsss
ENdErrsssErrr
eeNdddORsOrrr'S
aannndddORsOOOrrs
EEENDDDOOrSSSuuSS
ooonDDooRSSSoNGG
AnnDDDIIIRRssOR
aaNNNdddeeesssCooPPuuu
EENNDDDooSSSCCepppII'sss
eeeNNNDDosssCOPPUUUs
uuuNNdddoSSCCooppeeCCC
InnnddASSCCCEpYY
iinnndeeessscOpYYY'SSS
eeennDooosssKKEEllleTTTOOOnn
ennnddOOSSKKKooLLLeetttOOOnnnS
eenDDDOOOSSSmuussOs
oNNNDDDEEEsspppOOOrMM
eeennnDDOOSpppEEErrmmms
OOndAAsspaaaree
enddoSSSPoooriiiS
EENNDDuSttEiiiM
ooonnDDOsssTTToSSIIs
eenDDDoottHeeccciUUUmmm
eNNNDooTTTHuLIAA
eeNNdoTTTHHIIIlloAAMMMii
oNDDDUUTThhheLLLeeUMM
UNNNdooThhEErrmmm
eeennDEEEtttHOOORRmAl
EENNNddduuuTTTHEErrmmAC
eeNNNDDEEtttIXXXooNNN
ENDDOWW
eeNDOWEd
ENNNDOOOwwwEEErrr
ENNNDDOwIINNNgg
eeeNDDDOWWWMMiiinT
uuunnnDDOOwMMMEENT'S
EENDDDowwMMeeenntttSSS
oNNNDDDeewws
AAAnnndpppEEpppUUUr
OONddpppuPUURRRSS
eeNdddPPLEEy
EEENNNdddppooOOOnnt
enDDDpppOOEntt'S
EnnddPIIEnnTSS
ANdddrrIIINN
UUUnDDs
EEEnndduuEE
annnDDuuEEEdd
AAANduuEss
EnndAAaaanG
eeeNNDDIIINNNGGGEEEnnneD
AAANNdUribblllEEE
EnnndduuRinccE
EEnnnDDuurrrAAANNNCCEEE'SS
AANNNdUUUrrraNNNTT
INNNddirrree
eeNNduuRRIddd
EEnDDDuuurUUUSS
AANNDDDOORuuNG
ENDDWWWaaYYs
eennDDwwAAssEEE
aaanimmI
ooonnnuummma's
EEnnnEEEmmmIIIs
EnEEMITTTEEE
ennUmmIIeess
OONNEEEMMMY
EEENNNEEMMyy'SS
EEENirrGGOOOtttOOOc
iNNErGGEEETTiiiCaalllllyy
EEENNNEErrrGGeTTTIIIcccS
EEnEErrrggOOD
iiiNNNeRRRGEddds
uunERGIooosss
eNNiiRRGGeeeZZee
EENNNerrgggIIIZeedd
eenaaaRgggiiZER
eennnerrrgggaaZZZeeeR's
eeeNIrggIIZeRRSS
eeeNNNEEERGGGiizzAS
EEENNIIRRRGizzIIInnGG
EnneeRgggommmEEENNN
uuNNNEERRRggY
eNNNerrrggy'ss
OONEErVuuuTE
ennnEEErrrVVVATTeeeDD
eeneerrrVVVUUUtes
iiiNNNAAARRRVVVAAAtttaaaNNNgg
IINEEErrrvvAAAtiiann
EEnnoorrrvoTuuuIn'SSS
eeeNEErVVVAAATTUUUVVVee
UUnnERRRVATTToRR
eeennnfffaaaccA
eeennnfEEeeBBLLooo
EnnFeeebbbLeeeddd
aNNNFEEEoBBBLEEEMMennttt
IIINFFFoooeeebllleMMMeeeNTTT'S
AAAnnnffUEEbLLLUUUS
AAANNNfIEEbbbllluNNNg
EnnnFFEEEOOOFFF
eennFiLLLUUUDee
eennffiillADa'SSS
UUNNFFaaaLIDDDEddd
UNNNFFFIIIliidddEES
uuNNNFFFulluudAAAnG
ooonnffllaaauuuRRReeeGOOO
eNNffolllDD
EENNNffOOOlllDeDD
eNfoooLLLDDDiiinng
EEnffooLLdddSS
eeennnFooorrrCCCee
INNNFFFeeRRRCaaaAABaaallIItty
aNNFoorrrcUUUobbbLLEE
iiinnnFFFERccEddd
AAnnnffOOOrCeemiiNttt
UUNNNFAARRCCCiiimmeNNNtt'SS
EENNffAArrCeeMMMENTTTSSS
eeNNfOOORRRcccirr
unFOOrrrcUUUr'ss
EnnnfooorrrcccUrrsss
OONFFFaaRRCCEESSS
IINNNfforCCCiinGGG
eeeNNFFraanCChaaSSSEEE
oooNNNFRRRaaannnccchhhaaaSeeddd
EnnnFFraaNNcchhhIIISEEMennnttt
eennFFFRRRuuunnnccHAAAsseMMInnt'S
eeennFRRANNNccchISSeS
iiiNfffrAnnChhIssooonnnggg
EEENNNGGAAAgggEEE
EEEnnngAAggEEddd
IIngggAAGGeeemmmAAAnnttt
eennngggiigggimmmEENNT's
EEENNNGGaaguumOONtttss
eeenGiiiGeRR
uNGGGaGEEES
ENGGGuuggIIInnGGG
eeNNNGAAAGeNgglllyy
uNggeeNdddARR
uunnnGEEENddeeRRIID
AAANGEEENNNddeeRRRUUUNggg
iiinnnGGGinDERRSSS
eeeNNGaannneee
EEENGGGiNNNeee'S
EEnggInnUddd
eenngooonEEEEErrr
unnggiiNUUiiR'SS
aaNGGGEENNaaaEreDDD
ENNguuunneeeeRRROOONGG
EEENNGaaaNeeeeeRAAANNNggg'ss
EEnnnGGGiNeeoorrsss
UUUnggiiNIIImEEnn
EENGGooNNEERRRuoss
EnnGGUUUnnnErrry
UnGGIIINeesss
iNNgggoooRRDDD
eNNGGlaaciiUUUl
UNNGGlissHH
eenngglUTT
UUNNNgllItttSS
UUnnngluuuttttEEEd
aaaNNGGllUUUTTTtttuuuNgg
uuuNNGGGooBee
ENNNggUrrGGGIII
IINNNggurGGGUUdd
AAANNGGooRRGGimmoooNNNTT
ENgorrrgggemmmEnnt'ss
EnnGGoorrgooss
OOnnGOORRRgggEEENNGG
EnngggrrraFT
ENGGGrrrEFttEDDD
ANNGGrAFFFtooNNg
EENGGGrrraafffttSS
ENNNGGGrrrAAiiil
eennGRRRAAAiiin
ennngROOOENNNId
eeeNNgggRemmm
EEngggrrroomm'ss
EEENNNgggrIIImmMMAATiC
EEnnGrrrooommmsss
EEEnnGrrAAVVVe
enGrrrAAvvvEED
EEEnnngrAAvEERRR
iNNgRaaVVuuRR's
EnnngRAAAVVVirss
iiinnGRRIIIVosss
IIINGGGrrAAVVVIIInnnGG
IInnnGravinng'ss
eeNggRRuuuvInnGSS
EEENgRRRAAASSS
UUNNggrrreesssseeDDD
EnnnGGrOSsiiiss
eengggRRosssssinnnGGG
ENNNgggRRuuusssSMMMOONT
ENNNgRoooSSsssmmeeeNNttt'SS
EEnnnGGGooolllFF
EEnGGOLLLFFED
eeNNgggULLLfffAnnggg
annGGGuullFMeeennt
UNNNgggUUULLLFFMENT'S
EEENNgggaaaLLFFSSS
EEENNHHHaaNNcccEE
ennnHHAAnnnCCuuDD
eeennHaaannnccciiMaaanTT
oonnhhhaaaNccUUUMMMuuuNTTT'SSS
OOnhINNciiiMMMEENNTTss
EEnHAANccAAARR
UUUnnnhhhaanccaaRRRss
EEEnnnhUUUNNNCCCUSS
EnnnHHENCeennggg
ENNhhaaRRMAANNIIC
eeennnuGGGMMA
eeNiiGmmA'SS
uniiggmaaS
EENNNigggMAAAttA
ENNNooggMAATIICCC
EEENNIIIGGmaatttaaaCCAAAl
eeennnIGGMMattooCCCiilllYYY
EnnniissLLLEE
eeNNjjjAAAMMMBBEEEMMMEEENNNTT
EEEnnJJAmbbbommmEEENttt'SS
uuuNNjjjommbbbEEEmEnnntttSS
uuuNNNJAmmBBmEEENTTT
eeNNNJJaMbMeeennt'SS
ennjjjaaaMBBBMMMUUUnTTTS
iinjEEIIInn
eenJaiiNDDDAARR
eennJJAiiiNNEdd
oNNjjoiinErr
uNNNjIIIINiNNgg
EEnjOOOinnnmmmEEEnT
EEnJJJOuNNNmmaaanttSSS
AAANJOOaaaNNNS
iiiNNNJOOYY
iinjjjOOOyabLEEE
iinjoooyyyaBBLLLYY
ooNjjjoooyyeeddd
eNjjIIyyIr
OOOnnnjaaYYIIIrrrSSS
eeennnjjUUyyiiinnggg
EENjjjaaYYYMEEnTTT
ENNJJoooyymmAAnnt'S
oonnjjjOOyyMMMEENtts
EEENjjOyyysss
UUNKEENNDDDlOOO
EEEnnKKKennndLeeed
ENNNkONNNDDLLEEsss
UUUNkkkonDDllliiinnnGG
onnLAAAcoo
EEEnnLLaaCUUUdd
eennLaacuusss
EnnllIIcccaaNNGG
ENLLLarrgge
EnnnLaaRgEEEAABBlEE
eeNNNLLLirrGGGEddd
eeeNNlllooorrrGOmmEEENT
oNNNLLLaarggEEmmEEnnnttt's
uuunnnLLuuRgeMaNtsss
iiinLIIRgorrr
EENNlllaRRgeeerr'SSS
EnnLEErgggoRss
eenLLuuurrrgggaas
eNNNLLLARRRGGOnggg
aNLOOGHHHTTTEn
eeNNLLOgghTTTANNNeeD
eeennLLiiiGGGHHttIINNEER
eeennLuuuGGGHtttiNINNNG
enLLLiiiGGHHtteeeNMMMEEENt
EENNLiiGGGHtENNmmEEENNNttt'sss
EEENLeeGGhttAANNsss
AAnnnLIIIssTT
eNNNlOOstttEDD
eNNllliSSSTTTeee
EEnnnllIIISTTTEEEEE'SS
uunnliiSSSttEIIs
IINNNllooosstIInngg
oooNNNLIsTTTmmUUNNt
eeNNlliiissstmeeNNttt'sss
eeNNllliisssTMEEEnnTs
eeeNNliiisTSSS
oonnnllliVannn
EENNNlAAVuuNeed
iiiNNNLLIIIvvEEnIInnnGGG
EEnllliiiVVUUUNNmmmEENtt
AnnLLLAvveNNNmmmeNNTTT's
eeeNLUUUvIINNsss
EEEnnmmEEssh
eeNNmmiiSSHHeDDD
ENMMEEsHHeS
inMMeesssHHIINNNggg
UUNMMMaShhmmmEEENNNTTT
EEnnnMeeesHHHmmAAAnnntt'SSS
EENNMMMEtttaaaOSS
eeeNNNmmmiiittty
ENNmmmiTTTyyy'SS
oooNNNNEEOOODD
eNNnnnEEEAAdddSSS
eNNnnEAAgONNN
InNNNUUiiHeeeddRRooNNN
enNAAaassTTTyyllee
enNNNOObblllAA
UUUnnnnnoooBLLeDD
eeNNNNNNAAAbLEEmmEENNNT
OOnnnNNiBBlooMMMeeenttt'SS
uNnnUbbLLeeSSS
uunnnNNNOBliinnnG
ennnnnnuuuuu
onnnnuuuII's
eeeNuuul
iiiNNUUULoggUUes
IIINNNooLLLiGGoosTTT
eennOOOLLLOOGOSSStSS
eeenniiilooogyyy
EneerrrmmmaaaTTTEeeSS
oonnnoRmiTTTYY
eeennOOOrMIIITTTyyy'SS
ENNOOrMMaUUs
eNORMMMauussLLLYYY
UUUNuurrMeeeeessnnnEEEssss
EEENNUUUrmmuaaaSSNNEEssss'sss
EEnOOsIIIs
EEnneeuugggHHH
AAnnIIIuuGGHH's
eennaaaiiiNCCee
OOnnOOOuNNCUUDDD
ennnUUUUUnCCES
EEnnIIIiNNNCCeeeNNggg
ENNNOOwww
eNNpHyttootIc
uuunnPPPLUnnOOO
EEEnPPPlllaaNNNeed
EENpppLLLuunnEEs
EnnnpLLLiiinnnOOONG
UUUnnQuaaRaaa
eeeNNNqqUUooorrrEEEd
EEnqUIIIRRREEErrr
IIINNNQiiirrroRRRss
eNNNqqUiiRREES
EEnQuuuuRRRIIIeeeSSS
ooNNQooIrINNNG
EEEnQQEEEuuRRiiinnggglYYY
UUUnnQQuuuIIRyy
EEnQQQuErY'SS
OnnnRRUUUGGGuu
EEEnrAAAggood
IIInrrraaGoooS
annRRRaaGGGuung
EEENNrraaaPttUUrrrE
IIINrrraPPPtoorrEEDD
UUUnnnRRRAAppTuuRRREEEsss
eNNNRRRaPPPtttUrAAANNgg
IIInnraaavvIIsssHH
eeNNrriiiChh
aanrriicccHHEDD
innrrrOOOCCHEESS
AnRICCCHIINNgg
eeeNNNrruuuCCCHHHmEEEnnnttt
UUNrrIICChhhMEnnt'SSS
IInnrrrObI
ooNNRRRuuBBBiiidd
EEENNROOObbES
OOOnRRROObbbINNNg
EENNNrall
aNroooLLL
ENNrrOOlleDD
EENNRooolLLeeE
EEnnnrrOOOllllEEEeeeSSS
eennnROOOllliNG
UUUnrrOOOLLMMMeNTTT
EEEnnRoLLLLLmaaaNNNt'ss
UUUNRRROOOLLLmmmennnTTSS
UUnnnRReeelllllSS
EEENNNrrrooLmooNTT
eeennnRRRoolmmmIInTT'ss
eeeNRRROOOlllMenTTTSSS
enROOOllsss
eennnRRROOOoooT
IInnss
EEEnssAAmmPlIII
eNSEEnnGuuIINNee
InsCiiNNcEEE
EEnnSSSccANNccIIId
eennSScONNNccceeSSS
UUNssccOOnncccInnng
EnnsccRRRiiLl
aNNSSEmbbbLLee
eeNNNSSEEEMbblee's
EnnSEmmblllAAss
ansEEpppaallCCHHeeRRR
eeNNsssHHHeeeUUUtttHHe
EEnnnSShhrroonne
eeenSSHrrrAANNNOOODD
aNNNSSShhhrrOOnnEEmooonT
EENNSSHHrraaaNNeeemmoNNNt'S
UUNsHHrriiiNNuuSS
UnnnssHHHrriinnaNNNgg
EENNNsHrrruuuuuD
EnsshhhRRRaUDDDeDD
IINSShhhRRROoooDANNNGG
eeeNSSHHrOOUddds
eennnsiffoorm
eeennsssOOGGGNN
iiNSiiigNN's
ANNSSSiiiGnnnS
eeenSSSIIIlluuuggeee
ONNNSIIILLLIGEEE'ss
ONNssIILLLaaa
EnnSUULeedd
EENSalles
ENsssiiiLINNNg
EENNNSLLLUvooo
EEnnnSSSllaaVVVedd
ENssLAvvvAAMeennnttt
eeeNNNSSlAvvvEMMMeNNNtt's
OOOnnsLLLavvveeR
eeNSSSLLOOOVVVeeSS
eennsLAAVVEEngg
iNSNNNuuuRReee
EEENsssNNNIIrrroDDD
eeeNNsnnnaaaRRReemmmEENNNTTT
aaannnSSSNNAArraMeeeNNttt's
EEnnnSSSnOOrrerrr
annnsssnIIRRREEES
OOOnssnnnUUURRUNNGGG
aannSSooUl
eeennnSppHeeREEE
ENNStttItiitE
eennnSuuuEE
AAnSSUEEDD
ENsuuuIIIS
innnssUUUUUUng
UUnnsuuRREEE
EEnnnsUUrrrEDDD
iNsEERoR
EEEnnnsuuuRRRURR's
eeeNNsssuuRREERRSS
EENsaarEs
eNSSuriinnnGG
oonSSWWWAAAThhhE
eenntAAABlleeettteeeRRREEE
AAAnttAABBLLLaatturrreeeS
eNNTTAAbbbLLEmEnttt
EENNNttuuuIlll
EEntttaaaOLLuD
eeeNttAAAiiLLLaannG
EEEnnTAAAALLLMMENNNT
ennntaaaUUUlMENNNT's
ennTUUILLLSSS
ONNNTAAnnnggllE
eeennTaNNGLOOOD
EEEntaaaNNNgggLeeMMMeeNNNT
eeennttOOONNNGGGlllEmmiiintt'SSS
eennTTaaaNGLLeMMooNNTss
eeNNTanGGlIR
EnTTaaanGGlllEESSS
ENtannnggLLaaanG
EEEnnTaSSSiSSS
innnTTEELEEcccHHHy
UUNNNttAALLLLLUUS
ennTTeeelLLLiiiSSEEES
UUUnnTEEEntee
ENNNtttoooNNNtttEEE'SS
eNNttAAnttOOSS
oNtAArr
uunTTTeeeRAAlll
onTarrrEECCttteeemYYY
AntterrrEEd
EEntUURRRAAC
UnnnTTTeeRRRiiinnnGG
IIInnnteerrrItaaass
IINTTTAAARRRitISSS'sss
UUNNTiRRiGGAsstttrIINNNEEE
uunTTTerrrOONNN
OONtEErrOOnss
eeennnTTuRRRAstoooMMY
eNNNTTEEERAAATTuuMMyyy
eennnToROOVViruuuSSS
oNNNTAriiivvIrUUSSSeeeSSS
eeeNNNtteeeRRPPrrruussi
EEEnnttUrrrPPrreeSSee'sss
OONNNTTTeeRpRiiiSSAAR
eennntaaarrrPrrUUUSSeerrrss
EEENTTaarrppprrIsssaSSS
IINNNTTErrpppRRRIssaaaNNNggg
eennTuuRRPRRRAASSiiNNNggglyy
oNNNTTUUURRss
EEENNTTTOOORRRTeeiin
UUNTEEERRTOOaaNOdd
onnttaaartAIInEEERRR
EENNttARRRteeineer'S
eennntertAAiinnneeRRRs
EENttiiirrrTTTaoooNNNiiinng
onnnttteeeRTTTAAIIINiNNggg'SSS
EEENtAARRRtOOooonnnINNgglllYY
eeeNNNTTUrrtttIIIAnnMMMiinntt
ANtteRRTaaaoonnMMennTT'S
entEErtAAAUUUNMMiinntttsss
ENTTIIRttEIInnnS
iiinntHooLLPiioosss
uuuntHHHAALLLppYY
eeennnTTHEtiiC
eenTHHraaall
eeeNNNttthhhrrrAllll
enTThhrrrALLLLeeddd
ennttthhhRRAAALLlliinnng
uNthhhreeLLlmmEEEnTT
IInthrrreeeLLLMMMooonnnTTT'S
eNTTTHRReeeLlls
eeeNTTHHHRALLLss
innnttthhhrUnneee
eeenntHHHrrrIIneeedd
EEEnThRRIINNNemmmUUUNNNttt
eennTTHHHrrrIIINNNUUmmmennTT'ss
uuNTThhRRROnnEmmmaannntSSS
OOOnnnttHHHrrrooonneSSS
EENNNtttHHROnnnooNggg
eeeNNNthhUUSSSeee
ENNTTThhhUUsssEEDD
UUUnnttHHUUseSSS
ooNNNtthhAASIIIOsssm
ENThUUssuuuoooSSSMM'SSS
oNNtttHHHUUUSIuSSSmSS
EnnthhuuusssiiAASSt
EEENNThhuusssiiioossttt'SS
OOOnnTThhhUssiaaaStOOccc
UUNNNthhhoSIIAAASSTOOCCAAALLllY
EEENNthhhusssIIaaSSSTTSSS
aNThhOOOSSIInnnggg
ENNNttthhymeMMe
ENNttuuuCCAA
IInnttIIIcEEEDDD
AAAnticeemeNNT
eennnTTTiiCCCEEmmeeNtt'sss
UUUNTTTicAAmmmEEnnnttSS
ennttIICeeeR
eeeNTIIICCCEs
eeNNNtEEEccUUNggg
eentIIICCCINNgLyyy
EENTTIIIrIII
uunttIIIRRuuuLLyy
eNNNTTirreTTTyy
eeenntEEErrrotttY'SSS
eenntteTATTTIIIvo
EENNNTTTiiiTIeeeSSS
ANTTTeetttLeee
innttOOttllooodd
oonnttAATTTLEMMUUUNNt
ANTTTIIIttllloooMeeennnT'SSS
IIInntttEETTTLeMMeeNNttS
EEnnntitttLLLEEs
entttoooTTTlUnnng
EENNTiiitttyy
EENNNTEtttYYY'S
eennTToooBBBllosssttt
eennToBluustSSS
ENtttooDDDERmm
IntttAdddIRRRMMMSSS
EENtOOOiiilll
InnTOOmb
EEnnnTTEEmmmbbAAAd
eeeNNNttOOMbbeeeNNNG
eeenntttiMMbmEEnnnTTT
eeNtttIMMbbbMMMEENTT'S
eeenTombbs
ENtttoMMMuulloGIc
EEnnntttaaaMIIIloooGGGiiccaLL
EEnTTOOOmmmOLLLIIggAAAssstt
ENNtiiMMMuuuLOOOGGisTT'ss
EnnTTTIMMOOOLOOOGGGiiiSTTTsss
EEnTToomulOOOGGGIIIzzo
OONNttoooMMMOOlliiGGY
ooonnttAAAmmmOOllIIgggyyy'sss
eeenntttOOOMMoooPPhAAAgggoooOOOS
aaaNNNtUUMMOOPPPhhhEEEliiiUs
iiintttommmOOOSTTTRReCaaNN
eeNNTTOOOPPPHHYYYTTTE
EEEnnnttOOpppiCCC
eeeNNttteeeUURRRoggEEE
EEENNTTuuuuurrraagii'SSS
enTaaaIIRAAAGEESS
iinnntttOzzzIU
EENNTTTiiZZZOOiicc
EEENNttuuzzzoOOnn
EEENNTrr'aaaCtUUU
EENNNTRaaaIIIllS
eeennTRaaaiLss'SS
eeenTTTRAUnnn
eeeNNTreeennnoooDD
EEntttRaaOONNIInnngg
OOnnttRRRaaiinnmmaaaNNT
eeennnttRaainns
EEENtttRRRammmMMMEll
eNNNTTRunCCe
UntttRRRaaannnCCCiii'sss
ENNNTTTRAnncciiidd
oNNttrrIIInnCCUUmeennTTT
eNtrOOOnCCeeeMMMIINNNTTT'ss
uuNTRRRANCCCEEs
EEENttRRRiNNCeeewuuy
EEEnnnTTTrANNCCCewwayysss
ENtttRooNNccIInnngg
eeNttRRRIINNcInnnGLLyyy
EEENttRiiNNNTTT
eeNTTRuunnnTT'ss
EENNttrAAANTTSS
eenTTTrAAAPP
uunTTTRRAAPPPmmmEEEnnnTT
aaanTrrIIIppmaNNNT'SSS
eNNtttRRRAAPpppeeDD
OOONNNttrrrappppppEEr
eeNNtttRaaPPuuunggg
uuNNTTrraaappSS
oNTTTRRREOOT
ENtttreeeAtEEED
EEENTrrreooTIESSS
aaNNNttRiaaTTUNgg
EEENTTTRRRAAAATTuuunnggly
eeNNTrrEEatttmmooNTTT
eeenntrrreATS
ENNtttrrEEaaaTTTy
eeeNNNtttrrrEEEaaattyy'SSS
AAAnTTTrrrEECCHHHOOOt
OONNNTReemmEEEttss
iiiNNtttRReeennchhh
EEnttRRREEENNCHEEEd
eNNNTTReeennnCChees
ooonnnTRIIINNCCChhhiiiNNNgg
EEnnTrrannncchhMMEEEnntt
eeennnTTRRROnccHHMuunnnTTT'SSS
AAANttrraannnCChhhmeeNNttts
ENNNtttRRREEPuuTTT
ENNtttREEEPPPoottsss
ennnTTTRREEEPPRRReennneeRR
iiinnTTTrrrEPPREENiiiurrr's
UNNTrrEPPREEnneeuuRRRAAAuulll
EEEnntREEPRRAAANEEeRRRiaalllIIIsssmmm
EEEnnTTrrrEEprrENNNEUUURRIAAAlllyyy
EnTTTRRREEPPPRRROOOnnneearAssm
EENNNtttRRREEpppRRReeenEEeeerrrs
uNNtREEprEEnnoUUrrSSShhhUp
ENTTRRReeSOOlll
UnnTTRRRaaaOOsss
eeentttrooPPPIIcc
EnTTTrrrOPIIICCCAAAlllLLyy
eNNtroPyy
OOntrAAApyyy's
EEnnTrrrOOOSt
iiNTTRuussstteeedd
EENttrrruuuSSStiiiNGGG
aaaNTTRRRuuuSTTSSS
EEENNtttRRRYYY
ENNNTry'sss
ennnTTRRRYYYPPhooonnO
ENTRRRyyyphoNNNeesss
onnttrrYYYwway
uuuNtRRyywaayyy'SS
UUUNNttrrYYYWWWaaaYYYSSS
iiiNNNTTTrréU
onTTTRRéi'SS
Unntttrréess
OOOnnntttwEENooo
ENNtwIneDDD
eeeNTTTWWinEESS
EEnnTWWiNNNIIINNg
ennnUUUCCCLLLoaatttUUU
ANUUUMMeraaBlee
EnuumeRRAATTee
eeNNUUmmEEErraTTTeeeddd
EEEnnnUMOORRATTTEEss
AANNNiiimmmEratttIIINNNggg
uuNUUUmeerEETiiiOOn
EENNUMMiiRRRuutttiiiNN's
eennnoooMoooRRRaTTTiiooonnnSS
OONOOmEERRRetiivvII
eeNNNuuuMOOOrrrITTuuurr
eenAAmmEErAATToooR's
ENNNUUUmmErraattorrrsss
eeeNNiiNNNCAAAATTA
ENInnciiaattteeeDD
eeennnInnnciiiAAAtEss
eennnaanCiaTTiiinnngg
ennUNNNcccIIEEtiiOOOnnn
ENNNennCCiiatttiiIIInn'SS
iiiNNIINNNCuIITTTaaavvviii
OnOOOnccIIUttuuuRR
innnaRRREEE
enuuRRREEd
ONNNIIIrress
EEEnnooRRReessAAAS
eenUUUREEsssAAsss'SS
eeNeeeRRREEEtttIIccc
ennnaarrrinnng
eNNNvvOOlllUUUP
eNNVUllappUU
EENVVVeeLLePUU'ss
aaanVVEEELLLiiPeeD
OOOnVVEELLEPPPEEr
oonVVVEEllleePPIIrr'sss
UUUNNveeelOPEEERss
aaanVIIILiipAAAs
eenVVElllOOOpuuuNgg
UNvveeeLLOOPPmeeNNt
eeenvvvoLLLiipppMMMENNttt'ss
EEEnVVilloPPs
oooNNVeeeneMM
eeeNNvvveeNOOOmOd
EEnvviiinnOOmmmUUUnG
EEnnnvvannnooomS
EEnnnVaaibbboooLLLiiiTYY
AANviiiIIbbllee
eNNNvIaBBLyyy
EEENNNvOIIId
eeNNNVVeEErrr
eNNNVVVIIIUUUSS
EEEnVVVIIIOOOuS
ENNVVVeeIIIUSSLyy
EEnnvvoooIUUUSNNNooSSS
eeNNNVViiiOEEESSSNaSSS'ss
ennnvURRRonn
eeennnVViRRooonooddd
eeenvUUURROnAAnng
eenvuuuronnnMMeNNTTT
unnnvvAARennnMMEENNt'S
EEnnnViirannmmaanntIIILL
UnvvvEErOnnMMiiiNNNTTTELLIIIsssMM
aanvvvIRiiNNmmmEEEnnTTTUUULLLUUssM'sss
eNvvIrEEnnnMMEEENNtAALIIsst
uNviiirrUUnMeeenTALLIsT'SSS
EEEnnnVVaarooonnnmmmONTaaallUUUSSTTTss
eeenVVIIIRRinnmIIINNTUUULLLlllyyy
eNVVorrroonnMMaNNTs
UUUNNNViiiRRUUNNss
eennVVErrrIINSS'ss
eeeNviissooogo
EnnnvvEsaaGeeedd
eenvvvooosssAAAGEES
EnvvviiiSSSuuGiiiNGG
eNNNVooSSSiOOONNN
eeeNNvvvIIISiiiOOnEEDDD
EENNNvEESiiInUUNNgg
ENvvIsseonnnS
eeeNvvvOOOuuu
iNNvvvoaaSSS
eenVVVOy
IIInvvvooy'SSS
eNVOOYYS
eeeNNvvvY
EnvvYYY'S
ennnVVVyUUNNNgg
UnnvYYYIIInggglyyy
eenwwwInnnD
ENNNWWuuummmbbb
EEENNwwRRapp
OOOnnnWWRRRapppUUDDD
AANNNWWRRRappPPPiiing
eeennnWWWRAAAPPPS
eennWRREAAAttthhhuu
INNzeeeeeTTIIccc
EEnnnzzzYMMMaaaTTTiiCCC
UUnnZZZyMMMATIICCiiillllyy
EnZZYYYMMOOO
eenZyyyMMAA'SSS
iiinnnzzyymmmEESS
eeeNNNZZymmiiCC
eNNZZyyymmmiiicccaaaLLLlllYY
UUNNNzzzYmAAALLoooGGy
iiiNzzzyMMMOLYYYSoooSS
EEOOOHHuuuppUss
EEEeeHHHuuuPPpppUUsssOss
eeeOOOllIIiiN
eeIIILLLIIPPPIILEEE
EEOlluuuthhh
EEEOLLLithhhiiiccc
iiiOLLiiitthhSSS
eOOLLLOOOtrrrOOpiiiCC
EEEOnn
EoooNN'S
EEEeeNNNIIIooNNN
eeAAANNIISSSMMM
EEAAAnnS
eooSSSIIINNN
eeooosssiiiNNNUUPPhUUULL
eeoooSiNNOPPPHILLSSS
IIossiiiNsss
EEPPaCCttt
iiiPagggiiiGGGIII
EEEppAAANNNaaaPPPHHuuruuu
epAAAnnnEEEDDDiisss
eeepAAnnoRRTThhhoossooSS
AAAPPPoooNNOOrthhhOssES
Eppiirrchh
uuuPeeRchhhIIEEsss
EpppAArrCChhyy
EEpppAAuulllEEt
OppaaauLLLOt'SSS
aaapppAAAiiluTTTSS
EEEppaaaeLLeeeTTTTEEE
EpUUUuuuLeTTTtUU'ss
uuupuUULeTtteeess
ePEEirrOGoonnYY
epENNCCeeeppphhIILLONN
EppeeeNtthhEEEsssIIIS
UpppEERRGGNNu
UUUPeerrrGGnneS
epIIIXXXIgggEEssOOSS
EppHHUUUHHH
oPPPHaHHHs
eeppphEEEbbeee
EPhhhiiibbeeC
EEpppHHuuuDDDRRRUUnne
epphheedddrrrAANNNA'SSS
EEEppphEEEMUURii
eppHHeeMeeRaa's
EEEPPPHemmEEERRRooLL
ePHOOMMORRalIIITTUUUiSS
eeePHHEEEmIIIRaaaLLLIttty
oPheeMMMERRReeellllllYY
UpppHeMMorrraalNoSSSs
eePPPhhEEMMEERUUlNNOOOsssEEEss
eppHHemIIRUUddd
OOOpHHEEEMMEruuddsss
EPPhhAmmmeeerraass
EppHHHeMeeerrroonnn
aPPhhhooDD
eeePPHHHOOr
OOOPPPoBBBLLLEEStt
eepIIIBoLyyy
epppIc
uuupiiiccc'ss
EEEPPoocooll
iiPPIICeeeLLLLYYY
EPPIICaLLLyxxx
eeeppIccALLyyXXAAs
EEEpEEcaaNNTTTHUUss
eeePPiiiccurrdddiUUMM
EEPPuuCCAARRp
ooPPPIIcccORpS
epppUUUcAAADDDUUUUmmm
AAPPiiicEEnnnAA
EPICCCeeNNTTTEEEr
EEEpUUCCIIInnnTTTAArr'sss
UppiiiccceeennntaaRsss
EEPPiiiCEEnntttRAAALLL
EEPPaccLLLUssUs
UPPECCCaaaNNTTiineenTAlll
EEEPAAcOOtttyll
EEEppIIIccRRuuuSiiSS
EEPPiCRRRitiic
EpppIIIcsss
AApppAAACCuRE
eppUcuuuree's
uuPPuuCCUURRReeeOn
EEEpiiicccaRRAAAaaannn'sss
eePPEccuRUUooonsss
EEPiccAAArrreesss
EEppUUcccARUUsssMM
EEpppEcccYccclU
EppiiCCCYCLLeeSS
upppICCCYYYCLLLOadd
ePEECCYYYCCLooAddSSS
upuuuDDDaaaiiiCCtiic
EEEpIIIDDDEMMooocc
oooPPPeeddeeemmuc'S
OOOppiDemmmeeCCCAAlllLLyy
AAPPaaadddEmmIICCCSS
AApppIDDemmmuAlleeeGGiiicccuuuLLL
epppEEddemIIIEEllloGIIISSTT
eeppIIdEMiiAAALeGiiisssT's
aapiiDDDiiiMMiiiOLLLUGGeesstsss
eeeppIIIddEEEmmmIIIiLLLAGGy
EEPPiDDEEmmmiiOOlllOOggYY'SSS
eepppIdAArrmaaL
ooopuuDDEEERMMIICCC
eeePPPuudOrrrMiiSSS
eepIIIddaaaRRRMMOOOSSS'S
uuupIIddEERRmmmISSUss
eePPooDERRMOOIIDD
EEEPEDDDOasssccOOOpEEE
apiiiDDOOAAAsssccOPEEs
ooPPiiidddiidddyymmmIIIss
EEpiiidOOTTEE
EEEPPPiiDDDUUUrrreeeLLL
EpppUdUUrAAllls
eePIIIFFUCaLLL
EpooGGGaaStttRRIAAMMM
iiiPPIIgOeel
IIPPPIIgeeeNE
aPPPOOOGGEENNeeSSess
eeepEEGGiiinneeeSSSiiSS
eepIIgaNNNiUUUss
iipiggeeeoouuSSS
IpiiiGGlOOTTTTTeeeLLL
ooopegggLLuTTttidddeeeSSS
EEPiGGGluutttIS
ePeeeGGGLIITTtttiiS'S
IIIPPAAAGGlOOOtTTTooSoooSS
aaappOOggAAANNNee
EPPiGONNNeS
eepooogrroMMM
eeePiGGrrAM'S
uPPiiGGrOOMMMIIItttacc
EEEPPiiiGGGRRRAAAMMMaaattIIcOOOll
EEEppIIGGRuuuMMMMaaattiiiST
EPPPiiggrrAmmmAAATIZOO
EpEEEGrrAMMSS
IIppIIGrrUppHHH
EEEPiigRappphh'ss
EpppiiigggrooppHHHErr
AAAPPOOGGRRiPPPHHuC
EPuuuGGRRRaPHHHuuuCCCaall
OppiiGGReeephhss
eeepppuuuGGGrrOOOpppHHY
oppiiGGGRRRIppphhhy'sss
EEEpppiiigggyNIIIiiSS
eeepILAAAteee
EEPEliiTTooDD
oooPUlllAtteeeS
ePaaLLLIIttteeennnG
EPPOllePPSSSyyy
APPEEELLLeeePSyy'sss
iiipppiiilllEPPPTTTiiiC
UPPEEElllEptttiiccc'SS
IPPPAlllEEppTuuuccSSS
aapAALLEptttoIId
iPPoLLeeMMMNNNeeeoooN
EEEpiilllOOGGG
ooopppEEEllliiGGG's
EEEpIIILLUGGGSSS
uuPIIIlogggiiia
epppaLLOGue'SSS
EPUUULLOOGIuuuss
eePPiimmmorrpphhhOOOSiiiS
EpppIInnnaaaStY
EPPENEEPPHRRReennn
EEEppIIINAppphhhrrrIIn'SS
ePOOONNAAAPPPHHrrrINEE
EEEpiiiNNNEPPhhRiiineee'ss
eePiiinnnEIIIriiuuuMM
eeeppipppHHHEENUUUcc
EppIPPPHHHAnniiEEEss
eeePAApppHinnny
eePPuuuphOOnYYY'ss
EpiPPPhoonnnommeennna
OpooPPPhhEENNNaammmaaNNNeeLLIsM
IIIppEEPPhOOOnoooMMEEnnnann
eePaaappHennnOMuuuNNEEENNSS
UUUPPiipHOORRaa
EEEpppIIPPPhrrrooGm
IIPPiPhYYYSSeess
eeppiiippphhyySEEEs
epppipphyyTalll
UUUppiPPPhhhYtttE
OOOpEEPPHHyyTTTeeS
EEppiiippHHYTicc
EEpIphhhYYYTOOOTTEEEC
EEEPPPOOORRRoGGOOONy
UpuSSCCCUUppaaaCCy
eepooSSCCCiiPPPaCYY'ss
uuPPisCCCOOOppaaaL
IIPPIIIssCOOOPAAALLIaann
iipppAAASCooPeeeluoooNasM
ooPPPiSSSCCOOPPPaaalIIISSM
uPPuuuscccoPPAATi
aaappIIISScccEEpetEE'SS
eppeessseeUUUTTToooMMieeSS
aaaPPUUsiOOOtoMMyy
EEEpOsssoddEE
IIIpppIIIsssIIDDU'S
ooPPaasssAAdddeeS
eePPIIIsssiiiDICCC
eeePissOOdiccalLLYY
eePPPiissspppAAAssstttaaCC
EppiissttaaaSSSOOOsss
ePiiSSSttAsssOOS
ePISSStOOXUsss
IIIpppiissTTTAAAxxiiisss
EEppIIISSStttamooc
EPEstiiimmmIICCUUUlLLLyy
ooPPPAssstUUUMMooolliiGEEEcaaaLLL
EEPisTaMMoLuGGiiiCCuuulllLLLY
EEPPPiiSSSTTTOOOMMMoLLoggiiIS
EEPPPiiSSttaaMMOOllOOOGIISSST
oooPUUUSttoMOOOloooguuusstttSS
OOpuSSttEEMooolllOGGGy
eeePosTAAArrnuuummm
EEPIIsstttLLLI
uPPussTTlee'SS
EppEESSSttLIss
eepiSSSTTTOlArY
eeepppoooSSSTTrrOOOpppHHe
EEPiisssTTTrrrOOPHHHEEEsss
uuuPAAASStttyLee
EEEPPIIITTaaPHH
upppIIITaPHH'S
UUpIItttAAApHsss
EEEPPOOtASSOOsss
ePPiiittAxxEEaLL
eePPiTaxxYY
UppIIttthaaaLLeMMUA
OOPPPuuTHAAlllaaaMMiOOnnn
EPPPoootttHAlImmaaaAAMM
EPPPitthhUUllleeeA
aaPUUTTThhELLiiiLL
ePiTHHHiiLIIUMMMaaa
EEpppIIITHOOOLiEEEmmmUUUs
eeepppIItHAlliiuuM
EEpaaThAlllIIIuuM's
EppoTTHHeettt
eppATThEEEtt'SSS
EEEPPPUUTThhUUUTTTaaaC
EpppethIIIttIIIcaalll
EPPiTThhhEttECAlLLLyyy
epppIIITTThhhEEETs
EpAttOOOmmmEE
eePIIITTTooomma's
UUUPPPAAtOOMMuuus
epIITUmmmiiiSSSttt
eeePIIITooommEzIII
EPPPiitaamUUUZZZaaDDD
AAPiitteeMMMAzzzuuSSS
IIpppooTuuuMIzIINNNGG
eeePPiiiZOOOaa
IIIpppIIZZOOOOOC
aaPPPIIzzzAAAEnn
UPPAAAzzOOOoooteeeCC
ApppocccHH
IppEchhh'SSS
ePPPuuchAAAL
EEpppOchhs
ePPooDiii
eeeppponnnYYMM
EEEPOnnnYYYMMOuuuss
OOPPPEEEnnYYMMMsss
aPonnYYYMY
IIIPPUUsss
eeeppeesOSS
AAAPPPoXXXIEEdd
epoooXIIASS
ApOOOxY
eePOOXXYYY'SS
EppAAxYYeeD
EEPoooXXXyyenng
eepSillleeeNN
UUUpsaaLLLEEEn'SS
uuPPPSAlllooonnnss
eeePSSoooMMMIIIttEE
EEEQQQiabbeLLIIItty
UUUQIIIeeeBULEEEtyy'SSS
UQOOObllEEE
EEEqqqiiobbbLLYY
oooQQEeeL
EEqqOOeell'S
IIIQUEElEDD
eqqqeeeaaaliingg
eQUUUAAlllaaattUURIIIaN
eqqqUUeeLLLIIITTAArrriiiUNNNss
EqqqEaaaLLLeeetttEEooos
eeqquuaaalllUUtyy
eeequoLAATY'SSS
iiqquuUUULEEZZATIIIEnnn
EEQQuuuaLEzzaaTTTIIIoooNNN'S
EEqqqUAALLLEEZZZU
AAQQUUIIIlllIIZEDD
eQQUUaLLLIIIZZZEERRR
EQQQUUAliiiZOR'S
oqquuaaallliiiZZZerrrSS
eeeQQQOOOaaaLLooZZUss
UUQUAlllEEEzzoNNGG
EEQQQOILLluD
AAAqqquuiiiLlUUUNGG
EEEqqIilLLyy
eeqquuuaaaLsss
IQQUUUAAANimmmIIItyy
UUqqqaaoNNNOmmmIIttYY'SS
EEEQIIIaaaNOOmOOUUsss
eQUUUaaaTTABBLe
EEqqqEeeettti
oQQUAATTTEEDDD
iQQeattteesss
EEEQoooOtIIInnnGGG
EQQQoooaateann
EEQQUUaaatttIIIeennn'ss
EquATiiioooNNNSS
eeeQUUittuRR
EEqUUUaaTTooR'SSS
eeeqqUUaToRRiiialll
iiQQQuooTToRRRsss
AqqEEEeeeRRRiUUUsss
eeeqOeeRRRRRRYY
OOOqqUUUURRrY's
IIIQQuuuISSSTTTrrIAAAN
EQeEESTTRRaaAANN'SSS
ooqqqIIIeeeSSStttRRiiiAAANNEESSSMM
eeqUUUOOSTRRiiuNuSSmmm'SSS
EEEqeeESSStRRUUuuunnnsss
eeQQQOOesssttriiAAANNNNEE
EEQQAAAAAsTrrriIINNNU'SS
IIIQEEeeesssTTTrrrIIeeennnnnEEEss
EEqUiAAnnnGGGuuullAAARRR
eeqqUIdddIIsssTUUNcaa
oooQQQiIDIIIsttannntt
eeQQQuuuuuudddissTTTaNNNtLY
EEEQQQUallettuuurriiiLL
eQUUiiiLLaaTTTerAAL'SSS
uuQIAllAtteeeRalllSS
AQQUOllliiiBBBrAnnTTT
eeqqqUUUiiLLLIIBBBRoooTTTooo
AAQiiiiLLLIIBBrrOOteD
eeqqquuiLLoBBBrrrAAATTOOOs
EEEqqqUaLLebbbrraatttINNGGG
AQuUlllUUbRRittIIIOOON
EEEQQaailliBRiieee
aaaQuuuaaLLOOObbrrIaLL
eqqqUUIIllliibRRIssst
EEqqqUoLLLeeebbbReeumm
EEQQQuuUUUliiBBBrrieeem's
iiQQQUUIMUleCUUUllaRR
OqqquuiinnnI
eqqooNNNEE'SS
EEEQuuueeennnis
eeqqqUUuunOCCTTTUUUeLL
aqqqoooinnOOx
eQooonnnOOOXX'sss
OOQQEEEiiinnnOxxxAAASSS
iiQQOooop
EEqqqiepppooGGooo
iqqqaaaoooPPAgu'ss
oooqUUUuuupppaaaGGGOSSS
eeeqqqeeiPMMEENNNTT
EQuuIpppmUUNNt'S
UQQQEEEUUpppmmeeNNNttts
EEEquIIPPPiiOSAAA
iiQQuuuiPPEEiiiSSSo'S
uQQQuuuOpppOOllLLinnnTT
eeeqquuuuupuNNddOORRRooncccEE
eeQQQooouuuppuuNNdErrAATee
iqqiiUUUppUUUTUUUNTIIAAALL
eQQQoooiipppoooDD
eeeqqUiiPPPpIIINNggg
eeeqUUIppRROBIIIBllle
eqqquuuippps
eeeQooIIssitttIIIM
IIquuATTTAbbbiillUTyyy
eQQIIIITTaaBBBLLLEE
EEQQuuuiiiTTTaaaBLLLIIInnuuuSSSSSS
EEQQQuuuuuuTUUUBllYYY
EEqAAEETTTEnt
EqquuuEEETaaaTiUNNN
uuuqqqiiiOOOTTTatIuuun'sss
eeQQQUUUTTTIS
eeeqqUUUIIITTeEsss
iiqqquuuiiiTTYYY
EEEquuIIITTYYY's
eeeQuIIvvvILLLeenccca
IIIqqUIIValeeeNNNccce'ss
UQQuuuivEELLAnCCCEss
eeqqqiiiivvAAALLIIInCCiiiiiiSSS
eeQQQuuiivvvallannnCyy
EEquuuIIIvvvalllEENccYY'SS
IIIqquueeevvAAllUUNT
EEEQQooouuuVVVAlEEnnttt'ss
iiiQaIIVeeeLLEEEnntLLLy
IqqeeeiivaaalleeeNtS
aaaqqquuIvviiCCIL
EEqqqiiiuuuvvooCaaalllEEtY
AAAqqqUUUIvvEEEcccIIIllllly
eeeqqqUUIIIvOCCCUUlNNNeeeSs
eeQUUUAAAVVooCCCAALLLNuuuSss'S
EqqAAOOVooCCCaaTeee
eeeQQQeeuuuVVVUUUccAAAteeedd
eQQUiVOOOCCaTTTes
eeeQQQuivUUUcAATTTeNggg
OQoAAvvvOOOCCCuuuTTTIUNNN
IIqquAAAvaaaCCAATiiiiiiNN'sss
ooQQiivvEEECCiiiTTIOnnnS
EEEqUivvEEEcATOr
oooQQUivvvoCaTUrrr'SSS
EEEQQQOOIIVVVIIIccOTTTooRSSS
aaQQQuuIIVVVooocccATTTooorYYY
EEEQuuIIIVUUqqUE
EERRR
errAAA
aaraa'S
eRRodddiiATa
ErrAAADocabbLLEEE
errUUUdddiiCuuuNNtt
EERRADiCCCAAtEEE
EERAAADiiiccceeTTTEDDD
ErEDDDIIICCaTTEEESSS
IRReedddaaacccutAAANGGG
IIIRaDDICiittIIEEEnnn
uuurraaDDDIIICAAtttIIONN'ss
urrraDDaaaCCCaaaTTeeRRR
eeRuuuDiiiCCiiiTTToooRR's
EErrEDDuCCiitOOOrrrss
EEErrraSSS
erIIISSabbblee
eeeROOSSSuu
errrEESEEd
iRaaasssErrr
eeeRaaaSSSeeRRR'S
orraSaarrrsss
EEErraSSuuSSS
eeerrraaSiiinngg
eeraSSSIIOnnn
ErrAASiRRRE
ooorrUsuuurro'ss
EERRRAAsiiRRRisss
EERbiiIIIMM
EEERbbIIIuMM'S
EERRRE
aREEcTT
ORRREccTTiDD
oROOOcctILeee
ErrEEccTTInnGGG
ERREEECttuuuoooN
eRRREEcTiiinnn'SSS
eRREEECCtEEAAAnnnSSS
ErrrIIICCttaviii
eeeRREcTTTlYY
eRaaaCttneeSSSS
iiiRRacctnneeeSSS'SSS
EErEEEcctttIIIRR
AAARIIIcccTTTAr'SSS
EERReeecccTTOOORS
ereeCttSSS
ErAAAllleeeNGGG
AArrUmmIItE
eeerrIIImAAAttE'SSS
ErraMIIItttESSS
uRReeMMIIttticcc
ooRREmatiiCAAAlll
ErrrEEEnneeewww
iiirrrEEEpppSUUNN
iiirrEthhaaSM
EERRRAAwwhhhOOOlle
iirGG
eRRRgg'SSS
ERRRGGGAAAtttiiivvveee
iiRGGIITOOOviTTYY
IIIRRRgggoo
aRgggECCalllCCCeeffeeRRRiilll
IRRRGOOOcccUUULcccIIIFFeeeRRROlss
EErrggOOdddiiicc
ooorrrgOOOGGRAAPPHHH
EEErrgiiNNNooMMMeTTRReCC
EErrGAnnooommaaaCCC
EEERRgggaaNNoooMMIIIcccOlllLyy
OOORRRGEEENNNooommuuuCCCss
ErrrGUUnooMMIIcsss'ss
EEERGGiiinnnEEmIssTTT
eeRRRggOPPHHHiibbUUUii
eerrggooosssTTTeROLL
eRGOOssTTTEERROLLL's
eeerrGGGOOtt
IRgggoooTT'S
ORRGGGoTTTiiisMM
EErrGGGIIttaasssmmsss
eerrggss
oruuuccACCAeeeuuss
EERRRiigggARRuNNN
errrANiCEEEoOOOSSS
eeRRAnnngggOOO
eRRINNNgggUIIss
EERRRaaannGOOOSS
AAArISStttIccc
aaRkkk
eeerrlllkInggg
Errrmmmiinne
eeeRRmmmoNee's
eeerrrmmiNNooosss
EEERmIINNOOiSSS
eeeRRnA
Errnnnaaass
EEERReede
eeeRRAAAddeddd
eeeRRRODDDaaSS
OOORRROOddAAbbLLIII
EERREEEDiinnGGG
AAArrrAgggEnnOOcc
arroGeNooouSS
IIrrriisee
eeerossIOn
eerroSSOOoon'SS
iiiRRoosssaoonnnooLLL
errruSSSEEAAnnaaally
eeerrOSoovvEEE
ERRReSSSiiivvennaSSSSS
eeerrriitIICCC
ErotOOOcccAA
IIIRuuuTTOOOccca'SS
arrraatttIIIccAAAlllLLYYY
uuurrroottICiiissmmm
EEErrriiTicccEEEsmmm'SSS
eRROOttICoooSSTTT
eeRRoTTToooggUNNiiiccc
OrroooToMMaNNIAA
EEERRRrr
EERrraNNccaoss
AARrrAAANNccyy
ooRriiinD
UUURrAAnndd'sss
ErrRRRANNNDDs
ERRRAAANNNttt
EErrRRAANttlllY
errRRunnTTrry
ErrRRaattA
AARRRrrraTii'SSS
erRAAAttaaSS
uuurrRRUUttiiCCC
oooRrrrUUUtttIIICCooollly
IRRRrrAAATTTacccOOOSMMM
uuuRRRRRRaTuum
eeRRRrraaatAmmm'ss
eeRRRiiiDDD
uRRRRHHHInnnOOO
errrRiinggg
ERRRREnuuuuuuSSS
aaarrrrAAANOEEIIsLLY
UrRONNNaaauuSSSnEEssSSS
EEERrrrooNNiiiuussNNOOOssseeS
IIrrOORRR
arrrrooorr'SSS
IIRRRRROOOrrrLLiSS
aaarrrEEErSSS
EERRRRRS
arrssAAttzzz
ErssAATTTZ'SSS
EEErrsssaaattZZZiiSS
ERsssHH
eerSttt
uuuRssTwwwHHEEELLLee
eeeRRTT
OOOruuBASSScccuuunCCu
ErrrAbbbEEEssccEEENNT
EEErECCCtt
EErrruCttaaatee
errruuuccctttaTIoooNN
eeRRROOOCTTTaaTIOON'sss
OrrrUCtttaaaTTTuuuuuunnS
irAACtttiiiDDD
AAruuucccttEEENgg
eerruccctttsss
ErrIIddiiittiii
eeeRRRUUDOttILLY
UrrrooDDiiiTTUUOOOn
iiiRuuDDuTTTUUoN'SS
ErrrUUUggOOO
EERRUMpiinnTT
EEErupppt
AAARRRAAApptteeddd
uuuRRuuPPPTTTiiinnnGGG
EERUUPtiieeeNN
erruuPPTTTAAonn'sss
EErrupppTTTIIIUUnss
EEERuuuptttIIIVVEEE
errrIPtSSS
eRRRYnnngOO
EERRYYYNNgOOEEsss
iRYNNNGeees
errrYYYsssaaPPeeLLUUs
eeerrrySIIpppaaalllIIss'S
IRYYSSapeelllEEIDD
iiiRYYTThhhAAAmmmeee
eRRRyytthrIIIssmm
eryyTHRiiTTTEEE
eRRyythRRRiiiteeLL
erYYThRoooBlaaaStt
aaaRYYYttthroBBlllasttOOSSiiiSSS
ErrYYTTTHrrOOBBlaaSts
ErrrYYttHHHrOccYYttEEE
IIRRyyyTTTHHrOOccyytttE'SSS
OOOrrryyTThhhRRECyyyteees
OrrryyttthRRRICCCYYTTTIIICC
EEERYYTTHHHrraacYttOMIIItAAr
aaRRRyTTHrrroooMMyCINNN
UryttHrrrOOOMYYCCCiNss
ORRYYTThhRRReeepoeeeIIISIsss
eeeS
UUSScccaaDDRRRulllllE
UUSSScILLLUUUdddA
ESScaaalllAADDEES
ESCCCIIlllAATU
aaassCCOOllAttUUdd
eeeSSScAAlIIITTAss
EESSSceLLLAATTIInngg
UUSSScccULLAttaaaoooN
esssCCalAAttiiiuNNN'S
EEEsCAAALLLoTTiooNNNs
UUssCCCAAALAAATuuur
IsCCCEELLLUUttor'SSS
EscccAllIITTToorrs
EEssCCCAALLLLoooppp
UUUssscccAAALlOOPP'SSS
EEsccOOLLLOOOPEd
EEEsscaLLLLOOOPPPUUUnnnGG
EEscccuuuLLllOOppSS
UUscAAALLoooPPi
EsscccuLLooPAAdd
EEssCullOOPees
eSScAAAloooPPIIINNNgg
ESScccAppAADEEE
esCCCiPPPAAdddeee's
ossCCAAPPPAddEsss
OOOsssccOOPPe
aSSScccaaapooo'SSS
ESScAAPeeDDD
EEEssscaaaPPPUUEE
oooSSSccapeEEE'S
OOOSSSCCCiiipeeeOsss
eeeSSSCCapppOOMMMeeNt
EEssCoopeeMeeNNNtt'ss
eescAAAppUUUmmmUUnnntsss
EscapEEEr
ESCCCaaapesss
ESSSCCoPPiiNNggg
EESCCaaappiisM
oosccuuupppiisssmm'ss
isCCCUUUPPPuuuSt
IIScccaaapiiiSSSttt'SS
IsCCCapisstttss
OOsssccAAPolloGGGiiisssTTT
OSSSCIIIPPiiLLeeeGGGiStttss
uusCCCAPoooLLoooGGGY
EEEsscccuuRgEEttt
uSScAArrgggiitt'S
assscaarrgggOOTSSS
ISSCCCiirrrAALLee
eeSSCCOOrrrOOOlllaaa'ss
eeescccorrroooLLEESS
eeSSSCCCuRP
eSSScccIIIRRPPPmiinnnt
EEsccAARRpmOONNtt'ss
ooscaaarrrPPPMMMInnttss
EEsssCCCuuRRPPss
eessCHHHalIItt
eSSScHAlllotttSSS
AAAscccHHaaaRRR
eeescchhAAARRRoTTTiiiccc
EEsssCHHaaaRSSS
ESSScHHaaaTTooLEgiiCCCIIILLL
eescccHaTTELIggiCCaaalLYYY
EssCCChhhAAAtolllooGGooiss
ESScchhhOOOTTTOOllIGGGiiissstt
eeessCCCHHHAAAttEELLoGGiisssTTSSS
OOScchhhittaLaaggY
OOssschheuuttt
EEESSSCCHHHEAAATTIIIDD
essCHHHAAATSS
eeeScHHHEEww
eeSSSCCHaaWWAl
EsssCCCHHIWeeedd
IIIsccHeewwwInnnGGG
EESccchhheeeWsss
uSScccOOOLOOr
EEEsssCOlllAARRS
eeeSSSCCCOllIIIpaaa
EsssccoLllIPPI'S
asCOLLLLLiippiiiss
EEESScccoooRRRt
eescooRRTTT'ss
eeessscccOOOrrrTeDD
eeescarrttIINg
EEsssCCaaaRRRttsss
EEEsssccRRRoBBooo
AAAssccRRItttOOOIIIRee
EEEsscRRiTTeeeIIIrrrAAA'SSS
eeessCCCRRRIIttuuuaaRReeS
aaaSScRRIIIw
AAASSSCCCrrOOww's
IIsccRoowwSSS
eSSCuuaaagAA
uuscceeeDDDee
IIISScUUDDDooo'SS
EESSSCCooodooSSS
eessCCCuLiiiNNT
eSCCIITTccchhhaaaoN
EsssccaaaTTCChEEEIIInnn'SSS
OOOScUUtccchheeOOnneeddd
osscccEETTTCCHHeeeiNNsss
ESSSEEmmPPlaaaSSSTOOcc
IIISSSuuRINNNEE
eSSkkiiRRR
iiiSSiphhaaaGGIIIeeell
iSSOOOPPPHUUUgggII
AssIpphhhaaGooTTTiiss
iisssiiiPhhhEGuuuS
ISSOOPPPHaaGGGuuusss'sss
eessOOOppHHHaaaGuuusseSS
eSSoooTEErrIIIccc
EEssseettEEERRRUUccA
EEESIIITTaRRIccAAALLLllyyy
IIsEEtEEEriCCIIsssmmm
UUssoooTEEERiCCIIIssT
OssoootttroooPPPoouu
ESSPPPAADDRRRiiiLLllI
iiSpppaaadRRUULLLLee'ss
OOSPeDDDRRIllless
UUUSSPAAGNNNOOllooo
oSPPPaLLLIEr
eeSSSPPPALLLOaaar'SSS
eSSpppaaalllueRUUdd
OSpoLoEEERRRANNNgg
EEssppAAALiEEErrrs
eeesPPPIIRTTiii
AsssppUUUCCCAAAAAALL
eeeSSPPOOOcccaaLLLLLy
UUUSSSpEERUUUNNNce
eeespppIIIall
IISPPeeAllss
ESSSPPPiIIIddd
AsPUUUees
eSSSPiiOOniiiggeee
EEEsspiiiOONNNAGGE'SSS
eeesplllAnnADDEE
eeesplllAnaaaDDDEEE'sss
EEssPPPLLaaannnoDDoos
ESSPPOOEEEsuuLLL
ISSSPPIuusssaall'SS
eeeSSSppOOuSSSuu
UUUSSSPPPOOAAAssEEEddd
OOOssppOOuuSSSerrr
EEsspppOOOuSuuSS
AAAsssppiiuuSanG
AASSSPPPrreeSSSSeee
iiissPPRUUsssSSSuu'SSS
uussspppRRaSSSas
EsPRRRIIT
UUUSSPrrrAAAT'SSS
eespppyy
EEsspppyyIINggg
ooosqqqUUUAAARRu
UUUSSSqquuIRRE'SS
IISSQQQuuiiiReS
eeSSSAyy
eeSSSsaaaYYY'ss
ESSSSOOOYYYEEEdd
eeeSSEEEyEER
OOSSssseeYYYErrr'ss
EEESSSSuuuyyuuuRRRS
EESSSssAAyInnGG
OsssaaayyIISttt
EEESSSsoooYiiSSStt'sss
EEsSSiyUUUsstiic
OsssAYYYUsTsss
EESssaaySS
eSSSSII
EEEssSSEEnnnce
EssssssaancAAA'SSS
USsuuunnnCCOOOSS
ussssssEENNTTTuAl
OOssSSaaaNToooAAAlll'SSS
eSsssiinnntttuuALLLIIISMMM
eeSSseeNNNttiiILUSSTTT
eeSSSSooonntttuuuElIIIttEEeeesss
eSssseeNNTEaaLIItYYY
OssssssanntttUUAlIIZE
OOOSSSSSSAntEEAAlllYY
eeeSSSsseennnTTIIIolllnnnUUUsss
AAASSSsenTiiiallNNNeSssES
eeeSSSSeeeNNtUUUUUULLS
OsssssIveee
EsSSOONNooTTEEE
EsssssoonniiitEES
aaSSStttABLASSSh
EEEssTaaBlllISSHeedd
eeessTIIIbbbLLOsHEEERR
eestobbbLLIISHHHEEss
EsssTTabbblIsssHHiiiNgg
IISTTTAAAbbLLasshhmmoNNNttt
eesTTTIIbbbLIIIShhMEEnnnt'S
eSTTTAbbllAAAshhhmeennnTTuuRRRIIIaaaN
eeeSSSTTiiiBBLIIISSSHHMMenntts
EsTTooffetttTTTu
esTTToMMMInEEt
OOOssttEmmuuunnnEETTS
OOOSSSttAAAnncccEA
eeeSSStttuuTTTeee
iiSSSttteetUU'SS
AAASStOOOTeSS
eeesssTTEEEEEMM
oSTEEM'ss
iiSSttEAAAMMMEddd
essstEUMMMAANNGGG
esTTTEEeMS
ESSteeer
EEEsTTTERR'SS
IIsssTTUURRRasssEE
AAsssttEEEriFFFiiiiiiD
IIISSStEErrriiifffIeeesss
eeesTTIRRRiifyy
EsstttEErrruuFFFYYYUUnnngg
OOOssTEErrss
essthEEEsiooo
EEssTThhhuuutOO
UsTThUUTEE'SS
ESSStHHHetiiisss
iSThhheeeteeC
EssTTThEEtiiiCCCioooN
EsssTThhheeeTTTIIICiiiaaNSSS
EEEsssttHHeTIIIcccaaaSSSMM
EESSSTTHHHeeTTTICSSS
iiiSTIImOBBBLEEE
esstAmmaaaBBlllY
EEESStimmmOOOtEE
essTTTiiMMAAAtiii'sss
EEssstIImATTEDDD
IISTTTIIMMMAAATTTOOOSS
EEEsssttIIImmmaaaTTTennng
aassTTTIIMAttIIooon
EEESSTTTeMAtEEEOOnnn's
eeStooMATTIIOONs
assTIIMMaatttUVe
eSTImAAtorr
ESStiMMaaattoooR'S
aaSSTTTIIIMMMItEErrrs
EEESSSTTTiippUUUlllATTUU
eessstttIIIVVaaal
EEssstttUUvvOOOTTTe
aaaSStIIVVVAAttEDD
eSSSTTTiivvuuttUUs
ooosssttOOvvvaaTONNNg
EEEsstEEvvuuTTTiiionn
EEEsTTTIIIVAAttiiOOONNNss
eeeSSttopp
OOSSTTTooPPPppOOlll
AsTTapPPeLLLSSS
aastiiVVVEEErrrs
EssttrrOOOddEE
ISTTrrrADDDOALL
ESSttrIIIGoooN
esssTrrooggEEENs
aaSSStttrrraaaNNNggga
eessttrAAAnGGGUUDD
iiisTTRRaaaNGGEMMEEnT
USSTRRRaanngEEEmmEEntt'SS
ESTTTraaNNNgggeeeMMMAANNTTTs
uStRooonnGEEESSS
OSSTrANNGGIInnnG
aSSStttray
uuustttRRaaaOOOtt
EEStttrriiNNN
ESSTTTrrEEEeeLLL
IIIssstrraaGeN
EEEssstruuugggeeeNNN'ss
osssttRRRooGGEEEniiiCC
OsssTTTRAAGEEENSSS
EEESSTTTRooNNNEEE
esttrAAnnes
IIISTTrrroooooSS
eeessTTTruuuMM
eSSStrrUUsss
EEESStrrEEESS'S
UUsssTrrruuussEEEss
EESttEEEaRRRIAlll
EESSSTeeAArrEiSSS
EEEsstttuuaRiiiNi
ESSTTOOAryy
USSTTeeAArrrY'SS
esssuurrIIeNNNt
AAtt
eTTTAAA
EtttAA'SSS
UUUtttaaaLAN
iiiTTEEMMMaannEE
eeeTTaammmIINNEEES
uttaS
IITTchhh
AAtttCCChheed
etCCChhErr
eettCHHHeeR'SS
EEttccharrrS
etttCCChhheeS
EttcHHHaaNG
EtCCHHHIIInggg'S
etchhhiNgSSS
ItttERRnoooll
eeeTTUURnnOliizzEEE
EETTeRRNNUUliiiZedd
eTTTERRRnAllizzaSSS
EEEttterrnnAAALIZZZOnngg
eeTTTEErnaallllYY
EETUURnnalllness
eeTuuurrNNNalNNNesSSS'SSS
uuutttiiRNNNa
aTTTarrnnnaaatuuEEES
eTTUrnOOTTTYY
AATTeeerrnIItyy's
eTTEEERRRNNIIZOO
ETTeeeRRRNOZZZIIDDD
EEtttOORRRNNNiZZoS
eeettErNNiiizzziiiNggg
EEETTToooSSSiiiuun
UUThhaaannni
EttHHHAnneee's
iiittthhhuunnOl
uuuthAAnnolll'SSS
EEtthaanAAA
ETTHHAAANNNUUSSS
eeeTTTHuuuRR
eetHHHooRR'sss
iiithAAAREEEAL
ooothhhiReeaallUtyyy
eeeTTThhhIrrruuAALLIZZEEE
AAAtHHHErrrAAAAALLLEEEZED
eethOOrrooaaaLLIIZZEES
eTHHerrOUUULLLAAZZAnnngg
EEThERROAAlllLLyy
EEEtHHiiirEeLLnEsssSSS
eeeTTTHHHeeeRRReeefffiiIId
UUUtherruFiUSSS
AAAttthEErrriiiffyyy
eeTThheeRRROOffyyeeeNNNg
eeetttHHHEERRAAAZII
UUUTHeeRRROZZaD
eeeTHHHiRRRAzEs
AAAttHIIIRRAAzzOnG
OOOttHHIccc
eTThhhiC'S
uuutthhhiicIILLL
eeTTTHHHIcaaallLyy
uuttthhiiicccissttt
iiittthhhUUCCCiiiZZZAA
uuutttHaaacccs
aThuuCCSS'ss
atttHHHMMoIIdd
eeTTTHHHnnnEErccchh
aaTTThnnIcc
EETThhniccc'SS
ettthNICCAAllLLy
EThNNNiCoootttYY
OtttHHHNNNucccIItyyy'sss
EttHnooCCCSSS
EEtttHHnnnooocccEEENTTrrIICCC
aTThNNNAAAccannttrrIIccallLLYYY
EEETTThhhNOCCeeeNtRRRUccciTTTyy
aaaTTTHHHnnOOCCaaaNNtttrrriiisssm
EttthhhNNOcconnnTRRRiiiSSSmmm'SS
eeTTHNNNoooGGGeeennnY
EETHHnnnooGGGrapHHHuuRRR
eeeTTHnnOOOgggrrraaPPhEEERSS
UttHHHNNNiiGGGrrraPhuCC
EEEtHHHniggrriiiphaccAL
OOtttHHnnOOOGGGrAAPPPHHIIIcUUlLLy
EEtttHHNNeeeggRRRAAAppHHHIIeSS
IIITTHNNNaaggrrrAPPPHHHYYY
EEttthnooolloogggIIC
EEEthnnnOOOlaGGGiiCAAL
ooottthhnnoooLOOgggIIICCAALLllYY
AAAtttHHNOOllOOOGGIISSSTTT
eeetHHnAAALLLIgaSSTT'SSS
eeThnUULOOOGGIIssTTSSS
iiThhhnnnooloooggYYY
IIIthhnnnoooLooGGyyy's
eetthNNoooMMMuSSSIIICCiiLLeeeGGGYY
iiiTTHHHuLOOGGGiiiCCEEELL
EthhhOOOLLuggisssT
eethhhUllliGIIIsssTTT'SSS
eeettHOOOloGGuusssTTTs
eeettthhOOOLLLoGGGYY
eeTHOOlooogggY'sss
OThhoos
uuutthhhooSSS'S
uuuttHYYYl
aaTThhYLL'ss
EETTTHHHYLLLEEETTTe
eetHyyLLUUUnnIII
EETHHHylllEENNNu's
OttHHHyyyNNNOO
eeeTTTHHHYnneeesss
EtttIIolllEtte
eetIIIOOllaTTEEEd
eeTuuoolaaTEEES
EETTTEEEllAATTTeNNgg
EEtttiiiuuLLLoooGIC
oooTTIIIIllUgICOLL
uuTTTeeeAllloogggeeecccaLLllly
eeTaaEEEllOOgAAAAAsss
AAAtAAAOOlllEgaSTTT
EEETTTiiiaalOOOGiSSStttss
UUUttaIIlIggY
eeettooOLLLooogy'SS
oootttuuuQQAettttee
AtIqqUUEETttaa'SSS
OTTNNNe
AAtnnnaaS
itttYMMMooLoGGGooCCuull
EETyyMMMIILLuuGGeeecooLLLLLYYY
EEttymoLLooggiiAS
aaattyyyMoLooogggiiisssTT
EEETTyyymOOlluuggIISST'ss
oottyyyMMMOlllOggiiisstts
eeetyyMMMooollloGGGIIIzI
IIItttYYMOOllloGGGeeZZed
EEtyMOlllOgUUZZeees
aaattyMMMOOliiiGIzzannnG
eettyymAAloGGGyy
eeetyyyMMMuuuLLooogggY's
OTTYYYmIInn
EETYYMMOOnnnS
OOOaacEEiNaa
EeeecccAlllYYYpppTTTiii
euuCCaaLLyypptttUUULL
ouuuccAAlllyypppTaaS
euucccOOOLYPtOOs'S
UocccooollyyyPPPTuSEEESS
EEEUUUcARRRyyyoootUU
eiicccaRyIIItIISS
eeeuuuccHaarriiiSS
eeeuuCCCHiirrriiSSTTTicc
EUUcHHOOLOgggIIIOOOn
uuuCCHHaaLLLOOOgYY
iiiiiiccchRRE
EuuCCHree'SS
EuuuCCCHHHReeDD
euuCCCHHHRaSS
EeeeChhRRRIIINNNgg
aaUUcccHHHreeeMMMAAtiiN
EEAACChhhRRRooMMOSoMMMAAA
EUUUcccLiiiddEEEaaannn
euCClliDDDoIIIN
IUDDDIImmOOnn
eEEEddeemmmOOONuuuO
uuDUUUMoooNNNICss
iiuuddemiNNoooSSmm
EuuDDDIIImmOONiSSSmSSS
oouuuddEEEMooNSS
EOODDIOOmmmettUURRR
AAuuudddIIOOmmmiiTTTEErss
IIIaGenOC
EEEuuGGEEEnnnooCaaaLLLLyyy
EEEuuugggeenIIccceSSTTT
IIIUUgggeeNNNIIICCCusssTTT'sss
eeUUGGGEEniiiCCCAAAsTsss
EEAAAggeeNNaccs
OOOUUGGGEEnaCCSS's
eeeaageeeNNIsst
EEEuGGeNNOLL
eeeUUgLLLenuuu
eeeuGGGllleeNNNiSSS
EEEuuuHHHeeemeeRRiisssmmm
EUUhhheemmmeeRIIIZEEE
EEEUkkAAArryooTTTiii
OUUUKKAArYYYOtEEsss
EeeeKKaarrryyEEtttiic
eeeOOlllIIIccchennn
eooloGGGoaa
uuuuullooGGGUUooS
eUUULLogIStt
aaauuuLLLAAAgussstt'S
oooUULLiiiGGEESttiiiCCC
eeeiillloooGGIIIsstS
EEEaaaLLLAggAAAEEmmm
oooaaLLLooGGGoZEEE
AAAuuulllOOGGIzeeeD
OOeloGGeeezzeeRR
iiiallogIzIIIr'S
eeeuLLLOOOGGGIIIZZZuuurrs
eilliiiGGGIZZZEEEsss
eeeUULOgooZZZIng
EEuullliiggYY
EEuuullooogggYYY'sss
EEUUUnnnuuuCCCh
oouuNUUUchhh'sss
EEEunniiiCCCHozzzEE
EEEEnnnUUCCHHHOOOOdiiiSSSMM
IaanoooccchS
eeaINNYYYMMESS
eeUUUPPATTTIIIRRRAAAuuM
AAAupppAAATTRid
iiioPUPPPSiiiAA
EEUUUPhheemiisssMMM
eeUPPHHHeeeMMIIsMM'sss
IoPPhuuumisssMss
aaIPHHHeMMiist
eUPPPhhhEEMMIIISSTTTIIC
eooopppHHHUUMeessTTTAACCalllLy
eeeiPPHHHooomIIZZAA
OOuuPPHommizeeDDD
UUUoppphhhUmmmiZZeeS
EEEOppHEMMiiiZZZiiNG
AAAuuuppHUUnIccc
eUppHoonUUUIIasss
EEEUUUPhhONNoooooUsslYYY
UUUaaappphhoNNIIIUmm
EEaaPHHHONNNIIUUmsss
OOEppHHHoooNNNiiizEE
uePPPhhoNNNYY
EEEuupphhooonyyy'SSS
eeeuuuppHHHOrrBBBioo
eeeUUPPHHORRRbbiiAACEEEOUUSSS
eOppHUURIIIEEE
eeaaappHHORRia'S
OuPHHUUrEEannttt
aiiippphhuRIAANNtSS
IOOPPHHUUrrrIICC
EuuuppphOOOrrrIIcuuLLYY
eeOOOpHHRRAAAsssY
EiiippHHroooE
oUUUpphhhEisMMM
OUUpHHuuuAAAsMMMSS
iiiuuuPPhuuuIISST
UEPPhheeisTTTUCC
EuppphoiiSSSTIcallllly
EEuuPlllASSSttAAAc
EEEuurrreeeKKIII
aAARhyyTTHmmIIIC
uuuEEERhhhyTThhMMiiCSSS
AAAUUUrhyyTHMMMyyy
uuurrriippuSSS
Eaaari
EEUUUrA'SSS
uuUURRopppiiiMMM
eeeuRRooppoooUUUM'ss
eeEERRIsss
ooouuurryyPtuuurraaaD
EuuRyyyPPttteeeRRREEEds
ooUUUrrryyythhuuuRmmmAAl
eUUURRyttHmEEECC
eeeEERRYYThMMMiiiccSSS
eeUUSppuRaaNNNgggiiiAttEEE
EUSSTacY
euuuSSSTTAASSSyy
ooousTTaattOOOCC
EEIIITEEccctICC
auuTTTeeeccttAcccS
euuuTTiccTTTIIIIIIDD
eeeUThooNNOOSSSooEEE
uuuAAAtthaaannESSSOOOUU's
oouuttHHHAAnnOOOzzzE
EEEEEthhEEEnICCss
Euthhheniicss'S
eeeOthhhiiNISSTT
IIuuttHHHeeRRAAAANNN
eeeuuuTHHHeeeRRReOOONNsss
OOuutttrrrooophhIIIc
eeIItrroppphhuuuCCCAAAtttE
iUUTTrrOpHHHICaatuaannn
eeeEEExxxEEENNNUUUTTTUUU
OOOvAAcOOOaaaNNTT
eevvACuuuUUTEE
iivvvOcccIIIeeettteeDD
EEEvaCuootteS
EEvAACCCUUUATToooNGG
eVVVaacccuueeetteOOnnn
EEEvvveCCeeeUUUtOOuunn's
EEEvvacaaaoooTTAAaaaNSSS
evoocccUUUEeee
eevacccuuEEEE'S
uuuVeeCCEEueees
EEEvvuuuddObLLE
eeevvoDeee
oooVVADEEEdd
eeevvUdddaaRR
OOOVIIIDDDuur'ss
EvvaDDDErSS
oovvvAAAdddUUUSS
EviiidddINNg
eVVViGGaNNaaaTTI
UUUVVaaalUUeteee
EEvAAAlllUUAtttAAD
eVAAALLaaaatEs
EvvAAAlllUUUaatttIINGGG
OVAAllluAAATIOnn
eeeVELLUAAtuuOONN'ss
iVVVaaaLLLUUiiTTTEEOOOnsss
aVaaLUUUUtteevOO
EvaluAATTooR
uuVVaaLLaaaaatttorrrSSS
EEEvviNNAsscccaaa
IIvvANaasscEEdd
eeevvAnaassCCiNNCCii
eeeVVVEnEEEsssCCCEENCCUUU'S
uuVVVAANNNIssCCCaaannttt
EVVVenEEsssCCeeNTlllYY
AAvvvIINeesscusss
eeVoooNeSSSCIINNNG
AvvvAAnggeeelll
oooVANNNgIIILLiiCC
ivUnnGiiiLAAACCiil
EVVOOOnngUUULLAcccOOlll'sss
UvvaaaNNgggEELLLOCiiilliSSmm
ooVuNgggiiiLLLIICCIlIIISSmmm'SSS
EvUUNNNGEllaaCCCALLLlllYY
oovvvunnggellooocccAlllS
IVVVeNGiiiLiSSm
EEEVVaaaNNggiiiLEEssM's
aaaVVaanngELLLOOOsTT
EEEVooonnngggEllIIISSSTTT'S
EEVAAANggEELLLassTTTeeCCC
eeVVVANNggguuulESSSTTuuCAlLyy
AAvvvAAAngggELLLisssTTTsss
EVINgeLLiizeetaaeeennn
AAAVAAAnnnggaalUUUzEEE
AAAvvvooNNgEELLIzzzIDD
ivAAANNNGGELLLiiiZEERR
eVAAANNNgOlliiZuSS
uvAAAnnnGGEEELLLiizzzOOOnGG
EEvvANNNGeLLLs
eeevviiinnnuSHH
eeeVaapppuuuRAAAbbbLE
AAAVVVuppoooRRRaTTEEE
oVAPPOORRRaaTTTED
eeVVVaaPUUURAttis
aaVVAPPIRRaaatIIINNNgg
AAVVVAAAPPPoorEEtttiioooN
eeVAAppoorraaattIEn'sss
OOVaaPeeeRRAATIIvU
evaaPPPOOrIITTTooRR
ooVVVAPPUrraatttOOOR'SSS
iiivvaapaarrreeTTTOOrrrSSS
EEEvUUUPPOOOrriMMMETeR
eeeVVaaPPPORRRiiitee
EEEvvvOOOPPPOOORRuuuTTeSS
oooVVAAAPPOTRRAAAnSPPPiRRRATTiiiIn
EEVVVAAseonn
UUUvvaassIIIn'SSS
EEVVAAAssEEooonsss
OOOvvAAASSSIIIvvii
OOOvvvaaasIIIVVeLLLYY
uuuvvaaasssiiiVVaaaneesss
eeevUSSivAAAnnEEEsssSS'SS
eevviii
eevvve'SS
EEVVEECttioN
eeeVVVuuuN
EEEvvvUUUNN'S
EEEVVIInnEDDD
oovEEEneerrr
IvvUUUNNeeStt
uuvEnFFFuuuLLll
EEEvvANNffALlS
eeVVVaaaNNNHHHIIInnDDEEED
IIvvonHAAANDDeedddllly
oooVViNNhhhaNNNddEEdnnnUUss
EEVVVuuNinnngg
eeevvveNaannggg'S
IIvvunnnIInnGGGs
evEnnlyy
oVOnnnAssSS
EEVVEEEnNNUUUSSSSS'ss
eeeVVVeeNS
eVeeNNsssooonggg
EVVeeennnSSOnnngg'sss
EVEEEnnnTT
EVVeeNNNttt'ss
EEEVVaaNTFFFuuuLLL
UUUVVVuunnTffuuLLLLLYY
EEEvvvInTfffuullNNoSSS
IIVVVenTTffuuLLNNNessssss'S
EEvveeeNNNTTuDDi
EEVeenntUDE'ss
EEEVVaaaNNNtenGG
EEvOOnttS
eevENttuuAAAlll
eeevvooNNttAAAlooottiOSSS
EEEVVVeeeNNtAAAAAlIItyyy
EVVeeNNNtiiiUllItty'SSS
EEvvEEEnnTTTAAAoooLLlyyy
EEvEEENtttEEEaaaTTTEE
avviiinntttuuuATTTEEddd
EvUUUntUUAtteess
eeVVeeeNTUUUUTTiinnngg
EEEVaaaNNNtttuuITTTiiOOONN
oVVVIR
eeeveeergliiidddii
IIIvvaarggglllEEdeee'ss
eVVVErrGLAAAdaaaS
EVVEErrGreeeeN
EEEVaRggRREooN's
EEVVIIIrrrGGReeEnS
EEvOORLAAsssTTIINNNGGG
EvvviirrrLisssTTIInnGGG's
ivvvErrrlaSSTTTOONGGLY
eVaaRRlaaaSStttiiinGGss
UUUVVVOrrrlIVVVOnnGGG
oooveeRRRmmmARRRe
EvvveeRRssiOOOnnn
ivooRRsIIooNS
eeevEEERRtt
EEEvvERRtoRR
OVVVOOrrrY
avvveeerrryybbbUdY
EvvvEEERRYYYbbEEdYYY'sss
OOvEERRYYddday
aavERYYYmaaaNNN
AvvEErrryiNNNeee
eeVEERRRYoNEE'ss
ooovviRRYYYPPLOOOcEEE
EEvvviirryyttHIIINNNggg
eVVeerryyythhIInnggg'S
EVerrYwAyyy
eeevvveryyywHeereee
OVVESSS
EEvUUUCTT
EEEVIIIcctttOOD
EEEvvuuccttOo
IIIvICTToooNggg
EEEVVVaCCTTIIIOON
UUUvvviiCCtttiiOOnnn'ss
IIIVIcccTTIoNNNSSS
eeeVVVicccTTToRRR
IVIcccttss
eVVVIIDEncaaa
OVVViiiDDIINNce'S
ivvIIIDUUNCodd
aVidddEENcccESS
OOViDDoooNNNCCiiinnnggg
eeVVVUUUDDDEENNNtt
uVOOdddEENNttIIIaaaLL
EEEVViddEENNtttIEERY
EEvOODDDENNNtLLyy
eeVIILLL
UUVal'S
EVilddaaeRR
OOVVIllddOOOeeRR's
EEValllDDDAAEEERs
OVVIIILDDDIIinnnG
eeVVeeeLLDeiingg'SS
iiVVVILEErr
IIIVVVaLLessst
EvvvaalLLLooor
uuVViLLllussst
EvvilLyy
IIvvvUUULNuuuss
EEVoLnnESSs'SS
EEEvIIIllSSS
iiiVVInncI
UUViiiNNccceeeD
EvOOOnnnccESS
EEviinnCiiiBBlllEEE
aavvvaaNNCCCaaNGGG
eeevaNNciVee
eeevvUUUSCCeerrraaatEEE
IVIISScUUURoooTTTIDDD
eVVViSSScIRRRAAtuuus
EEVIScccEERaaattiiiNNGGG
EvviisssCCCirrraaTIIIAn
EEEVVVASScccOOrrAAATTuIIIN'SS
AAAvvvATAAAbbbLUUU
AAAvvOOtuu
evoooCiiBlee
iVVVIICCAtIIIUUn
IIIVVVAAACattOooon'sss
EEVVoooCCOttiiionnnsss
EEEvvOOOCCEEtIvO
aavooCCetiVVEEELLYYY
IIIvvoooCCCaTTIIvvveennnIIssss
eeVVOOcccitttooorr
eVOkkkee
EEEVikkkeeDDD
uuvvuuukkUR
eVVVUUUkkeeS
evOKiiinnGGG
EEEvvvuuulluuTTTe
evvOlUUtIIoooNN
eeevvUUULLLUUUttiiiIIINNN'sss
oooVoLLLuuuTaaUUNNNArrrIIILLyyy
EVVVooolllaaaTTeeeOOONNaryy
EEvolutttUUUUUUnnnISSSM
EEvvoooLLLuuuTTTIoonnnIIsTTT
EEVVVOOOllEEtttiiiOnnAAST'SSS
eeVVVOLLLUttiiooNiiistss
EvOLLuTTTIIIuuuNNNs
uVVVoolllVaaabbblliii
eevvOOOlVVooo
EEEVoollvoDD
eeeVVVOOllveeemmeeeNTT
eevOLLVVeeS
EEEvvooLLLVingg
ovEEnnnYmmmuuss
eeeVUUUlllSSSiunn
uuVVzzzoonEE
EEEWWAA
EWWWee'S
iiiWer
uuwwER'SS
ewweeRSSS
EWWuuuS
eeeXXX
EXXX'SS
EEExAAAbbbYttIII
eeXXXAAAbbYYYTIII's
eeeXXuuubbYYtEEES
eXXXaacORBUUtEEE
ooXXAAACERbettEDDD
eeXXaCErbAATTEESSS
eeexxacccerrbbaaTTooNg
exxAceRRbOOOTTIoNN
IIIXXXEECeeRRBBBATAAAONN'SSS
AAAxxxACCtt
OXXEEccTTuuBBBleee
eXXXicccttEddd
AAXACtteRR
eeexxAACCCTTuuuSttt
eeeXXUUUcTTINNNGG
UUUxaaaCttooonnnGlllyy
EEEXXXiiccttEEUN
UUUxxxeCCCttUOOOn'S
eeXXXeeeccTTTuuuttUUUDeee
EXXaaaCtteeeTuddee's
EEXECCCTTTllyyy
eeexxxAACTNNNeesSS
IXXACCCTnniiSSSss'S
eeeXXXiccctOORRR
eexxxOOCtttsss
ooxAAAGGGeRaaattte
EExxEEggggguuraaatttEEDDD
uuxxxAgggeeRRRAAATTEEEDLLy
eeeXXEGgggEEErrrAAAteeeSS
oxxxAgggiiiRRReeetIIInGG
eeexxAAggguuurrreeTTIIOnnn
iiixaGGgEERRRaatteeeOON'SS
AAAxAGGGgggeerrroootttIiiiNNss
ExxAAgGoRRIITTIIvvE
EEExxxaaaGGGorrAAtttooRRR
eexxaaggGGEEERAttoooR'SS
EEXXXaaaGGuraaaTooRRSSS
eeexxxaaaggggeeRRaaaTIIIrrYYY
eXXAALLtt
eexxxaLLLTTTaaatttIIOOONNN
EEExxxooolllTooTTTeuuuNN'ss
iXXAALLTEDDD
iiiXAlTiNNNgg
eeexxxOOllTSS
eeexxAm
EEExxxAAm'SS
uuuXUUmuuunn
UXAMMeeNS
eeXXAAmOnnnAAABlo
IIXXXooommEEEnUnnnttt
EEXXXaaaMMIIINNaatttiiiaN
aaxAmmmEnnATTOOnnn'SS
eexaaaMInnatttoooANNNAAALL
OOxxxooMMiiiNattiiIIInSS
eXXXaMInnOO
ooXXAAmmmEEnnnEEDD
ixxxAAAmmmIInAAEEE
EEXXXoMMMaNNeeaaaS
eeexxAMMINOOR
aaxxaamINNerrr'sss
eeXAMiiNNNirs
eeXXXAAmaaaneess
eXuuuMMInINGGG
UxxoomppplllEE
UUXImppLLLooo'sss
exiiimmPPLLEEED
ExAmPPleeesss
EXXAAAMPPPlIINNNggg
EExxaaammsss
OOXXeennaaMMAATTTuu
exxxaaNNNtttHHeeeMMMA
iXXaaaRRREEtttII
eeeXXAARRcHH
eeeXXArrrCChhaaaTU
UUUXXXaaaSSPeRRRuuutee
eXASppEERattUUDDD
aaaxxooosPeeeRAtttiiiDDDllY
ExxasssppEEERAtteesss
eeXasppErrIIIttteennnGG
eeXXaassPEERootttIIINgLLLY
UUUxxxaasspERRROTTTiiiooNNN
IIIXAASSSpppeeeRRRAAtIooonn'ss
IIxccaUUDDiiitee
eeexcavattaa
EEXcccaaavOOTTTIIddd
aaxxxcccUUVooottteeeS
oxxxCAvAAtttiNNg
EExCCuuvvaTTTIIooN
eexxcccOOVATTTIIooNNN'sss
eeXXCaaavvvUTTIOnnSS
IIXccIvviittERRR
ooxxCaaaVVVATaaaRR's
ooXXceeVaatttIRRRSSS
eexxxCCEEEEEEDD
eeXXXcccEEEeeeDeeeDD
EXCCCEEaaDInnG
AAxxxceeeEEEDDuuunnggglllY
EXXXCCCeeeDDsss
ExccEEl
UUXXcccIILLLLLLeeeDD
EXCCEEEllllllEEnnCCCeee
eexxxCCAlllloonnncciii'sss
IxcciiLlleeennnccciuusss
aaXXXCCELlEENNcccYY
iixCCALLLONCy'ss
EEExxxcccULlleeeNNNT
exxccceeelLLLEnnntttLyy
ExxCCCUUULLLLIIINNNG
IxxCeLss
eexxceeeLLSSSIIIIIrr
eeexxxCaaalllSSiIIRRR'SS
exxccOOppT
EXXcEpttEDD
UUxxxCCCeppttOOOnngg
EEExxxcccEppttiOnn
UUUxCCCEEPPtttIIIiN'S
eXXXcccEPPttiiooNIbLEE
IXccUUUpTTTiOOOnnaaaBLLLYY
EEEXcceeePPTTUooonnnAl
uuXXXCCCePttIOOOnollllyy
aaXXcappptttIIIoNSS
eexxxcaPPtttivI
eeXXXcEEPTTsss
EExxCCEEERRPT
AAXCCCEErrrPtt'SSS
EXXXCCCaRRptta
eeexxCuurrrPPPttUUd
aaXXXccEEERRRpttinnnggg
EEExccEERRRPTSSS
EXXXcceSS
eeeXXccceeSS'S
oooxxxCCCEEssssssEEESSS
ExCCCeSSsuveee
exxxcessSSSiiVVVaalYYY
eeexxxCCEEEsSIIvveeennEEEsS
EEXXXccEssSSSIIvEENNeeesssssiiiSS
EEExCChhuuuNNGeee
ExCCChaaannnGGGOO'ss
eXCCHHaaNNNggeeeaabbLLU
UXXXccHHinngggEEEdd
uxxccHHHoonnGGGeeRRR
EExchANguuurrs
iiixCCHHHaaannngggeeeSS
aaxxCCChhhenngINNNgg
EXXXccchhheqqqIIIEr
aaXXCChhhUUqquuuEEERRR's
OOXXCCChheQQEEOORRRSS
oxxxCCCooDE
eeXXCCCoooPPPaUNttt
UXXCCCIIsUUUbbbLLa
eeXXXCCiiSEE
OXXCiisssuuu'SS
EEEXXCCCEEsEEDD
eeexxxcccuuusssemmAAnn
UUUxxxCCIIIssOOOmUUNN
exCCOOseess
EEXXCUUSSIINNg
aaXXXccIISEEUnnn
oxxccUUSiiuuNNN'sss
EExxxCCCIIIsssiOOONNNsss
aXXXCIIITAAAbbiilllIIttyyy
eexxxCCITTuBBEEEllliiitttyyy'S
eexxCCCiiitttoBLLLee
OOXXXcIIITAABBBLLLeeNNNeeesssss
eeXXcccIIITTAABBBLLONEESSsiisss
eXCCCaaTTaabbLLLyyy
iixCCCItaaaNNtt
eexccciitUUUtAAOOONN
EXXcccEEEtttuTTToAAAnn's
EEXcitiTTTiiooonnnsss
EExxCCIITTE
eexccceeTood
EExxxCCaTooDlllY
uuxxxccitiiMMeeeNNNT
eeXCCateeeMeNNNTT'S
EEExCOOOTTTuummuunnntttss
AAXXccaaTTiiR
iixxCCEEteeerr'S
exCAAATTIIrss
ExxCUUtttASSS
Uxxccituuunngg
EEEXccitttEEnnnGLLLyy
EEEXXXciiToonnn
eeXXXccIITTTIIrr
oxxxclaaaUUm
EEXXXccllOOOiiimmmEEEddd
exccLLLIimmiiiNG
eexccLLLiiiuMMMSS
eexclIImAAAtttIIANN
EEEXCCLLOMUUTTION'SSS
uuXXXcLLoommmuuutiAnSS
ExCLLAAMMMaaaTToooRRRy
eexcLLLaaavvvooo
eeXCCllIIIssUUreee
EEXXCCLLuudduu
uuuXXccLuDDDUUddd
eeeXXccLLuuDDEESSS
EXXXClleddaNNNggg
OxxxCClllEESSOON
EXXXcLLuSSSiOONN'sss
ExxxccluusssUUOnAARRYYY
IxxxCCCLoosIIIaaaNNSSS
EEExCClllUSiiivvvEEE
eXXXCClloSIIvE'SSS
ExccllOOOsssOOOVVViiillYYY
EEExcccllleeeSSSAAvANNNesssS
EExxClllIsIIVENNNEEEsssSSS'S
EEEXXXCCLLuSUvvAs
iXXCCllisOOVOOOtYYY
eexCCLLUsssIIVVOOOTY'S
IIIxxccIGATTeeTTEEE
EEExxxcccOgggitttuuutttODDD
eeexxCOGGIItAAteesss
iixcOOOGGGettaaatttINNNGGG
EEExxcuuuMMMMuuunnIIICCCITTTUU
OOxccaMMMMMMINNECCCiTTiid
EEExxCCCOOMMMMMMUnIIcccoootEEEsss
EEExxCCCeemmmmmuNNUUUcAAATTTIng
aaxCCCOOOMMmmmOOONUUUCUUUTiiieeennn
OxcccUUUmmAAAnnniicaatttaaoon'sss
eexxxcccooommMAnnIcatiooNNS
uXXXcooMMmmIINNNIcccAATTiVVVe
eeexcEEEmmmMMAAnnnaaCCCeTTTORR
eexxCCIIIMMmuunniiiccAAATTToorry
iixxxciiirrIIIoootttE
eeexxxccAArEottEDDD
iXXcccEEErAAeeetttesss
eXccAArrrUUUTiNGGG
EEEXCCoorrrIIIaTTiOOnn
oXCCOOOrrrIIIutiooonnn'SS
aaaXccoRROaatIIAAANSSS
EXXcrreeMeentt
uuxcccRIIImIINTT'S
OOXcRReeemeeenTUll
EEExxxcccrrrOOOScAANNccA
IXCrrraSSSCCennCCEE'ss
EXXXCrrrUsssceNNCees
iixxccrrusssCCCiiiNNNccyy
eexxccROOOScccEnTT
exxCCCrEEtttaa
AAAXXXCCCrruutAA's
aXcRReetEEE
EEExxcrAtttaD
EEXXCRREETTeeSS
EEExCCCrreeeTTInnngg
UUUxCCCRREETTTiiiAN
EEExCROOOTTTiiiAAn'SSS
EExcrrrattIIUUUNNS
EEExxxCretttIIVVVEEE
eeexxxcccratooRRRYYY
EXCCRRAciiiAAATe
ExCCRRucccoaaattteDD
oooXXXcccruuuCoittteeesss
eeexxxCRRRocccIIAAAteeeng
eexxCCCrUUUCCCiaaatteNNGGGLLYYY
EEExxcccRuucccuatAeN
eeXXcccRRUUccouuutttiioNs
EEEXccAlllppEEtttEE
eXXXcccAAALLpaaattoDDD
AAxxCUULLpoooTESSS
EEEXXXCCCuuullPaatiiNGGG
ExxCUUULLPPooTOOuuuNN
uxxCCUULLLpppetttiiiiiinn'ss
exxcccIIIlllpAAttaaaRRyy
EEXXcuuuRRrEENtt
EEExxxCCCArssUUuuun
EExcUrrSSiiiinn'S
EXXcuuRsiiiENissTT
EEEXXXcIIRRSSiiooonnaaast'S
EEEXCCCurrSiionnnISTTSS
AXXCCCUUrrrssUOOnnSS
eeXXXCCCuuurrrSUvveee
eexxCCuursssIvvvoolYY
EEExcOrSSEVVeeeNNNeeSSSSS
ExccurrrSSoooVVeeneeessss'SSS
aXCCOORRRssiisss
IIIxxxcerSSSUUssAAASSS
IXXXCiiirrrvvviTTTAA
eeXXXCORVVAATTTuurrE
EExxxCCeRRRVVVeDD
eXXCCCOOOSSSablllEEE
eeeXXXccUUsABBBlly
eeXXcUUsssAATTTUUURRyy
aaXXXCCasI
eeeXXccooSSE'sss
OOOXXcUUSSeeed
aXCuSSSUUUrrr
eexCuuSSASSS
EExxxcccUUUSIInnGGG
exAAAtt
eeeXXEc
AAAXXXOC'SSS
uuXXiccRRRABBBLE
AAAxxIIccrrraBBBLLLYY
oXXXeCCRRRoTe
ooXXXEEEcrruutteeedd
EEEXXEEECCCRRReteeesss
IIxxIIICCCRRRuuutttIngg
EEExeeeCCrrrAtttioonn
OOXeeCRatiiiooNN'SSS
EEEXXuuuCCCRaaaTTIIVVVe
eexxxUCCRRaaTOrr
oXXECCCrAAATTOOOryy
EXXXEECCSS
ExEEECuuuttAAAbLLeee
EEEXeeeCCCuutttaaNNNt
eeexxxaaacuuuTeeNNtttSS
OOxaaccUtttEEE
AAAXiiicccUUTIIIDD
IXXXEEECUUttUUURRR
EEXXECCeTToos
EEExxxeccaaattUUNNNggg
UUUXXOCCUUUTiinn
eeXIcccuuTToooOON'ss
EXAccUUUTIIIOONNuurrr
uuuXXXiicccaattIIIeeenERRR'SS
ExeeecccUTiiionerrrSS
eexxxuucccUUtteeeoonSSS
EEEXXXEEccUUttaaVVOOO
aaaxEEECCCeeeTTTIIIVVu'ss
exxxeeeccATTTAVaaasss
EEXXXoocccuTTOR
EEXXXEEcceetoR'SS
EEXXXOcIIItttIIrriiiAAl
UUUXXXUcccIIITToooRs
ooxxxeecaaTOOOrrrSSSHIIIPP
OOXiiiCCCoTTTOOORYYY
UxxeCCCuttRRRicEEES
eeXXXEEECooTTTRRRIXX
EXXXiiCCCuTRIIIX'sss
aaaxxECAttrrIIXXeeeSS
EExEdRa
ixeGGGosssAAAs
exxEEEGGGeeSSSIIss
EEExxegAssass'ss
iXXAAAgOtttII
eXXXIIgaatEEEcc
IIIxxxOOOgUUTICCaalll
eXUGGAAttIIcccsss
eexxeeeMPPLLaaa
eXXXOMMMPPPlllAArrr
exxUMMMppLaRRR'SSS
AAXeeeMPPLLLAAArrrIILLLYY
EXaaammppLeerrriNNNaSSSss
iiiXXIMMMpplllAAArrrIIItyy
ooxemPPPLLLArSS
EEExxemPPLarrryy
iiXEEEMMMplIFeeecccuuTTTIIuuuN
exaammPlOfIcAAAtttOOooonn's
oooxxxeeMMMPLLiiifffaacccATTTiiienss
EEEXEEEmPLiiifIIccuttIVaaa
eeeXXooMPlliiiFIIEEEddd
OxuuMpliifffIIIER
OOOxxaaaMPPPLLuffIIIeesss
eeeXXXaMMpLLLOOOffy
EXXXooommppplliifffYIInnGGG
eexeemmppluuM
ExxxeemPPPTTT
UUXeemmmpppTiid
EXXXEEEMpTTTIIIBBBlIII
eeexxxIMppptttaaannnGGG
iiXXEEEmmmPPPTTIooNN
EExeeeMMMpppTTTiiiONN's
exEmmPPPtiiioonnSS
OXXeeeMMPPPtSS
IIXXXAnnnTeraTEEE
eeexxxeeqquuuOttUR
UUXuqqqeIIIEsss
IIxeqqqaY
exxxEErrcuuuSuubbblUUU
AAAxEErrrCCCOOSee
eeXXORRRCCIIsssII'sss
EExxxaaarrcccasseDDD
AAXERRCESSSeeeRRR
exxxUUURccceeeSERRR'SSS
eeeXXXuRCISSSeeeRRRsss
OOOXIRRRCCIIISSus
eeexeRCCiSSInGG
EXXEEErrrccITAAAtoooEnn
EExxxAAArgggiiO
EExxxaartt
EEXXXaaarrrTTTaaD
iixxEERRRTTTiiNNg
OOXXuuurTTTeeAAAnn
exxirrrtIIIaan'ss
axxEErTTTeeInsss
iiixxxARtss
EEXOOOSSS
OOOxeeUUUnnTT
eexffoolloooANNtt
AxxFFFAALLooAATTTEEE
EEXFooolIooTEddd
AAXffoLLLIIIATes
EEExFFFAAlllIIIUUUTOOngg
AAXXXFFFOOOLLLIIAAtttAOOON
iiXXFFFOOLLLAAoooTAVVVa
eeexffaaaLIIeeTTTooorrr
oxxHoolaaannnTTT
eeXXXhAAALATTiiiaNNN
ExxhhhOLUUteeon's
eexhhoolllOttOiiNNSS
EEEXXXhUUULe
eexxxhhhEEllleddd
ExhhhiiLLEEEss
eeXXHHaLLiinnng
OXhhaaaIISSt
oooXXXHHHUUSTT'sss
AXXXhhhAAAiisssTTEEEdd
eXXhhuuuOOsssTTIIIBIILLLIITyy
EEExxxHHHaaaUSStttIIBBllE
OxxhAAOOOSteeeng
eXXHHOuStuuooNN
IxhhheeUSSTTOOOOOnn'sss
EXhhhAAaasssttiiVVVUUU
EXHHHUUOSSTAAvvviilyy
UUUXXHHHAiiiSSttivvennneeSSSSSS
iiixxHiiiUSTTiiivaaNEEsss'S
uuuxhhhuiiiSSSTlleesssSSS
EXXhhAAAUUUstSSS
AXHHHibbbATTT
ExxhhIIBBBeett'ss
EEXXhIIBBBOOOttIddd
oooXXXHIBIIttiNNNg
EEExxxhIIIbbIITTTiiUn
aaxxHHUBeettIuuNN'sss
EEExhhiiibbEEEttIoNNNEEErrr
UUxxxhhibbiTAAooonnnEErs
uxxhhhEBBIIIttiiiOniiiSm
EEXhhaaabaaTUUOOnnniSSMMM's
oooXXhhiiibbItttIooonnnISSt
eeeXXXhhhIIIBBBUUUtiioooNNNISSt's
EEXXHHHIIIBBiittioNNAAASSSTTTIICC
OOOxhhhOOOBIITTTIoNIIIsTEcccAAALLlY
EEXXhhhIBBBIIttIIIUUNIsssTTTs
ExxxHHIIIbiiittiOOnnss
EExHiiiBBIIITTAAAVU
eeeXhhIIIBBBoootOOrrr
eXhhEEbbITiR'SS
uxxxhiiibIITTOOORs
uuxxxhhhIbbiiTTTS
OOOXXHHILLAARRROONNTT
ooxHHILLLArriiiTTEEE
AxxxHHHUULAArrreeetEEd
IIIXXhhhiLARRAtEEEs
aaaxxHHiiiLLAAARATTTIIInnggg
ExHHiiLLLAAARRaaattiiinGGLy
UUXHiiLLIIIRAAAttIIIoNNN
uuuxxxHHHIIIluuuraaTIIIiin'S
eeeXhhIIILLLerAAAttiiVVeee
iixxHIILLLirATTTiVVUUU
EEEXHHOrrrTT
ExHHaarTTAAAttIIIOOONN
EXhhhooorrtUUUttUUaaN'SS
eXXHHHooorrTTTAtttiOnnnss
EEXXhhoRRRTOTTIIIvee
EEExHUrrrtttetoorrrYY
EEEXXHoooRRRttEDDD
IIIxhhooRRRTTEErr
OOxhhooRRteeeNGG
uuuxxxHHoorrTTTSS
EEEXXXhhEEEMAAATTUUUoNNN
IXXXhhUUMMUTTAAAAAN's
aaXXhhhAAMMEttaaEEnnnSS
eeXhuumOOO
EXXXHAmeeed
ExxxHiiiMMMaaaSSS
iiixxHHUUmeeengg
exxxIIgggeeNNcEEE
OxxEGGeenncccEEE'SSS
oooXigggooNNCCCaasss
AAXAAAgEEEnnnccceeeess
eeeXiiGEnnnCCCy
ExeeegggEEENNNCyy'sss
uXIIggaaanTT
exxIGGAAABBBlEE
AXXiggguuuiiTYYY
eeexxxIIIgUUUiTTy'ss
eXiiGooooisss
eXXIIIguuuoouuuSLLy
aaxxuuuGGOuuUUUssnnnuusS
UUxxxIlle
eeexIllA's
ExxxIILEdd
eXXEELLLEEEsss
uuxxxuullonnnG
IXiiMMMEEooouss
EEEXOOnnnee
eexxIIssst
EExxiiissTTAAD
UxxiissTTiiiNNNCCee
eeexxxIIsTTTEENNcccI's
UUXXXAAASSSTeenncccAs
eeeXXaaSSSTeeeNNNt
EExxxEssteeenTTUUAll
IXXXissTTAAnTTiALLLIIIsMMM
EEXXIIISSTeeennntUALaaaSSSM'S
eexxxIIssTEnTIIEEEllIIISSt
uuuXIISSSTTTIINtttOOOAAALLLUSST'ss
iXXXIIsstUUUNNTTAAuuLLaaasssToc
EExisssTOONTTIaaalOOOSStttsss
eXIIsssTEnTTIIALLLy
exxxooSSSTUUnnnggg
eexiiiSSStS
OOOxuTTT
OOOXiitt'sss
ooxitttOOODDD
UUXXXIttunnng
eexxiiitttss
eeXXOObbooouuullOOOGGGiiisssTTT
OOOXoBBBiioLLLiiGGGYYY
EEExIBaaaolluugggy'SSS
OOxOCCCUUUrrrP
ExxOOcceRRRPS
eeexxxOOCCuuunntRRRaaccc
EXXoccRRRIIINNe
EExooodddoNNNTTTeeCS
EExxuuuDDDOONtttISTTT
eeexxxAAddINTIIISSTTSS
EEEXXAduuSSS
EEExxoooDDDiiiSS'S
exUUUDDDUUUSeees
eeXXEEEnZZZymEE
EEEXXXOOOeeeRRRggiiCCC
EEExOggOMMMiEEESS
IIIxxOOOgammOOUUSSS
UUxxxogeeMMMY
eXXXAggeeenUUiiss
ooXXeeeGGeeeNuUUUSlyyy
eeexoonn
UxOnnnoRUUttEE
eeexxxAAAnerrAAAteeD
EExxooNNNEERRRotEEES
EExooNNAArrrAAATTTiiinngg
eeexxONNNurrAAAtttiONNN
EXXXEnnnuRaaaTuuuOnnn'ss
EEExxxONUUUrrootttIIIve
ooXXOONEErrriTToorr
eexxxoPPhhhthhaaaLLmmmUUsss
eexoooPHHHTTHaaLMMMOOOsEEEs
UxxoooraaaBBLIII
eexxxOORbbbItttaaancccoo
AAAXXXiRRBiiiTTTAAAnnnCCCe'sss
AxxIIIRbiitAAntt
EXXXAArBIITTTAAANtLLYY
eexxxorrrcccOsEEE
eeXXOOrrrCCIIIssIIdd
EEEXoooRCiSSSoooSS
eexOOORCiiSSiiinnnGGG
EEXXXoorrCCCESMMM
ExxxERRcaaaSM's
EExxxOrCIIISSMMs
EEXXXOORRRcast
oXOOOrccIssst'SSS
UUUxxOOrrcccassstts
oooXXXUrrrcciZaaa
eeXXXaaRRCiiizzeeed
EEXXXARCCiizzEEss
eXXXeRccIIZZZEEnng
EEEXoorrrDDIIIem
eXXuuuSSSKElEtAl
AAXUUssKKeeLLLuuutttOONN
EEXXXaassskkkeelllEtenn'ss
EEXXXaasskkkeeelllEETTEENNNS
exxxeeesssMOOOSSooos
EEXXOOOSSSphhhAAARRee
EExxooossPPHHHeRAAA'SS
exxoooSSPheeRoooSSS
OXXXUUsssPPHHERICC
eeeXXXoooSSSPPPUUURee
uuXooSttesaasss
EExxOOOTTTOOOrrric
EEExxxoTTTHHirrmmALL
OOOXETTTHHOOOrmiiiCCC
iiixxxOOOttHHHErMMiiCCCAAALLLLy
UXXXooTTTic
iiXXottOOccc'sss
IIXXXAAATTTIIccOO
EExxxoootaaaCCCOLlllyyy
uuuXAAAttiiCCossMMM
EEEXXuuutEEECiiiSSmm'ss
eeexxxAAATTiicS
eeeXootttoxxINN
uuXppiiNNNddd
iXXpAnndddAAbbbOOliiTTTyy
eeexpppanndddObbbLLi
exxPuuNNDDeeDDD
EEXXXPPPoooNddErr
eexxxPaNDiNNGGG
iXXppANNNDsss
AAAXXPPPooonSSEEE
IIxxPPunnnsse's
EEExxxPPPOOnsAAASS
EEExxxpppAnsssOBBlEE
EXPPPooNNSSIIIllee
iiXXXPONNNSSSIIIn
eeXpUUNNNSIIIonn'S
EExxPPAAAnnnsssIIonnnAAArry
OOXXPPiinnsuuuooNNuuussm
EEXPPPiiinnSooONNossMM'SSS
EEEXpppONNSiiennnIsTT
OOxpppANssIuuNNiissstt'SSS
iiXXPUnnnSIoooNAASSSTTTS
eeeXXXPPaNNSSIIIIIINs
EXPPannsssiivEEE
aXXPPoNNSSiVEEElY
EExxxPPaannSSIIVeeeNoSSS
eeeXPPPiNSSSivvvEEnnnesssss'SS
UUxppOOOtt
eeXXXPPIIItttiiatEE
eexxppAATooAAAtoDD
AxxxpAAATiITEEEss
EXXPPAtttEEEatttEEEnnng
EXpAATiiaatiiUUnnn
OxxPPAAATiaaTTTieeeN'sss
EXpppiTRRReeeEETI
eeeXXPPAtrrooOOOtttee's
UUxxxPPAAttrriAAATUDD
UUXpppattRRRIIIuTuusss
eeexxxPAttRRUaTTIInnGG
ExxPATTTriUUUtAAAOn
iiixxPPATRRRIAtiooN'SSS
EEEXpppaaTTS
eeXXppACCCtt
aXXXPeccctttANCCeeeiiSSS
uXXXpAAcctUUUNNCCCY
EEXppIIIcTonnnCCCY'SS
EEEXpppEECCCtteeeNNNttt
IIIXpaaaCTUUUNNNttlllyy
eeeXXXppOOCCCttAAATTEEOONNN
EEExpppeecccTTTAAATTIOOOnn'SSS
AAXXPPeeeCTTTAtttIIIooNNeeell
eXppiccTTTATTTeOOOnS
EEExxxpppUccctttuuuddd
EXXPICtttiNNgg
ooxxPPPEEEccTTTaaarraaanntt
eXXpeeeCCCTTooorrruunttt'sss
EEEXXXppoooCCCtOOrrannTTTS
ExpUUUCCTOOOrrrUtee
EXXXPPacctttORRittEdd
ooXpppeecccttiiiRAATTeesss
eeXXXPPAAcccTTToooRRaaattIINGG
EExPPPECCTTTooorrrUUTTIIIoonnn
aXXXpeeeCCtoooRRaaTTIIIOn'SSS
exxxpppuCtSS
eeexxPPPeeeDIEEENNCee
ooxppeeDDDOAnnCuuu's
ooXXXpppooodIIeeenncceeeSS
eeeXXXppEdddIinnnCCCIIUUss
eeXPPUUUdddiiiEEENCCCyyy
eeXXXPPPAAAdiiiinccyy'SSS
eexxxPPeeeDDUUeeNNNttt
ExPPPIdiooonnt'SS
ExxpEEEDDDIENNNTTUaaLLL
EEXXpEdddOOOiiNNTTllYY
ixxpUdddieennnTTTss
ExxppiiDDDIItttA
EExxPPIIddAAtEEDDD
eeXXXpppEddIITeeer
IIIxpppeDDDiiitteeRR'ss
EEExxxPPPaddIIttterrSS
EXXXPPPOOODDITTESSS
ExxpppOODDDiiiTAANNGG
EExppOOOdiitOOOuuuNNN
EEExPeeDDIITTTiiioooN'ss
EXXXpEddIIITTIIooNNNAAAry
iixPPEddiiittIaaanSS
exxppEEEDDOtiiouuSSS
eXXXPPPidooTeeAAuussslllyy
uuxxPPedddaaaTiiioOssNuuussss
uuuXXXPodddIITiiiUUUuSSNNesss's
ExxpEEEDooTTTOOORRR
IxxxPPPeDDiiiTUUUrr'SS
EExxxPeeeDittIIrrrS
iiXpppeeLLL
aaXXXpeLLLUUBLLEEE
exxppeLllANNttt
AAAXXXPPoooLLAAAD
eeXXXPPPeellLeeII
EEXXXpuuullllllaaarr
eeeXpppeeLLlllOONNGGG
UXXXPPPeeLLLSS
AAXXXppeeennddd
oXXPPEEENNNDDDaabllAA
eexPPPonnDEEEBBLLLEE'SSS
EEXXPeeeNNDAABllles
EEXXpEEENdood
EEEXXXPPPeeNddderrr
AxxxPPOOndEErrrSS
oooxxxPPIInDDoNNGG
exxppeeNNDDDiiitttUrrreee
EEXPEEEnnnDDIIITTuuuRAA'SS
OOXXPPeeennndddoottIrraaas
EEExxxPPPOnnDDS
eeexPPiiinnssse
eXXPPPeeeNSSii'ss
UUUxxPPuuuNNNsssess
EEEXXppeeennnSSSiiivvvE
IIxxPPPeNNSSSAAVVELLYYY
iiiXPUUnnnssivanneesssSS
eeeXXXPaaNNNSeeevaaannnAAASSSS'SSS
AXXPooorrUuNcceee
eXppEErAiiNNNCCe'SSS
eexPPerIENNCCCeDD
EEExPPPIRRiiiuuuNCCCiiis
iixxxppuuuRIIIiiiNNNcccInggg
EXXXppOORIIAANNNTEEEAAAL
eexpEEERRREEEAANNttIELLOOOsMMM
eexxPPEEEriIntuuuaaallllllY
ExxxPPPiRRimmmeeeNNNt
EEEXXXppoooRRiiimAAANt'sss
uuXXPEERUUUmiNNTALLL
oooXppEriMMMOOnTTELLLiiSSSMM
eeXPPeRRRuummmoNNTeeLuussmmSS
oXPEEERRREEEmEEnnnTTALLLiist
aXPPPErrroooMMUnnnttAAAlllOssTSS
exxxpppEErreemeeeNttaLLIIzOOO
ExxxPEEERRRIMEEnnTTalLLy
IIIxxPPArrriiiMMMuuNNtttOteOOONNN
EEEXXXpeeRRRiiimmmaNNNttaaatttioNNN'sss
eexxxpaaaRRIMAANteDD
EEEXXXppeeRRREEMaannTTTEEER
iXXppeerummmeeennnTeerrr'ss
ExxPPPoorrrIImmEEENNTTaaaRRsss
EExxPPPeRRUUUMMMoontttuuunnnggg
EEXXXppEriiMMMenTTTss
aaaxpOOOrrrTT
oxxPPPaart'ss
exPERRRToSSSuu
IxxxPPEEErrrttIsssE'ss
AAAXpIRTTiSMMM
uuXXXppEEERtttiiiZZZAAA
eXXXppeRRRTlYYY
EXXXpIIRtNNeeessss
eexPeeRRRtttnnnEESSSss'sss
eeexxxppEEERRRTTS
aaaxxpppEAAAblUU
eeXXPPootteee
eeeXpiiaTeeeddd
ExxxpppIuTTTeess
EEEXXppIIIaaaTTTONNG
EEEXXXppiiiiiitEOOn
uXXpppIuuuTIIIaaNN's
iXXXPPuuEEtttoorrr
EExPiiiaTuuuRRRyy
UUUXXXpppIIrraTIIIuNNN
UXpIIReetaaaooNNN'ss
EEXXpUURROOTTTOOrrYYY
exxpoooREEE
eXpppiiRRRiiiD
UUUXXppAAARRAss
EXXXpppIIIRRAAANGGG
aaaXXXPPPIrYYY
EExPuRRY'SSS
axxxPPllIAAANNN
IxpplUennnuuBleee
EEEXXPPLLAIIInneD
uXXXPPPLLaaoNNErrr
uuXPllaInnnIInnnGG
AXXXpplIIIiinSS
eexxPLLLaaanAAAttiiiEEn
IxxppplannoottIIIOn'ss
eeXXPlllaaaNNAtiEENsss
EXXXPLLaaNNNATTToorrrIllyy
OOXpppllliinnnaaTTTOOOryyy
exxPPllAnnntt
Oxxxppplaaatttavveee
UUXXXPPPLLEEEttteVVVUUU'sss
EExPlllOOOttiivEEES
oooXXXPPPllIIccAbbLLLeee
AAAxxxPllacIIIBBlly
iixxplllAAcccaatOOO
EXPPLLoocccooTTAADDD
IIIxxxppllleccciiiteeeSSS
OOOXXXPLooCCCUUTinnGG
exPllIICCATTTAAUUNNN
EEExxppLICCCOTTooouuunn'SS
EEEXXXPLiccooottEEEiinnnSS
IIxxxpLECEEttiVVaa
eeXXPPLLLiiiCITarr
IXXXpppllICCCoottIRyy
UxxxPLLaaCCAAAttt
eeeXPlllICCCAAAtttllY
EExxxPlllACCCATTNNaSs
aaaXPluuuCCiiittnnesssS'SSS
EXXppLLuudAAABBBLLOO
eexxxPPPlllode
oxpppLLadeDD
oooXXppLLoddeeeR
exxxpLLOOODoorrS
AXXXPlllEEEduSS
EEEXXXplOOdOONGG
ExxxpLLLIoottt
ixxPPPLoettt'S
exxxplllOOOOOOTTTAABBlle
eexxxpppLLOOOiiiTTeeTiiaaN
iXpppLLLEaTiiiTTTaaaAAnnn'sss
UUxPPLuITTooTTiOns
eeexxPPPlUUuuutttOOTTTIvU
IxPPlUUUUtoooD
EXXPlOOiiTIrrr
ixPPlllooIttteerr'S
EEExxxppplllOeTUrsss
iiixxPlloooitttiinG
ooXXPPPlOaatttiiVVE
eexppLoitts
UUUxxxppplloooRRRaTTAAAAAnn
uuuXXPlOOREEEtiiOONN'sss
IXXXpLLOraTTTIIIoooNNNSSS
EExppLLLOORROOTTTeerryyy
uxxxpLLLORRE
exxPllEEEreddd
EEEXpppLLLoorrrER
oooxppplOrrrEErr'SSS
eeXXXPPPLLLoorrreRRss
EEXXXPPPLLorrrEESS
OOxxPloooreenGG
EEEXXppploosssIIOnn
ExxPLOsssiioooNN's
UUxxxPlliiissioNsss
eeXpleesssOOOVVVe
eeeXXXPPPleeesssAVe'SS
eeeXXXpppLeSSEEEviiiLLY
ExxpLLLOOSSSIVVVEnnneeSss
eeeXXXppLLLOOOSSSIIvEnnnEEssss'S
explllOSSSIVVoooSS
eexxxPAA
UXpa'ss
eeeXPPooneeeNTT
eXXXPPPooNNeeennntt'sss
EXXpIIIniNNNTTTIaalll
eeXPPoooNNNuuNttEEEALLLLLY
eXPPPonnnEEntUUUuttoooON
EEExxPPPoonnnOOONTTTeeeOOOTTuueeNNNS
ExxxpEEnEEnntss
eXXXpooNNIIIBBle
eeXpporrrttt
EEEXppArrTTT'ss
EExxPPPOORtIIbbIIIllliitttYYY
eeexxPPOrrrttAAbbblEE
EXXPooRTAAAToooAANN
AXXpoRtaaatttOOOoNN'S
eeexxppOOOrrrTEDD
eeXXPooorrTTTErrr
eXpoortEEEr'SSS
EEXXXpAArrttOORRSS
EExxxPurTINGG
eeXXpppOOOrrttsss
eeexxxppUUSS
UUUxxxPiSSE
ExPPUUsOO'SS
eeexxxppOOSSAAd
EEExppOOsaaarrr
ExxxPooSoooSSS
uXPPPIIISIINNNGGG
eeeXXpppooSittIeeennn
eXXXppeeesssaTTTIaN'ss
aaaxxppOOOsssiiitiiiunnAAALL
EEXXppOSSIIIttiiiONNNS
EEExxppiiiSIIItttOOR
eeexxxppOOSOOOTTAR'SS
OxpppaaSSOOtoors
aaXXppuuusssIIITIrryyy
UXXPoooSSSteeeLLEETaa
eXXXpOOOssttELLaaatttEEEDD
eeexxxpoosstttuuloTTEEEsss
eXXXPPoosttuloooTTINg
exxxppOsTTuuLLOOtaaiiinn
AAXXXpiiistttoLLoooTTioN'ss
exxxpppoStteeeLiTTuuuUUUnnns
iiXXpppooosttUUUllAtIR
eexxPPPIIIsstuuLATTOOrY
OxppOOOsssiiiRRRoo
oXXXPPOOOSuRRRii'sss
ooXXPPooossuuurreesss
oooXXXPPOEEEnnnD
OOOxPPoooaaNNNDDIIID
eeXXPoooiiinduur
EExxPOOIInndddeRRR'SSS
AAXXpppuueeNdaaRRSS
EEEXXXPPPouuNNNDDDIInGGG
axxPPPuuuuuuNdS
eeexxxppRRessSSS
uuxxpreeSSSs'sss
OOOXpppReeeSSSSuuugggeee
exppRessSSaGGGesss
eeeXpppRRRaSSSSuuuDDD
AxxxPPPRRREEsssseeess
AxxppprESSSssibblII
EEEXXPPPROOOsssssIIING
OOxppprAAAsssssOONNN
aaaXXPPPrOSsssAOOOnnn'ss
eXPrrrEESssOOOUUUnnIISSM
iiXXXPRUsssSSSuuuoNuuuSSMM's
eeexxxPrrraaasssSSSOOOONNiSSTTT
EXXXPPRRRESSSSiiiOOOnneeessst'SSS
EXXXPPPRREEESSSeONNNiSSSttiicc
eeeXppressiiOnnnISSSttts
EExxxppREESSSSOoooNLLEEsssss
IIIXpppRRReesSSSIuunnnLLeeeSSSSSLLYYY
aaaXXXpRRREsSSiOOnS
eeXXXppRuuSSiVVVe
eeeXXXPPPRResssssivveeellyyy
eeeXpppRRAAAsssIIvvaaaNEssss
OxppRRoooSSSSSAAvvvENNNassss'ss
EXpppRRReeesssSSSiivviitYYY
iiXXpppRRROOSSSSSSLLYY
OOxPPPrUUssSSMaaaNNN
EEXXpRREEsSWUUUYYY
UUXPRUUssssWWWAAAy'ss
EEXXXppprASssWaYss
OOOXXXpprrraaPRRRiiiAAATE
EEExxpppRRoooPPPrrOOOeeTTEEDD
IIIxxPRUpppRRROOOooottteeSS
EEXppRRROOPPPRRRaaaaatiNNgg
OOOXppprOprIOOtiiiEEn
EExpppriprrrIIIAATTIIOOOnnn'S
aXXXPPPrOOpRIIIOOOtiOONNNSS
eXppRRROOOpRRIaaTTOOrrr
aXppprrrooPPrriiattuur'S
EExPrrOPPPrreOOOttOOrS
eXpiiigggNaaaBBllE
UXXXppuLLSSSiiiOOnnn
aXXpppuuulllSSUaaaN'SSS
AxxxPPPaalssIooNNsss
AxxpppALLLSSSOOvE
oXXpUUNNccctttionnn
IxxpppooNNCCCtttuuoonnSSS
eeexxppInnGGGIII
AAxppeeennnGGeeeDDD
OXpppuuuNNgiiMMENNNTT
aaxPPPunGGuuuRRR
EXppunnGeeeSSS
uuuxxPUUNNGinngg
EXPPuuuRgggAAATTeee
EEExPPPUUrrrGaaaTTTEEEddd
EEXXXPEErrrggaaTToSSS
aaXXXpUUUrrGoooTTTINGG
eeexxxPUUrGGATTiiON
eXXppUUUrgAtooouuN'ss
uuXXPArrrGetttuuuoNSS
exppUrrGiTTOOOR
EEEXXXPPPIRGaatIIRy
EEEXQQQUUUiSUUUtee
eeXQUUUUUSSSiiiTAALLy
ExQQQiiiIIISSSIIITUUUNNesssSS
eeXXXqquuoSSSiTenEssss'ss
AAXXsAAAnngUaaNNEEtte
eexsseeeNGGUINNNee
ExxsscccAAnD
EExxxSSSEcccTT
eeeXSeeerrt
eXXXsIIIcccCCaaatiii
UUUXXSSTOPPPuuulAAAtte
EEXTANNTT
eexxtImmPPPeerANNooeeTTYY
ExxxTAAAmmmpppoooRRRooonEEIiSSS
EEEXXTTTEEEMPPOOORRRaaaNNNaaauuuusLLY
eeexxtttEEEmmPPuurrenIooeesssneeSSSss
EEEXXXtttIImmpppOOraaannoooeEEEssNNNisss'S
EEXtEMMPPOOORRRaarrriiiLLyyy
uuXtttEEMMPoRReRRIInnesssss
eXXtAAmPPOOORRRIrrryyy
IIIxttIIImmPUURRREEE
aaaXteeeMMpppOrriZAAAtttaooN
AxxteeeMMMPPOORROOzzzATTOOOnnn's
aaaXTOOmmPireezze
eeXTeeeMpppuRaaZZZEEEDDD
EEEXXTTTOOmmpOOOrrrIZZeeess
iiixxxttImmmpppUUUrrIIIZeeng
EEXTTTUUNDD
OOOxTTEEndddaaabbiilOOOtY
iixxtttENdaabbbLEEE
EExttEEEnDDDuDDD
eexxtiiinnddeer
EXTTTIIINDDDaaar'sss
eeexxxtttaaNNDDURRSSS
ExTTTUUNDaBBIIILUtty
axttEEENNdddiibbbLLLee
EEEXXXtttAAANNNDDiinnnGGG
eXXXtteNdddSSS
eeextOOONsssoooBBOOOlllIITTYY
ExtEENsIIBBllleee
oooxxxttteeennSSSiLE
eeexxxTTTeennnSSSiiiuuuNN
EEXTeNSSSAAEEENN'SS
eXXXtEEnnnSSSeeeooNELLL
eXXTTeeenSSIIIONEElllllyyy
oooxxxtiiNNSSSaOONNss
eeeXXXTTInnsssiiittyy
IXTTTiNNSSSiVVII
exxttEENNsoooveeellyyy
EXXTTTooonnnSaaaVVVANNNeeeSSss
eeextttEnnnsssIvinnnAAASSss'S
EXTeeeNNNsssoooMeTTErr
eeeXtEnnnsssEr
eXXtttEEnnnssooorsss
EEEXXXtennT
iXXXTTTIINNTT'ss
ExxttOOOnnntsss
EEXtttEnuuuaTaa
EEEXXTTTEEnuIIITeeedd
iXtttEEEnUatteSSS
eXXtteeeNuooTEENg
ixtEnnnUUUaattteeeIINN
eXXXTTeeNNNUUUAAtuuooonn'sss
OXtteeeNNuuooTUUUR
IxxxtteNNNUaTTTURy
EXTTTEERRRaaoorrr
EEEXXttEEErriiiOr'SS
eeexxTTEEERRiioorOOZZAA
EEEXXtERRIIoooRiizeeeDD
EEXttIrAOORRiiizEss
eXXXTeeeRRaaaErrraZZaNgg
eXXttteeeRROOOrrlyyy
eeeXTeeRIeRRRSSS
aaXXtERRRMMMUUnnnAAAtii
EEXXTTTeerrrMMInAAAtttiiiD
oxxxTErrrMAANNAAtttEsss
eeXTTTuuRMMeeNNaTTinnngg
EEEXTTTuuuRmminOTTTiiOOOnn
exxTTTEErrmmANaaaTOOOOOON'S
eeeXXXtttERmIIINaTTTIAANs
eeexxxtterrmmooNNNeeeTIrr
EEEXXXtermiinnnUUUTTTaRRR's
ExTOOOrMMiinaTTIIIRs
EEEXXXtttEEERRRMMuuunAAATOrYYY
Exxxterrrnn
eexxxteRnnnOOOL
eeeXterrNNNaaLLL'SSS
aaXXTTEERRnnnaliSSSMM
uuuxxToooRRNIIIlllItAAiiSS
exxtterrnnIlETTTyy
EEEXXTEEERRRNAAAlIIIZZZAAAtIIoooN
UUxxttEErnnnAALLLuzzeTAOOOnn'S
EEEXXXTTUrrnnnaaLLLazaatiiiUNNSS
EXXtERnneeeLLazza
eeextERnnnoLLiiizzzoDD
EEXTTToorNNNaallIIIzzeess
eeextttiirNNalllezAAANGG
ixxtErrNNAlllLLLyy
eeeXXttooRRnnAAlllsss
EEEXXTTErNNS
EEXTTTEEERRoocccEPPTTOrrr
EEEXTOrRRRIItttOOORRRIeLL
eXXXttIIINNcccTTT
eXXXTTTONNCCttedd
eeeXtiiiNCtINGGG
iXXXtttINNNccttUUUOONNN
EEExtttOONNNctteeEEN'ss
UUUXXXttteNNNccTIooonnns
eeXXXTiiNNNCCCTTUUUVVuuu
EXXXtttunCCtS
EEEXXXtttEEni
ExxxtIIINNNgOOOiiissHHH
eexxtttiinnngIissHHHAABBBLLLEE
EEExxxTUUUnngggUUUeeSHEEEDD
UXtuNNgggUUiiiSHOOrrr
oxTTTinnnGGGuIsshhhEEERR'S
EEEXTTInnGuuissHaRRSSS
eexttIIINNggAiSSShhhesss
uuuxxtttINNNgEUUsHHHIIIngg
UxxTTooorPPAAtee
EEExttiiirrpppaaattEEdd
oooXXTTiiRRpOOOtess
ExxtttUUrppuutttOOONg
EEExxxTaarPPAAttIIUUUnn
eextuRRpaaateeeoooN'sss
IIIXttIIIrrPeeTivvE
iXXttEEERRRPPuTuuur
EEEXTTOOll
IIIXXTTTEELLlll
iiiXXXTillllOOOD
uuuXttOOOLLLLeeerrr
eexxxTollLLLERRRS
EEEXtttoLLLLLLIIInnG
EXXtOOLLlllss
eeXXTTOLLMMMeennnT
uuuXXTTTAALS
EEXXttIIIRTT
IIxxteRRtAddd
eeXXXtoooRRRttIIIr
IXXTTTOOORtttOOOnnGG
uxxxtOOrrrTTTiOOn
eeexxxTTuRRRttIIOOON'SSS
eeXXtttOOOrrtttEEoonARRy
UxxTTTooorrrtooiNEEtttOOO
UUXXXTOOOrrrTeeoNNNOOTTeeellYYY
eXXTTOrTuuuoooneRRR
UUUXXTTooRRRttIIOOONoooRR'SS
EEExxttiirrrTOOoNNNeRRRss
IIIxxttOOOrTTiiEEEniiiSttt
eeeXXXttoRRRTEEEooNNIIISSSt'ss
aXXXTTTiirrTTTaOOOnISttts
eexxTTTOOORRRTTTEEvvvEEE
ooXttOOrrrTS
eeXXttrrraa
ExxxttRRIII'SS
AxTTTReBUUUllDDD
ExxxtttroocAAANNoonnICCEEEll
iiXXXTTTrOCCeelLuuLaaaR
eXXXttrAACT
OxxttrrrAAcct'SSS
exttRaaaccctttAAAbbllee
EEExxxttRRReeeCTed
eexTTTrActttIBllli
oXTrrUUcccTTTinnnG
aaaXXXtttRRUUcctEEEEEn
OOOXXTTRiiccTeOOOnnn'SSS
aXXTTTrrrAAACCTTTiiiAnnss
EEExxxTTRRaactttiiiVEE
UUUXXTTRUCCTTTIIRRR
iXXtttrrrAAAccctttooR'ss
uxxxTTRRRacccTOOORSSS
EExxxtrruCCtsss
UUUxtttrrAAAcUUrrrrroooCUULLLaaarrr
AAXXXTReDDDiTTUUUBBlllEE
IIxTTRRRadIITaaa
oxxxttrUUDDOTIdd
aXtttrrrADDoootttOOOs
eXXXTTTRRAADDDOOtttingg
extttRRaaaDiiiTTIOnn
IXXXtRRUUUDDeeettIIIIIn'sss
iiixtttRRRaaDatttiiiOnnnS
eexTTTrraaDUUS
eeXXtttRaaddooSSSOs
EExxtttREgggAlAActtiC
UUUXXtttrrojjjUUdOOCCCIIil
eeXXttraLLLUUUGGGaLLL
EEExTTraaLLuuuGilLLY
eeexxxttRAALLLIINGGeeiiiSSTTeec
iiiXXtrrOOOmaRUUUTTTaLL
IXXXtRiiMMUUNNNdANNNEE
EXXTTRRRaaaMMMuuurrrAALLL
IIXTTTRREEnEEEouuus
EExxxtROOONUoUUSSllY
EExxTRIINiiAAAuusssNNESSSss
iixtttrUUNEEEAAusssnosssiis
EXTTTRReeenuCClllOAARR
ExxxTTTRRRuuuardddinnnUUUUree
oxxTrrraaArrrdddUUNNaaarrEEELLLY
eexxTRRReeiirrDDDIInAAARRRy
EEExxttRRRapppOOlAAAtEE
EEExTRoooppEELLLooottUUddd
UUXXXttrraaapppOLLLAAtttIS
iiXTRRRaappOOlllatIIINNGGG
UUXXtttrraaapolllaaTTIIaann
ExxxTRRRAApIIILAATTIIIUNNN'SS
ixxxTTRREpppaaLLLaTIoonnnS
eeeXXXtruupppOOllAtIVVVaaa
EEEXttrrrePOOLAAttAAAR
exxTTTrrraaaS
EXtttRRRiiisssenSSORY
eXXTTRRRAAAsIIILLLORRR
ExxxtRRRAASSSYSSSTTillooo
EXtRRRUUttuurrrEESSTTrraaAAAl
AAXXTTTrUUTTEEERRRRRReeSSTRRRiiiIIIl's
EEExxtraaTuuurrRRESSStrrriiiAAllss
eeeXXXttRatttErrrrrITTOOrIeeeLL
EXXtttREEETTTeerrRRiiittOOOrruuuuulIIIttty
ooXTTTRRRaattteeerRRRetttooRRRuaaLuuTyyy'S
EEXTTTrrrAAuuTTuuurrrOONuu
IIXXXTTTrAvvvaaaGGGeeennnCEE
exxTTTRREEVVVogggiNCCEEE'ss
ExxxtRAVuuuGGAAnnncoooss
eeexxTTTRoVAAGGGaaNCCCY
AAAXTRRREVVVUUUGANNNttt
extttrrAvagggiiinTLLLyy
exTRaVVViiiggonnZZZII
ExxtrivvvUUGeeennnZZa'S
EExxxTTRRaVUUGoooNNNZZZAAASS
eeXXXTTrrraaVVVAAGeeTeee
AAAXtttRAAvvAsAATTEE
OOxxxtttrrruvvAAASOttedd
EEXtttRaaaVVAAAssATTEESS
eeeXXXTrrrAVVAAssAAAttiinnnGG
AAAXXtRRUvvvAssAAATIIIooonn
EEEXTTReeevvvEEESSSCCUUUllEErr
oooxtttrUUUVeeehhicccULLOOOrr
EEExtttrrrAVEEErrrSSAAAoNN
AXXXtRRRAAAvERRRttt
ExxttRRRAAAvvEErtt'ss
aaaXtttRRiiiVVeerrTEEDD
eeeXttRooovvveeerrTss
EEExTRaMMaa
eeexTrreemee
EXXXtttRRREEmmee's
IIXTTRRUUUmmeelllYY
ooxxxtttrUUUMMMaaNNNISSSsss
EEXXXTrIImmeeniisssSSS's
eXtrroMER
eexxtRRReeeMMMEEES
AAAXXXttreeemmEESSTTT
oooXXXTTRRRammmIsm
ooXTTTRREmmEssmmm's
AAXXXtttremeST
AAAxxxTTrrrOMMISSStt'S
eeXXtttREMMuusTTTss
EEEXTRRRammitiiiiiS
EExxtRRuMMMIIIttty
eexxTTrIIMMiTy'ss
UUUxTTTrrAcAABBllI
EEEXtttrrriicAAAteee
IIIxxTRiiCCATTTeedd
eexTTriiiCCOOOtttAAAss
iixxxTTrruCaaTinngg
ExxxtttRIIIcccAtIOOONNN
iiXTTTrrrAAccootttiiiOnn'SS
OOOxxxttrrUUnssIIccc
AxxttrrriinnnsssiCCCoLlllyyy
UUUxtRRIIIrrrSSSI
exttRRRIIVVEERssIIIoNN
ooXXtrovvvIIRRseeeOOONNN'SSS
EEExxtttRRRaaavuuRRt
eexttrrrEEEvveRt'ss
EXXXtRRRUUUVeeeRRTTEEEDDD
eeexxxtRRAAVVEEErTTTsss
EEXXTTTruuuDDABBLLEEE
EXTTRRUUUddEE
OOOXttRRRUUDDoood
UUXttRRuuudeeerrr
aXXXtttRREDDeeS
EXTTTRRRuudddIInG
exxTTRRRUUUSSSUUULLLE
UxtttrrIIIsOOOiiiNNN
iiixTTRRRUsssionnn'SS
aXXXtttRRRUUUSSIIIaaNNNsss
EXXXTTTRRUUsivvvee
EExxxOObeerUUnnCCUU
exuuubbEEErrruuuNNNCEEE'sss
IXXUUBaarrAAANNtt
eeXXXOBBBeRannTTlYY
eXEEBEEErrraaTTTo
uxxidddUTeee
ooxIdAATTEEESS
eeexxoddOTTTiiiNNN
AAAxxxuudAATToooAAAnn'ss
ExxIDDaaaTaavvEE
EExxxAAADDO
uuxoDDedd
eeeXuuudeees
iiiXXooodiing
EEXXXollTT
OOXXUUUlllTTTAAnTT
eexxuuLLLTTTaantllYY
iXXXulttaaaTTAoooN
eeXXuuuLLLtIIItttiuuunn'SS
EEExxaalllttEEdd
exxuuLLLTTTiNNGG
exuLLTTEEnnngLY
AAXULLLtttSSS
oxOrrbb
EExUURRb'S
exUUrrbbbaannn
eeXUUUrrbbiNNITEE
oXXXOOOrrbENiitttUUU'SSS
aaaxxaaRRbbbAniiTTTuuSSS
OOXXUrbbIIAA
eexxxUrrBiiiA'ss
AXXurbbsss
OOOxxxUUvUUAAAEE
EEExuuVVVIIooTTTe
eXuuVViiiATTEEEdd
AAAXuuVVAAAaaatttees
ooXXEvIIIaTUnnnGGG
eeYYAAAsss
EYYYaasssess
IIyeee
iiiyyya'ss
eeeyyyeebEEELLl
aYYYEEEbbbAAAlLLL'S
EyyyoBBBeelllled
UUyyebbbiiiLlEnnnGG
oyyUUBBOlllLLS
EEyyyEEEBBEELTTT
eYYYeeBRRRUGhhTT
eeeyyOOObbbRAAWW
eeeYYYEEEBrrrIW's
EyebbrrAAAwSSS
iiYEECUUUP
EYYYuuuCCUppSSS
IIYYYEEddd
EEYYYADDrrropPPeeR
uuyyEEEDDDRROOPpEERR'S
OOyyIIIDrreepPeeerrrsss
AYYeFUUULL
EEYYYoFFFUUll'S
iiiyyyAAFUUllss
EEyeeeGGllassSS
AAYYYEGGGLLLaSSSss'SSS
EEEyyyeeGGLLaaSSSseeesss
eeYEHHolEEE
EEyyEEEiiNGGG
EEEyyoLLLeSSSHHH
eYYullAssHHH'S
aayyeeleeSSHeess
oYYeeeLLEESSS
EYYYaaLaaatt
EEyyoLeeTT'SSS
EEEYiiilllOttAAErrr
eYELLeeTSS
eeyyyAAAliddd
EEEyyuLLiiDD'SSS
EEyAAAlaaDDsss
UUyyyEELLINeeeRR
AAYYEEELLiiiNArr'ss
EEYooLiiiNNNEErrrsss
uuYYYuuuooPPPEEEnEEr
EEEYYEOOOppEENNNErr'sss
eeYiiooppEENIIRRRS
eeYYuUUUPPuuuNUUNg
EEEyyyeeePPaaaECCCee
UUUYYYEPPIIIeCCOOO'sss
EYYYIIpiUUccuuS
EYYYEEERR
eYYYEEEs
iiYEEEsssHHHadooo
eYYYEEssshhhAdEEsss
uuuYYOOOsssHHAAADDeeWWW
ayuuSShAAddOOWWsss
eyyyoosshhoTTT
EEyyeeeSSSHHOTTs
EEYeessIgggHHttt
IyyyUUSSSuugggHTT'S
EEEYooossOOOREE
EEEyyISSerEE'S
OOYYAASEEEReeSSS
ayyEEESPPAAATT
eeyyEsPPPUUTTss
EEyesTTTaaalllK
UYISTTRRaaUUUNN
UyyyOOsssTRRRuuoonn'SS
uuuYEEEtoooAAAthhh
eeeYYATTTeeotttH
OyyyaaaTToooOOOTH'sss
eYYAweeesssHH
EEYYYeWWWaaassHH's
iiiYYEEWuttnEESSss
uyyyeeeWWWIttNNNIIsssSS'SS
IIYYYeeewwwEEttnnIISSsEsss
iyyIINNNG
OOOYuuTTT
uyyRRa
EyRUUsss
EEYYYRo
Oyrrruii
UUyyrrrIeee's
EYrAARR
f
Faa
fa'SSS
ffuuuB
ffEEbbiicccEEEIIUUUss
faBBBLLee
fffuubbbLLEE'sss
FAAABLaDDD
fffaabbblliiiss
ffABBllIIIuuu
fffAABLLIaOX
fffabbRIIIcc
fAAABBBriiCC'SS
FFAAABBBRRiCCENNtt
FFFuuuBBRRRUCCEEETi
FFuuubbrICuuutttaaDDD
FAbbRiiiCuuTeeeS
FObRiiicccaTInG
fAAbRIICCCeTTIIAAANN
fffuBBBRRIIccUUTuuonn'S
FFAAbbbRiiiCootIIiiNNNss
FFAAbbRRIcccaaatARR
fAbRicccattOOrrr's
FFAAAbbbriicAAAttoRRRss
FFABBBRUUCCs
fObbbUULLLIISSSTT
fffOBBBOOOllIIStsss
faaaBBBulllEEUSS
FaBBBUUlloooooosssLLLyy
FaaabaaLLuuuuSSNNeSSSS
fAAAccceeDDDUUU
FFFAAcAAddE'SS
FAcccaaadEEsss
fAAACEEE
fficceee'ss
faCCiiiCCClaaaThh
ffAcccECCllloTThh'SS
fffIIccceeCClllooTHHsss
fffacccEddd
ffaaccciiiddoowwnn
FFFeeeCeeLLLOOssSS
FFFAAcEEELOOOFFFT
foCCCILIIFTTT'ss
fiCCCAAALLAFFTTTsss
FFFeecccEPPPllaattE
FAACCeeeppplllaaaTEs
FFFEEEceerrr
fffiiiCEEErrss
FFUUCES
FaaciiT
fffaccETT'ss
fffiiCeeTTeeed
FFAAACEEETTTOOOIIII
fffaacccOTTTIInngg
FFAAceetEEEOOUS
fffaaCCCEEtIIOOOUsssllY
ffooCEttiiiIIUUsneSSss
ffaaccciitttooOUUUssNiiiSSSSS'ss
FFFOOOCCeettsss
ffUUUcccOTTTTEEEdd
fffiiiCeettTTInnnggg
fffaccceeeuu
ffuCCOOOiIII
FFFIIICiAL
FFooCCCUUaaaL'S
FFaacIIAAALlllYY
fAAcIIIUUULss
fffacciiiUSSS
FacuuuoSS
fffAAACillle
FACIILLLAAAly
FFFuCCAAAllaaanneSSs
fffAAccoLLLeeetaaTTTEEE
ffuCCaalllETuTTTEEd
FFFeecccuuLLLuuuTTAtUUUs
fffUUUccceeelllUUUttAtIInGG
FAAAcciiillaatttattiiiaNNN
FFIIccolatuuuTOOOOONNN's
FaCCIIlIItttOOOTTTiivEE
ffeeCCiLLIIToootttOOR
fffaccuuuliiitaatiiirr'S
FFaCIIlllIITTTAAATiiiRSSS
FFFaaaCCullIIItITTorrrY
ffACCCuuuLIIttteeeess
FooceLLLOtttYY
FFFIICCOOOlliiitYY'SSS
FuCCCiinGG
FFuuuCCInG'sss
ffAccciiinnngggS
FFaaccSSImmIIILLI
FAAccSSOOmmille'SSS
FaCsimmIILLLaaaDD
FAAACCCSSImUlEEaannGGG
ffIIIcSSSiiMMMIILIIs
FacccTTT
FFFAACTT'SS
FAAACCCttiiooNN
foCCtttIEn'ss
FFaaccTEEEoNNoool
FiicTTTOeennaaaLLIIssm
FFOccctttIIIIIINNNEEllesmmm'ss
fffaaCCTIIIunnss
fffEECCTOOUUAAAsss
ffocttieeusLLLy
FIIcTTTiOuuussnEEESSSSS
FacTTTUtttiUUS
FiiCCtttiTTiiIIussllYYY
ffAccctITTAAauusssNNNesS
fffaaacccTeeetiiivu
FiiCttUEEDD
fffaaacccToiiiD'ss
ffacTToIIDS
FucTTORR
fffuuuCCCttooRRR's
FFFaCtttOOriiGGEE
FeCCCttOReeeDDD
FFFOcccttORRiiiIIILL
FFAAAccTTTooRiILL'S
fffAcctttAArriiALLLss
FFFoCCTToRIIIeSS
FuCCCTooorronnGG
fffAAACCCtttoorrEEEzaattiOOnnn
FFUCCCtteeRIIZZAATTTiioooNNNSSS
FFaCTTTERRIIzu
FFEccctttEERRIIIzzzEEEDD
fffAACCCTTTOORRRIZZIIIsss
ffAAccTUUURRuzangg
fffAAACTTTOrSS
FAACCCTTTIIIRRy
ffEECTOOORRRy'SS
faaaccToootttiMMM
FFaaaCCTOttEm'SS
FAACCCttOTTUUUmmmSSS
ffaaaccTTTS
FFFOOctttuuAAl
FACtUUUAALIItttIIes
FFFeeeccctAAAaLLiTTYY
ffaaacttuuuAAAlllllYYY
fffAAACTTUUUraa
FAAccuuulllAAA
FoocccUUULttAtttIVVE
fffocIILTIIeeeS
FFocccuuullttyy
faCULLttY'sss
FFFeeDD
fAAD'ss
FaDDddIInnnAAAssS
FFFAdDiiiSSHHH
fUUDDDDuuuSSHNNOOsssS
ffaaaddddddiiSStt
ffAAADDDDIIISSttt'sss
fffaaaDDDdIIsssTTTSS
FFoddDyyy
fffAAADDA
FFOODDe'SSS
FFFaaaDODDD
FFFAAdddELLLEEsssss
fffaadUUUooOT
ffuuuDDDEEEOAAAtttSS
feeDDDeeeR
faaadddEsss
FFFaDDgge
fffuuuDDIInnnGGG
FFaadddingggSSS
feedOO
FFAAdddss
fffOOeeccceeLL
FFIIECCUsss
foaacccEEESSS's
ffOooonnnAA
ffiereeeEE
ffaaaUURRIIIUUU'sss
fffaaaoooRRiiieeeSS
ffIIIEERRRyyy
fffuuuERYYY'SS
FFFAAAFFf
fffaafFFodd
fEfffffUUnggg
fffAAfffffS
fAAggg
fag's
FaaagggiiCCCEEEIIiSSS
fffiiiggaD
ffaaagggGGGiNg
FFaaaGGGGaaT
fffAAGGGGGOT'SSS
fUUUgGGOtIIIng
faaagggGOOOTTTs
fAggeT
faaGGGOOOTT'ss
FAGGGottiiiNNNGGG
fffUUUGGGaaattts
faaGGSSS
FFFAHlllBBAAAnnnDDD
fffeILL
ffIIiL's
ffAAAALLaaad
FFIIAlOOONGGG
FFFaaaAAALLLiiNNNg'sss
faeeLUUnngggsss
FiiooLLOO
FFiiIlllEE'SSS
FAAAiiLs
FAAAiiiLLLaRREE
FUAAllluuuRRaa's
FFFAiilllURREss
FIan
FFFAAAiiiNeeRRR
fffAAIINNNiSSStt
FFFIIinTTT
fffeeeuuuNt's
fffAOnTTad
fffaOOONNNtteR
faaIIntEEsttt
FFFaaIINNTHHeAARRtt
faaennnttHeeeARRRTiddd
FAAUNNNTTTOOnnnGGG
fffaaUUNTTTLLy
FAAAUUUNNNTTNNNEESSSS
FiiinnTTnneessS'sss
fuuuIIINtttS
FFFeooonéEENNTT
FAiiRR
fffAIIRR'ss
FFaaaARRRErrr
fffAAAIrOOSttt
FaaaiiRRRGGReeeUnd
ffAAAIIrrGGrrroooUUUnnnd'ss
FaaIIRRRgggRIIUUUnnDs
fffaaArIAAASSS
FFFaaORIIING
fffIIIIIrrIINNNgg'SSS
fffooouurrriiinnnGSSS
FFuIIIRROOOsssH
faaaaRRleOOODD
FFIIuRRLLooaaaDDDs
FFFuuuuRRRlllY
FFiioooRRRNEsssss
FaUUURNNNEEssSS'SSS
faaaiiiRRSSS
fffIIIeeRRwwiYYY
FFUUAAArrwwwAY's
fieRwwAAAyyySSS
fffOOOIIIRRRy
FaaIIRYY's
FFFaIIrryylllUUUnnD
FFaiiiryyLLAANNddd's
faiirrryyLLLannDDDS
FFFAAAoorrrYYYTAAAlluuu
ffaaaiiiRRRYtttaaalEESS
ffEEiTTH
FFAEttthh'SSS
FFAAITThhhFELLL
FuuuiiThfffuuul'sss
FFiiIIItthhhfUUllLLyyy
fAAIIThhFEEELneeessss
fAAAuuuTTTHffULnnnAAsssS'SSS
FFFIIIiiiTTTHHFFuuuLLSS
FFAiiitthLLeeSSss
FAITTThllesSSLLLYYY
ffeiiTTTHHHLLLEEEsssSNeeesS
fAAiThhhlllIISSSSSNNuussssss'ss
FFOOOIITTHHHSS
fffAAAitttOOOr
FIJJitttaa
FooJUUTaaa'SS
Fuuujiiitaass
fAAjjiittEEEss'S
FFIIIKE
fffUUUkuu'SSS
fffeKeD
faaakeer
FFFaKKoRRR'SS
fAAkEEERRUoooSS
FFIIIkAAArrrs
FFFeeKuuurrY
FFAAkEEEsss
FFaaakkkeennnGGG
FFiikIRRR
FFaKKKiiiR's
FFFaaakkkuuurrS
fffolAfffaLLL
FFaaalAAAffIlS
FaaaLLBBBAAAlllEE
fffalCCCIItEE
faaaLLLchhhIIoNN
fAAllCCCHHiiiNSS
fffAlllccciiFFeerM
FFFUULccUNN
FFAALLCCOONNN'SS
ffuuulllCCoonneeeRRR
FFallcaNNUUr'SSS
FFFeeeLLLCannuuuRRRs
FFalCONNNaattt
FFFallCCCooonniiifOORRRMM
FFFaLcIIInnRRyy
FFFAllcccuuunnnryyy'SSS
FFaalCCooNss
FALDDDssTTooaaLL
FFAAlLLL
faaLLLLLL'SSS
fAlllLLaaaccciiiEs
FuLLLAAACCIIEEEeSSS
FFFaaaLLLAAAcIOOEESSllYY
FFFaallllllaCIIooASSNNNeeesSS
fffiiiLLllAcciiiOuuSSSNNNeessssEEEsss
FAAALlaaCCCyyy
fffUlllLAAcccYY'sss
FaaLLLLLLALLL
FFaLLaaaLLLss
FFFaaaLLLLLBBBAAACKK
ffALLLLLLBOOOCCKSS
FFaLLLLLEN
fUUULLLLLOOORRR
FFoLLLERRRs
fffAAAlLfffUUsHH
fffAllllabIlOOtyy
faaaLLLLLaaBBIIIllUtyy'SSS
FFOOOllLLeebLIII
FFaaalllLLLiBBLLInnEEESSSS
fffELLLiiiBLLLEEEniSSS's
FFFuuLLLluubbbLLyy
FFFeeeLlliNNg
FFAAlLLOOfff
fffoolllllooofffff'SS
fffAlLLAffffS
ffAAlLOOOooott
faLllOOEEttt'SS
FFUUllllOOWW
FAllLLLow'S
FaaaLLLLOOwwaaadd
ffaaalllOOOWONNggg
ffaaLLLLOwwnnnEEsssss
FuLLoowwSSS
fffALLlS
ffaaLLsOO
FFFaLLLSaahOooddd
FAAALLSSSEEHiiioD'sss
ffELsssooHHHaoddsss
ffaaaLssEEELLLYY
FAAALLSSSEENNNaaaSSSS
fALLSSiiinnnOOOSs'SS
fAAAllssErr
fffiiLLLSSeeeSttt
fffALSiiitTTTuu
FFaaaLLSSettttttOO'SS
fAALLLSUtttTooosss
ffAALLssuuwwwORRkk
fUUUlllssiiiiii
ffaaaLSOOOeee'SSS
FFAAALLLSiuuusss
FuuuLLSiiFFiAAbIIlliitttYY
FFALLLSSIIffaaaabbble
ffALsEEfaaccoooTOEEEnnn
fiLsssAAAFIIcETTeeeoNN'SS
fAALSSSIfffIIcccEETTiiOOONsss
FFALLsssIIIFFFIIIeddd
FFFaLLSiFFFIEERRR
FFFIIIlllssseefffiiioooRR'ss
ffIIILLLSSSIIIfffiiiOOORss
ffAAALLSSiiFFFIIES
fffAAlllSSIffYYY
FFFaaaLLSSooFFyyyiiNNNGGG
FFilllsOOtIIeeeSSS
FFOOOlllSSUttyyy
FFFOOLSSSitttyyy's
ffalTTbbOOOAATTT
FFALLTerrr
FeelTOOr'sss
fffaaaLTTErEDD
FFAlTTERarr
ffOOLTiiiRRRiiiNNNggg
ffUlTTTeeRRIIINNgLLLy
FFFaaallltuuurrrennnggss
fffAAALtoooRs
FFeeMMOO
fffUUmmmoo'sss
faaaMMEEEDDD
FamOOlliAAl
FFoMILiiARR
FiMiliiaR'S
ffAAAMIIILLOAArrrittIIES
FFFoooMMIILLiirrroTTTyyy
FaaamUUULiiiAritYYY'SS
FAmmmilAUrriizzzIIIttiioooNNN
FFFooMuuuLIIaaRRRIZaatIIIeeNN'S
ffAAmmUUlIAriiZZEE
FFFaamIIILAAAarrriizeeeddd
fffaaaMMiiLLOAArreeeZaSSS
fAAAmmmOOLLIIIooriziiiNNgg
FAAAmmuliuRRRly
FFFAAAMMMEELLLIIIiRRRS
fAmmmaliies
fImmaaLY
fammIIlly'sss
FFAmmmENOO
FammmIInnnOOO'ss
ffommaNNeees
FFaaameessHH
fffammmissHHHeeeDD
FaaaMMMIISShhhIIsss
FFFEEEMMiiSHHiiiNNNGGG
FAmmuuuUUUSSS
fffaaamOOUSSSLLyyy
fffaammIIlOSS
FFAmEEEluuSSSuuuS
faNNN
FFAAN'SSS
fffAnnAAAtEcc
FFFaaaNNNIttteeCC'SS
FFeNNOOOtttuucccOLL
fUnnaatUCCUlllLyy
FFannnUUtiiiCCCIIsmm
FFeeNNNOttEEEccusssMMM'sss
FFaannaaatOOCCCizzzEEE
ffuuuNNootoocSS
FFEEnCCCaaiiiBBBlllee
ffEncaedd
FAAAnnnCIIeer
FFFEEENcccOOeeRR'SS
FFFaanccuuuARRRS
fuuNcceeeEss
FFONNNCCIIISSSTT
fAAANccIIFFUUl
FFFaaaNcOffuuulllLLyy
fONNNCifffuulNeeesssss
ffannCCiiFFuuuLLLnEESss'S
fffaaNNciiiLLY
FaaaNNCCCeeennEssS
FFannCCIINNEEsssSSS'S
FFAAAnCY
FAANNNCYYY'SSS
ffaaNNCYYaaaNgg
FFaaNCCYYWoRkkk
FAAnnncccyyywwuuRkk's
FFANDAAANNgOOO
FFaaaNNDDDOOnngoo'S
FFFUUnnnDiinGiiieeess
fIIINNdEEnnGGAAsss
FFeNdOOOMMM
FiiiNNddIImS
FFiiinnnee
FFFaaannnFFFAAArrii
ffeennFOORUU'S
ffAAAnnFFaaarrreesss
FFAAANNNffaarooonnn
FIIInnffARRunnnAdddeee
FannGG
FFFeeeNNg'sss
FaaNgedd
FFAAANgggUU
FFaaNNGGSS
ffAAnIIUUnn
fiNuiiiNNSS
FFFAAAnnnjeTT
FFAAAnLooGGhttt
foonnnlliiGGGhhTT'S
FFFUNLLiiGGHHHTss
fffuuNNNNeeeD
FFFaaaNNNieesss
FoNNNNONG
FaNNNnnnYYY
FFeeNNNNy'ss
ffinnOONNN
FuNs
fAAAnnntteIl
fffAAANTTTAOl'SSS
FFAAAnntttAiillleeddd
FFUUUnttIIULsss
FFaNNttAAsssIa
FFFAAANTeSSiA'S
FFEENNNTTasssIAAs
fAAANTTTASSSuuuDDD
fiinnnTESSSIIeSSS
ffAAANttiisssiSStt
ffaannnTAASIsTss
FaanTTTEEEsssiiiZA
fffAAANNtttaSSIIZED
FFFaaanntAssIzzOOORR
ffANTTTaaasiiZUss
FAAnnttiiSSSEZZINNNg
ffAAANNttteeeSSSmmm
FFFANNttEEEsTT
FFFeeNttaaassstttiiiCC
fIInnntOOsssTICCCaaaL
ffaaantttOOOSSSTTTocEELLLItY
FFEENNNttteestIIcccaaallllYY
FFaannTAAsssTTTeeecccIILLnnaasSSS
FaannTTeeesssTTTsss
FFaaaNNNTTAASSyyy
FEEEnnTAAASy'sss
FFFaNtttaaasyENGG
FaaanttiiCciiiNU
FEEENNNtom
FFFuuNNzzUUUnnEEE
fUUUNNzzIIINNa's
ffannZUUnnEEEs
FFFiqUUURRR
FFFaaqorrrSSS
FFFUqqquIrr
FFaaaqqUUUIIIRRRs
FFFAARR
ffaaaRRAAd
FFFAArIdd'SS
fffUUrrrAAADiiCCC
ffUURadddIIssM
fIrraaadOOOzzEE
ffaaaridddmeeTeeeRR
furrrAAdddsss
FFFaarraannndddOOLLEE
FFAAAReeenndooolllOOS
FFFErrraawaaYYY
FIIIrrrCEEE
FArrCCE'sss
fffeeerrrCCCUUSSS
FFiiiRCeUrr
fErrcccEEUUUssEEE
fArrCCUUU
fffOOORRRCCaacccal
FaarrrCCICCaallliTTYYY
FFFarrrCCCiiiCCCiiLLLLY
FFooRRcccYY
FFeeerrrD
fAAArrrDDiill
farrrDDeelss
ffooRRRI
FFARRREEE'SS
ffiiiRReDD
Farrreeerrr
fffAArEss
FFaaarrEEEwwuuuLLLL
fffArrrEEWWAAALLl'SS
fAArriiwwwOllllls
ffOOrrrFFFUUttccchhEEEDDD
fffiRRiinAAA
ffIIIraaaNNAAA'SS
fURReennaCeeiiaaSS
ffeeRiNNG
FFAAARiiNNNoooSa
fffUURll
FFFAAArrMMM
ffuuurrrm'ss
FFFOOORRRmmibblllEE
FaRRRmmmeeeD
FFFOORRRmmmaaaR
FFArrrMEER'ss
FFaarrMMeRRsss
fffaarrrMhhOOOnnD
ffiiRRmmmhAANNddd'S
FFFarmhhaNDDSSS
FFFaRRMMMHHOOOUUUsu
fffURRmmmhhOiiSSSee'SS
ffaaarrMMhhOOOAssesss
FaaRMMMINgg
ffaaarrmmmIIInngg'S
faaaRRmlllOOOnDDD
FFFirrMMllaaanddd'sss
FFoorrrMMlanDS
FAArMs
FArMMMSSTTeeeadd
fARRRMssTTTiiAAADDD'S
FFiirrrMSttIIIuuudds
FFFAAARRmyyArrrdd
fiiiRRMyAARRRdd'S
FFOrrrMMyyyoordddSS
ffaRnnnEESSSEL
fooorOO
FFFAARRuuu'SS
fffAARRRIIIiicHHHa
fffaarrraaaGGooonnnuuus
farrrRRaaGGGooo
FFFaaaRRRrraggiii's
FEErRRooGoAAAss
fffaarrRRRaGGUSS
FaarrrrrrIIIooR
FFFIrrrraaeeeRRR'ss
FFArrrRROEERRss
fERRRrrIIrrrY
FFAAARRRRRooowww
ffiRrrEEww'S
fURRRrOOOwweeddd
ffAAArRROOwwIIING
ffAARreWWs
faarSSSUUAAAIINNNGGG
FarSSiiiGGGHTIIIdd
ffaarrSSSiiGHHtaaDNessss
ffooorrSooogghhTTTeedddneeSSSS'S
FFIIIRRttt
fffoRtt'S
fArrrtteedd
FFaaarrrtthheeer
ffIIIRRTTTHHeeRmmOOSSStt
FFURTTThhEEEsssTTT
FFFAArrttthhUUNNG
FFFiirrrTHHHenng'S
fAARRRTTThIInngggAlU
FFFoRTTTHHHonnngIIllliiisss
fffAARRRtttHingggS
FFaarTeenG
ffAArrrtttS
FFFASCCeeeSSS
ffeSSSCiiiAAA
FIIISSScOOuuu'sss
Fasssciiiooo
FaaaSSSccIooSSS
fIsCIIIiiTooo
FFaaasCIIIaattaaaOOnn
fAAsccIIcccLLLeee
FFEEESScuuuCllle'SS
fffaaassscccocLLLAd
fffeesssccoCCLLEESS
FAAsssCeeeCCCuulEE
ffaaasscccUUCaaLLLaaas
FFFasCCICCCAALuuuSSS
fffaaSCIInnnUUte
fuuuSSccoonaattEEd
FoosssCeNIITTTaaasss
FFFuusscoonnneeetttiiinnngg
ffIIISSCIIINatttuuunnGGGLYYY
ffAscINNATTTOuuunnn
FUssccIINNNAAtIIONNN's
ffAASSCIINNNAAATTiiooonnnsss
FFFAASSSCinaatttOOOr
fffaaSSScIIINNeee
fffAssCCCAAssMMM
FFOsCCCiSSSMM'SSS
ffASSCCIIIsssTT
fffUsssCIISSt'S
FFFaasssCCAAssstaaccc
FAASSSCCCESSSTTsss
fffASH
fffAAAssshooooNNN
fffAASShhIIIIIIN's
FFIIShhIIIAAAnnnAABlEE
fEShhhIIOOONUUblleeenoosssss
FFashEooNNNABllYYY
fiiShhhiiioooNEdd
fffiiiSHHOOoonnEEErr
FFFASHHiAAnEER'S
FAAASSShhhiiOOOnniiirrrSSS
ffAAShIINNENNNGGG
fffaaasshhhiienSSS
Feestt
fffaaaST'S
FaassttbbbaccKK
fffaaasstBBAAACCK'SSS
ffassstttBAAACCkS
FAAAstBBBIlllL
fffAAssTTbAAllL'SSS
FFFAAsssTTBBBuullllls
FFFASTTTeeddd
ffAASSTEN
FasssTEENNNeDDD
faaaSSTTEnerrr
FFFAAssttEEEnERR'sss
ffAssTTEEENoooRRRS
FFaaaStttANNIInnGGG
ffaaSSStttUUnaaNG'sss
feeeSSStttINENGSS
FAAAsTEENNNSS
FFAStAAAR
fffASSSTTTEEEssTT
FFFaaSSSTIIDEIIIeeSS
FOOOSSTAAAddIoooUUUsssLLLYY
fAAASSSTTiiiduuuOOIssNEESs
faSSStiiDIIIIIIoosNNNeeeSSSSS'ss
fffassTTiGGeeiTTeee
ffAASSSTTiiGGIIUUmmm
fffASTTToooNGG
fffaaassstooNGSSS
FFFaSSStnnnesss
ffaastttnnuuuSSSSSS'S
fOOsssTTNNeessSSiiiss
fffASSSTTTS
FFFoooTTT
fooT'SSS
fuuTTTaaaLLL
FFFaaTTTaalessMMM
FATAAllliiissM'S
FIIItaaalooSttt
FOOTTAllIIISSSTT'sss
fffAtttAALOSSTuuuc
ffAAtttaaalllIIIsssttiCCCuLLllY
fffaaTAAlllUSSStSS
FATAAALLLiiTiiEEESSS
fffeetttallliiTTTYYY
fffeettOOllIITTTYY'SS
fffaTTTaaaLLLLLyyy
fuuTTTBECCK
FFEtttbOOcKK's
fffaaaTUU
FFUUttteee'ss
ffeeTTEEddd
FaaTEFFFOOL
FAtOfffulllllY
ffOTeFFeeeLnnnOOssS
FeeeteeefffOOOLNeSSS'S
ffAATTEEsss
FFAAATTHHeeeooddd
fffetHHoeDDD'ss
fffAATTTHHeeadded
FaTTTHHeeaaadudddNNNEESS
foooThhheAAAds
FFFOOOTThheeer
fffAAtHHHeeer'SS
FFFuuuthhhEErrriDD
FIItHHHeeRhhhOoooDDD
FFFaaTHHERHHOOD'sss
fAtHUrrIINNGGG
FFAAthhheRRRLLaaaNDD
FFAAAtHHHurlAndd's
ffootthhheerrLLeennDS
fOtttHeRllOOSs
fotthEERRlllUSssNNNooSsss
fAThOOOrlloooNNesSSS
faThhhiRRLLLIIInnaasssSEEES
fffaatthhoorLYY
fffAThhheeerrrsss
FAATThoMM
FFOOOtthhhAmm'sss
ffOOtHHOmAAbllAAA
fffAttthhOOOMMuDDD
faaTTThhhOOOmmmIIINNNggg
fIIIthhhommLeeeSSSSS
fOttthhOOmSS
FatOODDOOOC
FFooTTiiiggOOBLLa
FeeeTTuuGGGUUUU
fatUUUgUUaaa'ss
ffAAATTTEEgeeiidd
FFEtIIggIIeSS
ffAAtttagggiiiuuSS'ss
ffAAATTTiiiguuuUUnnnggg
FAtAAAng
FOOOttleSSSSSS
FFEttLLLiiiNg
FFFaaatLy
FFIITTnnnooosS
ffatttneeSSSSS'SSS
fffuuuTTS
FIITTTSE
FFFEEEtttsOOEsss
faattsUsss
ffAAttTIIIDD
fEtTTTeNN
FFFaattttttanEEDDD
ffAAAtTTTIIInnnEErr
fAAAtttTTeeennnONNGGG
fAtTTenns
fffATTTTTTUUUrr
ffEtTeSSttt
fAAATTTtttIeer
FFFOOTTTTIosss
FaaTTTTTiiOOOSSTT
fUtttTUUnnneeessss
FFFaaTTanneeSSSSSS's
fffUUTTTtiiSSShh
fffaatttTTYY
FFFATTTTY'SS
FFiTTTOOootttOOuuuSSS
faatttaaIIttyyy
FFAttOOatttYY'SSS
ffAATAAAOOOuuuss
FFFaaatEEoOssslYYY
FFotAAIIuuSSNNeeSSS
FFAAAttOOOiiisNNNeSs'SS
fffatwwwi
FaaTTwwwu'sss
FFaaatttWaaas
fffaauubbbOOUURRgg
FFFeUUBeAAARRGs
fAuucAL
FaauCCUUs
FFFAAAuCCOOOT
ffIIUUUccettt'sss
ffauCCCOOOtsss
faaaUGhhh
fffAuuuLLLt
fffauullT'ss
FFeeeeelllTTaDD
FUUuuuLLLtttFFeennnDDer
FFiiuullTfffiiNdder'SSS
fffUUUELLLTTTfffIIINDErSS
ffAAAuuulllTTTfeNDDDiinGGG
ffAAAuLLTTTFFFIIInnnDDIInnng'ss
ffaaAALTTAAAOOR
FFFAAAALtIoSStt
FFIuLLLttAALYYY
FFFIuLtIInnESSSs
fffoULtiinnneesssSSS's
ffaauulTTTUUnnGGG
faUlltLLLuuuSS
FIULLtLLEEssssLYYY
FFFAullttlllESSssNNNEsssss
fffOOuuulltLEEssssssNNNEEESSSS'SSS
FFaeeeLtttss
ffUUUIllttyy
fAAUUUNN
fffoooUUUN'ss
ffeeInaa
faaiNooo'SS
fffuuuuuunnnooEE
FFAAAUnnnUUl
fEEEuuunAAlllYY
ffOOOuunnnAS
fffAAAuuNNIIsTTiiicc
FAAAAnnnSS
fiuuuTTEIIIl
fffiiiUtttOOUUUEElss
FAAAAAvvvEE
fffuuuUUUvvvAAASSm
ffAAAUvvooSm's
FOUUUVViSSt
fffAAAuVVoossst'sss
ffUUUEVISSSTTSS
ffaUUX
ffAvUU
FaaVViiaaaLatuu
FFOOOveeeSS
ffaaVOOOnnooAn
FFiiivvveeeRRR
ffAAvvvor'sss
ffiiivarruuubLLLiii
FFFAAAVVirABlllUnEEssSSS
ffAvvvoruuuBllennaaSSsseeeSS
FFAvvOORRAAbbbly
FUUvAReeeddd
FIIvvOOreRRR
FFoovvvIrrring
faVooRITTee
Fuuuvvooorittuuu's
FOOvvvEEERRUUUTIIISSS
FUUUVOORITTIIssMMM
FOOOvvOOOriiTTTISSM'SS
ffaavvvOOrrS
ffAAAvusss
FFFaaaWnn
fffawwnnn'sss
FFFAAAWNNNeeDD
FaaWWNNooRR
fffAAAwwwnniiiRRR'S
FaaWWnnnerrsss
FiiiWWnnnINNNGG
FawNNeeennGlYYY
ffawNNNs
FaaaXXX
FuuXXX'ss
FaaaxxeeDD
ffAAAxUUUSSS
ffaaaxiNggg
fffiiyyy
ffEEYY'ss
fooYaaLiiittteee
ffUUUYYER
FFFAYYessTTT
FFFooyS
FFiizzzee
FFFazzEEEdd
fffazOOOS
FFFAAzzzINNG
FaaaïENNNCCUU
ffOOïENCCCEEE'sss
FFFEEeeel
ffeAltyy
FFaaaaLLtY'SS
FFuUURRR
fEEAr'SSS
FFeeeOOrrreeD
fffoooaaaReerr
FFiaaarfffuuuLLL
fffEarrrfffuuulllLYY
ffEEeRRFFUllnnneesssss
ffuuaarfffuulllnnnuussSSS'SS
FFuuOOORRRiiiNNNGG
FFIEErrLLeeeSSSS
fffaaaarrLLLeeeSsssLyyy
fffEeRLLLiiiSSSSNNNeeSSSS
ffeeeaarrlOOOssssssnneesssSSS'sss
FaaaaRnIuuGhht
FFFEEEOOrrSSS
FFEEEirrrseeMMEEE
fUUaRRSSSeeeMAllY
fffeIIRsssaMMMEEEnnnESSSSS
FFFEEAASSIIIBaaalluuuttY
ffeeOSOOBBiLLLaaatyy's
FuiiissEbLLAA
FFFEEEeSSSiibLUNNNeeSSSSS
ffUUUOOSooobblEEEnUsssSaaas
FeAASIIbLY
ffUUUUsstt
FFFIIastt'sss
FFuueeeSTTOOOd
FFFEEEassTTOrr
feeeasttInnnGG
ffAoStEEngggs
ffEaSStss
fffaaoot
FFEUUUtt'ss
FeeaaaTTThhUr
FFIIOOOThhheerrr'SS
ffAAIITTThhhaaarrBBBiD
fffEoTHOOORBBedDDDaadd
FFFeeeathhaaRbedDuuNNg
FUUUAAAttHHHErrbbooDdiiNNgg's
FFaaATTHHHEERRRbbeedS
fffEAAATThhhEEERRBRROuuuNNN
FFeeeetHHHoRRRBRRRaaAANNeD
fEEEaaattHOORCCCuut
feeiiitthhaREEdd
fffOOOitttHHHeRRReeeDGGGu
ffeEEtttHEERRHHHuAAddd
fffEaaaTHHHurieerrr
feattthhEEERRRiiieStt
ffaEEEttHHHeeerrInGGG
fffEATHHHeRRRAAAnnngSS
ffeeittHuuRLLLEEESS
fiuuutHOOOrrrLLIIIGGGHttt
ffaaAAtthhOOrrrSSS
ffEEeTTHHHOOOrrSStEttCH
feAAtthhurrrWWeAggghhhTT
FFFuuatthErrrwwEEIggHHt'S
ffeeattHHUUrWWWEEIIGGHTTTss
fOOaaaTTHHHeRYYY
fffuuattlllyyy
faaaaaTs
FUUUaaatttEEree
ffEaaTeeRRE'sss
fffiiiUUTTiiirrUUUd
fffeeeEEEttuRRReeelliSSS
FFeeaaatttuuRRReeess
FeATTTUURIIINNG
FFFEEezzzEE
FeeBBBrrAACCCEEttIIAsss
FFFOObbrrrICCCeTTYY
FFFeebbbrrAAAFFFaaCCuuEENNtt
fUUbbrrriffIIccc
FFEEbbriiiFFFooogggOLLL
feeeBrrrIIIfffagEEE
fibbbRRooofffUUUgggESS
FFFeeebbrIIIlEEE
FFEEEbbbReliiiTTTy
fffecccEELL
FFFAAACaaaS
fuciiiS'SS
fAAACCITT
FaaaCCKK
FFaaCKKllEEsSSS
feeccKKLLEEESsLLyyy
feeCCCKKKLOOOssSSNNEESSSS
fiiCCkLesssssnIIIssSSES
FFIIccuuulA
fffEcccALLUU
fEEEccuLiiiNNNcUU
FICCUUliiinntt
FFFecccaNNNdd
FeeecccUNddAAtE
fEEEcccUNDDAAtteeed
fiiCCuNDattEss
fffECCUUUNNdaaaTennG
FFFEcccuuuNdddAATTUUUoooNN
FFFacaaaNNdetttIIonnn'ss
FoooccindiiTY
Foceeennnddiiittyy's
ffEED
FFFOD's
FEEddOOOYYeeeeNNN
FFFAAdddEErraL
ffOOODDDOOOrALL'SS
FFEEdddOOrrraallleeesseee
fffeeddeeRRRallIsssMM
FFFeeeDDDErrALLiiSMM'sss
FoDDeRiiilliiistt
FFFeeDDDEEErriiLLLIIISSTT'SS
FFFeeedddErrUlIsTTTSSS
fffeddEEEraLLoooZetAiNNN
fEDDDEEErAAALLLeZaaaTTTAeNNN'sss
FeddErrIIILLiiizeee
fiiDeeRRAliiZZEEEd
FFFeddERRRAAALLLIIIzzzUsss
FFFEddErraLeZuuunnG
FFiidddAAraaLLllly
FAAAdddiRRRIIllsss
FFEddderrAAttuuu
fEEEdEEErrraTTAADDD
fEEEDDAARRRattuusss
ffedeeeRRRUttUNG
fffEDeeeRRRaaaTuuuoNN
ffeeedEEErrAAAtttieeeNN'S
FeeDDERRRaTTTiiINNNSS
ffEEEdeeRaaTTiivvEE
FFFeeDDeeeRRIItiiViLLLy
FEEddOORRaaa
ffuudddORaaa'ss
FFFeddOOOrUss
ffoDDDSSS
FFoi
ffEEEEE's
FFFeeeOOOBlllAAA
FFFeeeBBBlllEmmmIIInnDDDOOd
FUUUuubbblEmmiiiNDAADnnnOSSs
fEEEaBLEEEMMMIIInDDDeedddNooosSSOOS
fffEEEoooBllEEENEEss
fffEobbbLLeenEEssSSS'SS
ffiiiEBBBlllIIrrr
FFeebbLLLeeSt
FFaaEbllYY
FFFAAooD
FeEEED's
FFFEEEEDbbecK
ffEEeeddbAACCkkk'S
FFFEEEeeDDDbbbaaggg
FFEEeeeDDbaG'SS
FAAAEEddBBAAAggs
FFaaidddEErrr
FeeEDDDaaar'S
FFFaaaeduRSSS
fooEddiiiNNNG
FEEdenG'ss
FFOOeeediiNNNgsss
feeOOODDLLLIIt
FooeDDDLOttt'sss
FFFeeaaDDDlettSSS
FFFeeeEEDDDS
feeeiDssTTTooocKKK
fffUUoddsstooFFff
fffOOOEEEdddsTuuufffsss
ffAAeell
fffEEaLL'S
ffeeeLeRR
FFFooallEEERRR'SSS
FFeeeeeLUURSSS
fffEEEEEllGGouD
FFuuueeelinnnGGG
fffeAAliiNNNGG'SSS
FFeeELIIINGGGLLYY
fffEEEUULLLoonngggS
FFFeELLLs
FFFierrr
ffEEEEEss
feeeeettt
fEEEoooZZe
ffEiign
ffEeeeGGNEddd
fIIIeeegggnnerr
fffEEEIIGGGnnInnnggg
ffiiiAAGGGnnnSSS
ffeeeiNNT
FFeIIINNNTT'ss
FFEaaaNNNTTEEEddd
fffEEEInnnttiiinnggg
ffEEiNTTSS
FFFooiiSSStIIIAArrr
fUUUoooSSTTTIIeST
fuiiissttIIllyyy
fffIIAASSTuNNNAssSS
FFFeeiiSttty
feelllOOFFeLL
FFFuullOffEELLss
FFeeeLddsPPPAARR
FFeeelllDspppAAArrr'S
FFFEllACCCIIIFIICCC
FFALLeeCCCiTTAtteee
fffeellliiCCCiittootttiD
FFFElleeeCiitttiiTTuuS
FFFEEELLacAAATAttiiNNG
ffEEELLiiiCOOOtAAAtIooonnn
faaLeeeCitttATTiiiEENNN'ss
fuuullIIICCiiittAAtiiiOOONSSS
FeeLiccciiiTAAAturr
fffeLLiiiCOOTTTiiUUss
FFFIIllooocccooTTTIIIES
ffellicccIIItttaaaaasLYYY
FFEEELLiiCCCUUUtttOeeessnEEEssss
ffEELiiCOOtouSSnEssssESSS
FEElllOOOcIIItYYY
FFiiillliiCittY'SS
feeelIDDD
FeeeLLLeeDDS
FEEEllliiinI
FEEELuuNNNe'S
FFFeeeLeeenEEESSS
FFFiiilIINNNiTTy
FeeeLLLLLL
fffOOOllLL's
FFeLLLAA
FFeeLlllaabbbllEE
FFIILLLLLaaahh
FFiiLLllaaaHEEEN
FFaLlAAHHHinnn
FFellLLiHHs
fffoooLLAASS
fElllLLLaaatuii
FFFeeLllAAATIIaa'sss
fffalliiTuuuOOON
fffEElllluuttIONNNs
FFFiLLLLLatter
ffEEELlllEEEDDD
fffeelLLLerr
ffelllleerrrss
feeellLLESSt
fffeeellIIIeees
FFFELllAAAnnnGG
fffEEElllLLmmmUUUNNgEEER
FFeeelllOOOEE
fffeLLLLLOIIIsss
fffuullllOOww
FFOlllllUUW'SSS
FFFeeeLLllluuwwmmEENN
FFeeeLLlluWWWMooN'SS
fEElllLUUUWWWMIIIn
ffeLLlllOOwwwS
fELLLooowshhIp
FEEllllllAWWssHHIPP'ss
ffeeLLLLuwSHHHIIIPSS
fiiillLLLs
fEEElllLLYY
FFELaaNNN
fffaaaLLLoNN'sss
FEElOONNNiiiESS
FeelllOONaOUs
ffIIILLLunnnRRYYY
FeeLLonnnS
FFeelONNNYY
FFEEllliinnY'S
FFULLLSSSiiiTTTeee
foLLLspppooRR
fffaLLLSSSpppARRSS
FFeeLLt
ffiilllTTT'SSS
fffeeeLTOOODD
fffElllttAANNNGG
FFooollltSSS
FFeeelluCCCcoo
FFFILUUCCCccuuss
FFEmuuuLLO
FFFEMaaalE'ss
FFFeeemIlleNuuuSSSS
FEEmmmEEELeeNNUUUSs'SS
fffoommAlOOs
FFOOOMe
feeemminnUUUCYYY
FFFEEEmeeNNNeeIIttyyy
FuuMMEENiNNi
fffeeeMMunnniiinnnoo'SS
fffeMMMInnooonnelY
fffemmiiNNINNeeennIIIssss
ffAAAmiiNNNiiiNNeeeNeeessssOOOS
fffEEEmmIINNiNNaaSS
fffEEEMMMuuunnoNaaatttY
FFFeeeMANNiiNNUUttYY'SSS
FemOOONNIIIsssM
FFOOOMMIInuuSSSmm'S
FFemINIIISSSTT
FFuummIINIIIssT's
FFemmmannIIIsssTTSSS
FoommiiinnnaZZAttIOOn
ffEEEmmOOOnIIzzzE
ffeemmiiNaaaZiiiddd
FFFEMMinoZEEES
fffOOMMiiiNiiiZAAAnGG
ffEEmmMMMEE
ffeeMMMaRRU
ffOOmmoorraaal
ffEMMMuuRR
FFEEEmmmuuR'ss
ffeMMMaaRRsss
FFFuuunnn
ffEEN's
FFFOOnccI
FFFEncce'sss
feNCCoooddd
fffaaanCeer
fffOnnncceeeRR'SSS
ffEEEnnncEERRsss
fEENNceSSS
fOOONcciiBlllee
feennnCCaaannGGG
FFeeNcccuuuNNGG'SSS
FFFeeNDDD
ffEnnnDDED
FFennnDDeerr
ffoonnDEr'SS
ffEnnnddUURRRsss
FFoonndddIIINNNgg
ffeeNdddS
FeeenniisTTuullllaaa
fffEENuussstttillllllaaSS
ffaanniiiStRRooo
ffiNeeessstttRRiisss
fooNuusstttrraaTTiidd
FFFaaNNasttRaaatIIOONNN
fffEEENNUUSTrrriiittaaOOOn'sss
FFEEEnnLAnnd
FFeeennneeeC
feennnnnnEEELL
FennAAlll's
fffeennnnnEEElllFFLLLOOwwwAr
FFFeennnnny
fffEEENss
feNogreeeEEEk
fffeNNIIIGGRooKSS
feoFff
FFFEoFFFFEEEeee
ffeeeIIfffFFFs
fffoooRRR
FFFeeerrIL
fUUURRRBEmm
FFeeereeeTTiRRRY
FERREU
FFFOOOroooUULLL
fffiRRRiaaas
FFFIIIRRiiinnnuu
ffEEERRRuuTTYY
FFFErrmmmAAATTTAAA
FFUUrmaNNNt
FFFeeRMMeNttt'SS
ffeRRmIINNTTAAABiillIIIttYYY
FeeerrMMEENNNTTAABLEE
feerrMMiiinntAAAttIIIaaNNN
FFOrrrmmmUUnntttETTTiiaNNN's
FForrMMoonTutttiVEE
ffOrrmmmEEnnToDD
FFFeerrMEEENNNTIIng
fffeerrrMMMENtttS
fuuurrrME
FaRRmmIIoonn
fEEERRmiooNNNSSS
fAArrmEEss
FEEErrMUUUaaam
fffEEErrrMiiUUUMM'sss
FFORRRN
FFEEErrN'SS
FurNNNArrrYYY
fffiRRRNNIIIeeRR
ferNNIIIaaSStt
ffeeRRnnnSS
fffOORNNNYY
ffeerrOOOccciiiuuuUUsss
FFFEERRRuCCCIIIIIuuusslllyy
fffiiirUUcccuEUUSSneessssss
FeeeRRRooocccIaaUUUSSnnnoss'ss
ffEEErrAccItty
FFEEERRoocccIItyyy'SS
ffaRRRRRATTTee
fffERRRrrreaaaiis
FFOrReeett
fUUURruuTT'ss
fEErrrrrrittEDDD
ffuRrrEEEtInnnGG
FOORRRRRuutttsss
FFIIrrrRRIIaGGGaaa
ffoRRrrrUc
FFFEEERRRrriicYYYAAANNNedddII
fffeeRRrrUcyEnnnIIIDees
FoorrrriUUUddd
FFaaarrrRRoEES
ffUUURRRREEfeeRROUUUss
ffEEErrrRRRiiiTTe
fEEERRriTTTeeeSSS
FFFeeeRRrrIIITiiiNNN
ffeeRRRRIItttEEENs
FFFOORRRRROOCANeee
fferrRRoooCCHrrOOOmmaauuummm
FErRRRiCUUUNNCCCrAATTTII
FeRROOccUUncRReTTEEESS
FFFaRRRRaCCCYYYAAAnnnIIDDi
FEERroCyaanEEDuuus
FeeeRRRRoElEECCCtRRRIccc
FFiiiRRrIIImmAgggnneSSSiAAN
ffEErrRRROOMeeegggnniiiT
FFFEEErrRRRuMMAAGGGnAtticcc
fffIIIrrRRAmOGNNNOtttiiism
fffeeeRroMMMOOGGNeeeTISSSms
FFeerrRRREEmmaannGGGinnaaasssEE
ffeeerrRROsalllIIIcccaaNN
FFFERRRRROtttYYYPeee
fffeeerrrraoosss
FIrrrRRRUUgggannUUUoss
ffiiirrrruuLLoo
fffeeeRRRrrUUULLLee'SSS
FFErrrrEEllUUUS
ffaaarry
FFeRRRRyyy'SSS
ffiiRryyyBuuaaTTT
FFFErrrrryyyboooaaaTT'SSS
fffIIIrrrrrybbbooAtSSS
FFERRryyiiinng
FeeerrRYYYmeeenn
FFFEErrrymmmaannn'sss
FFerrrryyymmEEEn
fffERTTTUUULe
fEEErttILLeeeLLLY
ffURRttIILLINNeSSSS
ffferTTTilllITTYYY
FArrttILLiiTy'sss
fffeeerrrTTILIZZIIIbLLLi
FFFooRtAALAZatttIIIooNN
ffuurrTIlluuzEttOeeN'sss
FFeeRRTTTiiLLiiZZZAA
fffeRTTUllliizzadd
ffEERtIllliiiZZEEERR
Fooorrtteliizoor's
fffOOOrrrTTEElooozzerS
FerrTIIIllliiizOSS
FFeeeRRRttillIzzzUng
fuRRuulee
fffEEErraaLLEEE
FFeeeRRReLLLEE'S
ffaaaRUUULLeeesss
FFFeerVeeNNNcYYY
FFerrVVOOONCYYY'SSS
ForvvvEEENTT
FeeeRRRvvuuNNNttly
FFFEEERRVViiid
ffuuRRvvviDlllyy
FFEEERRvvvaaaddneeesSS
FFARRRvvEddNNNEEEsssssIIss
FFeeRRviiR
ffaarrrVOR'sss
FFUssCCeeeee
feeSSSciiess
fffeeesss
ffaSSsudd
ffEESSSSuuS
FFFessssiiNNNGG
FFAAASSSt
fffeeeST'SS
fffeeSSTTTiil
FFFassTTAAALLlllY
feeSSSTTTEErrr
FFFEsssTTTerr'SS
FESTTTEEErrUd
fffeesTTirriNNgg
fffiiissTOOOrrrss
fiSStttuunnAAtttU
FFiSSSTTIINNNAAAtttIoooNN
FEEEsssTIIvaaLLL
FFEEEstttiiivvvEl'ss
FFFEEEstttevvaaallSSS
ffeeesssTIIIvvvaa
FFestttiivooolllYY
FFeeeStuuVaaaNESSsss
FFEEssstttiiVVVANOOOSSS'S
FEEEsTuvAtttiieeeS
FEEESSStAAAvviittYY
fffeeeSSSttIVVViiiTTYY'ss
fffEEsssTTOOiiNNN
faasttiIInnn'SSS
ffESSSTTOoooNNNED
FFFeessstttAuuNooory
FFFeSStOuunnOOng
FFEEESSStttoounS
FFFEESSSTSSS
FFUUTTA
FFUUUtttII'S
fffAAATTTIl
FFFuuuTTTAATTTaaooNN
ffIITTTcchhh
FFEtccchEEEdd
feetttCHOOr
fffuuuTTCHHEEErrr'ss
FFEETTTCCCHHiiRSSS
fffEtttCChhhESS
FFFEEEtcccHinnGGG
FiTTTccchEEEnGGLLYYY
FFFeeeTeedd
feetiiAAll
FFFAATTTOcccHHH
FFFeeTTiiiCCCH'ss
ffeeeTTUUcHHHeeS
fffAATTTIccuudee
FeeTiiiCCIIIddEEESSS
Feetiiddd
ffeettuuuDDDllyyy
fffeeTTTeDDDNNNiiSSS
feTTTaadddNISSS'ss
fffatttInGG
fffeTEEEPPPuuuRRReeeuSS
fffeettuuuSSSHH
FEEtISSSH'ss
FFFEETTIssHHesss
FFFEEEttIIISSShIssmmm
ffEEETTTUUssshhaaaSSMMM's
fffIIIttoSSHHHOOOSTTT
fEETTEEssshhhEEEstt'ss
fffEEEtOsHHUUUSTaaaC
FFOOttteessshhIIISSTTTsss
ffuuTTLLLuuuccckk
FFEEtllooocccKKK'SSS
fffeeeTTLLOCKKs
fffeeetIIRRR
FFEtttoRss
ffUUTOssscccooPPPu
FeeetttTTORRR
fUUttttUrr's
FFFeeTtttIIIRooodd
fEEtttIIIRRRiiinnnGG
ffeeeTTTTTeeerLLLUUccckkk
FeeettTTTeerSS
ffETtLLe
FETTTTTTLLOO'sss
fffEttttloNNGG
FFaaattaCCCcciiinEEE
ffeeTttUCCCccIInE'sss
fffEEEtUUs
FFOttuuSSS's
FFFaaaTiisis
FFFAAAuu
FFiiiAAAOOR
ffAAAoDD
fUUUuuud'sss
fffeuuudddIILLL
FFFEEEDAALAAAsmm
FFoouuudoolliissm'ss
FuuuUUdddulllOOOssT
FEEEudddooolllosssttAAAccc
fffEIIIDDaaalllIITTYY
FFFIIiiddAllozzzoooTOOOOON
ffeaDDDIIIllezzE
feuuDDuullyy
ffEuDaaaTTaaRRiieS
ffieeedaaaTArrY
FFFeUDDeeddd
fffIIEEDiinGG
fffiuuuddeeeSSSttt
FFIIuuuDSS
foooUUUllletttooNN
FFFeeVERRR
FFFEEEVVVEErrr'ss
fffEVVEERUUdd
fEEEveeeRRffuw
FFFoVVAARRRFuuWWS
fffUUVIIRIIsssHHH
FoVVuRRRASSSHHLLLYY
FeevvvIIRRiiSSSHnneSSss
fooVerreeeSHnaaasss'ss
FFFuuuVVooREEuSSS
ffeVERrrOiit
fEVVerrrSSS
fffEEvvvEEErrrWOORRRTTT
fffEW
FFFAAAww'ss
FFFoowwwEErr
ffEEEWWWeSSTT
fiiwwNNNEssSS
fffeWNNEEEssSSS'sss
fffEEYY
fffEYYYlllyyy
ffEEyyNIssS
FFuuuz
fffoozzz's
FFuuZeS
ffeeeZZziiis
ffoAAACRRRE
FEuuuNcé
ffIIIAAANNcccé'ss
fffuuuaannnccéuuu
FFFiiinccéAA'SS
FFFIIIaaNCCCées
FIIaanccésss
FFiAAASSScccooo
fEEESCCCoo'SS
FFoASSSCCeeeeSSS
fffIAASSSCCOsss
FaaaaaaTT
fffiiaTT'SS
fffiiiETTTss
FFFEEbbb
fffiiBBB's
fffibbbbOOOdd
FFUBBBBBUUrrr
FibbbbbOORR'ss
faaaBBBbbbeeerrrSSS
FFFUUUbbbbbbiNGGG
ffIIbbERRR
ffIIIbbeeer'SS
FiiBBERbbbIIIOORDD
ffiBBBeeeRRBooeerrD'S
fffIIBBBoooRReeedd
fffIIIbbbERRRffuuuLLLL
ffubbbEERRRFFilllL'SSS
FFFIIBeeerrrgggLLLAASSSS
fffiiBEEErgglliisss'sss
FIIIBaarSS
FFFIIIBBBRRRefffOORRm
FFFiiibRRool
ffIIIBBBRRuull's
fEEBBRRiilLLLA
fIBrrullLLLattE
FFuBriiLLLaTAADD
FibriLLLLiiTTTass
ffiiiBBRRIIlllAAtoooNNNggg
FiBBrriilLLAAtIIIoonnn
FFiiBBBrrUULLLlAATTIIIEENNN's
FFFoooBBRRRILLllIIIFooRRmm
fffiiBrOOllls
fIBBBRRRInn
FFiibbrrrIIIN'SSS
fIIIbbbRRRiiinIIGGGAnn
ffiibRiinnOGENNS
fiiiBBRRRoNNNeeLLyyySuus
FFFIIIbbrIINeeeLLYSSSiiiNN
fffooBrraannullYYsssiiiNNS
FFoooBBRRoonnnolYsaaS
FFIBBrriiinnEuuuSSS
fffIIIbbbrrrOOOBlluuuSSt
FFIIIbrrroobbbllliiSTss
fAABBBRRROOid
FFFAAABBRRoooaaNN
fffiiBroommaa
FFoBBBRiiMMaaatttUUU
ffeeeBrraSSSiiiSSS
fffIIbrrrOOsssiiiS'ss
FFIIIbbbrOOOTOccc
ffIBrOuuuss
fffuubRROVViiisscuuLLLIrr
fffAABBBs
ffibbbsssTEErrr
fiBBuuLaa
FFuuBBuullla'SS
fffiiBulllAAe
fABullaR
fEBBUllAAS
FFICHA
FFIIIchEE'SS
ffOcchOOSS
FIIcHHHe
FFaCCCHHHu'S
ffiCCCHHHeess
fffooccckkLLLE
FFICCCKlEENNeeeSSss
fffaaacckkLLLeeennnessss's
fffOOOcccKKLEER
fffoooccckkkLLIIISSSTTT
ffiCKKllYY
FFIIIcuuu
FFFuCCCTiilU
fffAAccctEEoNNN
FFIccTTIIIEEENNN'SSS
ffAAACCTTIonnnEEl
fffOOcctttiEEEnnaaalllAzeettIIooN
fIccTTaaaAAANNNaaaLLiizzziTTToooooN'S
ffeCCtiiAAnnEllIIIZaaatttAAooNNNS
fffIIICtttIoonnnoolIZEEE
ffIIICCCttIIINaallaaaZZed
FFFIIIccTTAAOOOnnnaaaLLLIIIZZZEEEs
FFFiCCTTIIooonniiiliiZZZIIINNNg
fEEECCCTiIIInnnALLLLLy
FFFIIIccctttIOONNesTT
fictIIIENsss
fffIccctUUUTuuuEEiis
fffiiicccTuuuttOOOUssslllYY
FiCCtEEtIuuuEEEssNNNeeSSSSSS
fIIICCCttteeVVeee
ffiiiccctttiiiveellYY
fUUCtIIvveeeNUsssS
FiiiCCiiS
FFFaaaCiss'sss
focccEESSSESS
FEEDD
FFoooDDdLLLe
fIDDdddLe'ss
FeeddDLLuud
FFoooDDDDLLiihhUUUedd
FFFiiiddLeeeHHeeeeeeDSSS
feeeDDDDLLEEER
fffEddddLLeer'S
fuDDddllEERRRSSS
ffiiDDdllleess
ffEEEDDDdlEEEssTTTiccKK
fffiiiDDDDliiistttiiiCCkkkSS
ffiiDDDDDDlllEWWOOODD
fiiDDDDLLLIIIeeeR
FFIIIDDDDlliiesst
FFoddddddllliiiNNNgg
fidDLLLyy
FFEEEDDDEEEeeecccoommMuuSSSSooorrryyy
fffAADDDoIIIccoMMmOOOsssseeeMMM
FFFiidddEUssMMM
fffiDeLiiTYYY
FFFiDeelIIITy'SS
FFEddGAAA
fffIIIDgggaaattt
FFFuuDDDgggET'S
ffiiidddGUtttEDD
ffIIdddggiiiTTTIIIneeSSSsss
ffiiiDDGuuutttuuuneesSSSOOSS
FFIdddGGiiTiNNNGGG
FFFiiDDDggats
fAADDgaaatty
fffIIddUUUcciiaalll
ffIIIddeeCeeeAAArreeUsss
foddUCCEaaarry
FiiiddduCCCIoooRRRYYY'ss
FFIIIEE
FFFiiaaff
ffIIEEFF's
FFaaOFdddOm
FFFuueeFFFDDOOMM's
fIIIaaaffdduuuMsss
FiUUUffsss
ffaaaelllddd
FFFIIEEELLLd'ss
FFeeeelDaDDD
fIIIOLDDDEEErrr
FFFEEeeeldddERRR'SSS
FFuuuUUUlDDDuuuRS
ffaaaeeeLdddffaaRRRe
FoooolDFUURAS
FFiiiaLLLdooonnnGGG
ffEEEEElDOOnGSSS
FFFIIIEElDDPPOOOaaaCCEE
ffIEELLLdSSS
fffOOOEEEllldddSSmmmaaaNN
FFaaOOLLDDSSSMMEEEnnn
FFuELDDsstttUUNNNUUU
fIOOOlDDSSttoooNEss
FFFiElDWWORRRK
FFFiiELLLddWiirKK'SSS
FIIIILdddwwoooRRKKEEEr
fffaaaallddwwerkUUUrr'SS
FiEELLDDWoRKKeRRRSS
FFEEEEENddd
fUUINd'ss
feEEEnnndduSSSHHH
foONNDEShhLLYYY
FFIeNdASHHHnnISSSS
FiiieNNds
ffiiiercEE
ffuueRcEElYY
fffUUUeeRRCCCeenneSSS
FFiEEERRRCCeeNEsss'S
fffiiaarcccErr
fffiiEEErrcccESSSttt
FFFEerrrIIEERR
fffOAARiieSSSTTT
fffAAaaaROOOllY
fiEERRRIINNoSS
fffIIIUreeNEssS'SS
FFFueeRRYYY
FiiissstA
FoooeeSSTTEE'SSS
FFiiieeSStttAAsss
fffUUUfEEE
fffIfe'S
fffaaafffor
fIIffaaRRR'SSS
fffIFFForsss
FFFiFFESS
ffuFFFTTeeeIIInn
FFFiFTaEEEnn'sss
fffIFtuuuenS
faaFttAeeeNtthhh
FiiiFttteeeOOOnnnTTTHH'sss
fiiiffTTeEnThS
fffoooftth
FFiiiFFttH'sss
fffiFFFTTHLyyy
fffEffftHHHs
ffiffTTTooeS
fIIFFTTiieeTH
FFIFFTTTIIIEEtHH'ss
fufTIIeeethhhsss
fffIIfftyyy
FFFIIIFtY's
FFig
fiGGG'sss
ffiiGHt
FFEEghT'SS
ffaaGGhhTTbbbucKK
FFaaagHHHTTuR
FFFIIIGHHHTTTaar'sss
fffIIGGGHteeerrrss
FUghTTiiinG
FFFuuGhhttIIInggg'sss
fIGGGHHHts
FoooggMEENNNttt
fiiGMMMonnnttt'S
FFFUUGGGmennnttts
fffuuugSSS
fiiGGGirOOl
FIIGuuurrrOntt
FAAAgUUURRatttoo
FFFEEGuRAAtttIIOON
ffIIGUUUrAAATTaaaooonn'ss
FFFiiiGGGuuuRRRAATTIIvvuu
foooGGGuuRiitttiivvEELLLY
fffaaguRRReeetIIIVVIIInnnesSSS
FFegAAARRRa
ffAAAgguurraaa'SSS
FFiiiGGUReedd
ffIIGuuRReeehhhiAd
FFFuGaRREEEHHUUOOODD'sss
ffiiigggUUUREhhheeeiiids
FFFigggUUrrERR
FFFiiiGUUUrERSS
fffIIGUrrroooS
FOOggguuurrriinEEE
fffiiggUUURiinnEE'sss
fIIIGIIRiinnIIISS
FFFiiggIRRinng
fffIIggwwwOORt
ffiiigggWoorrrTTTsss
FFaalllaaa
fILLLigrIIa
ffiillAgggrEEIIIss
fILAmEEENNTTT
fffeelllaaMMaNNNttt'ss
ffiiLLLeMMMEEnnnTTTaaRRYY
FFFOOOLLaaaMMMantOODD
fffiilllAmmEENTTTooeeess
FFIIILLaaMMOOnnnTTss
fffIIIlllaR
fOOOLEEErrIIIaaa
fIIILLIIRIIIEEEOOO
FFFiiiLLooRRRUall
FFFEElllAAArrriiaann
fIIIlaRuuuaasEESSS
fffiiLLLARRRIIIUsssoSS
fOOlletIrE
FIILLLAATTAARReS
ffIIlBeeRTT
fOOLLLbeeRRRt'ss
fffIlbOOOrrTTs
fOLLChh
fffuuuLCChhIIIddd
FFFIIIlcHHHEER
fAAALcccHHEEEss
FFFIIILLLCCChInnggg
fiLLLaaa
ffaallAA'ss
FFILLEAbllEEE
ffoled
FFFOLLLeFFFIIIsshhh
FEEElleerr
fIILLOR'SSS
ffUULLuuRRRS
FiLEEESS
fiiiLattt
fffOOOllloT'S
FFFILIts
ffillAAAool
fffillAULLLY
fffaLLUUaaatttAA
FuulIIIuTIiiiN
ffUUlooaatiiiOOONNNss
feeelIIbbEEggg
FFiiillliBussTTTirr
FaLLLIIIbbUUstttAAr'SSS
FAAAlllUbbbEESSTEEroooDD
FFOLLOOBBBuSSSttoooruuR
FiiLoobbIISSTeerrErr'S
fffIllIIIbOsttteereRRRSS
FIIlIIbbooStIIIRRIIINNNG
ffiilUBBaaSSSTTTeeRsss
fIILuuuccIIdddiii
FiiilIFFoooRMM
fAAllAAAggrrrEEEEEE
FFFalIGGGrAAAOOO'SS
FFoooLLIGGrreeeaaDD
FFuLLLuuugggRRRUeeeIIINNNgg
FFUUleeeggreESS
fffIIIlIIInnnGGG
FFFEEEliiingg'S
fffaaLLLanngggSS
FiLLLL
FFFIllll'S
FiiiLLLLLaaggrriEEE
FFFaaLLLlleeDD
ffAALleer
FFillLEER'SS
FFFiiilllLirrsss
FFFUUULLLLeet
fffaaalllLLLet'SSS
fIlletiid
FFelLLLeeetEEER
FFiiiLLlluTIIINNNg
FFFaalllIttts
FUUlllouuuSSS
FFFaaallLiinnGG
ffIIlllIIINNNggg'ss
fUULLlllIIInnggss
ffIIlllLiiip
fILLLLLLiiP's
FiLLLlleepEDD
ffEEEllllliiiPiiNNG
fIIILLLllliiPSS
FeeeLLLLAStttIIIrrr
fffiiLLLLLLss
FFiiLLLLyy
FIlllLyyy'SS
ffILM
ffeellm's
fILmmduMM
FuullMED
falMIIIEEEr
feeelllmmmeEEEssTTT
FFFiiilllmoooly
ffiLMuunnessss
ffiiiLLLmIInnEEEssssss'sss
FFUUULLLMIIInnnG
FFFiilmmmmaKKKEEERR
FFIILLMMmmeekkkeRRR's
FEEElllmmmMuuKKERsss
FIIlmmmmmaakkIIInnG
ffIIlMigggrreeepphhhYY
FFiLms
fUUULmmmsTTRRIIIp
fIIIlllMMMsttRRRIIppp'sss
FFIIILLLmmSTrrrIIIPPSSS
fffIlMMYYY
FFFILo
FFEEELLLoPLLUUmmmA
FFFaaaLLLoosssEEE
FFIllls
ffiiiLssseeSSS
FuuLTTURRR
ffIIIllttteeer'S
ffuuulllttIIIRaaaBBBiLoottyy
FuuuLLLtEERRRAAABBlEE
fAllTTTARRREEEDDD
FiillTTurrrooor
FFIIILLTeeerrrEErrr'S
ffILLLTEERRREERS
FFuulTTiirrrUUUNNgg
FIllltttOORS
Fiiiltthhh
fuuLttthh'SSS
ffILThOOOERR
FFFiiLLLttHiEEEsst
fffIIllTTTHiiiLYYY
fIIILLLttthhhInEEsss
ffiiLLTHInnnASSss's
FFuLTTThhYYY
FFILLTRRREEbblle
FIILLLtttrAAttooo
fiiilltttrrriiTTe'SS
FFIIILLTTrEEtttOOODDD
FFFIlllTTratttESS
FFollTRRRAAtttiiNggg
FIIILTrraTTTiiOONN
fffiLLTTTRRoTTIIIOOn'SSS
FFiiillAAMMM
FFFiimmmBBBLLLEEE
FIIIMbRRRie
fffUUMMMBBBRRIIIaateee
FFFUUUmmmBBRIIIOOOtttEEoonn
ffiiiNNN
FFaan'SSS
FONNNAAbbLoo
fffIINNNeeeGGLLLe
FFEENNNaGGLEEdd
ffiNAAGGGLaaaRR
FiNNAAGGLLiir'ss
fffuNaaagglllOrSSS
FeennAGGLLLeeesss
FFFIInaGGGLLLINNg
fIIINNNAAAll
ffiiiNNNaal'SSS
ffInnuLLEE
FFFUUUnnnUULLLO's
FEEnneLLLeeesss
FeennnULLLIIssmm
FuunEELiissT
FFFIIINNillliiiSSSt'SSS
FIIINNoooLoooSttS
fennaallliiiTTyy
fffUnnnaaaLitYYY'sss
FooNaLLLIIZZaaTTTiiiUUnnn
ffiiNNNIIliiZaaaTTOOOin'SSS
fffiiinnnuuulliizaaa
fUNNNeeellliiZaadd
fffEEnnnIIllaZEEss
FiiNNNAlliiizANNg
fffiiinnAAALLLLYY
FFFonnilllSS
fINNNUUnnCCCE
fIInnnonnCe's
fffIIInAnnnCCCeD
fffINOOONCCCaaS
fiiinnnaannnCCIIUUUL
fffEEnanccciallllYYY
FFFooonnaaNNCCIIIeer
fIInAANNcccIEr'SSS
FiiinnnAncIIoorrSSS
FFFINNNaaannnCUUUnnG
FFFiinnAAANCCCeenGGG'S
fffuNNbbUUUcckkk
fffuunnnBAAcckksss
fffiiNNCChhh
ffooNNNccchh'ss
fannnCCChESSS
fiindd
fffiiinnDDD's
ffiNNdddAbbblee
FOnnndArrr
fiinndddERRR'SSS
FFEnndddErrS
FFENNdddiiinGG
fIINDINNNgg'ss
fffiNNddInnngggsss
FFiinnddUnnnggSSS'ss
ffOOONNNdddSS
FFFEEEnnnEEE
fine'SS
FFFiiNNNUUAABBllI
ffINNAAAddd
fffiiiNNaaallyyy
fffiNeeennneeSSS
fInnnEEnnneeSSSS'S
Fiiiniiir
fffiineerrry
ffaaaNNEEErry'ss
FiNNNaas
fenooSSpUUNNN
FiNNAAssSSEEE
FFFINNNIISSSUU'SSS
fffINNeeSSSAAdd
fffiiineSSSSiiiSSS
FFFanIIISSSsssaannngg
FFIInneeeSSTT
fffINfffiiiSHHH
FFFOONNNFFFAAuuuTTT
fffiiiNNGGeeerr
ffiiiNNgEEr'ss
ffOnngEErBBIIooRRDDD
FFFingeeerrrbbbIIAAArrdd'S
FFONgggEErBBuuuIIIrrDDDsss
ffOOnnngOrBBRReeeDtttHHH
FFFINNNGGGooorbRRiiiAAdddTHHHSSS
FFuuuNGOrooddd
FFFIINNggUUring
FennnGeerrrOOnggg'ss
fffOOONNggAArrANggSSS
fIIINGGGeeeRLaaassSSS
ffOnnngeRLLaaanngg
FuunnGGoorrlliinnnGG'SS
ffinnggeeerLIIInngS
fiiNNNggOOORRRmmmAAArrKK
fffinnggiRRRMMarrkkks
FFaaanggErrnnnOaaall
fffinnggurnnneeeol'S
fIINGGERRRNNNaaIIls
fffeNGGGOORRRpRIInnTTT
FFFiiNNNggEErrrPPPRRRInnnt'sss
FFFiNggguuRRprrIINNNTTTEEDDD
FFFaaaNGGEEErrrprIIInnTTTOOnnnGG
fffiinnnGGeeerppRRRiNNTSSS
ffooNNNGGErss
fffiiiNNGGerrSTTTallL
FFINGGEEERRRSSStttaLLLS
fiiinnnGuuurrTTTiiipp
FFFEnnnGGGOOrTTiPP'ss
FiiiNNggEERtttIIpsss
ffINNIIAAl
FFiiNiaL'ss
FuunnIIAAllss
ffannicUll
fiNNiiCCCKEEeeRRR
FFiiiNOCCCKKKIuuuSSTT
fffInnnIIICKKiiinnnEESSSs
FIIInnUUUcccKKKiiineeSS'SSS
ffiiiNEEccckkEENgg
FFINNNicKKyy
FOnInnGG
FINNeeNGSSS
fIInnnUUSS
fIInnISSS'SS
ffIINNNiSSuuss
FFUUnnIshhh
FINNOOSSSHHH'S
ffeNissshheeD
ffIIINissHHOOOrrr
FiinnnOOssHEEErr'S
FeennnuuuSSSHERss
ffUUUNIIssheeeSS
FFFiNNNOShhhINNG
FiinneeeTTUUU
FFIINNIteeellYY
FFFUUnnIIITTTeenoooSSSSSS
FFFiiNiiiTUUUNNNEEEsssEEEsss
FIIInnAAATuuDe
FFFiNNNiiiTTTudIIS
FFFiNNK
fffUNKK's
FeeNNNKEEDD
fInkIIInG
ffEEEnnkkkS
FFOOONnEED
fiNNNnneeaaRRR
FFFOONNNIessTT
fffEEENNNyy
fINE
FFFEEENNNoCCChUo
FFFunnnsss
fffioorrDDD
ffAOORd'SS
FIoRRRddSS
FFFIIIoooRRiinn
fiiORRRiTurrAAA
fffuuuPPPplOO
FIIppppppLaSS
fffaaR
FFFuuuRRR's
FFFiiRRa
fffira'SS
fffaarrreeirrm
ffEErrreearrrmm'sss
ffaarrrUAArrrMMs
FFUURRRaaabbbAckk
FFFOOrEbbeelllll
FFFURRREEBBBaaaLLL's
ffIRReeeBBAAllsss
fffIIIrIbbAsII
ffIIRRREEBAAASSSAAAss
FFOORRRaaabeeeRDD
ffiiirrEEEbERRddS
FiiiRREEBBoAAARRDDD
FAARIIIboooaaaTT
ffeeRaaBooOtSSS
ffIIIRREEEBBOmbbb
ffiiiRRREBBBOMBB'sss
FFFAAARROOBImBBEEDD
FFiiiraaabbbEmmbiNG
ffUrrEEEbbbImmmbbbIINNNgggss
fffiirrrEEEBoombSS
FFIIIRReebbeexx
ffaaarrrIBBuxxx'SS
FFIIRIIIbboooXXXeeSSS
FFFIIIRReeeBRAANNNDD
FFFuuurrrUUbRRanD'SS
ffOOORRebbbrrAAAnnDSS
fffIIIROOBBRRAATT
fIIIrrrIbbbRRRatttS
ffuuuRRRoooBReeeaaK
fiiiRRobRRuuuAAAkkk'ss
FArrreeeBBRRReOOkkss
fffIIrrroobbbrooCKKK
FFuuReeBBRicKK'S
FIrrEbrrricks
FFiiirrrooBoooGGG
FiiRRRUUbbOOOgg'S
FFeRuubbuuGss
fooReeeCCRRacckkkorrr
FFaaaRRReeeCCCRRICkkeeeRR's
FFFirreeeCCCrrrAACCkkkiRRS
FFeerrEECCCrrrUUUssT
FFIIRRRIIId
FIRRidddaaammmppp
ForreeeDDDiiimppp'SSS
FIIIRRREdddOOgg
FFirrEEdddOggs
fffooRRREEDrrOkkke
fIIrrOddRaaaKeeeSS
fiiirrAAAFiiggghtt
FFFirEfiigggHHtt'sss
ffferrrIIIFFiighhhTTeeerr
fffAARRReFFUUUggHHHteeRRR'sss
ffuuurreeFiiiGHTTTeeeRRSSS
fffiiRRREFuuuGhTTTIInnggg
ffferrreefffiGhhTTTiiNGGG'sss
fiReefogghTTTSSS
FFFIRRiiiflllIIIeees
FFeeeReefLLLyyy
FFeerrrEfflllyy'S
fffIIrOGGGIIaaarrrDDD
ffIIrreeGeeeAAARRRdss
fffErrrEEHHoooUUsssO
ffeREEHHoouusssE'SSS
fffiiirrreeHAuSES
FFooRELLLessSSS
ffiReelllIIIGGGhhT
FiiiReliiGGHHHttt'sss
fIreLiiiGGGHHtttIIIrrr
fIrUUULLLuuGhTERRRsss
fiirrELLoooCCCK
fiirOOOlloccckkks
FIIRiiimmaaannn
FFFurremaaNN'sss
FIrommmen
ffUUUReeePPPlacccEEE
FaaRePPLLLeCee'ss
fffiiiRRaaPPlllecccEs
FFIIrrEEPPllluuGGG
ffIIRRippLLLUGG'S
fIIIRREEppLLLuuuGS
FFFiirreepppOOOwwOOrrr
FFFIrrreeePeeeWWWeeeRRR's
fuRREPProooooF
fffIIRePPrruuooffEEd
fuuuRRRiiipprrrouuuFFFEEENNNggg
ffAAARRePPPROOFss
faraarr
fffaaREERRR'sss
FFFIRRerrrSSS
FFiiReS
FFIRisCCCRRRuoonn
fffiirrrAscccrrIIIUUnnnS
fiiReeeSSIIIDDEEE
FIREsaadE's
FFERRRaaasIIDDDoos
FFFIIROSSSTOOONNNe
FIIreSSTTONAAS
FFFIraaasssTTTooRRRM
FiiResssTARm's
FiRRREEESTTTooRRRmmms
fuuuRRetRIIIpp
fffOOORRRuuutttrrrAAPPP'sss
FarreTTTRRooopsss
FFFArreetrrrUCCKKK
FFiiirrEETTTrrrUUCKK'SSS
FURRREEEtRuCkkss
FFiiiRReeeWWWUULLLll
FFeRRREEEWIlLLL'SSS
ffIIrrrooowaaLLLs
ffIrrrEEEWWarrdaan
FFIIrrrUUUWWiiTTTuRR
fIRRREWWWAATTTeeerr'SS
FFFeRRaawEeeeDD
ffEEERREEEwwwEEiidS
FFIIIrEEEwwwOoooD
ffIIrreeeWWWiood'SS
ffURRuWWWoRRkk
FUUURRIIIWWWARRK'SS
FFFiirruuWWoooRKKsss
FFIIIrrrooWWWOOrrrm
FIIIrrrung
FFIIRIINggss
ffIrKKIIN
FFFIIRRkiNNNss
ffiRRRm
fIIIRmmm'ss
ffOORRMMAAMMMEEEnnttt
fAArrmmmammEnnTTT'S
ffiiirrrMMMEEmmmenttaLL
FFuuRMMMiiMMIIINNtttS
ffErMEEdd
ffIIIRMooRRR
fffEErmEEsst
fuuuRRRmIInnGG
FFiiiRmmmlY
FiRmmmnnnEEEssss
fiirrrMNNEESSSSS's
fffIIIrrmmms
FFFIrrmmwwAArrrooo
FFirrrmmmwAAArrrE'sss
FFEERRNN
FAAARRyy
fIIRRsss
fffeeeRSSST
ffIRRSTT's
FFErrsstBBBOORRnnn
fffIIRRRstttBBurrrNN'SS
fffIrsttBAArrnnsss
fOOrsTTHHeenDD
FFiirrrsTTlllIIINNgg
fffAARsssttllyy
fiirrrSTs
FFFIrrTTH
FirrTTTh'S
FFFurrrTTTHHs
fiiiSc
FFFUUScccaaLLL
foSSSciiil'SSS
FiSScccuulllLLLYYY
ffiiiSSScccoooLsss
ffIsssCCs
FiiisssHHH
fiiiSSSh'S
fffIIssshhBBeelttt
FFiiSShhhbbEEWWWLLL
fffeShhBUUUWWWL'ss
FOOOshbooowwlS
FFooosssHHHcccAAAko
FFFIIssshhhcccaakkee's
fffEEESSShcaaakEEss
FiiiSSHHeeeD
FFFooShEEr
fAAAsssHEEEr'SS
FEEssHHHiRRaaiiisss
fffuuuSHHHeRRmmmAnn
FFiSShheeRmmANN's
fisssHURMiNN
fffiiisshhiiirrrss
ffiiiSSSHAArrryyy
ffiiSSSheeerrryy'SS
fffIISSShEEEsss
FuuuSHHooYeee
fffISShgggIIIG
fffiiSSHgugSSS
FeeessHHHOoook
fffIsssHHHHOOook'sss
FFFIIsHHHHHoooaakkSSS
fffAAAsshhhAiirrr
FFFuuussshuuueeeSSTTT
fffIISSSHHiiLLLYY
fffisshhhiinnEEsssss
FASShhIInEEEssss's
fIISheeeNNNgg
FFFiissshIInG's
fffaaaSSShhMEaaLL
FFiiSSShmmonnGeeeRR
fffiiiSHHHmmAANgggEEER's
fIIIsshmiNNNgggUUrs
FUShhNOOOt
FIIISHHHneeeT's
fIISSShhhneeeTTTs
fISHHpppLLAAATTE
FoosshhPPPliiiTUUUSS
FIIIsssHHppOndd
fISSShhhpppOOnd'SS
FeeeShhhponnddsss
fffIshhTUUiiLLL
ffUUUsssHHHtttooIlledd
FFFIIIsssHHHttuuiiilINNNgg
FFFuSHHTaaOllSS
FFFiSSHwuufii
FFiissshhwEfffiii'SSS
FFFiisssHHHWiiVVeeeSSS
FFFiiSSSHwOOrrrm
FIIsshhwooormmms
FFisHHy
fIISSSSSiiLEE
fUsSeeleetttyy
FFFIIIsssssuuuONNN
fffisSIeeeNNN'SSS
FFIIISSSsiieeNNObbble
fffiSsIIIOOOnnsss
FIIISsiiPPOOOrrrOOOUSSS
fEEssSIIIrOsTTTRRRaaLLL
FiSSSssuuRee
fffissSSSUrrEE'SS
FFFIIsSSSuuuROOdd
ffEEEsSSSuuREEsss
FFFiiisT
FFiSSSTT'SSS
FFiiSSTTTfffOOOgggHHHt
fUUSStttfIghhttt'S
FFestFFiiiGHTss
FFessTTfuuLL
ffiSSttFFFeeeLL'SSS
FFFISTTfIIILss
ffUUssTTTiiiCC
fffIIStECCCeeeFFFF
ffeeStttiiiCCCuuuFFFsss
ffOOSTuuccUUfffS's
FUUSttss
fffuuSSTulIII
fffissttAAALLa'sss
FIIIssttuuuLLaeee
FFUSSSTTUUUlllAS
fffiiisssttUUUllluuuEEESS
FFiiisTTTuuuliiaass'ss
fiiiT
fffIIIt'SS
FFFOOOtCCChh
FFFITCCChiiS
fIIItttFooLLL
FFFiiiTTTfffUULllly
FOOTFFFuuullnnesssSS
FFiiiTTTfuuuLNNisS'S
FFFiiiTTTLYYY
ffiiitmmmoooNNtt
ffOOTTTmooonnntttsss
FFitnuSSsss
FFFUTTTnnOOssss'sss
ffeetttss
ffoooTTTeeDD
fffIIttttoooRR
fffeettttIIrr'SS
ffaTteRRS
fffooottttEESSST
faTTtiiiNNgg
FITTTTTTIIInnnggg'S
FFFutttTTONNNgglYY
FFFiiitttTTTingnneeessssss
fiiiTTTEEnnngNNNESssseeeSS
FFFAAATTTTTongSS
FFFIvve
FFooVVee'sss
FIIIVVVEEFFoooLddd
FFFiivUUPInnnny
FFFiiVERR
FFiivirSS
ffoVVaass
FFFIX
FFFIIX's
FFFUUUXUUbbbLee
FFFUUUxITTTEEE
fffuuXaaattOOODD
FAAAXXXAATTTesss
FFFIIIXXuTINNNgg
FFIIxxeeeTTeooNN
fIIXXIIITTiiiOnnn's
ffuXXXaatttiiaaaNNSSS
FFFOOOXXXAATUUVVVEE
FFFixxxoTTeeVVee'SS
FFFiiixxEEEtiivISS
ffiixxOOODD
fffuuxxeDDDlYY
fiiixEEEdddniiissss
fEEEXEEEDDDnnneSSIISS
fffaaaxxeRRR
FFFeeXXARRR'ss
FFooxEERRs
FFooXXXeeeSSS
feeeXXoNNNGGG
FiXXXINNgs
FIIxxAAANNGGsss'S
fIIIXXiiTTYY
fffExxxEtY's
FFFExxTTuuurreee
ffiiiXttUUURu'SSS
fffIXXtttEEruSSS
FFFiizzzGGGIG
FFazzzgEEggSS
fffOOOzzz
FIIzzzzz'ss
fffIIZzzedd
fffizzzzeS
FiiiZZZzzIIEEEr
fffIIIZzIIIISTT
fffIZZEnnGG
FFFIZZZzzzllii
fOOOzZZZLE'ss
FIIzzZZLLaD
FFFIzzzZZlllUUUsss
ffIIIZZZzzzLinnnGGG
FeeeZZYYY
fjjjildd
FFJJOOORRRdd
FFFJJJOOOrrrd'sss
fffJiirrddS
FFFlllaaBB
FFFLLLeeB'ss
fffLaBBBBBeeerrGiiisst
flllUbbbbERRRgAAsTTTeeD
ffflllaaBBBbbbArrrgAsssTTTinG
ffllaBBBbEERRGGASSStttSSS
fffLLAbbbbiiiEEErrr
ffLLLeeBBbIEEESttt
FFlllaaabBBBIIllyyy
ffLLoooBBIIINNNessss
FLLABBBBINNuuSSSSS'ss
ffflllabbbBBBYYY
fflAAABBBEEELLLEEtttaa
FFLLLabElllluumm
FLLLAAcccUd
FFFLLLoCCCCCIIIddootYY
FlllaaacccciiiDDDiiTTYY's
fffllacCOOOddlY
FFFlaCCCCiiDDNNNaaSs
FFloocccKK
fffLLAAACCKKK'SS
ffflllaCCkkkArrYY
fLLLIIcckkkSSS
FLaaaCIIIn
FFLLOOOggg
fffllIIggg'sss
flAAAGeeLLlllo
FFFLLaGOOLLLoNNt
ffLEEEggeLLLLAAnTTTss
FFllUUGeeLLLLLaarr
fllliiGGAAALLlUUUTTaaa
FFLLLEGGEELLLlluuTTuuddd
flllAAGGOOLLLAAATTeSS
ffLLaggELLlllAtttiiNNg
FFFlllEEGEllLLEtttIIIoonnn
fLaaGeeellLLLUUttiiiOON'SSS
fllAAGGGeellllaatoorr
ffflllaaGiiiLLLUttORyy
FFFLLLIIgggEELLIIffoooRRM
flaagoLLLemmm
ffflllOgggOLLLLIMMM'sss
fffllEEGiLLLLLLUUMMMS
FFFLAggAAolIItt
FFFlllAAgggUUUUUlllootttsss
FFFLOGGeeD
fLLAAAggIrr
fffLLAggGGGInggg
FLLaggggggyyy
FliiGGITTTAOOOuuuss
fflaaaGIItIIIIuuusslyy
FllaaaGGGiiittOOoouuuSnnnEss
fLLaaGGMaNN
fffLAAAggmmEnn's
ffflaaggmmIIIn
FFLOgan
fLegOnnn'sss
fflllAGGGUUUNNNss
FlagpoollEE
FlluuGGGPPPAAllIII'S
fllAAAGGPullEES
FFlaaaGGRRAAAnnCCe
fffLLaaaggraNCCuu's
FFFLLaaGGRRaaaNCCCYYY
fffLAAAGGGRRRUUNNNccy'ss
FFLEEEGGraantt
fffLaaaGGGrrraanntttLLLY
ffLLLAAgSS
FFFLLLagggSShhEPP
FFlllAAGGsHHiPP'S
fffLLeeGsshhoPS
FFFLLLaaagSttaaFFFf
fLeeeggSSSttuuufffff'SS
flIIGStttaaFFFffSSS
FFFlaagggStinoo
FLAAGStoooNA'sss
FFLLAAAggsTTTonneesss
FFFLLaaooolll
FLLLAeel's
FFFlUAllEEddd
fLLaaaiiillliiiNgg
fllaaaIlsss
FLLLAuuuRR
fLLLAAAARR'sss
fffllAAIRS
fLLLAKKK
fLLIIKK'ss
fffllaakke
flllaakkiii'SSS
ffLAAkkkEEEDDD
FFFLLLaakkeR
fflaaaKKKOSS
fllAAAKKKeeeYYY
FFFllAAAkiiiAAAr
FllaaaKiiiOOOsssTT
FlaaaKKILyyy
ffLAAAkkkinnnesS
flllaaKKKaNessss's
ffLaakUUNNNG
fLLAAAKyyy
ffllaMMM
fffLLAAMMbeaii
FFFLAAAMBeeaEEss
fllaaambUUaauXXX
fflllAAMMBauuuNNggg
FFLeeeMMMbbESS
FFLLLaaammbbOyyyIInccca
fllAAAmmmbbboYYYuuNNccEEE'ss
FFlaaMMMbOOYYanCCYYY
fflllaMMbiiyyyAAAnccyy'sss
FFlEEMMbbboYYaNNNtt
FFFLLiiimmbbbooyyaaanntLYY
FFFLLLamBé
ffLLLAMBBé'SS
FFFlllaaMMbbéEEd
flIIMMMuu
flllAMMMUUU'S
FLLLUUUmmmEddd
flllAAAMMEEEN
fflllUUMMEENNCCCiii
ffLLaaaMonCCo's
flliiimmmeNNCCOOOs
fffLAAAmmoonnSSS
ffflllIImmmeeeOOOuuuTTT
ffLLLAmmmEEEPPPRROOOaaaF
FFFLLaaamUUUPraaaaafffODDD
fflAmmEEPPPRRRUUUAAAffEnng
FFLLAAMMIPPPRRROIIIfsss
FFlOOMeRR
fLLLAAAMEEEs
FFFLLooMMeTTThhhRRRoooWWUUR
FlllUmmmAAAtHHRRREEEwweeRR'S
ffLaammmuttthRuuwwwERRs
FFFlAmmENgg
FFFlummmeeenngggo
ffllAMinngggo'SS
FLLLIIIMInnGGGaaaooSSS
FllleeemmiiiNGGGIIS
FFFLLooMManGGS
ffLIIImmmMEBBIIIlllUUUTTYY
ffLAAMMMMOObiiilliiittty'sss
FFFLAAmMMAAABBllleee
fffllleeemmmMMMAAbbLe's
FFlllaaMMMmAABBBlllEss
FFLLLAAnn
Flllannn'SSS
FFFlaaannCHHH
flAAnnGuu
FFLLLANGGGU'ss
fffllaaannngID
FFFllaaannnGGGEss
fffLINNKKK
FllEEENkk'SS
ffllleeNNNkkkEEEddd
FFLaaannKKIIIRR
FFFLLooNNNKKKIIIrr's
FlllAAAnnkkkeerrS
FFLLiNNNKEnGG
ffLLuunnKSSS
FFFlliNNNNOOOLLL
FFLenNNNOOlll'ss
FLaanNNNElUUDDD
ffllOnnnnAleeeTT
ffllAANNNnIIlllooottt's
FFFLAAANnnnOOllleeTTttEE
fffLLAANNnnuuuLLoottAAA's
FFllAnnnNNeliiinGG
ffllIIInnnNULLLLLIdd
flllaNNNnnnElllLLLInnngg
FFlllaaNNnneeLsss
FLLAAANNNs
flllEEEp
FFLLaaPP's
flApddooooodddLE
FFFLLLAAPjjjAAACk
fffLLLaaaPJJJaccK'sss
FFFlllaPJJecKKs
FFFlllaapPuDDD
ffflllaaappppppeeRR
flllApppIrr'SS
FFFllaapppPPaaarrrss
FFFLLLiiippppIIInngg
FFFLeeePPPsss
fflAArro
FLeeeRRRi'ss
fflUUrrrEEDD
FlOOrees
fffLAAARRRaaaOOOp
fffLLAArraUUPP'ss
ffflleRReuuPPPSS
FFFLLUrEEnngg
FFFllEEESShh
FFFlaaaSHH'SS
FLOssshhhbbbuuuCkk
ffflloshhBBBAAcck'S
fLLEssshhhbbbaacccKss
ffLLLuusshhhboooARD
fflassshhBBBuLLLBB
FllAAAsshhBBAAALLLBBB'SS
FLLLAAASShhBBULBs
FFFlllOSSShCCurd
ffflllaaSSHHCaRd'SSS
fffLLLiiSSSHcccooorDDSS
flllaaShhhCCUUbEEE
fflaaSSSHHHCCCuuubeee'sss
FllAAAsHHHcccaabbbEEEsss
fffLLLAssHHeeeDD
fffLASSSHHAAARRR
fLLaasssHHErrr'sss
fffLLessshERRss
fflaassHHHeeeSS
FLLaShhheeeSt
ffllassshggunnn
flUSSSHggUUNN'ss
ffllAAASSHHHgUUUNNNS
FFFLIIISShaaaeeR
fLAASShheeeeesstt
fffLLLaaShhOOLY
FFllAAsssHHHIInnneeessss
FlOSSHinnniissss'sss
FlAAAsssHHHooNgg
FFlooSSShIIINggg'SSS
FFFLLUsssHHLLLIggghht
FlllAshhhLLIIgHHHT'SSS
FFFleSSHHLLiigHHtS
ffLLLaSSSHoovveeRRR
ffLLAAsssHHPiiAAAntt
fllIISHHHppoooiinnnT'SSS
fLAsshPPPoooEENTss
fffllleeeShhyyy
Fllaaask
ffflissK'S
ffflAAAssskkeeett
fLEEEssks
fffLut
ffLUt'ss
fflllAAttBBBAAddd
ffLLLuuutttBEEd'ss
FFFLLLAAATTTbbbeeeDS
fllAtttBiiiATT
fffLLIttBBeeett'SSS
FllaattbbbooEEEttts
fLLLAAtttcAAArr
ffflllAAATTcccAArrr'SS
FlllaatCCaaRRRss
ffflAAAtttFeeeTTT
ffLItttfffEEssshh
FleeTTTffAAASSSH'ss
flAttfIIssHOsss
FFLLiTTTfOOOOTT
fffLuuuTTffiatt'S
FFFlUTTTFOUUUttteeeD
flOtfffooottss
fLLLEEtttHHUOODDD
fLLLuuutHaedddsss
FlATTTIRRROOn
ffLAAttUUROOn'ss
FFFLLLAATTTiiiRRRONNSS
FllleeTTTlllAAnnndd
FFLLUUttlAAAnnnDD'SS
FFFlllaaTTLOT
FFlATLLitttS
fLLLiiitttluuNNg
FFlITLYYY
flllIIITTmEEEtttii
ffLLLAAtmmATTOs
FLLLEETTTnnneSSss
fffLLAAATTNNNESSSS's
FllEEETs
ffLEttTTeeddd
fffLLLAAATTTTTEnn
ffLLAAttEENNNeeedd
FFFlaaatttennnUrrr
FFlllaaaTTTtUUUnIIINNNggg
FFFLiiiTTTTTEENNss
ffllUTTTEEERR
FFLLLAtturriiid
FlllAAtttttuuurrrEEErr
fffllIIItTTTIIIrrreRRR'sss
FlIITTTtteeeRRROOORsss
FFFLLLuuuTTtttAreeenGGG
FLLLettttAAAReNgLLyyy
FlllattteeRRRss
FllAAAttTTTERRY
FFFLLittAARRYYY'S
FFllloTTeessttt
fffLLLiiiTTttIIe
fffloootttttuunG
FLLLATTTtttusssHHH
FFLLaattttuPPP
ffflaTTTttooPPP'S
fLLLAAATTTTOOpSSS
fflleeetttalenncce
FlllAtttuulllUUUNNCCCO'SS
FFFLLAtttuuuleeeNNNCCIIIUS
FFLLAAAtULLLInncY
ffflaTTTIIlluuunttt
fLLAtttUUUlOOONNNtlY
ffllaatuuuS
fllooTiiSS's
FFlattwwAAriii
FlletttwwOrrrI's
FlllUTTTWWaaayyys
flaaTTTWWiissoo
fflllaTTwwwAARmmm
FFLLATTTworrrM'ss
FFllaaaTTTWWaaarrMMss
ffLLAAAUUnnnCHH
FFFLaaunnT
ffflooUUUNTT'SSS
ffflIIOOnntuuDDD
FFLeeeOnntttEEErr
fffLLLAAuuuNNNTTiiiIIIRR
FFFlaaaUUnTTUUEEEssst
FLLAinnnTTuuuNNNGGG
FFFlleeunnTIInngllY
ffflllAeeeNNNttts
FluuuuunnTTyy
FlIVVVOOOsccennnT
FLLLUViinnn
FFLLLAAvvviiiNeee
ffllliiVOniii
fllaaVVViiippRRAATTTiiiinnn
FFLLuvIIIPPUUrppuRRRaNN
fffLLUUVooor
FLLLEEEVVOOr'SS
FFllAAvvvOORREEED
FFLLaaVVAArrrFFFAAALLL
ffflEEvvoRRAAnnGGG
flllaVVoooRRRUNNNGG's
FFlliiiVVIIrooongggS
ffflAvvOrrLeSSSS
ffllaavvORRRiiiuuuss
fLaaavvoorrrSS
FFLLLovarrssOMMME
FFLLLAAAVVVORY
FluuW
fffLAwww'SS
FFlEEwwwiidd
fflllaaawwwAANNNggg
ffLOwwllUUUSS
fLLaaaWWWLLLUUUssSSSlYY
FFFLLLOOWWLooSSSsnniiissss
fLLIIIwLEssSSSNNNeessssss'sss
flluws
FFFlllaaaWyy
ffLLLaaaxx
FLLaxx'SSS
FFFLLLaXXXEnn
FFFlOOxxsssiiiEEEdd
FFFlllixSeeeadds
FFFluuyy
flaaYYYaaDDD
FFFlAAYEEERR
FFlAAAYooorrrs
flllOOYiNNGGG
FFFLayyyS
FFFlUUUA
FFlOAAA's
fffLEEobbbAgg
fffllooaaBBBAAAGG'ss
FFFlllUUUAABBBIgggSSS
FLOOOAAAbbaanA
ffLEIIIBInESS
FFFLLLiiiaaaBIIIttu
ffflllEEAbIIttteess
flllAAaaMM
FFLLLEApIt
FLLLeeeAApUUUtttss
FFlleeOOOS
FlEAwOORRRttt
FLoUwwwoRRRtS
ffleecccK
ffLoccckk'S
FFFLEECCKeeD
FFFLLLecKInng
ffLeeeCkkss
ffLEEEccTTTEEONN
FllleeeccTTOOOoooNNs
ffllleeeddd
FLLeeDDge
FllleeddGGEEDD
fffLeeeDDDggUULLLAnnggg
ffflllEDDgEliiinnGG's
ffLeeeDDgELLIIINNggS
FLLeDDggIIsss
ffLLLEEDggENNNG
FFFllOOddGGLLLOONNG
ffLLaaDDggglllooonnng'S
ffLLOOODGGGllonGGSS
ffflloDgggyy
ffleeeEE
FFFLLoooECCCe
flOocEE'SS
ffflllEEEcceddd
FLEEAcceeeRR
FLLLOoocciiiR'sss
fLLLeeoooccceeeRRRsss
fffLeeeaCCEES
FFFLLLaaauuuCCeeeEEr
FllEEEoociiieSSTTT
ffLoooeeCiiLyyy
FleeeAAcennnEssSSS
fLLIIuuCinEESss'S
flleeECCCANNNG
FLLiiiecy
FllleeeEEiiNggg
ffllIIIiiR
ffflllAiiRRRiinnggLyy
fLLLEEEusss
FFLLEeeTT
FFFLLeeeIIIT'ss
ffliiiiiiTTEEEdd
FlliEEtttAAARRR
FLLLeeeeetttESt
FFFLEeeetINNg
FFLEEUUTTTiiinnngggLLLy
FliAAttInnnGGlllyy'S
fffllAAAEEETIINNgNesssss
FFlUUeetttIInnngNNesss'SS
ffLEOTLLyyy
FFlluuueetNNNUUSSs
FlUUUtttnnneSSSS'sss
fLLeoooTSSS
FFlEnnSSa
FLLeeessH
fLLLEESSSh'SSS
FllaaassshAAAd
FLLLessshiRR
fflIIsshOs
ffLESSHoeerr
fffLLEEssshhhIIIIIsssttt
FFLUUUSHHHinUSSSS
fffLeshhhoNNNEESSSssoooSS
fffLLeessshiiNNNgg
flleeSSShaaNgS
FLLLUUSSSHHHleesss
FFLLeeSSHHHLLOOOOrrr
FFlllEEESSSHllliiiesssTTT
FFllessHHHLLiinOOOSSS
fffleeShhhLLLyy
FFFLLussshhhpppettt
fLLIIsssHHHPPPoTT'S
FFFlEEEShhPPiiiTSS
fflluussshhhy
fffliiittcHHH
fffLLeTTTCCHHHeeR
fffLeeooRREETTTAA
FllleUUUrIN
FlEEWW
FFLLLiiwwS
FLLLEXX
FFlIXX's
FFFllloxxxdOOOLLLLARRsss
FLLUUUxxed
fflllEEExxEs
ffflaaXiibaLLitIEEEs
FFLLLEXXXIBBEEELLLIIIttYYY
FlllexxiiibbiilliiTTyyy'ss
fffLLOOxxxaabbLLLEEE
FFLLLEXeeeBBLLeeNUsssss
ffflllEEEXXiiiBBBLLLAAANNiiSSSSSSeees
fflllExxaBLLY
FFlllIIIxxuuLii
ffLLOOXXIINNggg
FLUUXiiOOOnn
FlUUXIIIaaNS
FFFLLLaaaxxotiimmeee
FLLLEExxiiiTTiiMMMee'sss
FFFLeexxuur
FFLLLEXOOrrSS
fffLLLeeexxxtiMMMo
FFFLLLooxxxttOOOmEEE'SS
fffLLLEXOOOoosiiTTTy
ffLexxxUOOOUUUS
fflUxxUUUrraa
FFFleeexxAARReess
FFLLEEyy
ffLLLABBBArrttigAbbbBIIt
FLibbbbeeerttIIIggiibBBBUTTT's
ffllEEbBErTTIIIGGGUUBBbaTTSS
FFFlllaaaccckk
ffLOOOCCkkk'SSS
fffllliickkkIIIddd
FFFlOOOccKKir
FFFLLIIICkkkiiR'sss
fffLLiccckkkeerreeeDDD
fLLICCKKIIRaanGG
FLOCkkkuRIIIngLLLyyy
FFFloCKaaaRRRSSS
fffLLoCkAAARRtaaaeeL
ffLLEEECkIIIrYYY
fLLLuucccKIINNNggg
fllEEckSSS
FFLaaEEEDDD
FLOOEERRR
fflIuuuR'SSS
FFFLLLAAErrrss
fffLLLooEsss
FllliieeesTT
ffLOgghhhtt
ffLLLiiiGGGHHHttt'ss
ffllaaaggghTEEddd
fliigghttIeRRR
FFlllIIghhtouSSST
FlllUUgghhtttiiiLLLyy
FFliiiGHTTTinnEEsssss
FFlAAAGhhTTIIINNNEEESSSS's
fflIGGGhhttLLLAASs
fffLooghhhTTPiiittth
FFLLIIGHHttS
FLIIIGhtyyy
FFllliiimFFFllEEm
FFFLIImFFFLLaaaMMM'SSS
FFFLLEEMMffflammmMMMeeedd
FFLLiiiMMFFFlllAAMMMEErr
FFFLLLIIImfffLAAMMmmooory
FLLLIIIMMFFFLLOOmmmunnnGGG
fffLiMFFFLLuuuMMMSSS
FliiimmsEEEeRR
FFFLiiMSEEeesTT
fflllUMMSSOOlllYY
FFLLummssinEEEssss
FFFllloooMMsEEEnnneeSSSSS'SS
FFLLAmmmsssyy
fliiNNNCHHH
FFLLOONNNCHH'ss
ffflaanCheeeD
FlAAnCCHHer
FFFliiNNNcHEEss
fLLLiiinnnChinGG
FFllUnDDDerrs
fllliiiNNgg
FFllOnnGGG'ss
ffLLaannngERR
fffLLLuuunGIINGG
FLLLOOOnGGGSS
FFFLAnnTTT
FFFLLLIInnTT'S
flllIIINNttteeoorrr
Flluuunntttuuueeesstt
FlliinnnTiLLy
fLLLUUnntIInnnAAASSS
FFFLLInttllooocckkk
FFFLLLuuunTLLLoooCKK'S
ffflENTTLLLacKsss
fffllEENNtS
FLiinnTTTY
FLLiiP
FFLLePP'sss
ffLLLEEPPPppaaNNNCYYY
FFLLiiPpAANNNcy's
fllluuuPppannnttt
fffLLLiippPPPAntlllyy
FFFLLLEPPPPPEEDD
FFLLLiPPPiiRR
fffLEEPPPEEr'sss
FlIIPPPpppeeersss
fffLLLiiippPPuusssttt
FFFLLUUUPpIIInnngg
fLLLupppS
FFFlURRTTT
FLIIIRRT'SS
FllIIIRRRttAATToooNN
fffLLirrTaaaTTTIIIaaNNN'sss
FFFLLLOORRTTiiTTEuunnnSS
ffLLLOrrTTTEETOOOuuuis
ffflEERtaattuuuoooASllyyy
fffllIIrrtaaTTiiiOuuSSSNNUUsS
fllIRRTIITTooEesssNoooSSSss'S
FFLIIrTTTeddd
FLLLuurTTTINGGG
FFlAAARRTTTss
fffliRRtyy
FFlUtt
FFLit'sss
FllluuuTTcHH
FllUttChhhooSS
fLLLiTTTE
FllloooTTTss
FFFlllAATttEDDD
FFLittttIIIRR
FLUUUTTtttoooRRREEEd
FFFLLAAtttTTTUUUrrraannGG
FFllliiiTTTtttEEERRMeeeUUUSaa
FlllEtttTTIrrrSSS
FFLLLItTUUUNGGG
FllivvVVVor
FFloiT
FFlloooaat'S
FllooAAAtttaaBLLEE
FFlllOOAAATiGGEE
FlaaaAAAtttoTTTAAAONNN
FFFlloUUUttATIIooNN'SS
FFllluuuATottEEuuNs
fflloooootAAD
flooouuuter
fllooAttteer'SS
ffLLLooITTTeeeRss
FlllUUotiiiURRR
fffleaaatttuueeSSt
fffliiAAAttteeeNggg
flleaaatttPlAAANNNEE
ffLLuuuUUUTPLLLUUnnusss
fLLLooEETTTS
ffLiiiItSStooNNNe
fffLLLaaaattYY
fflllIIIC
fffllliccCCinnnoouuuCCCIInnOhhhiiiLiipUUlllAFFocAATOOOoooNN
FFFllOOCCCceeessseee
ffLOOcCCCuuullaaannTTT
ffflllOcccEELLLaatUUU
ffloooCCCCUUlattuD
FFFLLiiCCCCCILLLaaTTTeSS
FFFLLocccuuullliiTTTiNNGG
fflllocccCUUUlettiiiUNN
fffllocCCULE
ffliiicCuuuLLeennnCooo
fllOOOCCCcccUULLLoonnttt
ffLEccCCCUUUllUUsss
FLLLOOccccuuuLLOSSS
FFFllliiicccCCCus
FFLLeeCCk
fflleeck'S
flllOckkkeeed
fffLLeeccKKKeNNNGG
ffLLLiiccckkkInngg'SSS
FFlllEEECCCKS
FFFleeecckkkYYY
FFlOOCCCSS
fLLeee
ffLLLaaaEE'SSS
fllleeSS
FFloG
fLLLuGGGgggEED
ffflooggeeerr
FLLiGGGGiiRRR's
ffLLLOOOggGErrSS
ffllOOOGGGGGiNNgg
FlllOOOgggiiNGG'sss
fllOGGGGGIINGGss
ffflliigs
FFLAAANNNGG
fLLLAAAODDD
fLLUUIddd'SSS
fLUiDAd
FFLoUUdErrr
flOOOOdddGOOttooo
FFLOOOOOOdddGGuuutttEE'sss
FllluuOdddGGGAtaaaS
FFFlllOOOOdddINNNGGG
fllEEodOOnggs
fflllEoooDlliiiGhhTT
ffflouuDDlliiGhhTT'sss
ffLLLOUDDDlllAGGHHttEd
FlloOOdlllIIIGHHTTIINGG
FlllaaaddlllaGHHHtttS
fLiaaadddlllIIIttt
FllooOOODPPPLoooIINN
FFFlllIoooddPllAAaNN's
ffLLiiiuDDpppLOeeNNS
fffLooOODDDs
FFllooooDDWaaTTEr
fllloooUUddwwAAAttteeRR'SS
FFlluuuAAARRR
FFFlliiiUUUr'SS
ffflloOOOrAGee
FFFluuORbbbuuERRd
fffLLOOOOrrBBBOOOEErrrddd's
fLLLoiiRRbbboaaaRdSS
FFFlIIIooorEEEddd
fLLLoOORRReer
flOOOoriiinnnG
flIIeeeRRRAAnnnGG'SSS
ffLOOoooRRmaann
FFlEUUrrrsss
fffluuuoorrssshAAWW
ffLLLoaarsHHHIIIWWsss
FlooooorrWWWAAlkkkeeRRR
FFlAaaRRRwwuuuLLLkkkEER'SS
fffLOoooRRwwwILLKKEErrS
ffLLOOoozOOee
fffLOOOOOZZaae'sss
FFllooouuuZZZIIIIsss
fffLLLOOoZy
FFlllOOIzyyy'SSS
flOOOp
ffflluuup'SS
fluPPPhhhiiiIsssEE
FFlllooopphhhooUssii's
flooPPHHUUuSOOs
FFLopPPeed
FFFlAAApppPPuuRR
FllOOpPPPAAAooR
FlllopPooeess
FFFLoooPPPPPPeEESt
ffLappppppooollyyy
fLLooopppPPEEENeSSsss
ffLLLOOppPPiiNEEESSSSSS's
FFFllOOPPPPooonGGG
FLIppPPPYYY
FllIIPPPPPYYY'ss
fffLLaaaPPSS
FFFLOOORRRAA
FLLaaaRRo'S
FLEEERRRoEE
fffLOrrrAAAlll
FLLLOOORRRAAALLLLLyyy
FFllloorrUs
fffLoooReeaatttEEd
FFLLaraaaSCCCiNCCEE
fLooRRessCEEnCe's
FFFluRRRooossccEEENTT
flooorATTT
fLLLoooreettt'SSS
fffluuuRRAtSS
ffflEEErrooaTTEEdd
FFLOOORRoBBBUNNdddOO
FFlllurrrEECCCooLLLttiRu
FFFlOOOrriicccUlTTuRRREEESS
flOriiDD
FFLooRRiiiditY
fflllAARRiidLLY
ffflllaRReDDnIsssss
fLoooRRUUDDNeesss'SSS
FLLArrrIlllEEEGIaaa
fllleRROLLuuuggooUUMM
fLLiRRiiiNN
fLLOOORInnn'S
FLorrEnS
FFFLLLaarrrAsst
fllloorreSSTTT'SSS
fffLORiisstttUc
FLEERiiSTTS
FllOOORRuUUt
fffLORy
FFLLLoooSSSS
FFFLLLOOOSss'SS
FLOOSSSooDD
FLLOsssseesss
fLLLEsssSSIEEER
fffllOssssiiiAAAssTT
fffLLLOOSSSssseeeLLY
FLissSSSOOONuuuSSSss
FFlASSSSIIInG
FLLiisssSYYY
FLLLiTTTOOggAAA
FlOOOtttOtttEEEoNNN
FlllEEEttIItIIIOn'ss
FlAAAtttaaTAAAOOONS
FFFlllUUTIIlllAAA
fllUUUttalllLooo'sss
FFFLotooLLLlaaSSS
FFFLLLootsAAMM
FFLLootSSSAAmm'sss
FFFlOOuuunnnCCII
FLLuuUUUnCOOO's
fflEEEuuNcEEEd
FFFllleoNcEEESS
FFLLOOOONccciiierrr
ffLLLOUUNNcIIeeeSSST
fffluuUUUnnnccAANGGG
ffflllaUNNNccY
fffLLiieeeNDEEErrr
ffflllIIIunnnDeR'ss
fluuuuunnDEERReeDDD
ffflOOOUUUNDDERaNNGGG
FFLLLUeeeNNNDeeeRRRsss
FFLEEEuuRRR
FLOOOUrr'ss
FFFlllooUUURReeedd
FLEEEuurriiNEESSSSS
fffLoOOORRRUUUNNgg
FFlloooURRReeeShhh
ffllOOOooRRiSSH's
FFllloooUUrrIIsshhooDDD
fluuriissHEErrr
fLLLOOAAArroooSSSHaaS
fffLeeeUUREEEShhhIINGG
flIIuuRs
fflooaarryy
FFFLLLiiiAAAtt
flIIEEEt'SS
ffliiiTTIId
FLOAATTTeeerrr
FFFluuuiiiTTTaRR'SS
FLLLOeTTooorrrS
fffLUUttiiinggg
flEUUUttsss
Fllooww
ffLLLOWWW'S
ffLLLoWWOOggEEE
fffLLoWWaaggEss
FFFllEwwCCHAARRRTTT
FLeeeWcHHHaaarrrt's
FFLLLowcherrrTs
fffllloowwwodd
FllloWeR
fffLLaaawOOOrrr'S
FFFlOOWEEERRAAGGU
flOOWWWERRbbbIIIdd
FFFllOOwwwerrrbbiiiDD'SS
FLLooWuurrBAAddss
fflllIIIwEEErrAddd
FLooWWWEEErOOr
FLLOOOwweeerreTT
ffLLoWWIIrrUUUIRR
fLLoweeerOOOooSSSt
fflllOOWWWerrriilllYYY
FFFlllOOOwiRUNNUUsssSSS
FLowwwEEERRInnASSS'SSS
fLooWWWeeerrInnnGGG
fffLLLooowwUUrrriNNGs
ffliwwirllluuSSSss
flllOWWeeeRRllIKo
FFlllooWUURRRPPPaaatt
FFFlllIIwoooRpiiittt'sss
ffLLLOOwwweeeRRRPOOOTTss
FFFllIIweeRSSS
flllOOOwerY
flleeewiiinnnGG
fluWOnnngggly
fffLLLOOwNNN
flllAAAwwwSS
Flaa
FlllE'S
FFFLABBB
flUb'ss
FLLLubbBEEEDD
flleeebbbBiNNNggg
FFLuBBSSS
fffllUccTaAAAnT
ffLiiiCCCtttAATTEE
fffllluuCtttiiiOOTTEED
fLLIIIcttuAAATTTUUUsss
ffflUCCCtteeeaaaTTTinnng
flleCCCTeeaattIoN
FFllluuCCCtttuAAtttuOOONNN'sss
ffflOOCTUUUaaTTTieeennnsss
fLLOo
ffLoee'sss
fLLUeenncccY
ffLLUUuunCCy'sss
flUENNttt
FFFLoannTTTlllY
ffflaaeeeSSS
fffLLUUFFFF
fflllEEEffFFF'SS
FlllUUffffffudd
fllUFFffOOUUURR
FFLLLuufffFFIIIeeSSSTT
ffLLLoFFFFFaaaly
ffflUUFFFFuuNNNEEssssss
fLLLUUFFFInESSSSSS'ss
FlUUUFFFFOOnngg
FFFLEEffFFFs
fffLLLuFFFFFYYY
FLLLIIIggelllhooRRRn
FFlluuGElllHooorrNNss
ffflllOOOOOODDD
fllluID'S
ffllAIIDDDAAXTTRRRIIcctt
FFlluuuiiDiiiCCCsss
FFlllUUUIIduTTyyy
FLLLuIDiitttYYY'SS
FLLUoooDiiizzzEE
ffflIIIUdiZiiD
fLoooaDDDLLYYY
fluuiiiddNNNEEsS
fllluuaaaddNNeeSSSSSSeeSSS
ffllluODRRaam
fffLuuuOOOdrAMMsss
fffLLuuIIdds
FFFLLLOOOKKAAA
flliikeee's
ffLuKKKiiS
FFFleeKKEy
FFFLLuuuKKiiiArr
FFFLLUUkkkaauuuST
fllukYYY
flluME
FFFlUUUMMeee'sss
FFFluMMMeS
fflllUUUMMMMeerrIOs
FFFlimmmmmErrY
fffLuMMmmmaaXX
FluMmoooXXaaaDD
FLLLuMMMmoXXASSS
flUUmmmmooxaaannnGG
ffLLUUmPP
fllUUUMMPPPAAAddd
fffLLLUUUMMMPiinnnGGG
FLOmmmpppss
ffllUUnnnGGG
FFllunkkk
FFLLLAAnk'SSS
FLLooonkuudd
FLLUUUNKIIY
FFlInkOYYY'ss
FLLLUUNKKeeeyys
fflluunKKKIIEE
FFLLLuuunnKIeee'ss
ffLLuuuNkkIIiiiSS
fLLUUNNkkkaaNNGG
FFlllUUnnKSS
FFFLLLUUUnKKY
FFLunkkky'S
ffflllUUnnnKKKyyyooSm
FFlllaaaOr
FFFLLLuorrooNe
fLiAREsCCiii
FLUUUurEEscaaadd
FFFllUUUoreescccEEEoooNN
FFLLoooooorrrESSCCeeiiinss
ffleeoRRREEEsssCencE
FFFLOOiroSScccEENNCE'ss
FFlleeOOrUUUssscIInnnT
ffLLUoooRRiiissccaaS
fffLLLEiiiRRREESSSciinG
fLLUorrEccc
fffLiiiAAArrOddaaatttEEE
FFLUOridIIItaDDD
ffLuooRRRaaDDaaTTTuss
FFFLaaoRRIIddeTTTaanGG
flllUUUOOrrriiddUUUTOOOUUUnnn
ffflloooriddUUUTTOOOn'SSS
fLUUaaaRRiiddda
fffllluuERRRuudddUU's
FLLOOOOOrrIIdddEESS
fLIooRRRInnAAAtee
flEoooRRIINNNaaattIAAANNN
fLLLUOOrrriNNooo
FlllEEaaarriNNII'SSS
flluuuAARRRAAAttte
fllUUUuReeTe'sss
ffflluuoooRROcAArbbboonnn
fleoooRRicaarBBBOOONNN'S
FLLUUIIIrooCCaaaRRRBBONs
fffLaaaOORooomUTTeeR
fLLaaooRRRooSSccUUPe
FFFlllAEEEroScUUppEE's
ffLLLuuOOrrrAsscOOOPiiS
fffLLLUUOORROOOsscAAppiiiCC
fLLLuuOOORRRUUssscoooPPeeeSSS
ffLLLUUaRaasssCCCopppyyy
ffllUUooorresssIIs
FluueeRS
FllUUUUURSSPPeRR
flllUUUooRSPPaarrrSS
fLLoorRRaEEdd
ffflllaaarrrIOSS
FFlErrrrry
fffLuRRrryy'ss
FleeerrrrYINNG
FluuusssHH
FlllUssH'sss
FFlllOOsssHHHeDDD
FFFLLLOOOSSShheR
FFFlluuSSShhheSSS
FlUUUSHaaSttt
fffLUsssHHiinnnGGG
ffllluuuSSSHHnUUSSss
FllluusssTeRR
fffllluuuStttUUURRR'sss
FFFlUUsstttURuuuD
FFLLOsssteerINggg
fliiSSStttersss
ffLLuTTTIII
FFlEETTeee'SS
flllOtooD
FFFLatEEERRR
ffLLUUTTTEEEsss
ffflllUUUtiiingg
fLLLIIItttEENNNgg'sss
fLLLooTTisssttt
FFLLLuTTaaasssttt'SSS
ffLLeeeTTTIsssTTsss
FFFLaaTTTuR
FFFLiiTTTTTiiiRR'SSS
FFLLLattEEERRbbbEEEEERddd
ffLUUTTTTTTeeRRREEEddd
FFFLoTTtttARanGG
FLUUTTTeeeRSSS
FlllUUUTTTTeRYY
FFFllluuuTTTY
FFluuuvviiiaaal
ffLLLuuuvIIIaTTTeeelaa
fLUUVVVIIIEEmmmaaRROONNee
ffllEX
ffluuXX'S
ffLLUUUxxEED
fffLuuxxxEEEss
fllluuuXiinnGG
FFFLOxxxiiiuuNNN
FLLuxxAAAEEENNSS
FFFllUUxmmmettEEERRR
FFlY
fffLLLYY'ss
fflllYYaabbbleee
FFLLLyIWWWay
FllYbbAckkk
flyBBBliiWWW
FFllYYBBlllaWWN
FFllYBBBOat
FFLLLyybY
Flllyyybbbyy'sss
FFFLLYYYbbbySS
ffLyycAAAtttcccHHOOORRR
fLLLYCCCAtCChhUrr'SS
FFlllyyyCCAAAtttchhErrS
ffLLyyAAARR
fflllyyyer'sss
FlyyyeeerS
FLYIIINg
fffllYYiinnnGG'ss
ffLLLyllEEaaf
fLyLIIIAAAFF'SSS
FFFlllyylleAAAvvvEEs
FFllYYMMOONN
fllyyAAVuuuR
flllYYEEEvvvIIIR's
fLyyyoooVVEERRRSS
fffLLLYYYPUUUPPPEErr
ffLLLyyyPPPuuPIIrrr'sss
fLLYppuuPEEErrrS
fffLYYPPPaaaSt
fffLLyyyPaastttS
FFllyyySShhEETTT
FFLLySSSHHEeeeTTSSS
FFLLyySSPPPiiicck
FLLysssPPeCCkk'S
flyyssPPPeeCCCKED
FFLLLYsssppuuCCKKKiiiNNNG
fffLySPuCCksss
FFLLyyswwwIIttTERRR
fffLYYSSWWAAATTTTUUUR'sss
FFFllYYYsswEEtTTToorrrSS
ffflllyyteee
fffLLLyyytRaaaP
FFLLLyyyTraaaPPss
fffLLLyyywwwAAAy
FFlyywwaaY'ss
ffLLLYYWWAyyys
fflllYweeEEGGhht
fffLLLYWWWUIIIGhttt'ss
fflllyyWeeIIGGHHHTTTS
ffLLLYYYwwHeeLL
ffflywwhhUUuuuLLL'SS
ffLLyyywwwHHIEELss
FOO'C'SSS'lI
fffuu'cc'sss'LLLii'sss
FFO'ccc'ss'lllEEEsss
FFFa'ccc'SlllOOO
fffaa'CCC'ssllEE's
FFOO'C'SllIs
ffOOOl
FIIooL'SS
fOOOolloooDDD
FEEaLLLONNNGGG
fffoaaLsss
ffOOOaamm
FOOOAAmm's
ffoooEmeedd
ffoEEEmmmFFFLLLUUWWEEr
FFaimmFFLLLoWWWIIIrSS
feeuMMiooorr
FFFeaaaMMMeeeeessst
fOOOIIIMMUUUneSSSs
FFOaaamIIInessSS'S
FoummmAAnnnG
ffoooOmmS
FEEOOMMYYY
fffOOb
ffooob's
fOObbbbedd
fAAAbBBIIINNggg
ffooobbbs
FFOOCaaaCCaaAA
fffOOOccaaLLL
FuuuCCuluuuzzAA
FooocULLllY
Foce
fooccAASSS
FFFiicciS's
ffeeeCCUSeeD
FFocUssEEsss
FocUUssiNNggg
ffaaCCCuSSSsssuuDD
FICUUSSSsESSS
fffOCCCusssSSSUNNNggg
FeDDDuuRRR
ffoDDDoooRRR's
fffOODDDarrrSSS
ffIaaa
fffIIIee's
FFFOOeeHHHNNN
foiHnS
FFiiiemann
FiiiEEEmmmEEEnn
FOEEsss
FFFOEEtAAlll
fffaETTTIIIs
fffaaaEETTAAS'ss
FFOEETTTEEsaaasss
Fog
ffiiG'SS
FFiiigbbboouuuNNDD
ffOOGBBoooWWW
FFFEEgggDDDIIgg
FFooggUUyyy
fOOgggEEY'SS
ffoogggeeeYYYddOOOmmm
fffOGGGaaayyyish
fffuGiYYYEEssm
ffOOGGeeeYSS
ffOgggeD
fffAAAggGGieeerr
FFFOGggUUEEssstt
feeeGggIlyy
faaagGInneesssSSS
ffeeeGGggIIIneeesssSS'SSS
FAAAGGGGiiNggg
FFFIIggggggYYY
FFFOOggHHOOOrrNN
FFUUUggHHOOrrnn'S
FoooGGGHeeRRNNss
FFooGUES
fUUGGss
fOOgggYY
fOOGGy'S
FEEgggyyiiissshh
fffOOOIIBBllEEE
FaaaobbbLe'SS
FFIIIIbLeeSS
fOIlll
fooIIIl'sss
fOOIIllOOD
fOOOlinG
FuuIIlllIssT
FFUUUaallsss
FFFOOIIIlllsmmoonn
FIIAAAnn
FFOiSSSAnn
fffUUaassTTT
fOOEEEsTTTeDDD
FoAAssTeeeNNg
fffoIIISSTTTSSS
FUUllaaCANNN
FoolaCCCuunnSS
fffOlD
ffoooLLDD'SSS
FFFaLLDDDuBlllo
feeelDDDaaawwwoooy
foolDBBeooTT
fOOllDDUUd
FOOOlDDDaaaRRR
fffULLLDDDUR'sss
FiiiLddErrrOOOll
fffoolldEEERRolllS
fuuulDDDeerrss
fffOOlllddInnG
fffooolllDDOOOUUTT
FFoooLDooooTTT's
FOlldddooEEEts
FOOOLLLDDDs
ffoooLLAaaa
fffILLiaaacccaaaoouuuS
fffOOllUUuge
fEEllliOOOgggO'sss
fuuulIIOOOR
ffooolliieeTTTo
feeeLIattEEDDD
FFFOllUATEES
FFFooolllIIOOtttUUNNNg
FFFolllOAATTUUOOnn
FFuuLLiiAATIoooNNs
ffIliiiEE
ffEELLLEUU
FFFolllIoo'S
ffooLLiiioolllAAATIII
fELLEEEoooLLee
FFUULLIOOSS
FFFoooLUoooSoo
FFOOLLLUUOOMM
FFolIuuuMMMs
ffAAAllK
fffOOOllkkk'SS
ffeeelllKKloorrEEE
folllKKKLLLiirrI'SS
ffiiLLLklooRRRIICCC
ffUUULLkLLoRRROssttt
fooLKllloorruuSSttt'S
FolllKKLLOOORRRiissstiiiccc
fOOLKKKllloooreStts
FOOllkMaaoooTT
FFFIILKsss
fffoLLkSSSAAAeerrr
FFFooolksssiiesst
foLLKKKsssaaNNNeeeSSSSS
ffUUUlKssiinnneeessS'sss
FeellKSUNNGGEEr
FFaLLkkSSENNNgeeeRR'sss
FFEEEllKKKssaanGGOOOrrrSS
fuullkksiiNgggIIInnnggg
foooLLKKsssiinggIIInnnggg'SS
fffoooLLLKSOONNG
FFoooLKKKSSSYY
fffOOllkttAAlle
FiiLLLkTOOOLLEEE'ss
ffOOLLKTTaaaLLLEEss
foollkwway
fffooolllkkkwwwaaaYYY'SS
FFFOOOLLkwwAYYss
ffUlLaacLLLu
ffollLiiicLE'S
fffoolllleeeCCCLLeSSS
ffollllluuuccelaaarr
FOOOlLIICCUUULinn
fAllllIiS
FFFoLLLLLLOOWWW
ffUUULLLLLLoowwwUUUDD
fULLLowwweerr
feellLLLaWWWerrr'ss
FOOllllAWWeeeRRS
FFFoLLllluuuwuuNNg
FFFeeLLlllOOwwwIINGGG'sss
ffAALLlluuWIIINNGsss
FIILllloooWWWSS
FFFooLLLlllOOOWWWUUPP
FFIlLLLy
fffEELLLLLy'ss
ffoMeNNNTT
fffeeeMUUUntatttooN
fffoomEEENNttuuttoouuun'SS
fffOOOMEEnTIIDD
fOMUNNNTTeeRR
FFemmOONNtttaaaRRRss
fffeeeMMennntUUnnnG
FFoMEEnnnts
FFFOONNDDD
fooonndddaaaNNNTT
FFonnDDeeennnTTT'sss
fffunnnDDAAAnnntttsss
ffoNNDDeRR
FFOnnDeSt
FaaNDlE
foooNNNdlOOOD
fiinDDDllOOS
ffOONdLLLooNNGG
FFFonnDDDLyyy
fffONNNDDNIssss
fffonnddNNNOOOsSSS'SS
ffOnnnDOO
fOOONdOOO'ss
FoooNNdddai
FUUUnnDDaaI'SS
fEEnnnDDueess
FFoooNNNDDDaaS
FOnT
FFOnTTT'SSS
FAAntUUUnnEl
FFOOONTTAAANAAl'SSS
fOnttUUNNNEllLEE
faannttuuNNEELLLloo'SSS
FFoooNNTTUUUnnnIILLLllEEESSS
FFoNNNtttOONNEEELLLss
ffuunttSS
fffoooD
fffOOOoD'sss
fffOAAADDDiiiUU
fffaaaOdIIEEE'SS
FIIIODIOOOSSS
fUOdSSS
FFEEEooDDDStOFFFff
FFoOdddssttaaaffffff'ss
fOOOOOdddsstttUUUFFSSS
FFFooofffIIRRRIIIwww
FIIOOll
fffoel's
fffUUOOOLeddd
FFFiiooleeeRiiiEEESS
FFFuuuoolArY
FOOEEElllEErryyy'ss
ffoooOLLhharrrDDDeeEEErrr
FFFeOOLLLhhhaRRRdUUEEsssTT
fffoooeeellhhhErddiiLLYY
ffOOOoollhEErrrdiiiNNNISS
fffAullhhhuuRRdddiNNNEsssS's
fffooooLLhhhOOrrDDyy
ffaaAALeeeNg
FFFOOOOLLiiiSSSH
FFFuOOLLLuuuSSHlly
fooOOOlllIIISSShhhNNiiSsss
FoEELIISSShhNEsssss'sss
FFFIoLPPPRooIFF
fffooOOLLLs
FFIAAALLLSScciiiPP
FaaOOLSSSCCCooPPP'SSS
FOOTT
FFoattt'ss
fffoooEEEtttaaagoo
ffAAoTTTuuuGGiii'SSS
fAAAotBBBoolllll
fffOOootbiiillL'ss
FFFeeOOTTbAllllERR
fOiTTTbbbaaLLLarrr'sss
FOooTTTBBBelLLLuRRsss
fffOuuuTTTbbALlIIInng
fffOOOiiitBBaLLLlllsss
ffOOOOTTbbiierrrd
FFFooOOOtttbAAIIIRDss
FFFoooTTBBBooY
FooeeTTbRRoDDDgEE
fffuuuOOttBRiiidGGGe'ss
FFOOOOTBBBrIIIDDDgOOOSS
foooOOTTCloth
FOooTeeedd
fffOOOotteRR
ffOOOOOTTTeeeRsss
FFFUoooTTTffalllll
fffiieetFFFAALLLLLL'SS
fffuOOtttffIIILLlllSS
FFoooooTTGoOOORRR
fOOotttGGooooRRRss
FIIIOTTTHillll
fEuTThhalLLL'S
FFOEEEThhiiLLLlSSS
FFoUUUtHOOOllddd
ffAethhhaLddd'ss
ffIOOthhhooLLLDDss
ffaOOOtttiieee
fooeeeTTTiiinnnggg
ffOOUtttiiNNNgg'SSS
fffeeeEtennGSSS
FFoooEtttLLAAA
FFFOOoTLLoooddd
FFFOOttLLLEESSS
FeeeaaaTTLeesS
FFooootttLaasssLLyyy
fOOOOOtttLLuuuSsssNEsssSSS
FFFooaaattLLUUUGGHHHt
FFFOOOeeetliigggHHTSSS
FUUiiittlllIggHTSS'SS
FFOOotttLLiinnnggg
FeeOOOTTlllENNNGGG'ss
FFFOOOOttLLIIINNNgS
FiiiOOOTLLaaCkkkeerrr
ffOoootloCCCKKKeeR's
FFFOOOUUUtttllOOOccckkkEEErrsss
ffuotLoooooosse
FFFUETTMAAnn
FFFIIIOtMMEEENNN's
ffOOOoootmmmaaaRK
FuUUUtMMMARKSS
FEoootmuun
FFIIIEEEtNNNOte
FOaaatttNNUTTTeee'ss
ffoIIItttNatttEdd
ffUOttNNNoottteeSS
FFAiittNNOtttiiNNNGG
FFFIIooottppACCuu
FOOOooTTTPPPAAdd
FFUOOtttPadddsss
FFFIIIooTTTPooTHHH
FoOtttPPeeeTh's
fffoooootPPOOOThhss
fOEEEtpLaaaTTEEE
fIIuuuTTTPPlAAAtttiiiss
fOATpprruNNNTT
ffOOOTTpprrIInnTT'sss
fffOOOOOttPPrrAAnnTTSSS
fffIoTTrrraCCCEEE
FFFAAOtttRIcEEE'SS
ffUUUootttrUUUCCCEEEs
fffooOOOTTrrrEEsstt
fOOOtttrrrussttt'sss
FEootttRESSSTSSS
FFOOOAATTrrrAApUU
fffOoooTS
ffoooiiTTTSUE
ffEOOOTTsssIIii'ss
ffoooOOttSSSIIooSSS
ffeeeoottsssLoooGG
fffooOtttssLEEGgggeD
ffooooootslllOgggIInGG
fOiitslliiGGGss
FFFoooEETTTSSoorEEE
fffOottsssoorrEEEnneesSS
FuuuooTTTsTAAllK
fffOOOTTTsstALLLlll
ffEoTTssttaaalllLSS
FFOOOTTSTTEEEPP
FFFuuoooTTSSTaaappp's
FFOOOtssTTUUPPSS
FFOOOottSSTTTOONE
FOOETSSttooooLL
fffOUtsTTTIIIOOOLL'SS
ffOOOOTTSSToooOOLLss
feeeeTTTWWallll
foooUUtttwaalllLLLSSS
fffOooTTTWWiY
fffOooTWWUUUUURR
FIIOOOtWWWOOAAAR'ss
FFFooootWWWOOORRKKK
FFFuootwwOOORkk'SSS
FFFiiiaattWWOORRRnnn
ffeeeoTTTYYY
FFuooZZZlllOOO
FFAP
FEppp'SSS
FOOOPPpEEErrrY
fffIppppuuRYYY'sss
fffAAAPPPPPISShh
FOPPPPIIssHHHlllYY
FopppuuSSHniSSSSS
FOPppIIIssHNNOSSS'SSS
ffooPsss
fooRRR
FFFOOrrruu
foooRRRaGUUU
FaarAAAGUUU'ss
fffoorAAAGGGidd
FFOOOraaaGGGooor
FFFOORAAGGEErr'ss
FFFOORRAAAgiiRS
faRREEGoSS
FFooRRRuGAANNNGGG
FFArrreeeMMUUn
ffOORRAMoooNNs
fEERRRAAAmmIInnIIIFFFeeeRRR
ffoooRRREEEMMInuFeeRRRsss
ffIIIRRiiiyy
fffAAARREEY'SSS
fffoorrrAyeD
FurrraaayyyAAr
fIRRRayiinnGGG
FFiiiRRAYS
FFuuuRRbb
ffirrBBBeeeDD
fffOOOrrBBuddEE
FFFOOrrbbeearrr
FoooRRbbUeeeRRR'SS
FOORRRBBEEAAARRRooonncccE
FOOORbbEEaarrraaNNcAAA'ss
ffiRbEAARRREERR
FFFOOOrrrbbEERIngg
FFFeeerrBOOOaarrSS
fffeeRbboDD
FFFooorrbIIdddddUUUnnCCeee
ffEEERBBBEddddEEEnncccEEEsss
fOOrrBIIIDDdIIINN
FEEERRRBBBIIddddinnnG
ForrrBBBIIIDDDDDOnnggglllYYY
FAARBBBIIddDDDIINgSS
FOOORBidddS
FFORRRbbOOdddo
FOOORRbbErrreee
ffORBBuuRNaa
fffAAArByy
FFFeeRccAA
FFarrCii'SSS
FOOORRCCCIIID
fUUUrrCEEEDLLY
FFERCCEFFUUUll
fAArrrcccEFFAAALLLLyyy
fffOORRcccuuFFULLLNNeeesS
fffuuurCeFUUlllnnESSSSS's
FOOORCeeellUSsss
ffarCUUmmmaAAAt
ffaaRRRcceemmmEEaTTTss
FFoorrrCCCEPSS
FFFoRCEEEppSS'ss
fffOOrcccaaarr
FFoorccaSS
ffIIRcIBBBLLEE
fffOOOrCCiiibbblly
ffEErrcccIIINNggg
Forrrd
fffERDD'SSS
FFooRRRddUUUblIII
fffOrDDiD
ffAAArrrdddiiinnnggg
ffeeerDDOOO
fOOrrrdeenna
fforrDDDSSS
FFIIIrrree
FFFooRRRuu'sss
fIIRUUaaaRRMMM
fffIIIruuOOrrMMM'SSS
feeerEiirrmEdd
fuurrOOaarrrMMiiingg
foooraaAArmmmSSS
fErrOOObUeeer
foorrrABBUaaaRRR'SSS
FFFirAABeeeeerS
FIreeebooDDDUUU
fffEERAAABOOddIIIddd
fffEEEREBBEDDDess
FFiiREbbODeennG
fffOORRIIbbbOODDDiiinngg's
FFOOROOOBBBoDOngggLyyy
fEEERReeebbbooDDiNNgS
fOrIbbrrraaaennn
FIREbrrAAAAAANS
ffEEERRRAAccIISTT
FooRREEccaSTT'ss
FOOORReeCCCoossstttEd
FOOORRRICaSTTEErr
ffUURRReCAsssttteerrr'S
FORoocccUUstEEERss
FFFOOrrAACIIIsstttonnngg
fUUReeecccaaaSSttLLLEEE
fOrICCUSSStLLII'SSS
FFOrrrAACCOOsssttllloSS
fiirreeeCCaSSSttss
ffOREEclOOSI
ffooRRRoocLEEsssEDDD
FFFOrraaCCCLLuuSSeeSSS
fffAARRREEcccllluuusssIINNNgg
ffOrUUUccLOOOssOOroo
FFooorecccLEEEsssuree'S
FUUURREECClloSuuurrooSS
ffEErrreecOOOnnssCIIIuuuuuuS
FaaaRRRecccIIerrrsssooo
ffaaarrreeccOOooRRRTTT
FFooreeCCCouRRTTT'SSS
ForEEEccOOArrTTSSS
ffIIIReeeDDAAttteee
ffoorrEEdddAAtteedd
fffOOORRRooDDAteSS
ffuRRREEEDAATTTiNGGG
ForrEDDECCk
FOrrrEEEDEECCCKS
fffoRRRUUUdII
FFFORRREEDDoEEM
fOOORREEEDIEEEMMeedd
FFFAARReDDOOOOOOmInnnggg
foRRRodiaaMsss
fforrrOOOffaThhheeRR
ffiirrriFFFiitthER'SSS
FFUrrAAFaaaTTHuRRss
FFUrrrEEFFEEEaaaTT
forrreeeFFAANddd
ffiiRRUfIIInnGGEEr
ffooRRROFIInnnggEErrr'S
FooorraaaFFeeenngEEERRRsss
foooRRAAAFuooot
FooorrOOOfooOOOtt's
FFFooorrroFFFRRRooonnttt
FFaaRAFFROONNNtt'sss
FFooorroooFFFRRUnnTTTsss
fEEReeGGAAAttthheer
ferEGAAtttHEEErruuudd
ffiirrEEEGGatttHEEErAANNNgg
ffUUURReeeGaatHHHEErrSSS
FFOREEEggglloooMMPsso
ffOORRReeGooo
ffireeggIIeRR
fArrOOGGGOOOiS
FFaRRuugUUIIINNNGG
FFFORRRoooGGuuunnuuu
ffiirrrOGGRRRoooAAAnnDDD
ferrrUgggrrUUUUNNNd'S
ffEEErrEEEGrrrUUUENDidd
FFOORUUUgggRROUUUNNNdiNNggg
fffOrrUUUgrroooiiNNDDs
ffAAARRRugeeett
FIrrOOHAAnnDDD
fooRRehhaand'SSS
FFFOORaaHandud
ffOOrrroHHEEnndS
forrrEEHHeeeaaDDD
fffoorrrehhheeuuuDD'S
fOORRREEHHEaaaddss
FFForrruuuiggNNN
fffErrrEEoooggnnEEERRR
FFOOOrrOOUgggNNNERR'SS
fuurrreeeiGGnnersss
FFFOOrrrEIGGGNNNeeSmmm
ffooorrrOEggnnnnneesssSSS
fAAArEEeeggnnNNNeeeSSSss'SSS
ffOOrraJJJudddgu
FFFOOORRREEEkkneeeWWW
ForreekkkNIIIww
foorrruuKKKnOWWUUUNNgg
FFFAAArEKnnnoooWWWLedddGGGIII
FOOORaaKKKnIIIWWWllIIDDgE's
fUrrEEEKNOWWWNNN
FFiiREEEkkNOOWWs
ffIIRRoolllOOODoooooS
FFFOOOrellEDyy
FeRRReellAAANNNd
fORRRIIIlEg
FFURREEELLEEEgg'SSS
FEErEEELLLOOOGGSS
feerEEllemmmbbb
ffOOORRREELLLAAAmmmbb'SS
fuuurrellIIMMMbbSS
FFFOOrrEEElllooCkkk
FFOOOrrruuuLLOOcccKK'SS
fOOOrrrelllaaaCkkkss
FFFOORRREMaaNN
FFuurrrEEmmmUUNNN's
FFOOOrrreMMAAASSSTT
FFFOOORoMMEEESSttt'ss
fUUURRiimmAASSttsss
faREEmmUUUnnn
FFFerrrIMMMOOsstt
fffErrraannnaaMEEE
forrEnAMMEE'ss
ffOORaaNOMMMUUD
ffaRRRunUMMeSS
FFOrrIIInnIIIeenn
fffAAreeeNNiiioonnn'SS
FOOORUnnnOONss
FOReeennSSiiiC
ffIIIrrrEEENNNSSSIICCC'sss
FOOORRRENssIIICCiillLLLYYY
fooRReNNSIIcSS
FOOOrrUnnsssiiiccs'sss
ffOOORuuuoRRRdddeeinnn
FFFAAARRReeOOrrddaaaiiinned
FFooorrrEEUUUrrdaaainnnUnnGGG
FFFoooraaOrrrDDaOONNNsss
fferrreOOrrrDUUUNAAAtteeEEN
FFOOrrOOOOrrddoNNUUTTIonnnsss
FFFuuRRIIPPPORRRTTT
forEEPaaaRTT'ss
ForreepOOORttSS
FORRREEPPAWWW
FFOOreePaWWS
FFFARIPPooiiik
fEEErrrepppORRSSSann
ffoooRREEpppeeRsONN'S
FFFOOREppoorSSIINNNSSS
ffEEErrOPPllluuuYYY
fffOOROOppLLIIyy'SSS
FeeREEEppplllUAASSSuuurrrE
fooorAQuOOORttteer
fffooorUQQQEEaRTEErr'SS
FOrrEEQQEEArrTTTUURSSS
ffOORReREEACCChhh
FFOOrORRUUNNN
farrreRRuuuNNNNeeRRR
fooREERRREEnnnnnERRR'S
fOrAAARRunnnnERRsss
fffOOOraaS
fUUrrraaaSSAIIIDD
FOrrOOOSSUEEl
FFFaaaRassAAAiiLL'SSS
ffeeeRRooossAIIIlls
FFUUrreesaaaww
FFFOrrrUsuEE
ffOrrOOseEEEooBuuliiTyy
fUUrEESSSeeEEEaaBBBLLee
FeeereseeeuuuEnGG
FFFOrOOssseeN
FFFUUUrrrIsssEEUUr
fOOOrruuussseeuuurr'SS
FFoooREEsEEEaaRSSS
FFEERREsOOOASS
FOrrresssHHADDooWW
FForUUSShhiiDDaaaWWEdd
ffureeSSSHHHAAAdOOWWWEEERRR
fffOOOrreeeSHHUUdddIIIWiNNNg
FFiiRRosssHoDOWsss
FFFurrrEShhENkk
FOOOrrrIIsshheeennnkkss
fffIIREEESShhheooottt
fOreeessshOOOreee
fffoorrrisssHHHOORReess
fffOOrrEEESShhhUURRRTTTuNNN
ffaaRAASSSHoooRRRtaneed
fffooorreeSHHOOrrrttENiNNNg
ffARReeSShhhooorrTTTEEEnnnS
ffuuuRRReeeSSShhhOOOWW
ffiiRReessHHHOOWWWOddd
foRREEsssHHHOOwwAng
FFIRRIISSShhhoWWWNN
fffOOOrEEsHAwss
ffOrrreeSSSAddEE
FFFAARRREEEsIIIgggHHtt
FFeRREsssIGHHT'SSS
FFForeSeeggghhhTTaaaDD
FForrrESSSigggHHHttEEEdLLY
fffoooRRaaaSSUgggHHHtEEdddNNNEEsss
ffooRRReeeSSIGhhhTTeedNeesSSS'ss
FFURRRisKKKoNN
fooRROsKKiiinn'sss
fforEskIIINS
FFOOOreeSPPPIIIIIK
feerrOOOssPPeeeNNtt
ffArUUSTT
ffEErrEsTT'SSS
FFFeeerEssTTaagggE
FoooRRReeSStttAGGAAAS
FFOORRUUSSttaaLLll
fffUUURREEESSSttALLLeeedd
FOOORRReSTAlllINNNGGG
FFFuuuRRIIStAALllMMUUnTT
ffOrrreeSttAAALLLLss
FEEERISSTTTAAtIIIOOON
fOOOrrEEESSTTaaatttiiiiin'SSS
FIIReesssttAAyy
FoooRRReeeSSStttUUyyss
FFFAAARIIISSTTAAAyyysseeeull
FoooRRestAADD
foorasstooRR
fOOOrrrEEESttEEERR'sss
FuuuRRREESttteeeRRSS
FOOORReSSSttteNg
FFFOOOReeessTTTLLEEnnnDDD
ffforiiSStttllIInDD'SS
FFOOroSStttrrryyy
FFAAARoooSTTTRRRYY'sss
fffEEErrrEEsttss
FuuuRReeSSwwEarr
FFFoReeSwwweeeeeerrrUUUNNg
FORRRISWWiiiErrrS
ffERRRESSSwwwooorUUU
fOOORRoooSSSwwooorrnn
fooRRUUTISttE
fUrrIIITTAAssstE'SS
fffIIRRuuTTTAAAstttOOODDD
FFFoooRRRIIttaaasTTTOS
FUrreeTTTaaSTTTeeennG
ffooRReetttIllll
FFFarUTTTUUlllLLLIIR
FFAAArrUTTELLIIng
FeeeRRaaattElllSS
FoREEEttHHHEiGGGHt
fffeRetHHHOOOuuugggHTT'sss
fffORRRuuuthhoouugHHttFFFUUUL
FFFOOOrreeTIIMMMee
FFOORReeettaakkiiin
feerrrettaaLLDD
FeeeRRREEtttooOOttH
ffaaRREETTEEppp
FEEERRREEETOppSSS
fffOOOReeeVVVErr
ffOOOrrrUUVVVaR'sss
fuurrEEvOOORRRmmooRRREEE
FFoooRREEEwarn
fooorrriiwORRRnEEDD
fUUUrooWeeerrrnnnAAAnngg
fffeerrrEEEwweeRRnnsss
FoorrewwweeeNNNTTT
FFFIRRRUUUWWWINNNG
FFFooRRReeeWWWiiinGGGSS
ffaaaRRiiWWWooommmeeNNN
fooorrrEWWWEMaaNNN'sss
FFFoooRRReeweeemmmEENNN
FFOOREEEwwoRddd
fforrawwwOORddd'ss
FooROwOrrrddSS
FFoRewwooRnn
FOOrreeeYYaaRRDD
fffAArrrfeeeUTTT
FFOOORfffeeIIIT'SS
ffOOOrrrffAAAaaaTTuuubbblee
fffUUrrrFeeeItttiiddd
fffOOOrrrFFIIIITTTeer
FooRRFFOOiiitttiinnGGG
FFFArfffeeeUTsss
FFaarrrFFFEaaTTTAAARAAA
ffforFFFAutuuurre's
FFFURRRFFFeeIIITTTuRRREEEsss
FFFIIIrffANd
fOOrrFFFiCCAAteee
FFIIIrrgAttt
ffooorrGGGIIITTHHHOr
fOrrGGGAAAthhherrrEEDD
fffoooRgaTHHERRRiinnGG
ffOOrrGGOOOttthhhirrrSSS
FOrrgggAAAVVeee
fooRGGGEEE
fffOOOrrGGEEE'sss
fffAARgggED
FooRRggErr
FFErGUURR'S
FFOOORRgErrrIIIeeeSS
FFFaRRggEErrS
FArrgggeRRyy
ffarrGIIRRy'SS
FFFoooRRRGeess
fffooRRRgggaT
FUrggguTfffuuulll
ffoooRRGGeeeTFFALLYYY
FFOORRgggaaaTfffuulnnnaaasSSS
fffIIIRRggaTFFuuulllNNiiiSSSs's
FFFeeerggeeTTTSS
faaarrGGEETtAAABBLEE
foRRRGGEETttUNgg
ffoRgggiinGG
FFOOrrggIInGGG'SSS
ffOORRgiiNGGGS
fffEEErGGuVVVABBlaa
fffORRGGGiiivOO
fooRRGGGIIvEN
FFFoooRgggiVVVoooNNNesSS
FFoRRRGGUVEEnisS's
FuuurggIvvEErr
FForgggOOOVVeer'SS
forrrggiiivORss
fffOOORRGiVEEESSS
FFFOOrrGGGiivvUUUngg
FFFIRRRGGiiVAAANGlyyy
FFErGGooo
FFoorGIIeerr
FiiRRRGooooooR's
ffOOrrrgAAerSS
FORRRggAAAESS
ffOOrrrggoIINNNG
ffOOrrrggAAANNNaaa
FFiirGGooottt
fUUURRGGGottTTTuuuNN
fffooRRRinnnt
foorInTsss
FooRRJJUDGGeee
FFeerKK
FFFAAArrkkk'sss
FFoooRRRKKKEEDDD
foRRRkkFFFuul
FARKKffilll'SSS
FUURRkkkFFFuuulSS
fffOrrrKKKIngg
fOOORRRkklliifTTT
fiiRRRkLOFFttt'SSS
FiiirkkLLLiFFFtSS
fffooorKKKSS
FFIIIRRLOOOrrN
FiiiRRLLLORRRNllYYY
FoorrLiiiRnnEEESSSss
FFooRluurrrnnEESsEEES
fUUUrrrMMM
fffooRRRM'sss
FOOrrMMMeelll
FFFORRmmiilll'SSS
ffoorrMMAlDDDuhhyDDA
FFuuurMMaaaLdEEEHHHyyyDDDE'SSS
FFuuurrrmmmaliN
FFOOORRRMALLIIINNNSSS
ffarrrmmmalllesM
FFFaaaRRRmeeelliiisMM'sss
FFoorrrmmaaLiSmS
fffOOrrrMMuLLLAASSSTT
fOOrrrmmmAAlIIssstt'SSS
ffOOORRRmeeeLLLEEEsssTTiiC
FFIIrrmeeLLAAASTs
ffooorrmmeeeLLLeettIuuuSS
FFIrrrmalllAATY
FOOORmmmuuliTTyyy'SSS
FOOrrrmUlllaaazzAAttiiioonnn
FFiiRMaaLLLeezoooTTTIIIN'ss
ffORRRMaallIIZZaaatttiiiANNSSS
FiirrrmmmaLIIzo
FFOORmmmaaLiiizzzADD
fOOrmmmaLLIZZuSSS
FFFUUURmmOloozzzIIINNNGGG
FFFaarMaLLlyyy
FFFiiiRRMMMAllSSS
FFFORRRmeennt
Fooormmiiit
forMMOT'SS
FFOOOrrmEETTAAA
FFFooorMAAAtttiiOn
ForMiiiTTTiiionn's
FFFOrrmmatIIIOOOnnAll
FFOOOrrrMuuutttaONs
FoooRRMiiitaaVE
fAArmutttSSS
FFooRMIITTTtttEEDDD
ffORMAAtttTTTuRRR
FOrrmmutttuuungg
FFFaaarmmmAttTOOOnnnG'ss
FeeRRRMe
fffeeeRRMuud
FFeeerMMEEERRR
FFFOOORRRMMMER'S
fffiirrmUrrLYY
ffforrrMMeerrrSS
ForrrmFOOOttTTOnnnG
FeeRRMIcc
FErrMMOcaaarryyy
FFOrrrMMMiiiCCATAOOOn
ffooRMMMUUUcciTTTOAAnnnS
FFUUrrrMMIIIDaaaBiiillooTTieSSS
fOORRRMMMIIIDDDiiiBBAAAlIIItttyy
FeeeRMEEEddIIBBlle
FFOOOrrMMiiiDaaaBBLLeeeNNNIIsSS
FFFOrMMMiiDeebbblYY
FUUrrrmIIINNNG
FEERRRmmLLLeeSSSSS
fffOOrMMLLLAASSSSSLLY
FFFOORRMlEssSSNNUsS
ffeerMllleeessssNeesssss's
FFooRMSS
FFooorrrMMMUUULLLa
fffOOORMMeLLLAA's
FFFURRMMMaaaLAAe
FFFaaaRRRMAAAlAAAaaaCC
ffOOOrrrmmmiiillUUUaacuuLLllYY
fOORRMMMAAAloorruzee
FFFOOrrMMUULLLAAArrriizzzEdd
ffooormmmuuLLLUrrrizzzEEESS
FUrrrmmmULLaaaRRRuZuunGGG
FoRRRMMUULLLAAArryy
FiiirrrMOLLAAsss
FFFARRMMILLaaTTTiii
FFUURRmmuuulllaaTTTeeDDD
FEErrrmmmUUlaaatteeSS
FOORMUUULEEEtIINNNggg
FFOrmmAAALiiitieNN
fffoRmmmuLLAAAtiAAN'ss
FFFaaaRRRmmmUUULLATTTIIIunsss
ffOrmmmuuulAAttuRR
fOOrrmUULeTirr'SSS
faaarmmuLLLETTTarrrsss
ffEErMMuuullIIISSSmmm
FFFArrrmwwOORkkk
FOOORMMYYll
FFErnnnIICCaatI
FFornuuuccIIttteeedd
FOOrrrnnnECaatteS
ffiiRRNNIIcaatiNNNGG
FFiiirNNNeeccAAAttiiEEENN
fffOORNicccaatIIIeennn'sss
fOOORRRNNIcaTER
fArNNNicOTORR'S
FOOORNNIIcccAAAtoRSSS
fffEERnnIIXX
ffOOORRnnIIXXXeeess
fffuuuRSaaakeee
ffUUURRSSSaaaKKIIn
ffUURRsssAAAkkeeeS
FurSSSakiiiNNggg
FFarrrSooookk
ffiiirrrSSAAAoooTH
FeRRsspppEnntt
FFaaRRsssTeerrritttEE
faaarrrssWWWEEAArr
ffEEErrSSSWWEEEAAARiNG
fffOOrrsWWWeaaarrrsss
FOOORRSwwErrrO
fffOORRRSSwwoorn
fEERSSSYttthIIaa
ffiiirrsYYthhiAAA'sss
forrssyTTTHHHEAAAS
fffORRTT
ffoooRRtt'SS
FFFuuRRttOOLLiiiCCU
FFFOOORRRTE
FoooRRttEE'S
fffIrTTeeess
FFUUrrTTThh
fffOOOrtthCCooMMIInggg
FFFiiiRRtHHHCCCoMMMInG'ss
FOOrrrtthCooommUUUnnngnOOsssS
fiRRRtttHHHRIIIGGhhht
fffaaarrrttthhrrrEEGGGHHHTTLYY
FFFORRRttHHHRAAAGhTNEEsssSSS
FFFoooRTTThhrAgghTTTnnEEESSSS'SS
FiiRRtthhhwwIIIttthh
FFuRtttiiiuusss
FoorrrTTTIIeeeTTThh
FFOrrrTTTIIIEEEtttH'ss
fffARRTTOeeettthsss
FFORRttuFUUUCCCAAATTTIIIOOn
FFFOOOrTOOOFFICCAATTTiiin'SS
ffOOOrTOOOfUUCEETTiiONs
fffOOrrTTTuFFFuuuedd
FFFOOORRRTTiifffaaaerrr
FFaaarrTTIIIFFIER'SS
fooorrttIIIfffiiieeerrss
foRTTaaafffEeSSS
FFFOOrrttAAAfyy
fORRRtttIIFFYuuuNGG
FuuRRTTTisss
ffforrtttISSSUMMAA
fOrrrTEEtttuuuddOO
fertttITTTUDDDuuu'ss
FFFooRRTTTnIIgHHtt
fffeRRTTTNiiiGGHHHTTT'SSS
FFFOOrTTTnniGGGHtttLLyy
FFFOOORTTTniiiGGHtSS
ffOOORTTTrEESSSs
FoorrrtrreeSss's
FoRtttRRRaaassSOss
ffOOORtss
fffooRtttuuATTTiissm
FFFuRRtAAAIIITIIIUUsss
FFFaarrrTTTUUUEEttAAAiiisLyy
FFFEEErrrtttUUUiiitUUUassnnEEssss
ffoRRTTUUUutEuuSNIIIsssSS'SSS
FFFooorrttEuuTy
feerrrTaaiitttYY'S
forrrtuunnnaaTTU
ffoorrtUNNatoolly
ffOOOrrrTTonnnooo
FoRTTiiinnnEE'SS
fooorttuuunnnUUUSSS
FFFortINNottElLLir
FOrTunnnEEEtEEELLuuur'ss
fOORTuuuNiTelLeRRRSSS
FARRTTuuNNNIIIttEEELllliiNggg
fffOOORtIIInnnEETTTeeellllunGG's
FFOOrrTTy
FOrrttyy'sss
fUURRRTTYYAsssHH
FFuuurrriimm
FFARRuum'S
FFOOORRUMs
ffuuurwwoRRRdd
FFFORRWOOORDDD'SS
ffIIIRRwwwaaRddeeedd
FOOOrWWArdEEER
forwwwOOOrrddderrr's
foorrWOOOrrrdddUrSSS
FFooorrWWWAAArdEEESSTT
FoorrwARRRDDDIINGGG
ffOOORWarrrddOOnnnGsss
FFFaaRRRWWIIIRDDDLLLYY
FOOrrWWWIrrddNNNEESSsss
FUrrrWWWarrdnnneesss's
fffaaRRRweRDDsss
fEERRwwEEnT
FFFOOORRRwwwhhy
fffooRRRWWOrrrNN
FFOORziNNNDE
fffAAASSSuuu
FFuuSSSaaSS
FFFooSSSsse
fffIsssaaSS
FFFuuuSSSSSEEETTTOO
ffoossssoCCKKK
FFFoooSSSsELLL
ffOOSSSSSIIILLL's
FFAAASSIIliiffIIrrIIIaasss
FoSSSSSSilIzzAAAtIIiiin
fffUSssiiilllIIIZZZUUtttainnn'sss
FOOOSssAAllIIIzzE
FesssIIILLLIIZZeeeDD
fffoSSSSSSUlllAzAS
fffOOsssSSSiiiliiZinnnGG
ffooossIIIlSSS
FOOOSSSSOOrrriiieeL
fosttoorr
fiiissstAAArrAgee
ffoooSSStttOORRaaGGeS
FFOStIIreeddd
fffAStttORRRiiiNNG
fffussttEERRRllliiiNNNG
FFOOOSttIIIRRRSSS
Foe
ffuuDDRRUUUYYAAAnnnttt
FFOOOUggghT
ffooooll
FFUUULLL'sss
fOEllOrrddd
FOOOuuulliiiRddd's
FFOOOeelllud
fEEEulEEErrr
FFFooouuuLLeeeSttt
FoUUUliiiNNG
FOOiilllllyy
FOOOOlllmmiiaaaTHHHeeD
FoooIIlNeeeSSSS
ffOOOuullNNNessssss'SSS
FFouuulss
FFaUUmmuuuRRRTT
ffooouuMMMarrtttSSS
FFoaannnd
feunnnDATTIoooN
fffoooUUNNdAAtttaaOnnn'SSS
FFOOAAnnDDDAATTIIIOOOnnnaaalll
fffAAAoooNNdddaaTTTeonnSS
fuUUUnnndeeddd
FFOuunnnDurrr
ffiiiUUNNNDEErrr'sss
ffOOOuuNNNdddAARRReDDD
FoAAANNdddoooRRiiiNgg
fffoEEnnDDirrs
fffiiiUUUnnndddiing
faUnndddAANNNggsss
FFOuNNNdddlliiNGGG
FFooounDDLeeeNG'SS
FFFOOANNNDDllUNgSSS
fuUUNNdddRRRAUUUSS
fffuUUnnddRRRyyy
FFFaaaUUnDDDRRRyyy'SSS
fouNNdS
FEEooonnT
ffOuuNNttt'SS
fffOuuNTIINN
fooANTEEEIIIn's
ffouuNNNttaaaIInnhhEAAAd
FeeeeennntAIIINNHHEIDD'S
fiiiuuuNttAAoonnnhEEAADDDSS
ffIIuuNNNTAIIInss
fffOuNtttSS
FouuRR
FFOUUr'SS
ffEEIIrrrccchhhEEETTTTE
FFOEERRffLLaaaShEEER
fffUurrrfAAlldd
FFFOOOuuRgooonn
fffOOiiiRRRPeeeNce
FFOUUrPPONNNccEEEss
ffoouuuRRRPPeeeNNNNy
fffoouuurrrppoSStEEErr
ffuuuuuRRpiissTTTErrr'ss
fffoUUURRppEESSSttEEErS
ffaaaiiirrSSS
ffiiaarrrssccUUrrrE
FFUUOrssscooore'ss
ffiiuuRRssseemmmAA
fooooorsOME'ss
FUUUuuursssAMESSS
ffooUUURRSSSQQiuurooo
fffoouurrrTAEnnn
FFOOUUURRTeeeuuuNN'S
fffaaeeRRRTTTUEEnnnSSS
fOOOiiRTTTEENNtth
foouuurrtttEEeennnTTTh'ss
fffoooUrTTeeEEEnnnTThhhsss
ffOOUUrrTh
fOOuuRRRttHH'SSS
fffIIURTThhLLLyyy
foUUUrTHHHS
FFFoUUrrrWWWHHHAAAEEliiiD
fffOOVVVeeeAAA
fffuuuVEEaS
fffovvEolIII
faaWWl
ffUwwwLL's
fEEEwwlEEDDD
FFoooWWWLLLINGGG
fffoWLLLsss
fOOOxx
FFFeexxx'SS
FFFoXXEEd
fOOxIIsss
FEEExxxfffiiiRRRO
foxxFFEERRE'S
fffuuXXXGGGLLLooveee
ffOOOxggllOOOVee'S
fffAAXgggLLLOOOVVUUss
FOXXhUULLLEE
FIIIXXHHHolllee'sss
FFFuuXXhhholEEEss
FFOOxHEEEunnd
FFFAxxhOOenD'S
FFFaaaXhhoOOONNNddsss
FFFAAxxhEEEnnnTT
FoxxxHuntIIINNNGG
FEEXXhUUNNNTss
fffOOXeeaaR
fffAXXXiiEEEsstt
FOXiiillYYY
FOOxxInEEESSSs
FIxxiiinneessS's
FFFOOXiing
fffEXXtaIIILLL
ffoooXXXTTTaaIIllS
FFAAxxTTroTTT
FFEExxtrrOt'SSS
foxtttRRRItsss
FFoxxtttRuTTTtEddd
FoooxtrretttiNNgg
FoooXXYY
fffOOOYYYER
FFFUUYYer'SSS
FFFoyERss
FFRRRIbbbjjjEEEeeSS
ffRaaccciiSS
fRRRAAccaaasss'SSS
FRRIIIcEEESSEEEsss
ffRECCttal
FFFrrAAAcctaL'sss
FRRRaaCCCtttALss
FFRRRAACttEEEEEn
ffRRaCtttOON'SSS
FFFrroCCtttaaaooNNOOOLL
fffRacctttiiiuuuNNNaLLLLLyy
fffROOctttiiiInnnEttO
ffRRUUUCCCTUeeenOtttaaaddd
FraccctOOOnnnetteeSSS
FFFRECttoooNNNAAtttiiiNgg
ffRRRAAACCttiiiANooTIONNN
fffRRROOCCCtIoooNNizze
FFFraccTTIIOnnsss
fffRRRocTIIoAsss
FFFRRIIICTEEIIiiSSSLLYY
FFraaaCCCtiiiiiuSSNNEEESSSS
ffrAACCCTuooUUSSnnnESSSS'sss
fffRRAAACCCTTTOOcummaaLLuuuSS
fRRuuuCCTTeesssTTTrrIItUUS
ffrrAAACCttuuure
FrAAActtoorrOO'S
fffRRUUcccTTTURRRIIIdd
frrAACCCTUrrUUS
ffraaaccttuuurrriiinnggg
fffRaEEE
FFrAggg
FFFrAGAAALLLuuu
FFrrAAAggeeeleeLLyyy
ffRRaGGIleeeNNNIISsss
FrrAAAgILLIItyy
fffRRRAGooolllIITTTy'SS
FFFRRRUUgggMMMoNNNTT
FFFraGGMEnnnTTT's
FREGGGmmmenTTeeeL
FFFREGGmiNNNTTaaaRRIlllyy
fRRaaaGGMMENtttAAArrryyy
FFFRRRAAAggMEEEnnnTOrryy'sss
fffruGGGmeeeNNttAATTTiiiEnn
ffrragggmmmAAANTaTTiOONNN'SSS
FFRiiGGGmmInnnttiiD
ffrrAAAgmmEENNtIINNggg
frrrAAAgggMMEnnnTTsss
fRRugggrrraaanCCee
FFFrUUUgggROOnnCCCOO'SSS
ffrrAAGraNNccciS
frOOOGGGRROOOnnttt
FrraaGrrraNNNTTTLLyyy
FFFroOOOl
FRRRaiillEER
FFRRaaaOLLESSSTT
ffRAAIIlllLLLY
FFRoilNNaaaSss
fRRRaailNNissSSS'SS
ffRRUUUooltiEEESSS
FFFrrEEEIlTyy
frAALLLTTTy'SS
FFrrrAAIIIssOO
FFreeessESSS
FFFrrrIIIMbbeeeSIaa
frrraammmbbEEssIIaas
FFRAAmBoooiiissI
FFrrAAAMbiiiAAsiS
FFFRAAAmmEE
FFFrEEMMMUUU'SS
FFRRaaMEEddd
FFFRRRaaammmeeeRRR
FrraaammERRR'S
FrrIIImmmEEErSSS
FrraaMMMESS
ffRRRAmmmeWWWOORRkk
FRaaaMMMEwOrrrKKK'sss
FFFrrEEMIIWORRRksss
froooMMiinng
FRRRaaMooonnngss
fRRaanncc
FFFrrraaannccc's
FRRRAAANNcchhIsssAAbiLLUty
fffrrIIInChhoosUBLLLIII
FFFrrraaannncchissse
FRaaaNNNCHiise's
fRRAnccchIsEEEd
ffrrannncccHHiSSiiiUUU
FFFrraaaNCCChiSSEEEE'SS
FFrANNNcccHHaSSSeEES
fRRANNNccHHHEESSSeeeMMMiiiNNNT
FFFRRAnnnChISSiiirr
fffrraaaNNNccchhhuSSSeerr'SS
fffrruuncchhhiissIrrSS
fffRRRANNNchhhiiSSeess
FFFrrraaaNNNcchhIIsiiNg
FriiinnnCHiiseeerrr
fffRRaaNchhhAAssoRR'SS
ffRaaNNNcHIIIsiiiRRRSSS
fffrrannnCCCAAAUUM
FRRRAAnnCCCuuiiMMM'SSS
fffRRaaanncccOOLLiiNNN
FFRRAAANNNcOOOPPhennne
FrEEENNNCCSSS
ffrrraaaNgggIIbboolIIItttY
FFFRRRaaangggIIBBiLLiTTTYY'SS
fffROONNNgiibbbllOOO
fffRRRangggIIblleNNNUssS
FFFRRannnGIIIPeNuu
fRRRangggIIIpaanneess
ffRRRAAAnngggiPPIInniii
ffRuuNNNGGGipAAANoooss
FFrrrANK
FFFrrrANNkk'sss
fRAANkkkAAlmmIIiiiGGGN
fffRRINNkkkEEDDD
ffrrAAAnnkkkIIIRR
fffRUnKKEsT
fffRAAnnnkkkFFFooRRtERR
fffrrAAnnKfffuurrrTT
FFFrruNNkFFFUUUrTUUr
FRIIInnnkFFFUrrttteeeR'SSS
FrrrAAANNNkkFuurTTTirSSS
FRRAANNNkkkUNNNCCiiinSSSe
FRRIIInnKKKinCeennSSee'ss
fffriiiNNNkINNG
FFFrAAAnnkllliiiN
fRIIInnkkklANNItI
FFRRRAAANNNKKKlllIIInnss
frrrAANNKlllYYY
FFRRRaaNNKKKNNNoSSSSS
ffrIINNKKNNiiSS'SS
fReeeNNKppLLEEEdGGGe
FFFrrraNkS
FFrrraaaNtttiiicc
FFrrrAAnTTICaaLLLyy
ffrrOOnnTiiiCLyy
FrruuPP
FrrrAAPPPpEdd
FFFRRAPppeeeSS
frrAPPPppEEEnnggg
FrAppé
FFRRRAPPPé'SS
FFFRAAAPPPSSS
FRRRAAtt
ffRAAT'ss
FFRRRaaaTTTor
FFRRATTTeRRRNNaaall
frraTTTiRRNNNEEElAASMMM
frrAATorNNoLlllyy
FrrIIITTernnnOOOtiiieeeSS
fffRRatERRRNNAAATTyy
FrrattARRnnnITyy's
FrruuuTErrrniiizzzIIItttiioonn
ffRRaaatEERRRNNNeeeZAtttioNN'S
FFratttErNIIIZeee
fffriiiTTTeRRnnnEZZZed
frUUUTTaRRRnnnIIIzEEr
ffRRReeTTTeeeRRnIIzzzuuur'SS
ffRRRiiTTeeeRRRnniiizzzERRRss
ffRiiittteeeRRnaaZZUUSS
FFrraattERnnniizIIInnnggg
ffraaTTRIICCuDDAlll
ffRAAAttRRRiCCooDDUU
fffrrrAAAttRiiCCeddda's
FrrraaaTTTRRRIIICIDeesss
fffRRAttS
FFFROEEd
fffRUUUuuD's
FFFrrrIIuuddSS
fffrreeIIIDDDSSTER
ffrrIIIadsssTarrSSS
fffRROOOuDUULaaanncccEEE
fffrrAAeeDeeeLLLaanCCCAA'SS
fRiIIddUUlIINNttt
ffrauDDUUUllEEEnnntllyy
ffRRAugggHHTTT
fRRRaaxxIInnnILLllAA
ffREXXXINNeeelllLUS
FFRRUUyy
FrrraaaY'sss
FFrrrEEYYedd
FFFroYOnnnG
FRRRAAyyySSS
ffrrrAZUUlll
fffroZZZZLLLE
fffRRAAzzllleee'SSS
ffrAAZZZzLEEEdd
FFraaaZZZZllleeess
frOOzzzzLIIng
FFFruAAKK
fffRRIIaakkk'ss
ffreeAAKKKUUdd
FRRRUUUeKEoorr
FFFrrrEaaaKKiiesst
fffRRRiakkeeelYYY
FFriieeeKuNGGG
ffRuuAAAkkkOOSHHH
frrEEAAAKKIIsHLLLYY
fROOaKKKoooSHNNIISSSS
fRReeeeeKiSHHnnnEEEssSS'ss
FReeaakooouuT
ffRReeeEEKKKooUTTT'sss
ffrriiaaaKKKOUtttsss
frreUUkkkS
FFreaKKKyy
FFrrEcKKlle
FFRRREcccKLLEE'ss
FFrEcckklluddd
FFFRacKKKlEs
fffRReeeCCCkkkLLLOOOiiiRR
FRRRecccKKllliIIsst
FFFReCCCkkkllIInGGG
fffrEEECCCkkklYY
fffRRRiii
fffRRReEEbuusssEE
FFRRRiABBAAsssoo'sss
FFRRREEEeeBBBEEEsIIdd
frreEbbbAAAseess
FFFReeeEBBBAAASIInnGGG
FFreeeeBIIe
frrruuuaaaBBBAAAO'sss
FFFrrrEEUbbaaaAAAsss
fffrUUUBBooEEE
ffRRRIIOOObbbIIIe'SS
FFRuuEEEbbbIIESSS
FFriabbboAArrd
fReEbbbOOOit
FROiiiBBBEatttoooRRR
FFrrooIIIbIaataaR'ss
fffrreeUUBBBooTTTeerrrsss
fffRREEEaBBoornn
fffrrIIIeeeDDD
ffRRReeEEEDDDMOOnn
FFREEEEEddMMMaaaNN'ss
ffREEEEEDDDMann
FFRRRaaeDDDoom
FFRReeiiDDDoomm'ss
FFFRReeeeeDOOMMMS
FFFrrEooddWWIMAAAnnn
fffrroedWooommmENNN
FFrrraaEFEERRmm
ffrOOEEEhhaaannnD
FFrrEOOHHHAAAnDDDEEED
FrrreEEEHHHaaaNNNDEDDlllY
ffREEEeHHHAANdddeddNNiiisss
FFFRRuuEEEhhhoLLLddd
FFFrrrEUHOOOlld'S
frrruuuooohhhuLLLDDDurr
FFrEEEeehhooolDeeRR'ss
FFFREEEEhhhoLDDDEErsss
FFFrEEeehoollDDDss
ffrrreeeuiiNggg
ffRaaaAAAlAAnnnCCCEE
FFFRRuuuEELoonCEE'sss
ffrriEllooonccOODD
FRReeEELLLaanCCCEEEr
ffrrroeelllaNCCCERRR's
fffrrEEElannCEErrrsss
frAEllAAnCCaaaSS
FFrEEEeelAANNceNggg
fRRIIIuuLLLOiiiDDD
ffrruuuEEELLLOOAAddeeeDD
ffriiiEELooaaddirrr
FFrrreeeeellIIAAdeeeR'ss
ffrriIllUADDDIIrSS
FRAellloooADDiiNg
ffrAAAUUUlloooEdddss
FrrrEEEElllyy
ffRRREeeemmaN
ffROeemmiN'S
FRiEEmmmaaarrrTTTIIIN
fREEEeMMMAAASoooNNNRRRIeeeSS
FrrEEEOmmmaaassunnnrrrY
fffRRREeeMEEEN
fffRRReeooNNuuusssSSS
FFRREEEeeepppHHHoNNNE
FFFRRROEERR
FFRuuEEES
ffRRReeeAsUUOOO
fffRRRUEsssUASSS
FFrruIIISSt
fffReEsssttaannndddUUUnnnG
FFFrooEEESSSttooonnUUU
fffRRReeEEEssstttaaannnE'S
fffrroooEESSStttoooNooSSS
fffRRuuEEESStylllEE
FRRREaassttyyyLLe'SSS
ffrrEEEeeeSSTyLLLeesss
fffRREEeeeTHHiiNNKKKARRR
FFRRREethhunnkkkEER'SS
FFFrooIIThhuNNNKKURss
FFFRRREEetttHHHiiinnKIInnngg
fffrrUUUEEEThiNNNkkiiiNGGG'SSS
FFFrrreeeEEWWWAArrEE
frroIIIWWAAAReee'ss
ffReeeOOwwAAAY
FFFrAEEEwwAAYY'sss
ffrrrEEeWWaySSS
ffRREeeWheeeUUULLL
FRRREEewwhhhAAAOOlleDD
FreeeIIIwHHHEEEEllliiNNGGG
FFFrrEEOWHHHUeelllSS
FReeewwoooLLLLLL
FFFrrreeeezaaabbLLI
FRuuuEEEzzEE
FFFRRREEEziii'sss
fffRRReEEEZZZEr
fRRuuEEEZZEEER'sss
fffrrEEezuuurSSS
FrreeeooZZAASS
ffrAAAeezzzonggg
FFFRRREEEEzzzIIIngg'sss
frrreaaaGGGhhTTT
FFFrrooiiigggHHtt'SSS
fffrIIIIIgghhTTAAAGGA
ffrreeeiigHHttOOOgggiiiSS
FFREEiiiGGGhhteDDD
FFrrrEiiggghhtttarr
ffrrAAAiigghhhtAAArr's
ffRieeGGHttoorrrss
FrrUUIgghhTTTiNNg
FreeIGGhhTsss
fRemmDD
fffREEmuuTTTUSSS
FFFRRREEnAA
FrrUUUNcccHHH
FFREniiittooC
FrrEEnnEETooocEElll
FFFRRROOOnnnutiiCCAAALLLYY
ffrrreeeNaaallluuMM
frEEEnnUmmm
fffrreeNNZZIIIedd
FFRRRIINNNZZZIuDllY
frrrEEEnnzzziieeS
FFRReeenzzy
fffrrreNNNzzYYY'ss
FFROOQUUennncccoess
ffrrrEqqOOONNCCYYY
freeeQQQuiiNCCY's
FFFReeQQEEennnt
fffRRREQQQooeeennnttAAtttIIIEN
frreeeqqquAAANtuutiiiVVe
FFRRREEEQUUUeeeNNNtaaadd
FrIIQQuuEENNNttOOrrr
fffreeqqqiiiiNNTTEEEr'S
FFRRReQQQuONNNTTTiRRSS
FReeqUeeNNNtteesssT
fffRRRaaaqqqUUUIINNNTTeNG
fffROOqUUUNNNTTTLLLyyy
ffRReeeQQaaaunTTNNessssss
FreqqqAAUUnnntS
FreesscccAA
FFRRReessCCCu'SS
ffrrESCCAeSS
FFFrreSccOOsss
ffRREEEshh
ffRRRuuusHHHEEnn
FFFrrUUShheeNNeed
fffreesssHHHEEEnnnEErr
FresshhhUUUnEEERRR'ss
FFFresHEnuuuRs
FRIIISShuunnniiiNNG
fRREEEsshhhENsss
FFRReeeshhheeeR
fffrrEEEssshhaarrs
ffreeSSHHHEEsttt
fffrreeesshhEEEtt
FFRResHHHET'S
fffreeShhheetsss
FFrESSShhhLYY
FRReessshmmmuuun
frEEshMMMAnn'SSS
fffREEEshhmEENN
fRRRoSShhNNAAssss
ffRuuussHHNNNEEEsssss's
fffrreesHHwwwOtteerrr
FFFRRoossshhwwAAAtiiiRR'S
FFFRaaaSnElll
fffRRAt
FFrreeeTT's
ffrrreeetttFFOOOLLL
fffrOtFuuLLLLLYY
FFRRREETTFFuuulllNNNeeSSS
FrrITTfuuuLNNNiisSS'sss
Frreettsss
FFreTTsssIWW
Frrretttssaww'SS
FRRReeetSIWS
FFFRuuuTTTttuud
FFRReTtEEr
FFrrrOOOttttttiiing
frEEtwOOORRRKK
FrrriiitWIrkk'S
FFRRRIIIobbiiliiiTTaaaoooss
FFrrIIobiiLetYY
fRoaBlEEE
FFrIIaaaBlUnEESSss
FFFrreeeaRR
FFriiiIIr'S
FFFRRiiiorrrBBooorDDD
FRRRIaaRiiEEEs
FreeArrrSS
ffRUUarrry
fffRRiiaaarrrY's
fffrIIbbbBBBlliii
frrriCCCaaNDDeeeAu
fffRRoocccAAAndddeaIs
FFFRIIIciiSSSSeeuuu
FFFRICaaSSEEEe's
FrrricasssSeeDDD
frrrIcAAsssEEEeinnnGGG
FFFRRREECaaasSaus
FFrrrEEccciiiTTTUUUUUn
ffrriiicccuuTuuuvvvuuu
fffRRRIICAAttOOOVVe'SSS
frrriiCCAATTTiVVESS
ffruuucccTTTOOOiiiNN
FFRuuccTTiieeNNN'SS
FFrricccTTTuenAAAL
FFFRRRIccTTTuuuOOOnaaaLLLLyy
FFFRRIIICCCttteeInnLeeSSSsss
frrIIICCttIoooNNNSSS
ffRiidddggII
FFriiDDDgggE's
frrriDDGGAASSS
FRIIeeDD
fffRuuuEEEdddCCCaaKKKee
ffrrrAAAeddcceeekuu'S
FFFrrroIIIDDDccIKKKes
frrIIINNDDD
FFFrrrIiiinnnDD'ss
FFriiioNNDLLLaaSSSs
frreeeennDDLLLassssnnAssss
ffRRIIIeeenddlIEEErrr
FFFRUUUennDDDLLLIIaSS
FFrieNNdLLaaEEEssTT
FFrriiiOOnnDDlllily
ffRiiEENNdddLLiinnnEEEsSS
FFFrrroOONDLLLineSSSs's
FFrrrauuunDllyy
fRRRIIIEEnnndddlY'SSS
frraaaeeeNdds
ffrrrIIIeeeNNdddssshhIIIpp
ffRiiiENDsHIIp'SSS
fRRRIEEEnnnDSHHEEps
ffRRROOOEEERRR
ffrrriieRRR'SS
ffRRRIIIeerrrSS
FFrrriiaaSS
Friiieeezee
ffRRRiieezzE'SSS
FFFrrraauuzzEEsss
FRIIGGG
FFFRRRigOOteee
FFrrEEggitiii'SS
fffriiiGGGatttiiis
FFrIIGGgggED
FFFraaGGgIIINGG
ffrruuugghht
FFRiiGGGHHHTTT'ss
ffRaggghhhTeeD
fffrrrIGGGhhtAnn
FFFRRaaaGGGhtteenEEEdd
FFrrEEEgghhhTTEENuurrrs
FRROGGHTEEEnnninG
fffrriiighhTTTENNNiiinGGLyyy
fRiGGGhhhtiNSS
FrUUGhhtFFFul
FFrrrIIIgHtfUUllLyyy
FFFRRigghhhtttffUllnnnaaassSSS
ffRRRiiiggHHHttFFUUULLLneeeSSSSS'ss
FrriigggHHTTIIINNNggg
FFrrrIgHHTTTS
ffriiigggIIId
fffRRRigIDaaReeeUmmm
ffrrreeeGoodddIItttY
FrrriiigiiiddiiittYY'S
friiGeeeddLYYY
fffRRagiiDDNNoooss
fRRReeegOODDnnnEESSSsss's
FFFriGGGORRRIFiiCCC
FFFrrOOgggs
FFrOOOJJOOOLLL
fffrIIJJJooLLLus
fffRRRiiilllLL
fffrriillll'SS
Frrrullud
FrrrIlLLLOEEErr
fRRELLLLiiieeStt
fRRRIILLLLiNESSSSSS
ffRRIIILLlliiinng
fRRRiiLLLSS
fRRiLLLY
fRRiNNGGGEE
FFrrEnGGI's
ffRRRiiiNNNGGIIDDD
FFFrrriiinnGoosss
FFFrooNNNGGeEEErrr
fffRANgIIAAAssT
fffReeennginnnGG
fffriiiNNgggy
ffROOOpppeeRRIIIEEs
FFFROOppppeeRRRYYY
FFrIIIppEEERRRyyy'sss
fffRRRIIIsseeeaar
FFRiiSSSKKK
FFRRIssKKEEDD
ffRRRIISSkkUUUrrr
fRRUSKKeeettt
ffRRaaSSkiiiOORR
FrrEEESKiiEEsttt
ffRRIIsKKIIILyyy
fffrrreeeSkkIIINNeeSs
frriissskiiiNNNIIssS'SSS
FFrresKinng
FFFRIIssKKSSS
FRReeSKKKyyy
FFRRRiSSSsssooN
fffrriiSSSSOOOnss
FReeTTT
fffrrriiitttHHH
FFrroooTTTIILLLOOOREEeesss
FFreeTTTiLLOrrYYY
FFFrOttAAAttAA
ffRRiTTTtttAAAtAAAs
FRIIItttttorr
fffRAAAtteeer'SSS
ffRITTTteeeraadd
fRRiitttTTTIIrriiiNNNG
FFrIIIttTTTeeRRsss
ffRRRIITTTZ
FFFrrruuuTTzzz'S
FRiVVVOOLL
frrrIIvvEluuD
ffRReeVAAAllliiiNNNGG
ffRiivvOLLLUToesss
fffRRiiVUUllliitttYYY
FFRiiiVVVOOOllliittyy's
FruuviilLADDD
ffRRRiiVVVEllleeennGG
FrrriVVOlUUUuuuss
frooVEEEloUUsLLyyy
ffrravOOOLAAUUUsnneSSsss
FrrriVVVeeeLOOOuSnnneSSSS's
FFRRuuVOlss
FFrreZeee
FFFRROOzzEEEtTEE
FRiizZZ
fRUUUZZZZ'SS
fRRRiiiZZZeeddd
ffRIIIZZZZeees
FraaZzEirr
FFFRIIIzzZZZeeesTT
fffRoozZZZinnnG
FRRRIIzzzllE
frrreZZZzzLLLI'sss
fffrrrIIzzzlEEDD
fRRRAAzzZZlllUUUsss
fRROzzzZZLIeRR
ffrIIZZZZLLuuuAASSTT
fffRRIzzzzzzlllinngg
ffRRRIIIzzZZZllyy
FFFrrrUzzzyyy
ffROO
FFFrrrOcck
FrrrOccckk's
FFFrooockkss
fffRRRiiii
frrroGG
FFFRUUG'sss
FFRRRoGGGfiiisHHH
ffRRROGGGGY
fffRRogghhooPPERRR
FrrrooggghhooPPpppeeRsss
ffRIIIGGGMMMAAAnnn
fffrrrooggMMaannn'S
FFFRRuuuGGmmmaarcchhh
ffrrrAAGMMMEEERcchheD
frrrOOgggMMMaarCCChes
FROOgggMaaaRRRcccHuuunnnGGG
fffRRoogggMUNN
fffraggMMaaaUUUtthhh
FFFrruuugmmmoUUUttHss
FFrrUUggsss
FFFRRROggssPPPaaaWWWnnn
FrrAAodeeirr
FRooLooCCC
fRROOlIIIcc'sss
ffrrrolllUcKKKooD
fffREELLaaCCKARRR
ffrrolocccKKeer'SS
FFFRROOOLuuuccckkuRRs
fffroooLLEEECCKiinnng
ffrraaLLLEEEccSS
FreeeLiCSSSEmOOO
frrreeem
FFFrroomeNTYYY
ffrrunnndd
ffRRREnnnDDD's
ffrrAAANNdEsCCCeeeNNNCCa
FFrUnddsss
FFRUUUnnnSSS
frronnnt
Freeennttt'SS
fRoNNNtuuGGee
FFRoonnTTTaaggEE'ss
FrrruuNNTTTIIGGEEEss
FrrrOOnntAAAL
fffrruuunnntttallliTTTyy
fffRUUNTTTALllyy
FFRRRoonntttbbbEEEnnnccH
FrrronnTTTBBuuuNNNcHuuuR
ffronTBEEEnnCChIIIrrss
FFFRRReeeNTbbbEEEnnnCHeeeSS
fffROOONNtodd
frrrOONNTTOOeeerr
FFRRRoooNNNTIIEEERR'SSS
FFFRRaaNNttIIAArrSSS
ffRRoooNNNtieeerrSSMMEN
fffraNTiiiEERSSmmmaaNN'ss
fRRROOONNNtttoUUURssMMEEN
FFrrrOONNNtttuEEERSWWWIImmmInnn
ffrrOOnnnTTTuuueRRSSSWWEEEmeNNN
FFFrraNNttoNNNG
FFrrrOOOnntAASpppiieeccii
fffRRRonntttesspIOCCCAA'S
FrrOONNttiiiSSSPPiiUUUcccESS
fREEENtllOOOt
FFRRonTTlllEEETTTS
fRRRONNtttlaNNOOO
FRROnTTTIIGGUUUNNeesssIIIs
FRRonTiLYYYSSSIISS
FFFROOntttUUUNNN
fRRiNTTTruuuNnEEErr
FFRRROONNttRRuunnnnnnErr'ss
fffrrrooonnnTTTruunnnniiirrrss
FFFrrOOnnnttSSS
FrrOOONTWWaaaRddd
frooontWWarrrddds
fffROOOree
FFFRRROSSHH
FFrooSShhh'SSS
FFrrrOOst
FFRRRAAASStt'sss
fffRUUUSSSTTTbbbuuut
FFFRROStbuute
FFrriisssTTbbbuuuttooo'ss
FRuuuSTTTBBBuutaaas
ffRRoooSSTTbbbotttiiinnnG
FFrriiisstbbITTTiiiN
fffroooSttteeed
FFFRRooStttEEER
FFrosstaeeeSt
fRoossstIILLYY
ffROStttIIInnnASss
FrrrEEEsttINNNUSSS'SS
fROssttiiiNGGG
FRRooosssTTTiiiNNGGG'sss
FFrrrOSSttts
fffRooosTTWiiirk
ffRROstttY
fffrrUUUTTHH
FFRIIIttthhh'SSS
ffrATTThhhUDD
FraattHHHIIEErr
FFRRaaattHHiiiAsTT
fffrrrOOOttthIIILLyy
FrroottHHHaaanOSSSS
FFrrootthhhINeeSSSSS'ss
ffReeeTTThUUNNNgg
ffRROOOTTHS
ffrrrOOOTTHHHY
FFFrrOOOTtttEEgggee
fffRooottaagOOOs
fffrrrottTTEURRR
FRRoooTTTTTUUerrriSMMM
ffROttttteeeiiRSS
FFFRRRooooFFRRoooU
FFFROOUUUffrrrooUUU'ss
FFFRRoooWWW
fffRRROOOwwwAAArrrdd
fruuWWAARRRDDLyy
FRRRooowwwaaaRRddnnnEEEssss
frrreWWWUUrDDnnESSSSSS'ss
FFrrOOOwwwnn
fRRaaaWnn'sss
FFFRROOOWWneddd
fRRRoowwwnnaaR
FFFrrooWWWNNEEnnng
fffRiWWNNiNNglllYY
fffrrOOOWNNS
ffrrraWSSSIIIoorr
fffrooowwsssiiOOsttt
FRRRoowsssT
ffReewwstIIUrr
fffrrriiiWWsttIIIEESTT
frrOOWWWsssttYY
fffrrrooWsYY
FFRRRoowwZZiiieRR
fRROwwZIIIEEsssTTT
fRRRaWWziiLLYYY
FFRuwwZiNaassssss
fffrrroWzeeenISss'ss
FrrrOOWZyyy
Frozzzaaa
fffRRRoooZun
FFFraaaCCTTTeFFIIRRoIIS
frrriicTIIfffIIccAAtIINNN
FruCCCTTIffiicccAAAtiiuunnSS
ffrrrUUUCCTTIfiiiccuuTaavvu
FFrrUccTTTIfuueedd
FreeeCCCTTAAAFFFIIIAAS
FRRROOOCTTIIFFFYY
FruucccTTTIfffyINNggg
FFRuucccTTASSeee
ffRUCtttOOOssee's
fRRRuCCTTTiiOOUSSS
FRROOOg
fruuuGGaL
frrAAAgggILLLiTYY
ffRuugAAALittty's
FFRRIIIGaalLLyyy
FFrruuGGAlnEEEssS
FrrrUGGAAAlneeessSaS
FFrugggovaarrrEEaaaSSS
FRRRUUIIITTT
fffRRRUIIIt'ss
FFFrruuEtaaGE
FFrruuIITTaggES
ffrrrUEEEttuuRUUUeeNN
ffRRRIIIIIItAARRRIIIInnIssmmm
fRuiTTccekkkUUU
frrUiitcIIIkkEE'ss
FFrrUUaattcccAAAkkEEES
ffRUUUoooTEddd
FFFRAAAiitttEEr
ffRuuoootEErriiiRRR
FFFrrrUiittARRooorrSSS
frUeeeTFFulll
fffruuuOOOtttFaaaLLLLLLYYY
FFRRuEEETTFFFIIlnnnUSSss
FRRuuIItttFFUULnneeeSS'sss
FRRREIIITTTIIIERR
FFrruuEEEttiiiooossst
FFRRoooITOOOlyyy
FRAAAoootttEEEnnnEssSS
FFFRAItttInuuusssS'S
FrreeiiiTTUUUnnGGG
FFrUuuTTIIIooonn
FRAAIITTiioooNNN'sss
FRRUiiiTTTLLLEEEssss
fffrUUUITTTLesssLY
FriiiiTTTllleeeSSSSnnaSS
ffruuAtttlaaaSSSSnnnEEESSS's
FFFRoooiiitSS
FrruiTTY
fffrrriiimminnntttiCeeeAAuuuSS
FFFrrrUUUmmmaantiEEsss
FFrUmmmeeennTTYYY
Frrraaamp
fRuummmPPP's
ffRROMpIIIUUr
fffrrromppiiieesssTT
FFFRRaaammPPPOOLY
FFFRUUmmmppIINaaaSSs
FrrrIIIMMPPiiSSSHH
FFrrimmPPPIIIshllyy
frIIIMMpppaaSHnnnEESSSsss
FrUUUMPsss
ffrrrammmPPyyy
fRUUsssttAAA
FRooossTTTRRiiiTEEE
fffRUssTRetttEEEDD
FFRRussTTrruuuttterrr
fRRRoooSSTrrruttteess
FrruuussTTTRaaaTiNG
fffRUUsssTTTrrrIItttiNNgglYYY
frrrUStttrrrEEEtaaauuNNN
fffrUUUSSSTTTrratIIUUUnnn'SSS
FFFRuuSStRATTTIIIooNSSS
fffROOOSStttuLLEE
fRooSSSTTuuum
fffrruSSttAM'sss
FFrreSSStttuuuMMMSSS
FrrrIIItEESSScccAAAnnnTTT
ffrryyy
frrryy'S
FRyaaBBBLLEE
FRRRyyyiirr
FRyyeerrr'sss
frrrYYYeeRRSS
ffRRRyyInnGGG
Faabbsyy
fffeecchsio
ffuchSIA'sss
fffuuCCCHHSSIaas
FFuuCCHsEEENNN
ffiCCKKK
fffUUCCKKK'SS
ffUUUCkAAdd
ffAccKEr
fffUUUccckaR'SS
FoccKKKeeeRRSSS
fUccckkkhhheeeAAdd
FACCCKKKHHeeuds
FFUUcckkkAAnGG
ffIICCkSSS
FFeeeCCCuuIIDD
ffUUUCCCEEEIIds
FFFOOCCCuS
ffUCCCOOOSis
fffUDdddLeee
FFUUUDdLLLiii'S
fffUUUDDDdddLLLeeeDD
FFUUUDDdLLeSS
ffUUUDDDdLiiiNNggg
faddGEE
FFFuuuDDDgggA'sss
fUUUdGGeeDD
fiiiddGGGIs
FaDDgiiNNgg
FFFUUUUUUhrrerrr
fffuuuuhreerr'ss
FuuOOHHHRRurrS
FuuIIIl
ffAEEEL'sss
ffuuuuulllaaDDD
FUUeLEr
FueLUUUng
FEelLLEEEd
FFFUiiiLLLLLLOONNNg
fUUells
FEGG
fffUUUGECCiiOOooS
FFFUUUgggiCCaaaIIIEEEssLLLyyy
fAGGGACCCIoEEsssNEEEssss
FFUUUGICiOEEEsssnnnASSSSSSess
FFFOOggEcciiittoooes
FUggguuuciTTTYY
fEEEGGGUULLL
fUUUgAAllllyyy
fffaaageTo
FFoGgggyyy
fIIIGGGeetIIVee
fuuguTTTovvve'SS
fffuGGGItIIVEsss
FFFEEEggLLEEmmaaaN
fuuugggS
fooogggAEEE
ffUgueee'SSS
fUUgIIIEEES
ffaaagUIIISStt
FFooHHrrrArr
fUUhrreer'sss
fffuuhRREEERS
FFFiiiLLccRRRAAA
FaallCCRRRuuuMM
FFFaaLLLccrrrAAmm'SSS
FAlllcriiMMsss
fffUUUlFFFEELL
FFUUlfffIIIllll
fffiLfUlLLEEDDD
fOlFFoooLlllErrr
FUlfffiiLLLeeNG
fffULLLffillllmmeennnttt
ffUUULLffIIILLLLLMeeNNT'SSS
ffILLLFFaaallllsss
ffUUULfffiiLMENNttt
fffIIILFFOOlMMMenTTT'SSS
ffIIIlllfiiLS
FFaaaLLgENNtt
ffILLGGeeeRR
ffuuLLLGGUrrAANT
FFFaalGGoorrrattEEE
FFFuulllggUrrrAATTTONG
FFUllGGUUUReTTEEuuNN
fffolggeRIIteee
FuLGErrOUUSSS
FFFuuulIIIGGGooonnOuuSSS
fUUUlllL
FULLLLL'sss
fffuLLBBocccK
fffIIlLLbbuCCkkk'ss
ffElLBBBaCCkkks
FuullllleD
FooLLLLLLer
fffOLllEERRR'S
fuuuLLLAAraaaNiii
FFuuLLLLErrss
FuuuLLLllASTTT
fULLLLAAANNNgg
FFIILLLliisssh
FULLLlNNNAAASSss
FFuuuLLLnUUUsSS'sss
ffuuuLLlSSS
FFFUULLLLstttOOPPPss
FFUllLLLY
FULLLmmiiRR
fffeLLLmiiiRRRss
ffuuulllmmiNNAnnntt
FIILLMMMOOONNatttIII
FFFeellmmmInnnIIIttiD
FeLLmmInnnatteSSS
FIILLmminnattiiiNNNG
fuuulllMMUnnnetttIoooN
FFULLmmmUnnnatttoooonnn'SSS
FiLLLmmINNATTTaoNS
fULLMInnnAAATToorrr
FFFiiiLLLMMIIInnAAAtttuurryy
FUULmmmEEnnous
FuuuLLNEssss
FUUULNESSSSS'ss
FFFEEElssEEmA
fffOLLLSSSAAAmmULyy
ffAlllsssOmmmeeeneeesssss
FFFUUULsimmAAAnnIIIsssSS'sss
fUUULLVVEEEOOss
FuuuMuRiLLLe
fuMMMiiirrOLLLOOsss
FFUUmooTTTIRooUUUmm
FFiMbble
fIIImblle'SS
FFooMBBLeeeDDD
ffiiiMbllUUr
FFFUUmmbLLLERR's
ffUmbbblllEERRss
fffUMMblluuS
FFUUUMMbllleeenngg
fffumBBBlllEEnnggLLy
FFuuuMMEEE
FFeeeme'SSS
fUUUmmmUUddd
fuumeesss
FFimUUUEEr
fuummieST
FFFEmmAGuuunnnTTT
ffUmmmugggOOOnnTTT's
FummIIIGaanTss
FFFuummigggaattU
FFFuuMMMOOOGAtoddd
fUmOggaaaTTUUsss
ffEEMMMeeGGGAAAttAAAnnngg
FFFumIgUTTTEEEOnn
fffuummiGGATIIOOOnnn's
FFFUmmmiiiGAAtttOOOrrr
fffuuMiiGAAAtiRRR'S
FFFumoogaaatUUrrrsss
fUMMiinnGGG
FFFuuumiinngglllyyy
fUUMMITToorrIIeSSS
FuMMeTOOOrYYY
FFeemmmY
fffuunn
FFFANN'SS
FENNNAAAmmmbUUUlEEEsssTTT
FFFeeeNNCCCttIIoooNNN
FUUUNNNctttIIuuuN'SS
ffUUUnccctIOOOnnoLL
fUnnnCTIIIuuNNNALLLIISSMMM
FunnnCtttIIooonnnAALLLiisMMs
fffAAAnnCCCTTTUUuNNNAAAliisssTT
finnnCCCTTTIONIIluuuSSTss
FFFINNcTTTuuOOnnnAAALLOOOtyy
FunnccctttiiiuuunAAAlllYY
FFuunCtttIIIoooNNARRIIESSS
fffuuuNNNCCCtteeOnnEry
ffoooNNCTTiiiooonnnaaaRYY'SS
ffuuuNNccTIIIeennnEEEd
FFFuuncccTTTIIaNNNIINNG
FFaannnccTTaOONNLossssss
fffoooNNcccTTTIIIonSS
fffUNDDD
ffUUUND's
FFiiinnDDDUUMuuunt
fEnnDOOOmmennnttaLL
fffUUUnnDDDAMuunnnttalll'sss
FFFUnnDDDeemmeennnTTIIILLLaSMM
ffaaaNNDDDUmmmeentttOOOlUUsssmmm'SS
FFuNNNdddammmEENNTTTaaLLiST
FFeNNDDaaaMMUNNTuulllIIIStt'SSS
FFFIInnnDDAMMMUUUnTTTooollEEESSttss
FuuunDooMMMenntttEEEllLLy
FFUUUndIIIMMeNTTTIIIlllss
FFFUNDDDaaMMMUUnnttSSS
FFFaanDDooD
FuuundddAnG
FFEEnnDIInggg'SS
fffeennnDDRRaaaIsUUUR
FaaaNNDDrrrIIIiiiSSSErrr'sss
fUUndRRReeeIIIsseRRRs
ffUUNddrAISiNNgg
fffIInnnddsss
ffuuuNNNDUUUSS
FFaaannnUURUUll
FFFuuNNNEErrrUll's
fUUUNNNOOrralllS
fEneeeRRRArY
foooNNeruuuAAlll
FFiiNerrreeeaLlllY
FFFonUUsTT
fffUUUnfffUUAAr
fuuuNFFaaOOORs
FFOnnnGGeeeLLL
FFFIIINNgggii
FFFeenGGIIBAlIITTy
FFFOOOnnngggIIBBBlle
FFUUNNNggIIBBBLLaaa'SSS
FFuunnnggiiBLLLeeeSSS
fffUUUNNGIIICCEEEdddEEElll
FuuunGGuuCCCUDDEE
FaNgiiicUUDEEE'S
FFFuunngggiciiDeeesss
FeNNGEEfaRRRmmm
feeennGGGOOsttaaaTT
fffUNNggooo
FFuuNNNGGaaaoooD
FFFuuunnnGOOOsssIttYY
ffuuuNgOuuSSS
FUUNNNgggUUSS
ffiiinnnGUUUSS'SS
fIIInGGuuSSeeeS
fffonAAAcccllEE
ffINNiCCllES
FFFooNNNiCCuuuLAR
ffIIInnIICuuullAR'SS
FINeecUlUUURRRSS
fuunoCiLaatttE
fffonIcccUlli
faaaNNeecuuullisss
FAAANNNkk
fffeeenKKK'ss
fuuunnnkkEEEDD
FUNNKKKIIIEEErrr
FFFONNKKIuuSSStt
FunkkILLLyy
FAAAnKIIINNesS
fEEENNkEEENNesS'ss
fffuNNNKKUUNNNG
fffunnnKSS
FFFAnKyyy
fffAAnnUUULLL
fuuuNNNnEEELL'sss
FUUUnnnEEELLLEEdd
fuuuNnneeelllffeeRRmm
FFeeNNnnneeellluuuNNNggg
fUUnnnneeLlllEEd
ffIIINNNnnEEEllllliiinnnG
FUNNNNooLLLS
FFaaannnner
Fuunnnneessttt
FFUUUNNNnniiiIIr
ffANNNAAEEs
FUUNNNNIIUUUSSSttt
FFuuNNnnniiillly
FFAANNnnninessss
ffUNNnnnIInnnESS's
FFFeennNNNYY
fuunnNNYYY'ss
FFFAAAnnNNNYYYmmmeen
FUNnYmon'sss
fffONNnYYmAAANNN
FFErr
fffUUR'SSS
fUrrrenn
fURRAAAnss
FUUrBBeeelooow
fffUUrrrBBBAAllloWWW'sss
FFFUUUrrbEEllUUWWWIIIddd
fffURBBBeeeLLooowwwSSS
fffURRRbbEESSh
FURBBiissHeeDD
FFFuuuRbbbIIIsssHaaasss
FFFurrrbbbiiSHHHuuunnnGG
fffeeRRRCiiTTEEE
ffaRRRCUUllaa
FFFUUUrrrcccALLLas
fffUURRRccuuLAAmmm
FFURfffUUR
ffuRRRfURReCaooouuusss
FURRFUUrrrAlll
FFFIrrFuuuRAlSS
ffUUURRffaarAAnnn
fffEEERRFOOraaaNS
FFUUURUesss
ffURIooous
FFFUUUrrriiaUUslllyy
fffaarrrL
FOrLL'S
FAAArlONe
FFUURRLLLEEEDDD
FFuuurLLIInnG
fffURleenGG
fffIIRRRllOONNGGG'S
ffuuurrrloNNNgsss
FooorrrllIIUUgggHH
FUURLuuuooGGGh'SSS
fffUrLiiUUGGGHHeeDD
FooRRLLLUuuGGhhhanG
FFFUUrLLeUgghhS
fffeeerrrlS
fOOORRRmmmEEntttyy
fffEEErrnnnAACCCooo
fEEErnnnAAACee'SS
FFERRRnnnuCCuS
fUURniiiSSSHHH
fERnnniShhhaaD
ffUrrNIIsssHHEEERRR
fffuuRRniSHESS
ffuuRRnAssHHiiiNNNgg
FIIIrNiiisHHHINgggSSS
FFurnnnEsssHiinnnGGGss'ss
ffuuuRRRnnniTTuRee
fiiiRnnittUUUreee's
FFFEEERAAArr
FeeeraaaRRR'sss
FFFUrrrooRRss
FFFUUUrrrreedd
fffuuurrIIIOORR
ffuuRRRIER'SS
FEEErrrrooEEERS
ffERRrrrIIIuurY
FFuuurrriiiistt
FFFuuuRRrrrUUUNEESSSSSS
fffuuRrrrannIIsssss'S
fffOOORRRRiiiNNNg
FFUrrrRRinnnGGG'ss
FFuurRRReew
Furrrroww'sss
faarRREEwwIIID
fUUrRRROOwwiing
ffuurRRRooWss
furrrYYY
ffuRRsss
FFAAARRRThheeRRR
FFURRTTHHaarraaaNNNCeee
FuuurttHerrANNcce'sss
FFUURtthhuReeedd
fURRRtHHHEEErIInnggg
FFFIrTTHEEErrrmmmooRRII
FFIrrrtttHeeerrrmmmoSSSttt
ffUUrrTTThhhEEERRSSS
FFUUrrThhOOsssTTT
fUURRTTiVE
fffiiiRtIVOOOLyy
FFFuurrrttteeevvvEENNNEESSSSS
FFFUUURtttiivaaNNEEEssSS'SSS
FFFaRRRunCCllEE
FFUrrrUnncccllES
FFFoorrriinnnCCCEEELLLoSSSiiiSS
FoooRRRyy
fuuRyyy'SSS
fffuurrZZZoo
fffooRRRzzze'SS
FFFUURzzzyy
FFFUsaaaIn
FusssAAiNNNSS
FUSScccEEaSS
fUUssEE
FuuSSE'SS
fffUSSSAAABBBUx
FFUUUSEEBBOOOxOOS
FFiiseeDD
fffuussEEEee
FFFUUUsssOaaa'ss
fffussUUEEESSS
FUSSeeelliiggE
FFFUUUsEEELLAAAGGEE'ss
FFUSSellaaaGES
ffUSSos
fffuSIIIbbELOOOTyy
FFFuuSSSIIIbbbelliitYY's
FFFuuSSiblii
fuSSSAAffEERRRM
fffuuSaaaL
FFFaasssILLLeeeER
fffassiilllEEEEEER'SS
FFFUSaalllIuurrSSS
ffaaasssoLLLIIERRR
FAASSEEllIIeeeRR'ss
ffuuusiiliERRRs
FIIIsssiiiLLIIDDDeee
fUUSSiLLLllOOOdddE'sss
FFUUUsssiiLLLuDDiiis
ffeeSSeeLss
faaSSiiiNG
fUUUSSSOon
ffuuuSSSiAAAn'SS
FUUUSIIIEnnAAALL
fffuSSSiionnIIISSSMMM
ffUUSIIooNNNSS
ffosSSS
FFuuSSss's
ffASSsBBBuuudggeeeTTT
FUssssbbuddguTTT'ss
ffUssbudGGGEtS
ffuussssseDDD
FEssssEEErrr
FFUsssSSESSS
FFUUUssSIIaarrr
FFFUUUsSIEESSSttt
FFFiiisSSOOLyy
fUUSSSSiinnnuuuSSSsss
FFuuusssANNNeesSSS'S
FUUSssiiNGGG
FFFaasssSSppuTT
fffoosssSSpppOOOtt'S
ffoSSsssPPEETs
FFIIISSSsY
fffUUUsTeNNiLlUUU
fffUUUstoooAAANNN
FFUSSSTTIIIiNN's
FFIIssttiiiCC
FFUSStoUUUR
fffIstttiiEsssT
fffAAAsstiiGGGUUTTTE
ffUStiiilly
ffIssstIInneessss
FFFuuSSSTTTiiiNNNussS'sss
ffaaastyyy
FuTHHHIrrK
FFFuutteeelllAA
FaatIlallly
FuutttiiiLiTEEERIIeeen
ffOOOTaLLLITTYYY
fffUUTTTAALOttY'S
ffUTTOnnn
FFFUttOOONNN'SS
ffuuTooNS
FFAttTuuuCk
FFuuTTTUUUrrro
FuTTTEERREE'sss
FFFOOOtturEES
FFeetttuurrrESSmm
FFuttAAArriisssM's
FFFEEETTTuureeeSSST
FFFUtttUUURiiiStt'SSS
fuuuTaaRRRIIISSStiiicc
FUTUUrrissTiiccAAlllYY
FFIttuRRRIsssttSS
fffuTTuriTTTiiiaaaSS
fUUUTTURRRAtttYYY
FFuuTTUURRiiiTYY'S
fiiTUroLogiiisttt
FFFuuuttiiiRRROLeeeGGiissTTT'S
FootttuuuROllOOOGiSSSTSS
FFuTTTArrruloGGGY
FFFUUUtttuRIlllOOGyyy'sss
fffUUUtttZZ
futttzAAADD
FFuuutzzeeeSSS
FFFuuuTTZZuNNG
fuuuzEEE
fffuuuZEEE'S
FFFEZZuDDD
FFIzIuu
FFUZZZUUUEss
FuuuzzzUUUss
ffeeziiiNNG
ffIIIZz
FUZZZZZ'ss
FFEEEzzzzziiid
FFUUUZZZZZuuus
FFUUUZZZiiErrr
FFFaaaZzIIIusssttt
ffuuuZZzzzIIIlyyy
fffuZZZzzzuuNIIIssss
ffaaazzzzINEEsssSS'sss
FFUUzzzzIIINNggg
FFFUUzzzZZZYY
fffYYYKKii
fYLLLFEEETT
fYYYrrd
FFêtttaaa
FFêTTTuuu'sss
FFêTTTeeeS
FöhNN
föhNNNsss
G
gggUUBB
GIbb's
ggIIIbArDDDiiinnnee
GGGAABBarrrDDDeeNNNo'SSS
gAbarrrDiiNNNEsss
GobbbOOOD
GGGAABBbEEERR
ggABBBbUUEEr
GGGiibbbiOOOST
GGGeebbbbiiinnnIIsss
ggAAAbBBeeNesss'S
GGaaBBBbiiNNggg
GEEbbbbLIII
GAAABBbbbleee'S
ggABBBBBBLud
gggUbBBllEErr
GGGaaaBBBbbllESS
GaaBBbbLINNG
GGGibbbroo
GGGaaBBRRRUUss
GGAbbbbbyyy
GGaBeeeLLLlEE
GAAAbEERRDDIIInne
GGuuBBeRRRdddene'S
ggEEEbbirrdiineeS
GGGoobbirrrLuuunzUAAA
ggOObFFOOssstt
gaabbbFFFeeSt'ss
gAABBFFFEEEssttSSS
GOOObbIOnnn
GGAAAbbEEANaade
GGGaaabLLLeee
ggaaBBBlee's
ggAAAbLLeDDD
ggABLLOOOSS
GGGIIIBllluuuttt
GGUUUbbbs
gggiibbYY
GGGAd
GGaadddAABBuuuiiittt
GOOdABOOOutt'SSS
gUUUdddAAbbboooUtss
GAAAddddeDD
GGiiDDDDDeeRR
GGGAAAdddiiR'sss
ggaddDDeeeRRRSS
gggAAdddunnng
GaDDFFFliiEEEs
gggodddFlllY
ggaDFFFLLyy'sss
ggguDDDgat
GadddGGuttt'ss
GGaDDDgggooTeeeEEERR
ggAAADDDgggeTTOOAAArrrS
gggAADDDGGGEEtttRRRyy
ggoDDDGETTrYY'SSS
GGidddgggETTTSSS
GUddEEdd
ggOOdddoooddd
gggadooIDDDSS
ggaaadddOOLLOONEETTTeee
ggADDolllinnnIIteees
GGGooddallIIniaaaM
ggIDDDoLLLIINNIIUUUMM'S
GaaadrrrOOOooonn
gggaaadSSS
GADDwwwAAAlLLL
ggaFFF
GAAAFFF'SS
ggaFFFEEE
gOOOfffffEE'SS
GGEEfffFFFeeddd
ggoffFFFEErrr
GGGaFFFFER'SS
gggaaafffUUrs
gggaaaffffffass
GAfFFiiiNNgg
ggEFFFFs
gggaag
ggaaG'sss
GAGGGA
ggAAAGEE
GGAGGO'sss
GGGeeGGGedd
GGGUUUgeeS
gAAgggGGGeedd
ggaaGGeeeR
ggaaGGGGGuuNNNGGG
gIIggGGLe
GGuuuGGGGleee'sss
GGGaaaGGGGLEEEsss
GGuGGGeeeNgg
ggaaGGmmaaN
GGaaGMEEnnn
GGGaGs
GGIIIhhNNiiitE
GGaaaETyyy
GaaiiIIIttYYY'sss
GOOAAlllLuRRRDDiiaa
GGaaLLLlllAArDDDiis
GGAAAuLYYY
gggaiiinnn
GGIIIInn'ss
GGGaaiiNooddd
gguIIINARR
GGAAAIInneeRRR's
ggaOOONNNIrs
ggoooonnnFuuLL
GGGaaeNNFFFuLLLLYYY
gggaiiinnnUUNg
GAAAaannnLLLeeessS
ggaEEENNllleeoRRR
ggUUIIInnnLLiiieeeSSttt
gggAAiiinnnLY
ggaainnnss
gguUUUNNssAiDDD
ggiiiiNNNsssiiiY
GGiIIInnnSSAyyyEERR
gggAINNNsiYYuuR'ss
GGEEEiiiNNNSSAyyyeeeRRS
ggiiiIIInSAAYYOONNNG
GGauuuNssaaaYSS
GGGaIIIt
gggAAit'SSS
GaIItttUd
GGoooooTTeeeRR
GOaaaTUUrrr's
GGaaaaTTOrs
ggAAits
GoooLLL
gggIl's
GGGaaalAAA
GGAAAllAAA'ss
GAALLLAAABOa
GaLabayyE
gIIILLLIIIctttEGGGOOggUUUE
GGGUULEECCtttiiccc
geLLAAAccctAAMMEEETORRR
ggAAlllaaccttOPPAIeTTeeeCC
GGoooLLeCCCttoSE
ggulUUUCCCtooSeeeSSS
ggIIILah
GAALAAANNNGaall
ggeellaaNNNGGGaaLLLS
GalllannnTTOOnne
GAALLLAAANNtiNNNEs
gggiilllESS
gggolaaaTTTEEEa
gALAAAXXXIuss
GGaaLLLAAAXyy
GGAALAAxxxy'ss
gEELBeeNuMM
GGALLbbannuMSSS
ggIILuuu
GGoooleee'ss
GGGAAlEUU
GGGalUUUAAAFFFeeerMMM
GeellEEEnnOOO
gAAllUUUNNi'SS
GGGOlleenIccaaaLLL
GGGAALLASSS
GGUUUllliiLaaaEEE
ggeLLiiMuttiass
GGGIILLLeNGGGAllAA
GGGaaLLLInngggAliiisss
GGGAAALLIoT
gggaLLLIIIpppettt
GGGOOLLLL
GGGIIlllll'S
gggAAlllLLLaaaNTT
gaaaLLlllaaaNNttt'ss
GGGOLLLlllooonttllYY
GGullllaaNNTTrruuuEEEsss
GGGALLLllANtttRRRyyy
GGalLAANNtttrrYYY'SS
ggaallllANtsss
gggalllllBlllaaaDDDDDEErrr
gggaaaLllblllaaaDDDddeeR'ss
ggeeelllBBBlAAAdddddurrrS
GGOOOlleIIsssS
GGGAAALLlllEDDD
gaLliiiinn
gggAAAllLEiiinnn'SSS
GGuulllLeeONNNsss
ggIllLLLuuurrie
guLlllurrruuuU'SSS
gggaLlliiRRRAAAAAsss
ggaaLLLLoRRiIIIdd
goLLlleeeRRRIIaaaSSS
GGGaaLLLLeeRRyy
GGUUUlLERRYY'ss
GGeLLLlllIIY
GGAAlllllOOOyy'ss
GGiiiLLlleyS
GGGalLLLfffLLLeEESSS
GaaaLLllfLLyy
ggaaLLllliaaRRRddd
GGaaaLLLLLiccc
GELlooGGGAAAskkinnnss
GGuuLLLlleeMMaUUUfffRRRioss
gaaaLLLLLaaamaauffrYY
GAALLLlllOmAAAuFFFRY'SSS
GGGeLllInnnICCeaaaN
GGGuullAAnnicuuOOOuuuSSS
GGGaaalLLLaaaNgg
galLuuuNiiillle
gEELliiNuuLLaaaSS
GGGAAAlllLLOooT
GGaLlAppEEETTT
gggOllllIIIImmm
GGAAAlllllIIIUUUmmm'SSS
GaaalllliVVaNNNttt
GGGaalllLLovvvenntteeeD
giillllllIvvvaaaNtIIINNg
gggAAALLLLaavunnnTs
GGaaaLLLIIIwwwEESSSPP
GGGALLllnnnUUUTT
gggallllEggllaassss
GalLoooNNN
ggAAALLLOONN'ss
GGAAALlllOOONNNUUge
ggaLleeeNss
gggaallllIIIooNN
GGGUULllloooOTTT
gggALLLlllooPP
GGallLLEEp's
gggAAALlllIpoDDDee
ggaaaLLLlllIPPaaaDD
GaallllAppOORRR
gAALLllOOOpuuNGGG
GGGeellllOOOpppsss
GGuuulLLLAaaaSSS
GGGeellLLLOws
GGOlLooowwSSS'ss
GAAlllllUUUWWsssAAASSS
GGGiiiLllls
GaaaLLlSSTTOONNuuu
GGolLLsssTTTonnnEEE'sss
gooollSTTeeNNNuuuss
GGGeeLLLeeSaaS
GGAAAloooooottt
GGaaalloooEET's
geLOOOOOOttSSS
GGOLLOppp
GGGALLoore
GGEEllusHHH
GGAALLLoooSHH'ss
gALOOSHOOOS
Gaaallsss
GGIILUUUmmPhh
GGElllUMMMpppHHHed
GALuuMMPPHHiiNNggg
GEEEllUUmppHHHSSS
ggEEEllVVAANeecc
gggIIILLVaaaNOOcaLLLyyy
GAAALLViiNNiiisM
GGGooollVIIINiiSSSM's
gggOOOlllVVANEZaaaTTTuoN
gggUUlvvvuuNNNEEZateeiinn's
gggUULLLVaaNNIIIzzAAA
gAllVannnEEEZaaaD
GGGULLVVVAANNiiZAAARRR
gggaLLVaaNNNIIIzzzaaas
GGGuuulvvuunnnUUUZZZIInnng
GILLLVAAAnommmeTTTuuuRRR
gguuLvIIINIIMMMEETToRR'S
gEEEllVUUUNOOOMMuuttteerrrSSS
GGGALVVVUnnoMMMItrrrooCCC
gggiLvvuNNNooomEEEtRRRiiccAAl
ggAlVVUUUnnoooscOPPPii
GaaalllvvvUUUNOOtttROOpppIISmmm
GGGaLLYukk
GGGEELLèrEEE
GGGAAALLLèReS
gaaaMM
ggAAmmmB
GommBAA
gAAAMMBOOddUUU
gggammbbaaadE
GGGoommmBBBeSSoon
gaaMMBBiieerr
gggEEmmBiiT
ggEMMBooottt'S
GGGAAAmmmbbbetttss
gamBBLi
gOOmmbLee'S
ggAAmbbblAAD
GGAAMMMBLLLEErr
gggAAAmBBBLLURR'ss
GGuuummBBLeerrSS
GGGaaammmBBBLLLaas
GGimbbLLiiNNNGG
gUUmBBlliinnnGGG'S
gggaaammmbOOOGeee
giiiMMMbbeeeggos
ggAMMMbil
GGiimmmboooLL's
GGAMMbUUULLLeed
GEEmmmBIILLUUUnnggg
GAAAMMbbbOLLLLEEd
GGaaaMMBBBoLLlllIInnnggg
gggAmBOOOllls
GGGommbbbrEEll
GGGAAMMMbbRellSS
GGAAmmEE
gemmE'SS
GGaaammmIIICCCEEccKK
GGaaamECCCooCCCKK'SS
gggAAMMMIIICCEEECCKSS
GAAmmmUUDDD
gggeMMMaKKKeeapEERRR
GaaamIIKeOOpuuRRR'ss
gggaMMAkkuepppIrrrss
gOOmmeelllaann
GGGUmmmeeellY
GEmmeeeNNNAAsssSS
ggOOOMMMiNNNOssS'sss
GammErr
gggeeeMeeRRss
GGooMMMUUSSS
ggAAAmmASMMMAAANNNSSShapp
gIIMMMOSSSmAAnSShhEEpp'SSS
gggAAmmmEEEsssmmaaaN
gEMMMEESeeeMME
GOMeeSSSTT
GaaammmEESSStOOrrr
GIMMOOOSSttteeer'S
GGGEEmmooSTErrsss
GGAMMMIItttaaaNNNGGGooOO
ggimmeeTTTOOONGGiiOmm
GGGAAAMMMettEEE
GGEEMEEttteee'sss
gggImEETTTASS
gaaMMoooTaaac
gaaammmeTToCyyTTTe
GGGiiiMMMeeeTooocccyyyTeess
gggAAmmAAATooogEnEEEsiiiSS
GGOOmmOOTTTOPPHHoooRRRE
GGOMMMeeTTToPhOrrEEES
GGGuMMMETToopHYYYTEE
gAAmeeeTToPPhhhYYtIIIsss
ggAAAmay
gUUUMMMic
ggemiiiRR
GGGAAMuuAAAstt
gggumuNNN
gggOMMiiNNN's
gaaMMOOONNeee
GUUUMMMEEEnnne's
GGGaaaMMIINeeeSS
GGaMuuniSSSss
GGGeeeMMMiinnaSSSS'ss
GGGaMinnng
GGGAAAMMMiinnGG'SS
gggoooMMaNS
gggooommmaaa
GGGAmmmmmmI'SSS
GGGaammmmmIIIDDDIIIEn
gggAMmmmass
ggAAMMMMIIIrr
gggAAMMMMMOOOeeer
GGemmmmmmEEEooosst
gAmMMoNN
ggAAAmmmmoonnn'SSS
ggAMMMmmYY
gggiimooGGGEEEnnnIIISiiiS
gggAAAmIIINE
gggOOMMMIIIpppAAtttAAALLUUUss
gggaammmiPPhhyyLLllloooaaass
ggAAmmUUUsaPPPaalOOass
GGaaammppp
GGGaammmPs
ggOOOmmut
GGUMMOTTT'sss
ggUMats
GGAAAmmyy
gggaN
GGeennnDEEErr
gaaaNNNddOORR'SSS
GaaNNDDerss
GOOOnIIFF
ggaaaNNNGG
gaNNGG'ss
gggAAnnngBBBiiiirrrDDD
GANNGGGBBBooAAARDs
GGannngbbIsstttooorrrS
ggguNNNGGBBBOSSSTEERRss'sss
GGGAnnngIId
gUUUnnngeerrr
ggAAANGGIIIRRSSS
GGGanGGGiiiNNGG
gggAAANNgglAND
GGGAAANggLooNNND'SS
GaaaNNNgggLiiiA
GGANNgllliiieeRRR
gAnnnglllOeesstt
GAANNGGLLLiNNNGGG
GAnggllAAOON
GGGEEnnGGGlIIIoon'S
guunGGGlliiOnnniccc
GGGAAANGGLLLIIuunsss
GGGOOONNgggLLYYY
ggeeNNGGPlaaNK
GEEnggPLaaaNNNKKK'sss
GGGIIInnnGGGpppllAnnKKKSS
GGGANNggppllOOOww
gganGGGReeell
ggAAANNNgrenE
GGGonnnggreeNNE'ss
GOOONGGGrrEENNNoD
GGGiiiNGRRINNNeess
ggAANNNgggRRRAAAnaaanGG
ggaaNNGrrEEEnnnouS
gAANGsss
GaNGGGSSSTIII
GGiiinnGGGsToosss
GGaanGGGssstttORRR
GGGUUUnGsssTTTorr'SSS
GGIIInnnGGGsttteRRdoMM
GGeNNNGGGsstEEERRIsm
gINgsssTeeeRRSS
GOONNNgUee
GGEnnnGGGWWWAAAYY
gggaaNGGWWWiiyyy'sss
gUNNgggWWaaaYSSS
ggANNNiisTTTOORR
GANNjji
GGGAAAnnjjjaaass
GaNNnnuuuttt
GGGuuNnnnooottt'S
ggooonnnnEEEttSSS
gggAAnnOOOff
ggAAAnuuuIIDDD
gggaaaNNNeeeooDs
GGUUnntttLLIIttt
gggaaNNNtLLLEETT'S
gggANNNTTllluTTss
gggAnnttLuunnnEE
GGaaaNNtttrUUEEEsss
GGGOOONNTTRyy
gggAANTrrY's
gggIIIp
GGIIppp'SS
ggaapppeee
GGAAAPPEE's
ggAPPeeeDD
GGaPPPUUUs
GGGePEEWWURRRmm
gAPuNNNgg
gggooopiinGGGlllYY
ggApppYYY
GOPSS
ggAAAr
ggarrr'SSS
GUURUUUgo
gEEROOgga'SSS
GUUUraaaGGGEEED
GGGArruugEEES
gggAArAGuNNNgg
GGGEERRRb
ggAAArrbbb'ss
ggARRRbAgggUUU
GGAAArbAAGGGii'S
GGGAAARBooogeMMIIInnn
gArbbbanzE
ggAArBBunnnZZZOO's
GGarrrBaanZZUSSS
GGGorrBBeed
GAAARRRBInng
GaaaRRbbLLa
GGiiiRRBBBlllEEd
GGGAAArrbbbLLLeR
GGGArrrBlllEESS
GGGAArrBLLINgg
GaaRbboIIrd
ggARRRBBBoooOOOrddss
garbbbIIIIl
GGGaaaRRRBBiiiiiLss
GGGARbbOOOLLLiigggiiiEEES
ggUUrrBBollooogggoSStt
gggaaRRbbooLLLoogy
GGarrrbss
GGArrdddiinTTT
GGOOORdddEn
giirrdddoNNN'sss
GGGArrdddeenneeDDD
ggaaaRDEneeRRR
GGaarrDDeeeNNNEER'ss
ggEErrdddAnnuurrrSS
ggaaaRdddeNOOOa
gggARRDenOOE'SS
gggAAArrDDAAnniiAAs
gggaaaRDDDOOONIIInnngg
GAARRDEEENNNUNGG's
GGGArrrdddANNNs
gaaarrrDDDEEErrrUUUBBBEE
GGGOOrrFFFiSSH
GARFFFAsh'SS
GGAAArFFFiiSHaaass
GGGiiiRRRGaaaNEEEYYY
GAAARgggAnAAAyySSS
GGARRRGaaNNTTTaaaan
guuurrGuuT
gggIIIRRggEtttSSS
GGGuuurrGGLLu
gorGLee'ss
gggARRRGLLLEEDD
ggIIIRRRGGGllEsss
GGAArrGGGllannnGG
ggaaarrggOOOyyyLLe
gggAArrggOOOYLI's
gARRRGGGOOOylliiid
GGAArgggeeyyyLLIIIsss
GGGIIrriiiBBBaaallDDDII
gggiiirrrUbbboooLDaas
ggguuuReSH
GeRRiiisssHHHLLLYYY
GGaarrUUUsshnAASSSsss
ggaRuSSShhNEESSSS'SS
gggaaaRRlAnnddd
GGGAAARLEENNNd'S
ggUURRlllAAAnnnDDeed
gaaRLLoooNNNDIInnggg
gggaRLLEEENNDDDS
ggOOOrllIC
garLLLIIccc'SS
GGAArliiiCCkkY
ggArmmmEEENTT
ggarrMMeeeNNttt'sss
GAARRRmEENNNtS
ggoRRRner
GGaaRNNNeeeRRREDDD
gggArnIIRRRUUNNNgg
ggORRRNNNoooRRs
GGGaaRRRNNEttt
GAArnnEEttt'sss
GGAARnEEEtttS
ggaarrrNUUUErrEETTTE
gggeeRRNuuuErriiittiiis
GAAARRRNNNaaSSSHHH
gaaRnnnaaasHH'SSS
gaaaRRRnnAAAssshAAD
gggAAArrNNooosHHAeee
GGGIIIRNNNiissHeeeee's
GGUUUrrNNiShuuOOOdd
GGAAARRRNNNIssHHHoiuunGGG
GAARNiSHHeEEsss
GaaaRRRnnuuSSHOOOs
GAAArrnnniiiSSShhiiinnggg
GGGarrrnnisshhMMMoooNNTT
GGUrnnuSShmmEEENNtt'SSS
GGaaaRNusssHmmmaaannnTTTs
GGuuRnItttUrreee
gAAARRRoooteee
gggIIrrroootttE'SSS
GaaaRRRooTTTud
gggaaaRRIITTTesss
GGGErreeeTTTINgg
GGGEEERRooottttttUUU
GiiirroooTTTee'sss
guuuratttttED
gggooRRATTTTTeSS
gggUUURRROttTIInnnG
gaRRRPPPiKKKE
GGGARRPPEEkkEEESS
GGGAARRreeeTTT
gaaarrrReet'sss
GGiRRRReetts
GiiiRRRRIssOOONN
GOOrrRREEEssOOOnn'ss
gggAArrrRRiiisssooNeeedd
gaaaRRRrrrIIIssiiiNNNUUng
gAAArrrIsiNNNS
GGaarrrrOOOTi
GGGAARRRrUte'ss
GGAAArRRROOOTTTIId
GGGarrRRROttterrr
GGarrrotIRRR'ss
GGGarrrRROtttuRRSS
GAAArrRROOOToooS
gAAARRRoootttENG
gaaRrrroooTTtttEE
GAArrrROTTTTe'S
gggeeRraaattTaDD
GarrrrrOTTTTTTEEEs
GaaarriiTTTtuuuNG
gggaaRRRRuuuLLITTy
GGaRRrrUUUllEETTTy's
gggAArrrUUUlllOeess
ggaRrOOOLOOooosssLyyy
ggoorrRRRoloouuusssnuSsss
ggAAArRRuuLOoSSSnnnEEESSSS'SSS
gAAARRsss
gggaaarrtttuur
GGaarrrttterr'sss
GGOOORtttEERRS
gggAArrrTTHHH
gggerrrvvaay
gggaRçOOOnn
ggAARRRçEEEnn'S
GGAARçooonS
ggaaaSS
GGIIIs'S
gIssBAAggg
ggaaasBBBAGGG'ss
GGAAsssbbbAAgggSSS
GAssccOONNNOOOdiii
GGUUSCCOOOnnADDDeeDDD
GGEEEsccennaadEEEs
GGAASSccciNNNaaaddduuuNNGG
gggAASellIIIr
GAssseeeaauus
GOOOsssEEESS
Gaash
GaaassHH'ss
gggaaaSSShhhOd
gAAASShes
gggaasshhIIInnggg
ggOOOsHEldddErrr
gggOOOSSShhhALLLDORRS
GGGaassiFFFiiiiid
gAAAsssIIfIIIuus
GGGiiSSAAffooRMMM
gaasIIIfffy
gaSuuufyyyiiiNGGG
GESSKOOOTT
ggaaaSSSKeett'S
GAASSkEtss
gggaaSkkkAANN
gggOOskOOOnns
gggAslllOOggghttt
GiiSlllIIIghhTTT'SS
GGGAASLEghhtttS
GGGaaslloooT
goossMMMiiiNN
ggAssMMMeeeNNN
ggAASOOHOOOLL
GGAAASSOHOOOLL's
ggAAsssaaLLoonnnEE
GaaSSSeeLLLaaanEE'SS
ggAAASSSiiLLUUUeerrr
ggASSaLIIInnooo
GGuuusOOOlUUUNNI'ss
ggAAssAMMMootER
gISOOmEEEtttaaaRRRss
gAAssOOOMAAATTrrrYYY
gaaassspp
GGGaasssPPP'SSS
ggguSSPPeeedd
GUUUsPeeeRR
ggaSSPiinggg
gggAAASSSpS
GGGaaassSEDD
GGaassssur
GAAAssssuS
ggguusssIAARRR
gUSSSSSiIsstt
gAsSSeeennneeesssSS
GGGAASSsiiNNNggg
ggaSsiNNGGss
GGGoooSSyy
ggAAASttoorooopppooDD
GaSSTTIIGGht
ggaaaStRiiLLLGiuuu
GGOOOStttrriiCtttOOmmy
ggaaassTTRRRiCC
GGOOssstRRiNN
gaaaSSTTTrrrAAATTaSS
gAAAstttrrrIITiiiS'ss
GGIsTTRROCNNNeeemmeeeaa
gggOOssttRROOOcNNNAAMMMiiiUS
GGGusssTROeNNtEEErreeettiS
gggooSTROOENNTTTeerrriiittteeess'SSS
GaaassttRoooeenTTEreeloogggiiSSTTT
gAAStrrrOoonTTTAAARRRooLAAAggYYY
ggAAsTRRoooEntiRRROOOsssttoooMyyy
gosstRIIIINNTTeessttInnaaLLL
ggasssTTTRRRullIIIttth
GGGuusstttRRuuLiGGIC
ggasstReeLLLEGGUcaalll
ggOstttRRooolooGGiiiCCCOOllLLy
GISSSTTReeeLLeeeGGUUUSSST
geeeSSStttRIIIlloogggyy
GIssTrrraannoMOOO
ggeeessTTTrOnnnoMMiiis
GissTrriiNOMaacc
gaaaSTroooNNNoMMMiciiLLL
GGGasssTTronnnOOOmmEcAAlllyyy
GGGAAAssttronnnOOOMyyy
GGGIIISStrrroooNNommyyy'S
ggguuuSStttRoPPPoooDD
ggAAASSSTTTRRROpppod'ss
gggOOOSSTRRRUPPPaDss
GGGaStttRRaaaSSCCCOOppooo
GGaaaStttrEEEsssTTOOOMyyy
gAAAStrrrootttiMMyy
gggEEESSttrOOTrrriiiccHH
gaaStttrrravvaasscUULLAAAr
GEEsttrroolllOOO
ggaSSSTruulllaas
GGGiissTTRRUUULLattIIUUUn
GGASSSTTrrrIlllAATIIANSSS
GGGeeSSWWorrrKSSS
gggEESSwwuRRRkks'S
ggOOOTTT
gATTEEE
GiiiTTTII'SSS
ggATEEAAeee
gggETeeaaaees
gggITTEEEAAEEEx
GGAAAtIICCRROSSHH
gattteeeCCCRRaaSSSHEEEddd
gggaaTeecrraSSSHHEErr
gggetteeecccRRRIIssshhhaaaR'S
gggaaaTTTEcREEssHHHErrrSSS
ggATTAcccrrEEEsHHHes
gaaaTEEccrrAASShhhENNNgg
GGitEEd
gggoTTEffooLLLD
GGAAtteeeHHOUUSSSE
gaateeHHOOUSeee'ss
gAtaahoouuusiiiSSS
gaatiiiKiiEPPPEEErrr
GGOOtttokeeeEEpperrr'ss
ggaaTeekkkeeeeeppUUURRsss
gggaaTTEPPEESSSTTT
ggAtttiipOOSST'SSS
ggaaToopOOSStttsss
ggaaaTTaaarrr
GaaTTeeess
ggguuuTeewwwIIYYY
ggAAATaawwwaaaYYY'SSS
GGGEEEtawwwEEYsss
gAAtHHeerrr
GGGetttHeeer'SS
ggUUUTTHHaaarreeed
gAAttHHHorErr
GAAtHHHERRReeeRR'S
GGatthhheeeRErss
gaaTTTHHHIrIINgg
ggatthhheeRRUUUNNggg's
GaaattheeerrrAnnggSS
ggaaTThAAARRRs
ggEtiiiNNNggg
GEEtiiR
GaaTuuurrr'SSS
gaaTURSS
GGAAtttsss
ggaauuuCChi
gaaoooCCChhhElllY
GGGiAAAcchEEEnnEEESss
GAAUUCCCHEEENNASSs'sss
GaeeCCHiiiR
GGaauuCHHHEERIee
ggaUCHHHeerIIIe'sss
GGAAUUchhhEESStt
gouuuccchA
ggIIIucHHHe'SS
ggoooACHHOOOSSS
GGGaaiDD
GGGAaaaDDDEErrYYY
gguUUDDDoooeRRR
gAAaaDIeeeSttt
GGAAAADDDILLYY
GGGaaUUUdddIINNeeessS
GGUUUeddiiiNNuuSS'sss
GaaUDss
GAAAUUDDDy
GGiiEffffffooorrr
ggAAAUUffFuurrrSS
GGaUUggEEE
ggooouggE'SSS
GGGAAAuGaaAAbbblEE
GGAUGGGEDD
GGGAAAUUGGOOrrr
GAUUGGGAsss
gggaaaUUUggginnnG
GaaULtttHEEEreIII
GGGAAooonT
gaaauuunnnTaR
GGaaIInttteeesssT
GUUUUnttllEETTT
ggAuunntLeeeTT'S
GUUuNtttLEtttsss
GGauuuNNNTTlyyy
ggAAuNNNtnnESSSS
gaUUnnTTNUUss'S
gggAAuuuNTRRRIIIees
GIIiiNNTTRRYY
gggaaaaRRR
ggaurSSS
giiiuSSSS
ggUUUESSSSSSOOOs
gEEEOssssssMMEtttEEERRR
gggAAAuuuze
GoooiZZEE'ss
gggAAuZooeeRRR
gggEEEuuuzzzIiisst
GaaaiZZaaaLLYY
gggAuuZiinEssss
gOOOzzAANeeeSs'ss
guuuUUUzzyyy
ggaaVVVAAGGGe
GOOOvveee
GGaaVVVEEl
GGGiVEELLL'S
ggaaaVELKOONNNd
ggaaavvvULLs
gggAAAVVIIIaaalll
gUUVVVIAAlllSS
GaaaVVVOttttee
gggAVEETTTttE'ss
ggeevvvAATTTtteeSS
ggaawwddd
gggaaaWWk
GeewwwKKOOOddd
ggiiWKKKaaarr
GGaaawwwkiieRRR
GAWKKKiesT
GGawwkkElllYYY
gggEEEWKKKEENaaaSSSsss
ggaawwKUUUNNaSSS'S
GaWWWKKKiiiNNgg
ggooWKKKs
GGaaaWWWKKyy
GGGiiiWWPP
GGUWWPEEED
ggaWWWpppINNGGG
GGGaaawwwPPS
GGay
gggaay's
ggAYYYERRR
ggEEEyaaaSt
gOOYeeeTTy
gaYYYEEETTyy'S
gggoYYLLLYYY
GGuuuyyNNNOOSss
GaaYYYnnuussSSS'ss
gggAyss
gaZA
GGGaazzzeee's
gOOZZubbOO
GooZZeeBBOO'SSS
GGGuuzzzoboooeS
GGaZIIbUUUsss
GaaaZed
gggeeeZIIhhaaaAANNdd
GGaaaZZeeelllUU
GezzzeLlOO's
GEZZEEllllees
GGazzeeR
GGGUUUzzzEEErr's
gAAAZZors
GGGaaZZZeeeS
GGGeeZEEETTTTTE
gggEEzeeeTTTeee'SSS
GGGAAzeeeTTTTTeeeDDD
GiiizzzETTttteeeEERR
GGAAzzeTTTTTeeIIIrrr'SSS
ggEEEZZOOOTTTtttaaOOOrSSS
gggAAZUttteeesss
GGGuZZUUUTTTttiiingg
ggAAAZZZIIlllLLIIOOOnnn
GGGAAZuuuLlllIIeNNNsss
GGAAAZZZEnnG
gOOOZZpUUccchhO
GGAZppaaaccho'SSS
gggAAAZZamppp
gggAzeeeMMpeD
ggeeeZEEMMMpIINNgg
GGUUzUMPPSSS
ggeeeAn
giioNss
goooaannntticccLiiNNNALLL
GGeeanntttaCCLLoooNNU
GGGuAAArr
Giiaaarrr'sss
GGAARRbbboX
gEEeeeRRBox'S
GGUUUarrrBaaxxOOOS
GGGIAAArraaadd
gggooiiiRRRiiiNG
gguuuORiiNNgg'SS
gggeeoorrSS
GGGAaaaRSSSHIIFT
GGEEEuRRRssHHHaFt'SSS
GGUeeerrSShhheeFFFtttSS
ggIIEEErrSSttocKKK
ggUUAARwwhhhaaaEEELLL
GGGUUAAARwwwHHEIll'S
GGGuuuAAArrrWWWheeeeeeLs
geCCkkO
GeeeCCKEEE'S
GEEcccKKoooUUUsss
GGockOss
ggEDDdduuTTT
gggOOeee
GGaaeDDD
ggguuuuGGGAAAWWW
gggeeeeegawww's
gggEEAAggAwwSS
GGGEEEEEInng
gEEoooKK
ggUUOOKKK'sss
GGGiiiakkkiiiiRR
GGGUUUuukieeesTT
gggEEOkkkSSS
gggaEEEKKKYY
ggeEsss
GGGEEEEEsseee
GooeeSStt
gggiiiEzz
gaaaeeZZeeerrr
gggUUOOOZZZeeeRRR'ss
GGeEEZZZIRRRSS
GGEEGGGEEENNNSSChhhEEEIIInn
GGGIIIggeNNSSSCCCHHHeiiNNNs
gEEEHHLLuunnnEEETO
GGGooIIIssHuuu
GGOassshhAA'S
ggeooosssHAS
GGGIIILL
GeeLL'SSS
gggUllATTuuNN
GGGEElUTTTiiNN'ss
GEEElAttiiiNaaTE
GAAlllooTTIInnee
GolllAttIINNNa'sss
GGGeeelllAtttIIInizzE
gggEEEllloooTUnnIIZZZuddd
GGGaLLuuutttOOnIIIZZZees
ggguLLAAttiiNIZZZENNgg
gEElllAAATaaNNOOiiidd
gEEELattENNOOuSS
gggOOOLUUTuuonnn
gEELLCCooop
gEElllCAAp'SS
ggellld
gggeelllDEEEdd
ggEEELDDDAAANNGG
GGGEELLDDDIIInnGG'ss
ggoLLLDiiiNGss
GGGULLDss
ggeliDD
GGeeellIdddiiitttIeS
GGUllIIIddaaatYYY
ggiiiLLLOODDDNNNAAAsSS
GGGUlllOgggNNNIIITTO
geellUUUGnnItaaa's
GGuuuLLLLiidd
GGGIlllLAAANNggg
ggeelSS
ggEEELSSAAmmiiUUm
gguuulTTT
geeeLLtSSS
gguuM
ggEEMMM'ss
GGIMeeeiNNsCChhhEEEffft
GeeMMMiinnnaaatttiii
GGGEMinnaattEEDD
GUUMMoNAtteelYY
gggEEMOOONAATTTeeSSS
GGGeeemiiinaTTTIINNGG
ggoommmIIINNNAAATTTUIIn
GGIIminItttIIOnnnss
GGeemmmmmOO
GAAMMmmmeeEEE
GGGEmmmmaaTe
GGGuuMmaaaTTTIIeennn
gggeemmmMMiiipppARRROOuuS
ggemmMMMoooLLEEgggaaaSttt
GEEEMMMmmOOLooogyy
ggemmMuuuLLaGGyyy'sss
gggoooMMMMMuuuLLLaTTTaaIIINN
gggemMMMulllE
ggEEEmmMMyy
gguMMMAAAlllOOOgggiCCIl
GGGaMMMAAlooGGGUUUSttt
geMMMoooLLAggIst'SSS
GAAMMMOLLLoGGGiiiSSts
ggguuMMMOLoooGGyyy
GeeMOluuuGGGYYY'ss
GEMaaT
GGGeeemmmss
GGGeeeMMMSSbbOOOK
gggemmSbbbEEkkkSS
gAAmmmSSTTTunnnii
gggUMMMssTTTUUnnnii'SSS
GGGEEEMMStttUUUNNUs
GEEmmmüTTTLLLOOcccHHH
gEEENNaaPPPPEEE
GEEEnndddIIRMMuu
gooNNNddAAARRRMMe's
GGaaaNNDDDAAArrmmmARRRUUUee
GGGEEENNNDDDaaarrMMEERReEEEsss
GEEnnnDDaaarMMus
GGAAAndder
GGIIINdEEEr'SSS
gggOOOndeerrroodd
ggEEENNdddarrllESSS
gEnnnduuuRRRSSS
ggaaNa
GGEENEEE'SS
GeeeNEUULLAGaaCAl
ggAANUUALLooGiiicciiLLlyy
GGIInnnEEEIILogggIIes
GGGENOOOaaLLLiiiGGiiiSST
gIInnuuAAAllUUUGGIIIssst'SSS
GGUUUNEEEaLogeeSSTS
GGGEnnnEuulooogggAzze
GGGENNaaaaaLOgggyyy
gEEENNNEEEEllleggY'sss
ggguunuRROOO
ggenerreeBBlllEE
GGuNEEErraaaLL
GGGAnnuuurrIIIlll'ss
GEEEnnnEEEraLLeeessSIIMMMOO
GGGEENAArrooLLLIIIsssSSSiimmE's
GGUnnneeruuLooSSSEMMIIs
gUUUnEERRAlllUUUSSt
ggeeNNeeerraalllOSt's
GAANNNEEERaallliissttSSS
GOOONAARRRAALLLootiiioooss
GGGeeeneRaaalllIIITTTYYY
ggEEneerAAlittYY'SS
gggennArAALEEZaBBllliii
GGGiiineerALLAAAzzzAAtiionn
GGeeeNNNeeeROOLLLIIzzIIttIIIiiiNNN'SSS
gENNEERAAALLLUzEEEtiiiAnSS
ggguuNAAArrraaaLAAZZZEE
gggeenEERaalllOOZuD
GenniirrrELLLeeeZZZIIIsss
GGGeNNNerruuLLLaaaZZiiNNggg
GGeeeNNeeRRRiillllly
GEEEnnneeRaaaLsss
GGeeeNNAAArrraaLSShhhooP
GGenneeralllsssHHIIP'sss
gggeenARRIITE
gAANNEErATEEEd
GIInnnORRaataaaSSS
gUUUniiRRaaTiNNNggg
gggEENeeerrIITTiioooN
GEEEneeraTTTiOn's
GGEnneeRRAATTTIIIOnAAALL
GGGaaaNooorrraToooOOONNSS
GGEEnnAAARRRUTIIIvEEE
ggooneeeRRRAAAtttoorrr
ggeeeNNNEEErrraaattooorrr'S
GOONNNERRREEEttooRRss
ggeNaarruuutttrrrUUXX
GGGeeNNiRACCC
GEnnnEErroC'S
ggEEnnIIreeeCCCAAAllllYY
gEEnnoooRRIIIccs
GennnEErroooSSSaatttooESSS
geenuuroSUUUttyyy
gannnAAARRROsITy'sss
GGOOnneRRuuuuusss
GGGEEnnneRRRooiiiSlYY
gInnneerraAsNNNeeSss
gEEnnnARREEeeeSNNEEEssS'ss
GGGuuunnnes
GGEEENNNUSeeess
GGonnnEESSUss
GuuNNNaasssIIIsss'ss
GEEENUUUtt
GIIInnEETTHHLLLIaaalOOOggYY
ggeeNNEEETTTecc
GGeennUUTTEEECCaaaLlyyy
giinETeCCisT
gENNeeTTAAACCCiiiSSTTT's
gggEEEnnneeTTTIccciiissstSSS
GGGeeeNNIItAAAcccs
ggEENNEEEtttICCCS'ss
gggeeNuuTTTSSS
GEENaaaVVVuuu
GGEEEnUUUvvvasss
gggUUUnnIIAAL
GEEENAAAAAllOOOTTYYY
GGGunniiaalllIttty'SSS
ggENiiiuLLLY
geennnIIAAAlllNEESSSSS
gennnIIc
GEENNuucuuLaTee
GGEENNoooOOO
GGAAANIIEEE'sss
GGuuunnIIIaSSS
GGGEENIIIAAA
GGEEnnnAP
guuunnnIpap
ggguunnIIppaappSSS
GGEEnOOppSSS
gggeeNNIIIsTTTii
ggeennnETTTAL
GGeNEETTiilleeeAAA
GGuunnnaaTTiilliI'SSS
GGGeenATooLLLuuc
GEEnooTTTIILLlllY
gEEEnnitttIIIls
gggEEEnnuuuttIIILLLss'sss
GeeennnOOOtttIIvAAl
GoonnIttiiiVaaalllLLLyy
gggeeennnUteVee
guuniiitiiivvEEE'S
ggInneToVVaaass
GGGEEnnAATOOOR
gooonneeetteeeRs
gOOONNETOOUUURRRINNNoooRRRyyy
GGAAAnnnEEEaasss
gEnuuUsss's
gEEnnnIUUUSSeeSS
GEEnnnnneeed
GGGEnnNNUNGGG
GGGeeenuuI
gggiiiNUcIIIDDIIIll
ggeennnOOcccOOddelly
GGeeNNooCCIIIDDE
gggiinnooccIIDDDo's
gggEnOOOCiidddAAASS
GeennOMMMEE
GGuuNNNEEMi'S
gggInnOOOmEss
gaaannuuuMMiiCC
gggEEENNooomIIICSS
GOOnnOTTTyyyPPPe
gggiNNNOttYYYPees
ggeeeNNoTyyPAAc
GeeeNUtttYpppIICOLLL
gggeeNNReee
GGEEnnRRRa'S
GeeeNrrEEEsss
GinnrrOOO
GGGeeNsss
geennnt
GGEENtt'SS
ggeNNTeeeaaal
GGGEEnnTTTuEllESStt
GGGEENNteooLLLuussmm
GGGEENNttteUUUlllY
GUNNNttEElllNNEEssS
ggINNtEEaaalnneSs's
ggoNNNtUUsss
gOOnnnTiiiennn
ggENNNTTTUiinn'ss
gggINTTTiiiAANAACEEEEUUSSS
ggUUntttiiaannIIILLlllA
GGiiinnTTTIeeNuullaaasss
ggguunttiiiAnnsss
GGGEEEnTTillA
gggeNTTTeeLLeee'SS
geeeNTTeelles
GGeeeNNNttUULLOOOsSU
GGAAnTIILLOOSSSMMM
ggANNNttIIILLooottYYY
ggeeennnttIILLLEEETTyy'SSS
gggUUUNNtLLLAA
ggaaannTTLaDDD
GGOOONTTTlloofffAlllkk
GGUUUNNNTlEEFFeelllkkk'ss
giiNNNTTTLLuuuFoLksss
GeennntttlEEfffiiLLKKKs'SSS
GGGeeenTTTlIMMMOnnn
ggaannTTTlleeeMAAAn'SSS
GGeeeNNtLLemmANlllYY
GGenntlEEMMAAANN
GGOOONNNTTTlliinniiiSSSsss
GGGIInnntLLOOOnnneeeSSSs'sss
gggiiNNTLuuur
GGGaaanTTTllleSS
ggeNtlOstt
GGGenttlllEWWWEEmmmAnn
ggoooNNTTLLLaWWaaMMaann'sss
GGeeenntttllEEEwEMMooN
GGGEEEnntLLaaaNNNGGG
ggaaaNTTlYY
ggonTTTriiiiSS
GGeenttReefIICCCaaattuuUUUNNN
ggeeeNNtttRRREEEfffaaaCCIITAOON'S
GGGEEENNTrEEEfffEEEEd
ggeNNTTRRiifffUUUUR
GGAANtriiiFaaaOOss
GEEENNttRRIFFFyy
ggINNTreFFYYYuuunnng
gUUNtrrryy
gggEENNttrrrYY'S
geNtttsss
gggeNUUU
GGGeeennnaaffleeeCT
gggEEENNNIIIFFFllleeCttted
GGennnuFlllOOCTTIINGG
GGGiiNNNefLiiCTIoonnn
GennufllucctttIIIIIINNN'sss
genUFFllAAACCCTTEEaNNss
GUUnuuufflEECCCTooR
GGGuunnUUffLLuCCTTTss
GGiiiNAAAFFFLLeeXXXIIoooNNN
GGuNNuufflAAAXXeENNNSS
ggENNNuuAANNii
gggEEnnnuuuInnneeelly
gggaaannnuuUNeeenneessssss
gggeeeNNNuuuiiniiinEEEss'sss
gggOOOnnnOSS
GGEENeeesss'SS
GGGaannOsssiiiSSS
GOAcccEEnnTTRRAAACCC
gggeeEccceenTTRRoocccALlYYY
GGGEEEiicccUNttrrrusMMM
ggAAooocHeeemmiicccALL
gEEEooCChhhEEEmiiiSt
GGGiiiUUcccHHHooMIIISStttrrrYYY
GOEcHemIIsssTTrrYY'SS
GGGEOChhrrEEnnnUULLLOgIIIcc
goOOCCChhhrrrooNooLLLOOGGiccAAL
gggiiOCChhhrrreennOLuggEssstt
GGGEEooChhhrrrEEENoLLLOOggyy
gOOuude
GeeeeeDAAA'SSS
GGUUUodeeess
gggEEOOdddasIC
GGGEeDDuuuSSIIICC'S
GEoooDDEESSSIICCCs
ggAAAOOOdddaaasssIIIssTTT
GGGEIIdddiSSSyy
GGGeAAddEEEssyy'SS
GGGeeodddEtttiiC
geeedYNNaamiiiCCCss
guOOOGNNNEESSYY
GGGUUUeeeGrrrOOPPPHIIrrr
gaOgggRAAAPPhhiiiRR'ss
GAeeggraaaPPhhhEErrrSSS
GGEIIGRRRaaPPHHuucc
gggeIIGGrrrEPhhhIIcceeL
gggEEEoooggrrrUUUPPhIIccAAALLLllyyy
GGeeeoggRapphueesss
GGGeeeIIgggRRRaaaphy
GGAAAooGGGrappHY'ss
GGGeOOeeeddd
gEOOOLLLOGeeC
GGGeeeeeLLOOGGiiccAAAll
GGGeeAAALoogOOCCCeeLLLY
GaaOOLLOOGiieeSS
gEEoooLLLOOggeeeSSSttt
ggEOllAAAggISSST'ss
gggEEEOOOllloooGGGeeeSTTSS
gggEEOOLLLOOOgIzzziii
GaaiilliiGGGY
gggoooulOOOGy'ss
GuuImmmoooGGGNNNeeettuuuC
GEoooMMEEEGNNEEtttAAACCCOOLLLLYYY
GGaOOOMaggNNuutessmm
GGEEEOmmaaGnneeteeesmmm'S
geeeImOOnnceeR
gggeeeOOOMiiiNCCY
GGGeeeoMMaNNNttIIC
ggEEEIMooTTTEER
gggEOmeTuuuRsss
GGGAAOOOMMIIItttRRRooccc
GGGEEEOOmmmeeeTRROOccceeLL
ggiaMMMETTTrrICCaaLLLLyyy
GeOOOmmmIIIttrrrICCCUuun
gUUUOOOmmmEtrrrIICCIIIAAAnsss
gggaUmmmEETrrrIIdd
gggEEEoMMiitRRRIIDDSSS
GGeeeOmottRRiiieS
GGGeeeOMMMEtrrruuuzeee
GGGeOOOMMMeTTTryy
gOOimmotttrrry'sss
goommmOOOrrPPHHIIIC
GeeaaMMMoorrpHHOOLLOOOGGGaIsss
GEEEuuMMooRRRPPPhhhoooLLLEEEGGGYY
GaIIIpppHHHAAgyyy
GGoOOOpphiiLLLooIIIs
GGGEOOOPPhhYYYSSiiCiiL
gUUUOPhhYYYssiiicccAAllLYY
ggAAAooPPPHHHYYSSSICCisTTT
ggUuPhhhYYsiicccOOOSSStt'sss
GGooOpphhhyyyssIIICiStttS
gEEOppphhyyysiiiCss
ggOOOoPPPhhhySICCCsss'SS
gggeaaaPPHHYttoo
gUophhYttEEss
geaPPPollloTIcccAAALL
ggeeeeppooloooteeCaLLllyyy
ggeeeIIPPEELLLiTTTeCsss
gggioopAAAllOttACCCs'SSS
GIIIOPPPoNNIIccc
GGuuOppUUUnnnICCSS
GGIIooorrAmEEE
GEEorgOOOCC
goooooSSCCiiUNToFoCC
GGEEEuuSSSPPPhhheRRRUU
gggUUoSSSttAAAtAAC
GGGeAASTaaTTTooCCCsss
GGGeOOSSTTToTTTIIeeennurrry
gggEEOsssTrOOppphhhIIc
ggEEoossYnnnCCChhhrroonnnooAsss
GOOiSSSyyncchhRROONNNeOsLYY
gggeeeOsssyyynccllloonnnaLL
gggaOOOsYYYnnCCllEEEnnne
GEoSSYnncclllIIInnoo'SSS
GGGeeOsssyyncLIIINNNes
GGIOOtttOOOxxIIS
ggEooTOOOccctttaaannic
gggeeeUTTheeRMIIlll
GGGoooeeethOrrMMooLLLllY
geeoootttHEErMMiiiccc
gggeOOOttrrOOPPPissMM
GGEEAtttroooPaSSMMSS
GErrrAHHH
GGIIIrrrenIaCCeeeoooUUS
GeeRaaaNIIIal
gggEErraNNuuuuMMM
ggERRRuNNNAoommm'ss
GGERRRIIINNNIUUmmss
GGUrrrUUTTTaaLogggy
ggeerrbIIILL
ggEEErrBBBIILLL'SSS
GGeeeRRRbbEELEE
GerrbiillSSS
gEEERRReNNttt
GIIIrrreeNEEKK
GGEEERRRennuuKKKs
gEEERRFFaalCOOONN
ggEERRfaaallCOOnnns
GERuuaaaTTTrroC
gggErraaattrrOCCCuuuINNN
GeRIUTTRIIIccaenSSS
gEEEriiaTTTrriCCCs
GaarrrIIAAAtttrrruuccSS'ss
gggIIIRRRM
GGeRRMMM'S
gggeerMAN
gggEErrMMMAAAnnDOOrr
GGGEERRmmmaaaNddeerrs
gEERmmAAneee
GGeeeRRRMIINNNIIIlllyyy
GaaarrmmmAAnenesss
geeRMMMaNNaaNNESSSSSeeeSS
GARRmOOOnnnoC
gaaaRMMANNiiUMMM
GGaaarmeeNNNiuuummm'SS
GGeeRmuuunnnaOOOss
GGiiiRRmOON
geeeRRRmmiiicUUDDAALLL
gggaarrMIICCCiDE
GeRMiCIdddeee'S
gggEErMMMoooCCCOOdeS
gggurrrmIooRR
GIIIRMIIIUUsstt
gggerrrmmmuuunnnABBBllleee
gerrrmmoooNNaL
gguuurrmmiNNall'SS
ggeerrrMMiiiNaaLLLlY
GGaaaRmiinnaaannnttt
GeerrrmmOnuuuttE
GGGEErrrMMMIInnnOOOTeedd
GGeerrMMiiNAAAtttEEs
gggErrrmmmOOONNNATTIINGGG
gEERRMMMiiiNNatEEEOOON
gggeerMOOONAtuuuONNN'ss
GGeeermmmiiinnuuuTTTEEvvve
GGGEEErrMMMINNNAAtuurrr
ggeeeRRRmmms
GGeeeRRRmmY
GGGErrOOONNNTTaccRAACCCYYY
GERRinnTTToocccrrrAAAttt
GGGEEERRReeeNNttAACRRaaattAAccc
ggERRRUUUNNtttAALOgIICCC
gurUnnnTOLLLooGGGaaaCAAl
GerrOOOnnnTuuullAAAggiiisTT
gEERRROOnnTTTiillliiGGiiiSt'SS
GeRRRuunntOLLLooGGGiiSSTSS
GGGOORRRaaaNtEELOOggY
GGGEEErraaannnTEElleegggyyy'ss
ggOOrrrrYYMaanddEEr
gguuuRrYMMMaannnddeR'SSS
GGGAArrrrrryyymmmiinnndurrEEEd
GERRRRRyyymmiiiNdddEEERRerr
gggeRRrrYYmannDDDaaaRInGG
gggeeeRryyyMeNNDERRRaaaNGG'sss
GGiiRRRryymOOnnndddiRs
ggeeerrrUnnDDD
ggEERennnddd'SSS
GIIrrUUnnddoaaaLL
GGGAAARONNNDiiivvee
gggaaaRuuunnndddsss
GAASSSaaLllssccHHaFttt
ggEssssiii
GGGeSSST
gggiiSSTAAAllTT
GOStttalllTTeenn
gggEESSStttUUUltUUUSSSMM
guSSStAALLTTTIIIsssttt
ggEEESttAALLtSS
GaaSSSttAPoo
GEEstippo'S
gggoooSStttOOOpooSSS
gggEEsssTTTiitAAA
ggIISSStttooTTTooDD
GaassstttAATTTeSSS
GGeeesstaaaTTTiNNg
GEEEStAtttiiiOOOnn
gggesstEtUUOOnnn's
ggeeSSSTTTuTIIIEEENuuul
GEESSttAAATTerrYYY
GGGEssttaacccIllaTEEE
GGaaaSSTTTEECOOOlATEddd
GGEESTiiCUUllaTeess
gEEESSTTTiiiCuuuLLLAAAtttEEnggg
gggOOOSSSttiiCCUlllaaaTTIIIOOn
ggaaSSTTIIICCUUULLLaaattIIoonnn'ss
GAAssstICCCuulluuutttiiionss
GGGEEStttIICCCUlAAAtaaviii
GGESSSTTTiiicIILLeetttoooRRR
GGUUUSSSttiiCCulllaaaTTuurrrYY
GEESttirrALL
gessTTUUURRRAA
GGEEESTUUURRRiii'sss
gggEssTTurrrAd
GGGeesTOORRREEERRR
geeeSTTTIRRREss
GGGIIIsstuuurrEEnnG
GGESSSUNNNddHeiTT
GGGEEEtt
GGGet'S
GGEEETTAAAWaYYY
GGIIIttAAAWWWaaaY'SS
ggOOOtAWAAAYSS
geeeTTTSS
GGGETTtttaabbbLi
gggeetttteeer
GGeeettttInnnGGG
GGEEtuuup
GetttUPP'SSS
geeOMM
gggAAAWWGGGAWW
giiwgggAWWW's
GIIIwwwgaawS
gggEyyy
gggAyyyssEERRR
ggOYYYssAArr'sss
gggeeYYssseeeRRIITTTI
gguuYYssAARRSSS
GGGhhhaaarriieess
ghhArrryy
gghhUUUSSttlEEeRRR
gghhIssstLLLIEEEStt
GGGHHassttlllunnEESSSSS
ggghheeSStLLLiiinneeeSSsss'sss
gghhhAStttLLLY
GGhhhITTT
GGGhhhaatt'sss
ggHottS
gggHoZZii
GGGHeea
ggghhEEES
ggHHEEErkkkiiin
GhhheRkkkinnn'SS
gggHHHeeerkkkIInnnSSS
GGGHHAAATTTto
GGGHHetttO's
gghhhEEttOiSSS
GhEttttoooAzzOOtuannn
ghhETTTTuuuiiizeee
GGGHHHEttttIazzziiid
GGGHHeeTtIIIEEEzzzuuSS
ggHeTTTTOIIZIINNgg
GhheetttttiS
GGHast
GGGHHEEESSTTT's
gghOOssTTTuddd
GGhhossstIIINNGGG
GGGhhhOsssTTLLLiAARR
GhhUUUssTTTLLIEsTTT
GGHHHoSSSTTTLaaakkkU
ggghesstlEEENNoSSSs
ggHHHIsTTTLINNNEEESSSSSS'ss
gggHooSSTTLLyyy
GGhhooosTs
ggHHiSTTTwriiTTTEE
GGGHHusTTTwRRitEEERRR
GHHHAsTTWWrrrottOOR'SS
GGGHosTTWWWrrutttErrrs
GHHooossttWWWrrriitASSS
gHoooSStWWWRRiitttONNNg
gghooosTTTwrrrAAAtTTTUUn
gHHHossttwwRRRoooTTEEE
ggHHHAAAOOLL
GGHoouuLLL'sss
GhhooUlliiSSShhh
GhhhoooaaallliishhLyyy
GGGheeeUULLLiiiSShnnnoosss
gggHHHooUUllliiisshhhnnasssss'SS
ggghhooEEEls
GGGhhyllll
gggIAANNNTT
GIIIInnnt'sss
ggIIAAANNNTEEssss
gggIiNNtttUUUsSS'SSS
GaOnnntttUSSsseeesss
gIIAANtIIIsm
GGIOnnntiiissmmmSSS
gggiiENNNTTKKIIILleerr
GGGoooAANTTTss
GGGAAAAaaARR
GGiiiBBB
GGGIBBBbbuuurr
ggIIIBBBBerrrEddd
gguubbBBeeRRRAANNNGGG
GiiBBBBEEErrriiSSSHH
GGibbBBBUUrrAAssHHH'S
gIbbbbbeRRRs
gIbbBBBeeTT
GGGaaabbbbbet's
GGGiiiBBBoTTEEEdd
GGGiiibBEEETTTAAAnnGGG
gggibBBEtsss
GGuuuBBBONN
GGGiiibbbboooNN'SSS
gggIIIbbBonnS
GGIIbbBBBoosssOOtIEEES
GiiBBBBUUUSIIITTTyyy
GEEEbbbbooouSSS
gaaaBBBoUsssllyy
gaaabbbbiiUSnnnuussS
GGGeeBBbbiiAAASSNNNeeeSsssES
gIIIbbbbssiitteee
GEbbbee
GGGuuBee'SSS
GabbbeeeDDD
GiiibERR
GGGiiBBBiiiS
GGGIBaaanGGG
GGGabIInnGGGllY
gggEEbbbllleeet
GeebbLUT's
GAAABBLLEEETs
gggiDD
gggaaaDDDddIIIurrr
ggUUUDDDDiiEESSTTT
gggIDDdIIIllYYY
ggADDDDAAnnnUUssSSS
GGGIIdddduuuNiiissss's
gidddYY
GGGIIe
GeFFFt
gggaaafffTTT'ss
ggEEEffTEEEdd
GGiftEEDNessss
ggiiifTTTIIInnnG
GGOOOftttsss
ggguuug
GiiiG'SSS
GGiiGGGIIboTT
GGGOOGGGaaBBiTT's
ggIIIggaaabbItttS
GGGUUggIIbyyyTTe
ggIIggibYYttta'SS
GiiGGaaBBByyyTTeeS
GGGIIgAAFFLLOOOPPS
GaaagggaaHeeRRtZZ
gIIIGihhERRRtttzzz'sss
GGiiiGGGAJUUUUUlllA
gIGGIIIjjEEEElooo'sss
gUUUgIjjjOilEs
gAAGaannnTEAnnn
GGIIgggEEENNNTTTIIccc
GiiGGAnTiiicccollllY
GGGAAgggAnnnttteesmm
GGiigAAAnnnTOOOSSSMMS
GGGIIggippIxeeeL
GGGiigggaaaPPoooXuuul'SS
GGGEGGGAAApaaxEELLLSS
gIIGGAwwUTt
GGiiiGGGIIIWAATTT'ss
GGiiiGEEEWWWAAAtttttS
gIgGEdd
GGiiiGGGGiiNNGGG
giGgllle
gggiiGGGllEE'ss
GGGiigggglEEdd
GGiiigGGLeRRR
ggiiGGGGGLLLeeRR's
ggAAGgLAAArsss
gggIGGgglllEEEsss
GIIIggGLAAUr
gIGGGllIeSTT
GGGiiiGGGGGGliNNGG
gggOOGgggLLLYY
GIgggUUULooo
ggAAGGGooolo'ss
ggiiiGOLLLoos
Giigggaattt
GGGAAAGottSSS
GEEEGGGS
gaguuee
giilbEErtt
gggiiiLLLbbberrtsss
gALLLd
ggooLLDDD'sss
GGIllDDeeDD
ggiiLLLDDDeerr
ggIIllddduuur's
GIlDEEERRss
GGGIIIlldddiiing
GGaaaLLDDDANNNggg's
GGGilllDDDss
GiiLGAAU
GGGUULLlll
gilLLL'S
GGIILLLlllAAADD
ggguuLLLllleeE
GiiiLLLllluuus
giiiLLLLLS
GGILlyflluuwwwerrr
gggULLLllyyyfflOwwwErrSSS
ggiiLTTT
GGiiillltt'SS
giiilTTTHHuuAddd
ggIIlltts
GGIIMMBAAALL
GiiimmmBBAALss
GimmmBBaaLLSSS'sss
ggIIImmcrraccckkk
GGiMMMCCCrrraaCCCkk'ss
GGOMMCCrraCCKEEERRY
gIIImmmCCRRiCCKKAARRRYYY'ss
ggOOmmccRRAACCkkks
gggiiiMMMall
GGImmEEElS
GGGuMMlEEtt
ggIIImmlllIIITTT'S
GGAAAmmllEEEtttooDDD
gIMMMllleeeTTAnnnGG
gggIImmLLLIIITTTSSS
gaammMaaaLLL
giiMMMMMe
GAAAMMMMee'SSS
ggooMMMmmeeeS
ggguMMMmmmIIICCCkkk
GGGEEMmICCKKK'ss
gggIMMMmmIIIccKryy
ggAAAmmmmIIcccKrrryy'SS
GGiiimmmmEEcks
ggeeMMMEECCkkYYY
gIMMpp
GGooomP'SS
gggOOOmmppeeeddd
gggAMMpIURRR
GGGiiimmpppiiiOOssTT
GGIImmppIING
GGGIIIMMMpss
GGGIIIMppyy
GGGinnn
GAn'SS
GGGiiinnGGIIRR
GGGIIINNNgggIIR'sss
GGuuuNNggoRRRbbrrrEEEadd
GGInnGGGAARRRbbrrroooAAdd'SS
GGIINNGeeeRRREddd
GeennngggERRiiNG
GiinnggUUrlllIIINuuSSsss
giiinnGEEERLLy
GGGIIINNGeerrrSS
ginnngaRsNNAAAP
GGGiiNNNgggoRRSSnnaapp'sss
GGINNNgggaaRRRsNNNuuPSSS
GaaannggooorrrYY
ggInnnGGGhEEMM
gggiinghhAmmm'S
ggoNNNGiLLLIII
GGaNNNgggiiVVa
GIIInnggiVUE
gggonnGGGIvvOOOTTTIISSS
gIINGIIIvvEEEtiiss'S
gOngkkkOO
GGGooonnnGGkAA's
gggiiinngggkuiiss
gggOnggKaSS
GiNNNglYYmUUS
gggiiNNgLYmmAses
GUnnkkk
GGAAnnnKKKGGGooo
GGGiiinkGGa'SS
GAAAnnKKKgiEs
gggiinnKKGGGOOss
ggooonnnNEEED
gEENNNiNNNGGG
gIInnnnnyy
ginORRRmooouSS
gUUnSS
GGGiinSSSOnnnGG
GGGiinSSSoooNNNggg'ss
gggiPP
GGeeePPPaaaNN
gUUPPPsIEEEss
gggeeepppSSSY
gggIIPSSSYYY's
guurraaaFFFFFee
GUUURaaffffEE's
ggirrrUFFFfoooSS
ggiiRaannnDIIlllU
ggiiRRRundddoLEEESS
GGIrAAAsiill
GerrraaaSSSaLLLS
GiiirD
gorrrddEEEDD
GGGiiRdddIRR
GGGiiirrDDDeeerr'ss
ggaaarDDiirs
GGGiirrrDiiNNggg
ggiiirrDDDllee
ggguuuRRDlEEE'sss
gggiiRRRDlleD
giiRRDDDLIRR
gggIIrrDLLLeSSS
GGIIIRRRDlIInnG
GGIIRRRddds
GIIIrll
gUUrl'ss
gerrLLffRRRUUonnD
giiirrllfffrrriiiOnnnDDD'S
ggiirrLffrreeeeNNNDDDSS
gURLhhhiiiEEED
GIIIRRlllhhOOOOd'SS
gggIRRlllHHHoooooDss
gggeerLLLIIII
gEERRLLLIEss
gggoooRRLLLossshh
GiiirrlIIISShhLLLYY
GIIrrrLLUUUssHHHnnnOOOssss
ggaarlliisshnnnESSSSS'S
GGGIIrLLs
GIIIRRLLY
ggiirrrO
GiiirrrOOS
GGIIROOOSSSOOOLL
gaarttt
gIIIrTTT's
gggirrTTEEd
GGiRRTThh
GGartth'sss
GGGIRRRTHHHsss
gErtUUnnGG
ggIrrrttsss
ggasEErMMEEE
gIIIsMMMa
GGGiiisMMOO'SS
geeeSSMOOsss
ggOsssT
guuuSSt'SS
gggIt
ggiiiTTTEEE
GGGaTeees
GGGETSSS
gggiittTeeernn
GGGeetttAArnS
GGivvvEE
ggiivvAAA'SS
GGEvveeIIWWWooYY
GGIIVVeeeaawaaaY's
GGIveeuwAAyys
gggIIIVVeBBAAcccKKK
GGIVVEEEBBBAAAcckk'sss
GuuuvAbbAcckkS
GGGIIIvvveeeNNN
ggAAAvvviiiNN'ss
GGiVVeens
GAAVVeRRR
gAAAVVVeeeRR'S
GGGIIIvvvEERss
GGuuvveees
gggIIIVVuuuNgg
GiivvinnngggSS
GGGOOOzzMoo
GeeezzmmmOO'ss
GGIIzzzMOS
GGiiZzzzIRddd
ggUUZZZZAAArdd'S
GGIIzzZZaRRRDss
ggLabeeeLLaaa
GLLeeeBBBRRaaatUU
GLLLaBBBRREEEscccEEEnnnTTT
GGlooBBRooIs
ggLIcOOOaaall
gLLaaaCCCAAolissst
GGlliCCCOOAALLllyyy
GlaCCCIIIattOOO
GGlIcciiOtttiidd
gglllAAACiaattEs
GGGloCaaaIttiiingg
gLLLaacccIIAATTiiiAANNN
GLLLaaaCUUUaaTTIIIOOONNN's
gllliCOaattiiUNNNsss
GGllaaaCuEEERRR
GlaaccceeER'SS
gggLLLECCiiOOrrS
GlliiCCCAAAOOOLLLOOOgggOOcccaall
GLLLAAccOOAAlllOgisssttt
ggLLLeecccuaaalllooGGISSSTs
GGGLLLACiOOOllaggYYY
GGGllacIIIsss
GGLLaaCCé
GlAAAcéaaaDDD
GllAAACCCéong
GGLLLAAACésss
gLAAd
GGGlaaaddd'sss
gLAAAdddDEENNN
GGLLUDDDDEEEnIDDD
GGGLLLIDDDDDOOninGG
GllaaaDDDDDIInnnS
GllADDDIIIR
GGGlAAAddesttt
GGGLAAADDEEE
GLLAdduuu'S
ggglAduuuSS
GGLaDeeeAAATTEE
GGGliiDDUatttEEErrr
glllAAAddiiiuuuTTOrr'ss
GlAADDDeeeAATTORRRUal
GGGLLLaadddiiAAtOOrSS
GGLudddIIuuLLA
gggLuuDDiIIILee'SS
ggglllIIDDOOOOLLAASSS
GGLLLADDDUOOOlII
GLAAADDDAAOOlllUsss
GGlludddOOoolllIIs'SS
GGGlooDDiiIIILLusses
GllaaadLLLYYY
ggLLLAADnnessS
GGGllaaadNNNeSSS'ss
GGLLLAdsss
GGGllUUDDSSuuuMMMeee
gggllOdddSSSommmeeelllyyy
GGGlllaaaDSSttOONNuu
gllaaadddSSStttiinesss
ggllaOOKoott
gggllIEEER
GGlAAAIIRRyyy
gglIiVVE
ggLuuum
GGLLaameRRR
GGGLLImOrrr'SSS
ggglllAmmooorrrEEDDD
ggglaammmIIIRenggg
gggllammOOORUZZeeetiON
GGGlliMUUURRIIZZZaatttIIIaaan'S
gggLLaaamiiRIIzzE
gLLLIImmmuurrizED
GGLLAAAmIRRReeeZEER
GLLaammmIRUZiis
gggllaMMMoooRROOzuNNGG
gLLLaaaMMMOOOrroIS
gglaaaMMMooruuuUUssslyy
ggLLLamOOOrouSSSnesss
GlleeeMMuuuRRRSS
gggllleeeMMMOuRR
ggloooMouuRRR'SSS
GLeeeMMMAAuuuRReeeDDD
ggllAAMMMoURRIINGGG
ggllAAMMoooUURRRIIziiiTTEuNNN
GGGLLAAAmooiRooZe
gglllAAMeeuuuREEZZIIdd
ggLLEEMOOooRRRiiiZZeeR
GGLLaaaMMOERRRizaSS
glImmmooUUUrezzINggg
gggLeeemmaaauuROUUUSS
gLLLaMMMOuurrSSS
gggllANNNcEE
ggLeNNNccE'SS
GLLuuuNNNCCCuuud
gggLLAAANCCCiiSS
ggLLiNNCinnG
gggLLAAnnncciiNGGLLY
gLLLANDD
ggLLaNNd'SS
gglaNNNdduuRRsss
gLLLandddaaasss
GLaNDS
gggLLAANDuuLAAr
ggllonndUULLLaRllY
gllIInndAAALLLE
ggLLINDulllooAss
GGGlllaaans
GlunSS'SSS
GGLLLaaRRRi
gggLaarEEE'S
GGGlllaaarOOOdd
GGGlllOORRReees
GlllIRRReeeerrr
GlllARROOOaastt
gggllarEEEnGGG
gllluuRRONNgglllyyy
GGGLLIIRRyyy
GGllEsnAAAssT
gLLLuuuSnnnOOSSttt'S
GGllEEESss
GlASSSs'SSS
gggLaSSbbLLoowwwEErrr
ggLLAAASSSSBBLLLooWIRRR'ss
GlAAASSSSSbbbLOwiiRRs
ggLLLAAAsssssbbLLLOwAnnnGG
GGGlIISSssbblllOOwiNNggg'SSS
gggllIIISSSSeDD
GGlllIIsSeSSS
gglllAAASSSSSFFFaalll
ggglllaaaSsffuuuL'sss
gggLLLaSsFFIIIlsss
GGGlllAAAsssSShhhOOOoSE
GLLASSSSHHHOOeeSSEESSS
GlleesssSSIIER
GGlllAAAsSSSieesst
GGGLLaassssIIIllyyy
gggLooossssssiNNEEE
GGLLLAsssSSiNUUsss
GLaaaSSSSSaannUUUSSSSS'SSS
gglllASsINNNG
gggLuuuSSssLLuuuSSS
GGLLLeeeSSsssMMMAn
glllAASSSSWIrrrII
gggLLeeesssssswwaaREEE'S
GGGllAsssSSSWWWAAArrkk
GGlaaaSSSSSSWWOOrkkkeeRRR
GGLLaaaSSssWWWEErrrKKEEERSSS
GlaaaSSswiiRRRKKKs
ggllAAASSWWerTTT
ggllaaSSSSWWWoRtSS
gggliiiSSSSSY
ggllluuuuuCCiscccuuNTT
glliiUUUCCCAAAMMMaa
gggllaaUCCeeemAA's
ggllAAAICCCiiiNIITTuuu
gggLLaUUConnnuuuteeeSS
ggglluuuuCIIIIIss
ggLLAZZZeee
GGllaaaZZZEE'ss
gglllAAAzzzedd
GGGllazzEERRR
glllaZZAArrrSSS
GGGLAAAzzaaS
gLLLUUUzzzaaaEER
GlllazzzuuOOORR'sss
ggLLEEEzzzIEEERSS
GGLLAAZZZaaUURRY
GLAAAzIINNGGG
GGGLLLiiiZInnGGG'SSS
gggllUUUIImmm
GLaaImm's
GGGLLoooAAmEEEDDD
gglleeiimUNNggg
GlEEEAMMaaaNNNGss
GLEaMMS
GlEEAAAmyyy
gLLLaaaaann
GLLLaaaAAAnnnibbLEE
glEEAANNNeddd
ggglleeaaaNNOOOr
gggLLEEEunnnEEr'SS
gLLEAnneeeRRS
GlllAaNiinggg
GLLEaNNNUUNgS
gggllEEannInnngss'ss
gggLLLeeeuuuNNNs
GlllEEEBBE
GGGlIBBBEEs
GGLLLEdE
GGLLUUUE
gLLLeeeI'S
GGGLIEffiilll
gLLeeeeefooolllyyy
GGGLLeeeeeFFFuulnnneeeSs
GLLLaaaiiiFFFoLLLNAssSS'SSS
ggLLEEiimooonnn
GGGLeeeEsssomeee
gglleOOt
GlooEtS
GGLannn
GGllooonnn'SS
GLUnnnGAAARRRRY
gllEnniiOD
ggllleeNNSS
GGlleyyy
GGGllaaaa
GGGLiiiAADDIINNN
ggllIIisss
GGGlleeBBB
ggLiiibbBEEErr
glIbbbbbeSSSttt
GGGllliiibLY
GGGLLIIIbbbnnnUsssss
GLLLIBBBNNNaass'SS
gLLAADDDeee
gglllidE's
gglllIIIdddeeDD
GGLLLIDDiiiR
ggglidOORRR'SSS
ggglllODEERRSS
gggllliiiDeess
GGGLLiiiDANgg
GGLLIIIdddEEnng'S
gLLiiM
ggLIIImmmEEERR
gggLLImmmmerr'SS
ggllAAAMMMEErED
gggLLLAAAMmmmUrraaNNgg
GGGLiiimmmmEEErrrUNg'ss
GGLLOMMMMMMEEEruuuNNGGGS
GllOOOMMMMEERRSSS
gggLLIImppSSo
ggLLOOOMMpppsee'SSS
GGGliiimmmPsseeeddd
GGGLImmPsOOSSS
GllliiiMMPPPSSSOOnnng
GGLLLiiiNtt
GLLLiiiNNtt'sss
GGGllINTTTEDDD
GGlliinTTIIINNGG
GLLinnTTs
gglloommEEE
GLaaaAAMMMOOOSS
gggLLiissAAdE
GGllUsssSSAAADeeDDD
ggllISSSSAAddeeeS
GllliiSSSSSaaadddiiiNGGG
ggllliisssAAAnndddEEE
ggLLLIIIsssaNNDDOO
GGLLLiiSsaaaNNNdddeee'ss
GGGliiiSssUUUNNDDoSSS
GllISSttEEEN
GllIIISTen'SSS
GGLLLeeeStttIIINNNeD
GlllIsssTaniiiNNggg
gLLLIIISSStttuuunsss
gggLLiiSSSTTeeeRR
gggllEEESSSttERRREDD
ggllliiSSStEEErrrinnngg
GGGliiiSStteeerSS
GGGlleeetcccHHH
ggglEtttchh'S
GlllItChhhes
GGLiiiTTchhhyyy
GLLLIITtttooorrr
GGllIITTTEEERR'ss
GLiiiTTTToraaTTTI
GLLLeeTTToRRRIIdd
GliiitttteeerrIING
ggLLLIIITTTtttIIIrrAnnggllyyy
GGGlllIIITTttterrss
gggLLLiiiTTTTTEEERyyy
GGLItzzz
ggLITzz'SS
GGGLLLAAAtttZZZiiiiiRRR
gLLLEttzUUIIIsssTTT
GLuuTTZilllyyy
gggLeeTTziinnEEEss
GGGLLiiitttzy
GGliiiiMM
GLoooAAMinGG
GGlooommmINGG'S
ggLLeeaamIIINNggs
ggLLLiiiiiTTT
ggglllooT'SSS
GGGlUUaTTTEEDDD
ggLoooiiitiiirr
GGGlOOaaatIIInnnGG
gggllloAATToNNNGGLyyy
GloooaaTSS
ggglllOObb
GGLLLOOB's
gggLuBBaalll
GLEBBaaLiSSmm
GlleeeBallIIssm'SS
GGlOBBAllleesssttt
GGllliiBBaaaLIIIst'sss
gLObbiillliiisstttsss
gLLLiBBAAllliiizzzoTiiiOnnn
ggglliBBBIILeeeZZAteeeIIInnn'ss
ggglllOOBBBAlluzzee
GGllAAbbAlizzzEEED
GGGLiibALUzISS
GLLuuubbiLLeziinnG
ggLLoobbaaallyy
GGGLObbOOOTee
gLLLobbbee
GLLooobEE'sss
GlllOOOBIIId
ggglllOOOBBBeeeFFFIsHH
ggglllObbeFFFLLLOOwAAR
gglooBBBEEEfffLLUwwweeerss
GGLLLEEEbbOsss
GllaabETTTrATT
GGGLLLUbATTRRROTtttoorrr
GGGllooobbbEEtRROttttEEErr'sss
GLLLEBBIttrooTtttaarrsss
gggLOOOBBBuuttRROOOttttIIINNNG
ggglllUbIgggERIINNNaaa
glleeebiiGGGeeRRInnnEEE
gggLLLIBBBin
GlOOObIIInSS
gggllooBBBOiiiD
GGlllooboSSSEEE
GLLLooobbbss
ggllooobbAlAAArrr
ggLLoballAAArrLLLY
ggglllaabeeelarrNNESSSS
ggglllEbbAAALLLAARNEEsseees
ggLLOOOBBUULE
gllaabbUULLLeee'ss
ggglIBBUUlOSSS
GLoobbboollluufUrrEEUUUss
gggllIIIbbUUllOOn
gllloooBUUleN'ss
GlOObbbuuullaaaUUUS
ggLOCCCHHHAAAdddIoottE
GGLLLoChhhiiddOOUUMMM
GlllOOCCkeeeNSppIeeel
gggllOOOCCKKoooNsPIIIUll'ss
GLiiiCCKKKEnSSpppeeuLLLsss
GLOmm
GGLUUMMMoooRRaaaTTO
GGLLammmEEraTTTuEEEnn
ggglllaaMMMERRuulleee
GLLomeerUULLLuuu
glOOmmmEEEruullloonnOOOPPhrrrIIITTIIDDeess
GLLOMMUUURRRulaaNNNuuuphhrrrItttisss
gggLOMEERRUUULLLiiiSSS
GlOOmmMMooDDD
ggllluuuMMmmmONGGG
gggLUMs
ggllOOIIImmm
gLLeeoM'SSS
ggLLLOoooMMiiiaaarr
GGGllloooooMIeessstt
GLIOmmmIIllYY
GLLEuummmIIIniisssss
gglAAOMMMeeNNNAASs's
GlleeeOmmUUnnnGGG
GGllOommmYYY
GGlloPP
ggllAAp'SS
ggLLLaaaPPUUUiiir
GGGllOOPPppEEeeeSt
gLLLoPPPPPYY
GLLLOrrrIEEED
GLorieeeSSS
GGllaaReefIccoottIoonn
gllOrrrifIICCuuuTTAaannn'SSS
glllooRRRiiffiieddd
GGLoorrrEEEFFaaaeeeRR
ggglllorUUFFFIIoooss
gLLLOrrEEFFyyy
ggLIrIIFFyyiNGG
ggglloRRRIUUUluu
GlarrrIIOOuus
glooRRRiiooiiissLLyy
gllOrriooAAASSSNNUUUsssSS
GGLLLiRRRY
gglOOOryy'SSS
GGllaaRYYYiiiNgg
GLOOssSS
gllOOOSSSSS's
glllUUSSSSaaa
glllosssAALL
gggLLLOOOSSSsOOOrrroALL
GGLLLoSssAArrrooaaaSSS
ggLOOOssssAArrry
gllleeeSSSSaaRYYY'SS
gglussssAAAS
GGGLLLooSSssaaatttorr
glleSSSSSEEEccTOOmmmyy
GGGlllOsssseeD
gggLLLEESSSSSEEMattIcss
gLLUUUssssUUMMMIII
gggllOssssAARRR
glOOOssSooosss
gllloosssssaaerrr
GGGLLIssssOEEs
ggLoooSSSSaiSSSt
gLoooSSSSSiiiLYY
ggglOOsSSOOOnaSSSSS
GGlllOOsssSSiinEESss'ss
ggLLLeesssIIngg
GGLiiiSSSIIIttiiSSS
ggLLLooossssiiiTTTUUUSESS
gLLOOOssSooGGrAAAPPPhhEER
GGGLLOOOSSssAggRRaaappHHYY
ggglassSSSOOOLLoLLIIIo
gllooSSSSIIlllaaaLuuaaa'SS
ggloSSSSooLLLAAALLLIIICCC
ggLAAssssssolllEEGY
GGGlOSSSssetttooomYYY
ggllAssSSSY
ggllluSSsssYY'ss
GGGLLEEEtttTTaaal
ggLLLItTTTALizIDDD
GGGLLOOTttac
GGlloTTtIIDDAsss
GLLOOOTTtttiiisss
GGLiiiTTTtUSS'SS
ggglloooTTttisssEEss
gggLeeTTTtttooCCChhhRRRoooNNOOOlllOOOGGGIIIaaaSS
GGlllUUUtTTOOcHHRoNooolloGGGYY
gLOOOTTTTTToooLigyyy
GLooovvE
gggLLeeVee'SS
gglluvvvUDDD
gLLLOOVErr
GLaVVaSS
glllEviNNNgg
GGlOOOW
GGGlOOOW'ss
GGGluWeeeDDD
GGLAWER
ggLOOOWeeer's
GGGlOOWErrrEEEDDD
gloooWWWeRRannnggg
glllaaaWeeerrInnGGGllyy
ggLLOWWWUrss
gggLOOwwwiiinggg
ggLOwInngglllY
ggllliiwwss
GGLLLowwwwwOOrrrMM
GllloWWWWEERRMMM'sss
GllowwWWWiirMMS
GGLooXXunnuo
GGGlOxxIIINNiiaas
gLLLUUzee
ggLuuCaaggOOn
GGLLuCCCeeGeNNNS
GGGLaaaccciiNNUmmm
GGlEciiNNeeeiiiGGaaNNNeSSesss
gglllUUUCCOOPPRRuTEEEUUNN
GGGLeecccoosE
ggglllUUUcccoossii'sss
GLLUccaSIddeee
GGGLLUUUceeSOOODDDoooSSS
GllluucEESUUUrrriia
GGGllAee
gloooUUU'ss
gggLLUUEDDD
GGGLLLUUIIIiNNggg
GGLLUuuuss
GGGlllAAiiy
gggLLooiiEErr
GGGlloiiieeSSt
gglllUUiinnnuSSSS
GLLLUUUaannnusssssesss
gLUUUiNGGG
gggLLLUUUm
GlllOOmE
gggllUUmmmIss
GGGLLiimmmLLYY
gglloooMMmmmuuRR
gggLLLemmmmeSTT
GLiiMNNEEEssSSS
GlUUUmNNESSs's
gLLLuuuoonnn
GLuuuOOnnnSS
ggluTT
gglEttt'ss
gglllUtttaMMMUtttUU
GGLLiiittoommmootttiiiSS
ggLLLEEETTAAmmmeeNEEE
GluTTTOOOmENNNEEEs
ggllOTiiiTHHHIAnnnAA
GlllIITiAAALLL
gLLiiiTIIIi
ggLLuuTuuLLLOOOnnn
ggLLuuuTEEELinnnSS
GGGLLuuTTIIInn
ggLLLUUTTuunnn'ss
GGGLLuuuttteNNeuss
gggLLLutteeUSS
GGlllUTIIINosiTUES
ggLLLaTTIIInnEESiTYYY
ggglUUUTTuunnIIuS
gggLaatttoooNooUUSSlllYYY
gllooTTAAANNNIIESnIsss
GGGLuttaannnOOOIIISNeessSSEES
ggglUTTTS
ggllAAAttttttUUUDDD
ggloottTInnnGGG
GGLLLuuTTTTOONNN
GGGllUTTTttinn'S
GGGllleeTTeenUUzzaa
glutTTaNIZZOOdd
ggllliiiTTTTUnnnIZZess
GGGLuutttTTTiiinnizeennngg
GLLLUUTTttENoooIIIs
GLUUUTToonnnOOOuuSllYYY
ggLLEEttInnnss
ggLLLUUUttttIIINY
GGLLUUTTTTOONNNYYY'ss
GGlyCeriiCC
GGGlyyyceeeRIIIdddooo
gLLLyycccarrrEEddAs
ggLycuuurrrINNN
ggLYYcceeerrrennn'SSS
ggllYcERRRIIInnnaaTEE
gLLYYYCCCEEROONe
ggllyyyceREEnEEE'sss
gggLLLyyyCCCerrIItee
glYcccAAROOll
GGGLLyyyCeeeRRReeell'S
gggLLLycurYYYL
gllyyycceeerrrYYLLSSS
gLLyciiNNNeee
GlyyycIIINNuuS
GGlyCCCoooGOOONNN
gggllyyycIIgggaN'S
gggLycUUUgggeNNNEEsiS
GGGllyycccooGGEEENiiiCCC
ggLLYYciiilll
GGGLLLyyyCUULSS
gglyyCCCollyySees
GGGlYYccciiiLyssOOS
ggllYYYccconIoooGGENNNAASSSIIIsss
GGlllyyycccIIIppRRoooTTuiiiN
gLLyyyccoooPPPRoottEAns
gLLYCOsiiddee
gggLYYYcccIIIssADDDEEEss
ggLLLYYccOOOSSSuRRiieee
ggLLLyyyoooxxxIIILLeeNNNIII
GGGLLLYPPPhh
GGGlllyyyPPheeCCC
GGGLYYppphooGRRRUUUpppHHy
GGGLYYPPPhhhSSS
ggLLLyypTToCCC
gLLYYPttticsss
ggllyPToDDOOnnnt
gLYYYPPPTTOOGGGrrrAppHHH
GLYYYPTTTuuGGRaPPPhhIIEEsss
GGGLYYYppptttIIIgggRRRApHHyyy
GGnURll
gNNNeerrll's
gggNarLLidd
GGGNNaaarrLLLiieeerrr
GGnnaaarrrLiiiOssttt
gggNNAAArLLLeeennGG
GnnnARlllss
ggnnaaaRRRlllYYY
gggnAAAsHHH
GGGNUUUSSShhh'S
GGGNAssHHeeddd
gggnnuuSShEss
ggNNNAshhhAAnGGG
ggnnnAAATTT
GGnnnaaaTT'SSS
GGGNAttcattchIIIRRR
GNNoooTTTcccaTccHHHERRRSSS
GGGNNNiitthiCC
ggnnneTTThhionn
gNNNaTThhooNiiC
GGnnnatttsss
GGnnnAAww
gggNNNAwwODD
GGGNaaaWWWiR
gNNNaaaweRRs
GNNiiwwwinggg
Gnniiiwwnn
ggNaaawwwSSS
GGNNeeeEESSS
GGGNeeeISss'SSS
GGGNNNAAcchhIII
GGGnomiii
GGnAAAME'S
GnnoooMMMeeeS
GGNNNOOOMIc
GGnuuuMAcILlllYY
GGGNNNoooMMMaasssHHH
GGNNNEEMMMAAN
GGnnnommmOOONiiCC
gggnnuummmooonnss
gNNIsuss
ggNooSSSiiSSS
GnnoSttIIccc
gggNNNosstuuucccOOOsssmm
ggNOSSStOOOCCCs
GNNNaToooBBBiiATOOOCCss
GGGnU
GGnnnuuu'S
gggnnEEES
gggoo
GGoo'SSS
GGGIA
ggIIoDDD
ggIAAddd'sss
ggoooAdAAD
GGAAAdiiinG
ggOOADDDSS
GEEAAALL
ggoooaaaLLL's
GGGOOOUllliiieee
GooIIIllliEE'SSS
GeeaaalliiiiiiS
GGOOOallKeAppeerr
GGaaAALkkkAAEEpuurrr'sss
gggoooAAALLLKKEEOOOpppErrrs
GGGoooEEllkkeeeaPAAANNGGG
GGGOOOaaLKeepppiiNNNggg'sss
gggOOALlllEEEsssss
gggAAaaalllmmUUUTHH
GooiillMMIUtHHss
GUUAAALppOOSSST
gggOULLPPooosT'SS
guuualllppooosssTTSSS
gooAALLss
GGGAAilllsCCirrrEr
goiiLsCARReeerrrS
GEEAAALLTaaaNNNdddERRR
GGGueellTTeeeNNNdddiRR'SSS
GOOuullltteeeNNdddeeeRRRSSS
gggoooAt
GGGooaT'S
ggEEEuuutteee
GGuuuUUUTTTEEA'S
GGooAATOOOuSSS
gaaauuttfffiiissshh
GGGUUUUUthEEErDDD
gggiooTTTHHHiiiRD'sss
GGGOOOaaaThaaarrDDDsss
gOOOaaTTUUUssH
ggOOOaaattts
gUoooTSSSBBOaaaRRD
GOaaaTTTsssbbbUAArrdddS
GGaaoTSKKIInnn
gggOOEtSSKiiiN'ss
GGGAeeTssskkUUNNNss
ggOOOOOTTTSSSaaccckeeRRR
ggaaEEETsssUUCCCKKurrrs
GGOOBB
gUB'SSS
GGOOOBoooNNggg
ggooobbbbeeedd
gOOBBBBIItt
GEEbbBEEEttt'ss
GGGubbbbetttsss
GGiiBbbbinG
GEEEBBBbbblllee
GIIbBlEEE's
GGGIIbbbBBBleed
gggOObbbBBBLLLAAdddIIgOOOK
GOBBbbLLedOGGGOiiKK'SS
gggOOObbbbbLOOOdddYYggOOoK
goobbbllEDDYgggoOOOKKK'ss
GGOOBBBBLLLEEERRR
ggOOBBBBBLUUURRR'ss
ggaBBbbbLooRRRsss
GGooBBBbLLeeesss
GGGaabbbbbllIINNggg
GGOOObbbIIeess
ggOOObbEEEoOddd
GGGUUBLLoooTTT
GGGOBLLLOOT'SS
ggEblAAAtttSS
GAbbbLLLiiNNN
GGoobbbliiNNN'SS
GooobLLEns
GGooBBooo
ggooobbsss
ggOBsMACCkkkEEddd
GIIbbbsttoooPPErrr
goBBBstUppPPPOOOrSSS
GaByy
ggOOdd
ggooDDD'SSS
ggaaaDDEEEWWWFFFILLL
GoodddcHHilDD
gUDDDCHHHeeellDD'S
gggOOdddchhhiiiLDDrrENNN
GGEEEDddaaamm
GGGooDDdddaammmEEDD
gUUdddDDDAAmmUt
GIIdDDoommmNNN
GaaaDDDDaaammnnneDD
GooDDdddAOgggHTTTEErrr
GGGOOOdDDeuGhhTTerrr'sss
ggOODDddAAAUUUGGHHTTTOOOrrrSSS
GODDDDESSSSS
gUDDDESSSSS'S
gggoodddESSSsseeeSS
ggOOODDFFFATHEErr
GGuuudfffoooThhURRR'SS
GGOODDffOOtttHHUUURRRsss
GoddfffIRRRssAAAKKennn
GGGOdhuuuAAAddd
GGAAADDDhhhiiAAAD'S
gOOODDDhhOOOODD
GooddHHooiiidd'SSS
GGGeeDLLLESSSSS
gggooDDDlAAsSlyy
gguuDDLLEsssnneSSss
ggooddlEssssnaSSSS'sss
GOOODllIIIEER
GGoDLLLIESSTTT
ggOOOdddllloKKKa
gODLLLAAAnnEEsssS
GGGOOOdddLInEESSSSS'S
GGoooDLLY
ggAAADMMAAAThheerr
gggoDDDMooTTHHHeeRRR'sss
ggoDmOTHHEERRRsss
ggEEDooowwwnn
gggeDDDooWns
gAAddppaaaREEENNTT
gggOODPPAAArrINNNttt'ss
GGGoDPPPirrraaNTTTs
GGooDDDrrrEoooNNN
GGoooddsss
gggoodddSEEEnndd
GGoDDDSSEnnnDD'ss
GooDsseeeNNDDSSS
GGoDsHeepp
GAAADDDsonn
GGGOOOdddSSON's
GGOODDsoNNS
GGODDDsppEaad
gIdwwwiiT
GoddWIITTTSSS
GGooeeR
goIIIrrr'S
GGOEEErrs
GGGOOeeSSS
gUUEEttthhhaaTTi
gUeTHeeetEES
gAAAFFFiiiR
GGGoFFFEEErrr'ss
goffIIIrrSS
GEEEFFFFAR
gIIfffErrrs
GogggGLEEE
GGuuugggggglE's
GGGIGGGGGLLeeDD
GGGOOGGGGllUUURR
ggOOGgggLLLoss
ggoooGGGGGLLAs'SS
ggiiiGGGgllloong
GEEgggGGLLLy
GGGOOOgggllleeett
GOEEEnnnGGG
goooINNGG'sss
GOOEEEnnGSS
GGoIITTAAARR
goooOOOTuR'sss
gggoETTTOOORRRS
GIEEttRoo
gooutttrU'SSS
GGOITTTRRREEESS
gggaaauuTrrooouSSS
GGGulllDDD
GGolllDDD'SSS
GGGiiLLdduuRRRNNN
gggooollDDAArrnnneed
GGEEllDbrrriiCkk
gEEELdbrIIcckk's
GGuuuLLLddbbRRRIIICCCkkAAd
ggOOOlllDDBrUUcccKKeR
gOlDbRRRUCkkkoRR'sss
ggoolDDDbbbrrIcKKKIIRRRs
gggaLdbbbRRRiiicKKKIIInngg
GGGUUUlllDDbbrrICCCKKKss
GGALLDCrrEEESSSt
gillDCCRRRuuuSSTTSS
GGOldddiNNN
GGGolDDDeeNNNUrr
GGoooLdeeennnessstt
GOOLLdeNNNeeYeee
GGGAAALddeennEEEyIs
ggOllDDDEENrrooddd
gggEEELLDDeeeNrrrEED'sss
GeLLddAAnSSIIIUUULL
GGoLLLdddeeennnsiiiiilsss
GoollDDDUyyA
gggAAALLDDDFIiiLd
GGOLLLDDfIIIuuuLDDsss
GGollldddFFIncHH
gooollldddFFFonnnCCChhh'S
GGGooolllDDDFIInnnccchhheeesss
GGGollDDFFFAsHHH
gaaLLdddffoSh'SSS
gggOOOlllDfffuuusHHUUss
gooollldddiiillocKs
GGElldddMMMinnooo
gOlllDDMMMIIINA'SS
gggIlldddmINNNoosss
gaaalddS
gELLLDDDSSSMoottthhh
gOLLLddSSmmmiiTTThhh'ss
GGGeeLLLdddSSSMMMITHHHss
GGGOllDDDsstOnii
GOOOlllDDsTuuunnnES
GGGoolDTTTHRReeeIIdd
gggilDtthhraoDS
gggaaaLLim
GGGEELLLeMS
ggOLLLF
gggOOOlllF'S
gggolffeeeDD
ggIllFFEErr
GGIIILLLFFFaaaRR'SSS
gOOOlllFFerSS
gggIIILFInGG
ggooLFFFINNNgggSS
GGOOOLFFsss
GUUUlllIIIuuRRD
GGGOOlllIEs
gggaLLLLLEEEWWooGGG
gggOOOLllliWWWogggs
gggoooLLlyy
GGGolllllyy'ss
ggommBBrrrooINNN
gggummmPPPHHISSSiiiSSS
gguummOOTTTaa
GOOOMUUtttES
goooNAADD
gOOOnaddd'ss
gONAAADAl
GGGOONNAAdIIIc
ggaNOddETTRRROOOPhUUUCCC
gggoooNaDITroPPHOOOn
ggoNNNuuudddooTTTriiPEEccc
GGGEEnAAADooottrrrOOOPPINN
gggIINNNiDDDEtttRRRopoonSSS
guuunnnAAADDsss
GGOONNDDDOOOLLE
GOONNDiiilllA'SSS
GOnnDDDOllaaaSSS
gOOONNNDDOLLIIIeeeRRR
GoooNDDDileIIrrr'sss
GGUNNDOOOlieeeRRSSS
gggOOONNNu
gENuuuNNNeeSSSS
GANNNiiiRR
ggOnEErrr'S
gONOrrrsss
GGOOnFFFaLLONN
gaaaNFulllaaaNNIIIOOr
gggOONNFAAnOOONN
GOONNNGG
gOOngg'SSS
gggooonGGAddd
GOONGGGuuNg
GGonGGGSSS
gggOnnIDDDOumm
geeennnIIFF
ggonnnifff
gggANAAAOOOmeeTEErr
GGooonnnAAEMMEETTTErsss
ggOnnnIONNN
GGGOOOnNNNAAA
gONoocoCCcAL
gggiiiNNOOccacccCII
gooonOOOcccoocccccess
goonoooCCyyytttAAA
Gonooopphhaaree
gggeeenEEERRRRhhOOiii
ggAANNIIRRRRRheeaaa'SSS
gooonnOOOrRHHHIIIAl
GoooNooRRRRHOOeAA
GGONNaRRRHHoooEEEUU'SSS
GGOONNNzzzO
GGGoooo
GIo'sss
GGAUBBBeeRR
gggOOooBaaarr'ss
GGOoBBBerrss
gggEEeeeDDD
gggaaaAAdd'sss
gggeeUUUDBBBYY
gggoooedbbbyyy'SS
gOoooDDDBByyEE
GGGiiOOddbyyyoo'SS
gggUUUOOOdddByyyUss
GGUooDBYSSS
gggoaaDHEEEUUrrTEEEdd
GiiiaddHHHeeaRtttEEDDDLy
GGGooaaaddHeeeARTTTeeDnneSSSSS
gggooooDHHHUUUmUUUrrEEdd
GuuueeeDDooo
GGoooooDDoooEEE'SSS
GooUdddIeeSS
ggoOOOdddIsshhh
gggoOOddlIaaR
GGGuOOdddLIIAASSTT
GGGAUddLINNNOOssS
GoooodlYYY
ggoooAAAddMEENNN
gggooAAdddNNNesssss
GGOOooDnaaSSSS'SSS
GGooOOddNNNeeGGGHtt
gggOOOoDSSS
GOOIDS'ss
gggAAAAAADDWWiFFeee
gggOOoddWWWILLLLLL
ggoooDWWWEEElllll'S
GeODDYYY
gggAAAODy's
gggOOOaayy
gggEAAAf
GGGOOIIIf'ss
ggUUUEEEFFbAllll
gguaaaFFbAALLLl'sss
GOOOOfffBAAALLlllss
gggAAAoFFFedd
GGGoUUffiIRR
GUUoFFFAEEEsssTTT
gOOOEFaaaLLYY
ggguoFFFEEENNEEEssss
gIOFFFeNeessSS'ss
goooFFOnnG
GGGOOoFFFS
GOOooofffYY
ggOOOOOgLLLieeeSS
GGGOOOOOOggglllyy
gOOiGGGAALLL
GIigIlllPPLLLEEX
GGooooooeOOOr
goooUOOEESTT
GGOOOiiKK
Goooookkk'sss
GIIEkks
gggoooaaaNN
GGAAOOn'sss
gggUUUooNNSSS
GGOAAAP
ggeeeUUUpp's
GGGOOOAAASSuuunnDDORRR
GGooUUSSANderrS
GGOOSSSE
GGaaoSSEEE'S
gOOossebbeeeRRrriiiiiss
ggoooIIsseeeBBEERrYY
ggoooSSiibbEERRrYY'S
gggOUUUSEBBBommPPPss
GOooossiiibummmpppS'SSS
GEEosssIId
gOUUSSSAAFiiiSSh
GooouuuSSUUUffleeeSSSHH
GGGOOooosssuuufffLLEEEssh'sss
GaaOOssuuuFooOOT
gOOOOSSoFFoOOtttSSS
GGaaOOOSegoGG
GGGaaOSSSAHAAArd
goooOsseeeNNNuuucck
GooooSenneeeCCKKKood
GGOiSSSANNeeeCCkSS
gooUUSSoSSS
GGGOOOeeSasssTTAAAp
goEEEssEEESSStttEEEpppEEdd
GAOSSEssstOPPPpAAnngg
GGGAAooSUSTeePPsss
GGGOOOAAASSSooEEr
gOOOSSSiiiuuuSSStt
gggOOOuuuSSSIIINNNggg
GGGooAAAsyy
guuuPPakkk
GGGIPPPHiiirr
GGGoPPPHHHErr'SS
GGoPPhhheeeRRRss
GOPPhhAAARWWWooooD
ggOppphhiiirWuoDs
GGGooorrraaaLL
GuuuRRRiiLLLsss
GGaaaRRRblliiiMMMUUyyy
goRCUUcccK
GGeRRe
ggOORRRI's
GGOOOrriiDDD
GGooriS
GGGIrrrGGGE
GGOrgoo'ss
GIrGGEEdd
giiirggIuuEEEsss
GOORgggiOOuSLLy
GoooRRRGGGeeuuuEESSnnOSSSSS
GGooorrrgggEEOiSSSnnnEEEssSS'SSS
ggOOrGeeerrronnn
GGGOOrrGeRINSSS
GoRggeeess
gorrrGEETT
ggoRRgggUtS
GGaaRRRGGIIInnnggg
ggOORGGGun
GGoorrrgOONNN'S
GGOOORRRGoNeeiion
gorrggooNss
GOORRiuuurrr
ggeeeRRIIeeeSTTT
GGoorIIIllllllaa
gorOLLA'sss
ggguurrrIIIlLEEsss
GooRELLLY
GeRRIIneesss
gggAAArrriNEEESS'SSS
ggUURENGGG
GOOOrrMMAAANNNDD
gOORRMANNDDDiisssm
gooRMOOOnnnDDDiiizee
ggORmmaNNNdIIIZZED
gggooRRRmmmaaannnddeZZiiiRRR
ggEEErrMMooNNNDDiZaarrr'SSS
GOORRRmmUUnDDiiiZZERRRss
GGooorrrmaNddozEs
gEEERmmmuNNNdddoozzoonnnggg
gggEEERRmLEESSSss
giiiRRMMleessssssllyyy
gOORRMMLLLesssSSNNEEESss
gggorppp
GOrrpp'SSS
gggiiRRsseee
GGGOrrrSSSo's
GGEErrry
GGosssHHH
GGGuuusHEEWWWKK
gggOSSHHAWWK'sss
giiisssHAAAWWWKKKsss
GiSLLLiiiNNNGG
gggUUsslIINgg'ss
gggeeesLIIINNgs
GoooSSppEEL
gOOspppEEll'SS
GGiispoolllsss
GGissPPPooodIn
GGGEEEspaaartt
gOOsssSAAmmmEEERR
GGGoossssAAAmeRRR's
ggOSSSAAmmerYY
gggOOOsSooop
ggOOOssSSSAAAP's
GIISssiiipEEdd
GGuusssSEEEppUUrr
GOOOssssiippaarrr'SS
ggossiPPErrrsss
GGGiiSSIPPPiinnnG
gggaasssSSSIIIpMOONNNGGerrr
ggossssiiPpppuuuddd
gggosssSIIIpppppIIIng
giissssssOPPPrry
GGOssSoPPSS
GGosssssapppyy
ggiSSSSaoonnn
GGuuTT
GGotttcccHO
gggottHHH
gggAtttHHOOOC
ggaaattHHSS
GGotttttA
GGGITTTEEEN
GEEIIiiiCCHHHE
GGAAAUUOCCCHHEEES
GGuuuGGGUUU
gggoUUUgEE's
GoooUUUgggED
ggIuuuGerrr
GGGOOOuGGGORRR's
GUUUuguuRRss
Giuuuggasss
Goouggginnngg
ggIuuuLLLAASSSHH
GouuuLLLeessHH'SS
ggOOOuuulUUUSSShheeeSS
gAAIIIrrrOOmii
ggOOOOOrrdd
giURRRDDD'sss
gOIIIRdddoo
ggooourrddduuu'S
gUUUurddeSSS
gaURRRDDS
ggouuuRRMMMANDD
gIIURmmIndd'ss
ggooUURMMAAANNNDDDozzoo
GGGAAoRmmooNdddss
ggOOUUUrMMEttt
GoEErrmmmeeeT'SSS
GGUUUrrMMiiitSSS
Gouuuttt
gggOUUT'sss
gouuutAAAERR
GGGOOOATTTUUUSSTT
GGoooUUUttiNNNUUUssSS
GGEEEaaatttwwEEEEED
gggAAUUUtty
gggUvvEEERRRn
gooVirrrNNNAAABBLLeee
guuvEERRnnnaNCCCEEE
GooovoooRRnnannnccceee'S
ggEEEVVeeeRRnnnadd
GevvvERRRnnESSSS
gggOOOvEEERNNNOOssss's
gggOVeerNNuuSSSSSIIS
GGoovvveeerrnnnIIInnnGG
GGGeeveeeRRnnmmEENNTT
ggOOVERNMMeNt'sss
GGOVVeerrrnnnMMMenttteeel
gooovvvaaRNNmmmonttaallllYYY
goooVVeeRnnmEEnTTSS
gggooVUUrNNooR
gggOvUUURnniR'ss
GGOverNNNUUrS
GoooVVVEERnuurrrShhaPPP
gooovvveeeRRRNoRShhIIpp'sss
gggOOOVeeeRnnoooRSShIIIpppS
ggoovvUUURNss
gggoowwwoonn
gooWK
ggOOOWWnnn
GGGoWWNNN'S
gIwwnEdd
ggoWnInnnggg
gggOOOwNNss
gEWNssMMMAAn
gggooyy
gguuyyyim
GGeeYiiSSH
gOYYYS
gggRIb
GGGrrrEEb'ss
gRRRoBBbbbEd
gRReebbbbbeeer
grrAAABbeeRR'SS
GREEEbbbBBBAAARRRS
gggRRRaaaBBBbbeeEErr
gggRRROOOBBBbbIIESSStt
GGrrAABBbbUUUnnnG
GRRAAAbbbbbbLLE
GGGrraBByyy
ggRRRaaabeen
ggRRAAAbbbSSS
GGGrAAAcE
GGRAAcccoo'ss
GGGRRaaaCCCaadd
ggRRRaaCCCEfaLL
gggrraaCCCeeffaaLLLLLYY
grrraaacccEEEFFFAAALNessss
GGGrrUUccEEfffoLLLNeessss'S
GRRRUUUCCCeeeLLeeessssss
ggRRRACaaaLLLaasssslllY
GriiicEllleeSSNNEESSs
GGGReeecceLuuSSSSSnnnUUUSSSS'ss
GGGRRaCCess
ggRRaCCIILLLEEE
graaCCCiinnGGG
ggrrrAACiiiaaaSSSe
gggRRRaaaCuuoooEEsss
GGrrrAAAcaaiiUsssLLLy
GGRRUUUcUUiiOsssnooSSsss
GGRRRACCCuuuoooiiisssNEEEsssSS'S
GGGRAcckLLLEE
GGGRRROOccKKKLEEE'S
ggRREEEccKKllUUs
gRRaad
GGRRRAAAdd'ss
GrruuDUUUBllee
ggrrrAAAdddITTTE
gggRRRAdiiitood
grrraaadddUUUtEEs
gggRRIIdaaaTTEEEM
GGrruuuDDDuuuTTTIINNg
ggraaDDDAATTTIIIaaannn
GGrrraaddiittIIooon'sss
gRAAAdaaatttEEenuuuLLL
GGRRRaadAAAttteeeeennAALLllyyy
ggrrraadetttiiiNS
GGrEEEddEE
gggruuDDDee'S
grrrAADDuuDD
GraaDDDeLyyy
GGGrrraDERR
ggrUUUdddEErr'sss
GGGRaDIIIRss
GrrooDDDeees
GRaadiiiaaaNttt
ggrrAADDEeeNNNTT'sss
GGGRaDAAAEENTS
gRRadddiin
grrraaDDDiiNNggg
GGGRuuDsss
gggRRadddUEll
ggRRRAdddAaLLaassM
grrraadddUUUEEELLIISMMM'SS
GGGRRAADOOElaassTT
gggRRAADDDUUIIlllLLLyyy
GGGrreeDDOOalNNAsssSSS
GGrADDDEEEAAlNNEEsssss'ss
GGGRRRAddUUUuuunndd
gggRADDDUUaannndss
GGGRRRaddUUUooTTTE
grrraaDDDiiiatA's
gggrrraaduETTuuDDD
gggRAAdddAaaaTOOOss
ggRRROODDooUUUTINggg
ggrrAAADUUUUtttiiooNN
GGrrAAdddUUUOOTiioNNN'S
GGGrrrAAADDUoTEEEAANNs
GGrrrADDDUUAAATOOOr
GGRAADDDUSS
GGGRAAFFFfiiTA
grrrAfffFFIITTuuuSST
GGGrrAAAfffffIIITTTo
GGGrrraaFFfffuuTooo's
GrrEFTT
GGGrrrUUFt's
GGRRRIFTeeedd
grrrAAAfttEEr
GriiiFttor'sss
GrAAAfffTIIRsss
ggrrrIfffTiiiNNg
grriFTTTiinnngs
GGrrifffTTTSS
GrUUHHHAAMMM
ggRaaaHamS
ggRRaaaoLLL
gRRRIuuLSS
gggRRRAAIInn
ggRaain'SSS
GRUUUIIInEEddd
gggRRiiiiiiNNNFiiieeelllD
GGRRAanfffUUElldSSS
grAAIINNNIIIIIrrr
grrAAAANioostt
GGrraaUUUnnaaannness
GGGRRAAAaaannINNEESSSs'S
GGGrrrAAINNNss
GGGRRRooUNNNy
ggRRRELLLaaattooorrrEAALLL
gRRRaamm
GRIm'SSS
GRRUMMAArYYaa
GGGrrrAAMMMAAARRRCYY
GGrrrAmmACCADiinn
GGGrrraaammIIICCCiiiddIIInSS
GGRRRiiimmmeennaaAuSSS
GGGrrAAAmmmoooNNNiivEErraaUS
grOMMMeeeLLLOOOGGGOE
grrrAAAMMMMAr
GGGrrrammmMMAArrr'S
GrrAAMMMMAAARRIaNNN
GGGrrAAAMmmuurrIIAAN'SSS
gggRRAMMMMaarrIIANNs
grrEEMMMMiRRs
gggRRemmaTIIcAAAl
GGGRRRemMMuuuTeccaaallllyy
ggrrrIIIMMOOOpppHeNNeee
grUUUMMuPHHiiNe'SS
grAAMMMiiPPPHiNNooSS
grOmmmppss
gggRRAAAMMpUUss
gRRaaMpppuuss'S
GGGrEEMppOOSisss
ggREEEmmms
GGRRENNN
GGGRRRoooNNNADDDiiLLe
GRRRAAnnaDILLLllles
GRRInnaaaRRRUUEES
GGGrrraaaNErrY
GGrriNNaarYYY's
GRRRinnD
GRRRinDD'ss
GGGRRaaaNdaaaDD
gggrrruuunDDaaDDD'S
grrrUUNNNdddAAADDss
GRRAnnDAAAm
gRRoNDuum'SSS
GGrrroooNNddImmuu
GGGRRAAANNNdddOOms
gggRRAAnnnDDaaaUUnnT
gRRRaanndddaaaEEnnnTT'SS
GGrrrANNNDeeeAntttsss
GGRRRooNNNdCCCHHiiilldd
gggRRReeeNdddCChilDD's
GGGrrraaaNNDCHHOOllddRREEENNN
GRRAAAnnnDDdiiiddd
GrriiinDDddaaddd'sss
ggRRAAAnnndDDAAADdddIIuus
GGGrruuuNNDDDddaddddyy
GGGRRRoonDDDDAddddddYYY's
ggrrrUNNdddDAAADs
gggrrriiinnddddAAAiigghtteeeR
GRRRAAnnnDDDdddoouGGGhhToor's
granDDDddauughhhTTTaRs
gggRRUUndeeEEE
gggriiinndIIIEEE'ss
grrEENNNDDDeEEEss
gRRRAAAnnDDDaaar
gRRRANNdESSTTT
gggRUUnnndddaaURR
GRRaaNNNDiiUrr'ss
ggrAnDFFAtttHeerr
GRRanDDFFFAAATHuuuRR's
GGRaaandddFaaTTHHEEriiDDD
gggrrraaandFAtHHeeerUNNNGGG
GGreeenDDDffaaTThhOrrlllyyy
ggrrooNNNddffAATThhhooRRS
GGraaannDDuuuLLLiiiquuueeennCCCeee
GrrrUUUNDDuLLLooQQUUUAAAnnCCCOOO'ss
gggRRRIInDDDIIILLuuuqqqiiOOnT
GGGrAAANNNDDDILLLoQQAeeNNtLLY
GGrrruuuNDIIUUsssiii
gggRRRuuuNDDIOOOSSSuulY
gRRRAnnnddiiEEEsAAAnnuusSSS
GGGRRIIINNNDeeESSSIIty
ggReennDOOOiiSSiiiTy'sss
ggrrroNNNDuuuEESSOOO
GGRRannDlyyy
ggRinDDDmmA
GGRRAnndddmma's
ggrrANNDDDmmAmmmmii
ggreeennDDmmmUUUSS
gggraandmmoosTTiRRR
ggRRaaNNdmmmoSStttIIRRSSS
GGGRRaannDmIIttthheerrr
graNNNDDMMMoTTHHEEERR's
grrOndddmmmeeeThhheerLLLyy
ggrrraaaNNDDDmmoooTTHHIIrrss
ggrrAnnDDDNNNePPhhEEEWW
GGRaNDDDnnnUUppphheeeWWW'SSS
GGGrrroonnDnnnEEEPHHHUwS
GGGRRandddNNNOOOSSS
GGROOOnDNNEEEssSSS'S
GRRRennDNIIaaaCCee
grrraNNdnnEEiiicceee'SS
grIInDDDNIoocEEESSS
GGGRUnDPPuuu
ggRRRaaNNNDDDppAAA'SSS
GGGRRennDDpaaPPuuu
GRRIINDDpppaaRRRenT
gRRAAnDDDPPaaaRREENNt'ss
gRoonndpEEErrrAANTs
GrrreenDpppaaas
ggRRRooonnDss
ggrrUUnDDsiiRuuu
GGGRAndddsssOOn
ggrrraaandsun'SSS
GrrraandssEnnSSS
GGGRRRenDSSSTAANNNddd
GRUNDsstInDDD'SSS
gRRANNDStttaNNDDDaaD
GGGRRANNNDDSTTaaaNNNdddeerrr
gggRRREEENNNddSSSTTaaaNNDDDoooNNNG
GGrondddsssttennnDDDsss
gggraanddAAAnnnCCLooo
GGGrrrAAAnnnddUUnnncccLEE'sss
GGRaNNNdIInccLLeeSSS
GGRaaaNNGGEE
GGGRAnGGuu'SSS
gRRuuunnnGEERR
grrrAANNgUUURRiZEE
GGGRannGGGeRS
ggrrrunnggiiSSS
GGrraNNItttO
ggRunUTTUU's
grannneeeTESSS
grruunnnOOTTuuuwwwOORRe
gggrrooNNNiteWWAArISSS
GGGRInnnitIC
GGGrrrUNNiittiiTTTeee
ggrrreeNIIITTOOOAAdd
gRRAnUUvvOORRoooosss
greeeNNNnIIEEE
GGrrONNNNNNiEEE'SSS
gRRRaaannnnIIIees
GRAAANNnnYY
GGRRAANNNNNNY'ss
gggrAAnneLA
gRRRaaannnoLLaaa's
gggRUNIIppphhyyyRRRee
gggrrreennnSSS
GrrrAAnnTT
grrrANNNttt'SSS
GrrAnTEEEDDD
gRRRuunnTEEEee
grraNtiiEEE'SS
GGGrreeenntEEeSSS
grrIINNNTTTER
gRAANNTeRRR'sss
GGRRAAnnntAARRs
gRRIIINNNTTaaannnG
gggRUUNTORR
ggRRiiinttoooRR'S
ggRRRaaaNTTTUUrs
grAnnntSS
GRuunnntssmmmUnnnSSHHeppp
GGGrrraNNNTSSMMaNNSShOP'ss
GGrrrUUnnUULAAARRR
GGGrraannniiiLLARRIIITTyy
gRRiiiNNiiLLLaaRIIIttYY'SS
GGGRRRaannnELLLuttE
ggrAANuuullOOttteeeD
gggRUNUULatteeesss
GGGrraanOllAAAtIInnnG
gggrrrannnUllaTTUUUUUUNN
GGGRannuLLLeeeTAAAinn'ss
GGGRROnULLLaaatttiivEEE
GGGrannniiilUU
gRRAnnoooLLAAA'ss
gggRRREEnnnULEEEss
GGGRRRinnnUUULLLeeette
GGGRRaannULLiiicccYYtttiii
GraaNNEEELLOCCCyyytttEESS
gggrAAnnnUULLOOOMMMA
GGGrEEnuuuLLLOOOmiiiss
GGRRaaNNuLLIIIsseee
gRaaapAAA
gRRRaaaPI'sss
ggRIIIppEFFrrruuUUUttt
gruuppEEEfrrruit'SSS
gggRRRAAPPaFrrrUittSSS
GGrUUUpppEEERRRyyy
GGGRaaapEss
GGrrIIPPPEsHHOOOt
graaaPoooSSSHHoooTT'ss
ggRRaaaPPUUvIIInEEE
ggRRaaPEEEVVVINNNe'SS
GRaPPEEvInnUUUSSS
gggrrEpph
Grapph'S
gggRRRAAPHEEDD
grrraaPPHEMEE
gggrEEPPPHHOOmISS
GRRRUpppHHEEEmmoCCCSSS
GGGrrappphhhUCC
ggRRaaapppHIIC'ss
gRRRiiPPPhhAAcccaall
GrrrAAphhEcccOlllly
gggRRAAAPPPhhuuuccNNNEESSSsss
GGGRRaPPPhuuCCCS
gggRRRApppHHHinGGG
gggRRapHHiiitttII
ggrrrAApHHittaaa'SS
GGGrraaapppHHHITTOOOCCC
GRAAPhhhAAAttIzU
GGRREEEpppHHHiLLLOOOgiiiCCaaLLL
GGrrrAAApphhhIIILEggIIISStt
GGrrraappHoLogiSTTT'S
GGGRaaaphhOOOlloooggguSttts
gggrrraaapphoLaaagYY
gggrrruPPhhAAllluuugggYYY'ss
GGGrUUUPPHHOOOMOtttIRR
grIPHHss
GRRRaaaPPPneLL
gggRRiiipNIIIlll's
grrrAAPPNNNEELLLsss
gggRRRappppII
gggrrrAApppppoSSS
GGrrapPPLLee
gRRAAPPllEE'ss
GGGraaaPPPpppleedd
grraaaPPPPPPLLLeeeR
GrrriPPPppplEERRs
ggROPPPppLEEEsss
ggRRREEEPPPppLLoooNNNGGG
gggrrraPPPPPlllIIInGGSSS
ggrrAAPPTEEEllAAAToo
Grossp
gggRaSSSpp'SSS
GGRRaaSSSPPPAAbLLLa
grrroooSSpEDDD
GGGRRRIISSPAAARR
GGGrAAASSSpINNNGG
GGRRASSpppunnnGGLLLyyy
GRRasssppS
grraaaSs
gRRaasssss'ss
ggRIssssseed
grruusSSSIIIs
gggRRREESSsHAAPPPppAAArr
GGrrrUssssHHHOOpppPPPeeeRRR'sss
ggrrrAAsssshhoooPPppOORSSS
GGGRRROOOssSeeR
ggRuuuSSSSiiieeeSSSTTT
ggRRRaaaSSssOOnngg
ggrraaaSSSsLLOOONDD
GRRRuuuSSsLeennddd'SSS
GGRAssssLLaNNNdddss
gggRReeesSSSppllloot
gggRRAAASSSsqqqUitt
grASSSSSSrrroooTTSSS
gRReeesssY
GGRoote
gRRRoooTTTe'S
ggRRREttteeeDD
GGRRRaaaTTTeeefUUL
GGroTTEEFoooLLLYYY
ggrrrOOttteFUUllNNEEEsSS
GGRRREETTeeeFFallnnEEsssss'ss
ggrraaaTTTUUrrr
grrrEEETAAAr'SS
GGrraaaTTUrss
GrAAATTTiiiSSS
ggrratttAAAccAAALLeee
GGrrETTocccULoss
GGRRAATTTiFFFICCuuTIIIEEEn
ggRAtttIIFFiCCaatttOOOOnn's
GRRIIIteeFFAAACAAATiOOOnnsss
GGRReeetttaaffiUUDDD
gggRutAAAFoeer
gRATTTiFFFiiESSS
GGReeetttIIIfffY
gggrUtiiFFFYYYiNNgg
ggRiiiTTTufffyyINNNGGGLYY
grEtIIn
grraaaTTiiinGGG
GRatuNNNGG'S
gRRaTTTiiiNGGLY
gggRUtttiiiNNNGGSS
GGRaaTTTINNS
GrrAAtttIIISS
GGRAAAtttItaadEE
gggRRATTutuudaaa'S
GRRRaaTUUUoootIIEss
GrratuuuiitttoUUsss
GGrrrAtttEEIItaaaassLLyyy
GGRRRAAAtuuuItoouuuSSNNNoSSsss
grrrATTTiiEEEtooouusNNeeesSS'ss
gRRRAAAttuuuAAAtttyyy
ggrrrAAAttUUUeeetttYYY'ss
GGGRRRiiTTullaaannnTT
ggRAATuLLLaTe
GraTTUlOOtaoonnn
gRRRaaUUUPPPeel
gggrrraavvvuuumaan
gggRiiiVVVAmEENNN'sss
GGRRAAVVaaaMMeeennS
ggrrrUVVooommOnAA
ggRRaaavvEEE
gggrraavvvi's
grrEEVVeecclOOOTHHHeeSS
grrraaavud
gROOOvvEEEdOOggGGOOOrr
gggRiiivEdddeggggooorrr'ss
gggrrAvvvEEEDDaaaGGGggARSS
GGrraavvvEEL
GGGRRReevvvEEEll'SS
graaavvveeellEd
GGGrrEvvEEELLOOONNNGGG
GGGRRaVVeLllEEdd
gggRROOvvUULLLlluuNNGGG
gggrrrAAveeLLLlYYY
ggRaaVVOOOlSSS
gggRRRaVVVEELLLYY
GGRRRaaaVVVeeeNN
ggrrAveeennnEEEsssSSS
ggrrAAAvuuunnneeeSSss'SSS
grrrEEvvaaarrr
GrrEEvvEs
gggRRaVVVeeeSIIIdaaa
GGGRRRAvvveSSiDeee'SSS
gggrrravAsseeeDEEES
gggrrraveessT
gggRAVUssTOOOneee
GGGrrAVVVESSSTTaannneee'SS
ggRRRiiivvoSSTUUneess
gggrrraVVEYYYEErrdd
grrruuViiyarrrD'sss
GGRRROOOvvUUUyyOOOrrrdddSSS
GGGrrrAAAVVVoD
GrravvuuDDDiteeeEEESSS
ggrrraaVIIIdIIttY
gggrraaViAAss
GrUUUvOmmituuurr
GRRUUUVVVaMMeeetiRR'sss
GGRRRAVIImmuutttERsss
GrrrIvUUMMEEETTRiiiCCC
GGReeeVVVIIMMMEEEtttrrriiCCAAl
ggReViimmmUtttrrrOOOccuuuLLly
GGRRAAAvIINNNGGG
ggrraaavvveeettAAS
ggRovvvitttAttIII
ggrrAVVViiittaaaTUUDD
GGRAAAveettater
gggRRAvvOOTaTTeeeSS
gggrrraavETTAttAAANNgg
gRAAAvvitAToENNN
GRRRaaaVVIIItttaaatttIIIoon's
gggRRaaVVIIIttOOTIIoonnoLL
ggrriVItatttIIIuNNAAALLLLyy
gRaaavvvataTTTiiivvveee
GGrrAAVaaatttuees
griiVUUttooonn
GrrAvvvIIttOOnnss
ggrravvvITy
gggrrrAAVVVIIITTTYYY'ss
GGrrAAAvvvoorroo
ggrrriivvvURRRUUSS
GrrrIIIvY
GGRRREVy'SS
GGGrrAAAYY
GGRaay'S
GGrrUUyyBBuckk
gROYYYBBBiicckkSS
GRRRuuuYYBBBEEEARRRDD
GRRoooYbooaaRRDD'S
gRIybbbeeIIrrrddS
gggRaayyyuuuDDD
GGRRRAAyyyUrr
gRRRAAyyeeSST
ggrrrOYUNGGG
gggRRUUYYYiish
GGraaYYLUNNNGGG
GrraaaYYnEESSSSS
ggraYNNaasssS's
gggrAAYsss
GGGRRIzEE
grrAAZZE'ss
GGRRRaazEd
GGGraZIIrrr
ggrraaazeeeRRR's
gggRAAAZZEEErrrSSS
GrrEEziSS
GGRRAAZZZIIeeeRR
GGGrraaaZZZuuiirrs
GRazzziiiNNGGG
GGRIIIzziinngss
ggrrrEoooSSSEE
gggrrEEEaaaSSSIII'SS
grreeeaasEEEbbaaLLLl
gggREeeeSSSeebaaallllsss
gggrrOaasssEEd
grrrAAAaaaSSiiLLAsssSSS
GGGRREOsseeePPaaaIIINt
ggreeeuuusseeePiiiinnTT'sss
gRiaSSSepRRROOOiiif
GGGrroOOOSerr
GGRRREASSeeerSSS
gggrraiiisAAs
GrrEEEaaaSSSewwUUuuDD
ggRRREEassiWWoooUUdddSSS
grrreeASSSIAAArrr
grriiieessiiiEsT
GGRRoouSSSIIlly
GGGrrrEeSSSIINAsssSSS
gggRRIIAAASSSIIInnUSSSSS'sss
gRuuAAASUNNggg
GRAasssyyy
grrrEEEUt
GGRREEaT'SSS
gggRRROOOutcOOiittt
GGrrraaaAtttccAAaat'sss
grrrIIOOTCCoooaattSSS
GRREEAATTiiinn
greeeeteeRRR
GrrreeAAAtEst
GGrrreeaaThhheeeaaRRTuDD
gRRREEUUUttLLy
GGREEEAAATnnnESss
GGrEEUUUTTTnnnIssssss'sss
GGReeeEEttSS
grEEEaaaVVVeee
GGrrruuOOOVess
ggrrrEEEBe
ggRReBBBE'ss
GGREBBBeeSS
GGRuuuEE
GGrrreeeeeD
gRRRAOODD's
gggrrriiuddiieerrr
grreeeddduessttt
GGGReeeEEEDDDuuLy
grrEEDDDiiNNNuuussss
GrreeeAAADDDaannneesss'SSS
gggrUOddY
GGrIegRRUUaaa
GGGRRooEEgggRReESSS
GGGrEEEeeNNN
grrrouuuNNN'SS
GGGRRREannbbbOOCCCKKK
GGRRReEEnBaaccKKK'ss
GGrEEENboooccckSSS
GGGrrAAAeeeNNBBiilTTT
GGGRROOOeeNBeLLLt'sss
GGGrraennnBAAlttsss
gggRReIIINbbbraUUr
ggRRiaaaNNNBrrrooeeerrs
ggRRROOuNNNOOOddd
Grreeenneeer
GGGROOEENNNeRYYY
GRREEeNArrrYYY'SS
ggREEEUUnESTT
GGGRREEeeennnffIIIEELLLd
GGGReeeUUNNNFiiNNNccH
GreeeaaaNFFlllAAAeeS
gReeeeennfffly
grrrEEEeennngggAAAggOO
GrieeennguuuGGGEEE'SS
ggRRUiiinnGGaaaggES
GGGrEEEENNNgRoooCCCorr
gggREEEENGGGRRacciiirrr'SSS
GGrEEENGGrroooCCCOOOrriiieS
ggRRRAAAEEnnggrocoorS
GGGrEEEiiinGGrOCCCeeeRRYYY
ggrOEEEnnHHHuuuAAdd
GrrrUUUUUNNhEArtt
GGrIUUnnnhhoooRNN
ggreOnnnhhhEEERNNN'ss
GGGrreaNNhhhuuRnnSSS
GGGRRReeeOnnHHHoooUUSSSe
GGGRiiiEEENNhhhOOussaaa'ss
GGrOOEEEnHaaaooSSiiiS
GRREOOnINNGGG
grrrueNUnnGGGS
GRRREIINOSSSh
GGrrreeeEEnnnLLEEtt
gggRUUnLLLINNGGG
gggReEnnnlyy
GrrrEEENNNMAAIlll
GGGRRRooOOONNMMMIIiiiL'ss
gggREEeeennnMMoOLLiiiR
GGGRRuAANNneessSSS
GGGREEEInnNNNEEssssss'SS
gggRIoNNecccKiTTaa
ggrreEEEnoooCCCKAATTUUSS
GGGrEEEuunrrroooEEEMMM
GGGREEEANRRooOOOM'SS
GGrUUooNrrrOEEMMsss
ggReENsss
GGRRREEunSSSaNd
GGGreeeeeennnSSaaaNNNdddsss
GGrroooEEENNSHUnnKK
ggreennnShhiinnnKss
gRReeeeennnssOOCkkkNNEEssss
GrreeeennnsUCCCKneeeSSSssEsss
gRRReeAnSSStUUnnnE
GrruuuoonssswwwAAARRRDDD
GGRReENssWWWOORRRddd'sss
gggReeeaaannWWWoooiiDD
gggRREEEeeNNWWWoooDDD'S
gRRROOOennyy
gggRRaaUt
GRROeeetOOddd
greeetttEER
GruuIteRRR'SS
GGGrrreeTaaaRRss
ggRRAaaaTaaaNNgg
grrrIEEttOOOnnGG's
gggRRReeaataNNggS
ggreiiTS
GGrrrOOgiiiLee
GGGRRReegggORRIINNe
GGRRREEGGGaaRAnnnEEsss
GGRiGGGaRREEEUuss
ggRREEEgggArIIIEuussslllyyy
grrEEEgggArrroooOeeeSSSNNesss
GrreeeGGARRRIOOuussNIssss'S
ggreooGGE
gggrEEEiSSENN
ggrIIiSSSoooNSS
gRRoooMIIIaaall
gggrrAMMlUUNNN
GGGreeeMllluuuNNN'SSS
GGGrummLonnS
gggRRREnnnaaDDe
gRRREEEnnADDEEE'ss
ggrrrEEnneedESS
gggRUUUnniDDDIIAAArrr
gRREEEnnAdeeuuurrr'SSS
gggRRREnnnAddooUUrrs
grrEENooodAAnnnEE
GGGrrEENNNaadddIIINNNa'SSS
grrrEsssssooRRRIIAAAl
ggrEEw
graaaY
ggrey's
GrrrEEYYYbIIIckk
GGrreeeyyybEAARRddd
GGrreYYBBBoooaaRRDs
gggRReeeYYEEEddd
gReeyyErrr
GGGRRReyyeeesssttt
GrEEEyyyHUNN
GRReyyhhhoUUUNNDDD
grrreeyyyhhhIuuunD'SSS
GrrAyyyHHuuuuuuNNDDS
grrreeYYYIInnG
griyuusssH
gRReeeyyLLLaag
gggrrEYYlllaaGGGss
gRUYYNiiSSSSSIS
GGGRRREYYYSS
GRREEyywwwUUCCkkkooo
ggREEBBBbLEE
grrIdd
GGGRRid'S
gggRRRIIIdDDDeeeDDD
GGGrrriddDLLLeee
gRRIIIddddLLA's
GruuDDlECCCAAAKKKE
gRRRUdddDllluuccUUkkkIII'S
GGGRIDDdddllAACCCAAkiiiS
ggrrradddddlESS
grrrEEEDe
GGrrriiddaaaRoNNN
GGGrrrIIddUURRUN'SS
GrraadddIIIrAAANNsss
gggrIdllaaaCCKK
grrEDDllAcck'ss
greeeDLLeccckkkiiddd
gggrriDDlllocKKKSS
GGRIIIDsss
gggRRIIIEff
graEEEFFF'sss
GGGrIuFFSSS
ggRRiaaaVEENNNccUUU
GrIIevvonCCCe'sss
gggraaEEEvvvEEENCCeeeSS
GGGRRiiooViii
GGGrrueeeVOOd
GGRRRIuvERR
GRRRIevvvIr'SSS
ggRRiieeevvveerss
gggRRRuuUUVVOOOs
GRRuaavvENNg
gggRRRIIooovvoooiisss
gRRAEEVoUUUsllyyy
grrrIIiivvoooISSnnnusss
GrrriiAAAveeSnnnOOssss'SSS
GGGriFfffuu
GGGrrriiFFfffiinnn
gRRRAffffAAn'SSS
grIIFFFuuNNNsss
GGGrriFFFFFFooonn
GGGRRIIIFffOn'S
gggrrrIIFFFFOONNNSSS
gRRRIIFttt
grrriiiFttEEERRR
grrraaaG
gRoooGGrrO
GRRRiigRIIISSS
gggRRRILLLL
gggrrraLLlll'S
GRRAlllllaGGe
gRRRiiiLlEEE
GGGRRRalllee'sss
GGrrriLlllEddd
gggRRRoooLLLLaS
ggRRRiiiLlllIINNNG
GGGRRRIIIlLLLiiinnGss
gggRRRUUUlLLRROemm
gggrrIIILLLllRROOOOOOmmmS
ggRRRiiiLLLLss
gRRRillwwUUrrrkk
GrrruuulLLLwOORKS
gggrraLsssEEE
ggrrIM
ggRIIImmmOOOCCEE
ggrrAMMMAAACCeee'SS
GGGrrIImmmaaaCCCEEDD
GRRiiMAccaSSS
ggrreeemUUCCooonnnG
GGGROOmmECCeNgggLYY
ggRRRuummAAALKKaaann
GrrrIImmmEE
GGGRiiiMME'S
GGGRRImmOOODDD
ggRRRimeS
ggReMMUeR
GGGriiiMMMooeeesttt
GRimmInnnIIsssss
gggRiiMMMiiiNNNiiSSS'S
gggrrAAmmaaNgg
gggRRRimmlyyy
gggrrrooMMmEErr
GGrrIMmmmEEST
ggrOOMMMnnaSSs
gggRRRIMMMnnnuuSS's
GGrrAAmmmy
GGruunnn
GGrroooNN'S
GGGrrreeNNNDD
gRRRiinnnDDD's
ggRRREndddOliAAA
gggRRiiinDaaarrr
gggRReNNNDoooRR'S
gggrUnDoors
gRRRinnndeRYYY
grrriiinnndIngg
GrrONNNddiiinngLy
grrrInDIIINNGGSSS
GGreeennddS
ggrrrinnnDDDSSttooona
grrriiinndddssstONNuu'SSS
GGRRRIInDDSSSTooNNNAAAss
GRROOONgo
GGGRIIINNGGGII'S
ggroooNNNGGGOOsss
GGGRRIIInnnNNNiiddd
ggRRREEnnnNNNEEERRR
GGRRRIInnnnIIInGG
ggrrOOOnnss
Grrrip
gggrrAP'S
gROpppO
GGRIIIPEEE'S
gggRRRiiPPPuuud
gggrriiPPeeerrr
gRRUUPPEEErrr'SS
gggrrruuppeeeRs
GRipppUUss
ggRUUpping
gRRIIPPPEEE
GGGRRRiPPPPPPAAA'S
ggRRRaapppppeeddd
GGrrraaaPPPPPURRR
ggrrrIIIpPPPIRRR'S
GGrrrOPPPeers
GGGrruppppEng
GGGrriPPPPooNNNglllYY
GGGrrEppppYYY
GGGRIPsss
GriipssECCKKK
GGrrripsssiccKs
gRRaaaSaaIIIlllllleee
gRIIsssAAAILLLLooS
gggRissEEOOFFIIILLvvvEEEn
GGGRiiSSAAoFFELLvvvAnnS
gRRROSSeeeOuS
GGGRAAASSSEtttAA
GGGRRisssKKiinn
gggRRiSlllUUUUUrr
GrosssLLIoooStt
gggRRRAssLIIINNNesssS
grEsssllIIINNeesSSS'S
GGriisssLYY
GGGReeessONN
GRRRiissUUUnnSS
GGGRRRooosttt
GRIIssttt's
GGGRRROOssttLLLO
GrrreeestLeee'sss
GGGRRUUSSSTLLLEErr
GrriiissTTTLIIIooSTT
grrrUstttllly
gggRuuuSSttMMIllll
GGGRisttMMMIlllll'S
GrrissstMMMEEElllSSS
GGGRiiittt
ggrriiT's
GRIIIttH
GGGRRiitts
GrIIITS's
GGGrrrOTTTttAAAdd
GGrrroTTTteeRRR
gggrrrAAAttTTTEEERRR'ss
gggrrItttTTEEERRRSS
GGGRRiiiTTTTTIeeeRR
GRiiTTTTTiiEEstt
GGGrrIIItttIIIllYYY
GGGReeeTTiiiNNEESSSSS
GRIIttttINNNisSS'sss
ggRRRiiTttInG
GGRutttyyy
grrrIIVAATTTIIIIInn
gRRRoovEEEt
GGGRRRiVViiiTTs
ggRRRiZZZZllle
GGRRiiZzzzLeeeDD
ggRAAAZZzzLLLeS
GGGrrrIIzZZllliiIRR
ggriZZZzzzLLiiieeeSSS
GGrrAAzzzlllAAeesT
GRRiiizzllaNNggg
ggRIZZZZZZLLy
GrIIIzzzZZlllY'SSS
GGGRooAn
GGGRaaaaaNNN'SSS
ggRoeeeNNEddd
gggrooEnneeer
GGRRRoAAAnnEERRRS
GGGrrooAAnnIINNgg
ggRoeeenS
ggrUUOtt
gggROOOaaatt'SSS
ggrOOaattts
GGGRRRECCCOORRR
grrrOOOccceeR'SS
GRROOOcceeRIIEEEs
GGRRRocOORRSS
gRRRIIcErrrYY
ggrruucccEEErYY'SS
grruuCCIIIrrrYYYMMMUUNN
gggrrIggg
GrrrIIgg'SS
GrrroGgerrrYYY
grrroogGGGiiaarr
ggrOOOGgiaaasssttt
GGGrOOOGgggIIILLLY
ggROGGGiiiNNNESsss
GGrooggGiinnnuuussss'SSS
GGGRROOgggggy
groGGGRRRaaaM
ggRRRoooGGRRAAmms
ggRRROgsssHoooPPP
ggrroOOONNN
GrroEEnnn'SSS
GruIIInSS
GGGRRAMMMMeeTTT
gRRRiimmmmOOOTT'S
GGGRRRoMMMMMMUTS
GGGrrOOOmmmwwaaaLL
GRRRomwwwulLSS
GraUM
gggrroOOOmmm'ss
gggRRROUUUmoooDDD
GRROAMaar
gggriiiooommUR'sss
GGGRiiEEmmmeeRRRss
ggRROoooMiNg
gggRRRIIAAMMMunnnGG'sss
gggRRRoOmSSS
GGrOOOMMMsMMMaNNN
gggRREEOOMMMSMannn's
gggRooIMMsMMIIInnn
GGrriiOOVVVEEE
grrroooOOvvvaaa'ss
GrOOOVVVeeD
GRuaaavvEEEs
GRRRAAOOOVVVIIeeerr
GRRRiooovvviEEESTTT
GGROOvvvIInnEEEssS
GGGROOOvaaNNg
ggrOOOOvvY
GrraapppEE
GGrooppe's
GGGROPeed
GGRRROOOpppEEERR
GrrOOpUUUR'SSS
grrooopooorrss
ggrrruuuPPPaS
GGGrroPPPIIInGG
GRROOOPPIIInnGGlly
GrroossBEEEEEKKK
GGGRooSBBUUAAAKK'S
ggrrrooSSbbbOOAAAkkksss
GGGrrrOSccHinnn
gRRRaaSSCCChheeennnSS
gROOSSGrrraaaAAAnnn
gggRooosssgggrrrUUEEN'ss
GGRosS
Grrruussss'S
GGGRRIIISSSSiDDD
gRooosssORRR
GGRRROOOSSSeeeSS
GGGrUUUSSSSEESStt
GGRRREEsssssiiiNNgg
GGGRRRoSSSSlyyy
groSSsNEEssSSS
GROOssssNNNeSSSSS'ss
GGROOsssUUlllARRRiiiTTTEEE
gggrrrOsssZZ
grrroossZZyyy
ggRReeT
GGRROOtEEEssQuuEE
gRRoTTTooosssqqiiU'SS
gRRiiTeSSSQoIllY
grreeeTTTEESqqeeENNOsSSS
GGGrUUTTTAAASSqUINNIIIsssS'ss
GrrriTTTOOsssqqqEoRRIeess
GGGriiTosssquuerry
gggrEEETTTuSSQQQuuuEEsss
gggROOttSS
ggRRAAATtttiEEERRR
gggRRRooTTTTiiiissTTT
ggrrrUUTto
GGRRRIITTTtttoo'SS
GGGrEETTTTTTueees
ggrrroottTuuSSS
ggrrrooTTTTyy
GGGRoouccch
GRRRIIIucccHHH'SS
GrrOechhheeddd
grroooIIICCChhhEEss
grrroooUchhAAAAArrr
GGGrrrOOOUUUCChOOOoossst
gggrouCCCHIIlY
GGGrooEcHHHUUUnnESsss
gggrrIIIuCChheeeNNNIISSS'SS
ggrUUoCCChIIInnnggg
GGrrruuuIChYY
gggRRRiuNND
gggRRiiiUNNd'SS
GGRReeeendddaaggoo
GGRREANdBBRRiiiOKKiiinnngg
GGGrrOOIIINNDDDBBBRAAkkkUUUnnngg'SSS
GGGrrrOOnnDDDBBrruuuAkkkooonggSSS
grrOOOAAnnDCCCLOOTThh
grrOOOUUnddcLLOttthsss
gRROOUUUndaaDD
ggROOOuuuNNddeR
ggRRRUUEEENNNddOOrr'SSS
ggrriionnDDeerS
gggrooONNNDDhhhUUg
GGGRROOEEEnnnddhhhooggg'S
ggRRUUUUUUNNdddHHOOOgggSSS
gRREEEoNNNDDENNGG
GGGrrreeeeenDDDInGGG'sss
GGGRRReeAANNNDIIINGGS
ggRuuuuNDDlllESSSSSS
GGGROaaNNdddlEsssssslY
GGrrrEEEeeennDDLLLiNGGG
GGrrroooUUnnDDMMEESSsss
ggrrooEEENDDDmmaaassssuuuSS
gggrouundddnnnUUUTTT
GGrrIIUnnDDNNuuuT's
gggrrrAAuuNDNUUUtS
grrUUUeeeNDSSS
GGGrrrooUnDsssEEEll
GGGrrrioooNNNddssseelllSSS
gggruuAAANNdssshheaaatt
gggrrruANdddShuuuEEts
GrriuNNddsssiiiLLLL
GrriEnddSKIIUppeRR
GGGRRRouuunnndddsskkkEEPARRs
gRRRauuunnndddsssMAAnnn
GGrrrOuNNdssmmmEENNN
GGrrOOOuuuNNddSSPPPEEID
gRRRAAAINNNddspEEDDDS
grrrooouNNNdddswweeelllll
GGGrrrOOundSWWWEEllLLL'SS
ggROaaNNNDDSWaallSSS
GrrOuuuNNDDWWAAATeeeRR
ggraaaUUUnnndwaattteeR'SSS
GrroouNDWWWAARKK
GGRRIIIuunDWWOORRRKK'SS
ggrOUUP
GGGRRRAAAUUpp'SS
gggRRoooUUUpUUDDD
gggRuuuiPPUrrr
ggrrOuuupUrr'SSS
GGGRRRoouuuPPuuurrS
GRRRooOPPiEEE
GGGrrraaAAAPPAEE'SSS
GGGrrOOOiiPiEss
GGGrroUppiiNNNGGG
ggrrrooaPINGGG's
gggrEEippiiiNGGGs
ggRRAAUUUppss
GGGRRRoouuuppTTTHHHiinnnk
GGRRRIUPPwwwore
gRiiiUUUPwwEERRRE'SSS
gggrraaUSeee
gggROOaaassuu's
gggrrooeeesssaadd
gRIIuSSSuRR
ggRROOOessseeeR'ss
GGrrroOOOSSeRRSSS
GGRRREoseeeSS
GGrrroouuuSSaNNG
grrAUt
gggrrreUTTT'S
ggrIIuTUUUdd
ggRRRAAUtteeerrr
ggrrooouTIIINGG
ggreeiiiTTss
GGGRuUUUTyy
GrrrOOVVeee
GGGrrrAvvvu's
GREvvvEEELLL
gRROOVVVOOOLLedd
GGGRRRUvvvOOLLErr
ggRRROVVVOLEErrr'SSS
gRRiiVeeLLIIRs
gggRRRooVeelOnnGG
GGGRROVUliiiNNgglYYY
gRovveLLLLLIIDDD
GGRRROOvvvaaLLLlleeeRRR
ggrrrOOOvvvEEEllllleeeR'sss
gRRoovEEElllllEEErSSS
GRROVaaalllEEnGGG
GRROOOvEEEllss
ggRRROvUS
gRRRiiiwww
GreWWEEERR
grrroooWerr'sss
GGGrooWWWOOrss
gggROWWWiiiNG
GGRRUUWWWInnnGGGss
ggrrrAAWll
gggRRRowLLL'sss
ggRRiwwwLLLaaddd
GRRRaaawwwlllUrrr
GGGRREEwwlllErrr'S
GGRRROWWWllleerrs
grreeWLLinGG
GGrrawllS
GGGrrOOwlyy
GGROOOWWWnn
GGRRRUUUwnnnuuuP
ggRRRIIIWnEP'S
GRaaaWWWnUUUppsss
gggrooWWWSSS
gggriWthh
ggrrIIIwwth'sss
GGGROOwwTThhhSS
ggrrooobb
ggrAb'SS
groooBBBBBBEddd
ggRRuuBBBBiiRR
GGGreBBBBErr'SS
ggrUUUbbbbeeerrS
GGriiibBeEEEr
ggrIIIbbbbuuuuuussT
GGGRuuBBbIIILLLyy
grEBBBBiiniiiSSSSS
GGGRRuubbIINNNeeeSSss'S
gggrrubbBBiinG
grruuubBBy
GRRRUUbbbS
ggRRUUUbbbsTTTaKo
GGGrUUbbbSTAkkkuu'SS
ggRRRedddGEE
GGrrrIIDDGGGa'S
gggRRRidddGGiD
GrrruuuDDDgeeerr
GRRRUUdGGes
gggrrruuuddggInG
GGGRUUUdgiiinnnGGGlllYY
GGGruuddGGEENgNNESSss
ggrrraIll
GGrrEeeeLL'sss
gRRuuuUUUlIIngg
grrUEELLLIINglyy
GGrIIeLIINNgggss
gggrrrUaalllLiNNGG
ggRuuElloNGGGSSS
gggRRiiiEESSOOmmmU
GGGRRUesssOOMMULLLY
GRREEEuuussOOMMOnnnIISS
GGGRUUeessooMMOOOnnasssS'sss
gRRRUUUeeeSSUUMMMiiR
GGGRRuuOSOOMeeSt
ggrrruufff
ggrriFFffOOOR
ggRRuffffEssst
GRAAfFFFlYYY
GrrruuFFFFnneSss
gRRuuFFFFNNNEEEssss'SSS
grUUGGGruu
GGGRRRUGRusss
gggRoomm
GRRaammmBLLu
gggRRIIIMbbbLLaa's
gggruMMMbblAddd
GRRUUmmBlllIr
GruuMMMbblllEErrr'sss
gggriiMMMbbLLeeRRRSS
GGGrriiMbLLEEsss
GGruuuMMMbbbLIIINNG
ggrUMbblllUUUNNGGGss
GGRRUMMMbbblllYY
GGGRUUUMMMeee
gggRUmmMEEETTT
gggRRRUmuUs
GGGRREmmmppp
grrEEMMpp's
GGRRUMPPPiiiEEERR
ggrrUmPPuuuEEEssTTT
gRRuMMpppAAAlllYYY
GGGRUUMMPiinnneSSSSSS
GRIMpppaaannnASSSSSS's
gggruuuMMMPs
GGRUMppy
GGGRuuNNGGGiii
gggrrEEEnnGGOOO'sss
gruuunnngIooorrr
ggrruuunnnGGGEEEUUUsTT
ggrUUNNNggINeeSsss
ggRuuunnGyyy
GGGRRuuuNiiiiiNNN
GGRRiiNNNOOOON'SS
gRRRUUNIIIooNS
ggrrUnnTT
Grooonnntt'ss
GGGrrranTTOOddd
ggRUntttEr
GGruuNNtttInnGGG
GGRRRuntttS
GGGryyyPPHOOONN
gggRRYYYPHaaN'SSS
ggRYPPPHHHOnnnS
GS
GGGaaaaCCeeemmALLLEEE
ggguuuAAccaaaMMOlle'S
gooIIIchhUUURRRO
gggOOaaaccchhhAARRuuueeess
ggIIaaCCCHHArrrooos
GGIIaaaCINN
GGAAAcOO
ggiiUUUeaaacoll
guuaaUUUiiicummm
gguiiIAACCuuMs
ggaAAN
GGUEEEnnnAABBunna
ggiaannOOcccoo
ggguuueeNiiCCOOOS
ggguAAAnnaaaSSu
gggAAAooNNNIIddiinuuu
guuAAANiiiNNNEEE
GGGUooneenEEE'sss
GGGUaaNNOO
ggAiiNNo'SSS
goooEEEnnnss
GGGIIIiiRRiiiNNNIII
GuuARAAnee'SS
ggguuARRIInAAEEs
GGuooRRRAAANuus
GGGIIAAARROOOnnnTTuua
ggUUaRaNNNTTiiEEE's
gAEEErrrAAAnnnttUEdd
ggUAAARRoNNTTEEEEEEiiNg
ggguARRRAAnTTiiieeeSS
GIIooorrrUnnTIIIEEED
GGGUUaaaRRRaaannnTTTuuuISSS
GUaaaRRRaNNNttoooRR
GGGUaarrruuNNNTOOR'S
gaaaAARAAntttIRRSS
guuuorrONNNttyyy
ggaaAROONTTYYY'SSS
GGuuaarunnntYYooNNG
gggEEiirrrDDD
GuuuaaaRDDD'SS
GGGuuuUUUrrddUnnntt
ggguuuaRdeeddd
GGGooARRDDEdllYYY
gIIOOORRdEdddnnnUUUSSSS
GGUUUaaarDDeeRRR
GuuuiRRRDER'sss
GGGUUUIRddderss
ggueeerrDDhhOOUUSSUUU
GUUUOOOrDHHHuuOOSI'S
GGUUAARddhhOUUsoooSS
gUUARDDDiOOn
GGGUUUAAArddOOOAnnn's
GUUUooRRDDDAAAAnnnS
GGoouuurrrDDDiEEENNNsssHHIIIppp
GGuARdddOUUUnshhEEppp'ss
GGGAAARDDDIIINNNggg
GIAAArrDDrrAall
ggAAUUUrddrrAAAIIILL'SSS
GGGUUrrdddRRUUILLLss
GUUUOOOrrrDDDrroUM
gIAARdROoM'SSS
GGGUUaaarrrdddrrreeeooMss
GuuAAArrrDDSSS
guuIIrrDDDSSSMMMAAANN
GGOOiiiRRRddsssMMaaNNN's
GGUUAAArrDDDSSSmmIn
ggAAaaaRRss
gggUUEEvvva
GuAVVa'sss
ggUuuuVVaaas
gooaayAAAlEEE
GGoooaYooollleeSS
GGGuuBOrrrnnooToooRRAAaLLL
ggAAAbbEERnneeyAAA
GGucccKKK
ggEECCKKs
gggUUUddLLLeee
gguudgggeeeonn
ggUdGeeeOOOnSSS
gggOEEnnnonnn
gooeeeNNannnSSS
GGUeeeRRDDDuNNN
GuuEERRDOOONNNsss
GGGeeEEErrreeZaa
GGiERRazzzAAASS
GoirrIILlllE
ggiUUUrrIIlllA'ss
gggUUUUUrraallllAsss
GGuuEERRRrAAALLLllA
gooUURRrUUUllLLaa'SS
GuIIIRRooLLooos
gggUUeSSSS
geeESSS'SSS
ggguuasSAAbbbLe
ggUUUeeSSSSSEEEDD
GGuEEEssssirrr
gAAEEsssSeRRR'S
GGiiEsssSSeeRS
GGGUUuussSSiiiSSS
ggUEEEssssssIInGG
GGGUeeessSSTTTImmmaaatAA
GuEEESSSSTIIImmAAttee's
GGeeEESSssttaaMMMAAttIdd
GGUUUSSsttEEEmmeTeeSSS
GuuEESSSssTIIMAATaNgg
GGGIEssssswwwoooRKKK
GuESsswwiiRkk'SSS
ggoooEEsssTTT
gggIIIeessTT'sss
GGGOAAsssTId
giiiuuSSttHoouuSSSeee
GGIIIoosssttthhhOiiiSSEESS
GGUAAAStIInnggg
ggOOSSStRooOmmm
GGGiiieSSSTRROuuummss
ggUUUESStttSS
ggUFf
ggguuuFf'SS
gguufffFFAAAWW
ggUUFfawww'ss
ggguuuFFFFaawedd
ggiiffffffUWWUUUNg
GuuffFFaaawwwSS
GGuuuggLLaaa
ggUGGGglllUUddd
GeGGGggglesss
guuugGGGliiinnnGG
GOIIIBB
GGUUUEEDDDiiiBLLOO
GGeeeiiDDAAANce
gggAAAidaaNCCCe'SSS
ggguIIIDDEE
gUUUiiddoo'S
ggOOOdeeBBAAARRRdd
GGGuuIdibboooIkk
GGGAAEEEddduubbOEEKKK'SS
GGGUUUIdddeeebbboooIIIkSS
GGuuIIdddeD
GGeaadddELinee
GGIIIIdddEEElllIINee'S
gggIIIIIIDDEEllluNNNeeSSS
GGAAdeePAAAssst
gggUAADeppOOSSST'ss
ggEooddAppOOOsTSSS
gggUUUoooDDeeeR
GAiiiDOOOr'sss
GGGUUUIIIddeeRRSSS
gUUIIDDDaaas
GGuuuaadddENNG
GEEOOODUNN
GGGEEEEldd
GaaaIIILLLDDD'sss
GGGuolllddUr
gggiuuLLLddeeeR'sss
GGUUUIIIlllDDeerS
gUiiLLDDDHHaaalll
GuuuIldddHaaLLLLLL's
gggUUIIIllldddHHaLLLLS
GGuIILLdddss
gggaiiLLDSSSmOOOnnn
GGGUoLUUU
ggeeIIILLLe'SS
GGUUUILeeeFFAlll
gUUIIILLOOOfULLLlllYYY
GGGOiiillleLLLeeeSsss
GUuuLLULLoosssssllYY
GeeiiiLLLIIIllleeSSSsssnnEEESSSSS
ggoooollULESSniissssss'sss
GGUIIlllLLemmmOOOtt
GGooolllLLEEMMaaaTTTS
GoooLLLlleeccHHHe
gggUiiLLLlliiiCCCHEEES
ggUUUIIlLLAAATUnnnii
GGGIiillLLLIIttinUU'SSS
gUUUilllLLLettINNNIDDD
ggUUUilLLLoooTTonnnEEEsss
GGGOiiillLLLAAAtuNNOOng
GGGIIAlllt
ggiiiiiLTTT's
ggaaiiiLLLtOARRR
gUUIIILTIIIEEESt
gguuiiillTTToooLYYY
guuuIIIlltINNuuSSSS
gggoooiiLtttiiiNeSSSss'S
GoiiillltttLeeSSSSS
GGGUuuuLLLttllliiisSSSlyy
gAAAiiilTTYYY
guuIIImmmPee
GGOOOOmmmppEEsss
ggguuuIIInuaaa
GGOOIINNaaA's
GGGuuIIIneeeeeess
GGuuiiPPooorrroo
GaISSSE
gUUUIIISSSO'SSS
gIIiiSeSS
GGuuooottIIIrr
gOOAAtttAArr'SSS
gEEEaaTTTuuuRRRFFiSSHH
GuiiTTUUURRRAASTT
ggguuETeeerOOOsst'sss
ggeeOOTTTEERRResTTTS
gggaauTTaRs
gUULLA
ggUUlAAggg
gaalIIIG'S
GGGuuuLLAAAgggSSS
gguulllisss
GGuuuLLLcccHHH
gggULCCH'S
GaaLChhESS
ggguuuLLLDeeeN
ggUULLLDDEN'SSS
gggUUldaaaNNNss
gAALOOSS
GGuuuLFFF
gUULLff's
GGGUUUlllFFss
gguuuLfffWWWEEEEdd
gIIllFFFwwwEEeeedSSS
GGuulllLLL
GOOlll's
GGGiLLLLLLUUUD
ggguuLLLLEt
gUULLliiT'S
gguuulLeTTTSS
GGGIIllLLeyyy
giiilllLuuyy'S
GGGUUUlllliiiBBIILLATyy
GGeeelLoBiiLLLiiTTTY's
gggulllleeeBLeee
gggaaaLllliblYYY
gggaaaLllAAaaasss
ggiiilllllunggg
GuLLlllss
GGUUUlllLYY
gUUllLYYY'ss
ggUUlllOOOsEETTTY
guuLLLpp
geLpp'S
GGelppped
gILLLppeeerrr
ggIIILLpEERRR'sss
GOOOllppERRRs
guuuLLPPPiiiNNNGGG
gilllpss
guuMMM
gggooomm'S
gEEEmmbbALLLLL
gggeeemmmbbbAAlllllss
GuumBBOO
GGuuMMMbbAAA'ss
ggembbboALLL
gggaaammmBoooIL's
GGGommmbbbooilllSSS
gUUmmBBBoEEETTT
guuMMBBBoATTTS
GGuMMMBBBasss
gggooMMBBoottaaLLL
GGUUMMMDDrriippp
ggguummmDDrrrIIPPP'SS
GGuummmDDrrEPS
GGuummmmA
GUUMMMmEEESSS
giMMmmeeddd
GGUmMMMUeeer
ggguMMMMaaaeeSSSTTT
gguuuMMmmmIIInnnusSS
ggUUMMmmmInessSEsss
GGOmMuunnnGGG
GGAAAmmmmmaaaTa
guummmmiiTUUUSS
gUUUMMMMMEESIISS
GGGuuMMmoSSISSS
ggIImmmmOOOuus
GGImmmyy
GGumPteeeoooNN
ggeMMPTTuuiiNN'S
ggEEEMMMss
gggeeMMSSShOOii
ggumShOOII's
gggAMMsHHEEEEED
gggUmmmSSHoIIIAAANgg
GUMMssHHHOOeeeSS
GGGuuumtttrrreeaaa
GGGUmtttreeeooS
gggaaammmWiiiodd
gggumWWOOeeeDDSS
gunnn
gggEEEN'SS
GuNBOOOIIIttt
gggUUNbbbooet'SSS
ggUUUnnbbbOOaaaTTSS
GGUUUnnnccOOOtttTTToonn
GGeeeNNNCCCoooTTTTToNS
GOOOnfffIIIGGGHHHtt
guuunnnffooGGHTTT'sss
gguunnnfffiiiggghtttEr
GUUnnnffAGHHTErrr's
GGiinfOOghhhtttirrrS
goonnFFiiiGGGHTTSSS
gUUnFFFoooRRReee
GunFarree'SS
gggUUNNflllIIINTTT
gggaaNFFFLLLiNTTTss
gggUUnnnggeee
GGUUnnngYY
ggennKK
GGuNkk'ss
GGUNkIIEErrr
guunnnKKKiiioSTTT
GGOOOnkyy
GGoooNLLLOOCCkk
guuunnnllloocckkkSSS
gggunMMMiKeeer
GUUNNmmaaaNNN
GGGuunMMMaaann's
GGGiinnnmmUUUnnn
GGIInmmIttaal
ggguuunnnMOOOtttAALL'ss
GGGaNNNNNNUUUddd
gUUUnnnNNeell
GGuuunnnaaLL's
gguunnnnnEEELLS
ggguunnnnUUURRR
gAAAnnnNNEr'SS
GGGiiiNNiirrss
gUnnnnEEErrY
guuNNNnnnEErYYY'SSS
GGGunnnniNNGG
ggguuuNNY
GGGAAANNnyyy's
gaannnnnYYYSSSUUccck
ggeNNNNyyySSAAACCCk'ss
giiiNNNNNNySSSooCCkkks
ggUUUNNPPPUUUPIRRR
GunnnPPLaayyy
gggunnnppLLLAAAYYYSS
ggguuuNNNPPPoooiiiNNNT
GGGUNNNpoIINNtt'sss
GGGUUUnnnppAWddiirrr
GUUnPEEWWWddaaRR'S
GUUUNRRRUUUNnnneeeRRR
GGGUUUNNNrrraaannnEEER'S
GGGeNNNrOONNNNaaaRRSSS
gggoNNRunnniing
GGUUNNRRUUNnnAAANNG'S
Guuunnss
ggguunsssol
GGGuuunnnSHiiip
ggguuunSSHHEEP's
ggunnSShIIpppSSS
GGuNNSSShhhOTT
GuNSSSHoooTTT'S
GannsssHHoootSSS
gguuuNNNsssLiNNGGGIIIR
GGGeeeNNNsssLLLeeengEEER'S
GUUnnsssLLINNNggEErsss
goNNSSMMMuuutHHH
gUNsMMaatttHHH'SSS
gunSMMiitttHHHsss
GGGOnnnssttoccK
GaaNNNStttEECkSSS
GGUUNNter
GGGeenwwuuuLIII
gggEEnwwwaLLeee's
gguuuNNNWWWAAAlEEEsss
GuNNyyyAAh
GIppppiiieeS
ggIIppyyy
ggEEEpppppyy'SSS
GurdWWWaraa
gggeergee
gggUURRRgggIIIdd
gggAAARgggeeSSS
ggguuRRGGUUnngg
guRGIIItttaaaTTTIIIOOOn
ggURRggLLiii
ggERRRgggLAAA'ss
GGuuRgggLAAdd
gggUUrgggLLLiisss
ggIrGGlllIIIT
gUUrrrGGLLLIINNNGGG
gEErrGGLLLInnggLyyy
ggurrnnnooRRD
ggaaarrnnArdddss
ggUUUrnnnEYYY
gUUURnnnIYY's
ggurnnUUUYYYSSS
guurrruu
GGGeRaaa'ss
ggguuuruuSSS
GGuuSHHH
ggoossH'S
GeeesssHOODD
GGGUsHHeeeRR
ggguuusshheeerrr'ss
GGaassshIRRsss
GUsshhooSS
gUUUsssHHEEOrrr
ggeeSSShhuEEESSt
GGGUUUsHIILLLY
GiiSSShhiNESSSs
ggiiisshhhIInngg
guSSHHIINNGLYYY
GGGuSSHHyyy
GGGaSSSsoooT
GGGOOOssSSooTTT'S
gggosssSSSUUUtttid
gguuusseTiNNg
ggUssSSeeetss
GGGAAASSSsiiiee
ggUSSSSOOOEd
guuuSSSSiiiEss
GGGeSSsyy
gggAAASSsssYYYIIINNG
GGAAssTT
gggiSttt'ss
GOOOssTiiiTiiON
gguussTTAtiiiooNNNSSS
GGGIIsssTaattiiiVE
GGESSTTTAATTTOOOrrrIILLYY
GoSSSTTAAAtttOrrrYYY
giiissttteeddd
GUUSStttIIIEEErrr
GGuSSTTTieeeSSTT
GGussttEllyy
GGGUUSSTiiNNNESSS
GGUUUssttIIng
GuussToo
ggIsTTe'SS
GGaStSSS
gguuSTYY
GGUTTT
GGGiiitt'ss
guttbuuuccckkkeT
gguuTTTLLuuSss
gggUtLOOSSSnESSss
GutllluuusssSSSnESs'S
GGUTss
GGGUTTSSiiiOOrr
GGGOtSEeeeSSttt
gggittSSAAALLy
gaaatttsssInnneeeSSsss
gguuttsiiNNEESSSsssEEESS
GGuuuttSSSY
GGuuuTttaa
gUttTTTaTTuu
GUTTTtttuudd
GGeeettTerrr
GGGuttTTARR'ss
GGGeTTTTeRRReeeDD
gggaaaTTtEERRRUUUnngg
GiiiTttteeerrrs
ggaTTooRRRssnnnUpppUUU
GIITTTTTeeerrrssnnnIIPPU'SSS
GGGUUtttttiiirrrSnIPPPeSS
ggguuTTTTooEERR
GGGutTTTiiiEEESStt
GGGuuutttttuNG
ggItttLLOO
gUUTTTTlIDD
GGGUttlleees
gOtttllaNNg
ggUUTtttuurELL
gggUUtttIRaaaL'S
gggUUtttTTTaaaReliizzzEE
gggUUTTTttOOORRIIllllllyyy
gUtttuRROOLLSSS
GGGuuttttYY
gavvv
GGGuuvnniiR
GGIIVNNNIRRRSS
ggaaVVVs
gUUy
GGGUyyy'sss
GGEyEd
GUUyOONNNGGG
GGGEYYYot
guuYYooTS
GUUYYSSS
GGUUUzzlllEEE
GGGEzzlaaaDD
GuuzZZLLLOOORRR
GGuuuzZlllIIrr's
ggoooZZzzzLLooors
GGuzzzzzLLLOSSS
ggguuuzzzZLLinngg
GGGyyBee
gggYYBee'ss
ggyyyBBEEEddd
gggyBeSS
GyyybbbIINNNGG
ggyyymmm
ggYYYm'S
GGGyymmmKhAAna
GGGYYYmkkhhaaaNAAA'sss
GGyyyMMMkkkHaNNaasss
GGYMMneeesssuoo
gggYmnnnAASSSIIAlll
gggymmmnnOSSSiiAAARcchhh
GyymmmnnASSSIoooSStt
GyymnAAASiiiuuMM
ggyymmmnnnaaaSSiuuM'S
gggymmnnnasssUUUuuMMMSS
GyyMMMNNNaasst
GGGYYYMnnEESTT'SS
GGGYYmmmnnnAAsssTIIc
ggyyMMneeeSStUCaaaLLLyyy
ggYYYmmNNAAAstIIccS
ggYmmnnAsssTTTOccS'ss
gggYMMMnnUUUSttS
GGGyyyMnosUUUppphhhEEESST
ggyMnuuuSSSOOOphhhIIsTTTs
gggyyMMNNNIIIspppeeeRRm
GyMMnnnesPPEEErrrMM'ss
gyyymmmnnneSSPPPIIIRRRmEEEUUsss
GGGYMNNOSPeerrMMSS
GGGyMNNNoosspErrmY
GyymmmSS
gggYYYMSSlliP
gyMMMSSSllloooPPPsss
GGGyNNNEEEEcccUUAAm
GGGYnAAANNDDRROMoooRPPh
GyyNNaNNNdddRRReeemmORRpHHHsss
GYYYNNNondddRRRAEEEsss
GGGYnnnaNNDDDRRy
ggYYYNNAAARcccHy
gggYYNNNAcccEccc
GGYnnEEcccaUMM
ggyynneeeCCCOCCrAAAccY
GGGyyynnIIIcEEIIId
gggyyNNEEEcccoollOOggguccc
gggyyyNNuuucccAALoGAACiiiLLL
GyyyNNNeeeCCColluuggiCAAALLllY
ggyynnnEEECCooLLLoooGIISSt
gggYNNEEECCEEEleeeGGGasssTTT'sss
GYYnnneeeCCOLigguuSSTTTsss
ggYYnnnEEEcOOOlAGGyyy
GGYYYNNAAACOOlOOgYYY'SS
gggyynnuuCCoMAAstttie
ggYnnIaatttrrIccSS
GGYYNOUcIIIAAAM
ggyyynOOEECCIIIuuMMMsss
GGyynOOOpHEErrrU
GGyyyp
GGGyP'SS
gYYpPPaD
GGGYYYppPOOOr
GGGyyyPPpEEERRR's
GGGYPPpeeeRsss
gggyyPPpiinGGG
gggyyyPPss
GGGyypsssOOOaaaSSS
GGYYppSSSooopphhhILA
gggYPPsTTarrr
gggYYPPPssTEEEr'SS
GGYYppSSStterrs
GGYYYpppSSSuuMMM
GGGyyypppSSSiiM'sss
GyypppsYY
gggYYpSSSYY'ss
GGYPPSyIIISSHHH
GGGYYYraaaLL
GGGYrrrAAtttEE
gggYRRRattteddd
GGGYYrrrAATTEEsss
ggyrratttiinG
GyyRRAAATTiooonnn
GGYRRRetttION'sss
GGGyyrrEtttEoNs
GGGyrrraaattER
gYYrraattoorr'SS
gYYrrraaatiirrSSS
GGGYrrUUUttoRRY
GGGyyyRO
GGyyrEEEsss
gyyyRRfffAAlllCCCOOnn
gyyRRRfffIILccoNN'sss
ggyRfIlcccOOnnnss
gggyRRRUUU
gggYYrroo'ss
gggYRuuucccOMPAsSS
GGGyrrEEcoMMpAAssSSEESSS
gYYrroommAAGGGNettOOOccc
GGGyyRRRooN
GGGyyyrOOOnnnNNNY
gggYYrrroopppLAAnnne
ggYYRRReS
GGYYrroooScOOppE
gggYYYRooossscccOPEEE'sss
gggYYYrrrOOSScAAAppEEEs
GGYrrroossscccoooPiCC
gYroSSccoooPPuucciiLlyy
GYYYrrrOOOsI
GGGYYYrUUssstttaaabbbUULIIIZZZOrr
gggYYRRRostaaBBBUULLIIZuuuRs
GyyyRROOsssTATTT
GGGYYYrroosssttteetttiiic
ggYrrassTTTaaatAcccs
GYRRuuSS
GyRuusssEs
gyVVVooo
gyyVa'sss
ggYYvEEEDD
GGYYYvos
GGGYYvvIINGGG
H
H'mmm
Hii
HAAA'PPONNNny
HHHAAaaFFF
HHEEAAAr
HOOBBBAAnuurrree
hhhUUUBBBUUrrrDAShhEEr
hhiibeRRdAAAshhur'sss
HHHiibbEEErrrdOOsHiRiiUUSS
HHHAAbEErddiiiSSHuuRRRS
HAbbEEErrdddaSHHHEErrYY
HHooBBBeeeRRdddASHERRRyyy'S
HHHaaabbEEErgeeeoooN
hhhAAbbbeerGGiONNNsss
hhUUUBooLLII
HHUUUbbbEEELLLommEEnnnTTT
hAABBBiiillimAANTTT'SS
HaaBAAAlAAAmmmEnnnttss
HAABBOOOLLoTAtttE
haabIIIlliiTTTUttteedd
hhhaaaBaLLLiitUUTTEEss
HHHaabbElllATTAATTInnGG
HAAABBaalllItttuuTaaOONNN
HHHAbIIITT
HHabbbIIItt'SS
HaaabiiitaabbiillIIItYY
HHaBBiiitttAAAbIlotttYY'SSS
hhAAABiTTTabblllEEE
huuBIttiiiBBlYYY
HHAAAbbbIIttAAANNcyyy
HEEBaaatONNNtt
HABBBIItIIIT
HHHiiibEEEttiittt'SSS
HHHaabbiTTAATTiiiOnn
hhhAAABiTaaaTTEEEUUNN'SS
HHaBBAATuuttiiioooNNNS
hhAAbbbetttatS
hhhAAAbbEETTTEEDDD
HHAbEEEttSSS
hhhaBBUUTUUUUl
hhEEEbbITTTUAAAlllLLyyy
hhhaabbaaTTTUAlllNEEESSS
hOOBBBIIITeeaaLNNNaSSS'ss
hhooobaatUUUAAtttO
hhabbbiiiTuaaatED
hhhOOObbbOOOttuuuatoss
HHAbiiiTuuTTiiNNggg
hhOBBiitIiiiTeeOONN
HHHaaaBBItttUUUaTiioonn'sss
hhaBBAAATUUUdiii
hhhIIIbbbitttAAddEEESSS
hhhaaBBIITTUUUé
hhabbbittué'SS
HHHEEBBBIIItttuuéS
hiciKK
HHHaCCeeekkS
HaChhurrrii
hhaccHHuuuRRees
HaCCCieeennDAAA
hEECCaaaEEEnnnddaa'sss
HHACEEeeeNNNdddeeeS
haaacck
hAACCCk'sss
HHacKKKaaabLE
huCCCKKKAAAmmmoRaa
hhhaaCCkkommOOOrrEES
hhhAcckkBBeeRRRRRUUEEES
HEEECCKKbbbARRRRY
HAcckkkbbbOOtt
haaacccKKKBBBUUUtts
hhhOCkkkeedd
HaaacKeeeRRR
hhhaCKKAArrr'SSS
HHaacckkorrrSSS
hhhAAccckorrYY
hhhaCCKIEEE
hhiiCCkiNNggg
hhhiiickkkEEnggg'SSS
HIIIcccKKKlAA
hhIcKKLLLEEE'sss
HHHeeCKKKLLLEEESS
hhaaaCCkkmmooNNN
HHEECCKKNNNEEYY
hhacccKKKnnnEEEYYY's
HHAckkNNOOOYeeDD
HOOcKKKNNEyyOOONNG
HHAcKKKNEYYYsss
HaaaccckkSSS
HHHooocckkkSSIww
HHUUckkSSaW'ss
hhhoocckSSEEWWWsss
HHAcKKWUUrrKKK
HHHaaccckkkwwweeRK'sss
hhhOOdd
hhaaadDDDoCKK
HHeedDDDooCCCKKK'S
hhhUUUddddEEEcKKSSS
haDOO
HHADDEsss
HEEDDDj
HHHeeDj's
hhADJJJiiiSS
HHADDDjAAA
HAdjII'sss
HHaDDDJJIss
hhAAdddn'tt
hhhaaaDDRRIIn
HHHAdRROnns
HHADDRRRaasssaIIRR
HHoooDDrEEESaUUrSS
hhhaaaDDSSttt
Haaae
haucccCUEEETY
hhAAEEmmmAATOOOxxyyyllOONN
hhUUeeemmmAAGGGLeBBBEEN
HHHIIIUUMMMUUgllOObbbUUUn'sss
hOOEEMMMEEPPHIIIliiIII
HHHAAAUmmmOPPPHeeeLLIaaa's
hAAaMMMooRRrhhhooGIII
hhAEEMeerrrrrhaGEE'SSS
hhhAAAUMMurrrrrHHHAAAGGOd
HHHAEEEMMMOOrrrrhhaGGGASSS
hhaaEEEmmmOrrRRRHHHAggONNGGG
hhhAAummOORRRHUUUIIDSS
haUmmmEEEStAT
HuEEmmOsssToTsss
HeeeerreeeSS
HUUUFFIIzzz
HEEFnniuM
HHAAAFFNNiiiUUUmm's
haaaft
hAAAfffttt'ss
hhhAftSS
HHHaaaGGG
hEG'sss
HigggbbEErRRRIIIEEESSS
HUUUGGGbbbEErrrRRy
hhhAAAGGBBEEETTT
hhhAAAGBUtttS
HHHaGGGfffoossH
HHHAAGGGgAAAddEESttt
haaaGGGArrDD
hhhiiiGGgggaaRRdLY
hhhugggOrrrdNESSSs
hIIGggErrDDDNUUUSS'SSS
HHAAggggIS
hhaGGggUUss'ss
HHiiigGuusEES
hhAGGGgISSSh
heeGGGLLEE
hhhagggGGGLLLEEE'SSS
HooGGGglleeedd
heGGGLLLEErr
hhoooGGGGGGLeeerr'SS
hhhAGGglooRSS
HHAgGllEEEsss
HHAAGGGGGLLLoonGG
hhhOGGiiiarrCChYY
HiiggIoooCCCRRAAAcYY
HHHOggIIIEEggRRRaaPPPheRRR
hhhaGGOOooogrePPPHHHeeeR'sss
HHeeggEoogrrrAPPPHEERRRSS
HuuGGGIIIoogggRRReeppphhIIICC
hhhEEEGGGEEaGrAAAPPHIIICCCAAAl
hhaaagggIOOOGrraaaPhuuueS
hhhaGGGiiIgRaapppHHHY
HaggIIOOGRRaaPHHHy'ss
hhhaaagggUUUOOOLUUttrrrUUAss
hiiggooOOOLLLAtttRyy
HaagaaooLLLOOGiiieSSS
hhaaaGIIIOOOlOGyy
hhhOgggEosssccOppa
HHIIggRRRODDDEEE
hhhagggsss
hOHHH
hhhaaaHHHnIIem
HHHuuuhNoooUm'ss
HaaUUK
hhhIiikkiii
hhAuKKKU'SSS
hiiiilll
Haiil'ss
HAAAiLuD
heeiiiLLLor
HaaaIllleeeng
HHHaaELsss
HHHaaaaLsssTTIIInnEE
hAAiiilsssTTooNNNII'SS
hUUUELSTooNNNIIISSS
heeeIIllSSSttooorrMM
HHaaaoooLsTTORRMMM'ss
hhhauuuLLsssToorrrmmsss
HHHooEEErrr
HHHAuR'sss
hhhAAIIIRRballL
hhuuuArrrbbbAALl'sss
HaaarBBUUUllLLLss
HHHaaiRRbbuNNNd
hiiOOORRRbbAANNdddsss
HHEAAArrrBRRAAooddtth
HHIIRRbbraaUddttHH's
HaaooRRBrruuuIDThhhSSS
HHHAAAiiRRRBBRUssshh
hhhAeeRBBBRaasssh's
hhhuuuiirrbrrrEEEsHHHAAASS
HHaaUUrCAAReee
hhAAAIRRCCClOOttHHH
HHHaUUUrrrCCCllloottH'sss
hAAeerrCuutt
hhAuurrCCUUUt'S
HHaaaiiiRRCCCUttSSS
haIIrrcUUTTtEEERRR
hhauuuRRcccUUttTTTINGG
hhuuuIIRRddOOO
hhaaeeerrDOOO'ss
hhaaIrDDDOOS
HIaarrDDrreeeSSSUUrr
hhueerrDDrreessseeRR'SSS
haaiRRRDDREEEssEErsss
hhAAAiiirrrDDRRRUUUSSSSSUUUnGGG
HHeEEERRDDDRReeSsIIInnGG'sss
hUUUIIIrddRRIeeeRR
hAeeeRddrrrUUUerrr'SSS
HHOOOIRRRdddrrrAAooorrSS
hhIIirDrrrYYeeeR
HAAAIIIRRRddrrrYEEERR'sss
hhhOOOIIRRdddRRyyeeerrrsss
hhIIIrEEdd
HAAAirgRRiPP
HHHAIIIrrGGrrrIIPss
HaaairrrueeRR
HHHAAUUrrrIeesssttt
HeeIrinnIISSs
hhhAiRRRiNEESSSSS'SSS
hhAAAuuurrleeeSs
hhUAAArrllliiiKE
HHHaiRRLiiiNNee
hhaaaIrrrLLIInO'S
HEEEiiRLiiiNNeSSS
HHooIRnnneeeT
HHUERRRnnuuTT'ss
HHHAeRRnnoTTsss
HIIIiRPPPooeeCCCe
heeIrrppiiiEEEccee'SSS
HUUUURpIIIaaCiSS
HHHAAiRRPPPIINNN
hhUUUuurPPInn'SS
HHHaeeerPennSS
hhhAAiiiRRRss
HAAIIRRRSSbbbRReeIddtttHH
HaaairsbbbRUaaddTTHHH'S
hhIIIIrSSBBBrreAdthSSS
hhaaaOORssPPPllaaaTTeRR
HUUUORRRSPPPLLLOTtttEEER'S
HAAIrspppLITTTteeRS
hAAoorssspllliiitTTTiinnggg
HHHAAIRSPLLIItttTTiinnnGGG'SS
HAAAaRRRspppraaaY
hhhaaaaaRRsssPrUUYYYsss
hhhaaaiiRssspReeeNNGGG
hhhEEOOrSPRRaaNNNgg's
hhAAIIIrsspppRIIngggsss
HHAAAEEErsssTRRREEOOOk
HHaaIIRRSTRRaAAAkkS
HHHAAiiiRRRSSttyLLLE
huuorrrsstttyyLe'ss
HHHaaaUUURRSSttYYllluuuss
HHAAAIIrrssTTYYLLiNNNgg
hhhAAAARRRstYYlAAAST
haaaUUrsssTyyyLLLaasTTT'SSS
hhhAUrSSSTyyLLIIIsssttsss
hhhIIIIIRRRTOOOoooLL
hhheeeIrrrWWEEEeeeVeNgg
HHHaaaiRRRwwARMM
HHHUUUIRRRYYY
HHHaaJ
HHajUUUsss
HHaajjja
HHaaajIIIss
HHIJjjj
hhujjJJJ'SS
hOOjjjJJess
hhhaJJJi
HaaajjjJU's
hhhAAjjjJJiiis
hhAAAkkkEEE
hakeee'S
hhiiikkkasss
HHHaKKImmm
HHHAAAKO
haaLLAAlll
HHaaaLLIIL'S
HHHELUUUllA
HHaaaLLLaaaTTTiiUn
HiiilllbEErrrDDD
HalBBBAAArrrd'S
hhaallbbbErrDDs
hAAAllbbEERRt
HElllCCYYYeen
HHHAlli
heelllEEDDD
hUUllleeNEESSS
HHalOnnnEEssssees
HHHalllEEr
hIIIlllEEERSSS
HHHaallEEESSS
haLEstt
HAAllfff
HaaLLLFFF'ss
hhAAALFbbaaCCK
hhALLLfffBBBoCKK'SS
hhhAAlllFFFBBaaacckkkS
HIIILLFFFBBEEk
huuulFFFbbbaEEkSS
hhiLLLFbREeeddd
HAAlllFFFCoooCCCKIIDD
hhaaaLLLFHHAAAAARRRTEEd
hhaLLFFFhOUUURttOdddlllY
haaalFFhhhEEEARttEEEdddNNNEEESSSSSS
hhAALLfhheaaarttteeeDDnnnEEESSS'SSS
HuuLFPaaaNNcccAAA
hhhaaaLLFFFppEENNNNNNUUUEESS
hhhEEEllFFFPPeennNNNyy
hAALLLffpppEENNNnnY'SS
HHHaaaLLLfffPEEENNnnyyywwORttthhh
HHaLFFtttEEMII
HAlfffttuummme'ss
hhaaaLfTiiMMMIIISS
HEEELLLFFTOnnne
hhIIILLftttAAnee'S
hUlFTTTUUUNNNEs
HHAAlllFTTTRaaCK
HHHuLFWUUUyy
HHHAAllFwwIIITT
HAllffwIIIttt'S
hhALLLffwUUTsss
hhaaLLFFFWWuTTteeeD
hhhaalibbIIt
HAAALLOObbuuuT'ss
HHaaalllAbUTTss
hhhIIILeeeDDoo
hoLiDDoooSSS
hhhAAALLiiiDDDOOMMM
hhhaaalunnngg
hALLitttEEE
hhhAAAlllIITeee'ss
hhaaalllIITTassiSSS
hhuuLLLIIttASSuuS'SSS
HHHaaaLLLl
HaaaLLL'SS
HHiiLLLloooHHH
HALLLuuHs
HHHAAAllllllOOluueeeh
hhALLlEEELLUUUIIUUHH'S
hhAALLLlELLLuuIIIAAAHHHsss
haaLLLLLeLLLUUUjjjOOhh
hhAAllLLeeluujAAAH'SS
hhaallllllULLuuuJJJaahhhS
hhhaaaLLLLAAARRd
HaaaLLLlllIUUrrrd'S
hhhUULLlliiiAARRRddds
hhillLLLMMUUUrrkkk
HHHAALllMMEEErrrKK'SS
HAAALLLLmmmIIIRkkEEDD
HHoolllLLLMARRRkiingg
hhhAALLLLmmaaarKKSS
HIIIlllllO
hAALLLlllOO'ss
hhaalllUUeeNNNGGG
hallllliiII
HHHaaLlloo'SSS
hhhAAALLLLoIIedd
hILLLLLLoooooing
HHHaaLLLLLOOOiS
hOLLLLLoooSSS
HHaalllLeeeww
HaaaLLLEEWEddd
HellLuuuWWWiiirr
hELLluwwwaaannnG
HHAAALlllOWss
HaLLLLLLSS
HHUUUllLLLUCCiNNANtt
HHUUllUccInnaaattEEE
hIIIllllUUccOONNATTTuuDD
hhiLLLIIIcIINNAAAtuss
hhhaallAAccaaaNNiiiTiiNNNGGG
HaaaLLeeeccAAAnnitttiiannn
HHHAlLUUccuuuNAAATTiiiOONN'SS
haaalllllUUcciiinaaattioonnnALLL
hhhALlaCEENNiiTTiioooNsss
HHAlLUUCEEnnnoTTaVVVee
HHHUlLLUUUccUUUnnAAATTToor
HHaaallllllUCCCiinnnAAtttAAARRRYY
HHHAAALllUCCiiiNNNiGGEENNN
HAALLleeecIIINOOOgeeen'SSS
hhIILllUUcccOONEEGGAAANNiiiccc
hhhAAALLLoCCaaannoogEEEnnIIC's
hhaaaLLLlUCCiiiNiiiGGenniiiccSS
hillluuccuuNNNOgEEEns
HOOlLLLUUUCIIInnnossosss
hAllUUUXXX
HHHOLlWWeyyy
HHUllLLLWWAYY'S
hhUULLLlWAyys
haalMMM
HHALLLMMMss
hhAllOOO
HuuuLLo'ss
hhhOOlOcccAARRboN
hhAlOOOCCCaarrrBoooNNNS
haaaLAAiD
hhALooees
hAAAllooGGGEN
hhaaalloGGGen'ss
haaaLOOOGGGeNNNAATTTe
HHHiiiLOOggonnniittEEEdd
HoollOOOgOOnAAAsss
HALeGGGiiinsss
HHaaaLOiiiD
hhhaaalOOOiinGG
haalIIINN
hhuuuLLiinnsss
hhALLLIIPPhhhYTTTo
HAAAlUppphhhyTTTEEsss
hhAlllOOOs
HHaaaloottHHHaaane
HuuulllIItHHaNNeeSSS
hhhALLT
HHHalltt'sss
hhhaalTTEEEddd
hhaaaLLTTEEEr
hhoooltIrrr'ss
hhhelltEERIddd
hhallltttIIIrrrIIINNNggg
HHHaaLTTEEERRRnnEccKK
HuLLttErrrnnnaaaCkkkss
hhOOLLLtteRsss
HHHOOllTTiNggg
hhhULtENgggllYY
hhuuLLTTS
HeLLLUUttZ
HHAALLLVAAAhh
hhAlvvvO
hhAALLVVIIDD
HuulllVeeersss
HHOlllvveS
HHHalllviiinnngg
hIIIllYERRRd
HHHAAlyyyeeRddd'S
haaaLLLyyyAAArrdds
hhIIMM
hamm'S
hhAAAMMUUUddRRRYAddd
hiiMMaddRRRyyOODISS
hhAAMMiiidddrrrYYYEEdS
HummmaL
hhUUUmOOmmeeLLLeeDDDaaaCUuees
HOMMirrrTTTOOOUUU
HaaMMMEETTEE
hOmoootttEss
HAMMMbbuuuRRggg
HHAAAmBBUrG'SSS
hIMMBUURRGeerrr
HIIMMbbooRGGErrr's
HEEEmmbbbUUUrGGiRSSS
hhhaaammbbuRRRggS
hhhaaMiii
hhammOs
HiimLLLOt
HHHomLLLEEET'SS
HHHemmlleTSSS
hhemmmMMMADDD
hAAAMmmIIRRR
hhhAAAmmmMMMIIIRRR's
hhhAAAMMmmOrrUDD
haaMmArrUUr
hhhiiMMMorEErrr'SS
hAAAMmmeeRRoorS
hummmMAARRRHHHeeeaaaDDD
hheeemmmMEEERRRhhEEaDD'ss
HHaaaMMMMErrHHHeAAADDDs
HHHUUUmmmEErrrIIINNggg
hommMirrIIINNNgggss
hUUmMMeeeRRlllEESSSsss
hhaaammMMEERRRLLLOCCCKKK
HAmMMEEErrrLLLoooCKK's
HeeMMMmmmIIRllloCCCKss
hhaaamMerrSS
hhIIImmMMIIIRRRtOOooo
hhhuMMmmmoorTTTOOeee'S
HHaamMMMEEErrrTTTooAAAS
HHOOOmmmmmmeeerrr
haMMmmeeiisssTT
HEEmmmMMiNNNGGG
hhhAAAmmmmmOOOcccKK
hhhaaMMMMMMoocccK'sss
hAAAmmmMOOccckkkSSS
haammmmmyyy
hAMMPPaarrr
HHaaammmpppor'sss
HHHAmpppEEERiiiddd
HHaammmpppEEreR
HHAAMMMPerrriiinnng
hAAmmPPoooRSS
HHEEEMMSS
huumSSStteeeR
hhaaamSSTTEEERRR'S
HHAAMMMSttARRSS
HHuMMMsssTrUUUNG
HHHAMSSTTRRRIInGG'SS
hhhAmmmSTTTrriNNgUUnG
hhhiiimmSSSTREEngggS
HHaamssTRUUUNNNGGG
HHHaMIIILLLOOOss
HHHaamZU
HOOnnnAAApppAAAR
hUNNNCa
HHHeeeNNNDDD
hhUUUnnndd'ss
HHHaannnDBBBaaaggg
hhhANddbOGGG'SS
HeeeNdddbbboooGGs
HaaaNNNDDBBaallll
hAnnDBBBaallLL'sss
HannnDBBBEEllLLLs
hhAANNddBBBAArrrROww
hhhaanddbbArrrrOOOww'ss
HHAAAnnndbbaaRRRraawwSS
hhhennDDbiiillLL
hhhAAANNDbeeLL'S
HAAAnnnDbbiillls
HHanddbOoookk
hhhiiiNNDDDbiioooK'S
HanndbbbOOiikkkSSS
HHONNNDBrreekIII
hheeNNDBBBRRRaaKKKEEs
HiNNNDDbbbrreaaadTTh
hhhaNNNDCCCEEr
HHondddccooRRR'sss
hhEEnnndcccOOrrSS
hhaaannDDcaaaRRTT
HUNNddCCarT's
haNNNDDDCCCAAArTTSSS
HHHaNNNDDDcLUUP
HAAnDCLLUUppS
HeNNNDDDccllUUSSPP
HHHaannnDDcliisssP'SSS
hhhOnnndCLLLOOOssPPSS
hhheeeNdccrIIFt
HHHiiinDDDcccRaaffftt'S
HHHeeenndddcRRRaaafffTeeeddd
HHaaaNNNDDDcRRafffTunG
HHHanDDCCReeeFFtts
HaaNNNddcccUUUFFFF
hhAANNdCUUFFF'SS
hAAnnnDDDcuuufffffeeedd
HHANNdcUUfffffEEEnGGG
HInnnDccUFFFFSSS
HHHUNNNDDDEEddd
HHAAndEEdnESSSSSS
hhhAnnndddEDDnnneeeSssEEEs
HHeeeNdddfaSST
hannnDfffaaaSSStiinnngg
HHHaaNNdddfffAAll
hhinnndddFFFILL'S
hanDDDFFFAALLLS
hIINNdddGGRRIIIp
HaannnDDgRRiPS
HAnndddGGGuunnn
HHHAAnnDDguuNN's
haNNNDGGGunsss
hhEEEnddHHHuuLLLDD
hhunddHHOOLLLd
HHanndddhhoooLDDD'S
hhoooNNNdddhOOOlllDDSS
hhANdddAACiiip
haNNNDDeeCaPPP'sss
HHaaNDDDooocccaPPooodd
HiiNNDDDiiiCCApppPEERR
hOOONNNddIIccAppppppeerr'sss
hhhaandddiiicccappppiiiRSS
hhuuNDIIIcccAPPuuungg
huNNNDDoooCApSS
hhhAANNNDDeeecccrraaFFTTT
hhannDDuuuccraaaFFTT'SS
HAnnDDDiiiccriFFFTTEERRR
HHHaaNdiCrrrAAAFTTTss
HiNDDuucrrAFFttSSmmooN
HHHiNNdIiiR
hhheNdddiiESStt
HHHaannDDIlllYY
hhaanddANeessSSS
hAAnnddiinnuussSS's
HHEEENNNDIInnnGG
hhAANNNDiiiWWWorrKKK
hhhOONNDDDIwwirrkk'SS
hhhannnDKKORccHHHiUFF
hAnddkEEERcccHHuuuEEff's
hhaannnDkoooRRRcHiiieeeffSS
hhaaaNNNdddKIIIrrrcchhuooovAAsss
HHHENNNddLLEEE
HaNNNDLLLUU'SS
hhhAAAnnndLEEEbAArrr
HHOOOndlllEEBBBAAARRR'ss
hhhaannnDDLLEEBaRss
HAAnndlleeedd
HInddlleeeRRR
hAndddLLLaaaRR'S
HaannnDDloooRRss
HAANNdllleeSSS
HHunnDDleessss
hAANNdlllOOOnnGGG
HUnnDMAAdddU
HoooNDMMAAAAAAdd
hhhaanndmaiiiDDD's
HunnDDmmoooAAdENN
HHAnnnddMAAAoDEnn's
hhhAAANNDDDMAAUUdooonnnSS
HHonnndddMMaaaIIdSSS
HAAnddOFfff
hhAAnnddooofffs
hhhonDDOOuttt
HAAANddooIT'SSS
haaNDuuuttSS
hAAAnnnDOOOVER
HHHENNNddeevveeRRsss
hhhAnddPPPIIICCkk
HHINNNDDDPuccKKKUUUDDD
HaaannnDppiiCCCKunG
HaannDDPPPiicckkss
HHHaaaNNdddRRAAElll
hhANdrrrAAoL'SSS
hhaannDDDruuuiiiLLLSSS
hoonddsss
hANNddssaaaWW
HaaandSOOOW'SS
hhUNNDsUWWWSSS
HuunnndSEEEl
HHannndSSSUTTT
HHEEENdSSaTT'ss
HHAAAnnnDSeTTsss
hOnnnddsfuuull
HHAANDssshhhaaakee
HHHAnndsssHHHaKKuu'sss
HeeennnddssHAkkkUUURR
hAnDDDSHAAKeeess
hAAANddshhhaaakkkiiiNNGGG
HUnnndSSSeeMMMe
hhhendddSSOOMMMEEly
HHOOnnnDDsooomeeennnEsss
hOONNNDDDSOOMMEEEnnneeesssSS's
HHHaNNDssamEErr
hANddssOmmEEESSTTT
hAAANNdSSpppikkEE
HHaaaNNNdspAAkess
HindddSSSpREEENNNg
haNDDDsPPrOnnggg'ss
HHHaaaNdsPPrannGs
HHHAAAnnnDDDSTTonD
hhhandddssTTAAnd'ss
hEEndddsTTeeNNNddSS
HHInDDWORK
hhAnnndWWWAAARRRk'S
hAANNNDDDwwOOVVeNN
HHHIInddWRReetttIIINNNgg
haNDWrIIITTinGGG'S
HHeeNDDwRRRaaatTInn
hhhIINNNDy
hAAANDyymmAAnnn
HHoNdyymmmUUUn's
HHaanDDyyMEEEnnn
hhAAnnng
hhAANNG'SS
HANgggaaaRRR
hhhAAAnnnGGAAArrr'SSS
HHHaaannggarrSS
HHHannnggbUUrrDDD
HHaaanGGGbbbIRRdddSSS
HAAANGdooG
hhhANNNGGGUUUDDD
hangggEEER
HIINNgiiiR'ss
hINNgURRRss
HAANGGEEEnnnGGG
HUnnnGGGEEEng'SSS
HHHAAAngEEnggss
hhAANNNGGGmmmAAN
hhAAAnGGGmmmOOON'S
HanngMuuunnn
HHAANNGGGNNNAAol
hhhoNNNggNNaaIIll'SSS
hhheNGGnnaaAlllS
HHHeeeNNNGGGaaUUUTTT
hhAAnggooet'SSS
HHooonnngoooutttsss
HiiNNNGGAAAVVOORRR
hhhAAANggOOOvvvIIIrrr'SSS
HHHUUngooovAArrSS
hhhaaNNGSSS
hEENgAAAP
HHHUUNNNGUUUpp'SS
hhaaanGGIIIPs
hhOnnnKK
HHAAANNNK's
haaankkkOOORR
HHHIInnKKKeREDD
HHAAAnnnKKKeeerOOOR
HHHeNkkEERREnGG
HHHAAnnnKAARRRAANNNg'S
haannnkkARoNNggSSS
HHHOOnkErrrsss
HHHAAANNkkIIIe
hhUUUnkooII'S
hEEENkkkUiSSS
hhhuuNNksss
hhhANNNKKYY
hhhAAnnKKYY'sss
HaannnsEll
HHHaaannSEEmmm
HHHaaanSSSuMMM'SSS
HHEEEnSSSoomsss
hhhiiNNUUUMMMooNN
hhhuuNuuMUUNNNs
hhAAAoooLee
hhhapp
HOOOPP'S
hhhaappHHHaaZZZaaardd
HHaaaPPHHHAZZOOOrDllYY
hhAAphhuuzARRRdNUUsssss
hheePhhhaaazArrddNNNUUUSSSss'S
hhoooPPPlleSSSss
HHHIIPlllEEsssLLLYY
HHHEpppLiiisSnnnASSSSSS
hhhAPLLLosssssnnEsss'sss
hhEEEPPlllIITTTiii
hhhUUPlllEgRRRapppHy
hOOPLOOOaaDDD
HHAPPllluuAAADDD'SSS
HHOOOpppllUUUiiiDDS
HIIpplllUllEEEGGGYY
HAAPPPLooossIss
hhhaplllYY
hhhoooPPPPPEEENNN
HOOPPPPiiiNNeeDD
hAAApppPPPOOONNNEnnGG
HOOOpppEEEnnniiNNNGG's
HHHaaappppppeNAAnnngggSS
haaaPppEnSSS
HupppPINNSSSTANccEEE
HHIIPPppENSSttAANCCCee'SSS
HAPpuuuNNSSSTAAnnCCEEES
hhAppiiiERR
HHHAApPPPiiiEssst
hhAPPPPPaaaLLLyy
hhhappppppinnEESSs
hEPpppiiNNNISSSSSS'ss
HaappPPyyy
hhEEPPtttuuNN
HArrreennggUUI
hheeerrriiinnGGUUiii'SSS
hhhuuurraangUUeddd
hheeeRRooonnnGGuuuERRR
hhhaaRRUUngguuuAASSS
haaaRRAANNNgUUUIIInggg
HeeeReesSS
hhaaraaSsssoooD
HHHARAsSSSOORRR
hhUUrrASSsseRR'S
hhhooorraasSSerrrS
HHHEErraaaSSSOs
HHaaariisssSSSAAnGGG
HHHOOORiSSSsssaNNggglly
hhaariiSSSmmOOONNTTT
heerrrissssMMMEEEnT'SS
hhAAArrrBBUnnggguuuR
HHAARRbINGGGEEERR'ss
hhhirbbbaNNNgeRRSS
hhaRbbIIr
hAAArrbbbooor'ss
HHUrBeeerrAAgA
HHHEERBBBOOORAgggESS
hhheeerrBaaarreeDD
HiRRRBBBOREER
hhhaRRRBBBiRIIngg
heeeRRbbbooRmmASSSTTeerr
HARRRbbUUURMMAASStEEErrrS
HHAArrBBoRRss
HHiiirrrdd
hharrdddBBBacckk
HHaaarDDBBBaaaCCCKK'SSS
HHARRddBBiiCks
HHaarrrdddBBBAAlLL
hhUUUrrDDDbAALLlll's
hhaaRddBBooOOOrrd
hhhiiirrrdbbbOaaRRdd'sss
HHHiiiRRddbOOOOnnd
HHardddcOOORRREE
hherrdddCCCOOvAAARRR
hhhaRRRDDDccooVVer'SSS
HHHarrddcccAvEEErrrSSS
HAARRRDDDeeeNNN
HHHARRdddEEnnneD
HHArrrdeennnEEEr
hhhaarrdddooNNER'SS
hARDDDiinnEERRs
hhhaaarrdddENoNGG
harrDDDEnEnnGGGs
haaarrrddEEnnns
HAARDDeeer
HHArDDissTTT
hoorrrDhhAccck
hhhOORRdddhhhaattt
hhhaaRRDDDHIIITTT'SS
hEEErrddHaaTs
harrdHHiEEddEddd
HHHAAARRdddHHHOOOdooddllYYY
HHUUURRRDDHHHEEaaaDDEEddniSss
hhharrrdHHAAAIIIDAddNNaSss'SSS
hhARdddhEEAArTTTaaddd
haaaRRRDDhOOAARRTTeDDLLyy
HHOOrDhhuuAARRtteedNNNOOsssss
hhhAAARRRdhhEEooRRRTTeeeDDNNNaaSSss'SS
HIRRdOer
HHHuuuRRdOOOSSt
hhhuuurdduuhhhoooDDD
HHHuuurrrDDDOOOHHHOOOOOddd's
HAARRDDiLyyy
haaaRDEEnnIIIssS
HHHARRRDDDinnnAAASSSS's
HArDDDLEEnnnI
haaarrrDDDLLLiNErrr
hhhiRRRDlliinERRR'sss
HHHIRRRDLLLAAANNeeRRS
hheeRRRdlly
hhhAArrdddnneSSss
hhhiiirDDDNISSSS'ss
hhAAArrrdPOnnn
hhurrrDPaannnS
harDDDsss
hhaarrrdSccRaaabbbLaaa
hhEEERRRdddShIIIPP
HHUrdsssHHHiippp'SSS
HAARRRDDDssshupSS
HHAArrrDSSTTTaNDDD
hhhOOrrdddssTaNNNDDD'ss
HerDSSSTonDSS
HHHUURdddTTaCCCkk
HURRRddtaacccK'ss
Haarrrdttiiippp
hhAAARDTTooppp'ss
hhhaRRRdTTTappSS
HHaaRRdwwwArII
hhhaaRRRDwUUUrrrE'S
HaarDwwIIrrrEEEDDD
hAArrrDWWOOddd
hEErDWWWOUUUddd'S
HAArrrDWWWoOdddss
HHarrrDDwwIRRKinnnggg
haRdddyy
hhhuuurrEEE
hhaaREE'sss
HHEroobbbIIILLLl
hhAAARREEEBooLLLL'ss
hhharEEEbbbeeLLlllSSS
huRRAbbbRRRIIIINNNeddd
HHEEreeeddd
HAARReeeLiipp
hhUREELLIIIPPP's
HHaarrEllIIPpEEDDD
HHaREliiiPPs
hAAARRREEMM
HHAAArrrEM's
hhhurrrUUMMMSSS
HAARROOOsss
hAAARRICCCiiTT
HHeeeRRRIccoootsss
HHaaRIIInnGGG
HHaaarrrKK
HHHuuRRkkkEEED
haaaRRRKKeeNN
horrkEEEnnnuuud
HAAARRRkIINNNiiiNNG
hOrrrKKunnS
hhAArKKiiiNgg
hhaaarkS
hhErrrLL
hhhArrliQUUEnnn
HaRRRLLLeqaaaEEnn'SS
HAArllAAQQQOIneedddee
hiRRLLLiiiQQQUUUiiiNNAAddooss
HHarrLLEEEquuIIINS
hhaarrllOOTT
HHHAAArrrLooot'S
hhhiRLLuTTryy
hhhEERRLLuuuTTrrryyy'SS
HHorlllOOOtSSS
hhharm
hEEERRMMM'ss
hhherMMMAATTTtttAANN
HHHErMMMOOttttUUNNs
HHHooRRRMMED
HHHArrmmUUUr
hhhAArrMMffuuulll
HEEERMMFFFUUULLLYYY
HiiRMMMFFFUUULLLNNNassSSS
HHIIIRRRMFFAAllNEESSSSSS'SSS
HHHaaarrrMaNNNg
HIIIrMMllAASSSSS
hhhEERmLLEEEsssSSLLy
hhhAAArrrMMllluuuSSSSNEss
hhhIIRmLLeeeSSSSSnnneSss'sss
hhhURRRMOnIIcc
HAArrrMAAANiiic'ss
hhhArrmmmONNiiiCCAA
hhARRRMiNNNIIccco'S
HHaaRmOniicccaalllllYY
HaaarmmmONNICuuus
hhaaarrmmmOOONNAAACCeN
hhhIIRRRMMOOOniiiccsss
hhhAAARMinIIIooS
hhharrMOONooAeeSSS
HHUUrMMMENNNEEEOOoooSSSLy
hirmmAAnneeoooUUUssnnooSS
HHHarrMMMooniiooousssnnneeSSss'SS
hhaaRRmmmoooNIISSStt
HHHaRRRmmmOOOnIuMMM
hhhaaarmmEENNNiuMMM'sss
HHaRMMoonnIIOmmss
huurrMMIINiizzaaaTOOoon
HEERRMENNNAAAzzatttIiiinnn's
HAARRMMMooNiiizII
hhhAARmOOOnnneeezeDD
HHHaaRMMOOnnIIzzIIRR
HHaaRRMMMEENNNiiizzerrr'sss
hhharmoooniizzEEErrss
HUUrrrMooonnnIIZZZuuus
HHARRRMOOnnnuuZIIInnGG
HAArrrmuuuNNYYY
HHAAARmmoooNYY'S
hhaarrrMMUtUMe
hhhAAArrmS
HHaaRneSs
HHHaRNNNeeeSSss'S
HaaaRnnEEsssssiiiDD
HHAARnneeeSSsseer
HHHIIIRRnnOOOsssEEEs
HIIIrNNosssssuunng
haaaRRp
hhhAArrrPPP'SSS
HuuurrpppUUUddd
hhooorrpppOOORR
hhARRRppEErsss
hhhorPiieeeSS
HuuuRRRpppIIInngg
hhUUrrPPPIIIsTT
HHIIRRRpppiisstt'sss
HOrpppiiSSStSS
HHHAAARRRpOOOnnn
hhhaRRRPPPAAOOn'sss
hhhUrpeeonnEDDD
HHHeeerPooOnnnEEERRR
haaaRRPOOOooonnnEEERRR'SS
hUURRpOOnnerrSSS
hAAARpppoOOONNiinng
hhIIIrrPPPOOOOOOnsss
HHHaaarrPPPsss
hhArPPPSiiiCCCHOORD
hhhAAArrrPSSecchhhArrDD's
hhhAARRRpsOCCChoorrddiisstt
haaRRRppSSSUUccHHHOORddiSSttt'ss
heeerPPsssiccHHORDDoooSStttSSS
HHeeerpppSSEEEcccHHHeeeRDDSS
HHHAAArrrpyyy
HOOOrpppY'sss
hhUUURRRQUUOBBEEES
hAARRqaaEEEbbuuuSEESSS
HHHaaaRRRqqqoooEEBUUsssiiirrr
HHHAArrrUDOOON
HAARRRRooodaaaNN'SSS
hAArRRoddUUUNNss
hEEErrrRRRIIAD
hhAArrIuurrr
HAAARRRRiiieeerrr'SS
hhArrrrriEEERRSSS
hhAAArRRuuess
hhhaRRRrrreWW
HHaRReWW'SSS
HooorrrrooowwIId
HHHaaaRRRReeewwonnggg
HHHORRRrrOOWss
HHoorrrrrrAAMMMppph
hhAARRrrreMpHHHeddd
hhARRRooommmPPhhUUNggg
hhaaarrRRuuuMMPHHSSS
hhherrRYY
HHaaRrrryIIInnng
hhhaaaRRSShhh
hhhAArrSSSHHaNNN
hurrrsshUUUnnnED
HHHEEErrrsshhennnIInnnGG
HAAArrshhEENNS
HHHaarrrSSheeerr
HaaRSSSHUsTT
hArrssHLLLyyy
HerrrsshneeeSSss
hArShhnESSSSS'sss
hhhaaarssllettt
HHHaarrtt
HHHaarT'SS
hhEEERRtOL
hAAARRRTTEEEBBeeeUUUssT
HHAARRtubeeEssstSS
HHaaarrTSS
HHIRRtSSShheerrNNN
HHHAAARRuuusPPeX
hhhaRRRIIISSSpppiiicccYY
HHHeeRRRvveeesssT
hhaRRRVVeeesTTT's
hhAAArvviisTTeeeDDD
HAArVVasTErrr
hhaRRRvvvesssTTER'S
haarVVVESSTeeRRRS
hhAAArrvEESStONNNg
HHiiiRRRvvveeessttmAN
hhharrVeessTTMoooNNN
hhhAAARVVVOOSSttSSS
hhhoss
HAAshh
hhhessshhh'SS
HHAASSSHHHEdd
HUUUShheEEESSHH
hhoooShhuuuiSSHHH'sss
haSSHHHeSSS
hhEEEssshiiinG
hAAssshhhisshh
HAASHHiiSSHH's
haaaSLLLuuttt
hhEEESSSlleeeTsss
haasnn'TT
hhhaaaSP
hhhAAAssspp'sss
hhhEESPPs
HHuussssIUUmmm
HIIsssslI
hhhAAAssssssLEEE'SS
hhhaaaSSSSlleeedd
HESSSsssllEEESSS
hASSSSlllaaannGG
hhIIssSSoCKK
HHAASSSsssooCCk'sss
HHHossssiiCCKKSSS
HIIISSt
hhhiiSSSTTTaaatttI
HHAAAssTTiii
hhhaaSSStee's
HHAsssTEdd
HHHOSSttaNNN
huusssTuuunnnUUUD
HHHoooSteNNIIInGG
hhOSSTTTeNNss
HiiSSTTTiiSSS
HAAASSSTTTOOrr
HHeesssTOOOUUUSttt
hhhAAASSSTTTiiLYY
HHAAAsTIINNuussss
HaaasstIIINNeSSSSS'sss
HHHASTTTiing
HHHaaaSSTyy
Hot
hATT's
hhUUttBBaaNNNd
haaatBBBANddds
hAATTbbEX
hhhUUUTBBBeeex'SSS
HHHiiittbbOOXXXEs
HHHAAtCh
hhUUTCCCHH'ss
HaaTTTccHHHbuckk
HATTTccchhhBOOCCCkk'SS
HaaattchhhBBBACCkSS
HHHUUUttccchhhIIICCkk
heeettCHEEEck's
HHaaaTTCCCHHHAAcKKKS
hAATTTcchEDDD
HHAATTCCheeeLLL
HHOtccchhIIILLLiiDDD
hhhAtcHUUlIIINNNggg
HHHIIItcccHHHeLliiDD
HHHAAATcchheeLlIIINNGGG
HHHaatttchEEELs
HHHuTTTCCChEr
hhhAAAtChERoeees
hoooTTTCCHHEERRRY
haaTTTCCChOOOrrrYY'ss
HHIIITTccHHHeeess
HaatCCCHEEETT
HHatttcchuuTT's
hhAAAttcccheTSSS
HHHaaaTTCChhhIINGGG
HHATTTCHEEnG'SSS
HeTTCCCHHlllUNGG
hhhAAtCChhmEEENNT
HHeeeTTcHwwAAY
HHITTCHHHwwuyyy's
hhaaaTccchhWaaayyys
HaaTeee
HHaTTTE'ss
HHHaattEEDDD
HHHaaatteeFuul
hhIITEfffuLLLLLLy
HHHAATTEEEFFOLNusss
hAAATTToFFuuuLLNIIsS'ss
HaaTToMMooonnngggeRR
hhhaattteemmmInnGeeer'SS
hhAATTEMMMonGGGEErrs
hAAATTIrr
HHHaaateeer'sss
HHHITTTeRRS
hhhAAATAAAss
huTTThhh
hAtttaaaNNNG
HHOOTTPPOOONNN
HHuutttpppiiNS
hhhAAAtttrrEEEd
hhhAAATTRREd'S
HHHaaaTTTREdddss
HHHatS
hhaaattSSStaaND
hhEEtttSTInnnDDDSSS
hIITttUUUdd
hhAAATTterr
hItttter'S
HHHoooTTtirrrsss
hhhAttttOOnnGG
hhEaaBErGuiiiNN
hhhoUUUBEEErrKKK
hhaEbbbeRRRk'SSS
HHHooUbbEErrks
hhEEEEEgh
hhhAAuggHHHttiar
HUUUAAAGGHHHttIIEEst
hAAUGhhhtIIlllYY
hhAAuuggHHHTINNEESSSS
haEEghhhTTTiiNNaaSSSs'ss
hhhauuuGGGHttyyy
HAuL
HHaaaeLLL'S
HHHaaaoLLLaaggU
hhiiiUUlooGGGii'ss
huUUlleeDDD
hhhaauuulllIIIRRR
hhhiIILLLER'S
HHeULLEERRss
HHHuuuUUllioooRRR
HUuulllEEEERRRSS
HeeuuLLLAAAngg
hAAUUULLLmmm
HHAAAuuulllMMMss
hhhoIILLLSS
HHHOOOaaaNNch
hhaaEnncch'S
HOOuNNcchhooos
hhAAAUUNTT
hAOOnTTT'S
HHUUUeeeNNTIdd
hhAAAuuunnnttteerrr
HAAUNNNTTERRR'sss
hhaUNTTTEERRRSS
hhEOOONTIINGG
HHaUUnnTTTIIInnnGLLLY
HHHAAUnTTSSS
HHAAAuuussFFRRIIuu
HHuuuuuSSSTTaaaLlOMM
hAAAuuusTTTIIIrrrIIIAA
hhIIIUsssttOORRRIUm
hAAAUTBeeiisss
HAuutttbbbEEEyy
hhhAAAUttBBBeeYYYS
HHAAAutteUR
hAAAUUTAAAuuR'S
HAAAVVVee
HHHAAAVVVE's
HiiivvuLiiiCKKK
haaaVVEEN
HHOOOVuuN'SS
HHHaaaVVVEENNN'ttt
hhhaVeeennss
hhhaaaVVerr
HHHiiveRRRIInGGG
hEEvEEERRsssAAcKKK
HHEEEVVVAARRRsuCCCk's
hhhavvURRsooccKS
hhhAAAvvveRSSSenUUU
hhAAVeSSS
hhAAVVillDDaaRR
HOvIIINNg
HHHEEVVVOOOcc
hIIIVaCC'SSS
HaaaWWW
hAw'sss
hhhUUUWuddd
HHOwwfffooNNcchhh
hhAAAwwwffIInnCCCHHoooss
hEEEWWWENNGG
hhhAAAWWWKKK
HHHoowwkk'ss
HHEEEwwwKKKbbILLLll
hhhEWKbbbiLlllss
HHHaaWWWkaddd
HHAWWKKiRRR
hhAwwkkEEErr'ss
hAAwkkkerrrSS
HAAwwKAAAnnnG
HHaawwkkInnngggs
HHOOOWWWkkkiiisshh
hhAAAWWKKKiissHHLLLy
hhhuuwwwKKIIISSHNNNEEssss
hhhUUUwwkkkIIsssHHNeeSSSS'SSS
hhhIWWWKKKss
hhaWWWKssshhhAAw
hheWkShuuWs
HAWKKWWWeEEEDD
haWWWKKKWEEEUdSS
haaWWss
HuwSSSI
hawssOOHoooLLI
hhaaWWWssEhUllleesss
hhAAwwSipiieeeCEEE
HOOOwSeeeppIIIppEEE
hhEEEWWSSSEEppIPPeSS
haawwwsEERRR
hhhooWSSer'sss
hhAAwwssserrrs
HHHAAWWWssseSS
HAWWWthUUrrNNN
HHAAAWWttHHHUURRRn'sss
HAAAwwwTTHHoooRnnnSSS
hhayyy
HHHaaaYYY'SSS
hhhAAYYYccoCCCk
hhAAAYYccciiccK'S
haaYYCCOCCkkkS
haaaYYooD
hhhEEEyyyFFiiieeeLLLdd
HAAyyfIIeeellddS
HHHAAAYfffOORRkk
HAyyyFFiirkkSSS
HAAAyingg
HHaaYYYLLLaaFFt
hheyyyllloooFFt'S
HHHooyyylIIIFFTSS
HHHaaaYMAAkkErrr
hhaaaYYMMAAKKeeRRsss
HHIIyyyMMMaaakkENNGG
hhAAymmmUUUWW
haaaYYYMoww's
HaayyMMMiiiWWWss
HoooyyrrrACk
hhAAyRRaacckkkSS
hhAAAYYRRRiick
HHAyyrIIICCCk'SS
HHHuYRRRiiCCKKS
hhhEEYYYRRIDOOO
HHaayrraaDDDEE'S
hhhEEEyrIIDeeeS
HAYSS
hhaayysssUUUAAdd
hIyyysssaEEEddd'sss
HHHiiYYYsEEEODSSS
HHeeYYsstttack
HHHuYSSSTTACk'S
heeeYYYSTOOOCCks
hAAAyywwAARRRddd
HuYwwweeeRREE
hhhAAZOOONNN
HuzzzaNs
hOOzzzaarrrdd
hhAAAZZZaaRRD'ss
HHHazziirDoDDD
HuuuzAAArdddiinGG
HEEzaaardOOOUUUsss
hAZZAAARRRddOOeSSlYY
HHoooZZeeRRRddsss
HHHAAZUU
hhhaZe's
HHUZZIDD
HHHoozUUll
hhUZZZeeelll'ss
HHHaaZZZELLNUUUtt
HHHaaazzoooLNNUUtt'S
HHaaZZZAAAlllnnnetttss
hhhaaaZZOOLLLSS
hazIR
hhozzEEErrr'SS
hhhUUzzzEEErSSS
HHAAzeeSS
hUUZZiiIrrr
haZZieeSSSt
HHaaZZUULyy
HHHuuZZZanniissSS
HHiiZZAnnnIIIsssSSS's
HHIIIZIING
hhhAzInnnGGG'SS
HeeZZINNGGSS
HAAAZZZYY
ho
HHHe'DD
hho'LLLl
hhhUUU'S
HHHAAaaDD
heeeEEEdd'S
HHHEEEEDDAAchhII
HHuaaadddicchhhO'SSS
HeAAdddaaacchEEESS
HHHeeaaDDIIcchhhy
HHHeeeAADDDBBBUUnnD
haaUDbbInDD'SS
heeeiiDDbaNdddsss
hhheeeuuuDbbEnnngggeeer
heeaddbbaaaNNGGeeerrrss
HooaaaDDBiiinnGUNG
HHuuuoDDBOaaRRDDD
HHHUUUooDDDbbooAARRRD'ss
HHEEEoooddBBBoAArDDDss
HHHEEEooodbEEETTtt
HHEAAAdbbuTTTTTTEdd
HEAAADBBIITTTtINggg
heeedbbUUTTtttSSS
hhhUUaaDDcoooSSiii
hhhEEAAADDDccaaasiiiss
HeeEEdddCCHHHEEEESSSEE
HHeEdddCCHAAeSSIsss
HHeaaaDccleeeTThhh
HHHEAdddccOOuuntt
HooaaDccEEEuuuNNNTSSS
HHHeeeuddDDreeeSS
hhheeADDDDReeesss'SSS
HHHuuIIIdddrossssEEES
hhheeeaDEEDDD
hhAAeeeDIIIRRR
hEEEAAduuuRR's
HHOOOeedddEEErSS
hhIaddFFFeerrrssstt
heeeaaddFiiiRiiiMMaaaSt
hEEEOddggeaaRRR
HHEEaaaDDDgUaar's
HHHEEAADDHHuunntt
HHUUUUUddHHHuNNNtttID
HHaaddHHHUUUNtEr
hAadddHHHUUUNNttiiirrr's
HHHEEaaaDHHHEEEnnnTIIIrrs
hhEaDhUUNNNttOnGG
hhheeeaDDDHHHunnnTIING'ss
hhhoaaDDDHUUUnntss
hhIAddiuuurr
HHHeeEEEDDiiOOSSST
HHHaaUDDDiiillY
hEEEAdinnUsS
HEEEooodiiinnnOOOsssS'SSS
hheAAdddIING
hhuEdddEEENNNg'ss
HHUUaaDDDAAAnnggss
HHHaaaIIIdddlaaMMp
HHHeeeiidddLAAAmmPPP's
hiiAddLEEEmmPPPs
HHHeeeaaaDDLLLANND
hhheeeDLaaaNNNDD'ss
heeeaaDlllaaanndddSSS
HHeeAADlllUSSSS
hhhaaOOODLLIghhTTT
hIIIaadddlOgghT's
HHEEuddLLLiGGhhhTTTS
hheaaDllliiiNeee
heeeeeDDDLLIIINNeee'S
HAAaaaDDDllloNNEEDDD
HHHEAAddLLLIInnnEErr
hhhEEEaaaddLiiinnnAAArrr'SSS
HHIAAAddLiiiNNeRRs
hhheeeEEEDDDLeeNEESS
hhheeoDllInnIInGGG
hheeAAdlllUUUCCCK
HHHeeADDlleCK'sss
HHeEEDDDLeeCkkkSS
HHeeaddlllONNNGG
HEEEEEddmmmAAnn
hhiiEEEDmmaaannn'SSS
hhheeeAdmmmAssTTeeR
HHUUUdddMaSSSTTTIrrr's
HEAdddmoSttterrrS
HHEAdddmAAsttERRRsHHHIIP
hhoooaaDDMMMEEENNN
HHHoooaadMMUUssTTTrraaSSSS
HOOOOOOdmmmAAAssTTTRRReesssS'S
HHeeeAdddMIstttrroosSSSeeS
hhEEAADDMMOsTTT
HHUiDDnnoooTTTee
HHHeeeaaDDDPhUUUNNo
hhEEaDDPPhoooNNNEE'SSS
HHueeDDDpHOONEEs
hUUADDDPiiieeCEEE
HHOOOaaaDDPPEEEECCE'sss
hhuuEEEDDDppiiECCCIs
hooaadddppUNN
heeeAAAdddPPiin'ss
hhhOOOADDDPIInnnsss
HHeeeaaaddQQIIIOOORRterr
HHHIIEddqqquAArTTEEErrreeeDDD
HHHEeeeDDDqUIIRttIIrInG
HuuadQQQiaartttooRRRSSS
HooADDDQQQuARTTaaRRss'SS
HHeeaDDDRRUUCCCii
hiaaadrUUUCCOs
HeiDRuOL
HUUaaDREEEACH
hhheeeAAAddRRREEEST
hhheaaadddrUUUSSSt'S
HeeeUUDDRRRaasstss
HHHOADRooooM
hhheeeuuudddrreeiiimm'sss
HeeeeeeDDDss
HHeaaDDssseeeIIIlll
HHEEEAdSSAIIIlSS
HHoiiiDSSCCCIRRRf
HHaooDssCARRvvveeeS
HHHEEEAAAdssEEETT
HHHAAAAAAddsEEttt'S
HaaAAdSSeeTTTs
HHHEaaadSHHHOOp
HHeeeodddssHiip'SS
HeAAAdddShAAApSSS
hhuuuUDSHRRAnnkk
HHEEEodssHHHRRRoNNNKKKUUURR
HHeAAADDDSSSHHHRRiiNNNkoooRR'sss
hhheAAADDSSShhhRRiinKKuRRSSS
hiaaadddSmaan
HHOOOAAADDDsssmuuNN'ss
HHEEEUUdsssMMEEEN
hhEEEaDssprrronnnGG
hhiODsssppprrIInggS
hhhooAAAddSSStttAAlLL
HHEEAAdStttuLLLL'sss
HEEIIIDDDStooLLLS
hhhOOAADDDsssttENNddd
heeeAAADSSTTTAnnnDDD'ss
HHHAAAAAADDSSSTTAANNdddsss
HHHuaaddsstteecKK
HuuuOOOdsTECkkks
HHoooAAdSSStttOOnnIII
HHHAADDSSTOONNNU'SSS
HHHEEEADDDSStoonoS
huADDSTTreeAAm
hEEaDDDStttrOnnnG
HHHeeADDDttIIIaacccHaaaR
hhhEIIIdtttIaacHeRRss
HHOOOODDwwaaaEEETTiirr
HeeeaaaDDDwwwAAiiTeeeRR'sss
HHHueeedddWWWUiiTOOOrrrSSS
hOOaaadWurrddd
HHHEEUUUdddwArrDss
hhoooAAAdddwwwAAAtUUR
HHEADWWEtttoooRss
hhhEaaaDwwOOTTorSSS'ss
hAAaDDDWWaaaYYY
HuuuAAAdddWAy'SSS
hheeeeDDwwwOOOnd
HHHeeoooDDWWiNDD'ss
hhEaaaddwwwIIIndsss
hhhEEeeeDDDwwwoooRDDD
hoooAAdwwoRRD'sss
HHOOOaaaddWWWORRdSSS
HHHEEEoooDDwwwuuRRRk
HHeiDDDWWOrkoR
HHHuuueDDyyy
hhEEEoooLL
hheeOOlaaBLeee
HHHEEAlluuuddd
HHHeeAAALLoRRR
hhEEEaaLuuuR'S
hhoooIIIllAArrrSS
HEEALooonngg
hhEEEALInnnGSSS
HHHeeeaaLSSS
HHAAAAAALLTTH
HeaaLttthhh'SS
hheeAAllltthCCCaaarrEE
HEaaaLtthhhCCCarEEE'S
HHHEAALTThhhfffEEEl
HHHEEUUUlllTTHHHFFAALLLLyyy
hhuuuiiillttHHHFuuuLLnoooSSSSSS
HHHeaLLLtthFFFuuLLLNNNEsssSSS's
HEEooollltHIIIERRR
HHAAiiLLLtttHIIesTTT
HHHEEEolThiLLLy
HEEEOlltttHiiiNNaSSSS
hhhEEaaalllttthIINNAAASSSSS'sss
hheeOOLLLttths
HHAoolTTTHHYYY
HEAAAppp
Heeeeeppp'ss
hheeuuupoooddd
HEEEaappIINNNg
hEeeeppps
hhhEaaR
HAAAeerrddd
HeeeARRRiiiR
hEEEoRErrr's
HHEARReeRRSSS
hhEEEAAArrIIInngg
hhhOOuuurrrinng'SSS
hheeeaaaRIINNGS
HOURRKKEEnn
HHHoEEErkkkiinEddd
hhEEarkkiiiNIng
hhEEIIrkkiiinnSS
hUAAARRss
hIIIooorrrSoY
hAAAEEErrrssaay'ss
hhhIAArssseee
hEEeeerrsAAA's
hEEAARRSEss
HHHUUArrTTT
HeArrttt'SS
HeooorteeeCCHHHEE
hhhIarrrtOOcHeee'SS
HHHeeeaRTTacHHHuuss
HHHeeeAArTTTbEEEEt
hhhEEAAArrrTTTbbbUUUAAtt'SS
HHHEORRRTBeaTTsss
heeIIIrTTTBrreukkk
HHHeeiiRRRTTBBBRRReeeaakk's
hhIIOOrrTBruuuAAKKKeeeRR
hhiiiaRRtBBBrrrAAAaaakkiiinnnGGG
HHEEAArttbbRIIIAAKKInnGllY
hhEEEOORTbbruuuIKS
hhUUURRRtttBBrriiiKKOOONN
HEEaaRRttbROOKKKOnnnlllyyy
HeearrttBBBUrrrnn
HEaaaRRTTbuuurrnn'S
HEEAAArrrtttBBBuuurrNNiiinnnGGG
hhhEaaarrrTTBBuurrrnnnONGGGS
HHHEEUUrtIDD
hheeaarrTTTeeNN
HEEEAARttAANeedd
HHHUUAAArrrtttennniiiNGG
HHeearTTEEEnnns
hhhaaaaaRttFELtt
hhhEEAARRRTTTH
hhheeOOOrTH'ss
hhhaaaAArttthRRooG
hhiaRRRTTHHRRRIgSSS
heeuurtttHs
hhhaaaAArTThhhSSiiiddEE
HOaRRTTThssTToooNu
HuuaaarTHssttooNNNEEE'SSS
haaaaaaRTThhhssTTOnEsss
HiiurrTTAAErrr
hEEaaarrrtttoooEsss
HHooOOORRtttIIeesttt
HAAAIrrtttaaallyy
HHHAAuuRttiiiNNeeeSSSS
heeeuRRTTTONeesssSSS's
HHIIIOrrtttlllAAnnndd
HEEEurrttLaannddd'SS
heeeaaRRRtttLAnnnds
HeeOrrrttllIIsSSS
HHHeiiiRRRttLLLUUSSSsssLyyy
heeArrrtlleeSsssNNNEsssS
HiiAAArrTllloossssneeessss's
HHHEEEURRRttrroNddduNNNGG
hhheiiirrrTTRRENNDDDeeennggLLyy
HHHEEaaaRRTTss
HHHaaaRRttssseASeee
HEaaarrtSSSuaasseeeSS
HHEUURRTTsssuCCkkk
hheaaarrTsooCCKKKNAssss
HHeeUURRtSuuucckkkNNNesssSSS's
HHuUUURRtSOMMMeee
HHEEEooorrrtSStttrrIInnngs
HHEArrrTTTsTTRRInnnggSS'sss
hhhEaaRRtttthhrrooobbb
hhooouuRRttttthhhRRROOOB'SSS
HHiiAAArTTTTHHHroobSSS
hhhaUUrrtwwwaRRRmONGGG
HeooRRRttWuuoDDD
hhheeeuRtttwOOOOddd'S
HHHeeeaaarrtWWWOOOrmmm
HEArtyy
HHEEEAAArrtYYY'SSS
HUUUaattt
hEEEEt'SS
HHHeeEEETTTeDDD
HHIIoooTTeDDllY
hhaAAttteeRR
HEEAAtttArrr'S
HAAAATTooRRRs
HHEEEUUUtHHH
heeeAAttH'sss
huaaThhhbbeeeRRRRRRyyy
heeeAttthhEnnn
HHHeeeaTHHHEEEn's
HeeeoooTTThhhUUUnDOOMMM
hhEEEOThOOONDDDAMM'SS
hhhOOOATTHoooNiishh
hEEEaaTThhIIINEEsssMMM
HeAAtttHHeeennniSSMM'ss
HHHUaatttHHHeeenaZEEE
HHeeAAATHHHeeenry
HHHEEiiTTTHHEEEnnss
hhuuuutHHeeeRRR
HHHEEetHHHeeer'ss
hheeoooTTHeeeRss
HHEAAtttheeeRyyy
hhhooATTThhhLLLOOONNddd
hheaatthhhss
hhhEEEaTHY
HHHEEEoTTIIInngg
hhheAAATTiiiNNGG'SS
HHIIAAATTTpRRRoooooFFF
hhhEEEoootSSS
HHEEaTsttRRRuke
HEEEAttsssTTTRRokkkee'ss
HHHeeeAAAtttwOOveee
HHEEEaaaTTWaaaVVeS
hhhAAAAAuummuuu
HAeeiiiMMMeeeSS
hAAuuvvvIII
HEEaaVVeee'ss
hhhaivIddd
HEEEeeevvvuuNNN
hhheeAAVVVeNNN'sss
hhhEEaavvEnnLIIerr
hhhEEEaaveeeNNNLeeESTT
HEEEIIIvvvEnLLLIIINNiiSsss
hhEEEaaavAANNlyyy
hhEEoovvvINs
HHUUUaaavEEEnnns'sss
HeeeOOVEEENNWaaarddd
HHHeeAvvvAAAnnnWWoooRRRDsss
HHHeAVUUR
HHEaaavvverr'sss
HHHOOAVIIIRsss
hhOaVosss
HeeAAAVVVOOAAARR
HHEAAAvvviiiUS
HEAVVVeeeOOOSSTT
HHHIIvvvIIlyy
hEEEuuvviinISSSSS
HHHuuAAAvvenneeesssss'S
hAAAaaVVInnGGG
Heeivvvyyy
hhheeaavvYY'SS
hhhEEUUvyhhhAAeeeRRTTeeeD
HiiooovYYiisssH
HUUUaaavvvyyySSSeeT
hheeeaaavYwwweuGGGHT
hEEAAVyyWEuugghht'sss
hhEeeevvYYYwwoooiGGGhhhTTTss
HEbbbdddOMMaaaDDD
hhhEEBBBDAMMMIDDUUll
HHeeeBBBDEEmmmoodAAARRRYY
HABdAAMMOddS
haaaBiiiPPPhhRuuunnAuuu
HuuBBoophhrEnnnIIuuS
hhheeBBeeTAAAte
hhhAAbbbAAtttIIC
HHEEButeDEEE
HHeeebbiituuudesss
hheeeCuuTommmBB
hhheeCCUtttuummmBBBSSS
HHoock
HHHECCCk's
hhhIIICCCkkkILLLPPPHHANNNe
HHHIIcckUllpppHHoonass
HeeeCCCKKKlllEE
hhheCCKlluu'ss
HeecccKKllOddd
hhhEEccckkkLLEErr
HUCKLLeeeR'SSS
HHHoooCCCkklliirSS
hAckllAsss
hhheeeCCkkkLLLeeeNNNGG
hhEEckkllliinnnGGG'S
hhhEEEctttArrrIIgE
HeccTTAAArrrooo
HHHecTTArrre'ss
hucccTTTaarrIIIs
HeeCttiic
hEEEcctttiiiceLLLLyy
hhhUUCTTTooCCCOOtttylOOOsss
HHicccTTTooGGRRaammm
haaacccTTTiiGrram'SSS
hheccTTIIIgramSS
hhhUUUcttoGGGraaaPPPHHH
HHEEECCCttuuuGruuphUUD
HHHiiiCCToooggRRRAAAphoooNNg
hhheeCCCTTTiiggRRRaaPPhhSSS
HHeCTToooLLiittEErr
HaacctEEElootteRRRSSS
hhECttOMMeTTEEER
HHHecccttUMMMeeetttEERRR's
HHeecccTOOOMMMiiTooRRRSSS
hEEEcTOOORRR
hEEcccttOr'SSS
hOOcccTTooorreDDD
hhEEECCTErriinGGG
HHecttooRRRIIInnGGGLYY
HHeeCCTToRRSSS
HHHaaaDDdllluu
HHHAAAdddiiiR
hhiiidddggEEE
hUUUDGEE'SSS
hhiiiDDDGGEEd
HHHiiiDgEEHoooG
hhheeeddgggAAAHaaggg'sss
hEddgggEEhhhAAGSSS
HUUDDDgggIIIHHHOp
hhhADGGOOHHAPPpppeDDD
hoddGEHHoppppaaannnggg
hhAAADGGGUUUhhhOpppSS
hhhOODDDggeeerr
hhaaadddgggEEr'SSS
HHHEdddGAArrrOw
heeeDDGGGarrOOWW'SSS
HeeeDGGeReewSS
hhEEEdGERRRS
HHEDDGeeeSS
hhedGGIINNGG
HHAAAdddAANNicc
hAdOnnnIIIccs
HHeeDDOOONNNisM
hhEEDoooNNIIssm'SSS
hhheeDDDooNNaasssTTT
HHHEDDOnnuuuSSTT's
HHEEDDDaNNEEESSStiiiC
hEEdOOONiisssTTIICeeLllly
HHHUDaNAASSTTs
hhhEEEOOOd
HHuEEED'S
HHHeeeDDUUdd
HuuuiddFFFOlll
HHIidddFFFUUUlllly
HHiieeedfffEEElneessS
heeeEEEDDDffuullNiSsseSS
hhhEIIIDDEEEnGGG
HHHeeOddllEESSSs
HHUUUEEDDlIISSsLLyy
hhhIEEEDLLLEsssNNNiisssSS
hhhUEEDlOOOssssnnnoSSSSSS'S
hhhOEDDS
HHiiiohhaaw
hhEEeehhhOOww'ss
hhEEuhhAWWWeeDD
HHHeeeeHHuuuWinnnG
hhhiiEEEhhhiiWWWss
HHooIl
hEEEElll'sss
hUUOllluuuD
HHEEeeLIIRRR
hhhIEELAAnG
HHHEEEiiiLLLLLLIssS
hhEuuLLpppiieeeCCCe
hhEollPoosst
HHIIIOOLLss
HeeeaaLLTTTaappp
HHoooFT
HHAAAffftt'SSS
hhhAfffTTTIId
hhUUUfftttiiiR
heftttAAAaSSTTT
HHHefffTTAAAlllY
HHHOfffttiiiNNNaaaSs
HeeFFtennASSS's
heeeFFtttonG
HHuuufTTSS
HHHiiiffftyyy
HHHEGGGEEMooonnnIIccc
hhEGUmOOnnniiiSMMM
HOggEMonisst
heegggOMMMOOONY
hhEEgggeeMoooNNNy's
heeeGGiirrre
HEEGGirUU'ss
hhhEgiraaas
HEEguMMMeeen
hEEUUUFEEERRR
HEEEiFFFir's
HHHOOOIIFFaarss
hheeeoGGHTT
hhhaaaIGGGHHTTT'SS
HHeeeooGGGhhttEENN
HaaIghhhTennneeD
HUIGGHHHteeNNiNNNGGG
hheiiiGGGhhhTTTeeeNNSS
hiiGGhhhTss
HHHEEEInOOUSSS
hEEEIIINOOOAAASSlllyy
HHiiiINiiiUUUSnnnIIIsssS
HuAAANOOUssneeSsss'ss
hhhEEiiiR
hEEIIR'SSS
HHHeeeiRRRdOOmm
hEEEiiirrIIIsssss
hhhiiirrrOOsssSS'sss
hhOiirrESSsAs
hheeaaarLLLOOuummm
hhhOiiRLLLiOmm'S
HHHeeeIrrrLOOOOOMSSS
hhhEEiiiRSSS
heiiiRSSShhIpp
hEEAAASSSt
hhheeEESST'S
HHEiiSSTTTeeD
HIiSTTTInnGG
hAAAiisssTTTS
HHald
HHOOOLIIIEEECCAll
hhOOLLLuAAANtHHHIIIS
HHUlliiaaaNttthOSSSEEss
hhEELicccaaaLLL
HHallleeCaaLLLLLy
hEElIIICCeesss
HOOLOOCCLLIIINNNe
HHEEEllIIICCoogggRApH
HHEELiiCCUUiidd
hhhelOOOcONNN
HeLAACCCOnnns
HAliiiccciiiPPPTEr
heLLiiceeepppTaaRRR's
hilIccEPPPTTeerreD
hhoooLLEccoooPPttteeeriiinnnGG
hhheelllUUUCEEpppTTTAAArrSS
halllIIIACennTTrIIC
HOOlAAICCIINNNtRRoCOll
hELLiiiooocccunnntttreeecccaaalllLLLy
hEElliIIICCCeeeNNNTTTrIIccoTTTYYY
hhEEllliioGrrOpHH
HHeeellluoooGGrrraaaPPHHHeeedd
HELLLIIIUUUggRRAAppphiiiNNNggg
hhELOOGrrappphhhSS
HeLooouuGGROpHYY
HUlUUUOOOGGGrAAvvvuRee
HeelllIIIoolatttrIIas
hhhEllOiilaTRRy
HHHOOOlaIIImmETToor
HeLLiiioosssppphheRaa
HiiilllUOOssTTTiiTTT
HHeLLUUottAAXoSS
HHHeeLLiiiOOTHaaaraaapppy
HHHUUUllliiIIItRRooopppO
HHHoooLLIuuttRRUUPPaa'sss
hhUUUliioTrooPeeeS
HHOLEEEoTTTroooPPPiiiN
heeelliIITTTrrrOPPiiSSSM
haLLLOOOOtrrroopIIsssMs
hullIIOOOTTYYYpE
HiilllUUUOOTYYppaass
hhhAAAllOooozzIIIAnn
HHHElIIIAAAZZZUoNNss
HHHuLLLiiiPPAAAd
hhhEELiiipppaaaDDDS
hhheeLLLOOppUUrrrTTT
hhEEELLiiiPPoooRRt'ss
HHeeeLiiiPPeRRRts
hhhUUULLiUUMMM
HHEEElllAAUUM'SSS
HHaalixxx
HHELexxx'ss
hheLexxeesss
HHIILl
hhhUUUllll'ss
hEEElllllBBEENNdderr
HHoollllBBUNNDDUURRs
HHHellLLLbbbEEEnnTTT
HHHEEELLLlllbbbOOXXX
HelllLcoooTT
hhheeellLCCit'sss
HHHeeeLlcaaTTS
HELLLldddiVVVuuuRR
hhiiLLLliiiBBBaaaRREEE
HHEEELLLlleeBooorrreee'sss
HoLlllERR
hhhiiLLLLerss
hhhEELLLLLFFiirrrEE
HHHelLLFFiRRAAAS
hOOOLLllGGrrAAMMMMMoTeee
hhhuuLLLLLHHHUUULaa
HHHaaLLllHHOOllleee'sss
hhEEELLLlhOOOllaaas
hhiiLlHuonnnDDD
HHElLhhooUnnnDDDS
HHELLLIIuNNN
hhheeelllllIIOOnnn'S
HulllLaauuunnnSS
HeLLLLIISSh
HHEElLLUUUsHHLyyy
hhhelLLLUUShhhnnnEEESSSss
HEEELLLLLiisshNEsss'sss
hhholllLkIITaaa
HHellLo
heeLLLLooo'SSS
HHEEELLLLLOOOS
HHHuuuLlllS
HHHeelllleVVaa
hhhelm
hhhaaalm'SSS
hhOLmEEt
HeeeLLLmmeT'ss
hhhEEllMMEEEttEEddd
HHHEELMeetSS
HellmiiinnnTThhh
hhEEllmmmooonnTTThhIIIAAASisss
HHHELLMMMooonTThhhAACCC
hhooLmmoNNttHiics
hEllMMMiNNNTHHiiillOOOGYYY
hhEEELmmminnnttHHHS
HHHeellMMMS
hhhoollMMMSMMaaNNN
halMMsMMMaaNN'SSS
hhhaLmmmssMeeeN
hhhELLLOOTT
heeelettt'SS
hheelllUUtttaGGO
hheelloootttiiiSSSM
HHHIILatRy
heeLETTTsss
hhoollP
HHHoooLLLPP'SSS
heelpppaaaDD
hhELLpEEErrr
hhheLLLPPPEEEr's
HElPPPerSS
hhelppfffuuulll
HHHEELpppfiiillllly
HAALLPFFFULNNNaaaSSS
hhhELLLpffUUUlllNeSSSS's
HHHEELppiiiNNGGG
HEEElllPPUUNNNGGG'ss
hheeelppiiinnngss
hOOOllpLLLEEESSSss
HAllPPlIIsssssllY
hheeLLPLLEEESSSSnnUUSSS
HooolplllEEssSSSnEESSSSS'sss
heLLLplIIInEE
HEELppllleeennneeesss
HeeelPmotttE
HHHELLppMaaaTTTEE'sss
hhhoLLPPmmmaaatttesss
hholllppmuuEETTT
HHElllPPPMioTTT'SS
HHHUUUlllPMMEEOOtttSSS
holllPPsss
hIIIllVee
HHHeeelvvo'S
HaallVes
HHHIIImm
hhhEmmm'S
hhheeMICHHHRoomO
hhhUmaaaGGGGGLLUtttInnnutttEE
HeeeMMMAlll
hhammaaannnggiiEEEmAA
hhEEmaNNgggIIImmmAss
hhoomEEEtttEECC
HummATTTAAN
HHHuuuMOtttIIInIC
hEEMaattaaTTTaa
HHImmmOOTUUtiii'sss
hEEMMaaatiTooos
HHeeemEEtoooBLLLIsssT
HHeemAtocceeLLLUUU
hIMOTOcccrrrYaaLLL
heeMMMOOtOOGGGUUNEEssiiiSSS
HEEEmEEETAgeeNNNOOOsss
HHHUUmmATTOOidd
hhhUUUmmootttolllIIGGIcc
HHEmmuTooLLOgOOOCCCUUUL
HHHeemAATTTeelloooGGGiissTT
HHUUMAATTTiillooggUSSSttt'SSS
hhhiiimAAttOOOlEgggISttS
HHHeeematteelllUUUGGGYYY
HHaammmaaatollloogggyyy'ss
hhhEMaaaTTOmmmi
hEEEMUUTOOmmosss
hhhUUmmmIITTTummmAttteee
heMAATTIIIpppOOOoooeeesssiiiSS
HEMMAAATTosssiiS
HHHeeemmaToTheeeRMMAAl
HHEMMMAAttIIXXyllIIN
HHUUUMuuTTTOOOZZZIIoon
HHiiiMiTTTuuurrIaaa
hhEMAATuRRRiiAAs
HHHeemmAAA
HHHEEEMMME'S
hEEmmEEELLLYYTTrrrOOONN
HAAMMArAliipIiii
HeMAArrrALLLeeepppiiooosss
HEEEmmIILgiiAAA
hhhaaaMMIIIAAANNNOOPPsia
HummIIIccc
HHHEEmmmicccEEllllEEELLOOOsssUUU
HEEEMMMIICCChIIIRdddaaatte
HHIIMIIIccrrOONNIIOO
HEEEMMMICruuunIIaaSS
HHHeeemmmiCCCycLLu
HHHeMocccYCCClllEESSS
hhhooMMModdeMMIIISeeMMiiiqUUUaveRRR
HHeMiiddemmmEEESEMMMeeequuuAvERs
HEMMMiiiAAlllyyTTTRRROOON
hEEEMMMOOhhhIIDrrIIIl
HHEEmmmihhYDriiitttE
hhuuMMMiiiMMMEErrrPPPhhhuCCC
HeeeMMMeeemmmooRRRPPPHHIItEE
HHeeMMEEmORRRppHIIIteeS
HHHEEMMMiiinn
HHHEEEMiiiPllIIGGGIIIaa
HaMIPPPlllIGIIAAsss
hhEEEMEEPOOODDEE
HHHeMMiiiPIIIddOSSS
hhhEEEMIPPTTEEErooaSSS
HHeeemmmisphhheeree
hhhemmEEsssPPPHHEEEREEE's
hhOmmESSpphiiiRRROOOS
HiiimmmiiisPPhhhEEEriCC
HeMMisssPPHHHaaarrUUUCCCeeeL
hhhoooMuuuSSSphIrrreIIDD
HHHIImmIStttUch
hhhEEmaaaTTerPPPannEEE
hhOOMoTTropppaaa
HHEEEMMLIINNU
hhEEMMllliNNNEEE'SS
HEEmmmluuunneees
HHimmllUcck
hheMlllOOOCK's
HHeeemmmlooCKSSS
HeeMMMmmeeDD
HHHeeeMMMMeeeRRR
hemmmmIIrr'SS
HHEEmmmmAARsss
hhemmmMMeennGG
HoooMIcccYYYteee
hhheemmmeeeDDDIIiLYYSSeeess
HHHiiiMMOOODDDiaaLyyySuuuSSS
HeeemoooglOOOBBINN
HEEMMEEGGllloooBinnn'sss
hemmooiiddd
HHHEEEmolllYYSSES
hEEMoooLLyseNNN
HHHoooMMillysssiiisss
HHHUUUmmmOPPHUUULLLiuu
HHemmmooppphUlAAAo'sss
hhhuMMeePPHHHOOLIIIoC
hhImmOOpppHuuulIAccc'sss
HeeMMMoooPHHHIlllIIIEEEcccSS
hhEEmmAAAphhiilIc
HHHOOmoRRHHAAGGe
hEEMMooorRRRhhAAggA'S
HHEEEmmmUUUrrrRRRHeGGIIIddd
HHHeeemmooRRRhheggIIIs
hheeMoooRRRRRRHHuuGGiiiCC
heeMMMuuuRRRrrhhAgAnnnGGG
HeeeMaRRRRRRheeeID
hhemmmIIRRRRRhhheeeood'ss
HHAAmoooRRRrhhhAiiiDeeell
HHHEEEmmmURRHHHOOOaaaDDDECCCTTTooommmY
HHeMMaaaRRrrrhhhaaaiiddS
hhheeeMMUSSteeessIISS
hhhEEEmmEEESSStttaattt
hhhEEEMMMUUSTOTTT'S
hEEMOOOSSStAAAtIIC
heMMaaasTTTaTSSS
HHEEMOOTTThAARRUUppYY
hhEMP
HHHemmP'SSS
HEEEmmPUUUnnn
HEms
hhEmmmstttaatttCChh
hhhEMMSTTotttcch'SS
hhhuuuMMMsstitCCCHOOdd
HHeemmSttuuuTTCCChhEEEs
HHHiiiMMssTTTIIITTTChhIINNGG
hhhOOONN
heNNN'ss
HHennBBBoNNee
HHHIINNNbbaNNNAAASS
huuunnnbbiTT
HHHiinbbIIIttsss
HHHeeeNCCEE
HOOOncceforThhh
hhheeeNCEFaaRRRwaarrd
hhhENCHHHmmunnn
HHennnCChhmmOONN'S
hhheeennChmeeN
haaNNNDDaCCAGONNN
HHEENNNddducAAhhhOdRRROnn
HHENNddOOcIISYYLLlABBLLLe
hhhOOONdOaDyss
hhOONNDAAaaDDyysssEEss
HHHeenEqqUUUEnnn
hhhoooNNNGGGIII
hiiiNhhoIsssEEE
HHeeeNNhhOUUSSSeeSS
hhhennnnuu
hhheeennnnna'S
HHUUnnnnAAAeeed
HHIInnNNNAAAAANGGG
HHAANnnas
HEEENnOOOrrry
HHHAAANNNuuthheeeooosssMMM
HHHeenPPPAAACKK
hhhEENNNPPPEEEcccKKeeddd
heennpOOOCKUNNNg
hhhOONPPuuuCkkSSS
hhhOOnrriiieS
HOOONrYY
HEEENNs
hhoNNNTTT
hhhoooppp
HHUUPPAARRRIINN
hhhUUpUUUrAN'ss
hOOpppotOCCC
HEEpppaaattIICCuu
hhhoPPPaaaTTTIcccoooSS
HHAppAATTTATTTOOS
hhhePAAttAATTIss'SSS
HHeepppCCCAT
hhhEEPpppUUUr
HUUPPPPPPEssttt
hhheeePPPTTTaaaCHIIrrrDD
HHHEEEPPTTTAAADDD
HHUUUpppTTTaaDDs
HHeeeppttUUGeeNNN
hhhIPPtttAAAGGGON'SSS
HHeppTTAAAgEEnnALL
HapppttAAGOnnSS
HHeepppTTTihheDDDRRRoooNN
hhhEpTTAAmeeerrooooss
HHEptttimiiiTEEER
hhhOOppTTOOnee
HHHeppTTenuus
heeePPPtiiiNgguuLLLaaaRR
hEEptARRRcchhhy
hhhEptttaaasTTiiiChhh
HEPPTTTOOOThhLLLOOnnn
Hepppttaattthllloonn's
hhhEEEPPPTaaTHHLoooNNNSS
HHaaappTeeVVVALLonttt
HHEPTTTUUDDe
hhheerrr
HOr's
HoooRELdd
HHeRRRAldd'ss
HHerrIIILddeeDD
HUUrrraaalllddUUUCC
hhEEErrrEELLLDDoCCaaLLLyyy
hERRulDIIInggg
HHERREElDDDooSSStt
hhuuurALLLdddrryyy
hheeRROOOlDRRRY'sss
HHeeeRaaaLdddSSS
hhheeerbb
HaaaRRbb'ss
hhuuRRBBBOOOceeeOOOiis
HHErrrbaaGGii
HHHIIRRbbbagee'S
hhhAAARBBBalll
HHHEEERRbbEEELLiisssMM
heeeRRRbbbiiilllIIISSSTT
HHEErrBBAALLissttt'SSS
hheerbIIILIsstts
HeRbbboLLS
hheRBirrroooEEE
hheeRbbbeRRRIuuummm
HOOrrBBBIIcidaLL
HEEERRbbbaaccIDDDEEE
hAAARBBBicccAde'sss
hErrbbICCCodddeeess
hheeerbbbIIVVVOORRREE
HHHErBBUVVVAARReee'S
HHHOOOrBBeVoorooss
HooorrbiVEROOOUUUsss
HiiRRBeeVAAARAAAUSSSlllYYY
hhhIIrBBSS
hhEEERRbbby
hoorcccIIILLOOOan
herrrddd
HHAArrdd'sss
hUUrrrdeddd
HHOORRDeeR
haaRRDDDIIRRR'ss
hhheRRRddduuuRS
hhhEERRDECC
hUUURRRDEEEnnnggg
HHHaaardddss
HHerdSSmaaann
HEErrDsmmmAAAnn's
HERRRdddssMMMeenn
hhhIre
hhEEErrroo's
heRRROOaaabIIuT
hhhEEERREAAABooouuuts
HHeeerrEEEAAAFFFTeer
hhhUrrEEIIFTIIIr'sss
HHooorrrAAAAAfffteeRRRs
hhhoorrIEEtt
hEEErrreeebbby
hhhUUrrADDAASSS
HHHURReeeDIItttAABBLooo
hhhuuurredddeTTTEEMMMeennnttt
HHHErruuudddiiiTuuMuuunntttSSS
hhheerrEEdAtttaaaRRIIIeennIIISSSmmm
HHHeriiDDuTTAAArrriiiLLy
HHHeerrroodddEETaaRIInneeSSS
HEErrreeDDIIIttARyyy
hhERRROOODItYY
hheRRedduttYYY's
heReooon
HHEEErrrEEEiiiNNNeeefffteer
hhheeerrrEEEiinBBAAAfUUURa
hhERReeeAAAnnntAA
hhEErrAAAOOfff
HEErrriOOOnn
hhEERROs
HHHuuuRRRaSSiiiaaRRcccH
hurusssiieeeSS
HHHErruSSSY
HHHEEErrEEsyy'SSS
heeeReetttICCC
hhheeRREEtttIIccc's
HaaRRReeeTToooCAAAl
HEEERRReTuuuCCaaLLLLYY
hErrrItiiicccs
hheerUTO
hUUURiiiTTTEfffEEERUUU
HEEErrrEEEundAAAR
hhEErAAAuunnttteee
HOOroeePPPoonn
HEREwwwiiiTh
HHEEErriiOOOT
HHUUrrrIIItttAAABaLIIITTTy
hhhuuRiTaaBBBlEEE
hEERRRIIITaaabbly
HHHEErrIITTTAAAGGGe
HEEERRRIttaGGGe'ss
hhhAARRRiTTTAAAGOOOSS
HHEEErrritttOOOR
HErrriiiTTTuuuRRRS
hhhArrrL
hhArrrM
hhhErmmmeeppHRRRiiiddeete
hhhiirmmAPPhhRREDDDiiitttE'S
hhoorrmmmUUppHHrrrudiiiTTAAASS
heeRmmmapHHRRUDDDiitttuucc
hERRRMMIppHRRaaditooCCCEEEl
hhErrrmmmUUppphhhRRooDDDaatttiiiSSMM
hhhErrMAAPPHHrrrOddiiTTIIIsssmmmS
hhheeRRRMMMAANNuaaatttiiCCC
hhuuRRRmUUUNoaatiCCCIll
hEERMMMeennneeeuuuTACaalllLyy
hhhAAARRRMEEEnnnAAAUUUTTTaaCCs
HeeerrrMMeetiC
hermmiTTTICCOOOLLL
hherMMeeTTTIICaaLllYYY
hhErmmEEToocciiiSSSmm
HUURmAAt
HHoooRRRmmmUUT'ss
hEERRMMIIITTaaGGGO
hhhOORRmmiiiTaaagoo'SSS
hOORmmIITTTaGEESS
HHErrmmmiiittooCC
hhERRRMAtsss
hherrnn
hhIRRniiiAA
HHEEErrrnnnEEAA's
hhheeRRRNNNUUAe
hhhAARRNIAAAll
HAArrrNIIAASS
HooRNNNAAAAAttA
hhEERRRNIIIaTTTeeddd
HuuurrrnUUuuTTTOOSSS
hhheerrnnniiUUTTTeeennGGG
HHOOOrrNNuEttIION
hhhAAArNNNoAtttOoooN'sss
HHHoorrNEEEeerRRHOOppphhyy
hUUURRRnnnEEootooomyy
heeeRROO
HHHeeRRA'S
hherrroooiiiss
HHHirrEEIIccc
hhhIIrrOIIIccAALLL
HEErUUOCCOlllllyy
HHeerrrOOIIcsss
hhhuuurrOiCCss'ss
hhEERRROInnn
heRRRoaN'S
HHHErrUUUinnnAA
heeRREEEeeNNNe'SS
hhheeeRROOiNuuSSS
hhEERiIINSS
heeRRREEIISSm
hhhiiirrrOOOOOOSmm'sss
hherrUnn
HHHEEERUnnn'ss
hhheerrrEnnnrIIIuuSS
hhEruunnnrryy
HHHerrOOOnss
HHerroos
hheeeRRPeS
hheeerrrPPeeess'SSS
HHEEErrrPPPuuuToCC
hherpEtttOOLLaaaGGEECCC
HHeeRRRPPeeetooliGICCEElll
HHHAARRRPPATTTOOOLLLOOggOOSSStt
hhhErrPOttOLLOOOgggiiist'ss
HHHuRRPPPETTTaaaLooogggAAAstttS
HArrrPaaTulllaaGGGyyy
HHIIRRpppEtttOOOLLLoGGGyy's
hherrriiNG
HEEErRRInGG'SS
hherrRRRINgBBBUUUNNNE
HARRRrInnnGGbbONNNee'SS
hEEERRrUUNGGGss
hhooorrrSS
hhheeersellFF
HUURRTTzz
hAArTTz'S
heRRRTTTZZZAAASS
HHEs
hhEESSSiitIIInnncccEE
HoosssUUUTTTAAANNNCCCoo's
HoosIITUUUNNcccYYY
hhEEESSSIItaaanccYY's
HHaaaSSitannnttt
heeeSSiTTaaaNTTTLyy
hESIIItttuuTTE
heeesssIIIttaaatODD
HeeSiTTTAAATTTeeeSSS
hhhoosssiiitttAATTaaaNg
hhiiissaaTTutuuNNNgllyy
HEEEssaTTaTTTionn
HHeeesssiittaaaTTaaaoon'sss
hhESSSITTAAATTeoooNNs
hhhUSSPPPUrrrOOddonn
HooosspeeRRIIdIIuummm
HHHEESssseeAnnn
HHHeSSSSieeeNNSS
HHHeeeSSsssIIITTEEE
huuuST
heeeTuuuUrraaa
hhhOOOtERReeCCooOOOUUs
HEEETTTiiiRRiisssMM
HHHUUUtttUUrO
hhheeTTTEroo'ss
HHHAAttErooocccOOrrCaaLLL
hhhEETTTErrOOOCChhReeMaaatttIIccc
hhheTeRuuChhhrrrOOOmAAATIIInnn
HEtttUrrrOOOCCCHHrraaamiisooommmaa
hhhETuuuRRaccHrrrOOOMMEEEuss
hUttAAArrrEEEcLiiitttOOO
HHeeeTTIRecccLLItEEEc
HHetteeeREcccyyyCCCLLLiCC
HHHeeetteRRoodddOOOXX
HHHIIItteeeRRIIDEExxxYY
hUUUtterrrOODaaXYYY'SS
HHiiiTTEEERRRIIIDDDYYNNAAA
HeeeTerrrOdddynneDD
HHetteeeRIddyyyNNEESS
hhhEEETTTerrrUUDDDyyNNNuuuNNNGGG
hhheeetttUUrroooGGGAmmmeeettte
HeeTeRRReeegaaaMYYY
HHHIIttirOOOggEnoooUTy
hhhEtttOOrrrOgunuuiTTTyy'SS
hhuuTTUrOOgggiiiniiioUUss
hhEETErrrOGGEEnIOOOuuSSSLLLY
hhUUUTeeRRRuGGEnnneeeAAAuSSnnnEEEssssss
heeTTEEERUUUGGGeennnUUUOUUUsnnnEESSSsseeeSS
HEEETEEERooGeeenESSSEESSS
hhEETEErrOOOgggAnniiiSiiiS
hhhEEETTTEErOOggIINNNuTAAccc
HHeTTeROOOGGGuuNNaaaEEs
hhEEEteROOgeeeNNNyy
HUttaaarrroGGGRRROFFtt
hEEEttEEERegRRaaaFtss
HHHiiiTuurrriiGGrroPhyyy
hhhitteRoooGGYYNNooUUS
HHEETTuuurOOlllIIIciitHHaaaLL
HeeTTURRRaaaLLLuuGGOAASSS
hheettuurOOlyyysssiiis
hhETTEERROOOMMMuROOEEEs
hhhEEtOOrrrIMOOrrrPPPHHHIIcc
HHEttoROOnIIImmIaaass
hEtOORRROOOnnOMMMYYY
hhEtttARUUnyymmm
HHuuTTeeRRRoonyyymIIc
HETTTEEERRuNNYmOOOUUUsss
hhhItttIRRRaNNyMsss
HHeeTTerrePPhhheeeNYY
heTTTEEErrrOPPhhhyllLOOOas
HHHetttIIrrroooPHHHYTe
hhOOOtttIIrrOpppLLLuuuSSTTTy
HHHETAArrrOOppeellarr
HHiiittooorrOPPttteRoOSS
HitteeRosss
HoootttERoooSSEEXuuuaLLL
hhheetEEErrOSSSeeXXXuuaaal'SSS
hhheeteeeROSSSeeexUUUUUULLLEETTYY
hheeTTTEErrrAAASoXXUUALLLIttYY'SS
hhhuuTIRROSSSeXXOOOALLLy
hhiiiTaaRIIIssEXXUOLLLs
HeeeTTeROOSeesss
heeetOOORRooSSSPPoooROOUUSSS
hhETTuraaaTaaaXXXiis
HHHOTEEEROOthaaLlllEEcc
hhhiittErrOOtttaapppiiiAAA
HHooTTTuuRRRooTTrrUUUpHHH
HHHETEEERRRETrOOOppphUUUCCC
HHHOOTTOroTTROOOPPHiiiccaaLLy
hhhITTTIIIrrrOtttrrrUUPPPHyy
HAAteRRoooTYYPPPiic
hhETEEERRROOzzYYGGeeTEEE
hhhetttUUURRRaaazzyyyggOooss
hUUTThh
HHHeeettthSSS
hhItMMaann
hAuuLLLUUNddaaTi
HHHOOIrrriiisssTTTIIc
HHHEuRRRIISTTTic'SSS
haaauuuriStttUCCUUULLLLLyyy
HHeeuuuRRAAAssTTUCSS
hOOOuRRREEEsTTiiicSSS's
HOOww
hhhEEEWWeeeD
HHIIWWWarrr
hEEEWWaaarr'SSS
HHeWWWEEERss
HHHEEwwwaaaNggg
hhUwwnn
hhEEEWWWS
hhhEXX
heX'SS
heeeXXXaaCCCHlllorroppHHHeNNNUUU
HEEXXXAAAChhoooRRdd
hhhEExxAAAdd
hhuXOODEEcIIImmmalll
HHEEEXXiiidSS
hhEExxoooomOROOONNN
HHHEXaaGeNNN
HHHeeeXXAAgooon'SSS
HHoxOOOGGGOOOnnnAAlll
HOxxoooggiNIlLLYY
hhEEExxxaggannnS
hhhexiggrrAAmmm
HexxxaaagggriMM'sss
hhEEExaagggrrroooMss
hhhEExxaaaHEEEdRaaaN
hhuxxaHHaaaDDrrUUUNSS
HHHeeexxxUUUHHyydRRRAAttte
hhaaXXIImmerooouSSS
hhhEEEXUMEEETTTIr
HHEXXameeTTERRR'ss
hhuuxxxImmETTTeeerrsss
HHiiixAAmmmEEtthhYYLLLoonattteeTTrrAAAmmmUUUnneee
hhhEXAmmmeeeTRic
hhIxxxaMMMooottrIIICCCaall
HHHaaaxxxAAAnnnEEE
hhhexIIInEEsss
HHEEXXAnnGGIILAARRR
hhuuuXAAApAAARRtttEEETTeee
hhheexxxUUPPPla
HHHIxaaaPPPooodd
HHEEEXXXEEppOOODDDYY
HEEExxAArrrcccHHyy
HHEEExxxaaasssTTTOOOCCH
hhhUUxeesttYYLeee
hhheexxiiivvULuuNNNt
HuuuXXXIIddd
Huuuxeerrr
hhhEExxesss
HexxxEEnggg
HExxOnuu
HEEXEEEssAAn
hhheeexOOOSSSeee
HHHEXXOOOsseSSS
hEXylll
hEEEXXXyLLrrreSSAARcInnnUUUl
haY
hhhAAYYdddeeey
hhhaYDaYY'sss
hIIYdddayyys
hhg
hhhhdd
HHEE
hIIIAAAtaal
HHiiuuTuuSS
hhhIOOOTUsss'sss
HHiAAATTTaaSSSiSS
HHHoooBIIcchhhU
huBBaaacHHHii'SSS
hhIIBBBaccHaaass
HHHiiBeeRRRNNNecciiLLeeM
hhhibbbERRRNNUUUll
HHHIIBBBuuurrNAtUUU
hhhUUBBBeeeRRnnnaaTTEEEDD
HHAbbooornitUs
hhhiiibErrrNuuuttEENG
HOOOBBEEErrrNiiitEEEIN
HHHIIIBBeerrnaaTEUUN'SS
HHiBBuuRNAATTTooor
hhhIIIBeeRNNuuTTToorr'SS
hhheebbeeerNUUUTeers
HHHIbUUUSScuuss
HHeBBoooSceeesss's
hUUBeessscccuuSess
HHIC
hicccCOuggghh
hhIIcCCIIIUggHHH'ss
HIIcccoEEGGGhhhUUUd
HIIcccCOOuuGGHHHIIINNGG
HHHiccCCOOOuuGGHS
HHEEEcccCCOOPP
HHIcccooopp'S
HHIccccuuPPAAADD
hhECCCCCuuuppiinng
hhAAACcIIPPPS
hiiiCCCkk
hhhEECCCk'SS
HiiiccKKKeY
HHIIICCkEEEYYY'ss
hhhaaCCCKKKEYYYSS
HHHOcccKKKOORIIIoooss
hhiiiCCCkeRRRyyy
HHUUCCKOOrrrYYY'ss
haaCCkks
HHIIIddd
hhiiidAllGGGoo
HIIDDDdddoooN
hhooodDDDUnnuuuTTTeee
hhhiiDDDDIINOOTAAs
hODDeee
hiiiDEEE'SS
HOOODDDUAAwwwAYY
hIIIDDeeeeewaY'SSS
hhhIDDOOOaaaWWAYYS
HHHIIIdddEEbeeUUNNND
hhhiDDDEddd
HIDDOOOEEEUss
HUUUdeeeoUUUSlyy
hiideeuuuuuussnuSSss
HUUUDDeeooosnnEEEsS'SSS
Hiiideeeoit
HuuuDDEEUUett'ss
hhhiiiDDDooooUTTss
hhhAADDEERR
HHHADEEERRR'S
hiiDDDEErrsss
HHHEEDDaaasss
HHuuddinnngg
HEDDDiNNGGG'ss
HIIIDDiiiNNNGS
HHiiddRRRaaseeS
HHHIIIDDDRRRoSSSiiis
hiiDDrrrOOttICC
HuuuUUU
HHIIIeeDDD
HieeIIInG
hhhUUOOMMMoolll
hUUeRRRuucccOOsssPPHHinnnxx
HHOEErraaaRRRCCHHH
hhhIIIErruuurrrchAAALL
hIiirUURRRCCHHiiccc
hhIeerrraaaRRRCChaCCeeL
hiieRRiRRChhhOOOCCCaLLLLLLyy
hhEEIRRUrcccHIIuus
heeerrarrrcchUUzaaTEOOONNN
HHuiRAArCCChhhiiZZZeee
HIIIEERRRAARchhhSSS
HHieraaarrCCChYY
hiiiiRRRAAARRRchyy'sss
HHHiuuuRatttIIccc
HHUUUaraaTICCaaLLLLYYY
HIeeREEEcccRRAAACyyy
hhhiiiRUUcccrraaaTTTIIICCC
hiaaRodddUUUlleee
hhheeAARagLLLypphhh
hhhEEEEErrOGLYYpH'ss
HHIIeReegglllYPHIIIccc
hhhiiiuroooGGLLLyPPPhhhiiC's
HHiieerrruuglllYYYppphhOOOCCAALLL
HiiieeRAAgggLLLYpHicceLLLyy
hhhiieerIIGGlllYpppHHECs
hhhOeREEGGLLLYpHHs
hhAeRoooGRRRAmm
hOOeeerroooLLuTTTRRRyyy
HHUURRRellOOOGGGYY
hhhiiierrOOPhANt
hiiOOOS
HUUUFuuluuuTTinnn
hIgGGllEE
hhIIIgggGGllled
hhhIIGggglllEEErrr
HHigggglEEsss
hhhIGGGggLLIIINNGG
HHHOgH
HHHAAAggghh'SS
HHHegHHHBBBAAlllll
HHHaghhhbbbuLLLLL'sss
HHIIIgghhBBBULLLlllSSS
hIIIgHHBBBAAnnDer
HHHIIggghbinnnDDiiirrsss
hhoooghhhbbbOORRRnnn
hhEEgghhbbAAyyy
hhAAGGhhBBBAYY'sss
hiGHHBBOOYYYss
hiGGGHbbReDD
hiiGHBrrooowww
HHEEGHHHbbbrrIIIWWW'S
HHiiiggghhhBRROOOWWWeeeDD
HHHuuGGGHHbbrriiwwwiSSMM
hiiiGGHBBBRRRoWWsss
hhagghhCCHHEiRR
HHHIIGhhcchhhIArr'S
hhugghhhCHAAAUUUrSS
HegHaaRRR
hiiGGHHarrSS
hiiGGhaStt
hhUggghFalitttinnn
HHHOOggHHHFFALLLeeettAnnngg
hhhAAggHfflllEEuR
hhhiGGGhFFlaaaOORRSS
HHIGGHHhhhEEEndddiidd
HHiiGGHhinnddeedddLyyy
haaaGGHHHandUDDnnnEEEss
HuuuggHHHhhIINNDDDIIIdddneeeSSS'SSS
hhUUUghhiiSShh
HHHIIIGHHHjjaaccK
HHHiiGGGhhhjOcccKKK'SSS
hhAAAgghhhjiiCCCkkuddd
HHiigghjiickkoor
HHaaGhhhJaCCKKKErr'ss
HHIIgghhjjiicccKERRs
HAGhjaaCCCkkkAAnnGG
HHIGGhhjAAACCCKKKss
HAgggHHlllANNNDDD
HUgHlAANddd'SS
hhhIIIGGGHHHlAnnddUr
HHHEGGGhhhllaaNNDaaar'SSS
HiiiggghLLaannDEErs
hheGhlllaaanDsss
HHHIIIGGHHlIIIGGGhhtt
HOGhlIghhhTTT'S
HaaaGGhhlliiGGHHTTTEEDD
HHHiiiGGhhhLLIIGGGHHTTTEEER
hIIGGGhhhLLUUggHHHtttEERRR'SS
hhiiiGGGhhLLIIIGGGHTTTIIIRRSS
HiGGhlllIGhtttENg
HIggHHlllaggghhhTTTs
hhhIIIgggHliiiNNa
hhhiiiGHHHLyyy
hiiGGhNeesssss
HHHUUGGhhhnnnooSSsss'SS
hiiiGGGHHpoooONNNtt
hhhiGhrrOsseee
hegghhhRRIIIsssOO'SSS
hhhIggghhRRIIISSuuus
hhigHHrrrOOiiidd
hUUUghRAAAOODDD'SSS
HHIgHHRRRIADDsss
HHHuGGHS
haaghhttt
hOOggHttUUUOOL
hheggghttauuulllEd
HiggghhhttAAOOllliiNggg
HIIGhTuuOOlss
HuuughhhtUUUSSSt
hhaaGGHHWWaaaYYY
HUUGhhhwaaayyy'ss
HHuGGHHHWWUyyyMiiiNN
hIGhhhwwwAAAYMAAAN'S
HeGGHHHwwwAAAYmmEEN
HigHHWWWaaYYYsss
hhhiiijAACkk
hiijjjaaacccKKK'S
hhhiiJJEccKKKidd
hhhUUJacKKKErr
HHHaJJJiiiCker'SS
hhIIJJaaCCKKOOOrSS
hajjjEccKIInngg
HaaaJEccKINNggg's
hhiJIIckkIIINNNGGGS
hhIIIJJJaaacccKKKSSS
hhiJinnnkks
HaaakEE
hAAKKKEE'SSS
hhhiiiKKEED
HHHIkkkeeer
HHiiiKeRRR'S
hekiiRRsss
HiKKOSSS
HikkiiiNggg
hhhiKOnggg'sss
HHiLE
hhhUUULERRRIIIOUUUsss
hhhilllURIIooouussLyy
hhOLLaarEEEaaaiiiSSNNooSSss
HHIIIllaRRRIIIooAAsnnnOssss'ss
hillIIrrUTTYY
hhhUULLLaaaRiitYY's
Hilllll
HHHoLLl'SSS
hhhoLLLLBBiLLLiESSS
hhhiLLllBBIIILLYYY
HHHIIILLLbILLLLYYY'SS
HHIILLaaEEERR
HHHiillLLLEOOOsssT
HHHuuLLLlllIIINessss
HHIILLLLLiiNEEESss'ss
haLLLLOOckkk
HiiLLlOOcccKK'SSS
HiiiLLLoocccKSS
hhhUUllls
hhaalllLLsssIDDDEE
hIlllLLLsADDDoo'S
hhIIIllsEEEDDDeS
HHIlllltttOOOp
HHiillllllTTToPPP'SSS
HHHIIIlllLLTTOpppSSS
hhhIIIllllwaaalllkkinGGG
HHHiiilllLLLyy
HHHiiLLLT
HHHulllttt'SSS
hOllTTTss
hiiillummm
HHHIM
HIImmm's
HHIIMMMAttuuunn
hhaaammsss
hhAAAMMMSaaLFFF
HHuuuN
hhheNDDD
heeeNNddd'SS
hiNdbrrruuN
hUnDBroooiNNSSS
HHiiNDAAAR
HHOOOnnDDeereDDD
hoonDDERRREERR
HIIIndooorrriiNNg
hUnndUUrrMaassttt
HHHinDORSS
HINdgggUt
HooNNdGGGuuTTTss
HHHiiNNdddMOSTTT
haNNDDQUAArrtttUUR
hUUNNNDDqqqUUUIIrrTTiir'SSS
hhhooNNdddqqqUeerrrtteeersss
hhIINNNDDDrrrInCu
HHHiiinndddRRRANNNCCCeee's
HHHINNDDRRUNNcccAASSS
HAAnDS
hhIINNNDSSSEGhhTT
hIIINNdddssaagggHHtt'ss
hhhaannDDDwwaaRRDD
hhAAnnGGGooo
HHHinggge'SSS
hEEEnnnggIID
HHInnnGEsss
HAnnGiiiNNggg
HHiiinnnnaaEEES
HHHIInnNNYYY
hiNsss
HHHiiinnnT
hhhIInnntt'ss
hhhOOOnnnTTAd
hheNtErrr
hhhaaaNTEEERRR's
HuunnnTTTEEERLaaaNNdd
HHHIIINNtttooorLLiiinnDDD'ss
HHHUUUntttEEErrlIIInnnDDDSS
huuNNNtteeRRRss
hhuuunntttUUNNG
HIIInnTSS
hhhIppp
hhIPPP's
HHEEPPPbattth
HHHiiPPPbbooThSSS
hhhiiipppBBBoonEE
hhhOOpppbbbOONeee'SS
hhaPPbOOOnnnOOOSSS
HHHIIpHHHAAAPP
hhhEEEppHHugGGGEEERRRss
hhIPPPNOOOSSSs
HHiiippNNosSSS'ss
HHHIPPPPAAArrrcchhh
HHepPPEd
hhhEEEppppERRR
hOppppEEstt
hIIIPPPPPPiiee
hhhupppPPPiieee'ss
HIIPPPPPPiiudddeemm
HiPPpppIIAAss
hhIppppUUnggg
HHUUUPPpuu
HHIIpPPOOO'SS
hiiiPPPPPPoCCCIImmmpI
HHHuuPPPiiCAAMpAAAsss
HHiipPoccrrruuus
hhhUUppppppuddrrriiimmmOOO
HHHUUUppppOOdddrrEEMMMee'S
hhhIIpPPPOOOdraaammmuuusss
HHHoooppPPPoogrIIfffF
hApPopeeeTTTAAMo
HUPpppiiipppITTeemuSS
huuppppEpppIIttAAMMMUUUss'ss
hhiPPppAAPPOtammmusoooS
HiiippppOOppoootiMMMIIINNNsstttRRIIsOSSSqqUUIIIpppUUDDAAALIIannn
hhhiipppOSS
hhiipPPYY
hhhEPPPPy'sss
HHHOOOpss
HHHiiPPPSSTEERR
hIIIPPssteerrr'sss
hhUppSSSTURSSS
HHiiRAAGGaaaNNNaa
hhhirrrCCAAnnnE
HHHaaarrrA
hiiirrrE'SSS
hhhiRRRoD
HHHiiRRReeeLiNGGG
hhhoRRReeelloonnnG'sss
HHHiRRRillOOnGGGSSS
hhhErreRR
HHHUUURRRoRs
HIIRReees
HHIIIrrunnnGGG
HHooRRRSSSUTooo
HHHuurrrsOOTaNNNeesss
hiiiRSSiTTaaannneeeSSs'sss
HoooRssiTTTEEssMMM
hhiiirrrSeTTeSSmmmS
hhIIIrrruuuDeNNN
HiiRUNNDaaanni
HHiiisss
HHHIISSSPEEdd
HHiiissspppIIIDuLUuuss
heSSSSSS
hOOOsssss'sss
HIIsssaaD
HHHOOOSSEEESS
hAssssAAAnnnggg
HHIISSsinnnggSSS
HHHaSTTTamiNNAAse
HHHIIISTameeeNNNAAAseeeSSS
HiSTamUUUnne
HHiiiSSSTTTaammiNEE'ss
hhIIssstttaMMMiNeeeS
HooostttaamOnnnUUUccc
hhiSSSttIIIDDOOOniii
HHHeSSTTiiiDDiiinnniiSS
HuuusTUUOCYTTuu
hIISSTTooOCCCYYTaaas
HHHiStoocccHHHImmIStrY
HiSSSToccEMMPAAttIIIbuuullluuuTTTYY
hhhiSSSttOOOCCCOOmpppuToobbbLLLeee
hhhIIsTTTooogggeNNN
HEEsToGGiiiNeeessiis
hhhUUUSTTOOOGGGRRAAAm
hiSSSTTTeeGGrrraamm'sss
HHISSSTTTUggrrroomSS
HiissttuuIID
HHHIstttoLLAgggIIIc
hhhIIIStttoolllagggiCCALL
hhhEssTTAAlEGGGiiiccaLLLLY
HHiiisttaloooGOsssTT
hhhisssTTTUUULOOGGiissTTT'ss
hhhiSStttaaaLUGiStsss
HHIIStttIIIlooGGGYY
hhISTTulllOOGGy's
hhuuussTTTELYYssIsss
HoosTeeeNeee
hhhiiSStOnnnEsss
HiiSSTTEEPPAAAtttHIILOOOGGGyy
hhhOSStttOOOplllissmmiiSSSOOOS
hhIIIsssTTaRRIann
hooossTTooorrEEEAANNN'ss
hIIStttEEERRiiiaannnSS
hhIIIsssTTOOORiiAAttaaD
HHissstttORiic
HHHiissTTTERRRaCCCull
hhhIIIssttoRaacccilllLLLYYY
hEESTTOOOREcccuuusssMMM
hhIISSStttAAARReeccooSSStt
HHiiiSSTTTIIRIIIccoooTYYY
hIssstIIIrrIIIcccIIIttyyy's
hhhiiissTORRiiood
HHHiiissstORRRIiiiss
hOOssstttaRRRIIoogggRRREphEEER
hhosTOOOrrreeooogggrraaappHHaar'ss
HissstIIIRRRIIIoGGrrEpppHHHerrSSS
hhheeeSSSttteerrrUUooGrrAAPPHiiicc
HHHAsTTTOOORRaaaOGRRREEPhhhICAAl
hhhEEESSSttIIIRREEoogggRRaaappHY
hOOSStttOOOrrrIIIOOOgggrriPPPhhhyy'SSS
hhUUUssTiiirrrYYY
hhhisTORRRY'SSS
hhiiisstttrrrAIIInnnEEc
HHIsssTTrIIUUnAACCoooLL
HIsTTriiinnnaaCOOLLyyy
hEEEstRRIEEENNNIICCCSS
HHHUUUSTTRRRoooOOONNiiCsss'SS
hIsssTrrruuuONNIIISSmmm
hhItt
hhhEEEt'SSS
HHHiiitttChh
HiiTTTCChh's
hhIIttccHUUUdd
hhhiiTTTCChheeeRRR
hIITTTcccHERR'SSS
HHHetChOOORS
hiiittCHHiiis
HHHiiitccHHhhhuKKa
hhhIIItcchhhhooKeee'sss
hiiTCCCHHhhhIIkkkeeedd
hhhIttCHHHHiikkeeerrr
HHittCCCHHHHHiiikurr'sss
hhatttCCHhIKKEErrrSS
HIITcchhheekkeSSS
hiTTTCHHhiiiKinnngg
HHEEETTTCHHUUnnnGG
hhiTHHHaRRR
hhiittHHHERRRMMOOST
hhEETHHEEERRttoo
HeeethEEErrwwaaRDDD
hhiiTsss
HHHiiittTTaaaBLLe
hAAATterr
hhaTtttEER'SS
hheeeTttteRS
HHHIIItttUnG
HHHiiVeee
Haveee'ss
hhhiiivvuuDDD
hhhIIIVEEES
hhiivvviiNNNg
hhAYYA
Hlll
hmmm
hhMM
hhhii
hhuuu'SS
hEEEAAAccttzzIIIN
HHHOOacccttzIIInSSS
hhhOOaaGGIa
HHuuaaGAE's
HOOAGGiiEEsss
HUUUagy
HooaaGGYYY'S
hoooaaRRR
hhhOOOiirdd
hhhAAArrdd'SSS
hoooaaaRRRddeeeD
HHOOOaaaRDDDEERR
hEoRRdddaaRR's
HHiorrDDDuurSS
hhUUeRRdddUnngg
hUUUAAArrdddAAnG'ss
HHHaaaurrddiiinnnGGSSS
HHOOEEERDDDSSS
hOOOAAARRRFrrooostt
HHooArrfffRROsst'SS
hhOOERRRHoooUnnnd
hIIIirrrEeerr
hhheAArrrieeSSStt
huuuaaaRiiLLy
HHuaaarraaNEESSss
hhhooeeerrINNeeessss'S
hhhAAaaaRRRSSS
hhOOOORSUUU
HHaaaOOrrrSSSAAlYY
HHOArrSeeeN
hhhOOAAARRRsseeeNEsS
HHHoAAARRSOOnneSSSS'SSS
HEEaarrSoRRR
HHHiiaRRRSSEEsT
HHHOOERRY
HHHOOOaaTzzin
HHoatttZZZIIInnns
HHooooxxx
hheeexx'S
hOIIXiiiDDD
hhuuuaxxEERR
HHHooiXAAAR'S
hhOOOAAAXXEERRRs
hhhUUUaaaXXES
HHuEEEXXiingg
HHEEEB
HOB'sss
HHHooobbbBBiEES
HIIbbBitt
HHHoobBBlE
hhaaabbbbbbllu'sss
hhOOObbbBBBLLLeeedd
hhhaaaBBBbbblEDEEhhIIYY
hhhOOObBBlEEddUHHOOOYYSSS
HuBBbllloorr
HOOBbbbLLLeerrr'SSS
hhOOBBBbbbLuRRRss
HHHIIIbbBBBllleS
HHOOBbbbLLLiiiNNNGGG
HOObBByy
hooBBBbyy'SS
hhABBBBBBYYhAArssAAA
HHobbByyyhOOORRRSSUU'SS
hhheeBbbYhhUURRSess
HoobBBYAsT
HaaabbbBBYeesssTT's
HHIBBBBYYiiistss
hIbbggoooBlin
HEEBBBGGGEEbLLIIIn'ss
HOObbGGOBLLuuuNNs
hhIBBBnnnaaOOL
HHHOOObbbNNNuuueel's
hhOOOBBNAAAiLLLeeDD
HHHaBNNNUIIIliiNNNGGG
hhhUUBNNNaaIIIlsss
hhobbnOOBBB
HooBBNNIIIBBBbeeeddd
hhhOObNNOOObbbbIINNG
HHHoooBNOOBSS
hhUBBo
HHHAAAbbuu'ss
hheBBBaaUUUsss
hhaaabbbOOsss
hhooobbSSS
HHHOOCCCKKK
hhhoooccKK'SSS
hhhoooCKKeed
HHHOOOcccKKKEEYY
hhhiiicKKaaaYY'sss
HHHEEEckiiiNGGG
HHooocKKKS
hhhoooCKSShhhOOOPP
hhhIIccckkksHHHipp's
HHHiiCCKKKsHOOOPPSSS
hhhOOCUUSS
hEEddd
HAAdd'S
hhooDdddEEEnnn
hhOOODDDGGEEpppIDDGII
HHAdGGiiippOOOdddGGUUU'sss
hhhAAAdgggEEpoodddgaaSS
HODDMaaaNN
hhhODDMMeN
hhhoooDDDUmmEtttEErrr
hhUUUdOmmoTTErrsss
HHHoooDDDSS
HHoooe
HHHOE'SSS
hOOOeCCCoookkE
HHHaaICCCaaKUUU'sss
HHoooeeecccAAAKOOOSSS
hhhOeeedd
HHiiiEEEdddeewN
HiEEEddOOOwwwnnn'ss
hhhOIddawwwnnnS
HHaeeeiiiNNG
hhhOOOAAAR
heeiiiRRR'SS
HHHoooIIIrss
hooos
HHOGGG
hoooGG's
huuggAAANN
hheggoNNN's
HOOOgggAAANNsss
HHOgbbeeeCkkk
hiiGGGbbAAACkk's
HOOOGbbbAcKKSS
HHHoGfIIssshh
hooGGGGGeeDD
hhhEEEGGGGGooorrr
hOOOGgaannnGGG
hhooggGGESSHH
hOGGGGGGISSSHlllyy
hhhIIIgNNNUt
hhooGGss
HHOGGGSSSHHHaaaad
HaaagggSHHHEEAAAdd'sss
hhIIgggssshhuuUUddS
HAggtttUUUAAA
hheeeGTTiEEED
hhOggtiOOOaNNGG
HOOgggTTIIIeeess
hhhOOOGGGtttYYOONNNg
hhoooGWWaaSSSh
HOOggwaaaSSSHH's
hhhooGGWWWeeeed
hoooGGWiiiEEdsss
hhaiiiCCk
hhOOOIICkkEDD
huuiCCCkkiiinngg
hhoiccKKss
hhIIUUddOOOn
HHoeessTTT
hoooIIIstt'SSS
HHOOuuSSTTEEddd
HHHoeeeSteeRR
hhhoUUSSttEENNG
HHEEIsttss
HHHiiikkee
hhOOkkeDDD
hhOOOKEss
HHoooKIIIy
hOOkkkiiier
hhoookkkUUUeeessTT
hhhoooKKKiiinnG
hhhIIIkKuu
HHOOOKuuMMM
hookkkUUmm'SSS
hOOLLddd
HOLLLDDD'SSS
HHOOOLLLDOOble
hooLddaaalllL
HOOOLddiiiLLLLLsss
hhOOlllDBIICCKKK
HeLLLdeeenn
holllDDerrr
hhhuuuLLddaaRRR'sss
hhIIILLdddErrrs
hOOOLLdddFeeSt
hoLLdFUUUSSSTTTss
HHeelllddaaNg
HollDDAAANggg'ss
HHuuuLLDDIIInGGSSS
HHHoooLdddoouutt
HoolddOOOuut'SS
HHHiiLDDoooaatss
HOOlllduveRR
hhheeeldddOOvvvIIRRR'SS
HHoLLDeverrss
HHOOLdSSS
HHHOOllDupp
HHHooLdddup'SSS
HHoollldddUUpppss
hULLEEE
hIIILO'ss
hooleeeddd
hhhooLLLuuprrOoFFF
HHHalleess
HHHOOleey
HHHoollidooyy
HooolllidddAAAyy'S
hooLLeDDDAAAYAAADDD
HHiiLLLAAADUUUyyyIIINNG
HUlllAADDDaaaYMMMAKeeeRRR
hhhOOOllUUUdddaaYYMMiiiKKKiRRRs
hOLLLiiiDaaYYYsss
HHaaaLaaeeeRRR
hhhOLLLiiieSSTT
hhhooLLLulllYYY
HHOlllOONNNeeeSSSsss
HUUlInnuuSSSS'S
HHALLUUnnG
HHOllIsssmm
HHHollleSTTT
hhooollisssTIccc
HHHolAAASSStaaaccaaallllYYY
hhUUULLLlllaarrr
HHOLLLllEErr'SSS
hhoooLlIIrrUdd
HHOOllllluuRRaannGG
HHHILLLLLeeeRsss
HHHUllAAAOOOSSS
HHoLLLLOO
HHHoollOOO'sss
hhooLlluuuUUD
HOLLLllAAAuusss
HHHoooLLloinnng
HHoooLLLeeeS
hooLLLLOOOW
HHOOOLLllliiWWW'sss
HHolllLLLuWWARRRee
hhholLLOOwwEERRRes
hhhooLLLuwwwed
HHHOOlllLLEEweer
hOOLLLooWUSSTT
HOllllOwIInG
HHooollloooWWlyyy
hhhoollllooowNNNESSSS
hhooollLiiWnniiiSSSs'S
HeLLllAAws
hhOlLLUwwWWWaarrrEEE
HHOOLLloowwwwwaREEEs
hhhiiilllyyy
HHoooLlYYY'S
HHOllllyyyhoooCCKK
HHHOOLlYhoccck'S
hOOOLLLLyhOCKKKS
hOOOLLmm
HHHoolllMMICC
HHHUUlmmmiiUUmmm
hhOOLmmIIiiMMM'SSS
hhhOluuuBBLaaSSStUUCC
HolOOOccIIIuSSt
HooLLAAACauusssTTT'sss
hhholllEEEcccaaaUUUSSStSS
HHHooLLOOOCCCriiNNeee
HHAAlllOOOAAANZZYMMME
hhheLiggReMM
hoooLOOgrrrAAMMM'SS
hhOOlIIgggrAAAmmSS
HHUUULLeegrOOPPPhh
HHHooolooGGrAAAppph'SSS
hhheLLLagRRRaaPPhhhiiC
hhhOOOlIIGrrIIIppHHHIIccciiilll
HOOOLOOOGGrrAPPhhiicccaaallLLLYY
HHHoologroooPPPHHHs
hhhOOOLLLOOOGGGrraaapphy
hoooLLLOgggRAppphhhY'SSS
HULLLeeHEEdddrEEEL
HHULLOmmmeRPPPhhIIccc
HHOOOLooPPhhrrraasEE
hOLLOOpppHrrrUsssUUS
huuuloooppphrrreessTTOC
hhOOllOOOPPPhyyyTTTOOC
HHHOOLootHIRiiiAAAnnn
hhOOLOTTThhhEriiiAANSS
hoooLOOTTTyyyPPPee
HHoLLLoTTypppees
HHuullOOZZooiiicc
hhhEEEllPPP
HoooLPPPEEnn
hhEEELS
hhhOOllSSTTTEERR
huuuLSStEErr'SS
HHoLLSSStttUREEEdd
hhulllssteeeRIINNNG
HHHALstteRs
hhhoollT
hhOOOly
HHOOOllYYYSSttOnEEE
hhhooLLLYSSTEEEnnnIIddd
HHoooLYYYSSTTToNNNuuuSS
HHHOOOlyySSStttoonnnEEnnGGG
hhhOOOLLLYtttIIDDDe
hhoMIIGE
hhhummmAAAGGGE'ss
hhhoooMMuuuGGGEER
HHOMMMiGGGEEEsss
hiiimmbbRRREEE
hhhuuMMBBBRRE'SS
HHHOMMbbReSS
HHooomBUUURGG
HHHOmBBeeeRRRg'sss
HUMBuRggs
hoMa
HeeeMEEE'SSS
HHHoooMMEbbooodddIIEES
hhhAAmmmuuubOOODDDY
HHHAAAmmmEBiiiddYY'sss
HHHUUmebAAAy
hhhOOOmeBBBOOY'ss
HHHOOOMEbbEyyys
HameBBrEDDD
HHOOMMMooocccuMMMaNg
HHHooommmoooCCOmiNg'SS
hhhuMMiicccOOmmUUNNgggsss
HHOOMMuuuD
hhOOOMooGGiiiRRll
HoommmoogggAArrrLLLS
HaammeGGrooWWnn
HHiiimmmeeloNNd
hhOOOMMaaaLLeeND'ss
hhhAmmmeLLaaaNDss
HHHiiiMIIlleSSSSSS
hhImmeeelessS'sss
hhooMMMaLLLEEsssssNNEsSS
hhOMMulEEsssSNOSs's
HoooMMEEElllEEEERRR
hommmoooLLLiiieeeStt
hhOOOMeeLLIkkkeee
hhhoomELLOOnnossss
HHeMMUlllIIInoooSS'SS
hheeemmmaallYYY
HuuMeeeMMAAddde
hhameeMMMAKKKIIr
hhheMMMEEMMMEkiiirrr'sss
HiiiMMaamaaKKIrS
HHOOOmmmuMMMuuuKKEngg
hhhooMMeeMMMOKKKInggg'S
HooMMeeeOOMaaRRRPPhiissMM
HomUUiiiMorPPhiisssmmss
HHooommuuApaTTh
hhhuummEEOOppaaaTTTHH'SSS
HHHOOmmuoooPPOtthhiC
HIImmEaPPPITTThhIccAllllllyy
hhhomeeaaapOOOttthOOsst
HHAAAMMMEuuuppputtthhhS
HHUmmmEEEaaPPPatthY
HHHooomEEEOOOPPAtttHHYYY'ss
hhhOmmmOoossTTaaaSSSEEsss
HHImmEEEUUUstAAASSSOSS
HIMMMaosTASiis'SSS
hhhOOOMiiiEEssTAtteeCCC
HHoooMeeOtttHHEEErm
hhhOOOmmEEoWWWNNUUrr
HEEEmmIIuuWnEERRR's
HHooommmOOUUWneeeRS
HOOOMOOOppagee
HHHoooMUUPAGGGeee'SS
hhhOMeepppAAgEsss
HooommmERR
hhhaaMMMAAArr's
HHHAmmuurrAAD
HOOOmiiirrIInnggg
hAAAmmUURRuOOOmm
HHuuuMorrroooMM'SS
HHoomeeerrrOIIImmSS
hhOOmmIIRRRss
HoMMEEESSS
hhoooMMeeSCCCHOaaaLLL
HAMessChhhoAAAleeerr
HHHOmmESccchaaailllIIINNG
hhhooMMMeScccHOOOuuLLLOONNG'SS
HHHoooMMEESSiiiccckk
HOOOmmeeSSiiccknnnEESSSSSS
HuuuMMMESSIIIckkknnneesssss'SSS
HHHoommmeeSSpUN
hAAMEESPPPuuNNN'SS
HHHIIMeeStIaadd
HHooomeSSSTUAAd'sss
HHOmeeStttiiaaaDDDEDDD
hOOmmEEssTTTeeaaDeerr
HOOMeeSteeAAAdddeeeRRR'sss
HHHoommIStteeaaadddUrs
HeeMMuusTeeEEEDiinggg
hhhuummeeSSSTeEEEds
HHooommaassstRRUTchh
HHHaMEsssTrrrOOOTTTcchhh'SS
hOMMMesTReeetcHHHeeess
hhimmmuuuTTeWWNN
HHHOOOmmmETTOwNNN'ss
HHooMMiiiTTownSS
hAAMuuuwwwARDDD
HHOOmmmEEEWaRRdSSS
hhOMMMeeWURkkk
HHooMMMIIIwORKK'S
hhhomeeeWWWOOOrkeeerr
HEMMeeewwaarrrKeeeRss
HHHoooMMIwAAARRRkkinnGG
HHOOMMMEYYY
hhhOMeYYY'sss
hhhEMMMuYNEESSSSSS
hOOmmmEEyyyNNeeSSSS'SS
hhaaaMMMEEyyyss
HHHUmmmiiCiiDal
HuuummICCEEdddee
HHHimaaaCCUUdddE'SS
HOOMMMIICCIDeeeSS
hoooMIIii
huuuMOOEE'ss
HHHEmiiierrr
HHUUUmmmiEss
HOOmmmaaaeeSST
heeemuuullAtIIICCC
hheeMMaaLLuuuttOCCAALLLLYYY
HHHuuuMMAAALETTTiiccSS
HHoomIIIlliiess
hiimmuuLLIssstt
hAAMMMilY
HHOmmEElllYY'SSS
hhhEEEMIIneesssss
HommIInESsss'ss
hhOOOMuunngg
hhheeMiinnIDDD
HoommmANNNIddd'ss
hhommmInniiDDSSS
HHOOmmiNNNOOOiiiDDD
HOMoNNOEEEdds
HHAMiNyyy
HHiimmIInYY'ss
hoooMMuu
HEEmUU'SS
hooommmiccceNttrriCCC
hhAAAMOOOCEERCil
HHOMuChhrrOOOmmmuttiiC
HHHooommmooChhRRRImmAAuuSSS
HoooMeeCCCYYccclUUUCCC
hhhIIImOOOaaaRRRuTTeeeccc
hAAAMMMoEEERROTTOOCCCIIISSSMMM
HHOOOMMUUUeerrOTUCCCUUSMMMss
hhOOmmOOOgggeeMYY
HoMMUUggooonnnaTAAASS
HHOOOMEGGeneeIIITYY
hhhOOMeggoNNEEEOTTTYY'SS
HoooMooggIIInnnaEUUss
HHooMooGGuNeEEEUUUSLLLY
hOMMMooogggaaaNNNooaaauuuSSneeSSSS
HHHoooMeeeggooonEoooussnnneeeSSSseeeS
HoooMooggunIIIsssiiiSS
hhhOOMOGGuuunnnOOOTiiiCC
HHHOOOMMMEEGGGOOOnnuuEESS
HHaammOgggeeennIZZuTTaooonnn
hhhammuuGeeennnUZiittiaNNN'SS
HHOOOmOOOgggannniiizzze
hhhUUMMMOOggEEnniiiZZZEd
hImmmOOgiiinnnAAzzzaRR
hhhOOOMMMEEGGEEEnIIIzzzEESSS
HHommmuuggeeeNNNooziiiNNgg
hhhommOGGeeNNNIIIUUUsss
hhhoMMMOGIINyy
hhhuuuMOgggEEENNNYY
HiMMMIgggrrrEffft
HOMMAAgggrrrAAFFtSSS
HOOmmmooGGGRAAAPPPHHH
HHImmmOOGRRaaaPPPH's
hhhoMoGGGRaaPHHHacc
hhhooMMMooGRePPPHHHS
HUmmAAALug
HuuuMiillOOGGAAAtI
hheeemmmIIllleggACCCaal
hhOmmaaaLLoooggiiiuuusss
HHOOMIleGGaaaZZEE
hhOMIIIlIGOOZZZeeDDD
hhoomooLooggizeSS
HiiiMOOOlllOGGiiiZannnggg
hhOOMMMaaaLuuGGGEEEusss
HHeeMMMAllloGGrrrAPPPHHHiiCC
hhImOlllUGGUUe
HHOOOMELLLeeeGyyy
HHHuumoooMMOORPPHaassMM
HHOmmmimIIrppHHHeeSSmmmsss
hhOOMMMAnnnYYYm
hhUMMeeeNNYYYmm'SS
HHHOOOMMUNNNYYmIIc
HHooommmANNYmmEuuuSSS
HOOMUUUnnyymmmSSS
hhoooMMMUUUnyyyMMMYY
HHIIIMMOOOpHHHAluuu
hhhuuummIPPHHABBeee
hiimmmeephhaaaBBBis
huumOpphhOBBua
HHHOOmmmoooPhhuuuBBIIee'ss
hhheMMMOOPPPHHHOBOOOC
hhhIIImEPPhOOONEEE
hhhAAAMOOPPhhoooNNNuu'S
hhhommmOOPHHHEEnneeS
HOOOMoppHHHONNucc
HHHuMMMipppHHHiiiNNNICCCallLLLyy
hhoooMMaaappphaanOOeeeS
HHHaamuPPPHHHoooNNiiUSS
HHHOOMOOPPPHHOnyyy
HHHooMMMAAPPPolIRRR
HHAAAmmmIppTEEReus
HHHUUMMAAArrGGGaaaNNNUUUcc
HHOOmmmUUUsss
hommoooSSAxiiiaal
HHUUUMIsoooXXXooiiiLL'SSS
hOOOmoosEExaaiiLLLooTTTYY
hoMMMooosIIxxxUOOLLiittyyy's
HHAMeesssuuxxUalLyy
hhhOOMMuussseeeXXXUiiLLs
HHEMMIIssPPOOOrrOeeeSS
hhhiMMEETTaaxxIIsss
HHHOOMooTTHHiiilllLLoooCCC
HOmoTThhhEErrMaaLLL
HEEEMMMozzzyggootto
hhuuuMOOOzzYYggOOOeeeS
HHooommmunccciiiLLEEsss
hhhoomYYY
HHUUnn
HHHEEn's
HHoooNNNCCHEEE
HOOnCCChhhO'sss
hOOOnnccchIIIS
hhhAAANNNi
hhhOOONNEEE'S
hhhooNeedd
hunnnEErrr
hhOOnUURR'sss
hOOnnUrrrs
hhhaaannniiiS
hhIINNNeeSSTTT
HHoooNEEEsTTTEERR
HHONNNessteSSTTT
HHinneSTTlly
hoooneeeSTTy
hAAAnEESSty'sss
hOOONiiwworTT
hhhoonneeyy
hhonneeeYYY'SS
HHHOOneeeyybeeeaaa
hhONiiYYBBBEeee'SS
HOONeeeYYbbbeEESSS
HHIINEEEyybbbunCHHH
HHInnnEEYYcccOmmmBBB
hhhUUNNNeeyycAMMBB'ss
HHHonneyyycccUUMMMbIddd
HHooNNUUYcccUMBInnGG
hhonnnEyyyCCIImBBBsss
hhAnneeYYYDDDEEW
hoooNNuuyyyddIwww'sss
HHOONoYYDDDEEEwws
HHONNeeYYed
hOnnuyiingg
hhhOnnooYYYllloooCEESttt
HHHooonEEyyylllAAACCussttt'ss
HoonIIyyyMaaaeeNN
hANeeeyyyMMMoooIIINN's
HHoooNNNUUUymmAooNNeDD
HHIIINNNaaaYMMOEENNEErrr
HHHaanIyymUUUunnneeerrr'SS
hOOnnnIyymmmooiNNeRRsss
hONNEEYYYMOOOnIIINNg
HOOOnnnoooYMOOoNS
HHINNaaayyppooott
HHHoonnneeYYpppots
HHUUNNNeeeyyySS
HHInnneeeYYSSUCCKKKIRRR
hhhoooNNNeeeYYYsssUUCCCKKeerrSSS
HHHeenEYYYSSaCCkLEEE
hhhIINNeeeYYsssUUUcckkLLLoo'SSS
hhuunnneeeyySSSUUccKKLLooss
HHOONg
HoNIIEEED
hhAnnniiiNNg
hhhunnnK
HHHooNNk'sss
hhhIINNNKid
HHOOOnkkUUr
hhOOnnnKKIIrrr'sss
HOOnKKeeRS
HEnnkkeeY
HHHaaannnKKKEEEYY's
HHUUNkkIIIYYSSS
HOnnnKuE
HHHooonKKKIIii'ss
HHonnKIIOOSS
HHInnkAANNNGGG
HoonnnKKS
HHHIIINKKYY
hhhAAAnnkYY'ss
hIINoor
hhonnnOOOrrr'SSS
HHHAAANNurriiiBBllEE
hhEnnOOORRRABBleNNNeeessss
HHHOOONOOraaaBBBlllaaNNNeeSs'S
hhoooNNiiRRRABllly
HHHONNNoorrAAARRRiiiA
hhoNNoooRRRarrIIIlyyy
hIIInORREEEriiiUUm
HHaaannorrAriiiiiMMM'SSS
HuNooorooRRROOOuummmS
hhuuuNNNIIraaRRRy
HHOONOOORRUDDD
hiiiNNNOOORuEE
hhhOnnOOOrreeee'ss
HHHONOOriESSS
HHONoRIIRRR
hoNNNerrreeeRR'S
hhhooNOOOreRRSS
HHHONOORRiiifooocc
HHonnOORRooofIICC'S
hhhoonOOriiiFFFUUUCCCIIbIIIlllOOOttiiDDuNNittOTTeeBBBUUUSS
hhhONNNOORRReFFIIccaaLLlyyy
hhhOOOnURRRUUfffICCCSS
honnnEERRUNNNGG
HonnuuuRRRs
hhhuNNS
hhhooOOO
hhhuuoooCCCHHH
hhooccch'SSS
HOOOOOOdd
hhhIaaD's
hhOeeeDDodd
HIIUUddAAANggg
HHHOOooDLLLeemm
HHOOODLLuuuM'ss
HUUUooDDDLLuuMMiiSSmm
HOOOaadlllEMS
hhooOOOdddooOO
HHHooooDDAAOO'sss
HHHAAOdddaauuOOddd
HHaaaODOoooiNNGG
hhooaDAOs
HHuuuooDDss
hhhOOOODWWOOOnK
HHHOIIIDwiinnKUUUd
hOOooDwwUUUnnKArrr
HOOOODwAAAnnnkIIINNGG
HHaiiiddwennkksss
hhuuEEOOyyy
hhheeeuuuEy'SSS
HHHOAAFF
HHooouff'SSS
HHIIiiiFFBoiiiTTT
hhooooofBBBOOOUUnnd
hAufEEdd
hheaffeeerrr
hhhoooiFFErSSS
HoooeeeFFIIINNG
HHHOOoFFFSSS
HHUUoookkk
hhhOOok'sss
hhhOiiKKKOOO
hhhooOOOkEEE'S
HaOOOkkkeeeh
hhhIIOOKKAh'SSS
HeeOkahhs
HaaAKKaasss
HHHooEKUUUDD
hhIIIoKKURR
HOoKKiiiRR's
hhOOekuuRss
HHHAEEKKIYYY
hhhUUOOKKKEEEyy'sss
HHOOUUkkIINNNgg
hhUUoKKnAAsssEEE
hhhOOOOOOkkknnnOOSSEEES
HHHoooaaaKKKSSS
hhhOOEEkAPP
HHEoKKKup'sss
hOOooKKOOOPsss
hhhuuOOkkwwwiirrrmm
HHHOOeekkWWORMMM'sss
HHHOOoooKWuuRMMss
hOIIkkyyy
HoooOKKY'S
hoOOLLLuggIIInnn
HEEeeLLIIGGEN's
hhiiUUULLLEGGGAAAnniiisM
hhhoEEEliiigUUnaaaSmmm'ss
HHIollliGGGUUUNs
hOOOoopp
hOOOAAPPP'S
HHooooopEDD
heuuupppErr
hhheeeEEEPPENG
HOiiPleee
hhheeeoooPPPlllU'ss
hhEOppooeee
HAOpOOAAASS
hhhOOOIIIpsss
HHHeeAARRRAAAHH
HHHaaaOOOrrrAhhh'SSS
HHEiiiRRoohsss
HOOAAArrAAAy
hhooooRRRaayy's
HoooOOOrrrUUYEED
HHHOOOUURRReYYYiiiNgg
hhhEEUUrrrEEYYYSS
hhhooaSSSIIIggOOWWW
HHaaosaGGGAAwww'S
HHEeeeSeeGGeeWSS
hhhooooTTT
hhhiiiOttt's
HOottCh
heeoottCCCHHH'SSS
HHOOOOTTAAddd
HHHooEEETEnnOOnnnIIIeeesss
HHooooooTTOOnnEEnnNNNy
HHHOOOOttOOOnnnOnnnnnY'S
HHooooooTTTEEr
HHHEEoTTTeeeRR'SS
HHoooeeetEErrSS
HHHOOOAAATTTAnnnGGG
HHuuuEEts
hhoooooVViir
hOOOaaaVVVeruuddd
hhheOOOvveerINNNG
haauuviiRss
hhhooaaVVis
hhhEEppp
hheeep'S
hOPPE
HHHiiiPEEE'ss
hhipppeddd
hhaaaPPeeeFFOOOLL
hhaPPOFUUl'sss
HHoooppOffuullllllY
HiPeFFFuuLLLnniisS
hIpeeeFFFElnnoooSSSS'SSS
heepppEfffoooLLLSSS
HHoooppAllUUUSSSSSS
hoppAAAlEESSSllY
HHOOPPELLissSSSNNessss
hoopppIIILLuuussSSSNNNESSSsss'SS
hhhUUUpppes
HOOPHHHeeAD
hhhOOPiiinng
hhhoPlutEE
HHappped
HoppPPPEErrr
hOPPpppEEr's
HHOOOPPPpppeeRS
huPPPppENGG
HHopppppLeee
hOppPPLAAd
HOpppPPPLLLEss
HHooopppppLIINNNgg
hhhOOPs
HHOOpppssaaccck
HHopppSSSeeCKiiinnnGG
HEpppsAAcccKKKiiiNNNgggs
HHHUUUpppssOOCCCKsss
HHOOOPSScaattccch
HoooPPPsscccUUtCCCh'ss
HoopppssCCAAtcccHHHed
HooPPPSSSCCCOOOTTTcHESSS
HoooPPScccoTcccHHiNNGGG
hhhOOOppptttoAdd
HHAAArrrA
HORRUU'S
hhEEERRRaaaHHH
hhhaarrUUUlll
hhUUURUURRY
hhoooRRROSSS
HHHuRRRde
HHORRdddEE'ss
hhhOOORDDEEDD
HHHorrrDDDEEEiiN
hhooRRdddaaaSSS
HURRRdAAANNgg
HaaRRaahheeeUnnddd
HHHuuREEhhhOuuunnnd'ss
hhhoooRohhhouNDDsss
HUUUrruZZooN
hhhorrriizzzaaaNN's
hhOrrrIIzziNNsss
HHHOOOrrAZZUUnntAALLL
hOORRIIIZZZINNttaaaL'S
HHOORRRAAAzzIINNtoooLLIITIesss
hhORRRiiiZZZoontaLITTTY
HHHAAArazzIIINNNTTTallllyyy
HHHIrrOOZZZenTAlllsss
hhoorrMMEE
HooorMMOOOnnAALL
HHHooorrrMMMUnnAAALLLLLLY
hhorrrmeeeNEE
HHHorrMoooNNEE's
HHHaRRRMMMONNaaaSS
hhhOOORNN
hhOOORRRNNN's
hErrNbUummm
hhhOORnnbbIamSS
hhoooRRRNNBELLL
hOOORRnbAAAlllSS
HHorrnnbbleNNDDDuu
HooorrrnnnbLLLENNDDI'sss
hhOrrrnnbOOok
HHooRNNiiiDDD
HHurrnUUUtt
hoooRNNNiiitt'sss
hhaaarrrnnEEEttts
HHoooRNNNooEERR
HHHooRRRNIiisTT
HHOOOrnnIIInnOSss
HHHOOOrnnInnnusSSSUSS
hhoooRRNNNlllossSSS
HHaaRRRnliiKKKEEE
HHoorrrNpOOOppA
hhooRRRnppappe'SS
hhUURRnnpppIIPPAAs
HHHiiiRnnSSS
hhhOORnnssstttIInee
HHHOOORnnnStteeniiss
hhhUUURnnnsWWoogggllEE
hhhiiirnnntaaaIL
hoorrrnWorttt
hhOrNWEEERRTTSS
hOOORRNNNYYY
hhoooRRollOOOgEE
HHHORRRooolloooggiir
HHHOroolllooogguuurrrsss
HHHooorrrOOOllUUUGGOCC
HHOORROLLLeGGGiCiiilll
HHHooRUULLoooGGaaaSTT
HHEErrALAAGGGISSTT'S
hoRRRAAALLLiigggisstttss
heerrOOOlaaaggiuuuM
HEEroLLogggyy
hhooRRiiillAGGY'sss
hhhUUROOSSSCCOOPPPeee
HHorroosCCoooPPPeee'ss
hoRRROOOSScccOPeeSS
HHHOOOrOOSSScccooopppy
HEEROOOteeelloooccc
HOOrrrRRRIINNNdeeAAASS
hhhoorrrENNNDDaAAsLLyyy
HHHOORRRUUUbllE
hhiiRRRRIIbbbLEENeessss
hErrrIIIBBBllIIInuusS'S
HIRRRRRIBLLyyy
hhURRRRRuuud
hhiiRRRoDDlY
HHHeeRRrIIDDNEEESSSS
hhhoorrRIDDDNNeSSeSSS
HooorrrrrUUUffiiCCC
hhIIRRRifffiiCCAALLLLY
hhoorRAffUcAATTOooNN
hhoRRRrooffIIIOOODD
hhOOrrrIFueesss
HHoorrrrrrIIIFFFy
hhhOOrrriifffYIINg
HIrrrrIIIfyyyannGlY
hhhOOOrrrrIPPPiiLLEEETooo
HHHOOrrrrrIIIpppiiLLLaatttaaaoooN
hhhooRRrirrr
HHOOOrrrRoRR's
huuuRRRRooRss
hhooorrsAA
HHHaaaRssso'S
HHHIrrsssibbuucck
HHUrssEEBBBAACCkk'S
hhORRsUbbOxxx
HoooRSeeeBBOxees
HHHeRSSEEEcccaR
hheeeRRSSSaccAAArrrS
hiirrrsED
hhOOORRsssEffEEAAAthhiiiRRSSS
HoooRRSSeeefffLLAssshhh
HHHOOrrSIfLLLESShh'ss
HHHoooRRssseeefLaUS
hhoRRRseFFly
HEERRRsseFFllly'SSS
hhIIIRRssseeeHaaerrr
hhhooRRsssEEEhhhaaaIIIR'SS
hhhoRRRssehUUUDu
HHOOOrrSEEHHHooodee'ss
hhhOOrSEEEllaaiigggHH
HIIIrrsoooLUUUEGGGHH's
hhorrrssseelaaUUGGGHss
hhhoRRSSSeeellEEOOccHHH
HHIRSooolleECCChhhIS
heerrSSeeellEsssss
hhOOrrSeMMMONNN
HARRSSeMaaaNNN'SSS
hhoooRSOOMMiiNNSSSHHHOOOpp
hooRRSSSUUUMMMaaaNNshhhiiPP'S
hhhOOrrsAAAmiiin
hhhORSSIMMoNTT
HoorrrsIIIMMINNNttts
HHOrrrSOpplliy
HHiiRSEEPPlllaYYY'sss
hhhooorrrSSeePLLLiyyERRR
HHHaaarSePOOwwweRRR
HUURRRsssoppooWiirrr'SS
HHHIIIrrssseeerUCIIInggg
hooRRRsssUUrrruuuDOSh
HHUURsAAARRRUUddeeeSSh'S
HaRRsseeerrraaaDDDiSHHeeSS
hhiiirrrSSEEEsss
hhoooRRSSEEEsHHHItt
hARRRssseeeshhITSSS
heRRSUUUSShheeIII
HIRSSiSHAe'ss
hhhOOOrSSesshhhOOEEEDDD
HHHAArrrSSSEEshhhaaaEEENNggg
HOrSSSEESShhhOuur
HHooRRSSIISShhOOEEErrSS
hOOOrSSSISSSHHHIIIEEs
hhhuuuRRRssIITTaAlll
HHaaaRRsoooTTTAAAUl'SS
hOOrrsssIIttAIILLsss
hoRsssItttrreeeDDDinng
HHirSSSEEwweeEEEddd
HorrrSeeeWWWUUUeeDDss
hooorrrsssEwwwHHiiiP
HHaaaRsssEEwwhIIIP'sss
hhoRSEEwwhhiiPPPpEEEDDD
HIIIRSSiiWWWhIIIPPPPeennngg
HAAArrSUWWWhhuupSSS
hIIRRssuuWWiiMMMaNNN
HoorrsseeWWEEEmmmIIN'S
hhaaRRRSeeWWWoMUUUN
HHarrSSAy
HOOrrrsssIUUUrr
HHoorrsUUUiST
HHHersssuuLyyy
HuuRRRSSInnnOSSSS
HHOORRRssIIINNGGG
hhaaaRRRsssTTT
HHHARRSSttss
huuRRsyy
hhooorrrtATUUAAAnnn
HuuurrrttIITivvuuu
hhorTTAtoooRyy
HHOOrtIICUULLtUURAALL
HHHIIrTTTICUULLLTTurrrAALiisTT
hOOrrrTIIIceeLLtooorrrAALLooossttts
HHooRRRTIIccILLTaaraaaLLLy
hhhOOrTOCUUltttUUURRREEE
HHoRTTocccOlltttoRaaa'sss
HorrttUUcccuuLLLturIIsssTT
hhIRRttIcUUULLTTuuurUsssttt'SSS
hhhArrrtttiCCuLLtttuuRESSTTTSS
HHHoooSS
hhhEEssIInNNNAAA
hOsaNNNnnneee's
HHHoSSSaaNNNNehh
hhEESSSUUUNNNNaaas
HooSAA
HHHoooSSSAA's
HHOOOSSEEED
hhEEssUpppIPPE
hhhEEEssEEppEEPPAAss
hhhiisAss
HHoSSSiiiEErr
hhhEsssaaaIRRR'ss
hhhEEEsssiiEERsss
hhoooSiiiEEErrrYY
hoosiiieeRRY'SS
HHoooSSOOnGGG
hEEEsssPiicce
HHHIISppeeeCCee'S
hhhoooSSSPPiCCCeess
hhOOOSPPITTUUUBli
HOSSSPITAbLy
HHHIIsssPPPIIItttaaLLL
HIISSSPPitttAAALLL'ss
HHHiisPIIttAAALITTY
hUsPPeeTolliiitYYY'S
hhhoossPPuuuTTTAAALLLIzaaatttIIOOn
HHossPPPOOOtttaaalAAAzaaaTTAAiNN'SSS
HeeSSSPPEEtOOlizzEEtttaonnSS
hhhOSSSPPPAATTAAlliiZOOO
hossPeeettIIILLLIIZZeeDD
HHHiiissPootttEEllezzeess
HOSSpppIIITallluuzziinGG
hhhASSSpeTILS
HUUUssPeeetttiiUUUMMM
HHOOOSppIIIDDDaaRRR
HHoSSSTT
Husttt'SS
HHoSStuu
HostAAGGGii
hhIsstttiiiGGGe's
HOssstaaaGuuuS
HHOOOSSSTTEEEdd
hhhaaaSttEll
HHooSSSTTTeeell'SS
HHHUUUSSSTeeLLLEEED
hhhOOOSTTTiiLLEER
HusttiiLLEEERR'SSS
HIIsssTTTeLLLAArsss
hoooSTTuLLiiinnG
HHHasTTIIILLLllleeeddd
hhhOOsssTTEEllllunnngg
HHooSSSTEEELLLrruuueeSS
hhOOsssTTTuLryyy
HHusstteLLRRyyy'sss
HHOSStttUUUls
HAAAsTASSSSSS
hOOOSSSttooSS's
HeesstESSSSSed
HHEEssTuusssSIIIS
hhiiisssTTTussSSSINNggg
hhhESSTeeeLLLeee
HHHOOOsTiiiLLLUUU'SS
hhhuuSSSTIIIllULyyy
hhUUUsTilaS
HHHeeesTTTALiiTTeEEsss
hhOOSSSTTTIIIllITTAAeeSS'SSS
hhooSTTTALLLIITTTYY
hAAStttIIllUTTTyyy'sss
HHHOSTONgg
HHooosssTTluuRRR
hhOOOSTLLLeeerrr's
hheesttLeRs
hhhooSTTS
hhhoottt
hhOOOtBeeeD
HHHOOTTTBBBiddd'ss
hhhootBBEDDDss
HHHEtttblooouuuDuDD
hhhOOTTBOOOXXX
hIItbbOOxxx'S
HUtttBBOXEEEss
hhETTccakke
hooTCCakii'sss
HaaaTCaaaKKiiSSS
HHoooTTCHpppattt
hUttDDDEEEG
hhhootDDDeeeGG'sss
hUUTTTDDDOGGED
hiiitDDOgggggaanG
HHooTTTddOGGsss
HHHOTTTALL
hOOOTTTeeLLL'SSS
HHHOttteeLLLUOORR
HoTELLaOOrr'sss
hhoootttEEEllaaaeeerrrSSS
HHHeeTTTOOOlllSSS
hhOOOTffuuOOOttt
hoootfUUuuutt's
hhiittffeeeoooTTTuDD
HeeeTfffIIOOTTTiinnng
hEEETTTFFuuAATss
hhhooTTHHHEEADD
hEEEttHHooAAAd's
HHHoooTThhheeAAdddeedd
hhhOOThhhEEeeedaaDLLLY
hhottthEOOdddeDDDnuussss
hheeTTThheadeeeDNNNEEEssss'SS
HIIITHEEEAAADDDss
Hoootthoooessseee
HHUtHOOOUUsssee'SSS
HHooTTTHOOuuSSSAAASSS
HHHeTTLLLiiinnAA
hootttlliinnnA'S
HUtttLLLINNEEEs
hhhuuTTLLLiNNNKKK
hhOOttllY
HHAtttnniSSss
hhhiitnnnaaassss'SS
HHHOOOTTTPPPllaaaTTEEE
hOTPPPlIIttEEE'ss
hoTpLLATToSS
HHottPPPooott
hhoTTPutttSS
hhhaTTTsss
hhOOTs'ss
hhhoooTShhUttt
HHHaaatSSSHHHOOttt'sss
HOtSSShOTsss
HHHOOOtSPoott
hOOOTTTsssppot's
HITTTSppOOtttss
HOOtSSSpAArr
hhhoottTTEEDDD
HHHEttTEEErr
HHHaaTtEEEst
HHHoootttTTTOOONNNG
hhOEEEggHH
hAAUUmmmmESSS
HUaaammmeUUSS
HouuNddd
hhIEEnnD'SS
hhEEEOONDiidd
HHOOUUUnnDDeer
hhuuuOONDDDiiiNNGG
hhhOOUnDs
hhoUUPpppeLANDeee
HHHaaiiiRRR
hheaaR'SSS
HHHOOuurGGGLLLaaSsss
hhhouuurrrglllAAAssss'sss
HHoourgglllUUUSSSSSEEss
HHHoUrrri
HHOOUURRa'SS
HHUUUooorrIIss
HHOORlllY
hhhAAAARRSSS
HOOOussi
heIIISSSooo'S
HoissiiiBOOutt
hOOiseeebbbooiTT'SS
hhhEEEussAbIIAAATTTs
hoouuSUbOEEEnd
hhhOAAssEbbIIIYY
hhhIIuuSSubbbooyyy's
HHHoooossEEbOOOys
HHOOOuSEbRReeeuuukkk
hoooooSSEBBrrEEEAAAKeeRR
haauSSEbbrrreeAkerrr'SS
hOOuuusssEEbbbrrrEEAAKEEERRS
HuuuUUSSeeeBBrrEEaaakkkinnG
hhhoouusEbrAAAaaKKKUUUNNGGG'sss
hhhOOaassEBBRRREEAAKKs
HHEEuuSSSaabbRoookkkeee
hhhoooUUsIIIbbRRukIINNN
HHHOOOOOSSSOcIIIRLL
HHHOUSeeeCCCLLEEaaannn
hhoUssaaccLLLeeUUUNNUUd
hhoooEEESSSEECCLiiiaaNNENG
HaaisseeclaaannnuNNgg'sss
HooAAASeeeCCCLUUUuuuNNss
hhoouuussiCCoooiiiT
hhhUUUuussseeeCCOaaattt'ss
hhhuuuIIIssuCAAEEEtSSS
HHiiUUSeddd
hIIUseefAATHEER
HooouuuSSaaaFAAAtttHEERRRs
hhhOOaaaSSuuuFFliOss
hhhouuuseeeFFLYYY
HoooUUUSEEEflllyy's
hhhIIuuSSSUfffalll
HHiUSSSEEEfffuuLL'S
HoUUUSSSIIIfffOOOlllS
hhhOOOuuusEEEhhIILLDD
hIIIUUUSAhhOOLLddd's
HiiUSSEEEHOOLLLDDeeR
hhhoooEsssIIIHHHOOOllddAAR'SS
HHUUUSSeHHHollDDOOORRSSS
hOOOseeeHHiiLdSSS
hhhooooSSSeeHHHUSSSBBaannD
hhOuusssEEhhuuusssBBBAAnnndd'ss
HHooaaassEEHHHeessBBANDDDs
hhhoEEseKKKeeaaappor
HHooUUsssEEkkkiiEEEpppEER's
HOUSSEEKUUEPPEEErrSSS
HOOESEEEkAAAPPIIInngg
HHHooousssuuKKKeeeEppiNNNGG'sss
HHiiAAssseeell
HHHUUUUSSeeelleeeKKK
HHHaaUUssaaLiiSSSS
HiiAASeliGHHHTss
hhhOOuSSSELLLEEEghhTTSSS'SSS
HEuuSeeeLLLAAAnnnaa
hEEUUssEmmUIID
HoooUUsseMMMUUudd'SS
hOOOUsEEmmeeaaDDDSSS
HoooooSSSEMMEENN
hOUSEMMAAAnnn's
HHHAAAOOSSSemmAAssTTURRR
hhoooUUUSSSEEEMAsteeeRRRSS
HHaUUUsEEEmmmEEETTU
HHHooaaaSemmuuuTTTEEES
hhhIIuusssEMMMEEnn
hhAAAAsUUmmiistttRRRoooss
HOeesssiiimmmIIIsTrrUUUSSSsUsss
hhEEEUUsEmOtttHeRR
hOOoooSSSeemOOTTHHHooorr's
hooiiSSEEmmuTThEEERRRsss
HHieeSSSePPPaaarrraaanTT
hhhuussepppUUURReentt'S
hhouuuSSeepppaaaRRREEENNttSS
hhhOuSeeePLInnnTTT
hhheeaaasssepppllannnttt'sss
HIessEEEppLLaNNtttsss
hiiieeeSiiipppRRReaaDD
hhhoooOOsssAARuuOOmmm
HHuuusssUrrrOoooMMMsss
HHHOOuuSSEss
HHOUUUSSSeeTTTOppp
hhUUUuuuSSooottOpp'SSS
heeeOOSSEEttIIIppss
HOOOeeeSEEWWAArreeess
HOUUsEEWWOOORREEEs's
hhhOOUUUSUWWWooRRmmanngg
hiiiiiissUwAAARRRMMMoNgg'SS
hOaaasssEWWEEERRRMoNNggsss
heeeUSOwIIIfuuu
HHoOOSSAAWIFFFeee's
HHHooosuuuWiiiFEEllYYY
HHiiiUUUSSSEEwwwIIFFoorriiiAS
hhEEEuusAwwwIIffIIrrY
HHHaaaeesseeWWIVVVesss
HOUUsooowwuuurrKK
HHoAsssEWWoRRRK's
HuuUSSSuWWWEEERRKEErrr
hhooasssUnnngg
hhoAAASiNNggg'SSS
hhhoUUSAnngs
HHHEEUUstooNNNIIAA
hhhIIvvooo
hhoVVEEEl
HHHuuuVUL'S
hhOVVVeLss
HOOOvvvER
HiiiVViirrCCCREEEfT
hhhUUvvveerrCRRAFFt's
HHHOOVVURRRCrAAFFTTTsss
HoooVVVeeRReDD
hOOvvvEERRRErrr
HHHOvvvIIIringgg
Heevvvarrsss
hhOW
HHHEWW'ss
HHewwwBBaaaaT
hUUUwDAAAh
HOOOwdddaH'SSS
HHOOWWdddiiihhhsss
HHHoooWdy
hhhiiwwweee'EEERRR
hhOOOwOOOviiir
hhhooowwwIIIttzzOOORR
HHHOOOwIITTzzeeRRR'S
hhhiiwwiiiTZaarrrsss
hhhooowwl
HHHuwwwlll'sss
HHIIWLEEEDD
HHOwwwLLEEErr
hhhawwwLLAAArrr'ss
hhoWWWLLEERRRss
hhhOWWllleett
HHUUUwwLLiiinnnG
hhhuuWWWlSSS
hhhoWss
hhIWsiUveeR
HoooY
HHHOOYYdddEEN
HHHuuuYYYDDIInnn'sss
HOOYYYDeeennnoosssHH
HOOOyyyDIIInnnSS
Haaysss
hRRYYYVVVNOEEE
HHHUOrrruCHHEEE
huiRRAAACCChhee'SSS
hhhUUiiRRRacccHHeeeSSS
huB
HuBB'ss
HHHuuuBBBbbbiiiEEs
HUBbEEEbbb
hhheeBbbuuBBB's
HHubbbBubss
HHuubbbYY
hhhuBBBByy'sss
HUUbbccAAApp
hhheeBBCCUP'SS
HaaabbbcccaPPss
hhhuuubrIIIss
HHHuuuBBrrrIISSS'S
hhoBBrrrIISSSTIIIccc
HHIIbbbS
HooocckkkAbEEckk
hAACkkkAAABBBAACKss
hiicKKlllebEErrrrrUUEEEs
HHHuucckkLLuuBurryyy
HHacckkkLLeBeeRRRRRRyy'S
HuuCKKSSSTToooRRR
hhIcckkkSSTEEEr'SS
HHHuccksssTTTOOORRRAD
HHuCCCkkksTTuuuriinG
HHHuuCKKSSTTeeriiisMM
hhhuCCCksttterrISMMM'ss
HUCCCkkSSSttteeersss
hoooDDDDLLe
hhUUUDDDdLLE'SSS
HoooDDDllled
hhuDDdLeeeR
hhUDddllleSS
hhUUUdddDllinnng
hUUUaa
HuuEEE'sss
HHHuuID
hUUUESSS
HHHUUfff
hhIffFFF'SSS
hUFFFFFEEED
hhhUUFffiAAR
HHuffFuuuAAAsTTT
HHuuufffFFFillyy
hhhaaffInnneeeSSSS
hUFFFfffiinIISSSs'S
hhhafFinnGGG
hUfFFFissh
hOOFFFFFs
HAAfffFFY
HHHUUUG
HHUUUggg'ss
HHHiiigEE
hhhAAgeeellyy
HUUGGOONeeeSSSSS
HEggeeNEEsss's
hhUUGGERRR
hhhUgggEEESttt
HHHOOggiiid
HHuGGgooor
HHHOOOggggggiiNggg
heggSSS
HHHUhhh
hhuulAAA
HHAAALuu'ss
hAAALLLAAASSS
HUULk
Huulkk's
HHuuLLLKKIAAARRR
HHuullkAessT
hUUULkkkiNNGG
hhhollkkksss
huuullkkYYY
huuuLLLl
hhhOOOLlll's
HOOlllOOBBBALlllAAAOO
hUUUlllAAAbbbalOOOO
hhUllllUUBALoooooo's
HHoooLLLLLLaaaBBAlooss
hhulllEEd
hhhuuLLoooR
hhhIIllERRR'SS
HOllLeRRRSSS
hhhUUUlllIInGGG
HOLLLLSSS
hhUUmmm
hhhuuMM'ss
haMin
HUUUMiiin'sss
HHuumIniii
HHuuuMMUneeeLLy
HOMMMennneeeNNuuusssss
HHOOOmmEEnnEEEnnUssSS's
HuuummmAnIIR
hUmaaaniSSSTT
HHuuMMaannHHooAAAdd
hhUmmmAAnusMM
hhhEEEMMManIIIssM'SS
hhhUUUmUUUNNNIISSt
hhEEEMaaNEEssttt'sss
hUMMENissttIIICCC
HeeeMMMoonnIIIStttacccAAALLLLLLyyy
hUUMaaaNNeeSSStSS
hhUUUMMMooNNNIIItAAARRRIeeeNN
hUMaNItEERRRIIENNN'ss
HeMoNNOOOttAArrriiiONNIIsssMM
HHHimAAANuuuTTAAArrraaunnoSSSmm'sss
hhhUMMMaaNNNAATTTURROOaNNNSS
HHiiiMMUnnUTTTaaauS
haMOOnnnOTTIIIeeesss'S
hhhUUUmmmeennUtYYY
HHHuMaaanetttYYY'S
HHuuMMiiNNIIZZZuutIIOOONNN
HummannnUUUzzatttOOOiNNN'sss
hhEEmEENUUzzzo
HemmmIIInnIzEEED
hhummannIziiir
HiMaNNNOOZZaaaR'sss
HHHUUUmannIzzeRRRS
hhhuuMMMANIIIZZZeess
HHooomIIIniiiZZZiNGG
hUUUmmaaaNKKUNddd
HAAAMMUnkkiiNNNdd'sss
HUUmonnnLLLYY
hhumAnnnNNessS
hhUmmaaannnnEEsSSS'SS
huummmAAANNOiiDDD
HHHAAmmaaNNUiiDD'SSS
HHuMooNAAAIIIDSS
HHOOOMMMannS
Hiiimmbbbluuu
hhUUMblAAbbeeii
HummmbbleeeBBEEeeeS
HUUUmbbbLLLOdd
hhhaaMMBLLLeeeNNNeeesss
hhUUUmblleeeNAAssss'SSS
HHOmmmbbbllUUUrrr
HummblllooRR'SSS
HHHEmBBLLLeeeRRRSS
HHHUUMMBBLLLUUUsss
hhhammmBBBlllEEsssTTT
HHHuuummmbbllliingg
HuuummblllEEENgSSS
hhhOmbbblllYY
HUUUMbbbugg
HiimmmbUgg's
hhhaaammBiiggeeDD
hhhIIIMbEGggErr
hhhuuuMMBBBUUgggerry
hhuuuMBIggggunnnG
HHHumbbeeeggSSS
hhEEmddIIIngUURRR
hOOmDDaaaNNNgggeeeR'SS
HUUmmmdddIInGGGeeerSS
hhhUUUmmDrrruuuM
hUUUmDDDRReemm'SSS
HeeeMMMACtttaaNNNTTT
HHHIIMMMEEERAl
hhhUMOrrri
HHOOMMeeerrrOSS
HeeeMMMAAARRRUs'S
HHHuumIICC
HHUUUmmmad
HuuuMMMOOOdIFaacccoooTTTeeeannn
HUUmiiDDoofffiicccUUTTIIooon'sss
HomIIIddEEFFOOOEDDD
hheeeMIdIIFFiiEEErr
hiiimmOOOddiiFFFiiiEErr'ss
HHEEMMADDoFFuuuOORRs
HHiiimaDDDiiiFFAAAUUSS
hooommmAAADIIFYY
hhhuuuMMiiDDDIIIfYYinnnG
HIIMMMIIdddiiiSStttaaattt
hhuMMModddiiiTY
HHuuummiiiDUTTy'ss
HHuummOOODlYYY
HuummmODDDorr
HHuMMaaaDDIRR'SSS
HHHIIIMeDDoooRRRss
hhhUUUMillIAAATe
HUUMoolIAATOdd
huMMMIIIlooaTTIIIS
hUUmmUUlllUUTTTeengg
HOOOMMMOOOLLLiiiItinnnGlllyy
HHemilAAAaaatttIIOONNN
hhhuMaaLOOaatIIIOOnn's
HHUUUMIILLLIIAttIIIiiNNSS
hhhUmmmUlUUtyyy
hheeMMIIILLLEttyyy'SS
hAMMMMMABluu
HHOOOmmmmEEddd
HIImmmmmar
HHHammmoRR'SS
HHuuuMMMMMMIIRRRSSS
HHuuummmmENNNgg
hhhUUUmmmMiiNNNGGBBBeeeRRRDD
HHuummmMMUUnGGBBiiRd'S
hEmMMINNNgBaRRRdddS
hhhUMMMMIIInnGGGss
HaaammMUcccKK
HHOOmmock's
hiimMMMIIccks
hhIIImmmmmocckkkyyy
HHAAmmMMEESS
HHHamMusss'S
hhhUUmmmoonnnguuuUSS
HHHUUMaRRR
hhomaar's
HAAAMMMORAL
hOOMIIRREdd
hhUmmmOOOrriiiSSSQuuiii
hhhIIMMMooorrInnngg
hhaaaMooorrAAAsssTTT
HHHiiiMMOORRiissTTT's
HuuuMMMuuriisssts
HHHiiiMMOOOrlllEEEsssS
hhhAmmmooorrrLLEsssSSLYY
HHHAAMMMORRRlllAsssnnoooSs
HEmmmIIrrrLLLEEssSnnnEEESSSsss'ss
hhUUUMMMOORRReUUss
HHUUmmoooREEEuSSlY
HHuummaRROOusssNeSSSS
hheeMMMOrrrEEEuSSNesss'SSS
hheemmaRRRsss
HUmmppp
hhheeeMPPP'SS
hUUmmmpppBBBAACCk
hhOOMMMpppBUUUCCK'SS
HHHuuuMPbbIIIccckEEDD
HHUUmmPPPbAACCCKKKS
HHuuuMpUD
HHHuuMMpppH
hhiimmmPHHaD
hhiiimmmppphIIINGGG
hhhiimmmPPPHS
humpiiinGG
HHUmPsss
HHuMPY
HHHUUmmss
hEMMuuNGGiooSSS
HUMuusss
HHHEmmmuss's
HHuNN
hhhuNNNccHH
HuuNCCCh's
HHHinnnCChbAAcK
hINNChhhBBAACCCkk'SS
HHunnnCCCHboccKEEEd
hhhUnCCChhhBBeeeCCkkkS
hhENNcccHHHOddd
HHUUnnchhiSSS
hhhAnCCCHHIIInnng
HUUUNDDRRReed
HHHeeNNDDrEEd's
HHHENdRRReedFFooollldd
HHennndRedsss
huuNdROOdddttthhh
hhuuuNDrOODttthhh'SSS
hhUUUnnDDrrreeedddTTTHHs
hEENNNddReedwwiiiiGGHHHttt
hhAANNdddRAADDDWiUUgHT'SS
huuunnDrrreeddwEEAAAGGhTTTs
hhhUUNNg
HHuuuNNNgggEEERR
hUUUNggOOR'S
HuNNNgggURRReeDDD
hUUUNNGGGIIRUUUNgg
hhhaaannGeRRRSSS
hhhunnnGOOOVViiRRR
hhuNNNGGGrOOOaaRR
hhhuuNNgggrrraaaiisstt
hhheNGGGrIIILyyy
HHUUNNNgggreeenneeSSSSS
hhUNNGRRRiiiNess'ss
HHooonngggRy
hhhaanK
HHEEEnnnKKK'SS
hhUUUnnkkEERR
hUUUnnKOOruuDDD
HHUUUnnnKKerinG
HonkkkuuurSSS
HuunnkIIIURRR
HUNNNKKoooeeeSSTT
hhhOOnnnKss
HuNNKKKYY
HHHuuNNNTTT
huNttt'ss
hhaaanTTTEdd
hoNTTTEERRR
HHHUUnnTTTeeRRR'SS
HHHuuNNNTUURRs
HHHuuNTTinnnggg
HHHUUUNNtttIIInnngg'SSS
hhhuuuNNNTTrrrEEESs
hhUUnTTRRESSSS'sss
hhuuunnntReessssEEss
HHHuuNTTS
hhhUNTsssMMaan
hhIIInnttSSSMMiN'SS
HHHUUUNNttssmmEEn
HUUUPPPpppaaaHHH
hiRRDLLLEEE
hhhOrrrDllEEE'SSS
hhIIrrrdddLLLeeeDDD
hhhurrrddLiR
HOOrrddllAAR'S
HHHaarrdLLLeerrSS
HORRRDDDlEEEsss
HHUUUrrDlllUUNGG
hhhaarrdddlINNggg'sss
hhhUUUrrddds
hAArrL
HHeRRl'S
HHHAAARLeeDD
hhhUUURRRLLLiiirr
HHUUrrLOOr'sss
HHHuurrLLIIIRSS
hUUURRLEEy
hUURLLLIInG
hhheerliiinnng'sss
HHUUUrLLSSS
HHHUUUrReeehh
hhiiRRRRReehh'S
HHURRRRRaheeeD
HuurrRahiinnnggg
HHHUURRRrrrAAHHSS
hIrRRaaYY
HHUrRRRAAAyyy's
hooRRrrrUUUyeeeDDD
hhhuRRRrrroyyyUNNGG
hiiiRRrriiYYYs
hUUrrrRRicAAnnnEEE
hhhERRRReccaaanEE's
HHUUURRRooocaaaNNNiSS
hhUrRIIEEEDDD
hhiRRReAAddlllyy
HHUUUrrrrUedddNEESSSsss
hhhOORRRrrriieednnnAAASsseS
HHHeeeRRRIIUUUsss
hUURRRRYYY
hhurrrrrrYY'sss
hhuuurrrYYOOOnnngg
huuurrssTT
HHuuurTTT
HUUrttt'ss
hhhERtAAARRR
HHHuuRTTFFFuLLL
hhIrrrttfUllY
HHHurttFFiLLnniSSs
HoooRTTTFFuLLLnUUsSSS'ss
hUrrtInGGG
HHHuRRTlE
HHuRRRTTTllEdd
hhhArrrTlllEEEsss
hhUrrTTTLLLIIISSss
HHHurrtttllOnggg
HHHIRRtss
HHuuusbbbAANNDDD
hhhusssBaaNNND's
HHUUsbbbUUNNddUUUd
HHUsBBaNNNDDER
hhhaaaSbboooNdaNg
HHHIIIsssbbAnnnDDDMMMeeen
HHHOOOsBAAAndddMMMeenn'ss
HHHUUUSSSBaaannndMEEEn
HHusssbbbuuunndrrrYY
hhuSBBBaNNNddRyyy'sss
HHHuuussbAANNNdS
HHHuuuSHH
hhIISH'SS
HHuSSShhhabYY
HHHuuShhheeDD
HUUUsssHHaaaSSS
HHOSSSHHIIInnggg
HIIIssskkk
HHESKKK'SSS
hhUUUsskkkIIID
HUsskkIRRR
hhhuuSSSkkkEErrr's
hhhusssKKiirS
hOsKKKIIIEEER
HHuuuSSSkkkIIeeSS
hhhasskkeeeOsTTT
hhaaSSSKKIIIllly
HOOsskkIIInnnaSSsss
hhhUsKInEESSSS'S
heSSKKKiiNNgg
HHHUUsKIIInggs
hhiskS
HHHuuussskkky
HHooSSSkkky'S
hhaasSSSAAARR
HuuSSSaaaRRR'ss
huuussssARRRS
hhhuuuSssEees
HHHaaSSSSSSyyy
HiiSSSSSSy'S
HHaaaSSTIINGsss
hUUSSSTTuunngSSS's
HHusssTTTLLLEEE
HHHussstllaaa'S
hhEESStttllEEdd
HHHuSTTLLeRR
HHuuSTTLLOr's
hIISSSTTLLLuurrrs
HHHEEESSTLLESS
hhhOOstLLInnGG
HHHAAATTT
HHUTTT's
HHuutccchhh
HHUUUTTTCChhh'sss
HUUUTTTcccHHEEsss
huuutMennttt
HHOTTMMeNTTSS
HHHaatttSS
HooTzzzppaaa
hhUUUTzzPPPa'sss
hoTZZPaaaHH
hhUtzzzPaaahh'SS
hhuzZZAA
hhUUzZZaa'SSS
HEzzzzoooiiiddd
HHHeZZZaHH
hhuuzzZeeHHH'S
hhhUUZZZzaaaHuuuD
HuZZZzzaaaHHaaNGGG
HHuuuzzzZaaahhhs
hhhUUUzzzzAAAinG
HUUzzzZZZAAASSS
HHwwwiiiNN
HYEEECCCOONNtthh
hyyyuuCaaNNTTH's
HHyyaaaCCCiiinTThsss
hhyyUUannnee
HHYYaEEEnnnaaa'SS
HYYIIIenaaSSS
hYYYALINEEE
HHHYiiiLLOOONNeSS
HyAAALLaatttooo
hhhyyalllooUUd
hyyyULLIIIppLeeessm
HYYYOLLLUUUrOOnnIDAAAssseee
HyyybbbRRooodd
hhYYBBBrrrIDD'ss
HYBBRRIdddIIsssmm
hhYYYbriiiDDESSm'SSS
hybbbRRROOODIItYYY
hhyybbrrIIDDDUzAAtiOOOnnn
hhhyyybrIdddiiizzITTiiOnnn's
hhyybbbREEdeZZZuuu
hyybbbrrrIDiiiZOOOddd
HHyyBRRIIIDDDuuzeeerr
HHHyBBBrrrIIIDDDiizEES
HHYBBrriDDiiizAANNGG
HHHYYYBBrrrAdSS
hhYYbbrrrAAS
hhhYdaannTToIInnn
HHYYdddetttuuudd
hhyyddnnnoceRRRppAAATTEE
hhyyydrrriii
hhYDreee's
hhhYYDRRRiiiCiiDD
hhhydRRRaaaiii
HHHyDDreeennnGGGiaa
HHHydRRRAnnnGGAAAaa's
HHHYYDrrrAngiaSS
HHHyyyDDDrrrANt
hhhYYddrrrAAAnnTT'S
hYYDDDRooonthh
HHyyyDDDRRRaannnttsss
HHHyydddRAArrrGyrrrOOm
hhydRRaS
hhYYYdrrraasssttiiiNNEE
HHHydddriStttiNiNNNE
hYYYdrAAAssTTAAAs
hhyydddROttteebbLiii
hhhYdddrrAATEE
HHHYDDDrrrATTTIII'sss
hYYYDDDRRRAAtttIIId
hYDDDrriiTTEEEsss
hhyyddRATInG
HYYYDDrrriiTIIIINN
HYYdreeTiiiiiNNN'sss
HHHyyddraaattIIIr
hhydddRAUUULuCC
HyyyDRRiiiUULLLicIIllLLYY
HHHYYdRRIUULUUCCSS
hhYYDDRRUuLLLAACCss'ss
hhyyyDrrraazzIINNi
HHYDRooozzzuuNuus
HHHydddRRIIa
HyyDRRuuuCC
HHHYYDDDriiiDDDEEE
HYDDDrrrIIddaaS
hhhYYYdROO
HHyyDDDRRRi'S
hYdReeebbUUmmb
hhhYddrrruuccUUrBBBooNNN
HHYDDDRRROCAAArrrbAnnn'SS
HYYYdddrOccEEErbbbooNNAACEEoIIs
hYYDRRROOOcUUrrBBBOONiC
HYYYDDrroooCCeerboNSS
HHYddrrroooCCCeellOOO
hhhyyddRRoooCCiLLLlllULLLooosEEE
HHYdrOOCEEEPPPhhuuuLLLuCCC
HHYDDriicopppHHHAAloooiddd
hYdddrrOOOCUUUPPPHHUUllooooSS
HHyyddRRuuuccIIIppphhuuuLusss
hhYYYDDDraaccepHHALLLooSSS'SSS
HHyyddROCCoPhaaaLLLY
hyyDDDroooCCCePPPHalllyyy'SS
HYDDrrocccHHHLLOOOrICC
hhYYYdrrrOOchLuuuReedddoo
HHYYDDDRRucchhhlloorrAAADEss
hYYYdddrrooCCCortttiissoooNNNII
HHHyDDDRRAAccorrttIIIsssUUUnneeS
hhyyddRRRiiiDDyyyNaamOOC
HHyydroooDyyynnaaMMiicooll
HyyDReeeddynEMMMiiiCIIIsst
hhyyddrrrIIIdddYYnnnIMIIIcccSS
HYddrrrOOdYYYnnAAAmmmOOcccss'S
hhhYYYDrOEEELLEECCTRRiC
hhYYYdRRRaeLooCCCtttrrUcccAAllllYY
HHHyyyddRRAellEEEcctREECCCIIttYY
HHYYYddrrrieluCTrIcuuutYYY'ss
HHyydrOfLLLUIIIriicc
HHydRRAAAFaaaaalll
HHHYYYDrrrOFoooiLLL'S
hhYYYDRRROOFiiiooLLS
hhYYYdddrroooggaaaN
hhyyyDrrrEEgeenn'ss
HYdddRRRUUGGGUUUnAtttOO
HHHYdruugggeeNNNAAAtEEEddd
HYYDDRoooGGGennnIttess
HYDDrrrOGennAAAtiiNNGG
HYddrroooGGGEnnnAAtIIoNN
hhhyyddRRRooogggeeennAAATIIIOnn'SSS
hhydddRRRooogEEEnOOzzii
hydddruuuggeNNoollYYSSSiiSSS
hhydRRROggginaaUSS
HYYYDDDRROGuuoooluuuGGGyy
HHydrOOgRaaaPPhhh
hhhYDDDRoooGGGRRiipppHHHeeeRRR
HHHYDrrrIGGRRRuuPPhhIIICC
HYYYDDDROOOGRuuuphhicciiill
hhhYDrrUUgraaaPPhhhICCCuLLlllyy
hYYDRROGRaPPPhhiiiEsss
HYYDDRogRaapppHYYY
hyyyDRRoIIDD
hhYDDDrriiedddss
HHHYYDDDrOOkkkuunnnaaaTUUcc
hhhYYddRRokkkIInnnaattEEcccSS
HHHYYdrrrooLOgiCCC
HHYYdrOLLLOOGIcal
HHHYDrrruullloogggIICCAlLLLyyy
hYYYDDDROOOlllOOOGGiiiSSStt
hydddRRaaallOOGIsssTTT'SSS
hhYYYDRellAGGGEESSStttSSS
HyyDrrOLooGGGYY
hyyddrrroolloGGGYY'SS
hhyyydrOOOlyyySSiiss
hydddRooolllYsssOOS'sss
hhhYYYDDrrOlllYYTTTUUU
hYYYdrOLytiiiC
HHHYYdddRaallYYzzzAtttEE
HHYDroLyzAATEsss
hhyDDRRRooolllYYYzzzAATiOONN
hYDDDRuuulyyyzzzoo
hhyyyddrrUUllyyZZEEDDD
HHYDDRoLLyZZZAAAS
hhYYDDDrOllYYYZINGG
hhyyyDDRRRooomaaGGnnneeeTOOOc
HYddrOOOmmmAAGGNEEttoooCCCSSS
HHYDDROOmANNcccYY
HYYYDDDrEMeeecccHHHAANNNIIccSS
hhhYYYDDRROOOMMMEddESSAAA
hhYddrrrAAAMMMEElll
HyDDrrromEEElllS
hhhyyyDDROOMMMEEEtAALLLlllAAARRGGGyy
HHHydddRRaaaMMMeeeTuarr
HHyydrrOOMMMaaterr
HYYYDDDrreeMMMeeetUUR's
HHydroomIITTIrs
HHHYYdRomaaatttrIIc
hydddRRoooMMMEEtttRIIICCCiL
hhhYYddrrrOMMeTTTrrrYYY
HYYYdrrOOmaaTTRRy'ss
HHHYdRippeeeThhiiicc
HydddRRRePAAAttthhoooESSS
hhhyyddRROOpAATHHIIssTT
hhYYdrooopppatttHHHY
HYYDDROOpppHHInEE
HHHydddRRIIPhheeellIIccc
HYYYDDDrrupphilOOUUUSSS
HHHyDDDRReePPPhhhuuuBBBiiUUU
hyDRROOOPPhhhiBBaaaAAA'S
HHHYDRaaaPHHooBBuuuCCC
hhhyyyDDDRROOPPHOOnnnEEE
hhhYDRoooppHHHooonnI'ss
HHyyDROOPPhonnEESS
hhYddrOOphhYTAA
HHYdraPPHHHytEss
HHyDDDrUUUppIc
hhhyyyDDrrrUUPPLaannooo
HyDDDRRIpLaaaNNee'ss
HHHYDDDRRRIIpplAAANNNOOODDD
HYYDDDRRoooppLAnes
HHHyyyDDRReplaNNuuNNNgg
HYYDDRoPPPOnniiiccc
HHYYdddROOPPOOOniiiCuuLLly
hydddRRROOOPPOONNNIIICsss
hhhYYDDRRRupppooonnnicss'SSS
hYDrOOppOwOOR
HHYdrrOOOPPS
hYYDDDriiiqqquuuIINNAnnE
HHyDDDrrrOOsssCiiPPPeee
HHHyddrrrAAAsooll
hyyyDDDRRAAssOMMMeee
HyyDROSPPHEErrreee
HYYdddRooosspppHiiRRRuuu's
hhYdRoooSSTaTTT
hhyyddrAAASSttATTuuucc
HHYYYDrOssTaaTEECOLL
HYYYddRRROOSSStttaaatttICAAAllLy
hhhyDDDRRooSStUUUTIIcccss
hhhYYYDROOOttUUXIIIs
HHyyyDDDRRITHHHeRaaapppEEEUUttiicS
HyyddRRAThhheeRRRAPPPyy
hYYYddRRRotthhhURRAApppyy'sss
HHHyddRRRAtttHHHUURRRmmmall
hhhyyDDDROOOtthIIIRREEEXXX
HHHyyydRRRIITTTrrEEPPuuusssMMM
hhyyydddraaausss
hyydddrrooxIIDE
HYdddROOXXUDEEE'ss
HYYddROOOxxAADDeees
hyddRRRiixxYY
hhhyydddRRoooXXYYLLL
HHHYDDDRROOxyLAMMMENNE
HyddROxxYYlls
hhhYYdRozzOOAANNN
HYYDDDRRRUUUzzzuuuIIINNNSS
hhhyIIINeee
hYEEENNiii'SS
HHHyyEEnaass
HHHyeeTAALLL
HYEEtoooGGraapHHH
HHHYYEEETUUUggrrAAPPHHyyy
HyyyiTellleeeGYYY
HHYYgggOOOUUUNNNE
HHHyygiiiEnna'S
hyyygggeeeNiC
HHYYYGeeNNIIIcaaalllllYYY
hhYGGGiANNNIIIcccs
HHHYYYGGiennnIISSSttt
HHHYYgIoonnuSSSt'sss
hhhYYgggUEEEnnnAStts
hYYYGGRRIIIgreeePPH
HHYYYGGRimmetteeRR
HHHYYYGGrrraaammmeeTOOrrr'S
hyGGRuuummuTTiirrrSSS
HyyGRooMMMEEEtRRiCCC
HHHyggrrooomeTTTrrrYYY
hhhyyygggrophhIIllloooUss
HYYGGGrISCCCOOOpaa
HYYYggrrrooSSSCCCuPPPees
hygggrEEESSSCOOOppiiccc
HHHyGroooSSTTaTTT
HHHyGGGRaaatttHeRMeeGGrrrAppHH
hhhYiNggg
hYlAA
hhhYYLooommmooorrrpHaSSMM
hhYYYllliiipphhhuGGGAAiS
hhyyyLUthEIIIsssmmm
HHHYYlllOOzzoooiiiSSSM
hYYYMEnn
HHHYmEEENN'S
HyyMeeeNNal
HHYmmEEENNuuuIlll
hhYmeeenniiUUUm
hyMMMEnnnIIOOOMsss
hhYMMMeeneePPttteeRInn
hhhyMMMOOONNNOPtoRRRAAANNSS
hhhYMMinnoooppTIIrrrAAAuuuSSS
HHHyMMMeeeNNss
hYYMn
hyyyMMN'SSS
HHHymmNNNaaL
hYYmmmnaLL'S
hhyymmNNNIls
hhyyyMnbooOK
hhymnnnbbbooOOOkkk'S
hhhYMnBBBOOOookSS
HHHYYYMMMnEEdd
hhYYYMMMnnnIINNggg
hhyMMMNiissTT
HyMMMNOODDDIeeess
hhhyMnnooDyy
hyMMMnnnooLOGGGy
HHYmmNsss
HHHyyoouuddd
HHyyaaeeedss
HHHYYYOScccUUUNAA
HHHyyoosCCeennnass
hYYOOssscYAAAmmeeeNNNeee
HHyyoosssCCYYYiiimmUUS
hyPPPabbyssSSSaaalll
hyPPAALLLLOGGi
hyyppalllllAAAGuuss
hhhYPoooNNttHHHiiM
hYYYpppe
hhhyyPPUU'S
hhyyypODDD
HHyyyppErr
HHHYYYpppORRAccciiidd
HyyypppEraaaCUUUDoooTTTyyy
hypppEErraactttaaaVVuu
HYYYpirrriiCTTTUVVElYYY
HHYYYPORRAACCtiiiVIIttY
hYYpeeeRRRacTTIVIIIttYYY'SS
hyyppeeeRbIIrIIICC
hhYPPPUURbbbaaTTTooN
hhhYPeeRRbbbeeeTOOOnnSS
HyyypiiirrrbUUULLLAA
hhhYYPooRRbbboollA'SS
HypirbuLLoEE
HYYYpppeRRBBaaalAss
hhhyPPeerBOOLLLO
HHHypppEEErrrBBuuuLLII'sss
hhhYYPOORRRbbiLLICC
hhhypaarrbbbooLLLICCCaaL
HHHypppEEErrbooLIIICCaallLLLyyy
HHYYpppeeerrrBEEllliiisssMM
HypppEErrrBBBOliZZZEE
HHHYPPPiRRRBBoollIIIZZZEDDD
HHHYYPPeeerBBBELLaaaZuSS
hhhyyyporrrBOOlliiZZUUnng
hypeRRRBBBOllOADD
HHyyypOOrrrbbbOOOloIDDss
hhhYYYPPeeerrbbooRREEaan
HHHYPeeeRRRcaatIIllleeeccttAACC
hyyPPPeeRRcccEErRRReeCCTTT
hYppErrrcooorRICTIoN
hhhYYYpppIIIRRRccrrIIItIIcccalll
HHYYppeeerrcccRRRootiCCCully
HHypppeeerCCrriiiticEEESSM
hhYPPARcubbbIII
hhhYPercooBBeeess
hhyypppurrrDDDuuLLLiiiO
HHyPPiiiraaMMMIAAA
HYPEReeMeeeooSSS
hhYpppiiiRRREESthESSSIIIA
hhhYperExxTTTEEnSIIUUNNN
HyyppuuurrraXXXTTTUnnSIIIooons
HHHYYYpppErrfffiiNNNaa
hhhYYpooRRfffOOORMMM
hhYYppOOrGGGLLyyyCOOOmmmEEAA
hhhYPPeRRRGLLLyccciiiMMMuuuAAA'SS
HHHyyyPPPeeerrrGlllYcccEmiiCCC
HHHYppOrGoooLLLiccc
hhyyPEERIIInnnFFFLAAAtIIOOnn
HHHYYpUURRRKKaaaRRRATTTOsiiS
HHypppEEErrKEENeesssIO
hyPPEEErrlInnK
HHYPPPuRRRllIIINk's
HHyyPPIIIRRLAAANNNKKKSS
hYppEEERRRMMMooorKKKaattt
HHyyypUUrmEErrrKKEEEts
hyypEEErrrMMeedddiaa
HYPEEErrmeeeDDuaa's
hhYPPUUURRMEttEER
HHHypaarrmmetttrrruuuPPEEIII
HYYpeeeRRMuuutREEEppuEs
hYYYPPIIIrrEEnnn
HYppUUrrrOnnSSS
HYYYpeeroppooAAA
hhhyyPPPeeRROPPPiiIIs
HypppUUUroopIC
hhhyyyPPPeeeRREEssTTTeesssOOs
hhYPerppURRATThhYYRRoouuuDDDuuusssmm
HYppaarPPPhOOgiiiAA
HHHyyPPPurrphyysiiicccalll
HHyPPPoooRRRpiTTuuuiitaaRRRAssMMM
HyPPERPPLLLOONNNE
HyPPaaaRppplIIINNNeSSS
HyPPPoorrrPPPLAsuuII
HHYYYPPPIIRpppLLAAAssooas
HHYYpIIrPllUUIIIDDD
hhYPPPeeeRRPYYYRRReexxoEEE
hhhyyypppEERpYYRRReeeXiAAS
hyyPPPuuurSSSeNSOOtttIVVVe
HHyyPPPuuurrrSSEEnSIIITeeeVVenEssssss
hyypppoooRRssANNSSeeTTTIIIvvUUUnnIssS'ss
HHHYpeerrSSuuuNNNssIItAAvviittiiaaSSS
hypppeeerrsEEnnSSUtuVVIIItttyyy
hhhYYpppEErrrSSeeNNNssuuttiviiitY'S
hhhYPPiiiRRSSIINsssIIITIZAA
hyyPPPeerrssONNNIC
HHHyyppiirrSOnnniiicAALLlyyy
hhYpaRssppuuCCCee
HyyPPPerrrSSSPPPUUUtttUUall
hhypEEERSSSThheennee
HHyPOOrrrTTEEEnnSSSiiioon
hhhyypEERRttteeensiiuunn'ss
HHYPPErrrTiiiNsssiVVVE
HYYppEErrrtaaNSSivvveee'sss
HHHYYYpppEEERtooonnSSSivaaaSS
hhyyyPPPUUURRtttixTT
hhyyyppoRTTTEEExxxTT's
hhhyyypUURThhEEErrrMMMAAII
hhyyPPOrthhhUURMIaaSS
hhhYPPPeeerrrTTTHHHYYYRRRIIIiidd
hhYYYpoooRRRTTThhyRRRoooUDDD'SS
hhhypeerrrTTThhyyrEiDDDIIISSSm
hYYppEEERTHHHYYrrrOiddISMM'ss
hhhyyypArTTTUUnOOC
hhhYYYPPPeRTrriiiphhhIIc
hhyypppeeertRRooPPhhEEeeeDD
HYPOOORTTTrroooppHHHeeEEs
hyyypAAARRTTRRReeepphhhyyy
HHHypppEEErTRAAApppHHHyy'sss
HYYPPErrtRRophhhYYYiinnnggg
HyPerrrVVEEEnntttaaaliTTEEE
hyyPPerVVUNttIIlllaaattteeddd
HYYpppIRRvvvoNNNttuulAAATTEEESS
HHyyyPeerrvUUnttIILLLUTiiNNg
hYYYPPeerrvaaaNtttILAAAtiOOnnn
HHHYPPPUUUrvEENNtAAAlllIITTAAooNN'ss
hhYYYPPeeeRRvIItttUUUmmiiinnnooseess
hhYpppOrVVVIITTOOMMoooNNoooSUUUSS
HHypppUS
HHHyyPPuuusThheeeSaU
HyyypaTTHHrooLL
hYYppHHHiii
hhYPPHHOOOe
HyyppHHEn
hYYPPPHHennn'SSS
HHHYPHHEEEnnnaaatttE
hhhyyypphEnnnaTii'sss
HHHYYYpphhEEnuuuTTTed
hhhYPPHHHuuuNNatoSSS
HYYPPhhInnAtttIng
hhhyPPhhhAAANeetttuAANNN
HYPPPhheeNNAAAttiAAANN'SS
hhhYYPPPhheenAAtttIoonnSS
hhhYYYpHHAAAnEEEdd
HHyppphheNNing
HyPPPHHINNss
hYYYPPiiiNNGGG
hYYpppNNaaGGIIIGGiiicc
HHHYYYpppnnOOEEnaalllyyysssEEESS
hhYYpNOgaaneesseeeSSS
HyyPNNNooGoGeeccc
HyyyppNNoLLLoogggyyy
hhyPnOSSSeeeSS
HHYYPnaassOSSS
hhhyPPPnAAsssiiiss'sss
hhYYpNiitttHHHeeeRRaPPPIssTTT
hhYYPPNNeeeTThhUUURIIIpiiSSSTsss
hhhyyyPNNNooTThiiiRRRUUpppyy
hhyyypppnnnOOTHEERaapY'SS
HHYYYPNOOttticc
hhYYPPPnnooTTiiiccc'ss
hhhYYPPNNOOTaaaccOlLLy
hhyyyppNNNOTTIIcccSS
HHYYPNNOOOtttUUsssm
hhyppnEEttiiiSm'SS
HYYYpppNuuuttoosTT
HyPNNOOOttASSTT'ss
hhhypppNNIIItAAASSSTTS
HHHYpppnOOOtttEEEzaabblEE
HHYYYPPPnnnoootIZZZAAAttUUUOOOnnn
hyyyppNooTiiizzzEE
HHHyypppnnnoottiiiZZeeed
hhYpppneeetUzzzeeRR
HHyyypNNNooottezzERsss
hhyPPNNNaTTTIIIZeSS
HHyPPnnIITTTIIzzzAnnGGG
hhyyypppOO
hhYYpppOO'SS
HYYYpOOOaccedIItyy
hhyPPPoooILllEEERgenniic
hyyypppobbbLAAAsssT
hhhypObLLIISSStsss
hYYYPIIIccAAAuSttt
hhhYYPPOceenTTuuuR
hhYPPPooCCChhLLORRette
hhYYpppiCCHHLLoooRiiiTTAAss
hyyyPocHHOONdRIIUUU
HypooocHHONdrrIIa'sss
hyyyppUChhhOOOnDDDrreEEECCC
hhyppAACCCHOnddRRReeaaaccc's
hhhyyypppeCHeenddRoacaaaLLL
HHyypppoChhhoNNNDDDrruaaCCss
HyyypppUUUccHOOOnDDDrriAAAsssEESS
HHyPPIIICCChhhOOnnnDDRRRiiiOOssUSSS
hhhyPoooccchhooNNDDriiaaaMMM
hhhYYYPPPoooCCCHHRRROOmmiiiII
hhYYPPICCCoRRRIIsssm
HHYYYppOCOOOrOStiiiccc
HHYPUcattyyylll
HHHYYpoooCRisieS
hhhyppOcccrisssyyy
hhhYpoCCrrrEEESyyy'ss
HyPPOOccraaattee
hhhYPooCCRRRaTeee'sss
hypooocRiitis
hhyPPPAACrriiiTTiiiCCCelll
HHYYYPPAAcccRRREETTooCCalllLLLyyy
hhyyPOOCCCyyCLoooiid
HHHyyPPPiccyyyCLLLEEIIDDDss
hhhypppAdAARRRm
HHHYYYppoDIRRmmo
hhhyyyppOOddEEERRRMMEcc
hyyyPOOddeerrrMMMiiiC'sss
HHyppEEDDDOORRMMMEcccUlllyyy
hhhyyppiiiDeeeRRmmIIcccs
HHHYPPPEEdEErrMMUUUsss
hhhYYYppAAAdddeRRRmmmeeesseeeSSS
HHHyyypppeeeGAStttRRRUUuum
hyppogggeeeaaaLLL
hypppOOGGeNNe
HYYPagggeeNNiiUUS
hhYYYPoogggeeeoooEss
HHYPIIGGeeooMM
HHyPPPOOOGGlOSSssAAALL
hhYYYPOOGGLLooSsssaaaLLSSS
HHHYPPPOOOGGlYYccIIIiMMIee
HHypAAggLyyCCEEmIIIAAA
HYppAAgLycEmmEIII's
HHHyPPuuuGGLyyCCCUUmucc
HHyyyPOgggLLyyccEEEmiiccc'ss
hhYYYppooGlYcEEMMIIICS
HHyyyPPiGnAThhEEEuS
hYYPPPooogYYnnOOOuuuSSS
hhhypppoooLLIIIMNNNIIAAANNN
hhhYPOOmAAAniAA
HHYppaaannneeeSSSTY
hYYpppOOONNOtttRRUUUtUUU
hYYYPooPPHHHOOsPPPHHaaatttEEE
hyppooopppHHussPhhhoooTiii
hYpiiPhhyyygggEEE
hhYYYPEEphhhyysssEESS
HHyypuuuphhhYYSUs
HHYYpppoPPAAATOEEtIIIRRIIssMMM
hYYPPOOOpppllEESSIIII
hhhYPoooplluuuSSUass
HHHYPPPOOppllOuuuddd
HyypppIsss
hYYYPPPAAsssEnnnssaatttiiZZE
hyyPuussTIsUSS
hhYPPiissTTASSSISSS
HHHyyypppessTAAsaaaZZZiii
hhYpoossstttasUUUZZZES
hhyyyppOsstttaaattIIIZEE
hYYppooostaaTTiiiZZZeeDD
hhYYYPPPusTTIIITiizzUUSSS
HHHYpaSTTEEEToozuuuNNG
hhhyyyPPPuuSSTTThhheeeniuuu
HHyyyPPEEsTYYLLE
hYYPPUUttAAXXoS
HYYppIITTTONNssUiiiNNN
HHHyPEEETeeeNssUUoooNNss
hyyyPPOTeeeNuuSSee
hYYppIIteeennnUSeee'SS
hhYYPooTTTeeNNAAsUUUsss
hhYpppOOOtHHHAALLLaaaMMII
hhYYppIItthaaallaaaMMMUc
HHypppOttthhhaaaLLLaaMMMusss
hhhyyypppoothaaLLemmmAAAss'sss
HHHyyppooothhhiiCCC
hYYPPPAAAttthEEccIITTTu
HHHyPPPooTThhEEcaaTTTAd
HYpppotttHuCCaaaTTesss
hYYYPotHHaaCCCUUtIIINggg
hYYPPOOtttHUUURRRMol
HyyyPiiTTTHHuuRRmiio
HYPPoooThhhoorrMeei'SSS
HHHyPPotttHORRRMiiicc
HHyyppoooTTThhhUUUSSEESS
hhhYYYpppOThhhaaSiiS
hhhyyPETTThhhOOOSisss'S
HHYYYppooTTThASSSIIIzzzEE
hhhyyPPOOTThhEESSIIZuuuDD
HyyyPPuuuThhUUSSIIzzzUUrrr
HYYppetthheSSAZZZass
HHHYppottthEEEssiiiZZINGGG
hhyyPPPOOTTTHHHEEtttiiicc
HHHyyyPPOOtHHEEETToocaaaL
hhhyppOOOttthEtticcalllLLyyy
hyyyppoooThhuTTTEEECILLsss
hhhyyPPPEEttthhyyrrrooEEdd
hhypOOOTThhhYrruuiiD'ss
hhYYppIItHyyrrrOidUUsssM
hhhyyyPEETThhhyyyrriiiiidddiSM'SS
hyypppOOtONNNOccc
hhhYYYPPiTTRRRaaccHullliiiUm
hhhYYYpOOOXXaaNNTTTHHHOOnneee
HYYPooXXXiiieee
HHHYYPPPAAXXXIIIaSS
hhhyyyppuziiUUUgMAA
hhhYpoooZEEEuuuXXXIIS
HyypSSSooogrrapppHHyyy
hypSSSuuMMOttuRR
HHHYPPPSuuuMUTRRYYY
hhYYRRAAAcccEEES
hhhYRicEEEeeddd
hYYREX
hhYYRRRaaxoSSS
HHHyyySSoonnn
HYYYsssSooP
hhYYSSSssOOOPP'ss
hyySSttiRRReeCCCtoommmuuueesss
hYYSSSTEEERROOOCCtooommmuZeee
hhySTeRREEEctOOmmY
hhYSStttUrEECCtttOOOmmmY'sss
hhhYSSTTeeressiis
HHHYYYsssTOrrrIII
hhyyysTTeeRRIIeee's
hhyyySSTeeRRRiicc
HHYYssTaaaRiiC's
HHHYYYsssttEEERRIIIcccaaLLL
HHHYSSSttuRRiicccaaLLLLYYY
HySTIIRRRooCs
hhyyySSSTTaarrrIIICCss'SS
hhYYYSSTTeeRUGEEENNNUUcc
hySSSTTTEEroOOOd
HHHYYStEErITTToommY
iii
iiippad
iPPPHUnnee
AAAPiiiDD
IIPPPood'sss
eettUnisss
iiTTTuNNESS'SSS
IAMMMB
aEmmmBBB'SSS
iiieeemmmBi
iUUUmmmbICC
iiiuuummmBBiC'ss
IIIambbOCCCS
oooAAmmmBBss
IooommBooSSS
aauuMBBBusss'S
iiiiMMMBuuusaaass
uuuAAAtttrrruuuccc
iiiiTTTRRAACCHHHoooMUUssstRyy
UUAAAtrroGEEnnIIIc
iibIxxx
IbbEExxx's
oobbExxasss
AbIIcccuSSS
IIBuuuDDUUMM
IIIBBiisss
IIIbiiiSSS'sss
iiibbbIIISSSiis
OOBooppRRROOFFennn
iiiBBUUUPPriFUUUNNN'SS
aaaccco
eeCCCO'S
IIcEEbbbAARRgg
IIIccooobbbAARRggg's
iicAABBOOORRGGGss
iiiccceeBBllIIInnnK
IICCOOOBBBuAAAt
oocccEEBOAT's
ICCCEEEBBBuuAtAAAR
acccObaauuuteeNNGGG
iiiccceboooAATTTS
UUCCAbbbaaeNNNd
iccceebIIIX
IICEBOOOxxx'S
IICeBBBOOxxoSS
acccEBrrIIIIIKKERR
IceBBrrrAAkkEEER'S
iiicccIIIbrreeAAkkkerS
IIIccEEEbbbrrreeUKKKiiiNg
eeeCCEEccaaapp
uuuCUccApp's
iiCCECCCUPPPsss
IIcEEEdd
UUUCCCEEEffall
IICCifaaaLLLs
icceeehhhouusEEE
aacEEHOOOIIIsEEES
UceemaaaNN
aaccciimmmooN's
eecciiMMeN
IIICCCEEEPAACCKKK
iiicePPPiiCK
iiiceeePPAcKSS
iiceSSS
icchhNNeeUUUMOOOnnn
OOOCCCHHnnuuUMMMUnnnSSS
IcHHHnnnAAAttee
iccchhhnnOOGGGrrIPPPHHHyyy
ICCChhhNOOlliiigYYY
ooocHHHeeR
iicHHorrrAUSSS
iiCCHHOORRsss
IICCChhhtttHHHYYYIIIc
icHHHThhYYaaaIIdd
IICCChhTTHYYOOOlllattEE
ooocccHttHHHYYoLOOgguucc
ICHHttthhhYYYOOOlloooggiiccaaLL
eechhttthyyyeeeloogiiiST
iiiCChthhYYELLLoogggISTTT'S
IIIcchtthhYooLooGGGaasssTTSS
oCCChhtthhhYooLaaggyyy
AAAchhhTTThYooolOgYYY's
OOOcHTTTHHYYoRnnnUUUss
iChhthhYiiiSSSIIIuRR
EccHHtttHyyEESSSaaaEErrrsss
iiccchhhTTThhhYYYOOOsssaaauurOs
IIIcHHHttHYYYooossAAAEEERRRASSSeeess
IICHHHttHHYOssiiSS
ICCCuucclllEE
IIIccuuuCLeee's
uucUUcccLisss
ECCCiiErrr
IIcceeeesst
iiCCILy
iiiceeNNUSSSSS
EcciinnnoSSSS'SS
IIIcIIINNNGGG
ecccEEEnnggg'SSS
uuuciiNGGS
IIIcckiiiirr
oooCCCkkkiiieeeStt
iiiccckkkIIINNNeeSSs
IICCKYYY
uuuCCAAANNN
AAAccoooN'sss
iccconnICC
IIICCConiCCCAAlllllyyy
IIIcccONNaaaccAATYY
ooCCiiinnOOOCCCLAAAsm
AAccceeeNNNOOOcllEsmm'sss
IIIcooNNNiiCCllaSStt
OcOOniiCLLLAsssTTT'SSS
oooccoNOOOcclleeeSSSttOOCCC
oooCCCOnnnOclAASTTeecuullY
IIIccciiiNNooCllaaSSTTTsss
ICCCoooNNoodddULLy
uuuCCuNNNooGGGRRUppphAc
ACCOONNNoooGGRRaappHYY
oooCCCOnnnOOGRAAPPHY'ss
IIcccoNNNOOllaaatttrraaeeeSSS
uuCCONNNoolllaaatrrrYY
EEECCunaLLoogYYY
ICennoosssccuuupII
ooocccONNNiSSScccoooPPUsss
aaaConnnissTTuuuSooS
UUccuNNNSSS
IIcccasssEEhhheDRRAAA
IIICCCoSAAAHeedrAlll
iicuuSSeehhhadddRRRoN
EEEcccOssaaHHHOdddRRReenss
iiiccTTARRRuus
iiiCCterruuuSIIs
eccTTosss
AAActtAAAS'SSS
iiCCyyy
uuud
EEED's
iiiDDDEaaa
adeaa'S
IIIdAAAAlll
iiidEEAAL'SSS
IIDDDeeAAllaassMM
iiiddEIILLLesssmm'S
AADDDEEEAlllaSStt
IddaAALLLUUSSSTT'S
OOODDeeeAAliiistOOOcc
oooDOOOallluuusTTTiiiCAlllYYY
idddEaaaLLisssts
UdddAAaaalllitty
iDEEaaallliiZiittiaaNN
iddAAAAlIIIZZZETTiiIIInn'SSS
IdduooLLAAAZOTTUUooNNS
idddEullIzzEEE
IdddUUOlliizzziiD
idddEaaalllEEEzzzaRRR
EEdddaEliiizzzeeS
IIIdUUUaaaLOZaaNNG
UUUdddEEAAlllLY
iiiDDEEEoLaaGGGyy
IIIDDuuuuuuLs
iiddEEEUss
IIIdduuuAATTaaa
eeeddEoootEEEddd
IIIdddeeeIIttEEES
aadeEEttiiinnGG
AADDiAAAtttIOOnn
IDDDaaaOTTAAAEEENNALLL
AAdddeeeaatttuuuonnns
iiDeeaaTTTUUmmm
IddeMMM
uuuDeemmpeTTTaaaNNt
Idenntttooccc
EEDDONTTTuuuccuuLL
IIIDeeeNTUUCIILLLLLyyy
iiiDeeeNtUCeeeLLnnnEESsss
iDunnnttIIICCCaaaLnnEESSSeeesss
UDIInnTTTIIFiiuuubLi
iDDEEEntiffIEEEBBBLLLYYY
OdddaNNNTifffiiccooTTTIooon
eeddEEEntttIIIFFFUcccAttoooN'SSS
EdddoNtttiiffiicccIIItttIIIaaannnSS
IIIdoonnTIIIFIIADDD
iiiDDeeennttUUFFFiOOR
EEDDDEENtiifffoooooorrrSSS
iiDDDuuuNttiFFaaUSSS
uuudddEEnnttteffYY
iiddinntAAAFFYeeenngg
iiiddeNNTTiiiKKaaaTTT
IddEEEnTTTIkOtttss
iidddEnnTTTiitIIeess
iiDEEnnTityy
EDEnTTTIIITTy'SSS
iiidEoggrrrAAM
iiddIIOOGGRRRAAAM'SS
AAAdIIIeGGGrruumMMaTTiic
IIIDDiiiUGGRRAAmmmmuuTTiiiCAAALLLllYY
aDDDeeeAAAgRREEEmmSSS
AdddEEEiiigRRaapHH
iDDDaaaOgRuPhh'ss
IIIdEoooggRRaapphhiicc
uuuDDDuuooogrrrApHIAAs
IIDDDaaOGGGrAAPPPHHHs
IIdeoogRReeePPhhy
iDDDiOLLLOOgggacAAl
iiiDEEEaaaLaGGGuuCaallllyyy
UUUdduueeelllAAAgeaaass
AAddueeelllUGGGAASSSttt
eedAOOLIIIGGiissT'SSS
aDDEEEaLLogggiiSTTS
IdaaaaallluuuGGauuu
iiidEEOLiiggUEE's
AAAddUUOOOlOGUUUAASSS
iidddEEEOlllOOggYY
iiddeeeoLOGGY'sss
IIIddEEEooMMITTTER
OODOOSSS
iiidddUUUSSS'SS
iiddioBLLIISSt
OdddIIEEECIESS
aDDDIIIOCCCrAAASSy
iDeeooCYYY
IdOUUccyyy'SSS
UUUDiiOOggLLLASSSSIIA
EdiOOggRRREEEppHiiiCC
IddIOOOlEECCtt
IIdiiioolIICtts
IddeeeeeMMM
EEddIIIoMMM'sss
AAADiiiommmIIITTTaaccc
eediiiaMMMaaTTTEEcccaaLLY
iidddiOOOMMOOORppphhIIICC
IdOOOOOOmmms
OOODaaaePPPaattHICCC
iiidiiioPPoThY
iiiDDiOOOpHOOnA
iddIIOOOPPLLiisssmm
adddiieSSSyNNCCRROOOssiEEESSS
ODooooSSyNcrUUUsY
IdddEEooosYYncrAAAssYYY'sss
IddIIOOOSyNNNCRRAAAtttIccc
UdiiOOOSSSYYYnCCCRRetttEcccaaally
iiidioot
UUdddiUUUt'ss
IIDiiiooTTiiCCC
EEEDDDiiuuuttAAAccaalllllyyy
UDAAAittUUsssM
eeeDaaeTrrOOPPPICCC
UUdOOOtttSSS
iDLLLE
aaaDDDllAA'S
IIdLLaaddd
aaaDDDLLEEEnaaSSS
iiddLLAAAnneeeSs's
oDDDllleerr
iiiddleeeRRR'SSS
iiiddlliiiRs
iDDDllleeeSSS
IDLLesT
OOOdddlleeennnggg
IIIDDLLLYY
IIDEEccRRRUUUsEE
iddaaacccrAAsISS
eedddOLLL
edOOOLLL'S
IdoollaTTER
iidEEElUUtUURRR's
IdooLLLAAAtOrSS
iidddolllAAAtttOOOR
eddOOLATTTRRRiisSSS
UUDDDOLaaaTrEEESSS'sss
aadddOlleTrreeSSSSeeSSS
OODOLLLaattRIIzaaa
iddollottroUUUsss
IIIDoLLutrrEEUUUsssllly
IddoolleeeTTRRRyyy
iiidddaallattRRRY'ss
iDooLLIIISSmmm
IIdddeeeLIIIssst
iDUUUlllAZAtionn
uddOLLiiiZZZaaatttIIIeenn'SSS
iiidddOOLLLiiiZE
AAAdddUUULIZaaDD
IIDDoliiizzzeRRR
idIIIlluuzzzeeS
idEELLOzzziiiNNgg
IdddAlllsss
UUdOLLLUUUM
OOOdddS
uuDDDyLL
iiiDDDyll'S
IDDDYYLl
uuDDYlL's
OODDyLliC
iiDDDyyyLLLuuCCilllYY
IIIDDDYlloSt
IIdddYLLLlllIZZE
aDDDYYYLLLlSS
OODYYYllsss
uuf
Ifff'ss
iiFFFFFuuiiiRR
iiiFFfiiiussT
iiiFFFFFiinnneSSSss
eeeFFFFINNNAssss'SSS
OOfffffy
iiifSSS
iGGLLLooo
iiGGLLLoO'ss
OglllUUUOOs
AggNoooAAUUUSS
eGGGnuuuscccENT
aaGGnnnETTAAABLLUU
iggNNuutttUU
aaggnnUUTTEEdd
IGGNNNIIItttur
IIIggnnOOOtttIRs
ooogggNIIITToS
IIgNNNeeeTTUUBBBLe
iigggnatttAANNg
iGGGNeeetiONNN
uugNAATTTaoN'sss
ugggnnIITTTioooNs
UUUGGGNNuuttOrrr
eeGGGnnnIIItOORRSSS
EEGNitttRoooNN
IIGGNNooobbiiiLLLitYYY
EEgggnnnOBLLeee
iiiggNooBBBllleeennneeSSSSS
AGGGnnooobblllEEnnniisSSSeSS
IIggNaaaBLLYYY
iiiGGGnnAAAMMMiiiNNNaEEss
agggNNNOmmmIIInnnOOOUUSS
eeGNOOOmmUUNEooUSSSllly
uuuGGGNNNOOmmInniiEEEossneeSSSSSS
aggNNNoooMMMaNNooooUsNNeeessSSesss
IggnnAAAMMIIInnY
iiGGNNOmOOOnyy'sss
ugnnOOruuuBBLLLEEE
uggNNOOORRRUUmmIIISS
AAAGGnnurraaMMMUSS'SSS
uuuggnoooRRAAMMusAss
igggNNooRannnCCCEEE
IIGNuurrUUUNNcccee'sss
iiiGnnAAArrraannnt
uggNNORRANTTTLy
UUgnnOOrrE
IIgggNNUUURodd
iignnnORRuuR
iiiGGGnnOraSSS
eeGGnnUUrrrEnnggg
uuuGGGuuOnAA
eggOOOUNNuuu'ss
iiiGuuuOONNNooss
AGGGuuuAAnnEEEDDEEEn
IggeeAAAnOODDoonnnss
iiihRam
IKEBooNNa
iKKON
IIkkooNN'sss
uuuKKKunIIIC
iiiKKoonniiCCaaaLLllY
uuKOOONNsss
eellEA
iiiLeAACCC
ILLEEeL
UUleeeOOOTTiiiS
iiilllAAAiiitttaaS'S
IIllEooStttaaaMyyy
EEElEEEuMM
IIleuuuMM'SS
iLLeeuusss
IllleXXX
IIILLLIa
uuuLiiiAcc
IIILLLAAEMMM
ILIIaaam'sss
iiiLLLkk
uuuLLLK'SS
aaalKss
IllL
uullll'SSS
iillAAAtOOOOOOnn
ilLLLutionsss
IIlllLLLOOOTiivEEE
ELLLlAAAADDDaaaBBBlllAA
IllllleGGaaLL
iiilllllagol'ss
IllLLLEGaLiitIIIooS
iiLlIIGGOOllIIItttYY
ILLLigggAAALIIIttY's
iLLLllEEEGGGiiiLLIIZEE
ollliggAAlUUUZZeeD
IIIlllLLeggaaLLIIZiis
IILllEEggaLIIIzzziiiNNGGG
aallllllugguLLLLYYY
IILLLeggaaLLS
iiilLEEEGIbbuulliiiTTY
aaalLLLAGIbbbIIILLIty'sss
IlllllloooGGGiiiBlE
ILLLLUUUGiiiblllYYY
aaaLLLLLiigIIItttIIImmmaCy
UUlllllAggguTTuuMMOOCCCyyy's
IlllaaagiTTiiimmAAtE
IIIllloogIIITTTImmmaTTEEEllYY
IlLAAAbeeerruuLLL
IILlleeebbbEErrALLLIIItY
illlleBBUUrrrAAAllIITTTyyy'sss
iiillliiibbeeeReeLLy
iiiLLlllebeeeRAAAlNNasssSSS
IIlllIIccooot
UlllLLLiCIIITTllY
IIIlllLACCCIIItttNiiSSss
ELLLLLLicIIttnnnessSS'S
iiillllEEEMMMUToooBBBLLe
iiiLliiiMMMutttAAABBBlYYY
iiiLLLLLInnnEamm
IllLLLiiiQQQUUD
IIIlllIIITorrEEccyyy
iillLLiiiTeeerrrIcccy'S
iiiLLLLittuuRRUUUTTTE
iiilllOOOTUrroTTTee's
iLLLLLiiTTEEERRRAttiiillYY
aLLLlIIIteeerratANNNEEssSSS
iiLLLluuTUratttaas
iilllnnnessss
IIlLLnIIsSSS'SSS
iLLLLNNOOssSOSS
EELlllECCCaaaTiooN
allllIIICeeTTEEEInnOORyy
oooLligggAAAC
iilllLLOGGoooCCCAl
iiiLLleeGGoooccaLLLiiiTyyy
iilllllluGGGicEEELLLITYYY'SS
EEElLLLooogiiccaLlyy
aaaLLLLLOGGiiccs
IllllS
IlllliMEEE
elLLEEMEEEddd
IIILLlliiiMMMooos
uuLLlUUMMMINNEEBlluuu
iilLeMMINNNuNCCee
olLLLOOOMMMoNNNInncccES
ooollloomOOONEEEnnnttt
iiLLlUUmiinnnOONtSS
IIILLLLoommmiNNaatOO
uLLLLUUUMinnnAATTuuDDD
IILlllOmaNNNOtAS
illLLUMinetti
ooLLLllAAMMiiNAtttIInnggg
ooolllluuummiinnnETINggllYYY
IlLUUmiiNAATTEEooNN
ULLlllUUmoonAATTiiiooon'SS
ELLLLLLuMMIINNaTiiOONNs
iLLLLLLuuuMMInAAATTTiiVVVEEE
AAALLllUmmmiinottOOOrrr
IllluuuMMMIInnneee
IILLLLiimIIINNNooDD
ILLLleMIIInneees
IILLuumiiing
AALLLuMMMAAANNNiinng
aaLLLUUmIINNuusM
iiLLLLAMoonissstt
iLLLLaaMaaaNOOOmeeeTTTEEErrr
oooLLAASOOoonnn
iiiLLLUUUSSSiiUUN'SSS
alLLUUSAAAOOnnaal
IlllUSSaaaIINEErrY
uLLLLuuusssIIuunnniiiSSSMMM
iiilllllUUSSiOOOnnIIstt
iiillLLLUUUSIIIOOONNIIssT'S
iilllLUUsIIIENooSTiiC
iiiLLLLaasiiiEENiiissttSSS
iiilllLLUSIonsss
ALLLlllusiivvi
ILLLllUUUSiivEElllyy
EEEllLUSiVEnnESsss
iiLLlluuusssorrIIILLLYYY
IIILLLLLOssOOORRIIInnnEsssSSS
IILLLaaasssUUURRRyy
UUllllllUUSStRATeee
IlllLOOOstttRRATTeeDD
IIILlaaaSSSTTrraaattuuSS
IlllluuSSSTrEtttiiNNNgg
iLLLlllUUUssstttrrItIIIooonnn
ILLLllaaSSSTRRaatUUAAn'ss
IlLLUUUsttrAATTuuuNull
ALLLllUUStttRRRAAtiooNNNSS
IIlllUSSSttRRRaatttiiVO
IllLLUUUSttrETTTiVVVeeLYYY
IIlllLLeeeSSttrIttOOORRR
iilllliiistruuTIIIr'SSS
iiillllUSStrOttaaarrrs
IILLLUUSStttrrIIIAAUUUs
iiiLLLLLOssTTTRROOOOOeeSSLLY
ILLLLLLAAsTrrrIIIaaUUssnnESSSsss
IIlllUUStttrEoIISnniiisS'SS
EELLLllUUUVVVooaatttUUoonn
UUULLLmmeeeniTTTuu
illmmEEENNNiitttes
iiMMOggEEE
iimmmAgeee'SSS
IImmmeegggeed
IIImmmAAGArrryy
iiiMMMaaaGGGEEErrry's
ImuugEsss
immmIgggoNNNaaaBLLEE
iiimUUGGGiiNNAAABllly
ooommmAgggiiNNNoooLL
iiimaGGGonnaaRRRy
IIImmiiiGOOONAAATiiiON
iiMAAGGiiinOOtttIoN's
IMMiiiGGGiiiNNaTTTuuoooNsss
IMMMaaaggInIIITTIIVVVi
EEMAAGGGIIINNutIIvOOOllly
IImmmAgggunAAATTTIIIVVennaaaSSSSS
iiiMaggiNNAAATTEEVVEnAAASSseS
iiiMMMAAAGGinII
IIImmmAGGGAAnAAdd
oomaaGGinnOSS
OOMuuuGGGiiNNGG
ImUGGGiiingss
IIImmmEEgiiniiNNNg
IIMMUUUGGIIninnnggS
UUMMMAAGGISSMM
iiimmaaaggisms
iimmeeggoosssTT
UUmaaagggoSTTTiiic
ImooGGGII
iiMMiiiggOOO'S
iiimmmEEEGGGiiieS
ammmaammm
iiiMMMamm'SS
ImmAAAmmeeettEEE
IIIMMiiimms
ummiiRROT
iiimmaaREEtSS
iMMMBBBOLLLuNNCCeee
IIMMbbaaLAnnnCCE's
IIMMbbbUUULeeNNNccEEEdd
imbaaLLanCeeeS
IIMMBBBeeccILe
aaaMbbEEECCCIIILI'ss
IIIMMMbeeCCCiileees
iiMMBeeCCUULLeeeccc
EEmbbbEECiLOOOtUUeeeSSS
iiMBBiiiccOOOlllOOOTTTY
IMbbbUUCCEEELLLItyyy's
AMbeeedd
eeeMMBBBEEEDDDdEEEDD
IImmbbEDDDDEEEnnng
UMMMBBaaDDMMManTT
ImmbeedddSS
IIIMMBBAAbUUU
EMMbbEEBBEDD
iiMMbbbIIIbbErrr
EEMMBBIIIbburrr'ss
IImmmbbbiberrSS
iiMbbbiiiBBBAAsss
iMMMBiiibbbiiNG
immmbbiibaaatttOOOoooN
IIMboooBBBOOOtttIIIonns
IMMbbbrrrEEcccaTEE
iiMbbRRRICCiiteDDD
ImmmBBROOOCCaaTTInGG
ambrrrUUcccatttEEEOOOnn
IMMbRROcUUTTTiiOOnn'SSS
umBRREGlleeOOO
IImmmbRRiGGGLLLEEEiii's
IIMbbrrraaGGLLLoooOss
ooommBBrrreeeeee
IIIMMMbbbRuuddd
IImbbRRIEEs
immmbbROaaaNNggg
IIIMMBooA
immbbuuED
IIIMMBBAEES
IIImmbbUIIINNggg
AmmmIIIDDOZZZAAAllluuu
iMMMeeedaaazzoLeees
IIIMMidddaa
iiimAdeeeSSS
IMMMiiiNNNeee
OMMIIInOUrrreeeI
iiiMMMeettaabLLeee
UUMMMOOTTaaTTEE
IMIIItEEtaaaDDD
AAMMMIIITTAATTTEEs
EEEMMMIITTeTTuuNg
OOOMMMeeTTTAATTiiOOnn
iiiMIttoottaOOn's
IIIMMMIIITAAtEoooNs
IIMiTTOtttOOOvvaaa
aaMAAtttuTTiivvvelllYY
immiTaTTTiVEEEnneSSSSS
AAmIItATTiiVeNNEESSSSSS'SSS
iiMUUUTTAAtttoor
uuummmeeeTTTuutoooR'sss
uMMaaTTTAAAtttOrrsss
IMMmuuccuuuLLLAAACCCy
OOMMMMMMaaCCuuuliiiTTTE
oooMMMmAAAcuLLatttuully
AAMMMMooCCCUULLLoTTTaaannUUSSS
ImmmMMICCUlllEEttEEENEEss's
IIMmAAANNuunCCCE
UUMMmmmAANNeenCCO'SS
IMMmmmANNannnCYYY
iiiMmEEEniNNcyy'sss
aammMMAneentt
immmmEEnuuNNTTiiisssMM
IIMMMMMMaaaNNNEEnnnTTiiisTT
IIIMMMmmmaneNNtttlyy
UUMMMMMMaaTTTErrUUUaaL
ImMOOOTERRIIoLLEEESMMM
EEmmAAATeRRuuualUUUTTYYY
IIMmmAAttiRRiiallITyy'SSS
immMiiiTTTEErrrooaaLIZEE
oooMMMmmmOOttoorrriiiIILLizzeDDD
UUmMMMEttteeeriiiAlAAAZZEEss
emmmmmeeTEERRRoAAALLeZiiNNNgg
EEEMMMMaTuurrIOOOllllYY
emmmmmAtttOOORiiiaLLLNNNeesSS
IIMMMAAATTTeeeRRRiiAAAlllnnesSSS'SSS
iiimmmetttuuurrAA
EMMMaTTTUUrrrOlllYY
ImmMaaTTTOrrItY
iiimmaattuuuRRooottY'S
ooMMmEEaaSErrraaaBiiLLAttYYY
OOOMMMMUUiiSSuuuRAAble
IMMEEEaaSSUrrabLLLUnnneSSsss
immmmuuuASSUUURRabbblyy
IImmMEEEDDDiiiaaccIIIEESS
iiimmMMIIDDDiiieeecceeesss'S
aaMMMEddUUUEccYY
iiimMMeeeDDIiCCy'SS
OmmmMMMeddiiAAATTiii
IMmmeduetEEllyyy
iiimmMMMEEEDDIIIAAAtiiinneeeSSSss
AMMMMMoooDooAAtttEnAAAssSSS'S
eeeMMMEEEdddIIcccAAAbbblllEE
uuuMMMMMEmmAAArriiiaaalll
ImmmmEEEmmUUrriieLLLLLLYYY
ImmmMMEEnnnSOOO
uuuMMMmENNNsilyyy
IMMMMAnnSSaaNNESSS
EMMMmmUNNssENNeeessssaasss
uMmmmeeNNNssEEtuEEESSS
ImMeeeNNNsiiTy
iiimmmmmeeeNNSSSItty'ss
iiiMmmmuuunnSSIRREEEbbblleee
eeMMMmOrrGGGeee
ImmmMMMeerrsseee
iMMMMEERRSSAAADD
ooommmmEEErrrsssUss
AmmmMMMeerrrsssiiBlleee
OOMMMMMooRRRSINNGGG
OOMMmmmAArrrsssIIIEEnn
iiMMMMMiirrssIIIoonn's
IMMMMEEERRssOOEnAAASMM
uummmmmmeRRSSSIIeeennns
IIImMeeshhh
immmAtttHaaaDDEEECCCaaal
UmmmmmmIggRReeNttt
eemmmmmmIIgRaanntt'sss
IIIMmiiGRANNNTTTSSS
IMMmmmigggreTTTUUU
iiimMMMeGGGRIItttiiddd
AmmmMMMIIGGRRRAttEEsss
emmmmiigggraaaTTTiiNNNG
UUUMMMmmmoGrrATaaOOONNN
ummmmIGGGRRootEEEEEnn'S
ImmmIgRAtttIonss
IIMMMMIIINENccce
ommmMiinneNNccE'sss
IIMMmmiiNNNIIINT
iMMMMMuNNNennntlllYYY
iimmmMMMaNNNggglOOO
IMMMmmuuunGGLLiiid
IIImmmmuNNNGlEESS
iiimmmMMMInggLIIInggg
ooommMMIIIssccIIIbilettY
IImmmmIsscciBBBLLeee
ImmmmIItttIIIGGGAAbLLEEE
ummmiiixx
iiiMmIIIxeDD
aMMMiiixos
IImmIxxxenngg
iiMMMMMMeexxxtttUrrrEE
ImmmmObIIllUU
AAAmmmmmmoobbIIllliittty
iiiMMMMMoBBBiilllIttyy'sss
UUUmmMMiiibbiiiLLLizzzoootttiONN
iiimmmmOOOBBILLLaazzOtttAOOOnn's
OmMMMooobbbIIILLLAAAZZU
eeemmmmmooobbbIIILLIZZeeDD
iimmooBIIIllAAzzOORR
aMMMMMMAAbbOOOliiiZZZEEErSS
EmMooobbbIIIlizzzeeeSS
iiimmmMoobbbOOLLLIIIZZiiNNGG
IImmOODDerEECCCYY
ImmmmmmIIdddeerItttiii
UUmmmmOOOddderraaaTTTeeeLLLyy
iiimmIIIddeeRRRaTTTennnuuSSSS
iimmmMMModErrrAtttEEENEssSSUUS
iiimmmMMMooDDarratEooNN
IIImmmmmooddUUURRRUttIIIINNNS
oMMMmmooDDessTT
uuummmmeedEEEssstttllYY
IIIMMMMMooodEsttYYY
iiiMMiiDuuuSSStttY'S
iMMMMMMOLAAAtee
immMMOLLLaTTiDDD
ooMMeelAAAtteSSS
iiMMMMMEEELAAATiiinng
uMMmmALLLATTTeooN
iiimmmmmmiiLLLUUtiOOOnnn's
OOOMMMmmmOlAAATTTooorrr
uuummmOOORRal
iiMMMmOOORRRaaleSSST
eMMmmmIRaaLLLiiittoISS
amMMMArrrAllIITY
immmMMMOORaaaLaaty'S
IMMMMMoooRRRAAALLLLYY
oommMMMooRRRttaaal
eMmmeeRRtttaLLL'ss
uuMMMMMOOrrtAAALuuutttY
iMMmmmoorTAAAlllEEETYY'SS
AAMMMmmoorTTAAlizEEE
UUMmEEERRRTaallaaaZEddd
immmmoRtttaaLLLizzzusss
UUUMMmmmIIIrrrtULLLiZZIIInGG
ooMMMmmOOrTTTOLLLlyyy
iiMmmmORRtttAAlS
oooMMMmmooRRteeLLLLLe
EEmmmmmmOOrrrTTTallEEESS
OOMMMMMoootttuuuLLEE
OOMMMmmmoovvveBiiLLLeettY
iiimmmmUUUVVoooBBBoooLLITTTyy's
iiiMMoooVVaaabbbLLLaaa
EEmmovvAAABBBLy
iMMOVeAbbbLLee
IMmmUUnEE
uuMMmmENAAAttiiaas
iimmMMUNNNiiitYY
iimmmonnnuuuTTTY'SSS
eemmmmmOOOnnnaaazzzaattiIInnn
iiiMMMMMMIIINiiiZZIttEEEuuunnn'S
iiimmmMMuNNiZZaattoooUNsss
iimmmmUUniiiZZZEE
immmmUNNIzzzuuud
aammmooonnnIIIZZZUUUs
iiiMmmmUUUniiZINNG
IIMMMMMaNNNuuuSSiy
EmMunnnoCCHIIImooSSSTrrriiees
iimmInnneeeccchheeemmeeSTTRY
IMMMMMMuuunnOODDDIIFFiicccUUeeNNccy
eeMMMmInnnEEEDDaaaFIIICiiieeeNNNccyy'ss
IIMMMmmmUUUNOOdddiiffUCIIIEENT
iiMMMMMAAANNNoGGGENeeTTOOccSSS
iMMMmEENNNoooGGGeNIIIc
iiimmmmOONNOOOggLLLooBUllliiinn
iimMaannaaaGGGllabbbULLIInSSS
iiiMMMmmUnnaaLOOOgocc
IIMmennollloogIcOLLL
UUUmmmmmUNNNeeLIIIggooCCaallllYYY
iiimmmuNuuLLLoGGGAST
AMMMMMIIINoollaaaGGGIssTTT'ss
aaammmoNiillOOGGGiisttSSS
IIImMMuunoLLLiiiggyy
immmuunnilllOOGGyyy'SSS
IImmMMuNERRRUUUaaCCttIAN
uuuMMmmmaaannOOOSeeePPPpprrreesssss
ammmuunnOsuuuPPprrreeesssSSaNNNT
oommmmunosepppppRooossSaaaNNtttss
OmmmEEEnnoooSSSuuuppppppRRoooSSsssiAAAnnn
immmmmUnOOsssUUPppprroSSSsIIAAANNNSSS
IImmmmunnosssIIIPpprrresssssiVi
uuummMMMENNNOttthhhEERRRIIpYYY
IMMMiirITTTiiioNN
ammmmarrrEEE
UUMMmmiiirrrEEEd
IIIMMMMUUUrrrumUUUNtt
emmmmmmURomeeenTs
IImMurrESS
IIImmMMMuuurrIINGG
iMmmmittteebbbuuuliittYYY
uummmmutEEEbAliitttyy'SS
IImmmUtAAAbLa
IIMMMmmmuuuTTeeebbbLLYY
IIImmmPPP
IIIMMMPPP's
OMPPUcct
ImpaacccT'S
AAmmmPPPUCCCTTuuudd
ooommpucttonnGGG
IIImmPPPaaaCCttiiaaan
eemPaaaccTiiiINNNSSS
IImmmPACCCtSSS
uuuMpAAAiir
immppIIIOrrrUUdd
aMMpppuiiiRRAANgg
iiMpppUIIIRRmeeenTT
immPPAAIRRmoonnt'ss
IIMMMPPaaaiRRmEEnnntttss
OOmmmpAOORRSS
EmmmppAALLLAAA
eemmPPuLLLOOO'SSS
IIIMPPeelllASSS
ommppuLLIII
oMMMPPPUUlooddd
aammppaaLAmmEENNtt
IImpallimmmEEENNNTT'ss
imPPPaaLLeeeRR
iMMPPPaallleees
Ommpppaaliinggg
UmmmppaaalllPPPEbbbAlEETaaiiSS
IIImmPeeellpppUUBIIIlllATyy
ImPilPAAbllOO
aMMPPAALLLppiiibbLLLyy
IIMPPIIINNEEEtoOnnn
EEEMMpppinEELL
IIIMMppaaaNNNaLLAAAddd
oommPPPAAAnUULLLIIInnng
aaMPPAANNNEEELmeeennntt
AMPPannnuuullss
EmPPPaaaRAAADDDuuussO
IIMppoRRRIpppOOOnnnnAAtEEE
iiiMMMPUUrrIsyyLLlubeeeC
iiiMpppAriTy
OOmmPooRTT
ImmmPPPeRRRTTToodd
iimpppaaRtIUll
AAmParrtiiiooLLLUUUtttyy
eeeMpppAArrTIEElllAtttyyy'sss
IIIMPPPIrrrTIaaLLLLyyy
OMMMPuuRRRTTaabLLLuu
iMMMpppIIIrrttiinng
EEMPAAARRTsss
IImmppiissSAAAbbbuullliiitYYY
IIIMMppaaassssssAAAbbLeee
iiiMMPeeeSSSssuubbbLLaaanisssS
IMPPIIIsSSSeeeBBBllYYY
AAMMMppAssssE
iiMpaasssooo'S
IIIMMMPPAsSSoooSS
uMpAASSSssseeebAALLLiitY
ImmmPPAAAssIBBBILItY'SSS
ooMPPPuusssssooBBLLLiii
eeemmmpAAAsssIBBLLeeennEEEssss
IIIMMMPPPoooSSSSIBLLLyyy
EEmmpppAAAsssssIoooNNN
iiimppASSSSSSeeuuNNNEEEDDD
iiiMMPaSSSSUVaaa
UUUMMPPPaaasssssIIIVVVEEElllYY
iMMPPPeeeSSSiiiVViiNNIIsssSS
iiimPPPAAASSSOOOveeennnUUUSSSSS'SS
iimmmpAAASSSiiVViiitttyyy
aaamppAAAssEEvvviiitYY'sss
UUMMPPPaSSTTe
IIMMMppAASTTTu
ammPAAssTTOO'sss
EEmmmPattIIINNNCii
empUUtIIeNCee'SS
uuuMppIITTIEnnnCCCaasss
ampUUUTIAAAnnnSSS
OMPPaatiiiEEEnss'SS
iMPPAAATeeeEnnnsssoS
iiiMpAATTieentt
iiMMMPaatooeeeNNNttlyyy
OOmmPPPEAAcccHH
AAAmmmpeaaCHHAAAbblluuu
IIIMMppeeeaaaCCChEEDD
IIMMMpUUUaccHeerr
IIImmmPUUUCCCHeerrr's
oooMMppeeAcccHHHIIIRRRSSS
iiimmpeAAAccHees
emmmpeeiCCCHiiNNggg
iimPPEEEaaCChhhmmEENNt
iiMMMPPPeAchhMMMUNt'S
IIMMMppeeaaCCHHHmmeeenTSS
immmPUUUarll
IImPeccAAAbbbiliitYY
IIImPPPIIICCcabbbaaLLLItyy'sss
IIMMppAAcCAAbLLLE
iiimmmpppEEcCCCaaabbbLLLYYY
uuuMpEECCCCUnnnT
iiiMPPeeeccciiiNNiiissOOttyyy
OOOMMMpEEcccUUNIIIuuuuuS
IIImpECCCUNeAAUUUSSlly
IMMPPPEECCCUnEoUssnnneesSSS
EMppeeeccceeNIIOOASnnEEssss'ss
ammppoooDDDancceee
iiiMMMpppedAAnCCCee's
emmmppeeDDDe
AAAmmpppEEEdddeDD
uMMpppEEEddERRR
IIMMppUUUdOs
eMMMPEEEDDDIImmUNt
IIImmPPEddUUmenT'SSS
IIIMMMPEEdddimEEnnntto
IImpEEEdddUUUMMMannttAAA'SS
OOOmmpppUUUDDDIIMMIINNNTALLL
IMMPPeeDuMeeennnttSSS
oMPPEEEDDENGG
IIMMMpeeedUUUTTEEEvEE
uMPPEEELL
IIIMMMPPPeeelllLLLeD
iiiMPaaLllEEnnT
OOOMMPPILLLlllAAARR
AAAMMPPEELLLLoorrr'SSS
uuummPElLLLErrrSSS
IIImmpppEEllllIINNNg
ImmmpELLLLaaar
emmmpppEEELLsss
immPPPeNddd
UMMPPENNNDEDDD
iimmmPPendEEENNtt
AMPPPiinnnDanGGG
iiimmmpUUNNDSS
IIIMMPEEENNETRAABIIllIIITTTYY
OOOmPPAAnEEtttrrUBBiiilllooTTY'SS
aMpppeeNeeetrrrebblllee
IIImmppeeeNNNEtttRRibbllleeNNAAssSS
iiMMppeeeNIIIttrAbblllAnneesssSSSooosss
aammppEEEnEEttraBBLY
IIMPOnneTTiiNNNcccOOO
ImppaNItoNNCCeee'ss
IIMMMPiiNNItUUNTTT
iiMMMPPoNNiTeeeNTTLLy
UUUMPeeeRaaTiiivoolll
IIImpppuuuraaTOOOvvvee
iMMMppEErrratttiivE'SS
IIMMMppeeeRRRAttivveeelllY
OOOmmmpEERiiiTTTIIIVVEnnneesssss
uuumpppEERRRaatiVViiinneessSSSiiSSS
OOOMpeeRRROOOTTTAAAvvvES
iiMpppIIIroootttoRR
IIIMppEErCOppttEbiiilllIttYY
iMMpEEERCCuuuppttaBBBIllETTYY'ss
aaaMMMpppERRcccepppTIBBLLLEEE
eemmmPEERceeePPPTTiiibbblly
UUMMMPPeeercccAAPPTTIIooonn
UUUmpppeeRRRcaapppTiVVVooo
IImPPPeerrrcccAAppTiivvooNEEESsss
IIIMppeeRRRCCIPPPuuuENNNT
iiMMMPPPeerrrffACCt
iiimmmPEErrrFFFEEECCtt'sss
IImmmPPerrffeCCCTTAAoNNN
AAmPPPArrFFaaaCCTTTIIenn'S
uuMMMpppEErrrffEEEcccTiooNNNSSS
IIMMMPPPaaarFFFEEEcTTTOOVE
AMMMpppeerfIIIccttiiVuuuS
IIImmmPPPeeRRRFFFUccTTTly
iMMMpppEErFFaCtnusss
iiiMMMPPeeerrFFFeCtNuSS'SS
IMMMpppEEErrFEccttSS
AAAmpiirrfffOOrrraattEEE
IIIMPPeeerIOl
IMMMpppeeerrriaaaLL'sss
ammmPPErriiolaasssmmm
IIIMMpppUrOuuuLLiiSSMMM'SSS
AAAMMMpppaRRROAllliiSSTT
immpEErrrUUOlliisT'SSS
EmmppErriiaaLLLiiisstttIcc
uummpIRRREEEEElllAASSSttIIIcccaallllYY
ImmmPPERiiaaaLLISSTS
umpppEERRUaLLLllyy
eeeMMMpppiiirrrIIiiLnnnAASSSSS
iimmpeRIIIAAALLLSS
immmPEERRRElll
IMMMppaaaRRELAADDD
EEEmpppeerillleennnGG
AMMPPPEEERRuLllEEEDD
iimmPPERRRIIILLllIIInnnG
IMMppaaaRELMeeeNNTT
iiiMMMPOORRRIIILLLMEEENtt'ss
iiimmPPPeeeriilllSS
ammmpeeeRRRUEEUS
IIImmPPPEEERAAAiUUUSSLyyy
iiimmmPeeerEEEEUssNNNeSSS
iMMMPEEErEEEOOIISnnneeeSss'ss
UUmmppeeerIsssHHEEEBiiiLLUTTeeeuuuSS
iiimmppErrIIShhhaBBiiLeeety
OOmmpiiRRuSSSHaaBBLLEEE
UUUmmPPeeerrIssshhiiiBLLyy
umPPPErIIOOMMM
iiiMPPoRmeeenneeencI
UUmmmPPPEEERRRMAANNeeennnceee's
ImppaarrrMMunennnccIIeeS
IIIMMppIRRRmmeeNoNNNcccYY
AAMMPiirrmmuuneeNNttt
iiimPPPEEErrMEENNENNTTTLLLYYY
iiiMpppeRmeaBUUlittYYY
IMMPEEERRRmmmeeeubbbuuleTY'SS
eemmpEErrmmmEEObLe
IIIMMMppuurrmmeABLLLy
ooommppurrrmmmIIsSSiibolllatttIeSSS
OOOMMMppeeRmmmIISSSssUbUlllEEtttyyy
IIImppaaRRRMMMOSSSSiiiBBBLLe
IMMpppIRSSCRRRaaaPTTeBBlo
EEMMMpppeRRRSSeeeNNULLL
ammppEERRRsssoooNAAAllliiiTTTY
ImmPEEErSEnnnAlIIZZuuu
OOmpppurrSIINNNalLLy
IIIMMpppAArrrsssooonnAATTTIII
UUUMMppeRssONootodd
immPErrSSSoonaaatteesss
IMMMPOORSSSooNATTTIINNNggg
OOOmmppiRSSSeeNaaatIIoNNN
OMPPoRRRSSSuuunAAATTTOOOOOn's
ooommmPOOOrssoonnAttIIooonS
iMPPPerrSSOOONNatttuuuRRR
OOOMMpppEERSSSaaaNNNetttOOOr's
IImmmpeeeRsssONNNIITUUUrrrSSS
eeempAARRTTTiiinOOnnCCeee
OOMppEEERRRtttOONEEncOO'ss
iiiMMMpppeeRRTTTiinEnnnCCeesss
iMMPErrtttINNNANttt
iimppOOOrTTOOOneeeNNNtttlyyy
iimmmPPeRTTTOOOrbbbOOObbeeLLIItyy
immmpuurrttURRBBBOOObboLLLooTTTY'S
emmmPPPErrrTUrrBBiiibbbLLii
IIIMMMppAArrttAAArbbbaabLLYYY
uumppEEErrTeeeRRRBBBoottIIOOnn
OOOMpppEEERvIIiiiuuSSS
iMMppaRRRVIOUUSLLyyy
ImpppeeeRRRVVVAAAooUSSnIIISss
oommppIIRRRVUUUOUSSNNEEsssEES
IImmppeeeteeeGGI
oMMMpOOOTTTiGGGOO'S
uummmPPPaaatriiittii
iMPPeeettaASSIITTTyyy
aaMPiiiTTUUUOOOsittY'sss
IImmmpuutuOOoosss
ImpEEttuOOUUUsLLLyyy
IImmPPPeTTTEEooiiSnuusSS
ImPPPAtttoUUUeeesssNNNaaaSSSSSS'SSS
iiiMPOTTUS
ImPPPaTTuuusss'sss
IIMMMpEETTTooosEEEss
iiMMpppii
iiimmmppuueTTIIIeeeS
eeemPPIIIooTTy
IIMPPPIAAAtYYY'ss
IIMMMPPPaaaGGnOOOrrAAAtttooo
iMMPPINNgggaaa
iiMMMPPIIINGeeddd
IImmppUUUnnnGEEEMMiinntt
EEEMpppAAAnnngggEmmuunnt's
OMMMPPiiiNGEERRR
ooompppoNNGGGaaas
eemmmpInnngiiiNgg
EMMpiiiooouSS
IImpeeeiiiisssLLyy
EEmpIIIooouuussNesssSSS
IMMMpppIIOOuuuSnneSSSS'SSS
ooommmPPEEEssh
EMPeeesssHlllyyy
IMMMPPiSSSHNNNIIIsSSS
IIMMMpppiSShnnIIIsssSSS'SS
uuummmPPlllEECCAABIIIlaTTy
eemmmppLLAAAcccoobIllOttYYY'SS
IIImplllAAACCIBLLLEE
IIMMplicccuuuBLLYY
IIIMPPPLIICCCeeenntttaaal
iMMMppluuuNNT
IMpppLiiinnT'sss
IIImmPPPlannnttOObbLLLeee
IIIMMplllUnnnttaaaTTTUOOnn
UUUMMpplAAnTATTioooNN'S
IIImmPLLLuuunntEDDD
iiimmmppLLLEEnntiiiNNNg
iMMMPPlleNNTTTSSS
iMpppLLLAuuussiiiBBiiilllAATTTiiiIISSS
ompplaaUUSSSIIIbiiilllEETyy
UmplaauuusssIIIBBIILIIty'SSS
UUUMMMpppLaaaOOsssIIbbllIII
ImmppplllAAIssIBBBLLLyyy
eMMMppLLEEEeed
AAAmmpppllAAMMMAAANNNT
UmppleeeMaaanT'SS
oMMPPPlEmmmENTTTiiiBlle
immpppLLLeeMeeeNNNttaaaTTTAAAiiinn
ammmpplllEMEEEnnnTTTaaatAAAonnn's
IIMMpLLOmmmuunTTTATTiiONS
immPPPLLLooMMMENNTeDD
OOOMMMpLLemooNNNtttEEERR
iiMMMpllleemmENNTTEERss
immPllaammmaaaNTTTAANNNG
UUmPllEEmEnnttss
ImPPPleeeTTuuAnn
immpppLLLIIIccAATTEEE
EEMMMPPPllIICCCaaTTEEEddd
iimmmPPllUCeTeesss
iiMMMppLACAAATIIINNNgg
IMMMppLLIIIcaTiieeen
AAAmplliCCIIITTTooOONNN'sss
iiiMpLLLIICCaTTiOOOnnAAL
oooMppllIIIcATTOOOoooNNsss
iMMMPllliiicccIIITTOViii
iiimmmPLIIcuuTTTaaVVViLLY
IIIMplllOOOCooTOrYYY
iiimmpppllIcitt
IIIMMppLLUUcciiitttLLLYY
ImPPPLLiiiCeettneeeSSSS
IMPLICCOOTnnaasSS'SSS
IIImmmPLLLiiioooddd
UMMppLIIIuudlYY
IIMMMPPPLLLiEEESSS
IIMMMppplllOOODDuuu
EEMPLLOdddeDDD
OOMMPPPlloooDDDesss
iiimpppLaaDIIInGGG
aaaMMpLLLOREE
OmPPPlllIrUUUdd
IMPPlllooREESSS
EmmmPPLLLoRiNNNGG
immmPLLoooriiiNGGGLLy
ooMpplosuannn
immplUUUSSSIIIuuNNN's
IIImPPLoooSSaeeennnss
iMMMPLLLOSIvE
iimmPPPlllyyy
AAAmPPllYYiNNNGG
UUMPPooLUUUccY
IIMMPooLiitEEE
ImmmppEEEllITTeeeLLLYYY
iiiMpppOLeTTTONNNEss
iMMMPOlllITTTeeNNNeeessss'S
iiiMMPOOLAAAteNNIsssSSeeeS
EEmmmPPPuLLUUUTTIc
IIImppeeeLLeTTTeccLY
IMMpppUUNNddUUURaBIILLLiiiii
IIImpppiiNDEEERRAABBUULLLitttyyy
umPONderrraaBBBleee
ImmmppoonnnDARRRUUUBBBLLe'S
EEEMMMpooNDUUURRiiiBLLLOSSS
UUUMMMppONNDDeerrrIIIbbbLyy
iiiMMPPPorrrT
AMMMppIrT'SS
IIIMMpoooRTTTOOBBBlllE
IImmPPPuuRTAAANNNCCCI
IImmpporrTTAnCCCEEE'SS
uuMMpurtttiNTT
ammmPooRtuuNNNttLYYY
oommpppARRRtOOttoooOOONNN
IMMPPPAArrTTAAAttiONNN'sss
UUmmPoRTTTOOOTuuuOONSSS
IIImmmpppOrtAAAd
UmmmPPPoorrTeer
OOmmpppOOrrrTTTuuur'SS
iiMMppooorTiiiRRRs
IImmmporrttiinnGG
UMpIrrrttsss
aaammPParrrtttuuuNacYY
ooMMMpppOORRttteeennuTTTA
AmPPPoRRRTTTUUNNIIItteeLLYYY
EMMPPooRTTTEENNNEEETeeNNEEESsss
IIImPPPOOrTTTooNNu
iiMppportttUUUnnnIDDD
aaaMMPPOrTONUULLLYY
iiimmmPAAArrTTaannnuuurr
IIImpppERRttIInnneeess
aMMPPorrtENNaNGGG
OOOmpppOORtuniTyy
IMMpporrtUUnnIttyy'S
iimmpppUUSaaBllI
ooMppooSUU
IIImPaaSSSEEddd
oooMMPPOOOseerrr
IMMMPPosseerr'S
emPEESSErss
iMppoossEEESSS
eeemmPPPosssIIng
IMMMpppuuSSinGGLLLYYY
AAMMpppooosssAAATTTIIIooN
IIIMMMppesssitiiiEEn'SS
IMpOOSUUUtIIUUnnSS
OOOmppOOOssssiiibbiLLIttiiIIs
iiimpppOOsssssOOOBBBEEllUUTTTy
IIImmpEsssssIIIBBiilEETy'SS
IImmPPPoooSSIIBBllUU
IMPiisssssIbllooS
ImpppassssUBBLy
IIIMPPOOOsT
iiimppUssst'SS
iMMpppoooSTTTeRRR
IImpoossTTEEERRR's
IIMPesssTTTeers
EEMPOOOssTOOOr
iMMpppoSSStOOrr'S
ImmmPOOSttOrrrsss
immpppOSTTTsss
eeemmPPPOOOsssTIMo
IIIMMppeeesTAAArrrEE
uuMpppessTorUUU'ss
EmmmpOOsssTTTUURRREEss
OOOmPPooTTENCCCAA
iMMpoTTeNNNcii'sss
AAmPPPOTInnCYYY
AmPOTTiNCY'ss
IIMMMpppUtEEnnTTT
ImmPoooTTentttlYYY
IImmmppuuuunnd
IIMMPOOOUUUNDDDIIIbbblle
iimPPAAAoNNddAgE
UMMMPPounddded
UUMpooAAANNddArr
iiimmmppOOEnnddIInGGG
UUMMppeeeAAAnnndMMEEENNTTT
IIMMMpUUUuuunnndddmmmeNNttsss
OmmmpppooAndS
OOOmmmpEEEvvveriiishhh
AAmmpAvuurraasHeeD
impppOOVeeRRIIISSHeeeSS
imppoooVVaaRIIISSSHiiiNNNGG
IMpooovvvuurrriiSHmeeeNNNTTT
AAAMMPPPOOVVVaarrrOOssHHHmmmEnnnt'sss
aMMMpppowAAR
iiimmpprrACCtUUcUbbIILLATeUUUss
ammppprrraCTTeeeCCabiiiLLLootttyyy
IImmmPPRAAccctttIIICCiblEE
ImmPPraaaCCCTTTUUUCAAblllyyy
IIImmmprrAcctIIcAlll
iMMPPPrrriiiCCCTTIcccIIlllUUtttiiiiiSSS
iimmPPPRRReeeCtttIccAAAlIIITTyyy
IIIMMppRREcTIIcccuuuLLLittYYY'ss
emppRoccctiiicccaaaLLLLY
IImmPPPRRRAcccTTaccAALLLNEEEssSSS
IIMMMPPPRREECCCaatttee
EEEmppRROcccIIItED
immmPPPrIIIcattUUUs
ummPPPruCCCAAAtOONGGG
iiMMMppRReeeCaaataaOON
uuMMPPPRRRACAAttooON'SSS
OOmmmppprrrEEEccAAtuuOnnnS
IIImmmprUUcccaTTToR
UmmPPPrrreeecOttoryyy
EEMMPPPrEECCIIseee
EEEmmprricciSIIlllY
IMMMPrrreeCCooSSSeNNNeeessss
oooMPRIcciSSAAnnnEssS'S
iMpppRRReCCussiioooNN
iMMMppprecisIOOONNN'sss
ImpprrrIIIGNAAAbILITyyy
AAMppRRRUUgggnnnAABBuLLLuTTY'sss
eMPPrrreeggnnAbbblEE
IIImppprrreGnnnaBBLLy
IImmPPrOOGnAATAA
IImmmprrEgggnnaaaTTTED
iimpprrOOOGGNNaaattEEES
iiiMpprrreggnAAATTToooNgg
EEmmPrrrEEGGGNAATTiiiNN
OOOmpREEEGNAATiiiOOnnn'S
UUmmmprruggNNNatuRRR
ooommPPPRReesssAAA
OMMprAAAsssaaRIIIOOO
iiimmmPrrrUSSSaRRRaooo'ss
iiMPPPREEsssUUrriiiOOOSSS
iimpRREESsss
iiiMMppprrrEEEssSSS'S
OMMpRReSSSSAAAD
iiMPPrEESSSsseerr
iiiMMMppReeSSSssUsss
iiimmPPrrEEssUUBBBeeeLLatty
IIImprrreeeSSuuuBBBuuulOOOtY'SSS
IMMMPPPrrrossSSSiiiBBllEEE
UMMMpprrrIssANNNGG
iiiMMMpppreSSSIOOONN
IImPPPREEssssOOOon'ss
iimmppRREEssssEInnnAABiLLiiittyyy
iiMPPrruuussssiiiiiNNNooBEElUUUTyy'SSS
IImmmPPrrrUUSSSsIUUnnnaBBBLLLO
EEmpprrrOOSSssUoooNNAAAblENOOsssss
iiMMMpRRissssuuIIINisssm
IIIMMMppRREEESSsssIIOOnnAAAsssmm'SSS
ummmppREEsssSieeNNNIIISSSttt
IImPPPREssSSSiiinnIssst'S
IIImmmpprreesssionniSTTIC
EMPPrrAAssssiAnIISSStIIICCCaaaLlly
IImPPPrrAsSSSEEuuunniiisstttS
iiiMMprrrEEEsSSiiEnnns
iimmppRRReesSSiVVa
IIIMppprrrEEESSSSIvOOllyy
iimppprrrUUUsssSSSovveeeNNNEEESSs
EEEmPPPRRRIISSSSevvvEEENNeeSSS'ss
IMppprrrEEESSsMMMEEEnnnTTT
iiMPPPrrrESSSSSMMOOnttSS
IIMprrEEEssssssUreee
iimmppRREESSSt
uuMMMpppRiiiMMMEEEtttuurr
aamPRRRiMMaatttAR'ss
emmmprrrImaaaTurrs
IImmPrIMIIsss
immmpRONT
EEEmmmpppREnTTT'ss
uuumPPrOOnnTaaaD
ummPPriiinnTTTurr
iimmppReeNNNtttEEERR'sss
aaMMMPPPROOntuuurrrsss
iiimPPRRReeennTTiiNNNggg
iimPRiiNTTTIIINgss
iiimpppROONtS
iMMMPPROOOssUNN
ImmpprrrISOOONNNUUBBBLLLIII
ImmmPPPRROOsInnEEdd
IIImpppRRIIIsssonAAnG
UMMMPrrUUUsOONNNmmmeNNt
OOOmmmpprusannnMENNTT's
IIIMMMPPPRRIIISSSonnmmEEEnnntS
uumppprrrIIIsONss
iMppRRREEBBBAbbbiiiLIIttias
UMMMPPPruubbbabbbIIlliiiTY
IIImppRoobbaBBallleettY'ss
eeMpppRoBBBeeeBLLLEE
IIMPREBABBBLLLy
IMMMPPRRRooobbbITTy
UUUmPPRimmmPPPTuu
IImmmPrrrUUUmmmPTTuuu'ss
uuumPPPrOOOmmpTTTuSSS
UUUMMMPPRRRuuPPPooorr
aaMMPPrrroPPPiiiRRRlY
ampROPPPEERRnISS
IMMPPRRROOPaaaRRRNOOOSSsiiss
iMMPRRuuPRIIAtttii
ooommmPPrrroooPRiETiiies
IIImmpppRRRUpRRREEEeeetttYYY
uMPrrooPPRRIIeeettyyy'S
IImpprrrooovaBllE
eemPPrIIIvvveee
ImpRROOvvvEEDDD
IImpppRooVUUUMMuNtt
IImpravvvommmeeenTT'SS
eemmmPPPRovveemEEnnnTTTSS
oooMMMprrOOOVUUUr
ooommmPPPrrrIIIveeeS
UMMPRReVodeNNCEEE
IIIMpROOOvidaaanncccooo's
iiMMMPPrrrooVVIIdeNNNtt
ImpppRaaVADDDeeennTTTllYY
IMMppROVVVIINNNgg
immpprrOOVIISaaTTTuuANNN
IIIMMpproViSSaTTTaaaoooNN'SS
iiiMPRoooVVAASSSatttUUOOnaaaL
AmPPrEVVVeeSSaaatAAUUUNNNS
aammmpprooVViiissATTTooRRR
EEMppprEVVUUSAAATTEERIOOlll
IImmmpREviSSAAATTOrrryyy
iiMMMPPPrruvuuuSSEE
iimmmpRRiiivvvIISeeddd
IImmPPrrreeviiiSSSaaarrr
iimPPPrrOviisssUUUR'SS
ummPPPrraVVViiisssuuRss
IImmmPrrUUvaaasuuSSS
iiMMpRRUUUVVVUUUSIInggg
OOOmmmPRRIIIVuusooR
iimmmPPPRRRAAvvIssoooRR'SSS
iiiMPPRRRaaavviiisssiiiRRSS
iiimmmPPrrooovvVVViiisaaaTeeree
IMMpprOOOdddENcO
emmpppRRUDDENNce'sss
iiiMMMPPPRRADDDaaaNNNT
immprrrUUdoooNTLLLyyy
IIMMMPPPsss
AAAMMMPPEddUNNCCEEE
iiiMMPPPoooddeeNNNcIII'ss
oooMppIIIDunntt
iiimmPPAddEEnttlllY
EEMMPPeDaaCCItty
OMPPPUUUggn
IMMPuuuGGGNNUBBLLLE
iiMMMppiGGGNeDD
iimmmPPPooogNNerrr
iiiMMppigggnnnOOOrr's
iiMMPiiiggnnneeRRS
UMMpppUGGNNNinnGG
IIIMPPPuGNNNmmenntt
IIIMMMPPPuuggnnss
iiiMMMpppUUiiissssssenncE
iMMppoisssssAAnnnceess
IImppUUUIIssaaaNT
iimmpppuulSSSEE
aaMMpppulSSEE's
IIImPPPullSSeeeD
iiiMPPUUlSSEEss
EMpppEEELLLsssIIIngg
iMpeeeLLSSSUUooN
AMpppiiiLLssIIIooonn'SS
iiiMMpppoLLSSSOOOVVVA
AAMMPPPiiillsssiVVVEllly
iimmPulSSAAAVaNeeeSSSs
IImppoLLSIIVOnnnEEsSS'S
iMpIILSiiivAATTTyyy
IIIMpUUNittYYY
aMMMPPPUUUNNATyy's
ooommPPPeRRE
OOMPPPuurreeLLLY
iiiMMpUReeeNAsssss
aaaMMMpppAAArreeenEEESssEEss
AAAMMPPooorrAAr
IIImmppooROOSSST
IIImmmPPURRIIIttIIiiiS
EMMPPPUUUraattYYY
oommPPPUURRRaaaTTYYY'SS
iMMpppuuTaaaBBBLLEEE
ImmPPUTAttiioNN
iMpUUUTTTAAAtttIIonn's
iiiMMPPPuuuTTooTiiiONNS
IIIMMPATOOO
IIIMMPUTTTeeed
IIImmpppUUUTuuuS
ommmppEETiiiNgg
eeeNNN
ooonn'sss
OOOnnUBBBOOOlllitttIIess
inaBBBiilootttYY
IIInnnIIBilIIITTy'ss
InnnIccccIIIsSSoooBiLiiittty
UnnnAAccccUUUssSSIIIbbaaalllIIIttyyy'S
ENAAAcccCeessssOOOBBlO
InEECCCCeeeSSSSiibbbLLyy
UNNNaccccuurrIICiiiOOOSS
innneccCUUrrAcccYYY
eNNaaaCCCccURRRiiicy'sss
eeennaacCCCuuuRiiiTTu
ENNACCCccURRRattaaalyyy
onnaaaccTTIIIeeennn
IInnnaaacTTTiiiunn'S
eenAcccttAAVVVaatE
IIInnaaacTTIviiTTTAAAddd
INIIICtOOVVVAATTTEEsss
onnAAACttiiivaaTuuunnG
iinnnAccctIIIvvvaTTTEoooNNN
IIINNUUcctUVatttioon'sss
OnnnaaCCTIIVVo
IINNOOcctttiVVEEElllyyy
ANNAAcTTiiVenESSSss
aaNNaactttEEEvOOnnAAASssEEsss
aaNaCCtoVVViiTYY
OnnUUcccTiVVViitYY'S
IIInaddEEQuuuECCiOS
iiinniiiDoquaCCYYY
IINNNAdeeQQUUOOCCCY'SS
InnnIDDeeeQQuuuATTU
iiinnnUDDaqqoUTTEllY
EEnnnADDeeqqqUETTenneeSS
OOnnnAADDOqeeAAtEENESsssess
IInnnIdMiiisSSeeeBBBIIIlllIITYYY
aNNNadMIsSiiibbbiiliiiTTyy'SS
INAAdddMMiiiSSsssUUUBBLLEEE
UUNNuuDDMMMissIBBllY
UUNNaDDDvEERRTTTEENNccce
IInnADDDvEEERRtttEEEnCCCeee'sss
IIInoooDDvvEERTTTUUUNNCIIIESS
iNEDDVVeerrtonCCYY
iiinnnaaaddvvvIIRRTTToNNTTT
inneDDDvvvIrrTTTaanTTTLyyy
iiiNaaaDVVViiSAAbbbolllItYYY
iiNNNiiDVViiSSabbbuuuLLiTy'SSS
ANaadVVAAsABBBLLe
iNNNuuLuAAANNNaaBaaallIItttYY
IINiLLLiiieeNNNabbbiLiittYYY's
IIINNNOOOLLIEEEnnAAABlli
IINoLLieennaablYY
iiNNNAAALTTirrraBBLLLee
IINaMMMuuurITiii
uuuNNiMoRRAAATaaa'sss
inUmmAArraTTas
EENNeeMMIRRATTOOO
AAnANNe
InnnUnnnuullYY
iiiNNEEEnnEnnisSSS
annEEnnIrrr
IINNNOOneeesTT
iNNNaaNNiiMMaaaTTii
IINinnnEEMMUUTTeeeLLLy
IInnnEEENoooMATTTOnESSSSS
iiiNNNonnnUUUMMMaaaTEnnAASSSs'ss
iiinAAANNNiTTIIUsss
iiinAAnIttiiiOOn
eennnANNOOOttiionsss
inAAnnITy
innneeeNAAAttYY'ss
AAAnnnaaaPPPpppIIRRonttt
anapppPPPAAttEEEnnccEE
iinnaaapppPPPliCabooLLIItttiiieeS
aaNNApppPLiiCCCAAABBiiiLLIItttYYY
EnnnEEpppLLLoccUUBllEE
iiNNNaaPPpppooosssIIITEE
iNNNAAppppRuuceEEEBBLEE
OnooPPPprrrEEcciAbbbllYY
UnnnAppppRecciiiAAAttUVEE
iNNUPPrrEEEhheeNNSaBBBLLEEE
IIInnUpppPPrrEEEhhEnsssevvvEE
IInnnaaappPPrrroooocHobLLoo
iiinnaaPPPPRROOPPRRAEEEtE
IInnaPPpppRRROOOpRaaEEEteLLY
uNNNaaaPPPriiiPPrrIIaaaTTTeeNEEss
IINNNUpppprOOOPPPrrIAATOOONNNusssSSS'S
IInnnaPPPTTT
aNooPPPtttItOOOddUU
IIInniiiPTTUttudddUUUS
EEEnnnAAAPPtttlY
aannepppTTniiSSsss
iinnnAPTTTNeSSSss's
ANNNAAARccchh
iiinOOORRRgUUUaaBBllaaa
EEENNuuRRRtiiCCOOLLECy
INNNAARRtttooocuulITEEE
UUUNNarrrttIICOOOLUUUtIlY
UNIRRttIIICCCALeetEnnAAASSs
AAANARRtttiCCuullAtennnEESSSS's
iinIRTTTifeeeciiiaaaL
EEENNarrrTTTiiSSttIIIc
IInnnOOsmmmiiCCCHH
EENNAAATTtttEnnTuuOONNN
iiinnneTTTTeennnTTioonn'SS
IIINNNiiTTtttOOOnntttuvvvo
ONIttttoooNNNTTTaaaVUULy
uuuNaaTTTtEENNtttiiVVVannnOSSSss
aanAAATTteNNNTTIvEnasS'S
oooNNNaODDDoooBBillETYYY
iinnniiiaaaDDDAAABBUlllIIITTTyy's
IIInnnOOOuuudIIbblli
iinnuuaaadiiiBlyy
iinAAuGURIILL
IINAAUUUGGGUROOOl's
IIINNNIIIuugEERRAAlllS
UUnnaAAAgEErrOtttU
iiiNNAugaaaRRRAAteD
iNaaauguurrrAteS
iiNNNeiiiGuuRRRootoNNGGG
IINNNeeeEEEgiiirAAAtttOOOnn
iiinnnAAuGGuurAAATTuuIN'S
oonnnaaUUUGURRAAAtIOnSSS
iNNNAAAUUUGGIraaattOrrr
AANaIIIssPPPIIcccIEEuuusss
IINauuusssppIIICCCIIeeiiiSlYYY
ooonnooouusPOCCIIuuAAsssNNNeesSS
innnaUUUSSSppUCIooeesNOOSssOOOSS
iiNNNOOuuttHHHanTIIIc
ONNNBBBEEenggg
iiinnBBBoooaaRd
OOnnBaaaRddd'S
iiinnnbbbooaaarrdSSS
eenbOrNN
iiNNbbbuuEEnnndd
OOnnnbbROOAAAttHHHe
IInBBrADDD
unnbrrrEUUDDD
AAANBRRRAAEDuuurrr
UUNNNBBBrreeeiidddEEEnnnGGG
iiinnnbbreeedONggg'S
eeNbbrrroooeeDDDsss
iNNNBBuElllT
IIInnncccuulllCCCoolAAAbbaallooTTy
UUUnnCCCaaaLccuulaaaBlllAAA
iNNNccIIIlccuuuLLLAAbblllYY
iiiNCellleSSScccOOnnTTT
IINNCCaannDDDaaSSccEEE
ooNNNccANNddoosCOONNNccUU
oNNNCEEEnndddEEsCENNNCCU'SSS
iiiNCCAANDDDESSSCCooonnt
uNcAAANNNDEESSCCeNNTTTLyyy
aNNccciiiNTTT
IINcccaaaNTTUUUTAAAEnnn
iNNNccONNNttIIITIIIoonn'SSS
UUncccAAnttETTeeeAnnALL
EENNNCCCaaaNNTAAAtteeeOOONSS
iiinnnCCaaanttootttORyy
IINccoopppAABBiLLLIIIttYY
iinnCaPPPaaBBBilliiiTTY'SS
InnncccAAAPPAAbblllEE
iiNCCCUppabbbLenUUUssSSS
IInnncEEpAAABBBLLLUUNNNEESSSsEEs
IINNCuuppABLLY
iiiNciippAAcccIIIouuSS
AAnnCuPaaCCCiTTTiiiNNT
iNccEEEpAAACCCOOOttATTeee
iiiNNcccAAPAAACOOOTTTaaaTTTEdd
OOnCCAPPPaciiiToTTEEESSS
EEEnnCAAApppICCiiittATiiinnnggg
IINNNCaaaPPPaaaCiTaaattiiOOnn
iiiNNNCCCiiPPAAAccoooTTy
IINNccAAPPPacccaaaTTTyy'SSS
ooncooorccAARRAAATa
iiinnnCiRRCCCeerraTEEdd
aaaNNNccuRRcceeerrraaTeSSS
OOnnncccArccooorrrAAATTTangg
IIInnncccaaaRRcccEEERaaTTTeAnnn
IIInnnCCCARCCeeeRRReetaaaUUNNN'sss
iinnncccURRRccAAArrrAAtttIIoNSSS
OOOnnnCArCEEErAAAtttuuur
UNCArDDDIIInaaTTo
iiiNNcccaaaRdddooonnaaTiiiooNNN
OONccuRRRnnneeedIInnnEE
EEENNcccIIIRnnaaddIIINEddd
iinnnccaaaRNaaadddANAAAS
IIINNCCaarrrNNOOOdEnnnANNNGG
oonnncaaRNNNETE
iNcccarNiiitEEED
IIINNNCCCAArrnaaTeesss
INNNCaarrrNNNuuuTTTanngg
IInccaarNiiTTTEEEN
iiNNCCaaRRNNITTiOnnn'sss
iiNNNCAAArrrNNiittiiionns
ONNNcoooSSee
eeenccaeeeTIIIOOOUUUS
iNNNCIIeeTIIoiiisssLLLy
ooncccAuuteOOaaaSSSnnIISSSSS
IInnncAaToOUUsssNeeSSSSiiiSS
eNNCCCEndEeRiiOOOSS
OOnnnceeennnDDOOOeeerrEESSSm
EENNNCConnDDDaaRRRAAsMMsss
iiNNNCCCeNdAaRRRyy
uuunnccconDDaaEEErrrY'S
EEENNCCCUUUNNNsI
iinCeeNNNSSOOO'ss
iiinnCCENNSSOdd
iiNNcEEENsUs
innnCCeeNNNSIIInng
IINNNcEENNNSSSeeRY
iiiNCinntuuVVVe
oooNNNcEENNNtiVVE'sss
ONccanntiiVeeS
ONNccceeennTivvvizzzooTTTooNN
iinnnccennTIIvviize
aaaNNNCuuPPT
INNNCeeepTTTION
UNNCCiiiPPttIoon's
InCCCoopppTiiennSS
iiNCOOpTIIvvvooo
AANNcEEERAAATTeee
AANccaarrtttiiiTTaadddII
iinnnCORttiiiTTIDDDE'ss
IIINNNcossSSAAnnnCCCEE
IIINNcceeessSANNCCiaS
iiNNNCCEsssSSSaaanCyy
uunnnCCeessssaNttt
uNNNceeSSSAAnntlY
AAnnnccceeesssSAANNTTnEEssss
iiiNCCCUUsssaaNNNTTTNNEEssseeess
InCCCESSTTT
iinnnceeeSSSTTT'ss
innnCuuuSSTSS
iiinccESSttEEOOuSSS
eeNNccesTUUooUUUSSLLLy
iinnnCCCooSSSTTTuuoooUUUSSNNNESS
iNNcooosssTaaoooIIISSnnnuSSSSSS'SSS
incccHHH
iiiNChhh'SS
IINNNCHHEDD
IIINNNcHHHOOS
iiiNCChhiiNNG
InccHMMMEAlll
InnncchhhoooEETTTAAA
IINccHHOOaaTellly
IINCCChhAAeTennnUsssss
uuunncccHoooATiienn
OnnccchhhUAATTAVVEE
IIInchhwwirrrMMM
INNNCHwwErrmmm's
iNccchWWOrrMMMSSS
iiNNNcccIIDDOOONNNCCee
iiiNNcOOODDEEncee'SS
EENNNCCCUUUDDuunCCisss
IINNciddeeennnTTT
UUUnnccIDDDEEnnt'sss
INNNccODDeNTTAL
IIInnncccidEEnnnTTTal'SS
iiiNNCCiiDDUUUnnnttUlllyy
unnnCCCIIDuuuNTTTAAALLsss
aNcciidddEnntSS
inCCCiineeRaTTOOO
iiinncciinnEruuutoDD
IIncciiinUUUrrooottes
iincccOnnOrATTuNgg
oooNNNcooneerrettEEoNN
iinnciinnerrIIITTTiiiOOOn's
eeennncccuuuNeeRAAtOrr
OONNccAnEEERattERRR'S
InnnccoNeRReetttOOOrrrSS
OOnnnCuuupppIaNNcccEE
IINNNCIIIpppaaeeeNNCCe'SS
aannnCOOPPEEIInnncccOEEESS
innCCCaapppaaeenCyy
ennCCCIIIpiiiAANNTT
aanCCippeEEnnntlllYY
InCUUUppitt
INCisssEE
iNNNcccoooSeD
EENCaaassAAsss
IIINCCAsOOnnnGGG
IIInCIIsssIoooNN
INcEESSSOOOONN'SS
IINNNCCooSSSIUUNNsss
IIInncciiSaavu
IIInncccIISSSIIIVVOllY
onCCiiiSSoooVVooNNeeeSSSss
unnnCCiissIIveeeNNeeeSSSSS'ss
iiNNNccceSSoor
IINNciiiSSSOOr'S
IIINcccisssuRRss
AAAnCUSSSEErrrEE
AAAnnCCCiTTAAATTTAAOONNN
IIINNCCeTTaToooOnnSS
IINNNcceeetttUU
eenncootiiD
iinnccITeeemmennnTT
AnCCCiiitooomEnnTT'S
IIInnncciTTEEEMEEnntttsss
OONNcciiittooorr
iinnnCCCIITTEEErr'SSS
InnCiitEErrSSS
IIInnCCIIITTTEES
ooonnCCCaaatINNNgg
ooNNcIVVVIlliiTTIIEES
IIINNCCCOVIILLIIITTY
innnCiVVVIIIlllutyy'SS
iinnCCClEmmmEEnnCCCY
UUNNCCllUMeeeNCY'SSS
iinnnCClUmmennt
INNcccLammeeeNNNTLLyy
ONNNCCCLAANNAAbblee
iNNNccclIInaaaTTiiiinnn
IIINccllIINNNAAtttiiiaan'ss
UUUnnCCllloNNOOTUUUoons
OOOnnnccclliiNNNATeeeRYY
iiiNCCCllIInEE
IIINNCLLLiiinnnUUU's
iNNNcclleennuddd
IIINcLLLoNNNEErr
iiinnnCCLeennnEEss
iNNcLeennInngg
iiNcLLiiiNNNiiNgggss
unClEENNOOOmmmetteer
INNclllEnnnOOmmOOOTuRRss
IInClluuSSSiii
UUNNNCLLoSSID
IInccLOOSSSEEESS
iiiNNNcccLEssIINNNG
uuuNNCCLLLOOOSSSUUrree
IIINCCLLoosssuuruuu'sss
UncllisuuRRRooss
EEnccLLIIIdOOO
ONNNccLUDDEddd
IIncclllUdddess
iiNNccLLLAAAdddoooNGG
AAANNNCCClusoooEEnnn
INNcLAAASSSiiOOOn'sss
IIInnnccliSSSiiieeeNNss
IIINNCllUUssivvveee
iinnnClllUSSIIIvvveeLLLy
INNccllEEEsiVVVeeeNNeSS
aaaNCCLiisssiiVEEnnnEssSS'SSS
iiiNNCAEEERRCCaaBlee
iNNNcccEgggITablllooo
iiinncooGaaTTTAAAnnnT
IIInCooGGnAAtiii
OOONNNCCOOOggNNuuttOO'S
eencccIIIGNNNItiSSS
iiiNCegggNozzzuuuNtt
IINCOOhhEEEREEnnCa
innncaaHHEEErEEENccuu'SSS
UUNcccaaahhhEERRiiinCaaiiiss
eeeNNNCooohhhErrEEnnncccYYY
iiinccOOOhhoooRREEnTT
innncccoohaarruNNNTllly
innCCCUUUhhIRenntnnEESss
iinncccOOOmmmbEEEsssTTiiBBiiLiittYY
iiiNNCCCooMMBBooosTTTIIBBBluuu
INNNCCEmBBUUSSStttiiblY
onnnCCCImmeee
iNNCCAMMEEE'S
IIInnncccomEr
IINNcccUMMeeerrsss
anCCCuuMESSS
innnCCCoooMEEEnnnG
OnnncccUMMMMMEEnnssOOOrreeBlllee
OOnCOmmmmIIInSSSurrrAATTE
INNNCommmmEENNsssuRAtttEEElYYY
inCCOOOMMMMMMEEdddee
UUUnCeMMMmmmooDuuuD
aaNNNcccEEEMMMOODDEEs
INNNCCimmmMMMUUdddIING
incooMMMMMMooDiOOiiisss
iiinnncccOOmMMMudIITTYY
iiinnccOOMMmmUnnnEccUBBBLLLE
iNNCCCooMMmmmUNNIIcccedddoo
IINNcccuuummmmuuniCitIViii
oNccOmmmmmmuuutttABBBllle
IIINNNcccommPPPoooRRAAAbIIIllliitttYY
InnnccOOmmpppOORRROOOBlllee
aNNccOOOMMMPooorAbbLLLennnOssSSS
eeennncccoooMMpaaaRRaaBBBLLLYYY
oooncccaaammmpppAATTTIbiiileeettiiEEESSS
EENNNCCOOmmmppOtIIIballIIIttYYY
IIncUUUmpaaaTTUbbbIIliiiTTYYY'ss
EENcccOOMpATTOOOblee
uNccoMMMpppOOOTTIbbllE's
IInCCaMPaaaTuuubLESS
iiNccooMMMPAAATaabbblllyyy
iiinnccceemmmPPPEETOOONNNccee
IIInnCOOmmPPPAATTUUUnnCCCAA'SS
iiNNCCoooMMpatttennnCCyyy
IIINccEEmpppAAteeNNccYY'S
OONCCCOMMMPPPetUUnnT
iiiNNNcoMMMPaaTTanT'SS
uuNccaaammmPittEEENNTTLLLY
iNcommmpppetteeNNtttsss
OncccompLLLuuuttteee
oonnncaaammPlllEEETTTelllyy
aaNCCCOOOmPLETTTaaNNeesssS
incccOOMPPPLLLEEtttOOONNNesss'ss
eennncIMppLLLEETTTuuuOOOnnn
IInncccOmpplAEENT
iNcccOmmmPRiiHEENSeebEElllAtty
iNNcOOMMPrreeehhEEEnnnsEBBBIlllETy'SS
OOOnCCCoommmPPPrrrEEEhuuNNsseebbblle
ennnccOOOMMpppRRRaaHHHannssIIIBLyy
IINcccaMPPreeehhhensiiEEN
aaNNCCCOOMpprEHHHeeensiiiON'SS
OnnncimpRRREhOnnsIVooo
iNNCCCOMpRESsEEEbbEllitttieeeSS
IInnccaaaMMPPRRoSSSSSaaaBBUULLLIITTYYY
iiNNNCCCamprUUsSSuuuBBBLE
IINcccooommmPUTTTuuubblluuu
INNCCONNcEiiivaabiiLLLAtttyy
AANNNCCuNceeeIIIVVVaabIIILLLuTTY'S
iiinncONCCCEEIIvvvooBBBlAA
iNCCCeeeNNCoooeevvvAbbbLYY
ANNNCCConnnccclllaasssIIIVVeee
OONNcccaaaNNNCCClluusiiiVVooolYYY
innccEEEnCCCLUUUsIVENEEESss
EENCEEENNcllIIISSSIVVVOneSSSss'SS
iiinncccOOOndddeeNNsssAAbllleee
IIINcccAAANNNddITTe
aaanncccIIINFFIIRRMMMEETTYY
aannncUUnnnGRRRuuuONNNcccI
UUNNNccooongggRRRueNTTT
IINCCCooNNGGrOOOAAANNTTTLLyyy
oonnCCoonGGrrrOOiitttoooAASSS
innCCCAAnGGGROOOiitttYYY
IInCCONgrrrEEiityy'ss
OOnnnCCConnnGGGRRRuuAAAUUUsss
AAAnnccOnnnGGGrrOOoUSlllyyy
IIINNNCCOOOnnngRRRiiiUUUuuSSSNNNEEESSS
inCCCooNGGGRuOOOeesnnnaaaSSsss'SSS
oooNNNCCCoooNSSecUttiiVVVooo
IIInnccoooNNNSSSeeqqoeeNce
oonnnCaaaNNNsssEqqqoooiiinncccEEss
iinCoonsOOOQQuueennntt
IIInnCoooNSEQuuuNTTTaaaAL
innccciinnSeqquuUUUNNNTTEEEaaaLLittYY
aannncccooNSIIqqOOOaaNttIIAALLlyy
EEnccconnsiiDuurAbblllaaa
ONNNccooonnnsUUUdeRROObbbLyyy
ooonnCUUUnnnsIIdddeROOOtE
anCCooNNSAAADDeRRRottteeeLLLyyy
unnccceeNNNSUUduuuRRIIttEnnnUUUSSs
INNNcccoNNNssIIDDiirrrAAAteeneeeSSSss's
IInnconnSSAAdddeeREtttaooon
iiiNcOOONNNSiiideeerEEETTUUeeen'SSS
innnccINssaaSTTUUUnCCuuuEEEs
OONConSSIISSSTTTAANNCy
iNNCCCIIINSSiiSSTIINNCCCYYY'SSS
IInCOOnsUUsssTeenttt
iincOOnnssIISSSTTEEEnnntllly
OOnnnCOOOnnsssOOOLOObOOLLLuuuTTYYY
UUUnnCOOONsOOLLaBBLLLooo
IINNccUNssooolaaBBllYYY
EEEnCCCooonsIInnnuuNTT
iinnCCONNNSppeecuooAASSS
ooonnCCOOnnnSSPPPiiCeeeOOuuusllly
inncuNsspppIIcUUooUSNassSSS
iiinnnciiiNNSSpiiiCUouSSSnnnEEsSS'SSS
OncUUUnSTTUUUNNcccyyy
UUNccooNSTAnCCCyy'sss
EEEnCCConnSSSttuuNNNT
iiiNConssTaaanTTlllYYY
IIINNNcoooNNSSUMMaaBBLe
inCUUnnnTassTAAbiiillITTTyy
iiiNNccuuNNNttEEEssTToBBILLIIITTTy'SSS
oNccooNNttteeeSSSttIIbbbLLLuu
AnnnCCCooonnttteeeSTTIbbLLYYY
iiiNNNCiiinnnTToNNAANNCe
IIIncccOOONNTTTAAAniinnnCCEEE'SS
UNNCCCUntinannT
aaaNNcccoonnnTTTOONNNiiintly
IIINNNCOONNNttRRRiLLLlllIbLLLuu
AAANNciinnTTRROOOVVVARRTTUbbbIILLOtIiSSS
IINNCCOOntRRUUUVeeeRRRtIBBBiiilAtYY
IINcOOnntRRRovAArrrtttIBBBLLLEE
IIInCCCaNTRRIIIvvAAArrTiibllly
EnCENNvvEneEEENCCCee
IInnncaaanVVVuNNiiiEEENNcEEE's
iiNNNCANNVVEENNNIIIuuunnCCCAD
InCOOnVVVennnAAUUnncccES
iNNNCCOOONVeeNNNiiiENNNCCCInnnGGG
iiiNNccOnnnVVVeenIIEENCCCyy
IInnCCCENNNVINNUUeeNNNTT
aNNcoonnvvunnnIIIeeeNtttLLY
aNcccONNNvveeRRttuuubbLLLeee
INNNceeeNvvEnCCuBBBLooo
oonnnCCoIIIRRDIIInOTTEEE
oooNNCCCeOOOrrdddiiinnnATiiiOONNN
oNccOOOoooRRDinnnuuttiiioNNNss
eenccOOrrppooraaBlleee
aNNNcoooRRPoooRRRATTu
INNNccIIIRRpppOOrrUttOOODD
unnCCCOOOrrPaarrrATTeeeS
iNCCCoorrpppOORRRuttOOOnG
ooNNCCooorrpoooRooTTTEEeen
INNNcaRpppUrrAATTTAAOON'SSS
IINNNccoorrrPOrATiiiVII
AnCCORRppOORRaattoR
INCCCERRPPPIIrrroooaaLL
InnnCEEErrPPPooRReeeAAliiitteeeuuSSS
UnccOOORRRpppEEErrEEEOOOLLLuuuty
iiNcccorrPPPEErrrOOaLLLLy
IIInCCorrrpppOREiTyyy
innnCCaaarrrRRaaccTT
IIInccceeeRRRRRRecccTlY
INcoooRRRRuuucccttNeesssSS
IIINCIrREEEcccttNNuuSsss'S
aaaNNCCCOOORrEgiBIILLuuuTTyyy
UUUNCCCEErRRRiiggOObbeeellliTTY's
IIIncccARRRRRagObllleee
iiinncccoooRRRrraaaggooobbLLenEEEsssss
InncccEEErrrRRRAAAGiiiBBLy
IIIncccIrrRRuupttt
IInnCCCEEERRRrUppptttibIliTTTYYY
iiiNCCCeeeRRROpttiiiBBIlitYYY's
ooNcccOOrrRRUUpppTTTIIBLLO
aNNNCoooRRRRRRuuuptiiBLLY
IIINNNCCCiiRRRrrrAApttoaaaNNN
IIInnCCoRRRRUUUPPTTIIOOOnnnsss
InccRaaaSSSSAteee
iiinnccRRRAAAAsAA
aaNNccRRREOSSOOO's
oooNccrreeiissEEd
OONNNccRReAssIIss
IIncRReeAASSSennG
oonCRRROAssIIngLLLyy
IIInnCCCReeDiiiBBBIILLLiTYY
IInnncccrrrEEEDDIIbbbiLLLEEETTTyy'SSS
AAnnnCCRRRooddiiiBleee
InnnCCReeDDDiBllUUnnneeeSSSSS
aannncccreeDiibbblllannnAAASSSssseeess
iiNNNccrEEEddAbbblllyyy
IInnncRRRiiDeeeLLUUUtttYY
aaanCRRoddoooleetY'ss
IIInnCRRuuuDuuuLLooOss
IIINcRReeeDDuuLaaEESlY
EEENNCReDDEELLOOOuuussNuuussssss
iiinnncccRRReeemmmANNNT
UnnnCrrrIIImeNNT'S
INNNcccrEEEMMeennntttAAAL
innCReeMMMeenttaaalLLLyyy
iiiNNCrrremmeeennTEdd
InnncccrAmeeennnTTooNNGGG
uuNNNCCCremmmeeeNTTSS
IIINNNCrOSCCCEEENNT
iiNNCCrrEEEtttIOOn
IIINNNCCrriiiMiNaaaTTEEE
IInCRROOOMIInnnattedd
INNccrrUMMMAneetEEEss
IIInccRRRAAAmmmIIInnnaaTTiNNNg
annCCCriiimiiNNAAAtttoONNN
UUNCCRiiMINNaatttiiioooNNN'SSS
INCCrrOmIInATooRRRY
ANNNCRoSSStt
iiinncRRRuuSSTTAAtIoooNNN
eeNNNCCrrUUUSTATTiOONNN'sss
iiinncrUUStttAAtUUANSS
iiNNccrrIStttOOdd
IIINCCriiiSSTTTiinnnggg
EEEnncccRRRuuSSSTTTSS
IInccUBBBEEEtttAA
IINNccuubbAAAttuuD
aaaNcUUUBBBAttteeS
ONNNCCCUBBOOOTTIIInnnGG
OOOncccIIbattEEEEnnn
iiNNNCCooobaTTOOOOn'SSS
iinnCCCuuuBuuuTTTiiivvvE
IIInnnCuuubbAAAtIIIr
iiiNCCCuubOTooorrr'ss
unCCCUBBaaatttORRSS
AnCCCUUBBII
UUnnncuubbeeesss
AANNcUBuusss'sss
iiinnCCiiBIISEss
IINNccuuuddeesss
iNNNccculcccaatteee
UUUncUUUllcUUtedd
uNNNccUULLLCCCaaaTTTOSSS
iinnnCuuulllCatiiNggg
eeencoooLLCCCUTTTiion
iiinnCCEELLCCCATEEon'S
iiNCCCiiilccAATTIIvvvIII
iiNNNcccaaLLLcccettOr
INcIIlPaaabbblEEE
inncuLLpppiiitE
iNCCuLLpppoootttiD
ANccoLpaaaTTTeSS
OOnccUllppAAAtttuuNGGG
iiiNNNcAAALLLppeeetIOOONN
iinnncuullpppAAAttIIIiNNNsss
iiNNNCCUUULLLpOOOTTToRRYYY
onnCCalllttt
incIIMMMBuuNNccOOooSSS
EENNccaaMBENNNCCy
IIINCCCUmbbenCCCYYY'ss
ooonccuMMMBoooNNNttt
iinncccuMbbOOOnnT's
iiiNcccuuMBBBuunnnTss
INNNccUmBBBRREnCOO
IInccUUUNNNaaBBULee
iiiNCCCunnAAbbbAAAlllAmmm
IIInccAAnuuubbULLLuuuM'sss
InnnCCUUrr
iNCCUUrrraaaBBeeeLLLIItIIIaaasss
INccciiRRRabIIlIItty
iiNCCeerraaabLu
EnncccUURRRabbbllEE'ss
oonnncccURRAAbbblEEESS
InnCeeerrabbLLyy
iiNNCCURIOOOiiSS
uuunnCCCURRRuUUUUsslllYY
iNcUrrrreeDDD
IIINNNCCCUUUrrRRREEnCCCIII
eeeNcccurrRRIInncIIIs
iinnncuurrrrantt
IINCUUURrrriinggg
iinnnCCCOOORRRss
iiNccUrssiiioooN
aaannncUUUrrSSSaON'SSS
iiinnccuuurrrSaaaooonnss
IIInncccuurssIvvve
uuunnnccUrVVVuuutttEEE
IINNCCCOORvvvo
annCCus
IIINCUSee
aaNNcccUsssoos
InnDEEbbbUUU
iindddIMMMIINNNuuu
uunDDDeBBBTTTUdd
IInnnDDEEBBBteeDDNEEESSSS
innDDeBBtiiiddNNNEESs's
IIINNddEEcccoonnnCCiiieeSSS
iiinndddIIcoooNNNCCCYYY
IIInndddOcincy's
iiiNNNddduCCiiNTT
IInndddeecEENtttllY
iiNNNddecAAAdddIIIUUuSS
iNNDDicOOPPPHERRUBBBeelITTY
iinndeeecIIIpphheeeRRROBBlAAA
unnnddIIICCIppHHUUUrrrAblyyy
IIINNNDiiCAAsIOOn
eeNNNDDeeccIIsssIIIeenn'S
aaaNDDeeCCOOSSSuuVVee
iiNdddaaaCCIISSiVVViiiLyyy
IIINDDEEcceSiiivvEnnessss
EEnnddeeCCOseeevvveeenISSSS'sss
enndddEECCClllIIINaaBlle
uNNNddeecOOORRiiUUSS
INDeeeccOOOrrooussslllYY
IIIndddEECCooRooUUssNNNesssSSS
innddEEcccIIIrrrooUSnneeessEsss
iNDeeCooRRum
innDOOOCorrruMMss
aannDeedd
iiinnndIFAAttaGebbUUlEEETiieeSS
IInDDDeFutttiigAABBiiLLitY
OOnDDeffEEETTTiGGiblllu
INNNDDDeeeFAAttIgggoBBLYYY
iiiNNDDDIIIfffOAAAsssIIIbbblllEE
OONNNDuuFuuuUUUSAAABBLYYY
ENdddIIFFFEEECCCtAAbbLLLE
IIInndEEEffIIINSUBBBIlIIItttyyy
iinDDDEEEFunSibbLEEE
iiiNNNdEEFFFEEEnnSabbblyy
UUUNNDDDeeffEEEnnnABiiletY
IIINDeFIIINaabblllee
inndefffuuuNNUbblYYY
IIINDEEEFFIINNNOteee
iiindddUUfffIIINIItellY
iiinDDDEFinnnIITeeennneeeSS
IInddduuuFiiiniiiTTTenooosss'SSS
iiinddUUUhhaaasccEnttt
IIInnndddIIIliiBBeeerrUUUtttaa
ANdEEELLLiiBBiilleetYYY
iinDElllAbbblEEE
AnddEEELIbbllly
iiiNNDEEELLAAAcAccciiiuuus
onnDEEllliCCAcccY
iiiNNDDDEELLicciCCyyy'ss
InnnDDDaaLLLAAACCCAAAttee
IIINddeeeLaaCCCaaaTTEEEllYY
iNNDeMMNNNifeCCCuTTTIIIooNNN
uuunnDEEMMnnnIffeecccAAATTTEEEEn'ss
uuuNddemmNNNIIFFFiCCATTTIooNNsss
iNNdIImNNAFiEEEdd
iiiNNNddEEmNNiiFiieeeRRR
OnnndemmmniiiFoIIsss
IInnnduuummmNNNIIIFFyy
UUNdiiMMNifffyeeenng
iNNNdAMMnniiTTToEs
iiiNDDDEMNNittYY
iiNNdaaaMMMnIITYYY'SS
IIINNNdddEmONNNSTTrraaabbLE
unDDooonnnEEE
inddeennEEES
UUUnnnDEnnT
iiinnDDooNNNTTT'SSS
ooondddEEEnTTTaaTiooNN
iinnndeeeNTuuuTTTIIOOONNN'S
iinndEENTTETTooIInSSS
OOOnnDEENNtteeed
iinnDDDEEnnnTTTiinG
AAnnDDDeeNNNtttAAIIIN
iNNddaaannnTiOOOnn'sss
eNDDDannnTTSS
iNddeeennnTTuuRRRAAA
iinddAAnnnTTTuuRE'ss
INNddIInnnTTAAArriiiD
InndddEENTTTEEERiSS
iiNNNdddEEENTTTorrreSSHHiiiP
innddeeNttUrriiinggg
iiindaapppEEEnddennCCCOO
iNddEPONNNDDinncccE'SSS
EnDDDAAppeeeNNdUNcIaas
ooonddEEpeeNNdeenncY
OOONNddEEEppeNddOOnttt
InnndEEPENdeeNNNTT's
ENNNddEEEpennnDEENtttLYYY
EEEnnddoppeendENTTs
AANNddiiiSSCRRIIIBBIIBBBLa
innDDESSccRReBBABBBLLLy
aNNNDeeeSSSTrrrOOOcctttaBillluuTTyy
oooNNNdddOOOSSStttrUUcccTuuuBBBAAALIITTyyy'SS
iiiNNNddeesttrrUUCCCTTiBBLEEE
iiiNNNddeSTRRRIIcTUUBLy
ANNNDDOTTTeeRRRmIIInnAAABBBllEEE
INNNdddAAATTTOOORRRMMMIInnnUbllyyy
unnnddIIttiirrrmmuuniiiCCCyy
INDDOOOTTeRMMMIIInnnAcccYYY's
iinnDEEttEEErmmuuuNNattEE
anDDDeeeTEEERmonnnUUUteeely
OOnnDDIITTTEEERRRMiiinnaatUNNEEsssSSS
iiindddeeetttAAArMMMInAtttUnnassSSEEss
indaattaRmmmuunnaTiiioooNNN
IIINdddooTTTeeRRmmminnnuuuTTIOOOnnns
iNNNdooTTTeeerrrMMMINIIIssMMM
ennnddeeevieTT
iinddix
Innddex'SSS
INDexxxIIItOeen
IIINNNDDDIIIxAATUUIN'sss
iiinDDDiiiXAAtttIIOOONSSS
INddooXXIIDDD
aaannnDDExERRR
innnddUUxxERR'SSS
iinndEExxxERss
InnDDDeeeXXXeSSS
EENNNDEEExaaaNNNgg
iiiNdAxiinGGGss
IINDiiicIINN
innnDiiiccennnT
UUUNDDDiiCCUUUnnnTTTSS
iiiNNNDDiicotttee
iiNNdddaaacuteeedd
indddOOCIIItttEEss
UNNDDIIICCCAAtingg
unddeeCAAttUUUnnn
iiNdddIICCAATTIonn's
IIINNNdddicoottIIIuuuNSS
oNNNddIIIcIItttoovvvEEE
iiinndddIIcccaaTTuvEEE'sss
IInddIcccAATTIVVVeelyy
IIINNDDuuccAATTIVEsss
onnDDDUUUccaaaTTooRRR
iNdIIIccceTTTorr'ss
EEnnDiiccAAATTOrss
IINNNDOOCCCATOOORRyyy
iiinddiiiCCCuuss
OOOnndddiCCCaAAA
AANNNDiiiCT
iiNdIIICCCTTTAAAbbIILiiTTTyyy
iiiNNDDEEEcccttuubbblE
INNDDIICtOD
onnDDDIIICCtttEEEE
iiinddaCCCTTer
INDAAccctuunnG
IIInnDDaaCCtAAAAAnnn
EnDOCTeeeAAANNSSS
aaanDDDicttMMeeeNNTTT
IIInnnDEEEccttmmmoooNNtt'SS
iNNdddiiCCCtMANtSS
iiiNNNDDIICCtOORRR
uNdiiCTTs
iinnnduii
iNNNdieeesss
iNNNDDDaaaFFFFFEEEreNCe
aaaNNDIFFfffuuReeennnccEE'SS
iinDiiffffffeRRREEnnTTT
iiinnDifffFFFiiirrreNtuuuSSMM
OOnnDDDuFfffAAReeeNNTTLY
InnnDIIgEEEncEE
UUNNNddIIIGGeenceee'ss
iiiNNNdiigggEEEnee
IInnndddIGEEnOOOEss
IINNNDDAAGGEEnnOOOUUSSSllY
ONdIIgggonIIuSNNEEESSS
IIINNNddiiiGGGONNNOOeeSSSnnnEsssSSEEEsss
iNNNDOGGEEnnnt
iinDDaaaGGEnnnTTT's
IINNddAAAgOOOnnTTTllY
EENNNDiiggaannttSSS
aaanddeGOOOSSttteeeDD
eeeNNdduuuggeeeSSTTibbeeelleeetaaAss
OOOnnnddIIGeSSTTTooBIIIllIttyyy
aaannDDDiiigUsTTOOBBLLLEEE
ENdddaaaGGGIISSSttIIbbLLYY
ooonnDEEgeesttiiooN
IIINDDEEGOOOSSTTTIUUUnn's
iinddiiGGAssTTiVVII
IInnDIIIggn
IINDDDIIGGnnonnTTT
iiNddiiiggnnnAAAnttLLyy
IIInnDDDIIIGGNaTTTUeeeNNN
iiNdaagggNNaatOonnn'S
iiinnddIIIGGnnnUUUTIOOOss
iiinndiGNNuuuty
IIInnnDDooogggnnniitttyy'S
IINNNddIIggo
IIInDeeegA'SS
iinndiigggOOOEEdd
eNNNDDDeegggooTEnnn
IINNDDDaaaggITTIINNSSS
iiiNNdEERRRecccTT
IInnDDeeerrrEEECCtttUoNN
oonnndddUUrrreeeCCtttUUUOON'ss
iinddIIreeecccTTAAAnnSSS
UnndiiiRRREctLLyyy
ooNNNdddooReCTnnESss
iiNNDDDiRaCCTTTnnnEEESSSs'S
InnDDISScErrrNNNiiibLLEEE
UUNNNddasCCCoooRRRnniibbLLLYYY
OOOnDDoooSSCCeeRptIbbbllEEE
eeNNDDDiiScUUUpLIInEEE
iNNNDDiiiScOOOppplllInnnEsss
iiinnnddAAAsssCCCreeeEEETTT
iiNNNddIIISCCreeeEEtLLYYY
IIINdAAsssCCRRRUUOOtNeessSS
InnnddiiiSCCCrrEEEOTTNNNUUUsSSeeesss
INDIISccruuuTTeee
iiiNNdddIIIsssccRRReeeTTTaaeeeNNN
IIINDUUssscRReeTTTUUoooNNN'SSS
EENNdddiissccReeeTTToINNss
ooonDDIIsccrrOOMMIInAAAttEEE
OOONNddiiiScccRooomiinnnaaTTTEEELLY
innDiiisscccRRRIImmmEENNNATIIInnneeesssS
iNNNDDDIISccRRRImmminaattteiiNNN
IIInnndIIISpEnSSSeeeBiiillluuuTyyy
iiiNDDDIIsssPEEEnnnssobbALiiiTTY'sss
uNdiisppENNsssAbllE
iiNNduuSSPPPoNssAAABBBLuu's
IInnnddissPPiiinnsssaaaBLAnaaaSs
ooNNddiSSPeNNSaabLLLeeenneSSSSSEEESSS
IIINNNDDISSPPPUUUNNNsssUUbbleeess
enDDDIIIssspEEnnnSSaaabbblYY
INNdddiSSPiiisUUU
iiinddiiiSSSpppOssEEEdd
uuNNDDDiiissppOOOSeeesss
iiiNDDDOOSSPossIInGG
ENNNdAASppEEsssiTTiiooNNN
aNNddiiisppoosssiiittooouuNNN'SS
eeennnDIIssPPPiiSSitUUUooNNSS
aNNdddiiisssPPEEETaaBBBllUU
UndddoSSPPiiiTTAABBllEEENNossSS
iiNNdooSSPPUUUTTTAAAbLLy
IndiiissolllUUBIILittYY
ooonnddIsssOOOllloBBBllaa
IIINNNdISSsUllOOObLyyy
innndAASttIINCT
iiindeeSSSTincctttiVVuu
iNNdddooosstttaNNCtllYYY
oNNDDOSSStttONCCtnUUssSSS
iiiNNNddIsstttiinnCTTTNNNEEEsssss's
InnnddooStennGGeESSShAbbbLLee
OOndIsTInnnGGGUIIISSShhAblllYY
AAnndddite
aaannnDDiiitEEEd
INNNdddATTTeSSS
iiinnndddiTTiiiNNNg
iiNNNddiIIIm
IInDDeeMMM's
IIINNNDDeeeVVVertaBBBLLLaaa
aaNNdiiVVEddUaaalll
EEENNDUUUVVIIdddaaaLLL'S
EEENdddIIvviiddUUAALiSSSM
innndddIIIVVViidduuuAALLLIISSmmm'sss
oNDiivviDDDuuuOLLLaaSSTT
IINNDDIIviiDuuuAAAlIIISSStt's
IIInnDDDIIvIDDDUUUOOLLAssstteec
innnDIIIvvODuuuaaaLLESSSTTIIICCCiiillLLyy
inDDDiVVVIIDDDuuaalIStttSS
IINDDUUvvvEEEDDDUaLuuttyyy
ennDDuuViiiDDDUUALLLiiitttYY'sss
IINNdddiiVVVidAAAuLUUUZZeTTIIIooNN
oooNDDDOVVEEEDuuuUUllIZZZAAATTTioon'SS
EEEndEEEvvIIIDDDeAAlllEEZZZOO
ooNNNDDIveeDDuuuAllluzzzuuDD
OOnnddiiiVOOddaaIIILLiZZZEEEsss
uuNDDIIIVVViiidUUeliZZZiiinnng
oNNdEEVVVIIdddUUAALLLLLyy
iNNNDIIIvIdduuuAAALLLS
iiiNNNDDDiiivvIdddoooAAAtttE
iiiNDDDAAAvvvIIDDuuAATTTiiiDDD
eeenndddIVVVOODDDUaattESSS
anDDDiiiviidddoooaTTIINNgg
innDiVVUUddUUeTTiiioNNN
IIIndoVViiDuuuAAATTiiuuN's
uuuNDAAAvvviissIIBIIliittYY
IIInnDaviSSSIIBBooLUUtyyy'SS
iindoooVVVIISSSIIIbllaaa
indiivaaasIIBlllyyy
INNdUCAAALii
iNNDOOCCtttrInnnOOOttAA
INDDDOOOCTTTRRRiinnAtIIID
iNddAACCCTTrennnAATTAAsss
uuuNNdOctrraaaNNettIINgg
aaaNDDDOOOCCttrrrIINNNaatttIuuNN
OOOnnDDDUCCtttRRRIIINNattIIIOnn'SSS
iinnDDuCCCttrriiinnnaaTIOONNNsss
eennnDDDaaCCCTRoooNNATiir
indddaCCCTTTRRRuuunooTorss
iiNddeeccctttRiiNaaaTORYYY
iiNNNDoooLLooo
ANNNdddILLEEnnCII
INNDOLaaNNNCe'SS
iNDDooLLEEENNNT
ENNDoleeNNttlYY
IIINDDOOMIttaaBiLLLiTiUUs
IInDDemiiiTTaabbbiiiLLLiiTTyy
iiinnDDDimIITTAbbblAA
iiinnddOOOmmiiTTTUUUblleeneeeSSSS
ooNNNDDDOOMMiiitAAAblYYY
iNNNDDDOOoooRRR
aaNNNDDDOOOOOrS
iinnDDePPPHHUUUNiiilll
UUUnnnDDDoRRSSSii
ennnDDDoooRssEEDD
IInddIIIRRRsOOOMMMUnT
IINNNdddooRRsssEEMUUnnTT'ss
InnDOORRsEEEMMeNTsss
EEEnDDorrSSSeeS
iiNNNDDDUrrrSSSuuuNNNG
INNNdaaaXyylll
IINDRRAAFTT
eeNNdddrrraaWWN
AAAnnduuBiiiTTABBIIIlliiitttIIEEEs
AnnnDuuBIITTabbbIlllITTTYYY
iiinnddOBBiTaBBBllle
iNNDuuuBBBiiiTAbbLLYY
iiNNDuucccEE
EEENDDDucccuuuDDD
IIINNddUUUCEmEnttt
iiiNNNDDDUUCCCaaMMUUNTT'SS
anndUUUccemmAAANtts
iiNNdOcccEERR
INNDOccceeerr'SSS
innndOCCCeeeRSS
AAAnnnduuuccees
IINNNDAAAcciibbbllli
EEEndiiCCIInnggg
IInnnDDDUUUcct
INNNDDDuucccttaaaNNcccaaa
INddiiiccttiiNNcco's
oNNDDucttuuD
INNNdddUUUCCTTTaeee
IIINNNduuccTTuaa'S
IInnDDDuCCTeeees
iiNddIIccTTiLLaaa
IINNduCCttOONGG
IInnDDuuuCtuuuIIInn
aaNNdUctUUUunn'S
UUUnnDDDeccteiNNNS
IIINNNddUUCCttIVVViii
iiiNdddeeecTTTIVVValllyy
IINNNddUUUcccTEVEENNAASSs
IIInnDuuCToor
iiNDuucccTTIIRRRSS
AANNNddducctttsss
iiiNNDAAee
iNdIiddd
IINddAAiiiSSS
IIInnnDDuuuiiNNgg
iiNNDulllGGe
iiinnnDDiLLGEEEDDD
IINNNDDuLLLggiiiNcccEE
uNNNDUULLgeeNNcccA'SSS
ooNNNddUUUlllgggEENcEEESS
ooonnddiiLLLGGGEEEnnnTTT
EENdulGGGEnTly
IIInddeelllggErr
AAANDDDIIIlGeeSS
ooonnDDEElgginng
aaannnDDOLLIINUU
iNNddeLTTT
InnDUUNNa
iiNNduplIIcccatttEE
InDDEEErAAteee
ooonndUraaaTTTOOOdd
inDuuurruuutIan
aannDDDuuRaaattIIOOOnnns
OOONNNdddUUrEtttIIvvEEE
IInndddEEESSSoA
IINdddIIIssIIIUUmm
IInDIISSTrIIAAL
iNNDaaaSSSTrOOiiilisssmmm
AAAnndddUUSSStRREEaaLaaSSM'sss
iNNNddduuuSSStrOOllIIsssttt
iiindddUUUSSTTrrIaallissT'ss
iiiNdussTTTRAAUUUlllEEssTTTSSS
UUUNNdIIsssTrriuuuLLLizzzAATTTUUUUnnn
iNNdaaaSSTRiiAlllAAAZZZaatttiiiOONN'ss
iNdduuuSTTrriiiIIIllleezaa
IIInnduuustttrriiioooLLLiiZZZEEEDDD
oNDDUUssstttRRRiiEEEllliZZeeSSS
iiiNNDeeSSTTrriOOllAzuuuNgg
IndUUUssTRIaLlyyy
IIInDDeeeSStrrrIUlsss
OOOnnDuuuSStRRRIIaaSSS
IIINNDDUSSTTReeeIIeeSSS
eeNNddduussTriiiuuussLLLy
iNNdddossTTTRAAeESSSnnnEEsss
iNNNDessTTTRRoooouSSnIIsss's
InDDiiissTTRyyy
iiiNDDUUssttrry'SS
iinnDDDwwaLLll
OONNNddWELLLlllEEEDD
OOONdWWWELLLLLLuuNNGGG
INDDwwwElllLSSS
IINDwwwEEElttt
oooNNNiiiAArrrTH
InnnOObbbRuAAANNNTTT
IIINNebbRRRiiaNtSS
UUnOOOBRIIaaTTTe
iiiNNIIIbbRRRIaaate'ss
IIINEEbRuuuuuuttEEdd
iiiNiiBrrrIIaTTeeess
IInnnoooBBBRiiiaTTOOOnG
iiineeebbbROOOAATTeeeOONN
EEEnebrrrAaaatttiiiaaaN'sss
iiiNeBBBRiiETIIIESS
aannEbbRRRAAAEEttYY
iiiNNEEddIIbiiillIITTYYY
aaaNEddiBLLLee
iiineeDDEblyy
iinneddiiTTTudd
eeNNeedddeecccUbbbLLAAA
iinnneeedddUUccUTUUUennn
EnEEffFFAAbbiLLEEtttyyy
oooNNNeFFFFFIIIBBBoolllaaaTTTyyy'S
eeennnEEFFfffAbLLLIII
aNeeefffffubbllYYY
IIIneffffiiicccEiibbblE
unEEFFFfffucccTTevEEE
aNNNeeefFEECCCtttIvvvIIllY
UUUNNeffFFFeeeCCCTTTevEENNNesssSSS
aaNEEfffEEECtiVVVUNNAAsssS'SSS
AANNUUUfffEEEccctUUal
IINNNeeFFFeecctUAlIITIIUUSS
IIINNeeefffffeeeCTTiiiAAAliiiTTTyyy
iiiNNofffooCCTTTOOOullYY
iiinEFFFffaaaCCTuALLLnEESSSSSS
iiNNNIffffffiiictttiiiAAALLNNeeSSSSSOOS
aaneFFFfffiiccAAcccaaaiiuuuSS
uuNNuuufffiCAACCYYY
InnnAAAfFFocaacccY'ss
iiinAAFFFIIICaaaUUUNCCCIIeSSS
eneeffFFIIIciiiUUnCCy
iiNAfffFiCCCIunnCCCYY'SS
AAANAAfffoooCCCaonnttt
IInnnEEFFfuuCCIIIeentttLLLyyy
IINNNEllAASTiiiccc
OOONNNuuuLuuuSSTTIIcccIIITTiieeeS
INNNEELAStttiCCCiitty
iiNNIIIlEGAAANCCEE
iinnEELLLeeegUUnnnccEEE'ss
OONNNeluugANNcccyyy
IINIILLLuuuGunnnTTT
IIINNeeellEEGGGUUUnntllly
IINEEELLLiiggObbIIILLLotttyy
annnElEGGGiBiiiLLATTyyy'SS
iinneellliiGGGAAAbblllE
iNOOOlIIIgggIIBlleee'SS
aNNNeLLOOOggIIbbbLLLuuuSSS
AAANNNUUliiiGGGabbbLY
iinnEEELLaaqqqUoonnTTT
UUNElUCTTTaabbllliii
InnneeeleeCTToooBBBLLLyyy
onnnIILOOODUbblla
oooNIIInarrRAAAbbLee
iiinnEpppt
inIIIPPTTTitUDDDee
ooNNOPPPttIITTeeddeee'SS
UUnnnuupptlyyy
eeenneeeppTTnnneeessSS
UUUnnneeepppttnneessssss'S
ANeeqqIIIiilllItiiiAAAs
iiNUUUqqUeeLeeetY
ooonnneQQQualETyyy'SSS
OOONNNoooQEiTaaBBBllleee
UUnnOOOqUUiTTuuubllY
ennEqqqooItttuuESS
IINNequuuItttyy
AnneQUUUEETTTyy'ss
EENoRRIIIDDAAAcaabbLLAAA
uuunnIIrraaddaccceBLy
unnErrasaBLLLOO
anneeeRRrrrAAblEE
OOOnnEErrREncAAUUUS
iiNNNEEErrrAANNNcY
IInErrRunnt
IINNEEERRRt
EEEnnEErtIa
onnnErrTTiooo'SS
OOOnErrrTIIIOOOlll
aaNeeRRttIIAALLesssSS
iiNNEEERRtttlY
aaanirrTTTnUUssss
IIINNEEERTTnnnEESSSSS'SSS
IINNUUUsCaPUUBBLAAA
iiinnnEESScccAAPPPeebLLyy
aaanIscEEtChOOIInn
iiNNNesSSEEEnnttiiaaaL
OOnnoooSSeeNNNTTTiiiaaaLLL'S
InnnEEESSSSSSeeeNtEEEEEEls
iinOOOsSSivvee
EEnniiSSSTTTOOOMMAbbLLLeee
IIIneStuMUBBBLLLy
InEvvvaaaSIIIBBLLLee
IIINNNuVVVaTAAABBBeeeLLLIITTYYY
iiiNNNOOOVVVAttiibIILaaaty'S
IINNEEvUUtubbLLoo
ANNeeVVVIIITaaBBLee'SS
IInnnavvvitOObbbLLLYYY
ennExIIcttt
uuuNNeXXXAAccttuuTTAAADDDeee
annuuxxxICCtttEEEtttoooDuuSSS
aNNNuxacTLLyyy
iiNexxACTTNNessss
AAAnnExxxAAACTTTnEsssS's
uuuNEEXXCUUUSaaabLLEEE
iiNNeeexxxCuuuSaaaBLyy
oonneeexxxEEccUUUtttooUn
inEExooorTTTiioNNN
IINNNiiXXXHHoooUUUssTTTiibbuuulATY
iiiNeeXXXhAAOOOssTToBBLeee
uuunnEEXXhhhAAAuuuSSttAbLLENNNiSsss
aannneeXXhhaauuSStiibbbllYY
eNeeeXXXaaasTANNNTTT
iiiNEExxuuuRRRAAbbbiLLLiiiTTTuuuSS
uunnneeXAraaabILuuttY
INNNuuxoorrUUbblle
AnnExxxOOORRRAAAbblYY
aNNNexxxPPPEdddueeennccI
iiNOOxppadddUUiNNCe'sss
eennEEXXpppEEEDooennCCY
ENEXPPPAAAdddEEEEnnnCCY'ss
UUNeXXPPPUUUDDDIIIeennnTTT
innnEXXXpeennnsIVe
iNeeexxPPEEENNSSSiiivvEElYY
innaaXXXPeeenSSIIVEEEnnnEssSSS
UNNNaxxpppEENNSiVEENNNEEESsss'S
oooNiXXXPPPAAARIIIEEENCAA
InnnexxPeerrriiiEnCu'S
iinnnaxPeeeROOOeNNNcEEEDDD
eeeNNEEEXXPPPerrrttt
oonUUUxxPeeerrrTTLyy
IINEEExxxPiiiUUblllII
OOONEEXXplllaaaccaBBBiiLLLiiiTy
aaaNiiixPPLiiiccaabbbllii
IINNNExxxppplliciiiBBBllly
UUUnnOOOxPPLLLIccUUTT
iiiNExxxprreesssssaaaBBBUUULLLuTTTyy
oooNNexxxPPPrrrEESSSSSiibbblllee
AnnnEEEXXXprrreesssIIBBlyy
Anneexxppraaassssseevvve
EENNNEEExPEEGGGNNNaBBLLLU
IINNNEXXPPaNgggIIbbbLLee
IInEEEXttteeNNNsEBBBLLLee
innnEEXXXtiNNgggUUUishhhEEEBlE
OOONNEEEXTIRRPPiblEEE
inexTTTRRIIcABBBoolllIIITyyy
enUUUxTTTRRiiicccABBBLLLE
IIInnnEEXXtRRRIcABBBllY
AnnnfffuuLleeebbbiiiLLIsm
iNNfffeLLLLuubbIIIlATyy
iiinnnffaalllubbbILLLiiiTTyyy'sss
IIINNNFFeeellLLLUUBlluu
InnffAALllluuBBBLLLENNNEssssss
iiinnnFFaaLLLLiiiBlly
inFFEEEMaaoSSS
iiNNfEMMMooiiSS
OnnnFFAAAmmmOOOUssLLyy
IIINFFammmOOOeeSNNNAAss
OOnnFAMy
aannFFaammYYY'ss
iiinnnFFFANcccY
uuuNNfAnnCCCyy'S
IINNNfONNNT
ENNffaaNNttt'SS
IInFaaaNNtttuuu
eeennFFanTooo
UUUNNNfffaNNNTTTaaaCCIIDDuuu
iinffonTIIICoooddUU'S
IInnnfffANNNTTTiiicoodeees
OnffANNNtiiiLLAAA
iNNFFAAnnTTTiiLIISMM
iiiNNFFentiiLLESSSMMss
unnFaaNNNTToooNNE
iinnfAAnnTTTrrrAAEESSS
EEEnffaaaNNttrryy
iiinnnFFaantRY'sss
iiNNffUUUnntttRymeenn
oooNFFFAAANNTryyMMoon'sss
IInFFFAnntRRyyymEEEnnn
iNNNffoonTTSSS
IINfAArcccTT
INNffirrCCT'sss
aaannfUUURRCCCttEddd
annFAARRRCtttiiuuuNNN
uunnnFFFOOrrCCTiiieNN'ss
iiinfffURRRcctSS
InnffaaReee
InfuuutttAAAooTE
OOnFFFAAAttOOOAATiD
AAnffuTUaattteeeSSS
ENNFFUttuITIIInnnG
eennnFFFuuutEEEIttoouuNNN
OONNffutttUoTTIOOONNN'sss
OOONNNffEEttuuuAttAAAoNNSS
aaNfeeusIIBBiiiLLiittYYY
iNfIAsOOOBBllleee
InfEECCCT
UnnfffICCCtteeD
IIInfUUcctiing
IInnFecTTIONN
IIINNfffAAAccctiioonnn'SSS
AAAnFFAAcccTIoNS
iiiNNfECTiooUSS
aannFFEEECCTTTIoUUssLYYY
iiinnnFECCCTiiooouuuSSneeesssss
InnnfffeCttooAAAuuusnnnAAAsssss'S
UUUnFeeCCtttIIVVVEE
aaaNNFFEEEcccTTTSSS
iiiNffeecUNNND
iinnnfeeellIIICCittIIIEEEs
iinFEELLIIIccaattOOEEEss
AAAnnnFFeeLLLiiicciTTEeesssLY
IINfiilliiicITTTY
EENFFFELIIcccuutyyy's
aaNNNffeeeRR
iiiNNFeROBLLii
EnnffOOrrOOONNCUUU
iiNNFFeRRReeeNNccEE'SSS
innnffeerrIIINNNcccooSSS
OOONNffUUUrroNNNTTIeeeLL
IINFFFARRREEnnttiiallllYYY
uuuNfuuuRRRoooOOOR
iiiNNFFeerrOOoRRR'sss
UNFFAArrrIuRiiiTTTyyy
IIINNFFeeRiOOORROOOTTTYYY'ss
OOONNNFeeeRRiiiOORSS
annffEERRRnnnALLL
IIInnFuuurrNNelllllly
iiNfArrrNOO
eeeNNNffEEERRNNNooo'ss
aaNFFFiiiRRNNess
ENNffeeerrrrraaBBlE
innfEEErrRUUUD
iinnFFFooRRRRRiiiNNNg
ooNNNFFFEERRs
IINNNfEERTTTILLLE
InnffAARRttILLLotttyyy
annfffAAArrrTaLLLiiTyy'S
InnFEEEsstt
IIInnFFFASSSttAteIInn
iiNNfffossttUUUtIIIonn'ss
iinnnFASSSTTTAAATTTiiuuunnsss
INNfesTTEEDD
IIInnnFFEssteRR
IINNNFFFOOssTiiinnggg
ONNNFFuuSSSTTTS
aaaNFFeeEEEdaaattaaaEENNN
oNFFidEElll
EEEnnnfiiddiiil'S
IIInnfUdiiLLLitEeeS
iiinnnfiiDDDEELLiiitty
EnnnfffOOddaaaLLLIIItttyy'ss
OOnnfffIIIDDeelllsss
aaanfffAAuLLdd
IINffaeelllDD'sss
ONFFFUUaallDDDeRR
eennfffeuuulllDDDOrr'sss
IIINfffIIuullDeRsss
IIInnfffeUULLDDDs
innnFFFeegghttEER
iiNNffIIggHHHTTuuur's
innnffaggghhtttEErrsss
IINfffOOOgggHtAnnG
UUUnFFiiiGGhhhTTiiiNggg'SSS
iiNfffIILLll
oonnfffoooLLLeeD
IIINFFAAlllINNGGG
UnnnFFIIIlllllsss
IInnnfffiiillttRRRAAATTeee
AANNNFilTTTRRRaTEEEddd
aannnFuuLttRUUUtaasss
eennnFiiiltrrEEEtttunGG
unFFiiilllTrrrAttionn
infffaaaLTTRRRutttIIIonnn'SSS
IInnnfffOLTrEEETiONNSS
EEENNNfffUUlllTTRRattOR
IINFFiilllTTrrAATTTir'SSS
IIInnnFFEEEllTTRRRatiiirss
IINNNfffuunnnITTTIII
iinFFUUNIITEE'S
ooNNNfinniitteeLLLy
iNNFFFOOONiiitteeeNNNOOssss
IInnFFANIteennOOSssuuuSSS
iiinnnffINNNoootttEssiMOOOLLL
ooonnnffiNNIttEESSimmAll'SS
iiiNNNfInnniitttiiiSSooommmaaLLLLLLyyy
uNNFFiiiNiiiTAAAsIIMAALLss
IIInnnFFFIINNOtttiOOsss
IIINNfINNEEETTTiiVIIl
OONNNfUUUnnnEEETiivvee
iiNNFFFiNNNiiittAvee'SS
uNFFAAAnnniiiTTTEVVeeeSS
infffIInnniTTIIIDDi
IINFIIINITTTUUUdE's
AnnnFIIINNNittY
aNNNffannITTyyy'ss
ennnFIrMM
IInnFIIIRRMMARRROOooosss
EEnFFiiirrmmAAARRRy
iNFFFAAArrrmeRRRY's
iNfIRRMMEttoouss
uunffiiiRRmOOTTYYY
innnFFoooRRRmiTyyy'SS
AAANNfffuurrrmLyy
AAANfirMMMNEEssss
IInnFiix
iinFFFIIXXXuud
aNNNFiiiXXXOOOSSS
UUUnnnFFIxxxaaannnGG
innffLAAAME
iNNFFlOOOmmeeed
IInfffLLLAMMEEEs
iiNNFlllAAAmmmEEEnnggg
iinnnffllaMMMAAABBBaaaLLOOOttyy
InnFFlllaaaMMMMMabbbillityy'ss
iNNNFlaaammmmiiibbLLLaa
IIINNfllaammmMMMaaabllennnEESSSS
iinnnFFllUUUmmmoobLLLyy
OOnnnFFFlllammmaTTaauN
oonnffLAAmmMMMAAATIIIoooNN'SSS
iiiNffLUMMMMaaatttIIoooNNNsss
oooNNNfffllAMMMaTToooRYY
inffLLiitttaabbbllOOO
eeeNNNfflllUTEEbbbLLLii'ss
IInnFLLLaaatttoobbbLLLuuus
iiNNNfffLLAAATTTE
InnffllatttEED
EEEnnnFlaaTTeeerrr
UUnffLLIIITTErrS
Inffllaaattuuss
iiiNfLLUTTTiingg
IInnffLAAAttAoonnn
aaannnflllAATiuunnn'sss
iiNNNffllaaatttUooNNNoooryy
ennFFFLLLatoooUUNiiiSm
eNNNFlaaattiiiAnnIISTTT
iiiNFFFLLLAtoorrr
inFleeeTOOrrrsss
uNNNfLLLEccct
UUUNNFleccctED
aaNFllEEECCTInGGG
IIInfffleccctttaooon
UUNNFFFLEEEccTTIIooNNN's
iinnfffLLLEEEccTioooNNAALLL
iiinnnfflllUUUccttiiiENeeLLLLLy
uuNNNfffllEECCtiiiOOONNNLLEEEssss
iinnnFLLiiccTAAAonnnSS
INfffLLuuCttiiiVVVEEE
InnFLLoCTSSS
IINfLLEEExUUUdd
UUNNNfflUXXIIIbbbILLoooTYYY
iiNNfllEEExxIBBBEElIIItttYYY'SS
inFLLEEEXXXIIbbLa
innFFLLLOOxxiiBBBLYYY
iNfflllIIcTT
eennnFliiCCteeeddd
ooNNFFFLLLIIICtttEr
OOONNNfflleecccTTTeNNNGGG
iinnFFlIctIoonnn
IInnFFFlEECtiiiUUnn'SS
INfLIcTIIOOnnss
UNNffLictiiive
ONNNffllicccttuuur
iiinFFlllooocctttS
eeNNffflUUGhttt
iNFFlOOrrrEESSCCeNNNCEE
AAnFllorissCCCoooNNNccee'SSS
UUNNfLOOOreeeSScceeennnt
uNNNfffllOOw
uuuNNNFFLoW'sss
UUUNfffLLLEEwiNNNgg
IInnnFFFLLOOWSS
innnfffLuuuinnncccEE
IIInfLuuuEEnCCeee'sss
AANFFLuONNcuuudd
iinFFFLLLuEEENNCCeeess
iiinnnffflllIUUnnnccIIINg
inFlUUOONNNttt
IIInFFlUUUUUnnTTiiiiiilll
InFFLoIInnnTTToooOOLllly
eeNNFFFLaONZZa
INFFLLLuiNzaa'ss
AAnFLUxxx
iiNNNFFFlllUxx'sss
IINNNfLLLiXEEsss
IINNFFFoo
IInnnFFuu'SSS
iNNfffiillDD
INfffeLLddduuuDD
InFUUlldddinnng
iinnnFFOOOLDDDSSS
inFFoooMUUrCCCeeeAAl
IIINFomERRcuuuuuLLL'SSS
AAnnFFoommmeeerrrCCCUUUAAALLss
iiinnffoRm
OOnFFFoRRMMAL
eNNNffuuurMMMooLiiiTTyy
innnFIIIrrmmoLLLEttty'sss
iiinffeeeRMMeeLLLY
innnfffEERRRMMMUNNNT
iiinnfiiiRRmmmIInnntt'sss
uuunnffOOORRRmaaannntttSSS
IInfffOOrrrmmiitIICss
IIINfffUrrmmmoTTuuoon
IIINffoorMMMAAATIIIINNN'SS
IINNNfffooRRmAttEEOONIIl
uNNNFFFARRMAtttAAvvvee
iiinnnfaarrrmmmatttIIIvvellY
iiNNfURRMMMaTTuvvvUUUNEESSSSSS
annFFFOOOrrMMMetttAVVVEENEsssSSS's
IInnnfffOOORRRmmmottiRRYY
INNNffoorrrmED
INNNFOOrrrmmmoooRRR
aaaNNforrrmeeeRR's
EENNNFFErrrmmeeRRS
aaNNNffooRRRmmmiiNNGG
eeeNNFooRMMMSS
UUUNNNfiiittaIIInnMMMEENNNtt
iiNNffoTTAAInMMennT'S
AANNNFFRII
UUnnnffrrEECCCOOssTTuull
uuunffrrOOCCtt
IIINFrruCCCTEEddd
uuuNNfRRRAACCCTTTOOONNNGGG
uuunfffRRRUUUctuOn
iiNNNFFRRaCCttOeNNN's
innnFFRRAAcctttOoooNNS
iinFFRRAAAccTUUUR
iiiNfRRAAAcTTSSS
IINffRRooLLaaPPSSOORiiiaaaNN
IIInnfrrANNGiiibIIIlAAATTyyy
INNffrruNGGGiiBBBLLaaa
aaannnfffRRRoonGGiibbllyyy
iNNNFRRRAARRROOdd
iNNNffRRaareeed'SSS
iinFrAsOnIIc
eeNNNFFFrrreeeSStttRuuccctttaRRaall
INNNfffrrAsTrrUUCtttuuRRuu
UUUnnfffrrruuuSSTTRREEcTTTuuurre'sss
EEENNNffRAASTTTRRUUcTuuuReeess
InnFFrreeQQaEEnnnccee
IIINFrrooqqUUEEnnnCCCee's
IInfffRRREEQUiiNNcYYY
IInnFFFrraaQQQAAAeeeNcy'SS
iNNFRREEEqqqUUeeNNNTTT
eeeNNNFFFrreeeQQOOEEENNTTTLYY
aanfffrrrONNNgee
iiinFFFRuunngIIIDD
iinFrrrOnnnGoMMeeennnttt
EENNFRRIIINgeeMEEENtt'ss
iiNFFrINgggemENNTTs
uuNNffrAANGGGUR
iiNFFFrANggOS
innnffRIIINNGGGIIIng
iinnfUUUnDDubbbiiiLIIffoooRRRMMM
INNNFunnndddeeebbuulIMMM
IIInnnFFFUUrriiAAtttuu
aaNNNFiiiRRRAeeeTEddd
AAAnFURRiIItIIISS
ONNNFEEErooaatUngg
UnFFeeRRRiiATAnnnGGllYYY
eeeNNNffussCAtttuu
aanFFFesssEEE
AAnnFFUsseeeDD
innnFFUSSEEErr
eeeNNNfUsssEEEr'ss
AANNfUUUseeRss
iiinnnFFFaaseSSS
IIINNffUSSSIIIBBBlllEEE
OONNNFFUUUSSSAnnggg
IInFuuuSSSAAAonnn
onfissiONN'S
iNNNfaasssiionnneSSSmm
InfffUsssooONS
iNNFuuSSSiiiVVVEEE
EEENNNFFFUsssEErrrIIIANN
inFisOREANSSS
iNgggAttEEE
ennnGGIIIthhErr
UUUnnggaaTHHUUUruuuDD
IINGGAAAttheerrrIInnngg
iiiNgAttthhhIIREEENgss
OOnngeeMMMeNNotEE
INNNgeemmmiinnaaattEddd
ooonGeMMMIIneettEESS
IIINNGiiMINNiTEENg
AnGGGeeeNNErraattaaa
inngEENUUUouuuss
eengaaNNIiiUSSSLLLy
iiinnGOOOnnniiioIIsssnaaassss
iiNNNggeeeNNNooooouuuSSnUUSSSsss's
IIInnnguNNNUUUiitttYY
innngEEEnnuuuIIttYY'sss
IIINNNggEENUUUUiiiss
innngggeeNNuaaUUssLLLY
iiinngENNuOOiSSnnnEsS
OnnnGGEEnnneOOUSSSneessSS'SS
IInnnGGGOSTTT
eeNNggeeeSSttE
iiiNgggeeesssTTuuDDD
iNNGeeeSSTTIIInnnG
INNGGesssTIIiiNN
EnnngggesttIIEEn's
OOnGGGeeesTTss
INNNggllEEE
UUNGGlllEEENNEEeeekk
innGGGLLeeeNNNiiOKKK's
eeenGllloonnOOUUkkSS
OOOnnnGGGLLLOssiiiDEE
innngglllOOrIeuuuSSS
UUUNGGGLLLuuRIOuuuSlly
IINNNGGGlllooRROaaESSnnnESSSsss
iiinnGOOOiNNNG
inggiittt
UUUNNGGGOTT's
InnGGOOtts
IIINNGGGRRAAFFtt
OOONgggriiifttAddd
iinnnGrrAfTTTiiNNgg
eNNNgrrEFFTTTsss
iiiNNGGRAiN
OOnnnggRRaiiinn'SS
iNgrrruiNNNEEEDDD
oonnnggrAAAiiNNNung
iinnGGGRAAAEnnsss
IIInggRRaaatte
eeennnGrAAATTTuu'sss
uunGGrrriittUSSS
IINggrrItttaATTTuuu
IIInnnGGGraaTTTuuuuuTTTEEEDD
OOnnGraaaTiiiAAAtttIIISS
IIINNggrrrAAttIIIUUTTIINNNggg
IInnGGGrAAAtuuuiiitttIIngggLY
aaNGGrrattIIaaaTIIIONN
IInnngggrrItiaatttoooeeenn's
iiinngggrruutttAAAOOOTTiry
iiinnngRRuuuttteetttOODeee
IInGGGRRIITTTUUTTTaaDU'SS
annGrrrOveeesCuuunnttt
INNNGRRedddIEEEnntt
unGGrreeDDDoEEENt's
innngRREdddiIIIntts
IIInngRRRiSSSSS
aannGGRRReesssSS'SSS
AAANNGGRResssSSesss
AAnGGrEsssSSIIOn
IInnGGRRuuSSSssIIIvvvUUU
ENgrouuPP
AnnGraauuPsss
iNNNgggRRRaaawwwIIINNNgg
iiinnngRRUUwwwnnn
IInnGGrrrEEEwttthh
ingROOWttthhs
uunguuUUNNNAALL
uNNNgggUUllff
AnnnGGUUURRRgIIItAAtttee
OONNGurggOtaTTTaddd
innnGGGooorrGatttaaattOss
IINNNGGGuurGaatEEtttiinnG
inGGGéNNNuuEE
uunngénnnuue'ss
AAnnngéNuESS
eeNhhhabbbUttt
INNhhhaBBIIITAABBBULLLuuttyyy
IInnnhaabiTEbLuu
IINhhhIIBBBItttOOONNccIIIEESS
iinHHABBBOOtooonnCCCYY
OOONNNHHHABBBuuuTOONttt
aaNHHeeebiitIIInt'ss
uuNNNhhhaBBiiitttaaanTsss
IIINNNHHOOOBBBiitttod
aannHaaBBBIITTaar
inhhhAAbbbittEEENNNG
iinnnHHHAABiitSSS
eNNNhhaaaLLaaNNTT
eennnhhhiiLLaNTTT'S
uuunnnhaaalllIINNTTTs
iiiNHAAlOOTTIEnn
ANHHaaLLittIIannn'SS
IIINNNHHooLotiiONNs
innhAAAllliitttIRRR
uNNhhhaalAATTooRR's
aNNhhhullaaattoorrsss
AAAnnhhhiilllE
IIINhhhoLLEEdd
iNHIlllEErrr
IIINhhhUUUlOORRR'SS
INNHHHAALLLEERRsss
UUNNhhhUUULLLiiis
aNNNhhhAlIInng
eNNNHAAARMOOONIC
iiinHHHIIIrrmmuuunnIIUUees
iiiNNHiiiIIll
InnnHHeeeReee
OnnnhhoRRREEDD
IIInnhEErrriiiNNcccE
iiNhheeerrruuunnncceeeSS
iinnHEEErrreeNNccyy
iiinnhoooRRReeeNNNtt
EEnnHHaaRReeNNNtlYYY
IIInnHHeREESS
UNNHeeerroNGGG
IInnnhEEERETTT
UUUnnnHeRRRiiTTaaBBBiLITTY
IIINNhherrrIIItttAABBLII
aaaNNNHHHIRIITaaanCCe
IINNNhhIRiittiiinnnCCCE'SSS
iiinnHHHErIIITTuuNNCosss
EEENNhherraToddd
IIINNNHEEERRRiitiiNG
iiinnhhEEErrrITTIR
iiNheeerrITTTIrr'sss
IInnheRRIItttoooRsss
innnHEEErIIITTRRRIIIXX
iiinnnHHHAAArrraaaTTRiixxuuusss
UUNNHHHeerETTss
IINNNhhheeessaoooNN
iiiNHoobbbEEttt
innnhheBAtttUUD
ooonnHHiiibIItteR
IIINhhhIIIBBBitttiNNNGGG
innHOOBBetIIONN
iiNhiiibbIIITTiiiooNNN'sss
UnnnHHHaaaBOOOTTiiAANNNSS
iiinnnhiiiBBiiTIVEEE
eeNNNHHHuuubbbiiiTTTOOOrrr
innnhUUBBIIIttOOrr's
ooNHHiBBBeeettOOORRRsss
iiiNNhhhuuuBBBIIItOOORy
iiiNHHIIBBIIITTs
IInnnhhhaMMMOOginnnuIIITiiiiS
IINhOOOmmoGGEnnUUUIIItyyy
iiNNhhumOOOGGGeenuuuOOUUUSSS
iiinnhhossPPiiTIBBBllUU
AAAnnnhhAAASSSPETTTooobbbLeeNNeeessSS
UUNNNhhhOOOSSPITaBBBlleeeNoooSSsEEss
ooNNNhhUUSSSpATTTabbblllyy
iinHOOOsssPPPUtttiiLiiiTyyy
iiiNNHHHuuuMMMAnn
IInnhhhImmaaaNNEE
iiiNNNHUUUmmAAnnAALLy
innhhUMMUUUNiiTTTieSS
IIINNHHHUmmennEEETTyyy
uuNNNHHHEEMaaaNNNIITYY'sss
IInnnhhhuuMeNNNlY
iiinnHHHAmmmIIInnuuSSSS
OOONHHUUMMMaTTIIIUUNN
IInnHaamaaaTTTiiiOONNs
EEEnHHAAmmmooo
iiiNNEMMMicELLL
IINAAmIIICCooollLY
iiNNIIMMMitttABBBoLLUTTy
IInnnOMMiiitAAbbblllE
IIINimmmITTTeBllly
EEEnIIIooNN
aaaniiiQaaiiTTTAAeS
INNNuuuquitttIIIESSS
innIIIQQQaaaiiiToUUUSlYYY
OOOnnEqqUUtttaAAsssNeesss
inEEEqqqeeItYY
eenniiqqUUIttYY'sss
IINNittIIIAll
ooonnIItteeeAAll'S
InoTTIIaaLLooddd
IINNNooTTTeeALLLinggg
INNNooottiiAAAllIIzziiiTTTEEooNNN
IInnAATOaallliiiZZEEtaaOns
uunIIITTIaLLiiZZAA
eeeNAAAttiiaaLLIIIzeeeddd
uuuNNootttAAAaaaLLLIIIzzzeSSS
IIINNiiTTTEEaaalIIZZZeeng
innnUTTaeeLLeeeD
UnITaaUlllluuunnnGGG
onnnitttAAAaLlllyyy
IIINNNATaAlllSS
aaannnIIItttAAAAAATTAAA
UUNiittIiitttee'ss
onnnaaattIIiiTTTEddd
eNNNAAATTIIaatEEEss
InneeetIuTTTooNNGGG
INNEEEtiiaaattuuuooonn
IIINNittiaaaTTUUoNNN'SS
IIInnIIItttiiaatttiaaaNNNSSS
INNIItiiIttivoo
iinnniitteeUUUtttiVVVA'sss
iNoTTIIUUUttoooVOOOs
eeeNNNIIITTTIiTUR
iiinAATiiEETTorrr's
ennniTTTIIIaaTTAArs
AAnottiAAAtooorY
AANNNjjooCt
IInnJUUUCCCtttEEddd
IInnnjjjOccctttiiiNGG
iiNjEEECToooENNN
AAnnjjjeeecccTTUUAnn'ss
IINNNJJeeectttiiiINNS
IInjjecccTOOOr
iiiNNNJJJeeeCCCTTOOORRR'sss
uuunnnJJJeCCCtttARRS
innjjaaccttss
UUnnjjuudooocIIIOUUUss
uuunnnJJJUDDDEEcccoooooAssllly
EENJJOOOdddiiCEEEeeeUUUSSSNNNeSss
InnjjaaDDiiCaiiessNNNEEEssss'ss
innjEnccttIeenn
iinJuuNNNcccTTTIINN's
ennnJiiiNNCTIoonss
EEENNjIIIncttIVE
iNjUURe
ooNNNJJaarrreedd
IInJJuuRReeR
UNjjjUrraaar'sss
uuunnJJErrrEErrSS
eeeNJuurrOOOSSS
INNJJJoooRRIIIES
iiinjjUUURiiiNNgg
aaannjjUUrrriiOOeesss
innnJJIrrIIoooUUsLLyy
IIINjjArrIiiiuSSSnnnEEsssSSS
IInJeRiiiIIIAAssNEsSSSIISSS
UnjoRRYY
IIInnJJuuurrrY'SSS
IIINNNJIstACee
iinnnjjjuuuSSStttICCE'S
InJEsttOCEEsss
eNNNk
innnKK'sss
INKKBBBEEErrrRRRIIIUUss
innkkkBBeeRRrrY
iinnnKKKBBBLLLOOTTT
InnnKKbLLoTT'sss
InnnKKKBlloooTTTSSS
uuuNKKaaDD
UUUnnkHHURRnn
iNkkkIIIiirrr
iiiNNKuuEEssstt
IIInKKUUNIIsss
iiinnKKKinnnEEssS'ss
iiNKKKuuunGGG
iiiNKKKluuu
onkkLLLeeSSS
UNNKLLinnnGG
IInnklIInggg'SS
aaNNKLLIInggsss
IIInnnkkkSS
INNNkksTTTAAANND
iinnkkksstOONdd's
IIInnkkssTAAAnnddsss
onnKKKwwwUUUllLL
IINNKKWWeLLll'SSS
oonnnKKwwwEEEllLSSS
iinnnKKKy
IIINLLaaaid
ANNLaaNdd
IINNNlllIINddd's
IIINNNllleeeyy
onnnLLaaayy'SS
IIINNNLLooyyIINNGG
UUNLIIIyyysss
EENNNLeett
IIInnnlllEEET'SSS
iNNNLLLOOtSS
aaaNllaOOOrr
IIInnleennEE
InnnlYYY
OOOnnnMMMAAtoo
iiNNMeeeTee'SS
InnMMuuTTTooS
UnmmmEEEssHHH
INNNMMMoSSt
IIINNN
iiiNNN'sss
iiinnnarrrdddSS
IIINNNNaaRRRdss'SS
iinnnNNoTTEEE
INnAtEELLLyy
INNaaTTENNNESS
IInNaaatttennuuussssss'SSS
IIInnNNAAr
innNuRRMMMossttt
oooNNnnOOORNoooSsss
innnNNUUURRRSSaaaLeee
IINNeeRRSOLLe'ss
IIInnnnneerrsooLiis
innneRRRSSPPPRRRiiinng
INNNAAARVaaaTTEEE
iiinnNNeeerVUUtuuddd
uunnNorrrvaTTASSS
iNNNNEERRRvvatEEENggg
IIINnnneeerVVVEEETTiiEEEN
iiinnneeeRvvvAAATioN'ss
IIInnnniiiRVVVEEE
innNNNUUUNNNg
oooNNNooonnGGG'SS
IIInnnNNNiNNgs
IInnnniTTT
UUnnNNNkkeEEPPPirrr
IINNNnKOAPPPUUURRR'S
iiinNKEEEPirrsss
IInnnnnoCCEENNNCEEE
IIInNNNooccceeeNCCE'S
aaaNNNNNoooCCCAANccy
iinnnnnooCCCEntt
IIInnNOceeNTT'sss
eNNnnoooCCInnnttLLy
iNnneeecccEEEnnTs
annNiccciiUUIISSS
eNNNOOOcOOOAAAeSLLYYY
EnnnnnoocccIIIeeUssNEEESSS
iiNNnnnUccceeOOOuuuSSSnnASSs'ss
iiiNNNnOOOmmmONAAATTEEE
iiinnnnnnooVaattAA
iNNNnnEEEvAAttteeDD
EEnnnnnOOVatttEEs
uunnnnEvvaTTINg
uuunnnNNoovAAAtttiOOnnn
iNNNNNovvatIUUn'SSS
AnnnnuuuvvvoTiOOOnnnaaall
iiiNNNNiiVaaTTTiiooNss
UnnnnovaaTOOOVEEE
iinnNOOvAAAtttOORRR
IInnnNNNOvoTOOOR's
AAAnNooovveeeTTooRsss
IInnNNNooovvAttOOORRRy
IIInNNiXXooOasss
ENNs
IINNNNNNUUUonDooo
iNnnuENDII'sss
InnnnnnioooNDooes
aaNNnOOOEEnnnDDDoSS
iNNNNNNaaammmiiiraaabbbLLaa
unnnNNNeemmmErrraaaBlllYY
aaaNNnnUUmmmIIRRiicccYY
iiNNNuuuMMMarrraaCy'S
onnnNNNEEMMMeeeraaaTeee
OOONNNNNNuTTRRRiitUUEENN
OOnnobbbsssUrvvvAAAnCCCE
aanIIICCCuuuLaa
InnAAcccOOOlllaBBBlle
ooNUcUllunTT
iNEEccaaLAAATTTUU
IIINNOccUULLLIIItteDD
OnOOccuuulaaTTaass
INNUcOllAAtttungg
UUUNACUlllattteeOOOn
uuuNoccuullAAtiiiOn'sss
AANNNOOOCCCUlllaTTTUUUooonnSS
iiiNNeeCIIIlllaaatttORR
iNNNUcccaaLLuuuMM
uunnnOOOddorrriiEsss
UNNoooffFFFiiiNssIIviii
innnOOffFFFEEnnssOOVeLLLyyy
InnofffFFEEnnnSSOVEnnEsssss
IIInnOOffFFFEEEnnsIIVVVEENEEssSSS's
oonnnooofffffICUUooUUSS
iNoooParrablle
IIINapppeeRETTTIIIvE
iNiiiPPpooorTTTiNNEEE
AAnoooPPOOOrrTuunnnEEllYYY
iinneeePPPpppoooRRttUUUNNNEEnnIISSSSSS
IIInnnaaappppooorrrttUUNeeeNeeeSSSSis
UNoooPPuuRRTTTUUUNNNiiittYYY
AnAAArrrDDIIInnAATee
iiinOOORdInneeTIllY
InoorrgAAAnnnacc
aaaNNNEEErgggIIINIcccUUUllllYYY
INiiScccULAAAtttEE
IIINOssITTTaalll
iNNNoSSiiitILLLSS
innnuuutrrroPiiiCCC
IIInnpppaaTTTiiieeeNNNT
iiiNNNPPPaaatttiiiEnT'sss
INNppiiTiiiiiiNTTTs
uuNNNpuuirr
AnnnppEEEUUURRRSS
IInnppAAtt
iiinnnpuut's
InnpOOOTSS
UUNPPaTTTTedd
INpUTTtiiinnnGGG
OOnQQuuAAAsstt
iiNNquoosstt's
AnnnqquesTSSS
IIINNqqoUeTuuDDDe
IIINqqOOOuaTTTUDooo'sss
AAnnQQeeeuulONNNoo
IIINNQQQooooorrrEE
innQQQuIIRRRAADDD
IIInnnqqquuuurrrEER
iNNqqEEEErrrAArr'SSS
InqqqUUUAAArrIRRSSS
uuunnqUUoRees
annQQIIOOORaaESSS
IINNNqquuuiiiriNNNGGG
inqqqOOuRRRIIINNNgggLLLy
OOONNNqqqUUUOORRRYY
iinnqeURRRYYY'SSS
InnnquuiiisuuTTTIIIONNN
uuNNQQQUUUISSSuutIIIAAANN'sss
IINqqUUUiSSiTOOUUnnnAAlll
IIINNQuuiiSSItttAAAaannAAAssTTT
InnqquuuIIISSiiiTTiiiInnS
iinnQQuuisiiiTTTIIvvve
IIINNqqOIssUUtiiivEEElYYY
iiinQQQuuuIssIITTTEEveeNNOOSSSss
IINNNqqquuuiSSSaaTiViinnnIss'sss
INQooISSSEEEtttoorr
innqqooiiiSSOOOtttAAAR's
IIInqquIISSSiiiTTORRiAALLL
INNQQQAAAiiiSSiTTuRiaaLLLlllyy
IINQQooaSSuuutUrrs
uNQQuuOOORRRaTTTEE
ooNNNrOOoDD
AAnRRaaaEEEdd'S
EEENRROaddds
INNrrruuuSShh
iiinnRRUUssHH'SSS
UNNrIIShhhEEESSS
AAAnSSS
iiNNNSSSAAAlAvvvIItee
unsaLLLUUUbRRIIUUUoooSS
Innssaanneee
IIINNNssAnnElllyyy
ooNNSSAAAnnEER
ooNNSSSiiiNNNUUsTT
iinnsuNNooTaRRRy
InnsAnnOOOTTeeeEEESSS
IIInsseeeNNNetttYYY
IIInSAAAnITTTy's
IIINNSSOtAAAeeBBBuuuLLLitY
iiiNNssAtteeeaaaBBBELittty'ss
uunssAAtttAAOObblllu
IIInSSSaatttaABBBllUUNNNeeSSss
InnssEETIaaaBBLLYYY
iiinnnsssOttteeeUTTEEE
EEENNssATIIIattELYY
IIInnsssaaaTAAeetttyyy
IINSSSCrrrIIbe
ANNSSCCCRRRIBBBaaaddd
eeeNSSCCCrrrIIbboooRRR
IInnnscccriibbbaRR'SSS
iiNssCCRRIBBaRRS
OOnnssCrrObbbOOs
onSCrrrIIIBinnng
iiiNNssccRRRiiiPPPTIIIonnn
iiiNssscccRiiiPPPTTTIOOOnnn's
iNNNsccrrrEEEptteeUnnaaal
IIInsCrooPPPttiiiooNNsss
UnnsssCRRRIItibbbiLIItYY
iNNssccRRooTTUUUBBBAlllOTY'SS
IIINSSSccRRReeetttAAbbblllEEE
IIInSScccRRRUTTaBBLEnneessssss
eNNSccrrruuutttEEbbbLLUUnnnOsssss'sss
OONNSScccRRuuttEEEbly
oonnSEEEaaMMM
InSSeeeOmm'sss
OnnsssEEAAMMsss
aNNNSSSOOOcct
IIInnSuccct'SS
IInSSECCTTaaariiim
uunSSSeecctttAcccUUUDAL
iiiNNNseeecTicIIIdE
iiiNSSSAACCttaaaCCIDDDEE'S
ooNSSuCCCTIIIcciiddees
IInSAAACttolllUUU
iinnsUUUCCCTTToooVoooRee
oooNSSOCCtttUvIIIRee'SS
ennnSACTTTIIIvvORREEESSS
iNNssseccctttiiVVoRRUUUUUUsss
IIINNNSSSuuCTTTSS
InnnSSEEcIRRee
ooonnnsssEECuRRReeeLLy
IINNNssseCCCuurrrEttEEuSS
INNNsssOcaaaRRIttYY
uuuNNSSucccorrOOTTyyy'SSS
iiNNsseeeMMMiiNNAAtttEE
eeeNNSSSeeMMMiiinnaTTud
INNNsemmINNNAAAtttuuuS
IINNSEEEmmmIIInnnEEETTTiiinnnGGG
iiiNNNSooMMMiiinatttooOON
AANNSSAAmmmIInnnEETuOOONNN'SSS
UnnsssemmINNNeeeTTTorrr
onnnSSSEEnnsssAATTTEEE
iinsssEEEnnsaaattteLLLY
uuNNNSSiiNNSSSUUUTTTAAAnnOSSS
IINNSSENNSSiBBIIllliiTy
OOOnnSEEENNSIBBBIIILLIITy'SS
iiinnnSSSEnnsIIIbllee
iiinssEEnnsssooBBBLLyyy
iiinnnsssEENNsOTaaaVVVu
UUNNssAAnSSITuVVeeLLy
UnnnSSSAAANSSSiiiTiivuuunnniiSSss
EENNNsssEEENNsssiiTTiivvEENNeeSSSSeeSS
iiiNSEnnSIItttaaVEEEtty
UNNSSSEENNNSSUTooovvITTTY'SS
IINsEnnntttIIEEENNNcccEE
InnsOnnnttiiAAnnnccI'SSS
insUnnntttOOEEEnnTT
eeeNNNsuuparaBuuloootYY
iNNsssIppAAARRRAAAbeeeLLLiiTTTyyy'sss
iinseeePURRRAbbbllluu
iinnssePooorrrooBBLE'SS
UUnsuPPaRRRABBBllOss
uuNNssseppAArrAbllly
iiiNNSSErTTT
IINNssEEERRttt'SSS
iiiNNNssseeerTod
EnsssEERRRTTTAANNNGGG
iiNNNSSSOOOrrrTTuONN
EENNNsseerTTooAAAn'S
IINsEEErTTTUUiinSSS
ooonnnSSEERTTTs
aaaNNSSEESSssooorrriiAAll
INssEEET
IInSet'ss
iiNNNsuuTS
iiinnSSUttTTiiDDD
ANSSEEtTTAnG
iiNSSEEVVeROObbllee
iiinnnShooRRE
IInSSHrraaaNNNee
IInnsiiiDDDee
aaansssiiidAAA'sss
IInnsssaaaDDaR
iiiNNNsIIdddOORR'SSS
EENsssAADDDeRRSS
iiNNNssiddas
onnnSSiddoooiiiUUUss
iNsIddiiiiioSSLyyy
IInnnsIIDDIEEeeSnnEEssSSS
oooNNNSSSuuddiiioooOSSSNEEEsss'sss
EEENNNsssiGHt
eeeNssOgggHHHtt'SSS
anSSEgHtttfffiiiLL
iiNNNSIggHHHTTfffUULLnEEssss
iNNSSSEGhTTfffEEllNNNeeeSSSaas
IIINNssaaGGHTs
IIInsIIggNNE
UUNNsssIIgNuuu's
eNsssEEgggNNEEESS
iiNNSIIIgnniiI
UUUnnnSSSAAGGGNNNIIA's
innnSSSiGnnnIIIAAAS
eeennSSSiiGGNNAAFeeeCaanncUUU
IInnnsooognnneFiiiCCCANCCCEE'SS
iinnnssaggNUffoooCCCAAnnCCCY
iNNssOOOgggNiifUUCCCENNtt
iiNNsogggNNIIIFicccAAANNtLLyy
inssiNNcccIIIrrrOO
iiNNSSSIInnceRRRELYYY
UUUnnsssIIINNCeeeRRROOOtty
INNNSooonnCCCeeRRRIIITTTYY'SS
AANSuuunnnIAAAte
iNNNSSSiinAAAaaattedd
IInnssENNNuuuuTEEES
UUnnssseeennuuueeeTTIIngg
InnsUNUaattINGGllYY
iNNNSSSiiinnuuAAAtttUUoonnn
IINNNsaannuuuattiOn'sss
innSiiinnIIaaaTTIIIuuNNsss
ooNNNsssUNNNuAAATTTIIIVooo
AANNNSSIIInnnAAAuuuTAAArrr
oNNsaaanUUUAAATeeR'ss
IINssIINUUaatttOOOrrSS
iNNNSSUUpppiiiddd
ooonssOOOPuDeety
InnnsipppIIIdddIIITTTY'sss
INSIIPPPIIIdddLLYY
IInnsssIIIPiiiddnnneeessss
OOnSuuPPOODDDneSSSeeeSS
iiinnnSSUUpieennnCCCEE
IIINssAAASSt
iiiNSooossTTTeeDD
AAANNNSiiSttteennncccooo
iiNsssIsTTEEEnnCeee'SSS
INNsssussTeeenCCCiiieeeS
uuuNssussTTTonncYYY
oNNSSSeeeSSStttEEEnnnT
iinsssIIIsssttEEEnntttllyyy
AANNSSEEstanG
InnsssiiSSSTTTIIInnGlllY
AAnnnSSSeeSStttS
EENNsNaaRRaaa
ENNSSSoooBBrrrIooTYYY
IIINNNSOBBBrrIIIiTTTyy's
iiNNssOOCCCiiiUUUBBBLIII
OOnnssaafffaaRRR
innSSSiiiLaaaTTTiii
inSOOLLLaaatttieeen
innsuuuLLaaaTIIIooonSS
InSSSoooLLee
InnSOOOlEEE'S
iiinSSSooLLeNcccE
aaNSullloNce'sss
iNNSOLLOOnnnttt
IINNSOOOllleeeNNTTlllYYY
EEnnssOOLLLeeess
unSSooolUUUbbollliiiTTYYY
eNNNsOLLLIIbILIIItttYY'SS
iinSUULLeeBIIIlleZZZii
OONNNssOOllAbLee
OOnnssoLLLUbblyy
ooNNNsseeLLLvvaabbblllA
ENSSeeLLvveeenccIIIEEEs
IInsssaLVVInCCy
eennnsssooLvvvEEENNCCyy'sss
iiiNNsOOOLVVEEnnntt
iiiNNNsssUllVUUUnnTTT's
EEnnnseellVVViiinnnTTsss
IInssOOOmmnnIIEE
eeennnSSOmmmNNIIAAA'SS
InSSammNiOOCCC
iiiNNNSUmmnnnIIIICC'S
uuuNNNSSSOOMMniiaacS
AAAnnSSSooMMMNNNOOOLeNNNCCCEEE
iNNNsUUmmmOOOCChhh
INNssuuUUccIANNCCCI
INsseeeAAAcccUUUONNNccE's
unnsiUUciaNNNTT
InSOOuCiiuuNtttLyyy
iinnnsppOOn
oooNssppooonnnIIIddd
uuunSSppaaaNNNNInnng
eeennSSSPAAnnnsss
InssPEECCCt
iNNSSSPiiicctttEEEdd
iinnnSSSpuCCCTTTINNNGGG
IIInssppiicccTTEON
OONNSSpeeeccctaaoooNNN'sss
IIINNNSSSpppIIIcccTTToooEEnnnSS
iiinnnSpppEEEcccTTToorr
IIInsppoocTTTuuRR'sss
eeeNNSPEEECCCtttORRaTTTee
iiiNNNspppIcttOORRRaatttO'ss
oNNNSSppEcTTTorAATTTEEss
innnSSSPIIcccTTToorss
ENNNSSSpooccTTsss
IIINSSSPHHHeeeRRReee
IINNSSSpppiirrroooTTTiuuuNNN
iiNNNsPPPaarrAAATTTaaON'SS
aannnspppARRAATTooouuNoL
IInnnsspIIIrOttiiooNNAAlllLLy
ONNNspeeRRRuutttIOOOnnsss
oNNNSSPaRAAtttOORRRy
OONNNssPPPIriii
UUNSSSppiiireDDD
uuNssPIIIRRerr
IIINNsppiirrEESSS
oonnnssspORRRiinnGG
IIINsPPPirEtt
IIInnnsssPiRRiitttedd
UNSSPPPAAARRRiiTTTuunGGG
iiinnnSSPIRRRAAtS
oonspppIISSSSAATToo
innnSttABBBIIILLitttIES
aaannsstOOObbbiLIIITTTyyy
iiiNNSSSTTTabbbuulOOTyyy'ss
iiNNNsttUUUBlle
ooonsssttEEEll
IInsssttAAAlll
InsssTaaalleTTaOOOnnn
IINNNssstaaalllllOOTTOOOonnn'sss
InnnstttEEELLLLaTTTaONNNsss
EEENNSSSTTTalLLLeeedd
ooonSttEEELllliiiRR
iiiNssTTTOOlLLUUr'SS
iNNNSTAAALLLLLeRRSS
IINsstttaaalLLiiinnggg
iiiNssttaalllllMManntt
iNNNsssTTAAllllMeNNt'SSS
iinnnSSSTTTalllLmmmeeNNNtts
annsssttaLllSSS
IINNNSSStAALLMMONt
iiNNsssTTTaaalllMEEnnTT'S
INNSSSTTTOOllmmENTSS
iNSSStallSSS
aaanssstIInnnCaaa
IINsssTTEnccee'S
iiiNNNSStttuunnCCEEED
UNNNSSStaaaNNcEEEss
AAANsTONNNCCuuueees
iiinnnSSSTanncccEEngg
IIInSStEEENNNccY
EENNNsTTaaaNNNTT
iiinstttIInnnTTT'SS
iiNNSttAANNTTEENeITYYY
iNSSttIIINNtANNNAeeeAASS
iiiNNSSTTAntAAANNEEEoooOsLLLYY
IIINNSSttanTTaannnoouuUUsssnnnEEsssss
IIINNssTTAAANNTTTUUUnEEOOeesssnnuuSSSsaaSS
IIINsTTaaNNNtaRR
InSSTTTAAnnttiAAtee
OONNsssttanTTooAAAteeed
IIInnSSSttANtttIIIiittteSS
OOONStuNNNTTTIIuuuTIINNNGG
InnnSSSTTaanttIaTTTiieeen
InnnSSStttAAnnttteAAATTEEOOOnSS
ooonnSSttAnnnTLLyyy
iiiNNSSSTaanTSS
IInnsTTooorrr
OOOnSSStAArrS
iNSSStttAATTTEE
InnStaaatAAdd
IInnsssTAAttemmeNNTTT
EEnnnsTTAAtEss
AAnnSSTTTootaaNg
IIInnssTTTaERAtIIaNN
iiiNNsssTTIIURRRiiitttiooonnnsss
INSSSttaaAAADD
INNsTTToooPPP
ENNNssTTaaP'SSS
INsssTEEPss
InnnsssTOOOggAAAtteee
iiinnssstigggUtttedd
onnnsttIGGATTOs
AAnSSSTIIGGAATTiiiNggg
UUnssTIgggAtttIooonn
aaanssTeegutuuuOONNN'sss
insTiigggAAttOOOrrr
INNNSSTTTOOGGETorr's
EnnnSSTTiiiGaaaTTAARSSS
EENNNsstttOOOl
IINSTTTIllllll
IINSSSTTTeeelllLUUTeeeeNN
iiiNStellLLaaaTTTIIEEnn's
InnSTIIlLLLUUUD
EEnnSSSTTTillllleeR
iinsssTTTIIlllLLInngg
InnsttiiiLlMMMEnT
UnnstILlmUNts
IIInnnSSSttEELlllSSS
insssTTiiLLLSS
IInnSSStttANNctt
IIInnssstoooNNNCCt'sss
IIINSSSTEEnccctttIVEEE
iiinnsssTeNNNCCttIIVeLLyyy
EEEnnSTTINNcctttsss
oooNNStIINNccTTAeLL
eeenSStttoooTUUUtee
EENNNSSSTTTOttuuteee'ss
AAnstttITTuuuTEDDD
iiinnsssTTooTATTToooRRR
ANNSSSTTiiiTTTUUttER'S
IIInnsstttIIItuuuTTeerss
InnSSStttIIItuTiiiss
UUNssstitutttINNNGG
iiiNNSSTAttUTTTIAAAnnn
aaaNNNsTiiTuuuTTToONN'S
onnnssttEtttIItIIOOnAAALL
aaNNNSSSttiitttATTIooonAALLEEEsmmm
IINNSTIIttuuTTIeeeNNALLeezzzaatttiuNN
onnSTooTUttteeEEENNNAAAliiiZZaTTTiiiooN'sss
EENNNSSStttiiitteTTIIIENNNeLLLIIzzee
IIINNSStttuutUUttiooNaaLLIIZZZUDD
eennnsstttitteTTiiiNNUUUllluzzes
annnSttITTTuutIuNNNaLLiiizzziiiNNNGG
UUnnsssTTEEETTItttuuANNAAAlLLLYYY
onSSSTTTItutiiiaaNNNss
iiinnSSttiiiTTUUtteVVVee
IInnnSSTiTTTUUUttaarr
INssttIIttIITOr'sss
IIINNsttuTuuTTTiiiRRRSS
IIINNssstrrraacT
IIINNNSSSTRRiiiccTodd
inssstrEccTTooNgg
UUnnstttRUUUCttiOOOnnn
iiinsssTTTruuCCCTTTuuuoN's
AnsTRIIIccttaIInneeeLL
iiNNsssTTrructOOOOOnnns
IInnnSTRRUUUctttAAAvvvuu
InSSTRuuccTTTavEllYYY
InStRIccctttOOR
AANsstRRactORRR'SS
onStRICCttoRRRsss
IINssttRRRuuuCCtttOOrrrSShhhIpp
iinnssTRRUcTTTOOORRShIPPPsss
iiinSStttRRRIICTTSS
OONNSStttrUUmmmuunnT
iNNSSSttRRUMMIIInnT's
iinnSSStttrraMMMiiiNtaaal
eeeNNSTTTRRUUUmmmeeNNTTAALLL'S
InnSTRRUUUMMMUUUNNttOOlllEESSSMM
innnStRemmmooonnTTiiiLLLoostt
iiNssstttRRRuuumEEntEEEllAAASSStt'SSS
INNNsttRRuMENNTAAAlUSSSTs
iNNNSSSTTTRRRIIIMMAANNttaaallliityyy
oNNsTTRRRuumeennnttIIIliiiTTY'ss
uunnnstRuuuMMontollllYYY
IINSSTTRRummmEEENNtalss
InnnsssttRRRooommennttotAAAEENNN
eeennnssstttRRRUMMuuNNNTaaTTTIoonn'S
eNNNSSSTRRReeeMEnnTTToooD
oNNNssstRRREEEmeentttIInG
INssTTrAAAmINNNTTTSSS
IInsssUUbbbuurDDDAAANaaattu
uunsEEEBBorrDDDinnotttuuullYY
INNNSSobbbOOOrddiiinaaatttuuuEEnn
InnnssOOBBOOrrrdINNoootIuuunnn'S
IIInnSSSUUUBBBsTTTOONTTooooLL
iiinSUbSSSTTOOONNNttAAAAALEtEUUUsss
InnnssUUUBSTTTUUNttieelUUty
oooNSSSuubSttUnnnTTTIillLLYY
UUnssseFFFfffoooRRRiBBBlloo
IINNssIIIfffoRabbLLLyy
IINNNSSSeeefFIIcoooonncccYY
iinSuuufffICCCIIUnCCyyy'S
iiiNNSSSuuuFFFFFeCIEEEnnt
OnnSSSuuuFFFfffaaCCiEEnnnTTTLY
IInnnSSSuFfffLLaaaTTTeee
iiNSSSiiFFFfflllAtttiiNNN
OOnnnSSSooFFFFFFLAAATIINNS
OOONNNSSIIIllOO
UNssUUlllooR
iiiNNSSaaaLLLAArrIITTYYY
innssuuulliiirriitttyy'sss
IInsUUULLArrLLLYY
innnSSSUUULLLiiitte
ENNNssUUUlaaTEEEddd
oonnsUUULLLAtttees
EEENNNSSuLLoootINNNggg
AAnSSilAAATTTIIONN
aaannSUULLAtiuun's
IIINNssiLuutttIIRRR
IInnSSSuuuLLAAATTTaarr'ss
OnnSSSUUULIItOOrrrS
uunnnsuuuLLInn
oNNSSSUUULLLIIN'sss
UUNsssuuullTT
IInsUUllTT's
iinnnSSSILLttEddd
innsuuLLLTTiirrr
eeennsOLLLtinnGG
eenSUULLLtttiiiNgllYYY
IIINNSSiLLLtttSS
iiiNNsuuPPPErAAbbbIILLLaaTTYY
iiiNSSSupppErriiibLLo
IInnnssEPPOrrEBllYY
IInsssuppppUUrTAbblE
oooNNsssuuupppparrrtEEbbllly
iinssuuuPpRRREEEssssiiBBlIII
iiNNNSSIraaabbillEEtttYYY
iiiNNssERRRaBLLUU
oonnssUUUrAAANCCee
iiinSSSuuRRiiiNNNcaaa'sss
InnseeeRAAncooos
uuunnnSSSUUUree
AANNNsurrIIIDD
ooonssuRReedd's
AAANNNssUrroDDDss
iiinnnssuuurEErr
iinnSURRREEERR'S
UUnnnSSURReeerS
innnsUUURRRiSSS
IIINNssUUrgggEEEncciii
IIInnSSSuRRRgggenncciii'S
UUUNSSSuurrgggEENCCCUS
iiinSURRRgggENNNccciiooss
onnSSuRGuNNCCCyyy
iinnnsssuuurgennccyy'sss
innsssUUURRRGeeNNNttt
iNNNssUUURRggeeeNTTT'sss
eennSUURRRgggIIInnnTTss
iinnSSSuRIIINNg
IINNssseerMOOOuuNTTTibbaaalAATYY
IIInnsssURmmmOOuNNTTTABBBLLi
iinSSurMOOuuNtaaabLLY
InnnSuuRRRRReeccTIOOnnn
iiiNSSORRRReeeccttAAAOOON's
OONNNSAAArrrRecTTiOOOniiRRyy
iiinssUUURRRRECCCtOOONeST
oooNsooorrrrECttiooNNIst'S
OnSSSaarrrecttiiEEENNaaaSTSS
iiiNNNSSSUUUrriiiccctIIIoooNNS
iiNSSSUUUScceppptUUBLLLe
IIIntttaccTTT
iiiNNtaaCCTnnnOOSSS
enttAcccttNNNEEssSEEESS
AANTTaGlllii
oooNNteeGGlIIIOOO
IINNtaaaggglAoo'sss
InnnTOOggLLLuuuuEEEDD
iinnTUgggLEEEoS
innTAAKKaaa
InttAKooo's
EEEntttAAKKeS
aaaNNTiNNNGGGIBBilliiiTTTy
ANNTTTIInnGGGIIIBBAALLAATYYY'sss
IIINtttOOnngggaaBLee
ANNTUUUNNGGGIbllAA'sss
InntttOOnGGGAAAbLaanEEESSS
OOnTTTOONNNGEEbbLLLEnneeSSSSEEs
iiiNNTTTOONgggoBlllooSS
OOnnToNNgggIIBBBLLY
iiiNNNTTTaaarSSIi
IInnnTTTiGGEEr
iiinTTeeeGGGerrr'ss
iiNNNtttEgeeerrSS
uunnTeeGrrrABBiiilliiTYY
iiNNtttEEEgggRRRAAABBlEEE
IInnTTagggRuuuL
iinTEEEGRRRUULLL'SS
eeeNTTTOOGRRElooTTTyy
OONTEEEGGGrrraaaLLLlllyyy
inTTUUGGrraaaLS
InnTTTeeGrrrUUUnnD
IInteeeGGGrrrANNDDS
oooNNTTEEEGGrrAAnnttt
IIINNNTTTeeeGRAtttE
IINNtttogggRRRUTTeDDD
iiNNteegrrOOOTTTeSSS
iinttUUgggriiittiNNNggg
IInttEEggRoTTTAAAIIINN
aaaNNTTEEGGGRRRuuutttIIIiNN'sss
IIInnnTTTEEEGGGrrAttiiAAnniiSTTT
iNNTTTeGrrOOOTTUUUooonnSS
aaannnTIIGGrrUUUtttaavvvee
OOnnnttEEgrUtIRRR
OOOnnntttEgggrrruuuTORRRsss
iiiNTTTAAAggRaTTTyy
IINttteegggRRiiitYY'SSS
IINNtEEEgggooommmENNNTT
INNNTAAAgggUUMeenntt'S
eeeNNNTUgggUUUmmEEnnTTTILLL
OOOnttAAguuuMMeenntttooryy
iNteeggguuMEnnntts
iNNTTToollleeCCTT
ANTTTeLLllleeecttt'SS
IInnntEEEllllActtIIIOOOn
IIINNNTTELLLLEECCTTIoooNNNSS
innnTTTeeLLLLLECCCTiiiVVVOOO
INNNttteLlAcTsss
uuunnntttellleeeccttuAAlll
iNtaalLLEECCCTTUaLLL'SS
aaNtEllLLLUUUCTTuaalliiissMM
IIInttuLLLLeeecttuaaLiSSSm'ss
oontttUUlleeecctttUAllliiittty
IIInTELLLaaCCTTiiaaaLLAAZZZaatttIIIooN
iiinTTTiilllLLLEECCCTTuaalliiiZZZE
IInntttElLLEccTTUUOLoZZZiDDD
iNNtteeLLLLLEEEccTToooaLLIIIzzEESS
intAAllllOctuuAAALLUUZEEENNGGG
IIINNttteeeLLLLLUUCTTTuaaLLLllYYY
innnTTIIIlllllEEECCCTiUUUlls
iinnntttellLLigginnccAAA
iNNtEELLLLLIIIGGGUNccII'ss
IINtEElllliiGGinnciiirrr
eeNNNTTEEELlIIGEnnccceeeSS
IIInnTTTOOLLlliiGGeeNNTT
UnnnttteeeLLliggeenTTLy
iinnnTeelLLLigeeenntttSSIAAA
AAANNNTTeLllIIggEEnttSSUUiii'S
IIIntelllLLiiiggibbbULIITTyyy
ooontttiiiLLoogggOOBBiiLIITTTyy'SSS
IntteLLLliGGGOOblOO
InnttteeellLLLaaagggiiibbblly
IIINNttuMMEEERaTeee
INNNTTTeMMPEEErrranncEEE
InnntttompErOONccee'sss
AAnnnttiiimppperrAAAtttooo
InnntteeemmpeRROOttteelllY
IINNttOOOmmpIIIretttOONNNEEssssss
iiiNNNTTTEEEMMPErAAAttannoosssssseSS
iinnteennd
iiinnTENNNDOOOnnnCOO
InnnttEndINNNcy
INNttteeeNNdiiiNNtt
untttEEEnnnDDDeeD
iiNttANDDDAAD'SS
iiinTTTEEEnndedSSS
IIInnteeNNDDDInng
uuNNNttENdMMMENNNtt
IINTTTEEENNDSSS
AAANtenaaarAAttuu
OOOntuNNsseee
ONttEENSSSEEElllYY
ooNNNTTEnnSSAANEEsss
eeeNNTTTEEENNNsEEERR
AAnnnTENNSeeeSSST
innTTTaanSSEFEEEceeTTTeeuNNN
iiNNtannnsifffiiicccAAAttiiUn'ss
IIInnnTEEEnnSUUFFIeeeDD
InnntttOnnnSSSIIFFFUUUUrr
iiinnnteNNssiiffIErrr'ss
iiNteeeNNNSSoFeeeEERS
iiinnTTeeeNSSSIIIffIIes
iiiNNTTTOOOnSSIIFFFY
inntteeNNNSiiFFyyoNGG
iNNNtENNSSIIIAAAnn
UUnntttOOnnSSSIONUUUll
eenTAAAnnSeeoonnaaalLLLyyy
innnTENsseUUUNSSS
eennntteeeNNssiitttiiiEESSS
onnTTEEEnnSSIIIttyyy
iiNNNteNNNsssAAAtyyy'ss
IIInttEnSSIIIVVIII
iiinnnTeNssiivvvii'sss
iiinnnTTUNNsssIVVeeelllYY
iNTEEEnSSiiiVEnnnEESsss
OONtttEEnnSSSAAvEEENuuuSSSSSS'sss
aNNNTTEEENNNssOOOVEEES
EEnnnttUUUNNTT
IIInttEEENNTT'ss
IInnntInnnTTTIIAAANN
oooNNNtEENtioonnn'ss
oooNNNTTeeNTIOOnnnAL
oooNNNTeenTTAAAiiNULLITTTiieess
EEEnntteenntttaaaonuulIttyyy
oonnnttEEEnTiiOOONAAllLYY
iiNNtttOnnTooOOOnoD
aNNNtaaNNNtIOnSSS
uunnntteeeNNNTLLYYY
iiiNNTTIIInnttnneesssss
InTanTTNNNess'SSS
AAANNNtteeeNTTTSS
InntttEER
EEnntttIRACT
UUUNNNTTIIrrrUUccTOdd
iiinnnttEErAAcccTTTuunnng
IInnnTTTEERRRACTTiOON
AAAnTTTEEErrruCCteeeooNN'sss
iNNNtttuuRRAAAcctiionnSSS
iinnttuRRRAAACtttiiivvve
IINNtttirrrACtttIIveeeLLLy
iNNtttiiiRRIIIccctaVVVItYY
innnTTEEERaaaCCCTTTsss
ANteeerrraatoomIIIcc
EEENTTTaRBAAnnKKK
ANTAARRRBBBeeeDDDddoood
EEnnTTEErrrBBlllEEEnddd
uuNNNttEERRRbbrriiIINN
oooNNNTTTOORRBBBRRAAiiinSS
IInnnTTTooorrrbbbrrad
uuNNNTTTOORRRbRRReEEDD
INTTERRRbbrreeeEEEDaang
AAAnnTTTEEERbbbrrAAAaads
iiNtttERRRCCOLoooryyy
IIINNNttteerrrccAAALEEEttte
ONNNTTEErrrCaaLaatUUD
iiNNNTARRRccAAALutteS
iiinTTTiiirCooollEETIIInnGGG
IInnTErrrCaaalllAAtttiANNN
IIInnnttercccaLaaTTUonss
uuNTTOOrrcciiiDee
INNNTTAArcccEDDDADD
unttteerrCeedUUUrrr
INNTeeRRRccedddESSS
inttEERRccEEDDDIINNNG
InnnTTEERRRcIlLLLoLLLIRRR
iinnnttarCCCepppt
IINtttaarrrcccEPPPt'S
iinnnTerrCCCaaPPPtedd
INNtAAArCCEPPPttIIINgg
ENtttEErcEEEPPPTTIuuuNN
uNttuuuRRRCopTTTIIIonn'S
AAANTTeeeRRceppptIoNNNSS
inTTeeRRRccciippttIIIvvvee
AANNtEEERcccEEEptttuuRRR
eenntttEErrrCCEEppTIIIr'SSS
inTTTEERRCCCEEPPPToRRRSS
IINNNtttIIIRccEPPPtsss
InnntttErrCCCIIIssssiiaan
OOOnnTTaaRRCCCIIIssssiiUUNN'ss
ennnTeerrrcceeeSSSSSiiAnAAAL
iiNNTTTOrCCCEESSsssAAAoNNNsss
UUUnnTTTooRRccAASSSSORR
iinnntturrrCCCeeessSSooRR'S
AANNNTTTeeRCCCeesSAArrSSS
iiNttERCiiisSSSOOOrrryy
IINNTTOOORcccHHHUngee
innTTUUrccHaaaNgUUU's
eeennTEEERccchhAAAnngggEEEooBBBuLLOOTyyy
aannttteeerrccchhAANNNgggOOobLLLe
iiNTTeeRRccchhhAAANNNGIIIaaabblllyyy
IInnteerrrchhhAnGeeD
ooonTTURchhhoNNgeeS
IIntERRchhhOOOnnnGGInnng
iiinTaaaRRRCiityy
INNtttEEERcccLLLAAvvviicLLEE
IINNNtERCCCUlLLAAAGGGaaaeeTTEE
IInnnTTTUrcooLuumNNNIIIAAAtttiiANNN
iiNNTTTIIIRRRCCCUUUmm
IIInnttEERRciiMM's
OOOnnnTEEERcccoommmmmmuuuNNNIIcaaaTTI
OOnnnttEERRCCCOOOmMMMuuuNNNOOOCCCaattAADD
ooNNTeeeRRRCCOmmmmmeeNNNeCuTesss
aaaNTAAARRRCOOOmmmmUUNNEEEcciTTEEEnG
IIINttuuRccaaMMMMonIIIccAAttiiEnn
iiinnTTeeeRcccoooMMMMMMoooNiiccUUTIoooNNN'ss
EnnnTTeRRCCCoomMMunICCUUUTTooovvee
ANtteeRCCUUUMMMmmmuuunUOOONNN
iiinTTeRRRcccOmmmMMMuNNNoeeennnsss
uunnttUUrrcoooMMMsss
oNNNteeerrrcOOONNNNEEECT
iiiNNNTTeeeRRRCoooNNnnnAAcTTTad
eeeNNTERRcccooNNuuCCTeeDDnnneSSSSSS
uunntEEERRccoNNaaCtttIIInggg
iiiNNNttEEErrcccoonneectIIINNN
InTTTiiiRRCCOOnnneeCtiiiaNN'sss
IIINNNTTEEERRCOnNNeeccTTEEonnnsss
iiiNNNtaaarrrcooNNNnneeCCCTTTss
UUNNNTTeRRCCCeNNTTiiNNNeeeNNNTTAALL
iiinnTTTeeRRRcccUUUNVVERRRsaaooNNN
IINNNTIIrrrCCCEEEstal
aNNttOOrrrcUSStiiiLLSS
iiiNNNttteeerrrcOOOORsa
IINNNTaaRRRccEEUrrSSIII'sss
iiiNNtaarrcccrrrooPP
uuNNTTTUrrrCrrraasssSS
iNNtttooorrceelltttuuuRRoLL
INNNTooRRcEErrrrEEENNttt
iintOOrCuuttt
eNNNTeeerdddennnOOmiinnaatttiUnnAAALLL
IIInnnTeRddeeeNtttAAALLL
iiNTaarrDDDEEEpppIIrrTTMeNNNttalll
iiinntttAARRRDiiipppEEENDDDEEENNCCCuuu
iiinntttAAARDDePenndiNNcccEEE'S
uNNTTTiRdduppEEnDDDuuuncccyyy
iiiNtteeRddOpppENddeeenT
IINNTeerrrdAPENNDDDEEENNNTTlllYYY
aNNNTTTeRRRDUUCCCttt
iNTuRRRdeecct'SSS
UUNNNtteerDiiiCCTEEDD
innnTTTEErrrDIICttIInnngg
AANNNTeeRRDDDUCTTIin
iiinnTTIrrrddoocccTEEaNN'SS
iiiNNNTTTEEErrrDDDiiCTOOORy
iiinntEERRDDACCTs
iiinnnTTTERRRddoguuutAATTe
OOOntttiRDDiiisccaaaPLLiiinnarrryyy
iiintteeeReeeSSSt
innnTTeerrreeessTT'ss
iintttEEErrrEStEEDD
iinnTTEERRuussstttEEdddlY
iiiNNttEEERRRUUssttiNNNg
oooNNTTEEErrrEsstInngLLyy
IInnntttaRRREEESttsss
iiiNNNTTTerrFFeCCA
UUNNTTTerrrfffaaciii'sss
INNNTTTerffAAAcedd
iiiNNNTTEERRFFAAAcccoooss
iiiNNTTTEEErrrfffuuCCiiAAALL
IInTaaarfaacINGG
iiinTeeRRFeeEETThhh
INTTTERRRfffore
aaNNTTTUUURfIIIREEddd
EENtIIrrrFFFERRROONNce
iinnnTEEERRFeeerUUNNNccce'SS
iiinnntttEERRfooRReenCiiss
iiiNNtteerrrFErreeRR
ONNNTooorrFFFooorrreS
iiiNNTTaarFFFuRIIInnngg
innnTeeerrfffeeROOOmeeTTerr
IIInTARRRffErrrimmEEETTTeeeRRRSSS
UUNTIIIRFFERAAAmmmAATTRICCC
iNNTTTiirFureeMMMETRy
unntttUUUrFFEEEROON
OOnnnttERRRfeeROOOnnn'sss
inttEEErrrfffeeRRTTUULLee
eeeNtttIIrrFFIIILLEE
UUNNTeeerfffiLLEEdd
EEENNTEERRFFFAAllEEss
EEnnnttAARfffIleNNggg
inntoooRRflUUW
uuunnnTeRRRFLLIIIennt
iiinTTTaaarfLuveee
oooNNTTeeeRfffIIIsssE
oooNTiRffasiiiAnn
iNNNttAAArGGGeluCCCTTTuC
OONNTErrrggLAAAccciialll
iNTTaaaRRggoovvEEERnnnmmEEENNtttILLL
ANNtAAARRRGGrAAddduu
EEnnTTEEErIMMM
iinTTTiiirrriiim'ss
oooNNTAARRiiinnnsUUURRAAANCCEEE
iiiNTErrrIIoooR
aaaNNtOOrriiiOOORR'S
iinnntEEErIIRRizzzEEE
innntorEERRaaaZZZaD
aNNteerruuuoorrIzzzoSS
IINNNTERRiiiOOORRuuZiiNNG
UUUnnnTTorIIOrs
aaNNNtirjaaCInnttt
iiinnTTToorrJJACCCTT
IIINttEErJJiiicTeeDDD
iNNtteeRRRJiiicttuuNNggg
INTTEERJEECTTOOONNN
IINNNTTTOOOrrrJJeeecctOON's
IInteRRjEECCCTTTaaOONaaaL
EEEntteerrrJJJeeCCCtiiiinnALLlllYYY
iiNNNtttErrJEccTTTiOOONSS
INNNttiiiRRRJJEcTTTUUURY
onnnTaarrrJJJUUcctSS
inTTTEErrrjjooIInn
IInTTeerKNNNIITT
iiinnnTTTERRRlEEEcII
iNttuuuRRRlAccooddd
InterLLAAAceeeMINTTT
EEEnntEErrrllliiiCCEEEsss
InnnTORRllOOCCCInngg
InnTTTOOORLOOOmmmAnEtta
UNtEErrrlAAAnnnGOOOOOGEEE
oooNNNTTTerrlAANgggIIAAAgggEES
iiinnttEEERLLLUUUrrrdd
aaNNTTTEERlaaarrrddEEEdd
UnntooorLURddIIINNGG
ooonnnteeRRLLarrrDSSS
iiNTTirrlllEEyy
iiiNNttEErllEEEiiiFFF
unnntttEEErrlleAAVeee
iiNTEEErLEaveeddd
eeNNNtttUrrrllEEEAAAvUUSSS
AAANNNTerrrLEAAvvvEEEnnng
OOnTTeRRlllEuuKKKUUUN
UUnnttEERRRlllEuuKKen'SS
uuunnTTErLiinne
IINNNTTTEEERRRLLLUUNNEEEEERR
iiNTEEErrllINNooeeeTTee
INNterrllUnoood
iiintaRRRLinnnIsss
IIINNNtttAARRLLLIInGGGUUUIIIll
iiiNTTiRRRLLAnIInnng
iiNTTTIRRLinnnIIINNgg'SSS
IIINttErllIIINNNOOOnggss
iiNNteeerLLLUUNNNk
IINtarrlllIIInnkkIId
iinTTOOOrrrllIInnKKiiNNNggg
eeenToRlIIInnnKKKS
IIINNNtttOOrrrLLLOCCCkk
iiiNtOOORLLeeeCk'ss
annnTIIIrrrlloooCKKKEDD
AANNttARlllOOOckiiNg
innnttEEErrlluuccks
iiiNNtttEEERRlllOCCuuTTIIIOOOnn
IIIntttORRLLoooCeeettUrrr
OOONtteRLEEECoooTTTerr'SSS
EEENNtteeerlllOOCUTOOORRsss
OONNNttterrllooocccaTTiiiRRyy
uuunntttUUURRLLEEEccEEttrrrEssss
IIIntttEEErrrllOOccuutRIxxx
iNNttEERRLLLOPPPiii
IntturrrlllOOpEddd
InntEEERlooopppEEErrr
eennntErrlloooPIR'SSS
ONNNTTTeerrrloPOOOrs
IINNteeRRLLLEPPPOOsss
uuunTTTaarrllOOPeeeng
iNNNTeRRLLUddA
aNNNTeRLiiiddeee'SSS
IIInTEEERRRLLLuudUUd
iiNNNTTErrrlaaaDDES
OnnnteerrrLLEEddIINNNg
IInnTEEErrLinAAAr
INNtttERlllEEnUUUTeeOOOnn
INNTERmmaaarrrRiieegggAAA
innnteRRRMIrRIaaaGGGE'SS
iiiNNtttuuuRRRmaaaRRRRRiiieGees
IINNNTTEErrrMMeeerrrRAaD
eeennTTeeeRmmmAAARRRRIeSSS
iNNTOOOrrrMArrRRYY
IIInteeRRmarRRYInGG
ENNTeRRMMMEEEddlllE
INNNtEEERRMAAADDEEaaCCCYYY
ANTIIIrrmmmodeeeiRRIIIEEESSS
INNNTTEEERRRMMMIIdddIuuurrrY
EEEnnnttteRMuuDDDeeeArrrYY's
ENTTTuuuRRMMMIdIAAttto
UnnTTTaaaRMaaaddOOOAATEEE'SSS
EEEnnnTTTErrMMOOODiiaaTTTiiLyy
EENttEEERRmmmEDIIIUTTTUUSSS
iNNTEEErrMMMUnnnttt
EEnTTTeRRRmmmuunnTTT'SS
ONTTEErmEEEnnnTTTSS
INNNTTTuuuRRRmeeeZZiii
EENNNTEERRMMMeeeZZZzoo
inTTEEERRmmmUUzzzZOOO'ss
AAnnttorMMMEzzZZZooS
OOONNNteeerMMMOOggrrrAAAttIIooN
IInttERMMMiNNAABBaaalllIIITTyyy
IIntturrrmIIInAAbblla
IINNNTTurrMMonnUUBBlOOOniSsss
UUUNNNttIIRRRMMIInnOObbbLyyy
AAAnntttUUrrMMMiinnngglllEEE
uNNNttUUUrmmmiNNgggLLeeeDD
InnTEEERRMAANGGluSSS
iintttuuuRRRMMMiNNNggliiNGGG
IINNNTTeRMMIIsSSSIIIIINNN
uuNNtttURmiSSSSiiiOOnn'S
OOONtttEEERmmessSIIIAANNSS
EEEnnnTTTEEErmmmOOOT
oooNNNterrMMMOOOTs
UUnnnTTIIIRRMIttTTTOOddd
onnntIIRmmAAAtTTEEnncA
iiiNNttteeeRRRMMEEttiinnnccesss
OOnntEErrmmmiiiTtttEnCCIEEEs
iiiNNTTeerrrmaaaTTTIINCCCyyy
iiiNNNtEERRmOOtttTTEENNNTTT
InnTTTOOORMMMiiiTTTuNNtttlllyyy
innnttteeeRRRMEETTTttIIINNg
uunnTTTEEERRmIIXXX
IIInnnttteeRRmuuuxED
AAAntEERmmuxxoos
ANNNTTeeeRRRMMMIIXXIIInnnG
eennnttteeRRRMMaaaxTUUrE
iinntttAAArrrMiXXXTUUrrrooosss
ONTTAAARRMMAAALLLecculaarrr
aaannnturrrmmmuunnTTIIINeee
iintEERRNN
IIInnttUUUrrn'S
EENNTeerrnIIl
IIInttteeeRRRnAAliiiZATiOOnn
annnTTeerrrNNNAAAllliiZZZOOTIIIoooN'ss
iiinnntoornnAAALUZZAAA
aaannntUURNNNaalllizzeeeddd
iiinttEErrrnnnaLLLIZZZESS
oooNttEEERRRnnALLLiiiZZUUNNNg
iiNtttEErrrNNAALLLyyy
EEEnnteerrNOOlSSS
AAAnnteeRRNNNoooteeeooNNAlll
IIInnntaaRRnnnettIIOOnnnAAAlll'SSS
entttaaaRNNAAtiiioooNNNuuLLLISSmm
oNNTaaaRnuuuttIIIaNNNaaalllEEESSM's
IIntooorNAAATTTIIaaaNeeLEsttt
inTTTaaRRnnAAATTTeoNalAAASSSt'SSS
INNtornnATioonaaallliSSStsss
iiiNTTTeeeRnnnatiioonnaaLIItAAAesss
IIInnntEErNNNeeTTIIIoNaaalITyy
uuNNteeeRnUUTTIIeeNNelaaaZZZIIItttoeeennn
iiinnttteeeRRNNNEEEttIennnaaLLuuZZaTTIIIOOnss
INttoRNNNaaaTEiNNNoollIIzzzee
UUNtteerrnnnOOOttIIOnULIIzzzEEd
IIInnnTEErrrnaaattIIoonnnAAlleeeZeeSS
iinnttArnaTTiiooNoooliizzziiinnnGG
IIInTTEERRNNNaaTTTiioNeeLLLLLyyy
iiNNNTTTErrrNNNAATTTaaoonnnEls
oooNttoooRRNe
IIINNNtttorrNAA'ss
iiiNNTTaarnAAccUUNNe
eennnTTTErrrnaaDDD
iiiNNNTTTuurNNNEEEO
iinnttEERnnnOII's
iiNNNttEERRRnooUUSS
InnTTTArNNNAAAmmmeeennnttt
inttarrrniiimEEnntttSS
unnTAArnnnEEs
OOONNNttteeRnnaaaSSSHIPPP
IInTArrNiiiSShhhipSSS
IIINNNtooRRneeeTTT
AnntttEEERRRnoNNNGGG
UnnTERRnnasst
EEENNttUUUrrrNNOOsttt's
unttAARnnnooostttSSS
iiintEEERNNmmmAAnnnTT
IInnnttIIrrnnnmmmEnnTT'sss
EnnntttAArrrnnnmAANts
iiiNNNTeerrnnnAAdOO
UnTURnnnss
IIINNNToooRRnsssHHHUUppp
uuuNNNTUrrrNNsssHIP'S
InTTeeRRRnsshhIIPPPs
inTEERRnnnUUCClllEaaRR
unnntErrNNNUUUNNcccaaaAAALL
INTERRnuuunnnccIUUU
iiinntuRRRnnnUUUnnncccIOOSS
INNNttEERROOceeepTTTooorr
aaNNNteeerrOOCCAlllaaarr
ooNtttoooRoFFFFiiicccEE
IIINNNTeeeRoPPEEErrrABBBILOOtttyy
UUUNtoroopAArrrabbLE
INNttUUUrrrosCUlaaTTEEE
EENNTeerpppeeeLLLOOOnnnT
iiinntttiirPPPEEElllLooTTEEE
ooonToRRPPPIILlllOteeddd
AAAnTeeeRpppeelllLAAATiss
anntuurPPOOlllaaattaaNNNggg
OONNNTeeRRRpIIllllOOTTIuuuNN
iiinnTTERRRPeeLLLLLLOOOTTTIIIuuuNNSSS
inteerrPPenItrrriiiTAAA
iintIIRRRPPPaaNNETRROOOTeeeDD
UnTTEEERRPeeNNNEEEtttRiiittiiiS
IIInnnTIRppEEnEEETTTrattEEnnnggg
UUUnntttEErPPiinEETTTRUUUttiiIInn
iiNttteRRRPEEErrrsssoonnnAlll
iiinnTTTeeerpIIRRSSSoNNiiiLLLLYYY
IINTTTaaRRPPHussEEE
INttuRRPhhoooNNEEE
iinnnTTErrPHHUUnASSS
iNNNttUURRRpLLLAnnnEEEttAARYYY
iinnTTTIIrrrppplllEEEYY
enTTeeRPPLLLUUUYY'ss
iiinnnTTTEEErrrpLLLAAyS
IINNTarrppleaad
INtttiiRRRppleAADuRRR
aaNNToRRPPOOOLATTAAA
iinnnttteeRPPoLLAAAttEddd
iNNNTTEEErrrPPalUUTTES
IIInnTiRRPPPoolIItInnnggg
INNtttEErrrppIlleeTTuuuOOn
enntttErrrppOlIIITiiiN'S
ennnTTeeerrrpuuuLLIItUUUEEENs
ANNNTTeeeRRPOOLLLAAATTTIVu
iiinTTTuuurPPPeLLuttuuurrr
iiiNTTerPPPOssaBBBLE
intttEEErpoooSSEEE
iiiNNttUrpOOOsEEEDD
InnnttEEErppAASeRR
iiiNtttEERRRPussISSS
iinnTTToooRRPuuSSSANNNg
iiiNNNtttErrrPaassEEtIIIonnn
IIInnnTTiirrrppOOssIIITTTOOOiiiNN'S
onnTuRRPPPRReett
iNtttUUUrrppprrUUUTTTIIIBBBLaaa
INNNtttERRRprEETTTaTTuuooNN
iiiNNTTTErPPPRRRitttiiitttIIOOn'sss
INTTEErpREEETTTaTTIIoNaaLLL
InnTTIIRRRPPPrrreTTTATIaannnSSS
IINTTEEErrprreTaaaTIIVuu
aNNtteeRRPPRRREtteddd
iiNTTTooorrppREEttiirrr
eeeNtUUURRprreeeTeeerr'SS
InnttteeeRRpppreeTTurS
INNNtttOOORRPPRRRoTooonng
IIntiRprreeetttiVVe
onnttOORRPPRRaattivvEEElyyy
OONNNTEEErppprrrETTSSS
EENNNtttEErrAAACCCu
iinntEEERRRrAAAccIAAlll
uNTuuurrReDDaaAALL
onTTTEEERRred
OnnntttOrrreeeGGNNoo
UnnntuuurrrreegggNNOl
ONTTTiirRRReegggnnOm
UUUNTTTurrrrrrugNNuM'SSS
annTerrrRRaggNNNuummmss
iinnTTTeeRRrrrELuuuTTTIII
INtEEERRRrEElaaTaaDD
INttEEErrrRRIIlaaTTTOOODDDNNessS
iiinnTAARreeeLEEttEdddNeessSSeeS
IIINNNtteRRRRRRAAALLiiiteeeS
oooNtteeerrrreeLuTiinggg
aannnttEERrrUULLetttiaaannn
iiinnttaaRRRRRULLIITTiiiOONNN's
AAANNNtteerrRRREEllAtttAoonnSSS
aannnTOOORRrrreeLLiitIIIoonShhiiiPP
iiNNtuuurrrELaaaTTiiOONsshIIIp's
iiiNtEERreLLaaaTTTiiionnnSSHippSSS
iiiNNTTTAAARRRRRAXXX
innTTTErrriNg
INNttErrrrrrogETTTIII
eennttaaarrrOOOgUtEDD
INTTTEERrrreeegAAAtEEEss
IIINNNteeeRRroooGGUUUtttoooNGG
unnnttEERRRRegggiittIooon
IIInntUUUrrRRRoooggAtttaOOOnn'S
IIInnnTTEErrrrrogIIITTTiaaNNNaaall
IINNNttterRRRIGGGaaaTTiooNs
iinntttaRRRrrrUUUggaatiVVVE
uuNNTTeeRrAAAGGuuTIIVVooo'S
EENtIIRRRRRoooGGaattOOOVVVollYY
OONNtooRRRROOGOOtttAAVIIISSS
iinnntAAARRRRRaGGaaTOOrrr
iiinnTToooRRrOgaattOR'ss
uuuntttaarrEEggOOTuuuRRRIIOss
AnTTEEErrrrrAGAATiiRRIlly
eNNNTTeeeRrriiigatttErrrss
INNttteeeRRRrrroogggaattoRYYY
AAANtttEERRRRRAAggaaatttOORRYY'SSS
ooonnTTarrrRUUPPPttt
iinnTOOrrrRUPPPT'S
IINNtttEErrRRuuuppttaddd
aaanTeerrrRRiiipppTTiiiRR
uunnnTTeeRrrrippptttERR'SS
eeNtttuuuRRRRUppteerrrss
aNNNTTeerrrraaPPPTiiiNg
iiiNNtttoorrRuuuptioon
AANNttErRUUUPPTTTiiooon'SSS
ENNTTTuRrUUUPPPTTAAAoooNNNS
EnnttaaarrrrrrUPPPtttuuVee
UnnnttEEERRRuuPPPttSSS
inTEErrss
aaanTorrrSSCCCHHoLLLaaasTic
OOOnnTTTEEErrrsAACt
oooNNNTTTERRssocccTTTEEED
iiNNNTOOOrssecctIINNG
iNteeerSSeeeCCTTTiOOOn
INNTuuurrseccttaaaIINNN'SSS
iNNNtttIrrrSSSuuCTTuuaaNS
iiNNttaaaRRsAActts
InnntttUrSSServvvocAAA
iNNTTEERsssESSssiiionnn
AAnTEErrrSSSeesssuEEEN'ss
iiiNNNTTTeRSSSOOSssieeNNNSSS
iNteerrsoXX
INtttErSSSExUaL
innTTTiiirrSSSIIDDeRROOoLLL
IIInnnTTEEERsssPPAAAcccE
uuNTTTOOORsssppURRRsssiii
IIINTTTERRRsspppoRRssuD
uNNNttUUrsPerrrSEES
IINNTTTErrsPPeerrSAAnnnggg
IINNTTTEERRRSSppIIrSSuiiin
OONtteerrSSSPPIIIRsUon'SSS
UNTeeRRRssttoooddUUUAAll
INNttARRsstoootUUU
iiNtttaarsttaTTTEE'SS
iiNNTTTerrsssTTTOOttEsss
eeenttteeRRSSTTTEEELLLLLIRRR
IINNNTEEErrrsTTTicccaa
IInTTTuurrsTTTIIcccUUU'SS
AAAnnTTTuuurSSticcciiS
anTTIRRsstootIEll
InTTTeeerrSTTITTIaalllLYYY
iiNNTTTaaaRRsttROtttUFAAAAAdd
iiinnTTTeeeRRRSTTrrraaattIIffaaaesss
UUnnntORRRSSTTrAAATTUfffYYY
IInTeeRsTRAtttiFFYYIIINNggg
uNNNtteerrTTaxTAAReee
uNNtEEERtttEEEDUUULL
IIINNtteRtweeNOO
IINNNTTaRRRTwwIInnnEddd
iNNNtteeeRRtwwwInooomeent
eennTUUrttwwuuuNAAASSS
ENNNtURTTTWWIIInnnInG
iNTTARTTWWaaSSt
UNtttEERaaarrrbiiNN
iiinnnteeerrrvvveeLL
iinnnTTeeeRRRVVulll's
OONNTeeRVVaLLU
ONTTEEErrrvvOOOLLLllIcc
iiinTooorrVVAlloMMiiitteeRRR
AnnttteRvvIIILLS
IINNttERvEEENNeee
UUUnntoorrrvvEnnnAd
AAnnnTeeeRRRveennneeR
IIINNterrrvveeNNNaaas
intttaaaRRVENNNIIANNtt
IInTTTEEERRRvvvaaNNNiiNNg
IINTTTEEErveenooRRR
ooontEEErvennnttiiIIInnn
ENteeeRvvUUnntttiANN's
iiNNNtIIRRVVENNNtttaaaONNiiSSSMM
iiNNttteeerrVANNNTTIAAAnniissmmm'S
iinnnTTTERvEEENttiiiooNNiiSSttt
AnnttEEErVaanttUeNNNistt'S
IIInnntttIRRVVeennnTiiiOOOnniissttSSS
eennTUUUrrrVVVONNttiiANNS
oNNtErVVOeeWWW
onnnTTiiirVVViiOOOW'SSS
AntOORVOOOaaWWWEEEDDD
innttEEErrVViiwwIee
InTEERRRVVeeEwwIIIEEE'ss
AAnTIIIRRvvIIIooWWWEEEEss
AnnntttiiirrrVVEEEEWWEEErrr
IInTTeRRRVVViieewwwErr'sss
iinTeerrrvvUUuuWWEErrrss
iiinnntteeeRRRviiiEEEwwIIInnnG
aaNTTTeRRRvIIIIWWSSS
oNTTTeerrvOOcccolaaaCCC
EEENTTArwwar
OnnnTTErwwwEaaVe
innntteeeRWWWOOOaaVeD
EEnnnTeerrWeeAAAVVVEEEs
iiNNNTTurWWWiaaaVVAnnnggg
INNttEErWWoorrk
EEEnnTTERRwwuuvvvEE
iiNteerrwwwIIVVVEEEN
IInntttiiiSttAccYY
AANNtteSStAAAccYYY'sss
aannnttaaaSStatttoo
IIINNNtteeeStOOnneeel
iiiNNNTaSTIInnnOlllLLYYY
iiiNTTTESSSTTTIINNNee
iiinnnTTeeeSSSttiiNNNU'SS
OOOnnTEEESttUNEEESSS
IIInnttAAA
INNTTTeeeFFAAdduuu
iNNTTUmmmu
iiNNNtammUcccIIEEES
iinnTIIIMACCCY
INttoommaaaCCy'ss
oNtttiMMUUS
UUNTTAAAmmmuutee
OnTTTeMMaatttII's
EEEnttOOOmmmAATTOODDD
iNNNTTTIIImmmOtely
iiiNtttIMMMIIIteeeS
IInTiiimmmAATiiNNNGGG
IINNNtIImmmaaaTTIoooNNN
inTTImmmaataon'S
EENNNTimiiTIIIOOnnnS
uuNNttaammUUUdaaaTEE
iiiNNNtEEmmiDEtEDD
iiiNNTTIIMOOOddIITTTuuSS
iNNNtttUUmmaaaDDAAATTUUUnnG
iiiNNTTTIIMMIIDDATTaaaNNNgggLLLYYY
innttIIMMMeeeDDDatttiiiooNNN
IIINTTImmiDDDAAtttIOOONNN'SS
UUnTIIIMMEDEETTTaRR
OOOnnntttuuummmiiDDDATTTArrYYY
AAANTIIImmIsTTT
AAnnnTiiiNNCCCtiiiiiN
IINNttuuunnneee
eNNTTTiss
iNNNTTTeTuuuLLLoo
iNNNTTooo
iiinntAAlllOOORRaaabbblllEEE
iinntttuLoorAAAbbllly
iNTTTOLLLEEERaannccEE
iNNNTTALeRRRaaannnccEEE'sss
InttiiLLLoooraaaNNTT
INTOlllUURaanntLLYYY
IntttENNNaaaTTEE
IINtONNNAAATTiiiddd
OOONTAnnaattees
iiinnntttAnaTTTaaNGG
UnnntoooNNNatttoouun
iiiNttINNaattIIIAAANNN'S
iNTTTooonaaattuAANNNUUl
iiintttooonAtIuuunS
eenntunee
aanttonnnUUdd
iiNNTaNNNeerrr
ENNtttoonnnaaarr's
InnnTTaaaNerrrsss
eeeNNNtOONNNoss
IIIntoooNNNinggg
OONTToRSiOOON
EEEnnnTAAArttt
iiNNtoooXXoooCCCAnTTT
unnnTTTOOOXecannt'sss
iiiNttoxxxIIccAAnnTss
UNNttoooxxxIIciitttuuu
unnnTTaxxxIIcAAATidd
iiinTTTOOOXXuCCCaTTeSS
OOONNNttOXeeeCCatttIInggg
iiNNtOOxxOOccoTTTIIoon
aannnTTOOxIIICOttOOooNN's
aannTTTOxEEcccatttiiiVVVuu
iinnttrrrUUCCCaaarrrDOAc
EEENNNtRRiicccAAlllluuuLeeRRR
aanTTraacceeetttyy
INNtttRaaCCRRRAAANNNiiiEEEL
InnTREcccTTaabbbUUlllaTTTy
iNNNTTrraaccTTTAABIIIlIITTTy'SSS
IINtRRAcTTiibbllE
ENtttRRiiicctttaaBBLLLaannneSSsss
IIINNttRRRAAAcccTAABleneeSSSSSes
IINtRRucttIIIBlYY
IIInntRIIICCCutAAAniiEEEss
IntrAddormmmAAALL
iiinntrrAAADDASS
IIINNNtrrrAdddOSSSuuus
OOONNNttRROmmoLEEcOLiiRR
IIInnttrrrAmmUUNDAAANNEEE
IIINttRaamUURAAAll
iNNNTRRaaMMMooSSCCCOOOLLeeRR
oontttRUMiisCOOLLLAArlyy
OOOnnnTTRRIIINNooott
eennTTTraNNEETSSS
OOnnnTTTrraaNNNSIGGEEEannCCCE
AAAnnnttRRiNSSSiGEEENNNcccII
iiNNNTTrannnssIIggeeennnccUUU's
oNNTTTreeNNNSSIIGGGenncccIIUUUSSS
iiNtRRRAAAnsseGGGuuuNNCCCyyy
INNNTTTrUUNSSiiiggEnttt
IInnntttReNNNsIgggEEEnnnT'sss
OnnTTTrEEENssugggEEENNTly
iinnnTTTrrruuNNSSeeGGENTSS
INNNtttRRReNNNSSiiittiiivvee
iinTTRRRaaNNssIIITTTiiivvvEEE'S
AANTTRROONSIIttiVVVEEElllYYY
IIINNNTrraNNssIIITTIIVENNEESSSS
iiinnTRRROONsItttaaaVENNNeessseS
EntRRREnnnsitUUUvvvees
iiiNNtttRaaaNsItEEEvviiittteeeees
uuNtRiiNNSSitttUVVooTTTYYY
IIINNtttrrrUUnEccLLoAR
InTTTREEEOOOccaalaaRR
InnnttRROppproNNNeuuR
iintrrAAppprennnEEUURIIal
aannnTTTRRReSSttOTTTe
eeeNtRRReeTTAAlllLLuurEEEc
UUnnttRRaaaUUTTOORRAnuuu
IIINNtRaaVVAAASUtttiiOON
aaanntRRRaaVennooeeeSSS
iNNTTRRRiiivvvOnnnOOuuSSS'ss
iiiNNNTRRaaavvveNeeAAASes
ooonTTRRRaaaVVeeenOOOuSllyyy
AAnTTTREEEIIITTT
EEENNtttrEENNNchh
ooNTTTRaaancchAAAd
INttrrrAAAnncchhUs
EEENTrUUUnnnCHHHIIINg
iiinnnTTrreennnChhMMinnT
uuuNNNtReennnCCHHHMMMeeNNttt'SS
ooonttRePEEdd
iiNNNttrrrEEPPuuuDDiTTTyy
iiNtrrreepppaadiiiTY'SSS
aaNNNTTTrEPPeedllYY
UUUNNTTTreeePPiDDnnuuuSSS
iintRRoCAACIIeSS
inntttrrIICaCY
EnnnttRRUUUCOOCCCy'SS
IINttRRRiiicccOOOttA
iiiNtttriicccoooTTTiLyyy
iiNNTTTrrIIIGAAANT
eeNTTTRiiGAANTTTa
EENNTTriiiGGaauu
InnTriiGEEEe'sss
IINNTRaaagUUaaD
iinTTRIIGEEEERR
EnntruGuuUUr'ss
iiNNNTRIggiieeerSSS
AAANNNTTRRRiiGGGuuuEESS
iiinnTTTRRREEgiiiInngg
IIINNtttRoooGGGaiiinnGGGLLLy
iNNNTRRiiinnSSiiccc
iiNNNTRRiiNssIccAAAlLyy
iiinntRRROO'ss
IIINNttRRReedUUCee
iNNtttRRRODDOOOCCCuuudd
IInnttRRRoddUUCCeS
iNNNTTrrrADeeeCCiBBBlllEE
EENNTTrrrOODuuucciNNNgg
iiiNNNTTTrraDEECCCTTTiiiaann
AANNNttroooduuCTUUEEnnn'ss
ooNttRooddIIICttIIIOOnnnsss
UUUNNTTrrEEDuccctttOOOrryy
annnTTTrrrooGrEEEssIIuunn
iinnttriaatt
EEEnntttRAIItt'SS
IINTTTrroooIITTTsss
oooNNNTRooojECtt
IINNTTrrrOOJJEEctteeeddd
IINNtRRREEEjjjEcTTinnnG
INNTTRejAACTTTiiiooonnn
INNNTTrrrIIIjjIIICCTTTIIONS
innnTrrOOOJJEccttSSS
innntttRUUMiSsiiiEEEn
iiiNNTTTRRoooMMMUUUsssssiiIIIns
UNNTRRRoooMIIIt
IIINTRooRRRssIII
INNTTTrreesss
OOONNNTTTrraaasspppEECt
iintttrrrOsssPeeeccTTTeddd
iiintttrrrAASSSppeeCTTTIINNGGG
IIINNNtttrrrossPoooCCCtttUUin
OOONttrrreeSSSppeCCttteOOONNN'S
InntttrrrUUUssspppOCCCTTiiVeee
IInnTTTRRRoooSSPPPeCCTaaveLLYYY
iinntrOOOSSppiCtttiVVOOOnneeeSss
iinttrrOsppEEEcTTIIIVVennneeessssaSSS
IIInTTrrOssPPPooccctttS
iiiNNtttrrrOveeerSiiOn
iNNTTTrrrAVVerrSOOUUUnnn'SSS
AANNNtrrroooVVVooorrrSuuuvvvEEE
iiNtrrroVVEERRT
UUnnnTrrrovveeRRt'ss
IINNNtrrOOvvvERRRttteeDDD
IIINNNttRRRooVVVIRTTSS
iNNTTTRAAADaaa
uNNNtRRUUUddIId
OnnntrUUDDEEErrr
IIINNNtRRRuDDErrr'ss
IINNNtRRUUdddeRsss
IInnntttrOOOdddesss
IIInTTTROddONNNggg
eeennttRRRaaasssioooNNN
OONNNTTrruuuSSSiOnn'ss
AAAnnTRRRUsssiiiuNNsss
EEEnnnTTTRREESSSIIIVE
InnnTTRUUsiVVoooLyy
IINTTRRReeSSiiivviiNNUUssss
IINNNtttRRROOOSSiVVVEENNNaaSS'SS
UUUNNNttRRussTTT
iiinntrrrUUUsttEEED
IIIntttrraaaSTInnggg
IINTrrrosTTTss
iNTTUUUbbaaaTee
iiNNNtUuutt
innnTTTuuuootttobbbLLLee
EENNNtuuuIIITTEDD
iiiNTTUUIIITTTuuunnnGGG
iiinnnttUUUITTiOOOnn
ENNNtttUUUIIteonnn'ss
OOOntuuuiiTUUUOnnuuul
IINtttoiittEEEONNNoooLLLLLyyy
INNNttOOOEEtooooonnissMMM
INNNTuuiiiTTIENNNoooSSSMMsss
AAntteeeIIttteUNNisssttt
AAAnntUUIIItiOOOnnSS
INTTTAAEEETTTeeeVVe
innttuuaaTTiiiVVViiiLyy
oNtUUiTTTIIIVVoNNEEEsSSS
IINNtttuuuitttIIVVVeNNNASSS'ss
IINNNtttUUITIIIVVIIssMMM
IIInTTUUUitSSS
iiinnntttimeeSSCCCeee
iiNNNtuummmaaasssCCENNNCCu
iNNTTUmeSSCAAnncEEESS
iiinnttummmESSCEEnnntt
iiiNNNtOOOSSssaScUPPTT
iiinnTuuusssssuSSScOPTTIon
oonnnTTTesSuuSSCCeeePPPTTTiiNSS
aNTTwwaNNe
InUUlInnn
IINNuulliiiNNNs
iiinnnOOncccTTTIIIoooN
inUUNctoooaaaNss
IIInnnUNDuuutttE
OONNNiiNNNDITIdd
aaNunDDDeeTTTEss
iNNNUUnnDDAAtttEENNGG
INNNeeNNDDDETiiaNNN
eeNAAANNNdAATTTEOOOnnn'S
AnuunnDAAATIIAAAnnnS
IIInnIrBBAnEE
iinnnoRUU
innnaaaReed
INeeRoooMMMAnnT
iiNNoRRass
iNNNUrrrInngg
IIInuuRRRnnn
IInnetelE
IInnnaTTTILLiiiTIuss
innUUTTTIILLuuutttY
iinVaaadddEEE
IIInnnVOOOdeedd
iinnvvuuudddeeRRR
onnnvvvOODDER'S
IInVVAAADDDiRSS
InVVVaaDEEEss
IInnnViiDiiNggg
AAANNvvAAAGGGiiNNUUUTUUU
iiiNVVVaggiiiNATTTeDD
AANNNVVVOGGGInATEEEs
AANvvIIIGGGInnnAAATiiinnGGG
UUnVIIGGUUNNAATIIIENN
InnVVVeGInUUTTTaaaNNNSS
IIInnVVIILLLeeedd
innvaaLAAADD'SSS
oooNNvvUUULLuuudddaaTUU
iNNNvvvIIluuuDDaTTeeed
iinVVaLLaDDooottUUsss
IInnnVVELLLIDDDEEEtttiiiNNGGG
IIINNvAALEEddaaaTuuUnn
iiNNNVELedITTTOOOONNN'sss
OOOnnnvvvAAALLLudOtttooor
EEEnVVValidddeeDDD
InnvaallliiiDDDEEENGG
innnVVaalOOdIIsmm
iiNNNvvvAAALLLUDUUUSMMM'SSS
eNNvOOOlIIIDDDIIItY
InVVaLLiidddITTTyy'SS
iiiNNVVVallliiDly
EEEnVVVaallIDDDSS
INNNvvaaLUUUaBllee
InnnVVaaallliiiUUUbLeeennnEEEsssss
onvvvAAlllAaablUnnneessSSIS
innnVVVAlllAaaaBBlYYY
iiinVVVOOORRIIabIIllliittyyy
iinnvaaRRRIIABBBeeeLLIIITY'ss
AAANNNVAAARRRiiiUBBBLee
IInnnveeeRIIiBllooo'SSS
iiinvAArIIIaaBBBlllEnneeeSs
iiiNVVaarrrUUAAAbLLLEEEnessssEEEsss
iiinnvvvAArIIIAAAbleSS
EEnnnvvvarrOOOObbLLYYY
IIINNNvaareeAANNNCCCeee
oNVVuuuRiuunnnt
iNNNVAAARiioooNNNTTTss
invaasOOOONN
IInVVAASiiiAAn's
IINVeSSSIIEENS
iinvvAASSSIIVVE
EENvvvEECtivEE
EEnnnVVeCCCTTTEVU'S
INNNvEctiiVes
OONVVVUIIGGhh
AnnvvveeIghEDDD
innvUiiigggHHinggg
IInnnvooeeggHSSS
uuunnVVEEIIggLLo
IInnvvveUgllaD
AAnnvveiiiGGGLLLemmOOnnnt
IInnvvOOOIIgggLLeeer
annvvEEEiigggleeRRR'ss
ANNvvvoooEglllaaRss
eNVVVeeIIgggLLESS
IINNVVEEEEEgggLONNggg
iiinVVeeennnTTT
OnVVEEnnntteD
INvOOONNNTiiNNNGG
anvvvEnnTTIuuunnn
iinvennTTiiiUUNNN'SSS
AAAnVOOOnnnTTIIIeeNNNSS
IINvvveeennntttIIIvvve
iiiNvEnnnTiiVVuuLLLYY
AAnnVVVuuNNNTTTOOvvennneeesssSSS
uNNvEEENNNttUvvvaaNNEEESSS's
iinnVVeeeNNTTTOOrr
AAAnvEENNNtttORR'SS
IInVeeeNNNttOrOOOOd
IIINNNVVInnTooRRAEESSS
UUnnvvennTTTooRRs
aaaNNVVVeennntttEEryyy
OOOnVEENNNtOOryy'SS
INVeeeNttIIrrryyEEnnG
iiinnnVVVUUUNtSS
InnnVVaRRRIIICCaaatttYYY
iinVVEEERSSee
eeennVVeeerrssEE'sss
AANNVAAArSeellly
oNNvAARRSSeeesss
iiNNvvIIRRRseeeoonn
InnVVerrsIIOOOn'SS
iNNvvviiRRSSSiiiooonnsss
INNNvIIIRttt
aannVVerrrt's
INNvOOORttIIssU
ooNNvEErrTTTeebbbRRotttUU
oonnVVVERRRTEEEBBBRRIIITTTo'SSS
IINNvvviiiRRRTTTeebRooottoooSS
INNvvEEErrtEEDD
uNNNVVarTTeeerrr
iiiNVVVuurrtteerrrss
EEnnnVVVeeerrTTiblllee
IIINNVVVeeeRRRTTAANNgg
OONNNVVVeeerrTSS
iiinvEESSStt
iiinvOsssttEEDDD
aaNNVVVESSSTTTIIGGGAATTToo
INNNveeeStttAgATTed
ennVVVeSSTIIgggaatttiisss
iiNNNVuuussttEGGGIItttIInnngg
OOOnnvveeesssttEEgoooToOOnnn
iiNNNVVEstogggAAATTeeooNN'SSS
UUUnnnVeesstegggaatiiiooonnsss
ONvvviissstttIgggoottiiVVeee
InVoSSSttuGGGitteeeRRR
IINVVEESSSttuGGAtOOORR'sss
innnvvvEssTTTIGGGaaattOOOrrs
iinnnvESTuuuGGGAATTTIIRRYYY
IIINNVeSStiiinnG
ENNNVVVISSttIIIttOOrEEE
AAANvvvEESSSTTiTTToooRRooo's
INvvvEEESSSTiiTTuReeess
aanVVESSSTmUNtt
iiinnVVEStttmmmEEENtt'SSS
INNNVAAASSttMMuuNtS
iiiNNNVVVAAAsssTTTOOORRR
IIINNVVOstttOOORR'sss
iNNVAAAssTTorrrSSS
INVVISTTSSS
IInnVVEEETTERRRAAAcyyy
iiinnvOOTTIRAAAcYYY's
IInnnVVVeeetttUURRRETee
INNNVVVEEtURAATTTeellyyy
IINNvvvatteeeRotttAneSSS
INvIIIdddeIus
ooonnVVEDDiiaooSlly
iiNNNvIIDAAAaUUUsnnnUUsss
EENviddiiioooAASSnnEEsssSS'SS
UUNVVAAAggoLATE
eennviiGGILLLAAATTeed
IIINNVVVIggiillaaatttoooSSS
EEEnnnVVViGGiiLLiiTTiiNGG
InVVOGGGIIILAATTUooN
aNNVagILLLUttoooRR
innnVVoogggIIIllOOOTToRRsss
onvvvIIGGGaaarOOOtE
uNNNvuuggoRRuuutOddd
iNvvuuGuuurrrAAttteeess
IIINNvveeeGiiirratttiiNNGGG
IIInnVIgguuuRRaattiiNNGlY
uuNNvvvaGGGORRaaatIOONN
IInVeeeGaaRUTTIaaNNN'SS
IInnViiigoorrAAATOVEEE
IIInviincccebiiillEEEtttyy
eeeNvIIINCOOBOOLLIIItttYYY'ss
IInnnvviinnnccIbLE
iiNNNvuNNcOOObLLY
UUUnnnVVIollaaabalaaTYY
EEEnnnVUUUoollleBeeLattyy's
iinnnvIIAllIBBllaa
OnvvioollluBBBllyyy
INviiOOlEEECCCyyy
IInnnVVVuuuAALLIto
IINNvvviolllOOTTaaLLLy
iNVEOOlittteeNNeSSSSSS
innnVIIsssCCiiD
EENvviiSSEEEbbbAlEEtttioosss
UUnVVVIIISSSIBBUUULitY
uuuNNNVVVIIsssuuubIIllliiiTTYYY'ss
IIInnVVVIIIsssIIIbbbLee
iNviiiSSIIBlllY
uuNNvvIIttaTTUUoNN
innnVVVItteettaaoon'SS
iiiNNvIIItOTuuuOnAAL
iinnnVVVIItttaTToOOOniiill's
iiiNNNvvitttettUUonnnoolS
iiinnnvveeTotttEEAAANs
OONVVViiiTTTITOORRRYY
iinVOOtte
INVViTTTeee'SSS
IIINVViitAAD
iiiNNvETTTEEE
iinnnvviiitteeIII'sss
EnnvvAAATUUUess
INVIIITTTISSS
ONNvviiitInG
iinVVIIIttIIInGGGly
INNNvvvOOOCCCaaaTTTiii
iNNNvvviiiCCCEtEEoonn
InnnVVuucccAAtiiiooN'SSS
envvvuccUTTioonnnS
OONNvvEEEcAAATTAVVEE
EEEnnvvIIcaaattaaaRYYY
EEnnVoooiiCCeee
uNNVVVOIcco'S
uuNNNVVooUUCCCeDDD
INNNVVoooiCCCeSSS
eeennvvoooaaCCCoNNNgg
iNNNvvoookeee
innvvvooKKKood
iiiNvvvoooKeeRRR
eeNVOkkkUUURsss
iiinnvvAAKKKeS
innnVVVaaaKKKiNgg
IINNNVVUUULUUCEL
AAAnvvvuuLLLuucccRRREEE
iNvoLIIcccrIs
innvvvOOlAcccrrraamm
EnnvvOOOLLLuuuNTaaaRRRIllly
uuNvvveeeLLoooNtttaaRRRiNNeeesssss
iiNvoolIIInttaaaRiinnEEESSsss'SS
innnVVVOOOLLenttArYYY
InnVVVOLuuutto
innnVELLeTTTEDD
invvOOlllutttuuuOOnn
IIInnvvvUUULLLUUUTOOOooonnn'SS
INNNvviilllETToooooonnaaL
iiinnvOOOllUTTTiOOONNEERRRy
IIINNVVVOOOLuuTIIIONNSS
iiinnnvvvOLLVi
iNNVoollvveDD
IInVVVoolVuuummmEEENNt
iiinnvollVVOmmEEENT'SS
IINVOOllVVVeemmmEnttSSS
IInnnvvvOOllvveeSSS
iinnVOlllVooonnnGGG
IIInnVVuullNNIIIrrOObiiLLeeetyy
iinnvvvaaLLLnnneeeriBElloooTTYY's
UNNNVViiiLLLnnnerrrAAbbLLII
iiiNNNVVuuLnORaBBBLLLY
uunnwARRRddd
innnwwwUrDDlly
IIINNwwweeeRRddNNiiiSSSSS
OONWWArrrDDNNaaSSSSUUUss
innwwUUrrdds
ANWWWeeiivvvee
innwwwEAAvvuuuddd
InnWWWEEUUUvveess
AANWWWEavIINNGGG
EEENwwwOVVVUUn
iiinnwwRROOOPP
iNNWRRROOOIIIGGHHttt
IIeeeDaatEEE
IeddduCC
iiadddIIIdEEE
IOODiiiddoo'SS
IIIOOODiDDDUUS
IAAdddINNOO
iiOddiinaa's
uAAAddOSSmm
IIIOddeeezzzU
uuIIDeeZZZAdd
iioooDOOzzzoooSS
IIIodIzzzooNg
UUUOddiiffUrM
IIODDDOOfOrmms
IIIoDDoooMetRRRy
IIOOOddooooooss
IULLLiiitooo
IIIIIINNN
OuuNN'SS
OOOonnIcc
iiOOOniUUUMMM
IIOOOnnuuuZZiibbbllAAA
UooNNNIZaTTTUUoNNN
iiNiiZZaTTTIIIEEn'ss
EonUzze
ooooonneeezzidd
iOOONNiizEr
IIIEnIIIZZZeeerrr'SS
oooooonnIIIZeeerrrS
IIAANiiiZZeeeSSS
iAnnniZiiiNNNg
IIooNNNIIGGGUUUnn
iiiAANNooNNIII
iiiiinAAppaauuSSi
iuuunosssPHHEEROO
EONNNOsssppHarE'SS
IOOOnooosssPPPHHEEERREEESSS
AAAuNNNAASPPhhhErrUUccc
UUUuuuNNsss
iiiTTTa
uuuOTTTi's
iioTToocIIsssMM
ioTTTuuuSS
iiippEECCCIc
IIpeCCCECCC's
ipICCeecs
UUPPPIMMUAA
iiruuCCCOnnD
iirraaDDDOOO
IIIRRIIIScIIbbbiiLLoTTTy
iRROOOsccIbbbILLLiiiTTTyy's
oooROOSCCCaabbbllEEE
uuRAssscccIIIbbLyyy
ARAAAttAAA
EERRRaateeeLLLY
IIrrraaattENooSss
AAARRRUUUttteeenEsSSS'S
eRRRee
iRRREE'S
uurrrAAAffUUUll
irrEEEfuuuLLLLLLY
iirrrAANNNic
IrreeniiicccEEll
AAARRUUUnniiiccAAALLLLLyy
IIIrrUNNiiccUUsm
IIRRannIIccss
UUUrrriiiDDDicceUUUuuSSS
AAARiDDDACTTTEEMMYYY
eeerrriiiDDAASS
IIIRRiiideSSSCoNCee
iRRAAADDAASSScUUUNNcccI'S
iirIIddessCCCEEnTT
aaaRRiidEESSCeeenntLLYYY
AAARaddiiiCC
iirrreeedddIIIUMMM
iiRRREDiUUUmm's
IIIriidddOzzzee
IIRRIIIDDUsmmoooNAAA
eeRIIdootomyyy
irrriiiSS
iiRRAAs's
AARusUUUtteiiiN
uRReeSSSos
EEErItEEESSS
iiiRRRkkk
iRRKKODDD
IrKiiiNGGG
IIrrKSSS
IIIrkkksUUUMMooo
iiirkkssommEELLLYYY
OOOrkkSOOMeeNNNiSSSSSS
IrrKsssaaameennUUUsS'S
aROOnnn
AArooon'sss
ARROOONNNbooRRRkkk
URaannbiioooNd
iirOONNClllEEEd
iiriinnCCCLLLoooDD'sss
iiiROOOnCllAAAdddss
uuuRRAnnoDDD
iiiRAAANuuuRRR
IIrrOONhhhINDDOOODD
EEErONIIc
oRonniiCCOOl
UUURRoooNiCCOOOllllYYY
iirrreeeNNNIIICCaalllnnnEssssss
IIIrOnnIIIeSSS
IIROONNiiingg
ooRRROONNNinGG's
ooRRRooNNIsTTT
EErrInniSTs
iiirOOnnnLLikkaaa
iiRRoonMEESSStteR
IIrrrooNNmoNNNGGooorr
irrOOnnMMOnnnGIIIRSS
iirrroNNNMMOnnnGGGEEErry
uuuRRoons
IIIrOOONNSSSiiiDUUUs
IIroonnnsmmmITTTH
eeRRRooNNNSTooNNNe
IIrrOOONNSSSTTTAAANNNE'sss
urrroNwwwaaarI
IRRRaaanWaaRE'ss
irONNNwwweeeeDD
IIRRROOONNNWWWIIeeeDSSS
iiRRONNwwiooD
iRREEEnnWWaaaIId'SSS
iirrraaanwwwoOOddSS
IIIRonnwwwoooRRk
iironWuurkkk'ss
UUrrrUUUNNWWWORRRkkkIrr
iiRRonWuurKKKErrsss
AAARRRiiiNNwwIRRRkkss
iRROOONNYYY
EEErruNNNYY'ss
iirrrrIIIdddiiiunCCCeee
irRRRuDDIAANNt
OOrRAAAddIIatttaa
iiRRRRRRaaadIIIAAATTEEED
URRRrrAAdOUtOOOs
aaarrrraaadeAAAttaaannGGG
OOOrrrRRRadddeeeOTiiaaaN
iiirrrrrooDDDiEETTTUUoonnn'SSS
EERRRrrAAADIatuVee
IIRrrriiDIIIAtttorrr
iirrrrooottIEEnnnIIILLL
iiiRRRRRROOOttOOOonnnEEElll'SSS
irrRRAATTTiONAALLAAAtttuuEEEss
ooorRRRaatttIooonAALLIItyy
aaarrrRRRaaTTIuNaaaLITYYY'S
iiiRRRaaTTTiiinnaaaLAAZII
UrrRRaaaTTiOOnnnAALLLlY
eeerrrraTTTiiOnnaaalllS
oRrrrEECluOMMAABBBlllE
uuurRRRUUUccEEnccOLooobuuulITTTy
iiirrrrrraaCCCooonnncILLLAABAllluuuTTTyy'SS
IIIrrRRUCCIIINcccAALLLibbblEE
iiiRrUUUCCCOOnccULLEEblyy
eRRRRecccEEEVVVeeeRRiibbblOOO
AAArrrRRIICCCOOVVVERaaBlaaaNNNeeSs
iirrrRReeeCCooVVVEERUbbbLyy
IIIrREECCuuussaaabLLee
IIrriiDDeeEEmmmoBBllEEE
IIRriidUUUeeemmaBBBlY
OORRrrIddOONTIIIsmmm
AARRrrEEdaaNNTTiiiSSmmmS
uuRRrrEEEdddUUUnnntiiSSStt
eRRrreeeddOnnnTTTiSStSS
IIRRRRReeeDDDoooCiiiBIlitttY
OOrrRRRODDDUUCCIIIBBBllEEE
aaRRRReeeDuuuCCCIBLLy
iiRRrrEEEFoorMMeeeblE
irrrreeFFrrrUGGUUBlE
IIrrrrrUffRaggoBLLLyy
iirrrRREEEFFrrreeennGiiiBBllle
EEERreeFFFuuTToBiiLLLITTTyyy
IRRRrrrefuttaBBllee
IIrrREEEFFuutttAAABlllYY
IIIrrRAAAGuuRRDDllIIISs
irrrRRoooguularr
IIRrrroooGAALeeeRRR'ss
IIrrRReeggeeelllOrriiTTuIIISS
aaarrroooGGuLLLarrrAATyyy
iiirrrRRIIIGGGuulllArrruTTTYYY'S
UUURrrreeGuLLLaRllyy
EERReeeGGULLLEEERRRsss
IIIRRRROOOlllOOOtUUUvvaa
IIIrRREELEEVVVAAANCEEE
iiiRREEELLLIVVincccA'SS
iiRrrooolIIIvaancEs
IIIrrrrEEELevvveeennncaaaeeSS
iiRRRrrEllOOvvvaaNNNcccyy
EERRrrOlEviiiNNCCyy'sss
IRraaaLLLEEVVAAAnnt
IIIrrrrrEElluVOONNTTLLyy
URRrreeeLLIeeVVVeBLLEE
uurRReeLLiggiiiOOnnn
ARRRRiLLIIgggAAAuuuNS
IRRRRRAAAllOgggiiuuuis
IRrrrelugggiUuslly
IIIRrEEEliiggIIeUsNNNEssS
IIIrrRRRiilllEEEgaaooUSNNEEEsssSSSES
IRrreemmmiiiAAAbbbllU
IIIrrrRREEEMMEEddeeeEbbblAAA
ErreeeMMMoooDDieeeBBllY
IIIRRRROOOmmiiissSSSIIBBBlO
UrrrreemmmoovvvOBBLLLE
IRrrEEpAARRRObbbollliiitY
oorrrreePeerrriiBBLLu
IIRRRRRRIIIPPorAABllleNNNUUUSSS
IIrrRRRIIpoooRRAABBLLyyy
oooRRRReeePPPuuuulaBBlla
IRRRrrEppplaciabbllEE
iirRAAApppruuuSSsiBILLLItIIIaaasss
IrrrePRRReeessssIIIBBBiLLIttty
IIIRRrreeePPPreSssooBLEEE
IIIRrePRRRuuuSssEbblyyy
IIIrrrreeepprrroooAAACCCHHaaaBBBLeee
ErrrrrrAPrrroooaccchhAAABLYYY
IIIrressistUbbIlleeetttYY
IRRrEESSIIIstiiblllee
IRRROssIIISStttibbLENoosss
eeRRRUUUSisstteBBBLLLy
iiRRRRRESSOOOLuBBlla
irrrRRRosssooLLuuuTTEE
IIRRROOOsssOOlllOOtOOOlllYYY
IIIrrRRReeeSSoluttunEEEssS
iiirrrrrreSelluuuTTTaaaNNNESsss's
urrrRiSSoLLuuTTTiiiOOnnn
UUUrrRREEESSSOOOLaTTooon'S
UUURRrrUssooollVVAbllooo
IIIrrrrresspppoooctIIvvvuu
iiirrrRRRIIIsPPPEEccctIIIVVVEELLLYY
iiRRREESpppIIIrrraaabbbLLEEE
eeRRRrrruusssPPaNNNsIBBBuLLLitty
iirRReeeSSSpiiiNSSaabbiilIIIttYYY's
IIIRrrussPPPEENSSIbLLEE
IIrrRRReSpppIIInnSSiiibLLIIINeeesss
oRrrreeeSSPPPONNNSSeebLLLIINNUUUssSSSis
oorRRRIIIsssPPooNNNsiiiBBBlYYY
iRRrrriissPPoooNNNsssaaaVi
UUUrRREEETTOOOnttOOOVUU
IRRRrrrEEEtttRAAeeVVVaabbuuLiTTy
AAARrEEETTrrreeEEEVVVuBBla
iirrrrrrOOTTTRIIIAAAVAbbblleeNEESsss
uuurRRRuutrrrIIIeeVVVeeBBBLY
iRrrEvvAArruuNcO
iiiRROvvvERRRONNceee'SSS
oorrrrIvvvEEErreeNTT
iiirRRUVVeeeRRReenTTTUal
iiRRRREEVVEERRenTTllYY
iirReeVOrrSOObbbeeLLLiiiTTTAeeSSS
AAArrriiVErSObOOOLLLIIItttYY
IrrREvviRSSSIIIbbbLLE
IRRuuuVVVErrssEEEbLYY
UUURRRRRIIIVEECCCaBBiiiLaTy
iirrUUvvOOOCCuBBBllEE
AArrrrrreeVVViiicciiBLLUnnnEEsss
irrRRoovvvecccaBlllYY
irrrraaGGGooobbblee
IIIrrrrrrAAgggITTe
EEErrrRRAAggATTEEd
AAARrrrAAGaatIIISS
IIIRRRrrrIIIgggittEEENNNG
IIrrrrraaaGaaTiOONNN
uuRRRrrrIGEEETTOOoooN'sss
aaaRRReGGaTiEnuuuL
iiiRRRRiiGGGaatEEErrr
IIrrRRRoooggoouuuUUUSS
IIrrrrIITTTaaabbIleeeTTYYY
aaarrrrrITUbbIlllITTYY'ss
UUUrrRRiitABBBllleee
IIRRRrrreTTTIIIblllEENNAAASSs
aaarrrRRRITOObbblllYYY
IIrrrreeetaNNNTT
IIrrrRRaatttEEEnnTTT'S
IIIrrrrrITTannnttts
aarraTTTaTEEE
uRRRRRRAAAtoottEddd
IrrrRRRiiTTTAtttUUUss
UUrRRIIttaaattooNNGGG
errriitttuuutUUnGGGLLyyy
aaarrRRuuuTTTIITiioonnn
iirrroTTAttiian'S
iiiRriiTAATIOOONNNsss
iirrrRRiiitttaaTTiVVAAA
OOORRRRRRUtOOOTTOrrr
IIrrruuppptt
irroooPTTTeeeD
iiirrRRRUUPTiinGG
IIrrIIIppTiiiIIInnn
IIIrrApppttIIIONNN'SS
eeeRRRRooppptIOOONNNS
EEERRRRupppTEEEvEE
OOOrrRReeepTTSSS
iisss
ooossEgggaGGGE
IsAGGoooGGeeCCCS
iiisssAAlLLLOOObaRRR
ISiiitttOnnn
isssCheeeMMMiiee
IIISSCCCHHHEEEmmmIccc
AAssschIIU
IIIsssCCCHHEOOOMMM
eesEEENTTrOpeeec
IISSUUNNNGGGlAASSSSSS
iiissiinglllOOSSS'SSS
OOOsssLooonnd
ISSLLaaNdd's
ASSLLIINNNDDDeRR
osslOOOnnnDDEEr'ss
ISllaNNNddeeeRRss
UUSSLLAnnddSS
iisllO
ESllee'sss
EEssLEs
iiiSliit
iSllliittt's
IIslllAtttS
iiiSSSM
OOssMMM'SS
UsMsss
iiSSn't
IIssOOaaagggggLLaatIInnooTTTieeennn
oSSIIIIGGGGGluuuTTTonnniiNN
UssOOOBBBaar
iiiSSoBBBeeer'S
aaaSSSOBBBaaaRRRiiiccc
ISooBBooorIIISSmmm
OSSoobbaaarrrs
EssaaBBBEEEtttHH
iiisUCCChheeeImmm
isssOchheeeRRR
IIssUcccHHHrrEEEMMMaaaTTTiCC
isssooocHHRUUNNiiill
aaassooccchrrrUUnnnoSSMM
UUsseCHRROOONooozzuu
IIISSSOOCCHHRRUUNNNooaaass
iisssooChhRRRooOOOuss
ISSSooCCLLLeeeNalll
IsaaaccLIINNNUU
AsaaaCCCRicccyy
IISSSECCCYYYaaannnaaaDDE
ISSooddieeemmettrrIcc
ISuddamUUUrPHIIIsssMM
AAASUDYYNaaaMuCC
EESooollecttRRRonnuuuC
iiiSOGIIIMMMEEEttee
IIISSSogIIMMeeetttuuSSS
IISSOOGaaamiiEESSS
aaSoogggaaamYY
iiSSOggLLLOssSS
iisAGOONN
iisssooGGeeeniiC
IIIssaaLLLAAttO
isssooLLLiiTi'SS
IsolAAtttiDDD
OOOsaallATOss
iisEELAAATINNggg
uuSSSoooLLLUtttiiionnn
oSSSullAtiiiuNNN'ss
iiSooollAAATTuEEEnnnoSSMM
IssOllatiioooNooSSSm'S
IIIsoooLiiiTTIUUNNNiiSStt
IISSSUUlAAtooouuunUSTT'S
ISSooollEEtuuOONNossstttss
iiisOllEEEtttiVooo
iiisssaLLLaaatAAR
UUSIlAAAtORRsss
IIISSoooLLuuuccEEETHHHEEElll
IIssuuuLeeeUccennEE
iisssalUUEcINNNeeSSS
uusOOLLiiNo
EESillOGGoooUUUs
oooSSooommOOgggNNEETUUc
OOOSSSOmmerrr
iiSSSOOOmmEERRR'SSS
iiiSSSiMEEERiiCC
iiiSSEEEmIIIRiisssm
iiisssOOOMEERRRUUSmmm's
isssoooMMMAARREEEZZEEE
iSSSeemmuuuROOOUUs
IIISommaaarrsss
AAAssoommmEtRRRAAACCC
UUUssOOMMuuTTrriCCCaaaL
ISSSooommmuTTTRiiiCCaalLLyy
iisaaaMMMEEETRRRICCCSSS
AAAsoMEEtttRRRUUUCCCSSS'S
IIIsssUUUMMMiiiTTRIEsss
eeeSSSoomiTTRRooppEEuu
IIssOMMEETTTroooppoaas
iisssOOOMMMEtRRRY
ISSSOOMMMAArrpppH
OOOssseeeMorrrPPheec
iiSSuuuMMMOOrrrPPhhhIIIsssM
iiiSOOOMMIRpphhiisssmmsss
IISSumoRRpppHHIIIISS
IIIsOONNNooaaaZZZID
iiiSSOONoooMMMyy
IIISSiiOOCCttennEE
iSSooopaarrrIIMEETTrIIICCAAALL
isssaaaPPaaeeeSStooCC
OsssOOPPPllaTTTHHH
ISSSoopppLLLeeTThsss
OOSOpUUddd
osssooopppoDSSS
iiSSUUUpprEEnnII
IIISSSIIpRoppAnnnoL
iiiSAAAPPRRooPinuuuLLS
IIIssIPrrrOOppYYL
iiiSSSEEEsssCCCoollleSS
isssOSStaassY
iSSISTuTTTiiiCC
AAseeesssTTTeeerrEC
EESSOOTTHeeeRee
uussOtthhhurrM
IIISSSUUUTHEEERm'SS
isOOOTThheRRMaalll
AsssuuuttthhheeeRMMaallLYY
AAAssseeeTTTHoooRMMSSS
iiSootUnnnUUU
iissooottEEnnnUUUcc
iiSOOOTTTopppAA
iiisssuuTTTAAAPoo'SS
IIISaaatttOpppeSS
osseeeTTOPPPEEEcc
OSSOToPPUUcOOOlLLyy
ooossATTToooPy
oooseeettrrINNN
isOTTTRooopIIC
IIsEttroopppeeSSmm
iisootrroopyy
IIssSSeu
IISSSssOaaaBBBLLE
AAASSSSSAaaaNNcII
issssIIIANNccI's
AssSUaannTT
iSSSSSSuo
uussoEEE'SS
eSssIUUdd
OOOssssoEErr
iiisssSSuEErrr'SS
IIIssSSSUUUeeerrrSS
UUSSSsOeSSS
aaasssssAAeeeNNggg
IIIssThhMooo
aaasstttHHHMMMiuuN
aSSttHmuuSSS
oooSSSTTThmoS'ss
uuSStthMMMIIISSSUUS
UUUstLEE
IITT
iittt'dd
IIIT'Llll
utt'ss
iTuccooolluummmeTTooo
iiiTTALLiiCCC
ItttUULLLeeec'S
iitalluCCCooZZatttIoooNNN
ETTOOLLLEEECIZooTTiiiiiNNN'S
iiittAAALLEEccIIIZZZI
iiTAAAllliiicuuZZZEDDD
utAALLIIccciizzzooSSS
ItttUUlliiCCuuuZoooNgg
iitaaalluuccSSS
ATTOOLLLACCCS'SSS
OOTcccHH
IIITTCChh'SSS
ItttCCHHEddd
IItttCCCHHHEEEsss
iiTTTchhiieerr
oooTCCChhhAAAESSt
eTTccchhIInoSSS
attCCHHiinniisS'S
UUUTccchhinngg
iiTCHEEnggSS
ITTcchhhYYY
iiittimm
iiittteeemm'SS
IIItEEEMMUUUZaaTTTiUnnn
ITTooMMMIIZZZAAtaaEEnnn's
iiitttAMIzee
UUteeeMMIzed
ITTTAMMMiZeeRRR
OOOttiiimiZEsss
iiiTTTEmmeZUnGGG
ittummSSS
ItttErAte
uTuuruuuTTiiiD
ItttUUrratttaaS
IItEEREETTTIIINgg
uuuTErOtttiiooNNN
iiiTTTeeerrIIITTTAAAiiiNN'SS
ottteeeRaaaTTaaooNNSSS
oooTTirrAAATTTeVVe
eeettterrooTTTAVVVELLyy
IITTEERRUUTTIIIRR
AATTTORATIIIRRS
IIIttthhYYpphhhUUULLiiC
aatiNNeeRUCCCY
uuTaanneeerrOOONNNccYYY
eetOOOnnErrEENNTT
iTTTaNNNERAnnnT's
eeetttooniirrraNNNTTTlllY
IITTTUUNNNerAAnnnTTSS
etiinERRoRRIIiiiSSS
OTIINNNUUreRyyy
OOttuuNNNerrrOORyyy'SS
iTTuuNiiiRRAAtttEE
eTTSSS
eeeTTTsseelllFFF
IIViooodd
OOVAAIIS
IVVVerrEOOS
iivvviiRRyy
IVVOOryyy'sss
UVYY
IIVVVy'S
uuuWWeSSS
IIxxiaa
iiiXXTlla
eeZZZAARDD
EZZzAAArDDD
jj
JJJA
jjiBBB
JEEbbb's
jjABBBBBBeD
JAAABbER
JAAbBBUURR's
jjaabBeeeRRooddd
JJEEbBBOrrrEEr
jjjAABbbEEEREEErrr'SS
JJJubbBeRRIIIRRRs
JJOOOBBEEERUNggg
JOBBBEErrsss
JJJaaaBBBBorrrwuckkY
jjjabbbbiiiNNGG
jjAABBBOrrrAAA
JaaaBBIIIROOs
jjjAABBOORUUUnnDDDi
JaBBBUt
jAAAbbOTT'ss
JJAAbbooTTSS
JJaBBBsss
jjjacIL
jjjoooCAAMER
JJOOccuuuMaaarrrss
JJJaccEERRaaNdddaaa
JaCCaRoNNdddAA'SSS
JiiCeerrAANNNDDAS
JaaaCCCOnnntHH
jocunnTTThhs
JJJAAAcckk
JJJiiiccK's
jACCCkkaaaL
jjUUUccKAAll'ss
JEEECKKKiiiLLSS
JJJEEckkANaPPaaaS
jjaCCkkkAANNAAPPesssEEsss
JJooCCkEEssS
JJAcccKKKossss'SS
JaCCKKKosSSSeS
JaaacccKbbbOOott
jjjeeeckBBBoooutt'SSS
juccckkkbbOOOIIteedd
JJJaccckkkbbbaoTsss
JaackkdddAAAW
jACCkkkDUW's
JJaaacccKKDAAAwwSSS
jjACCCKKuDDD
jjjiCCkOORRRUUO
JAAACkkEEtt
JJJAACCKKEEt'SS
jaaccKiitUUUd
jjAccckkeeeTTTsss
JJJaacKKFaasshhh
jjIIICKKKFFrruutt
jjjaaackkkffRUUiiiTTTS
jaaCCKKHHaammmmmeRR
jAAACkHHEEmmmMMEER'SSS
jAAACKKKhhhAAMMmeerrrSS
JAAACCkkkEEEnggg
JJJaaaCCKKKKKnnniiifffi
jAACkkkNiiifffee'SSS
jjjAACCkkkkNNNifffIIIDD
jjaaCCkkkkknnIIIFFFES
JaaCkkkNOOOfffiNNNG
jjjACCkkkKKKNIIVEEss
JIIccckkLLEggg
JJIICCCkkklliiiGGGhhtt
jjAAAcckLuugggHHHtttID
jAACKKKLLLIgggHHTeeerrr
JUUcckkkliiiggHHtiNNNgg
jaaaCkLLLighhhtts
jACCCKKLLEttt
JaacccKppOOT
jjjicckpOOOtt'SS
JJJaaackpppOOOTS
JJAccckkrrAAABbbEtt
jjjaCCCKKRRAABBButtt'ss
JuuuCCkrrrEEBBBBIIITSSS
JaaaccckSS
JJaaCCCkkksssCRREEEwww
JJJuuCCksCCCRRRUUwwS
JJJaackkSSHHHAAAftt
JAACCKSSmmeeLLTT
JJJicksMooLLTTs
jjucckSSnnIPee
JAAccckkkSSSTiY
JAAcckkSSTrraaawww
jjjaackkkStRRRAAAw'ss
jiCCkkssTTTRRAws
JJAcccOOObuSSS
jjjuCCCOOOnnettt
jjACCCQUaaRRRd
JJJAcQUUUaaarrrddd'SS
jaaccttEtUUuuN
jjjuuctttAAttIoNNNs
jjjAAACCCTTTOOOTUUtuuooNN
jaaaCCTitaaaTuuuaaaNNSS
JJJaaaCCCUUUZZzzIII
jjAdE
jAAdEEE'S
JaaDEdd
jjAAAdddOOOdddllYY
jUUUdOOODNeeeSSSS
JJEEEdOOdNNNESsss'SS
JJJaaddUUUitte
jjjAAADeeeETOOO'SSS
Jodddeess
jjjIdddiiNNNg
JAeGGGeRRR
JAAAeeegeeeRRsss
JJooggg
JJaagg'SSS
JJJUggGGuddd
JIggggiiiDERR
jjaagggGEdoSSSTT
JuuGGGggeeedddllYYY
jjeeeGGGGGaDnnnESSSS
JuuggiiidddNNeessss's
jaagGGEEERRIIOSSS
JaaaGGGGGGEry
jjAggggiiORRR
JUUUgggGGGaaeeesss
jjjaGGGGaEESSStt
JoGGGgY
jEEggSSS
JAAGGuuuERRR
JaaGGiiIIIrrr'SSS
JJJAggguuArrS
jAGGuuuaaarrruuunndddIII
JJJoguuuRROOOnnndEEss
jAAAuul
jjAAooll's
JJJAAeeLLLBBiRRRdd
jjAAilllBBBIIrDDD'SSS
JIIIIlllBIRDDsss
JJJooIILBrreaaaKKK
JJAAeellBRREEaaaKK's
JJJAAAiilbbRREEEUkSS
jjjAeeeliiD
jAAAiiLLLErr
JJJooIILLLeer'SS
jOOOoolEEErrSS
jaaaILLLHUOsee
jaIIIlllhOOOSeeeS
JJaaAAAllleeenGGG
jaaAAAlluuur
jjAAiiiloRRR'SSS
jjjaaaOOOlOOrrSSS
jjjAiiLSS
Jaaakooos
jjookkkosseeess
jjALLoPPP
jjjolllAPiiiño
JJJIlllAppeeñiii'ss
jaalllapAAñooSS
jjaaLLLoooppIIeeeSSS
JJaallooopYY
jjAAAlOOPyyy'SSS
JJaleeeesssiee
jALLLeUsssiiie'S
jAALLuEssIIIoooSSS
JJaM
JJJaaaMMM'SSS
jjjAmmbbb
jjjOOmmmbb'SSS
JJJOMMbALLLoYYYUUU
jEEEMBBaLaaYYAA'ss
JJAmmmBBeiiiuuu
jjjuuuMMMBBBeeAuXXX
JJaaaMMBBirIEEE
jjoommbbbIIIrrEEEEE's
JJJUUUMMbbbOOOrUEsss
JJJAAMMBBss
jjOOMMMMeeddd
JJiMMMMuuuRR
JeeMMMMMMiierr
JJAAMMmeESStt
JJJaaaMMMMMIIInGGG
jeeeMMMmmYYY
jjAAMMPOCKKed
jaaampppeeeNNN
JJJaMPPunS
jjAmmSSS
JJANNNee
JJJoonnnGGGLLLii
jjoonGlEE'sss
JANNggLLuudd
JaaannngLEr
jeengggLLLeeRRR'SS
jjannnGGlaaaRSSS
jAAANNGGGLaaaSS
JJOOONNGliiiNNgg
jaaannnGllyyy
JJaNNAtttOR
JJJiNNIIITTTAARRR's
jjjaaaNNNIIttturiiaaL
JJJuuunnniiiTOrrrsss
jjaaNNNitttrrESsss
JJAAPAAN
jAPaaN'ss
JePPPEEnnEEEd
jjaapppANNnaaNNNGGG
JoPPaans
jjUUUppE
JJJaPE'S
JuuupiDD
JEEEPPEEErr
jAAppEEErrYYY
jjAppaaSSS
jjOOpppuuunggg
JJJeePPoNNAAACCCAA
JJJAAApEEEniCCCaas
JJJAArrr
jAAAr'SS
JJAAARRdiiiNNNOOOèRRREE
jUUUrrrdIINNIIèrrII'S
JiRRddiiNNIèrrEEEss
jErfffUUl
jjjarrrffUUUlll'ss
JJJAAArrfffulss
jjArrggeeeNN
JJJArrGGIINNN'S
JJJIrgggOnaaaSSSTTIIccc
JJaRRRGGOOONooZIII
JJJaarl
jjeRRRUUUssiitttuuu
JJJARRRRRAAAd
jjjaaarrrIIINg
jjjaRrruNNNglyyy
jAARRRSSS
jAARVVVeeyyy
jjEEESSMUUNE
jjOOOsssMMMoNee'S
jjOOsssmmmiiinnEESS
jjaaaspaaR
JEEEsPPPaR'SS
jjATTAA
JJaatta'SS
JJAToss
JAaaNNdddiiCO
jUUUunnDDDIIccU'SSS
joooOOnndddIcceeeDD
JauNNNdddiCCEEESS
JJJIIUUUndiCCAANGG
JJAAAuuuNNTT
JJJAaaaNNT's
JJJaaaaNNNtUDD
jjauNNttEEeRR
jAiiinnnttOOeSSt
JJJAEnnTTIIlYYY
jjAAunTIIINEEESSsss
JJJOuuuNNNTTUNNNoossSS'S
JJJaaaUUNNNttIInnnGG
jooiNNNTss
jOOuuNNTYY
jjAAvvaaa
JJJaaavA'sss
jjaveeeLLLiinn
JJaavvEllAnnn'SS
JJAAvAlAAnnnsss
JJJaaWW
jjjiw'S
JJJEWWWBBaaNII
JJAAAWWBOOnnniii'SSS
JAWWWBBBEENIIDDD
JJJawBBBOOOnnnEESSS
JuuwBBIINNooonnng
jjaaawwBBBReAkkEErrr
JJowwBBBRRREaaaKKoooRR's
jiiWWWbbbRREEEekkkERss
jaaWWWeeD
jaaWWWIIINNNGGG
JJJawwwlleesssSSS
jjjooowwlIInnnIII
JJJAAWliiiNNeeSS
JEEEwwSSS
jayyy
jjjaaayy'sss
jIIIYYbbbiiirrrd
jjjEEyyybaRRRD'SS
jjOOOYYbbORDs
JJays
JJJaYVVVeeeaa
JJaaYYYWWaaaLLKKK
JJJAAAyyyWaaLLLKKEDD
JJJaayWaaalkERRR
jjjAAyyywwilllKKKoorrr'SS
jjaYYYWWWIIlllkkkEERRSS
JJJEEEYYwwwIIILLLKKKiinnng
JoooyywwwAALkINNGGG'SS
jjjuYYYwwwellKKsss
jjooozzz
JJJooozzz'ss
jjiiiZZeDDD
jjaazzEEsss
JJAAzZAURR
jjuZZZzzIOOsTT
jjjiiZZZZillYYY
JooZZzonnnEESSsss
JEEZzzzIInnng
JAAZZZMMMaaannn
JJJIIzzZZMMMeeNN
jAAzzzzyyy
JJJeeeAAAlAAAUUSSS
jjOOAAlllOOUUSSiaSSS
JeeeaalllAAiislly
joooAAAllouuuSNNeeesssss
jjjuEEloesyy
JJeuullOOESSYY'sss
jjjEEANNN
JJJAAAn'SSS
JiiiAAANsss
JJUUUUnSS'ss
jjaabbEEll
JJeeep
JJuIIP'ss
jjiiiePPEEERRsss
JJUUeePPPs
JJEEEeeerrr
jeeeeer'ss
jjjeuurOOOdd
jeiRREErr
JJEEEerrooNNGG
jjeoRAANNNggg'ss
joooEEERRIInnnglllyyy
jjjAAaRSSS
JJUUUeeeZ
JJJefee
JUUUHHaad
jjjUhhAAd'S
jjehhhIdSSS
JJJEhhhU
JJJEEjjuunAA
JJiiijjjuuunnIIIl
JJeeejaanEE
jeeeJJunEEllY
jjIJuNENeeeSSSSSS
jjEjuuuNNNeennAAAsssSSiiSSS
jjjiJJJuuunnnUmmm
jjUJJOnIMM's
JEEEJJJAAnUUMMMs
jjAAAllllll
jeelllLLLiiBBaa
JJJeLLLLEEEbbaaaHHH
jjjEELLLAAABBBoos
JJJeelllleeDD
jjjaLLLEEed
JEllliiEEEsss
jAAALLLLLoFFIEEEDDD
JILLLLLIIfffUUUeSSS
JJJOllLLIIFFyy
JJeeLLllIFYYYuuuNg
jjjeeeLLllAANNNGG
JelllLLLooo
JIILLLLLo'SS
jjjeelllls
jjjiLLLyyy
JJooLLLLLY's
jjEELLLLLLYBIANNN
jUUllYbeeeuuN'S
jjeelllyyyBeeeaaannnss
jjjelllLYffOsHHH
JoooLlYYfAASH's
JOOOlllLLYYYFFFIISSSHISSS
jjjEEELLlllYYYiNG
JJeLLLLLyLLLuuuKKu
JJAllllllYYYRRRElllL
JJaaLLLLLyRRRoolLLL'ss
jEEEllllYrrrOOOLLls
jjjUUUmEEdddUUUrr
jOmmmMEEIIdd
JJJeeeMMMMMMEEUsss
jjjuuummmyy
JJJIIIMMMMYYIInnnG
JJeeeNNNnATTT
jjEnnnnniiTT'S
JeeNNNetttss
JJIIInnnnnIIeeSS
JJJeennNyyy
JJJOOONNNNYYY'S
jjEOpAAArdizzzE
JJEEEUpppAAArdUZZZEDD
JEEOOppArrrdddIIIZUSS
JJeeeUppooRRRddiiizzAAAnG
JJJAAAeeppUUUrdOOUUUs
JOAApArrDDDYY
jjuEEEPPPAAARRRdYYY'sss
JJJeeeQUUUIIIRRRIIITTyy
jIIRRRbbbAaaa
JJERRRBOas
jjARRRomIIIiiiDD
JJJEERReemmmuud'sss
JJJErrAmmiiiOOODs
jEEReeeddd
JJeeeRRRK
jjAArrrk'ss
JaRRkkkEddd
JJJiRkkiioor
JJaaaRRkkkiiiesTT
jjuurrrkkkUUULLLy
jjjiiiRRRkkkinn
jEEERRKKiiiNN'SS
JurKiiiNNNEEEsssss
JeeerKKIInnneSSSS'sss
jEEErrrKKiiinGGG
jjoorKKKAANsss
JJeRkkksss
JErrKKKWaaaTTTeeR
jjEEERRRKKKyy
JIrrrkkYYY'SSS
jjuuROBBEEEAmm
JJJEERRooBOOEEEMMMS
JJuurrrRREudd
jEEERRyy
jjeeeRrrryyBIIIllTT
jjEErrRRyCCUUNN
jjjUUrrrrYcAAANSSS
JERSAyy
JerrSeeYYY's
JJeeerrrSeeYYs
JJJeeeSsss
JJEESSSSSSAAMMIIINNNE
jjjeeSSaaMMMinnU'ss
JJUUUsssSSuuuMMUUUnnneeeSSS
JIIISTTT
jjAAsstt'SSS
JJJeeestttEEEdd
jjjisssTEER
JaassTorr'ss
jjjEEsssTTTIIrrS
JJeeesTTiinnng
jjjEEssstttooonGLy
jjeSTsss
jjjEtt
jjjeeTT's
JJEEETTlllaaagg
JJJEEETLLLuuunnuuR
jEEttllliiiNNNor'ss
jjjAAATllUUNNiRSS
JJJEEEttppirrrt
JJuuttpOOrrrTTT'S
jUUTTTPPPooorrTTTss
jEETS
jjoTTsssammm
jEEtttssUUmm'sss
jjAAtttted
jjeTTTTiieeeSSS
jjjeeeTTTTTinng
jjEEtTESSOON
jjeeetttIIssoNN'SS
jEEEtttTTTAAAsuNNNIDDD
JeTTTTTAASSSiiiNiNNNG
jjjeettTTTEEsssonnSSS
jjjUUUTTTttooNN
JEETTtttYYY
JeeTTTTyyy's
jjjEwwwEll
juWWWEELLL'S
JJEEEWiillOOODDD
JeeWWiiLLEERR
JJEEEwwwOOOleR's
JEEEwwellORRRSS
jjUUUWWWiiLLfisshh
jjjuuWWWEElAAng
jjjEwwweeLLlEDDD
JJoWWELLlERRR
JJeeeWEEElllLLeeRRR'SS
jeewwwuuuLlErrrSSS
JJJAAwwEElllLLLiiNNNGGG
JEEEwwwOlrOUUUs
JJJIIwaallrryyy
JeewIIlllrrYY'SSS
jaaWELLLS
JEEEwwwiilllwiieDDD
JJJeeeWWeLLLWWWeeeddsss
JJEwwwFiiiSh
JoooZZZUBELLL
jjeZZeeBBAllss
JJJgg
jjjuuuB
JJIIIb'sss
jjIIIBBBbbEEDD
JJiiiBBooorrr
jIbbbbennG
jjjibbbeee
jjjiiBBE'sss
JJJuBBeeDDD
JJJEEBBBEES
JaBIINNNggg
jjibbbsss
JaafffF
JJIIff'SSS
jjjOOOffiiEEs
jjjEfffFss
jjiiiFFFyy
JIIffffffY'ss
jjjAAG
JuuuG'ss
jiGGAbbbUAA
JJiiiggubbbOISS
jjjiiGGgEEDD
jjIIIggER
JJOOOGGGGER'ss
JJeeGGGeerrrEED
JJEEGGGAARRUUnnnggg
JJJIIIGgggEErmUUSt
JOGGGGGeeerMMMIIIsssTTTS
JooggGEERRRSSS
JJJuuuGgggoooNNGG
JJIGggllI
jjugggLLLe'S
jiiiGGGGGGllEEEd
JiiiggGGlEEs
jIIIGgleEERRR
jjiiGGglliiEESTT
jjOOgggGGGllIINNNGG
jjiigggLLyyy
JIIIGss
JJIIIgsAWW
jjjaaaGSAAAWWW'S
JogggSuwEED
jjIggSSAAAWWWiNNGG
JOOOgssawwwNNN
jjIIIGGssIIwwS
jjjOOHiid
JJJOOHHaDD'sss
jiHeeedSS
JJJIILLLL
jjjIIIlLLIIIUUNNN
JiLttt
jjELtt'S
jiiilToooDD
JJJiilllttInG
jaaLTTS
JiimjUUMMsss
jjAAAMMMMMiEEEDD
JImMMMIIIIS
JJJIIIMMMMYYY
JJJeeemmMMYYY's
jjjiiMMmmyEEnnnggg
JJJOOMMMssIIINwwwUUoodd
JiimsaaaNNNWWAAAEdd'sss
jjjUnngLLe
JJJiiinnnGGGluu'SSS
jjEEngLLLEdd
JinnnGLUUUss
jaaanngggLLLoOORRR
JJJEEENNgggLLEEesssttt
JJJIInnnGLLINNNG
jjjiiiNNNGGGlYY
JJuNNgggo
JJJIInnnGGGIIEEESS
JJiiinnngOOiiSmm
JJJooNNggEEEiiisssM's
jjuuuNGGOuuSSTT
JJIIINggguiisssT'SSS
jAAAnnngggooiiSSSTecc
jjjiiNNNGOOOASSStttSSS
jjjenkkk
JJJIINNkkeeeDDD
JaaNNNKKUnGG
JUUnnkkksss
JJJiiNNNn
jjjiinnNN's
jinnnnEaaa
JiNnnIII
JJuuunnnNNOO'S
JJiinnnNIISS
JUNNNsss
JinRRRaaCkkkShhAAA
JunnnRRRICkSSShAAA'ss
jjjaNrucksHHHEs
jjiiiNrriKKKIIISShhhaaa
jjjiiinrrraakkkeeeshaa'S
JJooNrriiikkkiiSSSHHHEss
JJUnxxx
jjjiiNNxx'ss
jjInnnXXXEEEd
JJEnXXUSSS
jjjIInnnxxxEEEnnngg
jjjaPPPIIJApeee
JJitttnnnayy
JiiittNNNUUUYYY'ss
jiiiTnEEyysss
jjitTTeeerrr
JiitttttteerrrBBBuuuGG
jjjAAATTTTTerrbeeeg'SS
JJIITteRRBuuuGGGGIIId
jUUtTTTuuRRBBUUUGGGGaarrr
JIITTtoooRRBBUUUgGGerr'SSS
JJuutTeeerBBuGGGggiiing
jjjiitttTTTORRRBBBaaGSSS
jIttterrrIIAARRR
JJAAATTteRieeesT
jjiTTERRiiNessss
jjEEtttoorraaNeesSSuus
JJJiiTTTTerrrS
jjIItTuuRRsss'S
jjiittTToRRYY
JEuuJJeeeTTSo
JJIUjItSSuuu'SS
JJIIIVuuu
JIIVAAA
jjjiiVVEEE'SSS
jjoooVOODDD
jjjOOvvErrr
jjjuuuVVVesss
JIIvEyyy
jjjiVVVIINNNG
jUvvvYYY
jO
JJIIIaNNnnIIIs
JJOb
Jobb'ss
JJoobBBOOddd
jobbEER
jOBBBBEEERRR's
jjjOOObbbeeRiuus
jjjAbbbBBBERRRS
jaaabbbBBEERyyy
JJJOOObbBIIInnnGG
jjObbHHHIILLLDDDeeRR
jjUUBBhiiLLderr'ss
jjAAABBBhhoollddduuuRRRss
JJJebbblass
jeeBBLLEEESSSsNNNeeSSSS
jjjoooBBBlEEESsNeSSSSS's
jjjOBSSS
JobbSSShhherrrII
JJeeeBssHHHaarASS
JJJObbsswwwoooRRRth
JJABBBSSWWWORRTThhsss
juuCKKK
JJJoCCKK's
jiiiccKuYY
JeeeCCKAAAYY'ss
JJJoCCCkkkEEEyed
JOOOckeeYYUUUnnG
JOOcKEEYS
JJeeeckkkU
jocccKss
jjOOCCCksttRRooP
JJJAAACCKKsttrrrAppp'SSS
JJOOOCCCkksstRRRAAAppss
jjUCCCiSSE
JJJeeeCOSooollyy
JaaacoSuuneeesSS
jOOciiiSeeNNOSs'S
JJJooccOOsITyyy
JJOOOCCCESSSuuTTTYYY'ss
jjeeCULLLARRR
jjjOOcULLLOOrrEEETTy
jjjoceeeLLLoorrriiiTTYY's
jjuCCIIllooorrlY
JUUCCAAAnnnddd
JJIIccinndUTTy
JJJoCiNDDDIttY's
JJooccUUUNNNdddLYYY
jooodddhhhpppoRRR
JJJiiiDDDhppuuurS
jjOOODDhhhPARRss'SS
jaeeeYYY
JJJuuEEYYSSS
JJogg
JJOOOGGG'ss
jUGgggEEEDDD
JJoGGgAAAR
JJOOOggggeRRR's
JJEEEGgerrss
jooGGGOOONGGG
JJJooogggUNNNG'ss
jOGGGGLLeee
JJJEEEgggGGllla's
JJJEEGGglEEEDDD
JJJooogggGGGLLEEESSS
jOOOgggglliinGG
jiiggSSS
jiHHHaaannNNNAs
jjjiiihnn
johhnnn's
JuHHHNNNIIIEESS
JJJuuhNnYYY
jOOOhnnnnnny'ss
jOOhhnNNyciikkEE
JeeeHHnnnnYYCCCukkkE'SS
JJOOOHHnNNNYcIKKKAsss
joHnnSS
jjOOOoonnn
JJJAAAiiiNN'ss
jjjOoNNNdeRR
jjEEunnniD
jjEiiinaaarrr
jEEinnneRR'S
JooInnniRRSSS
JJJOOuuNNNIIrrryyy
JooIIInnnEEERRRY'SS
joooIIINNIInG
JJooiiiNNNsss
JJoInTT
jjjooIINttt'SSS
JoooiNNTTTeeddd
JJiiiONNNttUUURRR
JJEinteeRRRS
JOiiNNttIIngg
JOOuuNttlEssSS
JJiiIInntttllY
JJJIIInTTTRReeesS
JJoiiNNtS
joAAnTTTAArrEEE
JooUnTTuuurEEESSS
jjjoooaanntttwwOORRRMM
jjeeUNNNTWWWOOrrrmms
jjooouuuSSSttt
JAiiistt'sss
JOuussTTTS
jjOOJJJooobAAA
joKKUUU
JJJoookkke'SSS
JJJakkeeeDD
jjjaKoorrr
jjjOOOKKKirrr'SS
JJJOkUrrrSS
jjjIIkAAAss
JuuukkkiiiSSTTTEErr
JUUUkkkEEssTTarSSS
jjoKKUUyyy
jOkkkUiiRRR
JaaaKiiiEssttt
JuuukkkiiilY
JJookinnngg
jjjOOOKKKInnnglllYY
JJuuuky
jjOllllaId
JOOLLLllaaar
jjeeLLLlIIIIIS
jjjooolllLLEEEeessTTT
joollllllUFFiiiccAAAtttIIAAn
jjjOLLllAffiiCooTIIOOOnn'SSS
JOLLLLLifocccaateeuuunnsss
JJooolllIIIfffyyy
jUUUllllUUUlllY
JJOLLllOOnneSSSSS
jjjooLLllooonnnAAASSSsss'SS
jjjilllllitttYY
JiiLLllliiiTTY'ss
JJJOOOlllllyy
JJeelllYY'SSS
jjjuuuLLLllyyEnnnggg
JJJEEElllT
joolllTT'S
jjOOllltttIDDD
JJOlllteeR
JoLLTTTeeR'S
JooolllTURsss
JJJooLLtaaaAArr
jooLLLTTiiieeSSTT
jjjelTToonnnGG
JJJOOllltSS
jiiilllty
jjaaannnGGlOOeeR
JJJengLLeeeUrrrsss
jEEENNQEill
JJooNNNQIIIaLLL'sss
jjoNNNqEEIIlS
joooooKK
JJJoRR
jjjaaaRRnuuDDDA
JORRIIMMM
jjOORIImmmSSS
jjOsssh
JJJooSShhh'SSS
jjjoossHIIIDDD
jOOSSShheeer
jjjooshaRRR'SS
JJoooSHHeeerrs
jOOSSSHHuuuS
jOSHHHuuNgg
jjjooSsss
jAsssssseesss
jjjosTTTLEEE
JJJOOSTTTlllOO'SSS
JJossTTTLEEDDD
jOOOssTlllooorrr
JoosTTTlliss
JJeeStttLLLUUnnnGG
JJoottt
JOOOTT'ss
JJootttAA
JetttSS
jOtttUddd
JOOtTEEER
jjUUUtttTeer'ss
JJEEETTTtteRRRs
JJootttUUnnnGG
JJJUTTTTIIING'SSS
JJJOOtTTaNNNGGGss
jjjoooAlEE
jjOulEE's
JJouuulllEEEss
jjjEaanCCaa
JJOOUUUncceee'SSS
JJoooIIINccceeddd
JJJOOOUNcccEEEsss
JJOUnnCCCIIIEER
JJJOaNCCeEssTTT
jjooEEENNCooNNGG
JJiiunnCy
jjjIIIURRnnAAll
jjourNNNaaall'sss
jjooArrrnnAAALLLEEssE
JJOuRRNUlEEESSe's
JOuuurrrNNNAALLiSSM
JJJAAaaaRRNNOOlllosMMM'ss
jjAuuurrrnnnAAlllIISTT
jjjOOOuuuRRNaallloooSSSTTT's
JJoUrnnillIIISSttiCCC
jOUUURRnnnAALLLIIIssstttEEEcuuuLLLlllyyy
JJJIurrrnnaalliSSSTTS
JJeeuuuRRRnnnaaallIIZaa
JJJOOirrrNaLLLLeD
JJoeeerNNaaaLLLIInnGGG
jjEuuuRRRNeelllSS
JAUUUrrrnneyyy
jjIurrrnAAYY'SSS
jjjOUUrNNNaaaYYeD
jjjaaEErrneYYYOOOrr
JJJooUUUrNNNeeyeeerr'SS
jjOOUrrNNEYYYEERRRS
JJOOuuuRRRneyyyIIIngg
jIIurrnnEEEYmaaN
JJJUUUUrrrNNeeyyMMaaaNNN'sss
JeeaarnEymmaN
JJOOOOrNoYYYss
JOUUUrrnnEEEYYYWWARRK
jaAAARNNeee
JJouuurrrnnnOss
joUUSSST
joouussst'SS
joooUssTTTEd
joouuuStaaR
JJJoAAstAAr'SS
JJJOuSTTEEErss
JJooUUSSSTiiNNNggg
jjjaaaeeSSSTTTUUUNNNGGG'ss
JJJOEEStsss
jjOOViiAl
jooVVeeeaaalEtY
JJJOviiiaaLiiitY'SSS
jjjEEEvEEAAAlllyyy
JJJOOOWLLL
JJJowwwL'SSS
JowwllliERR
jjiiiwwwLLLIIeSTTT
JJJUwwwllss
JJJoWLLLy
JAAY
JJaY'SSS
JJJOOOyyyaaannCCCUUU
JoooYYYAAddd
jjjeeYFFFeeLLL
JOOOyyyfffeLluuuR
jjjOOYYfaaLllISSTTT
JEyyyfffELLlYYY
JJaaayFFFelllNNassSSS
jjoooYfulllnniSSSs'S
JJJOyyyIIInnG
jjjiiiYYLASSsss
JJoyyllEESSSsssLYY
jAAAylleSSSSNaaasSSS
JJJOOYlllaaSSssNIIss'SSS
JJuuuyyEEUSSS
JoooyyooouuussLLLY
JJUUUYYuueeesssNeSSs
jUUUyyyOUUssnAsS'ss
JoooYYROODDDDDOOnn
jjOOOyyrrridde
JJJUYYrrruDDEE'ss
JJJoYYYRRRIIIDDDERR
jjOOOyyyRUUddeerr's
JJJoooYYRRRoooDeerrrSS
JoyRRRaaDDEESS
jjjaayRIIdddIIINGG
jjOOyRRRUdduuunngg'SS
jjOYrrrOODDDO
jjeeeyysss
JIIIyyySttiiiCCkk
JOOYYYssTTIICCCkkk's
jjOyssTTTIIIccckkkSSS
jjuuBii
JOObbbBAHHH
JJJAABBBE
jjjUUbooolllUUUnnCee
JJooBBiiLLLiiNNNCesss
JJJuuuBBUUULAAANNT
jjuBBBIlaanntttLLLy
JUUBBiLLeetaaa
jjjUbilOtttEEDDD
JobbOllITTTes
jjUUUBIIILaaTTIIInngg
jjjoBBBIIILLLaaatttIIOONNN
JJJUUBBIIILoooTTTAaan's
JoooBBBIleeEE
jjOOBBBeLiie'S
JJJUUBBBiiiLeeES
JJuuudDDEER
JJudddddeRRooDD
JJJuuDDddiiiRRRiiiNGGG
JJaDDDDDDeeeRRs
jjUUUddGGGaaa
JJJuuuddGGOOO'SSS
jjoddggEEDD
jUUDGGiMMMEnnTT
jiDDgEEEMMennt'ss
JuuDgEmiiinnntAAl
JJJuuddgggEEMAAANNNTTSSS
jjjuudddgggOss
joooDDGGGOOSSShaapp
jUdggEShhhAAAPP'SSS
jjjEddGGGIIInnGG
jjAAddgggMEnnnt
JJuDDGGMMMuuuntt'S
JJJuDDDGGMMoonnnTAAALLL
JuudddgggmmmEnTAAllllly
JJJUUUDggmmeeeNNNTTTSSS
JJJIDiiiCIBBBli
jjjUDDDIIccAAtttiiivEE
JuuudddiCCCAAtttOOrrr
JJuuuDDUccAATAAARRRiiiIIISS
jjedIIICCoooTTTAAArY
JUUdddiCCITTooorrYYY'SS
jjuDIIIcAtttURRee
juuDDDEEECCAAATurrUU'SSS
jjjuddIIIccciiAALLL
juuudAAACAAeeellllyyy
JODDUCiiiAARRRAAAUUss
jjiddACiiiirrrYYY
JJIIIDIIcccaaaARYYY'ss
JJUdddUUUCiieeeIIISSS
jjUddeCCCuuuiUssllYYY
jjiidIIccIIoUSSSnneeessSSS
jjiidiiiCauUUUSSSNNEEsSS's
JJuDDDooo
jjUUdddOO'SSS
joddAAAoosst
JJJodoooKKKAAA
jOgg
JJuug'SS
JJiiiGGAAAL
jjUUUgaTTA
jjUGGGFFuuuL
JJJUGFULL'S
jjjuugggFFuuuLLSS
jjjUUUGggIIDD
jiggaarrrNouuT
jjjuuGGGGEErrnnneeuuT's
JJJuuGGgggErrNNNaaauuuTTs
JJJoGGGGGONGGG
jjjOOGGGgIIInss
jjiGgglllE
jjUUGgllle'sss
jiiGGGgggLUUUdd
JIIIgggGGGLLLeeR
JEGGGGLLeRR'SS
jjUGGGGLEERs
jjogggggllIIIrrYYY
jjjuuGGGGLLOOrrYYY'S
jjiGGGGLLLEss
jjjUUGGGGGLIINgg
jjuuugggglOnnGsss
JJJOOOgHaaaAAADDD
JJJuGGGlllAAANNdddUUUCCCEEOOuuusss
JJuuugS
jjjOOOGGGuulIIr
jjjUUgggulloooRRR'SSS
JaaguuulllAARRRs
JJJiGGULLaTE
JJagggUUMM
jjjIIIccooo
jIaace's
JEEEIIIcEDDD
jueeeCeeRR
JEEUUCCCEEErr'sss
JJJeeeiiCCAAARRsss
JJJuuIccceeeSSS
jjEEooCiieerrr
JJAiiiccuuuEEEStt
jjjIIIEECily
JJJaaaicccAANuuusSSS
JJeeeicccooonneSSSS'ss
jjuiccIINNGG
jjjUUEcccyyy
jjIJittsUU
JJEEEJiiitttsssUUU'SSS
jjjuujjO
JAAJJJUBUU
JUUUJJJOBee'sss
JuujjjOOBESSS
JJiiijjjuSSS
JuuuJaTSUUU
JUUUjuttSSSEE'SSS
JJJUUUkkE
JUUkkkEBoox
jjUUUkkkEEEbuXXX'sss
JJJUkkEbbbIxxeees
JJUlEEEppp
juulllEP'ss
JJEllePPPss
jjUlIaannEEE
jjuuMBLLLeee
jjemmmblE'S
JJJoooMbbblloodd
JUMMMBBLLLaas
jjjuuuMMBBBlIIInnggg
jjuuummmBBBooo
jAAAmbbbUUU'sss
jjuuuMMMBBBAAs
jjjaaaMbbuCkk
JJUUUmmmPPP
jIImP'SS
jjjuuMMppOODD
jUUUMPEErrr
JuuuMMMpEERRR'sss
JEEMMMppiirrss
joommmPPaaaaR
jAmmmPPPiiiiistt
jjjommmpiilly
jjjoommpUUnneeSSSS
jjooMPPPiinEss'SS
JuuMMPPiiNNggg
JUmmmPPPs
JJJuuumPssooIITT
JJJuMMpppsUUUEEETTT'SSS
jjUmPssuUUtS
JJUUMMPPPY
jjjuuNN
jjjooonnccaCCooiiiss
JJJuNNcccoo
jIIInnncOO'SS
JJJiNNCUiiSSS
JuNNNCooS
jUUUNNNCCTTTiiOOnnn
jjuNccctttIIIiiinn'sss
jjjUUUnnnCCTTeeoNNNEEl
juuuNccctttIooNNNss
JJoooNNNCCCTEEre
jANCCTUUREE'SSS
JJJUnnnCCTTTuuuRRESSS
JJJUUnnGllE
jjunnnGGlllee'sss
jjjuuunnglllUUgyym
JANNNGGGLLLoSSS
jjjUUNNgLLeeeEErrr
JaaanGGGllUUIsst
JJuuuNGGllYY
JoooNNIoor
JuuunnUUUOORR's
jjjiNNiArIItYYY
JJJuNeeeorrrsss
JJJuuunniiiPEEERRR
JJINAAppEEEr'ss
JUniiiPPEEErSS
JInKK
jEENNKKK's
jUUUNNNKKKUUUDDD
jjjuuuNkkeeer
JuuunKKKiR'sss
JJJaaannKEERSS
jjjUUUNNNKKEETT
jjjOOOnnnkkOOTT'SS
jjjIIINNNkkEtttaaadd
jooonnkeTTTeiiiRRR
jjjUUUNNkkkaaTTEEEOOORR'ss
jjuuuNNNKeeettOirrrSS
jjjUUUNNNkaaatttiiirr
jUnnkkkaaatteeerrr'ss
jAAANNNkkeTTTEERSSS
JJJUUUnKAAAtooongg
JJJONNNKKKUUUtttuuuNGGSS
jIIInnkkkEEEtttss
JJJOnnnkAAIII
jaaNNKKeeee'sss
jaaNNkkkEEur
jjuNkkkeeeEEs
jooNNNKiEESSSt
JJEEENNkIInnnG
JJaannnKMMMannn
JJuuunnkkkSS
JJJuunnkyyy
JUUNNkkkYYY'SS
juNkkYYAARD
jjUUUnnkkkyyyarrDD'SSS
jInkYYYArrrDDDS
jjjUnnnTa
JJUnnnttAAA'ss
JJAAAntaaass
jjjInTooo
jUNNTToss
jjjuuPPPoN
JJIIIrrraaa
jjuuuRRIL
Juuurrreeettt
JJJuuuRRROOOteeeryy
jjjuRRRILLL
jjuRRUUUdacc
JUrEdduccAAALLL
jjjuuRRiiiDuuuCCCaalllyy
jjjuuuroooESS
JuruussccOONNNsulllttt
JaaarIIIsDDDicccTTTuuAAN
JJEERRRiSSDIICTIIIuNN'SSS
JJOrrIISSSDDEEEcTIIOOONaalll
jIIrOOOssDDoCttIIIINsss
JaRRRiissPPRRuuDiiiNcccEEE
jjjORRRIsPPReDEEENNCE'ss
jOrrIIsPRRRoodennnt
JJEEERRRiissprrAAdddaannntIoooL
jjjuRuuuSSSTTT
jUUrriiSSSttt's
JUURRiiSStttuuC
JJUUUrrrIsssTTTuCCCaaL
juuurIIISSSttS
JJJuuurroooRR
jURRROrr'S
JJJurrooRs
jjUURRRYY
JURRY's
JJUrrYYYMMMInnn
juRRyyMMMaN's
jjuurrrYmmmEEN
jjjuuurrryywwOMMaaN
JJUrrYwwwomiinn'S
JJIRRRyyWWooommmonnn
JJJuuusSSSivvuuu
jjjUStt
juuuSSSteRR
jjjUsTTESTT
jjuuStAACCOOO
JUSSTTIIIcuu's
jUUSSStiiiccooSS
juuusssTTTIICeeSSShhhiiip
JJuSTTTucccIIIaaabbllliii
JJJaaaSTTTiiCCCiiiaaRRR
jjEssstttIcccioorrrIIIesss
JuuuStttiiCIIeers
jjAAStiiiccuaaaRRyy
jjuSSStIfffiAbiLLAAty
JOOstttaaFFFaaaEEEblA
JJeeSSTTTIIFFiiAAAbbbLLyy
jasttiiiFACaaTIIon
JJosssttEEFFiccoootUOONN'ss
JJUUsTiffiicccUUtioonnnS
jjooostiFFIICCCOTORYY
jjjusTTTIIIFFOEEEDDD
jjAAssTIIIFIIERRR
JJJOOSSSTTiifIIeeerSS
jUUUssstttIffEEEOOOS
JJJUUSTTIIFFYYY
JJJIIIsTTofYYINNGG
jaaSttlllU
JJJUSSStttlly
jjjUUUSStnnnissss
JJuusssTTTNiiissss'S
JIIITTT
jjUt'ss
JJJUUUtto
JJuuutee's
jjjEEtS
JJuuTttteD
jjjuuuTTTTTiiiNGGG
jutttTTy
jjOvvvENNNiiLL
JJiveeNNESSSCEEEncEE
JJJAAVVVEEEnnnEsCCCeeNNNcceeesss
JJUUVVViiiNNNEEEscceeent
jiVeeenniiilEE
jjeeveeeNiiiLLII'SS
JUUUVVVennuLLaaallY
JUVVeennnaallleennnAsssss
JJeevEEEnnIILLLeeSSS
JuuuvvEEEnniiLLii
jjeeeVVVennnILLLIIItAUsss
jjoovvenAAlITTY
JJJoooVVVEEniLizzE
jjUUvvvIInIIIliizzzODDD
JJUxxTaaappOOsEEE
JJJoooxTTaappasssudd
JJJixxtEEpiiisssEES
jjuuXXttopppeesiinnngg
jjjuuuXTTuuPisoTTTIIIoNN
JJuuuXXXtAAppposssIIItttiiOOONNN's
JeexxtuuPoSIItAAAoooNaal
JuuuxTTTaapppESOOTiiiOONNNSS
KK
kkkHHHz
kwww
kkkA
kaBB
KaBBBBBBUUULLLihhh
KKiBbbAAALLUUhhhSSS
kaaBBBIIlEEESMMM
kUUUbbbBBBaaLEEEStt
KEEBBBBBalUssTTTic
kibbooobbb
kkAAAbiiB'SS
KabbbOBS
kkAAABBBooammm
kIIbbUUkkkIII
KKKuuubbEEEKKEEE'S
KKaaaccHunA
KKKaDDDisshhh
KKKADDDdddiiissshh'SS
kkkUUdduSSShhhEEsss
kkiiiddO
kAAAFFfffiieekLAtCh
kkkoofffFFaekkkLAAAtcH'ss
kkkUfFOoookkkLLLAAtttccchUs
KuuFFFFFoooEEkkklaaatttssCCCH
kAAFFFFEakklUUttSch'sss
KKKoooFFFffEEEEEEkklaaTsssCCHHHeesss
KaaaffffIIIyyyoH
KOFFaar
KKaFFIrrrS
kkkIIFFFTTTaaaNNN
KKKaaaFFFTTann'SS
KOOffftAAAnSS
kkkaGI
kkAAAHuuunnnAAA
KOOOiiiAAAKKK
KKKAiiiF
kkkaaaILLL
kOELS
KooouullyyyAARRdd
KaaiNNN
KaaiiiNNNITuu
KOOIIInIItttEs
KKKUUiSeeeR
KKaiiisssuuurr'SS
KKAAESSeeRRDDeeeMMM
KKKAAiiSeeeruusMM
kaaIssEEErSS
kkAAuuSSaaRRRshhhoopp
kkkaakkU
kakkkaappA
kUUUkkeeeMMMOOOnooo
kkkAAAkkAA
kkukuuSS
KAAAlee
kiiilEE'sss
KaaLLEOddiiSSSCCCOOOpppe
KaaaLAIDDuuSSCCipppi'ss
kAALeeiiDoScccIIIPPPeesss
KALLOOiiidddoSSCoopppIIIcc
kkAAlllEIDDDASSSCCiiipuuCCCAAALLLLYY
KKKaaaLeeNddS
KaaallEEEYiiirrrd
KKKeLLI
KKKEEELLLEEEAAAn
kaaaLLuuuAAANNSS
KKKiLLuuufff
Kiiilllaaaffsss
KKeeelllIImmmBBBII
kAAluuS
KiiLMMIIIaa
kalllmmIuS
kkaloonnnGG
kkkELPE
kkkaaallpeeKK
kkaLLsssOMMiiiNNe
KammeAAIInnne
KUUMMMAccEEETiii
kkeeeMEEEllU
KKKooMEEE
kkkUmmiii
KKeemmOkAAAzI
KAAAMMMiKKooozzee's
KKKAAAmIKKKEzzzaS
KKaammpOOnnnG
KKAMssEeennn
kkIInnnaa
kkiiinaKKAA
KKKanngggEEERRRuuuO
kkOOOnnnggiiRRReE'S
KANgggaaRRaaaooSSS
kkkIInnnJJJIII
kkkAAnnntiiiR
KUNzzu
KOOOnzzAAss
kaaAAAlllUUuuuNggg
kkkeeoooLLLiiiinnngsss
kkkaooolllIINNN
KaUllAnn's
KKKAAAaalllIInE
KKKEoollliinnEss
kAAAiiLLLanniiTAAA
KKKIIOOllaaaNNNUUttooos
kooooonnn
kkkaoonnSSS
KKKaaPPPhhh
kkkaaaPPHHsss
KKAppok
KoppUUkk's
KKKuuPPPPPPaa
kkUppppooo'S
kkUppPESSS
KKKaaaPOOOttt
kkeePPPUUtttT
kkkOORAAkuuuLL
kArrruuKUlll'ss
KarrrEiiiKKOO
KaaRRAAAoKKKE'SS
KKKAArrEookkkeS
KKAArrrUt
kAAArrAAAttt'S
kkaaRATTee
KKKUrrruTTEEE'SSS
kkUUURAATTS
KKKaaRRRma
KKUUrMAAA'SS
KURMAAAdHHHAARAAAYIII
KKKiirrMicc
KKAArmuuceeLLLLYYY
kAArrAssss
KKKURRRsttt
kkARssTTIICCC
kkkaarStoFFFIIIcAAtUUAAAn
kkarrssTeefffyyy
kARTT
KKKORTT'SSS
kAArrTTTSS
kkARRRyyOGGAAMMYYY
KKiiRYYYOKKKiinnnEsoSSS
kkkAARRYYYuuLyyyMMPPPhhh
kiirrrYElyysssUss
KKaaarrrYYOOpppLaaasssm
KAryOOplaaSSSmmmSSS
KKAArrrYYoSoooMME
KKKAryyyOOTTIIInnn
keerYOtttyyppi
KaaaRYYiiTTYYYppos
Kaaasshhha
kkkaSShASS
KKKIIISSHHAAArr
KKoShmmmAAAr
keeT
kIteBBAAASSiiSS
kkkAAAttaaabbAtIICCC
kUUUTTTIBBoliiissm
kkkaaatttAkkkaNNNU
KKEEEtttHuuuRSEEss
kkIIthhUURRRssisss
kkkUUTTTYYYdddIIId
KoTYDDDiiidd'sss
KaaaTTyyydAAddSS
KKAtzzzeeNjjjaaMMMMAAArrr
kkAAuuRRRii
kkkAAIIRREES
kkkAvvAA
KAVaaSSS
kaaYYaKKK
kkaayAAAkkk'SS
KKAAyOOOkkkeeedd
KKAyyyAAAKooR
KAAYYYaaKannngg
KKKeeeYYYAkEnnng'SSS
kAAAyyyaaKKSSS
KuyyI
KKaayUU'sss
KaayOAD
KKKuuuyyyoooiiinnnggg
kkAAAYYosss
kkkazzacchhOK
KKiiiZEEOOO
KKKuzzzIIIii'sss
KezzOOOsss
kkbbb
kcc
KKCCColl
kiiOO
KKKeAAASSS
KiiibbbiBBB
keebbbaaBBB's
kkkeBBBAbbSSS
KKKEbbbAb
KKEEEBBIIIbbb'SS
KeeBooBSS
KKoccKKK
kkkuuuD
kkkEDDDaahh
kkkuuDgUU
KKKeDGGEERREaa
kkEEDDDGiiirrIIEEESSS
kkkooeF
keeeek
KeiiiLLL
kkoooEEEll'ss
KeEEllbbIIIoooT
kkUELLLAAAdd
kkkEEEeLLhhhUUuLLL
kkEeeLLLhauulllEEEdd
KEEEeellhUUUoooLLing
kkkeeeeLhhhOUUULLs
kkEEAAAllIIInnGG
KKEillSS
KKKeElllsssOONNN
kEEEllSinnSS
KKIIANN
kkkeeEn'sss
keINAAADD
kkeeaaNuurr
kEEENAASSTT
kkoooEEEnnnIINNNGGG
KeeeEEENNNlllY
kkkaaaeeeNNNNESSSSS
KEEEEEENNNneeessssss'SS
kAAAeeennnSS
kkiEEPPP
kkEEEP'SSS
kkiiEEppERR
KKiiEPooRR'ss
KKKiaPPiirrrsss
kIIIEEppiNG
kkkAuppaaNNgg'ss
kkeeeaaPPPS
KeeeeeppSSAAAko
kkEEEEPsssUkke's
KKKOOOAAApppSSSaKKKeeeS
kEeessHooonnnD
KKKeeeeShhooNDDs
kkkUUFF
KKKEFFFfffuyEHH
Keeg
KKEEGGG'SSS
KeglllEr
KeGs
kkkEiiissTTUUUR
kUUUiiisssteRRss
kkooAAATLLLaaaEEE
KKElllLLyyy
KKKULLLIiiDDD
KKeeelllPPP
kElllp'ss
KeeeLLPAeee
kkelssOOON
KKOOltt
kkkelllTTTeeRRR
kkooollVVIIInnn
kEEEllvOOnn'sss
KollVaaaNNS
keeen
KKKAAnnn'SSS
kEENuuFF
kkkanuFFSS
KKKEEnDDOOO
KKKAnnnNNNEEEddd
kkeeeNNNeell
KKKEEnnNNell's
KKONNNNNNallEEEDD
KKiNNilllAAANGGG
KKOnnneeeLLLllEEddd
KKeeeNNNNEEELLLInggg
KKeeNnnnaaLLSSS
KoonnninnnGGG
KKEEnnnnnnEEnnGGS
KKKEENNNoo
KKoonO's
kaNNOOgeeeNisOs
KiiNNiiisssAAAsss
kkkensss
KONssspuuCKlllUUU
kkkaaNNNtt
KAAnnnTE
KKKUUNNTTTllEEEdGGGEEE
kkeeep
KKuuPPii
kkkUUUPii'SS
KKEEEpiiisss
kkkeeePPtt
kEERREmmOOC
keeRammmiCCCSSS
KKIraaToooN
KeerrEETTTiiiN'SSS
keeRRUtiNAAzzzeee
KKKIRaatInnuusss
kkurraaatitiDDASSS
kEErAtUUTTTooos
kkkeeeRRaaTooogINNNoooUSSS
kkuurrrAAATooId
KKiiRRRAAATTOppplllaaastiiiSSS
kkkAARoTTAAplllaasTY
KKEEErrootOOOsssEE
KeeerAtAAseeeSSS
KURRRaaaTEESSSIs
KeeerrbSIIIDDDi
KKKeeRBSStttunnnEE
KKErrrbbbSSStttEEnnnooos
KKuRRRchhheeiiiFFF
KKKAAArrCCCHHIIIEEFFF's
KuurrrChhhoooeeeFFFss
kkkOOrrccchIIIEVVuuss
kkkeerrrF
KKKUrFFiiiffflo
kkaaRFFuuuFFFfffLLEEEsss
KKerMMEES
KKaaRRmuuusss
KKErrrn
KKKAAArrrnEEE
kkEERnnAAd
KKKerrnneeL
KeeeRRRnnaall'sss
kkkEEErrrNaaLsss
karrNNNAngg
kkErrniiTTTE
kAArrrNNEEttIIIs
KKKaaRa
kkkaarrOOsOnnnE
kURRooosinnnEEE'SSS
KKKoooRRRUUSSuuunnnE
KKEEErrroSeeeNNee'SS
kkAAARRPPLOnnnKK
KeeeRRRSEEEyy
KKErrSSIIIYYmERRRee
KKeesttREL
kessTrreeell'SSS
KKEssstttRRRellSSS
kutttchhh
kkkeeTTTCCCH'S
kAtChoos
KKEEttCCHHHuuPPP
kkkETCCHHuuP'S
KKETOOOnne
KKiiTUNNNuu
kkkaTTaaaneeeSSS
kkkeettoooNNNAArrrIAAA
KKKeeeTTiinnAArrreeeAAsss
KoooTOSSEEE
kkkeTooossASSS
kkkEttOsssAS
KKEEEtTTlllEEE
KKAAttTTLe's
KKEETTTTTLLeeeddrrOOmmm
kkkAATTLLLedRuuM'SS
kkEEETTTllleeDrroommmmUUrr
kkEtttttlEEdRammSSS
kkkUUttTTTLLEEEfOOOlll
keTTTtttles
KKUUUVoool
kAAX
KKeeeyyy
KEyy'S
kkiYbbOarrrdd
kkkiYbbbeARRRdd'SSS
KeeeYYbbOOEEErDDDiid
kkkaaYYYbbOOOARdaaaRR
KKEyybbboooOORRRdddeeeRRR'sss
KEyyyBBoooeeRRDDiiirrrs
kkeeeYYBooaarrrDDingg
kkkeeeYbbbooouuurDiSTTT
KKKAYbbbOOaRRDDIsssTTT'sss
kkEEEYbaaiirrDASSSTSS
KAYbeeuRDDSSS
koooyCCIIIRRRD
kkkIIyEEEd
KKayHHHeeeLLeee
kkuuuyhiillluuu'SSS
kkEyHOOlES
KaYIINGGG
keeeYYYNNOtteee
KKEEyNNNoooTTTee'SSS
kkeYYYnnnOOOttteeddd
KKAAYYnnnootttuuurr
KKKaYnUUteer'sss
KKKEEYYYnneeTooorrrss
KKeeyyyNNNUUtttAS
kkEEyyNNNooottIIINg
KaaaYpadd
kkeyyypaaadd'SS
kkkUYYYPPaaDs
kkkIYYPPannncH
keeyyPENNccHHH'S
kEYYpppuuuNCCCheeeDD
kkeeeYYYpUUUnnnCCChEr
KEEEyypeNNNCCChEEErrr'ss
KooYPPPuunCChEErsss
KuuuyyyppInnnccheeess
KKooYYPPPUUnncccHHiiinnnG
kkEEYYrrraannGGG
kkkeYYYss
KIySTTeeennnee
keYYYssstttEEENNEEE'S
keeeyyStttONeS
KKKiiiyyysTTTRuukkEE
kkEyySStttRROke'S
KuuuySStRRRuuuKKKEEsss
KuyywwAAAyyy
kkaaYYYWOOORRdd
KKKUyyyWWWirDDD'sss
kkeeeyyywwwOOOrDDDs
KKHHAAADDDDDAAr
kHHHaaakki
KKHHHaaKi'sss
KKKhaKIIIsss
khhhuuuMMMSSIIInnn
kkkHAAANN
KKHHHaaaN's
khhUUnnnITeee
KKKHHoonnS
kHHHaaRIIIFF
khhuutt
KKKhEDaa
KKhudivvvEE
khhoooEEEM
KhhhOUUmmmSS
kkEE
KiiiAAnnGGG
kkIiiiNNNgS
KIIIBbbbLLE
kkkIIBBBbbLLOOO'ss
kkiiiBBBBBlllADDD
kkiiibbbbbLuus
KKooobBBBLLLiNNNGGG
KEbbbBBottzz
kABBBBBBottz'S
KKKiiiBBBBeTTZZZeess
kkkiiBBUUtzzIIMM
kkiBBbITTTzNNNIK
KKiiiBBBbUTZZnnnooKSS
kkIIbbEE
kIIBEEEss
KKiiBiiitkkkA
KKKUUBBAttzz
KaaabIIIttzODD
kkOOObbuuuTZooRR
KKKiiiBatZZZeeeRRR's
KKIbuuutZZoRss
KeeebbboooTzzzass
kkkIBBIITzzziiNNNgg
KKKobbbLEhhh
KUUboossHHH
KKKIIIBISh'ss
kkICCCkk
kkkiiick'SSS
kuuuCkBBAAAccckk
KKKIIIcKKbUUCCCK'S
KKIccKKKbbAcKKsss
KKKIccKbbeeeLl
KKKaaaccKKbbbuuuLll'sss
kkiCCCKKboooXUUUnGGG
KKEEECCCKed
kkkIICCkkkARR
KKIIccKKKeerr'SS
KKKaaaccckkIIIrs
kkkiiCkkkiarr
KKIccKKKooeeesTTT
kIccckkinnGGG
kkUUcccKIIffff
kkkiiCCkkaaaFfff'sss
kiCCCKOOfFFFs
kkIIIcKss
kkkuccckSSSHHHaaaW
kkkuuccckkksssHHHaaaWSSS
kiccKKssseerrTTTEEEr
kkIccKSSAArrTTAAARRRsss
KiCKSTeeeNddd
kooccKKsstttANdd'SSS
KKKiiCCCKKsTTTEEEnnnDDs
KaacccksstOORRRT
KKIICkkkyy
KKKIIDD
KUddd'SS
KKoooDDdddaaddd
kkkUUdDIRRR
KKKIIddddAr'ss
KOOOdddEErrrs
KKKoooDDIIIuuu
KIIDDdddIIIiii'sss
KKIIdddddiiaaS
kkeeDDDDungg
KoDDDdiiinggLLLyyy
KKIIIDDDDISSSh
KKOOdddDDOOO
KeeDDdduu'ss
KKKidddooEEs
kkkoDDDoos
KKEdddDyyy
KKKOOddddyy'SS
kkiDDnnnAAAPP
KKuuuDNNuuPPPEEd
KidddNeeePPPOOr
KIddNaaapppoorr'S
KKIdddNNNOOpiirs
kiDDDNNaapiinnGGG
KKKEEEdddnappppppED
KKIDnnappppEEErrr
KIDnIIpppppeerrr'sss
KKKiDnEEEPPPPPeerss
KKIdnnnaappiinnGG
kkkIIIDnnnaapppppIIINgg'SS
KKKiDNNOPPpppIINNNGGss
KKIIIDDDnnnappS
kkIIIDNIIIY
kIIIddNNNEEEYY'sss
kIdddnnnEEYSSS
kkkuuDDDSS
kidskkkiiiN
KKIIDsskkkEEEnnn'SS
kkkIEEEFFF
KKKiiiOOOLLLBBBIIIssoo
KKKEeeeLbuusssaaa'SSS
kiiAALLbbbaSSSaaaS
KKiiieelbbAsee
KKiiEEllbEEESSYY
KKKuuOr
KiiieeessUUllGuhhRR
koooaaSSSEEllgggIIIhhRRS
KKKIIIIISOOORRRAAtOOO
kkiFF
kUUUkkUUU
KKIkAAASSS
KKooolllDDDiiRRRKKEEN
kkiillldIrrKKuuunSS
KKKill
kkIILll'SS
kkoolLDDDEEEirrr
kiiiLlldddieRRR'sss
kIIILLlldAEErsss
KKKIIIlllleeeD
KKKOOOLLerrr
KKKIIILLLeeR's
kkkOLLllliiirrsss
KKilllllucccKK
kiiLLiiFFisshh
KKKiiLLLLuufeeesHeeesss
kkIIlllLLinggg
KKUlllloNGGG'ss
KKIILLLlENgggsss
KIIILLLllJJJOY
KKAAAllllJJJIIyy'SS
kAAllllJJJeyyss
kkkiiillLLLsss
kkkEELnn
kkkiLLLn'sss
kkIlllnned
KKilNNNaaNNNgg
KiLLLnss
KKaaalllO
kiiiLOO'sss
kiLLOBBBOOOTT
kkkAAAlobUUUTTTSSS
KKKOLLOOObyTTeee
KKIILLLoBBByTTUU'S
kkkillloobbyttuuSS
KKiillUUUcccaLURRRuE
KKKiillOCCallorIIIIIss
kkkallIIIcccyCCCloo
KKKOOOLLLoCCYCCClEEE'S
KKIlllAAcccyCLEs
KKKeeeLLLOgggRRiim
KollOOggROOmm'ss
KKILOOGrrAMMS
KoooLLLOhheRRRttzzz
KKKIIllleheeRRtttzzz'SS
KUULLOHiiirrrttzEEEss
KiiLLoojaaaaLLAs
kkIIlOOOLLiiiTeeerr
KolllooolluuuttEErrr's
KKilllOloottEEErs
kkIIIlllooommeetErrr
KULOOOMMMoottaaR'ss
killlooommoooTTeeerrrss
KEEElllUUUmEttRRUcc
KKIIllUSS
KKUUlllootttAnnn
KIIILLIItttIIN's
KKeeLOOOTUUUnnns
KKKaLLiiivooolllTTT
KKKAAllloooVAlttSSS
KKiillluuwAAATTTt
KKILLOwwwAATT'S
KKKullOOOwwwaaaTTTSS
kIILLLt
KKKoollt'SSS
KILLttEEDDD
KKKUllltttEEERR
KKooLTTTeeeR'S
KKiLLttsss
KiiMMMbErLUUUtteee
KKKIIIMMMCCHiii
kIImonnooo
kiiimUUUnII'sss
KKIMMOnnoooSSS
kkkUUUNNN
kEn'SS
kkkAANNNuu
KKKIInnUSSS
KKaaannnAASEEE
KIInnd
kiiinnnd'SSS
KKKInnnDDDiii
KKKiinnDDarr
KIIINNDEEERRRgggoorrTTeeennn
KIInnndeeRRgggiiRRRtttUUNN'sss
kaaNNNdderrrGGGAARRRteeeNeeeR
kkiiinnDDIIRRGARRRttOOONAARR's
KKiiNDiRRRgggooorrrttteeeNNNarrss
kkInnnDOORRGGAAARttEEnSS
kkIIINNNDDEEErGGGärrttNNeer
kkkINDeeeRRggäRRRTnnneeer'SSS
KUNNddEEErrrGärtttnnnErS
kkuuunDDEEsT
KInnDhhheeeAArrrteDD
kkIInddHHHoooIIrTEEEdddlly
kuuuNNDDhhhEarrrTTeeeDnnoSSS
kkAnnDhhEiirTTeeeDDNNNEESSss's
kkkUNDDLLLEEE
kkonnDLLEEddd
KKInnddlleeS
KEENNNdLLLESSS
kIIInnnDDlieeRR
KIIIndddLLiiiOOstt
kkkoonnndddLLLiinnneeeSSSS
kiiinnnddllliinaSsss'sss
KKiiindlliNNg
kkkInnnDDDllIInnGGG'ss
KKKONNdddLLYYY
KKKiNDNNNIISSSSS
KKIIINNNDDneeSsss'ss
KKIInnnDnnOssess
KinnndrrrUUDDD
KKKiinnndrrreDDD'SS
KKKiiinDss
kkiiiNeee
KiiNNeeMMuTTEEcc
kIInnnEmAATTTiiCCaLL
kkenneMMaaTicallly
KUnEmiiiTTiiicccSSS
kkkeNNoooMUUtttiCCs's
kiinemmmiiiTOOOGGrrAAPPHHH
kiiNeees
KunnneeSScccopppEE
kkIInneSSScccOOpeess
kkiNNNaSoooCCCSSS
kkOOONNoSSSiOOLOgICCooll
KiiinnnUsiiullEGEEEssTT
KKKiinnnIISSAOluuugyy
kkIInnuuustHHHEEESSSaAAA
kkIneSTTHaaSiiAAS
kuuuNNaasstttHHottteccc
KKEEENNNuTTTaCC
kiinnneeTTAAcccooLLLLY
kkoooNuTTIIICCCS
kkkaaNNEtttiicSSS'ss
kINNFFOOOLLK
KIIInnffOOOlKK'S
kkooonfffiLLkksss
kkiinFFooLKs'SSS
KIIInnnGGG
kkEEENGGG'ss
kONNNggBBuurrDD
kkkEENNNgggBBORRRdddSS
KinnGGBBoollTT
KKKiingggBBuLts
KinnGCCCRRRAFFT
kkOOnnggcccOOPP
KuunGGCCuppS
KKKiinGGGddiM
KinngDDDUUUmm'SS
KKKEEENNGGGddOOOmmmss
kkkIIInnGGGfffaaashh
KKKiiinngfffAAASSHHeer
KInnngfffisheRR'sss
KKINgggFFIIISHHeRRRsss
kkIInGHEoooD
KIINNGGGLEESsss
KKAnggLLLeeeT
kkkannGlOTTTs
keeeNGlllIar
kInnGGGLaaaooSSTTT
KKKIInGGlAAANeesssss
KInnnGlllyy
KAANGGGMaaakar
kinngggmmEEEkkIRRRsss
KeeNggppINN
kkINGGppIIInn'SS
kkiiiNNNggPPIIInS
KKKOONNgs
kkkINNNgggssshIP
KKaaNNNGGssHAAApp'sss
kkingwwoUUdd
kiiiNNNGGWaauDs
kkeeenIINN
KKAANNNK
kiiNk'S
KKKoooNNKKKEEEJoouuu
kkkINNNkuuujjjEUUUs
KKKiiNNNkkeeddd
kkEEEnKKIIuuRR
kannnKeeasstt
kiinkkkiiily
kkiiinkaneessss
kinnnKaannEEssssss'sss
kkkIIInnnkkkEENNNG
kkiiNNNKs
KIInnnkkkYY
KKKAnnNNiKKKuuuNNNaaCCK
KKinO
KOOnnnaass
kannSSFooLLkkk
KuNNNSSSffOOLLKK'ss
KKeennnssshhhIPP
KiNshhhaaPP's
kiiinnSMIn
kkENSSSMAAAnn'SS
kEEEnnsssmmEEEn
KKKIInSwwuuuMON
KKKAAnnSSSwiMMAAn'S
KKKIINSSWWWooMMeeeNNN
kkkaiiSKKK
KKKIIIUssskk'sss
kIIIOsssKKKs
KKKIIpp
KKIIp's
kkkapppPPPEEdd
KKEEPPppir
kkkiiiPPPUURRR'S
KKIIppppoooRRREdd
KKIIIPPPPPIIIRRREENNggg
kkkiPPppAARSSS
KKiiPPPPPINNgg
KIpppSSS
kkaReGUma
kiRKKKmmAAAn
kkkIIRRMMEssss
KKKIIIRsscHHH
KKKIrrsschh'ss
kkiirsssCChhhEEESSS
KIIIrTTLE
KKooorrttLLLUUUS
KKiiSSShhh
kkkuussshhKKuu
KKKAAAssHHKKKOS
kIIssmmmEt
kkISSmEEETT'sss
KIISSSS
KKiiSSSSSS'ss
KKISSssIIbbLLUU
KKKUUUSSSSSEDD
KiiisSSeeerr
KIIISSSSSORR'SSS
kkkissssaaarrrSS
kIsSSSesss
kaaaSSSEEENNGGG
kISSSoFFFf
kkkiiiSsssofff'sss
kkaassSSSoooFFFsss
kIISSssuGRRROOmmm
kEESSSSSSUUUgggrrrUUmmss
KKIISSTT
KKIIITT
kiiTTT'S
KIItbbAAgg
KKKuutttBBAAGG'SS
KATTTbbEEEGGGs
kkUttCHHEEENN
kkIItcccHiin's
kkkIITCCHHeNNNeeR
kkuuuttccchooNNNet
kkIIITTcchENoootttTe
kOTTCCHHHIIInITTTEE'S
kkkiiittCCChIIINatttttteeSSS
kkkItcchhhEENNmmmAAAODDD
kkkIItttCHEEENsss
kkiiiTccchheNWWWeeeRRRiii
KitCCCHHEENWWaaRRRii'SS
KiTTTeee
kitaaa'ss
KOOOtttEEDDD
kkkeeTeSSS
KKKeeetttHH
kkkiiTTH'sss
kiiiThAArAAA
kkkitttooNg
KKItttSSS
KoooTTTSSScccHHH
KIITssscchhh'SSS
KKKAtttSSSccHHuuuNNNIIIsSSS
kkETSChhhYY
kkkAAATTTtteeeddd
kkkotttTTonnn
KKKiTTonnn'SSS
kaaattttuuuNEEESSSH
KKKiiiTttoonnoSSSHHllY
kkkaatTeenS
KKKIIItttTTiiiaaass
KKKiiitttTTTEEEnngg
kOTTTiiiWWaaakkeee
kkkIIttTTTUUUWWWUUUkkESS
kiittTTllUU
KKaaattYY
KooTTTTYY'SS
KKKiitttttYYCCCAATTT
kiiivvva
KUwwwII
kkkeeeWWWiii's
kOwwwIIFrruuITTT
KIIWOfffrrruuuettt'S
KKKiWifffrrEITTTsss
kkiiwwAsss
KKlatchh
KKKllaaaTTssCChh
KKKLLooxxxIIn
kLLAAAxOONNNSS
KKLEPPHTT
KKllEptoominiiAAA
kkkLeppTTTOOMaaanAeee'SS
kkLEEPPtOOmeNNiiiac
KKKLLEPTTEEEMMOnnnIaaacc'SSS
kLLLEppptooomuNNNaaaECSSS
kkllIIIpssppRRiiiNNNGGorr
KKLLonnGGG
KKllOOoff
KKKlAATTTZZZ
KKlluuutZZZ'ss
KKKlllUTTZZZeeS
KLutttZiiEEr
kLLUUUTzzIIIEEEssT
KKluuutttzziiiNAAAsss
klUtttZZZinnASSsss'sss
kkklluuTTTZZyy
KKKlllySSSttRRRoon
KLLLYsssTTRRiiins
kNNNaaaCCCk
KnAAAccK'SS
kkNaaCKEER
KKnnnAAAcKKKEEEraaaDD
KKKNNNAAAcckErrrIIInnG
kkNNuucckkkeeRRRss
kkkNNNaaaCCKKSS
KKKnOOccckkkWWUUURRSSTTT
kkNNaaaCCkkkWaaRRssst'ss
kkkNAAcccKKwuuurSSSttss
KKNNNOOOp
KKnneeePPPppAdd
KKKNNuuPppIIINNNgg
kkNiiipppSSS
kkNNaaaPPssooCCK
kNNNaaapppSacKKK'S
KKKnnnaaaPPPsssOOOCCCkss
KKNUPPPWWWeeeoooDDD
knaaaPPwwwEEEeeeddS
kknnnIIrr
KKKnnnAAAvvE
kNNUVVeee'SS
kkknnevveeerY
KnnUUUVVeerrry'SS
KKNNUUves
KKKNNaavIISSSHHH
KKKnaaaVViSHHHLyy
KnEEvvEEsshhnnnEESSsss
KKNOOwwwol
knneWaaLSSS
KKKnnnEEAddd
kknEiiDDDeed
KKKnneeAAAdOrr
KKNNNoAAADDOrrr'SSS
kkknnnEEeeddeeRRS
kknnniiOdddinnnG
KKKniiaadds
KKnnUE
kNNNAAE'ss
KKnnneIIccAAP
knnniecccAPPP'S
KnneEEECCaaappPPPeD
kkNUECCCOOOppppponnGGG
KNeeeeccAAPPPS
KKKNNeOODD
KKnIIIIIIhhoolllE
kNNeoooEEEnnnggg
knnnaaelll
KKNNeeeeLiiDDD
kkNeEEELLEEnnGGG
kkknEEEeeelSS
KKKnuuEEEpppAAADDD
KNEEuuuPiN
KKNEEEPAANNNsss
kkkNNNEEiiis
knnULLLL
KNNNeellLLL'SS
KKKNelllLUUUddd
knneeLLLlllOOOnnng
kknaaLlS
KKNNNeeLT
KnnnuuuWWW
KnnOOCKKKeeeR
KnEccckEEErrBBBOOcKKIIIrr
KKKnnnIICkkeeRRBiiiCCCKKEERRROD
kkNNIIcckkkeeRbiiiccKKeeRRRs
kknAcccKiiiRRRboooCkkkEERRsss'S
KKnnEEEccKIIIRRss
kkNIIICCCkurrss's
KKNNiicKKKKKNaaCkkk
KKKNackkkkkkNNAccckk'ss
KNNUUUcKKnnaaCCCKKss
KKKniiiFFAA
kkkNNiiifE'sss
kNoofffeDDD
KKNNNUfffESS
kNNNAFaNNGG
kkkniigghTTT
kknUgggHHHTT'S
knnuuuGGGhhhTTEEddd
KKKnnnIIIGGHHHttHHHOOiD
KnnnIgHthOooD
KKKNigHtttHHHAAOOd's
KnnnaaggHHHtthhhuiDDDsss
kNNiiiGHtIIng
knnniiGGGhhTTTllloonnnOOOsssss
kknnUggHHHtlOOOnUUSss'sss
kknnEEGHtLLYYY
KKniigHHHtss
kkNNOOOssh
kknnIIIssshh'SSS
KKnOshhhess
kkNNiittt
kkkniiit'ss
kkknnniitSS
KKNNNiiiTttEddd
KKniiTtteeeRR
kknnnuuuttttUUURR'sss
KKKNNNOOTttEERRRSS
kknnnOOTTTTinnGG
KKKNNiTTTiiNGGG's
KKNitWWWAAAaaRRR
kkNNiiTwwweerrr's
Knniiivvoos
knOObb
kkNoBB's
KKNNNOOOBBBBBEEd
knnnIIIbbbBBBAAAeerrr
kkknnOOObbbiEEstt
KKnnniiiBBBBBllyy
kkNNNOObbbbYYY
kkNNOObbbkkkiiRrrruEE
KKKNOOObbbKErRRRIoooSSS
KNiiBLLIkkEEE
KnnIBBBsss
KNIIcccK
kkNNack'sss
knIIIccKKuuBBIIIUUTTT
kkkNNOOOCCCkAAAbboUUUtttss
kNiiiCCkduuwN
kkNNNOOckDOOOwNNN'sss
KnnnOOCKDDDoWWWnSSS
knAckkkEEEdd
kkkNNuuCKeeeRR
kkNNuuCCKKORRR's
kNuuuccckEEERRRSS
kNNNooocccKKKEEEng
kkkNNNooCCCKKIIINNNGGGss
kknnnoCCCkOOfff
KKnniiicKKooFFFff'SS
KnaCCCkkoFFFffSS
kkkNOOOCCkkkoeT
KNNOOOCCkkUUOTTT'SSS
knnnOOOCCKEEuttSS
knoooCKSS
KKNNNOOOckkkwwIRSSSTT
KNOCCkkkwuuuRRRsst'ss
kkknoCCkkkWWWeRRRsttsss
KKKNNUUUlllLL
KKnnoollllll'ss
KNNOlllLLSSS
kknnnoop
Knnnaattt
kNoottt'ss
knatttGRRRuuuSSSS
KKKNettgggrrrEESSSSSSIIISS
KKKNoottHHHiiilluu
kkNoooTThhhOLLLeee'S
KNotHHIIllluuuss
KKKNNOOOTTS
knnnoottttUUDDD
kkkNNOtttTTTEEEArrr
KKNNNottIIIIIStt
KnnooTTTtaNNossSSS
KnOTTTTTonUUUSssseSS
knnOOOTTINGGG
KKKnUUUttttttY
kNettwwEEEUUDD
KNNiiuuuT
kkNOOuts
kkknnnOOOww
KKNoowwwiBllAA
KKKNOOwwOOORR
KKNOOwwHaW
KKKneWWWIINNNGGG
KKKnnnoWAAANgggLLYYY
kknAwwwInngSS
KKKnAwLeeeDgee
KnOOOwLLLAAADDGGGaaa'ss
KKKNNNOWWllEEdddggEooobbblEE
KNNaawwlaaddgggiiiuBBBLLyyy
Knowwwnnn
KNIwwwsss
kkknuuCCkLLLEEE
KnEEECCCKLEE'SS
knnaaacKKlllEEEBBooNoo
KnnOOOCCkLEEEDD
kkknUCCCkkLLLiiidUssttIIIrrr
KnnUUccckkkLLUUUddUUUsssterrss
KKKNNoCkllEEEHHAAAEEd
KKnuuccKKllleHHiiiEEEddd'ss
kkkNoooCKLehhEEEAddSS
kknuCCKLLEEES
kNNNickklllonng
KKKNNNuuur
KnEERRlll
knuRRRlll'S
kkknnneeerrrllleeD
KNaaarrLLLIIng
kknnirrlllss
KNNNIIrrrlyy
Koaaa
KKoolAA
kkOOOAAALLi'ss
kkUeLLeeSS
kkEEEooNNN
KKKOb
kkkOOOBBBIII
kkAboollDDD
KKKuuBBBOOSS
KKUUUbbss
kkOOOIll
KohLLL
koooHlRRRAbbbEEE
KKKIIIHHLRRRoooBe's
kiiihLraaabiiEESSS
kkkEEHHLsss
KKKOinnnuuu
kkkiiIIINNNEs
kkkookAAANIE
KoooLLII
keLLLIII'SSS
kkkOOOLAAs
kkOOLLONNNSkkky
kkIlKhOOOZZZ
KOOOLKKHHUUUZZZEEES
KKollla
kkUmmUUUtttIIIkkk
KKKOOONNNauuLOGy
KEEEUDDooooo
kkkiiOOddOOaaas
kkoOOOk
kkkuiK'S
KKOOOAKKKAAAbUrrraaa
KKKoOKKAAAbbbuuurraaa'SSS
KEEiiKKKEEEbbiiiRRRRRRaaaSSS
koooOOkkoeee
KooakiER
kOOOOKUUEESSt
kkkiooKINNNaasSSS
kkouKKunnnUUSSSS'sss
kkkuuokSS
kkAooKKyy
kkOOPP
KKKAAApEECCkkk
kkOOPPPeck'SS
koooPPPOCkS
kOOOpppeeeKKK
kkOOPOKK's
kkoooPPuuukkkS
kkkoopphhh
KKKOOPPPJJJee
kkkooPPjEEEss
kkeeerrr
KKKaaarrMMuuu
kkORRSSS
KKKEEreeeNee
KKOrrrunnnAAASSS
kOOOss
KKKeeeSSeeeSSS
kkOSSSHHHEEERRR
KaaShhhAAArEd
KKESShheeeRONNNgg
KKKOOSHHiirSS
KKKotte
kkooTIIs
keeeUUMIIss
kkoWWTTeew
KOOOWTTTOOOw'sss
kkkOWWWtttIIIwwweeD
kUwToWERRR
KoowwwtttOOOwwInng
KKOOwwtUWWSS
kkPPhhh
kkkRRRaAAL
KKKrrrAAULL'SS
KrrrAillsss
KKKrrrAAAffftt
kkraaafffTsss
KRRUUITTT
KKKRREuuutttSS
KKRRAAAkkkEEn
kkRRRIIIaaaTT
KRRAuTTT'SS
krraaaTTs
kkrreeMlllOOn
KrEEEmLLLinnss
kkRRReePPPLLLACChh
kRRRooItttZArrr
kkRRIIIGGGsPPPioooL
KKrrIIllL
KKRREELLL's
KKrIIIMmmEEERR
KrIIIs
kROONNAAA
kkkrOOOnneee'S
KKRRRUUNuurrr
kkRReNNooRR
KKROOOeN
krrrAAAonnII
KRiiiGEEERraaaND
kkkrrIILLLLuuuRR
KKRRUUMMMmmmhhORNNN
KKKRRRoommmmmHHHORnSS
kkkrrYYYpppttANN
kkkRRYYpptttooNN's
kkrrónnnaa
KKKrrróNNAA'ss
KrrrónuRRR
kkkSSS
KuchhheeeN
kkkuccHENNN'SS
KKuucchhennnSS
kkuuuDDDo
KKUUUDOOSSS
kkIdddOSS'S
KUUUDUU
KKUddus
KKADDzzzooo
kkkUUUdddZZZuuu'S
kuuuddzzzuuss
KKKookRRuu
kElAkk
KKuuullaaKKss
kkkUUMMMIIISSSSS
kkEmmmeeerBBUnnddd
KuuumQEEaTT
kUUUmmquAttt'SSS
kkkuuuMMMQQUUUAATTTS
kuunnnEE
KunnnZZiittteee
KKKenziitttES
kkaaaRRRbEsshhh
kkOOrRREEEJoNNG
kkkArRRRAJJJOONNNgs
kkURttOSSAAASSS
kkeerrruss
KKEVOSSSzz
kvvissS
kkkvvOOOssSSUUsss
kkkVatcchhh
KKVVeTTTcchh'ss
kvvvuuTcchEEEDDD
KKKVVVUUttChEEERRR
kvvITCHHHiSS
KKVaattCCCHHHiiiNNGGG
kw
kkkwwwaaaccchhhA
kWWWaacchhhaass
kWWOOnnnZA
KKKWWOnzas
KKwwUUUshIURKKKooorr
kkkYYYoonIIItE
KYaaNiiiZaa
kkkYYott
KKKYYAATTTS
kkYLLLeee
KyllESSS
Kyyllliiixxx
KKyymmooogRRAAppHHH
KKYYMMMOggRRRuuPPPHS
KKYPHHHISSSusss
KyPPPHooossIIISSS
kümmmmElll
KüMmmmoolSSS
L
LLAA
LLLaa'S
leEgeeRR
llaaaaaGeeerrrSSS
labb
LLLAABBB's
laBBIrrrOOMM
LaaabbbdddaaaNNNuuummm
LaaabDDAnnnuumS
LUUUbbbIIfffACCCttteOOOnnn
LaaBBelll
LLaabbbEL's
laaaBBBuuuleDD
leeBBBullliirr
LLLAAABBBeLLeeeNNNGG
llaBBellllEEEdd
llOOObbbEEELLLLLiiiNNGG
lllaaaBeeLllluuum
LLLoBAALss
LLLAbbIIIIII
lllaBBBIIaLLL
LLeeebbbAaaall's
lAAABBiiiaaalIIZee
llaBaeeLiizzeeeDDD
LiBaaaaLLOOOzUSSS
lllIbOUlIIZZZeenngg
LABIIIaaallly
LObbEEEULLss
lAAABBIIIeTTOO
LABooolle
lliiiBBBiLIIttyy
LLLEBBBIIIOOdddEEENtttALLL
LLLABBBEeNUUsssALLL
LABBuoovvEELiiiRR
LLLoobIIUmm
lllAbEuuuM's
LiiiBLAABBB
LLLiiBOOORR
lllAbbbooRR'SS
LLLUBBOrAAAtteeriiiiiS
LLaaBBoooRReeeTTOOrrrYYY
LLaaBuuurrattORRRyyy'SSS
llUUUBOOrrreed
llliiBBOReeR
llaaaBBOrrOOORR'SS
LLLabbboorErs
laabbOrrOOOnnGG
looBBooRIIIoUUs
llabbbOORRIIEEuuSSLYYY
lllEbbboooRRIOEEESNaaSSSSS
lllIIIboooriiiiissNNAAAssss'SSS
lllEEEbbbooorrs
LLLAbbUUUrrrseeeVVIInGG
LLLabbbRRaaDDDurrruuuToo
LAbbrreT
llliiibbbRUUUaaDDD
lObbRaamm
llIIBBsss
lIIbuRRNOOOmmm
LLLiiiBBiiiRNuMM's
LLLABBBurnnuuuMMMSSS
LLLAAABYYYRRenTh
lllaaabyyRRONtthh'sss
lllAABBBYRRRIINtHIIIIINN
LEbbbyyyRInTThhhuuunne
lIIIbyrrAnnnTTHHidinnTT
LLLEEBBByRReNNtHHHoodINtSSS
lAbbYRRRiNNTTHHHss
LAC
lllAAAccc'S
lllaaaCCCCoollUUTHH
LLaaaCCCeee
LLLaacccEE'ss
LLLAAAcceDDD
LACuuurrr
LAAAcEErAtttEEE
llleeeCeerrratteddd
LLaccERaTeeesss
lllaaCCCEErrrEEETTTiNNNg
lluCCCOraaTiiIINN
LLiCCCuRRRAAATTTIIIonn'sss
lllAAccEEERRIttoooOnnnS
lleCCaaSS
LaaCewIIInGGG
llAAccEwwwiNNNGGG'ss
LLLaccewiinnngs
LuuuCEWWWOOORRRKK
LLACEwOOrK'S
lllAAccHHHEEsss
LoCHRRRymooLLL
LLLAAAccchRRRYYYMIIITor
lIIICCHHHrryyyMMMAATIIIRyyy
lllaCCCHHrrrYMMMosssooo
LLACHRRYYmmmoooSSSeeelllyyy
LLLaaCCHHRRRYYYMMMOOOSSSAAAttYY
LAAACCCIEERR
LLLaCCCuOOssTTT
LLLaacaaaNNuussssss
lllooocccIIIngg
LLLaCCUUngggSS
LLiiccciinoooOOTTTEEE
LLLaaacck
LaCCk'S
leCCKKEEEDDAAAIIsiccAAlll
LLLAACCCkkAADDAAIIssiCCCAAAllllYY
laCCCkiiddduuEESIIcAAAlllnniSSSSSS
lleeeCkkUUUDDaaYYY
LACkeDD
lackkkeRR
laaaCCkIIIY
laaCkkkeeeY'ss
llaccckkEEysss
lllAACCCkaaNNNg
loCCKKKLEEEsTTErr
LLuucccKKs
LLAACCCoonnniiiccc
LLLaCCeNNNAAACAllYYY
LLLiCCCAAAniiiCCCiiSmmm
LuccOOOnnnAAccoooSSMMSSS
LAAAceNaaassM
llAACCaaNNNuusMMMSSS
lAcqEEEErrr
LLiiiCCqqquERR'ss
LLLeeeCCqquIrrreddd
LAAAcccqqiEEERRRonnGG
lEccQQUUeeeRs
laacQQQOOOIYYY
laaCCCRiiiMMALL
llocccRRRiiMMMIIItttIooon
lllAAAccRRRiMMaattiiioonnss
lucccrrOOmAATTaaarr
llaCCCrrrOMMMAAtttooRRRS
LAACRRRIIIMMaaaTTOrry
llAcRRROOOSSssse
llAAAcrESsseee'ss
llaaacRRRyyymmAAAlll
lACCCTaLbbuMiNNN
llliiiccTAAALLLbbbUMIINNNSS
LLLAAAcccTTaaaMMM
LuuuCCCTTarrrY
LLactttaaasssI
lllucccTaTA
lllaaaCCTaatttuuudd
llaaccTAAtoooSS
LLaaaCCTOtiinG
liiiCCtooTTiiooonn
llAACCTTAAATooOnnn's
LLLUUUCtttItttIooonaaall
lllaaaccTeeeaaaL
laaCCtttEOAAASSS
LLLAACCTTTEEESCONt
LLAActeecc
llAACTTooFFFUUrOOOuuSSS
llAcccTTTOOBBAccOllLo
llaCCCttIIBAAAcciiLLLUUS
LLLOOOcTofLLuuuvvoonnn
LLaactOOFFFllAAAVVIINNss
laaacTTeeemuuteRRR
LLAACCTTToNNAAA
LLLeeeCTTTeePPPRRootEEEiinn
lllaCCTTTooSSScOOPPuu
LLLiCCCTTTosseee
LLaaCCTTTOsE'ss
LLLEECCCtttooovvvEEGEETaRRReeeeNNN
lllACCIIINNaa
llAAACiiNA'SSS
LLAAAcEEENAAAIII
LaaacEENNaaaLLL
LLLuucccunUURRR
lllEccOOOnnnaaaRRYYY
lllAAcUUUnnAAASS
llOCUUUNNNAAAtttAA
lacccuNoooSSSOO
lllooCUSSStrrOOONAAA
LLLaaaCYY
LaD
LLEEEdd'sss
LLLUUUDAAnuuummm
LLAADDAAANNNUmmsss
LLADDDDDAArrr
lliiDDDerr'S
LoddDEEERAADD
LLLEEDDDDDDUriinng
lllODDeeRRRSSS
LLiiiddDUUii
lOOODDDDiiiAAA's
LLLADDDdIeeS
LLuuddDDaaSShh
lllaadddiiishhhNNNIIIsS
LLaaDDE
llaaaDOd
LLLaaaDen
llAAADDeeSSS
llAAdIIIeSS
laaadddAAnnnG
laDiNNG'sss
lllaaddIIInnggss
LLEEEdddONNNUUU
LLAADLLee
lllAADDLo'S
LAADDLLLEEDDD
LLUUUdlEEERRR
LLLAADDLLAAS
LEDllooNNNggg
LuuuDDsss
llledddyy
LLADDDyy'SSS
LLaadddYBBiiiRRRD
lladyybbiiirD'sss
LLUUUDyyyBBirDDSS
llAAddyyybUUgg
liidYbuggg'SSS
llluuuDDYYYbeeggss
llaadYFIIINNGGGaRRR
LLEEEDyyyFFFiiNGGGeeerr'SSS
lllAAAdyyyffaaannGEErrs
LLUddYYYllliiiKKKE
LLAAAdyyyllOOOvUUU
LLIIIDDYLLiivvvi'SSS
llADDYllloovvvuuuSSS
LLaaaDYSSShAPPP
LAAAdddyySSSHHeeeppp'SS
lloDDDYYYssshhiippS
laaaETTrILLee
lllaattrrilllEEE'SS
LLLaaG
LLLaaag'ss
LLLUGGGaaann
lagaNNNSS
llagEENu
laggiiiRR
llagEEr'ss
llUUUGGEErss
LLLaaaGGgEEErrdd
llAAgGGarrddd'S
LeegggGGGaaarrrDDDLY
LLLOOOgggggORddnnneSSSSS
laaaGgggURRRdSSS
LLLaaaggGGGeD
LLOOOgggGGeerrr
lAAggGIINNgg
luuugggggeeeNG'SS
LLIIGGnnIIIaaaPPPE
LaaagniiiAAPPaa'S
LLLiiGGGNNiiiAppEEESSS
LLLuuugggooomOrrrPH
llooGGAAAMMaRPhhss
LLLUUUGiinnn
LaaGGGaaaoNNN'SS
lllAAAGGGoooAAAnnAl
LAgOANNNSS
LLLaaGsss
LLeoC
llloACEEELL
LLaiiicaallllyyy
LLAICCOOOZee
LLLEEEIcciZZZeddd
LAAAeeeCiiiZZEEEs
LLAEcccIIIZZZIINNgg
llAAAIdd
llAAAiinn
LLLaeeR
lllaIrrr'SS
LEEIIrrD
LLLaooRDD'SSS
laaUUUrrDDDs
llloIrrrDDDSSSHHHuuPPP
llluOOrrrs
LLLaooty
LLLAAAityyy'sss
likkoo
LLiikkkuu'S
LLAkifffRooNTTT
lliikkkEEEfffrrrOnnnTss
llOOOKKUUUR
llAKKKoosss
LEkessseeddEE
LLIkh
lllaaaKKhhSS
lllAKKYY
lllAAALLLAAppAlloooozzzaa
LallllUUUtaaoooNNN
llillYYgggeeeg
lllUUUllllYYGGaggggggEd
LLAAALlyGGooggggguNggg
LLallLLyyyGGAAAggs
lllaaaM
llAAAMMM'SS
LLLAAMMAAA
LLLAMMMOOO'SS
LaammmAAAss
lOOOMiseerrIeS
LLUUUmAAASeeRyy
LeeeMAASaaRRYY'SS
LIIImmmb
LLummmB'S
laaaMMBBEEEDAAA
LeemmmBBAAdddaa'ss
llIIIMMMBBBaDDDUss
llAAAMMMbbEEEsT
laaammmBBOOOSSTee
LAAAmmmBBAStttUd
LLLaaaMMMbbbaaaSSttteeeS
lEEEmbaaaSSSTTEENNg
LLLAAAmmbaaSTTsss
LaMMMBBdaa
LAAmmbDaa'SSS
lllAmmbbdEEEcISSSmm
LAAAMMbdas
liMBBBddOOOiiiD
LLammbOOODDD
llAAAmBEEEnCCYY
LLLiiiMMBBBOONNNcy'ss
LaambbbuuNNNt
lllUmmBBeeNNNTlllYYY
LLAAAmmmbbiiiRRttt
llamBBERRTTss
lamBBBiiinnnGG
lllEEEMMMBBBKUUN
LLLaaaMbbkkkiinnn'S
LLLaammBKKKiiinnnS
LLLAAAMMBLLIIIkkeee
lAAAMBRReeQUin
LLaaMMbbbRuuQIIIINss
llEEEmBss
lllaammmBBBSKKKiiiNNN
LEmmBSSkiiNN'sss
llaMMBBSkkkOOONNNs
LLAAMBBswwwoooull
llloooMEEE
LLLaammmE'ss
liiMMMUbbRaOOOnnn
LLLAAAmEBRaaaaaNN'SS
LomEEbbRuiiinnnSSS
laaaMMUd
llImmOOLLllEEE
LLaaamEElllAAeee
llAAmmeeLLLLArr
LLaaaMMeLLLLLLooSSS
llAMelllleTTTooo
LaammeeelLABBBRRRuuuncHH
llliMMEEElLLLOOBrraNCCHHss
laaMMMElliiCCOOORnnn
luuummmellLLLIFOOORRRm
LLAMeelllLLLIIIRROOOSTTRaaalll
LoooMEllly
LLLAAmmENNNOOOSS
LLOMMMUUUnnnEssS'SS
LuumAAANtt
LaaaMMIINNNTT'SS
LLLIIImmmenttABLLLEE
lllammmENNNtAABBBLLyy
llaaammEEEnnTiiTTooIN
lomEnTTAAATTTiONNN'SSS
lammuuuNtttaTTIOONNSS
LLaaaMonntttIDDD
LLaaaMMaaantUUr
llleeeMeeennnTTTEEERRRSSS
laaMMIIInntaaNgg
lllumIIINNTTTss
llaMMMER
laammeesss
LLAAAmmeeSSSTT
lllAmIIAAA
LLemmIoosss
LLIIMMONaaa
lllAMMMInnnAAA'sss
laaaMuuuNNaaaBBBLuu
LLLeeMMMiNOOII
llAmmmIInaaLL
Laamenuuur
LLLUUUmmUUUnnnAsss
LLAAAMMMONNaaTE
LLLaamUnnnOOttE'ss
LLLoMMMiiNoootttudd
LLLEMMINNNaaaTTTes
llAAmINAtIINGG
LaaaMMINaaaTTeOOON
LooMMMAANNNOOOtttIaNN'sss
llAAAmmiiinnAAttoooRR
llOOOmmIIINNG
lllooMINIIITTeesss
llEEEmOOnittiisseees
LiiiMAAAnnnessseee
lllaammmuuNNNUUUS
lllUmmmEdd
LLaMMMmmmuRRRggguuIERR
LAAAMMMMMMeerrGuIIAARsss
laaaMMmmiiNGGG
lampp
LoMMMp'S
LLommppAAASSS
llOmpppBBLLACK
llAMpbbbLAcckkk'SSS
llommmppeOn
lAAmmpppLLLAAAGGGHT
lllEEmmppLLLIGGHHTT'ss
LLaMMMPLLLaaaGGHtaR
LLAmmmPPLiiigggHHttteeeRR's
LLLOOmPPPlUUUghttEErrrs
lllIMMMPPOOOOnn
LLLaammmPoooOn'ss
LaaammPooooNNNedd
llAAMMPPPOOooNNNAAAR
LLAAAMpOOOaaanEERSSS
llluuumpppIIIoonnOOrrrY
LLLaMppooooooNNiiiNGGG
LLLuuumppoooUUnnisttt
llammmPPUUUoNsss
lllUUmmmPpppuStt
LLAmmPPppIISSSttt'S
lllemmpppppooossttts
llAmmmpppRREEYYY
LLAAMMMPPRREEY'S
LLaaaMMMprriiyySSS
LLLaaammmPPRRRipphhYYRRRo
LLUUMMPsss
lleeMppsssHAddEE
LaaMMPsssHIIIdI's
lllaaaMpppssshhaaaduusss
lllAmpppyyraaddd
LaamSSS
LAAAnnAii
lllAANaaaOOO'S
LLLaaNOOuSS
LLIIInaaTTe
lllONcEE
llANNNCCCe's
lIINNNCCCEEd
lllannccceLLeeeT
lAAANCCELLLooottSS
LonceeolIIITTTooo
lAAnnccEEERR
LLLUUUNNCCCeeeRR'ss
lAAANNNCCCeeRRSS
llaaNNCaaaS
llluuNNCCCeeet
llannnCCCoot'ss
LLUnCCCETTeddd
lEEENNCCCeTSSS
llAAAnccciwwOOOODDD
llIInCCCEwOOoodsss
llAAANNNCCiifooRmm
lllAAANccoonnnAATTTe
llennnCCCunnGG
LaaanDDD
llannnDD'S
lOOOnnndaaaii
LLLAAAnnndddAAAUU's
LLUUUnnDDiuuLeet
llUnnnDDDaeeeSS
LaaanDeD
LLLaaaNddoRR
LIIINdddfooollllll
llaaNddfffAllll'S
LLLAAANNddfaalllLSSS
LLLannndddFFFUULL
LLLAAANdddffillll'SSS
LLAAAnndFFFiilllSS
lAnnDDDFFoooRMMM
LLLaaandddFooorrMMMSSS
LLLunnndggRavuuu
llAAANNDDDggrraaaVeess
LOONddGGrrrAAvvviuuuteee
llloonnddGGrrrAAAvIInnnoo
LLLaaNNNddHolDDEEr
LLLInnDDhhuulllDDirrr'sss
LaaaNdddhhUULLLdddARRRSSS
LLLIINDDDHHoolllDIInnnGG
LLLAAnddHooolddIIINNggg'S
lOONNDDhhOOOLddunggSSS
lllAAAnnDiinnng
liiiNNNDDDaaaNg's
lUUNNdddIInnGGsss
LLLAAAnnDLLIIdddiesss
LAnnnddLLLuuddYYY
lllAnDlllidddyyy's
LUUnnnDDLoooSSSS
llleeNdLuuSSSS'SS
lleNDLiinnnEs
liNDDloooCKKuuuDD
llAAANdddlllUPPErr
llooNNddlUUURRdd
lanndddLooRRD'sss
LLaaaNDlloorrdddEEEsMM
LLInnnDDllorDsss
lllIINddlIIIbbAAARRR
LLLEEnDDDllUUbBBBEErrr'S
lleeNNNDDDLEEBBBBaarlllYY
LAnnDDLLLIIbBeRss
leeNNddMMaaaNNN
LaNNNDDDMAAArrrkk
llaaaNNddMaRRRK'ss
llOOONNDDmmmoRkss
llEEnDmmASSs
lllEEENNNDDMMAASSss's
LaaandddmmaasSess
LLLAnnnddmeen
LLLAANNdmmaaNEEE
llENDDDMEEEnnEEESSS
LLLuuNNDDDawnnUUUr
lllUUNNNdooowwwNNEERR'SSS
LLLaannnDOOOWWWnnnUUURRSSS
llEEnnnDAAWWWNeeerrSHHooP
llAAnnndddEEEwwNNNIInGGG
LLLEnnDDuuuwwNNuNNNGGG'SSS
laaNdddAwwwNiinnGss
LLUUUnndSS
llAnnddSSScccaPPPu
laNNDDSSScaappEE'SSS
lEEnDDDssccApppEEEd
llAAAnnDssciPPPEErrr
LuuNNNDDDSSSCCCAAPeerrr's
LLLeendSCCCAApppEErSSS
lluunnndssCiiipppUUUss
llleennndSCCCaaapppoooNNGG
LaannDDssCAAppiSSttt
llaaNNDsssCEEEPoosTTTs
LLLAAANdSSSiidee
lllanDDDsssidEEsss
LLiiinndddSSSknnnEEchTT
LLaaNNddSLLiiid
LLAAANNNddssllIIIDDDDuuN
LLAnnnDDDsssLLLOOODDDUUU
llaNNNDDSLIIIDDDee's
LLLAAANNNddssslllIdddEEES
lllUUNNdddsLUUddUUNNG
LLaaannnDssslOp
llEEENNNdSSLLLiiipppSS
LannDDDSSmAnnn
lUUUNDssmaNN'sss
LLooonDDSSMMMiiNNN
lllAAnnDDDWWaaaIIItteeRR
llaaannndddWErrD
LLLaNNdWWWAAARdddSSS
LLuunEEE
llENEE's
llaaNNess
lllannngggLLAAAOOFF
lUUNGGoAssstOOO
LLLAAnGeeeooosttteeSSS
lAANggRUGGGuu
LAnGsssYYYNNEE
llAnggSYYYnnneeS
llooonngguuuaaGGGee
laNNNGGeeeoggEE'SSS
leennGGGAAAAAAggEESSS
LLIIINNgggaaaIII
leeeNNNGGGUUEEEtt
LLAANNgguuIID
LLiinnGGGoooIIIDDDlY
lllAANggguuuuuDNaSS
LLaaannnGeeeiiidddnnUUssSS'ss
LLAAAnnnggooiSShhh
LLLONNGUiiSSSHHOOOD
llANNGUUIIshhhoorr
LLANNNGGuissHHHUUUsss
LLLAAANgUUusshIIInnGG
LLLuuuNGGuuOOssshhhAANNgLyyy
LooNNNggUUiiiSShmmmInnntt
LLLAngggUUUer
LUUUnnGGGauur'SS
lluuuNGUUUeeereeeuuusss
LiinnnggUUOOORRROOUUUsLyyy
lENNNguOOOrrrSSS
llannngggURR
lloonnGGGUUUrrs
LLLaNNiarrd
LLLunIIIEEERRDDSS
LLLANuurryyy
lliiNNNiiFFeeRREEEooSSS
LLLaaNNNKKK
lllAAANNKKKEEEr
LLOOOnnnKKIIsTT
llluuuNNKKooeer
LAnkkkaaaEEEssTTT
LooNNNkkkoooLLYY
LLaaNNNKiiiNNNUUss
LLAANNNKKIINooSSSss'S
lOnkkLLLYYY
LinnkkknuSSSSS
LANKnnnEESSS'sss
LaaNNNKKKyyy
LAAAnnnNNaaRR
LLUUUnnnnnOORReeT
llOOOnnnOOOlllIIn
LLeeeNoLLiiinnn's
LLaaaNossseee
LLLuuuNSSSQQuuuANOTTT
LLLaaNNNtaaaNo
LLLOOnntteennnAAss
luunntOORn
LLaNNTTiiiRRRNN'SS
lllaaNNNteeeRRNNNsss
LLAnThhAAnoodddEEE
LaaNNNTTThhhooonIIdddeeeSSS
lAAAnnnthIINNNamm
LaaaNtHaaNuMM'S
llloNNNthhhoorrnn
LAAANUgggoo
llaNNNyyaRRRDD
LUUUNNYaaRRD'ss
lllEEENYaarrrddS
Laapp
llaPPP'S
llAAppaaarEEESScEPPPEEE
lllooppAArrEEESSScccOPPEEEss
LLLeepaarEScOOpppIICCC
llaaapppAArroooscUUPEEECCCeLly
llaapppaaarriiiSSSCCCOOPPIIeeSSS
LLaaPaRRRuussCCooopppy
LIppeeerruutOOmiiiIs
llaaapppuRoTTOOmYYY
llAAAPPbbbooaaRRRD
LEEPPPBBBOOOuRdd'SSS
LUppBBBOOOaaaRRRddSSS
lluupppddUUUggg
LLOOPddIgg's
LuuPDUggsss
LLLAAAPeeeLL
lllOOOPPaalll's
LLEEppeeLLLAdd
lllaapppeLLLss
LaaaPPPfUl
llaPfffULsss
LLLaaaPPPIIDDDeeRRies
LooppOODDeeeRRRYYY
lAPPIIdddArry'SS
lUUPiDDAttEE
lUppIIDDDotteed
LLIIIPPPiiDeeeTTTEEESSS
LLLUUpiiiDUttiiiNNNG
LLLiPPIIDIIIFaaEEddd
lllooPIIIDeeFFFIIIIIs
lllaapIIddiiifffyyy
LAApppaaadddAfYIng
LLLapppuuuLLuS
LLLiiippIIINN
llaPPInnn'SSS
LLLAAppiNNNS
LLaaappPPPeed
llaPPPPPPETTT
LLLApPPaaTT'ss
LLLaaaPPPPettsss
lAPPPPiingg
LLAApppppIINGGGsss
LLuPPPS
LLLUUPSSSEEE
LLLaaaPPPSSSUU'sss
lUUUpSSSEEEDD
lllaaapSSSiRR
LaappSSEEESS
llappsssIInnngg
LaaapStRRReekkAAA
laaPsseeess
lUPPPTTTuuPPP
lllApppttOPPP'ss
lllAAAPTTUPPs
leePWInnGGG
LLLaaapppwwwUUnnnG'ss
LAAApwwooongS
LLEERR
llEErrrbboARRRd
LLLIIIRBBBoooIrrDD'ss
LLLAAArrBEaaRRDDDs
LLAAARCAAANNNeerrr
LArCCUUnnOOOrrrS
LLaaarCCCEENieeess
liiirrCIIINNNEEssTTT
LLOOORCCuuuNNNIISST's
llarrCUUUNiiisttSSS
lliRccceNeeeuSS
luuuRCENNy
LLLarciiiNY's
LLLaarcccHH
lllOORCChhh'S
LaarrccHHEsss
lllaard
lllarrDDD'S
LaaRRdddAAcccUUUUuusss
lllUrdEEEDD
LLLoRRRDDDEr
lllaaarrdddIIrrr's
LLaaRRRdUUUrrrss
larrdiiiIIIRRR
LLaaarrdddIIST
llAArrrDDOnGGG
LLAARDOOOn
llardSS
LLERRdddyy
llleeeRRIISSS
laRRRgEE
laaarrge'SSS
LaRRRgUUhhhAAAArrtttoddd
llAAARRRGGeelllyy
LLLaarrgggUnnnAAASSSSSS
LAAArggIInnniiiSs'ss
LaRRGGGEERR
llAARRGGGuSS
lllaarggEssSS
LAAArrrGGEEEssssss'sss
llErggissssssEE
LErguussssee'sss
llARgggIIIssttt
llluuRRRggHHHOOtToo
lllaRggOOOShh
Loorggooo
LERRRgggOOO'S
LLuuuRgEESS
llluuRRe
LEErriieeeTTT
lllaaaRRRoooAAATT'SSS
LLLaaariiatS
lleeeRRRiiiNe
lleeeRKKK
LLaaaRRkk'SS
LLLAARRkkiiiD
lIrrKKAAAr
LaaarrKUUNNNGGG
lEEErKKKOOOSSh
LLAARRkks
lllUURRRKsPurr
LLaaRRKKssspOOR'ss
llaaarrrkkksssPErss
LLLaarrrIIIgggoooNNN
LLLIRriiikiinn
LLLIIrRROOp
laaRrrropppedd
lAARRupppUnG
LLLarrrrupSS
LeRRaaMMM
LuRRRvvU
looorrVVVA'SSS
LeeeRVaaEE
LIRvAAALL
lIIIrrVVUSSS
LuRRRVVVuucciiidddooo
leervEEEcciiidEsss
LLAARRRyNGGGEEEiilll
LLAryyyNNNGIIIss
LLLOrrYnnnggIIITTTAcc
LAAArrrYYnngiitiS
lllaarrrYYNNgggeeeTTTuss'SS
LLORRRYNNNggooolloogY
lAAARRYYYNGGooosssCiPPE
lEryyNNGGOOOsscEEPPESSS
LARYYYngggiitttoMMyyy
LLLUUURYYNNNXX
llIIIrYNNNXXX'SS
lllAAryyynnnxxxaSSS
lllaasaaaGGGNaaa
LLLAAASiGGnaaa'SS
LLeSaaaGGNaaas
llaaaSSUggni
LLLAssAgnnaa's
laasIIIgggNNESSS
llOsscccUrrr
LASCarrsss
LasCCiiiViiiaaSS
LLLAAssscaVVEOuuusLY
llasssccciiiVVVeeoAAAssnnnISSSSSS
LasssCCCiiivIIOOUSSSNEEEsss'sss
lllaasssE
LUUssEEER
LLLaasssOOOrr'SS
lAASSSeeRRS
LASSH
LiiisssH'SS
LLIIIsssHHHeeDD
lEESSSHHuurrr
llaaSSShhEEErrS
llaaaSSSHHHUUUsss
LLLAAAShuNg
LLLOOOSHHHuunnnG's
lllIsssHHHENGGGss
LLLEsssUUUnggg
LLLASSs
llUUssss'S
LLLoosSESSS
LLLaaassssssIuuu
LLLIIISSSsssiiiU'S
lluuSSSSSSIIEsss
llaaaSSUUUttuuddE
lllASSSsuuutttedEE's
LLLIISSSSO
lllAAAssAAA'SS
llASSssoooEEEddd
LLaaSSSIEEER
llAAsssssaaoS
laaasssSoIInGG
lllaassssaasss
lASSStt
llluust'ss
LLLaaSSStEd
lllEEssstONNgg
LooSSTTooonnnGGGllYYY
lllAAASSSttinnGGNNeesssss
LLLuuusTeeeNNGGNooosssSSSEs
LAAAsTTLLLYYY
LLAAASSTTTss
LLIIITTccHH
lllUUUTTTCChhh's
LATTcHHHod
lATcHEEESS
llloooTTTChhheTTT
lATchhAAAnnG
llattCCCHKKiYYY
LLATTTchhhkEYY'S
LLLUUTTcHHKKeeeYYYss
llITTTcchhhSSSTTTrrrinng
laaTTCHHHssstttriiingggs
LAAATTTEEE
lleTTaacooMeeeRRR
LLLaaTTeeccooomEEERRR'SS
LLATTTiiciMMMeeeRRRSS
lllattAAADDD
LAAteUUnn
LAAATTeeeeeNEEER
lAAAtttuuOOnS
lllaaaTTEEElllyyy
llattEEnnncioSSS
LIIIttEncyy
LeeteeenCYY'ss
llOtttoooNOOsssSS
LLATTeeenass'S
LLLateeeNtt
lEEEttteeNNttlllYY
llaTTTiR
LaaTTUrrAALL
LLLaatttUUrAAL'S
LuTTTErrrALEDD
llATTerraLiiinnggg
laaaTEEERAAALLiTTYYY
LLEEtttOOREllliiZZZATToooin
LaaatteeriiillLLLaaaddd
LLLaattteRAAlllLLLoongg
lAAAtttERRRiiLLLllly
LLLAATTTeeeRRUUUlSSS
LLLAATTOOORROOTTTU
llluuuTTTeeeRREEETuuuSS
lleTTTeerrEEEtiOOOuuus
LLLAAATTTEEsTTT
Liitttesstt'ss
LLLaattEEExx
LOOttiiiXXX'sss
leeeTTHHH
Latth'S
lllattthhaaa
LLAATTThhaaa'ss
lllAAThhheeeDDD
llaTTHHer
LaaThhOOOrrr'S
LLiittthhERiiddd
LLAAAttHeRER
lllaathEErreennggg
llluuTTTHHHOOORRSSS
LLEthhhEEErrY
lATTHHeeS
llEtttHHHaa
LUthhinnnGGG
llaaTHHHIss
LLOOTHS
lllAAATTThYYY
lllAAATTTii
LLeettiicccEEES
lliittteeecccEffeeeRRROUUUS
LLLATIIFFFUNNdduum
LLUTTaannO
lliiittASSSH
LLAttiTTuuudooo
lateetttiidddIII's
llluuTTTIItteedddeees
lllAATTiitUDEENNaal
LLeeeTITODDDiNaaaLLLY
LLLoootttiTTTUUUdAAAnnIIIRRRiiiaannn
lIITItttuuuDDDiiinnarrOOaaan'SS
LAtITTTuuddIIINIrrrIIuuunneeessMM
llattiiTTTuuudduuNNNARiiOOOnnnSS
LAAATkkii
LLaaaTTkeeeS
llluuTRIuuu
LLLiTTTriiuS
lAAATTrrOnnniii
lotttRRRIneee'sss
lllaattrrrInnnesss
LLaTTs
LEETttOOO
llloTTTTTeee's
LLLaTTtttAnnn
lllItTTarrr
llAAAtttteeerrr'S
llatttIIIRRllYYY
laatTTaaaRMMOsTT
llAAATTTeeeS
llOtttiiCCE
lllUUTTiicccOOO'ss
LaaTTiiiCeeDDD
LLiiiTTTttEEccEEsss
lAAAttTIIIcccAAAworrrk
lllaaattTTIIICCIIwwwooRKKK'sss
LAtttttIIccciWAAARRRkks
LLLUUdd
llAAOOOD'SSS
llEEEEEEDAABBeeleetY
LAAIdddabbbllUU
LuuuUUdddIIbbbllliNNEESSSSS
LLauuuDDDaaablllyyy
LLLAAAuuuDDAneeMM
llleuudEEnnUmm's
LLLaOOODaaatiiIINN
lllaIdatarrY
llleeaDDeeeddd
LLeeeEdddEEER
lllaUUDers
LLLEEEEEEdddOOOnnGG
LLLAAAUUDDDSS
LLuUUgghh
LEuuggh's
LuuggghaaabblEEE
lluuuuuggghhhiiibbLiNNNAsssSSS
lllaaaUUUgHHHaBBlllYYY
lllAAUgghhEdd
lllAUUGGGhEER
LeUUUgHErrS
LLLaaOOggghiiing
laaiiiggHHHIIINNNG's
llooouuGhiiiNNGGlllY
lUoooGHHHUUUnnGGstaacck
llluiighiiiNNgggSSStttEEECKK'SS
LLaaGGGHHHIINNGGSSTeeeCCKKs
laaauuuGGHHss
LLLiUUghTTEERR
LLUUUUgghhhTTTeeRRR'SSS
LaUUUNCEE
lllAUUUNNceSS
LoUnncchh
lllEEEUUUNcccH'SSS
LLAAAuuNNccchhaaaDD
llloouNcHHHUUrr
LLLaaainnChEEErrr'SS
llaaaoooNNccHHaaaRRSS
LAAAuuncHHHEEs
lAuuunnnCCCHHHoNNGGG
LIIIUUUnCHHpaD
laaaAAANNchPUUDDD'SS
LLOOUUUnnCCChhpAAAddds
lllaaiiiNddderr
lUUUAAnnnddEEErrraDD
llOOOunDeReeRRR
lAAuuNdeeeriirrr'ss
lAAAooonndddeeRRRIIrrrSS
lllooounnDDUREtttte
LLLaauNNddOOOrrrEEttttttUU'S
LUUUiiinnDOrATTTTEEES
llaaaaaannndOORRRiiNNNg
lAUUUnndddEEErSSS
loouNDDrrEESSSSSS
LLLuuINDrEssss'SS
llaaauNNDraaasssSSSIIIS
llAuNNddrrrIItTTA
LLLIuuNDDDrrrEEtttTTe'SSS
LAAIIndddrrrEEETTtteeeSS
lloounnnddrrIIIeesss
lllAAAeeeNNNdrrAmmaTTT
LLEEanddrrooommIIITTT's
lAeNNNddRRRAAAMMMaaatttsss
lAAAuuNddrrrYY
laaaEEENNNdddrrY's
LLLOUNNNDRyymmmEEnn
LAAAuuNNNdddrrryymmaaan'SSS
LaaEEnDDryyymmmEEnn
lAAAOOOnddRyyywOMMMaannn
LLLAAUnDDrrrYwOMuuN'S
LLLAAAOOOnnnDDrryWWUUMeen
lllaAARRaaacccaoaaSS
llloURRReeaaaTTAAA
laaauuuReIIITOOO'SSS
LLLeeuuurriiiOOOTiis
llAORRREEEAAATTTeeesHHHiiPPP
LLLAAIIIReaaaTeSSHHiiP'ss
LLLAURRREl
LuuuUUUrrrEEELL'sss
LauRelSS
lOoooRRuSSTTANNusss
LLaaaV
llleeevvA
LLaaaVAA'S
laaaVVaBOOO
laaVVAAAbbbaaEsss
llleevvveeBBOOOs
lllaaVVVeeGGGa
llAAAvEGGEE's
llaVVaaaLIOOOrr
LLeeeVAALEEEERRR'ss
LLLAvulliOORee
llAAAvvvaalllOOerE'SSS
laaavvvAAlliEEErEES
llUUUvOOllloeerrSSS
laaaVVVaaass
LLLaVVVIssH
lovvaaatttIIIunnn
lllAViTAAOOOnsss
LAAAVVUttOOrrrEEaalll
lAvvOOOtuurreeees
LaaaVVUUTOOORRYYY
llaaVVVooottoRRRyy's
Laavvvee
laavvvEEddd
lavvennddERR
LevvEEENdddUUURR'ss
laaavvvEENNNdddeerrss
LLuuuveeerr
LAvvUUUrrooockk
Laaaveeerss
llAVVVAAsss
llaaavvvengg
LLLOOOVVViiSHHH
LLLAAVVEEEsshiD
LLLOOOvaaShheerrr
lAAAVVVIIISSHHHEEsss
LLLAVVVIIIsHHHOOssst
LLAvIIssHHHINNNgg
LLLaVVEsHHHly
LAAAVIIISSHHneessSS
lllaavUUSSSHHnIIISs'S
lllaaVIILTaa
LLLAAVVVSSS
llluuW
lllaaWWW'SS
lllAAwwwBBBRRRAEEEKKKeeRR
lllawbbbrEEEIIIKKerrr'SSS
LawwBRRuuuAAAkkArrSS
llEwwbbREEEAAKKenGGG
lllaaWBRRaaaaakkiiiNNNGGG'S
LLAAAWfffUUl
lllAAAwwFFaallllllY
LLLAAAwfoLneesss
lllOOOWWffuLLnneeeSsss'SS
lllawwwgggEEVVIIRRR
lawwwGGIvverrr's
lAWWGiVVAAARss
LLLawwlleeSSsss
LuWLLLeeSSSsslllyy
LLLAAwwwlllaaasssNOOssSSS
lllIwwLLLEEESSSNNEEssss'ss
LLAwwwmoooKKEErrr
LLLAAAwwMAAAkkkERR'ss
LLLeeWWmukkiiRRS
LaWmAAAkkkiiinnGGG
LIIWMAAkkkIIInnnGGG'SS
LLAwwwmeeennn
lllEEEwmmmIIINN's
LLaaawwmmAnnn
LLowwwn
LLLaaawwwNN'S
LLaaaWNNmOWiiirrr
llowwnMMOOwwwEEEr'sss
llawwnmOOWWEEERss
LuuuWWWNss
lllAWWWRRaaaNCCiiemmm
LaawRRREEENNCCUUAm'SSS
llAAAWs
llluWWWSSAAIt
LLLAAAWWssUUIt'ss
LAAAwwwSSSooiiiTTss
llAWYYOOR
LOwwwyyyEER's
LAAAWWWYYERlllYY
LLAAAWyErrs
LLLaaX
laaaXXXaTTTOuuuNN
LLExxxAATTeeVa
leXXXATIVVVI'S
lllUUUXaTuuuVEss
LAAAxxOOrrr
lllEEEXXXessT
llAXXXiiTTTyy
LAAxxiiTYYY'SSS
LLAAXllly
LUxNNeeessS
LLAAXnooosSS'S
llAYYY
llAy'S
LLLaYIBBBOEEETTT
lAYYABBBouts
lllaayawwwIIIy
llaayawwwAAYY'ss
lllIIyorrr
lOyIIIrrr'sss
LLLiiiYEERRREED
LLaYYYeeRRRiiinnnGGG
LLLaaayyyeeRRiiNNg's
lllayyOOORRRSS
lUYYuuttI
laayyyEEETTTEEE'SS
llOYEETTTeeeS
LLAYYUUnnng
llaYMAAANNN
lAymmaaaN'sss
LAAyMANNN
lllEEEYYOffF
LEEEyyyAffff'SSS
LOOOyOOfffFFFss
LooYuott
LaaYYYOOuuuTTT'SSS
llaaaYYYOOOUtSS
lloYYYooVVErrr
LaYOVVERR'ss
llAAAyOVVIrrrs
llIyyyPPPEEEaple
LAAYYPPErrrSuuunn
LLLAAYYYppEErrssEEnn'sss
lEyyyPPErrSSSiiinnSS
llOys
LLLeeeYuuppp
LaaayyyoooPP'SS
LLLayyuupppsss
LLUUUYYWWEmaaNNN
LLayyWWWOOOmmAnnn'SSS
lAAyywEEEmEEN
LLOOOZZAAR
lAAAzArrEEttttO
llAZZuuRaaTTTTTosss
llOOzARRRS
llaazEEE
LuZII'S
LLLIIZAAAD
LLLaaaZZESSS
lAzzziiOODD
lUUUZZZeEEER
LAAAZZeeEs
lllUUUzzUUAsssTT
LIIzzzIIIlllY
LLLAAzzziiNOssssss
LLLIzzENNNesssss'S
laaZAAANNNGGG
LLUZZZULi
LaZZZuLLLiisss
LEEEZZUUlliiTTII
llOzzorriiTTTee
lllOOzyyy
llluuuZZZyybOnnEss
LLLAAZZZyBBONNeees'SSS
lllaazyUUUNG
LLEaa
Luuua'SS
lleAAchhh
llleeeecHHEddd
LLLeeiiicHHHErrr
leeeaccchhEEs
leeeoCChhhIngg
LiaaaDD
LLeeeAdd'ss
llEOOdddEEED
lleeeiidOOOn
lIoooDDDaNNNLyyy
LEEAADDDonnnNNuussss
lllEEUUUDDeeRRR
LLEaaaddEErr'SSS
LOOaaddEEErLeeSSSsss
luuuAAddooorrrSS
LIADDDeersssHHHUPPP
LLLuAAdErrrSSSHiiiP's
LeIIDDDeeRShhhiiPPPSSS
liieeDIIInggg
loAAADiiiNNG'SS
lEEUUUDDss
llleeaaDSSMMAnn
LLLeAAddWORRtt
lllEAAADwwwoooRRRTTss
llleAFF
loooFF'SS
llleaaFAAgggAAA
LLOAAfffAAGEE'SS
LLLiiiiiiFeeeDD
lllUaFFHHoPPPPeR
llleeAAAfffHHHOOpppppeeRS
LLLeeeAAAffeeEERRR
LLLeaaFIIIiiisstt
LLAAeeeFFFiNNeSSS
LLOOOAAAFFFOOnngg
LLeaaafffllUUUSSSsss
LLeeeaaFFleeeTT
LEaaaFFFllEEtt'SS
LLLEEAAAfffLLLeeTTEDD
LLLeeeuuuFlllOTTeNNGG
LLIIaFFlliiTTss
luuuaaFFLLETTttOODDD
LeeaaFllEEtttEEnng
lEEEEfSS
lllEEEAffssttaaallk
leeEfffSSttIIILk'SS
LLEuuufsstttAAllkkks
llleeaaaFYYY
llleeEEEGGGaae
lleeaaGGUuuu's
LLLAAAAAgguueedd
llaaaAAAGuuuiRRR
llleeeAggaaauus
LLLEaaaGGuuuinnnggg
lUUUaK
lllOAKK'ss
llleaaKKIGe
lEEEaKAAGE'SSS
lUUUAAkkAgggeS
LAeekkkEEEDDD
llaaAAAkeRRR
lllIIaaaKKeeeeRRR
lAAUUKKiuusssT
llieeekkunEEESSS
leeeaaaKKENNEESSSSS'ss
looAAKKKInnG
LeIIKKKs
LEEEaaaKy
lllaaaeell
lleeeAAAN
LiiiiiiNNN'SS
LLLEEEanneeed
lEEANEER
leeaannnIISttt
lluuuiNNNiiNggg
lllEEaaaNNNIIINNG'S
lluuuEEEnIIINNGs
lluuUUUnnnLyy
LLOAAAnnnnEESSS
lleeeINNNnneSSSs'SS
leeaaannns
LiiiAAPP
LLeeeaaP'ss
llleeAPPIIIDDD
LLLEIIPPeeerrr
lllEEAAAppEER'S
llleAAAPPeeRRRSS
LLEEEaappfffRROOggg
lllEEIppFRooGGG'SS
LIIIaPFFFRRAAgggGGGEdd
LLeeAPFFFRReeeGggUnG
LLLeeeAAApppffRoooGGSS
leeoPannngg
LeeeIIpSS
LIIAAPtt
LLOOUURRN
lllEEurrNodd
liiAArNNNiDDDLLLYYY
lOOOaarrrnidnnniSSS
lllEAArrnnnuuDnnnIIIsSAS
LOOaRnnneer
LEaarrrneeeR'S
llleeeaaaRRRNiiRSS
LLLEEIrniinnggg
LUUUIIrrNNNIINggg'S
LLeeeAAARRRnSSS
LLLAeeerntt
LLaaIs
LLLeeassseee
llloooeesssEE'SS
LLAAAAsssEEBOOOckkk
LEaaaSSSEEEbbbEEEcckkk'ss
looaaasssiibbbAcccKKS
lllEEAsOOODD
lEoossEHHHuuldd
LLeasseeehhhoLLdd'ss
LEEeeesseehEElDDErr
llleeeesssEEHooLLdddeRR'sss
LeeeaaaSSSehIIIlllddOOORRRs
llliiaaasssaHHHeLdddsss
lleeeSSEEErr
lllEEEASuuurrr'SS
lllEEEOOOsuuRRss
LLeeeaaSSSiiiss
LLeeESH
lleeeAAASSSHHH'SS
LLOaasHEEDD
LLLEEAshhas
luAAssshIngg
lEEAAASIINNg
LLUUUaaSST
lllOAAsssTT'sss
lleoSSTWaaayyysss
LaaaaSSSTTTWAAAse
LEITTThArr
leeUTTThhheeerr'SSS
leeAAAtthUUUrBOOOcccKK
lliiieTHHEErrbbACCkSSS
LIIIItHHoorrOttttE
leeIIThhhErrrEETtaaa'sss
leeeAAATHHUUUrIINNeSss
LLLEEEeeettHHeeRRJJaacccKeett
lllEEEAAAttHEEErrlAAAooFF
lllEEitHerrllEEEIVVViiiS
leeAAtthiiRNN
LUUUaatHHHuRnEcckk
llEOthhheeRRRneeecccKKK'S
LLLEEEAAAtttheerrnnnOOOCCkkks
LeeaaThhAArrrSSS
LeeeaTHHHEEErrwaauuD
LLeeAAtHEEErrrWOOIDsss
LLEaaathhhEERRRWWWeeerrrkkkoooR
LEATHHerrry
LeeeaVVE
llIEvvvEE'sss
lEEAvvvuud
lllOivvvuNNN
LLLAAAAVEEnnn'S
LLEEEaVaannnIIddd
lAOOOVVINNiiinnnG
llleAAvuuNIInggg'ss
llaavviNNNs
LOIIvvooorr
LLeeeAAVVVuuRRR'ss
LUUUAvaRRS
LeeAvvEEESSS
LeAAAvvIIINgg
LLEEEAAVuuuNggSSS
LLeeEEEVVennnGss'ss
LLEbeeenssRRRaaiiimmm
LLLeeebKKuuucccHHHEEnnn
lluuChh
lEEcHH'S
LEEEChhhEEEd
LLLEECChEER
lUUCheeerrr'ss
LLeecHEERRROOOUUSS
llleecHERRRooussLLLy
LIIIChhheeROOOaSSSnEssSSS
LaaCCHiRRAAUUsnnneessssss'SSS
LLoooccHHuurrsss
LLiicchhhUry
llEcccHHooorYY'S
llleccHHUss
lllEChoooNGG
LLeecaTThhiin
LLAAACCooTTHIINN'ss
lEcccaTTThhhUnnnesseee
LLEECCTTTiiiRn
LEEECCttteernn'SS
LEcccTEERRRns
LEEEccctooouNN
llEEEccctttiiaaanIIrrryyy
LLeccTTTUURRR
LECCCttIIIrrsss
LLEEEcctuuRREEE
LeeeCCTTTirrAAA's
Lactuuurrreed
lAAccctERRaaaRR
llleeeCCtteeeRReer'S
LeeeCCCTTuuuRUUURRRs
leectttIrrOss
llOOccTIIRRuShhIIPP
leCCCTTUUrrrASSHHHUUpp'SSS
lAACTuuRRREEshhhIpppSSS
llEccturrooonnGGG
lllEECyTThhhuuus
LLLiD
llUUddeeeRRRHHEssseeN
lleeeDDgEE
llUUUdggAA's
llEEEDDDggerrr
lllOOOddgggeRRR'SS
lAAADDDGUUUrrSSS
LeddGGeSS
leeeeee
LEEEAAA'S
LLoooUUbboooAAArrrd
LLeeECChh
lEEechhh'S
lEEEUUCCCHHHuudd
LEeCCCHIIS
LLUUUeecHHuuuNGG
lAAAeeek
LLLEEEUUk'SSS
llleeEEKSS
lEer
LUUUEEErr'sss
Leeeorrridd
LUUUERRREEeerrr
leeeiiriiIIsssttt
lleeeIIIrOOOLLyy
LLOOOerrrAAANNNEESSss
LLLueeerrrIInnEEEss'SSS
lllEeeerANNNGG
llEEuurrinnGGLLLyyy
LLeeeEEErrss
LLeery
LeeEES
LLLIIIAAATT
LeeeewARDDD
LLaIIWWuuurrd'ss
LLEAAWWIIrrDss
leeeEEEwwwiiYYY
llIIIEEEWAYY's
laaafftt
llleffftt's
LLLAAAffftEEEr
lllufffTTESSStt
LEfffTTTAAIII
LIftauu'sss
LLeeFFFTTTiieeS
LLEffTTEEESSSMMM
lleeeftttiissm'SS
lllooofftIISSSTTT
lllooffTissttt'ss
LLEffTTIIIssTTTS
LLLeFTTTmEEESSSttt
llleeefffTaaVeer
lliiFFFtttoVVVEEErr'SS
lEEfTOOVOOOrrrSSS
LuuFttSS
LOOFFFttWARRRDD
lUUftWWWeRRddSS
LLufttyyy
LLLeFFTY'sss
LLLEEEggg
LeeGGG'S
llaggacciiiuSS
lloooGGacYY
LLLeeeGGAACCy'S
LLLEEEgggAL
LLLeeGGGOOl'sss
llUUUgeeeLOSSSEEE
LLLeGallIIISSSee's
LeGGEEELLUsssM
LLLeegggAALooSSm'SSS
llleeegggaalllaaSSSMMMS
llAAAGGGeelllIIISSTTT
lUUGGGAAALIISSStttooCCC
lleeGGGeLLuSStIIcAAALLyy
LLLIGGGiiillloTEEeeeSS
LEEEGGAllIIttyy
lllOgggaalIIty's
llleeeGGGaalIIZZeeTTTEEOOnnn
lllOOOGGGaLiiiZZAAAtiiiUUUnnn'SS
LLLeeGGaLLLIIzo
LLIGGuLLEzEEDDD
lllEEEGiillliiZZUUUSS
laaagggaaaLLiizzIInng
lAAAgggUllYY
llleegggeLLLS
LLeeegaaaTTTee
LLLaGGGattteee's
llAAGaaTTTeeeeee
LLiGGaaattEEEe'sss
LLEEEggeeeTTTooEs
LLeeggootiiis
lleeeggeeeTTeeeSHHHeePPP
LoGGGIITOOOssshhiiiPSS
LeggUttUne
LLeegATTiiiaaaNNN
lEEEgggaataaOOnn'SSS
leeGGoooTTiiOnnary
llEggguutiOnnns
lEEggAAAttE
LegETAAA'sss
llEEEGGGIIItttOOr
leGGGaaTOOss
LLLEgggONNNDDD
LLeegggiiiNNND'sss
LLLeeGGGeennnddaaRRiilyy
lllaggEENNDDDERRy
luuggEEnnndddSS
LLLiiiGGeeRdiiMMAAAuuNN
llEggeeerDDDuuumaiin'sss
Laaaguus
leGGGGGeeedd
LLIggUUOORRR
LEGGGgggiiieeSttt
LLeGGGGin
LeeeggGGGIN'SSS
LLLeeeGGGGInESSSS
llooGGgggaaaNNiSSS'S
LLegggguNg
llloooGginng'SS
LLeeeGgeennggsss
LLuuGGGGGGiNNsss
lllEGGGGYY
LLLeeGGHHoooRRRN
LLEGHHHOOOrrnnn'SSS
llleeeggghheernSSS
LLeeggIBBeellitttY
lEGGGIbbiiilluttyyy'sss
llleeegggOOOBlllEEE
llEEEggeeebbLENoossss
llUUUggIIIbbbLLy
LEEEGGiONNN
lEEGGioooNNN'SS
LLLIIIgiiiOOOnnAArrieeSSS
llleggUUUooonnniryy
lleeeGGGiiieennnaaaRRRy'ss
leeGGGUUOnNNeeEERRRi
lllEEEgggIIAAAnNNAAAiiRRRe's
lllUGGiOOONNNnnUOrrEES
leggIIIoonnss
LoooGIIsLLLaTTEEE
llEEgggosllaaatteedd
LLLEEggEEESSLaattiSS
LLeeGuuusslllitEEng
lloGUUUslaaattiiionn
LOOgissllaaaTTTaaONN's
lIggguuSLLLaatUUVVVU
LeegASSSLaaaTTiivvvuLLyyy
llleGGGuuussLAAATTOOORR
lEEgaaassloootttorr'ss
llagggIIslllAtttooRRiAAl
LaaagIIISSSLLAATOOrs
lllOGGaaSlAtttaRRRA
lEEgiSSSllluutttUrro'sss
llEGoSlaTTTeeeRRESSS
LEEEggist
llEEEGGiiittt
luuggIIITTTIIMecccYY
lEggAATUUUmmmAAAccYY's
LLeGGGuuTOOOmaaaTTa
llAGGiitOMMMiiTTuD
LIggIITTTiiiMaatOOLyyy
LLeegggIITToommiitttEEEss
LLEEgitttiMattInng
llaGUttEEmmaaatIIen
lllUUGeeeTTTIIImmuTTTiizEEE
llliiiGGiiTIIIMaateeZZeDDD
lllEEgITImmaatIIIzOOsss
LOOOGGGOOOttIIIMOOOtttiiiZIIInnnG
LLLeeGEETTTaaammissm
lllaagggiitiMMMEEESTTT
llAAGGITTaaamOzATTTioon
LLooogiiittIIMMMizzzAATTTaaauuun'ss
LEEEGittteemIIIzzzEE
lEEEgggIITTIIIMuuzzzAD
LeeegIIItAAAmooZuuus
LLEEGooottiiimmIIzzziinnGG
LLLeeeGGLEEESsss
LLEEEGMaaNN
lllOOGMANNN'ss
LeeegMUUUn
lllEGGRRRooUMM
LLLUUGGrrOum'SSS
lEEggrrooEmss
llOOOgSS
LeeGIImmmeee
LLEEGGGummmuu'SSS
llleggAAMMMESS
lllEEEgUmmminnn
lllEEGGGUmUUUNNNUuS
LeeggWWWORRmmERR
LLEEEggwAArMMMaaaRRss
LLLAAGWWOOORkk
LLeggWEEERRkk'SSS
lloHHHR
LEEEII
lleOO'SSS
LeeeIIS
llEEIIsshmeeenEUUU
LLiieeeSSShMMMAAAnnnUaasssEESS
lllEEEiiishhMMMAAnnAaSSSEESSS
LLuuuOOOssTTTOOORRR
LEEIISSuRReee
llliOSuurrre's
LLuuuiiSSorEEDD
LeeiiSSorrOOlIIINEESSSs
LaaIIIssUrrriiiLLEEEnnnessss'SS
LLLEEEessOOORReeLy
lEEuuSOOOrIIIwwEaar
LLEiiiSSUUUReewwwAAaaR'SS
lllEUUTTmmmOOTTiiFF
lllOOOIIttmooottIIIFF'SSS
lllEAAATTTMMoTTiiFFFsss
llluUUtttmmooottiv
lloITTmoottAAv'SSS
LoetmmmoooTTIvvs
LLEEEk
LEEEKKKs
lllEEMMenn
LeeMmA
lUUmmmusss
liimmmmmaatttE
LLLuuuMmU
LLAMmiNNG
laaMMMmiiiNNG'SSS
lUUUMMMMuunggSSS
looMMMnIIscAAATII
LLLommNNNiiiSSCCaaa
LLEEmmnniissCCCIsss
LLLEEEMMMAAANN
LeMMMAn'SSS
LLLEMMOnnaaDDDA
lllIIMMMonUda'SSS
LLEEEMMMUUUNNeddeeess
LEEMMMIIINggRRosss
LEMMeeNNNSSS
lEEMMMoooNNNyyy
LLaaammPPPAArrrAA
LemmppIRRaaass
LLAAmmmuuRR
llooMMMuuRRR'ss
LLLEmmuureeS
llEEEmmeerrOIId
LLeemmmUUURs
lluuuND
llliNNdeeerr
llleNDDDErrr'sss
LeeeNNDUrSSS
llEEEnDDDEEENNNG
llEEnnndddiiinngs
lUNNNDDDss
LiiinGttHHH
luuNGGTTThhh'SS
lllENGGGTHHonnn
lleeennGGGTHHAAnUUdd
LEEnGGthhhuuNNNiiinggg
LLLeeennggTThooNss
llongggTTheeeiRR
llleeeNggTTTHHIEESSST
LLONNggthhhIlyyy
LLLOnnnGTThhhaannaaSSSs
leennngtthhInnnESSSSSS'ss
llloooNGGTTHHHs
lloNNGGGtttHHwwwuuuyyySSS
liinggTTThhwwassEE
LeeeNGGGttHHy
lUUUnnIOOnnncUU
LLLennnIIIeeencu's
lunnnieNccYYY
LLLoonnUUUEEENNNccyy's
LLLUUUNNUUuunnTT
lENNNooAAANNtlyy
LLeenniiS
lleennnatttiAss
lleeeNNNIIttiVVEEE
lannnittyy
llOOONNii
LLEEENSSS
LooonnnSS'S
LLLeNNssEss
lllEnssIIInGGG
lennnt
LaantooommUNNttu
lllOnnTTTONN
LLLEEENNtUCCC
lOONNttiiccEEEll
LeeNNTTTEEccculaaRR
LLEEnnTTTEECCeliiirrrEEEs
LeeeNNNTeeGGGonnnEEEuuuSS
llIIInntteeGo
LIIInnttAAAlll
LLLENTiiill'S
LLLaaannTTUUlls
LLEEnntIISSSSImmI
lleentto
LooIIInneee
leeoNNNES
LLLEEONooonE
llleeUUUppARD
leeeepArDD'ss
llleeppuurrrdAAASSSS
LLLEooopERRRdddusSSS'ss
LIEPPPaarrrDDIIIssssESSS
lllEEEeeepARRDDDss
LLLeeoTERRD
llUiiTTTarrdd's
LLLUUOOOTTTAArrDoood
LeeeeeeTaaarrdss
lllOOOPPOOOrr
Leeepppeeer'sss
llliiiPPPerrss
LLeePiiddoLLiiittuu
LLEpppuuuddooolItteees
lleeepiiidAApttorANNN
LLLepiiDDopttaaaRRREEnS
LLePPPUDDoPPPTTERRIIIStt
leepIDDDaPttAARIIstSS
LLIIPIIIDDDOOPPPTTTOrooLLLUUUgggY
LLeepppiidddooopptErreeEEES
LLLOOPPPOdddOOOppTerrrYY
lOPPUUUddUUSSIReeenn
lAAppiDDDATe
llEPPaaRIIIDDD
LopppoRIIdAA
LLLEEpppooorrADSSS
LLoPPErrriiNNe
leeppprEECChhuiiN
llEppprrreccchhAun'SSS
LLEEPPPRReeCHHaaUUnSSS
LLLeeePPPrrOOOSSAArrrIIeeem
LLLeePPPRRRoSEEE
llAAPPPrrrOSSY
llEEPPRRROOOssYY's
LEEppROOuuSS
lIIIppttt
llaptAAA
lEEEPPPtttuunnn
llluuuPPTTOnnn
LuuppTTTiinn'SSS
LLIIIpTTTonnnICC
LiiiPtttOONNNsss
lEEPTTuupppHHYYlLLOOOss
LeeePPtttOOrrRRRHHIINNeee
lllEEppttIISoooMMee
lApppTTTaassspppirrrOSuuuSSS
llloooPPPTTToooSpuuRRREEESSiiiSS
llleeessbbiiaaaNNN
lleesbiiAAAnn'S
llEEsbbbIIIuunnUUUSMMM
LeeessbbiiiaaaNoSmmm'ss
lusssbaaAANSS
llluuSOOOUUUNN
llEESSSiiEN's
LLEESSiiuNNNSS
Luss
lESSS'sss
leSSSeeAA
LLeessssoe'sss
llessssiieeeSSS
llleeSsEEESShIIIPPP
lllESSSsEEEnn
lllEEssssEEnnEdd
LLLeeeSSssseeeninGG
LoSSSSENNsss
lESsssUrrr
llliiisssSEs
LLLESSSOnnn
lllAAASSSSOONN'ss
llleessSeenss
llleSSSSoooRR
LUsssUrr's
lllAAASSSssurs
lleeeSt
Lettt
llOOOt's
llAtdOOWWn
lluutDDDIIwwnnn'SS
LLootttDooWWWNsss
LEEEtHHHUlll
LLittHHAAllliTTIIIeeSS
lEtttHHoooLLLuuuTTTy
lllUUUtHHHUllLLYY
lllEEETTHHArrrgIICC
LeeettthhhoorrrGGiCCCAAALLLLLLyy
LLLOOOtHHHaaRgy
LLLeeetHHHaaarrrgyyy'ss
lluuutttHI
LLLEEETs
LeetttTUUr
lleeetTTOORR's
lliiiTTTeeRRRbbOOOx
lEttttEERRBBBOOxxaaasss
luuuTTTTEEERRReeDD
leettttaaarrurrr
LLLUTttEEREr'sss
lllUTTtttiiREEErrSS
LLLETTTorhhheeeAAADDD
LETTTTeerrhheeOOdd'SS
LLEEttTTerrHHEEEAAAddS
lllOOOTTTtttEEErunnnG
LLLEETTTuuurEEnnnG's
LLLIItttteeerrPROOOSSSS
LLEEEtttteeeRRRPrrreessSS'ss
lITteRRSSS
LattttiiinGGG
lloootTTTIngggSSS
llleeTttUUCCCeee
LLLettttucAAA'sss
lllUUttTToccAAsss
leeetttUUppp
lOtAAPPP'S
LutttuuuPPsss
LLLeeeeee
leeeiiiCCiinnEEE
LLuuuuucciiNIIISSS
LEuuuCCCitttuuu
lllaIIICCCooCCCriTTTIICCC
LLLEEEEcccOOCCCyttAAA
LLLEEEuccciiCYYtttEss
LUuCCCoooCYYYtooosssIIIss
LLaUUUCOOOddoooRRRMMAAA
LAecccOOMMaaa
LEAcIIImaaainneee
LLLEuuCupEEEnnnIIIaa
LLLEUUcooPPiiNNNoEsss
LLEEEuuucccaaapLLLaSttt
LLiiuuCCCOOppoIIIeeSSSEESSS
leeUUUcccatoMMMiiEEEs
leeeuCOOOttOOmmmYY
LEEEUKKKEEMMMiiO
LLAiiiKKeeemiuuu'SS
llleuKKEMIIICC
LEUUKKKEEMIccc'SS
llleOkeeeMMIIcsss
lEEEOOOKKKocyyTOO
LLLAUUkkkOOcyyTTE'S
LLLuOkAAACYtttIs
LLLoIIIkAACCYYTiiccc
lllEuKOOODDDeerrMMi
LLEEEUUUKKoDuRRmmmaS
llAAAiiikeeRRrrrHHEe
leUUkkkOrRHHHEEEOSSS
LLLeeeVV
LLEEva
lAAvvAnnnTTT
LLLUUUVInnntEdd
leevvvUNTTTooorrr
LLEEVVIInntttEERRRS
LEEEvvINNTTiiNNNggg
LaaVVVAAANNtts
LLEVVAAAtoR
leeevOe
LiiiVVVeeeu'S
LevvvooEEss
LEEvvveeeLLL
llluuvaLL'ss
lleeeVViLooDDD
LLLAAVVELEEErr
LLeevEEleerr'ss
LeeevaaLLLeeRRRSS
leeVVVILLhhheeaadooDD
LuuuvvveellhhhaaaAAdiidlllyyy
LLuuVVEEEllhhEiDDDEEDDDneesssSS
LEEViLLLHUAADDDeeeDDnneeeSSs'sss
LLLeevvELLiiiNNNGGG
LLeeeVEEELliD
llleeeVVVeelllEEEr's
LEEVVVUUULLlllERs
LLeViiillllllunnGG
LLLeeevEEllLLYY
llEEEvvuuulllNNOOsssSS
LeeevvvELnneeessS'SS
LLLUUUVVeells
LLeeevveer
leeeVEEErrr'sss
LeeevvERAgge
llAvverrrOOOGGE'S
LLiiVeeerAAGGGeD
LLUUverrrUggEESSS
LEEVVVAAARRRAggiiiNNNgg
llEEVAREEDDD
LLeevvEEERRIIIt
LLLEEVErreettss
LLLaVVVEEEreNNggg
LLLUUUVVVErss
llleeeVVViaaaBBllle
LaavoITTHuunn
lllIIIvviaaaThhaaann'sss
LLUUUVViiiAATTHHHONSS
LLIIIvvIadd
LLLeVVIIIeeer
LLiVIIeeeR'SSS
lAVVVieeerrs
LEEEvvIeeess
llluuuvvvIIIgggaaate
LLLEEEvIN
LLEVVVORutttUUU
LLEEVVVEEEsss
LLeeVVVOOOtaTTTeee
LLeeevvittiiTTeeDDD
lllEviittOOOTTTAAS
LLLOOOVIIttAAAttiiiNNNgg
LuuuvvviiiTTAttUoNNN
LoVViTTTAtIIIOOOn'S
LLeeeViiiTATTeeR
leeVViitttyyy
lllOOvvviTTTyyy'ss
lllAAvvOOOgYYYraaTTTe
LEEvvOROOOtttaattiiaaaNN
LLLeveRooottAATTeery
luuvvvuuLooossI
lEEVVElllosssEEESS
LLeeevY
LeeVVVYYY'SS
LLLevvYYYINggg
lleeWWWdd
lleewwwDDeer
LLUWWWDDAAstt
lllOOOWWWddLLYY
leeeWWDDNNEEsssss
llEEwDNNesS'S
lllEEwwaasss
lEEwwwIsssITTeee
lEEExUMMeee
LEXeeMEESS
lllExxxiiiccA
LLLeexxIIIcUL
LAXiiiCaalllLLyy
LUxICEEEGrApphErr
LuuxxICCOgRRIpHHOORRR'sss
LLEXICCEEEGGGrrAAAppHHUURs
LLLeeeXXOOCCoGGRAPhEc
lllEEXXXIICIIIgggraPPPHIIIccaaalll
llloxxiiicAggRaaapphhhiiCCoooLLLLLLYY
LExxIIIcciiGRRAAApphhhy
LLLAxxAAAccAAGGGRRoooPPhhhYY'ss
LLLeeXiiiCoooLogggIEEESSS
LLLUUxOOOCCCAALoGGGEESSSt
llleeexxxICCCOOOlllaaGessstts
lleeXXXeCCCoolUGGYY
LEEExxOOccONNN
lEExECCiiN'sss
lllUxxiCOONs
LLEEExxxIIIcossTTIIIttaastttUUUCCCSS
luuuxxiGGGRaaapphyy
lEEExxxEs
LEEEXXXosssaaSSS
leeeY
LeeyySSS
LOOO
LLLIIAAbbbIIILLITTTOOEEES
llIaBALiiTy
LLLuAbbbIIILLiiTYY'S
LLiaBBBlla
LLLIIOISSSUU
LLOOOaaaAAseDD
LLIIAAIISSSeeeSSS
LIiiiSSEENNNggg
LLLooAiiSannn
LLooEEiisUn'sss
LLoooaaaUSSSooonnnsss
LLLiiiiNNNu
LLLIeeeNNNaaas
lAAOR
LLLoAAr'SS
llOArrrd
LLLaaaaRRSSS
llluuubbb
lllIIbb's
LiBaaaTaaaEEEN
libbaTTiiooNN's
lIIIbbbaTIONNs
llabbbbeeR
lllIBbaaRR's
liBBbbbIIIRRRsss
LiBBBeCCCIIOOO
llIIBIll
LeBBeeeL's
LLIBBiiiLLLANNNTTT
LLOOBuulllUUUDD
LLUbbbOOlaaaOOO
LiiiBBELeeR
lliiiBoleerr'SS
llEBBBEEEleeeRsss
llIIBeeelliNGGG
lllIIbbbeellooosTTT
loooBBaaalllllledd
LLLOBeeLLLLEER
lliibeelllllOOr'SSS
lllIIbiillLAAARsss
lOOObbbeeelllLeeengg
LLLIIIBBBuullaaauSS
LLoooBBBeellOUUSSS
lllIIbElllooeeeSLLLYY
leeeBBaaLLSSS
LLLiiBEEEr
lEEEbberrrall
LiiibbbaaRRAAll'SSS
LLLiBBooRaallUUsssMM
LLLIIBeeeRuuuLLIIISSm'sss
LebbbeeerUULiiSStt
leeeBBBEERRRaaallIssTTTIcc
lIIIBAAArrraaaLLLuuttyyy
llibbOOrrrALLLiTYY'sss
LLLuuuBeRRElllOOzUUUtauunn
llEEbbbeerrraallAZZZaatIoon's
LibbburrrUUUlliZZoooTTIonnsss
LLuuBBBAArrALiiiZZE
LLLIbuuRRRALLIIIZEdd
LiibeerrraliZas
LLLOBeeerraaLIIIZZInnG
lIIIBBBeRRiLLLLLY
LIIIBBEERRELNNNeessSSS
LIIBBBEEErraaalllNEEEsSSS'SS
LuubeerrAllSS
LiiBEERRIIITTTeee
lubbAArrAtttEDD
llIIBeeerrrATTTaSS
looobEErrrAAttiNGGG
LLLIIbbboriiTTTeeeOnnn
LiiibbberAAAttIIONN'SSS
llibARRataaaAAnnnIst
LiiiBBBErrrOOtiiaannnosttsss
llIIbbEriiitOR
lllIIIbbeeerrOOtorrr'SSS
LLaaabbUURRRuuuttaarrrss
LLLiiibbIIIrrooo
LLLooobEErrrTTaaRooaaaNNN
llUUbErrrTUUrrIIIENN'SS
LLLaaaBBBeRRTToRIIIINNiissMMM
llIIIBBBIIIrrTTTuuruuuaNNNiSSMSS
LLLEEBEERttARRiiANSSS
LIIIbbiirTIIICCAdddA
LLiiiBarrTTUEEsss
llIIIBBeerrrTTTiNNNAGe
LibORtttAAnnnEE
lIIBBERRRtttAnnE'S
lAbbEEERTTiiNNESSS
LLiiberTeeNNiisM
LLuuubeeeRtyy
LLLIIIBeeRtttYY's
lIbIIdiiiNNNiLL
LLLuuuBBBIIDDiiinnalllLLy
LIIbiDDDinnnOOOuSSS
LLAABudoNNNeISSllY
llEEbudddonnIIOOsnneeSSSS
LLLiiiBBBoooddde
lOObbbIIdda's
LibbidddOS
lUUUBBBRRe
LLLiibrraaRRRaaaAnn
llIbbbRRAAARiiiEN'sss
LIbbRaaarIIInS
LLLobbbRaarIIANNNsssHHIP
lAAAbraaReeiNShhhIpppSS
LiiiBBRRRAAArriiees
lIBBRRAARRRYY
LLAbRURyyy'ss
lllIBREEttiii
LOOObbRRaaattuuuDDD
liiibbrAATEsss
LLLIIbbrrUUtANNNgg
LAAbrrraatteaaan
LLLiiibbbRRaaattiryy
LiBreeTTTTII
LLLaaaBBBrrUtttustt
LibruuutttTTTIIIsssTTT'SSS
lllAAbRRettttteeStS
lllIbrreeeTttO
LLLiiiBBRotttEE'S
laaaBBBrEEEttttOOOs
LLiibbRIIIffUUUrrMMM
LIIccO
liiiCeeennncccii
LLiiccOncccEEE's
LLLiiiccuuunnccEEd
LiCCCeeeNNNCCCoooS
llIIICeeeNcccInGGG
LLLiiCCCaNNSSSEBBBloo
LLiiiCCeNNNsssE
LiiiCInSe'sss
LLLiiiccceNSeDD
lllaaCEEnseeaaa
LLLuCCCUNNsEEEa'SS
LLEEEccceeennnSEEEOOOSSS
LiiccenSSiiiRR
llliiccEENSSSeeess
lucciiNNNssseeenngg
LLaaacENTTTEEE
LLLIICeennntoooatte
LLOcEEENNNTTUUUoooTIII'SS
LLLocEEnnnTTIAAtOsss
liCINNTTTaooass
llaaaceNTTiiiaaaEEslly
llIIICCCuNNNTTaauUUssnEEsssss
luuuCeennTTeeIIIUUUsssnnneeesssss'SS
LIccHHHeeU
LaaaccchhhOOOO's
LLLIIIcHiiieesss
lIcHHOOON
LLIIIcchhIIInnn'ss
lAACCHUUnnneeddd
lllucHHUUnnINNN
LECChhhaaannnuuLLLOOOgYYY
laaChhheeeNNNUUoooss
liCheennSSS
llleeChhii
LIIcchIIsss
LLiciT
LuuuccaTTlYYY
lllICiiiTTnnnEESsss
LLiicUUTTTNNeeesSSSesss
liCk
llIIcckk'sss
LLLiiiCCCKKKeddd
llliiiCCCkkIIrrr
luuCCKooRiShh
lllAACKKKUnnG
LiiiCCCkiiiNNNGG'sss
LUUUcckkaaNNNgSSS
lICCKKs
llliCkkSpIIIttttttlllA
llEceriiCCCee
LLaCOrUUUCCeee's
LOOcccOOOrriiicccEs
liiicccttorr
luD
liddd'ss
llODDDDUUUdd
LIddlllEEsssS
LODOOO
llladooo'S
lIIDooocooinnneee
LLooDOCCCEEIIInAAS
llIIIdddoos
lliidddsss
LIIe
lluEE'SS
LAAAIddd
lloooadd's
llIEEEDDDeeR
luuuaaafff
LLLiiAfffArr
LLLieeffassstt
liiUUggge
llUUUEgggUU'S
LLEEeGGGUMMuunn
LLiiiEGGeeMeeeN
LEEEEggeSS
lIIIen
lllieeen'S
lIEEnnnss
lOOOEEnnTeeeryy
LOOArrnE
LLLIIIESSS
Loooeeu
LLLiiiooUU'SSS
LUUUeuuTTTIINNNUUNCYYY
lIIIEuuuttuunoNNCCyy'S
lllaOOOEETTEEnAnTTT
llIIEEEiitENNNOnnT'S
LIuuoootttEENiiNNtttS
LIIIfE
looFFEEE'S
LLLIIIffEEEbbEEELLLtt
LiiFFEEbeLLLtttsss
llaaFFFEbbllOoodd
lIfffeebllUUoddd'S
LLAAAfeeBBBOOOaTT
LLEFeBBBIaaatt'ss
LLiiFFabbbUaaattMeeNN
lliiiffeeeBBBOOAATss
LLIFFEEEbbbUUUIIYYY
lIFFEEbbiiiOOOYYY's
lliFIIbbbUUUOOys
lIIIFFEEcccArrree
llifUFooRMS
LLLifffeGGUuuRRDDD
luufiiiggguAAARRRD's
lllUfiiiGGGooaRDsss
llOFELLLeeesssss
LLLIFFELeessSSSlllY
llOOOfffeeelEEssSSSnnEEssSSS
lllaaafffEEEleeSSSSnnnEEEssss'ss
LLIIIfffeeLIIKKKaa
lllaaFUULeennnAAA
liiiFFeeLLIIInE'S
lllIIIFFFiiiLIINIISSS
llIIfffAALLLooNG
LLLiFFeRRR
lIIFaRRR's
llliifurrS
llloFFFESSuuvvEEERR
LLLIIfffeSSIIIVVeRR'SS
LOffEEEsssAAvveeerrss
LLIffuusssuuuVViiNNgg
LAfffEsaaaVVVUUnGGG's
llliiifaaassspppan
LLAFiiiSpppAnnnSS
LLLiiFeeestYYYLE
llOfEEEsTTYYlllE'SS
llOFFFaaaSttyyylEEsss
lIIfOOttUmmeee
LLLafffUUUTToma'sss
LLIfeeeTTTUUmmmISSS
lllIIIfffeeeWWooorrrk
LLLOOOFOOOwwoRK'ss
llEEfOOOwUUrrrKKSS
LLLOOOfT
Liiftt'SS
LLiFFtttAABlaaa
LLOOOFFTTTEEdd
LLLIfTTEER
LLiiiFFtttuRR'ss
LLaaaFFttteerrrSSS
lofTiNNGGG
lIIIFFtOff
LLIIIFFTTTOOOfFF'ss
LLLiiFtOOOFfss
LIFFTTTss
lllIIIGGAmmmOOONNtt
liiggaaMMENNNttt'S
llIIggAAMMOONNNtttuuS
lliigAmmmeeNttss
LLLuGaaaNNN
lAGGENNNdd
LLLIIIGGonnDS
lliiGuNSS
lIIIgggaTTTaaa
LLLiigaaaTTiiiD
llliGGATTEss
llIgeTTaNG
lllIIIGGGaaTTTiiOOOn
LIGGGITTiIIInnn'ss
lIIIGGGIIItttorrree
LogAAtttUREE's
lllIIGIIttuuriiiDD
LLLIGGAAATTTuRRREEss
lluuGGAATUrrunG
LLLigeerr
LUUUGGeerrrs
LLiiGhhTT
LLLighhhT'SS
LOghTTeeDDD
llaagHHHTTeN
LLLoggghhtttONNNeeed
LIIIGGGhhhttEnEEEr
LLLIIIGGGhhTTeennnEERR'ss
LLogHHtttEnarrrS
LLIIIGGhTaanAnnggg
LLLIIggHTTTennnINNNGs
llIIIgHHHTTeNNNss
LLUUGGhteeeRR
LLLAAAghhtterr'SSS
lllIIGGhhhtttEERaagUU
LLOGGGhhhTTeeRuuGGUUUSS
liiGGhhhTTUUrmaaNN
LLoggHHHtttIIRMMMenn
LLLuuGGHHttteeerS
llIIIGGGHHttAssttt
LLUUUGGGhhTTFFaaCCi
loGGhhTTFFFIIIcccEEE's
LOOghhhTTTffaaacccuudd
LLLiiiggHHHTTThhheeeaddEdd
llIIgHthhEEadeedddLYYY
LLLIIggghhhtttHHHeeAAAdOOdddNNEssss
LLLiiigHthhEEEOODDDiDnneessEEESS
lIggghTHEartteeddd
LLLIghhhttthhheeEEErrTTTeeddllyyy
lliiiGGGHHHttHuuuaarrTTAADDnnneeesss
LLiGHHttHHEEIIIRTTiidddnEESSs'ss
llIggghTTTHOOUUUsssee
lloooggHtHIIIuuussO'ss
lllIIGGGhhthIEESSSeeeSS
LLLiiGhhTTIIINg
llloooGGHHHTTiiiNgg'SS
LLIghhTTTisH
LiiiggghhtLLoSSSS
LLLiggHHHtlllyy
LiGGGHHHtttnossSS
LiigHHHTnnnESSss'S
lllIIGGGhttNaaaNNg
lliiggghhhtNiingg'S
LIIGGGhhTnnoNNNGGeed
llliiggHTTNNUnGGs
lluGGGHHTTTppRREEfff
LLIGGHHTTSSS
llliGGhttssshoooppp
LUUUgHHHTShhhIPP'SSS
LLiggHTTSSSHHiiiPPPsss
LIIgghhttSSImE
LLLIIggghTTTWWWeeeiiggHT
llluuGGHtWEEIIgHHTT'SSS
LLLIGHTWWWeeeIIghhTTSS
LLIIIGhhTTyyEEUUrr
LiiGGnnnUULUUUEEEss
LEEEGGNaaooouS
llliggNNUFFEERRRMMM
LeeeggNiiifffYYY
LiiiGGnniinn
liiGNNNeeennnsss
lllIIgnnOOOtEEE
lIIIGGnnIItttu'ss
LLLaGGnItttICCC
LLLIIIGnnaacccAAAlLUUULLLOOOSSSooo
LLiigRoeen
LLLIIGallAAA
liiGGaaaLaaTTTee
LLOOGGGUUllluuu
LLiigEERRRooo
lliikkkaaaBBAALLIIttYYY
llokoBBBuulITTTYY'S
llIIIkEEBBLLo
lIIIKaBBllAAneeSss
llIKUUUbLAnnnaaassSS'SSS
LLLiiiKKKeeBBLYYY
LLLaaakkIII
llIIkkeee'sss
LIIKeeeaabbbIIllleeTTTYY
lIIIkooeBBBIIlllIIIty'SS
LLLIIKKeoBBBlllEEE
LLLaaakkeeAAbbbllEEnnnooSSS
lllUKKKEabbllUUNOOOsssss'sss
lIIIKuuuOBLYYY
LLLiikOODDD
llluuKKKElOEEERRR
LLiiKKKOLLLIeeesssT
LLikkkeeLLLIHOOOddd
lllIIKuuuLLLaahhhOOOOOd'S
LIKKeeelllUUhoooDDDSSS
LIIIkeeeLLaaneeSSSS
LLiikEEEllIIINeSSs'sss
lllAKKeeeLLLy
likkkEEEN
llEEEkkkeNNeDDD
lllOOKEnnnESs
llliiiKKKooonEEEsss's
LiiKKaaannASSSSEsss
LLIIKUUUNeeeNNGGG
LLLEEKKEENNNs
lliiikIrr
lluukkeeess
llIIkkkessT
LLIIkkuuuwOOOSOOO
lluuuKKIIINGG
lllIIkIIInnnGGG'SS
LLOOKKAAnnGss
LLiKkkOOOR
llIIKeeetttaaa
lAAlAAcc
LIIIllAAAc'SSS
LLIIILLAcccSS
LLLOOOLaaNNNGGenII
LLiiiLLLuuIIcccAAOOOUUss
LiiLLLiiiiiSSS
liiilllIIIpppuuuTTTUUEn
LIIILI
lleeeLUUsss
LLLilt
LIIlTTT'SSS
lllILLttedd
LolTInnnggg
lllIIIltSS
lleLLLyy
LLiLY's
lImaaacccOOONE
llOOmmmb
LLLaammmb'SSS
LLiiiMMMBBAAATTE
lllImmBURRR
liiiMbbbeeerreeedd
LLLIMbArrraaanngg
lllimmbbbiRRRNEEsssSS
lIMMMBBBAARRnnnEsssss'SS
LLIIIMBEEERRSSS
LLLooombbbOOOC
LLLOOOMMbLEEEsssSS
lllIIMMbbbo
lliiimbbbOO'ss
LLLiimmmbbbUUUSSS
lllIImmmbss
LIIMMMbbuuuS
LuuuMMMBAAsssisss
LLIIMMMe
luuuMMAAA'sss
llIIImiADE
lOOOmmaauDE'ss
LLLoooMMEEidAAsss
LLimmmEEEdd
LLiMMMAkkuLnnn
limIIkkkIILNNs
llliimmeeelllEEEGGHT
lliMoooLLigghhhttt'SSS
LEEEMeeN
loooMEnns
LLiiMMMEEErrIcccKKK
LLEEEmerrriCk's
lloooMeeeRRuCCCKKKSSS
llIIIMEs
lllaMMEEEScaaalO
lllEmuusstttaaanoo
LIMISTTONNNAA'S
LLOMoowwwaatttUrr
lllIMMMEEwwUUTTTEEErrrsss
LeMMMaaYY
llIMMEYYS
lIImICELOOOnno
LLIIIMicEllouuuSSS
LIIMuuuOOr
LLiiMEEIIIsstt
llIIMMMIIInnAAALLL
LLLIIIMMuunnGG
LLeemAAttt
LLLEMMMIITTT'S
LImmIIteeBLLe
LiiMMMitarryyy
liMMMoTAtiOONN
LammmIItttaatEAAn'S
LLLImmmiittIIItIIooonnSS
lllimmmaatiittiVVVOO
lllammmiiTeD
laMaattteeeddLyyy
lliiMMMIIttteeeRR
LLiiMiiiTeeR'S
loMuuuTEEErrSSS
limmmIITiinnnGGG
LoMMMoTIIInGGS
LLLIIImiitlllESsss
LLLiMMMiitttLasSNEEssssss
LiiimmmEEttLLLESssNaasssS'ss
LLLiiimmmittss
lllIIIMnn
LLUUmmmnnOODD
LLiiiMNNOOORR
luumNNNArrrsss
llliMnnuttIICCC
LEmnnennggg
lOOMMNoLLLIIIggIIes
LUUUMMNoooLoggYYY
llliiimNNNS
LoommmOOO
lIIImmII'sss
llliiiMMMooNNooonnI
LemOOnEnnnESSS
lIIIMUUUnnnOOOTE
lllemmmOnnnIIItaasss
LaaMaaaNIIItiCCC
LUUUMooos
lllIIIMMMoUUSSinnnEEE
LLLiiimmOUUsuniii'S
LLLIIImEEEuuSUNAAss
llOmmmp
lliiiMMppp'S
LLLeeemmmppEEd
LIIMPPPeeeRRR
LAAAmmPPPUUSTTT
LIImmppEEEttt
lllOOmmmPETTT's
lIImmmPeeetSS
LLuuMMMPPPoodd
lAAAmpppuuDOOOTTTYY
lllImmmpOOddUUttYY'SS
lllaammmpIIDLLY
liimmPuDNNNEEssss
LLIIIMPPeeddNNOOsSS'sss
lleeeMMPPiiinGGG
liiMpppkkIINNN
LLLImmmPKKKiiNNsss
lllammmPlYYY
lllEEmppnnOsssSSS
LLOOOmpppNEssSS'sss
LLLiiimmPS
lllIIIMUUlluuS
lluuMMMYY
LaaNNNagggEEE
lAANOOGGee'SSS
lllIInnnaallOOooL
LLLUUUnAlllAAAAlsss
LLLOOnnCCChpppiiNN
llIIINCCChhpppiiinn'S
LLLinncccHpppiiiNNNSSS
LLiiiNNdEEnnEEE
llaanndddUUNuus
LLLIIInDEENNN
liinnnddeen'SS
LiiinnnDDDInnss
lllINddoooeees
liiiNNNDDyyy
llIIInu
LLIIInnnEEE'S
lllIIInnneeeeeggga
LLLOOOnnnEEUUggAAA'ss
laaNNNEEaaaGGeSSS
LUUUNEEalll
LLLiiNNNOAlllLyyy
lliinnneaMMMeeeNt
LLaNNNEIImmmAANNTTT's
LLLUUUNNNeeAAAMMMeNNNTTSS
LLiiNNNAuuRR
LiinOOaaRRROTTTYYY
leeeNNEEEaarIttY'ss
linnnoooooRRRiiZUUdd
LuunnnEEaaRLyy
LLLoonnnUUAAAtttE
llIInneeeAAAtAOOON
lInnEEEOTTEEEUUUnnnsss
LLiinnneeeBAAcckkeeRRR
lllIINEBBuckkkAARRR'sss
llliiNeeBBAAAcckkkIIIRRs
lllIInnneeebbbReeeeDDDeeNNNggg
LLLeeNNeeDD
llIINUFFEeeD
LLLEEENNAAAMAAAn
lInnnEmmiNN'sss
LLLineeemmmEEEnn
LLLiiinneNN
LLiNNeenn'sss
LInnneeeNss
liiNNNuuuNs's
lllINEEEiiillluToo
llliNErr
lennAAr'S
LLuuuNNNERRllleess
looNiRss
LLLiiiNNiiS
LaNoooSSmmUn
lIINNNuuusMMMiiin'SS
LLIINiiiSSMMAnnn
lliiinnnOOupp
LinnnooUPP'sss
LLLinnAUUUpppss
LLIIInnnGG'SSS
llliiNNGGGaaam
LLLAAnnnGGGAAAMMs
llliiNNgggCCCOOD
lllIInggcoDS
llliinGGGeeeR
LOOngErrreeeDD
lllEENGGEEEruuur
lliiiNNGGGEErrreeerr'SSS
LLiiiNGGGeeereRSSS
lllEENgiiiriEEE
LLLIngeeeriiiEEE's
LLLiinggerrrONNgg
lEEnngggERRiiingggllYY
LLINgEEraaaNNGGs
llleNNNGErrrSS
llIIINNGe
LLLinnngggAAA'sss
liiinGOOoooSS
lIIInggEEENNbbbAArrrrrIIIes
llluunnGAAnbbbEEErrRRYYY
LLIIINNGGaaSSS
LinGsss
LIINNGGGiOOO
LIInnnggouuLLL
LLuuunGueeellLyy
LLuuuNNGGGuAAASSS
lInggUiiifORmm
LLUUnnnggguuuunniii
LLIIInngggUUiinnEEE'S
LLLEENGGGUEEEnnoS
lliiinnnGGUUEEEnni
lliiNNGGIiNNu'SS
luuNgguuiiiNNiiiSSS
LLLIIINGAAAiistt
LanggguIIIssT'ss
LLuuNgIiiiSTTAAAc
lIINNggguuuIIISSSttacAAAlLYYY
LiiinnnGGGUUOOsttiCCCIIIaaNNN
LinGGuAAASSTUCCCsss
lllAANgguAAASSTTTEECCCS'ss
lllIIngguuuOOOSStttSSS
LLLiiinngUUllaaTTEEE
lliiniiiMMMEENNNTT
llINNNUUmmmAAAntt's
lllINNuuMonnnTTTS
LLLIIniiiNN
LLIIInnnaaangg
llluuunnInG'SSS
llaannIINNNggSS
lAANNNkkk
lliinnnKKK'sss
llIIInKKKAABlEE
lllIInkkaGGee
lUUNNkaagggoo'ss
llUUUnKKaGGeesss
lliNkkkBOyyy
llINKKKbbboooyyS
LLIINkkkiiid
LLLeeenKKKAAr
LLLUUNKKeerSSS
LLLInnKIIng
llAAAnnKKmeeen
lllIInnkkmmeeNN
lIIINNkSSS
lIInKeep
liiNNNKKKeppp'SSS
LEEnKKuppps
llliNNNKKWORK
llIIInnnn
LLLINNNnnnettt
LLLIIInnnnnOOt'sss
llliiinNNeetSS
llIIINNNoo
lllIINNNoocUt
lAANNOOCCCiiiTTTSS
lliiinnIIleeeeeM
lliinOlllEEEummm'SSS
LEnnSSAAANNg
LOOONNSuuEEd
LLIInnSSIuuD'sss
LLUUNSttoooCCkk
lllAAAnnnTTT
lliNNNttt'ss
LLLooonnnttulll
LuNNNteeLLL's
LLLINNTTTOOlleddd
luuunTILLLLuuDDD
llliiiNNNTTTELLSS
LUnntiir
lllIInTTTuueeeR
LOOOnnnTTTIIeSSSt
LLUUNNNTTwwHIIITTee
lINNNTTY
LLLUUnnnYYY
llliiiiiiNN
lIIOOOn'ss
LLLIooNNeeSSSs
llliAAnnniiissS'sss
LLLiiiUNNeeesssssISS
LLLIOONNfiiissH
LLOOooNNNhhhiiaRRTTTuuuDD
LLiuuuNNOZZaTTIIIUUNN
lIIooniiZZZAAAtEEEooon's
laonnnozzziii
lllooEniizzziddd
LEUUNNiizAArrr
llIAnnuuuZuS
LeeunniZZZiNNggg
llloouunSSS
LLIIIPPP
LLLAAppp'S
loooppaaSSI
LaaPPISiiiS
lllIPPPeeeddd
LLLIPPPudd'S
llipppIIIDEEE
LiPeedooosss
LIpppiiiddic
llippAAADDDsss
LiPPPoocuuuIIIcc
LLLiiiPOOOGRAAAPPhhhYYY
LLLEEpoooiDD
LLoppoooOODDDS
lloppIlYYYsseees
LLAApppUUUmmma
liiPPPoMMMiiisss
LLLIIppEEEpppHeeeLLiC
LLLiippIIIPPPrrroTTTeeuN
llAAPPIppprrooTeoonss
liPiiiSSUUcccTTTuuuon
llliiiPPIsOOOCCTTIIooonn'SSS
lllUUUPPeeetROppiiiccc
LipppUUTRRAAApppIIN
LUUpPPeeD
LLLoPPPPPUuuRRR
llliippppiiiessstt
LLLIIIPPPpiNNNuuusssss
llIpppPPyyy
liipppReeIdd
LLaPPRRReeeIIDOOOr
LLiPRRReeeeeDDDeeeR'S
lllippRRROOEDDDuuNNg
LLLoopppRRRAAAAdUUNNNG'S
LLaappreAAADDDS
laappps
llIpSTicKKK
lllIIIppssTTiCCK'S
llUUPSSTTICCCkkAdd
liiipppSSSTTOOOcckiiinnggg
LiiippsttiCCKss
LLipppsYYYnnCCHHH
llloooQQUate
LLeQQIEfffaCUUUEEEnnTT
LLLiiiQQuuEEEffaaacttiiiaNNN
LLiiiquuuEfeeCCTTTAAIIIn'S
llUUUqqUUeeefEEECTTUvvvooo
LLLaaaQUUUEEEFFIIIiiiBBBlllOO
liQQUUUAAAfuuuid
liQOooofffIErr
lllIqqueFFFOOOeeeSSS
lliiiquuueefYYY
lliiiqIoFFyiNG
LLIIquESSSccEEE
llEqqueSSScEENNNt
llloqqEooIrrr
llIIIqqOOEEEEr'SS
llIIIQUUUUuuurrS
LLLiiiqqqOOOiiiDD
LIIQQuuuiiddd'S
lIqqqUOOODDDaaaMMbbaRRR
LLLEEEqqAAAUUUDDDUUUmmmbaRSS
LLLeeequuUUUDaaToo
LLLiiiqqqUUUIIdaTeDDD
LeQUUUUdduuTTTeeesss
lluuqqquuuDDiiTTTiinnggg
LLLiiiQQQUIIddUUtIAAnnn
LLLiqqqUUIDaTiiiOOONNN'SSS
llIQQQIIUUdAATTTEooNss
LLLIIqqqEIDDaaatttOOrrr
LLiQUUUAAddaatteeRR'S
liiiQOOOiiiDDDoTTTiiRss
lIIIQQUUUIIIddiiTyy
llleeeqqqaaaAAADUUTTYY'sss
lllOqquOOdddoozzzEE
luuuquuuIdddazzzooDDD
lllIIquiiDUUzEErrr
llloqUIIIdddeZoorr'sss
LLLIqeeiiidazzERSSS
LIIQQuuuUUUDDizzEEEss
LLuuqeeuDDDAAzzzIIINNG
LLIQQQAuddnnnissss
LLiqUiDDnnniisSAAAss
LLLaaaqqquuIIDDDsss
LLiiiQQQUUOOfIIIAAAD
LLLIIIQUUUifierrr
lIIqqaaiFEEEuuSSS
LIIIQQUaaffY
lllEEEqUUUOOOFyyiiNNgg
LiiqqquuuUr
LuuuqUoRR'SS
liqEEEOrEEEddd
lliQQQIOOrrINNggg
LOOqUUErrrIISh
LLLiiQQQaaUrrrs
LLLiiiRREEE
lAArAAA'ss
LLLurrAASS
LiiRaa
LLOOOrruuuOOOdEENNdRRRooonnn
lAArrrIIIPPPOPPPAAA
LLLiiiSS
llleeessEEnntttEEE
LiSSSLOO
LLLISSSLLE's
lllEspp
lllISSP'ss
lllIsssPPeeeD
llissPoorr
llliiiSSSPPPAAAr'SS
liSSSPPPUUUrrrSS
LLiiSSPPPIIINNNggg
LLisssPSSS
LLLEEEsssSSSOmm
LLIIIsSooMMMAAA
LLLUssSoooMMMuLLLy
LLLIISSSsssoooMunnneeSS
llliissssumAnneesssSSSiiiSS
LLissSSomlllyyy
LLLiSSsssAAmneeesssSS
LIIsssssIMMMNeeSSSIIsss
LiiiSSSsUUTrrriiichhhaaaoosss
llUUsssTT
LIIsssTT'SSS
LLLIIIsTTiidd
lAAAssstttAU
llOOOSSTTUUll
llAASSSteeeN
lllIIISSStaaaNN's
LLiiStIIInAAAbblllUUU
LLAAASSStteeennneeddd
LusssTEEENNNeRRR
LLaaStuuunERR'sss
LuusTTunnERRs
LLLAsssTeNNeeerrrsHHHooPP
LLaSTTTENNiNNGGG
LLOOSSSttteennS
lOOssTTTeeRR
lIISTErrrOAAA
lloooSSStEEERSSS
lleeeStttIIINNg
LLLISSSTTIInnnG'S
LLiStAANNNgs
llisstttlesss
llAsssTLaaaSSsssLy
lliSTTllAAAssSNEESSSss
LiSTLLLeeeSSSSSneeSSSS'ss
LLLesstts
listtSSSEErrrvvEEErr
LLoooTT
lEETTTiNuuuUUUS
LLOTTEnnYY
LLLIITooNNyyy'ss
llEEtaaS
lITTTCHHi
LITTTchhhIII's
LoottCCChhIIIss
lIITTE
LATTTooor
LLLIIItUURR's
lllitoooRAAcyy
LItURRaaccYY'sss
lliittteeeRALLL
LLIIITErrraaLL'sss
llEtteerrraalIsmmm
llIIItttarrrIlIsssMMsss
LLaaatttEEEROOllOSSSt
LLLitArrraaLLooossTiiiC
LLLiiturrrALATyy
llIIITTeeeRoLIze
liTTeerrriLiiiZZAAAD
lllIttuuuRRAlizzzeesss
LLIIITerrAlliiZZEnggg
llIITOOOrrrAAllllY
LLiTTTUUURRIIILNNooSss
liiTOOORRAALLLnnneeesssss'ss
LLLaaTTEEERRUls
lottErriiiRRUULY
llITTTeeerrrarOOOnnoSSsss
LUUtttIIIriiirInnneess'S
LLiTERORYY
LLiTTaaarrreetttEEE
llOOttERROOOTiii'sss
LLLootttEEErrrAATeelly
LLIIIteeeRRRaTTES
LLiiiteeeRRRiiTTTuuu
llIITTEErrAAAtuu'sss
lllaaTTTorrAAtttIM
LLLeeeTTerrrAAAtttUUURR
LLITTTEraaaTUURO
llIITTTeeerrraatttUUri'S
lITTEEErrS
LLLiiiTTThhhaaRRRGGeee
LLLuutttHHHaaa
lllIIThhoLLLY
lllAATheNeeeSSSS
luuthhhEENEsssSS'SSS
LLLUUUtttHerrr
LUUtthUSSOMME
lEEttthhheeSSSTT
LIItHuuuO
LLLiiithiasseSSS
llliTHIIIiSooos
LiiTTHOOOccc
LLLeThhhIIIUUmm
LIIIThuUmm'ss
LuutthUUUggrrraPh
LLLithhOOGGGrAAPPPHHH'S
LLLAtHHHOOGrrrAAAPHHHaaadd
LLLIttthhhogggRRRAPPHeerrr
LiiiTTHHooGGGroPhhhooorr's
lliiitttHHHOOGGriPhhURRRsss
lllittHOOGGRRepphhhuuuC
LLLooTThhUUUgrruuphiiCCCUL
lllOOOTTHHHoGrrriiphhhIIIcccaaalllllY
llitttHHoGGGrrrAppHiiNGGG
LLLUUtHHoGGGrraPhhsss
LLLIITThuuugggRRRaaPHHHYY
lllIIIttHOOOgggRAAPPPHyyy'S
LLLOThUUUuuuddd
LLLiiTTHHOOllIIGGIIC
LLLIItttHHHuuulooogggIccEELLL
lllittthhhOOLLLOOgyyy
lliTHHHEMMUUrrrGEE
LLutthhEMMETeeeeeeR
LooottthhIppHHyTTTE
llEEtHHuphhyyTTTaaSSS
LaattHOOOPPPIInnnEE
llIITTHOOOssPHHHEEEree
luutthhusssPPPheRRa's
lITTThhhAAsssPPHErresss
lllOTTTHOOOTTToooMUOOOSSS
LLLIIIthhhAAtttOOOmmmyy
lliittHooTRRRiiiTTYY
lllIITIIggguuBlllEE
lotIGaaaNtt
lIIttteeeggINNNTT'ss
lllUTToGIIInnnTTTsss
llEtttIIIguTTEEE
llliiTTTIIIGAAAted
LeeeTiGGuuteeeS
LLiTTTiGGGaaatttAAANNg
LLiiiTIIgggeeTTTiionnn
lIttaaGGGOtttIIIooNN'SSS
lIIIttEGOOtttIvve
lllAAATIIIGattOOOR
LLLIIItttiigUUTTEEErrr'SS
LLLiiittAAAgggATTOOrS
LetttAAGUUUOaaass
LLITooGGeOOOESSSLyyy
lAAAtttuuuGGGoooUuSnnnesss
lllIIITTIIggaaiiiUUUsssnaaaSSSs'SS
lllooTTTMMoos
liTTTmIsss'SSS
LiiiTTTeeTTTIsss
looTTTooTToSS's
liiitttteeeR
llIIIttarr's
llITTTttEErrbuuuggg
llliiTTTTTTAAARRBBiiigg'SSS
LLLuutttTArBOggSS
LLLAAttttOOOreeed
lllIItttttteeeRRReeRR
llitttTeeereRRR'sss
LiitttTERReeerSSS
LLiiiTTttEERRaaaNg
LLLIIttttEERSSS
llIttlllIII
LLiiiTTTttLLLUUU'SSS
LLaaTTTTLLLeennooCCkk
LIItttLLLIInnneeeCKKss
llIIITTTtlleennEEsS
llAAAttttLLennneeessS'ss
LLiiiTTTtttlllEEr
lIItttttLEEsstt
lllIIttttoorrreelll
LLeTTttoooRUll's
LLLiiiTTTTTiirreeeLsss
LLLOOTtéRRaTTTeUUR
LuuuTTTttérrotttiiierr'ss
LLLIITTéRAATTTEOORRSSS
LLLoTuRRRGIICCCAALLL
lEtuuRRRgggIccUlllLyy
lluuTTEErrgIIIccS
llliiiTuRRRggIIIEEES
LLootERGiSSStt
llIttturrGGGiiSSSTTT'S
llEEtttuurrrggIIISSSTTTsss
LLIIITTURRRGYYY
llloootarrrgggYYY's
llIIItiaaasss
LLIIIVibbIIIlllOTTYYY
lllAAAVVVAbaaLuuuTTyyy'ss
llliiiVaaaBBLLLa
lIIIveBLLAAANNeeeSSss
LLLIIvvvee
lIIIVVVeeeOOOBBlllii
llleeVVeUbbbleennEESs
lllOOVVEBBEEarrrIIrrr
LLeviiiddd
LLLeeeVVVeellUaRR
LLIIvvUllIIaaastt
LLeVeeLihOIID
LIvvuuullliiiHuuuId'sss
LLIVVOOOllleeHOOooodsss
lliiVEElllIILYYY
LLIIIvveeellIINaass
lIIIVEELLiiNIIssss'SS
llliiVViiLLENNNGG
LLiivvIIloNggSS
llavvvellYYY
LLLIvvveennn
llIIIvvENeed
Leevveenniinnng
LLiiiVVANS
LLLIveeeRRR
llovvEr's
LiiiVeeeRRRIeeeD
lleeVVViRROOeeeSS
LLLOOOvveeerEEESShh
lliiiVVVeeerrrAAAShhnnnOOOsss
LLLIIIVVVERRRss
LLiiVVVuuRRRwooRt
LLLiiiVErrrWWOORT'sss
lllOvirrrwwurtttSS
lllIveeerrrwwwuuuRRsst
liVVVaaRWWWUURRSSStt's
LLiiivvarrYYY
lluVVIRy'SSS
lEEEVeeRRRyyyMMMUUNN
lliiVVVEEERRYMMMAnnn'SSS
LLIIVVVEEErrrYMMooNNN
LLLIIVVVAsss
Liivvosstt
LLLIIVVVeeSttuuCCkkk
LLLiiiVVVeeeSSSTTOOOccck'ss
LLLaaVVIIdd
llivviiidddetttIIES
llAVIDDDOOTTTYY
lliivvveeedLLLY
LLLIIIvEDDDnnoooSSSSS
lOOOVEdnnnOOOsssUUs
LLiivvvAAng
lIIIvvviinng'S
LLLiiVVIIINgggsss
lUUUvvRRRuisoNNN
laaVrrro
lixiVVViiiaaaTTee
llliiixxIIIVVViiumm
llIIIZZZAAArrrDD
LLLiizEEERRRd's
LooozzzaarrrDss
LLUUUMEE
LLLLooommUUU'S
lllllimmAS
LLLlllooNNNO
LLlllaaannnII's
lllAAAnoooSSS
LLMMM
Lnn
lO
LAOOchhh
lllooUchhheeS
LEEEAAAddd
lOaaaDDD's
LLOOOadduBBlllOO
llOOAddiDD
lluuuooddEErrr
LLiiODDerr'sss
loAADDeeers
llloeeedinngg
LOOAddaNG'ss
llOAADinGGsss
LLEEEAAAdddSS
lllooAAAddSttAAArr
LLOOOeDDstAAArrr'sss
llOOodddSTTTEERRRsss
llOOOEEddSSStttooonnee
lllOaaaDStttoooNE's
looaaadddssTTooNNNIIIsss
Loooafff
LLLoIIff'ss
liiaFaaad
LLEEuuffERRR
LLOOAAAFFFirrr'S
LLOOAffERRSSS
llooAAFFIINggg
LOOOAAfS
llloOOOIIIoSSSUUs
LLLooaaamm
liiioooM'S
lloAAAmEEErrr
llloooAAAmmmiEEEst
llAAaaamss
LLLAAaaaMYY
lloeeenn
lllIIAAnnn'sss
llloannnAAbblllee
LLeaannodd
llUUUaaaNErrr
llluuuAAAnUURR'SS
llleeINNeers
looaaannIIINNNGGG
llIaaaNNNss
llloAAAnnnSShuuuRRKKKIIInnnGG
LuuOOnnsssHHHIIRRRKKiinggg'ss
LLaaAAnWWoorrrddd
LeeAAAnnnwwweeRDDD'SSS
llOinnnWWorrDDDs
loAAATTHHH
lllAIIttHHEEE
llliiaaaTTThhhOddd
LLoooaTThheer
llOOOOTTThheer'SS
LLoooaaaTThheRRRSS
llIIaaaTheeess
LLLooOOThhhiiNNNg
LLLoAAATTThhhOOOnnnGG'sss
LLEOOOThhIIINNNGGLLYYY
LLLIIIaaaThhhIIINNNGGGSSS
LoooaThhhLLLIIIEERRR
LoAAAtthhhllOOOAASSTT
LLoooAAATHHLLYY
lOOAAATHHHSoMMMee
LoettHHSSaaammmEEElllYY
lllUaaattthhSAAAMMUUUnEEEssss
LAAAIItthhSOOOmeneSSSSS'SSS
LUUAAAvEEsss
llObbb
loobb'sss
LLIbbbERRR
LuBaaaTTee
LLLeBBBAATiiiooonn
liiiBbed
LLLOBBBBArr
LLeebbbBBBArrr'ss
laaBBBBerrs
LLeeeBBbbbIIuuuDDD
LLLooobbbbbbUEEss
lliibbBIIINGGG
LAAbbbbbby
lllEbbBY'S
llooBBbbyyoorr
LuuBBBYYYinGG
LLLOOOBBByyyIIsm
lllIIIBBbbbYUUSSSt
LLLOOObbbbbYYYIIIsssTT's
LoBBBbbyyyaSStttss
llooBBBa
LooBBEE'sss
loBEEEcTToooMMoooESSS
lllOOBBeeecccTTTiiimmy
lloobbiD
lllOOBelliiia
lEEbillIeeess
LAAABOLLLUUNO
LooBIIIss
lllaBBlaaLLllEEEess
LLLObLAALLLLLYYY
LibbA
LLooBOTTOOOMMMIIooSS
lobbbooottteeMMMiiZaaaTTeeeUUUN
loobotttaaaMiiZZEE
lUUUBBAATIIMMMiiizzzeddd
llOOBBBoTTToMMIzzzAAASS
LLoooBBAAATTTOOOmiiizzInngg
llooBBBUUtttEmmYYY
llloooBBeTTToMy'ss
lOOOBs
lOOObbbSSCCCooouuSSSEEE
LLLooBBBsssCCoooaaaSSES
LLaaBBBSttteeeR
lluuBBBsssTTArr'S
llabbbsssTTTEEERS
LEBUUUllIII
liiiBBBULLLEEEsss
llOOObbwEERRRM
llIIbbWUURMSSS
LLLEccUlll
looccaaal'S
lllOOccceellEEE
llOccALLLO'ss
lloCeeeLLLAS
llOOccciiiLLLiiism
LoCCIIILLLAAsmmSS
lloCAllleeettooaaass
LLOOOCCEEElUUTTyyy
llOOOCCCooliTyy'sss
LIIIccaallliiZZZaTIIEEnn
lllECIIIlOZZZooottOOOON'SSS
LLLuuccAAALLEEEZZaattuuOnnns
lllOOCAAlEzzuu
LOOOCCOOlaZZZEEdd
LOOOcccAlazziiis
lEEcaaallliziiing
llloccaaLLLLLLyy
LLLocAALLLsss
LECCCaaattabllEEE
LeeCCCEEEtEEE
lOCCCItaaadd
LLOOcccUUttteR
LiiccaattErr's
lloooCAAAtttUUUrSS
looccatttESSS
lOOOccaaattteenngg
lllooCCAATTTIoNNN
LeeecOTiiOnn's
lllOOOCCCooTIIINNNol
LLLuucccAATTTooONNNsss
LLeecccItttiiivvvEEE
LLLoooCeetttaVVEsss
LLiiccciitttOOOR
looocOOOtttooor'S
loooCCAAATooRS
LLaacHHIIIaaa
LOOOCCi
loooCCk
lllOOccK'ss
LLUccKUUUbbbllEEE
LLLOOCCCkkUgggEE
LLockkaGOS
lllOCKBBBOOOX
lllOOcKbEExiiiS
LLLIIICkkeeeD
lECCKKeeerr
LLLEEckEErrr'sss
llOOOCkkeeeRRRsss
LeeecKKuuuTTT
lllocckkETTT'ss
LLLoocKKuTS
LLLUUCKKKiNg
lliiiCCKjIww
LLLOOOCCkJaaaWW'SS
llloCCCkNUTT
LLLOOCCCKKKNNNUUTTTss
llIICCKKKEEIIItt
lockkOOUUt'ss
llOOcKKKoouuutttsss
LLLuuuccKKKS
llooCkSmaatH
lllOOCKKsmmITHHH'SS
LICCCkkkSSSmitttHHHs
LLoCKKSSSTTeePP
LLLOOCCCKsttteepp'ss
LLLAcccKaPP
LecckoPP'SS
LLLOcKUUUPPs
LoooCo
liiicccaaUUSSMM
luuCCCooiiSSSMMMs
LLICAAAmIIBBBiLLLEE
lllOOCCiiiMMuuTTTeeeonn
LLIIICCAAmuttIIIoooNN'ss
LLLoCIIMMOOOTiiVVOO
LLLocOMOOOtOvvo'SS
LLUUcaammmITTivvvES
LLLooccommmIItooRR
LLOOcIIISSS
lllOcccoowAAAAAD
lliCCUUwwEEIIID'ss
llloCCCOOwwweiiidSSS
LooCCuLLaaaRR
lllOCCuuuLLLee
llOOOcccaaalOS
llooCuM
lOOcccUMMMSS
looccuuuSS
lUUccooSSS'S
LLLeeeCUUsssT
LLLuuCUUUssT's
lleeeCCCAASSTTS
LLLaCCuTUUooonnn
LecccaTIIIon's
LLLeeCCOOOtiiuuNNAArY
llAACCCUtEEooNNsss
LLAAADDee
lluuddeee'sss
loooDDDuNNN
LLLeddOOSS
LLOOODDDEEESSTer
LLoDDeeSttiiiR'SS
lllADDDEEEssTTTaarrrsss
laadddEESTToooneee
LooDAAASTTaaaNNNUUU's
LLOOODDDAAAstttoNNIIs
llloooDDGGIII
llooDGGGe'SSS
llIIDGGGEEEDD
LEEDDgIIImmmeeenTT
lllIIDgeeMMEEntttS
Laaddgaar
LLEEEDDgERRR'SSS
llliddgiirS
LLLOOODDDgggEss
LOOODDGIINg
llOOddgIIINNNGG'ss
LLLoodddgggiinGSS
llOODDDgggIIINNGsss'ss
LLoddgmeNNNT
lloooDDGGGmmmONNtsss
LLLeeeddIICCuuluu
lAussss
LEEFTTT
LLLuuuFFt'SSS
llOFTEdd
loooFFFtttIIUUURR
llAFFtaEsssT
llleeeFFFTTelYY
LooFFTiiiNesS
LLLoFtonnUUSSss's
LLLofTEnG
LLEEFFtss
LLLuuftyy
lUgg
LOOggg'sss
Loogaaannn
LLLEEEGGaannnBEEERRIAAAs
LLeegAAnBBEEErrrrry
LLOOGGAAnbOrrrRyyy'SSS
llooGGAAANiiiAACEEEooess
lllOgggAArathhmmm
lOOggguurrruuutttHHHm'SS
LLLOggaarattHHHMMMIICC
LLLOOGGGAArrUUUtthhMMIIcceLL
LLLooogUUURRRItthMMacccAAlllllYYY
llooogAARAAATTHHHMMS
LLLaGbUUUIIIkkk
lIIIgggBBBAekkk'S
LOOOGGbbbaaaoksss
llOOOgge
Logggeee's
LLiigggeSSS
lllEEEgGGGUUDDD
LLoGGgguuurr
LoGgEErr'sss
LLuuugggeeerrhhhEEEEED
LAGGgOOOrrrHHHeuuDDD'sss
LLLOOGGGGEEErHHHEUUdsss
llluuugggggeeerSSS
LLOOGGGGGGie
LLLooggggiiiiii'sss
llliiiGggIiiiSS
laGggIInG
LLOggggEnnnGG'sss
LLLOOOGGggYY
llOOGGOOIII
llliiggiCC
lliiiGGIIIc'sss
LLLIgggiiicaalll
LogeCCCaLLAAtyy
LLLOGGIICCIIlluttyyy'ss
LOOgIIICaLLyy
lEEGGGAACCaaLNESsss
LLooogggeCeeelllNNNeessssssaS
LLAAGIccciEEEnn
LLaaaggUcccuuuaNNN'sss
LLLOOGGGIIIccciiAANNNSSS
lAAgIIIccciiizzzE
loogggueeerr
LOOOgggIIEsssT
LLOgonnn
lllOgiinnEEESSS
LLLOGAnnneeessSEEESS
LLooGGGiiiUUUNNN
llIIIgEESTTIIIC
lllAGOOssstttiiiCaal
lllAAAGGISSTTAAcccoollyy
LLLOOgggAAASStIICIIIaNNN
LEgggaaSttIIICCCIIIEnnnS
LogggEEEsTTTiCS
llOggIIStiiiccSS's
lEEGGJJAMMM
LLoggJJaMMM'SSS
llluGGJJaaMMMs
laGGII
LLiGGooo'ss
laaggiiiGGGrraMMM
lllOgogggrrroooMMsss
LLLiGGooGGGraaaPPPHHHiicc
Luuggooggrraaaphhy
loGuggRRREEEppph
LLOOgggImaaaCCHHHYYY
llOGOOONNN
lleGGoooRRRrrHHeeI
LLogoorrhhheeeaaaSSS
lleeeGoooSS
LLLEEEGGootttype
loooGGoTTYPPee'SSS
llugggooTTYYYppiiss
LOOOGGROOlllLL
loooGGGRRREELLlaaaRR
LLoooGGGrrrooLLlIIINNggg
llOOGGGrrrAAALLLlllaaaNNNG's
LLoooGss
llaaagwwwaaYYY
LLLaaGGGwOOOaaDD
lOOOggwwweeeeeeDDDss
LLLOOOgggY
LLOOOiinn
leeeUnn'SSS
lloeennccLLLEEEThhh
lllAIINCCLLLuuTTTH'SSS
LEEEEENCCClllooThhss
lllEEEIIINs
llOOiiTTTUrrr
llloooOOOtiiiRREEDD
LLLUUoootttEEREErrr
lllOOTEErIIIRR'S
llOOIIttteeRRREEERRRs
LLLOETTTeeerEEEnnGG
LoooiiTeeRinnnGGG's
LLooiiTarrSSS
LLolLL
LLOOOlllAApuuullEEEoooSSSAA
lEEEllLLLUUpppAAALLOOooze
LAALLLEEDD
llAAAlllLLuuurrr
LOOOLLLLuuuEEES
llliiiLLLlANNG
LLLAAllluupoooPPP
lllOOLLLLLIPOPP'SSS
lolllLLiippOOpppss
LLaLLLlOOPP
LLullllOPPPiiDDD
LoLLLLLLoppINNg
LLOllLEEEPPSSS
LoooLLlSSS
LLLELlllY
llELLYGaag
llollllygggiiggggeeddd
LLolllLLyGAAggGGIINNgg
LLLolllYGGGUUgggs
lOLLLLLyyypppiipp
LLLOOOllllYYYppooPPP'SSS
LoLLLypiPPPS
LLLeemmmEEENNNT
llaaMoNNNTTSSS
LLooonu
lOONNeeliiEERRR
lUUUneLooaaasssT
llOOONNilliiiNESss
llennEELLLIINNeeesSSS'sss
looNNooLLLY
llleeNEEEr
laaNNNARRR'SS
lllOOONNNoorrSS
LLLoonnnaaSSSOOMMMe
LeeenEESSSooomOOlllYY
LLENEsoMEENEESSss
LLoonOOssommmeeeNIIISSSSSS's
LLUnng
lllOOONNGGG'ss
LLLOOnnnGGGEENNN
lllOnnggaaNNNiiiMMITTIIIuS
LoonnnginnniMMMIITyyy
loNNgggIIINNSSS
loonngbbaItt
lANGBaaauT'ss
lloNNgBBBoooAttts
LOOnnGGGbbUUW
llloonnnGGGbeew'SSS
LLLooongBOWss
llooNNggClIITHHH
LLEEEnnGII
lonngOOd
llooNNNgggUURRR
lloNNGGerrEnnn
llonnnggOOOstt
LLLOONguuvvvUUTTTy
LLOnggivvItty'SS
LLLUUNNGEEEVVVooouusss
lllOOnGGhhaaaarrr
llOOOnnngggHHAAAIIIR'SS
lllAANGGhhhiiIIRRED
LLoooNNNGGGHaaaiiiRS
looNghhhAAnnDDD
lliiNNNGhhEEEnd'SSS
lEEENNNGHHHorrrNN
lloooNNggHHoornnn's
LLLOnnGGGhhOOrrrnnnsss
lOOnGhhouSSSee
LLoooNGhhooUUsOsss
LoooNNgiCCCooornn
llUNNNggguCCCoorrrNNNsss
LEEENNGeeeNgg
LLoongggIIInG'SS
lEEnnggIIINGlyy
lOnnnGGiiinGGSSS
LoooNNNGIIsh
llOnggIITTTUUDDAAA
llAANGitttUdddi'SS
LLLoNNNgggOOOTTUUDDAAAss
LOnnngggiiituuudduunnnaal
llEEENNNgggiiiTuDDIIINNNiLLLLYYY
llliiinnGGGSS
lAAANNNGGSShhIIIP
lloonnnGGsssHHORRRa
lllonnggShhOOOrrremmmuun
lllOOOngSShhhUURIMMMOOnn'SS
LLooonnnGGSHaaRRRemeen
LInnggSSEEGGGHttaaadd
lllOONNNgggssIIMe
lllooongggsssPPPURRR
lllInnnGGGsTOOnnnDDDooonnnG
lllaaNNggTooommmIII
LUnnngUUeUUr
looonnnGGueeeuurr'S
LLLooNgggoooeURRsss
LLLOOnnnGwwaaaYYYss
llOOOnnnGGwiiiSSUU
LLOOOE
LLLooObbbyyy
LLLEEEOOOFFFa
LLoAAfffAAAHH
LaaaAAAFOhhh's
LIIooFEEEhhhss
llloeeeffEESSS
LLLEEEokkk
lllouuuKK'sss
LLoookUUllliKKKeee
lAAoKKaalIIke's
LLLoooKIIILiKKKuusss
lllOOoooKKKod
lloooiikkkiiR
LLookiirrr'sss
looookkerrS
llooeekInGGG
llliiAAKUuuTT
llleokOOOUUUt'ss
LLOOiiiKOOOoTsss
looooKKKsss
LLLOOOiiimm
LLLOOOIIIm'S
LLoOOOmeeDDD
LoaamIINGG
LIeMSSS
lOOOAAAn
LIIIOOONN's
llOOOooonnnEYYY
LLLoeeNNEEy'SS
LLLOOInaaYierr
llloOnneeeYYaaaUUUSSS
LoooONeeyys
lloooOONNNOer
lloooonAAAeeess
llIIENIIIaSSt
laaaoooNNeeeNNNeeeSSs
lEoonnsss
LLLUUINNYY
lOOOiiNNY's
lOOOOOPP
lllIUUPP'SSS
LUUUooopeeedd
LLoUUUppirr
LLooOOOpppiiiRRSS
llOOoooPHEEELLLii
LoooIpHHHuLEE'S
lOOppphhhOOOles
LLLOOOOPPIIEEER
llAUUUppiiiesssTTT
luuOppAAAnngg
LLOOOAPPss
LLLAAAOOPyyy
llaaOOOs
LLLuuOOOSSSEEE
lllUOOOSSSEEEDD
LOOOOOseeelllYYY
LLoiiSSSuN
LLeeeOOssseeeNNEd
lllaoseNNEEESSSS
LLOOOiiisENeessSS's
LLoOOOsssonniNNGGG
lllaoseeenS
LaaaoooSSSEErrr
llUOOOSSeeeSSS
LoosaSSSt
leOSSessstttrrrIIIffeee
lllOOOOOsEEsTTTreeFFEEESSS
LoIIIsOOOnnnGGG
lllooOOTT
llluAAT's
llloooootteeeddd
LAAAOOOtttAARRR
LLOOOOTeRRR'sss
LLLooooTTTiiirrrSSS
LLAAAottaNg
llleeeOOOttaaannggg's
lOEEttts
Liippp
lllAAPPiii
LLEEEPEE'SS
lllopppEEEDD
LeeeppoR
loooPEEEss
LLLupppHOOOBBRRRuNNNchh
lloopphhOOppphhheRaa
lloooPPOOOnnngg
LLLeePPPPEDDD
LoooPPPppIIrrr
leeeppPPEEERRss
LLOppPPPEENNggg
lllooopPyyy
lloppsss
LLIIPSiiiDDDEEdd
LoooPPsEEEddeDDLy
lllooPPPsssiiidduuuddNNeeeSss
llooopppssIIIDDiDDNNooSs'SSS
looQQQuuuoooccciiiaaaUs
LoqqUUiiiCCCEiiiuSSlllYY
lIIqqqEaaaCCCiiioooUsnUUUSSSS
LOquuAAccciiAAESSnoSS'SSS
lluuuQQUaaaCIIty
LLLooQUAAACEEEty'SSS
LLuQuOOOttt
Loqeeaaatss
llOOOqUAAATTUURRR
LIIRAAANNN
LOrrDDD
LLLaRRRDDD's
lErrdduuuDD
LLLAAARdddIIINggg
looRDDDLLOEErrr
LLOORdddllaaaeSSST
LLLoooRRRDDDllAAnEssssss
LIIIRRDDLLLInESSSS's
LLUUUrrDLLLiinngg
LLAARRRDDDlllY
LLOOOrrrDISSSESS
llirrDDDOOsAASS
lllIrrrds
lllOOORddSSShhhOOOpp
llOOORRdddShiippp'SS
LLLOOORdddssshipSS
LLLAAAReee
liruuu'ss
llOOrrgggnnooTtttE
lorrrggnnETttAA'SSS
llirrggnuuutttttIsss
LLUUrrrggnniiinn
LLLORRRiiCCA
lllaaRRIIICCCAAe
llorroCCUTeee
LLLOORRRIEEsss
loooRRRiiKKKIIEt
LLOOOrrIKKKUeeTTs
llOOrrrammERRR
LLLEEERaaSSS
LoRRRuusss'SSS
llluRRRIIIsssooosss
Looorrn
LLLorrrreeeeeSS
lllOOORRRRRRyyy
lllORRRryy'SSS
llOOORRRyy
LLOOOSSiiibllOO
llOSE
lAAASSSEELLL
losssErr
lllOOOsssARRR'ss
LIIIsEErrs
lOOSEEsss
llEEEsinGGG
llOOsssUNNG'SSS
LLoSSSinGGSS
llOSSSSSS
lllOSSSsss'ss
llooSSsssUS
lAsTTT
LLoottt
LLLIIIT'sss
LLLooTUU
LoooTOOOs
Laaathhh
LaaTTTOOO
LLLootttAAAcc
llOOOtttiiiAAn
LOtiioooNNN'ss
LLLeeTTIIIOOnnnSS
LaatttSS
lllooTTTTeeeRIAAsss
LOOTTTEERYYY
lllOTTTtttIIrrryy's
lloTTttaaa
looottttOO'S
LLOTTTUs
LLOOtttUUSS'SS
llITTTooosssees
lllAAOOcheee
llOOUDD
lIIIUUUddaaN
lOEdeR
LOUUDDEEEsstt
LLLOOOODDDhhhAAUUUllAr
LLAAAUUdhIiiLoooRRR'ss
lOadhhiiiLeeerrrS
lllOudddeessh
lllOOOedLYYY
LLLooODDDmOUUUTTH
lllOOOiDDMMMaUtttHH'ss
llluuuuudddmmmAAtthEEEDD
LLLiiiEEDmmOOOaaaTTTHHss
lOEddNNEESSSSS
LEEEUUDNeSss'S
llOOOuuDDDsPPiiiuuuKARR
lllEEEUUdddssspppuoookERRR'SS
lllOOOuudsPeeeAAKKKerSSS
LLouuGhh
lloUUGhsss
luuiiiisss
LLLOOUUnGGee
llloIIINNGeee'SS
LLLoouuunGGGoooddd
LLLOOiNgEr
llOUUUNNGGarr'ss
lllOunnnGArrrss
lllIunnngIIISS
LLOUUNNNGUUUNgg
looUUUP
lluuiiiPPPUU
llOOuuPPEEsss
LLOOUURRR
LLLIuRRREEEDD
LooAAARRanG
LLLuuuUrrs
lllOEEsssEE
lliiiiiiSeee'ss
lEEEissOD
lOuuusssEESS
lloouuussseWWWEERt
llluuuUUUSSIIer
LLOAAsssiiESSttt
LLLEEaaassOOOlly
leeeUUUSSSIINNEEESSsss
lllOOsssUUnnAsS'SSS
lOOOuuussaaaNGG
lllIIIEESyy
lluuuutt
LLLoiiTTT'S
llOOOtttiiSSShhh
lleuuuTiiiSShhllly
llAAAootttIIISShhhnEESs
lluuuUUUTTs
llloeeVVVIIIRRR
llEEUVeer
lllOOuuuVeR'SSS
LLLoUUUvERREEEdd
LLLoooUUvviRSSS
LLLAAAuuvvvReeDDD
LAvvvoobiiilIIITTY
llOVVABBlee
lllooovobbblllUUUNesss
lllUVaaabbbLLOONNUUUssS'SSS
LLIIvUUBBlYY
LLLAAAVVVAAeebbIlliiTTY
llaaaVAAgoo
LLEEvaaGGGESSS
LLooovee
Luuvooo'ss
LLUVVEabbLLLeee
llovvveAAAblllEEnnEESss
LOvvEEEooBBBlYYY
LLLooveeebiirrDDD
lllovEbbirdd'SSS
LaaavUBBBirrDSS
LLLAVVICCChiilllDDD
LoooVOOOcccHuuLLDD'SSS
LOvvveed
lAAVVVAAgRRRAAASSSsss
laVVELLLEEEssssss
lOOveeelIIIeeeRRR
looVVeLLOEES
LAAVVVELooeSSttt
LLooVVViiiLLLiiilyyy
lllOOOvvveLLLeNOsSS
LLLaavvaaLLLIIInnoooSSSss's
LLUVVVoLoCCCkk
loovveelooRN
llloooVALLyyy
llEEEVVVeely'SSS
llOOvvoMaaaKKUUUNNggg
LLevvvOmaaakkeeennnG's
llUVVViiiR
lllOVeerr'ss
looVUUrrrllyy
LLoVVVerrrsss
llliiivvvOOs
lluVVVIIISAAaT
llAAVaaaSeAAATT'SS
lllooVVoossseeeooTTsss
LLAAAvvveeSIICkk
LLLoVVVOOOSSiiCCkkNNESSsss
lllevOSAAACCkNNIISSESSS
lIvvEEsssOmmee
LaaavvvIIIY
LLUvvAAAyyySS
llloviiiNNggg
LLEEvInGGllYYY
LLLaaWWW
LLIW'SSS
lllOwwwbAALLL
LLLUWWWbbaLLllluddd
LLiiiwBBBAllLIInnnG
leeWBBAAAlLSSS
LLEEwwbbbiirrn
LLawwbay
lllUUwwBBBAAAYY'ss
llloowwwBOOOyySS
LLOwbRRED
lllIIWBBBruuuWW
llooowwbRAAWW's
LooWWbREWWWs
luWWdOOwwNN
LLOOOWWWdOOOWWWn'SSS
lluWWeddd
LoWUUURR
LLOWWWeeeRRCCCAsssUU
LeeWWEEERRcccISSSEE'sss
LooWWeeRCCClllUUUsSMMaann
LLLEEEWWWUUUrrrIIdd
LLLOOwwEERRRIInnG
LoowwweeerOnngllYYY
lllUWWWEEErrannGGGsss
llooWWWIRRRmmeeSSST
lowwwUUURsss
LaWWIRRYYY
LLOOWWESSST
LOwwIIInG
LLLIIwoooShhh
llloooWlAndd
LLIIWWlllAAAnDD'SSS
LLoowwLaannndER
liWLLLEEENDuuurrr'sss
LiiwwLUUNNDDeRsss
llEEwllaNdddsss
LLOWWllAAIIr
LuuuwwLaaEsssttt
llUUWLLIIFFFEEE
LAAwlEEfaaa'sss
looowllluuuFFFESSS
LOOOWWLLLIIInEss
LLowwLLInnnESSS'ss
lloooWWWLLeeeVVIIISS
LOOwLLLYY
llaaawwwnneSSSS
LLoowwNEEESSsss'SS
LLooowwwSS
lllooxxx
lllExx'sss
loXXXeeesss
llloooXuuDDrooMMee
lllUUUxxUUUdRRAmaS
LEExxxooDDrrrimeCCC
luxxEdddrrraaaMICCS
lloooyyal
lOYAAALLLEEERRR
LLLOYYYilEESSTTT
lllOyaaaLLiiiSM
lllOyaaallliiisMMM'SS
loooYYYaLIIISSSTTT
llOOyAllliiSSStt'ss
llleeeYYaLLLIISSTTTss
lllUUyyyOOllllEEERRR
LLLayyyaaaLlleeSttt
LLLoooYAALllyy
LLLAAAyyALLLttiiEEESSS
LLooyyyuullTTTy
LLLuuYYYaaallTTyyy'sss
llEEzEEngggE
LooZZZeeNNNgggee'sss
lllozzOOONNggIIIs
lOOOZEENNGGGYYY
LLSSS
laaaU
llloAAe'SSS
llUUUAAuuSSS
LibBerr
LiBBBeeRRR'S
llOObbbbbEEErrrLLLYY
LLLiiiBBBBerrrSSS
luuubbe
LLLobbbee's
LLLubOOOd
lllEEbbbeeS
llluBUUUNNNggg
LLLuuBBBrEE
llluuBBBriiiccc
LOObReeCCAAnnttt
LLUBBBriiCCCaaant'sss
LuuBBBRIIICCAANttSSS
llUbRRRAccOTeee
LaBRRRaaacciiiTEEEDDD
LLLuuBBBrUUUCAAATIISSS
LLLEbbRRRACCAAATTOONg
lllUUUBRRUCaatEOnn
lllIBBRRRaaaccuTTTeeOOnnn'ss
LuuubbbRiiCaaaTTaaRRR
LUBBBrrracceTArrr'sss
lllUUBrIICitttooRss
lUUUBrrrIIcciiiUs
llIBBBrrICCaaUUUUUUsLLLYY
lluuubbbrrUCAAAAOSnnuuSSsss
lllIBBRoooCiiTTYY
LLIIIBBBrrriCCETTTY'sss
LLLUUbrrrIIIcooUSSS
lIIIcccAArnnaa
LLaaacccO
LLLAACCeeennCCy
llUUUccciNNTTT
LacccuuNtllYYY
LuuCCURnnEEE
lUCCCerrrnnneees
LLuuCiiDD
LLLUCiidOOOtY
lluuucUdddIITTTYY'ss
lllaccciddllly
LLooCCOdddNNaaassss
LUUUCCCODnnOOOSSS'SS
LLLoCIIFFiirr
LLLuuCCCiiFFeRaasssee
LLUCCiiFFiRaannn
lUCIIIfeeeROOOnSSS
llluuccIIIfORROOAAAS
llUUCUUFERRRSSS
llluucck
LLLUUUccckk'sss
LLLuuuccckood
llOCCKIIIeeerr
LLOOOCCCkkkUUuuusssTTT
LLLuucckkkiiiLLLyy
LicckkAAAneSSS
LLLAAACCCkkkiiinneeesSS'S
lluucckkaaNNgg
LLUCCKKLLUUUSSSSS
lluuuckkkSSS
llleeeCCKKKYY
LLiCCCRRiittoooVVooo
lllUUUcrrrAAAtttevvEELyy
LoocccRRRaaTTiVVVeneSSSSS
LLLoCrraaaTTTIIIVVVEEENNNesSS'sss
LAAACCRRRe
LiCrrEE'ss
LLEEccUBBBRRREEEtttEEE
LuCUUUbRRRatoooddd
LLaacuuBBBRRooottAAASS
llUUcccUbbbRAAttIIINg
llleeCCCuuuBBrATTTEEEiiNN
lllOOcccuubRRRaatttOOOuuunn'ss
llleeeCCUUBBRRRATAAooNSS
lUUUcceBBBRRRaaTTToRRR
lllUccuLEENtt
LLeeDDOOCCC
llUUDicRRROOOOOS
lllUUUdddIIICCrrrIIIuussLLYY
llliiidddOOOccRRROOOuussnnAASSSSS
LLLaaDDDIICReeeUsssNNNuussss'SSS
LLLooddiii
lluueess
LuuuEEETTTIC
luFFFFF
LLLUUUFFFffE
llluFFfaaaSSS
LLLUUUfffFaaaD
lllUfffFFFeeennGGG
lUUUFfSSS
LLLEg
lUUgg's
llUUUgguuu
LuuuGGUUUddd
LLLIIgggeeiinnGGG
LiiGGeeess
LLEEGGGggAgEE
luuugggGOggUUU's
lluugggGAAADDD
lluuuggGGGARRR
LIIGGGgggeeRR'SSS
LLuGgoooRRs
lUgGGUUnnggg
LUUgghOlee
LLLOgHHUUlESSS
lluugOOng
lUgSS
LUUGSAAAuuL
LLLUUgggSooIIL'ss
leGGGssAAiiLLs
LLaagggUbrrriiooUsss
LLLuGGGUUbbRRRioouusLLy
lUUggAAbbbRIIuuuuuSSnissssss
lllUUUgUbbbrrriiiaSNiiiSSs'SSS
llUGGwwooRRRM
LLAgggwOORRRMss
LLLoookOwwAARRRMM
LaKKEEEwwwUrMLLLyy
lllEEkkewwwarrmmNNNeessS
LLooKKuuweRRmnaaSss'ss
LLLuuuLLlll
llaLLLLL'SSS
LLLuuLlllAAAbIIIeeeSS
luLLLLaBYY
LUllLaaaBBBYY'S
LellllEEdd
lllUllllEENNG
LLUUUllllss
LuLO
LLLuLLEEss
lllUMMMbbUUggo
lIIImBBBagOO'SSS
LLLaaaMMBBBUURRR
lUUUmmBBOR
LLLummBBBIIIrr'ss
lluuummBIrreDD
LUUMMbbiiRRUUrrr
LLLIIImmboorUUrr'S
LLIMMMbbOReRRsss
LuuummBAAArrrOOnnnGGG
LuMMMbErrronGGG'SSS
lllaaMMBBBoRRjACCCkk
LuuMMMBBBEErrrjjAACK'ss
luuuMMbeerrJaaaCCCkkSS
llumbbEEErMaaaN
lllImbbERRRmmAAAnn'sss
LLLuMMMBBUUrrMMMEnnn
lIIIMMMBBBeeeRRSSS
LummmbbERRRyurrD
llUMMbEERRRyyOORD'SSS
LLLuMMMBBBuuuRyaaardSS
LLUUmBrreeecccaaaLLOOSS
llAAAMMMBRRRIccOOOUUUD
llUUmmEEnnn
LIIMMOOONNNAll
laaammAAnnns
LLemaaannni
llEMIINAAlll
LUUmmmInaaannCCCee
LoommmIIInnuunnnceeSS
LeemINAArEEA
LLoMooNaraaiiiS
lllummmEEnIIIRRRyy
LUUmmmiNAAAryy's
luuummiinnUUSccoo
llluummminOSSSccEENNCCCEEE
LLooomiiNAAssscciinnnCCeee'S
lllAAmiNNoscccuNNTT
LAMMMeNNOFFFeeRRooUUUs
llUmmiNNNIIIsIITTTIEEES
lluummmOOnnnissIITTTy
LUmmOOOnOSSSIIttyyy'SSS
luuuMiinOOOiiSS
lllummEnuuuusLLLYY
LAAMMMiNoooOOOsssnnEEEssss
LLiiimIIINNOOAAsNNNOOOSSSSSeeeS
llluuummmIssTTTEEroLLL
LLEmmMoooxx
lAAAMMMmmmoooxxx'S
lUUMMMMaXuuuS
lllUUMMpp
lummmppp'SSS
LLuuMPPEEECTTTEEMiiEEEs
LLLiiimmmPPECCtttOOOmyyy
lloomPPPeeeddd
llEEEmmppONNN
LuuuMpppEEEnnppRRRIlllaaaTArIitt
llluuuMMMPErrr
LuuMPPPOORRsss
LaaaMMMPPPFFeesh
LLLUMPIIIArr
LLLummPPeeeeeSSttt
laaaMMMPPPIlllyy
LLuuumpiNNNEESSSS
LLIIMpppIIInnneeSSSSS'SSS
LUUmmPIINNNGG
llluuuMMMppISSSHH
lllUUUmmpppIIsHHHLLLy
LLUUUMMPPIsssHHHnaaaSSSS
lOMMMpSS
lAAAmmmppYYY
LLLUUNNNEEEceeeESS
LLLuuunOOOCYY
LLIInnnUUCCYY'sss
LuuNNNeeeR
lUUNuuRRiaannn
lllOOOnuuutttuu
lllUUNNATTooc
lUnnattAAACCC's
llluuNNNAAATIIIcss
llluuuNEEETTOOOoonn
lUUUNNNAAtttIUUNNNss
lluunCCCH
llInnCChh'ss
llluuunncchhhbbboXXX
lEEENCCChhbbOOXXuS
LLLUUUNccHoood
lUnCCheoNN
LLuNNCChhhEEUUUNNN'SSS
LLuuNNNchhheeUUUnnatTTTuuu
LLLUNCCCHiiiUUUNNNOttte'sss
LaaaNCCHEEuNNNeeeTTTEEEs
LUUnCHHHaaaInnss
llleencccHHaasss
LoNNNccchhIInnggg
lllaaaNChhhRRReeoooMM
LoooncccHrrrOaam'ss
LLannnCHHrrOOOoMMMs
LooncccHtIIIME
LLLONcccHHHtOOMEEE'sss
LLEEEnnnCChhhTTUUUmmeees
laNNNeee
lluuNOTTtA
LUUNeeeTttEEESSS
lUUUNNGG
LOOOnnGGG's
LuuunnnGGaNNN
llluunguuu
LLiinGGEE'sss
lluuNNgeeeD
llaaaNNGGERRR
LLUUNggOORRRSS
lUNgggEEEs
llunnngggffiiiSSSHH
LLUNNNggfffIIISSSHH'SS
LLLunggfAAsHHHES
LLOnGGFFFUUlll
LOONNGGGfUULLss
LLangI
LLunGGGIInnng
LLLuuuNGGIIIS
LAnnnggSS
LUUUNNgggWWWuuurrrM
lllUUUNGGwwOOrrTT
LLeNeeeSSSOllAAAr
lUUNNNeeTTIdiilll
llIINNNkk
llUUNNNkkHHHiiiiDDD
LLuunnkkkHHooAAAddd'S
LIIINNkkkHeAAADss
lllUUUNUUULLLAAA
llluuunOLLAAAR
lllINULLaaaSS
LuuNNuullatteee
LOnnnaLLLe
LUUpppEnn
lllooPPiiN'SS
LLupIIInA
llUPinnii'ss
lluuPPiiinnnEss
lllUPPPiiNs
LLIIIpppullloNNN
LUUPPuuuS
LupUUUSSS'S
lluuurrr
lUURRCH
lllArrrcHHH'ss
LLLuuurrrCCHeed
LLUUURRCChheeRRR
llUUUrrrcchhhIIRRsss
lllErrcccHeeeS
llloRRcHHHinnng
LLOOrrrcchhIInnGLyy
LLLArrDaan
llooRRddAnnnOO
llUUUrrAAA
llluRRUUU'SSS
lerrriiiddd
lluuuRoooSS
lorAX
llliiiRggy
llluuRRIIddd
LLuRRRiiidlllyy
lUrrrIIDDDnaaaSSSSSS
lUUrriiiDDNNeeesssS's
llluurrrIINNNG
lUrrKK
llUUUrrkkkAd
LLLURKKeeeRRR
llUURRRkkeeeRRsss
laaarrKIIInnng
LuRRRkkSS
lluuSSccAAAaaauuuss
LLLuuuSSSccIIeeuuusslyy
LOOSCiioUSSSnnOOOSsss
llooossCCAAOosnooSSSSS'SSS
lllUUUSShh
LUUUSH'ss
LLessHHHEEErr
LuuShaass
LoosssHHeesst
lllUUShhhLLYYY
luuusHHnneeSSSSSS
LLLOOsHHnnniisssss'SSS
llOOOshhYYY
LLLUSSTT
lusTT'sss
LLLuuustED
LeeSTEEErrr
LOsteeRRR'SS
LLLEEESSStIIrrrIInnnG
LLLIsssteeeRlooosS
LUUStteeerrwaaaRREEE
lliSSStttIIIrwwwiiirrross
luuStttFuuLL
LusssTTffUUUlllLLyy
llluusstFFFUUlllneeSSS
LLLiiissttfffUUlllNESSSssesss
LLLuuSttiiieerrr
liSSSteEEEsTT
luuuSTTiHuuuooDD
llaaaSSttteLYYY
LuuSSSTTiiinnneeSSSss
LLLuussstttiiineessss'SS
lluuuStiiiNNNG
LUsssttrru
lOOSSSTrraaLLL
LLaaasttRRAAtttEEE
lIIIsstttrrIIttUUUdd
llAAsssTTRRiiittteSS
lleeesssTTRRRetttOONNGGG
lllUUUSStraaaTIIOnnn
looStre
llleeSSStttrrre'S
lOOSTRRRiNNNGGG
LUUUsstRRRouuuSS
llOsssTTROOOIsssLYY
LUUUssttREaaSnnEEsSSS
LLLUUUssstttrOMMM
LLLaassTTTruuMMMss
LLLuuSSStSS
LLuussty
laaaTTTiNNOOSSTT
LLLuuTuunnnisttt'sss
llluTTTaaannisstSSS
LIIttee
lluuTUUU'SS
LLLUtEEEaaaLL
LLLooTuuucccuuuUUUMM
llOOOTuCaaauummmS
lllUTeeNNEEEst
LLITeeennEEstt'sss
LLLuuTTTEEnnISSTTTsss
LLLOTTEEEoolliiiNN
LUUUTTUUeeUUSSS
llUUtEEEsss
LUttIssTriinnGGG
LLLUUUtEEEttIIuummm
LLUtteettIIIEEEMM'ss
lllOOTTTHEErrNN
llluutiNgg
lUUUTUUUNgggsss
lllOTAAAst
lluuttiiissTTS
luuvvVVEeee
llUX
LLixxaaTTee
llOOXXITTiOn
LLUxAAAttteiinnnss
lllUUxxxU
LLLUUUxEEEs
luuxxxUUrrrIaaanccooo
llluxeeriiaaaNNCCuuu'S
LLUUXXXeRRROOoNNt
lllUXXuRRoooINNTTLLLYYY
LaaXUUURRAUTii
llleeXXIRRROOOAAAtEEEddd
LLUUXIRIIIeeeTeeSS
lllIIXXXOrIIIuuTTTIINGGG
LAAAxxxuuuReeeAAttuuuoon
llUxxIIRReeeooTTeinn'SS
llluuXXXUUURRiaSS
LaaxxuuuReeEEEuss
LLOxoorreeeooUslly
lllUUXXuuROOOOOAAssNNAAssss
lUxaaRRooOOuusssnnnesssS'ss
lUXXoorrryy
LLLuuuxxaaaRRy'SSS
llwwEEEuuu
lllWeISS
lllxxx
LyyycccANNttthRRoPo
LyCCCOOONTTThrrroopooss
LYYYCCANNNTTThRRRoooppoCC
lyccIIINNtttHHROOOPiiEEESS
LLYYYcccaaannntHrrrOppYYY
LLycccOOOuuM
LLYcccoooIM'S
LLLYYccEoMMMs
LLLYCChhUUUu
LYYYccHHIIE'ss
LLYYccchEEEES
LLyyCChhggUUUtttE
LLYYYccHHGeeTTeees
LyyccchhnnIIIS
lyycchnnoSSesss
LLYYCCeepuDDiiiuumm
LyyddDDiiiTTuu
LLyyyi
lllyyyUUU'sss
lyIIINNNGGG
LLYYIIINggg's
LLLYYmpHHH
LLYYYMMpH'S
lyyyMMppHHuuDDeeennOOOTESS
LLyyMMphhAAADEEENNOOOpAThhYYY
llYYYMMMPhhheeeNNNgggAAol
lllyMMpppHHaaanggoootttOss
LyyyMMMPHHAATTTiiicc
LLymPPPHHHaaaTTTiCC'SSS
LYmphiiitIIICS
lYYYmppHHHOObLOOOstt
llYMpphooobblllaaaSttSSS
llyyymmmpppHHOOOCCCyTTTe
lyyyMMpphOOOCyyyTee'S
LLLymmPPPHHoCCYYYtEEEss
lllYMMPPHOOOCCyTTTOOssIISSS
LLYYMPPPhhhOOid
LYYYmmPHOMee
LyymmmPPheeeMMaaa'SS
LLYYYmppphuuuMASSS
LLYYYMMPPHHHEEEmmmiiTa
lyyymmmpppHoosssaarrrCoMAA
LLyyMMpphhhooooSS
LYNNCCCeeeANN
llYnnCCHHH
LLLYnnncccHHEEd
LLYYNcHHEEER
llynncHHHUR's
llyNNchaarSS
LLLyyynnnchASS
LYnnCChhhiiinnnGGG
lllYNCCChhhiiinng'sss
LLYYNchiNNGSSS
lllYNCCCHHpppAAAnnn
LLLYYYnCChhpUUNN'SS
lYYNNNccHppensss
lYYNXX
llYYNxx'SSS
llYYNNNXXeeSSS
LLYYUNNNnnuuuISSSee
LLYYYOOPPhhIIluc
llyyuuPPHiiilllIzzzEEE
llYeeppphuuLLLoZooodd
llYOPPhILLEEZuuSS
LyOOphooollIIZZZIINggg
LLLyyiPPHHHooBiiiCCC
LLYYRRRIIItttaaa
LLLYYYrrre
llYYRREE'sss
LLyyyrrreeBBiiirrD
LyrrEbbboordd's
LLyyrreeBBBiRRDDDsss
LyRRREEs
lllYYYRRRIIIccc
LLLyyRRuc'ss
LLLyyrriiiCCCAL
LLLYYYRRACCCAALLLLLyy
LyRRiiicccIISmmm
llYRRRuuuccceeeSm'ss
LLyyRiiCoossT
lllYRIIICiissst'SSS
LYRicccisTTTSSS
lyyyrrIICCSS
LYYrrrUUSSMMM
LYYRRIISt
llyyySSiii
lllyyyssiiss
LLYYYSiiiMMMETTAAAR
LLLyssiNNN
llYsssaaaNNeee
LYYYsssIInEEEss
llysaaaS
LysIIzzYYYMME
lySsssI
lllyyytttHrraacccuuuaaUSSS
LLLyyyttuuCC
lllYttttttii
m
MMMaaa
mmA'iimm
mmUU'sss
MMMaaacc
mmmUUUCCC'S
MIcccaabbRRRi
mmacccaaCCCaa
MMMACCCaddAmmm
MMOccOOOdAAMMM'sss
MMMaaaCCCiiddiiMIOO
MMMaCCCuuDuuumiiii'SSS
mmmaCCCeeeDaammmuASS
MMMaaCCCUUdddAmIIIzzUUU
MAAccAAAddAAMMMaZZEEEd
MiicAADDDOOmmUUzess
mmoooCCCAAddAAAMUzzzAAANNgg
maCAAAquuuEEE
mAACCIIIQQQOOOuuu'SSS
MOOOCCCiiiQQQUUUees
Maacccaaarinu
MMMaaaCCaaRoNI
MAAACUUUrrIINiii'sss
MACCCarroNOOOcc
maaccArroNIICCs
MMaaCCIIrrroonnnEaaasss
mmaaCAAArrroNoooSS
MMAACCCeeerrrOOOAANN
mmaCCaRRIonn'SS
mmmAAccAArrOOaaaNS
MMMOOcccOOW
MMaccUUWW'SS
MAAACaaaws
mooCCcccAAboyy
muuuCCiii
mmOOcccEE'S
MAAAcooDD
MAccceeerrrATTTeee
maaaccceRRaaTTOD
mmmoooCCEEERReeeTusss
mmmAAAciiRRRUUUTTTooonGGG
mmmeeccceeerrIIITiOOON
moooCEEraaaTTTiiiAAN's
MMOOOCCCeRRatttoR
MAcEEss
maaCHH's
MMMAAchEEttE
MMiChhhEEETee'S
MaaacccHHIITTTEEEs
mmmooCHHHieeVViiiLliaan
MMaaaChhiiOVVVOOLLlIAANNeeeSSmmm
MAAcHIIICOOOLAATEEE
MMMAAACChhIcOlllAAttIIUUn
mmmoCCChhhiNNNeeeBlEEE
mmmacccHAANNate
MMAAchIIInnnaaattEDD
MaaaccchhiNNOOOTTTUUUS
MMaCChhhInnAAtttaaaNNNggg
maCHENNNIITTTiiiiiin
mmAACCHinnnattIIIN'SS
mmaaaCCHInnAAtttIIIuuNsss
mmmoCCHHHiinIIITiiiRR
MiiiccHIIInnnAATTToooRs
MMuCChhhiiinEE
MMMaacchAAAnee'SSS
mmACCChAAANNNeeD
mmACChhhANERRYYY
MMMaaaCCCHiNNNoooryyy's
mmmIIIccchhhiinnniiiS
MMMooccchhAAnunnnGGG
mmmoccchhunniissttt
MaaCCChhhIIInnnIIIsssTTT'SSS
MiiicHHOOOnnIssttS
MMaaaccchoSSSmmo
MMiiicHHiSmmU'SSS
mmmAAAChhhOOO
MAAChhII'S
mAACCChhhrEEeee
MMicchhZZuRR
MMMaaaccUUnG
mmEccEEnttooosssH
MMuuuCCooonnnTTOsHH'SSS
MAAAcceeeNTTuuussshhEEsss
MAAcckk
MMaCCKKK'SS
mEccckkurrrEEEll
MECKKUUUrELLL'sss
MMMaackUUUReelsss
mACCCkkEnnuWWW
miCCKKIIINaaww'ss
mICCkIIInnnAAws
MMACKKKIInTOOOssshhh
mmAAAccKeNNtttUUUSh'S
MMAAccKKiNNtttAAASSShas
MMuCkkkLEEE
mIICKKKlEs
MMuuCCCkSS
MMMiCCClllaa
MMAACCCRaMé
muuucccrrUUUMMé'S
mmICrrII
mmmaaaCrrroo'SS
MMMocRRIIIbOOOttICCC
maaacccrrEbiotttAAAccSSS
MiCrOObeeeooTTiCSS'SSS
mmAAACRoocaaaPPHHHaaLLLUUUcc
MMMaaCCrrroCCAPPPHaaaLLLiiiess
MecrOOOCCupHaaaLLOOOUS
MMMAAAccrrOCCeepHHHAllYYY
MMMAAACCrrIIICLLIImmmaaTUUU
mmmoocccRROccOssmmm
MaaaccrrrAcosMMM'SS
mmAAAcrIccooSSSMaaaCC
mOOCroooCCCuuSmIIIccOLLyyy
mmAAcrOcccIISSMOOsss
MAACrroCoosMMMss
MAccRROOEECAnOOOMMMiiic
MAccrrrooooccooNNNoommIcss
mAcccRRooeeeCCCOnnoooMICCS's
MMMeccRRaaaEEEcccoooNOMiiSSSttt
MAAAcccRRRoogggAAAmmOTTTeee
mmmacccraaGGrIIIPPHHyyy
mIIIcccROOOuunnsstrruuucTEEEoNNN
MMIICCCrOOOmmEEEllleCCeeLLLAR
maCCRoMMMOOOlEcccuuuLLLeee
mmmAcrrriimEllleeeCCuLLLEEsss
mmoocrrOONNN
MMMaaCRRoooNNN'SSS
MMMecrrAAnsss
mmmuCCRROONIIIcclaUSSS
MMACCCrOPPPhhheguu
MMMaccRRRepphhUUUggiSS
MMMacccRREEEpHHHYYSSoocccSS
mAACCCrroooppteeRRRoouuuss
mmmuuCCCRReess
mmaaCrroScipppeeCC
MMMaaaCrrAASSSccOOOpppiiCCOLL
macccrOOSCCCopppICCCaallLLyyy
mmoooCCRRuuSSpaReee
mOcRUUrrrAnn
maaCCsss
mmmaaacEEELLLa
moCCuuuLEES
MuucIIIllEttUUU
mmmaaCuulllUtEEEDDD
MMaacAAAlAtEES
MMuuucculllaaaTuuNNNG
MICCUlaaattOOOoNN
MMMACCCiiLLLUUUttIEEnnns
MMMAAcciillluu
MAAccIlles
mmAACCCédddAAAonnee
muCéDDDooIIInnEES
mmOOODDD
mOOOD'ss
mUUdam
MMMiiidddEEMMM'ss
mmmeeeddAAMa
MMMAADDDaaammu'S
MMuuudamSSS
MMMeedddCCCAAPPP
MMIIDDDCOOpp's
mAddCCOOOPPSS
maaddon
mmmadddEENNeDDD
MMAAADDENNIInnnGGG
mmAdddDDDUnnniNNGGGlllYYY
mmaDDDDDonss
mmmadddddOOOrr
mmmAAAddDORRR's
meddddIRRSSS
MiiDDDDOOOsTT
MADDDDING
mmAdaa
MADDEMMiiiuussEEELllE
MMeDDDEEMiIIISSEELLLLII'ss
mmAAAdEEEMMMOAssseelllLUUUs
MMAADDHHHIIIUUSSSII
mmUUdhhheeUUUSEE'SS
MuudddHHiiooSSSeeeS
mmaddllYY
mmmAADMoooNN
mmaddmmmaaN'sss
MMMAdddmmoonnn
MMUdddnnnIIsss
MMMUddnnnIsssSS'SS
mmmuuDRRRAAss
mmmoooDDRRaaSS'S
mmaadddrAAAsEEsss
mAADDDREPORReee
MaaaddreePPOOORReSSS
MeeDDrrrUUUgguuL
MMaaadrrrIIIGGGULL'sss
MMMUUUDrruugggAluuINNN
MMidddrrIIGGGAAAlISt
mmAAADrrrOOOGGOOllIIStttss
maddriGeLLSS
MMAdddrUUUNNNEEE
MMMAAAdddRiiñEE
mmmaaadroñaaSSS
mAAdddRROOñiii
MMeDDDRRRoñiSS
maaadsss
MMEEEdddooRRooo
MMMaddwwOMMMaaann
mmmAADDWWWoommmaaaN'SSS
mmaaaddWWWOOOMiiiNNN
MMMaaaddwwOOOrrrtt
mmmUDwuuurrrTss
mmaaUUlllssTTTRRRIIm
mmAAAollStRoMMM's
MMMuuAAAlllSSSTTTrUUMsss
MMAEEENNooDD
mAAAeennnuuuDDiiCCC
MMEEoonnUUDDDs
mmuuuooSttOssooo
MMMAUUUstRee
MMMAAAuuSTTTRROOO
mmooIStttRREEE'SSS
mIIIAsssttrUUUs
maFFFFIckk
MaFFFFIIccKKKoooD
mmmOOfffFFFOOCCCkoong
mmafFFiiicKKKsss
MUUfIIA
maaffIIi's
mAAfuAAAss
mmuufffioSSo
miiFeeoooSaa
mmmIfIiiiSSUUU'SSS
MaaffOOUUUssseeSS
MIIIgg'S
mAgggaZZZAAnnee
MMMAAGOZiinneee'SSS
MAAAggAAAzzuuNNeesss
MMMUGGddOOOLEEEN
mmaaggdddAAAlleeNNNSS
MMaGGGEE
mmeGGeeeNTTTaaa
MAAAgUUUnnTaaa'SSS
miigggGGGOOOtt
mmogGGottt'sss
MMaaGGgggutss
MiiGGGgoooTYYY
mmAAAGGGUU
MMigo'ss
mmmiiigggEEECC
maGGooCCC'ss
MAguCCCOOOl
mmaaaggIIIccIIlllY
MMMagICCCiiiANN
mmiiGooocAiiiNNN'SSS
MMAGGiCCAAAUNS
MMIIIggIIIcKKEDDD
mmmAAAggicckIIINNNg
mmmAgggicccS
mmAggiisssttEErIaaaL
mooogisTTTUUrrruuulLyyy
MMMaaaGGGuSTTTEErrrYYY
mmmAgIIISSSTTTRRRaaCCCyyy
mmeegggEssstRRReCCY'SS
MMEGisTraaal
maGGGiiSttRaTII
MMMaaaGGISSSttrrAATTTA'SSS
mIGAAAsstrrraaTTTEEss
MMMogggMMe
mmmaaaggmmu'sss
MMoooggmmmEESS
MMMAgggMMMaaaTTaa
mmmagggmUttIIccc
mmAAggNNNOniiMMIITYYY
mmAAAGGnnAAAnnniimmmaTTyyy'ss
mUUGGnanIIMMMOOUSS
meeeggNiiNIMEuussLLLyyy
mmmUGGNaaannniiMEEEEsnnEsssss
mmmagggNNNAAnnoMMOOOOSSnnOOOsSSasss
MuuuGGGnnnooottU
mmmaaGGGNAAtEEE'ss
mmmAAgNIIITTTOOOS
MMMiiGGnneeSSuAAA
mmOgnnUUUSIIAA'sss
MagNNNiSoottteee
MMMAgnIIIsssUUttteeSS
maaaGGGNNeesIIIummm
mmAGGGnEESSSoUUm'SSS
MuuuGNNNiiTT
MMMaaaGGGNNNEEEt'SSS
MMoooGGnnaaatttiCC
mmaGNNNeettAAcAllYY
mmmAAAGnOTTTiiicccs
mmmeeegggnEETTeeSSmmm
mmmAGGneTTOOsM'SS
MAGnneeetttiTe
MaGnEEEtOTTTEEE'ss
MMMaaagggNEtttuZZZIBBLLLEE
mmmuggNitttIIIZITTIIIoNNN
MMAGnItiiiZZaTIIonn'SS
mmmAAggnneeeTTAAZZII
MaaaGnnnUUTTiiizzzeeD
MMMAAGGneeetIzaaaRR
MMMOOGGGNNNeeTTeezzzoooSS
mmAAGGNNEEtttuuuzingg
MaagnniittU
mAGGGnnnetuu'ss
mmmAAAgggNNEETTooccHHEEMMMiiissstttRRYYY
MuuugggnnnEEEtoooeelEECCTTRRiCCCIIttYYY
mmoggnnnEtoGGGRRReeppHH
MMMaaagggNNNEttEhhhYYdddrooDDDYYNNNOOmAAACCS
mmAgggNNNeettOOOMMMuTTeerrr
maaggnoottAMMMIIttuR'ss
MMMagnnAATTToooMooTTTEErrS
MMMiiGGneeTTTooMUUUttIvveee
MaGGNNNooToonn
mmmagggnnneeTTooNNNSS
MaaGNiiiTooSS
moGGNNNaaTTEEESSSpHHiiirrrEE
mmOgggnnnettooosspppHuurrrOS
mmmAAggNNNooTTOOSSpphhheeeRRRiCC
mmmagnIIItttaaaStrIIICCCTTuuUUNNN
mmaaagggnnnOttRUN
mmmIgggnnnEETTTrrOnnS
maggnnnooTTSS
MMaaaGGGnniiiFFiiibbLaa
mmmigggnnnIfffIICC
mmaagggnniiffIIcccOtEEEEEnnn
MaGGNNNoFeCCCaTTTiiN'ss
MMEGGNNNaaafiiccuuuteOns
MMMaaaGGGnnUfffIICCeeNcccaaa
MMMaaagnnnUUUfoCCCeennccooo'SS
mmmiiigNNiiiFFICCCENNNttt
MOGGGnIIFoceeeNNTTLLLYY
maaaGGGNNNUffuuccci
mmmaaaggNNiFFFIeedd
mmmaaggNNeeefffaaeRR
MMMAAggnniiiFFFIaarr'SSS
maGGGnniiFFiiEERRRSS
muuugNNIIIFFAAAiiss
mmagggnnIIffY
mmmEEgggNNiFFFyyiiinnnG
MAgnniiiLOOOqqeeEEEnncccu
MaaagnniiloooqueeNNNccEEE'sss
MoGNNNEEELLIIIqIENtt
MMAAAggnaalAQaaaooontttLLyyy
MaggNNaaTTUUUDDee
MaaaGnniiTTTuDeee's
MMMaaaGNIIItUdES
mmAgnnnoooLiU
MMAggNooLLiiiaaa'SSS
mmIIIGGGNNNOllliiiaCEOOOUs
mEgnnALIIAAsss
mIIGnnnuumm
mmAAAGGnAAAm'ss
mAggnneeeMMSS
MMMaaagpiOO
mAgggpppiiiII'ss
maGGGPPeeeeesss
mmmAAAGs
MiiGGGIIEyyy
MMMaaaGoooeeeyyyS
MMMOOggOOSS
mIIggAsss'SS
mmmAAHHHaaarrAAAjaaa
MMaaahaaaREEEJJAAA'SSS
mmmaaaHHaaRRaaaJAAhh
mIHHHERRREEjjjaH'SSS
mmmUhIrrrAAJOOhhss
MEEHHIIRRRIIJaass
MMMaharrraaNNAAAEEE
MMUhAAARIINNaaaa'sss
mEEEHEROnnEEEeeess
MMMUHHAAArrAANNNI
mmAAhheeRaanniii'SS
MMMAHHARRAAAnnOOS
MaaHUUURIIIsshhI
MMMahhUURIIssHHHOO'SSS
MeehharrrissHHHUUss
mahAAtttmaa
MMMOOHHuuTTTMMo's
MAAAhhhAAATMMMAsss
mmUUhJJJuuuNGG
MIIIHjjooonnnggg'ss
MMuuHHHjooNNNgggg
MiHLSStttiiickk
mUUUHHHLLLsttOOOcccKs
mmmuhooogggaaanniieeess
MuuuhooogggAnnY
mmoohhhEEGENyyy'SS
mahhhoooT
mUUUhhhooouTT's
MMaaHeeUUUttS
MMMaaaODD
mmaaaIddd'SSS
mmAAAIIIDAAN
mmmeeIDDUUUnnn
mmoiiidddooNNN'SS
MMUUUoooDDDuuunnHHOaaRR
mmuuuaDDInnHaIIrrr'sss
mmmaaodOnhhheUDD
mmAuDEEEnnheeeOOOdd'sss
MMaaaAAADENhEaaaDDSSS
mmAIIIddeeNhAAAiid
MMMAeeedaNhhhEoddd'SS
MMMaaiiDeennLLLYY
MMMaiDDEENNSS
MMMAAiiDDsss
mmAAaaddserrVVUUUnTT
MMMaaiDDssuuRRRViiinnttt'SSS
MMMooooodsssERVVannnTTs
MMMuuIIIoooOOTTeeccc
MAiiiGuRRR
MMaaIGGREEESS
MMaEHHHem
mAAIILLL
mmaaoLLL's
MMMAAALaaabbloo
mmmOiLLLboooggg
mEEIIILLbbbAG'S
meeILBBigggSSS
mAAAilbbbeeeXX
MMaaIILBBBeeeX'ss
MMMeeIIlllbaaaxoooSS
MMEiiiLuuDDD
mmUUUIILLLIIrrr
mmOOooolOOOrr'SSS
mmaaIIIlllOORRSS
mmmUUUooLiiNNG
mmAIIlllIInnng'sss
MaiLLiinnnGGS
MMMAiiilllLOOT
MMoUUUlLLLooot'SS
mAAAiiiLLLlAATTSS
mmmaAALmon
MMMeILLLMAAAn'ss
MMAAAulllMMMiiiN
maaIIILsss
maaILLLssshEEt
mmUUUIIlShooTTss
MMAiilllWWuuummmeeNN
MMMiiMM
mmmIIIIMEEEd
MMUUIIImmmeer
maEMinnnGGG
maaIIIms
mmoEEEnnn
MaaaIIN'sss
mmAAIINNbRRRACe
mmaaauunFrrAMMe
MMoooiiNNffRRAAAmmmee'SS
mmaaIInFFFrrOmmiis
MAaannlAAANNNDD
mmAuunnnLLaaaNNddd's
mAAIINNNLLUUnDDsss
MuuUUnnLuuNeee
mmAIInnlIInneee's
MMMaaaeeenllANNEddd
MAiiNNNllliiinniiRRR
MMaaaOOnLIIINNNeeess
mmaooNNNLLLIINNNiiinnnG
MMMEEunLLyy
MMAaaNNNmmaaaSSt
MMAAAiiinnnMAAsttt'sss
mmmaIInnnMMMaaaSSSTTs
mmmaaiiiNNNss
mmmAaaaNNNssaAALL
MAAuuuNsssaaaaL'S
mAAAIIINNsAAAIILLLss
maIIInnnshheeeett
mAAIIInnShhhuuuAAtsss
MEInnsPrrruuuNNg
mmmaaaAANssppprrraaaNNGG'SS
mmmaaaUUNNSPPRRREEENNGGS
MOOiiinnnSSStttiiiYYY
mOOEnSTIIYY'S
mOIIINNNssttAAYYsss
mmAAUUUNssstrEEEEEmm
mmAinnnSStttrUUUaaammm's
mmmaAAANNNSSttRRIAAAmeeedd
MMMuuuIIInnnSTrrrOOaaaMMMIIINNNG
mmmeeinnnSSSTTTRRRIAAmmSS
MMMAeentttaaaIN
mAAUNttaaaoooNNNABBBeLLLOTY
MMeeiiinnntaaaannnaabblluuu
MMAiNTTiiuuuNNNAAAd
maaaeentaeennneerr
MMOaaaNNNTaaUnneerrss
maEENNTTTaeennnUUUnnngg
MMMAOnnnTTaiiNNNss
MMaaainnnTTTAAAnneNNNccEE
MAIIInnTeeenAnCCCOO'S
mAAAIIInnnToPPP
mmauuuNNToooPPP'S
mmmUUIInttOppss
MMMIIooollIIIcccOO
maeeeelllIIICCAA'SS
MOuuusiinnnETTTEEE
mmAuuuSOnEEtttaa'sss
MMMAAAOOOssonnnetttTEEES
MMooiiiZZE
mmuaaZAAA'S
mUUiZZUUUsss
MMeeejjEEEssttICC
MajisTTeccIIILLyyy
MiJJOSSttIIIiiss
mmAAAjeSTTTYYY
MMaaJJEEssstttY'SSS
mAAjjjOOlllIIICCuuu
mAAAjoolloooCOO's
mAAAjjurrr
MMAJeer'SSS
MMMAAjOOORdooommmooo
MMaJJoooRRRddOmmO'S
mAjjjordddOOmmmuusss
mmmAjjjOOOrrreeeD
maaJJJoooreeetttTe
mmmaJJJIIIrrrEEEtttTTeee'SSS
mmmAAJJJOOORRRUUUtttEEss
MMMAAAjjoooRinnGG
mmOOjjeerrriittIIIIss
MMaaajorrITYYY
mmajjeeerreeTTTYYY's
maajjOORllly
mmmaajjjOOORRRsss
MMajjuSCCCAAlllaarrr
MMAjjjOsssccUUlllEEE
MMuKKuu
MoKuu'sss
mooKEEEfUUssTT
MaaKKeoooVEEER
muukEEooveeeRRR'SSS
mmmuukkkEEAAvveeRRRsss
mIIIkkUUrrr
mmmaaakkIIIR'SSS
MAAkkERRRSSS
mAAAKKiisss
MMaaakkkIshIftt
MAAkkkOOsHAAAFT's
mmmaakeesheeeFTsss
mmmEKKKEEEAAP
mmmaakeeeeeePPP's
mmmUUUkkOOIPSS
mmOOOKKKeWWWOIIIggHHHT
MMiiiKiiiWWWeeOOGGHHHTS
mmmOKiiNGG
mooKKKInng'S
mAAKKKUUNNNgggss
mmAAAKKKUngsss'sss
mAAAkkOO
mmaKKeeSSS
miiikkkAtaa
mmmAlaaachhhIIITTA
mmaaalllECCHHHIIITTTeee'SS
mAAALAcuullOOgggyy
mmmaaallIcccOOSSTTrracceen
miLLIIIDAPPteDD
mmalAAADDAAApptttIIIVUU
MaLLLaaadddIIeeesss
maalloodjjuuuSStted
MALaadjisTTTMMMIInt
mmaallUUDDJeeesTTTMAAnnntt'S
MaaallliiddmmmeeeniiSSSTTeer
mmuLLLaaaDDmINNNiiiSSTrrAAATTUUUin
MulllaadddRaaaUT
MMMIlllaaDDDrrOOIIttllly
mmaalaaDrIeeettNNNeeeSSSS
MMAALLaadRooEtttnnnEEsSSS's
muullAAAdddyy
mmuuuLLAdy'ss
MaLLEEGGuueeñA
MMUUULLeiiSE
mmiiLLAAiiiSSSeee'sss
maLEMEEEta
mAAllluuMMUUUTeee'S
MIlloMuuTTTESSS
MoooLIIIpERRRttt
MMAAALLAPRRoP
MMMaaLLuuuPRROOOpiiiSSSmmm
MMAALLLAAAPPPrrrOOOPiissMMM'SS
mmAAlaPPRRROOPeSmmmSS
MMAAAllaapRRROPooS
mmiiLAAPRRRAAAPPSSS
MaaaLLLiiRRR
MMAALLLAAARRRiiiOO
MelllAAAROOOooo's
mmmEEELaraaaEEL
MaaaLLAAARKAAyyy
MMAAlORRKKKeYYY'sss
mmAlIIIrKYY
MMuuLLaaaTHHiiioNN
mmAAlluutthUANNN'sss
mmmOOOlCCOOOnnntEENNNTT
mmmIIlcccooNNNTTaaannnttt'SS
MMMALLLccoonnttonnnttteeddd
maalllCCiiiNNNTTTaaantSSS
Malleee
mmaalI'SS
mmuuuleAATTe
MMAAllleIteeSSS
miilaDIccT
mmmuulllEddiicccttiiiD
mAAAluuudddOCCtiNNGG
MMMAAALLeeDDDIIIcccTiOOOnnn
MMaaallIIdIICCTIIIooNN'ss
MMOOOlllEEEDDOOcctttiiioNSS
mmmIIllEEDDAAAccTTTaaVVVUU
mmULLLAADiCtooorryyy
MMMOllleeDDIIcccTss
MMellEEEFFaaaCCCtttuuIIIn
mAAllEfAAAcTTUUUIn'sss
MMMALLEEFaaCCtttiiooonnnSSS
MMMaaallleffaaaccTTOOORRR
MMMAlllEfffUcTTTooRR'SS
MMAAlUUUFFFAAACCTorrrSS
MMMAAllEEEFoccc
muLLLeeFFFiiCCAAANCCCee
mooLLLeeFIIccEnnnCee's
MMaLLeefUCCCooonnnT
MMiiiLLLuummmiiittUU
MMiLeemmmuuutttes
mALeNNeesssSS
maLLaaNEssss'SS
mmmaluSSS
mmIIlEVollEEEnncccI
MMMAALLLAAAvvvOLEEENNNCAAA'SS
MMMaaLLeVVIIlllIINNTTT
MMuuuLLLeeeVVVeeeLLEEENtlllyyy
MMMALLLfffEEaaassAANcccU
MMaalllffIIESSaanncee'SSS
MaaLFFFAAAaaSAANTTT
mmmALLFFEUUUssuuNNNTTsss
mALLffoRRmmuuuTTTiioNN
mmmuLffforrrmEETUOONNN'SS
MMMaLFFFOOOrrrMMAAtOOOOOOnnS
mALLLFFOORRmeDD
mmmeeeLLffUUnnnccTTAuunnn
MAAAlfUUncTiUNNN'ss
mmmALLLFiiNNcccttiiiooonneddd
muuullFFUUUNcttaooonnIInnGG
MAAALLLFEEnnCtIooonns
MMaaalllIIICCCe
MMAAAleeecEEE's
MOOllIIcccEEEOAAAsss
MiLLLiiiccAAouuSSSllYYY
mEElaaCCCiiUuuusssNNEEssSSS
mmmaaaLLACCCEoouuSSnnOSSSs'S
MMMAALooGGNNN
mmmeeellIIGNNeeencIIIEEsss
MallliiGGGnnnAAAncccYYY
MMMaaallooGGGNNanCY'SSS
MMMaliiggnnannnT
mmooolloooggNNIIInnTTTllyy
mmIluGGNNaad
mmmeLLIIgggNNUUr
mAALiiggnnneerrrS
maalllIGnnnIngg
MMAAAlllooggNetYYY
MOlIgggnnnitYY'S
MMaaaLLIIIGGGNLLLY
MaaalllIIIgNNSS
mmmiiLLLiNNNess
MMallonGGGIIrr
MMEElleeNggaarrOOOdd
mmmoollangeRRRaaar
MMAAAllooonggaaaRerrr'ss
mmmoollIInngeeREEErrss
mmmAllliingggoRRUUUNNG
mmULLoooNNGeRSS
MaLAAAsAn
mmmaalllll
muuuLLlll'S
MMooollllllAAArrDD
mAAALLLLIIIRRdd'S
mmelLLLAArDDDs
mmmElllliAAAbbbIIllIItttYYY
MMMEEELLLLEaaBBuuuLiiiTY'SS
MMoLLllEEubbLLii
mmmAALLLloooAAAbblleennnooosssSS
mmUUUllllEEEAAABlly
MeLLEEEE
mUlllleEEEs
mmmooollLLEEEIII
mEEELLLLeMUUCkk
mmmALllEaLLUss
mAAlLeeeTTT
mmmAAlLEEttt's
mmAAlLLLUTTss
MAllLLLeeeIIISS
MMaaLLLlllaaiiSes
MMMuuulllOWW
meeellllOW's
mAAllllllOOWWWS
MALLLSSS
mOOllM
mmmuulMsseey
mmmAAALLLmssAyss
MMMalnuuuuurrraaSSHHiiddd
mmmalllnnnooouurrriiissshhhmmeentt
MMMUUlnnnuuuRRRuSShhhMMMENNTS
MMMEEElnnnUtttRReeTAaNN
mAAlNNNuuttREETTOOANN'sss
mmmelloocccccclllUUUsssIEENNN
MMaaalllooccccLLLEEEsiiOOONN'ss
MMMeeelllooodddUUUrrr
mmAAAllloDoooRRiiuSS
MMMUUULLLUUUdddOrreeIsslY
MOOOLLLEEEdddoooRooUsnneSSSSS
MMAAALLAAADDDIreeeEsssnOSSSUUUSS
mmmAALuuuDDDoorrrss
mmiiiLLOnnYLIIrooAAA
mAAALLOOOTTI
MMMAALLLPPPUUGGhhhiuucccUiuuuSS
MMAlllpAASSItaaaEnnn
mmalPUSSSIIITEEEuunnnSSS
mmAllPPPrrraaaCTIICCCeee
MMuLLPPRaaaCCCToCCCaa'SS
maaallppprrrOOOccTTIIIcEEEsss
mOLLLpprrAAACCttiTTIIIoonnaRRR
mmmaLtt
MMMaLLLTT'sss
MeeLTTTOOSi
mmAALLLtaaadd
MoooLLLTTEd'S
mmaaallltEDDDs
mmUlTThhhaa
mAALTTTHHHOSS
mALLLttieeer
MMMaaltteuusssTTT
mIILLLtuNGG
mmmAAALLtossAAA
mmmeLtttoossEEE'SS
MMMAAALTTTrrrooeet
MMAAlTTTRROatttEEED
MILLttRREEEaatttIINNGGG
MeeeltttRRUUUuutmmmENNNtt
mmiiLLLtRReuuutttmmanTT'S
MMAAllTTrrraaaeTTss
mmmaaLTSSS
MMMULTY
MUUULvvOOcEEaaaiiS
MMAAAlllVAAAssiAA
MMeeellvvasIIIAAsss
mmeeeLLLVVEErsAAttuUUUnn
MMaaaLLVVORRSSSAAAtttEEooonnnSS
MMMAlVVOOIIsIe
MMAAmm
mmmoommmaaa
mmammUU'SSS
mmaaaMMMiiiSSS
mmmiMbbaa
MMuuMBoo'sss
mAAAMMbbaas
maaMMMbO
MaaaMbOO'S
mmmaaaMMMBOOOEd
MMambbEEIINGGG
MMaaaMBOOsss
MAmmeelloN
mammmUUYY
Memmmeyyys
MUUmmMiii
MAAAmmmmAA's
mAAAmMMMAlll
MMMaaMmmmiiilll'SS
mUUUmmmmaaLoINN
mAmmmmmAAleAAN'SSS
mummmmEELLLeeAnnSS
mUUUmmmmmOOLLoooggoooeS
MMMuumMaaaloGIIsst
MMMAAmmmmuuuLEgggYYY
mAAMMMMeeeLLS
mmIImmmmmmuuRyyy
mmAmmMMaSSS
mmAAmmmUUttt
MMMAAmMiiiess
MMAmMMMaafoooroouuuS
mmeeMMmIILLllAAA
MemmMaaalLLaeee
MMMIIMMmmmiiilllllAAArry
moooMmmmUULLLLLLUUUTTTe
MUmmmmoggRRRammm
mmmoomMMOGGRUmmm'S
mmAAmmmMMMeeGrrUUUmsss
maammMMMooogggRRRaaapppHyyy
MUmMMEEEgggraaappphYY'sss
MMiiiMmmOON
MMMUUmMMooNNN'S
MMAAAMmoonnniSSSm
mmAAMMmONNIIIsssTT
MMMAMMMMMOOth
mmAAmmmmmmooottth'SSS
mmmaammmoooTThhs
mAMMmmyyy
mmmAAMMY'sss
MMMAAAMMMs
MMAAAnnn
MAAAN'ss
mmaNNNUUU
MMUUUnnnoooccclEEE
MMannnUUCClllee's
MUnnnAcccleeDD
MMMOOnnecccLLLuS
MMMAAnnnAAACLLINNgg
mmmUUUnnnaaaGGE
MMMaannaGGeIIIbIIILLuTTY
MeeennniiGuuuABBIIIliiTTTY'S
MMMooonnAAggIIABBllla
mmIINAAAggEoooBBlleNNNAAASSss
MoonnnaGGGEEAAABBBllleeeNNeesssseeS
MMMAAnnnAAGaaabLLLYYY
mINNNaaGGEEEDD
MANNAAAggEEEMMeennttt
mmiiinaaaGGGemmmEEnTT'SS
MMANAGGGeeMEENNtttSSS
mmaannnUUUggOOORR
MaannnIIIgggErrr'SS
mmonnnAgggeerrrEEEsssS
mmmANeeeGGGiiiRRasssUUS
mmmOOnaaaggAARiiiaaal
mmAAANaagggErrrOaaaLlyy
mmmaaaNNoGUUrrrSSS
mmUNaaaGGEERRshAAp
MMuNNAgggUUUrrrSShhhaaPSSS
mmennAgggasss
mmAnnAAAGIINNNGGG
MMMAnAAkkkIInnn
MMMANNNakkiiinnSS
MMMUNaaannASSS
mmmuNass
mmmaanOTTT
mOOONNiiitteeee
MAAAnEEEtttaau's
MMMAANNOOTTTeeeES
mmaanncHHEnnnIeeeLLL
MuuNcccooopppLLAAA
mmmaaNddUULLLAAA
mmmindallaa'sss
MMinnnDAAALoooss
mmeNNNdddeLic
mAAANNDDAAmusss
MAAANNNddaammAASSS'ss
MMAAnnnDDDUmmmUUUSiiis
MuNNDDDOOORRRiNNN
MMMAAANDDARiinn'ss
manDDiiirriNOOOtttE
MMINDDDArrriiNUssMMM
MaaaNDaaaruNsss
MMUUUNNNDaTE
MMMaaaNDAATTa'SS
mmmaanndddeettteddd
MMMAAAnnnDDATTTeSSS
mmAAAnDDDAttIIInGG
mmuuunnnDDDiTOOORROLYYY
MMONNDaTTTOryyy
MMMEEEnnndddIIIbllle
mmmaaNdddiibllO'sss
MaannndddUBllEsss
mmmeennnDDDobbbOOLLLAArrr
MMAAnndddEEBBBuullaaaTTTEEE
muuuNNNdddOlllaaa
MMMuuuNDDDOOLLaaaSSS
MMMaaNNDDDOOLooNNN
MANNDOLiiin's
MMooonnndddOLLiNNNIIssTT
ManndddelANNNS
mmiiinddOOOrrrLLa
MaNddrraaagggeerriii
MMMaNdddrrrOOOKKKii
mmmAANNdddRRuuukkkUU'sss
maanDDrrEEEkkOOOs
mmmiiinnnDrrelll
MMAnndddreeeLL'S
mmOndddRRiLSS
mmaNNdrroooLLL
MMaaandddRRRiill'ss
mmmAAANddruLLL
mAAANDDrrrIIILLLL'SS
MiiiNDRulllsss
mmANNDriiillSS
MiiNNDDDuccAttE
mmEEnnnduuuccceeeTOODDD
MMMandddOOOccAtuSS
mmmAAAnndddUUcaatttAAnnngg
MMaaneee
mAANU'SSS
mmAAAnadd
mIIInnnEss
MIIINNUUaVVeeRR
MMMAnEEeeVVAAAr'SS
MMeeNAUUUvvArroooBBIIlITYYY
mmAAAnnnaaauuvEEErObbbooLLLiiittY's
MUnneeeuvvvEErribbbLeee
MMuuNNUUUAVeREEEdd
mmmAANeaaaveerrrIIINGG
mmAANNNeivvAARRRiinnGGSSS
MMMaaanaaaaavvveeeRRRss
mmAANNfffUl
MaNNNFFuuuLLLLy
mmAANNNfALNeSSsss
MMMooonnfAAAllNeSsssuuSS
maaanggaaannneeeTAA
mmmaannnGUUUNNuuuTTAs
mmmiiiNgggAAAnnEEseee
mmmannnggiiinnnEEESSSe'S
MMAnnngggannnittIII
mmmENNggANNiiites
MMMANggeennnoooaaaSS
maaNNNGee
mmmaaanGGII'ss
MMMoonGGARRR
ManggEERRR'sss
MMangggERRSS
mmmaNNggaaToooeeeTTT
MMaaaNNGGOOtAAoooTTSSS
mmmOOnnnGEEEErrr
mmaNGGEEEESt
ManGGGUULLLyy
mmmaNNGiNuusSS
moonggonUUsssss'S
MMaaaNNNgggllEE
MaNgglli'S
MaNgLLLEEDDD
mmAAANGLiiiRRR
MMaaanngLLLESS
mmmAAANGGGLLLINNNG
MAAAnGOOO
maaNNgggOO'S
mmIINGGOOEEEss
MoooNNGOnnELL
muuunnGOOSSS
mAAAnnnGGOsttEEEeeeN
MAnggOOsTTTeEEnnsss
MMaannngriiVVVEEE
maannGRROvvvEE's
MIInGGGRROOVVeeess
mmooNNNgggy
MaaanhhiiNddluu
mmmAAnnnhannnDlEEDD
MMaaNNNHuNNDDllloSS
MMANHHHIIInndddllooNNNGGG
mmEnnnHHHaTTTttiiinn
mmuuunnhAAttttttansss
MMMaNNNHHAAlllOOO
mmuNNHoooLeee's
MAnhhiiliiiSSS
mmaaannnHHHOOOOd
MannnHHHooooooDDD'SS
MaaannhhhOOnttt
mUUnnhuuuNT'S
MMeeenhuunnntSS
MMMAniiAA
mmmAAnnniiIII'sss
MAANNIIIacc
mAAANNiIIccc'SS
mmInnnOOaCALLL
MMuuNOOeeeCaallYY
MMIIINAAAaaCCCss
MAAAnIAAAS
MENOOOCC
mmmInnAAACCC'ss
MMMaaaNNACCCALLLlllyy
mmmAAniiiCCooTTTTIII
mmmAAAnnniiicccooTtIISS
MMMaaNICs
mmaaaNNiccara
maaannnUUUccUUUrrrII'S
mmiinnIIccUrrrEEEdd
mmiineeecuuRReeess
MMaaNNNiiiCCOrrreeNNNGGG
MMMaaNEcuRRRiiSSSttt
MMAAANNNuccURRRoSSTT'SSS
maaannnIIIccaaarriiiSSTTTSSS
MaannIIIfEEESTT
MMaaaNIfffAASSTTT'S
MUNNNAAfOOOssttiiittIonn
MMiiinnneeFEEsstaaTIIonnn'sss
muuunnnifesssttiiiTTIIaaaNNsss
MMMeeenuFFFUUsssTTTAAttAAvvvI
MMaNufEssteeeD
MaNNEEffeeessTTTuNNNGG
MMMEENNNiifEEsTTlYYY
MMUUUnnnEEFEsttUU
MeeennooofaaaSttoo's
MAnnIIFFFISStOOOEES
MMAAnOOOFFEESSSToooss
MMaaNNNiiiFFFeSSttts
moNNIIIFoooLLdd
mmuuNNEFFFAALLd's
mmmUNNUUFOLDDUDD
muuunnIIIFFFEEELdddoNNg
mmuNiiifffooLLdddlllY
maaaNNNiiiFFFEELLLdddNNNaasSS
mmaNNIIFFFOOOllldddsss
mmAnnniiKKKAAn
MMEnokkIIIN'S
mmiiinnuukkIIINNs
maaNNiLLLa
MMMAnniilllaaa'SSS
MMMannnIILLLLii
mmmaannIIIlllLLa'ss
mAANNNIIIllllllEEE
mminnIIIaaCCC
mmmAAnuooccc's
MiiiNNNeeeOOCs
mmAniiPPPLUUU
mmaaannIIIppollOOOBBBIILLLitEEEOOsss
MMMAniipppiiLaabIILiitttyyy
mmuuuNuupOOOLABLLLi
mmIInnOOOPPElAAArr
MMMEEnnnOOPoLatABllE
MMaanEEEpppUllitEE
MAANNNIIIpppuuLEEEttAADD
MMMANNNIPPuuLLAAAtttAAs
mmAAnnipppuuLLLUUUTTTiNNNggg
MANOOOPPPuLaaaTTTiiiuuN
mmmAnePEELLAtAAAIIN'sss
mmAnUUppuulaaTTTiaannnss
mmAAnniiipUUUlottIVee
MaaNNNooPPuLLLatiivvoLLLYYY
MMMAAANIIPEEELLLOOOTTTIVVVEEENNOOSSSs
mmmAANiipppUlllAAttiR
mmmONNNIpulaaaTIrrr'SS
MMANNIIpppooLaaaTTAAARS
MMMUNNNiiipppeeeLLatUUrrY
mmmiiiNiiTTOOOAA
MMMAAAnnnkkkIIINNd
MaaaNkEEEnnd'ss
mmENNkYYY
MMMAnnnlAAeeerrr
maaannLLeeOOsT
MMMiinnLIkkkAAA
mmmaaannlllaaaneeeSSSss
MEENNllliNNeeeSSsss'SS
mmAAANNNllYY
mmmOOONNMMeeeddde
mmmANNNe
MMMIINnaaa'sss
MMIIINNeedd
MMIInnnnnneQUUin
MOnnEqeeeiiNN'SS
MMMaaaNNNnnnEEqqUIInnss
MMaaNNnneR
mmmunnnNNNaaaR'S
MMaNNNeeRuuuDDD
ManNNeeeRRRIISMMM
MMMaNNnnnoRisM'SSS
mmOOnNNNeeeRismmSS
mAAANNNNNoooRRiiiSSSttt
mmUUUNNNnnnUUrrleSSSSSS
mmAANNNNNOOrrLOOOnEESS
mmmooNNNNEEERllly
maanneeeRRRS
monnNNukkkeeeN
mmmaaaNNNNNikkiNN'sss
MMannnnookkkeeNNSS
MMMannnnnENGGG
mmaaaNNNNNiiissHH
mmmaNnnEEESSShhllYY
mAAAnnnnISSSHHHNNNaasss
MENNnnniSSSHHHNNesSSS'ss
maNneSSEE
mmmAAAnnnoommmooottuuur
MMMEEEnnnImmmeeTTTER's
MAANNNooommmEEETTTiiiRsss
MMMaNEEEMETTTRiiC
MIINooommmetrriiiccaaalll
maaanAAAmoootttRRY
MAAnnOOrrr
mmmAAAnnnarr'S
mmmuuNNNURRRAAOOll
MMaannnOOrrriiAAALLIISSm
mmmaNNNIIRRSS
MMeeeNNNpppOWWWuRRR
MMMAAnnnpppOWWWeerrr'SS
MMAnQQeeeé
mmmaaaNNrEEpUU
mUUUnnss
mmAnnnSurDDD
MMManssAArD'SSS
mmmaaanSSSArDDSSS
MMAAANNssee
mmonnSSee'SS
MMMeNNSSSEEErvvvaaannnTTT
MuuuNSSSeeervvAAnnt'SSS
mmmuNsssEEESS
MMMaaNNNSSAAAuuuN
mENNsIOOOn's
mANsseeeonnnSS
mmmIINNNssslloooeeghhTeeeRR
MMaaaNNSLLEOGGHHHttOOORRR'S
MMMaaNNSSSliiyaaaRR
MMMaNsssTTOPPPPEEER
mmEEENsssoooIIITUUDDii
mmmaaaNNTTuu
MMAAAnnnTaa'S
MMMAAnnnttas
MMMaannnTeeaaaA
mAntteL
MannnTEElll'S
MMMoNTTEEEllleeettt
mmuuNNTEElEETTsss
mmOOOnnTTTIILLLLETTTAAA
mmmAnnTTTeeLLLLOOOnnee
MMMAAANTTTEEElllpppaaOOOcE
mmaaaNNtttuLPoooAAcccI'ss
MMANNttEEELLLPPPieeeCuSSS
MMMuuuNNNTTTiLs
MMeNNNTTTalllssHHHEEEllFFF
MMoooNNNteLLSSShOOLLvvaass
MMMAANNtttaLLLTRRRUUo
mmaannnTEEEs
mmaaaNNNTTTiiiC
MaanTTaLLLLEE
maaanteelllle'sss
MMIInnnTIIILllas
MMiinntuS
MMaaantIIS'SSS
mmiiinnttiSass
MMooonnnTIssAA
MAAnntttUUSSSsssa'S
mmAnnTTTIIISSSsAAAsss
MeeNNTlllEE
MuunTTTlEE'ss
mmooNNNtttllOOOdd
MMAAnnTTLEEPPiiiiCCCiii
MMaannTTTLeepppoeCEEEss
mmmAAAntttllles
mmmAANNNTTLLINNNGG
mmmaaNNNtttrrooo
menTTTRRRUUU'ss
MAnnttRIIIPPP
mmaNttrrEPPSS
MMMOOnnTTTrrraas
MMAAAnnntttRRaaC
maNTTTUUUA
mmAAANtEEaaaSSS
mmmEEEnnnuuuIILLL
mannuaaal's
mmmOnnIolllly
MuNNNOOAllS
MENNNuuuBrIIIUUmm
MMMENNNOOBBBROOums
mmmaaanAAAFFFAAcTTTaaarriiEEESSS
mANNuFFAAACttOOORRRYYY
mmmaNUffAAcccTTEEErree
mmmONNuffaacTTTORRRee'sss
MMAnnnUUffaaccTeeeREEEDDD
MMANUUUFoocctURarr
MMMANNuuuffaaaccTOORURRR'S
MMMIINEFucctUrorrS
mmaaanIIIFiiCCtorrrOOsss
MMiiiNNUFaCttUrrIInnnGG
MMMUUnnnEEffaCTTTUUURRiiiNNNggg'SS
maaannumiiisSSSaooon
mOnnnuuMMISSSsiON'SS
MMMaNoommmESSSSIOOOnnns
MMMooNuummmiiiTTT
MMEEENNNEEEmmItS
mEENAAmmmotTTToodd
MMaaannnUUUmmIITTTttERRR
mmiiiNNNaaammuttTTErSS
MunnEmmiiitttTTiNNGG
mmmEENUUURRee
mmUnnooorrree'ss
maNNEErAAdd
mmmaaNNNurOOOS
MMaaNooRIaLLL
MuNNURREEEnnnG
mUUUnnnAAScRRRiiiPPTTT
mmmOOOnUSScccRRRIIPPPt's
mmmiiNNNUUssscccrrIIptSSS
mOOOnY
Mooonnnyy'SS
MMooonnnYfOOOLLdd
mmmAANypppLEEEIIIS
MMMaannZZZeeNooLla
mmaaNNzAANNNIIITTTa
mmaannzIIInnETAss
mmOnnnège
MMMAANNNèGGIII'SS
mmaap
MMAppp'sss
MoPllee
mmmaappplllA'sss
MaPllesss
mmAAAPPPMMMAAKKKeeerr
MMMaaaPPPmmaaakkErr'S
MMaaappMMuuKKeerrrs
MAPppaaabbLLEE
mOOOPPpuuuddd
mmOOOpPPPiiirrr
MMMapppooR's
MMaapppPPPAARRRSSS
mAAAppppponng
MeeepPPPaaaNNNgggs
mmAAPs
MMAAqqqIIETttaaa
miqoaLODDDorraaa
MMAAAqqqUUIILLLudorrruuS
mAAQaIss
mmURRR
mmmArrrAAA
mirrrabbbEEAAA
MMEREEEBBBOOOUUU'SSS
MMaarrrAAAbooiisss
MuurAAbbOuuTTT
MMAARReeBUuuuT'sss
MAAARoobbboooUtttS
MMMUURaCa
MMMAARAAAcccA's
mOOOrrEEccaaas
mIrrees
mmAAARRAAAsssCCAA
mmaaaRRaSSSccceeSSS
mARasCCChhhiiinnnu
mAArrraascchhhUUUnno'SS
MMMaaRRAASSSCCHIINoooSS
mmUUrrAAASSMisss
moorrAAAssmmmuusssESSS
mEEERRRATHHHoNN
MaaRaaaTThhhiinnn'SSS
mmmaaaRaaaTHEENEErrr
mAArrAATTThhhoooNNNEEErrr'sss
mmaaariiiTHHEEENNNeeeRRs
mmeRRIIIttHaNiiinnGGG
mmOOrrrAATTHHOnnns
MMAAARRiAAAdd
mooraaudEDD
maRaauuDERR
maaRaaOdEEErr's
MMaaaRRRaaaUUddeerSSS
MMerraaaDDIINNgg
MMMAArAAuuDs
MMMAAArrEVVuuudddII
mmUUrBBBLEE
MMMaaarrBBBlllii'ss
merrblUUDD
mArBllEEiZZZE
MUUURRBBLEEeeezzeeeD
MMMAArbbllleOOOzeSS
mmmAArbbLLLEuuzzUUNgg
MuurrBLLEEs
MarblooNGG
MMaaarBBBlinnnG'ss
mmmiirbbblYYY
mmmAARccc
MMURCCaaasssiittIII
mArcceeL
MMaaarrrCCCeeelllllooDDD
MMMarCCCEEELlllIINNg
maRRccillS
MMAARRCCCUScUUUnnnTTT
MMAAArch
mmmuuRRRCCCH's
MMaarCCCheeedd
MMMEEERRRcHeRR
MUUrrcchurrr'SSS
mmmArcHHars
MMMIIrccHHEEESSS
mmaaRRChhhUSaaa
MMEErrrcHHHesuu
MMAAArrrCCCHOONgg
mAArrcchhuuOOONOSSSss
mAAARcccHHIeeNNIISSS'SSS
MMMArrCCHiiiOOOnneeSSSssseSS
mmeerrrCChhhLLUNd
mmmIIrrccchhlllEnnnDDsss
mirrCCCHPPENNNiii
mAARRcHHPuunEEES
mARCCoooniGGraaaPhh
MMMaaRCs
maaarrrEEE
MMOOORI'SSS
MMeerrrIIMMMMMMa
mmaaarrUUs
MMARgggAAArrrIIINNEE
mmAArGGAARiinnee'SS
MMeeerGGAAArrrEtAAA
mmAAArrGAArriiTi'S
MMIIRRGGGAARRRIIItttAs
mmmaarrrGGaRRIte
moooRGUUUyy
MoooRGGGiyyyss
MMMaaarGGooo
MMaaaRRggIIINttt
marrGGGUUUS
MMArrrgiiin
MMooorrrgggAAANN'SSS
MMMiRRgOOnnaaalll
MMAAARgggAAANAAllliiia
MAAARRRGGiiNNNAAALLiaa's
maaRRgggiiNNNiLLiTY
MMMIRRRggiiiNNALLLIIIZZattiiiEEnn
MMeerggguuNNNaLLLIIIZZZooTionn'sss
mEEERRRGGiiNNAAALLLiZZZee
merrrGGiiNaaaLLLozzzUUDD
mmmoorGGIINNNALLLIIIzzzEEES
MaargggAAANNNAAlliZaaangg
mAArGIIINNaaaLLlYY
MaaargaannnaLLLs
MMMAAARRRGGGIIINNNaTTAA
mmErGGGiiinnss
MMaaaRGGRRAve
mmAAARRGGrooVVVeeSS
marrGGRaaVVViiinEEE
mmmOORgggAAeeRRRIItttuu
MuurrrGGAAAIIIRIItttosss
MMMerrriiioo
maaRRAaa'SS
mAArriiiAAAchiii
MiruaCCHHii's
mIRRuuECCHIIISS
mmaaaricOOLLTTUrrAALL
mmmoorrIIIcciiilltArrII
MMaariiiCCCOlltUUURRRIIISttt
mmARRRAGuLDDD
MIReegggEllddd'SS
mmmoorrriGoLLDDDss
MMMERRRiiGrrOOpppH
MarrriiHHHooAAANNee
miiiRRihEANNaa'ss
MMArrOOJaaaaNEEE
maaaruuujOOOAAnnnUU'S
maaRimBBBaa
maRRRimmBBBAA'ss
mmmIRRRaaMMBBBAASSS
MAAARROOOnnnaa
moorrrAnnnu'S
MMoorrrEENNaaadaa
mmURRRIInAADOOO'S
MarrooNNNAddoooddd
mmmereeeNaaDDDAASS
MMMaarruuunAAADAngg
MMMAAARRRiiiNAAROO
mmmaaRRRaannnuuurrrAAA'SS
MooorUUUNNNAAASS
MURRRinnnAATu
MMMAAARaNNAAToooD
MMooRiinnnAATTTeSSS
MMaaarrriiNNNAATTTUUNNNggg
mmARRiiinaattAINN
mmOOOrrrinnnaaaTTTIIIonnn'SS
mmmaaaRRRIInuu
MMMaaaRiinnEE'ss
mmAAArannAAArrr
mmmoooRRIINUUR'S
MMaaarINEERRsss
MMUrrrOnEESS
mmAAArrrOOONNNeeetttttaaa
mmmURRIIIAAAnnnETTTTTee'ss
mAReeaNNEEETTTiSS
mmAArrassHH
mAARRRIIITTTIIIl
mAArrrAAATaaalLLyy
MMMEEErreettommO
mmmeeRRjjjUUrrrAAAM
mmAARRRJJJoooRREEm'S
MMMiRRkk
mmmaaRRRKK'ss
MMMUUrkkkuuu
mmUUUrrkkkDOOOWWNNN
mAARRRKKKdOOOWNN'SSS
MMMaarkddoooWWWnnS
MMMArrkkEd
mUUUrkoDDDLyy
MMuRRRKKIIRR
mmArrkkkOOOR'S
MMMUrKiRS
mmmOOORRRKKKEETT
mmuuuRRkkuuuT'SSS
mmaRRKOOOTTIIIbbbIIloty
MMMarKEEEttteebUULattyyy's
maaRkkkEETTuuBBBllEE
mmmaaaRRRKeteeeddd
MMMAARRRKAAttteeeArr
mmmAArrrkkkIItttOOOEEr'sss
maarrrKeettaaErrSSS
mmAArrKKUtERR
MaarrrkEEttEErr'ss
MMMAARRKEEttterrrSS
MMMaaaRkAAttuuNNg
MIIRKKKUUUtIINGG'sss
mAAArrKeeeTPPPLLECAAA
MAAARRkeeetttPPllIIIccee'S
mmAARkUUUTpLLLiiCCCaSS
mmmAArrrkkkeeettss
MMiiiRRKKKhooorrr
meerKKhoRRRSSS
MMIrKiiNGG
muuuRRRKIINNNG'S
MMMaarrrkOONGs
MMMeerrrKKKKKooo
MAAARRKKKkA'SSS
MMMarrKkkaaaa
mmmAAARRkkkkAAss
maaaRKs
MMMUrKKKSSSmmmUnn
MMAAARRRkksssmmmAAN'SS
MMERkssMMaaaNNShIPP
MMaarrKKSSSmmmaNNNSSHHiiiPPP'SS
mmarrrKKsssmmmEEENN
mmmaaaRkkkSwwwooommmAnn
MAAARKKiiipp
mmaRRKKKOOPPP's
mmmAARRRKKKuppss
mmaaRRL
mmAAARRRL'S
MARRRLLLInn
MORlllEn'S
mmARRRLLLuuNNNee
MMarlliiiNOOOs
mmaRRLLLaaaneeesppeekE
MaarrrLLLEnnneSSSPPPIKEEE'ss
MAAARRRLLLuuunOOspppuKEEsss
MMaaarrrLLiiinnSSS
MMaarrrLLoonnsssPPiiKuuu
mmeerllannnSSSpppIIIKKE'ss
mmUUUrrrLLLiiinnssPIIIKKiiSS
mmuurrlOTTTEEE
MarLLSSS
mAARRlyy
MMMeerrrmmAAALiiddde
mmAAArrrMMoLEDIII'ss
MuRRmmmIIITE
MMAAArmmuuTTTeess
MAArmmoooRRReAL
MMEEErrrmmmaaasssuut
MarMEsssEEttt'sss
mmmiiiRRmmooosssETTs
MMMaaarrmmmOOttt
mmmAARRRMMMoot'SS
mmUUUrrrmOOOTTsss
mmmaaaRROOOCCCaIInnn
mmmarOccaaOONss
mmmarrrOOOOn
MMAAREEEIIIN's
mIROoooNeeD
MMEErreeeoooNInG
mmmuuRRROOOuunsss
mAAARPPPLeeeT
MMaaRRQUUEEE
MaaarrrQuuuooo'SSS
MAArQQiiiuuuE
MMaaaRRRqqqeeeeee'ss
mmmUrrrqqEeEEES
MoorrqUUUEEEss
mmmaaarqUeesssSSS
mmmaaRqquiiiSSSss'sss
MIIrqqquuueessSSass
mmAAARRqAEEETTTaaaRIIIaaa
mmArrrqqquuueTIriiieeeS
MMMaRRRqueetUrrYYY
MMuuurrqUUiTRy
MMArQAAAeetttRRRyyy'sss
MMAARqAAuSSS
mAARqqqUUUiiisss'ss
MMMAArQQuIIIsssAAATUU
mmERQQQuuISA
MMMarrrqqquuoooSEEE'S
MeeeRRQUIISSSaaaSS
mmaRRRQOOOSSEEtttIII
MMooorrqqqEEEiiSSSOtteee'S
mmarrrrOOOD
mAAARRRRRReeeAAGGe
MaaarrrRRRiiiEge's
MMMeeerrrRiiIGGGeAbbbIIIlIIttyy
MMarrrrIAAAgggaAAbbIILaaatY'sss
mmmARrIaaGGGeeOOBBBlee
MMaaarrrAUUGess
MMooorrrruuuDD
MMerrrrraaeeed'SS
MMMUUUrrrriiEEdsss
MMAAARRRoooEss
mmmaaaRrrrInnnGG
mmaaRron
mmeeRRRRRooWWW
marrrrAw'SSS
mmAARRRROWWWbboooNNaa
mIrRRRooWWWBBeNEEESSS
MerRROOOwwfffOttt
mmmAArRROOOwws
Maarrrrryyy
mAAARRrrryiiNNggg
MMiiRRsss
mmArrSSeeIIllLLEEss
MMEEErssshhh
MMUUUrrSSH'sss
maaRsssHEEl
maRSShhhalll'SSS
mmARSSShhhOOOlllUUDD
MUURRSHHilleeerr
MaaarrsshhhOOLLLUUUnnnGGG
MMIRRRSSShhhillllllUdd
MMAArrrsshaallLEEErrr
maaaRRsssHHuuLLLllliiinnG
mmershhhOLss
murrSSSHHHaaLLLSShuuppp
mmmiirrrssHHHaaLSSShhhIIIPPPSSS
mmarrSSSHHiiss
MMMuRRRShhiiiOORR
MMMAAArSShhhiiESSTT
MAARssHiiiNNNEEESSSSS
MMUUURRRShhhllooNNd
MMURRRsshLLLUUUnnndd'SSS
meeeRSSShlllAANDDs
MArrrSSHMelLUW
MMMeerrrssHMMalLLLOOwww'ss
MIRSHHMUUlllllooowwwsss
mmmaaRRRsssHy
MMMUUURssiiiPPPOOBRRRannCH
MMMEEERRRsUUPaaUUU
mmAAARRssseppiiAl
mArSSeePPPiaaLL'SSS
muuRRSSePaaaaaalls
maRRSUUUPPiiiuuuMM
MMMiRRRTT
mmmAAArrrT'sss
mmaarrrttEElLoooTo
mmmaaRtINN
MMMUrrrTTooN'SS
mmaaaRRTTTeeNSS
mmmUrrrttEEEnnnSiite
mmEEErrrTTaaaNNNSITTTEEss
maaaRRtttIIUl
mAArrtttiiiEllLLLyyy
mArtiANNN
MMMAAARRTTTIN
mAAARTiinn'ss
mAAArtannnEETTT
maaaRRRttInEttt'sss
MaarrTTiNoTTTsss
MMMaaRRTTIIINNNGAAAllee
mmeeerrrtuuNggAAAle'SS
MuRtINGooLLLesss
mmaaRtttiiiNNoo
mAArTTTiiinA'S
mmAAARTTTiiiniS
mmmAArrrtIIINNNs
mmAAArrrTTTlllET
MMAARRtttsss
MMArrttYRR
MMMErTTyrr's
MaaarttYYYRddeMMM
MAAARRRTYYrdddiimm'S
MMaarrTTyyREddd
maRTYYYRINg
mmuuurrrttYYYRRRIIZuttIIOOON
MeeRRRttyRIIIZZZEEE
merttYYYrrrIIIzoooDD
MMarTTTyyRiZESS
mmmartyyyriiiZiiNNG
MMMiirrrtYYRRAlloooGy
mmIIIrrrtyyyRRSS
mmARRttyyrrYY
MMMaaarvvvIIILLL
MAArVEELLL'ss
mmOrVVElllAD
MMMAAARvuuulIINg
mmarvvelllUUUd
mmAArrvuulllLiiNNG
MMMoorvvveeeLLlOOUUsLLyy
mmmaaRvvvaaLLOUUUss
MMMaRRRvvvuulAAAOOSlllYYY
mAARVVVEEloouSSnnAASSss
MMMaarveeelSS
maaRZZZEEPaN
MAArrzuuupaaaNN'sss
mmmaasss
MMASSCCCAAARRRII
mmosscccAArAA'SS
MAAAsCCCaaRRRioooDD
MMMAAAsCCCaaRRaaaiiiNNG
mmIISSSCCaaarrrass
maaaSSccclEEE
MMMoosscccooNNN
mmASSSCiiiT
mOssCCIITTT'SS
massCCEEtsss
mmiiissccuuLLEEEnnuuu
MMMeeesssCCeelloonAA'sss
MMaasssCCCullInulllyyy
MMOSCCAAAllleeennEneesSSS
MMaasccuulooNUUSS
MMaaSCCuuuLLLIIINItYYY
mUUssccIILLiinnnIIIty'SS
mmusEErrr
mmUUsseeeRR'ss
mmmASSERSSS
MMAAASSSHHH
meeessHH'sss
MMAAAshheeeD
MEEEsshhheeeRRR
mmmIIISSHoooRR'SSS
MMAASSShIrSSS
MMaasssheeSS
MMMAShhhUUUee
mmEEESSHHiieess
MAASHHIINg
MMAAssJJJaddd
MMMAAAsssJJEEEDDDSS
MMOOSKKK
MMooosKK's
mAASSKEEnnnanngAA
MaasskkeDDD
MMMaasKKErr
maaSkkkir'ss
mmmAASKaRRS
MMAAAssskkkiiNNGG
MMMaaasKKs
mmmeeSSSOOOCCChhIsssMMM
MaasEEEchhhiiismmm'ss
MeesssocHHIST
MAAASaaacheeSSTT'S
MMaaseeechhhIIssstiCC
MassUUCChistiiccceeeLLLlly
MMMAAsaaCCChhhiSts
mUsooonn
MMaassONNN'ss
moossiiNNeeec
MOSSSoooNNrrrYYY
MMasssoooNNRRY'SS
MAsssuNSS
mmmUUSSSQQQuuuEE
MMoSSSqEEe'ss
mmmaaSQQEER
MAAsQQUUUORRaaaDDeee
muussQEEeeRRoDDDEE'S
MAsQQQuuuiradddeeedd
MAASqqqaaaOrAAADDDERR
mAASQUUUIIIrrraaDER'ss
mmmAsssqqqaOOrrrOODUUUrrrs
MMAsssQQQUUUIIrrraaaddes
MaaaSSQuuuiiirraadunng
mAASSQuuiiiSSS
mmuuussss
mmmUUUSsss's
MMoooSSsuuCRU
MEssaccRee'SSS
MaSsssAACCCRROdd
mmUUUsssssiCCReeess
mmmUUUSSSsssEECCrIIINg
MMMOOOSsssAAGGE
MIssSSSAAAGGE'SS
mmmIIISSSSAAgggIdd
maSSSSaGGUS
MuusssssaaGGiinnggg
masssSSSaaSAAAeeeGGeee
maaasSEESSEEEUUgAAS
maaaSSSEDDD
MMAAASSeess
masSSEETTUUrr
mmmiissssuuUURRR
mmmOOOSSSseeaaRR'S
mooosssSSAAAuuuRRRSS
mmaasssSSSeeUSUUU
MMaaaSSSSSSEEEUUUSuu'ss
MMMesssssoooooSSSEEsss
mIIssssAAACCottt
MaaaSSoofff
Maaassssaaff'S
MAAssUFFsss
MUUUsSSuuNNgg
masssSSSIvvvE
MAAASSSSSIVuuulYYY
mAAASSsssOOOVeeNNEsssss
mmaassssaaaVVeeNUUssss's
mmmiiSsssllEESSSSS
MMUUUSSsOtthhheeeRRRaaaPPyy
mmmaasssyy
musssTTT
mmuusTTT'SS
MMUUUssttabbbAAA
mmAASTTTuuctttOOMMMIIeSSS
mAAASTTecccToooMMy
MMMUUsstttAAccTTEMYYY'S
mmaaassstttaaadd
MaaasssttEEErr
MMUUUssttaRRR'sss
MMMaaSSttEErrrcclllaaasSS
MMaasssTTEERRRCCLaaaSSSsseeeSS
MMAAAsttEEERRReeed
MAAAsTTTaaaRRRFFEEEL
MMMAssstEEERRRFFUUlllly
MMMAAAssttErrFuuuLLLNooSSSSS
MMuuussttterruunng
miiSTTIrLLLAAANNNUUssSSS
mmmIIISStttOrLy
mmmUUUSSSTuRMMMIIInnnDDD
MMAsssTORmonnnDDD'SS
mmmAAStaaarrmUUNNNDedd
mmEssterrmmmIINNNdiinnnggg
mmmiSSTTiRRMAAAnnDsss
MiSSTTTeeerpppIEECCCeee
MeestOOrPPPIIEECCCEEE's
MAAAsssttERRPPIeccuuuS
maSSStErss
MMaStttorrSSHHHIIIP
MMMoooSTTToorShhIIIppps
MMMoSSttteeRRSSEEEnnGOOr
mESStOOOrrsssTTTrrokE
mAAstttiiirrrsssTrrrooKE'SS
MaaaSSSttARSSSttrrrookEES
MMMeeeSSTTTURRwwORkk
mmosssttEERRwOORKK'SSS
mOOOsTTTurrWWooorrrKKKS
MMMAAAsstttEEErryyy
mmmaasttteeerrrYY'ss
mmaaaSSSTHaaaadd
mmussTThhheAdd'SS
MiSSTheiiiDDDs
mmIISSTiiiCC
MASSStUUcc'sss
mAAAsssTTTAAccaTTE
mmmAASSSTOOccataadd
MMMeeesssTTTEEcccoooTTTesss
MMMEESSSTTUUCCCaaaTTTiiNNGGG
mmmAAStttIICCoTTTiiaannn
mmmAAASTTTiiCaaatUUIIn'SS
mmmUUSSSTTiiiCIIItARR
mmmAssttoooCAATTTeRRRyyy
mmEssstttiffffff
MMMOStttiiffF'S
mmaaasssTTiiFFFFFSSS
MMMaaasssttiiiGGOOpppHHOrraaaNN
mmEEEstttiigggoppphOOOrrAANNS
mmAAAsTTiiTTTIIIdIIs
MEEstttIIIttIsss
mmmaSSSTIIddUUUnn
MAASStttooddoN'SSS
mmiiissTTTedooonns
mmmAASTTTaaaiiiDD
mmmisssTTTeeeiiD'SS
mmaaasstOIIIDDocccTOOmmmOUss
MMMEsTueDDiccToooMY
mmuuustOiiidduuTTiiiddIIIs
MMasssTTToooAAADDDaaatEES
mmmEEESSTTOOOIIIdddSSS
MMMAAAsssTTss
MMMasssTTTurbbaTTTE
MaasssTURRBAAATTeeedd
mmmaaaSSSTTUrrBBiiiTTooSS
MMMEEEsTTUUURBAATiiNg
MMOOSSTURbbATIIIun
MeesssTTUrrBBaaaTAAOOnnn'sss
mmusttterrBBAATERR
miiSSttURRRBBeeettORRRs
MMMASSTTuurrrbAAAttoryyy
mmaaaSUURRoouMMM
MMAt
Mooottt'S
mUTTTaDDDUUUR
mmmAATaDOORR'SS
mOOTAADDOOOrss
mmmoooTTTCCChh
mOTTTchhh'S
mmmaaaTTCHHIBBLLLU
MMUUUtttcccHHBBBooArrdd
mmmATTTccchhhBBoAArrdds
MAAATTccchhhbbOOUUUk
mAAATTTCHboiiKKK's
MMMettCCHHHBooooookkSSS
mmitccHBoXX
mmuuTTTcchhhbbbix's
mAAAtcHHbboooxAASS
mATTCCCHEEDD
MaaatCChhhorrr
MaaatttCHHHUs
maaTTTCChhhiiiNNNGG
MuuTTCHHlesss
mmEEEtCCChhhllOOOcK
MatttCCChLLLEEccKKK'SS
MatcccHLEEECCkkS
MMMAAtCCHMMOOOKEEERRR
MaattccHmmAAAkEEErrr'S
mmUTcccHMMMAAAkkkERRRS
MMMIIItttCCChhmaaaKKiiing
MMMaaatchmmeKAAANNggg'sss
MATTCChhhmmARRRKK
mmmAAtChppLooYY
MMAAATTCCHHSSStttiiCCk
MMMatChsTTiicccK'S
mAttCCCHHssstttAACKS
MAttcchOppp
mmmOOOttChhhwwooIId
MMIItttCCHHwwwOOOOddd'sss
MMATAA
MMaaTTu'SS
MMMAAAttteeeDDD
MMATTTEEElllUUUT
mmAAAttELuTTTEE
MuuuTTTIIlllOOOtttEESSS
mmAteeer
MOOOTEEErffUUMMMiiilllIIIoooS
mmAAAtttEEriiall
MMMAAATTAARRIIAAAlll'sss
MMattteeReeeeLiiiSSSmmm
MMuutttureeallliiSSSMMM's
mmaTerrOellosTTT
MMMotteerrruuuAAlllooosTTT'SS
maaaTTIrrrIAlllIISSSttteeeCC
MMMAAAtttARiiiAAlIIISSSTiCCCaaLLlyy
mAAtttEEErooaaLIISTSSS
mmmEEEtuuRRAAUUUlleetEEEeeSS
mmmaaTTTeeeRRIIIIILLLITY
MAAAtttERRIIALLLOOOzataaoooN
mmmAAATTAruuaaalIzAttiiioonn'ss
mEttterrUUUaaallliZZZE
MOtaaarrrUUAAAlllizzzedd
MMMAtttIIRRiAALLLIZZesss
MMAAtUUUrruuAAAlllaaazzzIINNNGGG
MMMITTTEEERReeeeeelLyy
MAAATTTooRRAAAALLSSS
mmaaaTTTEEErrrNNNal
maattUrrrNNUUULLLiiSSSmmm
mmaTTEEERRRnnAAALLiisssttt
mmmIIITTEEERnnALLeSSTTTIIcc
mEETTIrnooollIIISSTTTIICCCuuuLLLLyy
MMAATTEErnnnAAAllLyy
MEETTTerNiiittY
MMMaaatteeeRRNIITTY'S
MMMUTTaRRRs
mmittUUS
mmaattUY
MMMAAtAAAYYss
MIIITTThh
maaTH'S
mitttHHammmaaaTTiiC
mmaaTHHEEEmeeTTiiicAl
mmmaTTTheMMaTTicalllllYY
maatthEmeetttuuccIIaaann
MMUttthEMMMatttiCCCIIIOOOnnn'SS
MMAAATTTHeMOOOtttAAAcaaaaaannns
MMaatthiiimmmaatteeeCCCSS
mmmAAAThhOOOMAAATACCss's
MMoTTTIIIOr
MMMaaatttIIIiiSSSTT
mmaaattiN
MAtUUUnng
MIIIttOOOngg's
MMMITTIIInnGGss
MeeTTiinnns
mmmittINNNs'SS
mmAAtttOOOnnnéuu
mUUUTTInéOO'ss
MaaatttEEENéeees
MMaaatttrrraaasS
MMAATrrreeSSSffaaamiiiLaaaaas
mEEtRRIiRch
MAAATRRuuuArrcccHH's
mmmeeTTTRROOOErrrCCHaL
MMMAttrUUaaaRRCCCHHootte
muTTTrrUUaaaRRRCHHHEtttAAss
MMAAAtrrIIIAAARCCCHHuC
mIIITrIIIArrccchiEsss
MUUUttRIUUrrrCCChhs
MUUTTrrrOOOAAArrCHHYY
MMMAAAttrrrOOOaRRccHHyy'S
mmAAtttrroCUS
mmEETTRRRooccIIdddUL
MAAAtrrAACuudddEEE
MMaaaTTrrriiCCCIdde'sss
maaaTTTrriiicccooDDess
MUUUtruCUlllAnT
MMaaattRRIIICCCullliittEEE
MMAAttRRiiCIllUUtttiiDD
mmmuuTRRRicaLAAttooS
mmmETTrrecccuLAttEEENG
matttrrrOOOCCOLLUTTieeennn
maatttRRRICuLEEETTTUUUUUUN'SS
mmmUUtRRUlllUTEEERIIIlll
mmmattRRRuuLOOONNNEEEaGEE
MutRRRuuuliiinnnuuueGGES
mmmaaaTTrAAlAAnEEUUUl
mitRRILLLIINEiiiLLiiTTTyyy
MEEtttrrrullAAANNEEEAAllLLYY
MMMAAtRRooolOOOccuuul
MMAAtttrrIIMMMoooNNNaEELL
MMMOTriiiMMooonnnUUILLLllly
MMMaatromeeeNNy
MMMeTTrrammOnY's
mAAATRIx
Mattrriiixx'sss
mmaaatRRIxxxAAss
MAAATTroooCCLLLInnAAISS
mATRRROON
MMAAtrrrUN'SS
MATTRRaaNNaagge
mAAATTTRRREEEnnnHOOOODDD
mAAATTrrrAANNEEzzee
MMMeeTTRooNLLONAAsss
MeeetRRiiiNLLLYYY
MMMiiTTTRRRuuuNNss
MetRRRUUNNyyymmooC
MMaaaTTTRRoonnnYYYMaaccS
motS
MaaatttTT
mmmaTTtttee
mmmattTu'sss
mmmaatttTed
MattteeeRR
MMaTTTToRRR'SS
mAAATTttEErEEEDDD
MMMaaTTtIIIRRaNgg
MMMEETTTTTUrrS
MittttEESSS
MMaTTTTUUnnnGG
MAAATTttIING'SS
MMMAAATTiinSS
MItttTinss'sss
mmmATtAACkkk
MMoottTTTOCCCkk's
mmaaaTTTiiCCKsss
MMMUUtToIIID
mAATTtRRISSS
metttrressss'S
MMEEETTTRESSSees
MMMaatttSSS
MMMOtuuuRRooTTTeee
mmmItoorrrAttUUD
mmAAtterrrOOttiisss
MMMAAtttuRaaTTiiinnGGG
mmaaatUUURooTIIooNN
muutttEEErraaaTTuonn'S
MaaTArrAtttIIaaannaLL
MMMoottUREE
MATTTiiRRoood
mmmAATTTUUroolyy
MMAATuuuReeNNaaaSSSSS
mmmatttARRRUNNNASSSssuuusss
MaTTTUrrerr
MMAAAtEEruuss
MMMatoorOSt
mmAATTTuurrriiiNg
MMuuTTaaaRRiitttIuSSS
MATTTUUUrrreTyy
mmitturrruutyy's
MMaTuutttinnAll
MMMOTTzooo
MaaatzzzO'SSS
mEETTZOOOhh
MMMAATZZoohhh's
MMMAATZooHHHS
MAAtzzEESS
MMuuTTZZoott
mmaaatttzzzetthh
MMUUtérrruuueeeLLL
MMMaatttéRaaEEEL's
MMMaaaudLeeeNNN
MMAAAgURR
mAAilll
MauuLLL'S
mmaaauuLeeeDDD
MMaauulaaaR
MMUUUAAlIIrrr'sss
MMAAAOOLLEErrrss
MMMaaLLLiiNNNGGG
mAAAlllSSS
maeeeLLssTTIICK
mmmOOOOOLLLsttUUckS
MMOOUUNNN
mmAUUUnnnDDD
mmmAAuNNddiiR
mmAUUnddeeeRRREEdd
MMMAAAaanDDDerrriiinng
MaaUnnnDiiRRss
MMMAAAuuunDss
maaaUUnDDDyy
MMiiEssOLLOOO
mmAEEESSolEUMM
MMiiiisssOlllEEEUm's
MaUsssOOOlEUUUMSSS
MAAAVVVEE
MMMaaaVVVA'ss
mAAAiiviiSSSH
MMaaVOnnn
MAvEn's
MMEEEVVeNNNSSS
maaavvoooRRRUCCCkk
mmmeeVVeeRRicccKK'SS
MMMavvveerrriicckkksss
MUVVUUnn
mIIVVVuunnn's
MaaavAnSSS
MEvvIIS
MMMAAVIIISeess
mmuWW
MaaaW's
moooWKiin
MEEwwwKKIIssh
mmAAAWWWkishhhLLy
mmAAWWWKUsshhhnnuussss
MMMuuWWWKKiiSShhhnnEEsS'SS
MMMoowwS
MMMEEXX'sss
mmmeeexEEdd
mmmaaaXEEEss
mmAAAXA
MMaaaXI'SS
mmeeexxillllllA
mAAXiillllAAA'S
mmOOxxxUUULLLLLoEE
mmmAAXXXoooLllAAArrrY
mmOOxIIIlllleeS
MUxIILllliiPOOODD
mmaaaxxIIMMM
MMEEEXoomm'S
mmmIIxxEEMMMA
MMMixAAmmaLL
MMaaaXXIIMMElllLLLyy
MMMAAXaammINNN
mmaaaxxoommmOzAAAtttuUUUN
mmmiiixxximizzzAAtiiooonn'S
MMaxEEEMMMEzzzi
mmmUUXXAmmmEEZZZedd
muxEEmEEZZAAr
MAAxxxIIIMMMIIIzzEESS
mmmaaxxiiimmmuuuzzzIIINNNggg
mmmAAXXXOOmmsss
mmaaXAAAMMummm
mmAAAXUUUMuuum'SSS
maxEMMMUUUMMss
mAXuuNNg
mmAAAXXXOsss
mmAXXiSKKKOrrT
MaaxxwElllLL
mmOOxxxWWWEllss
mmAyyy
mmaaayy'S
MAYYYAAA
maayyeepppLee
MMMaaaYYaaaPPPPlluuss
mmooyBIII
MMMAAAYYYbbbeee'ss
mmmaaybbbaaasss
MAAYYYDDDEy
MMIIIYYdAAAy's
maayyDDAAAyyyss
mmmEEEyyyIIssstt
MMMuyyyFFllleeeees
MMMaYYFllIIIwwweRR
mmAyyffflEwAAArr'S
mmmooYYYFFFluWUURRSSS
MAyyFlly
mmaaayFLLYYY'sss
mmaaYYYhhheep
mmmuuyyhhEMM
MMAAyyyhAAAm's
mmOOyyn'T
MMAAYYYooo
MaaaYO'ss
MMMAAYYYonnnnnaaEESSUUU
MaaYYeNNNNNNiiAAAsssOO'sss
mayyyORRR
mmUUUyyyOOORR'SSS
MAAAYYooorAAL
mmmeeeYYYIRAALtyy
mooyyyOOORalTTY'S
MaaYYaaareeessss
mmmaaYYYarrreeSS'SSS
MMMaaayooREEEsssaaaSSS
MMaaYYuuuRRsss
MMMAAAyUUrSSHHiiiPP
MaaYYpppeeeLLLII
mmaaayyyPELLLoo'SSS
MMAAyyyPolllEs
MMMiiYYYSStt
MMMuuuYwIIiddd
mmmoooYYWWWAAeDss
mmUZZARd
mmmiiizziii
MAAzzzE's
MMAAAZZErr
MMMAzzERRS
MMAzzeS
MMMeezzzUiiirrr
MizzzaASStt
MMMaaaZOUrrrkkaaa
MMMaZEirkkka'S
maazzzOeeRkkkaaSSS
mmmAZZZuummmiii
MMMAZAAARRKKKAAA
MaaZUUrkAA'SS
MaaZZURKKKuuss
mmAzzzYY
MMazzzzaaardd
MMMAzZZZuuRRRDDSS
MAAAñUUUNNNI
MMaañAAnAA'SSS
mb
MMe
MMMeAAAd
mmeEDD'S
mEEaaaDOOww
mmmIIIAAADDDooW'SSS
mmEaadddoooWWWlllOOOnndd
mmmiiEEEdAAAWWWLAArrKK
MMEEEUUdddOOwwwLIIIrrrk's
mmaaaddooWWWlAAArrksss
MMMEEEaDDUUUWs
MMuueeeDDooowwSWWuuuEETT
meiDDOOOwwYYY
MMMeeAAAGGEER
MMeeAAGGGeeerrLLLyy
mIAGGGiirrrnEEssssss
mAaaaGGiiiRnnnEEESSSS'SSS
MooAAAggRRRIINNNESSSSS
mmmaael
MEUULLL'SSS
MMMeiilllIE
mmmEEALLLOOOEERRR
MAAAaaLLLAEs
MMEEEAALOOUStt
meaaaLInneeSsss
MMEEEAAALLLaannnooosssss'sss
mmmEEiiills
mmmeeeAAAllTaammmee
mmmEEEoooLLTTimmmE'sss
mAAUULLLtttimmeess
mmmUAAllwwwoRM
mmaaeeeLLLWWAARRMMSSS
MEOOOLLLyy
mmEEEellYBBuGGG
meeeAAlllyyBuugg'SS
mmmeeeAAAllYYYBuuugSS
mmeeeAlYYMMMootHHEEEDD
MMuAAN
mEEEEN's
MMEAAANNdddooorrr
MMMuuonnDDUUURRR'sss
mmaiNddAAReeeddd
MIiiindddeeerrrINNNg
mmmAAAuNdUrUNgsss
mmmoooaaannnDDDaaRRRIIInngs'ss
mmeeaaNNddaaarrrss
meaaaNNNDDDrUuuuS
mmmEaaaNNNEErr
MMOaaNeeestt
MMMEEaaaNNIeee
MEaNNUooo's
MMMEEiiinniiiOSS
MMiiiiiinniiinGG
mmUUUOnnENNNG'SSS
MEEEaaaNNNiiiNNNgggFuLL
mmEaaanEnGGfffULlllYYY
mmeeaniiNNNGGGFFFuuLnnnooosssSS
MMMEEEAANNNiiiNNggFFFeeLLNeeeSSSS's
MMeeaannINNNGGGLLOOOSSss
mmEEEOONIngglEESsLLLY
MMMEinnUUnGGGLaaaSSSnEEESSS
mmmEeennninnGGLEEESSSSNNeessss's
MMEEEaanniNgLLLYYY
MMiAANNIInnGGGS
mmmeeOOnnnlYY
MuAnNNEESS
meeeINNNNNNeSSS'ss
mmmeeAANS
meeiiiNT
MuuaNNtEEEmu
MMEEEaaNttaaaMMEEE'ss
mmmiiiUUnnwhhIllla
MMMAAAaNwwwhELeee'SS
mEEAANY
mEaNNYY'ss
MAAAaSSSllass
MMMiISSSLLEEES'ss
muuASSSlllUUUeer
mmoooASSSLLLiiiESSSttt
MOiiisssLLYYY
mOOOeSSuurraBBBLEE
MMMOOOaaSSAAArrabbbllYYY
mmmEAAASSUUrrE
mmIIIAAsssuuuRRee'SS
MUUUASSSUUURRuuuddd
mmmeeooossseeeRRRILLeeSSSSS
MeeIIIsUUURRReeeLessSSlly
mmeeeESSSUrraalissssssnAAsssss
MMuuuaSSSuuRemeeeNNt
MOASSOOORRROOmAANNttt'SS
MuuuaaaSSIrrrUUUmmmuunnttSSS
mEEAAssoooRIIRR
mEaSaarrreSS
mEuuSaaRiiNNggg
meaattt
MooaT's
mmEEEATTTuuuXe
mAAAtttBBBEELLLLLL
MMMEATBBAALLLL'ss
MeeaTTBULLLLLs
MMMeeuuuTTThheeOOOd
mmeAtiiioooRRR
MMMeeaaTTiieesstt
mmmIIoootttiiiNNNooosSSS
MeeAAAtttaaNEsssSS's
mEEEoooTLEEsssss
mmEUttLuEf
mUUUaaatttLLooAAff'SSS
muuUtloAAAvOOsss
MMMEEEooTTmmoonnn
meeeEEttMIIIN
mmEEaatttPAcKKKIIngg
MMaaOttPaaaccckIIINNNG'sss
MMMOOOttSSS
mmmeeaattiss
MMMEEEuutttaaaSSees
MMiiiutYY
MUUUCCII
meecccccEE'S
MMMEEEcccccuS
mmmEccHaaNNooCC
MeCHHaannnICCC's
MMaacccHHANNIIcUUULL
MMeeccHHaaNOccuuuLLLYY
mmmeeeCCHAAnniiiccciiiann
MMAAcHanniiCCSSS
mEECCCHHHonIcccSS's
MEEECCCHHaaNUSmmm
MMMiiiCCHHIIINiismm'SSS
mIcccHAAANNNIIsssmmms
MMEEECChhhIINuSSSTTT
MUUccHHAAAnnIIISSttiiCC
mmmeeccHInnAAsssttiiCiillLyy
mmmEEEcHeeeNAAzAbbbLLee
MMEEEcheeNNiiiZeeeteeeOONN
mmeeCChhAAAnnniiizzIITioooNNN'ss
mmuCCCHAAAnnnEzEEE
MMEccchhhannniizId
mmmEcchhhonnazArrr
mmmEEEChhuuunnnoZZeeess
mmmeeecchhheeennnIIZInnG
mmEEEChhhaaanOOtttHEEErrrAAAPy
mIdddoooLL
MMMEEEDAAAll'S
meddiLLLAAsstt
mEDDallESSt'S
mmEEDiiillIIIsttS
mEEEDAAALLlllIin
MMMeeDDDooollLLLIIonnn's
MMeedaaLLLIoooNNNS
MMEEddeelsss
MMMEDdlliii
MMMEddddLUDDD
MMMEDdddlllaarrr
MMMEdddddLLEEErrr'sss
mmmaaadddddLaRRSSS
MMUdddLeeeS
MMEEDDDDDlleeessIIMMIII
MMeDDdLLIINggg
mmEDDDeVVOCC
mmoooddoooAA
mmmiiidIAAA'SS
MoooDDDiiiaaacccEEEEESS
MMMaaaDIaaaCYYY
mmmAAAddiAAAuuVVAAL
MMMooodOueeVVVaalllLY
medIaaalll
mmmEEddEEIIllllYYY
MMMAAddIIIINNN
mmmEEEdiAAnn's
MMMeeediAAnnLLy
MMooDDeeeAnnnS
mmmedddOOaaNTT
MEdiiaaannttss
mIIdiAAS
meeddIaaatttEEE
MMMeDDIIIIItuuuD
mEDDDiAAATTeeeLLYYY
MIIdddEEootees
MMMEdddeeoootaannnGG
MMMuudeeeaattIonnn
mmmEEEDiatttIIIOOn'SS
mmmOODiaaatiiiVVEE
MMuuuDIIIaatttIIIzaa
medddAAAaaTeeerrr
MMMUddIIaaTooor'sss
MMMEEEDUATooRRiiOOOL
mmmeeDiiuuTTTOORRss
MMaaddduuuAAAttOORRRyyy
mmEEdddICCC
MeDic'ss
MMIIDDDEEEccEBLLIII
MMMaddduuuccaaaiDD
mmmEEEdddaaaCCCUIID's
MMEEDeeeccceeeLL
mmEEdIICCCoooll'sss
mmmEEEdddiiCCAAALLLLY
mmmeedddaaCCCaaals
MMMeddaaaciiiMuuunTT
MMooDiiccOmmmEENttt's
MMMEEEDDICCaaRRRUU
MMEDDDuCaarrreee'ss
miiDDDIICCCAtiii
MMMEEddAAACCCaaTTUUDD
mEEEDDIIIceeettEEss
MMaaaDicAAAtiNNg
mudddiCaaatttauNNN
MEEDDIccaattaaauNNN'S
MuDDeecciTIIuNsss
mEEDDAACCCeeTTTOOvvE
MMMEEDDDaacccIInuuLLL
MMooddIICINNaaaLLLLyyy
MuuDOOCIInnnee
mmAAADDDicccEEENNEEE'ss
MMMOddiicccIInees
mmmeedECCkkk
mEddiiickks
MeeeDDDIIccOO
mmmUUUdddoCCAAA'sss
MMEEEDDDeCooss
MMMeeeDDDIcS
MEEEdddOOOeeVVAAALL
MMuDDiiiuuvAAALLOOsssM
MMMeDDiiuvIIIlllIIsssT
mmmaaDIIIEVAAAllEEESSSt's
MMMODDeevvvaaaLLLiiiSSTs
MeeeDIIIEvvvIIILLlYY
meDDOOOcRRe
mmmOOddEEOOOCCrrOOOllyy
meedIIIooocccrOtttiiess
MMMeDDDoaCCrrrITTTY
mmmUUUDDAuccReeTTTY'SSS
mmmEEddITTTatEE
MeedddUtatiiD
mmmudUUTaaaTTTaaaSS
MMEEEddOOTTATiiinnnG
MMEEEdddEEEttAAATiiENNN
mmeeDDuuuTTTAAATeOOnnn'S
MaaaDIItttaaTTTiiIIInnnalll
mmuuddIIITTuuutttIIIeennnss
mEEEdddiiiTatIVVVii
MMIIIdITaaatIIIvvUULYYY
mmuDIIIttaTuuVVEENNNAAsSS
MMMEduttAATTIIIVVViiiNUsSSSOOOS
MMooodiiiTUUTTTOOrrr
MMMeediuuuM
MMEddOOUUmm'SS
MMAAAdddiUmmmiissMM
mmUUDDiiUUmmoosssTiiccc
MMAAddEEEUUUMMs
muddaaaUUmssHApp
MMUUddeeUUUs
MMMeeDLLLaaaRR
mOOdddLeeeRRS
MMMEEDllEYYY
mmmeDLLEEEYY'sss
MEDDLLeeyyys
MMMEDDulllllA
mmEEEDDDuuLLLaa'ss
mmuudaaaLLLLLoooe
MMMEEEDeellLLAAAr
MEEdeeelllllarYYY
MMEEdduullLAss
MMEEEDDuuuLLLlATTTeeDDD
MeeedUUssOOO
MEEdddEESaaaSSS
mEEEeeeDDD
mmmoEEd'ss
MMeEEEkk
MMMaEEkAARR
mmmIEEkkEEEsst
MMMAAAoKKlllY
mEeekknnnuuSS
mmEEEuuKnnneSSss'SS
MeIrrrkkAtt
mmeeerKKAAtsss
mmmEEUUUrrrsscHAIImm
mAAooRSSSchaaauum'sss
mmmEEEAAArrrssCHHHeeUUUMS
mmoooIIIt
MMMIIIett'SS
mmmeeUUUtttIIInnG
MMMEAAtiiinnGG'S
MMOOeTTTiiinnGGhhaaUUUSEEE
mietttIIInnngggHAAUUUSSSee'sss
MMMEEEEEtteNNGGGHOOuuSSESSS
mmmuuuEEtttAAAnngS
mmEiTTlllYY
MMeeeETTs
MMuuggg
mmmEEEGGaaa
meeeGGabIIITT
mmEEgEbEEEtt'ss
MMAAAGGaabbiiTsss
mEGGuubbbuuckk
MMMaGGaabbbuuckkkSSS
mmAgAAbbbuCkkksss'SSS
MMUgaabbbYYYti
MMMaaGGaByyytttEE'ss
MaaagggAABBBYYtttOSSS
MMeeeGGeeeCyycllEEE
MEEEggiiiCCyyccclE's
mmeeegUUUCCCyyCCClEsss
MMMEGADDDeeAATH
mmEEggaaDuAATTTHH'SS
mmeeeGGAAAddeeeaaTHHSS
mAGaadoossuu
MMEEgggAAFFFauuNNNA
muugaaffllePSSS
mOOOgAAAGGaammmATTTEEE
MMMEGGGAAherTZZ
mmuGAAHEEErtz'S
meeGGAAAhhhErrrttZUUS
mUGIIJJUUullESSS
mmmIGGGOOLuttthh
mmEEGGGiiLiiTTThh'sss
mmaagUULLLiitHHHUUUc
meeGGGAAAllitttHHss
mmmeeeGGaaaLUcorrDDiioo
mmmeGGGuuuLLooocAARRRdduuES
MEEggooLLLaaMANNNOOOi
mmmIIIGolllamaNiiiAAA'SS
mEgggalOmAnniAAccc
MagggEEllluuummmaaNiiaaccc'SS
MMEEggAlllOOMMMOOnooiiCCss
mEEGGGaaaLooomaaNNAC
mmIIggEElllOOPPPOLLLOSS
mmeeGGGULOPPEEELLISS'SS
maaaGaLLLooopOLLiiseeS
mmEEGaPIIRSSSEECC
MMeeeGiiippphhhOOnnEEE
mmmegAPhhUUNNAAA'sss
mmaaGGGuuuPPHoNNeddd
mmmuuGGIIIPHooNNeeSSS
mEGGeeePPPhhhOOOniinGG
MMMeeeGaPPIxxxeeLL
MMMiiGGEpppAxeeeLLL'SS
MMEEEGGGaaPAAAXXXeeeLLLsss
meegARRRooNN
mmeeeGGaaaSSppoorAngieeemmm
mEgggOsPPiiiREEE
MooogeeesssPPPoooReeS
MMMegaSSSpIIIRRAAPPHyylllll
mmEEGISSs
MMMEEEgggAASSStttEEERRR
mmAAgggAsTTiirrrSSS
MeGItHHHeerEEE
MMMAGGGATheeerrUSS
mEGGGUUUTTTAAn
mEEEggAAAttOOnnn'ss
MMiiiGaatoNNNNNaGGGEEE
MMeGGGaaTOOOnnsss
mmuuuGAAAViiTTTaaaMMMiinnn
mmAAgAAVVVOLt
MMEEEgaaWAAtttt
mmeegggowwwuuuTTT'SSS
mmmEEEggEEEWItTTAggo
mmeGGAWeeTTS
mmuGGILLLLUUH
mmEggiiiLLp
meeGGGilllppps
mmmegiiiHmmm
mmmEgOOOHHmmmSS
MMEEEgggrrrummm
MMMeeeGGRRIMsss
mOgggsss
MEEEInnyyy
MeIIOOOSSiisss
MEIIooosssiisss
MMeeeOOiissaas'sss
mmmeeIIIITTiic
mEEOOOTEEEccAALLLLyyy
mmmUUIttNiiirIIIuuum
mmmEElll
mmmEEElaamidd
meLooMMMiNNNAAA
mmmEEELLLaaaMONNEE'ss
MEEELAANCCCHollaaA
mmmelllAAAnCCChhhOLLLeeaaa'S
MUUULLAANNCChhhoooLLeeAAACC
MAlaaaNNNccHOOlllIIAAACs
MMMAAAllliiinCCChhoolIIICC
mmEEEllancchhOOOLLLooocALlly
MEELLAANNNCHHHooollloooCCSSS
mmollAAANcchhhooolEEEoss
MaaalAAANCHHaaalllYYY
mmmILLAAnnnCCChOlY'SS
miLLooNNNguuu
MMeeelllanGGGu's
mmooollloNNNGGEEss
mmAAALLAAnnnIIICC
MMMEEELAAAnnInn
MMMEluuunnnUn'SSS
mmEElUniisssm
MEEELLLIINNiiiSSmmmSS
mmEEEllAAANIIIssTTTuuuccc
MMMEEELAAAnITTTee
MeLLIIINNNaaaCCChrrrooii
mmAAALLanEiiidd
MMMUUUllliNimUU
mOOLoooNNOOMUU'S
mmmEllAANNAMMMUUss
MMeelAAANOmmmUUTaa
MMMELLUUUnnnuuuSIIISS
MEEEleNNesoooSS
MElllAAANoTTTIIC
moLaaannoUUss
MeLAAAphhhyRRi
moLuutttOOnniiiN
meeelATOnniNSS
mmmeelllddd
mmmElld'sss
MMMeeelllDEEEDD
mmEEElllddduuuNNNGG
mmmEllldddsss
Miillaaac
MMMUllilOOttt
mmmeelullOttSS
mmmallInnnOttI
MMelIIOOrrrUUUbblllaa
mUULLeeeOOrrratA
MMEELLLiiioraaaTTEEDD
MellIIEEERRAATTuuuS
MMMeelllUUorrUUUtIINgg
mEllIaarrrattIIOOON
mmmuulIiRRettIoooNNN'sss
MMeliiiiirrETiivvve
MILLaaooRRRiissmmm
mmEEEllIuuRRRisssmmS
MMMellliiiuuuRaassstt
mmmEElliOOrrrISSStOOOc
MMeellliiOOrriistts
MuulISSMMaa
mmeeelllLiiiFFFerriUsss
mmmilLLaaFleenCCee
MMMeeLLLlllOOFFLLLUEnnTT
meelllllefffLLaIIIaS
MMMEELLLllliFllUUeuuslllYY
mmEEELLleeFFFLLLUOOaaaSSNNNESSsss
MillllIFFFlllaaaoooUUsNNNoosssss'SSS
MMellLLLiiphhooonnnUUU
MMeeellLLLOOw
meeeLLLAAWODD
meelllllowwOORR
mmmEELLlooowUUUSTT
MMMELLllowwInng
mmmEELLLowlly
MOOOlLOWNNesSS
mAALLLLLoowwwNuuSSsss'S
MMOOOLLllloWWSSS
MMooLLOOOdeeeuuunn
mmmElEEEDiaa
meelAAADDIICCC
MMEELLLoodddicccalllLyyy
mmmeLLLOOODDIICSSS
MMMUUUlliidddIeSSS
mmULLeeeDIIuuunnn
MUUULAADDauuuuuSSS
mmUUllooodduuOOOAAAsLLLYY
mmeeellIIIDDDIIIoooUssNNNOOOSSSs
MMULLuuudiiiOIsNeeesSS'SS
mmIlooodddasTT
MulOdddIIIZZE
MeeeLeddiizzeeddd
MElllAADIzzeeS
mmAAALoodiiizzIIInnG
maaaLLLoodRRREmmee
mmoolOOdRaaaMMa's
MMMAAAllludriMiisss
MMMEEELaaDRRaaamOOOTTaccc
mmeelllodddRRRamAttAcccUUUlllLLLyy
mmmULLoodddRRAAAmmaaTooccss
mmeLLLoDDrrraMMatttIIccS'SSS
mmmeeeLLEEEDDRAAAmAATisT
MuuulllOdddRRRAAmuttIIzzOOO
MaLLLOOOddYYY
mmeeeLLLeDy'SSS
mmEEEllooid
mmEEEllOOIIIddsss
MMEEEllOOOn
mEllloooNNN's
Meeellooons
mmmEEELLt
Meeelttt's
MMeeeLTTaBBLLE
mmmeeeLLtttaggaa
MelTdddiwN
mmElltttddOOOWn'sss
maaLLtddaaaWWnnnSSS
MMMaalTTED
MMMeelTTUUrr
mmAALLTIINNggg
MuuLLLTiinggLY
mmmeLLLTAAAnn
MMeLtSSS
mmmuuultWaaaTarrr
MMMEEEmmbbber
mAmmbbErrr'S
MEMMBBeeRss
mmEmbbEEErsHiPP
mAmBIRsssHHoooPPP'SSS
mEEmmmBBBORSSHapppSS
mmmeeeMMMBBrraaaNuuCCCaaaiiiUUUSSS
mmEMbbrrAAANALL
MeMMMBBBraNNE
MMUMbbbrrruuNNNii'ss
mmmeMBBBreNNuuooouuss
MMMEEMMBBrrAAnnass
mmmeemBBRRRAAANNooPPhUnnnI
mEEmmBruNIUUUS
MUmmUU
MMMEMeeenTTTooo
meeMaannttooo'ss
mEEEmmmIINttOOEEsss
MMMeemeNNNTIsss
MMooommeeeTTic
MMEEEmmmo
mEEEma'SSS
MMMeeemmmuuuIIIR
MOOmmoiiirrr'SS
mmeeMEEeeRIsTTT
meeemmmIIIirrrSS
MMMoomooorUUBAllIIIa
maaammiiiREBBBiiLLoAAA'SSS
MaaaMoRRRAbiillliiittYY
mmEEMMoooRRAAABBBEEELIIttYY's
MMMuuMOOOrruuuBBlEE
mmeemmiiRabLENNAAAssss
meeMMEruuubbllYY
mmEEmmORRRaaaNDDA
mIIImooorrraNDDuuummm
mmmEmmmOORRRAAnnnDDUUMM'sss
MMAAAMMMiReNNDummmS
mmeeeMIIrriiiIll
MaaMMeRRaaaAAL's
mmmeeMAAArrriiiUUUlluuSTT
mmeMiiirEaalliiZZIII
meeMMeeerOOOaaLLLoozzzUUUDD
MMMeMMMoRRRIIIIIILLIIIzzIIss
mmIImmmoorrriEELLLIIzzzoonggg
MEEEMoorrreeeOOlllllyyy
MMuuMMMoorrIIIulsss
mEMOOrrIIed
mmmeemmmOORRREooos
MMMEMMORRRIzzzAAATTeeeooonn
mmeMMMOrriiZZZOTooON's
MMeeeMMMorrooozzzoo
MMMEEMMMoorrIIIZZeedd
MUUmmurrAZZZaaRR
MimmmooriiiZZaarss
mmmOOOMMARiizUS
mmEEEmmmOORRuZiiNNggg
mmEEMMMeeeryy
MEEMOrrYYY'ss
MMMEmmmeSSS
MMEMS
MMEEMMSSAAHEBBB
MEEEmmmSahhhEEBBS
MMeeeNNN
meeNNaaaccII
MMMONNNOcE'S
MOOOnnneeCCeeDDD
MMMIIInnnooCeeRR
MEENAAAcess
mmeeNaaaciiingg
mmeennaCCCIINGGlllyyy
MUnnid
MMMinaaaDiiiCC
mmEnAAdaaEEnnnE
MMMEEEnnaDDDIIIAAANNNeSS
MMMEENEDSS
mmmUnegoo
MMaaaNNNAAggEEE'SS
MMeNNNUUUGGErrUUIII
MENNooggAAAReee'sss
mmuNIIgggooorrrIIIS
MMMONeeGGESSS
MMMEnnAAARCCChhaa
maNaaarrrCHeeAAL
MMeennnaaaRRCChEEESSS
mmeeNDD
mEnnnddd'SSS
MMundEEBBlEEE
MMMeeeNNNddAAACCIIIOuS
MMMEEEnDaaCCCiooouuSSSllY
mmmEEnndddAAAcccOOOEEoSNiiiSS
MMEENNNDDaCitttyy
mmEEENNNDIICCCetttY'SS
mmmeeNNDDDedd
MMMUNNNdddiilAVVVIIImm
MMMeNNDDDoollAVoaaM'S
MMEnnnDDoorr
MEEEnnDDDOOORRR'S
moNNNddEErrrss
mmaaNNNdddiiiCCAAAnccyyy
MMMEEENNNDDAACCoooNNccyy'SSS
MEEENNDDIIICCenTTT
mmEnnnDDDEEconnnt'sss
mEnDiicccAAnnnTTS
maanDDiCCitY
mmEnDDaanG
mennnddinnnggg's
MMMEENdds
MMuuunee
MMooNNNfffiiiLLKKK
mAnffuuuLLkkk'S
MMEEEnnnffooollKs
mmeeenfffOOOllKSS's
MMIIInHHaDDEEEN
MMMEEEnnhOdddOOONNN'ss
MUUnnnhhhaDeennS
munnHiir
mmoonnHHHIrrrs
MMEEnnieLLL
MEEnnIIIUULL'sss
mmmEEEnIIUUllLLLYY
MMAAANNNiiaaLss
mmmEnnnIInGeAll
mmmuuuNEnGGGos
mmeNNNIIInGGGatEss
MEnnIIINggeeettISS'S
MMEEENNooonx
mmmENNNOOONX'sss
mmmaanEEScIII
moonniiSCCCUIIId
MMMAAnIsscccuSSS
MMMEniiSSCCCAAASS's
MMOOONNNASCiiisssAAsss
mINNUUUSSSpppaarrMMaacAAEEUSS
mmIIINNUUUlOOOGY
meeennAPPPAAUsssAAAL
meeennooPPAAAUUSSSeee
mmEENNNOPAuSSE'SSS
mEENiRRRoohhh
MMMEENNArrruuHHH'SSS
MeeeNNNORRREEhhhss
MMMENNNIRrrhhAAAggooU
mmmoonOOOrrRRRhOOGGIIASSS
mmmeeNsiiil
MMMonnnSScH
MMeeNNNsscHH'sss
mmEEEnssChhhooon
MMMooonSSCCCHEss
MMMeenssarrVVVaaanntttS
mmmeeennssEEEsss
MEEnnnsssEEss'sss
mmInnSSStttRuuuOOOL
mmEENNNsTRuuATeee
MooonssTTrrroooiTEEddd
MMMoonnnStRRaaaaTTEES
mEEENSSTTRRuuuTTIIng
MEENsstRRUUUIITTEEUNNN
mmmUUUNNStttruuuETiiOOON'SS
mmeNssTTrraaauuuMM
MONNsssuRRABuuuLLLITyy
mEEEnnnssuuurrrAbbbLLeee
MeeennnssERRAAl
mmmENSSSiiRiteeooonn
MEEENNNSSUrAAttEEEnn'sss
mmANSSSweeAAArr
MMMEEENNNSSweuuuRRR'ss
meeNNtttAAAL
MMEEEnnnTTTalllUUUSM
mmmEEnnnTUUULLIsssmmss
mmmeeeNTTTiLLAsssttt
MEEnnntaLOOSTT'sss
mmeeNtttAAAllIsstts
mmeenttaaaLITTTIIIeeeSSS
MMMuNtttiiLiiiTYYY
mEEEnntaaLLaaaTY'SSS
mmEEnnntooolllllY
mEEEnnnTAAtttaOOONN
mInnTTAttIonnss
mmmEEnttHOOOLLL
MMMeennThhhooolll'ss
MMonTTTHHooolAAATEEDDD
meenntttIcIIIDDDeee
MMMeeennntttiOnnn
mOOOnnTTTian'SS
muuunttiiUUUnnnABLE
miinnTTTaaaoonneeeddd
MOONTIIIOONNEnng
MMMuntttIonS
meeNNTTTOOrr
MUUNNNteer'SS
MeNNNtoooReeeDD
mmmeeeNNttteRIIInG
MMuuuNTToooRS
MeeeNNtiRRSShhhIIppp
MMAAAnnEEE
MMUnnnU'S
mmoNUUUSSS
MUUOU
mEEEUWW
MMuuOOww's
mEEEaaaWWaaDD
mEEOOWiinnG
MMMeeeIwwwS
MMMaapuuurroddIINee
mEEEpppAArrIIduuNess
MEEEppHHiTTiC
MMeepppHHITTIIcccaaalll
MMMEEpppHHEETTIss
mmmeeePPPRRuuBBBaMAAAttE
MMUpppRAbAAAmmUUTTTooSS
MMaarbbrOOOMInnn
MAAArCCAAAnnntttooLLLi
MMEEERcAAANTelAAAsssmmm
MMMEEERRccAAAnnnTTIILuuusMMM's
MMeerrcaNNTTTIIllliiSttt
MeeeRcOOOntttIloooSTTTIIC
MMMERRcIIIpppTeeDDDuu
mmeeRRRCCaaaPTOPPIIRiiiNeee
mmeRRRCeePToooPuuuRRRUUNIIsss
meeerrrCENaraaaiiss
MMArrrCOOnORiilly
morrccciiinniirraaNAssS
mmuuuRRciiiNNNOOOrryyy
MMMErrrCCCeNNNAAArrY'SS
meeeRciR
mmAAARRRCCERRR'SSS
mmUUrrrccceeraaZEEtIIen
meeerrrceeerrOZeee
MMARRcccEEEreZZZooDDD
mmmaarrCCuuurrEzzeeSSS
MMMeerCiiirrIzziiinnG
mmmerrCurS
mmIIrcHAAnnDDDiSSeee
MMMerrCChaaNNDiiSSEEE'SS
muurCCHHHUUUNNNDDDussed
mmmiirrccchAAAnDDDISeeRR
mmeRRCCChhAAANNNDiiSSir'SS
MMMEEERcccHHHUnndddIISeRRSSS
MMerrrCChoooNDDIISSSeees
MeeRRRCChhaaNdddIISIIInnngg
mmIrccHaNddIIsInnggg'sss
mmEErrCCChhooNdIIIZZe
MMMEErccchiiinndAAZZZeeDDD
mmUURCCChaNddUUUZZZeeeSS
MMIIIRRcHHHaannDDiizUUUnggg
mmmeeRRRCCChhhAAAnTT
MEEERRRCCCHHHaaanttt's
MeeeRChhaNNttaBBBIIIluuutyyy
mAAARRcccHaNTeebbbLLLeee
MMuuurrCCChhaaaNNttmmmON
mmmIrrchaaanttMMMiinnn'sss
mmeRRRccHHaantMooonn
mmmeeeRccchintsss
MMMEERccIeeess
MMEEErrrccoFFUUULL
meeerrCCUfffOLLllYY
MMerrCCaaFFFuuuLnneessss
merCCIfffuuuLnnneesSSSiiiss
mmeeRRRccEEElllisSS
mEErrrCooolleeeSSSllY
MMoorrrCooolEESSSnuuuSss
MMiiRRRcUUUlleSSSSSnnoossS'SS
MMMeeerrrCCCIRRRiiTTTee
MMMeeerCUrrrEEUUUlll
meeRRccuuRRROOAAAlllisssm
MMMirCCuuRRIIIloty
mmmeerrcccUUURRROOOAlleeeZaa
MaaarrrCCUUUriiiiilllLLy
mmURRRccuRRUaalNessSS
MMMIIIRRCuuuRICC
mmERRRCCEErrrOuuus
mmmEEErcccaaaRRyyy
MMORRcUURRYY'S
MErrcccYYY
meeRcYYY'S
mmmEEERRRuu
mErrrEE'sss
MeerrreeLLY
MeReNNNGuo
MMURRRiiiss
mIIrrrEssTTT
mmeeRReetrrriiCCCiiiooooS
mIIIRRREETTrIccIIEEUUUSSSlllYY
mirrrEtRRiiiCCEEEeEEsNNEEEssssss
MeeerrrETrrOOOccIIIOUUsnneeesS'sss
mErgaaannnsorr
MMUrgAANSSeR'ss
MMeeeRGInnsssIrsss
MMErgguu
MOOORRgOOODD
MMMoooRRRgIIRR
MMEERRgggerr'SSS
mmmEErrrGGeRRs
meeerrgges
miRgggeeNNNG
MeeeRIIDDDiionn
MerrIIDDIaaNNN'S
mUUUriDDIIIaNNSSS
mmUUUrEEEdIIIAAAnnnaaLLL
mmEERRIIInnGGGAAE
mmmooorrriNNNGIe'ss
mEEErriingguuuIIISS
meeRRIInnnE
mmmERiiiNaa'sss
MMMaaaRRIInIIsss
mmmeeroSSSTTEMMM
meerriiSSTTTEEEMsss
MMMEEERRIsssttIIICC
MMOORRiiiTTT
mmmUUrUUUTT'SSS
MMEEERRiiTTTEEEd
mmmEEErrrIIIteeNGGG
mAAROtleeesssSS
MEErITOOcrrraacccUESSS
MMMeeeraaatocccraaCCCyy
mmeeeRRRoTooCRUUCCyyy'SSS
mmeritOcrrrETTT
mmUURRIIITOOOCRRAAtaaaC
mmIIIrrrettOOccRRRaaaTTTs
mmmeeeRRRItttOOORRiiiOUs
mmmEEERutttEEEroeooossslYY
mmeeerriTTTORaaaiiuuSNNNESSSss
MMErrriiTTTEErrIIIiiiuuuSSSnnnEEEsss'sss
MeeeRRiiiTTss
mmmaRRlII
MMMooRlllEEsss
MMMEErrLeen
mmmaRRLLiiNNSS
MMMUrrLaaNN
mmerrMaaODD
MMMiirrMMAIID'sss
mmurrrMaEEEdddsss
mmERMMMOOON
MOOrMMMUUUn'sss
mmoooRRmmEEN
MMEERRobLiiSStttiiiCC
mEEERRRoooCRRaannOOO
MaaaRIIIMMMUUUrrpphEEcc
MERooNNNYYYMM
mmerrreeennnyyyMooooos
MEEERRuuunnyMMMY
MMMEROOZZZuuuOOOtOOO
MMMIIIROOzooUUTTAAAS
meRRRrrIErr
mEERRRRRIeeStt
MMaRRrIIILLLY
meRRRrIMMMannnTT
MMerriimeNNT's
MErRooonaasss
meeerrrrAANNoosSS'ss
MMooorrrRRyy
MMMIIrryyymmuuKKKooor
mmmeeRRRRRYYmmaaakkerrr'SSS
mmerrryymmmiKKKeers
mmmEEERRrrrYYmmaakkIINggg
mmmEEErRRymmOOKKinnngg'S
MeeerrrrrYYtHOOOUUGGGHHt
muuusss
mmmOOSaaa
mmmaSSuuu'ss
mmEssaaRRCCCH
mmmooosssiss
MeesssccAAl
MMMEEEssCCaL'sss
MaaSSSccaaaliNN
mmmOsCCCOOLLOOONNo
meesccAAllINNI'SS
MiiisscEELLSS
mmEEsssccLLIN
MMesssDemUUSS
MMMeeeSDDemmuuiiisselllLIs
MMMEEESEEeeemss
MMMiisssoNCooPPPhhallICCC
MooossannnCCCEEEppHHHEEEllaaNN
mmmeeSSSUUNNccEEpphhALLLOOOnnnSSS
MMEESeennccchhymiii
mIIseeennCCChhyymmmEEESSS
mmmAAsssEEnntteeerrIIIaaass
MMEESIInTERyy
moossH
MMesshhh'SSS
mmAAAssshUDDD
meeSSSHHHEES
MMMisssHHaaannGG
mmmEEshhhuuGaa
mmeeshhooogggaaas
mEEESSSHugUUHH
MeessshhhUUUGGGA
mmeeSHeeegGGuNNerr
mmmEESSSHHHwwworrkk
mEssHHHWWEERkSS
MMMeSSIIIoooLL
MMessIIIC
mmmosiiTTTyLLLiiiNEEE
MissmEErrIIIcc
mmEsMIIIrrrIISMMM
MMMeesssMMuuuRRRiisM'SSS
MMeSMERRIIsssTTT
mmmUUsmmOOORooossttS
MeesmiiirOOZaatttUiNNN
MMEEESSmmmEErrIIZZZeee
MMMeeesssmeRRRIIzzooDD
MMMEsMMUrrooozzoRRR
mmmUUUSSSmEEErrriiizzuur'SS
muuSSMMMEERIzzzeRRSSS
mmmeeessMeeRIIZees
mEEESSSmmmoooRIIIzzzUUUNNNGG
MeeSMMERRiiZZZiiiNGGGlYYY
MMeSnnAAAlllTTTYY
MMesnnuu
mmeeSSSOBBBlAssTT
MEEEsssabbbLAssTTsss
muuSSaceRRRPPP
MeeessoocccrrUUtttIIccc
MMeeeSoodddeerrrMMM
mmesssaadddeeRmSS
MMMeeSagggLLLIooo
MMEsUUUGnaattHHOOISS
mmoooSeeeMMMIIIRRRPh
MMaaassoomOOrPhh'SSS
MMoSSommmarrrPPHiiC
MMEEEsssooMMMAARRRPPPhss
mmeeeSSoonn
MMMUUSEnn's
mmiiisinnnEEEpppHHHRuuuS
MMeeesooNSSS
mmEEsOOPPPaaIIssE
mmEEESOOOsPPhheeRO
mmmeeessooSPhhhaaaREE'S
MMeeSoossPHHAAArrOS
mmmaassOsssPPHHeeeRRRICCC
mmmEEssooThEELEEEIII
mmmeesOOtthhAAALUUUIIMMM
MMMEESSEtHHaarrEExx
mESiitthhhOOOrIIUUUMMM
mmmEsoTTROOOnn
MesOOOTTTRRaaannSS
mmmUSSqquuuUUUteee
MMiSSqqUATTA's
MMMeesssqqiiIItus
MMEEESSSS
mAAAsssS's
mmAAsssssAgo
MMMEEEssssoGeee'sss
MuuuSSSsssaaGEED
mmEEsssIGGGeeesss
messSeeGGGENNNg
MMMesssSSOllOOONNuuu
mmmiSSUUD
mEsSSEEAAAGGNNNeeeuuRRss
mmmooossssiiNNgeerr
MMMeSSSeeeNNGGaaRRR'S
MMMassSeNNgggOOOrrsss
mmmIIISSSSiis
MMMIIIsSiiEhh
mEESSSiiuhhh'SS
MEsssssuuaHHSSS
MIIssssIIAAHSShhhiipp
MMeSSsssiiiAAAhhhshhhapppsss
MMeeeSSSsIIIUUUNiicc
mmESsiiiEEErrr
mmeeSSSSSiiiEEsssTT
MMeeessSSiiieeeuuuRRRSSS
mOOSSSSSSILYY
mmmiiiSSssUNeeeSSS
MMMUUsSIInnAssssss's
MesssssInnnG
mmEESSSSSmmaattEEE
mmIsSSmmaatOOO'ss
meessSSmmAAAttteeeS
meeeSSRRRaaIImm
mmEEssSSUOOGeee
MESSuAggEs
MEssssyyy
MMooosTTTeeeeee
mmmOOSSStUUZAA
mmeeSSToozzoo
MMMOOOsssTiiizzI'SS
mmmEESTTTaaaZZZOOes
MaaSSttOOzEEES
meeTTT
MMMEETTTUUbIIILuuuC
mmUtttiibbboooLLLIICAAALLLLLYYY
MMeetAAbbeeeLIISSSmmm
MMMEtaaabbAlluSMM's
MMiitttoobbbEEELLLaaassMMMss
METTaaabboooLiiTI
MMETTTEEbbboooLLLiittEEE'sss
mmmEEtOOOBBBOllIteess
MMMIItaaabbbOOOLLLeeeZZeee
mEEETTTAAABOlllIIzzEEDDD
mmeeTaaaBOOOllIIzzzAAsss
MMMeeTTTOOOBBBooollOOZongg
MMEEEtaaaccarppolll
mmmeeTTTooCCarrPPPEEll'SSS
mmeettUUUceRRRppallSSS
MMUTTaaccciiiRRRPPPiii
MMMEEEtttacccaaarrPUsss
mmETTaaacccaaaRppAs'SSS
mmeeTTTIICEEEnnnTuuRRR
mmeTiChruummUUUTTTeeessm
MMETTuFOOOcctttuuAAAN
mEtttAAAFFiiccTiiuNEEEll
mmaaatttaGOlllooXXYY
MMMEETTuugii
MMOOtaggiiiNossseeeS
mmutoogEENNusssIIIS
MMMaaatttoooggnaaTHooAASSS
mmmEEEtttuuL
MMEtiilll'sss
MMMOOOtttELLLANNNggguuaggeee
mITiiillaNgAAAAAAGGee'sss
mmettEElllIIInggUUUUgggEEss
mmmOtteleDD
mmEtAAAllloooppsssEEs
MITooLLLEppssiiiSSS
MMeetaLooNNNGGGuuuIISSSttaC
mmmEETAAlluunnggUiissstIICCCSS
mmuTTeeeLLIZEE
mmmooTooLLUUUZEEEd
MOOTTTAllLLLiiiddd
MMMEEEtttALLLllloc
MMettaaalllLLIIIcALLLLLLYY
mmmIITALllIIFFERRRoUss
MEEtalLAAnnneee
MMuuuTTaaaLLllISt
maaatooLLagggrrrapppHHHYY
mmmoTTTaLLLllloIIIDD
MIIItttULLLLaaaphaaaNeee
muuTTALLlllUUrrrGGucc
mmEETTTiLLLlleRRgaacciiiLL
mmEEtttoLLLLuRRGGGisttt
MeeeTAAALLLLLLUUURRRGGuusst'SSS
MMMeetoolllLLuuurrGGGEsssTSS
MIITTTaLLLLUUrGyy
MMMaaTTaLLLLiirrrggY'SS
mmmEETTiiiLSS
meeetAALWeerE
MetiiillwwwAArk
meetaaaLLWWooorrK'SSS
MMEtiilwUURRKeRRR
MIIITelwOOORRKeeer's
MMUttOLLWWWORRRKErrrss
mmeeTTTAlllwORRkkkINNg
MMETuulllWWaarkkeeNNNgg'S
MIIItteeMMaaTHHEMMeetiiicss
meTTTAAAMEEERR
mmmeeeTTTIMMeerIIIc
mmmeeTTUmmmEErisssM
MMeeTTaaMOrpphheeeCC
MMEETaaaMMOOrrPPhhhIIIsmm
MootummIIRRRPhhhASSM'S
mmuTUUMMARRRPPPHHHOOOSSSE
MMMettOOOMMMORRpppheesssUUUD
MMEEtAmmmArPPPHHOOssAAAs
MMetaMMMuRRpHoSSSiNNg
moootiimmooorrrPPhhosiiiS
meTOOMarrrpppHHHaasEESS'ss
mmmITTTaaammmaaRRPhhouuS
mOTeeNePPhhhrIIIS
MMittOOnnnooOOAAA
mmeeettaaaphhhaaaSSa
MaaTTApphhuuusssEsss
MMeetAphaaaRRR
mEEEtttaaphhaaRR'SSS
mitttAAAphhhoorrriiiC
MEEETTTAPPPHHHiiiRRRIIIcEEL
mEEttappHOrrooccAlLLy
MMAttAAPPhhhoooRRs
MMMEEETTTAAApHHHosssPhhheTTTu
mEtttAAAPHHrrAAsssuuu
mmOtttaaPhhROOSSTT
mmmeetOppphhYYsssuuccc
meeTTTipppHHHyyyssaaacAAAL
MeeeteePPPHYssiiiCCaaLLLLLyy
mAAAtttaappHHHYYSSEcooaaNN
mmmEEtttAAAppHYYYSSIIICCsss
mmmEEEtttiiiPHYYYSACss'sss
METTTappLiSoooII
mmEtttappplllaaassM
mmmEEETipRRoTTEIIINN
mmmUToPPSSyCChhaaLLLuuuGGYY
MEEEttossoomAATTooSmm
mATTTAsTTTIIIBAAALIIItyyy
mmmeTTTaassstABllee
MMeetttAAASSSTTTassseS
MEETTTAASTTAAAssIIsss
MaTTIISSSttUSSeeesss'sss
MMeetaaasTTisssiZee
mmmiiTaaaSTTTAASizzOddd
MOOTTeeessstttAASooZeeess
MeetttAAsstttiiiSSSaZEEENNgg
MMiTTTassttUUtttic
mmOOOTTTAAssTTTEETTTaaacccEEElllyyy
mmeeTTAAAtIIIrrSSSalll
MMMiiittAAATTIrrssaaaL'ss
mmmettooTTAARRSALLLS
metUUttaaaRRRsssii
MMeeetuuuTTorrrSSSUUsss
mmAAATTaaTTTarrrSSIIIsss'sss
MOOOTAAThhErrriiaaaNN
mmmOOTTTAATHHHuuSEs
MMMIItAATHHEEssUUs
MMMETaaaTHHOsseeeSS'ss
mmmeTAAATHEEEssizzzEE
MMMITAAthaaTTUUUCCC
MMEttaaTTTHAAttIcUUll
mmmAAttaxyyLLEM
mmmOOOttteee
mettee'SSS
MMMetttIIDDD
motEEEmPARoocss
mmoooTTTEMMMPPSYYccHHUUssEESS
MiTTTimmpppSYYCCCHHHASSSIIISSS
mmmIITOOOmmmPPPSyyycchoosssEEEs'S
mmEtEEEmmppSSyyycHaasssOOOSTT
MMMIITEmmPPSYCHHITTTiiiCCC
MMETTTemppsssyyycchhhoootttIIIccAAALLLlYY
metttEnCCCepppHHalllOONN
mmeTTEEnnnccIpppHIIIlllOnnss
mEEETTEEEOOR
mmEETOErrr'SSS
MMMETTTiOrIIIcc
meeeTTEiirreeeCCEEElLyyy
mmeeetttOOiiiRaaaTA
MMMeTEooRRITTUUU'sss
MMeetiiOOrrriTESS
METTIuuureettAAccc
mmEtiiiiiirAATTIICAl
mmiiiTTTEEOOREETiccSS
MMuuutiiooRRiiGGGRRRaaaphhh
MMMETTTiiaarrruueeeDD
mmmeTTTeeoorreUd'S
mOOttUUiruuuDDS
MEETuOORROOlllaaGIIC
mEEEttEeROllooggiiccalll
mmOOOTuuuOOORooLLLOOgiCCaLLLllyy
MeeeTIIIOrrrOOllOOOGOOsstt
mmmuuTeeeOrrrOOOllAAguuSSSTTT'ss
MMuuuTEEOralloGGUsstttS
MeeTuuuEEErrrOlllAAggY
MMMetOIIrreeeLLoooGGGYY'ss
meeettteeARRRs
mmmeeTTTOOOrr
mmmetttEER'SSS
MMuuuTTTorEGGGA
MeeeTTTerroDDD
MMMeTTTERRIIng
MMeteerrs
MMMEtaSS
mmeeTHHHAAcRRRyyyllUUUTTTU
MMMEttthaddONN
MMMuuuTTThhaaadOOOn'sss
MeetHHHAAdddOOnnee
MMAAAtthuDDooonooo's
mmmEEEttHAAAMPHHHETTUUUmmiiNNaaa
MMAttHHaaaMPheeetAAAMMeeenIII's
mmmEtttHEEENNee
mmAAAtttHANNeee'sss
MeTTHHuuNOll
mEtHHAAnnnol's
MeeTTHHAqqqAAAuuLOONaa
maaaTHHHaaQQIIIAAAllloNNUss
MMMEtHHHOOOGGGleeNN
MoottthhhUGGGllliiinnsss
MeeeTThhEEEMMMoGGGLLLoBBBIIn
MeTHHHenImIIInee
MMMeeeTTThhEnnnamUnEEESS
MMMeeTTThhhiinnKs
mmmEEthhIIIOniinnnE
mmmEEEtHiiOONNNIIIneees
mmmETTHHHood
mmmeeeThhhiiiD'ss
mmOOTThhhODDDicc
MMOOOTTHHODDDoCAAll
MMMEthheeeddAACCCooLLLLLYY
MMMAAAThhhooddiiCCAAAllnnniSSSS
MeeettthOOOdIIICCuuLNEEEsssss's
MMeeethEEEDDIIIZZZe
mootttHHooDAAALUUUggiCCCAl
mAAATTHAAddooollliiiGGGIIIccaallly
MMeeeTTHHHOODDDoooLLLOOOGGIIIOOS
mmIIItHHoooddoLLAAAgiiSSSTT
MMottthhhOODooollluuuGGGyyy
MMEEETHHuuuDDDiiiLLooGGYY'S
mmeeettHeeeDDsss
MEEETTTHHOEEGGGht
MMeeThhhOXXXyccchhLOOORRR
MEtHHSSS
mmAThhYYYl
mmmAthYYYLL'S
mmmeeeThhYlllAl
MMMoTTHyyyLaamAAnnnee
mATTThYYYlllAtttiid
mmmEtHYYYlllennaaa
mmooTThhYLLIc
MMMEThyyylMMirrrccuuRRRYY
MEthhyyLNNAPPHHHtttHHalleeNNNO
MMIITTaaacc
mmmeeeTICAAL
mmEttuCCALLSSS
MEtttUCs
MMEETicUUloossiiiTEEEEEss
MIItICuuLLLoosssiitttyyy
mmmeTTIIIcccaaaLLLoooooS
MMeTTTiiiCuLLLooUSSllly
MutiicccuuLLoUUUSSNNNiiSsss
mmEEttiiiCaaaLLLOOussNNEESSs's
mmmuuutiiNNggg
mmUttIIsss
mmEtteeennYMM
MMEttOOONNNYMIIcc
MettOOONYYmmIcUUUl
meeTTOOOnnnYYYMiiiCAAlllLLyyy
MMMetinnYMMuEs
MMeeTTTOOnnnYYYmmSS
meeeToNNNYYmmyyy
MMMOOTTToopppE
meeeTePIICC
MEETTTREEELLLGGGEaaa
mmmeeeTTTRRAAlGGGiAS
mmiiitttrrriC
mmIIIttRRuuuccaal
mmeTrrrooocccoolllllY
muuuTrrocUttAA
MMMEttRRRiiCCAAAttEEd
MMEEETTRIccitttIISS
mmmaaTTriicccaaattEEENGG
meeTTRRRICCCAAttOOOooN
MEtRoooCCuTIIUUUnn'sss
mmAAATTrIIcUUUZZeee
METTTRRuciZZZOdd
MiiTTTRRICCCaazzzeess
MMeetrriiCCuuuZIINNg
MotRuuCCs
METRReeeFFFyy
MAATTTRiiSST
MMMeeTRRRAAATTEESS
meeeTTTRRRIIITTiiSAS
mmaatrrrAAA
MMettRRRO'SSS
metttRoooLLLUUGGYY
mmmaatriiNOOOmmEE
metrEEnnemeee'ss
mmmetrOONNomus
MMOOOttrrreeennnOOMiCCC
MMattrooNNNIIMMeccALlly
MEEETTrrrOOOnnnYmmIIIC
mmmEEttRRRooonYMOOOCCCss
MMeeettRROOPPPlllOOOX
MMMEEETTTrroPPuulles
mmUUtRRRiPPPAAAlllIIISS'S
mmmEEEtRopOOOLOOOSES
mmEEttrrrOOOpallOOTTTAnnn
mmmETRROpppUULLiTToooNatoo
mEEttRiiipEELLLUtttEEnnnIIIsssm
MeeTTTRIIIPPPIILLITIIccall
mmatttRREEERrrhhAAAGoooaaa
mmeeTTTRoooRRRRHAAAGiiuuuSS
mmmootROs
MAAATTTTLLEE
MettttLE'ss
MMeeeTTTTlllaaasseMMMEE
MIIW
mmmeeww's
MaawEEEDDD
mmEwINNNGGG
MMMaaWWl
mmmEwwllEEdd
MAwwLLAnnngg
MaaWWWLLSSS
MMMEWWWss
MeeeWWWsss'SSS
MEEEzCCCALLEENeee
mmmeeZeeerrraaaOn
MezzzeeeRRREEEOOOnnnss
MIzIRREEOm
mmmeeZZZErrrUUUeeeMss
mEEEzzezzza
meezzUZaH
Mozezzooottt
MEEZZUZZeeeTTTHHH
MMMezzzzzIINNUNNNeee
MMEEEzzAANNIIIneee'ss
meeeZZZZZaNNIINNuuuss
MMMEEEZZzzUU
meeezzZZZooo'S
mAZZZZZISSS
MMEEzZZuuttiiinTT
mmoZZZZOTTTEENNtttOOrr
MMMAZZZZZuTInTTss
MMMfff
MMHHoo
MHoos
mmmi
mmmi's
MMMieeOOOWW
maAAAOwww'ss
MMMiiiaaaOOOwwEEEdd
MMMAAEEEowwiiinnG
mmmAOOOWs
MMUAsssmA
mmeeeASMA'S
mmmIaaSmALL
MMMIassmAAsss
mmUUasssMMMOToo
MiAsssMAATTIIIC
MMMUUASMiiCC
MMiAAASSmmmucILLLLYY
mmiiCCC
MMMICa
MMiiiCCaaa'sss
mecccuuu
MMMIIICAALLLllUU
mmIIcccEEEllllOsss
mmmicK
mmOccckEEEyyy
MMMEECKKEY'SSS
MMeeccckkEEEyyys
mmIIcccKKSS
MUUUCrrII
mmmooCCCrOO
MMMiiiccrO'sss
mmIICROOOAMpeeerI
mmIIccrrrOOOOOniiLLLYYseeeS
mIIcccRRuuAnnnAAlYYSSSooSS
mmmICCrrOObbeeLaannCCI
MMICCCrrobbbaalliiiNNCCEEEss
mmmIIIcccRRUUbUURRRoooGGGrroooppph
miiiccRRREEEbE
MiiCRUBBI's
mIcrrriiibbEEsss
MMAACRRooobbbEEEuul
mmmICCCRRRoBBIc
mUUccRRROBiiicccIIdEEE
mIIICCRRReeebbbaauuuloGGGiiiCCCell
MecccRREbbUIllluggICaLLllYY
MMMIIIcccroBBBoooIIIllloogggAAAstt
MOOOCRREEbbIIIeLaaagggiSSttt's
MaaaCRRoobbiooLLLEEGGUssTTTss
miicrrOBBBIAAlooogYY
MMEEECCCrrrobbbIallUUUGGGy'SS
MiiCrrOBBBRROOwww
MMMiccrrrobbbrewerr
MMiiiCCCroobbrEWWeeRRReeIIISSS
mmmiiicccrOOBRRREEEWWWeeeRRy
MEEEcroobbbRRRUUUWEErY'ss
mmIICCrOOObbbaaRsT
MMMiccroooBBeesss
MMIcccriiCCaappssuLLLaaa
mUUUCCCROCEEEPPPhAAliiCC
MMIIICROOccEEEPhaalllIIIIISS
MMMaCCreCiiiPHHAAALoUUs
MMIccRROCCCeepphhelYY
MMEEcccRacHHHIMMMUUSttrrryy
MMIIccrrrOOOcchhhipp
mmECCCrroochhoopp'ss
MMiiicccRRRooocccHHiiippsss
maaCRRROOCiircoItt
MMAAccRRooCCCoRRRCCuuoottt's
MoocroCCCuuurrcOOOeetRRRY
MMMEECCrrrIIcccoorrrCCeitSS
MaaccrooCCLLLIIImatte
mmmiCCRRROOCCCLLoooMMAAAtAALLLuGYYY
MMMIIIcccRRecclllInnEEE
mmmiiicrocccOcccCCass
mmmIIIccrocOODEE
MOOOcROOcccoMPPPaaTTEErrr
mmIIICCrrrUUcccIIMMppuuuTTTuuRR'S
mUUCCRRiCOmmmppuTErrrSSS
MMMiiCrrooCCiiiPPPIIeS
MMMiiiccrocOOOpppy
mmUUCCCRIICCOsMM
MMIIcccRROccOSSSmmm'SSS
MMMiiCCCRAAcOOOSSMiiiC
MMiiccROOCCCEESSmEEEccool
mmmiCCCrrrooCCOOsssmmmIIIccAAAlllLLY
MMIIccRooCCCoosMOOs
mICRRoooCCCOOssms
mmaaacrrrECCRRyysTTTalllllaaannEE
mmiiicccrrOOOCuuuRIIIe
MiiicRRRoccyytteee
mmmiiiCCCRRooocyyyttoooSSS
meeCCrAAADDDeeNNNssiitttoMMMIttErr
mmmucccrrrAAddoooNNT
moocrroooDott
MMMOOOcRODATT's
mmmiiCRODDoooTTTS
MMMIIcccRoooEEECCooNooommmAcc
MMIccrrrooouCaanoooMMMiicccSSS
MMIcccrEEEEcUUUNOOmmiiiCCCS'SS
MMMiicrooeLLLaCCttrrannnIccc
mmmECrrooAlICTrrreNNNeeCss
mmmiiCCCRROOeeLLEECtruNNaaaCCCss'sss
MiiiCrEEeLLLuuuMUnTT
mmmAccRRROOennCCiPPPSSSEElllAtOOO
MiiiCCCRUUUAAnnccapppSeeellAAAttuennn
MIIcccRRRooffoorrId
mmmIIICCCrrrOOOFFFeeeBBBiirr
MMacccROOOFFIIIbbbEErrr'sss
mmUCCCRREFFFIIIBuuRS
mmmEECCCRRRoofffAAAChEE
mIICCCRRRooFFecHEEE'S
MECCRRRoooFiiCChheesss
mmIICCrroFFoooLLLM
mEEEcrrIffiillmm'sss
MiiiCCCrooFFALMUUUDD
mmmooccrrOOfffiiLMIINg
MMEEEcroooffeeellmmmSS
miiCCCrrOOOffllEEpppyy
mmIcccRRooogOOOmEEtOOO
MMIIIccrOGGRRRAmmm
moocccRRROOOggReMMMsss
mmicccRoooGGRRiiipppH
MMMIIIcccROOOgggrrrAPPPHHyy
mIIIcROOOGGRRaVVViiTTy
mmmiiCCruuuggrOUVVVeee
MMIIIccrrEEEgRRRooooooVeee'ss
MICRRROOGGGrrraiveeSSS
muucccrEHeeenrryy
MMMiiCCRRReellligHt
micrroLLaaaGGGHHTTT'sss
miicroooLLiiiGGGHHHTs
miiicRRREEEliTH
MMMooCCCrruuulAAATTTHHiCC
mmmUUUcRRRImmmAAAnaGGe
MIcccrrrOOMMMaaNNaGGGooddd
MMiiCCCrOOMMMAnnnIIIgggaammmEnT
MMMIIICriimmmaaNAAAGEEmmont'sss
mmmiCCROmmAnnaaggeeeRR
mmeCrooomENNNeeeGGESS
MiiCCCRREEmaannnaaGGGiiiNNNGG
muuuCrrooommEEETTuuOOOrrrAAATTaaa
MMiicccrroomITTUoRaaatte'S
MMMICCRRREEmeeTEEEorrrUUttteeeS
MiiiCRiiiMMaaTTTuOORoollUUgggY
mmUUUccRoMMMEEETTTeeer
mmmAcccroommeTTur'sss
MMMiiCrrremmmoTAARSSS
mmmecccRRAMMMeetrrrYYY
MoooCCCRROmmmHOOO
mmmiiccrrrOOOmIIIlllLLLImmmoooTIIIrrr
miCroMMMOnnnoatttEERRRiizzaTTTuuuIN
mmIcrrrOOmmmEnnIaaTTAAARuuzeeeD
mmmiCRRROOOnnn
mAAcRAnnn'sss
MMMUCCCROOnnSSS
MMaacRRuuNUUUcccLOOOuuuSS
mmmicccRooonnuuuTRRRAEEENNTTT
miccroOrgAAnnnisssmmm
MUUCRoooOORGAAANNNISSmmm'sss
MMMIccrrrOOORginnnasMMss
mmACCCRRooppiilEEEeeeNNtttEEEloooGGUusss
mIIcccrreeepaalllOOOuunnnTToLLoggY
MicccrAAAPAAArruuusssiiTTEE
MiiCCRRoPPPaattthhhAAALLOOOggYYY
mmiCCCRRROOppphhOnni
mmmIIICCCRROOOPPPhhhoNNNA'ss
MicccrrrUppphhhOOOnAAsss
mmIIICCCrrrEphEEttoGGRRaaaPh
MiiCRRROpphYYYSSSUUCs
MIIIcrOOOpppHHYYttE
MIIICRRROOOPPrInTTT
MMMIIIccRoopprrocccEEESSSssor
miiiCCCrrOOOPPPRROCeeSSSSorr'SS
MMiCCCroooppRooCesSuRSSS
mmmEEcccrroooPPRAGRREEEM
MMMOOOccRooopylllEE
mAAACCCrrOpppyyylUUss
mmmIICCCrOOORREuDDiiRR
mmmOccrEEsss
mooccRRooossscccEEpppEE
mmIIcRRRoooScccOOPPeee'SSS
MMMAAACCCraasCCCOOOppeess
maCCrrroScccoooPiC
mmiCROOsCCaaaPPPIccALLL
MMIIcrOsssCCCuuPPiiicccoolllLLLy
MOOccRaaaSSCCOpppiiissst
MiiiCCCrisssCCCIIppyy
mmmIIIcrOOOSSSCIIIPy'sss
MIcccrAAASSEEccONdd
mIIICCCrUUsssEcceeeNNd'sss
MOOCCCRRROSSSEECCCIIInndSSS
muCrrEsooIsmm
MMICrruSSSoiiSmss
mmmIccRROssOOOMMoo
mmmiiiCrrrooSSOOOMMMESS
MMACCRisPPPAArrANNNGGGium
miCRRaaspooorrree
mmmIIICRuSSpppeReeeSS
MMMOOcccRRRasppuuruuPPPHHHylllll
MMicccrrrISSStttRuucTTTAAArrrUU
mmmECCRRoosEErggEERyyy
mmiiiCCrreeeSSSuurrGGooRy'S
MiiiCCCRRREssURRggocccAlll
mICCCrOOttiiiMMeee
miiicrrrotttOOMMMeees
MEECCRRRAATTTuuNNEEE
mmeeCRRRAAvAAALLttt
MAACCCRoWWiTT
MiCCRRowwwAAAVVVAbbblllEE
mIIcrOOOwwwAAvvEEE
MMMIIICCrowAAVe'SS
mmooocccrOwwAAAvvvEEaaabbLLLEEE
mmmiicrrroowwIVVVeeddd
MMooccRROOOWWWiVeeS
miiccROOWOVVVeeNNGGG
mmmIICCCS
MMIICttturrrottto
MMMIIICTTTeeeRUUUtUUd
MIICTOOrrrUUUTEsss
mmmectUUUrrratttIIINggg
MMMiiCttAAriitAOOONNN
mAAAcTTTURRItttiiiAAnS
mmiid
muDDuuOOrr
mmmIdddAAAIIr'SS
mmmAAAdddbbbrreeIIIn
MiDbbrAIINNNs
MiiiDCCCiiURRRsE
MiiiDDDDaYYY
MMMiddiyyy'S
MMIDdddinnn
MMIIIdddddeeennn'sss
mIIdDDDEEEnnnss
mOODddeeasss
MMoooDDDDllleee
mmmiiddDDLLe'ss
MMiDDDLLLEEEBBRReeAAkkkUUR
mmmiiiDDDDllAAbbbrrOaaakeeeRRSSS
ModdddLeebbbRRRaWW
miiDDdddllABBrEEWW'sss
miiDDDDDLLLeBBBrrrowwss
MMMIIIDdddLLEBBBUSSTTooRR
mmmeDDDDDLaaammOOn
mmmudDLLeeeMEEEnnn'sss
MMIIddddddLeeeMMeNN
MaDddLLLeeMOsssTTT
MaaDDDDLLiiSSS
MMMEEddddlllEEwwiiiGGGhhhTT
mmmaDDDdddLEEEWWWeIIGGGht'ss
MMMaddddddlllewweeOgghhhTTTSS
MMiidddlllIINggg
mIdDDDlUnnGGGLLLyy
mmmiiidddDDDlInnGGGsss
MMMiidddddyy
mmIdddyyy'ss
mmiiddfffIIeeelddd
MiDDDFFFooEEEllddiRRR
MMIdddfIIEEELLLddErrrss
MMaaDDDGEE
MMiidddGGGe'S
mmIIdgggess
miDDDGGGEEtt
MMUddgEEt'S
mmaaaddGGGuuutttS
MMIDDggIIT
MiiiDDDUUU
mmmEDDiii'S
MooDiiinEEETTTttooo
MAddIIniiittttuuS
mmmAAADDiRRROOn
mIIIddirrrOnsss
MMADDDooss
miDDllUNd
MMMiiDDlllANd'SSS
miiiDlllaannndddSSS
MIIdLLaaaFI
mmiiDDDLLiiiFFFe'sss
mooodddllInnOO
MIIddlliinesss
MMIIIDDDmmoSTT
mmmIIddnnIIIggHHt
MiiddniGhhht's
mmidddnnigHHtSS
mmmiiidPPIIIinTTT
mmIIIDDppIIinnnT'S
MOdpoouuuNNTTsss
MMMuDDDrraSSShhh
mIIIDrrib
mmiiiddRREb's
MMeeeDriBBS
MMMoDDDrrriffFF
mmiDDRiiifff's
mmaaaDDRefffsss
MMiiiDDSSSeeCTTTIIIInn
MMIDDDSSeecTTiiiEEEnnn'ss
MMMIIDDsssECCCTIIIaannsss
MMMiiidssshhhiip
maaDsHHUUUPMMMiN
midddssHIPMMIIInn's
MEEdddssshupmAAANNN
mUddSShhhiipppmmmIITTe
mmIDssshhIIPPSSS
MMMeeddssUUUZZii
mmaaaddssEZZZeeeDDD
MMidsstt
MMMiiDDDSSStt'ss
mmEEDDsttRAAIIIMMM
mmUUUdddSSTTrOAAM'S
mmiiiDDDSSSIIMmmIIIrr
maaadddsssUmMOrrr's
mmaaaDDDttteRmmm
MMaaaDTTTeeerrm'SSS
MiDDtturrMMMs
MMModdTTOOOwwwN
miiiDTTToooWWWN'ss
mmmiiiDwOyyy
MMuDDDWuy'SSS
mmIIIDDWWWaaayyysss
MMMIIIDWWaakk
mmEEEDWWWeeeEEKKK'sss
mmmiidddWWeeeOOOKKLLLyy
mUUUDDDweeUUKKs
MMMiDDwwucckEET
miDDDWWEfffEE
MMMUUDDDwIFEE'S
mmmUDwwwIfeeDDD
mmmIIIDDWeeefeeeRRIIeSS
MIIIdddWAAAfffeeeRRRY
mmmidWWiiifffEEErrrY'ss
mmmIddwwwIIFFOs
MAddWWoofiinng
MMIIdddwwOOONNtteeRR
MMiDDDWWWiinTTTeeRR'SS
MMMuddWWIvvoood
mmmiiDDDwwuuVaas
mmmOdwwwIIIvvveeennGG
maaadyyiiaRRR
MMeeeDDyyyIIAAAR'SS
mmmiiiDDDYYUUooRRs
miiEEENN
Miien's
MeeennnS
mmEEffFF
mmmEEEffffEDDD
MOFFFOOnnggg
mmIIFFFFFs
MIIfFFY
mmmEEg
mAAAGGht
MMMUUGGhTT'ss
MMIIghTTTIEEr
mmmUUUgghhhtIeSSStt
mmiiiggghhTOlllYY
MMMeegghhtaaaneSSSS
MMMiiGhTTTonnOOOSSsss'SSS
MiiiGHHHtnnn'ttt
mmiigggHHHTTSS
MIggghTY
MMiGGGNuuunnn
MiGnOnetttTeee
MMiiiGnnEENeeeTtteee's
MigggnnIIINNeetttTTTEEss
mmuGGGrAAAIINNA
MIIIGGReeeAAAnII'ss
MMaaGGrraaoNNNEES
MMUgggrrriiNooooos
MMEEEggRAANttt
MMIIggRUUnnT'ss
mmIIIGGRRRannntSS
MiiiggRAte
MMiiGrrraTTEdd
MMMiiiGGRaaaTUUUss
mmAGGRRREttIngg
MMMuugrraatttEONN
MMMigretttiiiOn'ss
mmIgRRAtUOnAAll
MMMaaaggRRaaaTTiiUUNS
mIGGrriiiteeerrr
MIIIGRRATToorrrYYY
mmahhRAABB
mIIIKuDo
mmIKaadOOO'S
MIIkkkaaadiiiss
MiKKEEE
mmIIKKKEEE's
mmIIKKKooDDD
muuKKEEEss
mmikkiiiNG
MMukVa
mmOOOKKVVEEHH
mmmikVahhh
MMookkkvvvOss
MMMIIIKKVVVOttt
mmIKVVVoth
MMMell
MuL's
mmmEEEllidII
MMMiiLEEdduuueSSS
MMIlllAAADDYY
mmILaaady'ss
MUlllchh
MMMuuLLdd
mAALD'SSS
mILLDDiiNN
mmmiiLLdUURR
MMAAALLLddAAAsssTT
MMMULLDDEEWW
mmmUlldUUw's
miiLLDDEEWWeeDDD
MiilDDOOWWWiiiNgg
mmeeLLLdddeWWsss
mmIIILDDEEEWWWyy
MMMAAlllDeSShh
MMIILddLLyyy
MMMaallddnnoSSss
MMMIIILLddNNEEESSSSS'S
mmuullEE
MMMILEEE'SS
MillleEEGGGee
mmIIIlloooAGGGeee's
MMOlllIIaGGeSSS
MMMiiLLLaPPPEESSTTT
MMMIIIllleePPPiSSTT'SSS
mIIILLeeePoossstts
MilIIRRR
mmiiLeeerrr's
mmmOLIrrrss
MIIIlASSS
mmmiiLaaaSSStUUNE
millaaasTTTOOnOO'ss
mmIllEssTTTEEENNIIIs
MMMALiiA
mmEElllUaaaRAAA
MMMIIliiiUry
MMMIIIlliEEEoo
MiiiLIEUU'SS
mmIIIlIIIeeEEES
MMillIeeuuXX
MMIILLETTTAAANNCCCEE
mmmiilluTANNNCCCEEEsss
MEEliTAANNCCCyyy
MMILLitttAANNNCCYYY'SS
mmmUluTTaaanttt
MMiiilIIITTToonnnt'sss
MMillITTTuunTLLLy
MMMIILLLIITannntts
mIIIlaTuuRRRiiEESSS
miLiiitaRiiiLY
miillluttaaarIsssMM
MMELiTTaaarrriSMMM'S
mmmiiillliiTTTAARRRIIIssTT
mmmaloooTiiiREEEssT'ss
MaalliiTARRRiSTTTiiic
MMOOOLLLuuTAAARRiiisttSS
MMMILLLiittUUURRRoZAAAttOOOooon
mmmiLITAARRiizAAATTEEEONNN'SS
mmIIILiTAAArrreeezzzUUU
MMMIILLLATTTaaaRRAAZZZEEdd
mIlluuttuuurrriizzzaaass
MIIIllluuutttAArIIzinnggg
mmiLITTaaaRYY
mmmiiiLLiitaaRRyyy'S
mmiiiLLITTTEte
mmmIILLLOtttAtttEEEddd
MiLITTAtttiss
MMMIILLLIIItttIIting
MMiiLLiiitttiiii
mmiiLLiiitttiAAA'ss
MallIttiAAAMMMaaNNN
mIlllOOOtttIIIUUUmmmONN'S
mOOllIIttiiuMMMeeNNN
mALLUUUTTTiiAS
mmuuLLOOUUmm
MMMIIILkk
mmOLkkk'SS
maaalllkkkEEEDDD
mmmiilllkkeeer
MMMILLLKKeeR'S
mmILKKKeerrss
MMOlllkfEShh
MIILLLKKKEEerrr
MMMIIILLKieeesstt
MMMiLLkkeNNNEESs
MiLKKKuunneSSSS'SS
mmmOlllkkInnGG
MUUULLLKKKMMMIIiiddd
miiiLLLkkkmAAeddd'S
mmmIIILkkkMMMAAIDSSS
mmmIIILkmAAnnn
mmmAAAlllKMMMaNNN'sss
MMMelKKKMiNN
mmmooLkksss
MMULLkSSHaaaKKeee
MMIIIlkkSSHAKO'SS
MMMOOlllKsshheeekkkUUsss
miLKKSoop
mmUlllKKSSOp'S
mmIILLLkkkssuuPPSSS
mIIIllKKKwwOOeD
MMMeeLLLKKweEDD'SS
MULLLKKwweeeaaddsss
mmULLLkkWWWIRRTT
miillkkWErrrTTTSS
MMMIIllkkYYY
mmmILLLL
mmeLLLL'sss
MMMalllluGAAA
mmmIIILllaaGo'SS
mmiLLLLBBBeeeAAArDDD
miiLLboaarrdddSS
MiiilllLDoommm
MAAAlllldddaamss
MMIIIlllllleDDD
MMIIlLLLeenAARIIaaaNN
MMMiillllllEEEnnaaRRiiaannnIISmmm
MIIILLLlIIInnnEErrriAnISSmS
MMMeeellLLENAARRReaaaNNss
MMMollLLeeNAAArYY
MMUUlllleeNNNaaAA
MMMoLLLLLEEENnIIIaaall
MMilllllliinnnIIIIllliiiSMM
mmmallLLLENNNNIIIALAsTTT
MMiiilllllEnnnniAAAlllYY
MiiLLLLLIIInNNOUmmm
MAAAllllllennnnniiieeemm'S
mmilLLaNNnnnIIIAAmSSS
mmuuLLLupppeeeDDDIII
mILLLAAAppEEEdduuu'SSS
MIlllleppeddEEsss
mmmEElllUUUppooorrrUUU
mIIIlllEERRR
MIIlLLLiiiRRR's
MIIILLLlllEERRIITTTEEE
mmILLLllerrruuuttuuSSS
MMAALLLlllEErss
mmIlllLEEEsiiMAAl
MMiiiLluuuTTT
miiLLLIIIttt'SS
mALLLliiiiiimmPeere
mmIIILLlIIIeeeMMMpppoooreees
MMIILLLAAAuuuRRddd
mmmIlLLiiiuuuRRDD'S
mmmIILllaaaeerrrdss
mmiLLLLLLiiiARRYY
MaaallllloobAR
MMiiilLLLibbbER's
MMMIlllllOOOBooRRS
MIILLlllIIIGGRRROM
mmiLLLLLOOgRAAAM's
mmmiillLLLuGGGrAAAMMMS
MMMolllLLLOHHeennnReeeESS
mIIlllIIIHHEEENrrrYY
mooLllluuuliiiTUUr
mILLLuuuLLLIIItttEErrr'S
mmiiilllLIILAteeerrrSS
mmiiiLLiimmmII
muullLLLIMMMEESSS
MMMiLLLiiMeeeTTTUUUrrr
MMAlllllaaMiiittAAARR'sss
miLLLLLImmutORSSS
mmiiilllllIIIMIcRRROOONN
mIIIlLLLuuMIIccRReNSS
MIIllliNNaa
MMIlllLLUUNORRR
MMMILLLLLIInnneeeRRR'sss
mAAAlllLLIIInnnOrrrSSS
mAllllloooNerryy
mIIllLInnnirry'ss
mmIIIllLLUnnneeSSS
mmmIIILlliiing
MiillLING'sss
mmIILLLIInnggss
mmmiillLLioooNNN
MMMULLlllUUOOONNN's
MMiiilLioNNNUaRRRiii
MMMILLLLaaaUUNNNUUUaaRee'ss
MMIllLLLIIIoooNNaaAAARReeesss
mmIIllLLLEEEUNeeeOOORRReeess
mmIIILLlllOOOoonaaaiRRuSSsssIIsss
mEEllllliiiOOONNs
MMMILLLllIIIaNtttHH
MMIIILLLLLLiiiinTHH'sss
MMIIILLLAOOONNNTHss
mmmIlllLLaaPeeDDaa
MMooLLLlIIIPedddEE'ss
mIIlllLLiPUUduS
MMMIllLLIIIsssucOOnnnddd
milllluuuseeCConndd'sss
MMiiiLLLllliiissocIINNNdddSSS
mmeLlIIvvoooLLLTT
MMMOLLoovvuullTSS
mmmOOLlllUèMMe
mmiiLLLlllPOONNND
mmmiiiLLLppIIINND'SSS
MeeLLLLLPPPoNDDS
mmmIIllROOcccEEE
MMMiLLLlRRicEE'sss
mIllLrrracUSS
milLRRRun
mmiiLLLrrrUUUNNNsss
mmiilllLS
MMIIllLLLSSttENNNE
mmUULLLlSStttooNNNEE'ss
MMMilllLLLstttooNNEEEsss
MiLLSStttrrrEEEAAAmm
mmELlsTTTRRREEEuuuMMM's
mmmiilllsssTTRREEAAAmmSSS
MiiLLLLwoork
MaaLLlwwOOORKKKss
mmmolllWWWriiiGHHHt
mmuuullllwwRUUUgghhhtt's
MMMiiillwwrrrIgHHHTTTss
MMEElllooo
MMuuuLoMUUUTooRRR
mmiillummEEETTTEEErrrS
mmillooorrrdd
mmmAAAllIIRRdS
mmoollaaas
mmuuLLquEEETooaaSSSTTT
MMMeeelllQQQOeeetttoooast'sss
MMAllqUUUEEteeeAsssTs
mOOOlRoiiiS
MeeeLSSS
mooolllTT
MMMiiiLttt'S
MMMIlTid
mOOOlTTTEERRR
mIIIllttaaannnggg
mmIIlttSSS
mUUUMM
MMMIIMMO
MiiiMMEE'SS
MuuuMEEd
MMMiMEEooGrrrIppHH
mmmImEEiiGRRAphh'SSS
MUUUmEEEOOOGGGruuuPPHHAAAD
MMiiMMEEOgraaapHENg
MMMIIImiOOggrreeePPHsss
MMIIImmeR
mmmIMMMOOrrS
MuummeSSS
MMMiiimEEESSSEEESSS
MMIIImmesoSSS
mOOMMutttic
MiiiMOTeeecOOOLLLLLLYYY
MMIIIMMMic
MMIIIMIIc'sss
miiimmmIIIcccKaD
MMimUUcccKKeeerrr
MMIIIMMeecccKer'S
MMMAAmmmUUCCkkaaarS
MMiiimiiCCkkEENNNgg
mmmiimmiiCCRRRiiEsss
MMMiiMMiiCCCRYY
MMIMMMiiiCCRRRyyy's
maaammmIIIcccss
mmmUUmiNNg
MMMaamIIsa
mmIImmOsA'SSS
MMiiimmmAAseCCCeUUUUSSS
mmEEEMMoooSAS
mmInnnooo
MMMiNubbblee
mmminnnAcEEouuusss
miiinaarrrOOT
MeNNUReettt'sss
MIIINNNAArreettEd
MOOnnErrUUTTTSSS
MooNeeeSSS
MMOOONNaTIRRIIIulll
mmmIIInnOOOTEErrrYYY
mINNcee
mmOnncccU'ss
MIINNCID
mminnccEEMMeeAt
MUUNccEMMMUUUooottt'SSS
MMaaaNNccceeRR
mEnCuuurr'S
MMUnncEEErss
mmUUUNccAAsss
MIIInCCuNggg
MiNNNCONNNgglllYYY
MONd
mmIIndd'ss
mINddBlllEEEWWeRR
MMiiNNdddBoogggGLLAAAnGGGllyyy
MMIINNDDEEEDD
MMIIInnnDuDNUsssSS
mmmAAnnDDER
MIINNdeeerrrSS
mmInDDFFuuuL
meennDFFaaaLLLLy
MIInnndddffaLNNNooSsss
mmOOnnnDDDFFiiiLNNeessSS'sss
MMIIINNDDDoooNNNgg
MIIIndlIISSSss
mmiiNDDDleeeSSslYY
MMUUNNdddlOSSsssnnnAssss
mmIIINNddlEEESSSNESsss'SS
MMMAAnDs
mmIIINdddSSeeeTT
MIIInnDDDSSSEEETTT'SSS
MMIIInDsseeetsss
mIINNEEE
mmINNa'S
MMMaaanIIIUblllA
mIIINNIIID
MeeNeeeffIIIeeLLDDD
mmmeennIfffIIIELLLD'SS
MMMennnAfIIIEEEllldddS
MMMiinEELUUUYYYEEErrr
mmaannneeellAAAyuurrrs
mmIInnneeRRR
minoRR'SSS
mmmIINERRRall
MiinerrraaaLLL'S
MMIniiirAALLIZEETTiOn
MIInnnerrrUUULUUUzzzU
mmmOOOnneeerrALLLoogggIICCAAALL
MMINNEEERRaaLLLEggiiiCCAAAllllyy
miNNNEEERRaaallIggEStt
MAAnnnAAAraLLoooggOOOSStt'SS
MMMIInnErrrULLAAGissstS
MMMIINEEERALLLOOOGGY
mmANNEEErrrallOOgy'SS
MeNEEErrrOOOLLUUIIIDD
mmmuuneeRRoolllS
mmiNNNErS
MMMiinnUUs
meeenESSShOOFFT
MMiiinneeeSTTRROnnEE
MMaaNeeSStttRRooonIII's
MiinEEsWWeeeEEEPPAR
mmIIINEEsswiiiEpoRRR'SSS
MIIInissswwwIepppeeeRRRss
mmmIIINewwwERKKKeeeRRRs
MeNGGooEEr
mmmUnnGGiiesssttt
MMIIINNNggiiLLLYYY
MMiiNNgggllle
mIInnngLLEEdd
MAAAnnngglEEERRR
mminngggLLLoss
maNGGGlaannGG
mAAANGY
MIIINNNA
MMIINNoo'sss
MuuunnniAAATTTUUUREEE
MMIniiEEETTooRRu'SS
mIIInIIaaaTTiiiRRREEESS
mmiiinnIATTToorrEESST
mmmiiinnEEiTuuurIISSttt'SS
MMMuunnUUUeeeteeerrrIISSTTS
MMinAAAATTUrrrIzzzOOtaaEEEn
mmaNAAAAAAteeRRRizzzUUttEEEOONNN'S
mOOnnAAOOTTTOrreeeZOO
MiNNNiiETurrrIIZZZIIIdd
MMMiNNeAATEErOOOZAAASSS
mAAANiaaatttuRRiiZZIIInnGGG
mmmInnIIbbaar
mmmIINNNiBAARRRSSS
MMMAANNNiibbiKe
mIIINIIbiiKKu'SSS
mmiinnoobbaaaKEs
mmUNNiiibbbUsss
MiiiNNNIIIbbbOOs'ss
mmmiinnIIBUseees
MMUUnnnIIBUUUssssUS
MMMIInOOOCCCeeeBBB
mmEEEnnniiiCAABBS
mmiiNNNiicccaaam
MMiiNiiCooM'sss
MMuunnnIIIccAMMMs
mmmiiNNNiCCOOOMPUUUTTTerrr
MIIIniiicccUMPPPIITTuRRR'S
MINNNIICCooMMPuuuttteerrrSS
MMMINNNiiiFFFIIAAd
miiiNNeeeffuess
mmmEnnIIIFyyy
mmmiinnnooFFFYYYiiinngg
mmEEEnuuMM
mmmiiinoom'ss
MMeeeNNiiimmAAA
mmminemmel
miinnniMMMuLUSSSM
mmaaannUUUmmmAALIIssmmm's
MMuunnEEEmALLLAASSSttt
MMInniiiMMMOLIst'SSS
MMoNNNIMMELuSStttSS
MMMInnIImaaLLLiittty
mmmiinAMMEEELLLllY
mENNuuMMMuzzziiiTEEiinn
MiiiNNuMMEEZZatiiiINNNsss
MMInnnEEMEEEzzzee
mminuuMaZEDDD
MiNiMiiiZZIIRR
miiiniiimmiizzUUSS
mmmiiinniMiiiZZZuNggg
miinnuuummmSSS
miNuuMMMUUmm
MMMuuunIIImmmAmm'sss
MMMiiNUmUms
mmmiNNiiMaaSS
mmoooNNNiiNggg
mmmiinAAnnnGG'sss
miiinIIIoooN
MaNNiiAAAnn'SS
mmmuuuNNEOnsss
MMIIInnooosss
miNussCCCiiLLe
mmiiNNaaasccciiLLi'ss
mOnnnuSScccUUULLEsss
mmOONIIserrIIeeSS
mmeeeNoossiiirriiiOOss'SSS
mmIIInIssskkkiiiRRTT
MMMIIIniiiSKKIIrrTTT'sss
mmmOOOnisKKKaaartEEddd
mEnnnESSkkiRRttS
MMMiiiniisteer
mIIINNissTTIIIRRR'SSS
MMMOnnOOOSTORREED
MoonniisTTTEEERIIAAL
MInnisssTEERIAAlLLLYY
MOONNNusTTUrrINNNGG
mmOOnnUUSSSttURSS
miiinISSttraaannt
mmAAANNNOSSSttrrrAANNNt'SS
miiinnnIIIssstttRooonntts
mmAnniSStrrraTIOOnnn
MiiNuuSTrrEEEtiiiinn'sss
mIniisssTTrraaTTUUooNNNs
MMMIIINiistttrrraaaTTIveee
MuuunniiiSSTrrrieees
MMMUUNIIIstttRRy
mmeNOSttryyy'ss
mmUUNNIUUMMM
MUNNiioooMMSSS
mmOOnniiViiin
MIIINNNiiivaaN'S
mmONAAvvvIIInSS
mONNivvvEErrr
MMMEENNeeeVers
MMiinIIveTTT
mmIIInnKK
MMIINNk'SS
MAAANNkkeee
mminkkkSSS
MMMoooNnuuuSiiinnGGeer
mmmInnnNESSSiiinnnGEER'SS
mmInnnNEEEsONNNGuuurrs
MMMAAnnnNNNewww
mmoonNOww'SS
MMMiiNNiiiWWWS
mmiiNNoorrr
mmuNoorr'ss
MMIIInuurAddd
MMMEENNNUUUrrrinnGGG
mmIIInoooRRIIITTiieesss
MMMinnurITTTyy
mmmENORRETYYY'SS
mINAAArrsss
monnnOOOxiiiDILL
muNOxxxodiiL'SSS
MInnnsttteRR
mmIIInnSSSTer'SSS
MMMuunsTTURRRS
mmmUUUnnSSSTTTrrAAll
MIIINNssTTRRRUUUlll'sss
MMMiNNNssstttREELsss
mmIIINNstttREEllsY
MIInnssTTTrrrUULLLsy'SS
mIINttt
mmmonnTTT'sss
MMiiNNNTTaGU
MiiinnTOGEE's
MIINTTTEdd
MMMIInTEr
MMMIntuuuR'SS
mmooonnntoRRRSS
Miinnttuueer
MMintiiiIIISST
mAAAnntttaaaNNNgg
mmmiiNtS
mmmIINNtYYY
miNNNOOOenD
MENUUIIINNdd'S
MiiiNNAAAooNNDDDsss
MIIInnUUUot
MMIIInnUUooott'ss
MMiiNNNoooetttSS
miiiNNaaaSS
MooNNNuuss'ss
mmmEENUSSScccUUULLLAAARRR
MMiiNNUUUSScccaaleee
MMMiiNNesssccuuullleee'SSS
MMEEnnnUUUsssCCCULEEESSS
mminnnOOOsEsss
miNNNuuTTEE
MInnuuuttii'SSS
MMMINNuuuttOOdd
MMMaNNuttAAllYYY
MMManUUTTTiiMMMINNN
MMMuuunUUUTeeemmAAAnnn'sss
MMMinUUttteeeMMeeNN
mmmiiinnnUtttonnnoSS
mmiinnnuuuttteNUUUsssss'ss
meeNiiTTOOORR
MUUNNNuttEEss
MaaanUUUTEEstt
miiNNuuTTTIIaaa
MMiiNNNeeetttIAA'SSS
mOONETTIIIiiiaa
MMEEEnnuuutiNNgg
mmIIInXX
MMOOnnnxx'SS
muuuNxxxEss
mmEEEnnXIIssH
miiNyiNNN
MUUnYYAnnEm
MeooSIIsss
mmiiiR
MMIIIRRRACIIIDDiiUUUmm
MIIrEEcccLLAAA
MMiiirrraccLLuuu'S
MiiiRRRicLeeSSS
mmIrrrUUCCAALoooas
mmIIIRRooccuuLLLoooUUssllly
mmmaaaRaCCCIllooouuSSSnnnEEESSss
mmERRRaaadORRR
mIIIrrUGGI
MMORROOgEEE'SSS
mIIIRREEgEEEsss
MMMARRu
mIIIRRRuuu'sss
mmmiRRAAdd
MiirrrEEEPPoEEEXX
mmiiREES
mmmiRRRaaUrr
mmIRiIIsTTT
mIIrrriiinnn
MMOOOrrroNgg
MMMuuRkkk
mmuuRRrrOR
mmmIRRRRROOrrr'SSS
mEEErrrrrAArreddd
mmmOrrrrOOrrronngg
mIrRRROOORss
MIrThhh
MiRRTTh'SS
MARRRttthhhffuuulll
mmiirrrTTThhhFFuuLLLlllYY
MUrTTThhhfffuLLLnaaaSSS
MMiiiRRTTHffEEElllnnEEEsssS'ss
mIIIrTTThLIss
MMMIIRtttHLeeessSSSlyyy
MMaarrrThhllleSsNEESSSS
mmIIIRRYYY
MAARZZaa
MMiiisssiddddReeSSSsss
MMMIIISEddddrrrEEESSSsseeed
mmiisIIIdddDDrrroooSSSIS
MMMEsOOOdddddRRissiNGG
mmoooSaaDDDmmmEEEnIIISSStrrrATTiOON
mmmiisoooDDvEEnntUrrre
MiissIIIdVVVOOONTTUrrruu'sss
MUsaadvvveennTUURREsss
MMMUUSSSoooDDVVViiisooDDD
maSSadddVIISSeeSSS
mmIIIssseeeDvvEEEsssIINgg
MMESSUUUdddVVIIZZZaaa
MMMiiSSSooLLLiiggnneeeDD
MMUUUsaallleegggnnnMEEnnntt
misssaaaligNMMMEnnttt'SS
mmaaSaalllliiAANNccEEE
MMMEEESaLlllIIIaannnCCCUU'SS
MIssEEELllEaaannncEEES
mmaaSSSaaallllliieedd
miiSAAALLLLoooooSS
mmmIIIsssUUUlllllOOOCCAAAte
mmiisssAlllloooCCAATTIIIONNN
MMAAsssuulllyyy
MMMessaaLLlyyyaaNNGG
mIIssaLLPPhabbeeeTTuuZZE
mmiiisssAANttHHHrrrOOPee
MMeessaaNtHHRRAAAPPPEE'SS
mmmAASSoNNTThhhRRRoooPeeess
muuussaaannnTHHHRRRoooPIC
mEEESSSAAANtthhhRRRipoocAAL
MMOSSAANtHHHRRRuuuPPicccAAALLLLyyy
MMMIIssAANTTHHRREEEPPPiiiSttt
MMMIIsssAAnnttthhhRRRIpppisssTTT's
MMiiissIIINNNTHHRRoPiSts
MMisannnTTHrrOOOPPyy
mmmuuuSSunnTHRROPYYY's
mIISSUUPpllIIcAAtttiiooon
MMMiiisssUppppppllIIcccaatuEnnn'ss
miiSSSOOPPPppplllucccAAAtttAAOOnnns
mmmIIIsssoooPPplOOOIIId
mmmIIISooopppPPLuuuEEESSS
mmiisssAPPPPLLY
MOOOsssiiiPPpLLLyyyiiinnGG
MMMiisAAApppprrrEEHHHEENdd
MMeeesapppppRUHHEEEnnDDDeedd
mOOOSOOpppPrOOhEEnnndIIINNNg
MMeeessapppppRoooHHHEnDS
mmesIIPPPPPRRRoheNNSaaon
MeeSSSaPPPReehhhEENNsIoN'SSS
MMMuuSSePPPPPPReeehhEEENNNsssIIoNNSSS
MOOOSSSiPPppRRROHHOONNSSSooVVee
MiisaaaPPPrrrOPPPrrrOOAAATTTEE
mmiSSSUUUpppppprrapRRRuuueeeTTeeeD
MMoosApppppRRREPPPrUUatEES
MMMiiSSaaapppPPPrrroooppprrrIIIAAtttiiiNNg
MMMIISaaPPPPRRReepRRRAAAootteeeONNN
mmmIIsAPPPPPrrrAAAprreEEETTTaOONNN'sss
mIIISAPPPRUUUpppRRRieeetttoONS
mmmIIISATTttrrEEbbbuuutee
miSbbUCCCiiimmoo
MMMUUUsssbegUtttEENN
mmmiiiSSbOOOhhIIIVVVee
MMMIISBeHHHiiiVVVEEd
MMMISSbbAAHHHAAAvaaaRRR
mOOOSSSBBOhaVVIIs
MMiiSSbAHHIVVinGG
mUUUssbAAhhhUUVVuuueR
MMMisssbbbEEEHHiiivvvIIIoorr'SS
MAAASSBuLLLIIIEFFF
MIIsbbelliEEEVeee
MMMisbbbELLLuuuIIVUUUdd
mmmisssbEELLIIIuuuVVVEr
mmmIISSSbbEEEllueeVViRSSS
mmmiiissbbeeeliiieevvvesss
mmmUUSSSbbUlluueVInnngg
MMUssbbrANNNDDD
MMuusscuLLCIILaaaTEEE
MeesssCCCIILLLcccuLLAtteeeD
mmuSSCCCAAALLCooollaaaTTUSSS
mOSSCAllCCCoolaaaTINNNGG
mmiSSSCCAAALcEElAAAtteoNN
mmmAAASScAAlcccuLLiiiTTTaaaOOOn'S
MIISSccalllcccuLLaaTTIIoNS
mmIIIsssCCCiiillLLL
MMIIIsscccAllleeeDDD
MMMAsCCCaLLlllIINNG
mIISCCaaaLLLLLLSSS
MMMISSccuRraaAGGEE
MMMIIIssCCARRRrrUUUaaaGGOO'ss
mmmISSCCeeRRRaaAGGaass
mmaSSSccArrrRIeedd
mmEEESSCCarrriieeess
mmmiissCuurrrRRyy
mmeSSCCCAARRRRRRyaNNNGG
MMMIISCCASttt
mmmiiSCCCaStteeNNNgg
MMMisssCCCosssTTTsss
mAASSScccOgggeeNNNUUUTIIIOOONN
mmaSScccEEGAAnnnUUUTTToOONNN'S
mmUUSSCeeelLLaaannUUAA
mmmiiSSScccEEELLLLLOONNOOOuuSS
mmmUUSSSccUUUllllAAAnuuaaaUUSLLy
mmUssCCAllAAANNeeAAUUUssnoSSSss
MiiissscEELLLllooNNoooEESS
mIIISScccEllLLuuunnYYY
MMMaaascceeeLLlAAAnnYY'SSS
MMIIIsssccchAnnnCaaa
MMIIISSScHHannncO'sss
MMeeSSScccHaaaNNcccess
MMMIIsssChhhuuuRRaCCCTTEERRRiiizzzEEE
MMaSSccchIIEEf
mIIISSSChhhiEf'sss
mIIISSSCCCHiiEEEVVVuuAss
MiiisCCChIIIeeevooUUSSSLLLy
mmIssCCCHHHUUUOVOUSSSniissSS
MMMossscccHHIIoVVooUUUsssNNOsssss'S
MMMesssccOBBiilllATY
MIIsssCCCeeebbalEEttYYY'SSS
mmmEEESccIIbbLLEE
miiisccllAsssssiFFIIuuuD
mmIIIsssccLLLeeeSsssIFy
MMMiiiSSSCOOOmmmmmUNNeeCCCeetttuuuN
MMIIISSSCCCUmmmPrEEEhhhaaannnDDDEEED
MMMEsscUUNNcceeAAAVEE
MIISCCCoonncAIIVVoooddd
MMMOOscOOONNciuuvEEER
MISCCUUUncceUUvvveeeSSS
MMiisCiiinnnCaaIVoonnG
MMMiiiSSSccONCCepTTTiiooNNN
MMMiiisscccOOnnCCCEEPPPtttAAAooonnn'sss
mmmIIsceeNNNccuppptttIonnSSS
MMMISCCCondUUUccct
mIIIScccOOnDDDiiCCt'ss
mmmiSSccEEnnndUUcTEEDDD
MMMAAsssccIIINNNdUUUCCCTTTInnGG
mmissscOOONNdddaaCCtSSS
mmIISSScconnSTTrrrOCtttooOnnn
mmIIScccUUnnsTTRReeCtttiiIIIn'S
MMiissCCCAANSSSTTTrrUUcTTUOOns
mmUssscINStRRooE
maaScciiiNNNsssTrueeeD
MMIIISCCONNstREoooSSS
MIIssCCiinsssTTTraaInng
mIIIssCoppy
MMisCCOOOPPYOONNggg
MMISCEEEnttt
mmOOssscccOuuuNT'SS
mIIssCOOUUUnnttEED
moooSSCCCAAAuuunteeeNNggg
mmUUssccAAuuuNNtttss
mmmIIISSCRReeUUUNcii
MMMIsssccRRREEEAnnntt
MMMEEsscccRREEEAnnnt'sss
mEsscccrrrEEEiinTS
MiisCCCRRReeaTTTUUD
mmmEEEsscUe
mmmOOOssscEEE'SSS
MooossccUUUOOdd
mOsCUiiiS
MiiiSSSCCUUInngg
misDuuuttee
MeeSSSdddAAATEEDD
mmISduuuTTEsss
MMMuuusssdeeeTTiNGGG
mmoossDDEiiLLL
MAASDDEEEAAL'ss
MMiSSSduAAAllAANGGG
mmmIIsDDAAaaaLLLSSS
MMisddooAAAlttt
mmmEEssDDDeeeeD
mmmIISDeeIIDD'SS
mmoossDDEEeeedddsss
MIISSSDEeeM
MMMIIIsDDDaFFFIINNNeee
mmiiSSSDeMEenn
mmmeSSSDEEMoAANNNAnnntt
mmIIISDDEMMMUaNNED
MMMISDeeemEEEAAANNNiNGG
mmAssddeeemmeeaaanUR
MMMIIssdEEEMeeeinnoooRR'SSS
mAAASSdEEMMMeeeenOOOrs
mmmISSSDEEmmmiiOONNNSS
MMMUUUSDDOaaaGGGnOOsseee
MIISSDDAAeeggnOSSSEEEdd
mmmiSdIAAAgnnnosssUUUS
mmIssddaaAAAgggNNiiSSSIIINgg
MMIIsDDDUUaGNNNUUSSSUs
MMiissDIAAAGGGnnnuuSaas'SSS
mmmIISDDDIIuuul
mmIIsDDIDDD
MMMASdaaaRREcccTTT
MMIIISDIIrrraCCTTToooDD
MiiiSSDDUrIIctttuNNNG
MMooosssdddiiiREECCtttIOOONN
MMiisdiiirAAccctttiioooNNN'SS
mmUUsdddeRecctttiioNS
MMESSDDooorEEEctttS
MeeSSSDooo
mmiiSSDooERR
MIISSDuIIIss
MMMUSSSDOOUUUNNNGGG
mmiiisddooeNg's
mmIssDooouunnnGGSS
MMASddONNe
mmiiissddOIIIbbbTTT
miSSSediCCCAAATI
mAAsOOOmmmppplllUUy
mmmoossuuuRR
MMMiseeerrr's
MeeeSSSeeeRRRAABBlii
MIIIsssEEEraaBBleNNNAAAssSSS
moosErrUUUbbblllIIINNaasssSSS'ss
MIISSIRRaaabbblly
MIIssERiiiCorDDD
mIIIsseRRRIeeeS
MMMASSIIrrrLLinEEESs
mmOOSeeeRRRLiiinnusssss'ss
MMosssoorLLLYY
MMOOSSSEEErrsss
mIIsssaaRRYYY
MMiissorrrYYY'ss
MMIIIsssiisssTTeeEEMMM
MMMiiSSSuustttiiimmmaaaTE
mmUUSSffEEEaaaSSSANccII
mmuuuSSffeeeAsssannnCEE's
mmmaaaSSSfaaoosssOOrr
moooSFFuueeelld
mmmisFIIIle
MisssfffIILeeDD
mIIIsssFFIIILiiiSS
mmmiissFFFUllleeeNNNGG
MiiSSSFFiiReee
miiisffAARRReee'ss
MiSSSfffiiirrrIIIDDD
MISSFFFiiirrrESSS
mmmUssFooRRAnnnG
mIIISSSfffEETTT
mmiiiSfffaaT's
MMMeeSSffIIITs
moosssfffETTtteeeDD
MMMiSSFFFiiTTTIINNG
MMiSSFOORRTTTuuNe
MIIISSSFFOOORTTOONee'S
MMMuuSffOOrrtttuNNNiiiSS
mmmUsggAAvAAA
MiSSGGOOVeee
meeSgguuvvvEEnnn
mIIssgIVVEsss
MMissGGGiiivvUng
mOsGGGooviinnnggg'SSS
MMUUSSSGaaaVVVaaangggSSS
MMisGGavvvAAARRRNNN
MMiissggOvvvEEERRRNNeD
MMMISgooVVVurrrnnnuuungg
MiiisGGuuuverrNNMMeNNNtt
mmmISSGGuVEErnnnmmmonnnttt'S
MiiSgggiiivvvEEERRRNSSS
mmmiiiSSgggUUUIIddAANNCCii
mmIIIsGGGEIIIDDUUUNCCE's
MMMIIsGuuIIddU
MMMiiisggUUIIIDDeddd
MMUUSSGGaaiiDEEEdly
moSSGGUUDDiidNNeeSSSS
MMMIIIsssGGGOIDDDeeS
MiissguuIdddInGGG
mAAAShhuunnDDDlee
miiShAAAnnnddllleeeDD
MiiisssHHAAANNNDlless
MMiissshhhuuunnDlIIInnngg
mmmASSHHHAAPP
mmmoossshhhaaaP'S
mmiiSSShhaaapppSS
MMUUSSSHaURR
mmIIIssHHHeeOOrrrDDD
MooosHHOOOAAArrrENNNGG
mUsshhAAIIRss
mmmooossshhhiiitt
mmmIShhhoottsss
MisssHHIITttIINGGG
mmAASShmmaaSSShhh
mmIIIShMMaaSShh'SSS
MMMassshmAAsssHHHeess
MMMuSIIdddeeeNtAAfffuuucccOOOTTTaIIInn
MIISSidENNNtIIIffiieDDD
mmeeSSiiDDDeNNTIIfiuuS
mmOSSSIIdddenTTeeeFFYY
MMMuSSSAAAdeeeNNNTTIIIFFYIIInGGG
mmmuuSSSIMMPPPRRROOSSSsIIIonnn
MMMiiiSSaaanFORRRmm
mmmIIISSSiNNNFFFOOORmmUTTIIOOOnn
mmmIsssEnnFuRRRMMMeTTiIn's
MMEEsennnfffOOORRRmmmeeDD
miSiNNNfURRRMiNG
MMIIIsIInFerrrMSS
MiissaannntttAARRRpprrriittt
mmmoSSiiNNNttoooRRRppRREETTaaaTTTIEEENN
MMMisOONNNteeRRppReeTTATTIIIennn's
MAAsiinntttEEErrPRaaaTTAAATAEEnsss
mmEEESSiiNNNTTTEErpppREEteddd
MMOOsiiiNNtaarpppRRETTTEEEr
MMaaaSSSIIINNNTErPPreeettANGGG
mmeeesssIIInnteRRRpppriiitSSS
mmmasJauuunnnDDDOORR
MMMooSSJJJUDDGEEE
mIIIsssjUUUddGGGiiiDD
MooosssjjuuDguummmiiNNNT
mmiiiSSjjuuudgimmmEnnt'ss
MMMAAAsjjUUddGGGEEmEEnnnttts
MASJJJaddGGGUUUs
mmiissJJudddgIInnggg
mIISJedgmeeeNNt
MMMIISSSjjudddgmmeeNNt'SS
MMeSjjjUUDDggMMMinttsss
MMMIsslAAAbbbeeLL
MMMiiissLuuuBBiLLLOOODD
MMIISlAAAbeeLLLiNNGGG
mmmIIISLLAAbeLLLLLLOODD
mmIIISSllAbbbuuuLLLlAng
MMMuSlEbbIIIlllSS
mmmASloAAAD
MMMAssslllaaay
mmmIsLLLEEYYYiiingg
mooSSSLLLIIYSSS
mmmooSLOAAADD
MIIsLLLeeAddIInng
MMiiSSLUaadddiiiNNgLY
MMMiiiSSllooaaDDS
MMMIISSLLLeeeddd
muuuSSllEkE
MMeeSmmannAAGGGUU
mISMMAAANNAAgIDDD
maaaSSmmmaaNNNAGeeemmmEEEnntt
mmmIIsMMMaaanigaaameeNT'ss
MMMISmaannnooogggEEESS
MIIssMMIIINaggiinng
MMeSSmattcchh
mmiisssMMotttCCHHH'sss
MOOOSMAttccHHodd
MMMIsssmmaaTCHEsss
mAAASMMUUTcccHHHEEEngg
mmmiSSSmEEETTTeee
mmmIsmmuTTTuuuDDD
MMIIssmmmATTTISSS
mmisssMMattingg
MMMOSSSnnAAMMMII
mmoSSSnnneeemmmOdd
MMIIISSSNNNAmes
Miisssnnaaammmiinnng
MMMiisssnnuuummmaaRRR
miiiSSSnnooomARRR'sss
mmAAssnnnoooMeRRs
meesssnnnUmmBBBEEERR
MMusOOO
MMessOOOgguummUsst
MiiiSOOggaaammISTT'SS
MMIsssoogAMiiiSSStttSSS
miisseeeGaaMYY
MMUUUSSSOGGGuuMY'SS
MMMEEssiggYNNissTTT
MMiissOOOgggYYnnnISSST's
MMiiisssoGGYYNNNiiiSTuuCC
MoosssOGGYnAsssTss
MIIISSiigYYnnnOIIIss
mmmaSSeGyyyNY
mmmiiiSOgYNNNY'SSS
mmiiSSSuuuLLOOOgggiieeSSS
mmmEEssOOOlllOOGYYY
mmmIIssoooRRRieennnt
mmmISSOOrraaennnTeeetttEEEEENN
MMeeeSSSpERRcccEAAVOOO
mmOOsppeeeRRCCAAAIIved
MOOOSSppperrrcUUEEEvvveeS
MUUUSSpEERCCCEAAAVVAAANggg
mOOSPIIRcOOppttiiiOOONNN
MMMaaaSSSppiiiccckkeell
mmmIISPPiiCCkkkUULLs
mmmissplECCii
MIIIssPPLLecuud
mASSSPLLLacccEEEmEnnnTTT
miSSSPPPlaacEEMMUUUnnt'sss
mmmiiissspLLIIcccUsss
MMEESSpppLLuCCCIInnGG
MMiissspppllAAY
mmEEESSSPlUy's
meessspLAAYYYad
MMusPlooyyOnnggg
MMIISSPLLLAAAyyysss
MMIIIsppLLLeeeaaDDiiinnnggg
MMUUssppOOsITTTiiiooNNeD
MiiisssPPPrrrInnt
MMMiSpRRRIIInT'S
MMIIISSpppRRRIIINttteDD
mOOOSSSPPPRRiiiNNTTTiiiNNNgg
miiiSSPPPRRRIIINtttSS
MEsssprrrIIsIooonnn
MiiiSSSPrrrIsIOOONNN's
MOSSPPRRiiZiii
MMIISSSPPrroNNNEEEuuncEEE
mmaaaSSprrunnOuunncEd
mmIISPPrrrOnnnIIIoNccciiis
MMiSSPPPrrONNAAUNNcIIING
mmmiiSpppRROOnnnUnnccOoooTTTIIONN
MIISSpppROOnnniNcIaaTTeeeN'S
mmIIIssPRRooNNINccciiiIITTTIOONNss
mOOsQQUUUttaaTTOEEEN
MMUSSSQQuuITAAAtttIIIaaNNN'SSS
MMIsssQQQUUUooTTTUUUTTAAAOnnnSSS
mmmiiisQQUUEEETTE
mIIIsssQuoootttII'ss
MMMIIssQQQiioottteeedd
maSSqquOOTTaaS
mmiSQiiiootttUnnngg
miiSSSRRaaaAAAD
MiisrEIdddIInng
MIIIssRIIIaadanggg'S
MiiSSSRRReaadddaaNggsss
MiSSSReaaaDDs
mEESSrOOOCCKKKAAANNN
mmmUssrEEgIIssttteeRR
miiiSRRRiiiMMOOMMMBBuuRR
mmuuussrrooomemmmBBiirruDDD
MiisreMMMEEmmmbbbERONGG
MAAASSrEEmmmeeMMMBBeeerrrsss
MMOOssrrEEEpppOOOrrttt
miiisssRRReeePOOORRTTT's
MaaSRUUUppOrrtttADD
MiiisssrrrApooorrTuuuNNG
mmmesssrreeeppparTTSSS
MMMESSREPPRRReeeSSeeNNT
MMMiissRRUpRRiiisssEENNTTiTiANN
mmmUsssRRePPrEESSSEENNNTiTIUn'SS
MMisssRRREEpRRReesssUNNTTTAATTTionnnSSS
MiiiSrrraappprriisssUnnnTTTaaaD
MMMIIsrrriiipreseeennntIINNNGG
MMMOsrrrEEpRReessINTTTss
MMiiisRRRoolllee
MMMOsssrUULLLE'sss
mmIISSSRRuulAADDD
mmmIsssrrULISS
MoooSSrrrUUULLINNNgg
MMMiissS
mIISSSS'SSS
MMMiSSssoolll
mmeSSSSaLL's
MIIISSSSAlsss
MIIIsssSSSEED
mIIISSSsssEENDD
mmmaaaSsssOOOS
MMIIsssssHHAAAppee
miiisssSSHHHepud
MMMuSSSSSHHiPPuuunnn
MMiiissHHHAApiiiNNLyy
MMMissssshhhaaappIs
mmmissssshaaaPPPIIING
miSSSsssIIAAAsss
mosSSiille
MMoSSiiilleee'S
MiiissILLERYYY
MMesssileeerrYY'SS
mmmiiiSSSEEELLLESSS
MAASSSSiNNNGGG
mmmiissSSSIooonnn
MoosSiooN'S
mmiSSSSSiOOnAARRooiiSSS
MMESsssuuaaNNNaaaRRy
mIIIssSSSIIIUUNarryy'S
MooSSsIIIIIINNOOOr
mmasssssuuOOnnoooRRR'ss
MESSsssoooeNeerrs
mmmassssiiiaanSS
mmmiiSSsiisss
MMEsssSSSiiiSSS'SS
MissssOOOssseesss
MMMEESSSSSOvii
mmussSSSUvvvee'ss
MMMiiisssSSIIIvvUsss
MisSSPPiiiaakk
mmmiiisssSSSPPaaaAAkkiiinGG
MMeessSSSPPPeaakkSS
miissssPPPeLLLL
MMiSsPPPIIIllLLEEd
mmiiiSSSspElLLLIINNNgg
mmooosSSSPPEEELLLUNGG'sss
MISSsppeeeLLLliiiNNgsss
MMIIssssssPPaaalllLLSSS
miiisssssPPPeeLLLTT
mmIISSsssppuundd
MMMiissSSpppIIInDiiinnGG
mmuuSSSSPPPINDs
MMMAAASSSSSPPPeNNNttt
mAAAssssPoKKKeee
mAASSspppookkkEEEn
mmmEEEsssTTTaaToo
mmmIISSSssTTTATTEEDD
missstttATAAmmmAAnnT
MMiSSSTAATIMMMeNNNtt'sss
mmmiiissStttIIItttEmmmEENTSS
MMoosssssttaaTes
MeeeSsssTTAATTINNNgg
MMIIIssSSTTUUUpp
MMMISSSssstiiiPP'SS
meSSSSSSTTTOOPPPsss
MMeSSSSuuS
MMMeeSSSSSSUUUSS'SSS
MMiiisssssasssEsss
MiisSSY
MOSSt
MMMuuuSSt'S
MMoooSSStttaakkabbleee
MMMeeeSSSTAKKe
MMMisssTTaaaKKKee'SSS
MIIIsstttakeeeNN
mmAsttAAkkoooNNNlllY
MMMOOsssTaakeeRRR
MMMOSSSTaKKES
MIIISSttAKKInng
MISStttIIEEECCHH
MoossTTTEEdd
MMMIISSTEEERRR
MMMAASSteeer'sss
MMMiisTTTEEErrrS
MMEEStthhREWW
mmUsstttHHRRRoWW
mmUsThrEEEWWN
MIIIsssTTuuooR
mmosstiiiEssstt
MiiisttIIILLLYYY
mmmiiiSSttimEEE
miisstttIMeeeD
MIIssTTUUUmmAS
mmOOSSStttImUUUNNGGG
MMiiissstttInnOOSSSSS
mIIssttIInnnEsSSS's
mUUUStoonGGG
mmmiiissTatlllEE
MaaasTLLLeeeTToooee
MMiiSSTTTllEETOOEEE'SSS
mmmIIIssTTTOOKK
MMMisstrrriiiL
mmuusssTTTrAAALL's
mmUSSTRRRIIlllss
mmmaaaSSStRRRaaaNNSSSLLLItttE
MMuuusTROONNNSSSluuTUUUD
MMMIISSStRRinsssLLoooTTaasss
MistrruuNNNsssLLLAATINNNG
MMIIIstttrrannssliitttiiOOONN
mmmooosstROOOnnSLLAAttOOAANNs
mmIsTRUAAATT
mmmEEEStRRReeootooD
mmmisttRRiATTannnGG
mmmISTReeiitmEENtt
mmmiStRRReAAttMMEEnt's
MiiiSSStttRReeeAATTTS
mmoSSTTrrrEEEssSSS
MMMIIsstttreSSss'sss
MMiSTrruSSSEESSS
miSSTTrieel
mEsttRROOEEll'S
mmmOssTRRRIaLLSS
mmmiissttrUssstt
MUUUSSStRROst'ss
mmISTTRUsttIIID
mmeSSTTrruuSSSTfffuuull
maSSStttrrrAAsTFFUULlY
mmmIIIsstrosTTfffuulllnESSSSS
miiiSSSTRRRuussstIINGG
meeeSTTRRRUUUsstSSS
mmIISSSttss
mEsssttyyy
mmOOSSSTTTyyype
MESSSttYYPPPED
MMMEStttYYPPesss
mmmIIssstttYYPiiiNNgg
mmmISUUNNNdURsstttINdd
MIIIsOOnnndddeeerrSSStttANDIINg
MOssoooNNDEERRRsssTTAAANdddiinGG'SSS
mIIIsssAANderrrStUUnnnDDiiNggsss
mmmooSSSOOONNDDDooRRSttAANddSSS
mmmISSSuuuNNNdorsssttIIIIId
MMMEEsssUUSIIgggu
mmmissUUSuu
MMoooSaSSSu'sss
MMMoosUUSSSUUUDDD
miisuuussUUUrr
MIISSIIISSIIIS
MMUUUSUUssiinnnggg
MMMiissvvUULAE
MMIIISSSwwOORRD
misssWWWRRRiiittO
MMIte
mmottteee'SSS
mmAAATTTEEERRR
mmmIIITTOORRR'ss
mEEETTTErEEEd
MMMeeTTUUriinGG
MooTTTeerrSSS
MiittterrWWIRRttt
MMiiittEEERRRWWErrrttss
MMIIIttAAASS
mmmaaatthErr
mmiTTThhhrrrADDDeeTTTa
MiiitHHRRRIduuttIIISSSmm
MaaaTUUCCCAdEE
miiiTTTuugggAAbbbLaaa
mmmiiTOOgggiitEE
MMMAAATTIIGGGAAteD
mmmITTTIIggAATTTEES
MMMITTeGaaaTeenGGG
mmITEEEGIItttUUUaNNN
mEEtUUUgaaaTTTooInn'S
MuutiiiggAAAtttaaaVVVi
mmmItIGGATTuuuRRR
MMMiiTTTOggAAAtttIIRYY
MiTTIss
MeetttEEECCChhhaaaNNNddrrrIIaaa
MMMoooTOOchhuuNDRRIIIaaalll
MMooottooccchhhOnDDDRiiiunn
MMiiTTTooSSooosss
MMIIITOSSOS
mmitoSSIIS'S
MMITToooTiCC
mmmetttooTTTICUULLLLLYY
mmmIItRRaiLllleUsssII
mmiiTttt
mmutttttt's
mmiTtttAN
MaattTTeeennn'SS
mmUUUttteeNNsss
mmIItTTImmuuuSS
mmmITttts
MMMIIttZVeeHHH
mmITTzVOOThh
MMOxx
mmmUX'S
MMIIxEEEBBllE
MMiiXEEEdd
MMeXEEEr
MMeeexxErrr'SS
MMMiXXXIIrrsss
mmIXeesss
mOOOXXeennnGG
mIIxxOOOlllOgiiSSt
MMIIIXXXolllagggiiSSSTsss
mmIIIXXOllooGYY
MMaaaxTTTEERRRaa
mmmiXXtuRee'S
MMOOxxxttUrOSSS
MUXXXup
mmiiizzAAA
mmoZZZEEnn
maaaZZZeNMMaaastt
MuuuZZiiNmmmAAAstS
MMMuzzzIInSS
mmmIIIZZzEnn
mmmiiizzZEN'SS
mmmIIIZzzANNmmmeessttt
mmaaaZZzzzeeNNNMMMOSttt'SS
MMIIIZZzzeenMMoooSSSTs
mizzzZENNsss
MMMoZzzzeennnSEEILL
mmAZZZzzzLaa
muZZZZZlleeeDD
MiiZZzLLEESSS
MMMIIzzllONNNg
mmKKSS
mmmnnnemmmoo
MMnEmaNaaaccc
mmmnnnamoNiiiC'sss
mmmnEEEmmmONUUUcccuLLLllyyy
MMnOOmmmIInICCCss
MMiiAAA
mmmIIIUUn
mmoaaN'sss
mmOOAAAnnneeeddd
MMoooUUUNNNeR
mmmuuaaaNNeeeRR'S
MMOIIInnnERSS
MMeOOOnOONNGGG
mmIuunnSS
MMMouS
mmaaeeet
MMeeaTTT'SSS
mEEEAAAtttaDDD
MMMOOOATTTSS
MMMuubb
mmmuuBB'SSS
mmOOObBBBiiDD
mOObbbbbbiiinngg
MMMoobbCaaP
MMooBBCCaPSSS
MIIIbboooloo
MMOBBIIILa'S
MMaBBBIlllASSS
MMMeeebbbIllITeeeeS
mmoobiiiLLiTTTyy
mmmOOObbEEElOOTTTyyy'S
MMMoobiiLLLuuuZaaBLLU
mmmeeebbbilllUUUzzAAttOIIINN
MMMOBIllEEzzUTTTIiiNN'SS
MOOBBBaaLiiZZZATTIIIeennnS
mmubIILizzo
MMooBAloozzzEEEd
MMOOBBBiilllOOOZuuur
mOBOOLLIIIZZZEERRR'S
mmmOObbilAZZZERss
mmEEBAAAlAzzooS
MOOObbAAlOOOZiiingg
MoobboooccRRRIICCCYY
MObbbsss
miiiBBsssTTuurrr
mmEBBSTeerrr'SS
MooBBBSSSttteeerrrs
mOOOcccCAAASSSin
mmacccCCCusssIIIN'SS
moooCCCCAAAsUUNSSS
mmooccchhhAAA
MMMooCChA's
mAACCKKK
mmoooCkkAD
MMMeeeCCCKKKIIrrr
mooocckeeer'S
mOOcKKuuurrrEUUsss
mmaaackkeeRRRSSS
MMooCCCKuRRRYY
mOOOcckkkEEErrrY'SS
mmmoCCkonng
MMMaCkkkeeNNGBBBAAArrDDD
MoCCKKiingbbbIRRRddd'SSS
MMooocKKIIInngggbbirrDsss
mmmEECCCKKKonnnggglY
mOcKKKS
MMMeeCCKKUUUppp
MaaCkkkEEEpp'sss
mmmAAACCkkkuPS
MMOOdd
muuudd's
MMaaaDDDil
MMoodAAALLL'ss
MMMeedAAAllluuttieeeSS
mmmodddaliiiTTTY
mmmOOOddAAAlllly
mmeedddaaLLLSSS
mOOOdee
MMMOdeee'ss
MOdELL
mmmODDDeeell'S
MMadaaLLUDDD
MMAdddaalEEErr
mmmiiiDeLLLUUURR's
mmmuuDDeeLorsss
MMMUDEELLAnnnGG
MOOOddaaLLLInG'S
MMMOOOdddIliiinnnggs
MMooDDeeelLLIID
MMMEEDeeeLLlllEEnnnggg
mooddduuulllss
MMModEEM
MooddEEM'SS
mOOOdddemmSS
MMoooddeeraatttEEE
mmOOdddOOrrrEETuuu'ss
MMMODEEERRRaTEEDDD
MMMadddERattteelYY
mmmodddeeeriiTTUUNeeeSSSsss
mUDDDeeeraaaTTTaaNNNEEEsssS'S
mmmUdddeeeRRetEEsss
moodddEEERATTTInggg
mmmooddderITTIIIEEEN
mmOOOdderatIIOOOn'ss
MoooDDDeeerrraatte
modeeerraaTTTEErr
mmIDDDeeRRRiitttoRRR'sss
mmmooDiirrAtEERRRss
mmmOOOdeeeRnnn
MMOOODDDeeerrN'sss
MMMEEDDeernooo
MMoDeerrNEsM
mOODErrrnnnAsssMMM'S
MMOdddERnnnOsssTTT
MMIDDeeRRRNNooStt'sss
mmmaaadddeRRRNNiiSStttUUCCC
mmmooDDUUrrnnnuuuSStttsss
MMMuudddeeerrniiTTy
MMMOdeeeRneetttyyy'sss
madIIIRRNNNiizzATuONNN
ModuurNNNiiZZooteOONN'sss
MMoDDDOORnnOOOzzzitionnnSS
MMModdEEErNNIIzzzII
MMMOODDDuuuRRRNNNaaaZZZeeD
MOODEERRRnniiiZZoooRRR
MMaaadddeRnnUUUZZeR'SSS
MMMAADDEEErrrNNUUzzEEErrrSSS
MuudEEErrrNOOZOsss
MooddAAArrNNNiiiziiing
MMMoooddduurNNLY
MooDDDeeerrrNnnEEESSss
mmmoooddoorrnnnnEEsssSSS'S
mmmIIIDuuurrNsss
mmmODDDEs
mmUdddEEEssttt
MMMUdeSSStllly
mOddeessty
mmmOOOdddEEESTYYY's
MMoodiiiCCUUM
mmOODUUCCiimm'ss
MMMoDDICCCiiMMSSS
MOOdIfaaABllle
mmoddeFiCaaaTEEEUUUnn
mUUddiiFFoooccATTTiiOOOnn'S
mmmAdIFFEECCEEtOONNNss
MOOOdddiiiffIEEED
mmoodddifffEOr
mmmiiddAAFFFAAAarrr'S
MMedEFEEEiiiRss
mmOOOdddIFIIEEESS
mmmoooddOFFyyy
MMOddIIFyiinnngg
MMMOOOdIIIlllUUUoon
modUUULLLlIoNNSSS
moddUuullUUUSSS
mOdddEShhh
mmOOODDDUUUSHHlyyy
MMMeDDIIshhNeeeSSSSSS
mmoooDIIIsHHNNNEEEsssS'SS
MMOOdddissstttee
mOOODDEEssTTTess
mOdS
moDDDUULLuuuR
MMMEEEDDUUllEERiitYYY
mmmodddUUUllaaarrrIIZZZo
mmOOOdUUULLLarrOOOZZAAAdd
MMoooDDIIILLuuuRRiizzzINg
mOOODDUUliTTTeee
MooodUUULLLaTTTOOOdd
MODDaLaattEESS
MMooodddUUlAATTToNNgg
moDaLuuTOOOON
MMMaDDuuullOOtIIOOnnn'SS
MMMoooDDUUUlllaatEEonnns
MooDuLLAAATOr
ModULLAAAttor'SSS
mmmoodULLAAtttooRRRsss
mmADDuuLLLAtOOOrY
mmmEdduLLLeee
MMMOOODDOleee'SS
MUUDDuuLLeesss
MMooodduuLLLUU
maadAlluus
MMooofiiittttttO
mmmooogg
mmOOOggGGGiie
mOOOgGyyy
mmoooggUl
mmmoooGuuul'S
mOOOgOLLLsss
mmooHHHAAirr
mmmehhAAIRRR's
MMMEEEHHur
mmmOOOiii
MMUIdddooraaa
mmmOUUUaaaTAAesss
MeeeiITTTy
mmoIIIITTYYY'SS
MMMOIll
mmmuIIL'SSS
MMoiLLLID
mooiiLLLaarr
MMMAAAiilllINNNgg
MMeeeIIIlsss
MMMOOOiiiRRRe
mooIRRiii'ss
mOOiiiRRESSS
mmoooAASSt
mouuSTTTannn
MMMUUUiiisstttEEEnned
MMooiisssTENeer
MMOUUUsTEnEErrr'ss
mmmAAiSSteeeNNEEERRs
MMMAAAIISSSTTUUnnnooonGGG
mmmOOUUUSSSTEEEnnS
MMMOOOOOOSSSTEER
mEIIIstEsssT
MMMOAAAsTTTlly
MMoooISSTTTNiisssS
mmmAAiiSttnEESSsss'SSS
mAISSTTTUUUrrree
MMoIIStttiiirEE's
MMaaaissTTurrAZZe
MMoiiisTAARRRiiiZZZeed
mmmOISSTTURaaZZZeRR
MaaIIsssTTTUUURRRIZZuuuRR's
mmmIIIIIstUrEzeerrrs
MMMeIISSSttuuurriiiZees
mmmoisssTTTIrIzzIIInGGG
MMMEJooo
mmOOkE
maakkEEsss
mmOOLLLUUU
MoollEEELL
MMMullaallluuTTYY
mOOlarr
mmmoLLOR'SS
MMoLaRROOOTTIIIISSS
MMMOLAriiitttyy
MMMooollAAArrrSSS
MMOOLLLAASSS
mAAlllAsssSSeeeS
mmaaLaSssEEsss's
MMMoooLLD
MUUllld'SS
MMOOOlllDDoooblllIII
mmmOOllDBBBUIIIRddd
mmmEElldddBBBuuuAAARD'SSS
MoLLDDbbAAAArddS
MMMiiLLLDeeD
MMOOOllDDeeeRR
mmmOOlllddeeeR'ss
MallldddEEEReeed
MUlDDDooRIINNGG
MMOOlDDDEErS
mmmOOLLDDDUUur
mmIIILLLDDDIIIusssttt
MMMULDDDeNNiSss
MMMOLDDDiiNEEsSSS's
mmmULLLduuuNNNG
mmmoollDDannnG'S
MOOOldOnnGss
MMMAALdddS
mmOOOllldddy
MMOOOlee
MMMiiiLEEE's
MoooLLEEEcUUULLLuR
MooollIIcillEroooTTTyyy
MOOLLEEccuuLLLarrriittYY'SS
MMoollleeeCCCUUULLEEE
mooLLLeeeCCuuliii's
MEEELAAcuuullEEES
mOOLLIIhhILLLL
MooolllEHHIILlll'S
MMMULeHHHILLLLLLss
mmOOOlAAAs
mmEELLLeeessKKunnn
MMMoLLeeeskIInn'sss
MooLLEssKUUUnnss
MoooLuust
MMoLeeeSTTaTiiUUNN
mmmallloSSStttoootttOuuNNN's
mOlllaSSSttEEtttOOuuunnnSS
MMMooLLEEESStttId
MMOOLLLIIISTTTEEEr
mmmIILEsssteeeRRR'SS
MMMolEsssttIrrrss
mmmileestOnnggg
mmmOOllIIstss
MMMEElllIIInAA
MUUlllL
MMILLLLLL'ss
mmmEllLLeesssCCuunt
MMMOOOLLeA
MMMOOLLLaaaaass
mmuuLLlIFFFUCCCotttioN
mmOOllllliiifffOOOcccaaaTTEEOOOnn'SS
MMMooLLLLLaaafffoooaaaddd
MMMuuuLLLlllaaaFFFAAeeRR
moLLLLLIfffAEEEss
MMMooolLLaaaFYY
mmoooLLLLLLEEFFyyyIInGGG
mmmILLLLLs
MMMEEElllllOOSc
mmOllLoSSc'SSS
mOLLLLLLusCCCooonn
mmmoolllLLuuSccaann'SSS
mmmIIILLllusCaaaNNs
MMUlllllOOScceeeoooD
MMEEELLLLLLuuScccsss
MMeelllllUsssk
mmOOOllLuuSSSkk'S
MMMooollllluuuSSSKaaNNN
MMMOOlllLLuuSSKKAAnnnSSS
MMMoolllUUUsssKKKsss
MMMOOOllllYYY
MMMOOOllLyyy'sss
MooolllllYYCEDDllleee
MuuulLLLyycoDDDDDLooo'SSS
MMooLlyyCAAAdddDDLLLEEEdd
mOlLLLYcoooddddddLErr
mmOllyyccODddlliisss
MoooLlyCCCOddllleeNNNg
milllS
mallTTT
MMMUllTT'SSS
mmmolllteeDD
mmmOOOllteeeN
mmOOLTTTER
mmmOOlttooRR's
MEEElltooorrss
mULLLTTTeeNNNGGG
MElllTss
mEllY
MoolllyBdddAATTTee
MOOOllYBDEnuuto
MMooLLyyybdddEnIITTTEESSS
MMMaaallYBBBDuunnnOAs
MMooollYYBDAANNummm
MMMiiiLYYYbbbDANUMMM'sss
mooLLyybbdIIIc
MMMuuLYYbbbdddoIIISSS
Momm
MMemmm'SSS
MMoomeeeNTTT
MMMuuumENNt'S
mOMEEntii
MMooommeennttuRRaLyy
MaaMMuuntIIIrrrIIInnOOOSSSSS
mOOMEEnnnTTTERaNeSSSSSS'ss
mmmOmmmENNtteeRy
moooMoooNNNTlY
mmmiiiMANTTToooUss
mmmooommEEENttouuuSSLLyyy
MOOmmEEENNNTOOOAASSNNNESSS
mmooommmaaaNTTOOOEEESSSnooSsss'S
mEEMMMennnttS
mmmoMMMeeNNTUUmm
mmmoommONNNTooom's
MMMomIsssM
mmAAmmmAsMMss
MMMaaammmMMAA
MEMMMMMAAA'SS
maaaMMAAASSS
MOmmaes
mmUUMMmmmyy
mmmoooMMMmmmY'SS
moomsss
monnnOOChhaall
meennIICChhhussmm
MAANNaaaciiiDDD
MooNNEd
MMMOOOnaaaDDDEEELppphhhUUs
mmuunnAdOCCC
MMOOONaaddassMMM
mEENNaaDDDNNOCK
MMOOOnnEDDDS
mmmONNaannDrEEeeeSSS
MMMOONinDDrOUUUSSS
MMiinnneeennDrY
MMMonaNNtttHOOOuSS
MMUUUNARRcHHH
MMMOnnOOORCCCH'ss
MMIInaaarchALL
mOONNEErrCCChhhiAll
mIInnaRRRCChAAACC
mmINiRChhhUUUCALL
mmOONNARChhhiiiES
mmOONNNIIrrcHIIISSSm
MMMONNaaRcHHIIssmm'sss
mmeeNNaaarcccHESSt
mmmUUUNNNIIIrrrCCHiissTTT's
mOOOnEEErrrCChiiisssttticc
MooonneRccchheSSttts
mOONNAAARcccHHHsss
moNNNaRRRcHHYYY
mmmOONNuuurrrcchyy'SS
mooNNAAARRRDDDA
MoonnaaRRDiiiss
moonnnASS
MOOnnnEESEES
mmmuuuNNNAASStteeeRIIaLL
MMaNNNaassstttOOroooAASS
MaNNAAssstERRy
MMMOONNaSTTTeryy'SSS
Mooonnaasstic
MMMaNaaSSSttiicc'SS
MMooNaaassTaaCaall
MMaaNNaaSSStIcccaaallllY
MOnnnaaassstUUUccEsM
muNoooStiiCIssMM'sss
moonnAAStaaaccSSS
MOONNNaTTaamaaaCC
MMMaaaNNaaaURAlll
mmmUUUNAAAaaarrUUULLLLY
mOOOnnAxiiaall
MMMoonnOOOZZIIItttoo
MOnnnUUUzzittteeeSS
mmuNNddE
mmmoneeCCCOOOOIIIS
mInotttarrrUULy
mUUUnnneTTTAAArIssm
mmminneeettaRIIssm'SS
mAAnEEEtuRRIIISSStt
MMoNNeeTarIIIstt'sss
MMMoonEETArrriiiSSSTTicc
mEEENNNEEEtARRiisTTsss
mmONNNEEtttUUrrYY
mmmOOnnneeeTTTIIIZZZAAATiAANNN
mooNeeTTIIzzzituuuoooNS
MMMInnEtIZZZE
MonnEEETTTIZZEDD
mmooNNEttizzOOOSS
mmEEENNNeTTiZZZAANG
MMMOOONNNeeeYY
moonnnEYYY'SSS
MMMoonnneeyyBeeG
mmINNEEYYBBBaaGG'ss
MMOONNeeeybbEEGGGss
MMMoonAAAyyyBBaxxx
mmoNEEyyyBBBOOOXXXuSSS
mmmiiiNNNIIIYYYCCCHooNNNgggirrr
mmOnnneYChhhAnnnGEERRRss
muunnnoooyyyiddd
mmOnnOOOyIIR
muuunnEEyyGGrrrIbbor
mmoooneeeYYYgruuubbbbEER'S
mmmunoooYGGRuuuBBbbbEEERs
MooNNNeeYYYggrUUBBbbbiiiNGGG
moooNNNeyygggrrrOOObbbBBBuunGG'ss
mUUUnnUyyyLLAAnddiir
MMooonnAYlleNNNDDDOOrr'S
mmOOOnnnEyyLLaaaNNDARRRsss
MMoonneeeYYYLLEESss
MMoNeeeyyMMMuuuKOOr
mmmooonnAymEEKEEERR'S
mmmONNNEEEyyymmAAKIrss
mmOONNNEEYYYMMaaakkkiiinngg
MuuuneYYYMMMAAkkIIINggg'SSS
MOOOnUUUYSS
MMOOnnnoooyWWWIIrrt
MMMuuuNAAYYYwwIIIrrrTTTSS
mEEEnGGG
mmInngggiiEEEsuu
MMMOOOnnggaar
MMuuungEEErr'SSS
mOOngggeRREDDD
MMMOOONNNggUUUrriiinnnG
MMOOONNggooorrss
MMoonnnGO
MMMonnnGUUeeeSS
mmmeNgOOLLL
MMMOOnnGGIIILLLIISSSmm
moNNgOOlUUsssm'SSS
MMMOOONGOOlIeeedd
MUUUnnnGuuLLLoiiid's
mOONNGoLLLIiiiDS
mmooNggOOLs
MIIInnnggoooessoo
mmOONNGUAAAsssEE's
maaaNNgguuuESSeeS
mONNNgggaaS
mooonGRRREELLL
MMOOONNNggReeLLL'sss
mmmUUNNGGRRAlIIZZZE
mmmeennGGGrraaLLizeeDDD
monnGGRRREllIziiSSS
MOOOngrrrEllliZZZIIInnnG
moNNNggrrraallss
mmooonAAACCCKKKerrr
MMMIniiccKuuurrr'ss
mmmaNUUUckkkeeerrSS
MMMonIeDDD
mOONoooiiisss
MonOOOKoooR
mmmOOOnIIkkkeeeRR'S
mOOONNiKEERREDDD
mOOONNNiKKKeerrrs
MMMOOOnnnoollliiFFIrrrmmm
mmuuNNEEESSm
MEnnnIIIsm'S
mEnnIStt
MMOnnIIIsssTT'S
mmOONOOOSSSttEEccc
MMuunnnuSSSttts
MMOOnniittEOONNN
maNNIIITTTEEEuunn'sss
mmennnuuutttAAAOONsss
MuuunnniiiTuuuRR
mmaaNITTTOR'SS
moNootttoRRREEdd
mmmOnnneTTTaROOaall
MMOONNOtteraanG
moNAAAtttIRss
MMMOOOnniiTToory
MMMeennnk
moNNNk'sss
mmINNNKKoryy
MMOOnnnKKEEEyy
mUUUnnnKKKuuYYY'sss
mEENkkkUYYEEEDDD
MMMUUNNNKKKiiiYEnnngg
MMOnnKuuuYYYPPPiTT
MoonnKKEyyySS
maNNNKKKEEyysshhUnnnEE
mmmUNkkkEyysssHiinu's
MMoooNNKaaaysssHHAAANNeeSS
MMaNNKFEESH
mmOONNNkkhhhOOOOOODDD
moooNNkkkiissshhh
MannnkkkeesHLyyy
mmmooonnKKKSSS
MMMOnnKKKssHooiiiddd
MOOnKKKsshhuuuoDDD'SS
mmmeennnKKSSSHHeeeooddS
MMOONNO
mOOnOO's
mmOONIIIACUUddd
MuuNNooAAttIIMMOOcc
MMONOOOBaassUUUC
MMMiiinnOOcccARPPPUUUc
mOOONooChEESSiiiuummm
mmmOOOnnnUUchhllaRIDE
mEEENNNIIccchoorddd
mmmooNNNOcHRiimmaaat
MOOOnoCCHHHRRRUUmmmAATTTiiiCCC
MMMaanooocccHRRaaammoootIIICCAlllllyy
mmOOOnoCCHHRRRooommOOTTTiSSMMM
MOnnEccchRROmmE
MMoooNeecccHHrrriiMMi'SSS
mmmOONNOOOCCChrOOOMMeeS
mIIInnoCCHHHROOOmEccc
mmuuuNNNiiccclE
moNNNaaacllII'SSS
MoNNecclUUUd
MUUNNNuuCCllIIIss
mmmONNoCCLLLENNNaall
mmUUNNNOcLLLiinnnUUU
MMMOOnnnoCCCLIINIuusss
mmmiNOOcclEEEnnall
MOOOnnOOOCCCoooqqUUee
mmmUUUNOOccEEETTT
MMMooNoooCCottts
mmmeNNNOOOCCeTTTyLLooDon
moooNOcooTYLLeedduuunn'SS
mmOnnnooocuuutttyleeddOOnnOOEsss
mmOOOnuuccoooTTyyyLLEEEddOOOnnnss
moooNIIcceellaar
mmonnnooCCuLLLttOOOrrraaL
mmUUNNNaaaCCCUUUlllTeerEE
mmmonoCCCYccLI
mmmonnnaacYYYcclleeess
mmmunnnuuCyyCCLiiccc
MMMOOOnnnaCCCyyyTee
moonnOOcYYYtttIISS
mmmOnuuuDDDiiiccc
MMooonooodIIIcccaaaL
moNooDDiiieS
MMMoooNNeeeDEEStt
MMMOONOddaaStt'sss
MMMONoddUUstS
mUUUnODrrrAmmAA
mENNNiiiddy
MMMIIINIdY'SSS
MMINoooFiiiLAAMMaaaNNttt
mmmOOnOGGGooommmISSSt
mmOOOnooGGammassT'SS
MMMooonoooggaaMMMUUUsssTTTss
mUnnnoGUUmmmOOOeeSS
MUNNNuugguummoUUUsllYYY
mmmonnOGGAAAMy
MMMeennnoGAAAmmmyyy'ss
MMMOOOnnUUGGEnneeSEES
mOOOnoogEEENNNEESSSis
MMManoggEEEnnEEtttooc
mmmOniiigeeeNiiiCC
MMMOOOnnnOOgrruuuMM
MMMOnooggrrrAAMM'ss
MMMeeennoooGRRAAmmMMMaaaTTiiiCCC
mmOOnnUggrrAMmUUUddd
MOOONOOOgggRRiiiMMMMuuuNG
mmmoNNUgRRRaaMMSSS
mEENNNaaagrrrAPPPh
mooonOOgggRapH's
mmmooNNNoooggROOOppphhhEr
mmAANNOOGGGRaaPHHAccc
mmmoooNNNoggRRAAPhhOSTTT
MMOOnniGGRRAPPhhsss
mmmOOnnneeGYNIus
MMIInnOGGGyyNNNyyy
MMeeeNNOOOHHYYYDDrrrIIICCC
mONNNOOHHHYDDDrrrOOOxxxy
MinnUUiicccOAAASS
mmmONNNOlluuttrrriiiaass
MMMInnnuLLLAATrrY
MMAAANoooLaaayyyIR
MMoNNOOOLLeYYYiRS
mmoooNNOLLaaaNNggguaaLLL
mOOONNOOllIIINNNGGUeeelll'SSS
mmeeennnOOOlOONNNgggOEElooSM
mOONNOOllliiNGGUeeeLSS
monAAAlluuthh
mmOOONOOOllliittHHH'ss
MMMuuunOOLLAATTThhIIC
MOOOnoooLIITTThss
maNNNOOlllOOg
mOOONUloooGG's
MMaaNNNOllloGGGaaaSSSTTT
mmmOOnnolllOGGoossT'ss
minOLLLoGUUsttsss
mmmuunnOOLLLooGGS
mmoonnnaLOgggiiEEE
MMMoonnooloogggOoo'ss
MOOOnnellIggUUUes
mmOOOnoooLLLOGGuuueeSSSTT
mmonnOOOLLLoooGGGUUAsssttt'sss
MMMoNoollleeegguuIIssstSSS
mmOnoommaaNiiiaa
MMiiNNNOOOmmmaNIuu'ss
mmmUUUnnnoMMeennnIIAAAc
mmmOOONooMANIIaaaCCC's
MMMUUUnimmaaaNIIIIccAAl
mmmoonnAAmmaaaNNaaAAcccSS
MoonOmEEER
MoooNNNoommmArr'SSS
mmmONNEmmmIRRoooc
MoonnnoMMEEERROOIIss
mOOOnnnoooMMeRRRSS
mmmOnnaammmittIlllIIIssMM
MMMEEENemmmoooTTaaLLLllIIC
MUUUnnneeeMiiiaaaLL
MMMoonOOMMMIIooLLLss
mmmOnnneeMMMooolIcccoLAr
mmONNooMMORRRPPHHHoCC
MMOOONanucccLLIAAARR
MMMAAnnOnUUCCLLLeeeiiisssISSS
MMMaaaNNNooonnnUCCllleeeiississs's
MMIIInnOPPEETTaaaLLooous
MMMOONNNOOPPHHaaGGooESS
MMuuunOOOPPHUUUnnnACCC
MonnnOOPPPhhoNiCCCOOllLLLY
MMMaNNNOOOPHHEnnY
MMMOOONuuuppHtttHHHennggg
MIIINNNaaPPPhthhunGGGSS
MMMOOONNOOpppHHHyllluuuTTTaaccc
mmoonIIIpplluuNaa
MMaaaNNNUUPLLLaaaNeee's
mmmOOONNaPPLLLOOOnneeS
MMMOOnUUPPllAAGIIA
mmmaNiPPPLeeuuuDDD
mmmEENNNEEPPoddde
MMMEnnnopppooLUUU
MoonOOPaaaLLIss
mmuuuNNEEPPIIILLoooOOOSS
MMMONNOPUllleeeSTTT
MMMOOONNuuuppooLLLEESTTT'S
MMMeeNNNoopppOOllEEEsssttuuuc
mmoNoooppOOOLLLISSTSSS
MoonnOOPPPOOOLLIZettiOOnn
mmIInnooPPooliizzzooTTTIION'S
MMOnnnaPPOLLLIIIZoo
MMMONAAApeellIzeedd
mIInooPPPoooLLIIIzARR
MMMInIIPPPOOOlllIIIZZEEERRR'sss
mmINaaappooLIIzzURSS
mOONNNOOOpiilUUUZZZEEs
MoNNIPPaLLiiizzIIngg
MMOnnnOOppallly
mmOOONNNIpppOOOLLyyy's
mmmAAANOOpppTAARRESS
MMMaaNNOrrOOilll
mmmooNNNerrrueeLL'ss
MaaaNNNooorrruuuillsss
mmmuuuNOssAAAccccccHARRRIIIDAA
MoonnnuuusssecccHHHaRREEDOOOSS
mmmeeeNNOOSePaaLLLoooIsss
mmAANNNIIISSoMMee
moonOSSSPPERmmOOAAAsss
mmOOOnniiiSSToooCCHHH
mmmooonaaasssttiiMMMEEE
mmeeeNNNooostrOOPPPhhE
MMMooonnnooosssTTTYLLoooIS
MOOOnoSYlllLIIbbbIIccc
MMMooNNNaasYLLLlllaaaBIIceellllyyy
MMMonniiissyyylllLaaablllee
mmOOnniiSYYlLOOObLLeee'SS
MMoNNNOssYYYLlOOObLIS
MMMOONNNeeesssYmmmmiitttRROccc
MUUUnnEEETThaaSSM
moNNoTTThhhuuismm'sss
mmmeeeNNOTTTHHooIIISStt
MMuuuNNNiiitthhhEEEiiiSttt'SS
mmmOOONNNooTTThhhIIIisssTTTEEc
MMMOnnOOTHeeeeeSTsss
mmeeNOOTTTIInnTTT
MMEnnnuuutttOnnnEE
mEEENNOOOToNee'ss
MMMeeennniTooNIIsss
mmEEENNAAtttooonnnaacc
mmONoTTTOOOnnicccUUUlllLY
mmmOOONotooNNNiiiCCCiiitttYYY
mmONNNOTTTooNUuuss
MooNNNiiiTTTUUUnnnoouusssLLLY
MMOONNNUtoNaeeSSnooosssSS
mmmIIINuuTTTUUUnnnoUUSSnnnUSSSS's
MMoNNOTTOnnYYY
mmmuunnOTTTiinnnYY'S
mmmOOnneeetttyyyPPOO
mmoooNNNuuTTYYYpppEESSS
MMoooNNOOTTTYYYPPiicc
MonoouuunnnSSSuutuuruuutEEEdd
mmaaNNOVAAALLONNNcA
MMMAAANiiiVoLLLenccYYY
MMiiNiVVaaaLLEEENNNTT
mmmOONNNuuuxuuudII
mmaNNOOxxxEEEdU'SSS
MMIIINNooXXXidddaS
MMMinnUUzzYYYGGGotttIcc
mUUUNSSuuIIIGGneeeeeRRR
MMOONSSaaiGGGNNoIIIRR'SSS
mmONsuAAuurrr
mmENNSSSiiiaaUUURRR'sss
MMOOnssIgnnOr
MMIINSSSiiigggnnorrr'S
MooNNsEEEgNNOrriii
mmmOOnnsssIIGGGNNNOrrrS
MoonSSuuiN
MonSSiANNN'SS
mmONNSSSOEEENeLLL
mmmOONNSSEoNS
MMMoooNNNSSStttEERR
mmmoonnsssteRRR'S
moooNNSSStEEErrSS
mOOnnnssstReNCe
MMMUUnnSStttRRRAAnnnCCCe'S
mmmuunnnssTTRooonnccciiiS
mmmEEnSSStttrrreeesssIIITTTiuuuS
moNSTrrrOOOssATTYYY
mmmaaNNNSTTTrrriSiiTTYYY'sss
MMiiinnnssstrAAUS
MMOOONStRRAAUUssLLy
mONNNssTTRRooeeSSSnnnEESSS
mONNTaage
MMMonnttaggo'SS
mmOnnntaagggaS
MUUUNNtuuuNNEE
mmmeeNNTee
mmuunnnTTaaeeeTTH
MMOOONteRRaaa
MMOnntesss
MMAAANNNtttGGUUUlFiiEEErrr
MMoNNNTHH
meeNTThhh'sss
MMMoNNNttHluuuOOsss
maNtHLLIIInGG
monnnTThhLYYY
mmmennTTTHLLLYYY'S
MMoNTTTHHHSSS
MMOnTTTEEccUULLLee
MMUUUNEmmeeNNtt
mooonIImmmAAnnnT'sss
MOOONNNUUUMMMEEENTooLLL
mmeeennaMMMoonnnTTaalleeSSM
MMonummennntttaaaLLLIITTTYYY
MMMuuunnnUmeeeNNtttoooLLLAzzEEE
MMINuuummmeennnTTAAlllIIZUUUDD
MMOnuMMMeeeNNNTiiillIzAAS
MMMOOnaamAnnTTTaalllOOOzzzuunnnggg
MMoonnUUUmEENTTAAAlLY
mmminnnUMMMAANtS
MMUUUnnzzooNNoTTTeee
Mooe
MMMuuui'ss
MAAOOOccchh
mmoooIIIChh'SS
MMUoCChheeeDD
MaaaoChERRR
mOOOOchhhIIR'SSS
mmmUUUaCCherSSS
MMEEEoCCHHeesss
MMOoocccHHHENNg
mmeeuDDD
mmmOOOOOOd'ss
mmmUiiiDOOUUUrr
mmooooooddoooosttt
MMMauudddiilllyy
MOOOOdiiNNEsS
mmmooeeddooNNOSss'SS
mEEEEdddS
MMoooodddY
moooeeeeeDD
mmmOOOOOAAAnnnG
MooolllEHHH
MMMOOOolllOOOHHs
MMooooonnn
mIiiNNN'ss
mUUonBBeeeuMM
mmmOONNbbEEEaamm'S
MMMOAAANNNBeeAMSSS
mmooaanncccAAAllfff
mmmoooONNNED
mmiiOOONNEEyE
mmOOiineeeyyyOOss
MMOOOOOONNfffIIsshhh
MMOUUUnIER
mmaaaaaannniiiiissTTT
MMuuuOOOnnnaannGG
mUAnnlEEESs
mOOOOOnnnLLAAggHttt
mooEEENlllIIgggHHHTT'SS
mOOoooNNLLiiiGGhtadd
MOoNllliggghtaaaRR
MMMooooonlIGhtteeer'ss
MOOuNNLiGGGHHHTTTErS
MMooooonnllOOGGGhhTTTonnnGGG
MMooooNNNLIgghhTTTiNNG'ss
MoeNlIIgghTs
MMMoooIINlllUUUt
MMAeennReeekkkOOORRR
MOOOOnnnrrruSSSEEE
MOOOONNSSS
maOOONNNsccuuupO
mmoooooNsssCCAAppE'SS
mIOOnnnsCCCIposss
MooooNNSEEEeeD
MMMOOOnnnssseeeEEEdss
MMMooOOnnnSSSUUUt
MMoooEEEnnSSHHInaa
mOoooNsshINeee'sss
MMMIIIeeeNsssHHHInnnorr
MMMoooonnssshhIInnEER's
mmOOOOnnssshhaaanneers
mmOaaNNNssHHHiiNNNIIIs
MMuuuANSSSHUtt
moOOnshhAAAt'SS
MoIINNNSHOOTs
MoAAANNNStttAAANNO
MMMOOOAAANNssttOnnii'SSS
mmmuuanssteeeNNNuusss
MOoNSTTTRREEECkk
mOOOiinnnwAAALLLKKK
mmOOOONNNwwwaaalllKKK'ss
mmmueNNNwwUUUlllKKS
mmIOOnnnWWoorTTT
MMMOOOOOOnnnwooRRRTTSSS
MMMoooiinyy
mmaaAAAr
MMMooooooRR'ss
moooiiRaaaggi
MMOOooorAAGGEEES
mmmOaaaRRREEEDDD
MoooiiirrfffOOWWL
MMMUUUurHHHUNNN
mmmAeerrrhUUNS
MMMiiiOORRRINGGG
meeeoriinnggg'S
MMiiOrrruuNgSSS
MAuRRllannnddd
MMMoOORllAAAndd'SS
MiiiOORLLanndsss
muueeerrSSS
mmuEErrwooRRtt
mmmooORwwOOORRTTTSS
MMMAAos
mmmoosEEE
MMMEEEOOsEEE'S
mmmOottt
mmmOOoTTED
mmmAAAuuuttAAngg
moooatss
MOOOp
mmmoP'SS
miiipbbbOAArrddd
MOOOpppBBBOOOAARdddS
mOOppII
MMMOOpee'SSS
MAAAPPPeeeDDD
MMoopIID'ss
MMIPPiiiddS
MMMOOOPPooRR
MMMOpOOOr's
mIPeeRRSS
MMMUUpppes
mmooopeeyy
mmmUppeeeuuRR
mAPPPiiEsTTT
MMMEppEEEnGG
mmmEppeSSSHHH
mmoPEESHHlllYY
mOOOPPppiidd
mmmoppPPPEEERRR
MMMoPPPPPEEEttt
mmmooPPPPUUUtt'SSS
MuuupPPPeeeTTTSS
mopppPPPIINNgg
MMEEEpSSS
MMAAAPPyyy
MMOQEEAtTAA
mmoooqUUEEttTTeeeSSS
MMooorrra
mmirIIICCEOuuSSS
mmAAARaainnnaa
MUrraaiiNNNa's
mOOrrrIIoonnnaaaS
mmmIIIrrriiLL
Mooorraaalll'ss
MoRRRAAAlleee
MMoRRRAlleee's
MOOrolllIssst
mOrallliissstt'sss
MMOORAlisttIIccc
MMeralAAsssTIICeLLLlYYY
MMMURRelllissTss
mmIReeeLiTiiiiiiSSS
MMMaaaRRRAAAllIIItttYY
MMMirrrallIITTTYYY'ss
MMMoooraaaLizoTTiiiUUUnnn
MMOrruuuLuuuZOTTTIIIoooN's
mmmuuRALAAzzaaa
MMMOOORaLiiizEEddd
mmmooRelllIIIzzeRRR
mmOOORRAAALLeeeZZZeeRR'ss
meRRaLizeRRSS
mmorroooLLLaaazzees
mmmuuurrraaLLOOZZinnGGG
mmmoorrrOOOLLLizzaaaNNNGGLLLYY
marraaLLLLy
mmooRRREEElllsss
MooorrIssss
mmaaaraaaSSSsss'SSS
mmooREssSSUS
MMUUURatoriiiA
MMooorooTTooorrEEEuuuM
mooRRREttaruuuOMMM'S
morroooTiRiiiUUUMSS
MMEEERuY
mOOORAAAYY'S
MMMOORReyyyss
MIIIRBBBIdd
mmmoooRbaaaDeeezzzZZA
mmooRRRBiDDDUTTYYY
mEErrrBBBIIIdddIITTY's
MOrrBBBIdddLLY
MMuuurrbbiDDDNEEEsss
mOOOrrrbIIIDDDNNNEEEsssSS's
mAAArrrbIFFFIIIc
MMMorrBBBaaallleee
MirrCeaOOO
MURDDDaaaciiooUUSSS
mmoRDDaaCuuOOUUSSSLLLYY
MMMeeRRRdaaaCCIIITY
moRdddInnCY
MMMirrDDDInnCCCY'SSS
MMUUrrDDDoNttt
morddannnttt'SSS
mmaaaRDDUUUNNtlyy
mmORRRDAAAnnTsss
morrDDDinnntt
MoooRRRiii
MMMOrE'SSS
MMooorrrEUUUnn
MMOrrrEEEosshhh
mmUUrrreeLLL
MMMiiRRRiill'SS
MooorrreeeLLLlII
MMeeerraaallLoSSS
MMMORRELLSS
MMoRROOooovEr
MMoRRRUUUs
MooorrrEESSS'SS
MiiRRRgggUUNaaattuuCCC
mmOOORRggANOOOTIII
meeRRgAAANNNIIToss
MMMOOORRgIIInnn
mUURRRgEEEnnnsss
MOORgaee
MMMoRRGoooII's
MMUURRGGEEUUSSS
MMMOrrriibbbAANNNDDD
MORiibbbUnndddOOOttYY
MOOOrEBuuuNNNddllyy
mmaRRuuueNNN
mmmiiirreeonnns
MOORRRnnn
morrNNN'sss
mmmoooRRRNNNINGGG
maarnnnONNNGGG'S
MMurrnnOOONNNGGss
mmoRRNNNS
mmmIIIRRoooccccooo
mmmiRRROCCCcccooo'sss
MMMoRRREEn
mmuuRRRonn'SS
muurrroooNNNOOCCC
mmmOrrOOnnniiCCuulllllYY
mmooRRaaaNNSSS
mAARRResssII
mmmOOraSSSeeLy
mmiiirrrOOseennEsssS
MaarrOssaNNAAsssS'sss
mOORphiD
MMORRRPheeMeee
MiiRRPPPhEMMMEEE'SSS
MaaRpHooMMEsss
MMorrpphhuMIIIC
MMeeerrrPPhhhuMMIICCaaaLLLLLYY
mmuuRRRPPHHHiee
MOORRphuuAAA'SSS
mmArPPhinnII
MMMooRPPPhhiiiNEEE'ss
MMMuuurpHHHiinnG
mORRRpphinnnGGG'SSS
MMMooorrrPPPHHAAAnnEEssM
MooRPPPHuuuGuuuNNNEEssuuss
MMorrrPPHHHOggEEnnnEttIIc
MMMorrrPPPhhuGenIIIcc
MMMOrrrPHHHIILLOgiiCC
mmooorrrPPHHHIIlogggiiiccul
mmooRRphooLLOOggOOccilLLy
MurrpppHOOllluuugggIeeeSS
mmURRRpHHolllooogggiiisssT
MORRRppphhhOOlooogggY
MUUUrppHHHelooGGY'ss
mmOORRRPHOOpphhhooneemmaaa
mmmaRRPPhuuuphheeNNEEEMMeees
MMMOOrrrppHOOOPPhineeeMMMICSSS
mooRRRPPhAsiss
MORPhhSSS
MMMOOORRrAAASS
mmarrrrOOW
MARRRrrrOOW'ss
mmmOOORROWS
mmORRsssOOO
MOOOrrssIIlll
MorssEEELL'ss
MooorrsssEEELLS
MMOrrT
meeRRRTAl
mmiRRtUULL'ss
mmIIRTOOllItttYY
MMMOORRRTTTulliiittyy'ss
mmooRTTOOLLLLLYYY
mOOrrTTooLLLsss
MMiRRTTEER
MooorrrTTUURR'sss
MooorTarbbbOOOARRRD
MOOORRTTARRRBOOOaRRRddd'SSS
mmirrttoRRBiAArrrDsss
MOOORRttAAARaaddd
MMOOrrrTTooRRRuuung
mmEEErrTaaRRsss
MAARRttggoggee
mmooRRRTGGGAAGe'SS
MoRRRTTGGAAggguuuaaabbblEE
MMArrttggAAAGGEEDD
mmooorttGAggEEe
MMOORTTTgggAAAGGaaau'S
mmOORRRTggOGOOeSS
mmmaarrtttggoGiRR
mmOOrrrtttGEggaar's
miRTTGGGigEEErrSS
MiRtGGGaGGGeSSS
mmmeeerrrTTGGGuugANNNggg
mmmUrrTgaagggerr
mmmoorrrtttGAgggoorrr'SSS
mmmooorrrtggaGGGorsss
mmUUURRTUUUCoo
MMMOOrrttiiCCCAA'sss
MMOOrrrTTIcceddd
MMiiRRttteeecccEEEsss
MurrTAAccoooAAn
MMMOOrTTToooCCCiiioNN'SS
MMAAARRtttIIcceinss
mORRtttiiiCCooNNGG
MMeerrrttteeFooocccAATOOOooonn
mmorrrTTiiifecAtttIoooNNN's
mmooorTTTEFIeD
MMMorttIIIFFiiIIsss
MiiirrrtttIFY
mOOORRRTTiiFFFYYYiiNGGG
MMorrttiifYYYuuunnnGlly
MMMaaaRtttIIISSSeee
MOOOrrrTTTAAASSee'S
mooorrrtAAssooddd
mmmoooRRTaassuuRR
mmUURRRTTIIISSass
mmmoorttIsiiiNNNG
mORRRtMaIN
MoorrrTTMaaiiins
MOOOrrrttaaAARIIIeeSS
MMiRRTTTUUARyy
mOOrrtiiiARRyyy's
mmmoooRRUUULAA
mmmuuuSSUEC
MMooSSAAIc's
MMoooSSSAAAEEccUUSSSTTT
MMOsAAAiCCKEEEd
mmooSaAAAcSS
MUUUssAAAssaaIRR
mmOOSSSCHaaatooL
mOOsssEY
MMMaaassEyiDDD
MoooSSSuuuyIINNGGG
MMMOOSSSeyss
mosssHH
mmmIIIsHHUD
moooSSShEsss
MEESSShhIInnG
MMeeSSSqqeE
mmmOOOSqqiee'SS
mOOSSQQueeess
MMMoSSSqqquIIITo
mmoSQQQAItOOO'sss
MMMooSSSQQaiiiTTTiEES
MMMOsssqEEIIItAAASSS
MMMassssss
MMMOsS'S
mmmoosssSbbbaaaCCKK
MMMooSSSbbuuCCk'SSS
MOOOSSSSSbbbACCCKKEDD
mOOssSSSBBiiiccKKKsss
MMMOSsBBBiiinKKEEErrr
mmosssssOOOSS
MosssEEEEERRR
mmmOOSSSsAAeessttt
MoSsiNNNIISsss
MooosssssstrruuooPPeeRRR
MMoooSSssyyy
MMOOOSSST
MOOOssTTT'SS
MooossTTTLLLy
mmmittt
mOOT'SSS
MoTTTee
mOTTaaa'SSS
MMOTTTUUULL
MMAAAtEEll'S
MMooottIIIlSSS
mmmOOttteSS
mootAATT
MOOtttAAttt's
mmoottteeetttSS
MooottH
mmmaaatth'sss
mmooTTTHHbEEllll
MMMIITHHBBAlLL'S
MMOOtHHbbbaaallllllID
mmmOtthhBBBiLLliNNG
METhhBBaalllls
MMMOOOtthArrr
MOOOttheeerr'ss
meetttHHeeeRbbEEAAArddd
Meeettthhherbbboarddd'SSS
mmmOtttHeRBBBeeAAARddsss
mmottthhhUrruudd
mmmAAAttHHHEEErFUUCCKKoRRR
mOOOttHHEEErrFUcKEERR'SS
MOOOTTHeRRRffUUckEERRRSS
mooTThaaRRfffuckkiiNG
mmmOOttthErrrhhhOOOOODDD
mmaThoRRRhOOOOD'SS
MMMaaaTTTHHHERRiinnGG
MMOOtHHiiirrLLOnnnDDD
mmotHHErrllAAAnd'SS
mmOOOtHHeeeRRRLAANNDsss
mmoothERRlleeeSSSSS
MMMoooTTHHErrrLiiinneeeSSSS
mOOOtttHHIrrLLeenneeSSSsss's
mmmoTThhiRRRlYYY
MMootttHErrrS
mmOtttHeeeRRRWoRRRTTT
MMoooTTThhhUUrrwooRttS
mmooThPrrrUUUoFFF
MMMoooTHHHPPPrrooAAAfffEEddd
mOOOTTThhPPRaaaOOOFFFEER
mmOOTTThpRRIIIefiiNNNG
MMMOtttHHHPrOOooofffSSS
MOTTThhhs
MMMOTTTHHHyy
mmOtiF
MMuuutttaaff'ss
MMMOOTiFS
mmOOtalllE
MMaTTTulAAsss
mmOttolIIITTyyy
MMMEEEttAAAllleeetttY'S
MMMaTiONN
moTiOOONN'S
mmETiiooonnnEEDD
MMMuuutttIENNNooNNgg
mOOOTTTaiiNllloossSSS
mmuTTiiiOOOnLLAAASSSSSSLLY
mmitttUUUiNNlllooosSSSnneeessS
MMiiTTTAAooonnnlllissssNNeeessss's
mmmoTTTIIIOONNNSS
MMoTTAAAvvvOTTuu
MMottIVATUUUdd
moTUUUvIIteeS
MeeetttiiivvAATTIIINGG
MMMOOTiiiVVatttuon
MMMOtIIvvAAAtioooNN'S
mIITiiiVVAAttIOOONaLLL
MMMeeeTIIIvvvatttiiiunnss
moootteevaaTiiiRRR
MMMoTIIvvvutttOOOr'sss
mmmOOtIIIVVVAtttORRss
mmmUUttiiiVVVi
MMaaattiiVee'ss
MoTTTiVVVEELLessS
MMMoottiiivveeeSSS
mmmoottiiiVViitIIEEs
mmmaattIVVVitttYY
mmuutttLLOyy
MuutleY'SS
muTllleeeyss
MotllliiiEr
mmmaTTlaaEESSTTT
MMMooTmoTT
mITTMootS
MMMAAATTToCCRRooSSSS
mmuuTTTaaaCCCrrrUUUSSs'SS
mmootttOOOCCCRROOSSSsssEESS
mmmEttinnEEEUUURROOn
mmetoooRRR
mmoootiiirr's
mmmaaattteerbbbIIkkkeee
MMaTTErrbbIIKKKEE's
MMMOtttOOORRRBBeeKKKEEEDDD
mmmoootttoooRRRBBAKKKESS
mmmoTTTooRRRBiiiKKInnggg
motOOOrBBBiiiAtt
mmmITTorrbboooaaatt'ss
mmmoooTOrBaaatttOONNNGGG
mmotttooRBOOOaatttSS
MMMoooTUrrbbbUUUs
mmoooTTEEErBBeeeSuuuS
MMMaaTAArrBBBasssseSS
MOOOTTUUURRCCCAAADDDU
mEEETaarrccAAADDee'sss
mmmoTTTIrCCCuuuDDDees
mmmooTToooRRcAARR
MoottAARRRCCCAARRR'S
mmmOtttOOOrccArrrSSS
muuTTTooRccycLLe
MMMITTaarrCCyyyCCLE'SS
MMIIToooRRRcccYYYCCCllEd
MMMAAAttaarcccyyccLEEEsss
mOOOtttoRRRCCYCCLLLInng
MMOOTarCCycllliiisssTT
mmmoooTorrrCYYccLiissst'ss
mmmEEETTuuuRRRCYYcListtS
MMMotttoooRooddd
MMOTTToooRRIINGG
MMMiTTTArINGSSS
MiTTTOriiiSSSt
MMMOOOTTEEErestt'SSS
MMetttoRAssttts
mmmIITTTurrrIIZZZUUTTTAAAOOOn
mOOttterIIIZZZaattteoNN'ss
MMaaatttoRiiizzu
MoTIIIRiiiZEEEddd
mootttaaaRRRIIIZZAAss
MMuttUUURRRiiiZInnng
MMMOOTTOOOrrrMaann
MMotoooRMMMAAAnnn'SSS
MMMoooTOrrrmmmEEnnn
mmmIITTOOOrrmOOuutthhh
MMMotoooRmmmOOOEEETTHHH'sss
MMooTTorrMMMaaiiTTTHs
MMOTTArrrsss
MMMoooTORTTTRRRIIIccKKK
MutooorrtttRRUUCCkkkSS
mmoTOORWWWayyy
mmETTTUUURRRWWWAAAY'S
MMOOTTTAArrwwaaYYYs
mmAAtttSS
MMMOtTTTu
mmiiittttLLuu
MMoooTTtttLLAAADDD
mmAttTTLLEEEs
MMoootTTLaNNGGG
mAAAtttti
MMooottttooo'sss
mmmIIItttooeesss
mmottTTToS
MUUUUUUOO
mmmoooEEe's
mOUUUuuus
mmmaaFLLooonnn
mOooFliiinnsss
MOOUUUJJokkk
MMEEEUJJiiKKsss
mmmUUUULLLInnn
mmOuuND
mmuuUnDDD'sss
MMMoooAAANDIIIdd
mUUUUUnnndenggg
mmmoaNNNDS
mmOunnnTT
mmoooOnTT's
MMMaOOONtttUUBBBlllEEE
MMoUUNTaaaeeNNN
miiUUnnTTIIIIIInn'sss
MoouNNtAIIINuuuoor
mmmoooIIInTTIIIiiNNeeaaarr'SS
MMMoUUUnnTTTAAAiinnneeeeRaaDDD
mmaUUNNTTAAINNNeeiiRinnnggg
mmOUnnTTAAAeeennnooeeeRRRIINNgg'SS
MooEEENNNtttIIIIneeeeerrsss
MOaaaNttAEnOOOUS
MMoooaaaNNtoooAAANNS
mOuuuNNtaaaaaaNNNSIDDEE
mEUUUNtAAAEEnnSSeDDDEE'sss
MMMOOOuuNttAAIINNNSIIDDDeees
mmmOOOOOONTTTuuinTTiiipp
MMMOOOuuNNNTTAiNNNTTTooop'S
muuuoNNNTTTaiinntOpsss
MMMOunTTaiiiNYYY
mmooooonnTTTEbbUUnnnk
MoooennnTTTiiiBBBUUUNNNk'SS
MMMOOUNNNTEbAAANNNKKKEEERyy
MaaaUUUnntooBBaNNkkkSS
mmeeeUUUNNNTTeeeDD
MIIIuuntttoooRR
mmmOOOonnnTTTEEr's
mmOOANNtttErrrsss
moooUUUNTTTIIaaSSS
mooONNTTTEEnG
mmmIuuNNNtInng'sss
muuuunnTTTiiinnnGGs
MMOOoooNTTSSS
MMeuurN
MMuAAArNNID
mmOUUUrrrNiiiRRR
MMOOOurrNNNaRRR'S
muUUrrNNNEErss
mmaUrNNFFFOOLLL
mmOOOUURRRnnFULLllYY
mIIuRNNNFuullNNNaaassss
MOurnnnfffUUULNNasssss's
mmmoooornInnnGGG
miiiuuuRNNNaanngg'S
mmOUUrrrNNNs
MMuuuoosII
mmoeeesssEE'SS
MeeaaaSSSuuuBIIrrrdd
MMMOuuusseeeDDD
MiiiossaappOODDD
MMMaaaaaaSSSEEERRR
MMIIusseeeRRR'sss
mmoUUseerrss
mmAUUsssEEEs
mooOsssEETTTAEEll
MMOOOSSSeTTTruuuPP
mmeUsssEEETTRRRAPP'sss
mmeeesEETRRaPPped
mmmEEAAAsEEETTTrAAApppIIINNNggg
MMoooUSSeetttRRIIIpppSS
MAAuuSSeey
mmmUuusssuuiiir
MMMUUUSSSIIeeeSStt
mmmaaaOOOSSSuuNNNeesssSS
mmOUSINNNEESSSSSS'SS
mmmoiisuNGG
MMEEEuSsssAAAKA
MaaaEssSAKKaass
mmmooOOsssSSSu
MMOOeeSSSssse'SSS
mmmiuuusSAAADD
MMMUUUsssssseeelIniii
moouuSsEEs
mmmaaaaSSSSSong
mmmAAisssTAAACCCHHE
mOOoooSSStAccHHii'sss
MMOOUsssTTaaacHees
MMMuUsTTTuccchiiioo
MMOOUUUSSSTTTAAAccchhiIII'SS
mOOuSSStAAACHiOOeeD
moaaSSY
mmoooaaaTTThhh
MoUUTTTHHH'SSS
miiiEEEtthuuuddd
miEEthhFFuLL
MoooIITTThhhFooLLL's
mmooUUThhFFFeelllSSS
MMMOOaTHeOOORRR
moUUtHEEOOsT
mmouuTThhhiiinnnOssss
MMOuuutttHIneesssss'ss
MMMOOooottthhiiinnGGG
MOutHHEEERRGAnnn
mmooouutthhhPPPARRRTT
MMOOOaaTHHHppeeeRtSS
mmmaaauTTHpiiiiccee
mmOeeTHHHpppoaaaCCEEE'SSS
mmiiOOthhhppOOUccESSS
MuuuuTTTHSS
MMMEEIIITTThwEEEssshhh
miiEEthhhWaaaSSSH'sss
mmmOOAAATHHHwwashhEEEss
muuuUTTHHWWaaTeeeRINGGG
MeeeUUTTTHHHYY
MMoooutOOONNN
mmmOUtttoooNNN'SSS
MMMOOVAABBBiLLLITiiies
MMiiiVaaaBBBILLLIIITTyyy
mmmivaaabbLLe
mmOVaBBlllOOO'ss
mmmoovabllleeennoosS
MovvEblOOnessSSeSS
MOvvaaBlllEEsss
MaaaVVABBLyyy
MMMOvveee
mmmOVEE'SSS
MooovvvAaaBELLLiiTTy
MOOVVEEEOOBLLLe
MooovvEEEiibbbLEEE'SS
mmmIIIvEAABBBlIIINNeesSS
mmIVVooaaBLLLeeenneeeSSsssEEEsss
movvvaAABBLEss
MuuVViiiAAbbbLLLY
mmOOVVVEEEdd
muuuvvoooMMinT
MMMoooVVemmeeNNTT'SS
mOOOVUmmmeNTTTsss
MMMuVeeer
MMMOVVVERRR'S
moooverrSSS
mmoovvvAASS
MMoovvaaEE
mmoooVAee'SS
mmaaVIADeeemmm
MMAAViiiggaaaeeRRR
MeeVEEEEGGGeeeEEErr'ss
mmmUVIIIEgaUUURRsss
mmmAvvvEEeees
MooVAAAnGG
MovvOOOnGGly
MMoWW
MaWW'SSS
MMMOOWWWEEdd
MMMuuuWeeeRRR
moowwOOR'ss
mmmoowweRRRs
mmewwwIIINNGG
MMooWWWNN
MUUUwwsss
mmmOOxa
muuxxIIIE
MMOOOXXXIIe'sss
mmmAAZZZzzziiiREElllLLu
mmoozzzAArooolLLLA'SSS
MMMAzzzaTTToo
mmss
Muuu
mmmu'ss
MMUUccchhh
MMuccch'SS
MiCHNNUssss
mmeeeCCHNEESSSSUUSSS
mmmooCiiiliiiGGe
MMMUUUCCiLugeee'sss
MMUciLLLaaGGUUNNouuSSS
MoooCCiNN
mmuucUUUNsss
MMMaCCK
meeeCCKKK'ss
mmmuCKKEEDDD
MMMuucckeerrr
mmmeeeccKKiEEER
mmmuCCkkkaaEESSSttt
mmECCCkiiNNNGG
mmmEEECkkkRoooKaa
mmmUUcckkRAAkkeeeD
MMMuuuCCCKKrAKKKOrr
mUCCkRRAAkkERRR'S
MUUccckroookAArrS
MMMooocKRRRIIIkkkaaass
mmEEECCKKKRAAKKKiiNg
MMMuccckksss
mmeeCCCKKWooorMM
mmmOOCkYYY
mmmEEEccaaaAAAddd
MMMAcOOppprrOTTTEIINN
mmmEEEcOOOrr
MMeeCEEErrSSS
MoocccOsssaa
mmAAAcccASSSuss
MiiCCCoSSSee
MeeeCCCOOSSSiiitYYY
MMMaccceeeuuuSS
MMuuCCCoVuSScIIDDoSIs
mmaccRROO
MMMuuccrrOnnuuTTeee
mmOOcccIS
mIICIIISSS's
MMADD
MMUUdd'SS
MUDDDcccAAttt
mOdddCCCeeeTTsss
mmmUUDDddiEEdd
madDDDAooRRR
MMUUdddDDuuuEEss
MMUUUDddaauuuSttt
MMMUUUDDDDEEEllyy
MeeDDDDDIInnnAAASSSs
mmeeeddDDDooNNNEESSss'sss
mmmOOODDlEE
mmmeeeddDDDllleee'SS
maDDDDLLLooddd
muuddddllleeeHHHUUADD
MMMuuuDdddLLLEEEhheEEEdeD
MMuuuDDDddLLLeR
MADDDDllleeSS
mmuDDDDlllaanggg
mmmIIIDDDDy
MuuDDDYYoooNG
MMMUUdddffIIISSSHH
mmuuddffLLaPPP
muuuDDfllApsss
mmmADfLLLAttt
MuDDfffllOOT'SS
MMudddfflooottS
MMUDfLLLoww
mmIDDfLLEEEwwwSS
MMuddGGUUUARddd
MMMuuDDDggEEEaaarrddd'S
MMMAAAdgguuuAAARDss
mmUDDDlllArrKKK
mmaaaDDLLLAAARRKKSS
mmmIIIdddPaCCCKKK
MMMiiDDPPaaacccKKsss
MMMUUUDDRRA
MMMuuudddrrraaSS
MMMudrroooIIIm
mmmUUdddrraaaEMMM's
muuuddRRuuuOOOmmmSSS
MedddSkkUPPeerr
mmUUUDDDSSKKKAAPPpppEEErS
mmmuuDDDsssllliidddUUU
MMMudddssLLLOOOdddII'S
MUUUDDsslliiDDees
MMIIdSSSllIInnnggEEERR
mmUUUddSllliiiNggEErrr'SS
mmUUUddSLLLIIINgggeeRRSSS
mUDslInnngiiNNgg
MuudSlllUNNgggIINNGGG'sss
mmmaDDDsTTToooNII
mOOOonsssttooorr
meeeenSSSTTeer'S
MMMEEaaaSSSlAA
MUUessLLEEEss
mmUOOOZZZzzOONN
MaaaEEEzzzZIInn'SS
MUEEEZZZEEENS
mmEEEFFFf
muffF'ss
MUUfFFEED
muuuffFIInnn
MMMUffffuuNN'ss
mOffffIIINggg
mUUFFFfffINsss
mEEFFfLLLE
MMMUFFFFFFllEEEDDD
miFFlUR
MMMuuFFFllleeeRR'sss
MMMUFFFFlEErrs
MMMEEEFFFflIIss
mmeeFFFfLLLEEENggg
MMufffffSS
mmmOFtII
MMIIIffti'SS
mmOFFttis
MMiiG
mmUUg'S
mUggFFFUUL
mmogFeeL's
MuggFEEElSS
MMMUUggggeeDD
MMMUgGaaaRR
mmmuuuGGGggUUrrr'ss
mmuuuGGGGeRRRs
MMEEEgggggIaaarrr
MMMUUGGGGeeaaaSStt
muuGGGiNEsss
MaaGGGGiiiNNEsS'SSS
mmmUUGGGiiinnG
mmUUgggggiNggg'SS
mmmOOGGgggiiinnnGSS
mmmuuuGGGOOONNNsss
MMOOOGGggiinnSSUUsss
MMuuuGGGgyy
mugggss
mmiGSSShhoott
MMuuGGGSSHHOOTT's
MMiiiggSSSHHooottSS
MUUUGWWuuumPP
MuuugggWWWEEmmpp's
mmuuuggWWWOOOmmpppErrYY
mEgwwwiMMMps
mmuuJJaaaHHHeDDdooNNN
MOOOJJJIIHHHeeDEEEEENN
MijjjuHHHEDEEEeNNN'SSS
mmuujjjAAAHeDDDeeeNNN
mmmOJAhhheDDDANNN's
MuuuJiiiHHHIDOOANNN
mOOjjjaaHHIIdddiiiNNN
maaaJIkk
MMMUUUjjIIkksss
MMuuukkkllluuuK
mmokkkllleeekk'SS
MMMuuuKllleeekkS
MMoollEETTTToo
mmmaallAAtttti'sss
mmmuuLLLoooTTttOOOEESS
MMMOLAAtTTUUSSS
mmmeeelllBBEErrIIIeeess
MULbEEErrrryy
mmUULBAArryy'ss
MMMUUllCChhh
MMMeeLLLCCHH'SSS
mULLLCChhhId
mellChESSS
mmmUlllCHHHAnnngg
Muulllcccttt
MUUUlllccctt'S
MOOLLLcccttUUUd
MMOllcccTTOONNNGG
mmuuullcctts
mmiiiLLLEE
MMMiiilEE's
mmuuuLLLuuSS
mUUllOOOssKKiiiNNNiir
mmmUUUllleessskkkINNneeeR'ss
mmUllleeeSKKIIINNNnnnEERRRss
mmmuullEETTeeeeeRR
mUUUllleteeeUUR'S
MoolleeetttUUUEErS
mUULLLEyy
MMMOOOllooOObbRRRiTTy
mmaLLIIssshh
MUUlllusshhLLY
MMMElEShnnEEESSSS
mmulllISSHHHNNNEEESS'SSS
mmmEllll
MuuullLLLa
Muuullooohh
MMMULLLlAH'S
MAALlEEEHHHSS
MMUUULLLiiddd
mOllleeeeen
MMMullllllEEiiiN'SSS
MuulLLLEEnnn
mmuuuLlllurr
MMuuuLLllUTTT
MMMoLLLllleeeTT'sss
MuuuLlllETs
MMolllLLLEEEy
mmUUlllllOgggAAANNN
MMuulllllIIIgEnn'sss
mmEEElllllIIGOOnnnSSS
MMuuulllLLLOOGGUTAAAWNNYYY
mulLLEEEGeeTTTEEWWnnnyyy'SS
MMMUULLLLLLUUUgggRRRubbSSS
mmmulLLLEEEnnnggg
mullllliAn
mooLLLllIIIooNNN'SSS
MMellllIONeeeddd
muuuLLllOOOONss
mmmaaallllOOOTOO
MUUllllaccckkk
MulLLS
maaaLLTTTiiENNNgeeeLLLIIrrr
MMuuuLLLtttiCCCIIlLelllAARR
mmmuLLTTTuuuCOOLlIIllaaRREEEtttYYY
MMaalllticchAAANNNNNeeell
MMaaLLLTTEECCCOOOlAr
MMMuulTTuuucOOOLLUruDDD
mmmUUlltiiiCCuullTTIrrrAAAL
mmmuuLLLTiccUUULTTTuuRRRiiLLIIISSmm
molTTTicUUllTTTuRRRuLIIsMMM's
mmUlllttiidiMMMunnnSSIIIooonal
mmmiLTAdImmEENNsssIIIooNNNAlllIttY
mmaaLTTIIddIIRecctttioooNAll
MUUlllttEDDUUsscciipppllEENNaRRRyy
mmuulteeeeethniiicc
MMeelltiiiffoooCCCETaaaDDD
mmmIIIlTTIIFamEEELyy
mmuuullttifffERRIuuuEEEss
MAlltttifffAAARRRiiiEEeeessLLLYY
mmmUUlTiiffUURRRooooUUSnissss
MMuLtefAARRIIIOeeesssnassss'ss
mmmoltttuFFFId
mmolllttiiiFLurrrOooSS
MMEELttiifffEEiLL
MMMUlltiifoolld
MMuullTTTOOFFFUUUlaAto
mmUULLTTAAAFFFoooRRRmmm
muuLLttUFooRRMMMutttYYY
MMAllltEfuunnCCtttUUoN
mmmUllTTifffaaNCCTTTiieeenuulll
MMIILtIILLOOONNNu
MMooltttUUULLaattEEraaall
MMALTTTuuulllaaateeeRRaaalASSM
MMuuuLTooLAttteeerrralllEEESt
MMuuulltiiilaaaTTTeeeRRRAlllLLLyyy
MuLLTTTUlAAAyeer
MMMaaaLLLTTTIILAAyyeeeRReddd
maaLLLTiLUUVEELL
MUULLLtttaaaLINGUUUULLL
MMMAAALLLtAAAlllennGGEEEaLLiiSSmmm
mmmuLLTTTooolinGGuuIIIlllIIssmmm'sss
MuuuLtaMMMeDDDEEEII
mullltiiimmmEEEdddoooiii's
mmmeeeLLLTTTIImmEETuuur
MMulTiiimmAAlLLLIIAAnn
muLLLTImiiiLLLLLLIIEENNAAAiirrre
mmuuLLLTTTuMMuuLllooonnAUUURRe'sss
mmmUUlltEEMMiilLLEEIIINNaaaiiRRRusss
mmmeLtoonnUUTaaaOOOnneeel
MMMUULLttAAANatEEEOOnIIILL'S
MMMEELLttUnnnaaaTTTioNAALLLSS
mmmiilTTTuuunnnUUUcccLLLeeIIRRR
mmmuuullteePPAAru
mmmUUlttteeePaarrrIIIs
MMuulllTTTOpppuurrtuuTTTe
MMuuuLtttIIPArrrtttyy
mmmUUUlltteppEED
MMMuuuLLTiiiPhhAASEE
mmoLLLTTTIIpLLLEEE
mmmeeLLLTTTIpplee'SSS
MUUULLLTePPPLaaaSS
MMMuLLtEEEppLLLUxx
mmuuLtttiiplleex'SSS
MIIILLTTTeepLLLOOOxxEEd
mmmuullTiipppLOOOXEEER
mmeelllTTTiiPPLLeeexEEERR'SSS
mmmuulTOOppplllEXXXEErS
mmmUUUltttiiipppLLLeXes
mmmuuLTiipLLLaaaXIIINGG
mmmUULLTTipLLLUUUxiiittyy
MMMaalttOppllleeeXURRR
MaaLttIIpplaxxxaar'SSS
mmulTToPlleexoorrrsss
MMullTUpplIICCCAANNNdd
MMMaaaltttOOOPPLLLiiiccaaannDDD'SS
mmmUlllTTIIPLLLiCCCInddS
maalTTIIppLLUUUcAAttE
MMUUULLtttIIPPLLLiiiCaaTTTiiOOON
MMuuuLLLtteeePLLiiiceeeTUUUOON'SS
MMuuLTTTAPPlllEcccATTIIeennnSSS
MMMaLLLtttippLLAAAcEEtaaVii
MMMaaLttteppliCCCItttIIIeeess
mULttaaaPPPLLiCCIIItty
mmUULLTEEEppplllIIIccIty'SS
mmmUUlTTTiiiPPPLIood
mmAAALLLtIPPPlIErr
mmUUULLTTTooopppLieeR's
MMuuulllttEEpllliiiiRSSS
MMuullltupppLeeEESS
MMMeeeLLLTiPPPllY
MMMaaallttaaaPPlyyiiiNNggg
MMOllTiiPPrrrOCCEEsSSEENNNG
MMMOLLttiPPPRoCessSSSOrr
mmmUULtttUUppRRRUCCCoSSSSOOOrrr'ss
MMMAAlltAAppprocceeeSSSOOrrrS
MUUULtiPPPrrrooGRRRammmmmuuuNggg
MuLLLttIIpppeRRRpuuuSSEE
MMMUUUllltEEERRAAciiiaall
muuLLLttIISSiiiNNssseee
mOlttASSTAGGu
MMMuuulllttuuuSSStttOOry
MMMaaaLLLtttiiiTaSkk
mmallTTITTTaaaSSKKKAAANNNG
mmulTTTIIITaSSkkiiNNgg'SS
muulttiiTTTEEEdddEEE
MMuLLLTOOTTuuuDAA'SSS
MMaaLLTTTuutUUddduuSSS
MMuuulltITUUUDiinniiUUUS
MullTTTiiiTTUUddiNNNIIUUsssLLLY
MMiiLTTTIIIUnnniiiTT
MUUlllTTOUUUSEE
MMiiLLTTTiiiVVVEEEllleennCE
MMMUllTOOVVVAAALLEEENCCCYY
MMUUlllTTTIVaLLeeNNNttt
mmmAAALLToooVAARRiiaaatttEE
MMMIIILttiiVuuRRRssOTYY
MMuuultttiveebbbRRaaattaaarr
mOOOlllttAAVVVutttIIIMUnn
muuullTIIvIIIttteeeMMiiN's
MUULLLTTIIIVVIItttammIInS
MMuuuLtttiVVaaCCAAl
mullttuuurII
mmmUUUMMM
mmmOOM'SS
mmiiimmBBBLuu
mmuuumbbllle'sss
MMeeemmmBBBlleeeDD
mimmmbbLAARRR
MMMeMMMblUr'sss
mummbbbLLEEErSSS
MaaambblllEES
MUmmmbbbLOOttYYYpeeeggg
MUmmmbbblllEtypeeeG'sss
mmmUUUmmBBBlOOOnGG
MMUUUMMbLLiiNNGss
miiMMMBBLLyy
mmmUUUMMmOR
MMMeemmMOOORRR'ss
MMAAmmmMMMEERRs
mmmuuMMMMMeeRRy
MMeemMEEErry'SS
MMMUUmmmuuIss
mUUMMmIIfIIIcaTTTiiiOnnn
mmmuummmmeeFFFIcITTTIIun'ss
MMIIMmmmIIIfffiooDDD
MMuuummMeeFFFiiieess
mmImmmIFFY
mmOMMMMifffyyiiiNGGG
mmaammmmY
MUUUMMMMMyy'sss
MMMUMMMP
mmuuumPPPS
MMMUMMMPPSS'SS
muummSS
MMuunnccchh
mUUnnCCCHHIIIddd
MuuuNNCChhhEEErrr
mmmUUUnccHuurrrsss
MunnnCCCheeesss
MMMeennCHHHIIEEESSS
mmmunCChhaaaeSS'SS
MMUUUNNccchiNNgg
MIIINNNChKKiiN
MMuunCHHKInn'ss
mmmUNNChKKINNSS
MooNNDDDANNNII
MMMOOONNNDaaNUlllyyy
mmUNNNDDINNEEENUUUSsss
mmunnnDDaanIIttY
MoNNicuPPaaaLLL
MUUNIIccIPPOlll's
MOOONeeccciiipaaLIIItttiiies
mmeeeNNNaccIIIpppeelllOTTTy
MuNNNIIcIpalaatty'SSS
mIInnnOOcccaaPPPUUUllleezzzeee
mmuNNNiiCCiiPPallllly
MMuuunniicEPPALLS
mmEEnnnIfffIIICAANNNccA
mIIInefeeeCCCannnCCCIII'ss
muunnAfICCCaaNNtt
MMMunniiFaaaCeNNNtttllY
MUnnnAAAMMInnnt
MMuuuniiMMMEEENNtts
mmuuNNiiTTIIIINN
muuuNITaaoon'SS
mmmeennnIIIttIIOONNNeDDD
mmEENuttaaOOONNNuuuR
mmooonnnIttoEENNINGG
mmmuuNiTIIIOOONNs
mONNNTUUUn
MeenTJJIIIC
MMUUNTTJJJaaaccss
mmuuAn
mmuuinnnss
mmURRRUUUGGGaaa
mEEERRaaLLL
mmmuurroooL'ss
mOrAlEEESSST
MuuurrrOOLLLiiisssT'ss
mmmuuuRRALLLEEEssTS
mUUUrrrOOOLLLss
mmUURRRDDDarr
MUUUrrDDDoorrr's
mmmeeeRRRddiiirrrAD
mmUrdddooRRREER
MMMURRRDDeROOOr'SSS
mmuuuRRDDDorrUrs
MUUrrrDDerreeessss
muuRRRDIIRRReSSSSS's
MIrDuuurrriiiSSSSEES
MAAArrdddeeeRInG
mmEErrdeRRReeUUs
MMeeRRRddderrOOUUUSSSLLyyy
MORDDurrrooouuSNaSSSsss
MeRRRdddEEERoooUsssNNEEESSSSSEEEsss
mmmUURRRdersss
mUURRRi
MMMuRRRIIIxxx
MMIIRRRiiiaaattEE
mmmOOrrrAAAcITooo
mmErriiceeeS
mmORRaNi
MUUrrKK
MuuurrrK'SS
MMEERRKIIOOOrrr
MMUURRKOOOIIIsTTT
MuRKIlYYY
mmurrKKiinnUSSSss
mmuuRRKKKiiiNeSSss'S
MMIIIrrrKKsss
mmmuuurkkYY
MiiirrrMuuuR
mUUUrrmmmiiirrr'SSS
MEEErmAAArrrOOOtuuOOn
mmAAARRMMMuureeeTiiiooonnnsss
mmORMMMerIIddd
mmuuuRmuuRer
MMMURmUUURRRUrrr'ss
MMurrMMMurrrErs
mmmuurrMurrrIIInnGG
MuuRRRmmURuuunnGG'SS
mmOOrrrmmmOOORRRiiinnnGGGsss
mmmaaarrmIRROOoooss
mmmooormmArsss
MooRRpHHIIAAss
MUUURRRppHHyy
MMMurRRUUUINNN
MMMuuRREEEiinnn'ss
mUrree
mmmUUUrRAAALITTT
MMIRRrrOOS
mmmIRRRreYY
MuuuRRRrrHUUNEEE
MuRRTTTheR
mmUSSAAAccceeoooOOS
MMuuuSSSCCCADDDuuulll
MuuusCCAAdddeeellSSS
mmmiiissCCCaDaNNEEE
MMaaScEdddIIInnnEEEs
mmeeScooorIInnEEE
mmIIssscccAttt
MOsssCCoott'S
mmmUUssCattulll
mmmUSSSCCCUUUTTeeeL's
MMMuussscccitteLSS
MMMuussCuuttss
mOOOsssccciiiD
MMMUUssCClEEE
MMUUsssCClllUUU'SSS
mmmuuuSSScccLLLEBBeeuunnnD
MMossCCCLEdd
mmmUUsscccLLeMMMAAAn
MMuuuSSclOmmEEENNN
MMUUUSCCLEEES
MMMUSSclllooonnggg
MMMuuusscLLLYYY
MMUUUSSccOOvvAADo
mmmuuussscccUUULLLOOrr
mmaaaSSSCCeeLLaaRIIttty
mmmuuSSCCCOlllAAARRiiitYY'SS
muussccelaRLLyyy
MMiiiSCCCUULatttarrrUU
MMMossCCCAAALaaTTeReee'ss
mUUUSii
MMMUUsaaa's
mmmuuSEED
muuSSiiiOOOlOGyy
MusseeRR
mmOsOOSS
mUUSSeetTTeee
mAAASSuuttTTI's
muSEEEtttTESS
mmUUsssEIMM
MMMuuseeeUUUmm'SS
MUUUssseAAMMsss
muussshhh
mmEESHH'sss
MMMaaaSHHEEEdd
mmuuuShherrr
MMMaassHHHAAArs
mmmaaasssHHHesss
MMMuusssHHIIRRR
mUUUSSShhhAAeeSSSt
MMMUUUSSSHHHOnEsssss
mmmEEEshhhiNNaSSSSS'SS
mmuuussshhhEENNgg
MMAAAssshhrrrAAMMM
MMiiisHHRuOMM'SS
MUSSSHRoooommmED
mmeSHREEEoooMMINNGGG
MMMussHrroooIIIMMss
MMUUUsssHyy
MMMuuSiCCC
mmusssiiiCC'ss
mmmEEEsiical
mmuussiiiCCuuLLL'sss
MMMuuussaaaCCCaaLLUUU
mmmuusIIICeeeLLE'SS
MUUUSicccAAlEEEss
miiiSicccAllliTTTYYY
MMOOSSaacccAALUUUTYYY'ss
mmmuSSUCCaaLLLlYYY
maaSSSEEcelllsss
mmmooSACiiiaaaNN
MMMUSSSiCCuuuonnn'ss
MMUsssiiiCCiiUUUNNLLyy
mmmiisIIcccaaaUUNNNsss
mmUssOOCiiiAAANNNshhipp
mmUsssiCiiEnnSSSHHHIIIPP'S
MuSSiicccaaalOGGUUcccaLLL
MUUUSSiCCoollloogiSSST
MuusEECCCEElloogAASST'SS
mmmIsssoCCOOOlllooGGGiiiSSStSSS
mmmusssICCUUUlllooogggyyy
MMMOOSSiiicaaaLOGGGyyy'SSS
mUUSiNNg
muuSAAAnGG'S
MMMuuSSSuuuNNNGGGLLLYY
MMoossaaNNgggs
MMMusjjIIdd
mmmuuSSjEDDDSSS
mmmuusK
mmmoooSkkk'S
mEEESSKKKoGGG
mmOOssKEEGGG's
mmmoSSSKKiiiGGGs
mmUUskkEELLLLLuNGGGe
mmmuuuSSKeLLLLLENNNGGGIII'SS
mmeeeskeeelllluuNGGGeSS
MuuusssKIt
mUUssKKKet'ss
mUsskkkEETaeeR
MuuSSkkEEEteUUR'S
mmeeeSSSkEETTUEEERsss
MMMuussKKKeeTTTRRy
mmOSSSkkiTTTrYYY'ss
MMISSkkaatSS
mmmusKIiii
Mosskiiiee'ss
MMMuuuSSkIIoooRRR
MMMUSSKKKeeeAAAS
MuuSSKuuOOOSTTT
mmUSkkkiiiNNNEEsS
MMuuussKKKInnnEssSSS'ss
MMuuuSSkMMULoN
mmmiiiSkmmEEELLOOONNN's
mmmuuuSKKKmmmiiiLLLunss
mmuuuskkkoooXX
MuuSKKiix'ss
mESSSKOOXXXeeenn
mmiSSkkRRRAAAtt
mmmUUUssskkkRRAAATT'S
MMMoooskkkrrreeettS
MMEEEskyyy
moooSSLLLiinn
mmmooslInn'S
mmEESqqqeuuuShhh
mmUSQQooUUsshhhOs
muSSsss
MMUUsssS's
mmUSSSsEddd
MOSSSSeeelll
MesssSSul'SS
mmUUsSSAALLLSS
MaaassSSSeeS
miissSEEEEEER
mmmusssiAAsssTT
mmUUUssSSIIllyyy
mmOOsssssoNUSSSSS
MuusSIInnnuussssssEES
mmmUUUsSSSIInnG
MMMEEEssssYY
MMEEsTTT
mmussst'ss
mmosssTAAAccHe
mmmuSSStaaaChhEEE's
muuStaCChhEEEDD
MMusttEECCChEEESS
MMooossttaachhiiii
mmuuuStEEChhhiia'S
mmmISSTTTAACChIOOEddd
MMEEEStICCChaaiiis
mmmEEEstttuuunng
MEstttiinnggg'sss
MuuuSTToooNNgggsss
mmIsttUURRDDD
mUUUsstttaaaRRRDDD's
MoossTaRRRdddYY
MMUsTTOOOee
mmUUUSSttIIIllleeeNNNii
muSStttEEEllIIINOOSSS
MMMuSSteeRR
mmmassteRRR'SS
mEssstttEEErrreD
mmmUsssTErriingg
MMAsstteeRSSS
mmmAAAsssTTTh
mAssstiiooorrr
MMAstttuueSTTT
mmuuusssTTTAly
mmUSSStttaaannnaaasssSSS
meestttonnEEEss'sss
MMaaSStttnnn'TTT
MMMuusTTSSS
mEssTY
mmuuTT
mmiiTTTAAbiiliiiTTTYYY
MMUUTTabeeLoTTYYY's
mmuutoobbLLLEEE
MMeeeTTaBBLeennEESSSS
mEtttaaabbblllEEENNeeesssSSSAASSS
MuTTTAAAbbbLyy
MMMuTaGINNN
MMUUUtttaaagggeeen'S
muTTTAAAGGiiNeesssIIIS
MMuuuteGeeNNNiCCC
MUUtAgeeennSSS
MMuuTTTAAANNt
MMUTaNT's
MMMIITTaaanntsss
MMMoooTTTATTTe
MMaaatAAATTuuDDD
mmUUUtttOTTeS
mmmaaattAAttOONNg
MMotiiTTiAn
MMaaataToooUN'ss
mmmUttaaaTUoNOOl
MMMUUUTTIIITTeoonEEELLLLLYYY
mmmoooTTUUtIIOOONNNsss
mmutttUUUTTTooVVe
mmuTTTI
MMMuuuTee'SS
MAteD
MMuuuttEEElY
mmmuuttEENNeSSS
MMaTTiiNNEESSSS'SS
mmUUTeeeR
MMEEEtiSS
mmmaTTTEsst
MMMuuuTTTeCCCuuuuuSS
mUUtAAlAAttIII
MUUtiiiLLLuuTTToooDDD
MUtttooLLaaTTTees
mmmAATTTEElaaaTTeeNG
MMMAtAAAllAttIIenn
mutIIILLLAAAtAAUUNN'SS
mmUttiiilIIITIIIonSS
mUUTTTUUULATiiivvvEEE
MMeeeTTiiillUUUtttor
MMaaattUULLitturr'S
MuuTTTAllliiTTTOOORRRSS
MooTTOOONNNieRRR
mmEEEteeneeRR'SS
MMMiTinnEirrsss
mUUUtOONNNgg
MMMUUtttIIINOOOEED
mmUttIInnnIIIUUUSS
mmmOOOtiNNNoooOS
mUUUtiinnnOOuSSSllyy
mmaaaTTTaannYY
muTInnnyyy'ss
mmuuTTTinnnYEENNgg
MMMuuutIIsMMM
MMaattts
mmmEETTTT
MMMiiiTTT's
mATTTttURRR
mmUttttAAAR'SS
MMUTTTTeerrreeed
mUUUTTTTEEEREERR
MMMITTTTiRRREEERRR'ss
MiTTTttteerrreRRRsss
MMMUUUtttIIRuuunnng
MMMUTTTuurrruNNNG'SS
mmmootTTEEERiiiNNgsss
MMMuTTTARRRs
MUUTTTtoooN
MoooTTTtON'sss
MMUUUttTooNNcchhhaPPss
MAAATTTtttONNcHHOPSS'SSS
MMutttTTAnnnhhEEaD
MUUUtttTTTonhhuaaDDs
mmuuTTtttONNNyyy
mutttttss
mmAtttAAALL
mUUttIIaalllUUSSmmm
MMMuuTTTuuAlistt
MMMIIITuIILLiiSSSttiiiccc
MMMiiitUUIIIllloSSSttOcELLLLLLyy
MUUTOOOaaaLLLiiiTTyy
MMMOTTTAAAAlllIItyyy'SSS
mmUUUtUoLLLiiZZZO
mmuTooiilLY
mmmUtttuuLLLEEE
MMMUemmmoooaaa
mmuuuUUUMMMUuuu's
mmmuoooMMEEEisss
mmmozzzaK
mmoZhhhuukk
MMUUUzzzhhheKKss
MUzzz
MMuuuzZZZiiieR
mmmuzzzzzzEEEESST
MuZzziillyy
MMMaazzZONNNeesSSS
mUUzzzzlllaaa
MMMaaaZzlEE'sss
MMMuuzzZZZLAADDD
mmmUZZzzzllloolliooDDEER
mUZZZZZLuuullUUaaDaanGG
mUUZZZZLLEEss
mmmOOOzZZllooonnnGG
MMMOzzzZZyyy
MMMY
MMyAALLGGGIIIAAA
mmmYAAAlllGGGIAAAs
MMyyyUllGGIIC
MMMyyyiiillLL
MMMYYYaaassTTHaannnaaII
MMyyaaaSSSTTHHooonnooccc
MycceeelllUUII
MMMyyCeleaLLL
myCCCAlllOOooMMM
MyyyccceTTIIIZaENNN
mYYcOBAccctttEEroaaa
MMMyyCuuuBBaaaCCTTTeeeRRooUUm
mmmYYccoolllooGGGICAAL
MyyycccEEllOGGGiCCeeeLlly
MMMyyCCeeellleGASSTTT
mmmyycciiLLOOgoossstt'SS
MMMyycccoolllOOOGiSTTSSS
mmYcccoolloooGGY
mmyyyCEEELLEEgY's
MMMyCaaRRrHiiiZZA
mmmYYCOOssiS
MMMYYccOSSSeS
mmmYYdddRRAoooSUUss
mmmyDDRRUUUaTIICCC
MMMYYYuLIIIncccUUUppHHEllOON
MMyyyOOOLLAAANNNCCEEpphaLLLUUNSSS
MMMYooolllENN
MyOlllEEnnneee
MMMYYYEELOOnOs
MMMyyyeelAAAnnns
mYYYOOOliitttiis
mmmyyyEEElllUUUTTIIIs'sss
mmYYOOOlUiiDD
mmyeellOOOmaaa
mmYYYElOmmuuuSSS
MMMYAAlIImmATTAA
MMMyIIIESSIs
mmyyylloooHHHYYooUdd
MMMyLLOONNNAttee
MMyyynA
MMyyyNNNooo'SSS
MMyyNNNEEEHHH
MMYnnIIIHHH's
mYYNuheS
MMYNihsss
mmmyyyNaaSSS
mmyyyeeecccuuurrDDiOO
mmyOccaaRDDuiill
MMYoCCAARdiiiooGGGraphhh
MyyeeccArddIIIttuuuss
MMMYoocurrDaatttIsssIIISS
MYYYoocccAARRRDuuuEEEMMM
myuCCCIIRRdIUUUMMs
mmyyOOOGGEEEnnnECC
mmmYYeeglllobbeeNN
myyAAAgllooobbbiiiNNSS
MMMyyUUlllOgOCCaalll
mmmYYYOOLLIIIGeAASSS
MyyEEllIGGGEEsttt
mmmyyyUUULEggY
MYOOOPPIIIa
MYaaapppiia'S
MYYYOPiiCCC
myIIPPPiiicallLyy
mmmYYOOOsssAAANNN
MYYYoooSSiinSS
MyyyiiissotISS
MMYYOOTTeeeMMME
MMMyAttteNaaaa
mYYYoToooNOaaaSS
MMyyyrIUUd
MyRRRAAAAAddd'ss
MYYRRoADSS
MMYrrrOOooogRRROOMMM
mmmYRaaAMMooteeer
MMMYrrraaaAAAPoooD
mmmyyyrrIiiippAAAdSS
MMyyrraaaccAAA
mYRmEcALLLeeGYYY
MMMYrmmmEEEcOOOpphhUGGIIIuuuSS
MMyRRModdAnn
mYYRMUUdddOOn's
MMYRRmmiiiddOnnss
myRRRoooBBBAALLLIInn
MMyyyrrooBBAAAlaaaNs
mmyyrrRRH
mmmyyrRhhh'SS
mmmyrtttaaaCEEeIIs
MMyrrtttle
MMYRRRtttLLU'S
mmYYYRRRttLeesss
MMySS
MMMyyysIIlF
myySSSTTTAguuggiiCCCall
mmYYsssTTUUUgggoGOOOii
MMMYYsstaagOgggyyy
MyySSTTOOOrEEEees
MMyyySTooRuOOUUUss
MMMyystttEEREouuuSSLLLy
MMMYYYsTTTErrrAAOOOaaaSNNoSSS
MMyyyssteeRRIIIIussNNeesssss'sss
myySSSteeeryyy
mYSSSTTTeeerry's
MMMystiCCC
MMMyyySTiiCC'sss
mYYYssttuCCAAAll
mmYYYsssttIIICaaLlYYY
mmmYsTTTIICaaalllNNNUUssssss
mmmySSTIICIIsssmm
mmmySSTAAACCCuSSSmm'S
MMMYYYStacss
MMMyyySttooofffUUCaTTTiiiAAN
mmmyyssTTIIFFIIICaTTTioonnn'sss
mmYSStiffUUeeed
mmYssTTIIFFIiS
MMMysstIFFyyy
MMyyyssstIIFFFYYAAANNG
MMyySTOFyyyiiiNggglllyy
mmYYSSTiiqUUeee
mmmyyysTTIIQQUUeee's
mmyyyttthhh
MMMyTTTH'SSS
MMMyyTHHHuuc
MyyyThIcceeeL
MMyThhIcccEEllllllY
mmmYTTHHHIccciisssmm
MyyytHIICCCIIISSt
MyyythIIIcccIIZZZee
mYtthuFFyy
MMYYThhhMMaaakkkERRR
MMyyytttHmmmIIIkEENNG
MMMYYYTTThOOLLOOgggEERRR
mmYYttthIIIlAgggiiCCC
MYYtHHOllUGGuuCaaL
MMyyttthIIlllOOGGGIIICCAAlllYY
MyytttHHeeeLLoooGiieeeS
mmmYYYTThooollloogggiiisssttt
MMMYTTTHIIILoooGiiiSSt'SSS
mmmyyyttHHiiLLLIIIggIsttsss
MMYYYttHHELLEEEGGiZE
mYtthollleeeGIZZZAAAd
mmyytHHOlllooogggEzESSS
mmYYtthhheLLLOggizzinnnGGG
MMMyyttthUUULLOOGy
MyytHHHoooLLLUUUGGGy'sss
MyyyttHaMaNNEE
mythhhAmAAANNIIAA
mmmYYYttHuummmaaaNIACC
MMyThhOpppeeeAAACCC
mmyTTTHHOOOPPPOOaaiiaaa
mythOOOs
mmmYYYttHHHs
myyyXXXEEEDamA
mmmYxxxOOddemmmAS
MMMYYXAAMiii
mmmyyyxxamUtttuusOsss
mmmyyxxOOMMMiiitttOsiss
MMMyyxxxammyyycuuTTTeee
MMMYYYXXXomYcccITAAASS
mésseeLLLLLuuAAnnncEE
méssAALLLLLIIIAAncccAAASS
MMéttIIIAArrr
mmmétttIIEr'sss
mméttIERRRs
MMéTissSSSEEES
mmêllléuu
MMMêllléE'SSS
MêLéEEESS
nnn
NNN'IIImpppOrrrtttee
nnnAAAoooN
naaunnnsss
NOB
NNNebbbBBood
naaabbbbbiNNggg
NNaaabbOOBB
NNNubOBBB's
NNNaabUUUBS
NNNaaabsss
nnaaCoooLLLlO
nnnaaacccuulllllaa'sss
nneeeCCEELleeeSSS
NNNAChhhAAA
NNNECCChho'sss
noCCCHHEEss
nnUCCrrE
NNOOOCRRRuu's
nnooCCCRReDDD
NNooocccrrreeeooiss
nnnodddaaRRR
neeedddiR's
nnaadddiiiRRRSSS
nnnooeee
NNNAAAiivvAA
niEVEEEsss
nnnUUUff
nAFfffEr
NNNeeefFESttt
NNag
NNNig'SS
NIIIgAAANNee
nnaaGggID
NOOggggEr
nAAggggggeR'S
nUUUGGGgOOrrrss
nnnIGGGggaNNNgg
nnnOOGGGInnngllY
nAAAGGSSS
NNegguuuAAAll
NNNAAHH
noIAdd
NNNAIAAD'SSS
nnaIIIAAADiSSS
nAiiEdss
nEEIIIf
NAAiiiFFF'SSS
NaaIIffS
nnAAAIILL
NNOIIIl'SS
NNNuuuIlbRRRiSSSH
neeeeLLLBBREEESH'S
NNNeIlllbRRRuuShhheS
NNNaOOllloooddd
nAAILLIIr
NNaaailllHHEEEAddd
NNNAAAIIILLhheeeaDDSS
nnnaaaOLLIIINNG
nnnUUUuuLs
NAAAIIINsssiiiok
NooiNNssoIKKKs
NNaaIIIrrrii
noooiiiRRRuuuss
NeoosssSSSAAANNTT
NNAAAiiiVVVA
naaIIVAlly
NNNAAVVVaNNNuuSSSS
nnuIIvvvunnnEESsseSS
nnnaaaIIIVVVERR
naaavveeSSttt
nnAAAIIIvvEEETY
NNNEEEOvvetYYY'ss
nAAAIVooottté
NNNUUUUVaaté'ss
nneKIIDD
NNaaKKUUdllyy
NNAKKEEEDNNNUUUSsss
NNNAAAKEddneesS'ss
nnAAAkEEr
nnnEKKKfffaa
NammABBLEEE
NAAAMEEE
NNNOOOmmmII'SSS
NNNImeeeAABBBLLLE
NAAAmmEDD
nneeemmUDDRRROOp
nnnAAmmmedddRooPPPpINNNgg
nnneemAdddRRROOpPPUNgg'SSS
nnnAAAMMMOOLeeeSSSSSS
NNaaaMMMEEEleeesSSLyyy
NNaMuulleSSSSSNNNIIsss
nnammmoooLuSSSSSSnoosSoss
nnnAAmEEELyy
nnnAAAMMMopplllATIII
NNNaaammmepplAATTTooo'SSS
NAMMeepLLLAtesss
nnommARRR
nammmeS
nOmmISaKKee
NNNUMOOOsukkkii'ss
nnAMeSSSaaKes
nnnuuMMMOOONNNggg
nnnEEEmmmInnnGGS
NNIIn
nnnaanncci
NNIInnCCCYYY
NannkkeeeaaaN
NunKEuNNNsss
naannKIINNN
nnnannEEEEsss
naaNNNNYY
nnuuunnnNNNyyy'SSS
neeeNNNuuuuDD
NUUnnnomuuuTErr
NNNIIINooommmeeeTTErs
nnnAnnoSSSEEEccooNNND
nnennUUUSUCONNd'S
NaaannnUUUsecoooNNDSSS
NaaanOOOTEEEChnnnEElllAGGyyy
NNAANNOTTTobAAA
nnnANNsss
NaOOSSS
nAAAp
Naapp's
NNNOOOpppuullmmm
nUUPAAAllmmm'SSS
nnnaaapAAALLLmEEDD
nAAAPAALLLmmminnGG
nnApppAALLMMMs
nAPe
NAAPPPEEE'S
NNNeppuRRIIIEEESSS
nnnaaaPPeeeryyy
NNapppiis
nEEEphhhTHa
NAAAppphhThhAA'SSS
NNNaaappphhhTTTHallloNoo
nAppphhTTHHHAlona'ss
NNNeephhTTHUUULL
NNNIIIpppHHHthhOOIsss
NUPPPhtthhhYlll
naapppOFFFooRmm
nnneePkOOONNN
NappKKKIINNN's
nnnIpppKIINNNSS
naaaPPllEESSSS
NNNaaPPPIIIleeuuuN
NaapILueeennn's
NAPPoooluooonnnSS
nnAppppee
nnnaappppeeeDDD
NaPPeeRRR
NNAAAppppppoR's
NAPpppeeRsss
NNNeeepPPIIeeer
nnEEpppOOOEEs
nnniipPuuuEEsssTTT
nUUUPPPPPUUNNGGG
nuuuPPPpyy
nnnAPPPPPY'S
NNaaaPss
nnerCC
NNiirrCCC'SS
nnAArrciiiiNe
NNARRRccAssssssii
NNNaaaRRRCiiSSiiism
NNNUUrrccciiiSSSSiiisssm'sss
nniiirrCISSSSSiistt
NoorCCUUUSSeestt'SSS
nnooorrrccIsssSIIstttiCCC
naaRRcciiiSsiiisTTiiicccAllllYY
nnoRRRCiiissssiSStttSSS
nARcciiSSSsssiss
NNercIIIsssssUUSSS'S
nnnaarcEEEsssssUssEES
NNAAARcooiiinnnOOLLYYYSIIS
nnurrrCCCeeeleppsyy
NNNaaarrCCCEllAAAPPssyyy'sss
nnaaaRRcccooLLLIptttiiC
NooorrrCCCOOLLeeePPTTTEEccSSS
NNNaaaRCEEEmmiii
naaaRccOOsssIII
NARCuuusuuus
NNIIRcOOsiisss
nnneerrCCuuussASSS'SSS
nnuRcccOSYYNNTTTHaaaSSISSS
nARRcccATTOCCC
nnnaaarrrCIIITaC'SSS
nnnArccOOTTTIIIcUUllllY
NNNiRCCCiittiiCCCs
NiRCCootISSMMM
nnEEErceetttiiiZaattEOOnn
nnnorrrccuutiiiZZutIIIUUUn'ss
naaaRRRCooottiiizE
NNNaaRccOOOTTooozEEDD
NNaaaRCCeTIzzOOs
NNNAAArCCCoooTTTIIIZiiNg
NNNaaaRcciTTrrrAAFFfiCKKeNNNgg
nnaRRRCCs
nnnooorrDDD
NNNAArrDDUUUo
NNNAAARRDDoouuS
nnaaRRRDsss
NNAreeesss
nnnerrrGGGHHAAAllee
NNNaRghhIILLLIS
nnaaRRRaaaeLLL
nnnoooRRuuuSS
NNNAArrrK
nnIRRRkkk's
nUrrrkIDD
nnnORRRKKaNNNG
nnorrKKsss
NNaarrrKY
nnnaaarrrrriTeee
nARRRrreTTTeeed
nAARRRrrrAtteeS
narRRRAATTINNggg
nARRrATTTIIIennn
nnUrrrraaaTTeeeoooN'S
nnnAAARrrrAtUAANSS
nnAAARrruuuTTTiiVVVEEE
nnAAARRrAAATTTAvvI'ss
NNaaRrraTIIVVVUUUS
NNNaaRRRRaaaTaLLLOgY
NNaaaRRRRAAtOOR
naarrrrraaaTeR'SS
NNARRrrrateeeRss
nnURRrrrOOOwww
nnnaRRrrroowww'ss
NNEEERRRROOWWWEDDD
NARRRROWWEEErr
NNarrrrrrOwwwiiiSSStt
nnAARrrreWWeNNG
nniiiRriwwlllyy
nnnaarrrruWWnnnOOOSSSsss
NNNEErRRRoooWnnnessss'SSS
narrrRoowss
NNNArrrTheeexx
nnneeeRRRttHHHeeexEss
nnAAARwHHIIL
naarrrwwHEEELL'ss
NNAAArwhhhAlllSSS
Nirryy
NNOOSAAAL
nnnAAAsaaaL'sss
NNNooosssAlllOOtttY
NNaaaSSSaallluutttyyy'S
nnnASIlOOzzaaTTUUUOOONNN
nnaaSSSaaaLLuuZAAATAAAuuun'SS
nnaaSSuulllooZeee
nnAsOOlaaZeeedd
NNuusaliiizOs
NaaasIIIlllEZZZiiNgg
nnnAASSAALLLlllY
NEEsAALLLS
naaaScceeeNNNCCooo
NNNaSScceeennccee'SSS
nnnascccuunnCCCiieesss
NNNAsscccIIINNNCCYY
NNUSSScccuuNNttt
nAASEEbbberrrRYYY
nnnAAAsssIIIOOONN
nnnAsIIIPPHAAryNNx
NNNaaSSuPPhhhaaaryyNNxeesss
NNaaassstiiieR
NNAsssttiiieeSt
nnnaastttILLy
nnnaassTTiinnEEssSSS
NNAAASSTTTiiiNNaaSsss's
NNNIsTTUUrrTAAAmmm
NNNAASSTUURRRtiiiUmm's
nnesssturrrtttiieeeMMMsss
NNuSSSty
NNNeeeTeeLLL
NNNEEETTTaLUttYYY
nneetintt
nnUUUTaaTTTIIIONNN
nnAAATTAAtttIIIrr
NNAATTTiTOOOrrriuuuL
nATaaaTTTeRRRiiuM
nnEEtttOToooRRRUUUaMMSS
NuTIIITTOOOrY
NNNIttCCHH
nOTeees
NaaTTHALLLooossSS
nnaaattiioonnn
natiiiUUUNN'S
NNNaaatIIIInnAll
nnEEttaaaInnaaaLLL'ss
NNUUUttiiiooNAAAlIssmmm
NaaTToEEENNeeelliismm'S
nniiitIOnAAllloSSTTT
NuTTTuuuoNNAAALLLissttt'SSS
nAtIIIUNUUlllIIIssstttuuuccc
NuuTTTiiiooonnnaLiissttAACCCuLLllY
NNNoootttuuNuLOOOSTs
nnneeTTTiiUUUnnaaalllIItttIIeeesss
nnIIITTTIIIOOONAlEEETTYY
nOOtEEEEENAlIItY'sss
NNNeetiiiOnnnaallIZZuuuttiEEENN
nnatAAeennnaaaLLLiiizzUUUTTeen'ss
NUUtIIIoonnnAALLLiZZZutttUUUoNNNS
nuTTUUoNaaLLIZEE
nnnaaTUInnnaaleeeZZEddd
NaTTTiiiONNaleeezzEEEr
NaatttEEEOnnnuuuLuuZZaSSS
nnaaaTuuooonAALLuuuZZZUNG
NNaaaTIIIoNNIIllllllY
NNItOOuuunnaalllsss
NOOOTaaaoooNNHIIIIddd
nnnaatiieeennnhhOOOUUDD'SS
NNATTTIIIOONNSS
nnnaaaTuuuunWEEdddeee
NNiTIVVE
naatttoooVVVaa's
nnnotttIIVVeSS
naaTeeeVVIIsssmmm
nnAATToVVISmmsss
NNNATEEvvIssT
nnIItIIIvvviiSSTTIICC
nnnAttevvviiiSSSTTsss
nAATTTOvvvaaaTUess
nnAttIIVVuuuTTTYY
nUUTiivvviityyy's
nnnaaaTTRIIInn
naattttttiirrr
nnniiiTTTtEr'SSS
nnOOTTTTTTEEERRReeeDDD
nnnaaattErEEErrr
NaTTTTTOrrriNGG
NaaTTttteeRjjjAAckk
nooTTTtEERRjACkkss
nnnAttttttEEErrss
NNNaaaTTTTTeeeeer
nnniTttIEEEStt
NNNaatttiiillYY
NatttTIIINNEEssss
nnaaaTTTINiiSSS'sss
NNOOtTTTyyy
naaattuuurraLL
nnaaTTTUrrrALLL'sss
nAAAtuuurraallOsssM
noTIrulleeeSSMMM's
NNooTTTAAARAAllOOOssTTT
NNNaaatUUURRREEEliSSST'sss
NaaateRRAAAlllIIISSSTTTiiiccc
NaTTaaaRoooLUStiCCCalllYY
nnAAtuuRROOOLListsss
NNNaaaTTTuuriiiLUUUZZATTIAAAN
NUTTTUrrrAALLLozatIoNNN'S
NNOtttUUURRRAlooZZeee
NNATOOOrraLeezziiD
nnAttUURRaaaLLLiiizzooSS
NNoTurrAllliiizzIIINNggg
nnaTUURRRuuulllllYY
nnnaaatttIIIRRRAllnneeess
nnEtErrrOOOlNNeeesss'SS
nattOOOrrrALs
NNNaatUrI
nnATTTuree'SS
NNNIITIIIrrrEDDD
NNAAAtttUUUrrOOSS
nATEEERRRUUsm
NAAAtuuuRRooosms
nnnUUtuuRaasTT
nnAttOOrrrASttts
NATuRRRuupaaTTHHH
NNAAATTuuuRAPPuuthhhiCC
nnAATTuuRRiiiPutttHHHOEs
nnOOttturrrIIIpaaTTTHsss
nniitttIRRRIIIPatHY
nnnAAUUgggHttt
NNaaauuGGGHTT'sss
NoooAGGHtIIEERRR
NNNUUOOGHHHTOOOEEst
naaaGHHTTTiiilllyyy
nnEUgghtttOOOnnneeessss
NNOUUGGHHtttOOOnnuuSSSS'S
NNIUggHHHTTss
NNIIIaaGHHtttYYY
nAAUMMaCCCHiiaaa
nnnaaauuummmiicchhhIIIAAASSS
NAUPLLAAiiis
nnaisOOuu
nniiiAAsAAAEEE'ss
nnnaUUUSSUUatttE
NaaisseeeeeettteDD
NNaaaussAAAAATESS
NeUSSiATiing
niiiAAssEEEATTTIIINNNGGLLLy
NNNeeUUUsssIIAAATTiOONN
NAoossEEEEEEs
nAAuuSSSUOOuuusllY
NeeuuussEEEiiUUsnESSSs
NNAEEEssiiIoooSSnneess'ss
NNAiittChhh
NNaaauTTTccHHHOSS
nnuuutIIICaal
nnnAAAIItttiiCCCUUlly
NNNOOUtttIlllii
NNAuuTTTIIIlliiiSS
NIUUUtttiilosss's
NNIIIuutIllUSeSS
nnaaavvvUlll
nnuuvaarr
nnneeVO
nAAAVe'SSS
NNNAVVeeL
NUUvuuulll'ss
NNaaavElllsss
NNNaaaveeeLWIrT
nniiVVEEES
NNivvviCCCErrrttt
NIvvEEccUULLLaarrr
nAAVVeCCiiiLArrS
NuuVUEESSS
nnnIIVVVaaguuuBBBiiilllItY
NNEEVIIIGGGOBulliittyyy's
NNNIIvvIIGGGABBlleee
NUUVVigUUUBlleeNIIISSs
NaVigggIITTTEE
NNNAAvvIIIGITTeeeDDD
NNNaaavEggooTTIsss
naVViiGAAAttiiNNgg
nnnaaavOOgAATTIooNN
nEEvvvIIGGGatttIOONNN'ss
NNNaavvvIIIgAAATTTIOOnnnuuLL
NaaaVVVuugggATiir
nnnaVVViiGEttooRRR'S
NavvvIIIGGitoRRSSS
nUvvvvvvIeSSS
nuvvvvvvyyy
nAAAvy
NNNEEEvvY's
nnAAwwUUUBB
NAAAyy
NNaYY'ss
nAAAysss
NUUYYYsssAYYYEEErr
NNaaayyySSSAAAYAAr's
nnnAAysOOOyyOrrrss
nnne
NE'AAARRR
NNNEEEOnddooRthAALLL
nneeaaanddEErrTTTHHaaaLL'SSS
nneaNNDDDEEErrtthhaaalllss
NNeeUUPPP
nnnOAAPP'sss
nneAAApppsss
nnEAR
NNNeeEEErrbbbYY
nnnAAAaaRRRIIIddd
NNeaRORRR
nOaaaREsssTT
NNNEEEoRRRINGGG
NNNIIiiiRiiiSShhh
NEEAARllYYY
NNNEEEaRRnessSSS
nnneaaRRNNNeessss'S
nnnIARSS
NNNeeARRSIdddee
NNNAAarrrsOGGhTEd
NNIIIaaaRSSIIIGGGHHteeeDDlllyy
NNNEaarsooGHTTednuuussss
nnnEEaRsssUUUGGHHHttuDDNNNIIISSsss'SS
nnEEEeeet
NNNoooITennn
NNAAAOOOttuuunnOODD
NNEeTTEEniNg
nnEEEaattaaaNSS
NEEEoooTEEERR
nnEEEATTEssstt
nnuuuAAthh
nnUUUuutttlllyy
nneeatttNNUUUSSS
NNNuuuattnesssSSS'SS
nnnEbbb
NNNeeeBBBbbEEcccH
nobbbbbbissHH
nnniibs
NNEEEBBBuuuLLLAAA
nnaaabeLLLAAA's
NNebUUUlAAee
nneebAlluuur
nneeeBBBolleeeSS
nnOOOBBBooollooZuuuTTTIIiiNNN
NNNIbbbulllIIIZooo
NNEEbbbIIIliiiZerrr
NaBBuuuLLLOOsEEE
nnEEEbbuulllosittyy
neeeBAAAlllOOOASS
NNNEEBBBUULLOUsslYYY
NNNIIbbbOllEOSSSNNNOSSS
NNeeeBuLoousssnnneeeSSSSS's
nnnEEccEEssSSSeeeROOAnnn
nnEECCIIssssuuurrrIIeeeS
nnAAcOssSSooRRiilly
neccaSssIIrrOOOtUUriiiUn
nneeeceesssAAAritaaRROOAnIIISMMM
NeeecccESSSOOORy
nnnOOcccEEESssaarrY'sss
nnuceessssITTTUUrraaaaaanniSSSm
NNeeceesssiiiTTTeTTTEEE
nnneeCooSsIteeetttaaaD
nnneeeCCesSSittIIteeesss
NNNeeCCCIsssssItaaatOOnGGG
nnnECCCiiiSSSSIITTTitOUUNNN
NEEECEEESSssIITIIIEss
neeeCCeeSSSSSUUTTTOUUs
neeeCCEEsSSaatYYY
NNNEEEcceSSSSiittyyy'sss
nECCKKK
neeeckkk'ss
nnIIcccKKKbbbannnd
NUcKKBBBuuuNddds
NuCkCLOtHHH
nnnEckcccLLLIITTThhs
NNEECCkkkUUUddd
nnooCCCKooorcccHaaaeef
nneeccckkaRCCChhAeeefff's
neeeCCKOrrCHIEEFFSS
NeeCCkkkIIIrCCCHIIeeevvviss
NNNeeccKeNgg
neeeCCKKKIInnGG'SS
NNNOOOCKlAccAA
NNeeCCkllUCCeee'SSS
NNNeeCCCKLLaccOdd
nnucKKKLLLaaCCEEESS
neCCCKKlAcccIINNG
NNNEEEcccKllaaCCiiiNGGSSS
niccckklaanee
neeeccKLIIInnneee'SS
nUUUccKKLLLOOOnnESSS
nnnaaaCCCkPeeeecO
nOOOCKKKPPiiiEcESSS
nnneCkS
nUUUcccKTTTOE
nneeeCCCKtIIEE'SSS
NNAACkTIEs
nnoocKKKwwwOOOAR
nnneecccrrrooLootttrry
NNeeecccRROOlUUUGGIIIccc
NNNeeccrrrOOOLiigggIccAll
NNNIccRROOLLLooGGGiiSSStt
nnEEEcccrOOOleeGy
nnnOOCCRRReeelooggyyy'S
NNNeeeCrIIImiNcARR
NAAACCCRoMannnCAAr'SSS
NNNeecRRIImONccEEERRSS
neeeCCCrrooMMuuNNNcccyy
NNNacccRIIMMAANNNcccYYY'SS
nECCCrOOOMMiintttIIIcc
nnneCCCRRoopphhhilE
NNNoCCrrrOOPPPHilliooo
NNeecrrEPPHeeLLLIIIaC
noCCCrriiipHHaallIIIACCCss
nnEEEcRiippheeeLIaas
NNECrrroPPHiiillliC
nnuuCRRuuuppHHHEEELLiiismm
NooCCreePPPhhullismmSS
nnECrrooppphhiillassTT
nIIccrEEppphobbiiiaa
NNiCCRIIPPOOLLLieS
NeeCCCRUpppALLaS
NEEcrOOPPoollII
nnneeecccRRAPPoLLLaass
nnniCCrOOPPoolllAAs'SS
nnEEcRUpoLLuuussIIISS
nEEEccRRaapppSSSIIIEESSS
neCCrOOPPSY
NNeeCCCrrOOsssCCEEEPYY
nniicccROOOsssuu
nOOCCRRRESeD
nnneeeCCrrOSSUUUss
NNeCCCrrooSSIInGG
nEEECCCRROOsOOOSS
nnIIIcccRRRoosIIIss'SSS
nnEcccREtuuC
NNNACCCRROttIIImmmY
NNNEECTTTAArr
nnuccctttir'sss
nEECCTTAAArrreeeooOS
NEEECtttARuuunne
NaccctttARRRIIne'S
nnuuuccctEERRoooNEEEss
nnEEEcctttaaaROOOoSSS
neeeiiiDD
NNNEEeeeddd's
nnAOOODAADDD
NNAAeDDDFUlll
nnooEEDDDffUllllY
NNOEEEDfEELLNEEESSS
NeeeodIIarr
NNoooEEEDIEESSStt
NeeeeddIIneSSSS
NNNeeeEdiNEEEsss's
nEeeeDiiinGGG
nneEEDDLLUU
NEEEEEEDLLLe'sss
NaaooddLeeecrAAAFFFTTT
NNEaaaDDDllAAACCCRRUUUFFtts
NNIIIooDDLLLeeddd
nnnAAAuuDllEEFooSSSHHH
NNNIUdddLLLEEEffuuL
NAEEEDDLLuPoooEEEnTT
NeeddlAAApppooiiiNNTT's
NNNiiieeDlirr
NNEEEEDLeeSS
neOdLLLESSSSS
nEEEEdLuuuSSSSSly
NeeeIIdddLLAssSSNNEEssss
NueeDDLLLeeessSnnooss's
neeeedddllEWWWAmmaann
niiODDLLLeeewOOOMaaan's
nEUUUdddlleWOOOMMMUUUNNN
nnooEEEDDDllEwwOrKK
NNNAAAEEEdllEwwwooRRRkk's
NNNUEEEDDLLiiinnnggg
nnnaeedN'TTT
NNUODDss
nnnaEDDDyy
NNNiiifffoorrrIaOsss
nnnaaaFFFAAArAAaussLLY
nnifffArIIOOUUUSSnnnEEESSSS
nnnEFFFAARIIouuuSSNNNESSSS'S
nEGGaaaTTuu
NNNoooGGUUUtAADD
nnnEEggOOTTTEs
NNOGGGuuTTUUnnGGG
NeeegggaTAAAON
NNeeeGGGUUUTTiiiinnn'sss
NEEEgggaaaTTTiEEnnnS
nnEggETTIIVVUU
nUUggEEETTIIvvvE'S
nniiggooottoooVuDDD
nnnEEEGGaatttiivvEEEllYYY
NeegeeetUVAnnnoSSSsss
nniigguuutIVIIINOOOss's
NEEgAATEVVoooSSS
NoooggaatttuuVVViiiNG
neeGitttiVViiissM
nnnIGoootIIIViiSSMM's
NNNEGIITOOOvIIssTT
NEggATTTooVVVeeeSSTTTIIICC
NNeeGGGaTTTivvIIIssstttSS
NEEEggAATTTiivvOTY
nEEGATIvItYY'S
NNNegggITooRRYYY
nEGGaaatRRRAnn
NNogLeeect
negggLLeecTT'ss
NNNEEEGGGLLLUUCCtIID
nnEGGGLLLUCCTTeeRR
nnnEEEGLLLECCCtttfffuuulll
nnnuuugLEcccTTTfffuLLLLY
nnIIGGLeeeCTfUUUlllnnnESSSS
NNNEglllaccctttFFIIIllnnuuSSS'S
nooggLLAACCtteeNg
niiiGGGLLEccctttsss
NNAggglliig
nnEEEggLIIIGG'S
nEgglliiiGGEEO
nnnaGGGLLIIGGGaUUU'SS
NeGLLLUUUgggeeEEES
nuugLLLeGGGoooncAA
NeeGGGLLLegggIIInnCAAA'SS
NNeGGLLLuuuGGGeeeNNtt
NEEEGGGleeGGuNTTTLLYY
nneggLaaGGGabuuuLLLIIITYYY
nneglogggIIBBLLeee
nneeeggLLiiiGabllly
nnnIIglliiggs
nEEEGGGLUUUGé
NNNeegggllliGGGé'ss
nnnEgglllIIIGGésss
nnnoooGOTOOOUUUBBBIIILIITTYY
nIIgOOOTTiiAAABBBIILiTTy'S
NNNeeeggeeettoouubblllEE
nEEEgguuutttuuuuuNttt
NNEggAATTiaaNNNtSSS
NNEEEGGGoooTUUaTUUU
NNeeeGGGoTIIAAATTTedd
NUUUGGGattIAAATeeeS
NNNEEgoottiiiaaaTTiiinnGGG
nnnEEGuuutiAAATTTOOOOOnnn
nneGGoooTIaatIiinn'ss
nneeggoTTTeeeaaTTUinss
nnneeGGAtttIaatttuuurrr
nneggooTTeeAATTOOR'SS
nIIgggooTiiiattOOOrrSSS
NNeggrraaaTadddOO
nneeGrrrIIttadde'sss
NNEGre
nnEEEGRoeeeDDD
nnoogguss
nnoogggIISSess
NNeeIIIGGHH
NuuiiigggHH's
NNioggghhBBBOOOR
nAAAiiigHHBBBoR'ss
NNNiAGhhBBBOOrrrEEED
NNeaGGGHHHBBIIRHHHoooOOddd
nnneeIIIGGGhhhbbArrhOOUUUddd's
NNNEEiiiGGHHBBBORRRhooOdS
nnooaaaggghBOrrinnggg
NIIIIGGhhbbEErlIIINIIIsssSS
nnneeeiGHbbEEERRRllliiiNNEEsssss'SSS
NNeOOOGGhhhBOOrLLLYY
nnnEeegggHHBBuRs
NNNEEEIIggghhheeeD
NaaOOgggHiiiNNNggg
nneaaaGHss
NNNoAAATTHHHerr
nnEEkkTTTAN
NNookkktttaaaNNSS
nnUUlllLLLyy
neLsonn
nneLssooN'ss
nEElSSSOONNS
neeemmmEETHHHEEllmmuuNNNtthh
nnuuMMMAATTiiccc
nnnEMaTTTeeeddEE
nEEEmmUUUTTEdddEEE'S
NEMMUToDDeeS
NemmmIIIrrrTTTEOnn
NNemmorrrtttEEiNNNSSS
nEEEmmEEsssOOOSS
nUUUmmeessIIIsss
NNNeeeMMOOsseeSSS'S
neeeiaaRRRSSphheeeNAAmIIInnuuu
NNNeuCCCLAAAsssSSuucc
NNNEEeeCCCLAsssssaaccceel
noaaCCClAASSSsIIICCiiiSSSmmm
NEEAAClAAASSSsssiiCCCiSSSmmm'ss
nneeOOOCLOOOssssssiiceSSTTT
NeoooCCClllAAsssSSoocccIISSttss
NNNEEEeCCOllONNNIIIeeelll
nnnUUUoccOOlllANNOOAAAlIIIsmmm
nnEEicOOOLLLiiNiaaliSm'sss
nnOOiiCCEElllOONNNiAAALISSttt
nnnuOOccoLLLooonIIOOOLiiissstt'SS
nEEECOOOLLEnIIIaalliSSStSS
NNNiieeCCCIIINNSSIRvvvAAATIIIVa
NEEOOcONSaaaRRVVVaaaTEvvvaa'ss
nnnuuuoooCCoonnSSSEErVVVuuuTiiivvUs
NEEEoooCooonnnSeeeRVVViiitIIViiiSSSM
nneeeeeeDYMMoiimm
NNNuuEEEdddYYmiUUMMM'sss
nnnooooOMMMpprrrESSsOOoNNUSSSMMM
nnnIIiLIBBaarrIIL
nnneeAAALLiibbbOORRaLLLiSSSM
NNeaaaLIIbbburrUUllEsssMSSS
NNEEEeLLLUUUBBIIRRiLLs
nneeOOLLLiTTHHH
nnnIIooLETHHUUCCC
NEEoooLAAAtthsss
NNNiiiolOOOggOCCAL
NEEEOlEEEgguuuass
NNEEEooolluGUSMM
NNAAuuulOOGGASSSMM's
NNNEEEAlloogOOSMMMSSS
nnnEEiiilOgiisstt
nIOLLOOgggiSStts
nneuLEEEGUzII
nnnOOOOLOOgYYY
nnEEoMyyCIIInn
NeeooMMMyyyCUnnnsss
nnIIIooN
neeAAAN'SS
nnnEEUNNiiiTTEEEl
nnnOOOoNAAtttIlllLLLyy
nnUOnUUUTTTe
nnaaaiNNNUUTTeee'ss
NNEEOnnotteeS
NNeuuuNATTTeeLLLiiGGGiiisssTT
NNiOOONNATTOOLugY
NeeEEPPHHHyTTTEE
nEuuuPPPhhyTTu'S
NNNEEEiipphyyTToSS
NNNuuooPPlosssMMM
NNNOOPLuuussmm'SSS
nnnIIIoooPPluusmmss
NNAOOPPLEEEsTTuuC
NiiiopppLLLiiissTTiiiCCCiiSSMMM
neoopLOsssttYYY
NNeeoopRRuNNeee
nnneopppREEnnnE'SSS
nnneeeetAAnnnyyy
NNNUUITTTEEErAACCC
NNNAAOOteerrriiiSSSmm
nnoIIItEEErrOZZE
nnEEOtttYYYPPPe
nEPPPiNNtHHEEE
NeeeppeNNNttthhIII'ss
nnAAPPPErr
nnEEEPhhhEELLLIINNNEE
NNNEEPPhhElllunniiitttee
nAAAppHHUULLaaaMMeeetttEEER
NNNePPHHEW
NNNeepphheeWW'sss
nIIpppHaaawwws
nUPHHEgRRAAmmm
neeppphhooggRaaaPPPh
NNeeePPPHolluggyyy
NNNEEppphIIIssciipeee
NNNEppphhhossCuuupess
nnniipphrelgIA
nnnIpphhhRRReeccctttoomIIess
nnEEPHHRRREEEcccToMMMyy
NNeeepppHHHrEDDDOOOUUUm
nnnIIPPPhRUUUtttEE
NeeepHHHRRReTee'sss
nneepHHrIIITTTocc
NNeePPhRiitttodddesss
NNNePPHHHRiitttisss
noPPPHHHrrrIIItiiSS'SSS
neeePPHHHRRRIITTTiisssIIss
NeepHHRROLLAttth
noPPHHron
neePPPHHRRoNNNS
NEEPPPHHreeSiS
NNEEpHHHRRottemmYY
NEEEpppooTTTIISMM
NEpOOOttooSSSmmm'SS
nAAApppoooTTiSSttt
nnnePotOOOsssT'sss
NNeePPPoooTTTIIstiC
nnneepppuuttOOsttss
NooptUUUNNiiiUmm
NNNeppttuNiiuuuM'SS
NNerraLLL
NeeerDDD
nneeeRRRdd's
nIRRRDDDiIrrr
NNeeRRDiiEsssTT
NEEErdddss
nEErrddyy
naaarrrEEiiDD
NERROOOttUUUC
NEEErrrVVAlll
nnEErrrVVVEEE
neRRvuuu'S
NNNaaaRRRvvvaaDD
NNNerrrvELLeSSSSS
nneeerrvvvOOlleeessLLLYY
NarrrvvvELLUUSSSNNNAAASSS
NNNeRRvvvaaLLLIIssSSSNNNESss'SS
nnEErrrVVeeerrACkkkaaangg
nnEEErveeeSSS
NeeRRvvvIIIiiirr
NErrvvvuuuuST
NNEErrVVVOOllY
nnnoooRRVVinnU
nnnerrrvvvIIINIIssS
nuuRRvvvInnuuSSss'ss
NNNiiirvviinnGGG
nnnerrvEEUUUS
NNuRRVooouuSlY
NERRVeeuSNNEEESsss
NNNEERRvvOOUsNNEssss'SSS
nnERVyy
nniiisccuuEEEnnCCCuuu
nnnooSSCCCoinnnCEEESS
NIIssCCOOOennnTT
NNNAsSSS
nnissssuSSS
nnneeessTTT
nnnEEESSSTT'SS
nnEEEsssTTTaaBBleee
NUSttEEDDD
NNNeeSSSTTiinng
nEssstLee
NNNUssstllliiddd
nnussstllliiRRR
NEStLAs
nniSSSttloooNNg
NNNeSSTTlIIInGG'S
NNNiiiSSSTllliNNNgggSS
NNIIstttsss
nETT
nnnuut'SS
nnEtttBALLlll
NNNeethhaaaRRR
nnnathhuurrrmmOOSSSttt
nnnEEEtthhIRWWWooRllDD
NNeeetheRRwurrlldd'ss
NNuuutiqqEEtttttEE
NNNeeettSS
NettSuKEE
NetttteeeDDD
NNeetttTTaNg
nnneeeTtiing'SSS
nnneTTTtloo
NNettTTLLe'S
nnaaTTTTTlIIIDDD
NNNUUttlleess
nnnetttTTTleeSSSOOmeee
nnEEtttLLInggg
nnnaaatttyy
NNNOOOTTWWooRRRkkk
nnneeeTwwooorrkkk'S
NiittWWUUURkkkaaDDD
nnaaTTwwwoRRRKKinnGGG
nnettwwoooRRKEEnggg'SSS
nnniiTwwORRRkkksss
nnUAmUU
NNeUUrrool
NNNEuraaaLLGGGIIIAAA
nnniiiArreeelllggIIIa'S
NNNEEaRRalllGIIIcc
NNNEooorriillyyy
NeeUUURRRAAAsssTTThennIIOOO
nEEoRaaSTTThaaannniiiaaa'SS
nEEEeRRROOOsssTThhhiiiNNNUccc
nnUUUUUrOOSTHHHEnnIIccc'SSS
NNNaaaoooRRRASSTTTHoNNIIIccss
NEEEuuRRolllUUmmmEEE
NNoooOrrIItICCC
NooUURUUtiCCC'SS
nnEEEUUUrrriitttooccss
NNNeeuuurrriitOODoooSS
NiiIrIItttIIIs
nnneeUrraaTTasss'ss
naaUURiiiTISUUUs
NNNEEurrEEEBEeLLOOggYY
NEEuuraaaBBLLaaaSSStt
NNEuRoooBBBllAASSTTTS
NNNEEEURRoooccELLLee
nnnuuuUUrEEEgEnEcc
NNNEEIRRRogLLLIIe
NNEEEiiiRRReglIIIAAAs
neeUUrooGrrraaam
nnnIIIURRuloooggICC
NEEEuuuRRROlOGIIICilll
NEEEEERRiiLLooogggAAACaallly
nnneuuuRRROOOLOgggIIIsTTT
nnnIIIUURRROOlEEGGGaaaSSSt'SSS
NNNaaaUURRROOLLLOOOgOSSSTTTSS
NNooUUrrraaallloGGY
NNNeeuuuRROOLoooGGGyy'ss
nooUURRooME
nnnEEEERRooommUUsssCCuuuLaaarrr
NNNUUUURuun
nnneooorroNNN's
nnnAAAORRROnnneeL
nEEuuRAAnEECCC
NEEEuuurOOnss
NNeeeIIIrrEpATThhh
nnnIIROOppooTHHHYYY
NNEEuRRRUUUppphyyssiiUULLLIGGGeeEEES
NNEEIRoooPPhhYYssIOOOlllooGGyy
nneUUrrUUUPSSSyCCChIUTRRAAES
NNeeUUUrroooPSSYYYCCCHHHiaTRYYY
NNAiRRRUUSSSccceiinnnccce
NNEurruSccUiNCCCESSS
NNNeeUUrrOOOscoooeNNTTTaSSStt
NNNiUrrOOOsssEsss
nneuurrrOOOSSOOSS
NooURRRoosssaas'SSS
NIIuuRasUrrrggeeoooNN
NEEEUROssuuRRgggOann'sss
NUUUuuuROOOSSoooRRGeoonnnsss
NNNOuurrrooosuuRRggoooRYY
nnniuuurrossUUUrrrGEErrryy'SS
nnneeUUURoSSuuuRRRgggiCAAALL
NNeeeuuurUUTTIC
NNEUUURROOOtuuc's
NeeeUUURRROOtttoooCaalllLLY
NOOARRRAticcUUSSm
NNOOOiRRottooCCiiSmmmss
NIIIIRRRIIITTTIIIcccs
NNeeeuuRRROOTTToommmyy
nnnuUURRRooottrIInnsssmmmEEETTttteeRRR
NNiiiEEERRRiitttrroonnssMMoooTtttUUR'ss
nnEEEERRROtrrraaNssMMMeeTTtoRS
NNNeeeUUURoooVaaaSccuullARR
NNNeUUUtttaRR
nnEuuTeerrr's
nnnooTTeerEEEd
nnniiuTTTeeerrIIInnggg
nnaETTToorrrSS
NNiUUUTTRel
NNEEEUUTTRRIL's
NNEEEAtttrrraLLIssmmm
nnneEEETTTRRRaalllIsmm'sss
nnneeeuuuttRaallIIST
nnniiuttrrruuLIIIssT'ss
nnnEEuuTTrallleSTSS
nniIITTTRiluTy
NNNeITTTRRAAAliTTTY'sss
neeUUUTTrrrUUULIIIZZZaattIoN
nnEUUUTTTRuullIZZaaTTTiiiooN'sss
NNNAAattRRuLLLiiiZZZE
NeeAAAtRaLIZZIIddd
NNNiuTTrrruuLLizEErrr
NNeuuTrrELLLIIZeeRR'S
nEuutRRRaaLLLiizzzEEErSSS
NNeeeEEETTTRREELLLIZEsss
NNNeuuuTTTRRReeLLiiizzzaaaNNNgg
NNNeeeaatttrraaLly
nnEEEiittrruuuLLLSSS
NNEEEUtrrraatToo
NEEUUTRRRiiinnniii
nnneUTRUUUNU'sss
NNNEiiittrrUNooSSS
NAAEEEtRRRannn
NNNEEEuuuttREENNN'SS
nnEaaaTTrrriiiNNs
NEuuTTTrrOOPPPHill
nauttRRREphhhILLsss
nnnevvvAAR
NNNeevvveeeRRmmuuuRRRiii
neVuurrthhAAALLeeesS
NAviii
NNEEEvvvUsss
nnEEVaaS'SS
nnnEEww
NoooW'sss
niiwwwBIIE
NoowwBBiio's
nnnewwBiiIIsss
NNuuuwwboooRn
nnneeWWWbbbooRnnn'ss
NNNawwbbbOORRNNs
nnuuuWWCCCOOMERR
nnnEEwcccEEEmmAAArr'S
NNNUwwcccUUmmEEERRss
nnneeWWOOLLL
nnEEwwwool's
nnneeewwEEllsss
nnnEwweeRR
nneeWWWEEsT
nnnaawfaaaNGGlId
NNNIWWWfaaasHHEooNNIddd
NNNEWWFauuNNDDD
NNUUwISh
nnEWlllYYY
NaaWWLyyWWWiiiDD
nnnIwwwLLYYYweeeDDD'sss
NooWlllYYYwwaaDDss
niiWWWnnneeesssss
NNNeeWWWNNNAAAsss's
News
NNNOwwwsss'SS
NNEEWWWSaggaaanT
nnnoWSOOGUUUNNNtS
NNIWWSBBBOYYY
NNNEEEwwwsssbbbOOy'SSS
nneewSbbuYYYs
nIWWWSSScAASSTT
nnnEEWWWSSCaSSSTT'S
nnnEEEWSSCaaasssTTTER
nnEEEWWssccAssTUUR's
neeWWWSScccaSStEEErS
NNuuWWWssscccaaSSStsss
nnnaawwwssDDiAAALLLeeRR
NNNeeewwSSSdddUAALeeeRRR's
nnneeWWsssDeeeAleeeRS
NNoWWssFFFlllAAAsssHHH
nnneeWWWsfLooossshhhaS
nIIwwwsggiiRLL
nEEEwwwSSSgoooRll'SS
nnewwsgiiirrrllSS
NeewwsssggRRROOOOppp
nnnuuwsssGRRAAAUPPP'ss
nEEwSGrrrUUIppps
NNNOOWWWSSSHooUNNNDDD
NewwwSHHOuuNNddss
NNeeewsssieeeRRR
NNNiiiwSSiiiuussttt
NEEWssLEETtEEErrr
nAwsllETTTerr'S
noooWWSSSLiiTTEErrs
newsmAAGAZZiinneee
NNuuuwwwsssMMonn
NNNiiiwwsmmoonn'sss
NEEEwwssMMEEEnn
NeeWSSMMMOnGuuR
NEEEWSMMMiiiNGGGEEErrSS
NeeewwwSSSPapppEEER
nnooowSSppaPPPaaaR'ss
NNNUUWWSSPapppeeeRRRmmiinn
NNNOWsPPUUpEERMMMaaaN'SS
NEEEWSSpppaaPPeermmEn
NNNEEEWWWssPPPooPPUURRRS
nnAWWWSSSPPUPPPuRRRWiiMUUnn
nnuWWWSpppappeRWWooomAN'sss
niWWSpAApppEEERRRwwAAAMeeen
NIIIWspppeeaaK
nnneeeWWsPRRiiinnt
NEEWWSPPRaaannt'S
NNUUWWWsrreoooDDeRRR
nAwwsrrEEiDERs
nnneewwSSRuuuall
NNNEEwwSSSrEEAAll'S
NNEwwwSRRReeeULS
nnOWSSRUUUUmmm
NeWWWSSRROEEMMM'SS
NNeeeWssRRoooEEmmss
NNeeeWWSsstttuund
NowsStttAAnnnD'ss
NAAWWsssStInDSS
NNNEwwssWWEEEEEkklllIIESS
NNNIIIWWWsswweiikkllYY
nIIWSwwwEEEOOOKLY'ss
nnoWSSwwOOOmmmeeeNNN
NiiwwSSSWWWOOOMAAn's
nnEWWWssswwwommmeeennn
noWWssswwwOrtHHoIIRRR
NNIwwSSwwworrTTTHIIIOST
NNNEEWWWSSWERRRtHINeeeSSSSS
nnneeewssWWWooRtHHiiinnooSSsss'sss
neewwwswwuuurrrTThhhy
nneeeWWSSSyy
nnIwwwT
niiiWWttt'SSS
NNEEWtAANN
nnneeeWWWttooon'S
nnaaWWWTTTiinnnsss
NNNeewwTSS
NNNeexT
NaXXt'SS
NNeeXXtDDOOOOR
neeXXuss
NUUUxxUUUss'SSS
nnAAXXAAASEEESS
NNNggguuuLLLTTRRuuMM
NNNGAALLLtttRRUUUMMS
NgggWWoII
nnnaaaaccEEENN
nnioooCCiN'sss
neeeBB
NAbb'ss
nnuuBBBLE
nnEEEBBBBLe'SS
NuuuBBBBBlIIDD
NABBBBlar
NNibbBBlEEr'sss
nniibbbblURRsss
NIBBBBlllEEs
nnIIIbBBBLIIng
NNiiiBBLLLuuccckk
NNaaabbbllliccKKKS
nnuuBBBSSS
NNacccccoolattte
NiiiCee
NNiiiCCELLLy
NiiccOnnnaasssss
nooocceeNNeeeSSSSS's
nOCCCeeeRR
NNNeeccciiiSST
nnneeCCCeeetttaaiiss
niicEEETTTyy
nnIIcceeTTy'S
NNeCChheee
NNNuuucHHiii's
NOchhuuusss
nIIcccK
nnnUCCCkkk'SSS
NNNiiiCCCkkudd
nnniiickkkeeeLLL
NiiiCCkkkUUULLL'SSS
nnniiickeelllEEEc
nnnuuuCKKKelllIIffErrrAAAus
NIcccKELLOdeeeeNNN
nicccKKKIIILLLUUUddEOONN's
nnIIccckkeeelllIDDeeoooNNs
nnIICKeeLLLoooUUss
nAAACCCkkILLSSS
NNNIIcccKOOr
NNNiiccKKARR's
NNNickkkUURREEEd
NNNAAcKEEERRINgg
NNIcccKeerrrSSS
nnEcckkeeeNNgg
nnnIIICCkkNNNAACCKKK
NEEEcckkknnnAAAcccKK'SS
nneeeccckknnAAACCCKKKSSS
NEECknnaammmeee
NNAAAccckknnnaaammmaaa'S
NNNUCCkkkNNoommmedd
niCCCkNaaamaaaS
NIIICKKKnnaamuuNNgg
NNiiickkkSSS
NNUUcUttEEonE
NNNIIICCCoootIIINII
nnIIcccUTIIINee'ss
NNIIIcccOTTTeNNNISSm
NIIccTTIIttAA
nnnIIICttAtEEEDDD
niiCCttaaaTTaaS
NooccTTaTTungg
NNiccTTTitAtttI
NNiccTTTitATTTeedd
NNiiiCCtttAATTTatttIIIsss
nniiiCCCTTittaattAnnnGG
NNNACtitttatttEOnnn
niiDDDDereeNNNGGG
nnnIIIdEE
nnnIIDeecOLLIIIUsss
Nooddaaffuugggouss
nnnIDDooFyy
NIIDDEESS
NNEEDDDusssEESS
nAeccEE
nniEEECCEEE's
nnIIEcAAASSS
NNIIEEEllllUUU
NNNAAAAllSSSbbbUUUhrrIumm
nnnIFFf
NNNiiFFFyyy
nOOFTTTIeeerr
nnnuuuFFFTTaaaEESSSTTT
niiifffTTiiilyyy
NiFFFty
nugGURddd
nnnIGGGgeeerrrd's
NNNOOOgggErdddLLaaaNeeSsss
NNNOggggerrDDDLLLEnnUSss'S
NIggggiiRRDDDlYYY
NOOOGggaarrDDsss
nnnogggggeeer
nniiGgEErr'S
NiiGgeeRRhUaddd
NNiigggggaaarrrSSS
nnIGGggglllu
NNNIIGGLE's
NNNUUUggggglluuudd
NNNEEGGGGLLLEEERRR
NNNIIGGGggLLLiiirr'SSS
nnnUUUgggGGGLLLeeerrrSS
NiiggggllleeS
NNNeGGGGGLLAAANNg
nniiggGllleeenggglyyy
NIgH
NNOOGGHHERRR
niighheeSSStt
nnUGhhhtt
NNoGGGHHtt'SSS
NIIGGGHHHTbbLLeenndd
nAggHtttcccaaaPP
nnnEghhhtCCCUUUPPP'SS
NNNOGGGHTTceePPSS
nnneggghTCCClllOOThhhuSSS
nniGhhTTTCClllUttheS'ss
nniiiGGhhhtCClllooB
nEgHHTTCCllleBBB'S
nnnIIIgghhhTTTcclllOBBBbbbeeeDD
nnnIggHHHttccllluuubbbBBBiiinnng
NNIIGGHHHTCLLLOOBBBs
NIIGhhhttdddRRReSSSS
NNNIIgggHtdddRaaaSSSSSS'sss
nnIIGGhhhTTTddrrrASSSSSSUsss
NNNoghtttFaaaLLLLLL
nIgggHHHtttFFAALLL'SS
nnnIgghtttggOOOWWWn
NNNiiGGhhhTGaawwwn'SSS
nnnIIIGGGHHTGOWWnnss
nnniighthaawwkk
nIIGGGhhhTTTHHAAAwwkk'ss
NNOGGGhhhttHHHAAAwwKKss
niGhtooooo
NNNUUghhttai'SS
NIIGGhTTTOOOuuss
NNNooogghTInnnggEEElllE
nuuggHHHTiiiNNgggAAlllUU'S
nnUGHTonGGGaaLLisss
NogghhhtJAARRR
nUUUGhhhtJERS
NNNiiiggghhtttliiifffEE
NNIGHttlliFEE'sss
NNNOgHHHTTTLLIgHTTT
noooggghtttLiggHtsss
niigggHHTTTllonnggg
NUUgghhhtlllyy
nnnOOggHTMMMaarOOO
NNIggHttmIIrrruu'S
noooGHttMMereeesss
NNIgHTTmmooRRRiSHH
nnUgghhtRRRIDOOrr
nnUUUggghhhtrrIIdeRsss
nnEEgggHtss
nnnoooGGHttSShhooDDDEE
NNNOOOGGHtttSSShhhUde'S
nnnuuuGhhTTTShEDDDoooss
niGGGhTTSHHHuuurrT
nnnIIIggHHHtttshiiRttt'SS
NUUUgggHTSSShhhiiiRRTTTSSS
nIIIGGGHHTTTssppoooTTT
nniiiGGhhhTssPPPooottt'ss
nnUUUgggHHttsPPPoooTS
nnOgghhhtstttandd
NIGhTTTSSStttAAANDDD'SSS
nnniGGGHHtsttaannnDS
NNiiggHTSSttticccKKK
NNoGGGHHHTTSStuCCkk'S
NNNIghTTTSSttooocKKKSS
NIGGHTTTTTuuMMMee
NNNIIGHHttTTTaaMMMUU's
NIIIgHHHtWEEllkarr
NiighTTwALkooRRRs
nAGhhhTTTWWWaattcchhhmiiin
nnaagghTTTWWWOtttccchhmmmIINNN
nnAAAghtwaARRR
NNNiigggHHttwwEiiiR's
NIIggghhttYY
NNNiiGGHHHTYY'ss
NuGGGreSCennntt
nniGGRRRUUfuueeeDDD
NiGrrIIFiiuuuSSS
NNIIIGrIIfYYY
nnnIIIGriiiffYiNNNggg
nnnIIIgggRRRIITTTuuDDI
nUUgrraaasiinnneee
NUUHHIIIL
nnEEEHHHIILLLiiiSMMM
NNNIIHIIllIISSmmm'SS
NNNuhhaaalliSSSTTT
nIIHHHEEElllIIIssstt'SS
niiiheeeLAAAstticcc
nnnIIIHHHaallIIstsss
NiHULLLUTTTYY
nnnuuHHiiLss
nnnikkkeetttHAmmIDDii
niil
nIIIll'SS
nnOOOllGGAAAaa
NEEElgIIIIIS
nnnIIIm
nnnIIMMbboo
nAAAmmblE
nnnOOMMMBBLLLEEENNNesssss
nniiiMBBlluunaaSSSS'ss
NNNiMBLeeRRR
NNimBLLEssTTT
nnAAAmmmbLyyy
nooommmbbooSSttRRRotuuSS
nnAAmmBBBuss
nnniiiMMbISS's
NNNiiiMMMbbbUSeSS
nnneemmBy
nnooMMMeeEttUUeeSSS
nnniiimmmIIeetYYY
nOOmmRRROOD
nimmrrrid'SS
nnommRIIdddss
NNNoooNNcccuuuMMPPaaOOOPPP
nnnIINNcccAMMMppuooop'S
NNeeenncUUUMpppooooPS
NNiiinnnEEE
NannnEE'ss
nnniiiNNNaaBBaaaRRK
nnINEEFFEEllld
nIIneeepppeNNNce
nnnuuuNNAApUUnn
NNOONuuppuNNN'ss
nnnINNeeepppOOONNs
NNNUnnniiiPPiiinS'S
NNinnnEs
NiNNiTEEEiN
nINNNEEETTTAENN'SSS
NOOOnEEETTEEEAAnnnSSS
NNNiNOOOTTaaeeennTTTH
NNonneetteeaaNNtthh'S
nUUNNNEttAuuunnTTThhS
NNAAnnnOOOtOEEEs
nnnuuunnniTTTOOeeeTTTHHH
nnnoooNiitOOEEttH'S
nniNNNooottIeeeths
nIInnnEtyy
nnnaannnaaTTyyy'ss
nnnIIInnJJaaa
NONNjEE's
NNIINJJAAAsss
nOnnNNIIIIIs
nnnOOONNY
NaaannnNNNyy'sss
NNNEEEnnnNNNYHHHemmmMMMerrr
nnniiiNon
NNNiNtttH
NNAAnth's
nnnEEEnttHss
nnnAAooBOOOCC
nnniiiOOBBBAuuMMM
NNIIIIbbbuuuuMMM'SSS
NNNioooBOOOIIIsss
NUUpp
NNNiiippp'SS
NNOOPPAAA
nnniiipppaSS
nnnoopHibbblleePPPsssAAAa
nnIIIppppUddd
nnUUUPpeR
nnnaPppiRRR'sss
nOPpiiirrsss
nnnipPPiiieeer
nnniiiPPPPPPIIIooSSttt
nnnapppppiiinneeSSss
NNIpPIINaaaSSSs'S
NNNIPPppAAnnggg
NIIPPPPPLLUUU
nePPpllle'SSS
NNiPPPpplllIS
nnniiiPPPPYYY
NaPPsss
nIIRRVVIIInaaa
NNIRVaaaNNaa'SSS
nnniiSei
nnniiseii'ss
NNiiSeeeiSS
Niiissi
NUUUSSSuuus
nniiissuuuSSSEEES
NNNIIt
nniTTT'SS
NNNuuuttto
nAAAttii'ss
nnniiTTaaRR
nnUTAAARR'sss
NNNaatteSSS
nIttId
NiiittPPPiCCCK
NuuutttpppECCkkkEDDD
NNiiittpiiicccKAArr
NNiiTpEEECCkeeeR'sss
nniiittPAAACCKKEERRs
nnnOOTTpiiicckkkuuuNggg
nnITTTPPiiccckunG'sss
NNNIIItpiiicKKsss
NNNIITrrruMiNEE
NNIIITTrraaTe
nEEtttRRuutttE'ss
NNNutrrooTTTooD
nITTRooTTeess
NeeetrEETTOONNNggg
NNItttrraaTTTIOONNN
NIIITRRaaTUUoooNNN'ss
nItttRRRaaCC
NNOOOTTTrrrIIDDDaaa
NItrIdeeeSS
nnniittRIIDDuuunnggg
NiiittrrrIfIccATTTIIIOOONN
NNItttRRafffICCCAAtttoooOnnn'SS
NNOOOtttRRRiffaaiiiD
NIIIttRRIfIIIiiSS
NNIIttRRRiFYYY
neeeTTrEEEFYENNGG
nnnuuTTrriiiLee
nnIIItrrrIIIlllUUsss
NiitRRRiTTEE
NNNETTTrrriTTEE's
NNNETrrrItttOsss
NNIIIttrrroo
nItttRRRiiibbUUUCCCtttOOORRoooUU
nnniiiTRRooBBBaaaccTTTErrIIiiiM
NNNIIttRRROBBBennnZZuuunnnEE
NNEtrrrOOOBBeeNZZeenIIISSS
nnitrrocEElLUUlOOSSSe
nnnittrrOOccceeelllllallUUSSe'sss
NOOOtttRooccHHHloooRRoFForrrmmm
NNiitRRROOOGeeNNN
NNNIIITRRRUggEEENNN'S
NNiTTTRRiiigEENIIzzee
nnUUUTTroooGGUNNaUUss
NNIttrrreegLLLYCCCEERiiiNN
NNOOtttrooGGLLLyccceRRRin'sss
NNNiitttraaaGGGllyyycEEERiNNNE
nniitRRaaGGllyCCCErinEE's
NNNIIITTTRRROOMMEEtaaRRR
nnniiTTTRROOOPPPaaRAAAfffFFFEn
nniiTrroooSSSAmmmENEE
nniitttroooSSuu
nnIIITreeSyyll
Nittriuuusss
nnnIIIttss
NIttTTTy
nnootwwUUUt
nEEEtwwut'sss
NNNItwwitttS
nnnIVVaaaL
nnnIVVVEEEOOuS
NNiiiXX
NNNIIIXX's
nnixxEddd
nnnooxxxeeSS
NNNOOOxiiNNNG
nno
nOO'sss
noob
nnnOOOBBbbbLLii
nnobbbBBlllEEEd
nOOObbBLLEEEs
nnnOOBBBLLiNggg
NNUUUBBBbbYYY
nnOOBBBeLLiiiuuuM
NNNOOOBBEElIIIUUMMM'ss
nOObUULLiiiTTTy
nnnOObbbilliiittY'ss
nnOOObbbLE
NNNObbbLiii'sss
NOOObbllEEEMMMaann
nnebbbllleeemmmaaann'S
NNoooBBBlleeMMMeeenn
NNooBBluuunneeesss
nnObbblllaaaNeSSSsss's
nnIIbbLLLeeeRR
nnnooobblllIIIS
NOBBlllesssSSSooo
NNeeBBlOSSsIIsss
nnnIbbbLLLOOOsstt
NoooBBLLLUUWommonn
nnaabbblEwweMMMiiiNNN'SSS
NNeeeBBBLLLeeeWWOMMMEENN
NooBBBllyy
NOObbbOODDDIeeS
NuuubOODY
NNAAAbbbADYYY'ss
noBBs
NNNOcckk
NoooCCkedd
NUUcckUUng
NNNuuucckkks
neecccttaaMBuuLLLIssMM
nnniiCCttAAAMBUULIIISSMMsss
nnnOOOcccTTTAAMBBBUUUllUSttt
NNOOOCTTaaammmbbuuLLeeeSSTss
noooccttOmmbbuullloooaaas
NNiiccTTiillUUUcU
NNNaaaCTTILuuuCoS
NNNooCCCttillUcEEEnt
nnooCCCTTuuuLEEE
NNNUUctttarn
nnOcttuuRRNNNELL
nneeeCCCTurrNNaaLLlYY
nnoCCCtooRRnnnOOO
nnnOOOCCCtUUURNEEE'ss
NNNOOCCCTTTuuuRRRnnnAASSS
NNiccUUOOUSS
NiCuOOoooSSllly
Nooddd
NOddd'SS
NudIIL
NNOOOdddDDDeDDD
NaaDDaNNNGG
NNNeeeDDDllE
NNAddddLLLEEE'SS
NNNoDdLLUs
nnnEEDDDyy
nnnooodI
nnnOOODEEE's
nnniiiddduuuSS
NNOODDI
nnnEEDDDAAccAAll
nnnEEdddaaaSSee
nooDss
NNNoDDaaleeerrr
NNNooodUllloo
NNOOODDDeelEE'sss
nUdddUULLUss
NNiiDDDeeS
nnnooal
nOOELLL'ss
nnUUEEllls
nnnaeees
nnnOessESSS
NNOOEEETIIIc
Nooogg
NNoooGGggooNNN
nnnIIIgggGGIIN'ss
NNNogggGGUNNNg
NNOOOggggggIINgggSS
NNNuuugggOONs
NNNOOGss
NNNIhhIW
NNNEEEAAALL
niiiIIIssaa
NNNOAASSSO's
NNOOOSED
NNoooIIISAlEEESSSS
NNUUUSElEESSssLYYY
nneeeeeesUUULeessSNNNEEsSSS
NNoiiSSeeelASSSnniiSSSss'ss
nnnIIIssseMMMAKEEr
NoissUmmOkeeerrr'sss
NiiiuuuSSSeemmIIKErrss
NNoooeSeesss
nnoAAASSEttttUU
NNNooIIIsssiiiuurrr
NOOIISSiiEStt
nooaaaSSIlly
NOOIIISOOOnneeesssss
NNOOIISUNNeeSSS'S
nOOOiiSSUUNNGG
NOuuusssEEmmmee
nnnoooAAsssOmmmEEELLLyyy
NNAuuussOOmmennEss
nEEEeesoMMMoooNEEESsooS
NNoOSSSYYY
nnnaaallOOO
NOOOMaa
Neemmaddd
NNooomaDD's
nnUmmmaaadiccc
nneeMMaDDDeeeccEEElLLLYYY
NNEEMooDUUUSSmmm
nnniMMMaaDDIIZZOO
NiimmmAAADDDs
NNNOOmmiRRRccHHH
nnOOMMAARCCHHyyy
NOmmbblllees
nnooMMMbbRIIILL
nnnIIMMMbbbrriilS
nnnOMMAn
nnnOmEEEnnnccLLaTTuuurr
nnnOmmeeennncccllaaaTTuuuRRaaal
NNNommUUUncLAAtOOOrreee
NNemmAAAnncccLaaTTUUUrrrEEE'SS
NOOOmmmEEEnCClaaatttuuuroooss
nnoMMMiiNNEEL
nnammiiiNNALLLUUSmm
nnnUUmmIINNallIISSMMs
nnooommmIIInnnAALLiStt
NNEmmminnAAALiiSSTTiiicc
NNoomINNNaaaLLLlllyy
NoMMMIINNNaatttEEE
nnnOOmUnnnaaTTTuDDD
NEEEmmmAANNETTesss
nnnoomiiiNNAtttIInngg
nnoooMMMIIInneTTeeeuuNNN
nnnOOMAnnAAtttEEEooon'SSS
NNooomIInnoTTEEEoNss
nnoMIINNNAAATTIveee
NNNooMIInnniiiTTTaVUU'SS
NNNommmuunnnUUttIIVass
NNNeemmIIInaTAARRR
NNIImmmInnnAAAtttorr'sss
nnnAAAMMIINOTTEERRRSSS
NNNEEMMMiiiNNNeeEE
nnnEEEmmmIInnEEEeee's
NAAMMEENNNeeeEEES
nnnoMMIIsMMM
NNOmAAAgggrrEPHyyy
nnnOOMMMooollliggYYY
nnnoMATHHHeeettIIC
NNNooonn
nnooonnABBRRassiiiVVVA
NNOOOnaaaBBBssOOOrrBBBEEEnnntt
nOnnnaBsssuuRRRbbEENNNtt'SSS
NNooNabbbSoorrbbbentSSS
NennoBBBiiSSIIvvvEE
nnnoooNNAAACCiDDEEEmmIc
nOOOnnnUUUcccCCEEPPTaanncccaa
NNNOOOnniiicccceeepTTAAAncAAA'ss
nONNNaCCccRRReDiTTeeDD
nnonnOOOcccIIdd
nnnoonaaaCCTTTEEvvEEETTeedd
NOOONNaaaccTevvE
NoNNNaCCCtttiivve'SS
nnnIIINAACCCTTTOOvves
NNooNNOODDDiiippttiivEE
nnnuuuNNNEEEDDDDDDiiiCCtttOOnnGG
NNNoooNAAADDDDDiiccTTooVVuuu
NAAneeddhAAArreeeNNCCi
nnUUUNaaaDhhheSSSeVVVEEE
NNeeNAAAdJAAACaaannT
nOnnnaaaddjjjUUUSSSttaBBLLEE
nnONeeDDDmmmiiniiisssTTreTIvvU
NIIINNEgI
NNNOOnnaaaGGGuu's
nnOOOnuuGGENNIIrrrioNN
NAAAnnAggEEEnnnAriiieNN'SS
nnooNNNaaaGinnnAAARRIIAAANSSS
neNaaaGGeeess
NNOOOnnEEGGgRRaaasssSiiiiNNN
nOOniiggggRIIssSSSiOOnn'S
NoNNAggggggRRReeSsssIIIVVVE
nnnONNNaGGOOn
NNeeeNNegggOnnnsss
NNOnnOOGRREEEcccOOLLLttiiiRRRaaall
nnnONNNEElCCCoHOOLIIICCC
nOOONULiiGGGNNiD
NaaNNilllAAgnMMMEENNNttt
nnnOOOnAAlagggNNmINNNTTT's
nnONIILLLeeRgAAANec
NNNOnnnALLLLLLeerrGGGiC
naaaNAlllLLUUUEEd
NIINAAnAAALLLYttIIIC
NOONNAAppUUUlooGetOCC
nInaaaPPPiiiaaarrrAANNNCCCeee
NOnnEEEPPPpeeaarrEEEnnnce'S
nnUnuuuPPPPPPEAArrraaaNcceesss
nnooNaaaPPppplIcccEEEBllee
nnOONNNIIPPrrrUUVVVEEEDD
NNNiiNaarrroommUUUttUUccc
NNoonnOrrrrrAAAVaaLL
NNNOOONNNErrry
NNonnneeeSSSSSErrrtUUVVVOO
nnOOnASSSSSIGGNNoobLLLiii
nnnooNNIttHLuuTTeecc
nneeeNNaaaTTTtteeeNNDAncce
nnnunnnoooTTTtUUnnnDDooNNCe's
NOOnnAuuttoooMMMAATTTIIC
nuuunnnaeettOmmoooTIVe
NNOOOnnnevvaiiilllaaBBBEEElllIIItY
NNenoooVVVaaOOOLLLaaaBBaLLLOOOTTTy'SS
nAAAnnBBaaaSSSoooccc
nnnUNNNBBeeelllaaauuvvuuuRRR
NNNOOOnnBBBEElllIEEEVVVuuRR'S
nniinnnbbbeLIIIeeevvvERRRSSS
nnnuuunnnBEllLiGGEEREEEnntt
nnoNNbbbEEllllleeGGAAreNNNT'ss
NNonBBBeellLIIGGAAREEEnnntss
nONNNbbbIINNNdddIIng
nnneeNNNbbOOiikk
nnOnnBRRReeaKAblI
NNIINNbbiiRRRnnnABllluuu
nnnooNCAkkIInng
NIIINcUUULLLiiirrriiCC
NooNNNCCAAnnnCCIIIrOOOuuS
nnOOnCCIIINNNdOOdddaaatee
NNIInnCCCaaaNdUUddatttAAAss
nnnOOOnnnCAAArrBUNNNuuttAAD
NonnCCCooorrnnnUUUvvvORoUSSS
NoonncateeeGGGOOrrIICCCEll
nnnOOOnCCIIooSAALL
nnnaaaNNNCCaaa
NaNNNCUUU'SSS
nnONNCCaaaLLllaaaler
nnnEEENNCCHAAlllAnnnccce
nOONNNCCChhhEEELLAAANNNCEE'sss
NNOONNCCHaaLLAANTTT
NoNNNcccHHALLeeeNNTTTlyyy
NNNeeeNNCCHHUUrrGGGEEEuuBLLLee
nnnooNNNCiiittUZeNNN
nnONcccOTTAAAzzzENNNSSS
NNoooNcccLLLeerrricccOOL
NNNOOONccclIIIRRRIIIcccoooL'S
nInncllIIIRRRAAAccceLLLs
NiiNNcLLEEnIICCCILLL
NNOOnnCloTTttteennnGG
NNOOOnccoohEErreeeNNNTTT
NNoNNCCoooITTaaall
nnnOONNNCCCOOOLLLleeeCTTTAAAbblluuu
nnnEnCIMM
nnEENNNCCOOM'sss
nnnaaaNNNcccoommmBBBeeettt
NNooonCOOmbbAAAtAnTT
NNoonnCAAAmmmBBaattaNNNT'sss
nnnONNNccOmmmbbbatttanTTTs
NEEnccAMBBuusttiiBBLee
nOOnnCCoooMMmaaarrcEEALLL
NNNIIINciiMMMAARRciaaal's
nnnOONNCCCOOOmmMMerrrcaaaullSSS
NNNennCCCoMMMIssUUOOnned
nnnonnnCEEEMMMMOOTTTtoooLLL
nnnOnnCCCoMMMaattTTTAAlLLLy
NNNoooNNNCooommmmuNNNiicccaaaBBllle
NoooNNNCoMMMmuunnnAAAccATTTiVVe
NOOnCiiiMMMmooonnnaSSST
NNooonnncOOmmmPPOOTTTInnngg
nonnnCCCUUMPoooTiiiTTooovEE
nneeNcciiMPaaaTTiiitttEEvvIILLY
NOOONNCCCooMMPLiiianCCCE
nnnOOOnnnCCCoMMMPLLLiiOOONCa'S
neeennCCoomPPPllIIIoooNNt
nnuuunnCCommPLLLYYYOOOnnng
NNNiiNNcooMMMppprrrEEHooonnnDDDINNgg
nneennnCCCaammpppruuheeeNNSEUNNN
nnaaannCCCiimPPPRRIHUUUnnnssiiiVE
NNNOOnnCCCOOOmmSS
NAAAnnnccconnCLeSIIVuuu
NNNuuNNNCCAAANCCAARRrEEnnCCCEE
NNNONCConnCCCiiirreeenTT
NNNiiNNccUNNdEEctttIINNggg
NoonnCCooonnnddEEECCttUUUrrr
nnnOOncccOOONNDUUcccttaaarr'SSS
NNNoNCiiNdddUUCttooRRs
NennnCCCaaNNNFFFIdddOOONtIIaaall
NNNeennncaNNFFlAAccttUUUNNggg
NAAANNNcccooNNFFeRRmmaaannccco
NNNoNNCCoooNFOOOrrMANNcceeesss
nniinnCoooNNNFFooRMONNG
nOOnCCooonFoormmmiiiSm
NeNCinnnFFFIIRMMIIISSSTTT
NNNOOOnnccOOnnFForrrmmmuusTTT'sss
nnIIINNNCCEENFORRRmmESSttsss
nnniiincENfooRRmmiiitty
nooNNccuuNFEERRRmmattty'S
NNEnnnCoonnnSoooCUTaaVVe
NNNOOONNCCCOOnnssiiinnTTIIInnngg
nnneeeNNcccinnsssTTrrIICtttIIIVe
nOONccaaantttOOOGGEeeuuusss
NaanCCoooNNNtEGGGUUOOUsss
noooNCinnntteNNNUUuueeeS
NOOONNNCONNNTTTRIbbeeetiiNNNggg
nnONNNcccoNTTTRiiBBBUUUtttory
nnoonnnCCConnTTTRIIVVVUUrrrsssUUUEEL
NoooNNCoooNNNVVEEEnntttaaoonnnuull
NNNAAANccooonvveeeRRRTTuBleee
nnnAANccOOOIIpeerAAAtiuuNN
NNooonnCCOOOOpppEEREEEtIIaaNN'SSS
NNNONcuuuOOPPPooRRRAAAtovvve
NAAANNNCCCEERRRRROOdeeeNggg
NNunccceeRrrooSIIvA
NunncrrrEEDiiitt
nnnonnCCrrrEEMMinnIIIL
NNNoooNNNccRRiimmmiNNNUUL'S
noNNccROOmmmaNNelS
nnnoooNNCCrIIItttICCAl
nnaaNcrrrYYYStaaaLLLLLuuune
nEENNNCuMMMeeellAATTOVVVe
nnOnCCUURRRrraaNNNT
NNUUNCaaaSSSteeediaLLL
NaanDaIIryy
nnOOONNDeeeAAAdLyyy
NNNIIInDDDeedddEccctttooBLLE
NNNOOONDDDooddduCCCttEEbblaaa'SSS
nOOnnnDDDeLLLiVeeeRRRIEEEss
NNOOOnndeellooVVVEERRRyyy
NOOONNdellliVVViiRRRYY's
NNNiiNDooommeecrrrAAAtIIIC
NNNuuuNNDDAAANNNIIMMMInnaTTEEEOONNNoll
NNiiiNNNDDDeppaaRRRtmENtaaLLL
nnnuuNDUUUpRRUUUcccIIaaatttuuNGG
nniiinnndesCCRRIIIpTT
NNNinndddESCRIIIpppTlYY
NINNNdeSSTTrUUUcTTUUvvaa
NNNeennDDUUTTTiCCChoooBBlllu
nnAAANNDDDAvEEELLLoooppmEENNNTTT
NeenddIIIvuulluuPPmmEnnTTTSSS
nOONNDDDIIIgiSStEEbbLLLee
nnnAAAnnDEEpppllEmmeeTTTiiiC
nnnoonnnDOScUUpLLLOOONARRYYY
NonDDDiSSSccLLLaSSSuRuu
nooNdiiiSSCClllUSSooRRe's
NooNDiiiSSccrriiMMiNaaatteeNNG
nnnooonDDIIISCRRuuummmeeNNNeetIooon
NINNDDDaSCCrrAAAmmmiiinitttiioooNNN'S
neenndddIISSScccrrrIIIMMMIIInnAATTOrY
nAAnDDDeSSjjjinnccTIIIAAN
nnOOOnnddaSSTTTuuNNCCtUUVVee
nnnaaandddUvOOOSSoobbLe
nnOnnDAGmmaaaTTIIcc
nnnOONDDDIMMMAssstttIC
nonnDOOmIIInnuuunnTT
NOOOnnnDrrruuMaaaTTTIIICC
NoondddrIInnkker
NOOndrIINkOOOrr'S
nnnooonnnddRIINkeRS
NOOOnnndddrrrIIvErrr
NNUNNdrrrIIveRRRSSS
nnnonnnDDRRROOg
NooNNNDDRyyOONNNGGG
NNooonnnDArOOOBBBllii
NEEEnE
nnonnnoooCCUUNNOMMiiiccc
nnnOOONNNeediiibbblllu
NNNEEENNeeeDDDUUCCiiitiiiUUNNIIIll
NNNoooNNNeeeffffffEEECCCttAVOO
nOOOnneeegE
NINEEEllAAASTIIc
NoonnnELLECTTed
NNNaaaNolleeeCCtooonn
nnnOnniiLAAAccTTiivA
NNNaNNeelluuCCCtttrIIc
nnanneeleeeccttROOOCCCaaL
NNOOnneLLiiGGibllOOO
nEEnnemmEEErrgggENNCCyy
NNNoonnEMMMOOTTTIIIonnnaaaLL
noooNNNeeemppTy
nOOnnnEENNfffoooRCCCeeeAAABBlllee
NNNoNNAAnnnfiiirrrCCEEEmmmenTTT
nnOOONEEnnTTiitttiieeS
NNiinnentITYYY
NNNOOnnnEENtttIttty'sss
nnUUUNEquuuIVVAlllent
NNNONNeeeqEivAAALuuunnt'SS
nnnoNNEEEqOOUvaaaleeenntsss
NNNEEEneeSSS
NNNonnEESSsseeNNNttaaAAALL
nOOONNeeeSSECCh
NNNOONNEEsssuuCCCh'SSS
NNOOONNOOSSSuCHEsss
nnnOOnoTTT
nnOOONettthiiillleeesSS
NiiinaathhocccAll
NEnnnaaaVinnnTTT
nnnANNEEEVVVEEENNTT'ss
nnooonnaaaVeennntss
nOONEEEXXXCCCHIIINNNggiAAbLLLee
NNuuuNNuuxxClusiiVVVEE
NNNeeeNEEExxooMMMPPPtt
nnnoooNNEExxAMMpppTT'SS
NoneeeXAssTEENNCII
nnooonnnOOOXXXosssTennnCCee'SSS
nnnuNExoooSSStEnTTT
NonnnAAAXXPPEEnnDDIIIbbllEEE
nEnniixxxPPOOORiiiMMeNNNTTTiiLL
NeeNNNeXXXpLLLesssIVVE
nnooNNEExxPPLLaassIvee'ss
nnoNNeexxpLUUSooveees
NNNuunnEEExTTIIINCCCttt
NeeenfffuuuCCTTTiiOLLL
nnunnfffIdOOnnnG
nnneeennnfffarMMM
nooNNNfAAASSccessT
NNNEEEnnFFaattt
NNEEEnnFaaTaaalll
NNOnnFUUUTtttEneennngg
neNNNFFooouusssaannnCCCee
nAAAnnnFFFAAAAssaaaNcccEs
nnnonfffoooDEEErrAATTTEED
nnaanFFFeeerrrrEEEuS
NoNNFuuCCCTTTIooonnn
noooNFFFaaacctUUUAAANNN'sss
nANNFFUCCCttuuuUNOL
NonnfIILLLAAmEEnTTToooUUSS
nnoNNNfoooLLttteeRRRUUUbLLLEEE
nnnOOnnFFLLuuummmmAAABBLLe
NEEENNNFFLLaaaXuuuBllEEE
NNNoonnnFFFllloWWWArrrIIINNNgg
NNNOOOnFLLeeccctUaatanggg
NNEnnnfflYYUUnnggg
nOONNffoIIIddd
nnnOOnfffEoooD'SSS
NNIINNNffrrrEEEZIIINg
NNNiiiNNNfULfffIIILLLlMMMooNNNttt
NooonnnFuunnnCttAIInnuulll
nnnUUUNfffuunncTTTAAAANNiiiNG
NNNUNgassseeAAUUsss
NNooNNNGGunnuucoccciiL
NoooNNgoVEErnMMMIInnnTTaaal
noNNNgRaaadduuD
nnoonnngggRAAANNNaaallIrr
NNNooonnngraaaassy
NNONHHaaaZURddeeIIIS
nnnuNNNHeRiidiittiirrrY
nnunnnhhhEEErrOO
NoNNHHHooERRReeeRCHHICCALL
nnOnHHIIssTTTOOORRIIIcccaall
NannnHoommmOOgeeennnEEoooUs
NNNOOOnhhoMMeLiiGGOOOIIIss
noonnHHHUUUMMAAANNN
NNNEniiiddEENNNttiiCaaalll
NNNiiNollLLiiion
nnoNIIIlLLIIOOnnTTTh
nnnOnimmPOOOrrrtttAAAtAAonnn
nnInnnuuNCCCLLUUssiiiVVVEE
NaaNNNuuNNcccrrriiiMMMANaaTTTEEnnng
NinnIIINdeeePPPenddeeenT
nOOnnniiinnDUUccttIIIVVIII
NNNoNNiiindduuSSttrrrEEEUl
nnnoooNIINNNFFaaacccTTTaddd
NNNooonnaaNFeeeCCtEEuuuuuss
nnOOONoonnfLLLOOMMMmaaablEE
nneneenflllIIIMMMMMAttUrrYYY
NNiNNNiNNFFFlllOTTiAAAnnnaaaRyy
NNEEEnneeennflllEEctADDD
NNNEnnaannnffoorMATTEVVE
nnIInnninnnhhobIItttoooBBLLLoo
nIInniNNNsssTTInnCCtttiivvi
NNOONNNiNTTeeeggrrOTTEDD
nONNNAAANNNTellleeeCttuuaLLL
nnnOOnnnINNTTUULleCttUUoooL'S
NoonnAnnnTTELLlllOOcTeeolllS
nnOOONUnntttArrrCCCHHaNNNggEEEAAbLEE
NOOOnnnINNNTTTiirrCCOOERRRSSEEE
nooonnAAANNttEErrFFFEEErEncEEE
NUUUnnniiiNTTTEEERFFFUUURUUUNNNCEE'SS
nnoNNNOOnnnttteRllooCCCEEddd
NNoonniinnttIIIRRRSSSeCCTTTIInnGGG
nnnooonnINNNToRRVVVuuuNtoooIIInn
NNNaanaannnTTTEEErVVVEENTIIIon'S
nnUUUnnnENNNTTAAARvvUUnnnTTTaEENNISSSt
NonnUUNNTToooXXuccAAANNNTTT
nnnIIInnnUnntttOOOXiiCCatoonnggg
nnnonneeenvvaSivvaaa
NooNNIIIaaNaaazInGGG
NNooonnnaaaRRRiitItttINNNggg
NNooNNNuuussSSSIIIEE
nnnaaaNNNjjOUUNNNddUR
NNONNJJJOuNeeRRR
nnooonnJJJedGmANNNTTAAAll
noooNjjUUUdIIICeeaaaLL
nOOONNJJuuROrrr
NNAANNNkkkooossHHHEEERR
NNonnLLEGGGaaLL
nnoonnnllUUUTHILLL
NNNooNNLLLINNNeAAArrr
nnOOnlliinnnEaaRRiiTy
NNNooNNlllITTTAARRRAAARRy
NNNooNNNLLOVVVAAANgg
NNeeennLLaaavvuNNGGG'ss
nOOOnLLOGGGIIcccaLL
NNonnnmmaagggnnETTaaaccc
NOOnnMaaaLLLICooooooeeeSSS
nnAnnmmOOOlluuuGGGNanntt
nnEENNMirrkkkIIItaaabbLLeee
NNooNNNmmOOTTiReeeaall
nuuuNMMMEEEaasuuRRRaaaBLLII
NOnmmmOODiCAAALL
NNNinMUUUmmmbeRR
nnoonnMMeMBBuuurr's
nnnoooNmmmOOmbberrrss
nOOONNNMMumbErrshuPP
NNoNNNmmOOtttALL
nnnEEENNNMEttaaall'sss
NOOnnmmeettaaaLllICC
NNAANNNMMOOOtttAAAlls
NNNIINmIggRRROttuRRRy
NaNNMMilllEETTToNNNt
NuunnnmmmiiilllittAARRRYY
NOONNmmOOREEElll
NNiiNMMEEttuuLLE
nnnUnnnmooovvvIIINNNggg
nnooNnnnAAARRccOOTTiiC
NNNooNNNnAArrcccUUTiiiccc'sss
NNonnnnnnorccootIIcss
NooNNNNNAAAtAAVEEE
nnAAANNNNaaaTiiVEEE'sss
nnnOOOnnnnnOOOTTIIVeeesss
NOONnnneeeGGGAAAttIvOOO
nnnooonnnnAAAGOOOttIuubble
NNNOOOnNicccllleeeiRRR
NNOnNuMMMeRRuuucccoolll
NNOOONNNOOOBeeeDIeeeNNNcccA
NNNAAnnibbJUCCCtttEEVVii
noooNeeBlIggaTTTOrrrYY
nnnOnnniBBsssEEERvvvannnCCA
nnEEnnaaBBSoRRVVAAnnccca'sss
nnnuuuNuuuBSIrrrvaaaNNT
NNNOONNNUUUCCCcccAAPPaaTAAAeeenaL
nnnuunnnOcCCuurrrreeNCCCi
nOOOnuCCCCuuuRRRRiiinnCCCi's
nAANNNoooFFfiiiCCCIAAAll
NNOOOnnnAfffFIIccIIIaLLLLyyy
nnuuunoooIIILLLYY
nnnonOOOPPeeRRRaaaTTTAAooNaaaL
nnIINNNappIIraTTTevvEE
NIIINAArrrGInnnIccc
NNeNNNOOrtHHODDDiix
NENppuuuRUllliiLL
nOONPPaRReeellllOOlll'ss
nnennnpAArrallLLLuuuLSSS
nnnuNppErrAmeTTrrooccc
nnnONNppooROOseeeTIIccc
NNeeeNNNpppOOReiLL
NNAnnpppiiiReoLL'ss
NNEENNparrEEEAAAllS
nnnoNPaaarOUUSS
nnniNPPEEErrttoociiiPPooonnttt
nnniiiNNNpppaRRRTTAcciipAANTTT'SSS
nennnPARRRtttiicIIIPPAAnntsss
nnonnnPAArrtUCCCeeePPPaaatIIInnGGG
nnAANNNppUUUrrttIICuuuPPPAtttEOOONNN
nOOOnpppaaRRRtIIccIPaaaTTAAAoonnns
nOOONNNPPPAArTTOOseeeNN
nooonPaRttoSSSIInnn'sss
NNOnnPPPAAARTOOOSIIINSS
NNOOONNppEttirrrNNNAlll
nnOOOnnnppATThhhOOGiinnniicc
NEENPPPaaYIINNg
NoooNPPAyymmmeeenT
nIIINNNPPPOYYYMEnnntt'S
NooNNNPPaaayyMMEENtSS
nnInnnpEEErFOOOrmEENccceee
nnnEENPPPorfffEErrMMMaanCCee'sss
NNNooonnnpIRRffoooRMMMonnnggg
nnonppeeRiiiShiiBlloo
nnIInppeeRMMAAnnaanT
NaaNNNPeeeRRmmEEEuuBBLLEEE
NooNNNpppeeersUStOOONNNt
nnOOOnnnPPeRRRSSSIN
nONNNpUrrsssooon'sss
NOOOnPPPeeRsssOOOnSS
NNOOOnnpphyySSooCCal
NNEnpHYYYSSSacccaalLLLy
NNNAANNppLLLuSSS
nooonpLLLaaasOddd
nnniinnppllluuSSEESSS
NNooonPPlluuussUUNggg
nnEEENNNplluuSSSSeeeDD
NNNOnnPPPllluSSSeSS
nnnUUNNNppplIISSSiiinnnG
nnaannnPuuuiiiSSINIIuuuS
NNNUUNNNppOOLLLaaR
nnnOnnnpiLUttooocccOOLLL
NNoNNNPPPOOLLLiTiiiCAAlllLLLYYY
NOOONpoollLLLUttIING
nnnONNpooorEEEiiisss
nnEEENNNPPPUroouusssNNeeSSss
NNNOOOnnppRIccTiiccoNgg
NNNOOOnnnPRREggNNIIINt
NNOONNNpRRReejjjUUUDaaciAAAL
nneeeNNppprrrooosCCrrriipTTTIIUUUnn
naaannppRREDDDuuuCCTivve
nnnUUnnpRRRooFFFeessssuuuinnniill
NuuNNNPPPRROFFEEsssssEEoooNNALL'SS
nnoNppprrooFFUSSssiiiOnnnaLLLsss
nnonnPPROfiiTTT
NNAnnnppprrroooFFFUTTT'SS
NooNPProoffEEEttAbLLLee
nOOOnPRRIIIfAAATTTS
NEEENNNpRRooLiiifeerrratiiiONNN
NOOONNNpproolluuuFeeeRRatIIuuuNN'SS
nnoonPPPRRRuuuTuCCTuuVii
NoNNNPPProoTeonn
NaaNPAAbbbliiCCC
nniiinnnpppUnniiShhaaaBBLLLeee
NNIIInnnRiCiiiALLL
nEENNReDIIIUaccttIIIVEE
nOOOnnnRaaNNDoMMM
NinRUUUaaaCtteeevvvEE
nnnooNNNRRReeeaaDDuuurr
nnIINRRRECCCeeoooPPPTT
NINRRREEEccaaapprrrOcaaaLL
nnnenruCoooppRRoCCaaLL'SSS
nANNNrraccEppprrriiiCiiLLLs
NNNonnnRRaCCupprrOOOccAttONggg
nneeeNRREccoooGGGNNNIttiiooonnn
nnnOnrrOCCCOgnniiitttIIIaaN'S
NaannrrAAccoovvveeRRAbbblE
nnnooonRRRecccuurrrEEnnttt
NNOONNNREEcUUUrrrIIINGGG
nnOOONrrrADDDeeUUUmmmibLLE
noonnnrUUfiilllaBBBllooo
NNooNNRRReeFLuuuCCTTiinGG
NNonrrrooFFeennndddAAABLeee
nENrrULLLiiiGGGAAaauuuss
neNNNruuNNEWWWAAABLEEE
NNunrrrEppRRRuusunnttEEtttIIaaaNNNEEEL
nnnooNNrrUsAAAMMMbbbLLEENCCOOO
NNooonnrrrEEEsiidddIINNNccEEE
NNoNNNreseeDeeennT
NNaaNNrrrUSSAAADDiinnttt'SSS
nniiinnreeessaaDDAAnnnTToouuulll
nnnoooNRReeessiddduunttsss
NNNoonrrooSSSUUDDDuAAAl
NNOONNNrrAAASSaDeEl'SSS
NNNoonnrUUUSSSoosstaannncccEEE
NNOONRaaaSSSOOsssTTaaanncccI'sss
NNOOOnreeessAsssttUUUnTTT
nnneeNNreeSSoollvvAAABBBle
NNNeeeNrrrUUSppONNNSSaVVEEE
nnOOONNrrreeesstttrreeeCtEddd
nOOONNNrrusttriiictteeevvE
nOOONNNrreeeteeerrNNNAABLLee
nAAANNNRRReeTUUUrrNNaaBBlEEE'ss
nnOONNRotuRRRnnABBBllAAASS
NNNOOnnrAveeerrrssuuBBBLUUU
NuuuNNNrHHyyythhhMMIICCC
NNNOONRIIIGiiiDDD
NNaaNrrrUMIIINNONNNt
NAAANNrrUrrAlll
NOOONNSSSAAAlllaaabLLEE
NNOONNSSAAAlllarrreeaad
NNNeeNNSSSCChhooddEEEllleDDD
nniiiNNNssCCieeeNttuuuFiCC
NNNOONSSCCCaaOOOnnntiiStt
NNNIINNNSSccaaRRRiiNNg
nnneennnsAAAaaSIInnnOOLLL
NOnnsEEEccTIIrrruUUUnn
nAAnnnssseeccullAArr
NAANssseGGGRRREGGaaatttoDD
NNNUNNseelEEccTTTIVee
NNNeNNseeellF
nOONNNseeennSE
neeeNsseNsssEEE'SS
nnnOOONssIIInnnSSiiss
nnoonnnssaansIIICCCIIILLL
NNUUUnSSSenssoooccAAAlllllYY
NNNOOOnnnsssaaNssitttIVVVee
NNNUnnnseexiSSST
NonsEXXXUUAl
nnnooonnshhRRINkkkEEBLLLu
NNiiNNsIGGniiFFEccAANNCEEE
nooNNsssiGGNNEEFIcANNNtt
nnOONNNSOOnnkkIIBBliii
NNNoNSKKKedd
nnnIIInSkkUUUd
nnIINNNSLLLiPPP
NooNsssmoooKer
NNoonnsssmmOKKEER's
NOOONNNSSSMMOOKKKIIIRRS
nnneeNNsssMaakkkinnngg
NNONSSOOOcuAAALLL
NNooonnssPPPEEikkkiiNNGG
nnnoonnnssPPiCCCoouLiiissst
nnneennnSSPPICeeeUlliiSTTT'S
nnEEEnnnSSPICCiiaalllaasTTTSS
NOOONNNssspoCCCeAALLiizzziiinnngg
NNooonnnsssPPPIICCIIFFFOOccc
niNNsssPPPHHHEEriiicaaalll
nnnuuunnnSSPPiRRRIIItioooll
NNNEENNNsspiirritUUEEEL'SSS
nnnoooNNNSpppIriteeALLSSS
nOOnnSTTTIIIiiNNIINNgg
nnnOOOnnnssstttAnnnddiiirddd
nOnnnSSttaRTorr
NNuNNNssTAArtiiRR'ss
NNOONsssTTTartIIrrS
nuuunsssTTeeeROOiiidAll
nnuuunnsssttiickkk
NNoonnnstttiCCCkkkiinGG
nnooonnSTToop
nnnOOOnnnstRRaaaTuuuggECCC
nIIInnSSSTRiiiOOOTTTOODD
NNNaaannnSSSTTRRRikkUUNg
NNNUUnnssstRAAAcctttUUUrraaL
NoonnSSUUUBMiiisssSSSEVVe
NOONNsAAAccCIIIsss
nnOnSSuuCCeeSSssIIvvE
nnnoonSiich
NOOONsuuuccHHooSSS
NNAAnnssseaaTTT
nUUUNsuuPPPPPoooRT
NonnSSSoppppppoorrTTT'sss
NOOONssuppppooRRTTTeeeNNNGG
NNNONNSuuurgIICaLL
NNNooNNssuSSStttEEiiNNNInGG
NNooonnnswwwIIIMmmeeerr
NNNaNNSSYYYmmmpppAAATTHEZZZOOOrr
NONNssyyMppoooTTThhhUzzzaaarrr'SSS
nUUUnntOlllkkeettUUVVee
NNEnnTTTaRnneeSShEEbbblllE
nnnOOOnttaaXAAABBllEEE
neeNTEaaCCHEEEnnGGG
naNNNtECChhhNUUUcOLL
nnOOnntttoMPooorrAAAL
nnOOOnntttENUUUrad
NoooNNtthaaaItRRRooocAAAl
NNNooNNNTTThhheeossTTTACCC
nnonTTHHINKKKooonnggg
nOnnttthREEAtennINNNGG
nnnOOOnnnTTTOXIC
NNAnntttraadddaatIIooNNNUl
NaNNTTrrrannSffArrrAABlluuu
NNNiintttRRRANNssspppaaRREEENNTTT
NNooonntttrrIIIvaaAAl
nOntttRApppAAACaaaLL
nnnaaNNNtttypAAACCCEElll
NOOOnnUNNaaFFFiiiiiiDD
NuuNNNUnnnUFFFAAARRMMM
NNNOOOnuunnnUUIN
nnnooNUUUnneeEEnniiiSSSMMM
nnOOONNIINNNIIvvviiiRRsssol
naaNuuuRRBAANN
NUUUnneSSSerrr
NooonnUUUseerrr'SSS
nOOnnnoooSSSArrss
NNNOOnVVVasssCCAAALLLUURRR
nnoooNNvvUNNOmmoUSS
NuNVVUUrrrBBiiiL
nnuuunVIAAABBLE
nOnnVVIIOOOllluNNNcEE
NNoooNNVVEEEoollleenCCCee'ss
nnANNNVVVOOaaalEnttt
NNoNNNVVViooolleennntLLLyyy
NooonnnViiruLLOOnt
nnnaaanVVIIISSSUOlll
NOOOnVVVOccEEElll
nnnuuNNVicaaatttUUUooonnnALLL
nnOONNNvvOOOllluTTTEEEllEE
NOOnvvILLCAAnIC
NoooNNNVOTTaarr
nnIIInnnvvoooTiir'S
nOnnVVVOttEEErSSS
nnnOOONNNVVuuTooonnng
NNNOOOnnnwHHHutII
NNNonWhhittEE'sss
NOOnnWWWHHHIITTeeS
NEENNwwoooRRRkkeRR
NNOOnWORRRkkkeeRRSSS
NooonnnwwwORkiinGGG
NNonnWWOvvvEEEN
nnnINNyyyUUUILLdddiiiNGG
nOONzzzErrreee
nnnooooooddlllEEE
nOOOuudLLLUUU'ss
NNNOOOODDDlleDDD
nOOOaaaDDLAAhhheeiid
NNOOooodLLoSS
nnooooDDLLLiing
NiiiIIIkkk
nnnUUk'SSS
NNUUUookaaaUUU
NNNooookkSSS
NNOOKKy
nooouuNNN
NNNIIIuNNN'S
NNNOOOONNNDAAAYY
nnAAeeennDDDaaayyy'SSS
nUUUiNNSSS
NNNaONNTTIDDee
nnOOOEEEntttiiidde'SSS
nEoontttiimmmEE
NNNoooUUnnntiimmOOO'SS
nooESSSe
NooooSAAA's
nnnAosssIIISS
noppUUU
NoooPlliCEE
nnnooorr
nnorrr'eeeAsTTTuuRRR
NOr'WWWuSSttIR
NOOrEEdddrrUUUNNaaallINN
NOOrAADDRuuNNuuLLIInnne
nuuRRooppiiiNNNipHRINEE
NiiRRAAAppiiinEPPPhhhrrrIIInOOSSS
NNArreaa
nniiRRROaaSSS
nERiiittEE
NooorLAANd
NNNooorrm
nnOOOrmmm'sss
neRRMMMaaall
noooRRMMMaaLLL'ss
nnEEERRmmAAAlllCYYY
NeeRRMellCCy'sss
nnnoorMaaLLLiiTY
NNOrrrmAlITy's
nnnOOrrrmmEEleZaaablllE
NNoormmULLLaaazzzaaatttiOON
nnorrmmooLLLiiizzETTTIIUUNN'ss
nnnooorrrmmeellIIIzzAATIIinSS
NerMMAAlEZeee
NURRRMMalooZuuuDDD
noorMOOOlllizuuurr
nooRmAAALLLuuuZOOrSS
nIIrrmmIILiiiZeeSSS
NNNurrrMMOOLLLEEEZZZOOOnnggg
nnniiRmmmAAllllyy
NOOOrmmmaaalllss
nnnooorrrMMaaatttuVA
nnnormmmaaatUUVVEEllly
nnoRRRMMAAtiVVVANEEEssSSS
norMMeddd
NNNooRRRmss
noorrTThhh
nnnoRRttH's
nUUUrTTTHBBAAAuNDDD
nnuRThOOAsTT
nnnaaRRTTHHeeaassT'SS
nOOORTHuuuAASSSTTIIIRRR
NNNORRRttthhEEEIsssttteeRRR'S
nnooRtthhhEEEEEEsTeRRlllY
NNiiRTTTHHHeeeAAAsTernn
nnooorThhIIIaSTTEErss
nooortthhhooaaaSSTTwwwAAArrdd
NNNorrthEEEaaaSTTwArdddllly
NNNiRThhhAAUSSTTwEEERRRds
nOOOrTHHHUUrrr
NNNERRRThheeRR'S
nOOrrrTThhhEERLLiiiIIIss
nORRTHHeeeRRlllYY
nOORRRTTheRlllYYY'SS
NOrrTThherrrNNN
NaaaRRTTHeeeRnnAAAR
NNNAARRTTTHeeerrrnnAR'ss
NNNOOORRRttthhIIIRRNNARRS
nnnooorTThoornmmoSSTTT
NerrTHHiiRRsss
NUUUrrThhiNG
nnuuurrtthhwwwaaarDD
NooRRRTTTHHHwiRDDDlly
NoorTHHwwwAAArdsss
NOOORttHHHwweeessttt
NooRRTTHHwAAAST'ss
NNAAARRRtthhhWWooosssTTTOOR
norttthhWeestttor'ss
nnooRRRTThWWWuuuSSTerrlllYYY
nnURTTThhWWaasstEEERRRnnn
nnnOORtttHWOOssTTTIrrrsss
noorrTThhhWaaSSSTTTWWarrrdd
nIIrrrthhhwwEEESTTTwARRRDLyy
NNNeeRRtthWWWAASSTWWaaaRDDss
nnoSSEE
nOOSSEEE's
NNNiiSEEEBBBuuG
NNNOOOsEBBBAAAgSS
nnEEESSObbbunnnDD
nnnooseBBBlIIeeeddd
NIIIssuuBLLuuAAd's
NOOOSSEEEbbbLUOdddss
nnoooSSeeccceenne
NNNOOOSSeeecONNNI'ss
nOOsEEccAAAnneeeSS
nnOssseddd
NNNOssseeediVVVAA
nnooSSeedddeVVVe'ss
NNAASSSEEdIIVVEDD
NNNOOOssEEDooVAAAss
nisssaadevvvaaaNGG
noseDDOOOvvuuu
nneSSaaaGGEEyy
nnoSSEEEgggaay'S
nAAAsEEEggaays
nooSSEEEppIAACiii
nnnossEEPAAACEs
nnOOOssUUS
NoooseeWWWhhheeELLL
nneeeSewwwhhhOOOuuLSS
nnnoSuYY
NNNOOOSShh
NNNOOSShhh'ss
nnnEEESSHHHodd
NNaaSSShooor
NNNOOShiir's
noooshheeerrrSSS
nOOsshhhOOs
NNaaShhhIIInnngg
NNNuuuSiiiEErr
nnnessIIIIIssT
NNOSSSOlllYYY
nnnISinnniiSSSS
nOSSSiiiNNEEEsSSS'sss
NAAAsssInG
nOOSSSoGGRRIIIphhhyyy
NNNoSiiLoooGGEEEccil
nnUsssUULLIGGGIIIIIISS
nnnoosssOOOllaagiiisssTT
NNoSSSoloooGGy
noooSSSTOOLLLGGGUUUa
NosTTTellgggIIOOO'SSS
nnEEESSSTuuuLLGGGiCCC
nnAAASTTOOOlllgOOOCAALLLy
NiiiSSTTAAALLGiisssT
nnAASSTTTaaaccc
NiistteCss
nOOssTTTOOlllOOOGGGyyy
nooosttOOOmaaaNiiEEE
nnnoostRRRil
NNOOSSStrrAALL'S
nnnIISTTrroooLLLsss
nnnIIISSSTTTrrUUUMMM
NNoStttRRUUmm'SSS
nEsssTTTrrrUUUMsss
NOOSSSyyy
nooTT
NNiTTTIIBBIIIlllIItttOOOes
NNNuuuttaabbAlllITTY
NNOOOTTTOOObbbelllAATTTY'S
noToobbbllI
NNNUTToobbbLLLOO's
nnettIIbbbLLLeess
NoTEEEbllY
NNNEEEttUrIal
NeeetttaaRRRAAESS
NNNUTTaRRRezzzEEETTTIIuuunn
NNNeeTTARIzzziiitttiiOOOnnn'ss
NoooTTTAArrrIIIzzzeee
NootIRiiiZZZOOOddd
nnnaTTAAArroZZeeeSSS
NNAAtaaaRuuzzIIInnnGG
NNuuuTooRRRYYY
noTArrY'ss
NNNoootAttee
nootteTTeeddd
nnEEEttIITTTaSSS
nOtIIIttinnngg
NNNEEttAAATeeeONNN
nnnOtaaTTTIIIinn'SSS
nOtttaTTTiiionnOlll
nnoottAAATTToooOOONNNsss
NNNoooTTccchhh
nnnOtttchhh'sss
nnUUttcccHHHBBBAAAccckk
nIItttchhooddd
NaaTTTcchAAAs
nnnetCHeeNGGG
NNNootEE
NNOOTTTeee'sss
NNIIITTTeeebboOOOkkk
nnootteeBBBoOkkk'ss
nnnOOttteboUUUKKs
nnOOOttEEECCCaaaSSE
nnnEtAAAcAAASesss
NOteDDD
nnnOOTTTAAAllluuutt
nnuuuTTEllAtttSS
NNNOteePPPaaddd
NoootEEEpAAADDSS
naatooPPAPaaarr
NNEEtttaPeeePPPeerrr'SSS
NNotttEESS
nnnotooWWOOORttHHiinnneeeSss
NNNotIIIwwwUUrrrTTHIInnnaaSSs'S
nnOOOttAAwwwaaRThhhy
nnaattHHHIIINNGG
nnootthhhenGGG'SS
NNNOTThhUUUNgNNeessss
NNaathhuunnnggNEsssS'SS
nooottHHHIIINNGSS
nnnoootAACCee
nnnuutttiCCCi'ss
NNNiTIIICCCEEEibbbLLLO
NNNOOTTTEEcEEEaaBlllYY
NNNuTTTiccebbbuuuAArrrdd
NNOTTeeeCCUUboaaaRRddS
nnnUUUTTTiCEED
NNOOttIIcOOOSS
nniiitiiicccIIInnnGG
NuuuTTUUFFiObbbLE
nnEEETeFFooCaaatIoooN
NNaatIIIffIICOtttiooN'SSS
nnnOOTOOOfiiCUTOOOOnnnsss
NNoooTofffeeeEEd
nnoTTTIIIffiiErr
NUUUttEEffIIIeR'ss
noTTTAAAffiiieRss
NNoooTTIIIFUUEss
nnAATiiiFy
NoTTEFYYeeeNG
nnnoooTTTiiNNGG
NNNOOOTTieeenn
NNoTTuuuUN'SS
nnOOOTTTIoNNALL
NNNeeeTTIIoonaaaLLLY
nitttIIIOnss
nnnoooTTTUCHHoorrd
nottIIIChhhorrddss
NNIIIToorriiiety
NNNOOOTooriiiUUUttYY'ss
nOOOTTTOOreeoooUs
nnnETTTAAARRiiaaaUUUsssLYY
NooottteRRnnneeSSS
nnUTeRRnniiSSEs
nnnOOOtUUm
nottWWIIIttthSSttAAnndiNGG
nOOOogIIT
nnooAGGGaaTTT'SSS
NNOEEEGAATs
NNEEEeggght
NOOOIIIGGGhhttt'ss
NNNooUUggHHHTTTs
NIIaaammmEnII
nnnOOuuminaaalll
noUUMMAANNNiNNN
nooIN
nooUUUNN'sss
NNOOUUUNNNALL
NNNeeeOOOns
NNNOuuurrrissshh
nnnOOOOriiiSSShhiiD
nnoeeRRRIsHaaaS
NNNeUUrEEssHINGGG
nnUUUeeRRRUUSSSHHHmEEnntt
NUUUirrOssshhMMMEEENNNT'SS
niuuuSS
nnEEEiiSEES
nnnoovaaa
nnnoooVVVaaa'sss
nnnoooVVAccUUUlliiitttee
nnnOvAAAee
nuuvvvIIsss
nnnooovaattuuuEN
NNEEvvveeLLL
nUVVEll'SSS
nnovULUUTTTEEE
nnOOOVVVOOllleeeTTTttte'sss
NOOvveeLuuuttTTEESSS
nnnUUvvEEllliSSStt
NoovvvEllASSTT'S
nnnoooVVelEEsstic
NNOOOvvvEEELLLaaasttS
NNeeVVViiliiZZZeeetttaaaEEnnn
NUUUVeeLLLaZZAAATuoNNN'S
nnnOVVVELLeeeZZZooTTTiiEEENNS
niiivelliizEE
nnIVVeeellEEZeeeD
NNUVVVeeLozooSS
NAvvveeellliZZZUUUnnGGG
NiivUUlLAAA
NAVeeeLLLLiii'SSS
NNNovELLaSSS
nnnIIVVVaLLLAAA
NNNooovEEELLllYY
NNOvvaaalS
NNNOOVoLtttIIeeeSS
NNOOOviilllTyyy
NNOOVVVuLLLtyy'ss
NNOvvEENNUU
NiiivvvEnnA'S
nnEEEVonnie
nnuuVVeeeNNEES
NNNOOOVVVUUnE
NNOOvvOORRRCCeLLL
NooovvvIIIccca
nIvvvIICe'sss
NOvviiCEEEsss
NNNooViCCIIIaaaTEEE
nnOOOVViCIIOOttAAss
NNNuuuvvveeeTTTiiitttEEE
noovvvIIIttoooUtttee'SS
novvvettteeeattEES
NuuVVooBBBOOOuCaaN
NNNOvvvabIuucinS
nooowww
nnniww'SSS
NNNOOOwwaddAAySSS
NNAAwaaadddAAAYYYSSS's
noooWWuuuYYY
NOwwwoooYsss
nOOOWhhEEERRuu
nUUUWWWHHeeerA'S
nooWHITTTHEEEr
NNoWIISaa
NNNooWWT
Nooxiiuuuiisss
nnnuuxxxAAooooSSLyyy
nnuXIIIOUUUSSSNISSSs
nnEXIIIOUSnnnEEESSSEESSS
nnnaaYYYaaDii
nIzzzzzlE
nnEZZZzzLLeee's
NNNeeeZzzlEEEs
nnnthh
nnne
NNNuu'ss
nneeenCCCee
nUUaNNCCCEEE'S
NUuuuNNNCIIIDDD
NNNUUUaaaNNCCOss
nAAbbb
NNuuuB's
NNiibbbbeeeRR
NuuubBBBIUsssTT
nnneeebbbBBiin
NNNIbbBiin'ss
NNuubBuuunnss
NNNUUUBBBbbblEEE
NNUUbbBBBLLLIIeeRR
nUUUbbblllAAAeeSStt
nnnuuuBBbbLY
NNuuBBBBByyy
naBBBillA
nnnooobEEELLIttty
nnaBBIILaeeS
NaaBBs
nnniCCElLLLuuusss
NNUcEElllleeessES
NAcclliiioooRR
NNNuuuCCllaaEEESSEE
NuuuCLLEEEIITo
nUUccLEattteeD
nuuCCClllaaaitttEss
NEEEcLLLEEATTiiiNGG
NNeeCLLLeeeaTOENNN
nnoooClaaaAAttIIoooNN'SSS
NNUClaaaa
nniiCCClllEUUccc
NNooccclloOOllArr
NUUUcllluuuooolaaTTeeddd
NNUUUcccleoollii
NNNUUUCClEEELuuuSSS
NNNOOOCLLLeeoollUs'S
nnuuCCCLLLOoNNN
nuuuccclleIn'sss
nnnUUUCCLLeeUUNIIICCC
NUccLLeoNNNUUCCCsss
NUUClaAnnsss
nnnuuuCLLLaOOOppllAAASmmm
nnnUUcLLLeeeOOOpppLLLUUsssmSSS
NUUCLLeeeOPrrroootuuuaN
NNNOOOCLLAAuuuSSSUddUU
NuuCCleOSIIIddEESSS
NNuucccLLUUUAATTEDasEEE
nnUUUccLLeeeoTaaaDEEE
nIcccLEEOTTUDDDESSS
nUUUCCCLeeuuusss
nuuucccLLaaUUSS'S
nnuuuCLOOOUUUSSeeSS
nUUUCliiiddIII
NNNAAACLLLEDiiCC
NNADuuu
NNODeee'sss
nUUUDDDEER
nODDDess
nOOODeeesT
nuuuDDDGGGEEE
NNNuuudGGuu'S
nuuDGGGeDD
NNuudddGGGESS
nnnuuDDggguuunggg
niiddiiBBBrrrIINNCCH
NNNuudddIIBBrraaNNNccchhsss
nuuDDDeecccaUL
NNNEDDDism
NNUUdddEEEsMM'S
nuuuDDDIIISSt
NuuDDiiSttt'sss
NeeeDiiisssttts
nnnudAAtttyyy
NNUddUUUtty'sss
NNNudddNNIIIcKK
NNNUUUDDDnnikkk
nnaGaaaTTTiRRyy
nnUUUgGGAAAR
NNNuuuggggeeettt
NNNAAAgggGeTT'sss
NNIIIGGGGEEEts
NNNUUUUUSaaannncAAA
nnIIIiiSSAAAnnnccco'ss
NNuooSSEEENNCCeesss
NNNuuukkII
NNNUUUkkE'sss
nnaaKKKEEd
nnneeekkeeess
nnnEEEKKInnng
nnnaalll
nnnUUllIIIfeecuuteeaaann
nnnuuLllluficAttOOOeenn'SS
nuuLLLlllUUUFiDIIann
NUUULlloooFFiiId
nuullLLLiiiFFUUUUUUrrr
NNUULLLLeeFFFIIIes
nnEElllLLiiFyyy
NooLlliiffyInggg
NIIlLuppEEEReee
nuLLLLIITy
NNNOLLliiTyyy'ss
NNNulllLSSS
NEEEMMb
nEmmmbbbUttt
NOMBaaatss
NNNUUUmBBBIIIDD
NuuummmbbUUUr
NuMMMbbbAARR'ss
NeeMMbooorrruuD
nnummmBBBEEERRRunnnGG
nnummbEERRLLEESS
nnUmbbeeeRPLOtttooo
NNUUMbbbUURS
NNNUUMBeeessstt
nnnAmbfffEEEsssH
NOMMbbEnnnGG
NAAmmmBBInnGLYY
NOMMMBBLaaaSSS
nnIIIMMbbly
nUMBNUssS
nuMMBBNNoooSSSs'SSS
NNAmBs
nnnUUmmmbbSSSKKiiilllLL
nnnuuuMMMbbskkiiiLLL'sss
NNUMMBBBSkuuLLLllS
NNNUUUMMAnnn
NNUmmERAABLeee
nnnuuummmerOOccYYY
NNuumERRRacccY'ss
nOOOMMERooolll
nUUUMEERRRIILL'SSS
nnnaMaaarrralss
NNUUUMMMERRRAARRRY
NUUMMMUUUriiittEE
NNUUMMeeeRAAAttted
NNuuuMMeeROOtttIIIS
nnEEMIIIRaaTTTaaanGGG
NNNUmeeerraTTIEENN
niiiMeeeRAAtiiOn's
nnAAAmmmAAArEETTTiiiaNNs
NUMeeeruuuTTTAR
nnnuuummmuuuRATTiiR'S
NNNOMMMeerrraaatoorsss
NuuuMMErrrIIICC
NiiimmmoooRRooccAlll
nuuuMEEErriiiCalllYY
nnuMMEROllooGECCaaall
NNOOmuROOOlOOGIIsttt
nnooMMMErAAlllaaagIIsTT'SSS
nuuummmEEEroooLLoogggeeeSStttS
nUUmmeROleGGY
NNUUmmmEEErOOOllAAAggy'ss
nnnuuuMMIrrrooaass
NNUUUmmuuuROuuSlllYY
nnniiimmmEERRoouuuSSSnneSSSSS
NNNaMMUUURUUOSSSNiisSSeSSS
NNummIIIna
nnnUMiNOOUUss
NNiimUUssMMMaTTiiicc
NUmmmIsssMMiiTTiiiCCCSSS
NNummeeeSSmmmAAATTTaaaccSSS'SS
nnnUUmmmIssmmUTTIIIsTT
NiiiMiSSSmaaatUUUSSt'sss
NUUmuSmetISSTTsss
NNummmussmmAAATTUlEGGGYY
NNNuummARRRYY
NNummmmUUUlllooorrr
nnUMMMmmmuulllEtI
nnnuuumMMMIIILLEETiiiS
NIImSKKuulllLL
nnnOOOmmSKKKaaaLLLL'sss
NOOOMsskkUUULLLLLs
NNuuuNNN
NNEn'sss
nnnuNNNAAAttIk
NNIIInnnCCuuaaattORRRaaa
NNuunnnCCCoooaaa
nUncccIIee'SSS
nnUUUnnnceOOOs
NNNUUncccLaaa
NNuuNCCCUppAAAtivvii
NNNunnnHaaaOOD
nnUnnNNeRROOOIss
nuunnnNEErrrYYY
NEENnniiirrYYY'sss
NNNuuunnnSSS
NNOOPPtiiiAAAl
NNNuPPPTTTiiiAAll'SS
nnnuuuPPTTTIIOOlls
nEEERssaa
NUrrSSo'SSS
NNaaRsssEDDD
NuuuRRRSSSeLLLONNNGG
nnURsEELiiinnnGGG'sss
nnnaaarrrSaaalInggss
nUUUrsEEEMMMuIddd
nnaRRSSSiMeeeiiiDDD'sss
nnuurSSeMMMuuuOdddSS
NNuuRSSSaaaR
NNNURssAR'ss
nERsIIRiUS
NuRRRssseeeRRSS
NNNuuuRRRssseeerrryy
nnUUrsssooRyyy'SSS
NNuuuRRRsssiiirrYYMMMAAAIIID
NerrrSeeRRRYYYMMaaaN
NArrrSSSErrYMMMUUUnn'SS
NNurSSSeRYYYmmAANNN
nnuurrrSSESSS
NNNURRRSSSaannnGG
nuuuRSSSINNG'SSS
nnOORRRSSlllIIInnG
NNeeRRRssleeenngg'SS
nnUURRSSSLLLeenGGs
NNuuurrrTTuuuRREE
nnuuuRtEEERRREEE'ss
nnnUURRRTTAARRReeeDDD
NNUURRRTiiirERR
NOrtUrrreeerrr'SS
nnuurrrtttUURRRooRRRs
nnuuuRtUUUrrreeeS
NNaarTuurrrinnnGG
nnUSS
NNuuuttt
nnuuTTT'S
neeTTTAAtIOOOnnn
nnnUUUTUUUTTUUoooNNSS
nnUUUTTbbbrrruWNN
nUtttcIsssEE
nnuuTccaaasEEESSS
NNoTTTCCricckEEERR
nnnattCrrOOOCCKERRR'ss
NNNuutttcRRREECKEERs
NNATggAAAlllll
nnneTTThATTccchhh
NNNEEETTTHHAttcccHH'sss
nOOOThhhAAATTcHHEEESSS
NUTTHaauSSSEEE
nnUTTThhOOOUUUSees
nnUUUTTllluuuTTT
NNNUUtMMMIIAttt
nnuuTTTMeeAAAtt'sss
nnUtMaaaIIItttS
NNNUUTTTMEEEg
nnUUUTTMEEEgg'SS
nuTTMMEEGGGsss
NNuTTTpppaaCCkk
NNUUttPEEck'sss
NNNUTTTPPEEccKKsss
NNNiiiTrraaaaaa
NNAttrriO'SSS
nnooTRRRaaaaass
NNOOOtttRRRuuEENNNT
NuutttriiiENNtt'S
NNNuTTRiieeNNtttsss
nEEETrIILLoooTTEE
NNuuuTrrammmuuunTT
NNNUUTTrrooommmENNNt'SSS
NEEEtttRRRIMMMEEnttAAALLL
nUUUtRRRIImeNTTss
nnuuTTRRRAAAtIIoooNN
NUUtrrETTToooN's
nuTRRRiiiTTTiiiiiinnnAl
NNNuuuTrreeeTTaaOOONNNaaaLLLlyy
nnnuutrrriitIOONNNiiSSTT
NuTRRRutuuuooNoSTTT'ss
nnnIItRRottiOOniiiSSTTTs
NNNUUUtttrrrIIIttIIOOEES
nnnAtRRREEETTTIIiuSSSllYYY
nnneeTTTrrrooTuuuaUUssneesssSSS
NNATrrruuutiiiIIUUUSnnnAsssss'S
nnuuuTRiiTIvvA
neeTTss
nnnuuttshhhEELLLLL
NNuuttsshhheellL's
nnnUTTssHIIILLLS
NNEEEttteddd
nnnitttUUr
nnUttttuuuRss
nnuutttOOOEEEr
nAAAtttieeesssTTT
nnUUUTTTtily
nnnUUtttiiiNNNeeessss
nuuTTttinnneSSSss's
nnnuTtaNgg
NNNuuutTTy
NNNEETwwwOOOoDDD
nnnUUUzzzzzzLLLEEE
nnOOzZlEEE'SSS
nuZZzzlaadd
NNNEzZZZLLeeRRR
NuZZLOOrr'sss
niizzzzlllEErsss
nUzzzzLLOOSS
nnnUZZZZLLLiiiNNNGG
NYallUUU
NyyyaaLLLess
nnyyyccTTTagggUUNNNiiiCCEEiiaaas
nYYYCCCtiLLePPPIAA
NYCCCTTallooPPPIaaasss
NNycccTTTuuuPPPhOOOBBBEa
nnYYYcTTopphhOOObbiiiiisss
NNNYLGHHAoo
nnnyyLLGGGHHaaauuSSS
nnyllOOON
nnnylllan'SS
nnYLLOnnSSS
nnnyylllaaaNsss's
NYYmmpppHHH
nYYYMMph'SSS
NNNYMppHaa
nnnYMMpppHHHUUEEEu
NyymmmPPhhaaall
NYYmPPhALLLidd
nnYYMppHHallAADDsss
nnYYYmPPhhIIIIInn
nnYYYmPPPHHeeettt
NYMPhhheTT'S
nnyyyMMMppphhhuuutttsss
NyymmpppHHHeeeuuM
NNNyyyMMMphLLLUUKKEEE
NNNYYYmpHHHOOO
NNyyymmPPHHEELApppssIIIeeess
NNyMMMPHOOOleeePPPSyy
nyyyMPHHeemmaanAAU
nnymmPHHUUUmaanIIAA'sss
NNYYmmPhhhOOMMAnnIIAc
NNNYYYMMpHAMAAANNNAAAcc'S
nnYmmmpphhOOmmOONNNIecaaL
NNNyyMMPPHOOmmEEEnnniAACCCSS
NNNYYMMMPHoosss
nnnyyymPPPHSS
NNyysstOGGGMaaac
nyyssTTTAGGMMMUss
NNNyySSTTiTTTIIInnn
nYYYssTTTUUttoonsss
néEE
OO
OOO'cclllEcKK
oo'eerrr
OOF
AOFFF'SSS
OOAFFiiSSHHH
OOAAAFFFeeeSSHLLYYY
oooafIssshhNNisssss
ooIFFoooSSShnEEEsss'SSS
OOAAfs
OaaaKK
OOOuKK's
ooAAkkkEEEn
oAkss
uuAKoooMMM
oEEKKKumm'sss
uuAAARR
oAArr's
oEEERUdd
oooEEErrFIIISSH
oAAArriNGG
OOOaarrrLLLiicKK
OOOeerlUcckkk'sss
IaRLLOcckkS
ooouuRRRS
ooAArrSmmmInn
oAAArsssmmiNN'ss
uuuAAARSSSMMMonSHHippp
oooArrsMMAAAnssshipppSS
OOAAArrSSmennn
ooaarrssswwwoooMMMooNN
oaaarswwwaaMMannn's
ooeRRSSWWWoMMeeeNNN
eAAASSESSS
ooAASSIsss
uuAsssIISS'S
ooaaStt
UUaaaSSttSS
ooaaT
iiaTT'SS
OOOAATTceKOOO
AAAeeTTCOKKee's
UuuTccEEkkkeeesss
UUUATTeenn
ooAAtHHH
AAAAATTH'ss
IIiiiTTThhS
IIeeTTTMIaaLL
OAAttMMeeeOOLLL's
OOuuuTTss
AAitttsss'S
OOOBBBbbLLLeggATTTiii
iiiBBliiGGGaaatttooo
UUUBBBbbLLLIgggAtttAA's
ooBBLOOOGuutttOS
UUBCCCOrdOTEEE
ebdddUUUCCCAAA
OOBBBDDDUUURRRaaaccY
AAABDDDoooRREccY's
ooBBdoRuuuTTTUU
OBBBdddIIratttIlllYY
eeebbbddUrrrattannnussssss
OOBBDooRRRatttENeessss's
OOOBBBEEHH
UBAAIHHSS
UUUBBooDDDIIIeeeNcii
ObiDiiiIINccU'SS
OOObbbeDiieennnTTT
UbbbEDDDEEEENTTTLyy
iibEIIISSSoNNNCee
IbEEEIIssuuunnCeee'S
AABAAissOOncccOss
oBBUUUUsuuunnnTTT
OOOBBeeeLLLi
ObEEElIIsK
eBBeeLaSSSkkk'SSS
EEbbeeelliskss
oooBBBEllloozeee
OObbbOllluus
ooBBBEssI
OBEESSSEELLLy
oBBeeessseNOOssssss
OOBBBeeesEtttyyy
aaabEEESSaTTTY'ss
OObbbeeeY
UBEYYEdd
eeBeyyyiiR
obEyUNgg
oBBBuuys
uuBBBFusssCAAATTeee
OOBffuusceTed
EBBFFuussscccaTOss
OOObbFFFuuuSSccoooTInGGG
oooBfffuuuSSccaatiiAAANNN
OOObffUsssCATTTooIIInn'ss
ObbFUsssCCCAAAtuOOOnnSS
ooBBBFFFUUUSccAATOOOrrYYY
EEEBuuu
uuuBUUU'SSS
OBoooS
UBBBiiiTTT
OOOBBBiit'SSS
OOBBiitttSS
ooBaaaTuuIIrroEsss
OObbiittEEIRy
aBBITTTeARyy'SS
ooBBjjjICt
uubbbJJJECCCT'SS
ooobjACCCTaDD
oBBjjjiiiCCCTiiiFFiCCAtiiaan
OOObbbjjeeccctttOFIIIcAAATIIIEEEnnnsss
oobJJEcTiiFFieD
oBBBjjjeeectiFIOOSSS
aaabbjjjeeecccttEfyy
IBBjjEEECtttUUUfYYYIINNNG
IIIBBBJJJEEEccting
EEEBJJICCCTTTAAoN
EEBBBJEEccTioooNN'ss
eeBBJJEEECtttiAAnnaaabbElllIIttYYY
UBBBJIIIcctttiiInnAAAbbbLOO
ABBJAACttIIeennnUUUbblllUUUNNeeSss
EEbbbJJeecTToooooNIIIbbLLY
obJJeeecctuuONNsss
UUUBBjjEEECtteeeve
ooBjUUCttiVVOOO's
OOBBjjjoCCCTTIIvveelllY
OOObbbJJIcccTTAAvvAAnnnUsss
OOObJJiiiCCtoooVEEENNNeeessss'SSS
uuuBBjjeeCCCtttIVVVEEss
oBBJJJiicccTiiivvUUssm
oBBBjjeeeccTTIIvviSSST
oobbJJJeCCtiiiviiisstttiicc
objjjoCtiVVViiiTY
EEEbjjeeCTTTivvotttyy'sss
uubjEEcccTTIvUUzzAAAtttIoonnn
OOBJJJEECCCtUUvvuuuzEEE
Ubbjeecctlllasss
ooobbjOOOCCCTor
ObbJJJeeCCCtaaarr'SSS
IBJEEccctooRss
UUBBJuuCttsss
aaaBJJJuuuT
OOBBBjuuurrrgggIIItttEE
ooobbjjjUURRRGGGaaatttAAddd
OOObbjUUURGGEETiiiSS
OOBjuuuRgggooottooong
ooBBBjjjUrrgaaTTTOOOuNN
obbJJUUUrgaaatttIIIuuNNN'S
OOOBJJURRRgggaattoooiinsss
OObbbjjjuRGGAtttIIIrr
aBBjOrrggEEtttEEERRRY
oooblllEESSTTT
AAAbllooTTuu
aaBLLLaaTTeLLYYY
ibbblooottEEnEESSSS
oooBBBLLLUTEEENNNeesSSOOsss
UbLAAttuunnn
ebbblliiTTuuuOOn'sss
OBBBLLLAAtttAAAONaaal
ooBBllaaattIIIooonnnsss
iiblllOToRRY
ibllooogAAATAA
AbbllligiiiTEEEddd
IIbllIIGGEEEttteeS
UbllliiGGeeettii
OObbblIgggAtttaaNNgg
iibblIIgggAttuoN
ABBBlligaaatttIIIooonnn'sss
ooobbbLeeegggaatttiiiaaNNs
ooobLAAAGGGatta
aaBLeeeggiTTOOR
obbLEgaaaTTaaaRRiiiLyyy
oobLiiiGGGEEttiiiRRRy
ObbblOOGGGotiiiss
ooBBllaaaGGee
OObllaaaGeedd
eBBlluugggeeii
uublIGGGeeeRRR
OOObLLLIIggeSS
UUUBBBllIIIGUUnnGG
ubbllIIIgiinnGGGLLYYY
OOObbbLIIIGAAANNNGGGNNEESSSS
OObbblllIIIGIIINNNGnUUUsssseSS
oblAgggEERRR
ABLuuquuuO
AAbbbLLLaaaquAAA'sss
obLLiqqqEUUUDDD
ooobLAqUUUaalYYY
OBBBLLuuuqUUEENeeSS
iiiBLLiQQUUUInnnEsssS'SSS
UUUBBBLIIQaaaSS
OOBLIIQQuuuiTTTYY
UUUbLeQQQuuuIIITTYY's
obbLLiTErrruutttE
oooBBBLOtORRaaataDDD
OOObbbLLLItorrrEETesss
EEEBBlIItEEErrrAAATTIIInnnGG
iiBBBLLETTOOORRRaaTTTiiOOONNN
oBBBLLLiiiTERRRIITTTooooonn'SSS
ooobblllooTTEEERRRAATIIIvvEE
oooBBLLLEtERRRaattOOrrr
OObbblliiivaaaOOOnnn
uuubllEEvvAAAoon'ss
OOBlllIVuuuIIIiiiS
AABLLLEEEvuiiussLLLY
OOOBlliiVVViiiUUuuSSSNEEEsssSS
iiBLIIIvEaaiiiSSSNNusss'ss
aabbLLLonnnG
ooobLLONG's
ooobLOOOnnngSSS
ObLLLOOOQQAAiiiuL
iiibbbllloquueeeOOiiSS
OOObbLLIqqqAAAyyy
iiibbLLOQQUYYY's
aBBBMuuuTTEESSSCIInCE
ABBBnnnooxxxoooEEEis
IIIBnnaxxeIUUUsllyy
uubbbnnnEExxxUUaauuuSSnnnAssSSS
eebNNoooXIAooosssnnneess'sss
oooBBBNNNAAABBiiiLLLaaTTToo
obbbaaaE
OOBBoOOO'S
oboaaSS
OOboIIISSSt
OOObbaaaiisttt'SS
ObooAASSStSSS
OOObbbiiiLLiii
iiibuuloooS
OOObOOOVVVAAtttE
IIbOOVVEUDDD
ooobrEEPPTiiOnnn
uuuBBBSScccEENNOOO
oobbbsccceNellyyy
OOOBssscccEnuuuR
OOBssCCCeeeNNEEST
ooobbssceenItttAAAIIISS
uuuBsCCCeennnIIITYY
ooobscceeennAAATTy'sss
OOBSSCCCurAAnTT
oooBsCeeerrraaanTTTEEESSSMM
IIBBBsssccuuuRRUnnntttisssmm'sss
ooobbsssCCCoruuNNtiiSSTT
OObsssCCuuRRaNNNtIIISSSTTT'SS
OOObbSSCCCOOrrraaNTaaaSTTTss
OBBBsscEERRRIITTOOoNNN
ooobSSCuuurAAA
ObsccceeerrreeeD
iiBsssccurilllYYY
OOOBSccUUrrreeemmEnnnTTT
OOOBBBscccArrrEEnassSS
oBSSccIRRRinnnooSssseesss
IIIbbbSScccUURRooRR
EEBSSSCCCoorrESSS
eeBBSCCUURAsstt
ABBBScccuurInggg
EEbsCCUUURRIIttIEEES
ObbsCCUUrrEETTTYY
oBscuurriiittty'ss
OBBBsiiiccrrAAAttte
oobSSSeQuuuEEnT
oBBsuqqUIIEEs
OOObbSIIqqaaaUuuuuss
iiiBssOqqqAIIEEUUSLLY
OOObbSSSeQQUUUiiEEsssNEEEssss
ooBBBssoQQQOOiiOOOUUUsNNNisss'S
OOObbsEEEQUyyy
ooobbbSSSeqqqIyy'SS
ooobbSEEErrrvvvAABBBiiiLiTTyyy
ebssEEERVVAAbblOOO
OBBSerrvIBBBllOOs
IbbbssooRRVaaBBLLyyy
obbsseeerrrVaannccii
IIbssorVaaNNCE'SSS
AAbbbseeerrvvanCCEESSS
uuuBSSSURRVaaannnTT
ooobbbSSSOOOrrrVVVaannntlllyyy
OObbSSEERRRvAAAttiiEENNN
ooBssseRRVVETTEEEONN'S
OOBBBsERRVVITToonnnaLLL
obbbSSSIIrrrvvvUUUtttIOOnnIIllLLLy
UbbSEEERRRvETEooonnnsss
UUbbbssArrrvvUtoooRRIiiSSS
OOObbseeeRRRvATTTooorrry
UUUBBBssirVVVAAATTTEEERRyy'ss
ObbbsIRvvEEE
oobssEEERRRVVeeeddd
iibbbSSSEEERRVVVeeR
OObbssUrrrvvvuR'SS
eeeBsssEErvvUUrrSSS
oooBsserVAAs
AAbbsEErrrvvvInGGG
obSSSEEESSSS
OOObSUSsEEEdd
uuuBBBsssIIISsISSS
IIbSSSaSsssIIInnGGG
oBBBsseeessssOOEEEnn
ooobbbsiiissSIIOOOnn'SS
ooobbbSSSeeessionnnell
ooBSSesssAuNaLLLLLLYY
EbSuuSSSaaaEEEnnSSS
ooBBSSeessssIIVe
iiiBBSSSESssiiVU'SS
UUBBSSSEssSSSEEVVVeeLLYYY
OObSSIIISSSAAvvviiiNNEESSS
UUBBBSSEssSiivveeNNNESSS'ss
ObbsEEssssiiVAAs
OBBSEEEDIUUUnnn
iiibbbSSSOODDIIIIn'SSS
IIIBSSollluuuSSccceee
obsoooLLLEEssccAAd
ooobbbssilliiissccceenccoo
OOOBBBSolllIIIsCIInCEEE'SS
OOBBBsssELLIsssCCUUUNNNttt
oooBBSSSooollloossCCCeeeNNNtly
IBSoLEEESCCus
IIBssoLLoosccIIInnnGG
eebbsOOLLLeeeTTOO
UUUbbssiiilllIIttteeDD
ObbbSSiiletullYYY
OObbsssooolllEEETTTOOONNNeeessS
OObbsOLLeeTTTEENeSSSSeees
OOObbsoolletttEEEsss
ebbsoolUUteNGG
OOBBBssooLLoTTTUUUSSSM
ebbSStttACCLE
IIbbsTTAAcLLLeee'S
AABSStttoooccllUUS
ooobbbstttEEETrrOC
oobssTTTeeTRRRiCEEELL
obbbstttEETTTrriiicccIIIAn
uuuBssTTAATrUUUcUIInnn'sss
OOObbbSSttEEEtrrrECCEEannnS
uuBBSSStttEEEttRRRiiicsss
iiiBBSSttIITTRRRIcccss'S
ooBBBSSSTTTIIINUUcccYYY
OBBSSttteeenicccYYY'ss
OObssttEEnnAATTTEE
OOOBBsttIInnUTTTelllYY
UUUbsteePPAATiiiOOOnn
iiibbSTTTRRRepppiiRRReUUUSSS
ABBBSSTrrIppAARRROUsssLLy
oBBBssstRRRooPPAAARUUUISSSnnnOOOSSSs
AAABBSttRRREPeerrrOOOOOOsNNNeeSSSS'SS
UUUbbsTTrrooCTT
OBBsTTTrrAAAccctttEEED
OOOBBSSTTTRRUUCCttter
oBsstReCCCtooNNNg
OOOBBssTrrUUcccttteeeooon
oooBBBSSSTTrUUUctttIIIoNNN'SSS
OObbssstRRUUUcTaaOnnuussm
oobsssTRRuuCttIIIuNNiiSSSMMM'sss
uuuBSStttrrrUccTTTOOOONNIsst
oooBBBSStttRRRuuuCCttiiOnIISSTT'SSS
ibbsstttrrAAccttuuuuuNNNiiSSTTTIIIC
OOBssTRuuuctIIIooNNNIISSSTTSS
AABBBssstttRUctIIIEEENSS
oBBssTrruuuCTIIvveee
AABBBssTTRRuuCCCTuvvvIILLYY
OBBSSSttrrrIccTavvveNNNEEESSSS
OOBBSttRRUUUccttIIvAAANNNuSs'SSS
ObbSSTTTrrUUcTTTor
eebbbssTTTReecccTs
oooBBBSSTTTrrrUUUEEnnttt
EEEBTTTAAuunnn
uuuBBTaaennnAAbbblUU
OOObbtttuinAAADD
AABBBtAAAiinnnIIrrr
ebTTTaaONNIInggg
ooobbtaaainnnMMEENt
OOObbTTAAEEENNNMMInnTTT'S
AAbbtUUiiiNS
OObbteecTT
oBTuStt
UbtttrriDDDe
abbttRuudeeDD
oobbtRRRuuuDERR
UBBTTrrrAAAddess
IbbbTTRRuuuDDinG
EbbTTresoonnn
ooBBtttrrrIISSiioooN'SSS
EEBTTrriiisiiviii
OOBttrrEEssEVVeelllYYY
AAbbbtttRuussiivvvUUnneeesSSS
ooobbTTTrUUUSSSiiiVVVOOnneSSSS's
UbbbTTiinnndd
OBBBtttUUUnnndddaD
ooobbTTTEEnddaanGGG
ooobbbTUUUNDDSSS
OBBBtttirrAtEEE
aabbbTUUssee
eeBBBttuussseellYYY
OOBBBttiisseeennnEEESsss
IIBBBtttuuSSSuunnnEsSS'ss
ObbbTuuuSSSERRR
AAbttuuSSSeeSTT
AAbbbtuusssIIIttYYY
UBBBaaMMMbbbRRRAAttee
AAbbbVVVerSSa
OBBBvAArSSII'SSS
OBBvOOrSSElllY
oBvvvERRsssUUSSS
ObVVVeert
oobbVViiiAAATeee
UBBvIIaaaTTTeeedd
iiiBvIAAATTaaSS
ObbVIotUUUnggg
aabbbvvEEEAAATIIIon
OBBBVViiiaaTTTIIeeN's
UUUBBvvvIIAATToorr
OOObbbVVIIIoAAASS
obbbvvoooaUSLLLYY
uuBVViiiOOOiSSSNNNOOSSSS
UbbbVViiUUAASSnnnIIISSS'SS
uuuBvvoLLLuutttEEE
OOOcaaaReeeNi
OOOCCCAAArrAANNNaa'SSS
AACCCarrIIINNNAAs
oooCCCccesssUOnn
UUcccUUUSEonn'sss
aaCCCeesoooEENaaal
OOOcccCCCaasssuuIINNaaallIssmmm
UUUCCcccAAsssiiiuuNNallLLY
ACCCccEESSooOnnaadd
uucccUUUsssiOnnennngg
UcCiiiSSueeennss
ICccIddeeNTT
oooCcideNTTelll
iCCCiiiDDDUntteel'SS
oCCEEDuuunnttALLSS
OOOcCCeeedEEENtsss
ooCCcaPPPiittAA
ooccCUUPPPiiitiiil
UUUccCCCooopaaaT
oCCCCCiiiPPeeeTs
occccclllaadddII
OcccCLLIIIDAAAdd
ecccccluudEEEss
ooocccCCllUUdddIInnGGG
uucCLLooSAuuN
OOccccccLLLUSSSAONN'SSS
EccccccLLUUsUUONNss
uCcccllEEsssiiivvaaa
AAAccccccUUlltt
Icccccuullt'ss
OOCCcccIlllTTTuTTIIIeeNN
oocccIILttIssMM
ECcccAAAlllTTUSSSMMM'SSS
UUUccccUUULLLttASSt
ooCCccALtttiiisT's
OccccUULLLTTTiiSSSttsss
IIcCULLLTLY
OOCCcccUlTNNOSSS
ooCCCUUlllTTs
occCCCooPPEENNNccUEsss
OOCCcUUPPiinnCCCYYY
oooCCcuppaNNNcYYY'sss
OOCCCccUUUppaaNNNtt
ooCCCccciPPPAnTT'SS
occcUUPPANNNttts
OOcccCUUPATuuuoonn
IIIccCupppATIIIooN'S
OOOCCCCCiippaatiiiNNNUULLL
uCCcccoPPPETTTIIOOOnnnELLlly
OOOCccupAttIooonss
IccccUUPPueedd
eeecccupuERR
OOOcccCUUPoooIrrr'S
OOcccuupppiiooorrrsss
IIICCCCEEEppiiieeeSS
ooCcccIIIPPyyy
OOOccOPPPyyyInggg
uuCCCCuRRR
eeCCCCirrReDDD
occcCCCUrrrrONNNCCCuuu
ooCCcccuuuRRrrrEENNccEE'sss
uuuCCCCCurrrRREEENNNCCCiiSSS
oooCCUUURRRrIIInG
OOCCCCCCUURRs
AAcEEAANN
uccEEEnnn'SSS
OOOCCEannnaRRIeee
UUCuuEEEnnnaaRRRiiiUUmm
uucceeeENFFrrrOOnnnTT
OOOceeeUNFFFRUUNTT'ss
OccOaaNNFRROnnntss
oocccEEEaaNggUUoNNgg
aacccuunnnIcc
OCCaaaAAANNaaaccc'sss
oCCCaaonEEEGGGrrrUUPPPhhhOOOrrr
ICCCUUaaNNNOGRRRAppHHeeR'S
EcciiiaNNAAGGRRePPhaRRsss
ooCAAAaaneGRRuupHHUUUC
oocceeaaNNeegggROOOPPHHHEECALLL
uCCCeaaNugRRRAAAPHHY
ooCCIIIaaannoogRRRAAAppHHHYYY's
ooocccUUUiiNNOLOOOGyy
OCCCuuuaaannaaalooogggy's
OOCCCEEEaNNNss
oCeelloot
OOOCCElAATTT'sss
ecEleTTTS
OOchhh
uCCChhEEERRR
iCCHHHEEERR'SSS
eeeCHHHUROUss
ooChhARRsss
ooChhEErrryyy
uuucccHHlllOccRRRUUccYYY
eeeCCCHHHLOOOCRRRaaaTT
oooCCCHlllocccrraaaTUUUcc
oCHHllEEphhoBBiiAA
ooCChhhANNE
OOOCCHHre
oochRREE'sss
Icchhraaaaa
oCCChhhReeeooEEESSS
iccHrruuus
oCkeeeR
occcKKEEERSSS
ooocattiiilllllOO
UCCCITaallllooS
IIcRReeeIII
oCCCRRRAatE
icccTTaaCCHAAArrrddd
IIIccTaaDDD
ooCtttOOdddSS
OCCttaGooN
OOOCCCTIIGOONN's
ooccTTTAGGGIIInnooLL
UUUccTAAAgggOONNNss
OCTEEHHHUDDRRRaaa
OccctaaaHEEDDDrAAALL
ICCtttAHHeeedddraaaTe
UcctEEEHHiiDDrON
uucccTTAAHiiidRIInnsss
AACCTaLL
IICttaammmiRRoUUSS
oCTTTUUMMIIItEEr
UUUCttEEMETeeeRS
ooocccTTTAN
OOccTTuNNuu
aaacccTTTIIINNNoo'sss
EECCttiiNNNEEs
AActttOnnnggLLee
OctEEnngggAlllaaaR
ooocTTAAntt
uuuCCCtttaaNtttALL
iiCTTTuunnTTTSS
ooccctttaaarchhyyy
OOCCCttiiissstyylooo
EccctttaavaaaLOOnnttt
IIcTTTEEVEE
eCttavvee'S
OOCCTaaVVIIISS
IIIcctaaavvO
ooocccTTaaVVee's
AACtttaaVVOOSSS
OOOctteeeNnniAAAlll
ooccTOTT
ooCttAt'ss
occctttIIITTTsss
oocccTTTiiittttEEE
iiccttAATTTTee'SS
iicTTTuuuttTiiis
EEEcccttOOOlllliiioooN
oooctttEEllLOaannnthh
occtOOddEEEcccaaLLlliioNN
OOOctEEdddEECuuummo
IIICCCttOFFEEIIILL
ecccTIIGGGEnnooRRRiaaNN
ACCtttOOOGGGEEEnnnorreeaann'ss
OccctOOgggENNIRRRiieNNNS
AACtAAnnAARRRiEs
uuucccTTTEnnnooryy
OOCtOOPPPIII
OOCCtOOpIIIDDD
iicctoPPEEddss
aaaccctttOPPPIIIs
oooCTTTiPUSSS's
EEEctttuuupuSSSIISSS
AcccTTaaROOOOn
OOCCCtttooSSSYllLLLaabuccc
OctttOOssylLLaBBllu
eectttOOOSYYLllOBlllESSS
uuuccctRoooo
OOCCttRRRaaaEEES
oCCCttOOPPlAA
OOOCCTOOOppLLLeTT
oCeeeLLLAAARR
EEccalllaaRR'sss
EEECCCeeLLuRss
OccuuuLLLiii
OOOccUUUllissttt
oooccuuuLLLUUsssttt'S
iiiCCOOllUSttSSS
OOOcccUULLIImatooRR
OccaaalllUs
uuuDD
uuudddaaaLLuuussKKK
OOdaaalllOOSSQUe
AAAddaLLLIIISQQQiiiEEE'ss
oDDDAAALLLISSSQiiiiiSS
oodddDD
oddddBalllL
OOOddDbbbaalll'SS
ODDDBiiLLLlss
ooDDDUrr
UUDDDdddostt
oooddDAAAtttUUUeees
oDDDddatYY
eDDdddIITyy'sss
ooDDDddllyy
OODDDDDmmmEnnnt
OddDDMMEEENNNtt'SS
ooodDmmmooonnts
uudDDnnnESSSSSS
aaaddDDDnnoooSSSs'SSS
oodddsss
ooddDDSSS'SSS
Odde
iidddA'SS
OOODDDeaaa
EEEDUUUIInnn
ooDDeeSS
edeuuMMM
iDiiiooOOOS
iiiddeeooouussLLYYY
OddEooouusnnneeSSSSS
OODDOOooUUUssNNESSSss'S
ooodIUUmm
iDDIIIUUUMM'SS
odOOOMMetIrr
aaaDDamEttIIR'ss
oodddOOOMMEEteeerrrSSS
OdoooNNNTIILgia
OOODOOnttIIIbblllASSt
adonnTagggrrIIppHHH
IIIdddOnnnTAAAaaaD
uDoonTTOOOLoggicccaal
OOODDDuuunnnTTuuulOOGGAssttt
ooDOnnnttAAALLiigggYY
IIDDDAARR
addOOrrr'S
OODorreeDDD
oDDDuRiifffaaaROUss
ODDDUrrUUffEEErEEuuSlyy
OOODDDOOOrrIFFFuuRRooIIIssNNNeSSSSS
ooDooRLLLEEssSS
odddiirlllEssLy
IIDDOORRoUUsss
OOODAARaUUSSSLY
OOOdORRooouuSNNNOOsssS
eeedeeerrsss
oDDYl
iDyySSSSSeeeYY
ooDDyysssSSSOOOyy'ss
oodYYsSSSayyySS
UUiCOllaagggyyy
OeeeDDeeeppUll
ooEEEILLllUdEEE
oeNNUUllOgyy
OOOIIInnnoooLoGGYYY'ss
iiieeeNemEll
EOOONNAppphhhIIIlllOOO
ooIIInnnoooPPPHHiiillluuu'ss
OeeennIIIPHHeeeLOOOs
UUUEnneephhhooolllIIIsst
ooIIInnaaapppHHiLiiiSStttss
uuuEEErSSStEEEd
ooEEErrSSSTEEDDDs
ooeiiiVrrAA
oeuuvrrU's
EEEEEEUUUvvRROOOSS
oooff
OOFUUy
aFFf
aaaffffffaLLL
oFFFFOOOL'sss
OfffffbbbUAAT
OOOffffBOOuuutt'SS
AFFFFFBUUUAAAtttsss
EFFffcccaaTTSSS
IIFFFEEDDD
EEfFFFeeennnd
OOOffFEEnddeeD
OOFFFFFEEEnnDer
UUFfffinnddErrr'SS
offfeeeNNNDirrrss
AAfFFFaNNddiinnGGG
OFFffeeeNNDss
aaafffFFFoNSSSIII
aaaffffffEEEnnsssIII'SSS
OOOfffffuuNNNSSeLLLOssss
OOOFFFfEEENSSeeeSSS
OfffFinnSUUVVaa
OFFFFFeennSSIVVeee'S
OFFFFennSooovvEELLY
OOFFFFFEEnnSAVEnEEsssss
OOFFFFFAnnnSSiVennuussSS'ss
iiifFFeeennSivEEES
ufFeeer
IIfffFIRR'SSS
EEfffaRREddd
UFFFfffeeeRReR
OOFFfeeerrruuunG
ooFFFFFFeerrruNNNG'SSS
OOFfIrruuNNNgggs
aaaFFFfArriiiRR
eeFFFERRRs
offffOOOrrrTTUUUrrrEEEESSS
OOOffFEEERRRTTAAARY
oooFfIIIRTTToory'sss
oooFFhhooonnnD
EfffffhheNNNDDDEdd
oFfhOONdIIDDDLLLy
offffHEnndEDDDNNIIsssSSS
OFFfhhaaaNNNddiiidnnesssSS'SS
uFFFFAAAcE
OOfffFFAACCU'ss
offfiiiceehhhoLLLddduuRRR
OOOfffFFFOOOccceeeHHHullDIIR'ss
OFFFfffICCCIhhUUULdddiirrss
OOFFfIIICCCerr
OOOFFFfffICaRR'S
IIffffiCCCiRs
uuFFFFFiiiCCCESS
ooFFfiiiCCuuolll
iiiFFFuciiiAAlll'SS
UFFFFFFAACCiiaaaLLLDDDoooMMM
ooFFffOOOCCCiaallldddoooM'sss
iifffffUUUCooELEssEEE
OOOFFffECIIIAAAlllaaasas
oooFFFfffeeCaeeeLLLissMM
OOOFFFFOOCiiaaalISM'SS
AAAffficcIIooLly
offfIIICEiiilllss
offffICCCiaaant
oofFFFIIIcAAIIINNTTT'S
EFFfIIICCCIaaannttss
OOOFFFfECCCaauuRRYY
eFfffiiiccIIiiiTTTAA
OFFFFFiCiiioootttEDDD
oofFFFUUciiAAtEES
oFFffICCCaaaaaTTAANNgg
oofffffAAAcccIOtIooonnn
OFFFFIccIuuTTTAOOnnsss
oofffFFFiCEEEoootOOOR
offfFFIIICCiattor'sss
IIfffffEciAATToRRRSSS
OFFFFiCCCUNiLLL
OffFFFICOoooOSS
iFFFFFOCIIOOOUUssslllyyy
IfFFFACiuuoosssNeeesssS
UUffffiiccaooOOOSSSnnnEEEsss'S
oFFfEEnnng
OffffffiiinnGGG'SSS
EEEffFFFInnnGGS
aFFFassH
offffiiSSSHHllly
UUUfffffIIISHHnnISs
IIIfFFFkAYY
offLLEEnnUU
offfFFFLLOOOiD
OfffFFLLOOOaaaDDeeedd
OOffffLLLOOEDDDOnnnGGG
OOOffFFFLuAAdddss
IIffFFPPrrOOOnnntt
AfFFPPPRRRiNTT'ss
iFFFffprrrIIInnnttsss
OOOfFFSSS
eFfffSSCCCreeeooNN
IFFfSSeeett
EFFFfffssEEET'SSS
OfffFFFsssUUtss
ooFffsEEEttTTiinngg
iifffFFFssshhOIIITT
uuufffsHHHOOOooott'S
aaaFFFFFFsssHHHEEEOOTss
uufffFSSShhOOReee
AAffSuddE
AFFfffssiDDAAs
OOOfffSSprrANNNggg
eefFFssPPrrIIInG'SSS
OFFFSSSprrAAANggsss
OfFsTTTuGaa
OOOfffffsttAAggoS
OOFFFFTTTRAAAckkk
ooFFFt
ooFTEn
OOfftttiiNNuuR
OffftOOnnnoosstt
UUFFFTTEENTTeeemmEEESS
OOFFFtttiiMMMeeeSS
agggdddOOOeDD
OOOGGDDDiiiaadS
OGGGUO
ooGGGaaaIIIDD
ooGGHOOOMM
OGGGuuvviiL
OOOgggEEEvvve
eeeGGGiiivvvUs
UUGGGLLLA
EEggLLLEE'S
iiiGGGLUUD
IIgggLLeeeRR
IIIgggllleRR'S
EGGGLLLEEERRs
ooGGleSSS
OOOggglllINNGGG
EEEggrrrEEE
EEGGru'sss
aGRROAAssshhh
oooGGrEEEss
OGRRooSSSSS
iiiGrrruSsss's
ooGGGRRReeeSSssEEESS
ooogggrrUSHHH
ooH
ooHHH'S
OOOHm
ohhMM'S
OOhhmagggOO
uuuHHMMAgaasss
iiiHmIIC
EEHHMMMmmmAAATTTArrr
ahmmoTTerr's
ooHHMMMMutttUUrrss
OHmSSS
ohhhOOO
EEEhhhss
OOOII
oIIIDDAAAAM
IIIikkk
iiiiKKKsss
oiill
eeiiiLLL's
OOOEELLLbbiirddd
OIlllbbbIrDDss
aaaiiLLLCCCUUUN
OOIIIllccciNSS
AAAilllccclottHH
oiiilCCClOttthh'SS
AAAoollCCCllooothhhSS
OOOaLLCCUp
oilIIIddd
eeIILLAr
OIIILLLEEErrSSS
oooIlllFoooeellD
oooIIILLfffoooELLdddS
ooUUULLLiiiEErr
oUllIIEEssTTT
AAIILLLuulllY
oooLEEENAAAsss
ooIIILIINNUUsssss's
OooLLinnnggg
uuElllMMAAAN
eeiLLMeeNN
ooeeeLLLss
uoolSAUUUDD
oooUlllSkiiinn
oeeLLLSSSKKiiNNN'sss
aaaaaLSKIInnsss
UUUIIIlsKKKINSSS'S
OOiilsssTTTINNNEEE
OIlllsTTTooonnnEEEsss
ooUUULYYY
oooAnnnkk
UUOnk'S
OOiiNNkEEDD
ooIInnnKKAnnnGG
uuAAANKKSSS
uAntMMMeeeNNTT
ouuntttMunTTT's
OOOiinnntMaNNNTTTSSS
oookkkAAA
oookkkooopppII
okkkupppII'sss
OOOkaaaPIIISSS
OOKeeess
iiKKaaayy
IIIkkkAAYY'sss
OOOKAAyeDD
ookAAAYYYiNNNG
OOOkkaaaySSS
OOOKKKI
aaKKKrrra
oKRRaaa'S
AkkRRROOOS
AAALdd
OOOLddd's
ElDiii
iilDDDEEnnn
uLdddeR
aalllddeSSSt
oldffAAAnnggglllUUUd
ULLDDDIIIe
oooLddaaiii'S
aaldddiiiAAAsss
AAALdddiShh
oLLDDDNESSSsss
oollldnnnEEEss'ss
uldsttErrr
eLLDssTErr'S
ALLLDDSTTTooRRRs
ooolldddwwwiifffe
eellldWWWiiVeesss
oLLdyy
AAAlllEEaaacccEoouuSS
oolllEEAAGGInuuuuuuSSS
olleeIINNNDEER
ooLLLAeeenDDeeR'ss
AlllOOoNNNDDDeeeRRSS
ooolllAAOOsssttERRR
oLLeeAAASSStUUUrS
iiilliiiAAtteee
eeellOOOCRRannON
oolllEEFFIINN
OllEEEEccc
AAALLEOOOnnn
UUlleeiiinnss
olEEEA
illEEoo'SS
OOLLLEEEgggrrIppphh
eeellaaaOOOMMAAArrggaaaROONee
aaaLUoooMaaargaaRRRinnOOO'sss
OOOLOOrrEEEssIn
oooLiiiiroSSiiNNNSSS
OOLLeeeRRaccuuullttturEE
uuLLLAAAS
OOOlllUUUsTTTRRRAAA
aLLOOOAAM
OOLLLFFFaaacccTTTAAAin
eellfffAACCttOOnnnSSS
AAAlFaacccttOOrriiIs
eLLFFAAACTaRRy
UUUlFFFEEECCTIrYY'sss
uuuliiibaNNEEEmmm
OOOlllIIIbbAnnnOOMMMS
UUlAADDD
OOOLiigggArrCCHH
oLiigaaaRRch'S
IIIlllIGGaarrChhiiicc
EELLLAAggarCHiiiCAALL
ooLLIIggaaarccchhhuuCaaLLLllyyy
OOLLLiGGGUrrrccchUUEEES
ulliGAArChsss
ooolIGGIIIRRCCCHHy
uuuLLIIgOrrCCCHY'sss
olllIIIgUCCHHHaaaitttE
allIIGOOccHHHUUUIIITTeess
UUULLiggIICCCLLIIsssII
alllAggooCClllissseSS
AAALiiiGGGooPPPIIllluUUUs
ollIIIGoooPooLLLIISTT
UUULAAAGGGOPOlllosttteeeCCC
OOLLLIIIgggAppeeLLy
OOLLLaageepoollyy'S
OLLaagggOppssOOnYYY
OlllUUUgIISSaaccccHHHaaarrOddAAA
UUllaaaGGeeSacccChhhaRIIIddEESSS
OOlllEEEggURRoAA
ooLLEEEgguuuRRuooSS
EEELLLooO
OlIIvvveeeccEOOUUUS
OLiVVVaa
uuLLLIVVee'SSS
oollIIVVEEEnaTTTUU
ooLLLiiVVVeeesss
eelIIIVVViiiNUUU
AAALOOOvvvinASS
ooLLlllA
EEEllllesss
UULLLOOOGGGeEES
IIILuugggyyy
ELoooruusO
elé
ooLLé'ss
oomm
oMM'S
oMoSSE
IMMMAAsssUm
ooommmbbEEERR
OOOmmBaadddsssmman
eMMBBuuudsssMUUNNN's
ooommbbbiiDSSMMMaaNSHHipp
OOOmmbbUUUdSMMMOOOnnn
OOMMMeeeggaaa
ommIIguuu'SS
oooMEEEGGasss
OOMElleTT
OOMMMoooLLUt'S
iiimmmeeLLLUUUTTss
IMMMEEELLLeTTTiii
ooommEElllAAAttttE'ss
oMEELLETTtteeeS
oMMMen
EEmmmeN's
Ummmeennns
ooommennnTTiiiMMM
OOOmmmANNtOOMs
AAmmmEErrr
oommmiiCrroNNN
ooMMEEECCCrrraNN'sss
eeemIcREENs
uMIIkRAAnnn
oooMMMiinnooUs
oMIIINaauuSlllyy
OOOmmmiNNNOOuusssNEEESSSSSS
UmiNNNEEaaaSnnEESSSss'SSS
OOOmISsiiibLLLUUU
EmmmuSSSiIIN
ImIIISssiiEEnnn'sss
OOOMaassssssIIIAAAnnnss
oooMUUttt
oooMIIItSS
uuuMMuutTeDDD
ummIITTTooNNGG
emmmMAAAtttooodiiuMMM
oMMMMeeeTTToooPPHHoRAAA
oMMNiibAAsss
OMMnIIIbbUUS'SS
ImmNNNiBBBassseeess
ommmnibusSSeesss
oomNNNocooommmPPetteNNccee
aaaMnuuccommpOOttEENNNttt
EEMMMNiiddeRReeecttIooonUULLL
OOmnnuuuFFaRRIUUUUSSS
OOOmmmnnniipoooTTeeenncce
OOOMMNNAAPOTennnccE'S
AmNNipppOOOTTTuuuNNNttt
oMNIpppOTTTEEntlY
oMnnnepppRREEsseeeNNNCCCE
omNNNIIPrOOSSSuuNCCEE'SSS
oooMMMnnnUUppprrOOssseennnT
oooMMMNNNiRIINNgAAA
oMMMNIIISSccaEnnccEEE
oooMnnAAscIeeNCCE'ss
OOmmmNNNIISCIENNtt
AMNNiiiSSSccooENNtlllyyy
ommmnnneeeVVVOOre
UUMMMnnIVVUURRReee'ss
EmmmNiiivvooorrrEEESSS
uuuMNNNIIvIRROOuuuS
oooMMNNeeevvvAArrrEUUSSLY
OmmNNiivOrOUUUsssnnnaaass
OOMnnnIIVVoorousnnneesssss'SS
ooMMOpphheeegggiiOOO
UmmmPPPhhhOOOllooouuu
OOmPhhhuulaaasss
OMMpppHAAllOOOSSisss
oooMMs
OOn
EnnnUUUggoR
OOnnagggeerrrSSS
ONOOOggrEEceeeOOOUUs
iinnAAAniiiSSSMMM
eeeNNNeeennIISMS
oNaNiisssT
OOOnnnaaaNNiSSTEcc
oonnannaaSTSS
IInnCCee
ooonccE'S
oonnnCCCuuugggoonnnee
UUUNCCoogeeeNNNuuu'S
OOONCuuggAnnEES
oooNCCOggIINNuSSSIIS
AAnnnCCCEEEgggEnEECCC
AnnCCOOOGGeeeNNiiiccIIITTYY
UUnccolloogiiiCCC
iiiNNNcccIIliiiGGGiiCaaLL
UNCaaLiigggIsssT
uNcolllOOOGGGaaSSttt'sss
unncooLLLUUGeeests
OOnccullOOGGGyyy
uuunnncccuuLLLaagYY'S
OOOnnncccooMMInnnGG
OnnDDDUUUMMEEEteeR
OONE
oNNNuu's
ONNNeeuuRRIIIc
OONNeIRRRoocccRiiitteeccc
onnniiirAAAMaanccyy
oniiNNaaaSSSSS
IINeNNEEESSSs'S
aannIIIrriiUss
oooNNNEErrooOSSLy
onneeerrroIssNNNOOOssss
AAANNNAAAROOOaSSSneeessss'S
onEESS
oNiiSEEELLfff
uuNNNoootEME
onnnGGeeeAAANNNGG
ooonnnUUUUn
AANNIooon'S
ooonniiiooonnnSS
iiinniieennsskkkann
InnuonnskkiiiNNN'SSS
OOnnnLIIInE
UnllooIIkerr
OOONNNLooUUKEEERR'sss
onnnLeeeOOOkkkeeRSS
OnLLLeeeUkkkaannnggg
UUUnlYY
ooonnOMMaSIIIOLLoogggyyy
EENiiiMaStttIIccc
onnommmUUUsttteeCSS
ooonnnuuuMMUtOllloooGGy
ooonIIIMMMOTTTOpppOOOuuiiia
OnnOOMMMAtOOpOOeaEE'SSS
oonnoMMaatEEpppOOaaaiicc
uuunnUmmAAATToooPuuuEEEIIICCCallllllY
onnnOOOMaTTapppOettIIICC
iiiNNNOmmatUpppOOIITIcciLlllYYY
uuNRuSSSHH
EEENRRuusssH'SSS
ooNNrOOOSSSHHHoS
ooonRRUSShinnnGGG
ooonnSSCCCRAooon
EENNNSSSETT
OnSSSeeettt'SSS
oooNNssEEtss
uuNNNshhhIrrraa
annsssEEEDE
aNNsllAAUGhhht
oNsssLAiighhhtt'ss
onnnSSllleUgghhTs
ooonnnssTAAgAA
OONNNttiiCC
ooonntEE
OnnntttOGeeNNeeTTTIIccc
INTTTEEGGENITTTEEECCCELLLLyyy
iNtttoooGoNNuCC
oonnTOOOGeeNNNaCCAAAlllLLYYY
eeennTTegggenY
aanntOOOggeeNNy'ss
OnnnTooLiiiggIICCCOOLLL
onnnTaaaLogIICAAALLLLLyyy
OOONNNttOOOLLLoooGGiSM
iiinntIIlooGGiiiSTTT
onTTILLOOOGGYYY
OOOnnTAllloooggYYY'SS
UUUNosss
onnnees'SSS
eNNUsssESSS
uuNwweeRRRDDD
iiinweeRRRDDs
AnyXX
ooNNYYYX's
iinnnyxxxis
AAAaa
oooEEEcccYYte
oooOOOccyyyttEEESS
ooOOOdddLiss
uuuOOOdddlEEESSS'SSS
EEoooF
EooGENNNiiisssEEsss
eOOOGGaaaNNNEESSSIIIS
iiaaGUUNNeeetAAccc
oooIGGGOOnneeeAA
uuOOgeenneUmmm
AAEhhh
ooohhEEddd
OOOHeNNg
oooohS
iiiOOLLiiTTTEEE
UOllAttIIICCC
OOOLLOGGeeCC
iiiOOlleeeggoocILLL
uolloooGGIIccuLLlyy
oOOLLLeeGGiiSST
oouLLLooGY
OOOOMMpHH
OUMMPhhhs
aEEEpppHHHIIrreeectommIEES
ooeePHHHORRREECtuuMYYY
uuuaaappss
OOeeSSSPPPerrrmm
oOSpphhhIreee
ooSSSppphhhaaarrES
OOOUUUSSSPPeRRRUUU
OOOsPoorrEEEsss
OOOAAAtIID
aaozzzEEE
oooozze'SSS
ooooozzziiidd
oOZaaSS
IaaaZZZieeeRRR
UUAzzziiEESTTT
iiizzzinaasS
aaaIIIzzzIInggg
oooozzy
iiiPP'sss
ooPPUCCCATTTYY
opppaaCCaTYY'SSS
ooopaaah
OOpppaHHss
opAAAL
oooPaaaL'SSS
EEEPPPaaaLLLEESSCE
OOppAllleeeSCCCuuuD
OOOppoooLOOssscccooNNNccE
oPPPEllaaaSSCCEENNNCCCaa'ss
ooopaalleeeSSCCEENNT
appuLLLeeSSSCCIsss
UpppAAlllESSScccaaNNNg
eppaaLLAAnnnI
aPaLLSS
eeepppaaQQUe
IIIPPAqqUeeddd
AAAPIQQQuAALLLYYY
EEEpaaaQQQuuueeennneeSSSs
APPoQQQeeeEEEnIIIssss'S
ooopppeqUUERR
OPPooQQuuees
uuuPPaaQQuuessstt
eeppiiqiiAAnG
oooPPE
OOpEDD
eepeeennn
oooPeeeN'ss
eppAAAnnnccIIStt
eeePPPeeNuuuDDD
uuuppeNuuR
UUppuunnAAr'SS
OOOPOONNEEERRRSS
opppANEESStt
OOOpaannnHHHIIInnnDDEddd
oPennnHAANNNDDDoooddLLyy
OOpENHHAnnnddduuddNNeeeSSSss
OOPennnhhUNDEDDNaaaSSSS'ss
OOPPPennnHUArrrTTTeeDD
epEEEnniNNNg
ooopppeeNONGG'SSS
opEEEnenggsss
AAPAnnnly
OOPPaNNNeeeSSSSS
appOONNnneeSSSS's
oooPPoonnS
oooPPEEEnnnWWooRRKKK
EppOONNNwiirKK's
OOPPERIII
eePEEErrrAA'S
oooPoorAAAbbaaaloootttyy
OpeeerrABBBLLee
ooopppERRAAABBBLyy
AAAppEEErrranDDD
ooPPEErrrIInnnDSS
OOPPParrriiinnt
uuuPErrrAASSS
OOOPPEEErreeeTTUU
OpaaarATTTEEddd
oopErrraaaTTeess
IIpppUUriiiTiiic
OOOPPuuRATTiiccEElllLLLy
oPPPeeRRRAAATIIInngg
uuPPEEReeetooonn
opppeeereetttIIenn'ss
oPEErraaTiioNNEELLL
UpppEErrrAATTTiiANNilLYY
IIPPPEERUTTTIiNSSS
OPPErraaatEVVEEE
OOppeeeRRRiitttiiivE'S
eeePEEERaatoooVAAALLLYYY
ooPeeRRRAttIVVIIs
OOOPPeerAAAtttOrr
APPPArootoooR'SS
ePPPEERotttORSS
ooopOOORcullleeeM
oooPEEErrCCCeeeLLUUMMMs
EEEpppiirraTttaaa
oppIrrrEETTTti'SS
ooPPerEEtTIs
oooppEERRRiinn
OOOPPPEEEraaSSI
EEPPooS
OOPHICCCLLLeeiDDooo
iipphheeeDDeeaaaNN
oooPhhhuuuDDDAaaannS
OOPHIIIoolaaaTTrrYYY
oPHHeeealOggY
oopppHHHITToo
opHHTTThaallmmmIaaa
OOPPHttHUUUlMIooSS
OOOppphtthhhAAlMMMiiiC
oooPHttthhulmmmUUUTTAAAs
iiiPPHHTTHHaalllMMMitIIISIIS
oophttHHOOOlMeeLLLOOggUUUCC
OPPhhthhIILLMolllOOOgggiiicccAAALLL
eePPHHHttthhhUlmOOOllOgggIIIssT
oopHHtthhhAALmmmAALLLOOggaaaStt'ss
APPPhhhtttHHolmmmuulllOgggaSSSts
EEPPhTTThhhooLLLMMMOOOloooGGGy
uPPPHHttthhheLLLMeLLLooggy'S
OOOppphhthaLLLmaSScccopAAA
OOpphhttHALMMMoosscccoooPPiiiS
ooppHHThhhELLLmEEESScoooPPYYY
IPPoooAAAtte
iiippaaaOOOTTTEEE'SSS
ooopppIIAAATeS
oPPPinnII
oPPInIDD
OOOPONNNOOOSSS
oopppEnng
opIIInIcciiisss
IppanniiiNG
ooopppIIINIaaaNNN
ipppiiiNNIIIiiin'SS
uppEnIENUTTEDD
opppInneeoonaTTIVVee
OOOppONNuoNsss
OPPiiOOiiDDD
opppiSttHHHOgggNNAAAttHoUUUsss
oPauummm
eeePPPUUUAAmm's
iiipppIIIuumissMMM
oooPEEESSSSIIm
IIIpiSssUUmm'SSS
eePOOOssssUmms
ooPPPpppAdddAAnnn
oopPPeelIttee
OPPPanneeNNNtt
appppponUNNNttt'SSS
OOppppOOONNEnnTTsss
OPPppiiiRTunnneee
iiPPPPPurrtiiiNNNooLLyy
OPppoRRRTOOONNNEENNeeSSss
OPpppoortttunnENeeSSsssaaSSS
OOOPPPpporrrTTIIINNASSMM
uppPPoooRRRTuNUSSSm'ss
OOpPPPOOOrrrTUUnnooSST
iPPPuRRRttuuniSSStt's
eeppPPuuRRtttunnnISTac
oppPOOORRtttOnnnIISSStticccEELLLLy
OOOpPPPORttUnaaaSTTTss
uPppooRRtUUNotIIIEEEss
iiippPORRTTAnnuuTTy
oooppPOOrrrtttuuNIITTTYY'SSS
eeePPooosseeebbbAAlllootyy
oooPpppeeessaabbLLLEE
OOOPPPppOOSaaa
eeepppeSSSEEEd
OOOPPPPoSSEErr
OOpppppooSSSAAss
oooPPPoosiiinnGG
oooPPppEsiiittEEE
iipppooosItttEEE'SSS
OPPPppUUUSSiiiTTTeLLLY
aPPPPPaaaSOOtttUUUnEEssss
opPPPOOsOOttUnnnEEEssssOs
OOPpiiSITTOOS
oooPPPPOOOssiitOaaann
oPPPppassETTTUUOOOn'sss
OOpPuuuSooottteeeoonnaaLLL
OOPpppeeeSSSiiitteONNNs
OOOPPPReeSSSSS
UppprESSSSSSod
OppRRiiissSSSEESS
ooPPPrAAASsssIIINgg
oooPPPPRReeeSSssIoon
OPPPPPPRRReSsaoooNN'SSS
OPPPprreeessIONNSS
IIPpRRRIIISSsAVVa
APPPpRRRuSSeeeVVVeelYY
OOOPPPPreeSsIIVVEEEnneeeSSSss
OPprrrAAssssiiVVVeeeNessss'SS
eePPPPrrreeesSSooor
eeepprrreeeSSSSSoooRRR's
OOOPPRuusseeRS
OPPPPRReeBBBrrUeuuuS
OppPPPRoobbbRIIIouusssLy
oooPPPPPrrriBBRRRAAuMMM
oPPPPROOObRIIuM'S
OPPPppUgNNN
ipppPPUUUggnnaannttt
aaPPPpppUgggnneeDDD
ooPPPuugNNiNNNGGG
oooPPpEEEGGnnsss
eeppss
OOOPPPsOOnnnIInn
IpsssONIIIzze
oopppTT
OOOppptooTTTiiive
oppTTTitttiVVesss
aaaPtEEDD
UUPTTaaCC
uuupppTTTuuc'ss
oopTTIccaaal
EpTiiceellyy
UUUPPttooCCiuN
OOOppTTiiiCCCoaaaN's
oooPPttEEEccIIIUUnnnSSS
eePPtttIIccSSS
IIpptttIIICCCS'SSS
uuPPTTiimmaa
oooPPttemUlll
IIPPPTTiiMMuLLLItyyy
oppTTIIMELLLLLY
IPTTTUUUmmmEE
eePPPTTTAAMIIssm
oooPPTTIIImiSm'SSS
OOPPtttiMMiSTT
eeePPPtttiimisttt'S
OOPPPtooommistEEEc
oooPPttAAMMIssTTTiiicallYY
oopppTimISSStSSS
ooPttIMMaZZZaaaTiioooN
AAPtImmaaazzAAATTTIOOOn'S
OOOPPPTTTIIIMMMiiZAAATTiionS
OOOPPPttIIMMuzzI
oPPTTTiiimmmiiZZZaaaDD
OOPPtttIImmizzzeeerrr
oppTTTooomUZZEErrrS
uuPttuummmIIzzOOss
OOpptooommoooZZZinnggg
oopppTTTIMUUm
ePPtttIIImmmiMMM'sss
ooppptiimmuuummsss
OpptttANNgg
iiiPTTIIIOOnn
EEEpppttiiioNN'ss
IIIppttiOOOnnniil
OPtiiiOONAAALLLiiTTTyy
aPPPTIIIOOnnaLLYY
UpTOOOIIInid
OPPtiiONNNUNNG
IIIPPttiooNNNSS
oPtOOOaaaLLEECTTrrrONNIICC
IIPTTImmmatERR
OpptOOOMMMeetrrrEEECCC
oPPPtooMMMetRRRessttt
OPPPTTaaMMMeeTRooossttt'SSS
OOOptOOOmetrrruuSSSTTs
ooppptOmmETTryy
EEEppptUUUmmEEETTRRYYY'SS
OOOPPtss
OOpppIlaaNNNccciii
opppuuuLLOOONNCUUU'S
UpppUllleenTTT
UUUpElennTTTLLyyy
oooppunttiEEE
OPPPOOOSSS
OOOPPPEEESSS's
UUUPPAAssscccIIIlEEE
OOpppuuusssuuusss
OQQUAAssssssAAA
ooor
eerra
URRiCLLLeee
OOrAccllE'SSS
OOOraacLAAAs
OOOrrUCCUUUllAAARRR
uuRRAAACCaaalllAAArrIIITTYY
eRAccUUUlllaarrLLY
aaarrraaLL
oorrALL'S
AARRRAAlllllyy
UURRoooLLSS
OOraannG
OOrAAANNGGGo
ooorronngggeee's
OOORRuunnngEEEEdEEE
OrannnggaaOOOdeee'S
AARROnnnGGeeeuDDEEs
oooRRAnnnGGoonaaaSSSSS
OOOrAnggiiiRUUUesss
eeerrannGGGeeery
UrAAANNNGGGArYYY's
oraanngggaSS
OOOraaanngeeewoooooddd
ooorriiiNgggEEEwwOOADss
oorrrINNNGSSS
OranGuuuTTTAAn
OORRuuunGGGUTTaaannn'SS
oooReeeNNNGGutttANNNGG
oooRRRaaNNggAAtAAnnnGGG'SSS
uuuRRRAAANNgggUUUtaNNggS
iRRRAANNNgggottONNNsss
Iriiinnnggyyy
ERatttaaa
OOrraaTTTeeeD
OOORRattteS
eruTTiNNNg
oooRRattIIeNN
urAAttiiioonnn'SSS
oorrAtttaonnS
OOrItturrr
iRRROttIIR's
OrrrItteeeRRIccaaall
OORRREEETTTaRRRooocccolLLy
UURRaaatttuRRRAAuus
OOOruttuuurrOOOuuu
ooRRROOTTTAArrriiiUU's
oooRRREETTOORRRiiiIISSS
OOOrrraaTTaaarrrS
ooRatttaarYY
OOORaatttOOrrYYY'S
orrrb
AAArrrb'S
ARbbbiColllaaaRRR
orrrbbbIIccULEERIIITTTYY
ARbUUCCCulliiirLyyy
eRbbbUculllIITTTEE
UUURRbETT
aaaRRRBBBiTT'SS
iiirbiittteLL
oooRRRbiiiTTTUUlll'SS
oorrBBiiiTTTIILLLsss
EEErrrbIttId
OOOrrrbbOOTeer
orrBBitIIrr'SSS
ERRRbIIttteeerrrSSS
OrrbbbIITTuuuNNGG
OOOrrrBBIIIttSSS
OOOrBBBSSS
ooorrrccAA
OrrCCCAAss
ooRRRcccUiinn
AAARChhAARddd
oRCCChhhaardd's
ooRRCChAAARRRDDDuuussTTT
OrcHiiRDDMMeeenn
OOOrrcccHHAArrrDSSS
UUUrrrccchhhaaaSSTTrA
OORCHeStttrraaa'ss
ERRccHHesTTTrrOOOlll
oooRRcccHHAsTTTRRRuulllLLLYY
OOOrrrCCCHHEESStttRRass
oorrrChhhEEsssTTriiiTTeee
urChooosstRRaaTTTAAAdd
ORccHesTRRAttESSS
aaaRRRChEEssTTrrrUUUTuuunggg
OORRRcccHHEsstttRRATTiieeNNN
eeeRRcHosTTRRRAAtiiiOOOnn'sss
OOrCCCHHUUSSSTTrrraaatttiiiooonnsss
ooRRRccchhesssTRRRattooRR
ORcHHHoosstRRiiiTuuurrsss
OORRRCCCHuSSSTTRRIuN
orrrcHHHoodd
OOORRccHHHIIIdd'ss
uRchaaaDDDEcccEEEUUUuuss
orccHHAAddoooCCTTTaMMMIIEESS
IrrccchhhiidocTTUUmmYYY
OrrrCCHHIIIdddSSS
ORRcchhhittiSS
OrrCCCHIITTiisssEESS
errcccuuunnOOOll
aarDDDAAAIINNN
OOOrdddUiiNNNEEEDDD
uurrrdUUUanEEErr
EEErdddEEEiinnnIINNNGG
OrrrdEIINmmmannnTTT
oooRDDDaainnMMEENNtt'sss
OORddEonS
ooRRdddUiiiLLL
ORRDDDeeeaLLL'S
irrDDDEalsss
OOrrddaaar
oorrddEERR'sss
UrdeerrEEEddd
EERDeeeRREERRR
UrrrDDDuuurrraaannnGG
oorDDaRRRIINGGGSS
UrrrdEEERLLLasSSS
iRRRDDDarrlllIIeeess
oorddiiRRlIIINNeSss
aaarrrdUrllInesss'ss
ARRRddEEERRRLyy
EErrrdduurrrlyy's
AARRDDDEErrrSS
OOORRRDinnIIIlll
orDDDIIInAAll'SS
uRDDiinnnAAlllss
UUrrdaNOnnnCCII
oorrDIINNaaannnCa'SS
uurDDOOONNOOnnCOOOss
aRddiiinnAANNDDD
oorrrdEEEnnnaNNNddSSS
oorrrddduNNNaariiaSS
uuurrdddOnnAAArriiilllYYY
ooRRdduunaRRRiiinESSSSS
ooRRDDDOOnnIIReeeNeesSS'sss
OORRDiiNArrry
ooorrDDDIIINerY'S
eerrDInaaaTTTEEE
OORRRDDIneeTTTo'SSS
oRRRdaNaaTTTeeeS
aarrDennniiiTAooN
ooRRRDooNNaaTTTiEEnnn'ss
OOOrrDInnnaatttaaIIInnnss
ooorrdeeennEES
orDNANccI
OOrrddnnAAANNNCCuu'sss
uuurDoo
eeeRddduuuNnnnaannnccceee
OOORRRdaaaRRRE
oorrDDERRREE's
IIIrrrEEE
ARRooo'SS
uuurrrEEooodd
eeerreeCttAcc
OOOrEEgggaNi
IIIrrrOOggaaaNNNOOO'SS
orrreeSSS
OOOrrGGAAnnn
OOrgAAAnnn'sss
OOrrggAAAnnDDiiiee
oooRRGEEENNNDDUUUE'SSS
oooRGGoNDY
UrGGGAnnDyyy'SS
oRgggaanaaallllle
oorrgeeenneeeLLllUU's
ooRgguuNNNELLeeS
uuRRgggaaNICC
ooorrGGGAnnnIIc'sss
OOORRRggAANNNIIcaaLLLLYY
iiirrrGaaNACCIsssMMM
ooorGGGAnecciiSSmss
uuRRRgggInECCITTTY
OORRRggAANNNiccS
EEERRRgggooNNUUUSSmmm
OOORRGaaaNIISMMM'sss
UUUrGGInEsssMMMuuuCC
OOrrrGGAAnnniSSSMMMS
ORRRgggEnIIISSttt
oooRRRgUUUNeessTTT'ss
orrggANNUUUSTTss
OOORGGANIzzUUUBBLEEE
uRRRggaaannUZZATTEEEooNN
oorGGaaNNIZZUTTIIIOOON's
EERggannneeeZZeeTTaoNaLL
oRGOOOnnnOOOzzzeTEEuunnnAALLLLLyy
iiRgaaaNNUUUZAAATUUoooNNNS
OOORGGGuNizEEE
OOORRRGGGinnooZZZeeeddd
OOORggaaaNNOzzzAAArr
oorrggAAnAAZZuuuR'sss
aargaaNNNiiizeeeRRRSS
OORRRGGaNNNUUUzzzeeSS
oorGGuuNNNiiZZZaaNNggg
ORGaaNNNOcccHloRinne
UUrGaannIIIGGGennuuussIIs
UUURRgggUUUnnOGGGrAAphhhy
OORRRGeeeNNNaaLOOGGy
ArrGGeennOmeTTTIlllluuccc
OOOrrrGGooonnneNNN
iiirrrgUUnooNSS
OOrrggannUUppHAAAssspppHHHUtttEE
orrrGaNNOOPPPhOOOssPPHHooorriuus
OOORRGuuuNAAAPHHosppphooRRUUss
aRGGAAANNoooTTTHHEEErrEEEPPPY
ooRRGAANNss
IIIrrrgguuNzaaa
oooRRRGGGannnZZAA'ss
ooorrrGEnzaaNNU
OOORgggAsssM
oorrrgguuusssm'ss
uuuRRgaasMMMIICCC
OrgAAAsssmmmEECCaaallllly
uuuRRRgggaaSSmmmS
ooorrgiiiSStIIIc
IIRRRgAssstECIIILLLLyy
ORGeeuuTTT
ooorrrgiiosTTT
EERRGGGIIUUSSSTTIIcc
OOrggguuuAASSSttiiiCCuuullllly
OOORRggIIIOOss
ERRRGGulllooouSSS
iRRRGGGY
aaRggY'sss
UUUrrrIIeLL
oriiiEEl'S
EERiEELLs
EEERIIaannT
oRRIANNtt'SS
uRRIAAANttUUUlll
aarUeeenTAAAll'SSS
OOrrriiennnTiiLoossTT
OOOrIeenttAAAlluuuSSSttSSS
OOrrrIIIINTAAALIIIzzE
ooRIeeeNTTiiillaZZZoooddd
uuRRiiEEnnnTaaLLLiiZZeeesss
OOORiiINNttOOOllizzziiinnnggg
oooreiinnnttaaaLLYY
orriiEENttellsss
ooRRIIOOnTTTaaaTTTeee
iiirrriiaantaaTaaD
orrriiENNtAAAtes
iirraeennnTTatttinnG
UUrrreeiiiNNTTaaaTTIonnn
ORRiiieeennnttutiiieeennn'sss
aRRAAeeNNTAAATTIIIoooNNNAll
UUURRRooEENtAAATTTIUUUnnnsss
orrroAAANTeeeD
eeeRienttOOOEEERR
uuuRRuuuenntEEEeeeRRRiiiNNNG
iRIIenTTaaangg
ORRRiieeeNNTTTS
OrrrIIFFICCEE
OrriiiFiCCE'SS
ORRRiiiFFacEEs
aaRRRiffIICCUUAAll
UURAfflllAmmmmeee
UrrrAgaaMMA
IIrrrEGGaMMEE'SSS
iirrriiigAANN
EERIIgAAAn
oriigggaaaNNN'S
oRRRIIggonnaLL
OOOrrrIIGIIInooLL'ss
uuuriGIINIlaTTyy
IRRRiGInnnAllATTTYY'SS
ARiiiGGGIINIILLllyy
UrrriGGGaaaNaalllsss
IRRRoogggiiinAtttA
OrIgggAAAnnAATeeDDD
oRiGGGIIInnAAATTEs
OrrrEgggOOOnaattiiNNggg
ooruugaaaNNAAAtUoonn
iiirrOGuuunaTTIIIIINN'sss
ORRRIIGIInnAttiiiVVee
ooRigEnnAAtttooRRR
OOOrriiiGGGoooNNNAAtOOrrr'SS
ooorIgggOONUUUttEERRRss
ooorrIIgENNNss
OORIInnusssiLLL
OOORIInaaSSElllS
OOORUUlllE
OOORRReULLEE'SSS
oooruoLLLES
oorrAsooonn
oooriSSSann'ss
IrrriSSSoonnsss
orLLLEEE
ORRRLLLoPPP
orrLLoooPPPsss
AARMMMoolllAAA
iRRMooLLuu'SS
urrrNaammUUnnTTT
ooRRRNNNuuumEEnntt'SS
oooRRRnaaMMMIIINNNTAAALL
ooRRNaaMMMIINNttaaalllly
ooRRRnnneeemmmeennntOtttiiioooNNN
UUrrNEEEMMeennteeTTeoN'sss
OOORnaaammmEEnnnttted
OOORnnnaMMUUUNTTinnnGG
ORRRNNUUUMMiiinnntttS
aRRRNNNaateee
AAARnnuteeelllY
ooRRnnetiinniiSs
aaaRnitIINiiiSSSSS'S
aaarrNAAARRIeeR
uuuRneeRRRieSSStt
OOrneeRRiiinnussSSS
OORRNNErIINNNeSSS'sss
OrrnnnOOORRY
OORRnUSSS
uuRnAtthhhOCC
oooRRnnIIITTHHHIInnnEEE
aRRnnAAAttthhhAAANNeesss
oorrrnOOOTThhiiscccHiiiIIn
IrrNottthhISCCCHHHeeaNsss
OOOrnnuuuTTThheLLaaggIIIcc
OORRnnneeeTTThhelOOOgiccEElll
UUUrnnIIItthholaaaGGGiiCCCuuuLLyy
EERRRnIItthOOLLeeeggiSSttt
oooRRNiiithoLuGGGUUSStt'sss
oorrrNNNoooTTHHHooLLLOGIstttSSS
ORRNeeTHHHooollloooGGyyy
uRnnEETTTHOOlliiggY'ss
OORNNNITTHHHoMMEEEnnnCCCYY
OORNNNiittthhIIIpppid
OOORNNETTThhhaaaPPPoooDSS
OORNaaaTTThhhooPTerrr
OOrrNittthhhOrHHHyynCCCHuuS
ooRRRNNNIIThOSSSIIs
oRRooobbAAAnCHHHEECEiaS
urrrOgggoNNNeeSAss
ooorrOOOgggEENNIccc
OORROOOggEEny
iiirrrooGRReeeppphhIICC
OOOrroGRRUUUPPHHHEEcAl
UUURRROgggRRAAAPPhhOCCColllllYYY
OOROgggRIIPPPhhY
OOrroommmeetttUUUr
OOrrrIIttuuNNDD
OrrrOOtttuuuNNNDDITTiieeS
arEETTTuuuNNNDDUUtttYY
aaRoooTTooonnndddItttYY'SSS
OOOrrppphaN
AAArrppphhhAnnn'S
IrrpHHIIINUGGGe
oorrrPhIIINigggu'S
eeeRRRPPHHHAnAAgeeess
ARRPhhAAANNEEEdd
OOOrrppphANNNhhheUUUDD
ooRPPHHAnnnAAAnnngg
uuRRppHHHiiinnnsss
OORRppHrreYYY
iirrrPPPHrrEys
uuuRPIIImmmennnttt
aaaRRPIImaaNNTTS
URRRppInnnee
oRRRPIIINees
ERRrrrEEErrriiOOOS
oorrrrrIIIrry
ooRRRrriiisss
IIIrrrRRisss'ss
OOORRRooSSEES
oooRRRTT
oorTTHHHiiiCCCENN
eeeRRRTThhhIIICOOONNss
OORRRTHHOOcccEEpHaaaLuuccc
eerrtHHHaaacccHHHroMIIItttUcc
ORTHeeeclaasUU
OOrrrtthhuucLaaaSSSiiisss
OOrrrThheeeddiNTTIaaa
artthhiidddONNtOOOa'SSS
orttHiiiDDOOnnTTAACC
OOrthhhoooddooontttUCALLllyy
irtHHaaadddiNNTTUUUcccSSS
OOORRTTTHHHOdaaaNNTTTIIIcs'sss
OOOrtttHHOdAAntttiiSttt
OORRTTTHOODDoNtttiSSTTT's
oooRRTTTHHooodonnTTEESStttSS
orrTTThhODDDUUnnnttURRREEE
OOORRRtttHOdddOOOx
ERRtHHAddOOxxxiiiIISSS
oooRRRthhhooodOOOXLyy
OOORRRTThhOODDoXY
OOrTTTHHOOOddOOxxY'SSS
ooorrTTTHHaeepy
oooRRtHHHOOOggeeennneeessiiiS
oRRtHHHUUUgggAAAnnnAttOc
UrthhhAAAgeennIIIC
IIIrrrTTTHHHegNaaattthIIIUUUS
ooRRRThhhOGiNNNiil
OORTTTHoooGGOOOnnnAAllitttYYY
ooorThhUgggEEENNEEllllYYY
ArrttHuuGGGRRAAPPPhhhUUUc
OORttthhhuGrrraapphhhIICCAAll
OOORRttthhogggRRApphiCCCAAALLLLyy
URthOOOgggriPPhhhooEEEsss
uuRtthogrrrAAphhhOZZE
iirrttHooGGRoooPPPHHYYY
OOORRRtttHHHogggrrrOOppHHHYYY'ss
ORTTThhhOHYYddRRagggIINNN
EErrThhhooonnnoRRRMMMALL
ooorrTTThhhOOOpAEDDDicc
OOOrtHHoooPPPUUeedICS
arrrTTThOOppAAEDiiicS'SSS
oRRTTThiipaauuDooSSST
UUrThhhoooPEEEEdIIISttt'SSS
OOORRRTTHHHOOOPAUUDDiissTTTs
IIRRRTTTHHOOOppidddic
oooRRtHHHAAAPEEEDDIICCaaLLLLLLYY
OOOrrttHHHOOpppUDiCCCss
orrrttthAApUdddIIICCsss'SS
iiirrrthhiippOOOdddOsst
IIIRRTThoPPPEDoossTTT'SS
oorTTTheeepeDIIIssstSS
aarrrtthiiiPPsyyCChiiieTTRyy
orThhhooopTTTiiRR
UrrrtthhhiiiPPPTTTiiran
oorrttHHooPPttUUUrraannS
OORRRTTThhiiPPttIIRRoooUss
oorrrthhhAAPTiccc
ooRTTHHeeRhhhOMMbbbAAAcc
aaRRTHHHOSCCCeeepu
aarrrTThhOOOSSSESSS
OOrrrTHeSSEESS
OrrttHOOSSSTiCCCHYY
ooorTheeetttUUUc
OOOrrrTHotttIccS
OORtthOtttiisssttt
OOOrtthhhiiiTTTroooPPUC
orttthaaTTrrIPPPOOAASSS
OOOrrtttOOOlaaan
ooortOOLLensss
OOrrtttSSS
ooRRyyxx
eerrryyyXXOOOSS
iiiRRRzEE
OrrZZZu'SS
OOOSSScccooolLLLaatttee
OOsscciiLLllOOtuud
OOOSSCCCiiillllleeTTuuSS
essccUUULLiTTTIInnnGGG
EEsssccIlllaaTIIIoNNN
eSSSCIIILLLLaaTTTooooN'ss
ooSSceelLLLiiiTTTIIOnnnSS
ooSCCIIILLLLUUUtttOrrr
USSSCiillllAAATTAr'SS
aaasssccIlllaaatttuuuRss
uuSccoooLLLlllOOTTTAAArryy
OOssCCIIILLLlllOOOGGRAAmm
OOsCCCiiiLLLlliigRAMS
OOOsCCCaalllLoooggrrOOPhh
IIscILLLLLLogggRaaaPPPHHSSS
ooossscccalLLASSSCUUPI
OSSScoLLlOOOSccooopppaaa'sss
ossCCCuLLLLLooSSSCAAppOOOS
ooSScIlllllooscccuupIIIC
AAASSSCiiNNNEE
OOOSciinnoooSSS
OOSSCCAATTTiiNccyy
OssccOTaaannTTT
usssCiTTTIIITIoNNN
OOssscullUUnnt
AAAsCCCUUlAArr
oooscuuulllUUtttuu
IIsscEEELLATTeeD
OOscUUUllUUToooSS
oSCCUUULLLATiiiNNgg
OOOSSCuuulaaTiiuNNN
oSSccUUULLAAATAAAANNN's
OssCUUlAttIIIonnnSSS
OOOScccAALLLAttAArrrYY
oSScccooLLLAm
iiiSSSesss
OOOSSiOOOr
IIsssAOr'SS
uuuSSSiEErrrs
oooSMMIIICCC
oooSmmiiCCiiiLLLLLYYY
asssMMeeeuSS
eeessmmIIIUmm
IIsMMMaooMMM'ss
ussmmOOOMMeeeTeeRRR
OOOsmooosssooo
OOsMMooosssISS
oSmmmIIISSSEEEs'S
IIIsMMMOOOttiiiCCC
aaasMMMOOTTTIIIcccEEELLLLY
ISSSmuuNNDDDaa
IsspRaayy
IIISPPreYY'sss
ooossPPPRReyyys
OOSSSSSSeiNN
OsssUUoouuuSSS
oSSsiccleee
oosSSIICClluSS
OOSsIIFEEERRooUUss
ooossssaaFFiiiccc
oSseffICiteeeAnn
oooSSSSSAAAfeeCCCAAATTOOOoooN'SS
UUsssssIIfeeeeDD
uuuSSSIIfffeAAASS
OSSSSSiifffrrUGGeee
OOSSSIIFyyy
ooSSsIIIffyIIInnngg
aaSSSSUUuRRRyy
oosssttEEAAL
ESSSTeATIIDISS
OOOssstteeeooottiiss
oSTTTenSibbbILUUUTy
OOsTeeeNNsIIBBBllii
uussttOOnnnSSSiibbblY
IIIsstteeeNsssIvEEE
OOssstttENNSSSOORRRIAM
OOssstOOnssOORRRYYY
oSTTinttaTTIIIUUUnn
OOStttenTTToooTiuun'SS
oooSSSttontaaatuuuuuuuuss
OOOSSSTentAATTTeeeoUsLLYYY
EsTTTeNNTTeeettuOUUUssnEsssS
oooSttiiNNNTTTAAATIIIUUUssNNeeSSSSSeeSSS
AAASStttEEEUaRTTThraaaTTTIIICC
uStttEOOOOrrtthhrrrIIIttisss
OOssteeiiiaRRttthhruuTiiiSS'S
OOssTTTUUooobblllEEESSSt
IIssTTeeeOOBlllaaSSStSSS
ooosssttEooocclllEEEsIIIss
OSSSTTeeOccclllEsT
ooossTTTeeeoooGGGAANEEESSSISSS
UUSSTTEEOIIID
ooSSSTTiiiUlllOOOGGGYY
ASttOeMU
ooStUUUooommmAALLLuuCiiiaa
uuusttteOmOLicccaaaEsss
OOOssstEEEooMAASSS
eeesssTTTOOOooommmYYYeeellloooTTTIIIDeeS
OOStoOOOMYeLIIteeS
osTTToooopAAAtth
OSSStOeepaaTTTh'SS
oosssTeeooopATTThIIIccc
iiiSSTTToOOPoTTThhhIIcccaaalllllyy
OSttteeOpppAAtttHHHS
OSSttEEOOpOtHHY
EstEEEIPaaaTHHHY'SSS
OOOsssTTTEEEOphhhYYTTTe
uuuSSTTTEEEEEEPLASTTIC
ooSSTuuuopppuurrISeeess
AASSSTeooopppOROOssiiiss
oossstEeeePPPOOOrOOSIss'SS
OOssTTToooooPaaRROOOtic
EEESSTTTeuTTTOOMuuu
uuuSSSttteeottImmy
oooSSSTTIeRYYY
ooSSSTieellEEE
iiSSteeeOOOLeeeSS
EEEssTIiiiMM
iissTTLEr
EESSSttlllIIIRRRSSS
ooosTTmaRRkkk
ooSStooMMY
isTTEESSSiiiss
EEsstttraaaCCCiiisssmmm
osssTrrraacIIsmm's
OOOsssttraccIIIZZZee
AAsTTrrOOOCIZZedd
iiiSSSTTTRRREEEciiZZZOOOss
oooSSSTTTRRUccIIIzzANNGG
OssttruuucccODDD
ostrrroooCCCUUUdEErrrMM
iiSSSttrraaccUUUDDDAAARRRmmmSS
oooSStrrrEEcAAAdSS
uuuStrrraaccOnnn
OSSSTROch
eessTTRROchhh'SSS
OOsstRRIIIChhhIISSS
UUTTAAlgggiiaaa
ooTULLLguAAAS
EEETTHHHeer
iTThUrrneSSS
OttheerrrnuuusssSeSSS
oTTTHHORRRS
AATTTHHerrrWWWhaaaRRE
IIItHHeeRRWESSSAA
ootttHHHeRRwuuurrLddd
IItttheerrwwooorrLLLDDDLLLUneessss
OOtHHHEEERRwwwOOrLLLDDlliiiNEEssSSiiisss
OOthhherrWWAARRllldddLLLy
iiiTTTIIIcc
UUUTTIIoossAA
OtiooSSSElyyy
ooTTeTIIIDDeeeSSS
oootttiiiTUsss
AttoooCCYYYSSTT
AAATTTOLLaaarrryNGGEELoooggIEEs
eeetttuuLLAArrrYngggeeLeeeGGAAstt
OOOTooLLIRRYYNNggooollooGGGuuusTTss
OOOtooollARYnnngeeLLLigYY
OOOTTooollliittHH
ooottoollOOOGGGooEESS
ooTooolluugyy
ItooopplllaSTTTYY
AtoooRhiNiilllAAARYnGGiLooggaSSSttt
ootoooRHenEEElARRynngggilOOOGGIIsssTS
OOOttIIIRhiiNAAAlaaRYnngOOLLLeeeGGGy
OOOtuuScccoPPee
oottOSSSccuuupppos
OOttTaR
UUUttiirrss
oootttTTaVVaa
IIITttaaarrr
OOOtttEErr's
OOTTTeeRRsss
OOTTto
oottOOMIIn
UUUTtOmaannn'ss
OOOtTTToMMInnnsss
EEUUUobbAeN
aaaUbbLIIIEEETTTTTTE
eeeiBBBLLLiiietttTTa'SS
uubLLUuttTTTOSS
OUcch
IIuD
aaUUUggHTT
oUUgghhtn'TTT
oUUGGuuuEEye
OOOUUGGGUUIIYYAS
uuuI
AAAaaaNNNccceee
OOUUNNNCCe's
oooUncccEEESSS
OOUUUppphhhE
oooiRRR
ouurrrSSS
iaarsssIIILLLFF
OOOoorrrssUllVooos
AAuusIILL
ooUSUlS
OeSSST
ooOOOSStEEEdd
OOuuSSTTTurrr
oUsssTTeRR's
ooouussteeeRRRSS
eeeUUUstiiNNNGG
ouuuStttss
IIoooT
oooUUttt'S
ooooooTAgAA
uittugggaa'SS
ooetAAggESS
OUUUTTurrgAAee
oooUUUTaaaRRggIIIUUUDD
ooitttooRGueeeSS
IIUUttEErrrgggIIIooonggg
ooiiittbAAccKKK
ooUUUtBBBaCCkkk'sss
AAAuuTTBBBICCCkss
oouuutbbaLLLANNCCCeee
AuuutttbbbiLLanncccIIIdd
oAAAtttBBAALLLiinccesss
oooUUUTTTbbaaaLLeenCCiiinng
UUUUTbbbAAARgAAiiNNN
oEEtttBBBIID
EEeTTTbbbiiiDDInG
OOOuuuTTBBBaaaDDDs
oouttbboooaaaRRRddd
OOettbbiiiIIIrrDDD'ss
OOUUUttbooOOORDDDs
ooouuuttbbbAAAist
iiUUUtttBOasssttteedd
aaUUUTTbbEEEstinnnGG
OOOuutttBAUUSTTTS
AuuuTBBeeeeennddd
iiiiTBAXXX
ooooTTbbbIIIx'S
oootttBBBoooxxxEESS
oooUUTTTbbRuVaa
oooootbbrIVVeeed
UUUUtBBBrrrooovvvAAASSS
iiiITTTbRRuVVVINNg
OOuuTbrAAAK
oITTBBBreeeaaKKK'sss
oeeetBrriiieeekss
uuuOOOTTbbbRRUeeedd
OOuTTbbuUlllDDDIIINGG
OOuTbbbeeeIIIllddinGG'SSS
OaTTTbuuiiLDDuuunnngggSSS
oUUtBUrrrSttt
oooUUttBBBUrrrSSTT'SS
AaaaTBBBURSttS
ouutCCaSSTTT
OOEETTTCCIsst's
IIIIITTCCaaaStttEE
AuTTTCCCAAsstEEEss
IIUUUtttCAsstttS
IIIuTTCCCliissSSS
euuutccLLLASSssoooddd
eeuuuTTCClluusssSiiss
OOOuuutttcccLooSSssOOOnGGG
eeeUUTTTCooommO
IIIuTTCooMee'ss
UUEtcOmmEs
OOiiiTcriiieees
ooUUUTTCCCrrrooPPP
oooUUUtcccRRooop'SSS
ooitttCrEppeeedd
oeeTTccRRopPOOONGG
uuutttCCCrrrIppIInnggg'SSS
OotttccrrrOOPPPPiiingggss
aUTCCrrooops
oAATTTcccRRROOsss
ooouuuTcccrrYYY
OOOutCCCryyy'SS
oouTCCCuurVe
oooiiTTdaarrrEEE
OOuuTTTDuttUUU
oAATTddattEddd
OOOuuutttdoood
ooouuTTDDDOOOsssttOOOncOO
OOOOOtDDiiSSStAANccEED
OOuuTdiistttIIINNNCCCEEEsss
aaaiitttdddIIIsssTUNNCCCINg
ouuuttDDDuuu
oottdoooeeSSS
OOOUTTdddouuNGG
AAEETTTdEEnnnEEE
ooouuuttdduor
IIUUUttdddIaaarrrsss
eeeuuttDOERss'ss
ooAAATDiiioRRsyyy
UUUUUtttDDraaaw
eEEETdddraaawwwiinnnG
OUUUTddraaWN
OOUtddrrraaaWSSS
uuuItDDDrrAww
ooiitttEEEeeRNN
eeeutteD
oUUUtEERR
oUUttteeRRRMMMOOOsssttt
OOOUUUTTarwoooAR
OOuTUUrwwwEEEaar'sss
iuuttFAAACCCi
iiioooTTfffOCCAAAdd
OOuuuttfffACUS
IIIooottffAAACIIIngg
OOaaaTTTfaaallll
AAoooTFUlLLS
eeeaaaTTfffiEEllld
euuTTFieeLddd's
iiUTFFooaLdEErrr
iiETTfffIIIEEELdOOrrr's
auuuTTfffIIiiiLLLDDEERRRs
ooutttFFIIIAALdsss
IIIUTTFiGhT
OOOaaTTTffeggHHtiiinggg
OOOuTTfAAGhhttts
ooouuTTFFFiiittt
OeTTfffAttt's
AAuuuTTTFiTTTS
ooaaTFIITTTEED
AAAuuuttfffiiittttEErr
OOUttFFEEtttttUUr'sss
UUUeTTffUUUTTTTEEERRRss
OOOUTTTffIttTIInnnggg
iiiUtttfffllIIInnk
ouuuTTFFllAAAnnnKOOddd
IaaattFFllANNKKKinnng
OOUTTFFLLONNKSS
eIITFFFLLATTTTEEERRR
eeOOOtttffLeew
ooouuutfffllOOOWWW'ss
oooITTFFllaaaWWWSSS
OAtttffEEooT
iuuuttFFFuuuOOOgggHttt
EEEuuTffox
oItfooxxxiD
oUUTFFUXXAsss
oEEEtttfffaxxINNNg
UoooTgENErAALLL
OOUUtGGoooNErrrAALoooDDD
EEIItgggooNNERUUUllIINNNGG
IUUTGGGAAAnnuuurrralS
ouTTGGGO
OOOUUUTTgggi'ss
ooouTTgoiiSSS
aaOOOtttGGGooIIInnGG
OoottGGuIIIngSS
IeeeTTTgrrrEEEwww
aaaUtGGGRRRIIWWW
AAAiiiTTTGGrrrOwwwIIInnGG
OOUUTTgggrrrOOOwwnn
oooUUTGGGRREEWWWS
OOuuutGGGRRRowwwtHHH
eeoTgrrraaaWTHHH'SSS
ooUUUttGGGrrrUUWWtHSSS
OetttGGGuuiiiRddd
oeeeTTTGAAAeeessssss
OOOuuTgguosSSSeeeddd
ooattGGGuuuEEEsssSSaSS
EEUTTTGOOESssANg
ouuTggiiNN
OOOooottggaaNNNNeeD
OOUUUtGGUUUnnnnANNNG
EEEUUtttGGGuuuNss
ooUUttthhUUUeeell
uetHHiiit
OuuutttHHHiTsss
OUUTTHHiiiTTttINNNggg
ooOOOtthhoooaase
oiiTTHeeooSeee'SSS
UAtttHHHoooUUUssIIIss
eeuuuttENNNG
iiUUttInnng'S
OOuuTTToonnnGGGss
ooUUttlllOOOIIId
aaUUTTTlAANNdd
EEEUtllAAAnnnDDDEEErr
OuutlllEEnddURRRsss
ooouttllAAAnnnddesshh
UiiiTLLLAnndddiishhlYY
OItLLiiiNNNDDDOsssHHHNNusssss
iietllAAANNDDuuusssHHHnnEssS'ss
OOOuuutLLLAAANNNDDDSSS
IIIuuTTLLAsssTT
oUtLLASStEDDD
aoTTTLLLuuuSSSTUNggg
ooootlllaassstSSS
EEEeeTTTlaw
UUtttLLLAw'sss
iitllaaawwwEEEDD
OuutLLLeeewiNNNG
OOOuutLLaaaWWRRaaess
EEEUUTTLLLUWWRyyy
aaaUUUTTTLLLAAAwSSS
uuuaatlllOy
OOOUTTTllay'S
oooooTTLLLAyyaaaNG
oUUttLAyyysss
uuooTTTlllEEAp
OOOooTTLEEtt
OOOeeTTleeeT'SS
ooouuuttLLLEETss
OuuTTlIIIIrrr
ooouuuTTLLLIIeeRSS
OOUUttllluuNNNeee
EEOOOtlAAnEE'sss
OOIIITLLLIINEDDD
OuuTTTLEneees
OUtttLLiinnnIngg
ooOTTTLLLuvvvEEE
IIuttLAAvvveDD
OUttlaVVViiiSS
OOOUUUTLIIIVViNggg
oooUttLLLOOOKK
oooUTTTlllIIIaaaKKK'S
OOOUttllloooOkkSSS
AAAUUTTLLyyyUUNNGG
OOUTTMMOOnn
oouTTmaNNNIIuuvvvEERR
uOOTTMMMAnAAAuvvvEEEraaaD
UUootttmANNeuuvveeeRinggg
IIIUTTTmmmaaaNEEuvoorrrS
eeuTTMMMeeeNNNOOOEEUVVRRRo
ooUtmIIINEEEEEEoVREEd
IIIuuuttmannnIeeeaaaVVVRRReeSS
OOOUUTTTMOOONOiiOVVVriiiNNNG
OOOUUTTmmaaaRCHHH
uuUUUTTTMMMaRRCCHeeDD
oooTTmaarChhuuus
EeetMMAArrrCChhhINNNggg
OOOIIITTmmaaTTCCChhh
OutttMMMOOttcchEddd
OuuTTMMMAAATCHHHes
uuuuuttMMaaattcccHHInggg
uUtttmmmoooDDDeDDD
eeeuuutttmmaSTTT
OOOotNuuMMBBeeRRR
OOOUTTTnnnOOOMbeeeREEddd
EEiTTTNuMMBBBERRaaaNG
OOOUtNuuuMMbbooRRss
ootttpppaaCCCUUU
EIITTTpppeeCCEEddd
eeeeetttPaCCCeeeS
iiUTPPaaaCCinnngg
OOOUUUTTpAAttUUEEnnnTTT
EEEeettPPaTTTIeeennTTT's
OITppaaTAAeNTsss
iiuuTPPARRFFFErrrM
OOOuTTPPPOOrrrfOOORMMUdd
OOUTTTPPirrffooormminnnggg
eeeuTPPPEEErrfffOOORRmmss
ouuuTPPPllUUccceee
oEETpllacccuuuMMMeeennttt
outttpLLLAACCEEMMeeentt'S
ooUTPPPLLLiiiyyy
aaUUUtppLLLUUUyyaDDD
OOOUUTTTPPPLLaayuuNNNGGG
AAAuuTTTPPPLaaaYYS
oEEETpaaIIInnnt
oooUUUtpOOiNNTTTEDDD
OOiiTTpppIIANNNTTTiiNNg
oooUUtttppIIIIIINTTTsss
AiitpOOrrrTT
ooUUUTTppIIIRRRttsss
iiiETpppIISSTT
oouuTTppOOOssTTT'ss
uUtPPEEssTTsss
EuTTppOOOur
aautttpppEuuRRRiNg
oOOOttPPPooUUURIIInnnggg'SS
OOOuutttPoooURRooonggss
oooUttPrrrAADDuCe
ooUUUTTpppRROODuccced
OeTTpprrAADUcccoosss
OUTTTpRRoooDUUUCCCUNNNgg
ooUTTTppuuulll
IIUUUtPPUUt
OOuuTTTPPPITTT'S
iiUtpppETTTsss
oooittpIItttteeeddd
OOOuTTTpuTtttaanngg
UooottRRAAccE
OOOUUUTTRRaacccEddd
oooaaaTTTRRRaaaceeSSS
OutrucciNGG
AAAEEETTTrragI
AAUUUTRRAAAGEE'ss
ooouuttrrrOOOgggEd
OOOUUTTRREEEgEaauuuss
uuuUttrrraaagggOOOIssLLYY
ooiittrrAGAAoEssnAAAsssS
eUTTRRRaGGiiOiisssnnUUsSSUUUsss
OoTTRRuggAS
ooUTTTRIGGiiNNNggg
aaEEEtrAANNN
OOOUTTrrAAANNNGGu
OOOUUttrAAANGEEddd
oooootrrrOOnngEEsss
oooUUTTTrraanGGGUng
OOOuuutttrrraannnKK
iiuuTTTrrreeenkkood
ooUttrraaaNNKEENGGG
oUtRRAAAnnKKKSS
OUTRReeAACCCh
oOOOtreeAcHHH's
ooooottrroooOOOccHHEddd
auttruuaCHHHAAAsss
oooaattRRRAIChiNGGG
OOOUUUtreeeasssOONN
OOOUTRoDddEEnn
AAUUtttrriDEE
iiiuuuTTTRRIDDAARR
uuUUTTTriiiDoooRRR's
uuUUTTTRRRiiiDeeeRS
aOTTTRuuDooSS
oooaTrrIIIdddANGG
UUooottriiigGGiRRR
oooutrrIGgir'SS
oouTTRRRiiiGGGGERs
ouTRRIGGhhtt
AuuuttRuuAArr
oUUTrrrOOOiRRREDDD
ooEtRRReeeAARiNNNGG
OOOatttrroooiiRs
eeutttRReDDaa
uuUUTrrUNN
AAeTRRuuuNNNNInnggg
oOOtttrrAnnSSS
AAAUUUTrrUUUssH
eeeuutttré
aaauttts
iiuuuTSSAAAll
eeaaatttssAallED
IIUUUTssAAEELiingg
EEEuttSSAAIIllss
UuuuTSSSccooRRRee
oUtscccooReDD
eeuutSSCCoooREEES
ooOTssccorunnnggg
iiieetttSSalllll
ooatttSSSEELllennnG
ooUUttsuulLLLs
oooIIITTTSSaaRRt
OOOuTTTsseeet
UUuuTTTSSeeet'SS
aauuuTTTsETss
ooootsshaannne
aITTSSSHIINNeeDD
OOOuuTTTssHHHiiNaasss
EEEEETTsshhhIIINNiiiNNNG
OOuuuTTSHHonE
IIIootttSSSHHEEoooTTT
eeeuTTshhhOuuuTT
OOOOtSSHHHoouutttEdd
OOiiTTSShhhOOOUttooonnG
uuuuTTshhoIIITS
EuuttSSSIDEE
IIuuuTssiduu'S
oUUTTTSSAAADErr
OOUUtSSiiiDDARR'SS
iOtsEdIIRsss
OOOuutttSIdeeeS
oouttsiiiZE
oooUUUTSOOOZZiii'sss
OOOUUtttsssIIIZZZuuud
oUTTSSeZZZaaSS
OUtSSKKIIrrt
ooATSSSKiiiRt'S
aIttsssKKIrrTTS
ooouutsmmERRRT
uuetsmmmeeeRRtEEEd
oooUUTTSSSmAAARRRTTIINNG
ooUUtttSSmarttSS
ooeeeTTTsOOAAAr
OOOUTTsolllDD
EAATTssOLLeee
UUTTSSoooLLLOsss
aaaUUUttsssAUUURRccceee
OOOIIITssAAAUUURRRCCeed
aauuTsOOOIIRRCeesss
IIItttsssooUUrrrCCaaNNg
oouuuTTTseUUURRCCCiNNG's
IAAtSSSPoon
aeeTTTsspppeNNNNiiiDDD
aaIITSSSpaaNNNNoNNNGGG
oouutttsspANNNS
uuoTTTssspIok
EUUTTSSSppennnD
aiiTSSPPPEnnndddiinnnG
OOOuuuTTTssspeeNNddsss
oooTSpppIInttt
aaeeTTSSpOkkkEEnn
EEuutSSSppOkkkeeNly
EEutSSSpUUUkkkEEEnnNNIIISSSSSS
oUUTSSppUUUKKeeNNNoossS'ss
OOOaTSSSPPrrEEEEdd
OOOUUTTTSSpppReeoddiNNNGG
oouuutttspprIIIaadddSSS
oUUUTTSSttaNNNd
aauuttstttanDDiNNNGG
AATStuunnndIIINNNgglllY
OUUUTssTTTArrrii
EEittssTTaatiOOON
uITTTssTTTaaaTiiiONNN'SS
IIIeeTTTSStUUTTTiiiiNss
ooAAATTTsttaayyy
OOOUttssTTTEEYYYEdd
oIIITTTSttteeeYYYiinnng
ooiiTTSttaaYYYSSS
OUUtttStttRRROOOTTTCCCHHH
ooouuTTTssTRRReeTTTCCHHHEEDD
OutSSStrutttcchhhEEss
OuuTSSSttRRRuuuttChhiiinnnGG
OOOoTTssTTrrroooP
autsTRRRooPPeddd
ooOOTsTRIIppppiiiNNNGGG
eeuuuTsTrreps
oouutttstRUUUPPPTT
uuuatttttA
oUTtAAAkE
ooETTTtuuKKKaaa'SS
uuuEEEttTTUUkkOss
AAuuTTiiiLLK
OOOutttTTThhEEENkkk
OOOuttttUUrnnn
oUUUtttttuRRRNss
aUUtVoottEEE
IIIUUtvEEttEED
ooAAAtttVVVOTTTEEss
ooouuutvvvotEnngg
aaaitttWWaaaeett
ooUTWWeellKK
oooUUttWAAARRd
ooouutttwARRRDDlyy
eeeEtttWAAARRRDSS
OUTTWWaassHHH
uuuuttWEEaaRR
ouuuTTTwwOEEraanng
ouuuTwwEEEaaarrrs
OeeettWeIgggh
oouTWeeeUUUGGGhhOODDD
ooiiittWOOOIGGhhhiiinnGG
AAaaTwwwEEUgggHsss
UOOTwitt
OOOAAATTwwwEEEThhh
OOUTwItts
oUUUtttwIIItttttEEEdd
ooUUUttwwwittttIING
ooUUTTWWoorE
IIUUtwwwoRKKK
oooUUttWWeeeRRRK'S
IIUUTTWWWoRRRkked
OUtttWWUUURRKKoR
oooEEETTTwwwooorrrkeers
UUuTTwwoorrrkkiNGG
OOOuTTwwaRkkkss
IuuuTTTworrn
OOOuutttYYelll
ooouuuzool
oouuuZZellSS
aaauuZO
EEEZZOOO'sss
IIIUzziiSS
uvvvAA
OOVVVEElll
ooVEL'SSS
oovvvuuulS
iiivvvAAARRIIOOON
UUVVooorrrIeccTTTImeeeees
UUVVVAARROOeeeCCttOMyy
OOvvvaaaRRIIAS
uuuVVVIIrIIIEEETTUUmmYYY
uVOriTTIIs
ooovvvaaarryy
OOOvvvooorrYYY's
oVVooTEEE
oovvvItUUULyy
avvEETuuuaaannn
oVAteeuunnn'S
uuuvaaTTOOonnSSS
OVEEEN
OOOvvEEnnn'ss
oVVENbbiirrDD
eeeVVVeeeNbbIIIRRRdd's
iVVEEEnBBBiirDDSS
oovennpppRRooooff
uVANsss
evveeNwarrEE
uuvennwwwAARRRES
ooovvUUUR
oveRRR's
IIvveeRRIbbbouunnnDDD
aaaVeeRRIIbIIInnnDDANNNCCaaa
oVAArOOOBBInndddaannCCCE's
ooVVeerrrIbannDDDAANNNTTT
oooVEErreeBBUnndddAAAnntLLyyy
OVIRICCChhiieevvviii
oVVVUrrAccchhhooEEvvEED
EEEvvaaaRRRaaacccHAEVVooomoooNNTTT
AAAVEEERRRIICHHHeOOOVVVeeMMEnTS
uuVVERRRecccHEOOOVVooorr
ovvEEErrrooocchhhoooAAvvveRR'SS
OOOvorrraCCCHIIeeevIIrrrss
oovvEEErruuuChiiiaaVVeeess
EEVVVeeerrrUUUCCHaaaAAvinG
oooVVVaarrraaCCCt
OvEEraaacccTeeedd
ooovErrACCCtinnGGG
ovvvEErrriiCCCtIVe
aaVeeerrrAACTTSSS
oooVVeerUUgggi
UVEERaaagggEE'SS
ooovvvEEERRRAgOOOSSS
UUvvvEEErraGgggrreeeSSSSSeevvE
aaVVERRIIILLLLL
IIvuRAlllll'SS
ooovvOOrALLLllss
ooVVERRRellllS'ss
ooovvveeerOMMMBBBOOtiiOOOn
AVOORRRaaMMBIIItttiiAAAisss
ooVEEERaMMbbIITEEEooUUssLyy
EEEVVVaarrANNNAAALLLyyzzzEE
eeVIrrIInnnXUoUUSS
uuvvUURRRiiippppprrrEEEHenSAAVVVEEE
IIIvvvEERRRAAArrrCCHHH
OOVIIIRReRRCCChODDD
OVVVEEErrrUURcccheeeS
eveeRRRArrrCChhiinnnggg
IIIVEEEraaaRgggUUUMMEENTTaTTTIIVVVEEE
oooVVEEERRaarrmmm
OverraarrMEddd
UUUVVIIRRRiirMMMInnngg
iivvIIIRRRuuRRRmms
AvveerraasssSSSEEERRRttIIIvvvEE
iiivUrrreeeSSerrrttAAvennneeSSSs
OOVVEEraasssSSUUrIId
eeevERETe
oovvverrrAAAttTaccHUDD
OOVVVaaarrAAtttEEnttIIIvo
OOveeRRAAAttTTTEEENNNTTTOVVeeennEEESSSSS
OOOVVViiiraaaWee
OOvvuuRoooWWaaaDDD
uuuvvveeRiwwEss
IVeeeRuuuWEEnngg
EEVVVEERRBUUULAAAnnCCCo
AAAvvveeRRBaLLAAAnnnCa'sss
oooveeerrrBBBaLaaanCCCoooD
uVeeerbbbaLLannnCeeSS
UUVVIRbuuulaNNNcinGGG
eevvvIIIrrrbbEEEOr
OvOrrBBBEeeeRiNNgg
uVERRBBBeaarraNNNGGllyyy
AVORRRBBBiiAArrIIInnGGneeSSsss
oovviiirrbbbeErrONNNgnaSSSSSiiiSSS
oVVeeerrrBBBEEEAArSS
IIIvvvEERRbbiid
OOOvaaarrBeeD'SSS
oooVeeerrrBUddDDeNG
oVVVaaaRRBBBIIdss
OvvErBBuTTuu
ooovErBuuTTEE'sss
oovvviiirrrbbiiittESS
AAAveRRRBBlllOOussi
oooVVVerrrBBllluuWWWnnn
OOOvvvoRRBBBOOURRRDDD
aaVVEERRRBBBUUULLDD
eeVooorBBOOOAAAKKK
OVVeerrbboOOKKKoooDDD
oooVVIIIrBOOukkkiNNNGGG
ooVERRBBoOOOKKSSS
OOOVVVooorrBBIIIREEE
EEVVERRRbbAArrrNNNI
aaVVVerrrbOOOuGGhhhtt
iivvvOOOrrrbbEEiLLDDD
OOvvOOOrrbbbaaaiilDDIInnng
oVEEErbiiLDSS
ooVoooRRRbbUUaaallltt
oovverbbbArrDDeeen
OvvvERRbbEEErDDDeeeNNNED
OOOvEEERRBBUUrrrDiNNNInnnggg
ovERBBBUURRdUUUnnnsss
aaveeeRBBeeeRddENNSiiiMe
uuuvvveeerrrBBuuuyyy
OVVVooorrrBBUUYooonnnggg
OOOvveerrrBIYYYs
oviiiRccAAMee
oVVuRRRceeppaaCiittYYY
OVEErcccaPPPUUCCIIttY'SSS
OVVVaaarrrcuuupppiiittAAlllooZZZe
oovvERRRCCCEppEEEtaaLazzEEddd
ooVVOORcAppIItiiiLLEzzzUSSS
ooVVuuuRRcccaaPPPOOteeeLLLiiZZZINNGG
ooovveerrrcccaaarrroFFUl
eevEEErrrCCCAASSStt
OOOVVVErrrCCOOOsssTT'SS
aaVVViiRRRcosTTTIIInnnGG
IVVEEErrrcccaaasTTaaNNGGSS
IvvEErrCCAAsssTTTSSS
OOvvEEERCCCAAuTiiiAAAaaaSS
OVVeRRRcccHHHiirrGGooo
oovvvIIRRRCChhhaaarGGuu'sss
oooVeeerrccchharrrgeedd
OOOvvuRRRchhAAArrGGIIS
uvverrcchoooRgggEnnggg
OOOvvurrrchhuuuCCKKK
OOOVEERRRCCllIIIttthhhis
AAVVVURRccLLOIIId
OOvvveerrCCLooouDDDODDD
aaaVVeeeRRRCLLLoooaaaDIIInGG
UvvveRRRCCllOaaDSSS
eevEERRRCCUUUUTTT
UVEERRCCooaaaT'SS
ovveeerrCCoaaTTTSS
EEvveRRCCOmi
OOOVERcccooMMMeeeSS
OOvveRRccuuummmInnG
OVVVEERRRcOOMMMmmmitMMMEEnnTT
OvvUUURRRCCoooMMMiTTTmmmENtttSSS
UUUvvvOOORRRCooMppEEENNSSSOTTTiii
oovvvEERRcciimPPPaaaNNsaaTEEDDD
oVVeRRCCCAAmmPPeeeNsaatesss
ivvERRRccOmmmpponnnsOTeeennGG
ooVVVeeRRRCCooMMPPPOnnnSSSoTuuooonnn
OOvveerCCCooMMMpppeNNsssooTTIIIIInnn's
aVEERRRCCCoooMMMPEETuutttiiiVVEEE
oooveeeRRRCCCOOmmpplAACEEnnncccYY
OOVEErrrcccOOOMPPllliicccEENNtt
iiivvEEERCoommPPLIIIcccaaatEDDD
OVVuuuRCCCoonnnCCArNN
oovvvUrrrCoNNNFFaddAAANNNCCCooo
iiiVVeRRcoooNNNFIIIddOnCCU'ss
oovvErCCCAAANNfffAAdddEEEnT
IvURRCCCEEEnscIonnnTooOOOEEEss
evvERRConSSSEErrVVVAATTiiiVVe
UUvvvEEERCCCooonnnSSooDeeRuuuTeee
ooVVuuRcIIUUKK
ooovEEErrcoouuukkeD
iiveeerccooooKOOnnnggg
ooovverrrCCCAAooKKSSS
EEEVVVeeeRcccOOOOLL
ooVVEErcccRROtticAAAll
oooVVVeRCCCrrrOOp
eVerCCRRooPPPpUD
OOOVVURRCCCrooopppppIInGGG
ooovvvEErrccRRaaaPSSS
OvvAAARRCCCrrEEEwd
AAvvvEEErrrCReeeWWDDDAAAdd
oooVVEEERRCrrrUUUWWWdddingg
OOOveerrCCCrrOOOWWWDDDeeNNG'sss
oVERRRCrrOwwwDDS
UUUVeeRRciRAAAAUS
evvveRdddOOOccooRRRaaato
uuuVEEErDDuucUrrraatteddd
iiiveeerDEECCCOrrIITTeS
eeVerrDDDucccooRRUTTaannGGG
oVUUrrdddOOFUUUnnnSIIVEE
AAAVVaRDEEpaaNNdddiinnCCeee
ovvEErrrDDDEEppOOONDeNNNt
OOVVERRRdddusssIIRREusss
ovvveerrDDDeeTAAAeeelllooddd
oovvEEErrdEEttoorMMIIneee
OOvvveeerrrDDDAAteerrrmmmiiinnEEDD
iVeeeRdddiiiVVellooopp
aaavvveeerDDEEvEEELepppIIDD
OOVEERRRDDEVellOOOPPPiiingg
iiveeRDuuuvvveeeLLLuppmmmuunnnttt
oveerrddEVVVAAAlooopSSS
eevvErDADD
EEvvvEERRdEvIIIRsuuufIIccaTTeeUUUN
ovveerrrDDDaVVeeRsssOOffYYY
OOOvvvEEErDE
eVEEErDDDIeess
oovERDOOOiinnnggg
iVVirrDDDOONeee
oovurDDDossEEE
OOvveeRDooSSA's
OVeRDoooSeeddd
OOOveRddeeseS
IIVVaaaRRdiiiSSIIInggg
oVVaRRRddraaFtt
ooovveeeRDDrOOOft's
OOVorrDRRaaafffTTTsss
AAAVVEEERddRAmmmatuZuu
IIVOORRDrAAMMMIIItUUUzzeD
OOOVOOOrrrDRRREMMMATIZOOOsss
AAVIRRRdddReMUtttOOOzzIIINNGGG
oVVeerrrdreWWW
OOVEErrDDDrreeWonGGG
oovveeRdrAAAwwwn
oVVVEErrrdRuuuWWs
OOvEEERddrEESSs
EvvvIIrDRoss'S
oooVVeRDDDrrAAASssEEEDD
OVVErrrdddrooSsssUUSSS
OOOVERddRRRuuuSSsseNNNGGG
ooVVeeeRddRIIIwww
OOOvvveerrrddrAAAVEEE
uuuveRRRdddRIVVe's
IVaaarrDDDruuVess
eeevvAAArDDuub
oVVEEErrdddabbb'sss
OvvvErDDUbbbbAAAd
oVeRDDAbbbInGGG
OverrrddUbbsss
AAAvvvarDDeeeuu
OOveRDDDYYiii
oovEErrEEEAAAggIIIr
ooVAARRREEEUUUTTT
uuuVVViiirrrAAAAATeen
OOOVVIrUUaaTTeeeRRR
OOOVaaarraOOttooNNNGGG
ooovEEreeeATss
OOvvvERREEDDaaccaaatEEE
OOvvARRRAADDDuCCCaateeeddd
OOOvvvEErrrEEELAABuuurraatttEE
eeVIrrreeemmmOOOttIIIEEEnnooll
ovveerrEmPHHHisssiss
OOOVVVeRRREEmPPhhaaSSSAAS'SS
eeeVVeReMMppHHHaaasssIIIzI
oooVVVUURReeMMMPHHHISSIIZZZooDDD
oviiiRRRaaMMPPhhussIIZZZES
uuuVVaRRREEEmPHaaasizinGG
oVEEROMMPPPHiiiTTUC
oVVVEERRRaaNDDaaaWWWeed
eeevvEERRRoonTTHHHaaSSSiiiesmm
AVVVeerOOnnnttthhhuuussIASSTiiC
uVVaaaReNNttthhassIAAASSStIIccaLLLLLLYY
OOOvvverrIssTiiimmmaaattu
eeVVerrrasTTTiiimmIttE'S
eVVVEErEEsstAAMMMAAteeDD
OOOVVIIRRasTTIIIMMAAATTTeSS
OOVVuuRaaassstttIImUtttAAnggg
iiiVVVUrrEsstuuuMatIIIOOON
ooovvERReSSSTTTiimmmaaaTAAAANN'sss
UVVEEERRRaaXXXciiiTTUBlllE
OOOVVVEEErrroooXXCCCOTTTeee
iiiVVeeeRRRaaxxccciiTTTeeDDD
UvveerrroXXXcaaTTTuMiinTTT
OOvEERIxxccciitIISSS
aaavviRRRExcIIITTTooNNG
OOOvvvErAxxxARRRccIssso
ovIIrrrAAAXXXeerrrCCoooSSSUD
oooVVEERRUUxxxeerrcccoosssISS
ooViiirrreXXXeeRRRcooSSIINNG
aavvoRRExxxEERRt
ovERReeexeeeRttIIDDD
OOVVVEEEREEExxEEERRRtteeennnGG
aaVVVArrrExxxEErrrteoN
uuvEERRROOOxoRRttEEEIINNN'S
ooVEEEREXeerrTs
oooVVVEEErOXXPPPiiiNNNddd
oviiiRRAAAXXXPPPinnSAAeN
oovveeRRexxplliiCCIIIt
OOvvERixPoosssee
AAvvvUUrrrAAXXXpppISED
oovEEERREExxxpIIIssseesss
AVVVEERRReeeXXXpppeSIIInnnGG
iiivvuuurrreXXXPuuSSeeeRe
uVVVeeeREEExPPPooSuuurrEEE'SSS
oooVVVeeeREEExxTTaNNNDDD
OvverrriiixxxtttIIInnnDDoodd
EVVEEEreextenndddiiNg
aaaVVOOORREEXTUNDDss
oviirffuuumiiiLLooEEERR
EEEVVErrfffiimmaalllIOORIItty
evvErrrFFFAAANNCCOFFFiiil
OOOvEEErfAASTIIDDIaaiisss
UUUvvveerrrFatiiGUUUeeeddd
ooovvERRRfffEEED
oVVVeerffEEEEEEd
ooovveeRffeeeeeddEnG
ovveeRRffAAAeeedSS
OVVeRRRFILLL
AVVeeeRRRfalliiiD
iVVVeerrrFFFuulllLLLuuuNggg
uVVVeRRfiiiLLLLSS
oVVoorrrfffiiSShhhaaaNNGG
OOViiirrfffLLEEEWWW
UUVVeeerrrfflEeeeSSS
uuuvvurrffliGhht
aavERRRFliGhhTTT'sss
iivverrfflliigghhTss
OOOVEErFLLLOOww
ooovvoRFFLLLOOOw's
UUUVVErrrFFloowwwEEED
AvvvUrrrffLEWWWiinGG
oVVVoorrFFLLooowwwN
IIvUUUrrrffflluuuWSS
AAAVaaarfffllY
UUvvERRFllyyyINNGG
OOOviiRRFOONNDD
IIIvvveerFFuuuLLLlll
IIIvaaaRgggaNNNeraaaLAAAzzzaaTTiiien
IIVVVOrrGGaaannneerIIILLiizze
OviiiRGeennOraliZZeeD
ooVVVErggoonnnErrraaliiiZZZEEsss
OOVVVeerrggEEENNNEEErraaaLLLIZannngg
ovEERRRgggEEEnoRRRoooUs
IIVVVERRRgLLLaaazee
oovEEErrGGRROOZIII
iiVaaRgrraazzeedd
IVEErgggRRaZZUUUs
OOOVVVErrrGGRaaZInnnG
UUUVVIrrrgrrreeeW
OOvAAARRRGGROOOaandd
EEvErrGGGrOWW
oovEERRggrrraWanng
OvvvoooRRRgRaaawNN
OVVVeeerrrgRRRuuuWsss
OOvuuRRRgrrraWWthh
AAvooRRRGGREEEwwTH'ss
aVVEErhhhaaannnd
OOOvEErHaaannnddd's
ovvAAARHHInDEEdd
oovAARRhhAAnnnDsss
oooVVVEERhhiiNNNGG
oVVVEERRhuuunnGGG'SSS
OOOVErrrHaNNNggIIINNNg
IIIVVUURHaNNGGGss
OOVVVeeeRhhhapppPPPYYY
aaaVeRHaaaSStIllyyy
AAAVVVOOORRHHeeeSSttteeNNeSSSss
UUvvvEERRRhhhOOsssttYY
IveerrhAAAul
OOVirrrhhhAAAul'sss
aaavvvAAArrHHHaaaullEEDD
iVVVooorhEEEUllanng
OOOvvvuurrrHUUuulllsss
OvvErrhEEAAd
OVVaaRhaaaDD'ss
ooVVoorrhiiidsss
oovEEERRHHHEEEAR
oovvvIIIrrrhhUaaarrrddd
EVVERRRHEEuuRRiNNggg
EEvvvEEERRRhhhEEEaarrs
ivvURRhaaOOOTTT
OVVVeRRRhhhUaaatteed
UvvviiirhhhIIIaaaTTIIInnngg
oVaarrrHaAAtttS
UUUVVVeerrrhaaaNNNG
aaVVOOOrrHUUrrRRRIIIood
iiVVoooRRIIIDUUEEELooSSttoooCCC
ooVVVeerrIIMMMpruSSSs
IVAAAriNNNcLLLennnOO
IIVVaRRRIInnndddAALLLgAAA
oVVVOOrrrEENdeLLLGGIIIDDD
eeVVVEEErIIINNdddUUULLgggeNNCCeee
ooovoooriiinndaalllGGGuuunCCee'SS
aaaVOOORReNdddulllggEENNNTTT
EEEVVVEEErInDDDUULGGes
OVerrrIINNNDIIlllgeeNGG
ivvverrriiinnnddUssTTRRROAAlIIzE
OVeerIINFFLUUUTTTu
iVVerrrIInFllAAAttEEDDD
oovvvAAARRRAAnnnFFFLLLUUUeNTIIal
OOVUUUrrrUUnnSSSISStEENNNccEEE
uVooRINSSSeeeSSSttteeNNNtt
EvveeerroonnnssUURRREE
UUUvooRRIIInnttteeellLLECTUUUAAl
aaaVVVeeerIIIntUUUnnsE
ooVVVeRuuunTTTiiRREEEsssT
evvaaRROnnvvvoSSStt
oooVeeeRaaaSSSsssieee
IIIvvEERRRjjjoyyy
OOveerrrjAAyyyeeeDDD
EVVEEERRJJoooyyANNNgg
ooVUrrjIIIYYYSSS
ooVerKKiillL
ovirKKILll'SS
uvveeerllluuuDDDeeennn
OOvveeeRRLLOOEEEddd
OOOvvAAARRLLeeeaannn
eevOOORRRLLEEnnD
EEEVVVoooRRllAAAp
OOvERRLLLAAPP'SS
ivvvUrrrllAPPPPEEEd
EEvvvEEERRLLLaaaPPPeennggg
OVVeerrrLLLaaPPsss
OOvvIIrrrlllaaRRRggEEE
OVVirrrLLEEEvvvIIISSHH
oooVeeeRRLAAYYY
IVErrrlllAAYYY'SSS
UUVVeerllAAAYYYiiNNGGG
oVVVeRllaaaySSS
ooVVeRRLLeeAFF
EVArrLLooaaP
OOvvEEERRRlluuaaPPiiiDDD
AVVErrliuuPPPunnng
ovveeerrLeeAAApsss
ooovvurrlllEAAApppttt
OOOVIIIRRlllEEorrnnn
AAAvvvArrLLoooptt
OOverrrLIIbEEErrrAAAlll
OOOVEERLLLuuuee
ovvvORRRLIIIUUUSS
OveerrrliiiNNNEE
ovvurrllIvvvE
ovvEEERllleeeOOddd
oVVVOOrLLooADD'SSS
AAAvvvErlOOOaDDDEdd
UVAArLLooaadddUng
ooVIRllUUaads
uVAARlllOOnnG
eeevvviiirrrLLLAAOKKK
ooVVVeerLoikkk'ss
uuVVVirrrllIIoKOOOD
OOvEEERRlOooKKuR
eevvORRlleAAkiinnng
UUUVVVeeRlloooAKsss
iiivirLoorrrD
eeevvORRllloRdd'S
ooovvvIIRLIrrrddSSS
uuuveeerrrllly
OOOvEErrrlYYYiiinggg
OOOveeerrrMAgggnnnIIFFYY
OOVVeeerMMOnnn
OOOvvverrMannnNNEED
oovvveeeRRMEEnnnOOnGGG
OOvaaRRmUUnTTTeL
EvvvIrrrmmmAANNtaaalllSSS
EEVVVEERMMusssTeR
iiiVVVEEErMEESSStteeREEEDD
ooVVERRRMMMesTeRRooonngg
UVaarrMAssstorrrSSS
AAAVVVeeeRRmAAtCChhh
OOOVeerrmmmUUTTTCHEnnGG
ooVeeeRRmmmaaatttTTTERR
OOVERMiiiAAAssseerEEE
OOOVEErrMMMEEddIIcaaatttee
EVVErrmmEEddiiiccUUUtOOOuuunn
ooVooormooDiiissstt
AAVVViRMoodddIIIfY
UVVVUUURRMMUUUcH
OvvvaarrrmuuuccHeeeSS
OVernnnIIICCEE
ovvvaaRNNNeghhtt
OVAAARnnnoggHHT'ss
OOOVVUUrnnnIIIGGGhhhtss
OvveeeRRREPPttimism
OOVVeeerrraaPPPTTTImmmUSSSMM'ss
OVOORRRooppptiimmiiiSStiCC
OOveeeRpppooAAd
OvEEErPPPArrrtticoluuurr
OOOVeeeRRPPAASS
oooveerppIIIsss's
OveerrppOOSSSSUUSS
OVVVerPPAAyyy
OveeRRpppeYiiNGG
EEVVVIIRRRPPiiiYMMEEENNttt
avvveeRPAAYSSS
OVeerrrppeSSsssIIMMMISSSttacc
ooVVerrrPPlloYYY
OOVVViirPlOOyaad
ooVVerrPPPllOyyyoNNNGG
uVVEEErrrPLLLEEys
OOOVVEEERPPPLLES
OOOVoorPllloooSSSuuusss
oovORRPPOOOPuuLLLuttEE
oooVVEErrrpOPelAAtttOODD
oVVEEErPEEEPUUUlllUUUtttEESSS
IIIvERRRPPoooppeeeLLLaatttuuNG
ovvveerrrPPAAAPPPOOLLaaaTiiONN
oooVVaarpooPPPUUUlATTTiiiAAnn'SS
EEEveeeRRRPPOOwwIr
ooVVeeeRRPPowwwEEROOODD
OOOVVIIIRRppEEEWWWeRFFiiill
OOOVErrppiwwiiireeennngg
OOOvvvEEErrrPOOweeeringLy
OVVVeRRRpppoowwwEErs
OOOVVVArrrppRRaaaIISSee
ovvveeRPPrreeIIsssEEdd
AVEEERppprrAAAAAAssseSS
oVOrppRRAaaSInnggg
ovvverrpppRRRaaacissiii
ooVVVEERRPProosscccRRRobbEEE
OvveeRPPRRiisssSuRRREE
EEEvERPPrUCEEE
OOOvveRRpRRRiiicEDDD
OOOvvEERRppprIIccooSSS
AAAVVVIrrrPPRIcciiNGG
eVVEERRRPPRROOOnnnt
OVEErrrPPRRRaaant'SSS
ovvooorPPRRiiinttteeeD
uveeRPRiiinnnTinng
OVVVuRRRPrrrInntttS
AAAvArppREEEzzEEE
ooVVuuurrpprrOdduccuuu
OOvvUUUrppprrrEEddUUUCCEEED
iivvvERRPPrrroodduCUUUs
iiVEErrPPPRRREDDucccOnngg
OOvvviRRRpRRRoDDDIIctIIooNNN
OOvirrPPRRAdduccTTTiiuuN's
iivveRRpprrrAAmanneNNNt
ooVVVARRpppRRROOOMMMPPPTT
IIVVaarPProooTTECttt
oVeerrrPPRottteCCCTTTEEDDD
ooVVVeeerrrPPPrEEEteeCttAAnggg
EEEVeerrrppRRRootuucTTToooOOOn
oooVVEEERRPPPrrroTIICTiEENsss
OOVuurrPPProoottacccTTOOOVee
UUUvvURRPProooTTACCCTS
oVViiRpprEEUUUDD
IIVVVerrrqqiiiaLLiiffiiEEDD
OOOVVarrruuuN
AAAVVVeeRRRRAATTeee
OOvvAArrrraaTTeeDD
IVVeRRrAATeeSS
OOVVEERrrrAAAtttInngg
oVVEErrrEEEaaaCH
OOVeerReeEEcchheDD
oooVeRRRRiiIIICHHHEEER
IvvviiirRRReeAAChheS
AAVVVaaarrrRReUcccHHHAnng
OVVEEERrEEEEEEcct
OOOvvvIIIRrrrEEAAACCtAddd
OVVVuuuRRRRuuuaaaCCCtiiinngg
OvERreAAcccTIIIoN
OOvvEErrrrrriiuuuccTTeeAAnn'SS
OOVVVIIrrrRRReeEEcctUeNNsss
uuvveeRRrrreeaCttsss
IIIVVeerrrrEEFAAANNeee
ooovvvAARRreFFFiiinneed
OOOvEErRREFFInoMMEEEnnnttt
eeVVEEErrrrrefffEEEnnneMMeeeNtttSS
OvverrrrrEEEgggIIILLLotteee
IIVVViiRREEEgggUlOOOttaauuun
OVVVaaRRRRROOprrrASSSEEENTTTiD
iiVVIIRrAAdddDDEN
eevvvERRRRaadddee
UUUvveeerRRIDDU'SSS
OOOvvEERRRRReDDAAS
OVVVerRRIIDDDeeNNg
OOOvvvUUUrrrRRRiiiddIIInGGGllYYY
OOOVVVaaaRRRrrrIIIGhhhTEEOOOiiS
OVVIIrriGGIIDDD
oovEEERRRRiipppEEE
EEEvvvEEERRRRiipppA'SS
OOOVVVEEERRRRRUUUpeeN
eveeRRreeeast
eVVeRRRrrriiidddOOO
OOOveeeRrrrOOLLeee
AAvverrrRRRaaLLLEDD
ooVeRRRRullEESS
OOVEEERRRRRRELLLuuuNG
ooVVEErrruN
iivERRRRUUnnn'ss
OvveeerrRRRUUUNNNniiNNgg
oVVIrRRInnSS
OOveRRss
eeeVVERRRSAAAlTT
UUUVEEERRRSSaamppllAAAnggg
UVOOOrrSSSAwww
OOvEEERsCooLEEE
OVEEErrsssCCaaalUUdd
UUUVVerscccOOREE
OOOVVVUURRRSCCrroopuullaaauSSS
OOOveerSSeiii
oVuuuRRsseas
ooVVerseeO
ooVVVeeerrsssiiiIaNNg
EEveeeRRSIEN
eVErrsssIIEEr
IIIVVERRSSeaaaRR'S
OvvvirrrssseAARSS
AAvveeRRssseeISSS
AAAVoooRRSOOLLL
AvEErSSSUULlOOOnnnG
ooVVORRSSEELLlllsss
OvverrSSIIINNSSoottuuuVAAA
OOOvvEERssEEENSSSOtttIVVaaaneeeSSSss
aaaviRSonnSSSAAAtttiiVVennnUUsSSS'S
uuuVVVErrssIIInnnSSSIIIttIVVUUUtttyyy
oooVVVEEErSSSeTTT
EEVVVeeeRssEEVVVEEERRee
OOOVorSSSOW
IIveeeRRRssEWWED
IvvveeRsseeWWWOOnngg
UVVeeRRSSSeWWWss
ovvIrrssoooxUUd
oooverrrsshhhEEddOOWW
oooVVeeerrrSSHHHEEEdddOOOWaaddd
oovverrSHHOOODDEwwInGG
EEEvveeRRsshhhEEddOwwS
ooVEEERRSShhharPP
iivviiRRsshIIInnnuuu
OOVEErrrSShhhEII
AAAVEErrrSSShUU'SS
ooVVVeRRssshhhoESSS
iiVursssHoooiiit
aaVVVOOrrSShhhOOeeettiiinnG
uvvvuuurrSHHHUUUOtttss
iiiVVVIRRsssHHOt
ovvverSSeedddeee
eevvEEERRsssuuuGhTTT
OOveeRRRssiiiGhhT'SS
IIIVVVeeeRRsssaaGGGHHHtttSSS
OOOVVARRSOOMpppLaaa
oovvOOOrsssoMMMppplllOOOficAAtooENNN
OVVVeRRSSSUUUMMMpppLLIFiiCCCAttiuuNN'ss
aVVeeeRsssOOOMPlllUUFFIICaTooIIINNNss
iiiVIIrSimpLIFIIAAddd
uuverssIIImmPlooFFieess
OvvvaaarSSSEEEMMpppliffYY
eeeVVVIrrssIImPPPLIIIfffYYYaaNNNgg
uuuVOOORRSIIIZZZO
uuuvvIRRSSizzUUUDDD
OOvverrrssskkaaappttEEccAlll
UUVVVEErsskkkEEERRTT
aaVVVEEERRRSSkIIRRTss
uvIrSSlIIIGGH
ivvEEErrrsllOeeeppp
oooVVuuuRSSSLLLaaauPPeNGG
oovAArssLLLEEEpppS
IIIvvvEErSlEEPPttt
ooovvverrrSSSOLLLd
eVVVIIIrrrssoLLICCIIIttAAuuuSSS
ooVVeeeRsAEEll
OOOVVErrsspEECCAollliZZAATTiiEEEnn
OOOVuRRRspppOOOCOuulllIIZZZAAttoon's
oooVVVeerSpppeeecccIOLLIZu
OOVVEEERsPPACCIIAALLEzzAAAdd
eevvEERRRsppAcAAAAllliiiZZeeS
UUUVVVurSppOOCCCIIAllliiizzzUUnnnGG
ooVERRSSSpppIInnd
iVVVOOrrrSSSPPPEEnnddiiinnnG
OOvvErrrssPEnnDDDss
ooovvEERRSSSppEEnnnT
uuvvvUUrrssppilLL
OvvEEErrrsssPPOLLL'S
ovvvoRssspIIIlleeeDD
OOOVVVAARRRSSpppILLLiiinnGGG
iivvveeRRRSSPPPIIILLLls
oooVVVeerrrSSSppELLTT
OOvvveeRRssspprEEEAAd
oovveeerrrssprrEEEuDIINNNGG
eevvERRSSPRRRiiiaaaDDsss
EEEvvvERsstttAFFFF
ivvAAARsssTTTAAFFFFFaD
oooVVVErrrSTuttee
OOOVVVeeeRRRsssTTTIItttiiid
ovveeeRStttatooMMMEEEnnnTTT
ooVeeeRRStAtttOOOmeeNNNTT'ss
AAAvvveeRSStAAAttteemUUNNtttS
EEVeerrrSSToooTTUUSSS
AAVURRRSSStEEtONggg
OOOvveeeRsssTTTooy
oVURRRStaYYEEEddd
oVEErsTIYiinnGG
OVeRSTTTiiyysss
OOvEEErrrssstAEEERRR
oovvvoooRRRSTTooop
IIVUURRssttEEEpppeeeD
EEVVVeeerrrSSSTTeepppaaangg
AAvvaaRSSSteepppSSS
IIVVVeeeRRRSSTuMMMUliiiTAA
OOvveeersttIIIMMMEELLLuutteDDD
OOOVVOOOrSTAMMuLiiitttooS
oooVVaarrrstiMMULAAtiiiNNGGG
oooVViiiRSSTTTIImmmaaaLaTTIIoooN
avvveeRSStttEEEccckkk
OVVErrssTuuuCCCkeeDD
oVVVEEERStttaaCCCkkINNNgg
ooVVEERRRsssttUUUCCKs
AAvvEEErssTraON
ooVuuuRRRSSSttriEENIIddd
OOVVOORsstrAAAuNNNenGGG
OvvUrrSSTTTRRAAAnnss
OOOvaaRRSTTRIIsssss
ooVVVeRRRssstttreeeSSssseedd
aaaVVVooRRRSTTrrrUSssAAAS
OOvEErrSSTTresssssoNNgg
iivvurrrSTTRRiTTTCCh
oVeeerSStRREEEttCCHHHeddd
OOvvversTTREETccHHASSS
EEVooorSSSTTTRREEETCCChhhinGGG
ooVVVeeeRRRSTTTrriCCTTT
aaavvveRRStruuDDee
OOvvvuuuRSSStttReNg
OOVVVuuurssstttEEEddyy
UVUUURRsttiiFF
UUUVEEERRRssTUUUffFFiddd
ooovvvEEERsssttUfffffIInG
UUUVUUUrrrSSStUUFFfSSS
UVIIIRRRSSSaaabbscrEbEEE
evERRSSoooBScccRRIIIbeeDD
ivaaarrSSSUBBBsssccrIIbOOSS
ooVVaRRRSuuubbSCrrrABBiiinnngg
OOVVVIRRssABSSccrooopttiiOOn
eeeVVVEEERRRSSSuuBtttllE
OVIrrrSSSIBBBttllIIITTTyy
OvvEErSSIppPLLLIOODDD
iivErrSUppppLEEeeesss
AAAvaaaRRRSSupppplyyy
oveerrrssUUUpppPLyyEEnnggg
uuVuRRRsuuSSSppiiCoooUUUuuSS
oooVUUUrrrsswwUUattt
ooovvveerrt
OOOvvEErrrTTTeeekkkEE
AAAvERRRTAkkkEENNN
ovERRRtAAAKKOOOSS
OOOvvveeeRtttAAKKEENNNGG
OOOVVoorrtttaaasskkk
AVViiRRTTaaaxxx
iivverrrtAAxxxuuuTTIOnnn
oveRRRtuuuxxxEd
OOOvvvEErrTTAAXXXeeS
ivvvEErrttAAAXAANNNGGG
iivvvURRRteCChNOOOccElll
IvvvirThRRRAAAw
ovvvUUrrrTTTHRRRoww
OOOVVViRRRTTHHHrrOOOW's
iVVVOOOrrrTTThhhRRROOOwwweNg
OOvvvERRRTHHHrAwn
oooVVVIRRRttHHrooWsss
oooVErTTTHHRRRUUstt
ooovvirrTIIGGGhTTuuuNNuuud
AAVVVIIrrTTToooMMII
UVVEEErrrTTTeMMMoo'sss
oVVVaarrtttiiiMESSS
OOOVarrrtttIRRREE
ooVVVEEErrrTaaarrrAAdd
oveeRRtttiirrrOOOss
OVorrrtttuurrriiNNNggg
uuuVErrrtlyy
oovvveeerTTNNesS
OVVVIIRTTONNNEEE
OvERtUNNee'SS
UUUvvvIIRttOOnnneeSSS
OOOVVEErrrTTTOookkk
OvvvorrrttOOOp
IIvERttUUpPPPEdd
oooveeeRRTTToopppppannGG
OVVVAArrTTTAAppsss
EEEVeRRRTTTrriiiDDAA
oovvveRRRtrrriiiiiiNN
ooovvoooRttrrriickk
OOOVVVEEERRRTTTrrrUUMMPPP
OOvveRRttRRRUUUmmPeD
ovvEErrrtttRRRuuuMpeeeNggg
uuVerrrTTTRRiiimmPSSS
IIvvvErrttAAArrruu
ooVErTERREE'SSS
OOVVVeeeRTUUrrrEEEss
ooveeeRRtttUURRRNNN
EEEVERRTIIrNNEEEDD
oVVaRRTuurrnnniiinnGG
AAVErrrTTTIIIrnss
ooovuRRReeSSSEEE
eeeVArooSSSEEE'S
OOvvvERUSOdd
ooVuuuRaSEEs
EVaarrrOOssANNG
OVVeeerVVVooLLLUotteOOONNN
ovvaaRVVAAlluuAAtaaaEENSSS
iiiVeeRvvAAlUEEE
iVVVErVOlluuOdd
OOvvveeRVALLLuuuuuSS
eevviiiRRRvvaalUUeeeNggg
oooVVeeRRVVeeeoooww
EEvvvIrrvvvUUUEEEww'SSS
OOOvvERRVVVAaaawS
ovvvErrrVVaaolEEnnnT
ooovEERRRWAaaRRRiaaaD
OViiiRRRwwwEEEAArrrEEeSS
ooovEErwwweeerryyy
oooVEEErWWeeeaaaRRRYYYUUUnnnGG
OvvUUUrWWEEennniiinGGG
iiiVVVeeeRwwoooeNNIINNGLLLyyy
aaavvvEEERRRWWWuAggHHH
uuuVVVuurrwwoAgHHtt
OOOVVVeerrWoUUggHHT'sss
oooVAArrWWWhhheLm
OvooRRwHHeellMeDD
ovvErrWWWHeeellMMMuunnngg
AAveeerrrwwwHiLLLmmUUUnngggLYYY
oVVVerrrwwhELLMMSS
EEEVVVUUURWWWIIIllllIIINg
OOVArrrwIInDDD
EEVVVooorrwweNTeerrr
UvEErrwwAAANtEEreeDD
OOOvvvoRRwIInTeeeriNNNG
OvveeerrrWWWiiinnnttteeeRRSS
IvvuuurwwOOOrrrDDD
OvvvIIrwIIrrrKKK
OOvvvErrWWWaRkkk'SSS
oVVeeerwwoooRRRkEEDDD
ooVVVeRRwOORRRkkiiinngg
uuuVVVARRWoooRRKKKs
oVERRRWWWRRITTToo
IIVUUURRRwwwrIIITEEESSS
IIIvaRRRWRiitiNg
eeevvOOORRwwwrriiiTTtttiiiN
AvvvEErrWWrootttE
eeVVVEEERwRRRouuugghhhtt
OOvvvIrrzzzAAaLLeeeES
OVIIddUcttt
ooovvIDDuucT'ss
oovviiduCCCtttss
aaavviiFiiRRmm
AAAvvvIIINNUU
OOVVVAAApAAARRuuuTYYY
oovvAAApppaarrEEEUsss
ivvIpppUUUsssIIT
IvvvOOOpppossitttOOORR
aavuppiSSSaatteeRRRs
OOOVVVIaadd
ooovviioooddd'sss
EEEVVoiidddAAl
oooVaaaeds
oooVOOLAAActttEEEvvveeeGGGOOTTTOOOROAANN
ooovOOOLLaa
IvOTeessTTTuuS
OOvvOOVItuulllAAANN
aaaVIViiiVVVIIIPPAArriiittYY
OVVIIVVivIPoorrOOOIIS
OOOvuLLLaRRR
iiVVULLLaaatoo
OOVEEEllotteeDDD
OOOVVVUUlettUS
oovvULLuutttiiNNGG
ooVVVuuuLETTTaaaooon
iiivvUUULEtiiun's
OVVVUUULAATTTIIryyy
EEEvvvUUlle
OOOvvAAAlllee'S
oViiLEEss
oVVUMMM
EEEVuuummm'S
IIIWWW
ooowwwe
OOWeDD
OOOWWWeeess
OOOWWIIINNggg
OOOwL
ooWlll'ss
OOWllEETT
OOOwwllleeet'S
AwLLLAAttSS
OOOWlliiisHHH
ooowluuusssHLYY
oooWWlls
OOwwwN
oooWNNUUUddd
oooWnneRR
ewwwnniirr'ss
uWNaRSS
OWnneRSSShhuuuPPP
oooWWnErrrshhhUP'SSS
OwwnersshhhOOOppss
owwNeNggg
oWnSSS
OOxxx
OOX's
OOxxxAALLatUU
OXXaaLLaaTAAAs
OxxxEEELLEEccc
ooXXXaalliis
iiXXAALiiiSSSEES
ooXXXAZiiinooo
oooxxBBlleeooDDD
aaxbLLOOOAAAdd'S
oooXBBBOW
IXBBOWWW'ss
OXXXbbaawwSSS
aaaxxCCCaaRRRt
axxxCCCAAARRRttt'SS
oXXCCCooorrrTSSS
uuxxxIINN
IIXForrrDDD
uuuXXXffuRRRd'SS
oooXXXfffOORddss
OXXhhEEEaaaRRRTT
ooXXXheeAAARRttsss
IIxxxIIdiiiNNNt
ExxxooddoooNNttt'ss
AAXXXuuudddinnnTTsss
uuXXiiidAAAseee
ooXXXIIIddiiSSis
ooXiiidATTee
oxxIIIDDDAAtttIIoooN
EEExIDAtiiioonn'SSS
AAxxUUUDaaaTuuuVVVo
ooxxxUdaatttaaavvvEEElllYYY
oooxIIddeee
OOxidddEE'SSS
AAxxxIDDaaass
oooxxAAAdiiCCC
oXIIIdddIIMMMeetRRyy
AAxxIIIdiZZZEEEbLLii
eeXXXIIdoZoootttioN
EExiiDeeezzzaaTTEunn'SS
oxxxIIIdddIIIZUUU
aaXXXIDDIziD
oooxADDezzoooR
oXEdddiiiziRRR'SSS
aaaxxIIIdddIIIzzerss
OxiiiDDDizzUSSS
oXXEDiiZIInnGG
oxxxEEEmmmE
ooXIImmAAsss
OXXPPPiCkEEr
OOOXXTTTAAiiiL
iXXXTTTAAilllSS
AAXXYAccooTyllluunnuu
IIXyOOcccEETTTYLLuNNNU'ss
OxxxYYOOOCCiD
OOOxxxYYYeeeCCIIdds
oxxxyyCCCEEPPPhaaalliooos
eexxYYccEphaallY
iiXYgggaNNN
aaaXXXYYYgggeeenn'sss
OOxxyGGGEEnaattte
OOOXXXyGUUUnaaaTTTuud
oooxxxYgggeeennAAtOOOSSS
OXXYYGunaTTTiiNNggg
ooXXyyyGonnnattiiOOONNN
oooXXyyggEENNNaaattAAAONNN'SS
aaxxxyyGenOOC
eeeXYYYGGGinnOOUUUss
UUxxxyyyHYYDRRRooGGEEEN
iiixxymmorAA
uuxxymIIIRunn
ooXXXYYYmmOOOrrrOn'SS
OOOXXXyMMMoooRRooonEEC
oooXYYYMMOOrAAAnSS
uXXYSSSaLLLtt
eeXXyyyTTTIIItrooCCyyyCLLLInnnaa
OxxYYYtttEEETTReCCyyycccLANNEEs
OOxYtoccIICCC
eeeXytEEcccIIN
ooxxxyTeeCCCAANNs
uuyyOOOR
oooyEEZZZ
oYYssTTTeeR
OOOYYYSSSteer'sss
OyySTTOORRRCCiittchhhoor
aaayyyssTTTOOrrrccaTTCheeerrSSS
eeeYYYsssTTOrrreeennnGG
OysssttoorrmAAAnn
aaySSTTTeeRRRss
aaZOnnA
OOzzoNNNaa'sss
eeeZOONNiiiC
aaazooNiddee
AAAZOnnIfffuREeeSSS
AAAzzAANNNezzzU
uuZOOOnoLLyyySSiiS
EEEzUnnniisssppHiiiro
PPP
PPPHH
pA
PPa'sss
ppObLLOOmmm
PPPaaaBBBLLaaaMMM's
pppAbbbelOmmm
PPAABEEELLLum'ss
pecII
PPaccee's
PPPEEcccIIIddd
PaacceMAKKOrrr
PPeeCCCEMMMaaaKKEEERR'SS
ppAceeMeeKKaaarss
PPPAAcEEEmAKKKEENGGG
pppaCaaar
PPAcccEERR's
pppiiicceRRRss
ppoooCCEES
PuucEEssseeettaaarrr
PAACCiSSEEEtttteer's
PPOOccesssAAAttTTeeeRSSS
Picceey
pppaaaCChhhAA
PeeccchhhIIILiicc
PaaacccHHIIIS
PaaaCCCHIIISSSEE
PPuucccHHHuusUUSS
PAAccchhhyydERRmm
PPPOcHHyydeeerrMMM'SS
pppAAAcccHHHYYYdddEEERmmoLLL
PPPachhhyDeeRRRmmatttEEEAsss
PPOOCCHHydEEErrrmOuus
paaaCHHyyDDDEEErrMMss
PPUUUchhhySSENDDDrrra
ppaCCChyyysssannnDDDrrraa'S
PiicHHHYYsssAAANNddRRAAAs
PaacccUUaRRR
pppAACCCuuOsssT
pppaaccceeefiic
PPPAAcciFFEEEcuuullLyyy
ppaCCAAFFIIcitttiiOOOn
PPPooCCCiFFFuuucccIItiiiOOOn'sss
peeCCiiffficccOOOTORRRyy
PPPUUUcIIFFFAAcUUUssm
pACCiiiFaiiiD
PPACCCiFFuuuEEERR
paaaCiFFiiiEERR'sss
PPPACiFFIIeRRRs
PPPUCCIffuuueS
poooCooFFosssM
pppEEciiiFaasssMMM's
pppoocIIFEStt
PPPICiffiiiSST'S
PPPAccciiiFFiiiSSSToc
PoCCCAAFFFiiiSTSS
PPPeeeciiiFFY
pAAACCiFFYYYUnnnggg
paaacccEENg
Paack
ppaCCK'ss
ppuCkkkAAAbbbllE
ppiicckkkaaggguuu
PeeCCCKKKAAAgooo'SS
pAccKaGoodd
PoCkkaaGGGEER
paCkkIIggaRR'S
PPPAAACCKKKIIIGEErsss
PPaaaCCkIIIGGGeess
pppaCCkaggguuuNNNG
ppaaaccckkaaagAnnngg'SS
ppicckEEEd
pppaaccKKKEr
PaacccKaarrr'sss
PPICCCkkEEERSSS
pppiiiCCkkUUUttt
PPPOCCCKoot'SSS
pOccckkeTBBBAAAAATT
ppuuuckkeeeTTS
PPoCkkkhhOrrrsseee
PAAAcccKHoooRRRsEESSS
PAAccKKKuuuNNgg
pAACCCKKEENNNGG'SSS
pppUCCCkkiiinnGHHooAASSeee
PPPIICKKIIINggghhOuuusssEEE's
paccKKKIInnGHHHuuUSSaaas
PaackkSSS
PPACCKKsssaadddDDllEE
pAccKKsssUddDLLii'ss
pIcccKKKSAddDDLLess
puuCCCkkkttHRIIIDD
PPPaaaccckttthhrreadddSS
PEcccTT
PPPUUCCtt'SS
pppaaacccTTTeoNN
PPUCCCtSSS
puuucy
PAAddd
PPiid'sss
paaddduUUUk
PiDDaaaIkkkSSS
piiiddDDDaad
ppADDDDUUUUUss
PAADDDDiiNNNggg
PAAADDDDDIIInnG'SSS
ppeeedDDDLa
pppaaDDDDlle'sss
PAAADDDDLLeeeBBiAAArDDD
PPaaadDLEdd
ppiiDDdlEEEffeesssHH
paaDDDLErr
ppEEDDDDDllaRR'SSS
PAADDDDllEERRRS
pppooodDDLLUSSS
PeDDDdllliiNNGG
paaddddOOckkk
pEEddDDoockk'S
PAdDDDiiicKEEDD
PPPaaaDDDDDoooCKKOOnnnggg
PPuDDDDooCCKSSS
pppaddddddYYY
paaddddyyy'ss
PPADDDAAmEELLLooon
pUUUdIIMMMOOOLLLooonnnS
pppADDDLOccKK
ppAAADDDLLLOCCCkk's
ppEEEdLaaccckudd
PADlllooocKEENNGG
PPeeeDDDLOccckss
PeeednoGGG
ppadREEE
PAADDRRReee'ss
PPadrrrEEESSS
ppOOODDDRROOnEE
PoooDDrrrAAnnniiiS
pppudSSS
pppaDeeeUUUSSSUUYY
PaaaeeaNNN
pppiiEEaaNNN'ss
PoooEEonns
PAAAolleee
ppIOOOlLOO'S
pAAAeeeLLUUS
pppAEEEON
pppeeIIooNyyy
ppAAgiiinnn
pppaaagggaaaNNN'SSS
peGGGuuNNddOOMMM
paagggeeNNISSShh
pppaaaGGGaNNNoooSSmmm
PAgggeeenISSSM'ss
pUgggeeeNNIIIZZEEE
PPPAAGGIIInnss
pEEGGEEE
peeGGeee'S
ppAAGEEEOOnnttt
ppAgEEEaaaNNNTTT'SS
PPAAGGGEEEaaannntrYY
ppAAguuuaannntrY'SS
PAGGGeOOnnTTTsss
PPPaaagIIIbOOy
PiiiGGGEbbboooyyy'SS
PPeeeggAAAbbbOOyyyS
PPAggEEED
ppAAAGGGEEEFFFUULLL
paggaar
PPPUUUgiiiRRR's
PAGGeeeRRRSSS
ppaGESSS
pppaagIINNNal
ppegggAANaTEEE
pppAAAGGGeeeNNuuTUUUddd
ppaagiiNNNEETTeeSSS
PPuuugggEEENaaattiiNNGG
PPEgiiNNOtioooN
PPPaaGGeNATTTiiOOONN'ss
PPAAAGGiinGGG
pIIGOODaa
PPaaGGGEda'SS
PeeGGooodddoooS
PPaaggiRRiuuuN
POOOh
PPaaaHHHOAAAhhOOOII
PPAAAiDD
PPUUilll
PaILLL'SS
ppaUUULLLFULL
PAAiLLFFFall'SS
PPAAAiiiLLffulllS
ppoEELLLLaSSSSe
pppIeeLLLLLLaaSSSSAAS
PaaaOOLLLLeeTTTTE
pooiiLLLsss
ppAiilSSfffUUULLL
ppoooINN
PPauuNN's
PPPOOUUNNNiiDD
pAAAIINNNFUUl
ppAAAiNNfffuuuLLlAAARR
PPAAAEEEnnFFOOOllLLUssT
PPAEnnfffeeelllLLy
pppOOiiinnfffUULLLnesSS
ppAAiiiNffuuuLnnEEEsSS'SS
pppaINNNiiNNNG
pAAAunnkIIIllllEEr
PPPAAiiNkoollleRRR's
ppAAoonnnkkkilllErrrSS
PPaaunnkkIIlllLLLInnGG
PPPUUUuunnLLLEsssSS
pppaaaiiiNLLooSSSlllYYY
pppEoNLLLEESSNiSSs
PAAAiinnnllEEESSSnnEEssssss's
PUUUNNNs
PPUUUIINNstttokkIINggg
pAuunstttAAAkkIIINNGG'SS
PEEEEEnnnssTTIKaaannggglY
pAAAIINtt
PAAIIInnTT's
PPOOOIINNNTTTbbiiilL
pEEEonnnTTBBBOXX
pppAAAUNNNTTBOXX'sss
ppEEiiNTBBoxeeeSSS
PPPAinnTTbbrrrAAAsshhh
PPPaiiinttbbrruShhh'S
paaiinnTTTBrrrUUShEEESSS
pppAAINNTTTeddd
PPaaiiinnntEEER
PuiiinnntttEEEr'S
PPAAIIINtttAARRRLLyy
peeeUUUNNNtEEErrrSSS
PPPaaaiintttuNNggg
PPPiooNNTaannngg'sss
PPPaaaiinTIInGsss
PPEEEinnTTTss
pppAOONttWWWooorrrKK
pppIIaNNNTTTYYY
PaaIIrr
paaAAArrr'SS
PPAAAIIRRReDDD
PPAiirooNNg
PPPAAeeRRRiiiNgggs
PPAAiiRRs
pppOOOiiRRwwossAA
ppAISSaa
pppaaiSSaNNNAA
PPiIISSAS
PPPiiIISLEyy
PPPAiiissleeey'ss
ppOOIISSllleeySS
pppAAAJJaammmOO
PaaajaammmeeeSS
paJJJaammiiS'ss
pppaLL
paalll'sss
paaaLLOccce
PPPooollacccEE'sss
PPPEElAAACCOS
ppOOOLLaaddInn
PPEELLLeeDEn'SS
ppAAAlAAdddIIINNSS
pOleEEoGrePPHyy
pppooollliiiUUUSSS
puuulllAAANQUUUUnn
ppallOOONqqUUIIInn'sss
PAAAlllIInnqqqAAuuNNNss
paaallaatabbIIIlllIITIess
PaaaLAAATAABBBILLLAtttyyy
ppaLaaaTTUUUbbblllEE
PaaallAATTuuuBlYYY
PPOOOlllAATTTAAAL
PaLLLaattAl'S
ppaaalllUUTeeellliiiZAAAttIIIOOnnn
PullloTAAALeZattAAAINN'ss
paaaletttALLUzzA
pAAAllAtttuuuLIIIzzzeddd
PPPaaalleeTTTaLIIIzUUUsss
PuuLLLoottUUUllIzInnnGG
PPPAAALLLAATuuulllSSS
PPPalluttee
ppAllEEETTii'ss
pIIllloottEESSS
pooolAAAtIIUUULLL
PPPaaalllIItttaaAAAlllLY
PALEETTTiiNNiitttee
PalotteeeNNAAte'S
PPeellaaatttUUnnnOOtttEEss
pppAAALLLaaatiNU
paaallAtaNNeee'SS
PPullAAATTTIINNEEES
PooLAAAvveR
pAAAlllaavvvARR'S
pppAlaaavvvAAArrrEDD
paaLLLAVVVERRINNGG
pppaaallleeeVVVURs
PPElAAzzzZO
pppaLEEE
pppIIIle'sss
PPPeeelllOOddd
PPaaLLLEEEEttHnnnOllOgYY
pppiLLUFFFecce
PAAAlllOOOfffAAccca'SS
pppUlllUUfffAACCCuuus
pppeelEllYYY
PAAAlllAnnnooSSS
PPaLLLEnnESSSS's
pppAALLeeooobbiiooLLooggUUISS
PPPALLLeoBBBOOOooLLLAAAgisssTT
ppOLLLaaaoBBBioolIIgggYYY
pAAAlleeiiibboooTTUUUnOOeSSS
ppeleeeOOBBBEEtAAnnnYY
ppAALEEoooCCCLIIIMMaatOOOloggIIIEESS
PaLLiiiooccllImoootOOOlllOggyy
ppUUllleAeCCALLoooGy
PaaLeeAAAGGEagRRepHIIIeees
PPaaallEEEOOGeeOGRAPPhhhy
puuLLLIIIAAAGGrraaPPhhhoorrr
PPPAAALLLEUgrooPPPherr'sss
poolllEEOOgRRRoPPPhhurrrS
POOOLLEOOOGGGRRRePPHHiCCC
PPAAALAAAoggRRRUUUPPPhhhiiiCCCAAlll
ppIILLLeOOOGREEEppHyyy
PooLLLeEGGRRRaaPPPHHY'ss
PeeelllUUOOlliiittth
PaaaLeeillOOtthhhUUCCC
PPPaaaLLEEOOOLLLiiThhSS
pEliooonnttaaagggrrOOpphYYY
ppuleOOOnTeeLLL
pOOleeeaNNNTTUUllOGGaCCC
PPalllOOoNNTTTOOLOOOggiCCoL
PPiiiLLLEEEOOOnttOOlloogggeesTTT
PPPuuuLLeeeINNNtttooolloGooSSSTT'ss
ppeeLeeeaantOOlloGGGiisTTTS
pppeeelAAaaaNNtttAllIIggyy
ppooLEoNttOOOllleGGGy'sss
pppUUllleeeupsssYYYCChhhooolllooogyy
PolllOOoozzzuuuoooluuGGGoooos
PUUUlllIIIOOOZZZoIllOgggYY
PELeeeR
PalllaaaSS
pppILiSStt
paaLLLEEssTTRE
PPPAAALLLeStrAii
PaalllIIITTTuuTT
ppAALLaaTTE
PPEELEETTTTTeee'SS
PPPaaLiiTTEsss
PIIILLLffReeY
PAlFFFRRuuYYY'SS
PPPAAALLFFFrUUUYYYSSS
pAAALiiikkkAAArrr
ppeeliiimmmeNNNyyy
pppUULLaammmuuuNNNyyy'ss
ppOOOLLLImPssseSSSTT
peeelliiMMMppsssEEESSSt's
PaaallimppssEsttaaC
pppAllImmPSEESTsss
PPPOOlEEENDROOMeee
pppAAllINdddrrrIIMO'sss
PPALLLooonnnDrrOmOOSS
PIlIIInnDDDrrreeemoc
ppiiillIIInddruuMMMUUUSSSTT
paaallliNggg
pAAALLIINNG'ss
PAAALLIIINgANNNesseesss
pppoolunnnGenAssuSSS
PPPollIINggeeeNETTIcc
POOOlIIIngS
PPPOOOLLLiinodddee
ppAAAliiSSSAAADeee
PPPollUSSADUUU's
PaaluuuSSOOdddIIdd
PPPALLiiiSooodEs
PPUUllesh
PPALLLLLL
pAAALL's
PPaaLLLlaaaDDac
PaLLLiidaaaUM
poollllllaaaDiIIMM'sss
ppuuuLLLLLaaadddOOAAs
ppOOOlllLLBBBEEUrreeeRR
PPUUULlllbbbeeaaRaaarr's
PaaLLLLLBeeaaRRIIrrss
pAAAlllllEdd
PPPIllllettt
pIIIllLLEETT'ss
PPPEEEllllootts
PPPAllLLLotttttUU
ppALllEEETTTeeS
PPPAAALLLllloooAAA
pppeelllLLLaAAASSssEEE
PALLLoooAAAsSSeeeS
ppaaLLLUUAAATe
pppAllllEIIITADDD
paaallLEEEoottAAss
ppaLLllloooATINNGGG
PPPAALlIIIiTIIIOOOnnn
ppEELLllliiiaTTTIIIunnn'sss
PALLLLLiiiAtttAAVee
PPPUUUlllLLLIIIaTIveee'SS
pALLLLiioooTUveees
PooLlliiootooRR
pppaaLlod
PPOOLLllloooDDlllYY
pppaaLLllIIDNNNiSSss
PPallllluuddnuuuSsss'SSS
ppoooLLLlInngg
pppaaaLLLLIUmm
ppiiillllaauuumSSS
paLLLLOOORRR
POOOlllloRRR'ss
PUUULLllsss
pAAlllllYY
PAAALLLM
ppAAAlM'sss
ppIIllmACCCEeeeUUs
paLmmeeRR
PPiiLLLmorrrY
paaLLLMMEEEtti
ppaallMMAAAtttOOODDD
PaaLLmmaatttEEllyyy
PaaaLLMaaTTTiuNN
pppALLLMMMoodd
PPPAAAlmmmeerr
pAALMEEErSSS
PAAAlmeeTttAA
PPaaLLLmmEEETTTTTTooo
ppAlMMiiiTTttoo'sss
peeellmAAttttttooEESSS
PIIIlMMMeeeTTtooS
pOOlmmmaeeeRRR
PPAALMMMaaaESSSTT
PaalllMMInGGG
ppALLMMMissT
PPAALmissstt'sss
ppaaallmmuuussTRRy
PeeeLMMMIIISSSTrrrYY'SS
pppAAAlmIISTS
ppaaLmiiiTTeeTa
PaaLLmOTEEEn
PPAALLLMMitttaaaNNNSS
PPaaaLLLmmmSSS
pppaaaLLLMMttUUPP
paalMMTTTIIppp'ss
pallmmmTTuPPs
pppAAAllMYY
PPalooMMMUUNNo
ppAAlooomeNNooo'SSS
PPPaaLOmInnnas
PPIIILLLp
PPeeLppAAABBBALIIITIeeSS
PaaLLppAABBBUUUlliTYYY
paLLLPPPEEbbbloo
pppeeeLppabLLYY
pppaalPPATTeee
PAALLppaTTTeD
ppAllppoTiiSSS
ppelppAATUNNggg
paaaLppiTIIIaaNN
PalllppiiitIIuuuNN'S
pppoolpppUUUBBrraatE
ppOlPIIItAAnnnTTT
pAAAlllpppIItaaaTTTE
pppAAALLpppIttaaTTAdd
paaLLPaaTTeeetteeeSS
ppAlppIItttUUUTTTiinG
pppuuulllPPUUUTTiitttuuOON
pppAlllpppItttAttIIOOOnnn'S
pppeeLLLPPPIIItatuiiinnS
ppiiillSS
PPalllsssgggRAAAVe
PPPUUlSSSgrrraVVVESS
ppeeeLSSooeeDDD
PaallSSSiioooss
pAAAlsTiVEEE
ppIILLSSYY
PAAAlllsY'SSS
paaalsyyooNNNG
paLLTUr
pppAlllTTeeerrIIIDDD
pUlllttteeRiNNg
PPPAAAllTTTAARRsss
ppaaLLLTrrIIIuurrr
PAllTReESSStt
PPaaaLtttRRRiiiNNNEEESSSSS
pAAAlTrriiiNNEEESSS'ss
PPPaallTRy
pppOOlliiDDAAAL
PPeeelllyyy
pppAAAMPo
pppEMMMppAAsss
PPaaMMPPPoS'SSS
PamppEEEr
ppAAAmPUrID
pppooomPPPERRInng
PAmmppaRRROOO
PeempppIIIRsss
ppAAAmPPPhhLLAAT
ppimppphhhllEEET'S
pppaaMMppphhletttEEEr
PPPaaMMppphhLLituueeRRR'ss
PPAAmppphhhllEEttEEEEERsss
PPPaaampppHleTTsss
pOONN
pppaaaNN'ss
PPANEEECCCiiiaaa
pANUUCCeeee'sss
pppAANaaccciiiiinnn
PaaaneeecccEEAss
PPPaaannaaaCCHHEEE
pppaaNNNaaCChhE'SSS
pAAANNAADDDAA
peeennAAMMMaa
PPaaNNNAAmmUUU's
paaNNaaamAAS
panAAttEELLLA
pppinnnIIITeLAss
PPAAANAAtttIIllLLLa
PPOONNeeettEEElllLLLAAAs
PPANCCCeKKOO
pUUUnCCCaaaKKEE'sss
ppuuNNNcciiiKEEddd
ppOOOnnCaKKUSS
PPOOOnnncAAKKKaaNNgg
PaannnccchhrrOOOMAteeeCC
ppUUUnnccrrriiitttEEUMMM
pUUUNNcRAaaaSSS
pppAAANNNcccRReuuS'sss
PPEnccrUUOOssseS
puuunCCCRRREEEEETICC
pppooNNNccReOTTEEn
PPPANcccrrruUUUTAtttIdESS
pppOnnCCrrrooaaaTiiTTIIIsss
pEEEnnnccRRREEAttaTOOmmYYY
pppaaaNNdUUU
ppAANNNDoo'ss
pppanDDAAANNuuusss
PANNdANNNIIIsssESSS
ppEEnndeeeSSS
pAAndddeCt
PPAnnDDeCCCttaaSt
pppiiinnddUUMAccc
pppONddIIIMiiiccc'S
PPPannddEEMiCSS
PPunnnDDDeMMONNIIoM
pAnnnddeemoooNNEEUUMM'sss
paNNddeRRR
pppAAnnDErr's
pOONNNDEErredd
PAANNDEEroooRR
PaaaNdddEEERRRaaarrr'ss
PPPANNNdddUUrrErrSSS
PPPaaNDDeeRRUUUNNggg
PPPAAAnnnDoRs
pannDiiCCiiLLaTooooooNNN
ppaaaNNNdddIIIT
pppIInnnDOOrAAA
PPPaNNNDOAr
pppaaaNNdoowdIAAAS
ppUUnnDDaaawDDY
piiiNNddaaRRooottee
ppaaaNNNdddYYYbbbUt
pAAAneee
PPPiiiNNO'sss
PPAneeDDD
PPAAnnnOOggyyRAAcc
ppaNNNeeegggyyRRRIIIccc'S
piiNEEEGGyRRReccall
PPIInnnEEEgyyRUUcAAlllllY
pppuneegYYYRRoooCCSSS
pppAANIIgYYrusssTT
ppAAnnnEEgyyRRRUUUSSTTsss
ppaaannneeGGGyrrIIIzEE
piNNEELL
ppAAnOOlll'SSS
PPPAAnEEEllbuuuArrrd
piineeLLLeeDD
pppEEENEEEliiinngg
pppAAnnnEEELiiinng'ss
PPPAAANNoooliiiNNGGGsss
pAANNeeeLiSStt
ppAAAnnuLLUUUSTTT'S
ppAAAnneellISStttsss
PannneellEdd
ppANOLLLLLooonnG
PPPOOONEllLiiNNNG'SSS
pOOnullllllINNGGSSS
pppaaannnEEELLLS
pOOOneeeS
PUUUnnneettTTuuunnnEEE
ppANNNFoSShh
ppAANFFUl
PUUnnnGGG
PPaangg's
PEEnGAAA
pppAANNNGGUs
pppAAANNNgggEEEniSIISS
ppaannnGEELiiiNN
PPaanggOllliNNNSSS
pppaaaNNNGGGsss
PIIInhhuuunddllleee
pppAAnhhhAAAnnDDDllle's
PPPEEENNhIIndddLEEED
pppAnHuuNNdddllleeRR
PPPooonnHHHANNDllUUUr'SS
PAAANNNhhhAAANdddlleerSSS
ppANNNHHHAAANNDlEES
PPPAAAnnnhhhiinnndddLLLOOnnngg
ppIInnneC
PeeNNNIIICC'sss
pppAANNNICKEEED
pppAAANeCkkiiiEErr
PPPooonIckkIIEEEssT
ppUUNNNIIIccckiiNNg
PPAnnoocKYY
pppaaaNiiicLLLe
pppUnnacLLoDDD
ppOOOnOOOcLLLaas
PPPaNNECSSS
PPPannnOOOCCCuulllaTo
PEEnoooER
PPPaNiiiooor'sss
ppAAANNNIEEErsss
PPPAnnnjjjANNDDDRRRE
PPannnjjjAAnndrraaM
ppInnnJannndddRRRiimmmSS
ppaaannnlllOOGGGaaassM
PPaNNnU
PPennNaaddd
PPPONNnIIeerr
peeNNNnoEEr'S
PPPaannNNIIeerrS
ppaannnnnaKKKIIInn
pppunNNUKKinnSS
pppANNNnAAANNNgg
pEEEnoooCCChaaa
paNNNUpLLUADDD
PPPaaaNNNooppLEEEUSSS
ppeeeNNNOOOPLLLy
PaaannnOOppLLLyyy'sss
paaNOppptAACC
ppaaanoooRRaaammAA
paNaaruuuMA's
PAAAnnneerumaS
PPooNNaRRRAmiCC
PPAnPPiiiPPee
PPaanpuuppuSS
POnnpppiipppas'SSS
pponnnPSYYYCCCHuSt
ppAAANNSSS
ppaaNNSiEss
ppAAnSSeeeppHHY
paanSSSyy
ppAAAnsssyy'SS
PPAAAnnnt
PaaannnTTT's
pppEntttaaLLAATTss
PPPoonnntttuuLLiiieen
pppentAALLLEEEooNNss
PUUUnnTaallloooonSSS'ss
pAAAnnTocchhhniiccooN
pppuuunTTeeeccHnuuuCCCooonnSS
POnnttteeeD
ppAAnnTTEEEllluuuGGGRRRAAApH
PPPoooNNttHHHEEEiiissMMM
PPPAANTHeeIIIssMMM'sss
PPPannntttHHHooAAssTTT
PPPooNNTHHeAASSttt'SS
PIIIntthhheaasTTToooCCC
PPAAnnntttheeeossTTTAAccaL
pppaaNNthhOOiiSTuuucccaallyyy
pppaaannnthOIIIsts
PAAAnnnTTHeeeOONN
PAANNNttthIIeeennn'S
ppEEENTTTHHEIINsss
PPPOONNNtthheeRRR
pINThhAAARRR's
pppEEEnTHHHUrrSS
PPaaNNTToO
pppannTTTIOO'ss
ppInnntttiiiiiiSSS
ppAAnTIILLEEE
pppAnnnTTTiiilllod
PaantuuLLEES
PPPIIInntIInGG
PEEENttIINNNGLYY
PaaannntttIISSSEcccrrraaCyy
PPaaannToo
pAnnnTTeeegggrAApppH
ppAANNNTTaagreePPPHSSS
ponnnTTTUMiiimmee
ppAAnnnTTiMaMMeee'SSS
pppeNNNttOOOmmeemmOOd
PAAAnnnTTTOOmmmIIIMMMAAAS
PPAnnTTooMMiiiMMOOOcc
PEENtUMIIIMMAANNNG
PPPAnnTooomimmmAASSTT
PPPAAANNNtttOOMMMIIIMMiist'S
ppAAANTToMeMMMAsssTTsss
PAnnTTaaS
pppEENtRoooUss
pOOONNTTrrry
PPaNtttRy'S
poNNtSS
pAANNNttSaAAATTT
PPPaaNTTssUUUiTT's
PPEENNNTTSSUUUuuTTTS
PPPiiinnTTTYY
ppaaannttYYY'ss
poooNNNTTTyyyhhhiiSSEE
ponnTTYhhhoossE'SSS
ppaaNtyyyLiNNNeeerrr
PPOOnttYYLLLIINNNeeeRRR'SSS
PANNtttyyywiiiiistt
PPPIIInnttyyWioSSt's
pppAAANNTTyyywwweeiStttsss
ppOONZerrr
pppinnzzzERRRS
ppaaPP
ppaapp's
PPuuuPPPaaa
pppePeee's
PaaappAAACCIIIEEs
pAAApppaccYYY
pppapppEccYY'SSS
pppAPPOOInn
pIIPPaainnSS
PPPAApaaaL
PPPAApaaalLyyy
PPAPPAArAAAzzZZZO
paaPAArrraZzzzii'S
PuuuParrAAAzzZee
ppEEPPPaSS
PaPPAAAVeeRRAAcccOOOOOuus
PPOPAAAVVViirOOONNEEE
PaPuuvvvIIIraaNNNUss
PPaappAAAWW
PPapppaaaWWW'SS
pppuuPPPOWWWss
PPAAppAAYYIII
PPPeeepppaaaYYuu'SSS
PPPAApppaaYYYUUUSS
POOOPPErr
paaappparr'ss
PPPaaappooRRbAAAckk
PPPepppeerrrbbbAAACkk'S
PeePPaaRRbEEccKKKSS
pppAAppUURbbbAARRRKKK
ppaaapppeeeRBBaarrrKKKss
PPaaPPPiiiRBBBUUUiird
pppupppUrrrBBBOuRRRdd'SSS
ppEEEpppOrrrBBBoouuNNNDD
PAAporrrBBEEyyy
PPPOOOpuuurrBAAAyyy'sss
PIppeRbbOOOyySSS
PPPAppeerrrclIPP
PPAAAPPeeRRRccllliiPsss
peeeppeeerrEDD
ppuPPooorrEr
paaapppEErEEER'SS
ppaaperreeeRRsss
PPPaPPPooRgggEErl
PPooPERRGGGiirLLL's
PPiiippooorrrGiiRLLSS
piPPEErrHHHUUUnngggERR
PPPooPPPeeerHHHAnnGGoorrr'SSS
pppAppperrrhhiNNggAAARRsss
PPPUPPPOOrrHIIInnnginggg
pppapppEEERRRhhhaaaNNNguuNgg'ss
paapeerrAAANNNG
PPupIrLLeSSS
PPUUUppEEErrs
pppaaapppORRRwwwuuuIIgghhttt
PaaPPPEEERRRwwUiiiGGHHHt's
PaaPPErWeeeIIGhhtttS
PPPAAPPuRRRwwwaark
PPEEEpppeeRRRWORK'SS
PPOOPPPeeeRRY
pppaapUTTTuuRRiuu
PPappiiiLLLuuuaaaNNNooCOOOUUUUss
ppaaappiillllAAA
POOppIlllLaa'ss
pppoooppiLLLlaaaii
PPPAApElllLLLAARRRY
PPPaaappIIIllllaaamIII
PIPPPiiiLLLLOMMMAAAsss
PPPEppIIILLLLooonn
PPAAApiLlllooNsss
ppAAAPPIlllllloosII
pEEEpppILLlOOtoo
PPPaPAAsmm
pAAAppiisssTT
ppiPEsssttt's
POPPPAAASSStoooCaall
PPPaaaPIssttRRRY
pIPaaasssts
ppooopooOOssso
PaaaPooaSiii'SSS
PaappOOiiSSSeess
pOOPPPaES
pOOPPPPoSSSE
paaaPPPPPPUUs
PPooopppppuuSSSuuss
PPIIppppyyy
puuPPpYY'S
pppaaapprriiKKA
pppEEprIIKA'SSS
ppappSS
PPPEEpuliRRR
pEEEPPPoLEE
paPPullluSS
pAApyRRiiCEooouuuS
PPPaaappYYYRII
puuuPPPyyRRRaLLAGGY
peePPYrrroooss
pppIPyyyrrUSSS'S
ppAAppYrrrasUs
pppArrr
ppaarr'SS
PPPAArrruuu
ppAAArraaa'S
PParooBBBaassiiiSSS
PPIRaaBLLLe
PPPirABBBLLe'SSS
PPaaROOOBBLLees
ppurAAAbUUllAA
ppARRRaaBBBEEEllaa'S
ppeerrruuubbaalAAa
pparrrEEBBBelllAAS
puuurrrabeeellooccc
pppIIrraaabbIIILLLiiCCaalllyyy
pppAArrrAAABBuLUZZZE
pparAAAbboooLLLuuuIID
PAraBBBOOOLLOEEdddsss
pppARReeeciissEEEeeN
pppoRRRaaCCCEEETTTAAMMaL
ppirrUUcAATUUmmiiillss
pUUUrrAchhrUUNNUsmm
ppaRUccchhhOtEEE
parrrOOOchoTTTAA'SSS
paaraacHHUUUTTTIIIdd
PAARRRIICCChuuutttUsss
pppAracHAAttINggg
ParacHHUTTassst
paaaRRAchhUUUTTTIISSSttt's
pppIrrraacchhiiiTTIIIstts
PPPUUraDDaa
pppAAARRRAAdde'S
PPPEEERRRUUdEDD
pparEdurr
ppErrAADEEErrr'S
ppaaaRRAAADDerrSSS
ppAAArraDeess
PPAAARRAADDeeDDDDDlllaaa
PERaadddIIdddddllESS
pAroddIggMM
PAArrrAAADDDiGGGmm's
PPPAAArrraaaDDDIIGMMotttOOOc
PaaaRRRoodddIIggMMMS
ppaaarrraDDDUNNGGG
PPPaaarooDDDUSSaEEECC
PPAARRaadiisssAAeeeCCCALLL
ppurEDDDUUUSEE
PPaarroDDDiiiSE'SSS
pppIIrOOOdiiSSSUUss
PPPaaaRRRAADEsUUUacc
pppaaarraadddisiiiACCCAAAL
paaRRAAddOOOs
PAAARRaDDOOX
pirADDDIX'S
pppAAArrOODDIIxxxoooSS
paarrAADDoxUUUccAAAl
PPPAAArAAdddAAAxxxIIcccULLLLyyy
ppaaRUdraaPP
pppaRRRAAffffInn
PaaaRROOffffIInn'SS
ppeeeRRaFFFfuuNNAA
ppooorrrIFFFiiNOOOccc
purAFOUUUlll
PPPAAArriiifOORmmmaaallldddeHHyyydee
ppEEERRRAggglllEEddEERR
PPPUUUriiigggLaaaDDiiNG
PPPaRRReeeGGGUUN
PPArrrAgEnn'ss
ppiiRRRUGGEnss
paRAAAGGGrEEph
PooRRIIIGRRRaapppHHH's
PPPIIRRRaaGriPhEd
pppaRRRAAAGGGrIIIppHHerrr
PPARAAAGGGrrAAphAAARRSSS
PiirriGGGrrAApHHiiU
PPuuruuuggrrAAppphhooonnggg
pppIIRRuuuGraaapHHHs
pppaaRAhhYYdddROOGGGENN
pppUURRRaakkEEEEt
PPAAAROOOKEEattt'S
pppaaaRRaaaKeeITS
PIIIraalllDDEhhyyDDDee
PPaaRAAlEEEgiiLL
PPORAAAlleeegAl'ss
ppORRREEELLeGaLS
PPPAARRREEELLeeennGGGOOUsTTTuCC
PPirrIIIliipIIMMMeeNNNu
PPIrrrUUlllaaCCTTooc
ppAARRAAlllIIIXX
PARuuulllLLaXX'ss
PPPUUURRRAAllllooxAASS
PPPeeeRRalllLLLaLLL
PaaRRALLLLoooll's
PeeRAAAlllLEELLLEEEd
PurrrIIIlllllEEllEEEPPaaPeeddd
PeeeRaalllellAppIPPeDDsss
PPPeRaaallLLAlUngg
pppaaRRRuuuLLullliiSSSmm
PPARilLLeellEESMMM'SS
paarAAllllEEEluuusMMs
PAAArrruuulllILLiiSSTTEcc
pppAArAAlllllIIILLLiiZZEEE
PPUUrrrallllEEEllIIzzAAADD
ppAroooLLLLELLLIIZEs
PParrALLllleeelllAAzzzIINNNGGG
ppEEERRoooLLLLeeelLLoooDD
PAARRiiilllllAAllllllonGG
ppAAArrriiiLLLEllloooggrrAMMM
PerrroLlllEELLogggRaaamm'S
pppAAArrroLLLlOOLLLUUUGGGrrEEMs
ppooRRALLllEEELLSSS
PoorallLLLOOppiiPPOOOddd
PPOOOrrAAlllEEGuSSMM
puRAALOOOgggIISmSSS
PaaarrAAAllaaagggOOSttt
pAAARRallYSSSiiiS
PUrrAAALLLYYSES
PPPAAraaalYSSIIIS'SSS
PPaRRaLYYTiiiCC
PPArrrALLyyyTTTICCC'sss
PiiirreeelYYYTTTIICCCoollllY
POORRALLyyyttIccsss
PPuuRRRaalllyzE
PPaaRROLLyyyZZeeDD
paarrrALYZEEES
ppErralYzzzINggg
PPPAAAraalllYYYziNNggLLLyyy
pppeerrraaamiigggNNeeett
pUrrAmmeeeGneetic
pppErAAAMMMaaaGNNNaatuuSmm
pArraammOOgneeettIIIssMss
paRUmmOOOGNEtttsss
PPPaaaRRamaaatTTAA
PiiiRROMMEEEciiooo
PeeeRRRIImEECiEMMM
PPPAARRRaaamIIIcccaaaaammm'S
pppEEErrroommeeecooiMMSSS
PPPAAAreeMMEEDUUccc
PPaaaRRaammeDiC'SSS
peeerrUUUmmeDDUUCCCal
ppaaaRRUMMMEEEDDDiCCaaaLLL'ss
paaaROOMMMEEEdddiiiCCallss
PPPerrraammmaaaDDDiiiccSSS
pppaaaRRAAmaaannTTT
ppAArrAAAMMeetteeRRR
ppAAAraMMOOOtERR'sss
parrAmmmeeeTTeeeRsss
PPPooRoommITRiiiC
PaRiiMMMEEETTTRRIIIccOLLLYY
PPuurrraammeettrAzzzuTiiON
ppAArrrAAmmmiiiTRRREEEZZZAA
pAArriimmETrooZZZeedd
paRRRomeeetRRROOZeeS
pAARRRUMaLLLOOttAAArEEeeesss
PPaaarrrAAmILuuuTTTaaRY
ppOORRAAMIIIlllEETOOORy'S
puRRAAAMMnnneSiiiA
PuuRaaammnUUsssAass
ppaarrrammmUUU
pIIrEEEMMoooRRphhh
ppooorraMooorrrPPhhisssm
PPPAArrroMMeAANNNT
PPParrrIIImmmooIINNtCCCyyy
pppooorrrEmoooUURRR
ppuRRaamEEEUUUrrr'ss
pppAAARAmoiiirS
ppArINNg
ppuuuRRRAAnnGGS
PPPUUUrrunnnOOiii
PParrAANooIIA'S
PPPaaarrrAAAnnUUiiEEECCC
paRREEnOOuECCC'S
PPPUrAAAnnnOOOEaaCAAALLLyy
PPaaRRAAnEEiiiucccs
PAAARRRannOOOIccc
PaaarraaNNNEEAACCCiLllyy
pIrrENNNiAAdd
paaaRRRIInoAAAD's
pppAAArrAnnOOOiidsss
ppparrraaannnORmmaaaLL
PPiRuNNoorrrMMMalllLyy
paaaRRAAANYmmmpphh
PPeeerraaaPPAAAttt
PPArrOOppeTT'SSS
paaaRaPETiiD
PParrrAAPeTs
pppUUrrEpphh
PPPAARRUPPPHHooRRRnnneellUUUA
PPPAraPHErNNAllliiia's
pppArrrOOpphhhEEElliiiaa
peeRRRaappphhUUUliaaCC
PArrrEPPPhhhRUUSSaaBLLaa
PaarrriiPPPhhhrrASSe
PPoorrreePPhrAASSSo'SSS
ppiiirrraappHHHRRAAssseeddd
PPAAArrraaaPPhrrraaaserrr
PPPeRAphhrraaaSAASS
pppUUrrIIPPPhrrraasssiNNNggg
PPPARRRiipppHHHRaSooss
PoooRRAAAPPhhhrrAsstt
ppAAArrrOPPPhhrAAASSttIIIc
PPPIIIrrIIppplUGGGAA
PARIIIPPPllIIIgggiEEE'SS
PUUURRAAPPPlliGGGIIICC
PPAAARRReeePLLeGGGiiccc'SSS
pppAARRappLLLeGGIICCs
pppaaaRAAAppOdiaa
PPArriiiPPPOODDiiiummm
pAraPPrrOfffAAssSSOOooNNNaall
PAAARaapprrrIIfffeSssiiinnaLLL'ss
PPoorrraPrrrIfffEESsIIIONaaaLLLss
PPPiiiRRRUUpsssyyyChhIlEEEgiiCCCaaLL
PaaaRRROOOPPSYYCCChulloogggIIsssttt
ppaaarapppssYYYchhooLLaaaGiissT'ss
PPOORRRAAAPPPsYCCHHHELLOOOGGGesstS
PAAArrreePSyccHHHoloooGyy
PeeRRoooPPSyyycHHHOOllaaggYY'sss
PPiRUUqqUUeeeTTT
PPPAAraaaQuATTT's
pAARRREEs
PPAAARASAAANNNgg
pppaaarrraasCennddannnGGG
ppaaaRAAASeelllAneee
PaaRESSiitEEE
paaarrraaSSSIIttteee'sss
PPPOORasssEEETiiiss
ppArisssottIC
PPArrUUSSSiTTTIccaall
pppAAArrASiiiTTOciiillllYYY
ppARRRASSeeeTTAACuuudddeee
PPPArrrOsiitiiSSMM
pooorrreSIIttoSSmmm'sss
pppUUrrEEsEEEtttAAZZZiii
purraSIIItILEggIIIsT
piiiraSSIttooolOOGGYYY
ppeeerrASSEll
PPIriisssooLLL'ss
pppooRRaSOOLs
pppAARuuussyyyMMpAAThhIITOc
pppuRasssYYMMMpppAATThhhetttIcSS
PuuurraasyynAApsOsss
PPaREEsYYntHIssUUUsss
PPiiireeTACttAAC
pppaaRROTaacccTTTEcccAAAlllllYY
ppeeeRRRaatAxxiss
pppARRRaaTThIIIuNNN
PPARRattthheeoonnn'SS
PPPARRRuuutHYYrrOiiddd
pppUUUrrroooTTHHHYYRoooiiiDD'ss
PPPAAARRAAATTTHYYRRREEaadddss
PAARattrOOOOOOP
pARRReetrAAAiiippeeeRRR
PURRRAAtttrrEEUUUPPPIIRRR'SSS
POOORROTTTrrrooOPPoorss
ppparrruuTrrrIOOPs
PPAAARRROOOTrrOOOOOppsss'S
pppeeerreTTooBBBeeeRRRCCUlllOssiiiss
PUUURRAAAtttyyPPHHOIdd
paaarraatyyyPPPHeeEd'sss
PPaaaRRRaaavvvInooo
PPPiirrrbOOuuL
PorrbOOOiiiLUD
ppAArrBOUUULinnggg
puuurbiiiIIls
ppaarBBBOOOcklllAAA
PPPIIRRRcUUUlll
pppeeerCCCOLL'sss
pAAARcceeLeeeDDD
ppIrcEEELuuuNGGG
ppaaarrcccelLLLUDDD
pppAAARcooollLLLaNNNgg
PPaaaRRRcaaalllSSS
pppEEERRCCenUURyy
ppAAArrrCCCHHH
PPPaaaRCCHHuuud
PPUUUrcchhhasss
pppuurrrcccHINNNG
PPPooRRCCChhhmeent
pppaaarrrCHHHmoNNttt'S
PPPooorrCChhmmIInnnTTTs
ppARCCLEESSE
PPPiiirrd
ppArrrDNNNeer
pppAArddnnnaarrrS
PURDDDAANNN
PPUURDDIIn'SS
pppARRDanAAABBllOOO
PaaRRRDDoNaaabbblYYY
PIrDDDaaaNNUUd
ppARDDDooNNEr
pUUURRRDonnOORR'SSS
ppAAARRRddOOOnEEErsss
ppAAARRRddooniinG
PaarrddoNNNs
PAAArrru
pAArrrEEdd
ppeReeeGmmmAAAnnnOONN
pppURRRAAAgorrAAACC
ppAARRoogggAArrOOccc's
pARRAooorrrAA
ppaaarrraNttt
PPAriiiNNttt's
paaaREENNNtaaGII
PPPaaaRRENTaaaGGGI'SS
PPPAARRReeNTaL
PPPAArrEEEnntEdd
PPPiiRAAnnntteeROOlll
pEEERRRaannnthhheeessEEEss
paReeeNNTHeesssEESSS
PaaRONNNThuuSSooss's
PPaarrreeNNTTTHHHOSSIzzzI
pAAArEEENNtttHHeeeSSAAzzAAAdd
ppARRaNttthhhEEEssiiZESSS
PPPAARRREEnttthhheSSIIZOOOngg
pppaaRRRentthhEEttUUUcc
ppIIIREENNtHoootAAAccILLL
ppAAARinnthheTTTUUCCOOOlllly
PPaaRRooonnnTHooooood
PPAArrrannTHoODDD'SSS
PArrENNTTInnnGGG
pIIRReeNNtttInnGG'SSS
pppaarrAAnntttS
pparrIR
ppaaarrUUUrrr'SS
PPiiirrroooRRSSS
pppaaarEsss
PPaaRRRASSSees
PPPaaaRRooSSSIISS
PPaaRRREESIISSS's
PPPIIrIsssTTHHHEEESSSiieee
PerrrUUUSSSttheeeSSiiAAs
PPPaRETIccc
ppERRREETaaacSS
PAAArEEEu
PPErrreeVVVee
PPPArrrFFEItt
ppeRfffAAAet'SSS
ppaaRFFAAAEEETTS
pAAARRRFFFlllAAAccHHHE
PPPaaarrrGEEEt
pArrrgEETTIIING
PorgETTTuunGGsss
PPPIIIrrggaatttS
ppIIIRRggEttIIIDD
pAArrrGEETTTTTTooonnnggg
pppArrHHHeLLiEE
PPaarhhuLIUnn
pppaaaRRRIaaah
PPaaRRiiuHHH's
PPaaRIIIaaahhS
pppEEROOOUUS
ppOOORAAAaTTTuuull
PURRaaooTTallS
PPERRimmmUUTTUUeeLLL
PPAAArrriMMaaTuuuLLL'sss
PPOORRRiimmmEEttEEEoLLss
ppAAARRIInnG
PPPeeerrrIIINNNg's
PPoooRRiiings
PPARRIPPPIInnNNNatttaa
pppaRRROsssH
PaaRRRIISSHHH'ss
PPAArrrIIsssHuss
pppIIrEEshEOOnneRR
ppiiirrrAAAsHHHiiOOONNNeeR'S
PPPeeeRRIIIsssHIIIONNERSSS
ppArraatueS
PPPaRaaaTTTy
Paroootttyy'sss
pppooRRKKK
ppERRRkk'S
ppAAARRkkAA
pUUUrrrkAA'sss
ppaarrKKKiss
pppArrkkEdd
PParrrkIN
PARkkkInnngg
ppaRRRkkAAnnnG'SS
paRRKKLLLeeennDDD
pppeRRRKKKS
puuurKKKWWaaYY
pppAARRKKKWaaayy's
PPPORRkwwwoooyySS
PPAArrrkky
ppuuRRLLuuNNCe
PPAAARLLLannceee'S
PPorrrLLLeeennDDDO
PPARLLLaaayyy
PPPaRRllAAy's
pArrrLAAAyeeDD
PorrLLLEEEyyiiiNNNg
paaRRllAAAyyysss
PIIIRLLLEYY
pppaaaRRLLooyy'S
pUUUrrlleeYYYuuuDD
ParrrllOyyIINGGG
PURRLLuuuyySSS
PPPArrrlllIAmENNtt
PPPURRLLLeOMMMeNNTT's
pppUUUrrLLiiiAAMEEnnnTeerroUUUNNN
PIIIrrLLIaaamenTTTaaarrrUUaaaNNN'sss
pppaaarLLLiiiAMMMENtARRUUUUNNeeesmm
ppaaaRRLLuUUUMMEnTTARReeeAAnss
ppIrrrllluuuAAAmmANNtteeryyy
pUUURRRllluOmEEENTSS
PPPArLLLOOrr
ppIIIrlOOr'SS
PPPAArrlluurrrmmAAeeeDD
ppIRRRllOOOrrmuiddSSS
ppARRRlllOOOrrrsss
pAArllAAuuSS
PaarrrLooouuusssLLYY
paaaRRLLLOuuuSSSNaaSSSSS
PPuurrmmIGGeeoNEEE
PPPAARmmmIIIGGGiiiooNo
PPuuRoooCChhhIIIEEl
pppAAARoccHaAlllOOOssm
ppaRRoocHHiaLLIssM'sss
PPaarOOcccHHHaALLIIITTy
pOrrrOcHHHooouuLLLy
PAArrreeedddUUUc
ppaaarrrIIIdddIIuuddd
puurrOODDDiEESSS
PPARRoooDDuusTT
ppARREEDDDeSSTTT'sss
ppUUrrOOODDDOOsssTTTss
pIIIrraddyy
PaaaROdddY'sss
pppEEERRooDDDYYYunnG
pOrIOOOCAAAuuSSS
ppaaarrrOOOl
parOLeee
paRROLLe's
pppiiirrroooLLadd
PPPiiRalllAAe
ppuuuROOOLIIIUU's
PPPuuriiLLoooeeeSSS
pppIrrroLLLaaas
PeerrOOOllliiNGG
ppuuuRaaaNUUMMMeeessAAoo
PPAAARoNNYYYCCHHuuuAA
PPArrroonnYM
paaarrrooonnnyyMMiiic
PPUURROOONYYYMMiuusss
PPPeeerOOONNNyyyMMyyy
pppOOORoTUUCC
peerruuTIddd
ppaaarrroTOOOToos
ppaarrEEETTutttiisAAAs
ppAAArooxxYYSSSm
PArrroXysmm'sss
PPPOOrUUUxYSSMAALLL
pparrooXXYYYSSSMMsss
PPPaaarrrqaaOOOT
pppArrrQQQuutt'sss
ppIIRQUEETeDDD
PAAArQIIeeTaNG
paaarquueTry
PPUUURQQUETTTrYYY'sss
pAAArqqquuuEEETTTSSS
pppIIIrrRRR
ppeeeRRrAAAKKKEEeeT
ppAAArrrrAAAKEEeT'ss
ppeeerRRRAAAkkkUUUEEtttS
PPoRRRiidd
pppArrrrrrAciDoolll
pppuurRIcuuuddAAA
PPPIIRRreeccIIIde'sss
pEEERRRRoooCCIIdduS
PaarrrRRRiiEEED
pEEERRRRRoESS
parrrRReeNg
PPPUUrrRROOOtt
PPARrrOOttt's
pppaaRRrAAAteeedd
PAARRRitFAAsHH
PAAArrrRROTTInnngg
pARrrroooTSSS
PAARRRRss
PPPAAARryyy
PPPaarRRRYYY'ss
PPPaRRrrryyyiiNg
ppeRRSS
PPPaaaRRssO
ppoRRRsaC
pppaaarrsEcc'ss
PArrrSSSeeeCCsss
PPaRRRSSAD
pAAArSSSeeeR
PPPaaRSIrss
PaRRRssUUs
PPaaaRRSIIIMMOOONNNIIIoIss
PPUUURRSSSUMMMoonooooiiislly
PPOOrrSImmmOOOnniiioooUUUsssNNNEEsss
peeeRsaaMONNNIIooUsssnnnOSSssseees
PPAAARRsssIIMooonnyy
pppeRRRSSAmEEEnny'sss
ppoooRSSiinGGG
PPPirrrSSSIIInGGGSS
POOrssslllaay
PArrsllOyyy'SS
pppaaaRSSNNNoppp
ParrSSNiPPP'ss
ppuurrrsssnnuuuppSSS
paaRSiiiNN
PAAArrSSiinnn'S
PPPooorsoooNAAAGGGO
PPPAAArsooNAAGee'S
ppURssOOONNNAAGEEEsss
PUUUrrsuuunnnS
pperrtt
PaarrTT'SS
pppaarrrTiikko
PPPaaaRRRtoooKEEEN
pppaRRTTTAAAkkoorr
PPIrrrTAKeeerr'sss
PPaRRRTAAKUURSS
ppOOOrrtttAAkkeesss
PPuurrtttaKUNNNgg
ppARTANN
pARttteeDDD
PPaaarTTTeRRre
PPUrrTTORreee's
PPPAArTTiirrrEES
PPARttHENNooCCCArpppYY
PPPAAARttheenEEEGGeeeNNOSSAAAss
PPPaRRRTThhheeNNNOOOgENeeeSSSIIIS'SS
PAArTHHeenoooGEEENNNEETTiiicc
parrTTTHHHiNNNuuugennnetticcaaLLLllY
PARttIIIlll
PPPAARRttIIIAAl'SSS
PPPUURtiiAlllItttYYY
paaarrTTTIIAlllEEETTYY'sss
pppaarrtiiieeelLLLY
ppeeeRRtteeeALnnaaSSS
ppAArrtteoooLNNNEEsssees
ppeeRRRteeaallls
pppARTTOObbbLAA
ppOOOrTTTocUUUPPaaannt
pppARRtACUUUppaaNNNttt'SSS
pparTTiiCCIIIPPoonnnTSSS
paaarrTiiCaPAAAttE
PIIRRttIIIcciiippUUUtttEEED
pppUUURRtttOccIIpoottEs
pARRRtttaaaCIIIPaTTTIIInngg
pppaaRtttaaaCCoooPPEEttaaOOOnnn
PPaaaRTTTICAPIIITTTiiOn'S
pppAAARTTIIcccoopEETiiivvEEE
PPIrrrttiCCuPPaaaTiiir
pppuuRRTiCCCIIIppAATToooRRR'SS
PParrtiiiCIIIpppaaaTURRS
PPPArrrTeeciiiPaaTTToorrrYY
pEEErrTTiicccaaaPuALL
PPaarrteeccciiiPPoooAAll'SS
pAAARTTECiPiiiollLyy
ppaaarrrTIIICCCopppLO
PiRRRtttuuCCAAAPPPleee'ss
PPPAArTUUUCCCIIIPPPlleeSSS
pppoRRtttICClAA
ppeerTTTIcllII'SSS
PArTiicclaaaboARRddd
peeRRRttaaaCCCLLLoobbbOOARRRddd'S
ppiiiRRTTTaccclUss
PPaaaRttticeeeLLORIddd
PParttIIICuuLLIR
ppARTTTIIIcAALLLIIIR'SSS
pppaaRRRtttiiicUUUlllaaRRoSSMM
PiirrtooocccEElluuuRRiissmmss
pppArtttUCCEELooorIItttiasss
PARtiiiccuLLLArriiTTyyy
PPPIIrrrTTTIccuuullURRRity'SSS
PPPaaRTTTOcccuLLARIIIZZZaaattuuiiinn
pppooRRtOOcccuulaaaRRizzeeeTEEenn'SS
ppiiirTTOCCCiiLEEERRiizEEE
pppaaarrrttucccuuulloRizzIIIddd
pppaaarrTTIIccuLIIRRiiiZZEES
PPARRtuuCuuuLLaaaRUUZZZOngg
pppaaRtiCCCIlAArrLLLyyy
pOOrrrTTEccciiilloooRRRS
PPPaRTiiCCCuuLLAATTTiii
ppooortttUUUCalllitAAA'SSS
ppaRttAAACCaaalATOSS
PPAAARRRTTTuuIID
pportttAEEES
paRRRTTInG
pAAARRTuuNNNggg'SSS
pppAAARRTTiNgggss
ppaartIIIsssunn
PPPOOrTIIsssAAN's
PPAArrTTTasUNsss
pAArrrTTTAAAssaaNNNSSHiipp
pppAAARRTOOSSUUUnnssshhEEEPP'S
pppAARTTIITee
pARRRtoootIoNNN
paaaRRRtooTTIAAnn'sss
paRRRttIItttIIIIIInnAAddd
pppAArrTTTIItiiUUUNNAnG
PAARTTTiTiAnss
ppAAARRRtIItEEVVEE
pppaaaRRTIIItOOOvvE'S
pppeeerrTuutIVVVuuusss
puuurTAzann
PIIRTTEEzAANNN'ss
PPPUUUrrTTTIIZZZuuNNNss
ppOOOrrrTTLLLAAATTT
PaRtttLLYYY
PAAArrTTNNEErrr
ppAAARRRtNNNoorrr'SSS
PIrtttnnnarrIIIdd
PAARRtNNeerrIIInnnggg
PPPARRTniiirrrSSS
PArTTNNNOOrrrShhhipp
paaarTTNNeeerrSSHEEp'sss
PORTTTNNNeeRRsssHHHePPS
PPuurrTOOON
paaaRRRttAAokkk
pUrrrtttRRIDGGeee
pppUURRRtRiidgggE'S
pppoortttriiDDDgggAABBBOORRruuOOOs
ppparTRRROOdddGEEEBBURRRyy
PPARRtttriiDDDggaas
PPPIIIRRRTSS
pppaaaRttEEEruuAAnnTT
ppaaRtUURRIFAcciEEnT
ppuuuRRRTUrriiitiOOOnn
paarrTTTUriiiTTiiON'S
PPaaartttwAy
Piiirrrttyy
PeeerrrTTyyy'ss
PPPUUrrttyinggg
ppparriiLLLUUUSS
pppAArvvvIII
ParVEENii
PPAARRRveennUUU's
ppoooRVVVeeNNUUUss
PPaaRvEss
paaRVVVISeees
PPPaaSSS
pppAsccaaaL
Passscilll'ss
pppAscuulls
pppAAssChheell
Paase
PPAAAsssHH
piiSHHHU
PPIIISHaa'SSS
PPPeeSHEELuukkk
ppOOOssHaS
pppAshhhMMM
puuuSSQQIooffLLLoWWWEEErr
pppIISQaaaAfffLLeeWWeeerrS
ppAASQQQiIIl
PPPAAAssQUaaNNNeeeDDDuu
pESSQQUiiinnaadddeeesss
POSs
ppaaasSSS'SS
PPPAAASSaabbli
PPaSSssAAAbbllyy
pppaaSsssAcccAGGLIIIUUU
pUUUSSSssaadO
PPPaaaSSSAggge
pppAsSSSEEggguu'sss
PUUSsssogiss
pppiiSSSsaaaGGoWay
ppaSSSSAAAGOwwAAAyyy's
pAASSSSAGGaaWWWAYs
pAsSSannnT
pAAAsssSSSBoooOK
pOssSbbboooOK'SSS
PAAASSSssBooAAkkss
PPPOOOsssseeeddd
ppAsSSSElll
ppAssssssiilll'sss
POOSSssseLLLSSS
PPUSSSSSoMMOOOnnnttteriee
PiSSSSSSeeMMMeNttIrrrIIIesss
PPaasssiNgOOORRR
ppeeSSSOOnngEERRR'SS
PPPAAAssseeeNgERRss
ppeSSSssIRR
PPAsssAArrr'S
PPPeeSSsseerBBBY
pppasssseeRRRbbYY'ss
PPOOOSSSEEErrrENO
PAssssAARRRUUnnnEEEs
PPPaasssSerrSSS
PAAsssssseerrssBY
PAAAssseSSS
PPaSSSSSOBBLii
PAASSSSSUUfLooRRRAAACCEEEoouSSS
pppoooSSSsssIIMMM
PPPAAssOOONNGG
pppuuusssSSSIINNG's
pppIssssssiinnnGllyy
PPPaaasssSSSiiOOONNN
pppaasSSSAOONN'SSS
ppaaasSSSiiieenEEEll
pUUsSSIIIOONNNaTTOO
PPPaaaSSioooNAAATTTEEElllyyy
PPPAAASSSsssiiiOOONNNoTTenOOsssss
PPaaSSSSIOOnfflllOOOwwiiiR
pppeesssSIIooonnnfLIIIweeeRR'SSS
ppassssssIIIOONNNFFFlllOWWerrss
pppOSSSsuuuUUUnnLLIIIssSSS
ppAAssssiooonnnLLLeeessSSSLLLyyy
PaassssssAAAoonllleessssNASSSS
pppuuSSSEEooonnsss
pppAAAssssIIvvOOto
ppasssooVAAATTOOOddd
PPPessssssive
PassssOOOVii'SSS
pppossSSUUUvvvElllyyy
PIIISSSSSiiivEEENEEEsssSS
pAAAsSSivvveennnAAASSSsss'SSS
PPPaSSSEvEss
pppOOssssssuuuvAAAssM
pASSSSuuVVIIISSMMSS
PPPaaasSSiiiViitttYYY
PPAASsssIIIvvvIIttyyy'ss
paassssiiVVViZZZUUUttooUUUNN
PAsssoooVVIIIZZZAAA
ppEsSivaazzzEDDD
ppiiiSSSSIVezzOss
ppaaaSSSiiiVViiiZZIIInngg
PEEESSSssKeYY
ppOsssskeYYY's
pppussSSSKaaayyss
pESSSsssOOVViRR
ppOssssssPPPOORRTT
ppAAssPOrTTT's
ppAAsssssppoRTTTs
PPasssSSES
PPPUUUSSSsswOrrrDDD
pAAASSSwwUURRdd'SSS
pppAAASSSssWOOORdS
PPPassé
PPPASStt
PPPaaaSSttt'SSS
PPPooosssttoo
pAAAsTTTAA'S
PoooStttAAS
PPPAAAsstttii
pASSSttee'S
PPPaSSSTTEEEbbOOURRDD
passsttebUUeerdd'sss
ppAAASSTTTEEDD
pppuuSTTTAAAL
pppooSSStttUULL'sss
pasTOOllliiSSSTT
PaSSSTTuuulsss
ppEESSSttUUrrnnn
pppassttteerrrN's
PPiisssTeeeRRRNs
pppASSStEEEss
PAAASSSttEEEUUraaasMMM
PAAAssTAAeerrrIzzzoTIIONNN
pEEEsssttEUURRiiZaattEEONN's
pppAssTTTIurrAzzzEE
PPPAAAssstAERRRIzuuuddd
PPaaaSSTeeeuRiiZZZeR
ppAASSTTTEEEUUUrrrAAZZAAArr'SSS
ppAAAssstooouurriiiZZZEErrrSS
PaassstttEEaaRuuZZZeeSS
pppaasTTTEURRRAAAzzIIInnG
paSTTTooCccIIIO
pppiSSTTToCCCHHHA
PPPEESSttaacchhO'SS
pasttIIIcccHEES
ppAAASTiiiiRRR
pAAASSSttiiiEES
PaSSStUEEESSttt
PPaaStIIIlll
paaassttIIIllle
pppAASSTIIILLLLII'SSS
pppisTTuuullLEEsss
pASSSTTTIILLss
PIIsssTToomii
pppUUUSSTTiiimmmUU'ss
PPPAAASSTTiiiMEEESS
PPiSStAAnnnesSSS
PosssTTTeNNNeSSss'SSS
paasssTTIIINNggg
PPPaSSTTTiiS
PPUUUSSSTTTISSSEs
paasttiRRR
pppIIIStttOrr'SS
possTorrrOl
ppEESSSTTToooRAlll'SS
PaaaSSSTOOORAAlII
pppAASSTarriLASSS
ppaaSSStttIIraalliii
ppAAASStttORalllIIIsMM
pppOSSTTTiiiRRALiST
puuuSTTTooRollUzzaa
ppassTTTOORaLLLLy
ppoostOOORRRULsss
paasTTOOrrriiiTTEEE
pppAASTTTooorrATTTi'ss
peeeSStttOrAAATTTIIss
pppUUUSttOORRRSSS
PUUsssTTTooorSSSHEPP
PPPAAAStttoorrssshhhiippSS
pppASSStOSi
PPIIIsTTRRaaammi
paSSTTREEmooo'ss
PeeeSTTreeees
PPASSTTRy
pppuusTTTRRRyyy'SSS
ppaaassstSS
pppAAsttuuRRRAGEEE
pUUUssTerrAAgggEEE'SS
PPaastttUUURRRE
PPAAssTuuuriii'S
PAAAStuurrrEED
pppaSSttuuurrEEEllANd
PPeeeSSStttOOOreeelluuunnDD'SSS
pppAAASSTTTUUrrreesss
PPAAssstUUrrinnnGGG
pppaSttyy
PPeeessty'SS
PPPaaT
paatt'SSS
paaattAAcuu
PPATTIIICCCuss
PPPaTTTiiiGGGaaUUUMM
PAATTcchh
PPPiitccHHH'SS
PuuuttCCCHHHeBBLLLooo
pppAtchhhID
pppUUttccchuSSS
PPettcccHHHUUorrr
PoTTTChiiieeesTT
pOtttccHHHalYY
pAttCCChiiinEssss
paaTTcchhUnnnEEEsS'SS
ppATcccHINNNGGG
PPattcccHHoooiiiLuuu
PPPaatccHHHIaaLLLaaSSS
pppUtttCCChwwwUUUrrkkk
PPPaaatCCCHWWerrKKK'ss
PPPaTchhWWuuRRKsss
PPUUTCCHYYY
pputtteee
PPPuuTTii'S
PaaTTTOOllLLLe
PPPattEEELLA's
PPoooTTeLLLaOO
PPPaaatteeelllLLLuuuRR
PaTTTeellooos
ppAATeeelllLeeTTOO
PPPaTooNNN
PPPaTTTancccY
pppAATENNNt
poooteennnTT'sss
pIIITEEnnnTTTAABiiiLiiittYYY
PPPatttonTuuBBBlllOOO
pppAAttIIINNtttuD
PPAAAtteentteeeAAA
ppATTTONNNTuuusss
pITTeeentInng
pppOTENNTTly
PaaTTaNtUUrrr
PPPaaaTTooNTTSSS
PPAATTiiiRRRffaMMMIIliAsss
pppOOTooRRRFImElOOOaS's
PUtttErrrFaaaMiilllOASSiiiss
ppaaaTTEErnnnOll
PPAAAtttErrnnOLLLiiSSSM
ppAAAtttEEERRRnnnaLLLiiiSm'sss
pppAtttEEErNNNuuulllIIsT
pppOOtttEEErnnnaaaLLLeeeSSTTTicc
ppaaTTeeRNNNAALLIISSttacccaLLYYY
PatttEERRRnaLLLIIISSStttss
paaatErrrnnAAAlllLyy
PPPAAtttuuRRRNiittyyy
PPATTeRRNooottyy'sss
PeeTTarrNNosssTTuuRR
pppOttErrneeSSTTTar'S
PPPAAtiiRRNUUsstttuRsss
PAATTTeeess
PPPOOOThh
ppUUUTh's
pUUtttHHHbbrrEEokkIINGGG
pattHHHooTTiiiC
PPPaaTTThhEEtUUcAAlllllly
ppUUTThFaannnDDoR
PPAAATHHHfiiinnnddder'ss
ppaaTTHffiNNDDDEERRRSS
ppAAAtthhOccc
pppoooTThhLLLeSsss
ppAAthhhnnnAAmmmee
PPaaTThhooogggAAN
PPPaTTThoooGGIIINNN'ss
paaaTTThhIGGGeeennneeessIIIss
PPUUUthhIGunEEEsssiiiss
PPaatttHOOOGGGannnoooC
pppuTHIGEnnniCCiityy
peettthEEGEENNOuuS
PuttHOOOgOOOnnns
PaaThOOGGnUUUmmYY
PaThhaaallloGGeeeccc
PaaattholOgUUUCCuL
PPAAtttHHHEleeGGEEEceeellllYYY
PPPiTTHHoooLLLiigooEEESSS
PPAAThhAALLLAAAgggIIIsT
PPPATHHHoollIggISSST'sss
PPaatthOLLLooogIIISStSS
PPeettthheeeLLLiggy
pppETTThoLLLOOOGGGyyy'sss
PPPiiTTThooonAAuuurrrosssiis
ppaaTTHOOss
pppoooTTTHHOOs'S
POOOTTHHHSSS
ppeTThhwwwAYY
ppAtHHWWWuy'sss
PPaaaThwEYYYss
pppaaattiiEEEnnccAA
PPPUUUtttaaANNCCCeee'SS
PAAtttiiENTT
PAAtttiiENNNttt'S
PAtIIENtttEEr
ppatiiiAAAnnnTTTESST
PPPEEtteEEENttlly
pppaaTiiiaaaNNTTTs
PAAAToooNN
pppootttINNNaa
PoooTTTINaa'S
pAAATTiiinaaaEE
peeeTTTIInnAAs
PPAAAtiNNAATTTEEddd
PPuutttANNEETTTuuOnnn
ppETTToooNNNEE
PPUttEEnoooOOSS
ppoooTTTeeA
PPItiaa'S
PPAttteeeIS
PaTOssseeeraEE
PPPUTTTIIISSsssEEERRRiiiEES
PPPUUttlYYY
PAATTNooosssss
PPPAAAtttNESSsssAASSS
PPeeTuuuAss
PaaTOOOuSSS'SS
PPPaTTTRReeeSfUmmmALiiEES
pppEETTRRRiiaaRRRChhh
pUUUtrIIAAArccHH'sss
ppAtttReeeAAArCHUL
POtttRRIIIerrcccHHaattI
PPPaatrraaaUURRRchhhAAATTTee'S
ppAAtrruarrcchaaTToss
PPPaaTRUUUiiiRRRcccHiC
PPPiitRRiieerrChOOEsss
pppEEttROaarrrCCHHHS
PPPuuuTTTRRRooEErrCCCHHHY
ppattRRReeUURRRcHHHYYY's
peeTrrrIaaattOO
pppaaaTRRRuuuCaaaNNN
PPPaaaTRRicccIIAN'sss
pppAAAtRRiiicccooAAAnnnsss
pATTrrrooCIIIaaTTiii
PPUUUTRRUUCIIIDaaalll
poottRRRICIIdUUU
PPPatttRIIIcccIDaaa'SSS
PPPAAAttRuuCCIIIddiiis
PPUUTrriilllaaTTTeeeRRAAALLL
PPPaaaTTTRRRiiiLLLInnaaaIIggE
ppAtttrriiiliiNNUUeGEEESS
ppATTTrIILiiiNEEEaaLL
pAATRiiilllEEny
PuuuTTRRRILLooocAAAL
PPATTTriMMMONNNiaLLL
PPaaTTTRROOOmmmONNNAAEEESSS
pooTTTrrrUUUmmooonny
pppAAttrIMMOOnnnYY'SS
PetttRRIIIeet
ppaTTTROOuuuttt's
pppuutRRAAAOOOTTTIIIcc
pATTrriiiuuuTEcaalLLLyyy
PutttRiiiOOOTTosMMM
PittRIIIoTosssmmm'sss
pppAAAtrruuiitSS
PPPutttrriSTTTeeeCC
PPATTTRRiSSSTTTiCCCAAALL
PAAATTrOOLLL
pppeeTTTrOOOL's
PutttrALlEEEdd
PPPaaTTTrrrOlllllinnng
PaaatRREEElmAn
pppaaatRRuuuLmaaNNN'S
PPiiiTTTrrraaaLLLMMEENNN
PAAtrrOLLLOGYYY
PPATReellsss
pppaaTTrrrOLLwwoMMEEnnn
ppaaatttrroolllWWiiimmANN'SSS
ppaaatriiiLWWWUmeeennn
ppaTrroooNN
PPAATTrUUNNN'ss
PPATTTrroNNNAGee
pppiTrrooNEGGEEE'SSS
pppuTTrOOONNNuggoos
PPAAtttrrraNeeSSSs
PPPAtRRAAnaaasSS'sss
pATTTREEENNiiiSSssOS
PPPatRRooNNNIIIzzitaaaooon
PPAAAtttRRRuNNiZZii
PPPOOTROONuuuZZooDDD
PPPAAttRRRooNNNIIIzzERRR
pUUTTRRRIINNNaaZZZeR'SSS
ppeTrOOONNIIIZZurrsss
ppaaatttRInnnOzzzUUUSSS
patttrONNNIIIZZoNNG
pppaaatttRRRAAAnnIZZZiiinngglYYY
PPattrrrOnsss
PaattrrInYYYMMIIICC
pppAtRooNNNYYmmOOcc'S
PPiTTTRRooonymicaaaLLlllyyy
PPPaaTrrrOOOnnnyymmiiicSSS
PPPATRROOOnn
PPIItRRRoooan'S
ppiiTTrrrOOoNNsss
pppAttRREEEeeeNNSShhIIIPPP
pppAtttsss
PPaTTTSSSiEs
pppattSSSyyy
PPPAAAttSSyy'S
ppAATTTttAAddd
ppAttTTTEEENNN
PaTTTEEnS
PaatttttEEr
PPPUUUTTtteerr'SSS
PPAtttEERRRIID
pITTttEERRAAANNg
pppAAAttttErN
PAttttarnn'SSS
PPPaaatttttteeeRneddd
poootttTTEEERRNNiinnGGG
PPPeeeTtttEEErrrnLLLessssss
pATTTERNNS
ppaTteRRsss
PPPaaaTtiEEE
ppaattAAAOOsss
PaaTTTtuuunnnggg
pppaaatttTTTYYY
PPPaaattttY'ss
PPoTTTUUUlAAOOOsss
PUUttUUULLEUUUsssllyyy
PPPaaaTuuLLooAAASSNNeeesssss
PPOOOeeeccitY
PaUCittty'S
ppeeeeeeLdddraaN
pppaaelllooownnnAAe
pAAuNNcccHHH
PPAAiiinnncHH'S
PAuuNNNCCHHOSSS
ppIaannncccHieeR
PPPeONChhiiiaaaSSTT
ppOOOUUUNNCCChyy
pppeeeUUPPUUR
PPPaaEPPeeR'S
PPiUUPIIrriiiSSSM
pAAAUPPPiiirruSSm'ss
pppaaauuuppooorrIIIzzzaaa
pppaaappuuuRIzzEddd
ppuupppIIRiizess
PIuppErrruuuzzIInnnggg
pppaaUppiirsss
pppAuuusA
pOOUUUSU'ss
PPUoosUUD
ppIIIUUSSSooosss
pAAAuusssaaaNgg
PPPAAAvoooNNN
ppAAVVVAAAnU
pppAvvvaaNNNess
ppAAvvUU
pAAAVVAAAddd
pppiiVVVeeeMMOOnT
PPPaavoMMEEEnnnttt'SS
PUUvvEEMOONTsss
POOVuuSSS
pppAAVIIID
PPAAAvvIIILuuOON
PPPAAvIllIIIiNN'S
PPaaavviiilliiiOOnnnss
PPPAAVVUnG
PAAAViNG'SSS
PPPaaavvvIInnnGss
ppIIIVIIs
ppOOOvvvIIssiiss
pppAVVlllaaavuu
paaavvLLooVVVaasss
PPPEEvAAAnnnIINNNAA
ppaWWW
PAAAWWW'SSS
PPowwwEDD
PPPUUWInnG
PAwwwLL
pppUwwwl'SS
PPPUUwLsss
PPPooowwwN
pppAwwwnn'SS
PPAAAWWWnnBBRokERR
PAAAWNNBBrrOKKKaaRRR'ss
PPPooWWWNbbbRRoKoRs
PIIIwwnbRRROOOkkIINNNG
pppuuwwwnBrOOkkanGG'S
paaWNNeeed
ppoownnIInG
PPAAAwwwnnnS
PooownnSSHHHAAAppp
PiiWNNNSSSHooppp'SSS
ppaWnnsshhippss
PPPUWppaaWW
pppaaWWppaaawww'SSS
PPPaaawwpaawwss
pIwwwSSS
pAAAxx
Paaxeees
PPPiixxWWWUUXXX
PPPaayyy
PPPAAy'SS
pOyyAAAbbLLLeee
pppeyyyBOCCKKK
pppuuuYYbbbaaCCCKKK's
PPAyBBBAACCKKKSSS
PPAyccheeeCCkkk
PPPiiYYCCHIICCCkk's
pppAAyyCCCHHeCKS
PPuYYddOOOYY
pAAyyDAAy'S
pEEEyyydddAAAYS
PPUUUyeDD
PuyoooE
PPPEEyyyUUUo'sss
PPoooYeeeeeS
ppOOyyEEErr
paaYYYEr'S
PPiiiyyEERS
pppAAYYYoooNNNg
pAAylaaauuuDDD
PPPayyylIIaaaddd'sss
PPPAAyyLLLooouuuDDss
pppayymmmUSSTTeerrr
PPPaayyyMoSttIRRR's
ppuuuyyMMeeSTUrSS
paaYYmmmIIINNt
PPAYYMENNNtt'sss
PPAAYYYMMMEENNTTTsss
PPPayymIIsssTTTrroooSSSSS
payyynIIIm
pppeeeYYYNNNiimmmSSS
pppAAYYooffff
PPaaaYoofffFFF'S
PPPOOOYYaFfSSS
PAAAyoooLLLI
pppAAyyIIILa'S
PPPOOOYYOoooTTT
PPPeeeyyyEEuuT'S
PPPaaYoUttSS
PPAAAYYYPPhhhONi
PPaYYYPPHHONaaasss
POyyrrrOOOLlll
pppaaYYRAllLL'SSS
PPeeeyyroooLLLLsss
pppaaaYsss
paaaYssLLLipp
PPPAysslliippp's
pppAAYSSLLiiiPPsss
pee
PEEEOOO
pppaaaaa'SSS
ppuuaaccEEE
pppEEEaaccee'sss
pppEAAACeeeAABBBLe
PPeiiiceeAbbblllYY
PPEAAAcceFUUUlll
PPaauuCCCeefffeLLLLLyy
PPPooACCCEEEfffooLLneeSSs
ppeeeaaCCCEfffAALNNNaasSS'S
peeeacceeekAAeepEEER
PeeeAACeKKKEEEeepEERR'S
ppeeeaaaccooKKKIIaPPeerrrSS
pppOOOaaCCCeKKKIUUUppuNNg
PPPEEEAAAcEEkaeePPuunnggg's
PPEEEaaaCCCeMMAAAKKeerr
PPeeIIcUUmmEkAAARRR'sss
PPeaaCCCAAmaaaKKKUUURsss
pppIIIeecEMAKAAAnnngg
pAAeeeCCCUUUmmmeeKKKinnGG'SS
pEEAcceees
PPPEEecccEETTTIIIMu
pppEAACCeeettiMe'SS
PeOOOCCChhh
ppIIIaaaCCCHHH'ss
ppEaacHHEEEsss
PUUUacHIeerr
pAAeecHHeeeEEESSTTT
pAAAaaCCHY
pppEEECCiiiT
PUUUAAcccoITTTS
ppeeOCCCoCCCkkk
pppEEEAACCCOOOcck'ss
PPPeeooocccOccKKSS
PEaaffOOwwlll
pppiiiefOOwwll's
pppeeeAAAFFFeWWLLLSSS
pEAAAGG
PPooeeGGS
ppEEEAAAHHAAnn
ppeeOOOhhEnnn'SSS
pppEEEiiihheNNNS
piieeekkk
PPPaaAAAkk'SS
poooIIIKUUUDD
ppeeeAAkkkoNNNGGG
PPPeeaaKKKss
pEUUKKKYYY
pppeeaaal
PPPeeeiilll'SS
pppIIIiiiLLLaaD
PPPEEEAlIINGGG
pIIAALs
PPPuuuOOnnn
PPPiiaannnS
PPeiiNNNuTTT
ppooAAnnUt'sss
pEEEeeniiTs
PiiiaR
ppEAAR's
PPPeeIRRL
PPPeeAARLLL'ss
pppeeeurrrLLUUUDDD
PEEAAARlliiIR
ppooUURlllIIIEEStt
piiarrLLiiinnnGGG
PIIAAArrrllls
pAooorrrlly
pppeeeAArSS
PPPaaaERRRTTT
PPoAARRRttrrEEEEEEss
pppuuaaas
peaaSaant
ppEaaSSAANNNTT'SSS
PPeeASSSUUnnTTRYYY
PooaasssAAAnnnTRRYY'S
PPeeaasseeenttSSS
ppEEIIIsEEE
pppEEEuuuSoooCCoDDD
PPeeeEESSSaaCCCEEDDsss
pEaSSSHoooitttUUUR
pppeeIIIshhhooaaatttAR'SSS
PEEEassHHHaaaITTEEERRRs
ppeeuTTT
PPPEAAATTT'SSS
ppaaooTTbboooggg
PeuuTTaauuuR
peeATTTiOsttt
PPPooaaattMMaaSSSsss
pAEETTTYY
pEEEAAAViiiy
peeeaaVVEEYYs
PEBu
PPIbos
PPPIIbBBBLLLeee
POObbBlo'S
ppObbbLLLeeeDD
pppiiibbbbbLLLEsss
PaBBBBllluEERRR
PPPeeeBBBllliiESttt
ppeeeBBBBBlEEEnnnGGG
ppEEEBBBBBlYY
Paaac
PeCAAAn
PECCaaann'sss
pppeeeCUUUnnsss
PPPECCCCoBBBlOO
ppeeecccCAAAddillLLLEEE
PEECCCAAdddiiiLLLLLoo'SS
pppeeCCCCaaaDIIIllLLaeeeS
ppAAAccCCEEEDDDIlllLLLaaaSS
ppeCCCCCCANCYYY
ppUCCCccEEENNNt
peCCcccUriuuuSSS
PPPEEcccCCCAAArYY
PPaaaCCCaarrrY'SS
PPPEEcccaaavIII
pIIccck
ppuuuCCCkk'ss
pppEEcckkkeeDD
PPPooCCCKKKEEErrr
ppUUCKKeeRRRsss
pppicccKINgg
PPIIICCCKKiSSSHHH
PPiccks
pEcccS
ppuCCtttOOSSSAAA
Poooccctteeennn
pAccttAc
pppeeCtttIIINN
PPPEccTIInn'ss
peeeCCCttEEEnnEEEtteee
ppActtiiineeeUUsss
paacccttiizzzaaa
PPIICCCttIIIrAL
pppeeeCCCTaRRRiil'sss
pppOOctooRALLAAASSS
ppEECCCttiiraallSS
PPECCCAAlllaattte
PPPUUUCCCelaaTTTeDDD
pppeeeCCEEElllAATTTeeS
pECCCUUUlllAAAttOnnnGG
PPiiCCCIILLLUtIinn
ppoCCCIIILAAtIoN'SSS
PPPEEccUUULLAAAtttiiiRR
PPEEEcUULLAAATTTaR'SSS
PPPaaCCCoLLAtUUrrrSSS
PEEcccOOOLLLUuuRRR
pppICCCooLEEEooorrrITTTIIIeesss
PPECCCEEELiiArUTTy
PAAAcAAlllEEooRRRiTTYY'sss
PPPeCCUULLiUUUrrIIzEE
pppeeCUULLIIOOOrrLLLy
pppEECuuulIIIOOOMMM
PUUUcccuNaaoroolYY
ppIIccuuuNNaaAAArYY
PPPaDAGGoog
PEEEDDiiGGGiiiG'sss
ppEddAAGGOOggOOOccc
PPPAADDDAAGooGIIICCaLLL
PUdddAgaGGGicccAAlllYY
PEEdAAAGOGGiicccSS
PPaaaDIIIGGooGss
pEDDaaagggoooGGGuii
PPedUGooggUUE'sss
pppEDDDAAgoGGEEEaasss
PPPedddaaggOOOGGGyyy
pppEDDDogggOOOGYY'ss
peeedddAALL
pppEEEDDDalll'SSS
puddallleed
paaaddOLLLfiiirr
POOOdUUlOnng
PPEdddalllllud
PPaaadddooollliinG
peeeDOOLooo
PPEEddaallooosss
ppeedddallS
peeedddOOOnTT
peeDDAAANNNt'S
ppooodaaaNNNteeCC
PPaaaDDaaNNNTTeeeCCaallllyy
poooddIIntaaaCCeeesMMM
pppUUddAAANtRy
pedddAAAnntrrryyy'ss
peddoontttSSS
piddATeee
peeDDDddle
PPuDDDDLeD
PeeeDDDddLer
pEEEdDDllurr'S
PaDDDDDLLeeeRRRsss
pAdddddllleeSSS
PPEEddddliiNNG
PPPiiiDDDEERRRASttt
pEEEDDDeRRRAsssT'SSS
PPeeeDeerrraaaSSTTTIIICC
ppeedddirrraaSSSttts
PPPeedddiRiissttYY
PPeDDDiiirrraSttY'sss
pppIdddoooSSSTTTaaaL
ppeeeddEEEsTTTaaaLL'SSS
PPUdddEEESTTTilss
PPPODDDaasstttrrrUUUUUN
PPPeeedddEEsTrrOOOAANN'SS
ppeeDaSTTrUUUENNaaSSM
PPPODEssstREEEoooNNNIIIZZZATTTiiieenn
PaaaduSSSttRRRIaNNNuuuZZEEE
ppiiidEESSTTTrrIennUUZZeD
PPeeeDDDooSTTTrIIAAANNiiiZZZuSSS
pppEEdddUUUsssTTrrIIAANNiiiZZUnGGG
pppOdEEEssttrrrOOOAAnllyy
PPeeeddaSSSTTrOOOeNNss
ppeDUaattrrIIC
pppEEDDDiiiATRiiiccIIIAAnnn
PPPEddIEEEttRRIccIIIAn'ss
pEEddUUATrriCCCeeeAAANNNSS
PPPeeediAAttrrrIIIccsss
pppodddiiAAAtttrroCCSS'sss
PPeeediiTTreeessttt
pppiiiDeeeeeeTTRiSTT'SS
PPPEEdIaatRIIIsttss
ppeedeeCCeeeBB
pedddaaceeeBB'S
ppEEDDDEEEccciiibs
pppEEEDUCCeeell
pppoduCeLSS
PEEEDDDIccLeee
pAADiiicuLLLAAARR
ppEdeeCCUUUloooSSSEEEsss
PPeeDDAACCEEElluusIsss
peeedIIICCULLLeeeuuuss
PPAAAdiiiCuurrI
pEdddiCCCarrrU's
PPPAdddeeeccOOOrrIddd
PEEEdiCureeeSS
PPPeDDDoocuuRREnnG
PAAADDiiCCCUURiiisttt
pppEDUUUcUUURUsTTT's
PPUUUDaaacuRIIISSSTTTS
pppeDDifAARRMMM
ppEEdiiggrrriiO
pppodagRRRuuUUU's
PPPEEEdddIggRRREEEEdd
PPPediiiGGRRRIUS
PiiDDDimeeeNNt
peddiiMMMiNNTTT's
peeddIIIMMMeenTaaal
pEEDIIImmmoonnnTTTeeDD
ppiiiDDIIMMeeeNNNtts
peeDDDlor
ppEEDDllAArrr'SS
PEEEdddLuRRSSS
pppoooDDDoGEnniiiSSSIIIs
pooDDDOOOlaggICuLLL
ppeedOOOlllaGGGiiSSST
PPPedeeeLLLooggy
PPPIIIDooMMaTerrr
peeedddOmeeTEEErr's
PPPeeeDDoommIIItttEEErrrSS
POOddoooPPHoooLLE
PeeDDaaapppHeeelllesss
pUUUDDDOOOpHHiiiLLLIIIA
PPeeDIIIPPhhooLLLIIICCC
PPPaDDuncLLLO
ppADDDUUUNCCLe'S
pppeDUUnnCCLOS
PPPeduuunnncOOlllAAAR
pppeeAAA
PEEEE's
PPPaaeeeDD
PiiiAIIINNggg
PPUukkk
ppEIk'sss
PPPAeekkaaBBooee
PeeeEEKKKAABBBooUUU'ss
PEEEEkIIIDDD
POOOOKiiNGG
PUUeKS
ppEEEeLL
ppeiiLLL'SS
peeeUlleeedd
PPPaaaEEELLUUUrrr
peeulllerrr'ss
PeOOLLOORS
pppeeeaLinnng
PEEuuullIINNNgg's
PPPEEEuuLLIInGGsss
poeeLss
pppeeEENN
PPPOOeNN'ss
pEEeennnSS
PPiiEEEPPP
pEEePP'sss
pppaaaEPBBBE
PPeeeEEEpppeeddd
ppEEIpEEr
pppEEooppeeeRRR'sss
PPaiiipppERRRss
PPEepHOOLAA
pppEEEAAAPPPHoollle's
PPOOUUUPHUUUlaaas
PeoPPPiiNggg
PPPeeePPsss
pEEeppssHHHooww
PPEeePSSHHHeeeWWW'SSS
paaaOOOPPPSSShhooWWWss
peeeeePPPUlll
pEeeePOOOlllSS
ppuuueerr
ppeeeEERR'SS
PAiiirAAGGii
PPPeeeErrroGGAA'ss
PIIEEERRRAAgEs
ppeeeoRRiiD
PeeearrrESSSSSS
pOOOeeeRRassSS'S
PPUUUEEERREEESssOsss
PEEeerrrOOnnng
puERRRLLOOOSSsss
PEeRRLUUUSSSlYY
PPAeRRRs
PPEEEEsss
PPPeeeeeevvvooo
ppeeVVIII'SSS
PPUUEVEEddd
PPPuuuAAAVaaaSS
PAAEEViinnnG
ppeeOOVoSHHH
PPPIIiiiVVVIssshhlly
PPEEEOOOVVOShNUUsss
PPPeeEvvoosssHHNNEEEssss's
pppeeeEEwwweeE
peeeEEEwwwIOO'S
pEEEEwaooSS
PPIEEEwwIItt
pppaEEwwwAATTTss
pigg
PeGG'ss
PPIIIgggbboAArrrDDD
poooggBUUUaRD'ss
ppEEEGGbbbiiierrrddSSS
pppEgggGGGED
PIIGgggIINNNGG
pEggmmoootttiiTAAA
PEEEGMMUUtttuuuTTeeSS
PPEEgggSSS
PPAAiiiGnnOOOArrr
PeeeiiggNNiiiIRRR'S
pppEIGnnAAeeerrss
PPIIUUUnnn
PPuJUrETTTIIUnnn
pppeeJJerraattIANNN's
pppuujjurraaaTTTOvvveee
ppEEjjjiRAAAtttIIIVVoo'ss
PijjjErrraaaTTTIIIVeeellyy
PPEEEjjOOORRRaaatttUUUvvvASSS
pppEEkkaNN
PPPAAAKENNNss
ppekEEE
pEKKKaaa'S
pppiikkkeeeSS
pppEEkkiinnEEESSSuu
PPeekkkiineeSEE'SSS
paKiiiNNNUssseeeSS
pppeKUNNgoooSSSE
PPeekUUNNggEEEssse'SS
peekkAANGGESSEEESSS
pppukkkOEEE
ppIIKKIIaaa'SSS
PPILLLaaGGGOOO
pppIIllaaGGiiiaan
PPeeeLLLuGGGiiiCC
PPPelAAARRRggoonniUmmm
pppULLeCCCYYppODD
PPEEElllaaacyppoDDSS
PPPeeeleerUUUNNE
pppEELFFF
PPELLLff'SSS
pppeeeLLhhAAAMM
pppeeeLiiCAAAN
PUUlllIIICannn's
PPOOllliiiCCUNs
PElissSSSEEE
PPPoooLuSSsseees
PEEELLIIITTTeee
ppiiiLlllAgRRaa
pppEEELLlUUGGrrAA's
PPPeLLLLEEGGrriuuus
pEEELllEt
PPPooollLLOOttt'ss
pppIIIllllEttIIIl
PeeeLLllUUtteeD
pollleeetttIIINNNggg
peeellllUtIZZZEEE
ppellLLetttSSS
PPEELLLlIccLLEE
ppelllliiicccLLLess
pAALllAAtOOrIUs
PPPeeeLLLLLAAtOOORYYY
ppuuullllllMMMeellLL
PPPuulllluCCAAAD
PPelllleeeCCCaDDAAAtuaSS
PPPEElllLACIIDIIttYYY
pppiillLuCCooddLy
PellLIIcccIIIddNNeeSss
PEEElllLecccUUUDDnneeeSSSseesss
pElllMMMUUUTTT
PAAALmmEEEtttS
pEEElOOOrrroaaa
PPoloorrUUSS
PElllAAAtaaa
PPooLLLetAAss
PPPAAAllT
pppeLLtt'SSS
peLtttAsTTT
PaalltteeeTTo
PPELLLTTTaDD
ppIllTeeNGG
PPeeellTTiiNgs
PiilTRRRYY
peeLLLTTSS
PPPElVVVeeSS
puuuLVVVUUUC
ppeeeLvvISSS
PPPeeLLLViisss'SS
ppEElllvvAAseS
pppEEEmmmaaCCaaaN
pemMICIInnn
PEMmmIIcUnn's
peemmmpppHHHeggus
PeeemmPPPHHeeeGGuSSSeeSS
PPPiiin
PPiinnn'ss
pUUUnooLL
ppUUnnAAAllezzAAATTTiion
PPPENOOLLIIzzOOTTTEOONNN'ss
ppEEENNNAAALLLizzza
pppINuuulllIzeeeddd
ppEEnaaLLOzzzass
pppuuunOlllIIIZZIInnGG
PeeNNaalllYY
pppeNNAAALtttIUUUs
PunnniiLLttyy
PPEnnAllty'S
PPPenAAnncUUU
pppEEnnUNCEE'SSS
PENiNccAAS
peNNaaatAAASS
pppeennnccEEE
PPEEENNNcoolll
ppunChhaaNTT
pUnnccHHuNNtt'SSS
PPIIInCHUUNTTTS
ppEEEnncccUUl
ppEncIIIl'S
ppENNNccuullleeD
ppeeeNCCULLLinG
pennciLLLIInggs
PPPEEEncccIIllLLLeeddd
PPENNNcccAAlllLLLIInnG
pooncciiLs
PinDDaaannt
pppennDDDannt'ss
PPeeeNNdiiinnnTs
pppiiinnddEEED
PPEnndEEEnnccYY
PEEEnnDDeeeNNt
pppOnnndEEnnttt'sss
PUUUnDDunTTTaaaVVVee
PPeeennDeeenntSSS
PaNNNDDIInnnGG
PPEEENdddRRAAGGGAn
ppANDDDrruuuGGoonnsss
pEENNNDDDsss
pEENNdddULAAArr
PPPennnDUUUllooUUS
pppIIINDDUUUllAOOOSSLyyy
ppeeeNDDDUUULUUUMMM
PPEEnDaaaLLOOOmmm'ss
PPPEnnnDuuulllOOms
pppUUnnUUUpppllAAAIIInn
PPPeeNNeePPLLennEEE
PPeNEs
PPPeeennetttrrrooBBIIlllIIIttY
PPPEnUUUTTRRRiiibUUllUUtyyy'SS
PPEENNNEEttRABBLLLeee
PeeNNNAttrAAlOOOee
paaNNNEtRRRiNNCAAA
pppENeeetttRaNNttt
pEEENNAATTTrrritUU
ppEEnnETRROTTTEEd
ppeeeNEETRAtOSS
PPPENeeetRAAAteNggg
PPeeeNeeettreetinggLLLYYY
ppEEnnnEETTTRRRAAAtttIIIooN
PPeNEtRRRaaatoooOOOn'sss
pppaNeettRRaaattioons
pppEEEneTTTRRATTTiivvvEE
PPPENNfRiiEEnnnDD
pEEEnnnffrUUUeeNNNDss
PEENNggg
ppEEENNNguuInnn
PPUUUnnnGaIInnn'ss
pENNgoooIInss
pppEEENNNHHHILLLdEERRR
pppEEEnnniiCCCIIlllLLEETTTooo
PPPuuNaaaCIIIlllLLIIINN
ppeeNNNiiicoooLLLLLeenn's
PPeNNiiiCCilllliiUM
ppeeeNNNeeeLLLee
PPAAnIInnnSSIIIlAA
pppEENNIInnsIIIllA'SS
pppeNIIInnnSSSulllAArrr
PPennannsssUUUllaaS
pEEnnnEEESSS
Punnosss'sss
PeeennnOOsssuuSSS
pppooNITTTeeennnCCCEEE
PPPeeenutennCee'SS
ppIInIItttoonnt
PPonnniiiTaNNNTTT'SSS
pppaNItaaanntttUaaall
PPPIInnIIITTennttiiiiRuuueSSS
PeenEEEtteeennntttIIIuuuRRRy
PPPUnnnEttteNNNttiIIRRyy'SS
ppAnnoTTTanTTTllyy
ppeeennITeeNNtS
PPPEENKKNNNeefUUU
peeennnKKKnneeFeee'ss
PEEENkkknnAAVVVooosss
PEEENlIGhhhtt
PPeeennnLIIGGhhT's
pppennnLLLiigHTSSS
PPaaannnLoTee
pppunnlliiiTEE'ss
PENNllliittUUs
ppEEnMMAAAnnn
PeeNNMMaannn's
piiinnmmmiiiNNNshhhiiPPP
pEnnMMMaanSSHiiPPP'S
pppaaaNMMMoonn
pppEENNNNNuu
poooNNeeemmeee
ppeennnAnnt
PPPuuuNNNNAAANNttt'sss
PPPEnniiiNNtttss
PPPennnnnaaTEE
PPPeeennnnoo
PPeeNNNNEDDD
PPEEEnnnaa
pppENniieess
PPEEEnnnNNNooLiiSSSSS
PPPiiinnnNNiiNNNgg
pppAAAnniiinnUtttEEE
PPPEEEnniiisss
PPEEnNNoN
ppEnnnNNNuuuNN'sss
PEnnnnnOOncEEL
PPooNNNNaaannncEEELLLS
PIInNOONeeedd
ppENNNOOONss
PuuNNnnyy
PPaannNNNYYY'SS
PoooNnnnyrrrOOyaaL
PPPEEnnNNyRRIIYaaaLS
pooNnnnYYwUUOOOggHttt
PEEENnnnYWWOOOiiGGHHT'ss
PPInnnYYYwwEEiGGHHTss
pppOONNnnyywuuRRRThh
pppennnnnnYYwwwOrrTTThhs
PeeNoLLAAGIIIccuuulll
PEEEnnnooLLLoooGEEEsTTT
pppooNoLLUUUGGGissst'S
peeeNNaaaloGGGIssts
PPeenolloGGGy
ppEnOOOllOOOGGGyyy'S
PIINNS
PPPinnnSSiillE
pOOnnsssiiOOOnn
ppeennSSSoann'S
PEnnSSSeeeennAAbbbllo
PPPaNSSSIIIooNaaaREEEEEEs
pppUUUnnssuuennaarrryy
pppennSiiiNeeD
PPPUnnsssiuNOORRR
ppEEEnnsssIIiiiNiiirrr'ss
PoonnseIIInnEEErS
pENNNSiiOOONNNiiNg
PPeenSSSIIIOOOnss
pppoonnnsiivvAAA
pppeNSSSivvvEElY
PPPENNsIvaaaNOOOSss
ppENNsssiveeneeesSS'sss
PPPennnsTIIIMMOOnnn
pppEnstttoooCkk
pAnSSTAcKsss
pEEnSéiii
PuuuNNttt
PPPeNToooCCChlllOOrrooPPPHiiinnOLL
PPENttaaCClllEEE
peeeNNTTTAACLLLee'sss
pppeeennTTiiiccleess
PPPAANNNTTAAAdd
pppAAAnnTTTaaadddAACCCttYYYll
PPPUUnnntttIIDDDS
PPeeNNNTAAAgggonnn
PEENTTTAAgonnn'SS
pppEEENNtEEEGGGOONuuuLLL
PPPennTTAAGGGEENSS
peeenntEgggrrooomm
PPPOONNTTiiGGGRRRUmmm'SSS
PEEnntIGRRRUMSS
pppeeennnTTAAGGGrrrOOOddd
pOOONTTTaHHoDrrUUUnnn
pEEEnTTIHHedddrAAAnsss
PeeeNNNTaLLppphho
PPaaNttiimeerrOOOUss
ppEEENNNtttEEMEETOOr
panTAAMMMeeTTIrrr'ss
pppOONNNtttAAAMMMeetttEERRRSSS
PPPOOOnttteeNNEEE
ppiNNtttAAnnnGllAAA
PPeeeNNTToooNNgOOOLOOrr
PPenntiiippeeddYY
PeNTAPPPRRRIIIssM
PunnTTTERRRCCCHHHyyy
pppeeNTTAAAStIIICCH
pEEENNNttiiissstylEEE
ppeeennnttaSyylllabUUCC
PEEENNtttiiTHLLLEEEtttaa
pEnTAAAttHHHLLLUttteee'ss
ppeNNtOttHLooottESS
penTottthlINN
pEnttEtttHHHLLLeNN's
PPPuNtAtttHHLLLoooNNNsss
PPooonTTTAATTEMMMiiiC
ppeeNNNtttaaTaNOOCC
ppOOONtttAVVViLLLEEEnTT
ppEEEnTThheooseee
PPooNNttHousEEE'ss
pEEEnnntHHHiiUUUsssEEEs
pEEnTaaaMeNTo
PPPiiiNNNttlOOnnDDAATTEE
PEEnnTTTllAAAndIIttOOSS
PPPeeeNNNtttibbbiiiRBBBaaaTTTUlll
PPPAAANNNtuuBaaRBiiTTTAlsss
pppannntooddeee
pUntIIIDDooosss
PPPonnnTTommEEECC
PaaanTTOOSSAANNN
PPEntttIIsse
ppEnnntttOOOSSeeeSS
pEnnntttsTTemmoonn
pppINNtttyylll
ppuuunnttYYLLEENNAAATTTEEETTRROZZZooLL
PEEEnnnTTYLuNNNEteeTTRiZZZuuLSS
PAnuuCCCHHHE
PPENNiichhEE'SSS
pENUUUCCCHHHIII
ppEENNUUUCChhlEEE
PEEEnnnUUllttt
ppennnuullltIIImaaaTTe
POOONNNUUlTTiMMUUUTee's
PPPeeeNultEmmmAtteLLyyy
peeNulllttiiimmmeeeTTTesss
PooNNUULLLtSS
pEnnUmmmBBBRAAA
ppEEnnnUUUmbbbRRRA's
puuunummBRRRIIa
PPEEENNNuuummmBBBrIIILLL
ppOONuuuMMMbbbrrIIISS
PPeeeNNurEEOOoooSSS
poNNNoooRRRiiaaaUUSSLyyy
ppiiiNNNUURRRAAooousnnnEEESs
PPPanArrIIoOsNNNoosss'sss
ppinnIIIRRYY
pponUUUrrryy'SS
PPoOOOnn
PUon'S
PPuuuOOONNAggeee
pppEEuuuNOGGeee'SS
PPPaunnIIESS
pppeAANNsss
peeeeeNNNyyy
pppAAuuunnnY'S
pAoooppLLEE
PEEoopLII'S
ppiiIIIPPLId
ppEEEoooPllOOS
ppeuuuppllliinnGG
PPPIPP
pppUUP'sss
PUUpppAARREEnnniii
PippllaSS
pEPPLUUUmmm
PepppAAAd
PIIpPPPOR
PeeePpeR's
pppeepppppeeeRRCCCOrnnn
PPPipppPPUrrccOOORRRNN'SSS
pppooPPPPeRRcOORnnss
pUUUPPPpppOOrAAD
ppEPPpeeeRRRgrrOssss
pppuuPpppeeerrIIInnngg
ppEEPpppeeeRRRmmmIIInnnTT
PPePPPPPeeerMiiiNNtt'SS
PUUPPPpppeeRRRMInnnTSS
PEEpPPIIrOOONNNi
PPAAAPPpERRaaaNiii'SS
PPOPPpppuurrENNIISSS
PPPipPPPEEErrrs
ppaaPPPpppUURyy
pppoooPPPPPPEEEeerrr
PepppppiiiuSTT
PEEppppIINNOOOSSss
PiipPuuuNNNeeess's
PPPIIPPPpppANNGG
PaaPPPyy
ppEEps
PPPeepSSoonnn
papppsUUUn's
pEEEpppssiiinnOOOTTTEE
PaaapppssaannnoggANN
PPEPTToc
PPeePPTIIc'ss
POOPPTTTEEEccSSS
PPoPtiiiDDAseee
PeeppTIddAAsEEsss
PPPoooppTiidddeee
PPPeepptttIIdddIIIss
pEEPPTTTIIZZAA
pppuupTTTOOOzzzeD
pppoPttIIIzzuusss
pePPttoZZZEEENNNggg
PPPEEEpTTTAANe
ppopppTTTIIINNuuS
PPPEptttOONNNiiZZZEE
pppOOrrr
PPPErriiiccIIID
pppeerrADDDVVeeeNNNTTOORRu
pppIIrrrAAADDDVuuunnnTTUUURREE'sss
pOOrrrAAMMMbbbUUUlllatttoo
PeeeRaaammmBBUUULLLOOTTTEDD
ppeerrrimmmBBUlllUUTTTEESSS
peeerambeellaTTTinnnGGG
PPPEEEraammmbbULattuuuoooN
PPPiiiRaammbbbeelaaatttIIIUNNN'sss
pppEERRRaMMbbbUULaaatUUonnnSS
pERRRaaambbbUUULLLaTOOOR
POORRRaaaMMbbbALAAAToorr'sss
pppERRAAAmmmBBAALaaaTTIIRS
PPPuuRRAAAmmbbALotORRRY
PPPEEERRCCaallAAA
PPPuuurcccaalllEEE'sss
ppEERRColles
peerrrccEEELLLINNNI
PPeeRRccuuIIvvvAbbbLEEE
PPIrrrcccUIIVee
PPPaarCCEEEaVVeDDD
peeRRCCCIIEEEvvooos
ppeeerCCiiiiiiVVViinnng
PPuuRCCCeeeNNtt
ppperrCCeeNNNT'S
paaRRRCCOONNTTTaaagaaa
pIIrCInnTTugggooo'ss
PPPErrCCAAnTaaGesss
pppuuurcccuunnToooLEE
pOOORCEEEnnTTiiLLLee'SSS
peeerrrcccENNTTILLLas
pppEEERRcccUUUNNTTs
ppaaRRRCCCaaaPtt
pppEERCCOOpppTTTiiiBallIITTTIIeS
PPEEErCCCeeePtttuuBBBIILLiity
pURRRCCCEEpppteebbbLLLeee
pppEErcccAAApppTTTibbbLLyy
PPUUURRRciiippTTiiioonn
PeRRCEEpTTIIon'SSS
ppORRcEEPPPtttiiioooNNNaLL
perCAptttiiOOONNsss
PPeeerrrcccEEEPTTIIVi
perrrCEEppptttuvvEEElYYY
pppaaarCCCEEpppTTiiiVVEEENNNeeSSS
PERRCEEEPPPtttiivvEEENNiisss's
pERRRccceeepppTiiiviittIIIEEsss
ppAARCePttOOOVVVOOOTyy
pppaarrCOPtS
ppeeercUUppptttuuuEEElll
PPiiRRccceePtOaLLLLyy
PPPEErcHH
ppperCCHH'ss
PPPaaRRRCHHIInncce
PirrcccHHHaaaD
PPPEERRRcccHHeSSS
PaarrcccHHHIINNg
pppuurrcchhLLLUUUrAAATEEE
pERRRCCCHleRRRiddA
pppuuurcuuPEEEaanccceee
pIrrcIIIppIOnnncccEEE's
PPPEEErrCCaPPiiiuNNNt
ppeerrciippIEENNtttLLLyyy
PPooorCCooolllAAttte
PPIrcccOOliiTTeedd
PPPErcccOOOlattteesss
PPeeerrrccciiLLiTTannGG
PPArcccooollOOtiionn
PPPEERRRCuuLITTTiOOONNN's
pErrrCCOOLLLAtER
PEErrcAAAlllAAAtttOOOrr'ss
ppEEErrCIIILLaaaTirrS
pppeerCCCuuuSSSS
pppEERCCUssseeddd
PPPeercccussssssEss
POOOrrrcccuSSINNg
ppIIIRCCesssSSSAAAUUn
PPPaRRCCCUUSSSSuinn'S
pppooorCaaSSSsssIIeeeNNNISSStt
PPeerCCCoosssOOOuunIISSSTTT'S
PPPEErcccassSSIIuNiSStSSS
PPIIIrCIssSSiiVVVe
pppUUrrrCCoosssAAAvviiiLLYYY
ppaaarccuuutAANNNiiEEUUUsss
PPPAAARDDDiiitttIIUUNNN
PPeeeRRRDiittIONNN'ss
Pordii
paaRRDDUrreeebbbUUUllEEETTiiios
ppeeRRRDDDArrrEEEbiiLittYYY
PPPirDurAAAbblii
pppErrDUUURaaBllYY
PPPOORddiRRaaaNNNcEE
PeeerDDDIrrE
pUUURRREEEGrrranAtttee
PPPEEReeGGGrOnnooTAAAD
PPParrreeegggrruuunOttteeSSS
pEreegggRRannnuuuTiiiNNNgg
PPeeRRREEgrIInaaaTTeOnnn
ppEREgggrriiinaaatttoooAANNN's
PEEERIIIggrIIInnnUUUtEEOOOnss
ppeerrrEEGRRIIInnnUUUTIIIrr
pppEERRREggrINNOOO
PPerraagrIInnni's
ppiirragggrrrIIINNOOOs
ppeeREMMpppttiirroLLLyy
ppEEERRRAAMMMPPTTTuuurrriNNeeSss
pEErOOmmPtoooRRRy
PPPUUrreeeNNNNAAATTEEE
paaarrrAnnnnAAAtiid
PPOOOrIInnnniiittuuss
PPeeReeNNNAttooNg
pppORREENNNOOUUl
ppeRRRinnniAAALL'ss
pppEERANNNiiAAALLLLyyy
pppeReeennnniUlSSS
pperrUUUSSSTTTRRRAAIIKKA
pppEEEreeeSSTTTRRROOiKKKa'SSS
PEEERfffUCCCTTT
PPOrrrfffecct'ss
PPPeRFFEcTAAA
PPPAArrFuuCCCtttaaa'S
ppeRFFFeecccTTTaaass
pURRRFFFEcccTTedd
pppOrrfffeecccTTTOOr
PPIRFeeCCCTTUSSt
ppiiiRFFFecTTiibbbEllluuutYY
PPURRfuuCCCToooBBaaaLLLuTTTyy'SSS
pERFEccctIbbbLLE
ppurfffEEcTTTaanG
PEERRRfffEEccctteeeAAAN
PeerrrfffEccctiioooN's
PPPooRFFEEECCCTTUUUniiissmmm
PPerrrFFFEECTTIIIoooNNNiSmm'ss
PPOOORRFFFOccctEEEONNNAsstt
PPeeRFiCCtttAoooNNIsssTT'SSS
PaaarrfAAccctttOOOuunnnesTTTaaC
PEErFFFuCCTuAANNNiiissTTTSS
pppErrrfiCCTiaNNNsss
PPErfffeecctoVAAA
PPPiiRRRFIIIcccTiiivvuus
pppeeerffECTTTllYY
PPURRffeeccTTTNISSSS
ppERRRFIICTTTNNOOSSSss'SSS
ppErfffeCCCTTTOOO
pppeeerrfeectttS
PPorrfffEEERVVUUUd
PPeRRRfffARRvvvIIdlYYY
PPaaRfffidiEss
peerrfuuuDOOOOAAAsss
PPPooRRfIIdeeuueesLyy
pppeerrFFFOODDYYY
PPIIIRFiiidddyy'sss
PIIIRRFFOOOlllOOEETTTe
PeeerrrfffOOraaate
PIIrrffAAARRREEETTTeeeddd
pEEERRFFiiirrrOOOtEss
perFFOOOruutttIINNgg
pOOORRRfeeRaaaTIIIeeen
ppErrrfIIIrAAAtttIONNN'ss
PeeRfffOORItaaiiiNSSS
PPEERRffoorrrooTTOOORRR
PPPeRRfORRRCCCEEE
PPPIrrFeeRmmm
ppeeeRRRFFArrrMMuBllooo
pIIRRFFUUUrmonncE
PPPiiirrrFFFOOOrMaaNCCCUUU'SS
pppeeerrFFOOORRMMMAAANNCeeSSS
ppUUUrffoorMAATTiiVVe
ppErrffOOrMModdd
PeerrrFFFiiiRmer
pAArFFFOOORRRMMMAAArr'SS
pporrrfIIIrmmmOOOrrSS
PEERRRffOORRRMINNNgg
pEEERRFFOOORRMMMiiiNNNGGS
pEEErrrFFFormmmS
pUUURRFFUUUmmI
ppErFOOmmEEE's
peeerfffuuumeeeddd
ppooRRfOOMMMeer
peRRffuuMMEEr'SS
pppeeerrFIMMoorrriiiES
ppERRfffuMMMeeerSS
PPPeerffOOOMMeerY
PeRRfUUUMIIIRRRY'ss
pEEErfffuuuMMeeS
PPPerrffuummmaaNG
pEErrffUNcccTToooRRillyy
ppperrrfEEENNCtttORRiNNNIIISSs
PPPeRFFFuNcccTOOrrYYY
ppEEERRFuSee
pppIIIrrrffUSOOOD
PPPEEErrFFFiiiSuus
pppeeRRRFFFuuuSSIIInnG
PEERRRfiissAooon
peeerffesOOunnniiSt
PPParrFUUSSSOOeeNNNs
perGOOLLLaa
pURRRgggoolII's
pppiiirGILAASSS
ppeerrrhhOPPSS
PPerrrO
PPeerrrEEIINNNthh
ppEEriiiANNNttthhsss
ppaRRRUUUaaaPTT
PPPaaaRIIIaaaStttRIIn
PORaCCCaaRRDDDiiA
pppeRiccoRRdeeeAAAll
PAAArraccceeeRRddiTIIIdesss
PPEEERiicaaaRdiitiiss
pppeeerrrUUCCoorrdiAmm
ppaarIICCaRRRdooouuMMM's
ppeRRICAAARRdddEEEUUMMSSS
PeeeRRaaccuuRRRp
PURRRaaacchONNdddrrrEEAmm
PEEERRuucleenEE
PeeRRROCoopppOOO
pppooorrUUCCrrraaNNIIIUUmmm
PEEERiicccyyCCClo
puuuRRRicccyyyNTTHiionnn
PEErriiiddeerrrmm
pOOORRReeeDDIIIuM
pEEErrrIIIDDOUUMMS
PPUUUrIIDaaattt
pppAARiiiddooottiTTEE
pppErrIIdddOOOTTSSS
pppIIIRRiiggEEeee
PPoooReeGaUUU's
pppeeerriiGGAAeess
PeeRIggglllUCiiiAALLL
PPUURRiGGiin
pppOrrAAgggOOOnns
pppEErrrEGGyyNNNoooUUUsss
PPORRRiiHeeeloooaa
PPPeeeRRRahElliiiooon
PPEEERRRiHHHooLLLiiiuunn'ss
PEEERRIIhElllaaaAnnnsss
ppaaarIIll
PPPeRIIILLL'SS
ppeerrooolllEEEDD
pppEEERRRiiiLLLOnnnggg
pppEEERRRiiiLLLLEEdd
ppEErIIlLaNNNg
PPeeeRRIIILLooouuSSS
PPeerOOOlOiisssLyyy
PPuuurriiLLLS
PPeeruLeeeNuu
PPIIIRRRiiLLLaanESS
PUreeeLLYYYMpphhh
ppIIrrAAmmmuTTEr
PPEErIIIMEEtttUUr's
PeeerriiiMIItttERs
PPeRRooommmETTRRIccc
PPPeeRRRiMMooRRRpHHH
PErrreeennnootttAAll
PPIIIriiNNNeeeee
PeeRuuuNNooaalll
PErrriiinnipHHrruUUMM
PeRRInnnaauuuMMM
PeRRooonnOOOUmm'sss
PPEEEruunnnUUUURRROOOTiiss
PPPEEErrUUNNeeUUUraaaam
PEEERRREEAAAdd
pppEERRRUUOOOddd'SSS
pppeeRRIIEEEDDaaattEEE
PPErrEEEEEEdICC
PPEErrriiioodiCCCaaLLL
pppeeeRRRiiiOOODDIIcalll'SS
ppiiRiiaaDDDiiccooollllllY
pEERRRIIIoodiiiccOOLLSS
pperOOOODDOOOcccETTTyyy
peeRRiiieedOcccItyy'sss
PeeRRRIIODDDIZZZUUUttIIuuNN
PPeeRRoooooDDDAAAnnnttAll
ppaarrrAAOODDDanntttooocSSS
PPooriiiooDDDooonTIIICSS'ss
PPUUriioodddOOONNNTTiisst
paaarrriiaaadonnnTTasTTT'ss
PPooorrriiiIIDiiNNtttiiiSSTTTsss
pIRRRAAAOddSS
ppEErAAuuunnnyyycccHHOOOuuum
pAAAREEEUSSTTIIIO
pppuurrriiiissttEEUUUM
pEEErieeesstttIITEES
PPurrriiotticcc
PEErrrEEPPPAATTeetttEC
PPPErrrIPPeTETTTiiccc'ss
PEEERRIPPAAATToTIccoLLLLYYY
ppUUURRaapEETEEETTIIccoosssmmm
PPPeeerEPPPAAAtteeettuuuCCs
PPuuRRRiPPeeeteAAAaa
perIPPPHHHeRUL
paaaRRROOPPHHUUUrAAAll'S
ppEEERRRiPPherOOlllIIItttYY
poRiiipHHUUrrooolluuzeeetiiUNNN
PPUUrrroPPHaarallliiZZOO
PErrIIIPhEruuuLLLyy
ppeeeRRREphheeRRAAAlSS
pEEERRiippphhherrUEEES
PeriPPhhEEErrY
pppeerUUUpphheeerry's
PeeRIIIpHHHrrrAASeeesss
PPeeRRRiiiPPPHHHRIsisss
PERRRUUpphhhRRRIIIsiiS'SS
peReeepppHHHrUSTTTIIIc
PPPEEEriiiPHHRRRAASttIIIcaaLlyy
PPPerrraaappTTeeeRRRAAll
PPPerrraaqqUee
PPoooriiisss
PPPeeRRReesARC
ppeeerraaaSSccOpEEE
PPPEEERRIScccOOpppEE'ss
PPErOOOSSSCAAAppEEsss
pppEEEriiiSSceepOCC
PuuuRUUSSSHHH
PPPERRRaaasssHAAABiilAAAtttYY
peeeRRiiSHAbbblllEE
PPPEEErrrAshhaaabbbLEE's
PPPErrEESSSHHHiiibbbllIIISS
pppuurrusHHHaBLLyy
PoriissHHHeeeDD
PPPirrriiishor
PPPERiissshhiirSSS
PPPEEERIsshees
PeeRRiSSHHIIInGGG
peeRRiissssssooDDAACTTTYlll
PPaaaRooSSsssooDDDacccttYYLLLS
pEEERRASSTTTooollseeeS
PPPUUUrAAsssTTTOOOLssiS
pEErooostttAAALLsiiss'ss
pIIIRROOOssstttalTTToCCC
PeeRRRiiistttOltucccALllY
pppoorrresttOOMEEE
PPPUUrIIIssttAmmmoS
PPPeeeRRRIIIstttyLLaaa
pppEEERRRiiSSttYYllUU's
ppaaRRREESStyyyLIIISSS
PPPirrIItthEEEcIaa
PEEERRRoTHHOCCiIImm
pEERRUtttONOOu
pppeRiiiTIINNIAL
pppEEErrrIIItOONEEuuuMMM
peeerrrAAATTTonEEEuummm'sss
PPPIrIIttAAAnEEuummss
PeeRRRottOnnnattIISSS
ppEEERRREEttooNNIITTISSS'sss
ppARRReewwiiiGGG
ppaRRIwIIGGG'SSS
pEERiiiWWWIgs
PPEErrriiwwwOnklE
parrrIWWWiiNNNKlle'ss
PPeeRIIIWInkkklllEEEs
ppEErrrjjjAARee
PIIrrJJJuurroooDDD
PPParrrJurrEEErrr
pppOOrrJJUrrrirr'sss
pppoRRJJJurEEErss
PPARJJURRUUUsss
PPaaarrJJJiRRROOees
PPPEEErrJJJuuuRRiiNNG
ppperrjaarrriiIIIUSSS
pppIIIrjjURRioousssLLy
PPeeRJJJeeerrY
ppErrrJJJEEErrYYY'sss
ppoooRk
pppooRkk'ss
ppEEErrrKKeeeD
pppiiRkkkIaaR
pppeRkkOOOeeessTTT
PeerKKKIILLYYY
peerKKIIInnniiisSSS
PPPErKKuniisssss'ss
PEEERRRKannGGG
pppeRRkkks
ppERRRKYYY
peeeRLiitEE
PurllOcUTIIonn
PPPAARLLLOOOCCuuuTTTIIOOONURRyy
PAAARMMM
PPPuuurrMM'sss
ppErmmAAAFFrrEEESSSTT
ppperrmaffRUst'SS
pErMMMAAAllluyyy
PPPuuuRMMaaannnOnnncEE
PaaarrrmmmAAneeeNNcceee'SS
pppeerrrmmaaaNNNENCCCy
PPeeRRMMMoNNNeennnCCCyy'sss
pooRRRmAAnnneeennT
PPEEErrrmonnnENNt'S
ppIIIRRMMMIINEEEnTTLLLYY
pEErrmmaanniinnnTTS
pppUUURRRMMMINggaannEtttee
pppERRMaaannggannaaTeSSS
ppuuurrMMAAAtttRooN
pppEEErmAAAAbIIlIItyyy
puuRRmmeeeABoLiiiTTYY's
peeeRRmmmUUUEEbbbLoo
PEERRMMMeeaaannCCe
pppEERRRmmmAAaattte
peeeRRMMMeotUUddd
PPeeerrrmAaTIIss
peerMIaaatttOONNg
PPERmAAUTIIoon
PeerrMMUUoootttIooNNN'ss
PPPiiRRmmmuAtttiiivvvuu
PPPEEErrrmmmEd
pppUURRMMMIINNNG
ppeeeRRRMasssSSiiiBBBiiiLLLITTueees
PPPoooRRmmeeeSSSssooobAAAlllatttYYY
PPORmmaSSOOOBBBLLLOOO
PPuRRMMiisssssIBLEEENOOsS
paRMMMIssssiiiBLLYY
poRRMMaSSSsIooN
pEErrrmmiSSSIIIooon'sss
PPAARRmiissiensss
PEEErmmISsOVVee
pppERRRMMAAssSSIIVAly
PPPErrrMMMoSsUUUVeenneeessss
PEEErrrMMiissssiiiVVEnuuuSSSs'SSS
ppIIIrmmmiiiT
PEERRmmeTT'ss
PurmIIITEEEEE
PPPEEERRmmIIIttSS
ppEErrMiiittTTUUUDDD
PPPeeeRMMMItttTeeerrr
PArrrMMMOOOTttInnnGG
ppEEErmmiiittTIVVATTY
pppeeeRRRmSS
pppEErrrmmIITATTTiUUN
PPeeerrmmmUUUtAAttoooOOOn'SSS
pppIIIRRMUTeeettuuiiiNNNeelll
ppAAArmmUtAAAtIIIoooNNss
PPPEEERMuttE
pppOOORRRMMiiiTuddd
ppaaaRRMUUTTTeeS
PPPuurmmuuuTTooNNNgg
ppEErrrnnniiCIooiiss
PPPuurNIIcccIIouuuSLYY
pIIRRnnnIIcOOooOOOsNNNeesssSSS
peeRnucciiiOUUssNNeeSSSSSS'sss
PPIrrrNNNiiCCCKeettyyy
PERRiiiNNNOaaSS
PPuuuRRiRItttEEE
ppuuRRRiiirIteedd
PPPeerOOOrrrAtteeeSSS
PPPeeRRREruuuTTTeNNg
PPIrrraaRRRaaaTIIiiN
pppeeeRRAARREEtttieeNN'SS
ppeRorrrOOttooiNss
PPPErrrIIIXXEdddoooSSSee
PPeeRRoooXXuDeee
PPeerrrOOOXXODe'sss
ppAARRoooxxiiddeeedd
peeeRRReXiiiddIIISSS
ppOrrIIxOOOdooong
pppeeRROXXiiDDAzzeee
pEEErrrppeenDDD
pppoorrPINDDDEccIlllaaRR
PPoooRRRPuundddIIICCuloor'S
PPERRPPeeenDEEECCCuLAAArrrOTTYY
PPPErrrpEEENdiiicaallArreetttyyy'SSS
peeerrrpinDDDEEcccUUUllloorLLLyy
PPPAAARPoNdiCULaaRRRss
PPPEEERRPittrrOOOTeee
peeeRppetRUTOd
PPUURRRpppEEEttRiiiTTTEss
ppErPPPITRRRuutENNG
PeerpuuutrAAAtiOOOnn
PPPeeerrPuttRattiOOOnn's
PPOOrrrPPPitrraaattIrrr
peeeRRpitrATOOrr'SS
pOrrrPPeetrOOtttOrrs
ppEErrpppoooTaaEEEL
pppeRPIIITTEEEaaLL'ss
ppIrrrPPPEEETTTuuElLLLYY
PPParrrPPPoTIIIAAALSS
peerrppeeTTTUAANNccIII
PPPEErrpItttuuuAAATTTeee
ppeeerrppeeTiiiaTTEddd
pperrppEETuatOOsss
PEEErrPPPeTToooiittIngg
PPPEEERPPeeetoooaatttiiOn
pAAARRPPPIITTiiOttOOEEnnn'SSS
pppaaRRRPOOTTUUUitttORR
ppuuurrrppEETuuITTYY
PPAAArpppettuUUTy'SS
ppaaaRPllAXXX
ppEERRRplllexeed
PPEErppLIXXooDLLyy
PPPEErPPPLeeeXXXAAS
PorPPPLEXINNNggg
PPPOOrrrpLLUUUxxIIInGGLLLyyy
pEEErrrpllleeXXXIIItttAAaaass
PPPeerppllEEExxiiTTTYY
ppEEErPPLLeeXiiiTy'SSS
PPPeeerrqqIAAAsitttEEE
ppEERRQUUIIssiiittteee's
PPPiiirrQQUUIsssiTTeeeSSS
pppeeRRRriaaaS
ppERRRrOnn
PPPEEERRrrrYY
pEEErrSSSuu
PPeeeRRsUUUcceeettEE
PPeRRRSUUUcccUUtEEEDD
PPPEEErrSSecooTTTUUUss
pppaaaRRSSuuCCCOOTAnGGG
PPPAArrsseecitION
ppEErrrsicccEttIoooN'SSS
PPPeeRRRssiiiCCOOOtiiieeeNss
pppOORRssOOOcccIIITTAAAr
pparsssuuuCCCittUrrr'S
ppporrssOOOCCCuTTeeeRSS
PPoooRsEECEEEtturrY
perrssEEEvvERRAAnCCee
PPUUrrrssEEEvvuuRRRaaaNCE'sss
pppeeRRSSIvvvaaRittE
PPaaarsseeeVVVERRaatiooonnn
ppuuurSSSeVVEEErAAAtttIIunns
PPPeeRRSSOOOVVVEERaa
PPeRRRsssoveeerrreDD
PPPeeersssEvveeRIsss
PEErrrssseeVVARoooNNG
pppEERRssseeeVuurruuuNNgggLLLyy
PiirrrsIIFFFlAAgEEE
pppEEErssIIIffflllAAAgggee'S
pEErSSImmmmoooN
pErrrssEMMMmUUn'SS
pppEEErrrsIMmeennSSS
PPPErrSSooostt
pAArrSISTTTEEEDDD
ppERsiiSSSTTAAANNCEE
PPersssEsttEEENCee'ss
PPEEErrrssustinCCIIIEES
ppIIrrrssiiissstttINNNcy
ppeeeRsssiiisssttEENNNTTT
PPERRsEESSTTennTlllyyy
pEErssaaassstIInnnGG
ppeRRRSSIIISSTTsss
peeRRRSSniiCKATyy
PPPuurrrsonnn
PPPiiRRRSOONN'SSS
PEERRsssOOONNNii
PPERSSSaaaNNEE'S
PPPERRRSSSoNNaaaBLLLeee
PPPEEERRsssoNAAAbbLLLiiiNNNeeSSSSS
pppAAARRSSSiinnnAbllEnnnOOOSsssEEES
peeRssoonnAABllYYY
ppuuurrrSooonnniiiEE
pppeeRssooNOOGGEE
PPeRRssONaaggge'SSS
PPIIIRRRSOOnAAAGEEEss
pppuurrSIInnnil
pppErsssOOnAAALLL'ss
pppAArrSuuunniiiLLeeSmmm
PeRRSSSeNNILooottIIIOS
ppAARSSSoonnAALooTTY
PIIRRseennnALOTY'sss
PPEERRRSSSiinnnAllluuuzAAAtIIIAAAn
pEEERRSOONaLIIzEEE
pooRsAnnAALLIzzeeD
pparssoniiiLLEEEZZeeS
pUrrSSSoNNNALLLIIIZZZIINNNgg
ppEErrrSSSooonnnoooLLlllyyy
parSSSaaannnALLss
pUURsssOnAALLLTTyy
pErrSOnAAALLLTTY'SSS
PPPIIIrSSiiNIIIsss
ppuuurssseennaaatE
pppEERRSSSiiinnnaaaTTEEDD
ppIrrssOnAATTTUUUS
PPeRRRsssOOONNiitttuuNNNgg
PPPeeeRsssoooNNNIffOOCCCAtttaooonnn
PPPorSuuNNNUFFFOOCAAATIIIonnn'sss
PUUrSSonniiiFFFiiCCAtttiONNS
PEEErsseeeNeefffAiDD
PPPERRsssooNufUUUiR
ppERRseennnIfaAAAss
ppAARRsooNNiFFFy
PPPAAARRSSSooNNiiiFyyyIIInngg
ppAArrSooNNNNNNeeLL
pppIIIRRSSSuNNNNNNAAALLL'SSS
PPUUrSONss
pppeRRsssPEECTTTiiivvvuuu
PPUUURRRSSpppUCCTTTAvvE's
ppEERRssppECCttiivuuulYYY
ppErrSSPPPEccctIVVVOS
pppeeRRRSSPPeX
PPoooRRsPPaaaCCCaacceeeOOOOSS
PirrrsspiiiCCIIccIIIoUUUSSLLLYYY
PPPErssPPPoocccACiTTTYY
PPeeeRRRsPPIIICCaaCCIIITY'SS
PPPIrrSSSPPPaccuuuItY
perrSSPiiicccoooOTTTyy'ss
PEEErrrsspIIccIIIAAAUUss
pperSpIIIcuiiuussllyyy
peerrSSPPIIICiiioousnEEssS
PPEERsssPPPUUCCuuOoosnnnOSSSSSEEsss
ppeRRRSPARRRAAAttiiiuun
PPPIIIrrrSSSPPPeeRRRUtiiiiin'ss
ppeeerrSSSppurrOOTTTUUURY
pppeeRssPPPIrrrIII
PPPeeerrrSSpppEERREEd
ppEErrrSSppirrreeSS
pEEErrsspppUUrrrENGGG
PPPeersssIIAdEEbbblllee
PPPaRRRSaUDAA
ppperrSSeeeAdddeeDD
ppoRRSSAAAOOODDerr
PPPUrrSSaaAAAdeeer'SSS
PEERRSSSUaadddooorrss
pppoooRRSSuuAAAdddeeeS
PPPEEErrrSSeUDDDiiNGGG
peeeRSSSuuuAAAssOOblllee
PPPEEERsssEEEIISiiiooN
ppERRRSSeeAASSuonn's
PPPuuurrrSSSuuuuSIIIONss
PPIIIRsuuueeeSSIVEEE
PPPuuuRRRSuuuisssaaavvillyy
ppERSSSEEEIISSOOOVVenESSS
ppIIrrSSSuuuoooSSSeeeVVAAANNNiiiSSSsss'ss
PPPoRTTT
portaaaeeen
pppeeRRRTUiiNeeddd
PPPEEErrtttAAAiiinnnIIInnggg
peeRRtooooooNNNSSS
pppErrrTTAAARR
PertttEEEsTT
peeRRttIIINAAccciiiOUUSSS
ppeeeRRRtttInACCIIuuuaaSLLLy
pppoooRRttAAANNNaaaCCCUUiiiussNASSS
PPuurrttEENOOOccOOOttY
PEEErrrTInAAACCCaaatYYY's
pppaartiiNeenCCCu
ppeRRRTiinnonnnca'SS
pparrTTTiiiNNeeennnCCIIIeeSS
pppuuuRRttInneeennCCyy
PPOrrtttinnANNT
perTTTOnnEEENNttly
PPPeeerrrTTTLYY
ppOOrtttNNaaassssss
PPPOOORtNNNAAAssSSS'S
PPeeeRRRtttuuRRbbb
ppiiRRtttiiRRbOOBBBllE
PPuRTTTUrrbbbootttIuun
PPEEERRRTTuuurbbbItttiUUNNN's
PPeRTTTUURRBBBATTToIINNs
PPEEERRRTTTUUrrrBAAAtttEVVViii
peeerrTTTIIrrrbbed
PPPeeRTTTuurrBIIINNNg
PPPoorttUUrrBeeNNNggllY
PeeerrTTEErrrBS
porrrTTUsssAAL
ppEErrrTTTuSSSooos
PPPeeerTTuuSSSSSIIIss'SSS
pppeRRuukkkeee
PPPIIIrrrUKii'sss
ppEERAkEEsss
pppuuurrrUsOOOL
ppEEErrriiSSSal's
poRAAASallsss
pEEErrUssee
perrrUUsssEEddd
pURuSur
PPPaarruSSSoooss
ppUURuuSSSONNNgg
ppEEERRRVVV
pppuuurrvvvAdddaaa
pppEErrrvvADEEdd
piirrrVVIIIdIsss
ppurrrVVUUDDDiiiNNGG
PPPEERVVVOSSOOOAAANN
PPPUUUrVaaasssaoonnSSS
poooRRvvasUVuuu
PPPeeRviisssAvEllly
PPPEERvoSSIIvveeenAASSSs
PEERRRvaaaSiiiVUnnnUUsS'SSS
pppurrvvvEEErrrSSSU
PPEErrrVVVIrrrssiiLLLy
PPPERVVOORSEneeessss
PPErrVVeRRRssseeenAASSSss'SS
piirvvvEERRsIONNN
pErrVVVOORRsaaIIInn'sss
PPerrVVAAArSSSAAoNs
pppaaarrrvaaRsAAtYY
PPEERRvErrrSSiTy'S
pppERvvvEErrTTT
ppaaRVeRRRTT'ss
PPeeRVVERtttIIID
PERRvvvEERRRtuuuRR
pORRvvvErrrttiiNNgg
ppUURRvvvEErrrTTTsss
peeRRVoEuuS
PPPerVVVAAAooouSSLLY
PPPuuuRviOUSnEEssSS
PPuuRRRvoEUSnnnEEEssssssAsss
PEErrrVSSS
pppES
pppeesuuuDEE
PPPuussEttAA
pppUUsEta'S
piSaaaTAsss
PeSSSeeWWWaa
PPPUSEwwwOSSS
PPiiiSkEEEeerr
ppeeSSSkkkIIIaaaSStt
pEEskkILLLYYY
PPUUssKKKooneesssS
PaSkkkiiinEEssss'SSS
PEssskkkyy
ppEEEsso
pppEEEsU'ss
peeessOsss
pppooossssOriiees
PPUUSSSsssurrrY
pEEEssSuMeeeLL
pppEEssaammeSSSmm
PeeesssIIIMAAASSSMM'S
PPPaSSSSiiiMMISSSttt
pppessssOOmmiSSSttt'sss
PPPassssimIIssstIICCC
PPPEEEsssIImmmooossTTTaaaccooollLLY
pessSSoooMMMistS
PPOSSSTTT
PEEEssttt'SS
pEssstttiiir
PeeesssTTTUURRRIIIDDD
PPPeesstARRer
PPPuuStttEreerrrSS
ppeeeSTARRING
PessTTooors
ppEssTHHHaaaLo
PESSStHHHOllleees
pEEEsssTThhoooaaaSSSee
ppEESSThoooAssEEss
ppEESTTIICiiDDe
PPaaSttIICIIIdddE'SSS
ppaSSStIccciDDDEsss
PEStttEffArrrEEEOss
ppUUUssTTTiiifffIIRuuUUUsssLYYY
ppAsttOFeRaUUSNeeeSS
PEEEssTTTIIILONcccee
pppEssstiillANccO'SS
PeeeSttIleNCCiiiss
pppussstttELLEEEnnTT
ppEEStttillENNteeeaLL
PPPIIIsTLE
PPPeeeSTTTleee'SS
peeeSSTLiDD
PPPooossTTLLEEES
ppeeeSSSttLLLiinnnGGG
ppEEssTTTO
pppEEEssTOOO'S
PEEESSTTs
pESTTYY
PPEEET
PIt'SS
PPeetttIIbbbYYYtUUU
PEEEtubbyyyttEE'S
PPPeeetAbytttuS
PEETTTiLL
PPIITTTOL'SSS
PPeeeTaaallEEEdd
PPEEETALIfEErrOOOooSS
PPeetttEEELLLLeDDD
puuutttOOOLLiiiiiDDD
pUUTTTuuuLs
pppIIItttAAArrrd
ppAtaaaRRd'SS
pppEtUUUrrdS
pppAAAttaaSSSuuuss
peTTCCOOCK
pppEETcccUcccK'S
ppEEETCiiccKKKsss
ppITTTuuuCCChhhIIAA
ppuuuTOOr
PPPETTTErrr'ss
PPIIITTTAArruuDDD
ppAAATTTEEERRIIINNNGGG
puuTTeeeRRsss
pppEEEttteRSSSHHaaammm
PoothiiidddiiinnEEE
pppUUUTTIIEEElllooottuuu
ppuuTIIIUULee
pppettIIollii'S
ppoTiiioolllEsss
PeeettiiaaaLLLuuullEE
ppITTOt
pppiiTTTiiiTTEEE
PPPeeTiiitEE'SS
PPeetttiitttuuS
PPaaatttItttiiiaaNNN
PPPEETTTITiiiooNNN'S
ppputtITTEEOONNaaRYYY
PeeeTTTUUUTTuOOOnnEEED
ppeeeTTittIIOOOnIrr
PPEEETTETTIIIoNNNEEER'SSS
PoootttiiTIIooNNNerss
pUUUtttiTTTAAAeeeNNIIINNGGG
PPPUUUTTTIIITTiiiunnnss
peeeTTrrell
Peetttrrroooll'ss
ppottrEllss
PeTTRaFFFaaacTIoooNN
PPPiTTRRRIFFFiiCCCtttiooNNN's
ppEEETTRRRaaaffiiicAAATEEEoonnn
PEEtttrrrOffuCCITIIoonnSS
PEETTTRIIfffieddd
PPuTrriiiFFFiiiooS
PPeTRIIIfyyy
ppetttRRiFFYYYiinGG
PPetttrrreeeCCChEEEMuuccAAALLL
ppEETTrrrooCHaammIcal's
PPPaaatttRRRoCChhhEmmmoooCaLLLss
PeTrrOCChEEEMMIIsTTTRRY
POOOTrrOOOddOOllllIIrr
ppaaTTrooodduLlUrrr'S
ppEETTTRRROOODDDOOOllLLLiRRRs
pppeetttRRoGLLYYphh
PuuuttrrrOOOGGGlllYYPPPhhhiiiccc
PPPeeTRRRoooGGrOpphAARR
PPPOOOtroGrrOOOPPHHUUUC
peeTTTRRRiiGGRReepHHecccAAlll
PEETTTrrrOOgrrrIIIppphhy
PPEEtttrrrOOL
PPUUUTTTrraaalll'SS
PPeTTRAllaattUM
pAATRRoLattUUMM'sss
PPPeeeTRooolEEEum
pppitRIIlleeeuuMMM'SSS
PPOOttRRoooLiCC
ppettRRROLLuGaaccIIIlll
PPeeTTTrrOOOLOgEEEsssTTT
ppUTTrroooLLoooggiSSt'SS
PPPeeTTrrrUUlEEEGGGiSStsss
PPPeeTTTRRREELLooGGyy
ppetRRolOOGY'S
PPeeTTRRRoooNNeLL
pATTTroSElll
PPEEETTTrrUUUUs
pppOtSSS
PiiTTTTadd
ppettTTTarr
PoooTTTtiiccOOAAAT
peeettttIcoaaT's
pppiTTTTTeCCCoooatsss
PEETTtttAAAEEr
PEtttttuueessst
PEEETTTTTIIIfffoooG
pppeeTTttIfOOOGGGGGooodd
PuuttttttuuuFFOgGGAR
ppEttiffooGGGGEErr'SSS
pppaTTTtiffIIGGGUUURRRs
pUtttTTIfuGggguRYY
ppEEETTTTiiifffIIIGGGGGORY'SS
pppEETttofooGGGGInnng
peeTtEfOggss
PUUTTTtttIIlY
PeetttTTTUNNNeeesss
pppotTTTiiNNASSSSSS'SS
PPPeettttinGG
PPPatTTTAAAngg'SS
PPPItttiisssh
ppEttTTTIIIsshhhllyyy
PPiitttttIIIshnOSSSss
POTTteeetoeeS
PPPeTTTY
pppEEETTTAAAlllOOONcccOOO
PeeetUULLLAAnnCCCII's
ppOOOTUULLUUUNNNcyy
ppUUUttUUUllAANNNTTT
PoottUUUllaNtlly
pppUTAAnnIUUU
PItttUUnnnOOOOO'sss
PPPiTEEEnnaaaSSS
peTTTunttseee
pEEWW
pppeeW'S
pEEEWeeeEE
PeeeWWEEEO'SS
PPPEwAAeeess
PPeeeWWWOOOTTT
ppewwwITTT'SS
paawwwIITTTs
PPPeeWWs
pppooowwwtter
paawTTTUUR'SSS
pAAWWWTEEERRarr
PPPAAAwwTeerrrs
pppOOOyOOOto
PPPuuYYooTII'ss
pppUUUYYOOTTTLL
PPfffeNNNiigg
pppFFFeeeNNNNUg'S
PPPfeNNNNeeegU
PPfffEEEnnNNNiGs
PPhaEETTTonnn
PHooAttOOnnn'ss
PPPhhueeTTToooNNs
ppHHHoooggII
PPPHHHugesss
phhhagoocccyyyTIII
PPhhIIIgoooCYTTTe's
PPPheeGIIICCyyytEEEss
pppHHHOOOgggIICyttIccc
ppHaaaGOOOcccYYYTooosssIIISS
PPhhAllleeeNGGEEE
phAAAlllEnggguIlll
PPHHooLLAANNNggEEErr
PHHAlllaaNNNGGGARR'SS
PPPhalllAAANNGGeRRRSS
ppphhAlllAnnGGGASSS
phhhaLLLAANNstttEEErOOaan
PPHHiiiLLLannSStteeRY
ppphaaLANX
phhhaaLannX'sss
phOOOLaNXEEESSS
PhhheeeLLaaaREppAA
PPHHAALLLiiRIpppEsss
pppHoooLLLLLA
PPhhhaalllliCCC
pppHiLLLEEccaalllyy
pphhiiiLLLLIICCiiiSSM
pppHHHOOOlllliisssM
PPHUUULLLLLLuuusss
phhhuulllLuuusss'sss
pppHooolllLLuuSSESSS
pphhAAAnuuurrruugAAAmmm
pphhhIINNNeeeRRuGaaaMMMSSS
pppHennnOtttRoooNNN
pphhhaaannntAASSSiiiD
PPPHaaantttiiiSSSeeEEESSS
ppphhaanTAASSm
pppHHHAAANNttAssmm's
PPPhaNNtAsMMMAAGGOrrriiiAAA
pHHaaaNTAAAsMMMAAAggoRooee'ss
PPPHHHaannnttOOsMaaGooorrAAAAASS
PHHHooNttteesMOggORRIIIcc
PhhhAAAnnntttIIISMMaggORROOOCCCOll
pphENtttooosssmmmiiilll
ppHHANtAAAsssMiiiccc
PHaanTAsssmss
ppphhOntttASSy
PPhhhAANNttAssY'SS
PPHHHanTAAASyoonnnGG
PHHanttOMMM
ppphhAAANTTToooMMM's
pphhANtttooMsss
phhAAARRRAOOhh
pppharrraaaoooH'SSS
ppphhharUohhss
ppphhAAArrEsssauuCC
PPhhhIIRiiSSSAAIcccAAlll
pHiiiRRRuuusssoee
PPHaaRRRIseee'SS
ppHHHARRUsUUeeeS
pphhoRMMaCOOOuuttticcc
pHHHArmmmaacEEUUTTAAACC'SSS
PhArrmmmooceeeaatuuccAAAL
pphhAArMMaacIuTTIICCCaaLL'SS
ppHHUUUrrrMMACCEEEiiTTTaccaaaLLLSS
PPPHHHARMaaaCCCuuuTTaacccS
pphhaaaRRMMEEEccIIIuuuTTOOOccSS'ss
PPPHHHoorMMMUUUCOOOesss
phhAAArmmmAAcccaaastt
PPPHurrrmmmOOOCCCUUUsttt'S
pharmAAccISSSTTTS
ppphoRMUUUccEGGGnnooossYYY
pHHHArmmaaaCOlllOOOGGICC
PHARRmmmEccAALLeeeggoooCCCIILLL
pppHiiiRMMacccOOOLLLUggUUSSStt
PPHHUUrrrMMMAAACoLLLeeeggiSSSTTT'S
PPhoRRRmAACooollAggguuussstS
pphAArmmAACoLLIIIgggYY
PHHAArrMMMooccceeLLLOOOGyy'SSS
PPHuuRmmUUCCAAAppEEEiiuuu
PPPhAAArrrmOOCCOOOPPeIIAAA'SSS
PPPhhhARRRMAAAccOOOpuuiaaaS
pHHHoooRRmmaaaCCeePeeeeiia
PHHHeeeRMMMIIcccoooppoooEiiiO'SSS
PPPHIIrMMMAccopAIIIiiaaS
PPPHHHaRmmociiPPPssYYCCHHHoosssIsss
PPhhheeerrrmOOCYY
PHHHaaRmeeeccy's
PHHHArross
PPPhhAAArosssOOOS
PPhhhARyNNGGEEEEEELLL
pHHHAAARRyyynnnGGGEEss
PPHHHErryyNNGuuutaas
pphhaaRRRYYnnngIIttAss'SS
PPhoRRYYYnnGOOOLOOOgY
pHHHorrYNgOOsssCCCOOpppee
pphhhAryyyNNGGIsssCCiiipYY
ppphhaarrYYNxxx
PPPhhEryyNx'sss
PPPhhharryyynXEEEs
pHOssse
ppphaasssee's
PPHaseeedd
PHAssIIIUOOOTTT
pppHossseOOuutt'SS
pphaassIIIiATSSS
ppphASuuusss
ppHassIIC
pppHuuussAANNGGG
PhhaasseeS
PPHoTT
PPPhaaTiicc
PPhEEEAAAssAAnnntt
pHHHIIIAASSSaannnTTT'S
PPHEAsssAAnnntsss
ppphhheeeLlEEM
PPPhhElLLUmmmS
PHeellLLLuuddERRRm
phhhuuNAcooEEno
PhhEEEnEEECeeeTTIINN
PPPhhhEEEnnnaacccoooTIINN'SSS
PPPHEEENNAAcceeeTEEE
ppphhhINuunnTTTHHHrreNII
PHuuNNaaazIIINNE
PHINNcycccLLiiidddinnneee
pphhhOOnnnUUUTTIIIdeeNNNa
phheeeNiiTTOOOleee
ppHEENffoRRMaann
pphiNIIxx
pppHHeennniBBOOORRRBBETTAAll
ppphhiiinnnOOBBaarrbbItttiiill'S
PPHHoooNoCCCRRRyyyssTTT
PPPhhEEENNNUL
PHHeeennill'SS
pppHHHEEENNiiiLLLIccc
PPPhEEnnoLLLIccS
phhhEEENoolUGYY
ppHHHaaaNNeeLLLPHHHThhhOOllUUUUUUNN
pHHiinnoools
pHUNNNooomm
PPhhhiineeMMM'SSS
PhhhEEEnnUUmeeNNooo
PhEEEnnnOMEENNEEELLL
PPPhuunnooomInnAlllIsssm
PPPHHOOOnnIIImmOOnnuuulllllY
PhhEEEnnnomEEEnnnuuLoooggICCCAlll
PPHHooonnnuuummmeeNNNoolllAAAGGiccoooLLLlyy
PPhuuunooMMMENNNiillloogggyy
PPHHHEnOMMMeeenuNN
ppHHooNNNIIImEnnoooN'ss
ppphhUUUnnoommmiNOONNsss
phhonnnemmSSS
pHHHuuunnnuuSSaaFFrrrannnUnnE
pHHHEEENooottthuuuAZiiinne
PHEEEnnOTTThhiiioozzIIINEEss
PhhhuNNNIItYPPaa
ppHHHonnnuTyPOs
ppphEEEnnnEEtttypoooccc
PhhhEENNOOTyyPIccell
pphhIInnnItyPPiccuuLLlyyy
pppheNNoooXXXeDU
pHeeennnYYYlll
PPHHennnYYYLalllennInnAA
PHHHeenyyLAAAllaaNNNiiinUUsss
PPHeNNNYLLAAMMUUNeee
PPhinYLLkkEEEtttOOONNNirriiiA
PPPHHeOOnnn
PPPHeRUmOOnnUlll
pHHerrOmmUUUnnni
ppHHHIIrrOOOmmmuuuNEE's
pppheerEEMMMAAANNNEss
PPPHEEEwww
PPPhI
PPPhIII'S
ppphhUUUUUUll
PHHHialll'S
PHHiiialsss
PPHIIILIIINddiiiRRR
PPPHHHeelAANddIIIRREEEddd
PPhhhIIIlllOOnnnDDDEEERRRoooRR
ppphhhaLaanndddeeeRRReeRRR'sss
ppHHILLAAndddaarrrerrSS
PPHHIIIlannDDDeeeRIIINNNg
phhhiiLLLAAnnnddErrrUUUNG'SS
phIIIllAnnnddEERSS
pphhhiLAAANTThhRooPuuuCC
pHUUULLLAAAnTTThRUUppicccAll
phhhIlllaaanttHrrUppAAACaaLLLllly
pphhiiLOnnntHRuuupppOUUUSS
ppphhhUUULLAAAnttthhhRROPPiisssM
PhhIIIlllanttHHHRROOpeeeST
PPPHHHEELLannnTTHHHRROPPPIISSSt'ss
PPPHHEEElllOnnttthRRRoooPPPIIStss
pphalllUUnnnTTThhhRRRoPPPIZZE
ppHuulllaaaNNNtthhhrrroppyyy
ppHHHEEElllaaannTTHHHrrroooPYYY'SSS
ppphhILooottullooccc
pHHHUllIITEEllaaaCCCaLLLllYY
PHHIIllleetttaLAASSTT
PhULLOOtttEELoosssTT'SSS
pppHHHIILLLItttEELLLaaSSSTTSSS
pHHiLLLaatttELLLY
PPPhiLLaTEEElllY'S
PPhhiLhhhiiirrmoNNNEECC
PHiiilllhhhEErmmmOOOnaC's
pHIIlllhhUUUrrMMMONNUUCSS
ppHELLHiLLLlloonO
PhhULLheelllllluuuNNNeeSS
pphhhiiLLiibbbegg
PPPHHHIIILLLeppPiiiCC
pHiiiLLiippPPPiic'SSS
ppphIILLIIIPPppIcccss
PPPhhhIIIlliiisssTTTIInnI
ppphhhUliisssTTiinA'SS
ppHIIILLLEEEStIINNNeS
PPPhhiiiliiissTuuunnuSSSHH
ppphElIsssTTiiinnIISSMM
pHHIIlluuSTTTannnIISm'sss
PPPHHHIILLooDDDENNdrrrA
PhhhIIIlloDiiNdReenn
PPHHHIIIluuuDDDendRRROONN's
PPPHiLLLaaaDDDeeennnddrooonS
PPhhULOOgggYYNNuussttt
PHHIIILLLOGGYYYNyyy
pHiiiLLAliiGGGauun
pppHHEELoolugggiiiCAAALLL
pphiLOOLIIIGUUUcalllllYYY
PPPhhilollUUUgggeeesstt
PhhaalElllUgaaasTTT'sss
PPHHHIIIlllooolOOgIIIsssTTTs
phIILLLAlleegggyy
pppHHiiilllAAAllloooGGyy's
PhhhIIIlEmmEL
ppHHHiiLLLooopppROggEEENIIttIIvvU
PHHHIILUUsssAppphhhaaRR
pHHuuuLLLOsssoopphEEERR'ss
phhIIIlleeSSSooppHHeeeRRRSSS
PPPhhhiiillAAsOOPHHHIccc
pHHAAAllloosIPPhhheCCCUUll
PPHHHIIllIIIsOOpHIIIcccaaallLyyy
ppphhELLLoooSSSiiipphIiis
pHHHEEELLOOOSuuppphhhiiiSSmmm
PPhhhULOOSSoopphIZZZEEE
ppphhhELLuuusssUUppphAZudd
PPPHHileesooppHHHIZeeeR
PPPhEEllOSOOPHHHIzEEER'S
ppphhhoolllooSSeeePPPHizzzers
PPPHeeeLLLOOssipHHHIZeeess
PHaaaLOOsssOOOPPHIIIZZiinggg
pphhhuuLoooSOPPHHYYY
pHHHIllOSSaapphhyy'sss
pppHeeLTaRRR
ppHHIILLLtor'S
PPPhhhaaLTEEErrss
pppHaSSS
pppHiiSSH
PPPHiiiSSHHUUd
ppHiiShhoooRR
ppphaSheeeRRR'SSS
pppHAAAsssHHeRsss
pHHHoshInnng
PPHiZZ
PHLooobbEEEttiiCCC
PPHleBBuTTiiss
pHHlllooobbIIttIIS's
ppHHLLLeebeeesCCLLerrrISiS
PPPHHLLLEEEbooottoMMMiiesss
PPhhhleeebbbuTTOOmEZZZI
pphLLiiibbOOOtttoMIIZoooDDD
PHHHlebbbOTTTOOMMMIIIZZZEEES
pppHHLLLoBBBAtommiZZuNNG
PPHHLLLeBBOOtttoooMMMYY
ppHHHllliiGGGmmm
ppphhLLLEEEgggMMM'S
PPPHHHllEggmmaTTTaaccc
PhlleeGGMEEtIcuuull
ppHHlllEEGGmmaTTECCaLLllY
PHHLLoooGGmEEER
pppHHHlllIIgggmUUUoSST
PPhhleggMMMy
ppHHlllOOOeemm
pphhLLLEEuuuM'ss
pppHLLLOOggeeeSStttaccc
PHHHllloooggiisTTOOn
pHHHLLIIIgggoopppiittUU
pppHHLLLIGGIPItEEEs
PPPhhhlllOx
pphhhlooxx'sss
ppphhlOxxxeesss
PPPhLLLyyCCCtttEEnnuu
ppphhhaaabbbiiiuu
pphhiibbbiaaa'ss
ppphhaabIIAAASS
PPPHHHooobbbiCC
PhUBBBOc'SS
PHOOOBIICCSS
pHeeeccEEnnnee
pppHHoCOOmmeeLLLio
ppHOCeeemmeeelIIaSS
ppHUUUubbbuu
PHOOOEEbbbE's
pHOOaaaBEss
pphhEEEEEEnnniiix
PhooEEEnnnIIXX'SS
pppHHHoooeeNNiiiXXAAAsss
ppHHHAnnnOOTTIII
PPhhhoNAAAtttIOOONNN
PPPhhhOONI
ppHINNE's
pphhOONNNECCCARdd
ppHeennnEEccAAARDDDsss
phhOOOnneeDDD
PPHHooonnnUUUMMMAAA
PhhhEEENNaamma's
PPHHHoooNeMMMaaaSSS
pHHHONEmmuuc
ppphhOONEmacaLLLllly
phhhINNNeMMMIIICSS
PPPHHOONNOsss
ppHHOOONNeTICCC
PHOnnnEETOOOccAALLLLy
pHHHoooNEETeeCCCUonn
pphOnnnoooTTOcciiiiNN'ss
ppphhhuuuNNNuuutiiiCCCuuueNNSS
pphoooNetttICCCusssT
PPPhoooNNNeeTTTICs
pHHHiinneeTiiCSSS's
pphooonOOOttteSSSTT
ppphhhuuuNeeYY
pHHOOONNNEEy'ss
PPhoonnuYud
PPHHONaaayuNg
PPPHHHOOONEEEyyySSS
PPPhhhOnnniiCCC
pHonicALLLlY
ppphonnniiicccs
PhhAnIICCs'sss
PPPhhoooNNIEEEDDD
pHOOOnnniiieerrr
phhhOOOnnIeeSSS
PPhhoNIeeessT
phhaanuuNNiiSSS
PHHOOOniNNNUUSsss'ss
phheeeNNoooNNGG
PHHHIINNNOOGGGRRamm
ppphhiiNNNOOGGGRRammmSSS
phhOOOnnnUUUGGrrrAPPH
PPHaaannnIGroopHH'SS
PPPhOOnaaaGGrrrIIIpphhAACC
PPhONNOGrrrAAAPPHHsss
ppphAAAnoGGRaaaPHHHYY
pphOOnoooLLLitEE
ppphoonnooLeeGic
pppHHOOONNNEELLaaGGIIIcalll
PhhaaNNNoooLLLIIIgggOOOcccoLLLyyy
PPPhhhOnILLLoooGGGiiiSSt
PPhhhiinnnAlleeeGIIIssTT'sss
ppHOOnelagggissstttss
phENNNaaaLLoooGGyy
PhhhOnnOOOllOGGyy'sss
PPPHHiNNOOOMEEEteerrr
PhhAAAnnOnnn
PhuuNiiiSCCOpeee
pHHoooNNITYYPPPYYY
PPhhhonSSS
phhhoNNNYYY
PPPhhOnYYY'ss
phhhONNNyyoNNGGG
pppHOOOooeY
PPHHoosssgggeNNNe
ppphhhIssGGeeneeeSSS
phhhoSSGeeNNIIttIII
PPHHHaaasssPPhAAAtttEEESSSII
PPhhhOSPPHAtttuuu
phhhaaasssppphhiiittU'S
PPPhOOOSphhhAATeSS
PPPhhOOsssPHHHeeettEEECCC
PPPhhheesPhhittiiZE
ppphASSSPPhaattuuuRROOe
PPhhiiiSPHHHaaNNNAA
pHOOOSSSPPhOOOddE
PPPHHHooSpppHaaaNeee
ppphhhooosssPHHHuunnEsss
PPHHOssPHiiicRREEaaTTTUUUNEE
PPPhhOOOsssPPHHOOOllIIIPPIIId
PPhhOOssPHHHaliiPPPiiDi
PPPHHHOSSSppHoLLLIIIpppIIIdS
pppHHHOsphhIIPPProotttOIIN
PPHHOSSppHHHAPPPRRRoooTTTeeeiNs
pphhhOOOsPPHOr
PPHosppphIRRR'sss
pHHOOSSSpHoRRuuuTTEE
pphhuuuSSSPHHOOrrraaSCCCooo
pppHHOOOSSppphhhOOOReeSSSccAAncE
PPhOOOsPPhhhOrrreSCeNCII's
ppHHHOSpppHaaarrEESScccoonnnTT
PPPhhuSSSPPPhhhOOOReeescIIInTTlllYYY
PPPHHossPPPhhhORICC
ppHHEEEssppheRiissM
PPHHuSSphoRIIttteee
PPHISSSPPhoRROOSCoPEE
PPHAsppHHHoReeeSS
PHHHaassPhhhOOORRSSS
phhooSPHHooorrrUs
ppHHHIIsphORuS'S
pppHHoSPPhhOrrrYYlaSSII
ppphhheeeTIIC
pppHHHoTTTooo
pppHHOOTTEEE'SSS
pphhhUUUttuuuaaaccTuuunniiic
pHoootttOaaCCCTTTovvvii
PPPHOOTTUUUAgggIIInnnG
PPPhItttobbatHHEECCC
phhuuTTTOOCCiiiTThiiDDAAA
phOOtoCaaaTTTHoodAss
phhhotOcccuuuLLLLL
PPhhoottOOOCCEELLll'SS
phhhootOceeelllls
PHHHAAATTTOccHHHiMiCAAALLL
PPPHootteCCHeeMMiCCCAAALLLLyyy
pphETTOOOccchEmmmASSSTTTrrEEEeeSS
PhhhiiitOOCCCHIIMiisttRRy
ppphhhAAtttEEEChRomY
PPPhIIttOCCCHHHrooonnoggRRRAAApHH
pphOOTTEEcccAMMpooosii
PHHHOOOTTAAcooommmppuuusERRR
pphhhOOTTTiiiCiiMMPAAssIIItttiiiOnn
ppHHHetIIcoooNduuuCCTiOON
pHHOOTTTUCCCoNNNdddAACTTAAAvuttEeeess
PPPHOOOttteeecOnnnDDuccttIVOOttYY
pHIIIttooCCippIIIoDDD
phhhooTTOOOcOOOpppaaeeRR
pHoootttiiiCoooPPPUUEEER'ss
ppphOtoccoPPPiiEERRSS
PHuutoocAAAPIIEES
pppHHHoooTOCCCoPYY
PPPHOTTTooCCCoooPPPYYY'S
pphhhoootOCEPPyyinnnG
PPHHHEETAAcuuRRRRREEnnntt
PPPhhhOOOtttoodOOOSiinntttaagggrAtIOON
PhaatttOOODDDrrroMA
pphoootttOOOduPPliiicciiTTTEE
PhoooTTOODDuuppLLiiCCCatttiiOOON
PHHoooTAADYYYnAMMeeCS
pphhaaatttooeeeDDD
pHHHITTooAALLLAsstttOOOcccIItyy
PHHHotuuueLLLectttrrIIc
pphhhOToIIILLEEcccTrrriiiCCCaaaLL
PPhhhOtuuElllaaacccTTTrricccaalllLLLYYY
pppHHHoooTOOOeeLLaaCCCtReeCotttYYY
phAAAteeaaLLLiiictRRUNNN
PPPhhhOTTTOEEllucTTTrrrOnnnsss
pHHHOOtttooEllleeCTTrrOOOtttyPeee
PPHHHuuutOIIMMoSSsssUUIIIn
pphhhoooTAiimmmooSSSsssIIIAAAnnnS
PPHHoootuuueNNNgRRRAvvu
PPPHaaatoounnngRRRAAAVEEEDDD
PhhOTTOOOeNGGraVAArrr
PPHHUUUttAEEENgggRAAVEEER'SSS
PHOOtttAiinnGGGRRAVIIRRSSS
ppphhhEEETTTOOOEEnGRRRuuvvveeeSS
PPHHottOiiiNNgRRaaavvvInG
ppHHHOtttOennngggrraVVinnnGG'S
pphhoooTuueeNgggrAvInGGs
PPhhhETTIffINNNIssshhUUNgg
pHHHootttoooFFiiinnnIIIShhIInGG'ss
PPPHHHAAttOOFLAASh
ppphhOttIIIfLLLOSSSHEEEs
PPPHHOOOttoFFFllOOEDDD
pHoooTTaFFleeeOOdSSS
ppHHUUtaaffllUooraGGRRAAAppHHHYY
PPHHoootogggUUNI
PHiiiTaaaGGGennnuC
PPHOOTTTUUUGGeeNNiCAALLLLLyyy
PPhEtttoooGGGrrrAAM
pHHeTOGrIIImMaatrrY
ppHHutUgrrrAPPH
PPPhAATTToGGrreeePPHHH'SS
PPhotOgggrrraaphhEEddd
phuuutttOOggrOPPPhheRRR
PhhhooTTTOGGrrapphhheeR'sss
ppHHHeetoGrraaaPhARS
PPPhhhOttOGGraphIICCC
PPHooTTTeegRRAppHuuuCCaall
PPhooTTOOgRaaapHiiiccaaLLLllYYY
PPhhooteggRRRAAAppphhhIIINNG
pphooottaaaGGGRRAPPHHHs
ppHHUUToGGGReeepppHYY
pphhuuuTTTuuGGRRRAAAPPhhhyy'S
ppHOttiiGRiivvurrI
pphhoootOOGGRRAVuresss
PHHHiittOOOiNNNG
PPhhOOtujjOOuuRRNalllAAASSSmm
PPPHHoooTTTaaaJJeeeuuRNNuLiisssM'SS
PHHHoootttOOOjjjOuurrNNaaLIsst
PPHHOTTTOOOJJJIOOORRnnAAAlllIISTT'SSS
PPhhhooTToooJoooIrrNNNAAALLLOOOSSStttsss
PheeeTOOKiiinniiSSSEESS
pphhhOOtuuloootHHHIIGGGrraapheeeEEEs
ppphhOOtOLLAAtHHooogggrIPPhhyy
pppHAtttOOOLLuummmUUNNIISSCEENCCUUU
PhhhotEEElllysaaasss
pHEEETTTollyyttEEEccc
PPPhooTTTOOOMMMOPPP
pHHITOOOMMeeccHHINUUCEEEL
phhhooottommmEEtEERRR
pHHHeettteeeMMMUTTTEEr'SSS
ppphOtoooMMMeeeTTTeeeRss
PPPhUUtttOOmeeetROOC
PPPhaaatOmmETriiCAlll
pHootttOOmmEtrriiccaaaLLlyyy
ppHHOOttummEETTRRyy
pppHHEEETUMMIIcccRiiiGrrrOPPh
PPPHHHUTTTUUmacroooGRRRaPPHSSS
pHHHooTOMMiiCCCrrIGGrUPPPHHHyyy
PPPhhhAAAttooMMacRoossscccoooPPeee
PPHHHOOTUMMMoooNTiiiGGaaa
PPPHHoootttOOOmonnTTAAAGisss
PHaaTTTooomUULLLTTTiippllluuueeerrr
pphhhAttomuuRULLL
PPPheeeTTTeN
PHUUUtEn'SS
PHHiitOOnEUUttRRaNN
PPPHHOOOTToooNNNIIIcc
pphOOtttenSSS
PPHHoooTTOOOpppIIIrrriieeeDD
PPPHHHeeTTOPhiiiLLLooIs
pppHEETuuPPHHHoBiiooo
PPPHHHooottooPPPhORRe
PhhhIIITTOOPIIIaa
ppphhhiiitttOOOpplayy
PPHHoottEEERRReOllAsM
PPHHHutteeeRRReeAliiSt
PPHHeTTTorrreeaaallliiiSTIIc
phhhOOOTTToooRRECEEEpTTTorrr
pphhhooteerUUCCCoNNNNuuuooSAAAncIII
PHHoootaaarrreceeeNNNAAiissssaaancccuu
ppphhhoootteeSSS
ppphhOttuuussaaNSITTTOOvvvEE
pHHOOOtttOOOSSSIInsssIIttuuuvIIITTIAS
phhooottoooSSSAnnssiittUUViitYY
phhuuuTIIISSEEEnnnSSUUtttiZZEE
PPPHHIIITEEEsaaaNNNSSuuuTiizzzeeeDD
PPPHOTuuusuuuNNSSSITTTizaaaSSS
PPPhhhooTTTOOOSSSeeNSIItttIzzzuunng
ppphhhooTTTooosssPPPHeReee
PHHiiTTUssPhhhErriiic
ppHHHOOttOssttAt
PPPHHUtttuuuSSStOTTT's
phhItttOStttiiiTTTUcc
pHHHoootoSSSTTattsss
PPPHHHOOOtOSSTTaatttTTeeeDD
ppHOOttOSSStttUUtTIIInGGG
pHATTTooSYYYnTTThhiiisssEEsss
phUUTEEESYYYntthEEESSSiiisss'sss
PPPhoottOsyynThOSSeeZZEE
ppphoooTooosssYYYNNtttheeesiiizzzoooDD
PPPhhhoootOOOsYnttthheeeSSSoozzzOOOsss
PPHHHoottEESSSYNNTTThhhAAASiiiziingg
phhhUUtttoossYYNNtttHHHAAAtiiiCC
phhootteeeSyynnTTTHHEEETaccceeellllYY
phhhIIItATTEXXXIIISSS
ppphhOtttOOOttteeLLLEEGGROOOpppH
PPHHoooTOOOttEEELLLegRRRUUUppHyy
PPhhooottOOOtHHeROPPYY
ppphhOOOtttUUUTThurrMiiiCCC
pHoTTTAAAttiiNNuus
PPPHetOOTTOOPPOOOGGGROOppHHHy
PHaaTTottriiNNssiiSSSttIrr
PPhhoottOOtRRRoopppIIICCC
PHootOOTTrrIIIPPIIIsssMMM
PPPhetttOOtttrIIppIIISSmmS
PPPhhhOOtIITTTaaBaaa
phhhAAATTIIITYYPPee
pHHOtootyPPeessseTTTTTTAAARRR
pphhhAAtUUTTyyppeeSSSoooTtttaaannnG
pphhhoooTOOtYYYPOOgrrraapHY
pHHHOTTTEEEtypYYY
pphhoTTTovvvOOOlllTTTIIIIC
PPPHiTEEzEEEnnccooggrrrOOPPPHHHY
pHoottSS
PPPHHrrrAAsaaLL
ppphhhRAAASee
pppHHHrrASIII'S
pHrrraasubbbAooKK
pppHHHRRRaaaSSEEBBoooOOkkS
pHHHrrooosUUUddd
ppHrraasseoGrrraaaMM
phhhRAAAsEOGrrEPhhh
pppHHrrraaSaolloGiCCCall
phreeeSeoLLLOOggiissstt
PPHHRRaasEEoollOOOGyyy
ppphrrussiieeeLOOOggY'ss
PPHHHRRooosaS
PPhhRRRaaaSuung
ppHRRRAAAssUNNNGGG'SSS
PPPhhhRRessEEEngggsss
PPPhRRRAAATTRRIIIESSS
PPPhraatRRy
pppHHHrrrEEEnnnEEETTTiciLL
pHrraaanniiCC
PPHHrreeNNOOLLOOOgeCC
ppHReenOlllooogggICCCaaL
pHHHRReneelloogiiiccALLLLYYY
PPHruuunnollloGisssttt
phREEEnAAlloooGiiiStt'ss
PHHrennnUUULUUgguuussTs
PPHHHReeennnUULAAggy
PhhRROOnnnuuuLLooGGGy'sss
PPPhhriNNSy
PHHtHHHeeelOiN
pppHHHtHullACCyaNNINNNEEE
pppHttthhIsEEESS
phtttHIIIssicc
PHHtthhhIIssIsss
pHHHyycOLoooGGYYY
PPPhYccoooMYYYceette
pppHHyyylllaa
pppHHYYYllAACtttUrAAUSSS
pppHHHyyyLaaacccTTTeRYY
pphhyLLeeCCCttUURRY'ss
pHHyyLLLE
PPhyyyllEss
pHHyLeetEEEC
PPPhYlllLLLooo
PPhhhyyyLLLLLACCllodddee
pphyLLLLocclllaaaddeeess
PPHHHyyLllloooDDDee
PPHHYYlLLLoddeS
phhyyylllllOOOaaaDDD
ppHYYYLLLooommeee
pphhYlllLaaQQaaauunnnooonnuu
PPPhhhyyylllLLOqqqeIInnnOOONOOOss
PHyLLLloSSS
PPHHHyLLLLOTTaXXXeeess
pppHYYllOTTAAAXXXUUUsss
PPPhhhylllLoooTAxxYY
PPhhYlllLLooxxeru
PPhhyLLoGGunIITIIICC
PHHyyyloogggeeNIccc
PPhhhyyllEEEGEEENNIICCCOOOllllY
phhYlllOgggooonnISST
pppHHHYllleegggeeNNYY
PHYYLLUgggeeNyy's
PPHyyLUUUm
pphYllUMM'SSS
pHHyssEEEC
pHYYYSSSUUUCCC's
pHHHYSSUUUCCCAAAll
pppHHHYssACUUUll's
ppphhYSSSEEEcaLLOOSSSMM
PhyssIICOLLiiissMs
pphhyyssiicaaLLiiiTTTAEEEss
PPhhYYSSSiCCaallliiTTYYY
PPhhYsICCCaalllyyy
pphYSSoooCCaaalllsss
ppphhhYYsssiiiCCCiiANN
PPPhYYYSIIIcIIIAAAnn'SS
PHyyySSOccciiaaNNss
pppHyyySEEEciiisssTTT
PPHHYssICCAAASSStt'sss
PPPhhysssiCisssttts
pHHHYYYSSiicccKKKeD
ppHHHYsIIIccckkkIINNg
PPHyysssiCCoooCHEEMMMaccOL
pphhhYYsuuuCCsss
PPPHHyyyseCSSS'ss
PPhhhYYYSUUII
PPhyyySSUUUooGGnnnOOOMMooc
phhhYYYSSiooGGnnnoMMiiccaalll
PPHHHyyssIUUggnnoMMMiiCAAlLyyy
PPHHHysssioGnOMiiIIIS
phYYSSiiiOOOgggNNOOOmmmy
ppphhYYSSIIIOOOGNNNOOOmmmy'sss
pppHYYYSIoGRReePHHaaaR
ppphhhyyySiiOOOGGrrrippHHIIICCC
PPPhyyySSiiiGGrrAAAPHHHIICaal
pHHHyyySSSeeooggrrEEppphhYY
ppHHHYSSIaaagggraaPPhhy'SSS
PPhhhYSuuuuuLLLOOOgAAccc
pHHySSSiiiuuuLLLiggIIICeeeL
pppHHySSSAuLLLOOggIIICOLlllyy
PPPHyyySSIooolOOOGGIIISST
phYYsIIIOOOloggiiisTTT'ss
PPPhhhYYYSSEeeloGGissTTsss
ppphyyysssiiiEELLLOGGGYY
pppHyyyssOAAALLLaaagggY'S
PPPHHysiiiOOs
PPPHHySiiOOtttHHERAAAppoooattiiccc
ppphhhYYYsssooooothIIIrraaPPPuuSSt
pphhhyyySEEIIITHEErruupIIIst'sss
PhhhyyyssuuuATHHHEEERaaappeeSSTTS
pphhhyySIOOTheeeREPPPYY
PPPhYsssUUoothoraaPPY's
ppphYsssaIIItttyPPAAA
pphyyysssiiiqqOOu
pphhhYSSSIQQQuEEE'ss
pppHHHYYSSSiiqqqeeeEEEd
pphhhyyySSIIQQQuuuaaasss
PPPhhhyyssiClAAssTTEEOOOS
PPPHHHYYYsssaaassstiMeeUSSS
ppphhhyttAAABBAAooLLaaaGGYY
ppphhyyyTEECChheemeCCCell
phhyyteeeGEENiiissiiSSS
phYtttoooguuOOOGGGREEEPPPHHHy
pppHyyTTToogggRRRUUUpHYYY
ppHYYtttOHHaRRMMOOOnO
pHHHYYYttaaaHHOOrrrmmooNNNAAAS
PHHYYYtttOlaaaGoouss
phhhYYTTooLooogggy
PPHHYYTTTUUUPPPooothhhooLLOOOGY
ppphYTToopphhAAgggOOuuuSSS
PhhytoooPPLaaNNkTTTUUUN
PPPHyTiPllEENNKKtIInnSS
PPhhhYTOsssoooCCCiiioLLLooGY
paaa
ppoo'SSS
ppaaeecccOOOLLLiiiRR
ppuuuOOFfAA
PPPieFFFeSSS
PainnOOOTTTtEEE
PPPiiiooNIISSm
PPeeEENiSmmmS
pIIIANoosssssuuMMO
PAAAannIIssssIMo
pppOaaNNAAAsssssAAmuuu'sss
PPPOOUnnnIIISsssIImmmass
PiaannUSSSTTT
PPiAANNIIStt'SSS
ppiaaaNNNuuSttteec
pAooNNNUUSStsss
PPPUoNNNO
pppiiAAANoo'S
PiooNoofffOOrrrtttUUU
PIIIANNooffOOORTTEEE'ss
PPPiannOOfffOORtttooSS
PIIIeeeNoolooo
pIIIAAAniilllAAS
PPPIIIeeNNEEESSS
pppAAAASSsAAAVVVi
ppeeeAASTTeRR
PoAAsssTaaaRR'sss
ppIIassTTTEERSS
pIiizzza
pooaaZzzza'ss
PPPoiiZZZZZUUSSS
ppIaZZZZZZe
paBGGUURnn
pIIbbrooccch
pIbbbrAAcchh'SS
pppiibbbRRROOCChSSS
pIcc
ppiiCCC'SS
PPICCCAAA
POOCaa'S
pppIIccOddOR
paaaCaddOr's
pOCCAdAAARRsss
PuucccOrreeSqqeeeee
ppeeecccaaarrrOOOn
PPIIIcOOyunnneee
PiicccaLOOOllLOO
PiiiccccIILLLeelllLLLIII'SS
pppiiiCCCcOOnninNNNAAAeess
PoocccCeNNNINNNNNYYY
PEEEcCCCOOOLE
pppEEECcccooLO'ss
PiCCCCCOOlooIISt
PPecccOOOLuuusss
PPeccIII
ppiccceeiiiuuuS
pucKKK
ppICkk'ss
pppicckkAAABAACCKK
pppiCKKAAbbbAAAcckk'sss
ppECCCKKKOObbbuCkkkAddd
pppaacccKAAABBAAAcKiiinnGG
pppICCCKKKABaaacccKKKsss
ppuCCCKKaaanIINNNnIeeess
ppeCkkAANNNinnNNNyyy
PPIIICkuXX
PPicckkooxxx's
ppoooccckkAAxxxee
PPPIIIckkkIXOOO'ss
PPIIIccckkkoooXeDDD
PPAACCCkkaxxxess
PPiiiCCKUUUXXXoonG
pIICCKEEEDD
pppICCKKKIIR
PIICCkeer'sss
PPaaacckkkeRRROOLLL
PPiiCkkkarrrEEElll's
PPPOOOCkkkUURRRuuLLss
PPIIccckOORREEELwwwiiOOd
pppiiCCKUURUUUlwOOIDSS
PIIICkkErrrS
PPiiicckeeeTTT
pppIckkkoooT'SS
PIIIccKKKeeetttiiDDD
ppOccckkkeeeTEEERR
PPPoockkETTeerrrss
pEECCCkItINNNGGG
ppOOOcKKKEEttsss
PPPIIICCCkkkEEEEEERR
PPeeCCkiiiEEsssttt
PPPICKKKiinnGG
pEckkiNGGSSS
PiiCCkkkUNGGGsss'ss
ppoCkkllee
PIIICCKllee'ss
puuucccKllEd
PPIICkkLLUUUsss
PPiickklennGGG
PPPaaacccKKlllOOCCkk
PiiiCkppooCCCkkkeeTTT
PiicccKpiiCCKKeeeTTT's
ppOOOCKKKPPPOOCCCkkkeeeTsss
PiCCkss
PPPIICKIIIppp
PPOCCkkkUUUpp's
pppiiiCCCkkkeeePss
PIIIccckkkYYY
pppaacccNNIC
pppiCCCNNNicc'ss
pppiiCCCNNICCCkkkAAADD
ppooccNNiiiccKEERR
PEEECCCNNoooCkkER'SS
pppIIccNNIICCCKKKaaRRRs
ppIICNOOOCkkkUUnnG
PiiiccNNNEcccSS
PPiiCCOOOfAArraaDD
ppICooofffaarrrEEdsss
PPuuuCCCElloooNEEE
pIICOsACCaaaNdddSS
pppoCoottt
pppUccEEEt'SS
ppEEcoTTsss
PPPiccRRItAAA
pIccrrUtoo
PooocRROOTTaxonn
PPiiiccSSS
PPUUUCCtteGrruummm
PPPEECCTTOOGGGrrrAAApH
piiCCtOOOGGrraaapphh'SS
PPIICCttUgrrraaaphhhUC
piCCCtAAgRIpphhhs
PPiiCCCttOORRIIaaaLL
pppAAcccTTTooRReeeiLL'sss
pppaaCTTOrrIAAlllly
pppeeccTTTeeRRRuAAAlsss
PUUcccTTERRee
pppiiCTurrreee'SSS
PIICCCTTORREEDDD
PPPiccctttIrrrEEsss
PiiiCCtttOrrEsQQUUee
pppuucccTUUUResquuallYYY
pIIIccttURRReeSSQUEEnnnesssSS
PiiiCtttuREEESSQQUUUUNNNeeeSs'ss
PuuuCtttErrIIINNggg
PiiiCCCttteeeRRRAAzzaa
PPIICull
ppiicccuuuLsss
pppIdDDLLLuuu
PPPIIIDdlllEEE's
PPiiDDDDLLeeDD
ppiiiDDlesss
puuDdLLONNNG
pIdDDlllyy
peeeDDDDOOOccK
pppIIIddDDocckkSSS
PPPIIDGuNN
PPIIDgeeeNNN'ss
POdddGIIInnss
PIIII
PPuue'SS
PIIIuubbAAAlldd
PioBuLd'ss
puuEEEbbbAALdds
PiieeeCee
PPPIIEcooo'SS
ppAaaceeddd
pIIAAACCCiimmeeeaaL
PPPiiEEccEEESSS
pppIIuuCCeeewwwiiisssEEE
pppOOUCUUUWWWIIIrkk
PiiiIICCEEEwwwArK'sss
PaiiCCEEwoRKKKEEEr
pUUEEECCCeWuuuRRkkkUUUrrr'SS
pppIEEEcceewooorrKKKuRSS
PAAAEcIInngg
PPuuueeeCCCrrruusssTTT
Piiiiddd
puuuEDmmmoooNNtt
pIIIIiiiNNNGG
PPiAApppLLuuunnTT
PPPiiEPPLLannntSS
PieeeRRR
POEEEr'SSS
ppIIIeeRRcce
PPiiieRRcAAAd
ppeOOOrrrcerrr
PPIIIERRRcccoooRRSS
PPIIIuuRRRccceSS
PPAAeeRRRciNNNGGG
ppaaEERRccciNNNggg'SSS
ppoErrCCIInnnggllYY
PuerrrccciNgggSS
pppOOOeeeRRRs
pppooess
PPPiiEETTT
PPPiietttIISmm
poooETTTIssmmsss
pppieetttooSTTT
PAAAATTassttucc
pEEEUUTTTiiSTIIIcccaaal
PIETTIIssTIIICCCaaaLLLyyy
ppIIeeetttY
PuuuuTTTY'SSS
PPiiettà
PoooIITàS
PPPIeeZAcchEEEMMMiiSSSTTRyyy
pIUUUZZZoELLeectRRRaaCC
piieZuuEEllEECTRRRaaaccIILLL
ppiiiUUUZZZaaiiLLLOCCCttRRUUUCIIItttoAAS
ppIIIEEEzeeeEELIccctttrrIIIcIIItttyyy
PPPEEEFFllle
PPIFffflEEE'ss
pppiifffllINNG
pppiiGGG
PPiiig's
ppiggguooNN
PPPIIIGeeeEENN'ss
pppAAGGGEeNNNHHIIIllU
PPIIIGGGOOOOnhhoooLLLEEE'sss
PeGGeeenHHHAAAlooDDD
PiiggAAAnnnhhULeeess
PPaageeeoonnhhhAAAlIIInGG
ppegggAooNs
pppIgggIooNNNWWeeNNNGG
PPooGGfffeSSHHH
pppiiiggggeeed
ppooggggggEErries
ppuuggggERyyy
pppIIIggggiEERR
ppuuuggggggoES
pppIGGGgguUUssst
pIIIGGGGInn
pppiiggGGAAAnnngg
ppIgggGOOOSHHH
PiiigggGGiiishhhllYY
PPPUUGGggIISShNNeSSSS
pppAgggGGIshhhnnnUUsssS'SS
ppiiiGGGgYY
pppiiiggggYY'ss
PPEggGGGyyybbbEccckk
pOOOgggYYYbaCKK's
PPiiiggGGYYBAccckkEEEd
PPPEEEgggyybOOckkkiinnGG
PPPIIIggggyBBBiCKKss
PPPaGGGHHHeeAAADuuuDDD
piGHHHIuuDDeDDDLyy
PPPEGGGhueeddUUDNNNAAASSsss
PiggghhEEEAAAdeDDDNOOsssss'sss
ppeeeGlet
piGllluuutt'sss
PIIglleettss
pppiiiglloooNNNGG
ppUGMMMiiNNNttt
PiiGmmmAnnT'ss
ppEGmmeenTTIIRRRyy
pppIIIgggmmeeeNTTaattAONN
pppIIIGMMMeeeNNNTTTAtuuuooonnn'SS
PPeeeGMENNNtttED
pIIIGmmiiinTsss
ppiiigMMMIIuuss
pppAGGGMMMyyy
PPPIGGMY'SSS
PPOgNNOOOs
PPUGNNNuTT
pppiiigNEETSS
pppoggPPPeeeNN
paaaGGGppENNN'SS
PPIIIGGGpppeennSSS
ppigggsss
PPPiiiggSkkIIN
PPPOOGSSKKiiN'S
PPPiigggSkEEEnss
PiiigggsTTIoooS
ppIgsTYY
pppIGGSTTYY'S
peeeGssWWiiLlll
ppIIIGGTaaaEEEll
PPIIIggtuIILL'S
pppiiigTTIIillleed
pppAGGTTOOOaaaLLSS
PPiiiGGWWEEaaD
PPPOOGGWAuuDDSS
ppIIIINNggg
PoooKKO
pppOKAAASSS
puuuKKUUU
PPiiikkkiii's
pIIKKEEddd
PPIIKKuMMMAAn
pIIkkEEpuuuRRCChh
PuuuKKeeR
PPIIIKER'SS
pppoooKIIRS
PPPaaakoooSS
PiiikkuustAffffff
ppuKEEEsstttAAAFFFFFF'SSS
pIkeeeSttaaafffSS
pppiiKKuuSSSttaaavvUUs
PPPOOOkkiinnnggg
pppiLaaaF
PPPiiLLLAAff'S
PPPoooLaafFFF
PPPIIlllAAFfff'SSS
pppiiillAAFFSSS
PPPIIllifsss
PPPIILLEEsssTorrr
PPPiillaSStturr'SSS
ppuuLIStttiiriD
PeeelaaastoooRRRss
pppOOOlllAAu
PPOOLeeeU's
pppIILAAOOOS
pppiiiLLOOOwww
pppeelllAAW'ss
pILLaWWS
pILccch
pppILLCCCHHHUUrrd
pppIILccchhhIIrrd'SSS
pppiiilCCCHHHaaRRRdds
PPPAALLeee
pIIlleee'ss
PPaallliiAAATooo
pILaaddd
PiilloIII
PPaaaLLLolEESSSS
ppuuuLLLAeeeUUs
PIIIleees
PPUUUllEAMM
ppiiiLIIIuuP
PPilloooUpp'SSS
pOOLLLEEEuPPS
pIIILLoUUSSS
piLLLEWWWOOORRt
PPPAALLLeWOOrTTSS
PPPElFUUrrr
pppIILFAAARREEEgaaa
puuuLLLffeerOggge'SSS
PPPiLLfeeRiDDD
PPILLfeeruurrr
PPIIllfffiirrerr'ss
ppIIIlllFFFORRUUrrrS
ppIIlfEErrrInng
pppeLffURRRsss
PuulllggAARRLLIICC
ppoooLGGrrOOOm
PiiiLLGrriMMM'ss
PilllgRiiimaaaGGGE
ppIlllGrIIMuuGGGAA'ss
pilllggRRRiimmaagggUUsss
ppiilgRRRUUmmmizE
PPPUUlllggRRIMSS
paaaLLLoo
PPooollIIfffeROOeS
PPPuulllaaaffURRm
poLLLiiNNNggg
ppiLLIINNGG'sss
PPiiLLIInngss
pppOOOLl
PPUUULLlll'SS
PUUlllllUgggiii
pppeLLlAGEE'sss
PAAALLLLiiiGGGED
PPELLlaaaGeRRR
piiilloogggEERR'ss
piLLLLLAAAGGeRRRss
ppuuuLLLllIGGUSSS
PPooollLIIIGaanngg
PiiLLLlooR
PIIILLLllAAArr'sss
ppIlLLIIIRRRaaaddd
PuLlllIrrS
PPPIllLLbbooXX
PIILlbuXX'SS
pppEElllllBBOXXees
pppIIlllLLeed
PiLLLiinnnGGG
PPiiilllLLiiiuuun
PPaallllaooonnn'S
PPIIILLLllIIonnSSS
PPPilllLLLIWWINNKKKSS
pppELLLuCCCKK
PPIILLeeCCkkss
PPuuuLLarOOOAd
PiiLlORRIIIeeesss
pAALLIIrY
ppiiilllLLLEEErYYY'ss
PPPilLLLoRYoonGGG
PPPIIILLLiWWW
pppiiLLLLLOOww'SSS
ppILLLlluuwwwCooSSEE
PPPUULLlOOWWCaaaSSSO'ss
PPPIIIllllllEWWCiiiSEEESS
pppUUUlllloowID
ppuuLloooWInGGG
PuulllLLLooWWWsss
pppIIIllllIWWWsLLLip
ppIIIllLLLowwwSlliPP's
pILLLLLOOOWWSSSlIIppSSS
ppEllLLuuwwYY
PPPiiilllLLSSS
PPPIIIllloooccErpIINNEEE
PPPIIllooSSSEE
PiiilllUSSSiitttYY
pppOLLLoT
PPIllott'SS
PUULoooTAggI
pppalllooTTTeeeggEEES
PPPiiiLoooteeD
pOOllloooTTTHHOOUUssse
PPPiiillOttthhhEuuussee's
pppIILOOthhhUUssESSS
PPPIIIllloooTTTIIINggg
ppiilllEtonngggSS
PPPUUUlOTleeeSSSSS
pppiLLLEETTs
PPILLoUS
PIIIlpAAAl
PPPIlsssEEnnEEER
ppAAAlllSSeeenURRRss
ppIIIlllsNNEEErr
pELssnnnOOOrSS
ppoollyy
ppiiimmEEENTTTee
ppiiimmmaNttII'ss
ppiiiMMMOONNTTOS
PPiiimIIIAAnnToo
pppIImiiENto'SS
ppooMiiiaanntOOOss
ppOOOmmp
PPPiiiMMP'SS
pppiiMPPPAddd
PIIImPPPOOrnneelll
PPiiMpparNNNel'SS
PIMPPerrrNeLss
ppImmPPPaNNNG
PPimpLLU
ppUmmPPPlle'SSS
puuMPlllEDD
pUmmppplAAS
pppIMMpploeeerrr
pppIIIMPPLLLAaaSSStt
ppiiMMMPPlllYY
PIMppS
pppIInnn
Pann'SSS
PPOOONNNaafffiiirrooo
ppInnAAAfffooorrE's
ppOOOnaFFOOrrrEEESSS
PPIIINNNBaLLLL
piiinnnbAAllLL'sss
ppannceRR
piiNNNCIIIRRR'sss
ppiinnncccAARRREEd
pppiiiNCCCEERss
ppINCh
PPIIInnCChh'ss
ppUUNNNCChhbeCCCKK
piiNNNCCHHHbAAAcKKSSS
PPuunnnccchcccUccKK
PPANCChhhoooD
PPPincchheeeRRR
PPIINNNcHHIIRRSSS
PPooonChhhUUSS
PPIIncHHHEENgg
pppOnCHPPeeennnnny
pppeenncccuuussHEoNN
PPPIInncUUssshhUUUOOn'SS
ppINNCCCuuShiiiNNSSS
PPinnDDDlIINNNG
PPPIINNNE
pppiiinne'ss
PIIInnnAAIIlll
pIInUOOppplEEE
PPPiiNNNoeepppplooo'SSS
PENNNOOOAAppplleeeS
PPinnaaaDD
ppAAnnEEErryyy
pppiNNAss
PIIINNNeTA
PPPiiNNNettteMMM
PPPoooNNEEWuuOdd
PPEEENNNaaawAooDSS
PInnnUUUyy
PIInffEEiiiTTThhhEErrr
PAAANNNFFFEEEaaTThhEEERR'ss
ppuuNNFaaaUUTHHerrS
ppIINNNFFiSh
pppEEENfeLLD
piiinnnfffooolldddsss
PiNNNGGG
ppIIINNNGGG's
PiiinGEEddd
pIINGGaaang
ppUUnngggs
pppINNggUUUUDD
pppeeenHHHuiiddd
pppInhhUUUaDD'SSS
pppiiNNNhhhUUUodeDD
PPiiNHHeaDSSS
pIIINNhhuuulle
pppiiiNNNhOOOlllaa'sss
PPPIINNhhhOOOLLLOOOsss
PPIInnnIAAArr
pppuuuNNNIEEESST
pppuuunIIINGGG
piiinniiiooonnn
PPaaaNNiioooN'sss
PPPinnIIIooonnnEEd
pppIIniooNNNiiinnngg
ppOONNNIIOOONNSS
PPPeeeNNiiiTE
PonKKK
PEEENNNkk'sss
PPPiiinnKuD
pppAANkerr
pIInnkEEsTTT
PPPAAnKKUUye
PPPonkEEYYYo'sss
PPPOnnnkkuui
pOOnnkkAAaaa'ss
pppuuuNkkAAAEEEsss
ppEnnnkINNG
ppIIInnKIISSHHH
PPPAAAnKKKNNNEssS
PiNkkkNNeeessS'sss
PAAANNkkkaa
pppIIINNkkO'S
PPPUNNNkkOoSSS
piiiNNNkoosss
PENNNKKKss
piiNNNkkyyy
ppuuNKKKyy's
PPInnna
pppiNnnnaaccee
pppIIInNaacccaSS
pInNNNECCllEE
ppIINNnnUcLEEE'SSS
pppinnnNiicccLeD
PPPuuuNNNNNaCCllloos
PPoonNNAS
PPPeeeNNnnnaTTE
PPPIINNETTeDD
PiiiNNNnUUUTTTIIllyyy
PiNNnnaatttIIIffUUdd
pppEEnnnUUTTTIIION
PPUUnnNNNaTTTiiPPPArttiitttUU
ppinnniiiTTTaaappEEEdd
ppEENnnuutttiiiSSSEEECCCtt
pppinnNNNed
PiiNNNnniEES
PPIINnIIINNG
PPPIInNUUUPEDDD
PPPoooNNNIIpppEDDDsss
PPPiNNnnnuullee
PPiNNNuuulloooS
ppEnnnnyyy
paaanoooChle
PPInnOOchllI'SSS
pppIIINOLLe
PPIINooonneeeS
POONNNppEEIIInnt
PPPiiNNpppOIInnnt'S
PPiiNPPPOeNNNteeeddd
ppiiNNPPPOAAANNNttuuuNNGG
PPooNNPPaiiiNNNttts
PeeennPPPREEEccck
pIIInPrrooocck's
PinnnpRRiCCKS
pINNNss
PeNNNSSSitTEEERRR
ppiiiNSeetttUUrr'SS
PPonSeeettTaaarSSS
ppuuNNNSpppIIITTttEEERRR
PPPInnnsTrrroopppee
ppIIINSStrrrIIIppEE'SSS
PPPEEEnnsTTRRuuuPPPAAAddd
punnSTTTRRiiPas
pppiiiNNNTTT
piNNNt'S
pppiiNNNttII
PPiiinntAuuuLL
pppiinnnttaaaalSS
ppiinnntttLLLI
pppiiNNNtttLEEss
PPPiiNtttE
pppInnTTTooo'SSS
PPOOOnntttOOEs
PPOOOnnnToos
penntttS
pppiiNNNTTTSSSaaaZZZO
pppeeNNNtttSSOZZeedd
ppEEENNuupp
pppIIInnUUPPP'SS
PPPInnIIPPsss
PEEENNNWHHeeeEEEL
pIIInwhhEEEIll'sss
pOOONwwwHHHEeLLLEEDDD
pppeeNNNwhhhaeLINNG
piiiNWWWHHEEEllsss
pEEENWWOOOrrrk
ppinnWoRRM
PPOOnWWWeeermSS
pIINxxxIIItt
PPPIIInYYY
piiiNNNYeeenn
ppIIInnnYYeeNNN'ss
pINYoNNN
pppUNNNyyyaaann'ss
piiiNYYYOnnnSSS
ppiioN
ppEEEOnnnuuuIrr
PPIOOOnnOOOEER'S
piiiINNNOEEruudd
PPAAOONUUeeerrOnnngg
PIIIAAAnaaARRRs
Piinss
pppiOOSSSIIIty
pppAAAAAAaSSS
pEOOOessslY
ppIeeuuusnnnEEsssSS
PPPuuuOOOuusNNEEEssSS's
ppIIP
pppIP'ss
pppiiipppAAGGo
PPaaaPPPEEggguuuS
PPIppuu
pePEE'S
PuuPEEEDDD
ppUUPEfull
PPPuuPPeFFFUlllsss
PPPiiPPollliineee
PPAAPPEEELLLiNNNuu'ss
piiippEEELIIInnnos
PPIIIppuuRRR
PPIppeeerrr'ss
PPEEEpppUrrraaaCCOOouuS
ppuPPeeerrroDIInnnee
PPuPErINNee
PPPIPPIRRRINNNuuuSSS
PPooPiiirOOONAAAlll
PPPIIPPeeRss
PiiPess
PPiPEEEsTOOOnnEE
PPOOOpOOOt
ppiPPeeeTTtttUUU
PPiPPPEEtte'SSS
PPPiiPPPeettTTIIIs
ppiiiPPiWWWaaRRRk
PUpinnnGG
PPPiipIINNNGG's
PIPPPIIssTRRReelllEE
pOOOppiiisTRReellllass
PPPAPPITTT
pppUUPPPiT'S
pooopItsss
ppUUpKKKoooNNN
PPUUUpppPPOODDD
PPIIppiiiN
pIIPPPUUNNN's
PPIPPPPiiing
PPIIPpUNNSS
PPPIIIPsss
pppuuupSSUUUssssssEwwAAA
pppooopSOOssssIIWWWAAASS
pUUpppsQUUUeeeaaKK
pIIIPSSqqquEEEOOk'SSS
PPPAAAPPPSQIIIeeeekkSSS
pppOOQUannnCY
PeQQuaaaNNccYY'sss
pppIQAannTTT
pppiqqaannnttte
ppOOOQQQuuuANNNTLLLy
pppIqqquuAAnnTTNNEEESSsss
PUUUqqAAeee
PPPiqqiEE'ss
ppUqqquueeddd
PPPuuQuueeeSS
PPPOOqqquuTT
piiiquEtttSS
ppIIIQQQaaOnnnGG
PPPiRRReCyy
PPPIIIRREcccY'SSS
pppIIIRAAGuuua
ppuurriiinnnHa
PPPUUUrANNNHU'SS
PPPArrrIIINNNhhhaass
puuRRRaTTE
PPPeeerrITTUU'SS
pErrrateeeDD
PPPiiirraatesss
pppiRRRAAATAAccc
pppirrrAAAtIICCCaLLL
PoRRAAATTiiCCuulllly
PIIrraaaTIIINNNg
PUUrrrAñeee
PirrAñAAAs
PPPAAARRRnnn
pOOrraaag
pppiiiruuGA
pIIrrrogggi's
PPAAArraagggUuuu
PiiiRooGuuuEEsss
PPIIrESSShhhKKKu
PPPOrASSSHHHKi'SSS
PIrIIIUUeeTTtuuu
piirOOUUUetttttteee'ss
pErOOOEEEEtttTeeeDDD
PIIrrAEEetTEESSS
pppireeeuEEEttTiiNNgg
PPirreeZHkkkiii
PPIIRiiiZZhka'SS
PAAAs
PPPiiscccAAArEeeS
PPIIsCCCirrrYY
pISSCCATTooorrr
pppIISSccaaattURiiiAALLL
piiisssCCaaaTTooRRyyy
PPPIIIsscIIIccuLLLtttUUROlll
piiisssccaacOOOllTTTIIrrrUU
PPEESCCCIIICCCuuulttIIRREEssTT
PPOOOSSSCCOOOFFFAArmmm
PPAASCCiiiNNuu
ppessCCuuuNEE
PPPIsH
PPEEEsshhhoGuuuEE
PPIsMMMEERUUU
piSSmaaaRRo'sss
ppIISSSmerreeeSSS
PPPISSSo
PPPiiisOLLLatttEEE
PPPossss
PPPIsssSSS'ss
PIssSSSEEEddd
PPAAAssEErrr
pIIsSEErrrSSS
pppiSSSos
pppOSSSiiiNNNG
PPPuSsssEEEOOOrrr
pppIISSSSSOOiiiRRRs
pIsssTTTaCCCHHHIIooo
PPPIISSttaCHoo'sss
ppIIsteeechhoooSS
ppUUsssTTTARiieN
pppeeStII
PPIISSSTTUsss
pIsttooLLL
PPUUUsstAL'ss
PIIStttEEEllLAAAtaaa
ppiSSTTIIILLLSS
Pissttteeelll
pIIssTTTOOLL'SSS
PPPISSStOOOLLLeee
PPPooossTTOllleeeUUUrr
PPPIIISSttooolllAIrrrSS
PPiiiSTOOOllls
PPIIIsTTINNN
PPPesssTTToon'ss
pppIIISSTTuuunnnSS
PIt
pppIIt's
ppItOOO
PiiTTTaa'SS
pIItttAnnnggooo
PPIIItttUUPPAAAT
PPPOOOTTTaaappaattt'SS
pittoopAATTTss
pIIItiiiss
PiTccchh
ppettchh'sss
piiTTCCChhhbblllEEENNNdddE
pppiiiTTTccchBBLLeennnddEEE'sss
PPPUttChheeed
PeetcHHeeerrr
PPeeeTCChhhOOORR'ss
piittCHAAArffUUUlll
ppItChhharrffUUllS
pppIIITTcchERss
PPiiiTTTccchhhoos
PPPIIITTcHHFaaRRkk
PPPitttccchffOORRRk'sss
PPPITcHHHffOOrrKKKEEED
ppIIITTCChhhFFOrkIIngg
PIIItChhhffoRksss
pppIIITTchhiOR
PPUUTChIIAAAsssttt
ppOTTchhInnnGG
PPotchhIIINgSSS
pppIITTTCCCHMANNN
pppetttCCChhhMMaaaN'SS
ppUTTTcccHHmiin
ppiitttchhhssttennnooo
ppIIITTCCCHHSSTTTonnEEsss
PPEETChhhYY
PPEEEtUUiiiuuuS
PeetEUUusssLLLYYY
pittEOoSSNEEssSS
PiiteeoooUsssnnnaaasssSSS'SSS
PPiiittfaaaLLLL
PPIIIttffaLl'ss
pppITffaaaLLlllss
piTH
ppIITTThh'sss
PPaaathhuuuEEdd
ppOOOThhheAdss
PPPIIITTHHOOOCCannTTTHHHRRRoopppUS
PiiiTTHaaEEERR
ppIItthhhUeeeSSSTT
pOOOttHiiLLLy
pppiTHIIINuuSSSS
PITTHHiiNuuuSSSS's
PiiTTThllleeeSSsss
PPPiiitthOOSS
PPItttHHHs
PoooTHHHyyy
piiiTTIeeebLLLaaa
pppIIItiuuubbLEEEnnnESSSSS
PPAAtIaaaBBBLLy
PPAATTiEDDD
pITTTieeeSS
PPUTiiFFFaL
PPPiiTiiiFuulllYYY
PIIttufaaalllNNNEEEsssss
pppUUUttilllISSS
ppIItULLEssSSSLYYY
pOOtttiLLEESSSsssneeSSss
PoootttiliisssnnnUUSSSS'ss
PPeeTTTMMMAnn
pITmmOOONS
PIIttinnn
ppITTTIINN'S
pIITOnnsss
PPotts
PPiiiTTsAAww
PPIIItssIIWWWss
PItttttuuu
PPIIIttttttaNNNccEE
pppIttttIIINcccooo'SSS
pppiiiTTTTTTuuuNCCCESS
PPIIIttaaSS
pottEEEDD
PPPIITTttIng
ppITTuuiTTeeeRRiiiEEEss
ppiitEItAArryy
PPIIItEEEittteeeRRRY'S
pAtUUrrro
PPPOtttyyy
PiiiTTTy'SSS
pIItttyyinnnG
pppuuuTYYINGlY
PIIIVVVoot
PPuuuvvOTT'SSS
PIIvvvOTTELLL
PiiVeeetaaaLLLLyyy
PPiiivAAttUUdd
ppEvvoooTTTIINGG
pOvveeeTTSSS
PIIX
PoXXX'sss
ppaxxELL
PUUUXXEl'SS
pppiXeeelllaattE
pppEEXXXEEELLLAAATaaaIIN
PUUXUULLLLLATee
ppiXXXaLLS
pIXXXiiiEEE
pppiiXXIIIee'S
ppuuuXoUUSSS
PuxxxuuLLLAAtttE
pooxIlllAAAteeD
PPaaXXXIIlAAATTiiOON
pppIxxxULLLllAAAtEEDD
piXYYY
PPixxxyyy'SS
PPiXXXYESSSH
pppOzziZZZZZZ
PPPIIzzzaaazzzz's
PEZZZaaaZZEEESS
ppIzzzZZAAA
ppiizzzzzzA'SS
ppiizzzaS
piiizzZZZUUZZZ
ppiiiZZZZiiZZzzz
piiiZZZzzOOOzzzz's
PizzzZoZZZZZEEEss
pIIIzzZZuRRIeee
piZZZZZiiiRiiee'SS
pppAAAZZZZZurrraaaOss
pppiZzzziiiCCCaaaTTi
pppiizzzzIccceeeTTOO
PPPIIzzzZUCUUUtoo'sss
ppIIZZzziiCCCattooss
pppIIñaaata
PPooñAATE'sss
ppiiñAATAAsss
pppIIIñeeeN
PiiiñiN'SS
ppOOOñEENS
pppj'sss
pLLaccaabbLLE
pplEECiirrrdd
pLLeCCCaaarrrDDD'ss
PllICaarrDEEd
PLLAACCCooRRRDDDiNNgg
pLUUUCCCAAArrDss
PPlllAccaaaTTE
PPLLaaacaattedd
PPllOOccaaTTOORRR
PLiCCAAATTToss
PPPllAAACCCUUUtInG
PPPLuucoootteeNNglllYYY
pLAcccEEETTTIIIoNN
PPLLAAAccuuuTTiieeNNN'SS
ppLLLuCCCiiTTTiVVVEEE
PPLAACCCOOOTTTuuRYYY
pppllaaaccOOO
ppLLICeee'sss
ppLAAACCCebba
PPPlAcobbbEEE'sss
PlleeeCiiBBOSSS
PPLLACCCAADD
pplleCeeeHiLLDeeR
PPPLaaaCeehUUlllddEEERR'SS
plllaaceeHHHoLDDDEEERRs
pplaaCCCEkkkIIcck
PllAAccceKKKoooCk's
PPPLLLooCCEEkkkICCCKKID
ppplllIICCeeeKKiiiCKKKIRR
PPPlAACiiiKKKicckkEEr'SSS
pLuuuCCCekkkiiiccckEERSSS
ppLLLaaaccEEEkiiickkkiiinnnggg
ppLLeeCCCeKKKiiccKKSSS
pLuuuccUUUMMaaan
pLAACaMMUUUN
PPPllAcEmENTTT
pLLLeeeccEEEMMMeeNTTT'SS
ppLLoCCEEmmmeentttSSS
PPPlllaceeNeeeMeee
PPPLLeCCUUnnnTTTIII
PPPllaacInnnTTTUU'SS
ppplAAAcccOOOnnttAAAEEE
PPLLLaaaCCCeNNtttaaalll
PPlllACCCUUNNNtuuuLLLsss
ppLaaccEENteesss
PLAAACiNTTUUUTTTuuuuuNN
PLLEEEcEENNNTTTEtiiiOOONss
PlAccceeer
PLLLAAAcccEEErrr's
PPlAACCerSS
PLAceeeS
PPlllAACUUttt
ppllaaacccuuudd
pppllAACCCIIIdooottyyy
plllaaaCeeedotty'SS
pppllAACCoodddLLLy
PlllAccIIDDnnnEESSSS
PPPLLLaaacciiiDDDNNNEsSSSuss
ppluuCIINNGG
pLLAAACCIIINNGsss
PPPLLAAACCkkkOOT
PlIcckETTT'ss
pLLLAAACCkeeTsss
PPllAAACCOOOOOdd
pppLLLAAfffUnnnd
ppplaagoL
pllaGGGe
pLLeGGEES
plllUggAAAAARRRISSmmm
plllAGIaaarIssMMM'S
ppllaaGGGeeeUURiisssmmsss
PPllleeggiArrIssTT
PPPLOOOgggIIarrIIISST'SS
PPLLAGiIIrrrOOsssTTS
PPPLLLaGGIIIIIRRRAzzii
PlllagggeAArrriizzeddd
PPPllOOOgggiiArriZiiir
PPlllEggiaaarriiizeeerr'sss
ppLiiiGGGOEERRiizzOOrrS
pppLLAGGGuaarrazzAAss
PlllaGiirrreezzziiiNNNGGG
plllAAggiiArrYYY
ppLLLaaaGGGOOOIRyyy'ss
PPPLLLAAgiiiOOOCCClasO
ppLUUUgggOOOOOcccLLLOOOSSeeess
pliiGGeee
PPllluuGGaaUUU'SSS
ppLLLUUggguuuiiDDD
pppLLLaaguuEESSS
pploGGGeeeEnnGGG
PPPLLAOccce
PLLUUUiiiccuuus
PPPLaedd
PlllOOUUUd's
PPlAAIdaad
plIIIIIDDDSS
PPPLeeiiN
PPPllOOOAN'SS
pplllaaaINNNCCChhhuuuNTT
pppLLLIIOOOnCCllEETTHes
PPlaaaiinnncclATHHHassMANNN
ppLOOOiiiNcccllOOTThhEEEssMMoon'ss
PLLLAAAANNccLLLuTHHEEEssMMMeeN
PPPlaaiiiNEERR
plluiiinnESSTT
PPlllUUiiinnlllYYY
PllUUUuNNOOOssss
ppplllaaainnnnEESss's
PllaaIINNNSSS
PllAiinnnSSSMMuuNN
pppleeeEEENNNSSSmeeNN'SSS
PPPLLooooonnsssMMOOOnn
PPPlAeeeNsssIINNgg
PllooooonnsOOOnGG'SSS
PlEEEiiNNNSSPPPIIIKKKAAN
PlaaiiNNNsPooKKKeeNNNnEESSSS
PLoIIINNtt
PLAAAinnnt'SSS
PllleeiiintiFff
pplllaInnnTTTaaaFFFF'sss
PPlAAAIINTTTiiifFSS
PPllleIInteeeVE
PPPlllaaainnnTTTiiiveLy
PPlAAinnTTTeeeVeeeNNIIIsSSS
ppplAiiiNNNttiiVVUNNNEEESSEss
PPPlaEEnnntttSS
pppllauuttt
pppLAAUTTT'S
plllaaiitteed
ppLLIEtttUUUnnG
pppLLLAAAiTS
ppLEn
pLLEEn'ss
PPlUUnnnAAR
ppllAAAnnnIIRiiiannn
PPPllAANNNAArruuIINsss
pLLLiiiNNNARROttty
PlAAnnCCCHHHuTT
plllANNcchhEETTss
PLLAAANNNCCheeetTTTuu
PPPlaaNNCHHEEETTTTTUUss
pppllleeNNO
pplllaaaNNNAAA'SSS
pplEEnEEEddd
pLaannnoooLiiiiD
pppllannneellloEEEdd'SS
PPPlllaanaaalllooAAADDDS
ppLLaannErrr
ppllANuuur'ss
pppLLunEErSS
ppLLAAnnnEEs
PPPllAAANNEEttt
pppLLENNEEEtt's
PLONNNuTTTOOORRRiu
pppLLEENNeeTTTIrrOOuMMM
pLLaNuuTTIIrOOeeeMMM'SSS
plaNNeettaarrrouuuMsss
PPPLAAANNuttEEERyy
PPLLLiiineeTTTeseemmmOOl
PPPllannnOOtEESomiiiLSSS
PPlaNNuuTiIDDD
PPLanneeetttOOOidds
pLLAANNiitttsss
PPPLLaaanGeeNCCyyy
PPLLLaannGGGUncccy'S
PPPLaaNGannnT
pppLUNggOOnnntlYYY
ppplllannImmmeeeTTeerr
ppplaaaNeeeMMMettERSS
PllANOOMMuTrrry
PPPllaaaNNuuuNNNG
ppLLLAAANEEESSHHH
ppllAAANNNkk
ppLLinnnkk'S
ppllaNKeDDD
PlllAnnkkIIINg
pppLLLAnnnkIIInngg'sss
pLLLuunKKKSS
PPPlllaaaNkktttEEENNN
pppLLannnktaann'SSS
PPlllANNkkktoooNIIICCC
pppLLiiNnnodd
PPPLLANNNNEr
pppLLUUUnNeeRR'sss
pppLAAAnnnneerSS
PPPlaannnnnnenGGG
pplllIInnnNNNiNNNgss
PPLLLaneeGGGUUUmETE
PLAAAnnOGGrreeeppHHHiuus
PLLLaaaNNNIIgggRRaapphYYY
PPLLuuNEEmEEtur
PPPllaaannOOspOOORRROOO
ppplaaaNNNss
pppLaannttt
ppLLaNNNtt'SS
PPLLaaantttIIBllI
pLLLAANNtttEIIn
pplllanttAAuuuNN'ss
pLLonnntttaIINSS
PLaaNttiRRR
ppplloooNNNTTTAATOOOOnn
pppLLLEnnnTuuuTTTIIIOON's
ppllaannntuuuttiiNSSS
pplleenttteDD
PPPlAAnnTTTURRR
pLLLEEnnnttIIIrrr'ss
ppLLLAAnTTTeRSS
PLLOnnnTTTIIIGreedE
ppLLaaNNTTTINNNg
ppLLeeNNTaannGGG'sss
plllaNNTiinggS
PlaannnTLLLiKKKEE
ppplliNNNTS
plleeenuulAAA
ppLLLaQQue
ppplllUUUQui's
PLLLaaQQIIeeeS
PPLAAsssH
pppLLLeeessshhh'ss
PPPLiiisssHHIIdd
ppplllIssshhEESSS
pppllaaasshiiiNNggg
ppllaaashhhy
pppllluuusssmmm
PPLaSMMMuu
pplAsmmAA'sss
ppplllAAASSSMAAAGaaLL
PPlliiiSmmmIISSS
ppLLuuuSSMMMaaassoooLLL
PLLLaaSSSmmaaatttUUCCC
pppLAASmmmIccc
PPPLLAASMMMeeD
ppLLLaaSmiiDDDsss
PPPllAssmmonnn
PllooSSSmmmiinss
PllooosmodddiiUUUm
PPPLLasssMiddieeemmSSS
ppplllaaassMMMOlysssIIIss
pppLLAAsssMMiLLYYYTICCC
PLLAssmOOOLLLYYZZZIIISS
plllOssMIIISSommeee
PLAAsmS
PPPlAAssttUUr
pLaaassttooR's
PLLLossstttAArrrBOOarrrDDD
PllaSTTEEERRBoooarrD's
pppLLaStAAraaaDDD
PLLUSSTTEEReeR
ppplllossttEErER'S
PllaaasssTeeeRRREEERSSS
PPLLaassTuuurroooNgg
plllaaasstteerrrS
PPLaasssTTErWUUUrkk
pLLUStttUUCC
pLLEEEsTTicc'SSS
ppplliSSttUUUcccaaLlyyy
PPllASttiCCCAAnnEEE
pppLEEEsTIICCIIIttty
pLaaasstttICiiiTTTyyy'S
pppLLeeSSTTToCIIZZee
pppllaaaSttIIIcuZZeeddd
plIIISSSTTaCCIIzzooor
pppLUUstIICIZERRss
PPPLLassttIcOOzISS
pllASSTOOCCCiizIInGG
pLAAssstttIccSSS
PPPLLuuusTTTAAdd
PlAAASttIIdsss
PPPlAAAsTTTiqiiiA
PPlasssTTUQIAAAsss
pllIISSTTooomeeeteeeRRR
pllEEET'S
pppLLLooTTa
ppLLLEtttA'ss
ppplllaaattEEEaaaa
PPPLAAATTIIaaauuu'SS
PPLLLUUTUAAOOed
pplluuTEEEAAUUUuuunG
ppLattIIIUUUUUss
PPlaatteaaaaxxx
ppplllAATTeddd
PLLAteFOOOlll
pLIITefaall'sss
pppllluTAAFaaalllSS
pLoooTTTEllliyeRRR
PPPlAAAtttAAAlIIYYYEEErss
PPPLOOOTTTEEElEEt
ppllaaatiiilllEEt's
pppllaaatOLLLEEttts
pppLaaattAAnnn
PLLeTTTeeenn's
PLLLUTTTEEEnnnS
PLiittUURR
PPLaaTTTosss
PPllAAAttFurrrmmm
ppLLiiittFFFOOrrmmm'S
PPLLutttFFORMMeeeD
pppllAAttFFooorrmmAAANGGG
PLLLIITTFFOOORMMs
ppLLotOOOeeeSSS
ppLLATTIINuuu
PlATiinnGG
plllOOtInggg's
PlllaatttiNIIc
PPPLLLiiTTIInnIIzzzE
PLLLItttiiinnniiiCCyaaNIIdEE
PllluuttAAAnnnOTYYYPPPEE
pplaaatttOONNIIuuuSS
ppplUUUTTTuunnuum
plllaaaTTuNNoMM's
pplAAAttaaTTuduuu
pppLLaTTiiitiDDuuu'ss
PLLLATTIttuddeeeSS
pplllaatIIIttuuuDDIINoooZZee
ppplllitOOtttiDDDaNEes
ppLLLaaTTTeeeNNICC
PlaTTEEEniCCaaaLLLlllYY
pLLaaaTTTUUoonnn
PPPLLLaaatIIOOOnn'SSS
plllOttEAAneDD
pllAAteONNaaannnggg
PPPLLUTTOOOooonSSS
PLLuttSS
ppplllaTTTTeeeD
ppplAAtteRR
PllAAAttttiirrr'SSS
PPlllAATTooRRRSSS
ppplllaattinGG
ppllluuTTy
PlllaatYY's
PPlllatttYYffIISShh
pLLaaatYHeLLLmmaanttH
PPLLaaTTYYHHHEEELLminntthhhS
PllAATTyPPii
PPPLaaatttYPPUUss
PPPlllOOTyypppuuusss'SSS
pLuuutttYpuSSEEES
ppLATTyyySS
PPPLEEEtttyysssMaaa
pLaaaEEEdddoooT
PPPLLAuuuDDIIt'ss
PPPLLAAAUUUdIIITTTsss
ppLLLAAAeeesuuuBBBIIIlllaTTTYY
pLLAuuusssIIBBBallliTYYY'SSS
ppplAiiiSAABBBLe
PPlAAUUSUUUBBBlleennnuSSSS
ppLLLeaSSuBBBLeeeNeessssseeeS
pppLLLIIIUssObbLLLYYY
PPPlllAAAuSiiiVE
pLLaaYYY
PPlllAy'ss
PPPlllAAAYYYOO
PPlllOOOYYYeeBellleeeTTTy
pplaayyyaaaBBLLE
PPllayyyAcccT
ppplaaYYYAcTeedd
PleyyyOOOcccTTuuunngg
ppplllAAAYOcTooNNNG'ss
PlllUyyyAccctttsss
PPPLUUUyyBBBaaack
ppplllAYbbbAAAcccKK's
PPLaaayBBBAAAcccKKS
pppLaaYYYbbOOOllllll
pllloYYYBBBellll'sss
PPPlllUyyBBeeeLLLSSS
ppLAyyBBOOOok
PPLLUUyyBBBaaaIIIKK'ss
pllAAyyBBOOeKKKSS
pppLLLaaaYYBBOOOy
PPllleeeYYBOyyy'SSS
PLLLaaaYYYbbooyysss
ppplAAAyyUUddd
plllaaayyyeeerrr
PPPLuyyyiiirr'sss
PPlllaaaYYaaRRRSS
pplluyyfEELLlllOOOwww
pLEyyyFFFeLLlllEEW'ss
ppLeeeYYfUllllllooWWWss
pplEYYffUUULL
PLLAAAyyyfffUllllyyy
PPPllloooYYfffuuLnnnEsssSSS
PPPLLaayyFFFuLLLnnoSSSSSS's
pLEEYYgggUURRRlll
PPllIIygggiirrlll'S
PlaaayGGirllsss
PPlllAAyyygggooIr
ppLayyyGGGOOOeeer'SS
pllaaaYYGOOUURsss
plllaYYgoooiinggg
pppLaaaygggrrrooIINNdd
PPlaaYYYgggRRRoouunnnDD'SSS
PPPLLLAAyygggrrrEEEUUndddss
PLayyGGGrrOuuuP
PlaayyyGRAAUppss
PPPlAAyyhhhoUSSSeee
PPPlleeYYhhhooASee's
pllaayyyhhOOuuSEsss
pppLUUUYYiinnG
PLLLIYIINNGGGSS
plluuYYLLLEt
PLLLAAAYLLLEETTTSS
pppLLooyyymOOtttaaa
ppLLOOOyMAttu'SS
pppllooYYYMMMeeTEEEsss
pLLLayyyoooffFF
ppllEEYYoooFFf'S
pllAAYYOOffFSSS
PPPlAyPPPENN
pppLAAAyyyPPeeenn'S
pppLIIIyPPennnS
pLLLaaayyRRReeeaaadIR
PPPLLLEEyRRooommm
PlllIIIYYYrrroooOm'ss
plllEyRREUUUMMMsss
pppLLLaayysss
pLLayySScchhhOOooL
PPPlAAyySSSccchEEUUULss
plllAySSSuuuiTT
PPLLaYYsseiiiTTTSSS
pppLLaYYTTThhAAAnnnggg
PLAYTTTHiinggg'SS
pLLayTTTHInggSS
ppLAyytttuMMMe
ppplllAAAyTimmII's
PLaaaYYWWWRRRaGGhT
ppllaaYYYwwRRoogghhTTT'sss
pLLaaYYWWrriiiGGGhhTTTss
PLLAYYYWWRRRItttiNNNggg
plllaaZOO
plUUUZiii'SS
PPPLLLooZZZaS
pLLLEEaaa
PPlllei'sss
pllOOOIIIchhh
PlEEAcccHHHeeedd
PPllleeeaaaCCChhuuSS
pppleeuuuChiiiNNNG
plllEoooddd
ppleeeaaDDeeDDD
PPllIaDDDEEEr
PPPLEEaaddderr'SS
PllEadddoorrSSS
ppleeeADDeeennnGGG
pLLeeAAduNNNGG'sss
PPPlEEAADDIINNNGGLLyyy
PPlllEEIIIddInngss
ppLLLIAAADs
PPLLLIIUUUS
PPLLUaasINNCCCii
PLLEEOOSSUNcooS
PPPllleeeASSSennt
PPPlleeeIsaaannttEErr
ppLLEEaSSAAnnnTesssttt
PPPlEEEaaaSSSunnnTTTly
ppLLLEaaaSaaaNtnnnEssSS
pLLEAASuuNtttnUssss'ss
PllliaaSANNtRRieees
ppLLLOASSInnnTTRRRy
pleeiiSaNNNttrrY'SS
PPLEEEAAASSuuu
ppLLIAASSuuuDDD
pleAAseeeS
pLLLEiSSINNNgg
pppLLLEAAssongggllyy
pplleEEEsssInGGSSS
PPPllleAAASSSIIIrrrUUUBBlllII
PPLLAAAASUUrrrooobbbLLLY
pppLOOEEEsssuurEEE
PPPlEaSUURREEE's
pleeeAAAsssuuurEDDD
PPLLLeeaSSSARREEEffuuulll
PlllEAAAsorress
PPPLEEoooSeRaaanngg
pllaaaaaTTT
pppLLEEAAAT's
PPLLOAAAtttUddd
ppLLLaaeTTIINNggg
PPPLLLeOOTS
pppLLLaaaBB
PLLObBBBy
pLLIIBaaa
plllIIIbEE's
ppLLLEbbOOOIIAAANN
PPLLLeebEEUUANNN's
PPllleeeBBBiieanSSS
ppLLEBBOOsss
pplllAbbeeesssCCETTOOOryyy
pLLuuuBBBuuusCiiiTEEE
PPlluuBiiiSCCCiiiTTUUU'SS
PPPlllIbbbiiSSScciitteS
PPllEEbbbSSS
PPPllluCCCtAAggnnnAthhh
PLLLEcttaGGGNNAAATTThhhs
pppLLeeCTTRaa
PlecccttRRRONNN
ppplUccctrAAAnsss
PLLaaaCCTrrrUUUm
pllleeeCCtttRRRUMMM'S
pLLLEECtttrimSS
plllEddd
PLLIIIDgggu
PllIIIDDDGGGe'SSS
pppLLOOdddGEEEDD
pLLLEEEdGaaaEE
PPlllEDDDgggAAARRR
pppLaaDDDGGGEESSS
ppplIIIddGGEEETTT
PPllleeDDDGGGIINNNGGG
pLLLEeaaaDDD
pppllEENaaa
PPPlEEnARoooESSS
ppLLannnAAARRRiLLLyyy
ppLennnaRyyy
pppllleNARRyy'ss
ppplliiiNNIIIPPPOOOTTEENNNt
PPlEEEnIPPPOOOteeenntOUUriuuuS
pLLiiniiiPPOTTTeeennTTToeeRY
pplENNIIpOtttuunnttiiiIRRRY'sss
PPPllleeeNNossshh
PPllEENNuuTTiddi
ppLLLennnuuutiiiddEE'S
PPPllaaaniiitttAAdesss
PPLLLEENNtteooUUUSSS
pppLEEEnnnTUUUOOOuusssLLYY
plllAAANNNTTTUUUFFUUlll
PPLeentttifalllLy
PLeeennTTTIIFFFulllNoSSSSSS
pppliNNNTTIIFullnnnIIISSSSaaass
plINNNttYYY
PPPLLLEEnnnTTyy'SS
PllEEENNNOOOmm
PLLiiNNNUUUMS
pLLEOcHRiesmmm
PPPLLLeeeOCCHHrraiiSSSmmsss
PPLLEOMIIIrrPHHHiiSSSMM
PPPLLeAAAmOOOrrrppphhIIISSSmss
PPPllEoonnnUUUSMMM
PlluuaaaNNAAssMMM'SSS
ppLLIIIaannnAASSSmmmSS
PPlleoonnaaaSttOOccc
pLeeeIINNNaaaSSTacaLlllYY
PPllEOpppOddd
plleeUPPOOOddSS
PPPlUUUSSIIoSAARRR
pppLLeeesIIIOOOSSSEUUrSS
PPLIIISSSaaAASSaIruuusss
PLLOSSSSOOOrrr
pppllEETTHHHoRRaaa
pppleTTHHHoorrrAAA'SSS
PPlllUTTHOrrrEC
ppLeURRRII
PPlluIIRA'SS
pplllUUUUUUrrrOOeee
ppLLeeaaRRRAAL
PPLeiirrruuSSyyy
PPllOOOEErrIIISyy's
pppllEEUUrrrEEEtiiicc
PPPlEEEiRRRooDDDYYNio
PLLEAARRRuddyyyNNNeeeaS
ppLAAIRaaNN
ppLuuueeeRROOppnUUUomooNIII
PPPLEEExxxEffOOORRRmm
PPlllEXOOOgLLLASSSS
PPPLLLeeXXeeeGGLLLaaasss'SSS
PPLLLEEEXoooRRR
ppLIIIxxooRRRss
ppLLExEEES
PPllEEXXXUS'SSS
pLexxooSAASS
plliiiUbbbeLIItty
PllliiAAbiLiiittty'ss
PPPllIuuuBlEE
PPPlllIIIuBBLLLeeeNNeeSSSs
PPlliaaBBLy
PPPlliiianncYYY
pLIANNCCyyy'SS
PPlleeAAAnnt
PlllUUaaNNttlyy
plllIIccee
pppllliiicaaii
PPPlIIcEtiii
PliiiCiitttIonn
PLLLiiiCAtaaOONNNSSS
ppLIIEdd
plluErr
ppllloooEEErrrs
PPPllluuuEEERRSSS'sss
PLLIIIISSS
PPPllIIIGGGhhT
PliGGHHHt's
ppplllIIghttuuDD
PPPLIIIghhtEEEr
PlllIIIghhtaanngg
plOOOgHTTTss
PPPloooMMMSSSoollll
PllliiiMMMsAAlLLLS
ppLLLINNttH
ppplllIInnnTTTHH'S
pppLLenTHs
PPPllAAccaaa
ppllooDD
ppllODDDDEEDDD
pplllOOODdddAAr
PPPlllOOddDeerrr'SSS
pppllloDDDDDIIIrs
pplAddDDDiiingg
PPloooDDdiNNNggLyy
PLLODDddINNGGss
PPlUUDDSS
pppLUUnnnK
pppllOONkeedd
pppLLLoNNKKORRR
PLLLAAAnnnKKKARRRSS
PPlleeeNNNKKKeNGG
pppLAnKKKsss
PPloppp
ppllliipp'SS
pllleeppEEd
pLLuuuPPPppiiingg
PlIpps
ppplllUsIiNN
pplooSaaoooNs
PPlllooossOOOve
PlllEssEEEvvveSS
PLLLUUTTT
PPPllOTTT'sss
pplluutSSS
PPPlOOOttttEEEd
pppLOOOtttUUUrr
PPPllOttTTTERR's
PLLLooTTTTTuRRRs
PlOOTTTiNNNggg
pplllOOuuGGGhh
ppLLUUUghh'ss
ppLLIIuuuggHHHED
plloouuuggHHiiinnnGGG
pppLIiiigHHINNgggss
PLLiiiIgggHHHsss
PLLLIIIUUUgggHHsHHARE
plllooUUghhhsshIrrrooo'sss
pllooUUGGGHHHSSHHEERiSS
pppLLLoVVEEER
PlloovvEEERRR'sss
plaavvvErrss
PPPlllooWWW
pppLLUw'SSS
PLawEbLLo
pppLLLIwwwBBBuuuYYY
ppplllOwwwBBoYYSS
PPlllooWWEEddd
pluWWWeerr
PPLEEWeeeRsss
pppLLoweNNggg
ppploowwwmmaan
pLaWWWMMiiiNN'sss
PLLEEWWmeeNN
PLLoWs
pLLLoooWWWssshhhAArrre
pLLLawsHHIREEE'sss
PllloWWSSHaaRREES
pplllOYYY
PPPLoooy'SS
pppLAAYYYss
pppllUUck
PPPLLuuccKKK'ss
pplocccKKEEd
pppluuuccckkEErr
pplllUcKOOEEERRR
PPPloooCCkiEEsTT
PlucckkkIIlY
PPPllUckIIINooSSSs
PluucccKiiNNNEEEsssSS'sss
pLLLUUUcckkkaaNNGG
pleecKKLLLeeesss
plUUccckkks
PPPlluuuCKKKyyy
PLLIIIGG
PPLLLaG's
plllUgbbbOOarrddd
PLLLugggggIIdd
PPPLLUGGGGGGinG
pppLLLaaagggHOOOLLee
PLLuuGGhOOOllEESSS
plllOgggOOONNN
PPLLugggAN'sss
PPPlUGGGInnns
PPPluuugggOLLLAAA
PlllUUGGGSSS
PPPlOmmm
PPPLLLuuuM'S
pllUUMMUggE
PPLuuummAGGGuu'SSS
pLLLUUUmmIGGuuD
PPPllUMMEEETee
pLLeeembbb
pplllEMBB'S
PllluuMMMBBiiBLLLEEE
pppLLLaaammBBBIIIggiNNAcEEEoooUS
PLLLUUUmmbbaaaggoo
ppLuuuMBaaaggOOOSS
ppluMBBEEEdd
ppLUUUmmbbEEErr
PLLLUmmbbbIIIr's
PPPLLuumBeeeREEEESSS
pppLLLimmbbeerrrss
PPLLLUUmmmbboooRRyy
PPLLemmbic
ppplluummmbAAAFFFOOrrrOOOUUsss
PPLUMMbinnnGG
PPLLuuMMBBIIINgg'S
pllimBBBisssm
pLUUUmmBaaaSSMMMSS
PPLLLUUUMMBBSSS
pLoooMMMBuMM
pliiiMMMCCOTT
PPPlllOmmCCCIIttss
PPPluumma
plllAMEEE'SS
PPPllUUMMuuudd
pppllUUUMeSSS
plllEEEmmIEEEr
PLUUMMaEESTT
PPlllUUmIINg
PLLLUUMMMmeeer
ppLLLiiMMMeeSSSTTT
pLLEEmmMeeett
PllIImmMMEEEtt'sss
pppLLOOMMMmmEtEd
pppLLAAMMMmeeTong
PPPlllaMMMMeeetttS
pLUUUmmMMMaeerrr
ppLiiimmmmmiiiesst
PlllUUUMMmmy
pppLLLEEEmOOOsssIII
pLLUUUmmmp
pLLEEMppp'S
pLLooommppeeeDDD
PlUUUmpeerrr
PPPllluuummmppEEESSSTTT
PPLuMPiNNNg
plummmPllYYY
PPLLUUUMPPPNNeeeSSss
pplllUUMMpppnnEESSSS's
ppplaamPs
PPPlluMMSS
PPPluMMMUUUllle
pLLuumY
ppllEEnDDERR
PPPlUUNDDDIRR'SS
pppllluunDDDarIIIddd
pppLUUNdduuurorrr
pLUUNDDDiiiREER'S
PPLuNNNDErraaarrS
PLLuunnDARRRIINNNG
ppLLLOONNDOOORss
PleeNNggUU
PPPliiiNNGGGa'S
pplAnnGGGEEEddd
pLLuuNggeeer
ppluuNNNGERR'S
pppLLUUNggeeRss
ppLLLUUUnnGESSS
PPPllluNNNggeng
PPLLENNKK
pppLLoooNNNkk'sss
PlOONNkkeDDD
PPLLIIINNNKKUUr
PPPLLLUUnnkkkOOORRs
ppLLLEEEnkkkoonnGGG
PPPllluNNkkSSS
ppLLUPErrfeeeCTTT
ppLLLupppEEERRRfffEEEcccttt'sss
PPPLLLuuupppeRRRFFEcccTss
pLLLuraaal
ppLUUUrAl'SS
pllluuuRALiiSSSMMM
PPllAArraaaLeeesssM'S
PPLLLURRRALLLuuusTTT
PPPLUUURRaaLiiiSSST'SS
pLiirAllaaaSSSTiiCCC
PLLurrrEllIIIsTTTIIcccallllYY
pplloorrraaaLASStts
PPlllURRElUUUTTuuuEES
PPPlIIIrroooLLIIIty
PlllUrrrUUUllloootttYY'SSS
ppLLLUrroooLLLOzzUUttUUOOnn
ppLEErAAllliiZZZATTTEEEonnn'SSS
ppplluuurrrAAAlllIIIzzzE
PllleeeRRUUlllIIZooodd
ppLIIRRRuLLLezzzeees
PPllluRRRaaliizzzonnnggg
PllUURRiiiLLs
PloooSSS
PPPLeees'S
PPPLaaaSES
PPllleeeSShh
Plusssh'SS
PLASSheeRR
pplUshOOssTT
ppLAAAsHHHuErrr
PPlUSSSHHHouuuSTTT
pLLEEEShhhiiillYYY
ppLLLussshhuNNNeeeSSSss
pLLEShLYYY
pppLLLUUSSHniSss
PPPLLLOsshNEEEsS'S
ppLUUUssHYY
PluuSSSSuuS
PLLeetooocRRaaacccIIEEEss
ppLLIttAcrrroooCCY
ppplloTToooCCCrrrACCCY'SSS
ppplUUTTTooocrAAAttt
PPPLLLUttiCCCrAAT'SS
PllOOTTTiiCCRREEEttiiCC
PLLLoToooccrrrAAATTiiicaLLL
pppLUUttOOOcccRRAAAtttSSS
pppLLuuutoooNN
plUTTTOOOniC
pLUUUtttunnnOOiiM
pLLuutteeNuuuUUUmmm'S
ppplllEEETeeNNNsss
PlAVIAALLL
pLUUVViooMMMettEEEr
pppLLLuuVVVaaOOUSSS
Pllyy
pplyyy'SS
ppLyiiiNNNg
PLLLyWieDD
plYYWoooood'SS
pNOumma
PPPnnnooummmEtttUUc
ppNNNeuuMiiiTTTEccAAlll
PneeeAmmEETTTiCUULly
pNNeeeEMaaatIIIcccATTYY
PneeuuMMOOTTiiiCCCs
PNNUuMMMAtttoooGGGRIPhh
PPnnneeeUUmmmUUTooLLOOgggy
pneeeuuMMMEEEtttOOOMMEEEttEEErrr
pppneuMUttoooPhhheeerraa
pppNEEUUUMMMooCTTTEEMMy
PPPNeUmUCCCEEEcCCCAL
pNNuuuuMMMoocOcCCCuu
pppNNOUUUMMOCCCoooCCCOsss
PPPNiUMMeeecOnnOeSeeeS
ppnuuuummeeeccOnioooSuusss
PPnnniiuModYYYnnoooMMUUUcs
PPPnnnEEEuuMMooUUUNNCCCoopppHAllOOOgggRRRAAAm
PPnUUUmOOOgggAsTTrriC
ppNNNAuummOGGGRRRAAPPH
PPPnnnEEEuuummmonnUUUCCCTTToooMiESSS
PPNaaaUUUmONNAAACCttEMyy
PNNiiUMMMooonOOEE
PPNEEUUMMannniiiaa'SSS
pppNNOOummmaNuuuc
ppnnEIIMMeeeNNNoouuuLLTTTrrammECRoSSCCCoopEEECCSSuuLLLIICCivolCCCAAAnneecccEEENNeeeoooSSSOOOs
PnnuuuuummmEttthhhooRRuuxx
PPPUUAAcEOOuuuSSS
PPOOaaccchh
POEECCHOOODD
POECChhheeRR
poAAcchhhaaRRR'SS
pOOaaaCChhUUUrsss
pOOOOccheSS
pppooooooCCCHEEnnnG
POiiiCCCHHHIINgg'SSS
pppUuuCCCHHy
pppoooCCHaarD
ppoocHHHARRDDDss
pOccck
ppAACCkkk'sss
pucckkkeD
pooockett
pOCCCKKiiiTTT'sss
PPEcckkkeTTbboooAKK
pppOOOcKKKEEEtBBaaOkk'ss
pUUcckkeeTTBBBOOOokkss
PPPIcccKKeeteeedd
PPOOCKKKOtttfffuul
pAAccKKeettFFULLL'ss
PiCCKKKITTffUULLLss
PPPAAcccKKEEEtttINNg
PPPeeeCCCKEEETTKKKniFFFEEE
PPPOOOcckkeetkkknnnUUUFFA's
pAccKKETTkkknnnIVVVeees
PooCCCkEEEts
PPICCKKKiinG
ppUUcccKMMMERRRKK
PPOOCCkkkMMIIRRk'SSS
PoooCCCkkMMIRRKKaad
PIcKKmmmaaaRRkkkUnG
PoocckkkMuuuRRKKKsss
POOCkkSSS
PUUUckYYY
POCCCAAA
pppoceesoooN
pOOOddd
PPOOOddd'SSS
pooDDIIgRREE
ppOOdCCAsstt
PooDDDDDeDD
PEEEdddddiiNNg
PPPodDDDyyy
PooDDDessTTTà
pooodddGooorrr
pppaaadddggIeeSSSTTT
pODGGyyy
ppODIIIee
pppoodddIIIeeettrIc
pppooDDDiEEEttrrAAAssstt
PPPUUUDDiiOttrrruSSttt's
PPeddeUTrrrIsssTss
ppoooDiiiATTTRRyyy
PPOdIIIatttrryy's
PPPEEEDAtiii
paaaddiIIM
pppIIIddduuUUMM's
PPaaDIIIumsss
ppoodeephyllllllooonnn
PPPaaDDSSS
pEEEEmm
PPAAAammm'SSS
PiemmmSSS
PPIeSSY
PaessYYY'SSS
ppoooIIttt
ppoUT'SSS
poeeetOOOSSSttER
pOOOeetttaaSTeeRR'S
PPPoooeTTaSteRss
pOOOeeTTaassss
PPPoEEEtttEEEsssss'sss
pppUeeTTTeesssSiiiSS
ppaaEttIIIccc
poooeeeTTTicccoLLL
pppOoootticaaallYYY
peeaTTTiiCCCIIIZZE
PPoooaatttIIIcccsss
ppiiieeetIIIZZAAA
ppEEeeeTAAAZZZeedd
PPPeeeeetttIzEs
POiiiTTTEzunnngg
PIIEEttRRRYY
ppOOOeeettRyy'SS
pppIIIetttsss
pOgggeYY
ppooogggeysss
PPPAAAGGGGGo
PPooGGggEEs
pOOgggaOOSS
pppAGGGAA
ppuuggoooNNNIaa
ppooogggUUUnOOOAASSS
poGGrOm
ppaaaGGGrumm'ss
pppeGRRoommmss
PPeegggy
ppoaa
PPOOII's
PPaaigggNNNiiincce
PAIgggnnaaannCCCeeess
pppeeiiGGNNAANNCCCYY
pppOOaaaGGnnAANNcccyy'S
ppiiIIgggnnnANNNTTT
PPPIiiiGGnnAnnntLLLY
PPPoooiiiKKKaliiiTThhheeeRMMM
POiKeeLLOOOthhERMMIIc
pOOeeLLLuuu
PPUUUoooLooosss
PoooiiiNNNcciaaaNNNE
PPoIIInncIAAAnnAAA'SSS
PiiiIINCCCiiiAAANNEs
pooIInSSSettttttAAaaa
pppOOeeennnSSUUtttttEEEA'sss
PPPooEnSSSAAATTteeeAAAS
PoooAAnTT
PPoooIIInt'sss
PoooennttBBBllaaNNkk
pppIiiNNNtod
PPOiiinnnTAAAdlYYY
PPPAAAINNteddnnessSS
ppEEEuuuNTEEElLLE
ppUUAANNNttteeR
PPEEInnTTTer'S
POOiintteeerSSS
PPOOOiiiNNNTIIEEErr
pppoouuuNNtttEEUsssT
pppoooooNNNTTTiiiLLLllliiSSSmm
pppounnnttIlLLLaaSM's
pAAEntoolllLLLissttt
ppOOAAnnnttEEllaaSt's
PPOOIIINtiiiLLLLIIIsstii
pppuuuiiinnTTTAAAlllUUUSSTTTuccc
ppIOnttEEElllllUUsttts
poooiiiNNTiNNNGGG
pEEooNNTLLEEEssss
PaaoontttLLLesSLLyy
PPPAiinntttllAAsssSneessSSS
poOOONNTTLLLEEEsssSSNIss'S
pppOOIIInTSSS
PPOOInnntsssMuuunnn
PPUUiinnntttSmmeennn
pppoAAANNtty
ppuiiSSSEEE
PPPoIIISSee'S
POoseeD
pppuIISSSEEss
PPPuiiSShI
ppuuISSSeeeNNggg
PPooooooSEEn
ppeeeIIIsuN'SS
paaaIIIssOOOneeeDD
PooAAASSSEEENOOrrr
ppOIISINiir'SS
ppaaiiiSUUUnnnUUrrS
poISSONNNAAng
POOiiSSuuNNUUNNGGG'sss
PPAAIISSunnnoooNggSSS
pEIIsssannnooouSSS
PAIIsAAAnnnaaeeeSSllyy
pppuIIIsuuNNNSSS
ppOOkkkooo
ppoookkkUU'SSS
PPOOOkEbbOOOrrRRYYY
PPPaakkkeDDD
PPPAKKKeelllOOGGAnn
PPPEkkeeer
ppiikkERR'SSS
PPoookkkurrsss
PeeKEEss
ppIIkkuuuWOUUDDD
pppOKuWOOEddSSS
PPoooKKKUUUY
PPOOKKooYY'S
PPaaakkeYYYs
PPoKKeeeeRRR
POOOKKiiiEEssttt
PPPookkAAALyy
PPuKKKOOOnnUUss
pppiiikkaaannGGG
pOOKyy
pOlll
pppol'S
ppOOOllacCCaa
PPPOOLLaaaccrre
PIlIIIRRR
pppolllaaRRRIIIMMMEEToooRRR
PPPOlARRiiimmEEtoRss
pOOOLLERRAASSccooppEE
ppelllARRRISCCOPESS
pEEELAArOtOUUUs
ppooLLLARRATTYY
PaaLLArUUUTTYYY'SS
pppoollarriiZABBBiiilllAAAtttyy
pppOOOlUURRROOOzzAABBBlllEEE
ppaaaLLArrAZOOTTiINNN
pppoollARRRIZZZiittiiiOOOnn'SS
PolllIIrrOOZZAATTTIIUnnnss
poooLLLaaariiZE
PelllooorriZEEEd
PPPAAlllaaarrIzEEEr
PPoollIIIRuZZoooSS
POOOLLLaaRaazIInngg
pppeeelddaarrr
ppOOLLE
pppUULLLi's
ppolEuuX
ppoollEEaaxxEEE
PPPOllEEEEExxxEEdd
poLLLOOaaaxoS
POOOllleeAAxxIINGG
PPUUlleCCCat
pppOLLACCCat's
PPPOlloCCCuutSSS
PPOOlaaaddd
pIIIllIMMoooc
ppiiiLaMMMEEECC'sss
PPPeeeLLEEMMiiiCCAAALL
pppolllEMiCAALLLy
PPPOlEEMMICCIISSStt
pOOllOmIICCCiiSStt's
POllEEMMMOOCiiiSSTTTsss
PPPooLLemmIICCiZu
PPPOOLLeeemIcccIzeed
PPOOllIImmmUUUcccEZess
ppaaaLeeMMuuCCIIIzzInnng
PPoooLLEEEmmeeeCSSS
PPullluumiicccs'ss
PPPOOLLLuuummIISSTTT
pppoLLiiMMMONNIOcceeOOOuuus
PPPOOlllEEnTTTEEE
PeeelllaaaR
PPPELaarrSSS
PPoooLLLIIS
pppoolllEEESSSTeeeRR
PPEElllUssttURR'SS
pppOOlleeesssttarrSSS
PPPooleeewwwErrrd
pppOLLLEEEYNN
Pullicu
pOOlUUUCCCee'S
PPPOOlICCEDD
PPOOOLLLIIICCIIMMMEnn
PPPoolleCCCOOMMaaNNN'SS
POLLICiiiMMMiiinnn
PPPIIlliicess
PELLEcccEEEWWaammmAAANN
pppilllaacuWWooMMUnn's
PPoollliiicccAwwEMIIINN
paLLLIIcciiiEEESSS
pppoooLEEcciNGGG
PPPuuuLLAAAcLLLiiinnIIccc
ppoolleeCyy
poollloooCCCYY'SSS
PPOOllluccYHollldEEr
PPPoolIIcYYhhhOLLdIIrrr'sss
PPPOOLLIIcYhhOOlDDDeRsss
PPPollliiccyMMaaaKiir
PilllOOOCCCYYMMMAkorrrS
poLLEEEcccYYYmmAAKKKIIInnnG
piiLINNNGGG
PPuulllIIIUU
pppolliiO's
PiLLLiiOOOmmyeeeLLiiiTTTiiiccc
PPooolllioMMMYYeelliTTTIIS
PPPOOOlllaaOOOMMMyyeeelllitttiSS'SSS
PPPUULLLiuss
PPaLLLiiiSSS
PuuuLosssh
POOOllOOOshhh'sss
PPooolllUUUSSHHeeD
PuuLLLosHHOOORR
POLLeSShhheeRRR'SSS
pOOOLIIISSHeerrrsss
PPoLEsHHEEsss
PPOOlIIssshonng
pEELLISSHHHIIInnngggsss
PPOOOLLiitBBUUURi
PPPOOOllITbbbIIrOO'SSS
pooLLiiTTBURRROss
pppooolAtttOO
PPPOOLLiiiTTTeeLy
pIIIlluuuttuuunnnASS
PEEELLiiitttAAANNoosssS's
polIIITTaarrr
PPooolliiTuSSSsssee
PPIILiittusssssuu's
pppALLitttuuuSSSttt
PPPiiilllAtttAAc
pppOOLIITeCaaaLLL
ppOOOliiiTTTUcIIILLyyy
PoolleeetttIccciaaannn
ppILIITTICEEaannn's
PPPeeLLEtUUccciiiunnnss
PPaalUUTTuCCIZiTTTUoNNN
PPOOOlllUTaaaCCuuuzOOTTiUUUNN'sss
PPOllITTTAAACCeeezEE
pOOLuuuttEcccIIIzzzEEEddd
ppooollliTOOOcccIIIZZZess
PPOOlllIIItttiiCiZZZeeennnGGG
ppULAATTTOOCKK
ppOllIITTTiiCCkEEEDD
ppoooLoooToccckerr
ppOOlllAAttOOOcccKKiiNNNGG
ppoooliitiiiCCKooNG'ss
PPPeeLLLoooTTAAACKsss
PPPooLLiiiTTTaaaccLy
PiLLLitoocIII
ppEEEllaaaTIIcIII'ss
PPOOLLLeeTTTIIIccOOOeess
pooollliTTeCCAAS
pppuLLIIITTuuuCCS
pppOLLLUUttuucccs's
PPPoLLLOOTTIIIusss
pooLLLiiTTYY
pppoooLuuuTYYY'SS
pppoLLKKKa
PPPEELLLkkkaa's
ppooolKKAAAeDD
ppooollKKKAaaaNggg
PPPooollkkAAAsss
ppoLLLL
ppOlL'S
PPPOOOLLllooocccK
PPPOOOlllAAcckk's
ppOOOllLaaaCKKKsss
pppoLLLLLAARRRdd
PPPUUUllllluuurdEd
ppOOLLLaaRdIIINggg
pppoLLlIIRdddS
PPOOOLLLLEED
ppiilLLLENNN
pppaaaLLLleeNN'S
PPOOlLENNNss
POlllleeeRRR
PPPiLLLLINIIITTEE
pppUUULLLlllIInniiiTTaDD
PPuLllliNNNiiTTTUUUss
ppOOLLLlliiinnniiTTTIIInggg
PPooolllLIIINNUUUTIIiiiNNN
PeelLLiiinnnATIIIinn'ss
poLLLIIInAAATTEEr
poLliiiNAAATTTooRRR'ss
pooolllLLLOOnnnAtirrrss
pppOOLLenngg
PPPooLLLLLIINGG'S
ppoolllloooNNNiiizzzAAA
polLiiiNNNissAASSS
pUUULLLLLiinnuusssIIIsss
PPuuulLIIIwwaGGG
pOLLLiWWWiiiGGG'SS
pOLLlUWUUUGGGS
PPPeelLLLiiiCCk
PPEEEllOcccKK'ss
pppiLllACCkkks
ppOOLLLLLsss
PPAlllLLLSteer
ppOOLLlllSSTOOrr'SS
pppAAllllllsstteeRRS
pppOOLllUUTanntt
PPPEElllluuTAAANNttt'SSS
PiillllllUUTAAAnnnTTSS
pOLLLlliitttEE
ppaaLLLLaTTeeedd
PollllllaaTEEEr
PPPuuuLLluuTUURRR'S
ppEEElllLLLUUUteeeRRRS
PPaaaLLLllluuteess
ppoollluutOOnng
PPPOOOLLllUUUTTAAAonn
pppEllllllUUUtIIIonnn'SSS
ppooLLllUUUtiAnnS
PPOllllyyywwooog
POOLLLllywwOOgg'sss
ppOLLLLYYWWOOgggss
PPPAAAlOOO
PPOOLLLo'SS
poollEEnnnIIIIISE
pppOOlENNiiiIIIsIII'S
pOOOllOONNAAIIISSESSS
pAAliiiNNiiiummm
pppoooLLooNNNaaummm'SSS
poolllSS
pOLLttterGGGeeeiSTT
pppaallTIIrGEooSSTTT'SS
ppOllltUUUrrrgggaaISSSTsss
pppilTRRROeenn
PPPeLLLTTRoOn'SS
pOOLLtRReeeOOONeeRuuIIsss
PPAALLLtrrooONNERRRy
POOOLLtttraOOnnnaashh
PPoooLLTTTRIoNss
pppoolllyy
PPeelyEEdEElpppHHeUS
PoLyyyUUUMEEEddEEE
PPoooLyyUUMMMEDDDuuuSS
PPOOLLYYANNDDRRIssstt
PoooLYannDDDRISSSTTTSSS
ppeeLLLYaannnDDDrUusss
ppIILLyyyaNddRRyyy
PiilllYYYAAAndddryyy'ss
pOLYaanTHHHaasss
ppoollYYYaNtHHuusssoooSS
pullyyyAAAttOOOmmmiiiC
PPooollyybbbAssIIItE
PPOOLYYCAArbbONNNUUTTi
PPEELyCChAAEEETTUUU
pppOOlllyCCHaaaeetttUUS
ppOlYYYCCCHaSIIMMM
PPOOOLYYYChhhRRRIImaTiiiC
pIIILLYYccHHRRRuuMMi
ppoooLyyCCHHHRoMed
PPPUUUlyyyCHHROOMMMaas
pppOOllyCCChhhRRRooMUCC
pUULLLyyycHrrooMMMINg
pppaaLLyccchrroomoASS
pppOOOlyyyCChrrrOMyyy
PPOOlllycLLLOOOnIIIc
palllYYYCCCLInnnIIC'S
pppOOOLyycclllinnnOOOCCCS
ppOOOLLLyyyCuTTTylluuuDDDoooNNN
PPPOOOLLLyycrrrYYYstAAlLinnee
PPAAAlllYCCyccclllOC
PPPOOLLLyCCCYtthUUMoaaa
PUllycccyyTTHHemmmIIIaaaSSS
ppooLLYddAAACCttYYL
PPiiilllYYDDooopppSSeeeA
PPilllyyyDDDaPPPsicc
pOOLLLyeeSSSteRRR
PPEllyyEEStEErrr'SSS
pOOOLLyyEStaaRsss
ppooolllyyeeetthhhyyyllennee
ppiiiLLLyyyeeTTHHYLLeNEEE'S
ppOLyygggaaamIssttt
PilyyyGGaamIISSSt'SSS
polyyyGGGaammmEESTTss
PoLLyGGGAAAMMMOOOuuuSSS
pppooLLLyygggoooMoooAAsssLLLY
PPoollYYYggammyyy
PPilyyyGGGooMMMYY's
PPoLyGGeenneeeSOOSSS
pooolYYGlOtt
PPPOlYYYgllOOtt'sss
PiiLLyyyGGGLLOOTiisssM
pIILLLyyyGGlllIIItttsss
pooLyyyGOnnn
POOllyyggooonnn'SSS
PPPOOlllyyyggoooNIIIL
pppooLyyyggOOnnss
POLLLYYggRRIPPPHH
PPPIILLLYYYGGrOppH'SS
PPAAllYYYggRRRiippHHEEED
PPOOOLyyyGraaaPhhAAr
PIIlllYYGRaPhhhAAcc
PPPOOLygggrIIpphEEnnG
ppOLLYgggRRRAAAPHHSSS
PPPIILLYYYgYYYnnnuuuaass
pOLYYYgggYYYNNiSST
pppOllyGGGyyNiiSTTS
ppiLLLyyGYYYNNOUUUS
PPPOOLLyyggYnnnyyy
ppOOLLLYHHeedRRRa
pUllYYYhhhaaadrrrIIIll
ppOOlllYYYheeedrrraan
pppolyHHHeeDDRRRON'sss
PooLYYhheeDDRRROOnnns
ppOOOLyhUUstttarrr
PIlyHYddricc
poooLLYYHHHyddrrUUUxyyy
ppooolyyyMMMaattthhh
pppiiiLLyyMatth'sss
PPPILLyMMMITTThhuuCC
ppIILLyymmaTTTHs
pOOOLLLyymmaaTTHyy
PAlllYMMMuuuRRR
PPEElYYYmmaRRR'S
piillyyyMMMeRIssse
pOOLyyymmmeeRRRaaaSEEES
ppoooLLLYYYmmEEERRRIIcc
pppOOlllyMMMurrriiSSSmm
PoolllYYYMMuuRRaaZZAATTeeooonnn
ppOLyyymmeeRRuuuZZZIIIttiUUNN'SSS
PElllyyymmmaarrIIzzoo
PeeeLLLYYMMEErrriZeDDD
PPPAAALLYYmmoooRRRIIZZooSSS
pppOOOLLLYYmmmIIRRRiiiZZinGG
pppOOllyMERRUuus
ppiiLLLYYYmuuurSS
ppooLLYMORppphIIC
PPPooLLyMMUrrpHUUUsssmmm
PUUUlyymmmoRppphhhiissMMMS
pppOOLLLYYmARRRPPHEEnnnoCLLLEEEaaRRR
PPPOOLLyMMiiiRRRPPPhhhEEEiisss
pOOlllyyymmyyyxxIInnn
PPPOOOLLLYYMMMyyyxxxInsss
PPPuuulYYYnnauurriiittIIIDDDooSSS
PPElllyyNNNeIIIrrreeTiSS
poooLLLYnnnaaRITTissuuS
ppOLyynnammmiiiAAlll
PPOOlYYYNooMAAAL's
ppooollYYYNNNOOOMIIIoLLLS
pooLyyynIIICCCLEEEOrr
PEEElyyP
pppOOOLLyyyP'S
ppaaallYpEEERyyy
pppeLLYppeePPPTooddeee
pOOOlllyyyPEppTTeedeS
pppolYppOTTTELoUUUSSS
pulyyyphheeGGiiiU
pppaLYYYppphooNeee
PPPoolyyyphOOnnnEEEs
pOLLLYYPPPHEENiicc
pUUUlyyyPhhhANNIccculllyy
PPuuulYPhhhANaaaEEEs
PPPooolyyPPhooonnyyy
PPAAAllYYPPPhOOOnnny'SSS
pOOLLyyyPhhYYYLLLATTTEccc
pppuLLLYYYPllOIIIddd
ppaaaLYYYPLAAiiDDDSS
poollyPPodddoooeeeSS
PPOlYpUdddY
PPPOOOlYYPPEEuuD
pppOOOLYppRRooPPPYYYlliNNNEEE
pppOOllyPPrrOOOppyyyLLLEnee's
PIIILLLYPPPs
ppIIIllYppptttYYcccH
ppiLLLyypUUss
ppeelyyPPeSSUSS
pppOOOllYss
PPOOLLLySSAAAccccHHOOOrrrIIIDe
pppEElYSSSuuucccHHHaRRiiiDDEEEs
POOOLLyssseeeMioooSS
pppOOlllYYYsseeemmmoooUUSSS
PalyysseeMMYY
PPOOLLLYYYSSePPAAloouuus
pppoooLLLYYsTTYYRinOOO
POOOLLyyssstttYreeenEE'ss
pIILLLyssYYllllAAABBBaC
pppOllYYYsssYLLLlAAAbbblII
pppeelllYYssYYLlAABLLII'SS
ppooolYYYSSYYYLLLLABLLEEs
PPPeeeLLYYSyyyNdddEEttuuN
pooolllYsssyyNNDIIItttoooNs
PPOOlllYYYSSYYYNThhhEETTTiC
PPUUUlYYYteCHHHNNIcc
PPPiiiLYYttoooChnniCC'ss
PEEELyyytteeCCCHNIcS
ppEEELLLyytthhAIIIsMM
PPPEEELYTTHHAAAIIsssMMM'S
pppooLLLYYtttHHHEaaaSSSTT
pooollyThhhUISSt'ss
ppOLLLyyyTheIsssTUUUc
pOLyyyTTHHHEIIIssTTTSS
pOOLLyyTTTHHENNNEEE
pppOOLYtthhEEENNeeeS
ppolYYYTUnnAALLiiittteoss
pppULLYttuuuNNNAllATTyy
pppoolYttRIIIppHHHicc
ppuulYYttYYYpUUUcc
pppOOLLYYYuuunnnSSSUUUTTTuuuRRRoottEEE
PoolYYAANNSUtttUUURaTOOODD
PPPOlYuuunnnSeturrraTTTuuus
pppIILLYYARReeettthhhOOONNa
ppUULyUUREtHHHAANNUUU'sss
PPPuuulyyuRRRoooTTThhUUUNNES
PPAAllyyyvAAAlllaaanCCCeee
PPuuullyyyvvvaalENNCCCy
PPIIllyveeLiiinnttt
pollYVVViiinnnYlll
ppAALLLYYZOOOan
PPooolyyyZZoooannsss
PeLYYZeeeaRROUUm
ppuuLLyyZZZOOiic
PPOOOmmm
PPuuummIIICE
PPPOMMAAAdeee
paaaMaaadeee'SSS
PPOOOmUdIID
PPImAADDIIIss
PPPoomooodANNNGG
PoomindddEr
PPooomOONNDErrr'SSS
peeeMMMoooNddEErss
pppEmmataaMMM
pppooommETTemmmss
ppooMIII
pommeeeGrrrAAANNaTEEE
ppooomeegrraaaNItttaa'ss
PPIIMMOOOGGREnaaaTEES
pppooomElllOO
peemolloooss
ppOmmuuuSS
pppiiimffrrrETT
ppooommmfRRItttS
pppOMMMucccULLTTTiirrree
PPPiiiMMEEFFFErroUss
PPPOmmmmmmel
pEEEmmmmmeeLLL'sss
POOmmmmEElIIddd
PPEEMmmElllaNg
PoommmuuLLlllEEEDDD
puuuMmmmElLunG
ppOmmmMiilSS
PPPOOOMMMmUEEs
PPAAmmmmmmyyy
PPPommAALUUGGGieeSSS
pppOMMMAAALOOGyyy
pppoommppp
ppEEEMPPP's
ppOMMMPaaDeeiRRR
PPoooMMMPeedddoooUR'ss
PPPaamPPUDDoeeeRRRaddd
pompppaadUurss
pppeeemppANNoo
ppOOmmppANNooo'SS
PuuummPiiiNNNeeSS
ppammmPPuuMMM
PPPommPPOMMM'sss
PPPooommpimmSS
PPOmmPPooNNN
pppOOmmpppoNN'S
ppOOOmmppponns
PAMMPPPoosittYYY
pppUMMpiiiSSiiTy'SSS
pppIMMMPPOess
pooMMMPEuussLY
PImmpoUUSNNNEEEssss
POOMMMppooouusssnEsssSSS'sss
PPPeeeMMMss
PUNcccii
PPonnCeeau
PPPinCCCED
PAAnccoSS
pppOOnnnCCHOOO
pppaanChhU'SS
ppOONNNccchhhoos
PPPanciiinnGG
pppiiiNNCY
POOnd
ppEEEnD'S
pONNdddERR
PPPOOONNdddEEERRREBBBLAA
PPuuunndddEEErrUUddd
pppONNNDeeeRuRRR
PPuNNdEERRRIIIRRR'ss
pUUnnnDDDEEERRRUURRs
peNNdeerIINNG
pOnDeerrosssEE
PPOOOnDDeeeRRRaaaSSSasss
pppoNNNdddUUUrrooSSitiiaaasss
pppennndiiRRoossseTTTYY
PPONDDDEErOOeeSSS
PPOOnndddEErrAAAuuSLYYY
PPPaaanDDDUUrrraaauuusnnneeesss
PaaanndddEERuuesssnnnEEssS'SS
pOOnnndddeerrrSSS
pppuNNddsss
PPPOnndddwwaiDDD
PPPEENDwwweoooDDDsss
ppOOnnnii
PPPeeeNNEEE'SS
ppUUNNNeees
PPOOONG
pppengggEEddd
PPPonGeeIII
ppeeennGaeee'SSS
pOONNGiiDDD
pOOnnggIIIdss
poooNNNGGIINNNG
pppoNgggS
ppoooNIIIaaRddd
PPOOnIIErrrd'ss
poooniaaardS
PPPIINNiioooddd
PPPiiNNNOOIss
PPPiiNNs
PPPOOOnnntOOSS
PPPiinTTTiiffIIX
pONNtttAAfff
puuuNNTTEEEFFf'SS
ppUUUnTTTEEEfffFS
PPoonnnTTiiiFFFICAll
PPEEEnTTiiifffiicccALLLlYYY
PPooontIIIFFFoCAAllsss
ppUUUNttIIfiicUttE
ppeeNtiFIICIIItOO'S
pooonnttiiFFiCCEteeD
PPPONTiiiFiiCCitteees
ppOOONTIfffoocccOOtEEENNgg
pppOOnnntttIFFECiiittiiiiN
PPEntIIfffiCITTTiaaNNs
ppoooNttuufffICoottoR
PPOOOnnttaannnOO
ppOOnnttooonoooErrr
PPPiiinnnTTOOOoNNN
punntiiAAn'S
pooNNTeeONs
ppOnnyyy
PPoooNNy'SSS
ppoooNyyyUnnnGGG
pppoooNNNYYYttoooIIlll
ppaaNyyyTTaall'ss
ppONNNYYttuuuiiLLLSS
pppaaaooo
PPOOOOOcch
pOOAAAccHH's
ppaaaOccchheeddd
POOooocccHHHaaas
PPEEEeccHHHEnnngg
PPoooIDDD
pOodddlliii
POOIdddLU'S
PPPEEEUUDlOsss
pppoodsss
POuuuOOOddd
PPPaaaOOOff
pppeoof'S
PPPOOOeeeFFFs
pppUUOffTTTeer
POOeeefTToorrrss
pppIIIOOhhh
PPPOOOHH'ss
PiiiOOHHHiiiD
ppooUUhhhooNNGG
PPIIIIIIHHSSS
PPAAiiAAAngg
PPiiOOOKKa
pppOOOOL
PPPOOOul'SS
PUUEllEEEddd
PPOOelliiNNNGG
pUUUOlllRRRoooOOmm
PPOooolRRRAAEEEm'S
pppAeeeLRRiiIIImSS
ppOOeelSS
ppeeOLLsssuDEE
PPPooIILsUdEs
poOn
ppUUUnnSSS
PPPUUOOp
PEEoPP'S
pppooouuuPPPiiiDD
piOOOppuunnng
pppAOOpppS
pOOOooorr
pOOooRRbbEEEYYY
pppOoRRboooYY'sss
pppuueeerrreRR
pOOOOOrreST
PPuorHOuuSSA
PooIIRRhhhOUsssooo'SS
PPPoIrrrHUIIsssOOss
PPOOOrrrLYY
pppoOrmmIIuTTH
ppOOOOrrrNNNEESSSS
PPPoooAArrrnEsssSS'ss
pppooouSS
PPPOOOppp
ppiP'SS
PPOpCCCoorrrn
pppoooPPPCCerrrNNN'sss
pUUUppI
PPPOOOPPPooo'sss
pppOppiiDDOOOmm
PPuPPPiiirrrIeeS
PPPOOOpppiiiRyy
PPPOOOppesss
PPPOOPPuuyyyEEEddd
pooPPPgUN
POOppggIIInn'S
ppOOOpGUUUnnsss
peepppOOONNJAY
PPPooPIIInnnJJayy'sss
pppuuupppInnjaYsss
PAppIsHH
PPOppLLuuuR
pppiPPlllaR'SS
PPoooPPllaaarSS
PPPeeePllliinn
PPOppllINNN'SSS
pUUppplIttAAAuull
pUUpOVVEEErr
PPIIIPPoVVIIIRRR'SS
ppOOOppoVVeRRS
pppOOppaaa
POOPpii'SSS
pppIIIppadddOOMMM
poPPpppAddEEEmmmSS
POOpppuuudddAAAMMM
PuppPPAAADDuMMMss
PIppaas
POPPPPPoooDD
PPPoooppppaRRR
PoopPPUUrrr'ss
pppuPPPEERRRSSS
POOPPpOOOTT
PoooPPPPaaaTTTSSS
PIIPPppIIIeeeDD
PeeePPeeeEESSS
PPuuuPPPPinGGG
PEPPPppllluu
PPapPPyyy
pooPPPpppY'sss
ppOOOpppyyyCCCAAAccK
PPuuuppPPPyyCIccKK's
pppopppyyyHuAADD
ppooopppSS
pppUPPPUUUlACCee
PUpUUllAcooo'ss
PPPapIIllOOCCCuuss
poPPPuLuuur
pppeePuulUUURRRiiTTYY
pIPPPullAARiittY'SSS
ppOOPPPEEEllUUrraaazzzAAAttOOOOOn
PPPoooppALLLAAArrriiiZZAtiiiOOOnnn'SSS
pOOpppOllloooRIIZItttiiEnsss
PPUUUPulllaaaRRREEZZee
pooPPELLLaaraazzeed
PPPooopppALLaaarrizzzeer
papullArrriizeSSS
pEEPEElAAAriizeeNNNgg
PPiiipAAAlllArrlly
piippUUUllatte
POpppuuuLAAAtttEDD
pppoooPPPuuLLLAAATTeees
pppIPelATTTiiinggg
pppoopppEELLaaTTOOooon
ppApppaaalattEOnn'SSS
pOOppulEEETTTIIooonnnS
PPOOOpUUUlllIsssmm
ppOPAAllIISmm's
pppooopUloSSt
pppiPullisssttt'S
pppOOpooLLLIIStttIIIccc
pEEEPILLLISSSTS
pOPiLOuuuss
POOOpppUUUlleeissNiSSSsss
PPOpppuuuLLEEEUUUSSnnissS'ss
pooRRRBBBeOOOggLu
PooorrbbeeaagllEEsss
pORRRccciLLiiUUUN
PPorCCEEElleeINNN's
PPUUrrrcccEELLLuuuIInnSS
pppoRCHH
POORRRccch'SSS
PPPuuRRRcccHHHooosss
pppoorrrCCCiiinnee
POORRCiPiNEE
poorrrCCCUpppeenno's
pAArccUUUPoooNNEEES
ppORAA
ppirree'SS
pppArOddd
PAArUrrr
ppORRRUUUsss
PoRRRgggIIIeeesss
PooRRRGy
PPoorrrGGGY'ss
pORRIIIFFoooRRRiiesss
pppOOORRRaaaNNNGGG
PPoRRRissmm
ppUUUrrKK
pUUrk'S
pppAARRRKKOOORRR
ppOOrkkkuuuRRR'sss
pIrrrKKEEERSS
PPParrkkaErrr
porrKKKIIaaaSS
PPPoRkiEEEstt
pppOOORRRKppuuuu
ppoRRkPPOOEss
pppOOORRRkY
ppooorrkkkY'ss
pppuuuRRRn
PPPOOORN'SS
ppiiirrnooo
PPPoRRRNu'SS
PPOOORRnooCrrrUUCCYYY
poorrrnAAAggRaaaPPPHHHERR
PPOOOrrrneggrrraaPPhiiRR'S
pppeeeRnooograPHerS
PaaarrrnnAGrrAAPPPhIIICCC
PiiRRRneeegggRRAAApphhACuuuLllY
pppOrrrniiigggRRAAppHHHY
POOORRRNNNEgggrrrAPPhY'sss
pppIIIRRoossIIItyy
PPPURoossattyy's
PorrrEuuS
PIIrrrUUUaaSSLLYY
PPOORRoouSNNOsSSS
PooRAAAESSSNUUSSSS'sss
pORppphyyyRRIuuu
PErrrPPPHYreeeIs
PPPaaRRRPPPhyyyRIINNN
ppparrppHHHYYRRReeTTTiCCC
ppORRPhhYYYRRRoIDDD
PPPuuuRpphhhyyyryyy
PoorrPPPhhhYYRRRy'sss
PPPaaarPUUUIIsssE
ppiiiRRPPPIIIIssaa'ss
pIrrrPIIaaaSIddd
pURpppEEEiiiSSSuSSS
pppEERRpppuiiiSeeeNGG
ppirRRIIDDDGGGEEE
pppOORRroooddGGGaaa'sss
PPPOOrRRRaaanGGooRRR
ppooorrooonnnGGGeRR'ss
pporrrRinnGGGeRRSSS
PoorrrTT
PPIIIrt'ss
PPPooRTuBBBaaaLLIIttY
pppooRRtaaBBBiiLLLiiittYY'ss
PPPorrttEEEbbLI
PPoRTTaBBBlEE'SS
pppOORRRtttaaabbLeenneSSSSSS
peerrToooBBBleeeS
ppiiRRRtttabbbLLLYYY
porrrtAAGGGeee
POORRTTaaaGGGuuu'S
ppuuuRttaaagEddd
ppOOORTTAgEEES
PoorrTTaagiiNNNGG
PPOOORtttAAlll
ppeRtaaL'SSS
ppooRRTTTAllUUDD
PPOOORTTTaLLeeD
ppooorrTTaaaLss
PPPuuurrrtttImmmEEnTTIII
PPPoRRtEEEmmmEENNTOOO
pperrTTATooVVuu
ppuuuRRTTTccceLLlleS
purtttCCUUUlllllESSS'sss
pppUUrrTcccUULLLIIIssEES
PPPoooRttuud
ppIrrTEnDDD
PPPOOrrttANDDDEEEd
PPPooorrttteenddINNNGGG
PPPaRTTAnndsss
PPPoooRRRttENNt
PPAAArrrTTuNNT'SS
POOOrrrtaNNNTOOoss
pppOOrrrTTENNttooiiisLYY
ppiiRteeNNtooUUsssNNEESSSS
PooRRRTTonnntttsss
PPPERRTEERRR
PPPORttEER'ss
peerrtEErrrAAAgggOOO
PPPoooRTTUURRaagAASS
PortttERRRHHOuuSu
pAAArrrTTOOORRhoUUUSSe'ss
pppOORRTTurhhhOUSSSuuusss
PPoRRTTTEEErrrSSS
ppORRRtfiiRRRooo
ppUrtttFFFOOOLLLiOOO
PParTTTFOOOLLLiO'ss
pOOORTTTfooollUUOs
PeeeRRTTTHHHAALeee
PPPOrrttthheeellleee's
ppoooRTHHooLesss
PaaaRRRTTTIIIcEE
PPPaaRTTocccOOO'sss
ppoooRTTTIIIccoooiS
pooRRttIICOOSSS
pppoooRRRTTTIInnggg
PPOORRRTTTaIIInnn
pAAArrTTTiionnn'sss
pORRttIaaaNNodd
ppooorttIIoNIInGGG
PPPoRRTTIIIaannss
PPOOOrrTTaaèrrE
ppoooRRtttEEEèRReee'S
pooorrttteèrEs
pOOORRTTTLEeer
pppOrrTTLLAAEsttt
PPAARRRtttlooNNNiisssss
PaRRTTLLOOONeSSs'sss
pArrtttllYYY
pORRRttMMaaannntteeiaa
pOORRtmmaaantttEEiiiUUU'SS
PPIIIRRttmaaaNNNTTTeeeaaUs
PPirrTmOOnnnttOOOIIOxx
pppaRRRTTRRRoooIITTT
ppporrrtttRAAAiTTT's
ppArrTTRRRaIIttiiissTT
PPPEErrTTRRAAAuuTIIISt'sss
poooRTTrrAItaasTs
PPPAAARRTTRAAAitsss
pppUrrTTrriiuuutUUUrrrEEE
PORTTTRUUEEETTuRREEE'SSS
pppooRRTTTRaaaYY
PPooRRRTTrAAAYYYIIlll
pppIrrrTRRREEEYAll's
pppoRTTTrAAYYAlllsss
pppOOOrrtRRiiiyEEEDD
pORTRaayyyaar
POORRTTRRROOOyaNNNGG
PPPOrrrTRAAyss
ppoooRRtS
PPPeerrrTULLAccA
pppOORRRtOLAcO's
PEEESaaBLLiii
PPooseedddaa
possee
PPooSSSEEE'sss
ppooSeed
PPoSSSERR
pppOOSURRR'sss
PooosseeRS
ppOOssES
PuuusUUuRRR
pOSSEeerr'ss
ppoossseeuuRRSSS
paSSShhh
pEEEShhhUrr
pOOOsHHIIISttt
pOsHLLyyy
PAAAshhNNNESSs
PPOsiiiASSS
POOSiinng
ppEEESSSooTT
PPOSUUTTEEED
piiiSSeTTTINNG
PPPEESSSiitIIOOOnnn
PPAASSSIItttIIIEnn's
PPoosAtttiiiaannAAlll
PossIIITiiiAAANIIILLyy
PoosssiiitttOOoonnnEEEd
pUUUSootttUIIINNERR
ppuussIIItttiOnUUURRs
ppUUssseTTAAAooNNNIINGGG
ppOOsssIIItttiiEnnsss
PPaSiiitivveee
PPPoossiiittIva'SSS
pppissIIITTaaVUUULYY
pppAsiiTTIIVVEEnEEESSSs
ppoSIIITTTooVVVAnEESSSS's
puusiiitIVVeeeSSS
ppOOOSSSIITIIIVVViiSM
pppesOtoooVIIISSSmms
pOOOSSEEEtIIIVIIISSTTT
pooosaaaTUUVVVOOsstIICC
PUUSSSUTIvIssstAAAcUllLLLYYY
ppUUsssIIttteeeVisstts
PPPOSIIItteeeVVOTTaiiss
PUUUssittaVEEEttyy
pppasssAAAttrIIInnn
ppOOSSOOTTTroNNN'SS
pppuuusssuuuTRRRiNNiiieem
poosOOOTTrrrONNNSSS
pOOSSIITTsss
piSSSOOloggIIOOSSS
ppOOOssUULOGGGy
PPPoossssE
PPPuusSSE's
PoooSSSSOSSS
PPUUSSSSIssss
ppoooSSsessSSEEdd
PPEESSAASSSsssOOSSS
ppESSSSSIIISSSSSSInnggg
PPPosseessSIOOON
PPPAAAssseesssUUUUN'ss
pppOSSSSUsssSiiOOONNss
pissssUsssSSSIVee
ppOOSSSSesssseeeVVIII'SS
PPOssSAAAsssssIveLYY
PPOssSiSSSSEVVeNNNEESSSs
PPPOOOsSSSussssaavvENEESsss's
pooSSssEEESSsssAVVVUUUss
pppeeesssSESSssoRRR
PoSSSessssseeerrr's
piiiSsuussuuRsss
ppOOOSsosssssaRRYYY
PIISSssseeeTTT
PooSSSUUUTTTS
PPOOssIBBBuuullIIITTiASSS
piSSIIIBBooolAttyy
PAssssIIIbIIIletyyy'S
PPPUUUSSSSebbLO
ppuuSssooBBBLee'S
PPPOOSSSSSIIIbbLeeeSSS
ppuSSIBBBllyyy
ppooSssUUUI
PPooosssUMM
PPPIISSSSSSem'ss
pppOOssssOOmmss
PPoooST
PAASSSTTT'SSS
pOSSSTTTuudddOlOOssscccIIINNttt
ppOOsTTTaaGGeee
PPosTTOgggEE'ss
ppuusssTTTAlll
pOOOSSttaaalllllyy
poosttAAXXiiiAAAll
PPPooossstttBeeeggg
POOSSStttbbbAAAGGGSSS
POOOSSStttbbbOOOX
POsstbbbOXXEESS
pOOOssttBBBeeeYYY
pppuuussstttcArrDDD
PAssstttCCaarD'S
pppooSttcAARDDss
pposTTClaasSSEEcceell
PPossstttCUUdddEEE
pppOSStttcooddess
PPooosssttCCOOOEEtttaalll
ppEEEsttCCAALLLlEEgiiAtO
PPPooostcUllooonIIIaaal
poSSTTCeNNssOnnONTTTIIll
PUUUSttCooNNNvvveeellEEEsCCEEEnnttt
ppEEESSttdatttiii
pppooSStttdddAtttEEd
ppOOOssTdateSS
PPPoossstDaatUnnGG
PPPooSttdddiillovvvEEAnn
pOsTdoocc
PoosssttddooCCTERAAALLL
ppoosTTduuuCCTTTooorAAttE
pEsstEd
pppoosssteeeLLeeeCCtttiOOONN
PPPOSSTEEr
PPoosssttteeerr's
PPeeStuuurIIIAAAR
pppusTTOOORReeoRR'ss
pppOOOsstttEEriiiIRETTIIAAS
pppesTTiiRiioorrriiitYY
PPISSSTeeRAAAUURRRLy
pppiiSSSTTToorIooRRRSS
pppoosssttEERRIty
pppoStttAARRAAttyyy's
pOSttteeeRRnnn
PPPOOOssTEERRRNs
PPOOOsstteeRS
pOOOSSSTTTeXIIlllaaaEEEnnn
pppOSStttfiXXX
pppOSSSTTFFFiiixxxeeesss
pppUSTgggLLLiiiCCCeeaaLLL
PPPIIIsstttggroooDuAtteee
PESSSTTGGGRRRAADIIIittUUU'SS
ppOOOSSttgrrAADDDUUOteeess
pppOOssTTTHHHooossTTTooo
PPPOOOSttthhhOOluuu
pppOOOssTTThhhOOLLeees
PPPeSSttthhummoooeesss
ppOsstttHIIMMOOOesssLLLy
PPUUUSttHyyyppNOOtttAAACCC
PasTaCHI
PPPIsTAAACCChhhEEESSS
ppposttIcccOuuus
ppAssTTTIIu
PPPOOOSSStttIuuus
PPOSttilliiioonn
PiisTiiliiUNNN'SS
pooossTIIliiONsss
ppEsstIIILlIIIoNN
PuusssTTIILLlllUUIINNN'SSS
PPOOOsTTTIIIlllllliiiOONNSSS
poosstttEEMProSSsAAAoNEEsssM
PPAAssTTTOONNDiSStrIaaL
PoooSSttAAAngg
PuStttANNNgg'SSS
ppOOOsssttiiinGGs
pppOOOsTLauuNNNcchhh
ppOOsstttlAAMMuuuNNNYYY
pooSTTTLEEdddEEE
pppoooSttLUUDDDA'SSS
poossstLLeeDDaaaSS
PPOOOstttmmmOOn
pOOssTTMMiNN'S
PPPosssTMMMaaaRRIITTTul
poSStttMeeerkkk
peeesTTMMMAArkk'SSS
possTmmmARkkedd
PPPOOSSSttMaarrKKKiiinnnG
pOOSttmaaarkkkSS
pppOOOSStmmmASSStteerrr
PPPuuSSttMMMeesteeerr's
pissTTTMMMessTTeeerrSS
PPPUUUsTmmeN
PPPOOStttmEEEnnooopppaaUSULLL
PPPEEEsstMENSTTTrrriiiIIIlll
PPeeeSTMEERRRiiiDDIIAAN
ppIIIsssTTTMuLLLllleNNNNIIIILLiisssmmm
PPOsTTTmmmisTTReesssSSS
PPPOOSTTTmmmiiissstttRREESSSS'SSS
pppostttMiiiStrassssOss
PaSStttMIdddoorrrNN
pppIIssttmmoddarNUUUsmm
PPoossstttmmOOODEEERNiisM'ss
pppOOSSSTTTMMMAADDDEEErNNAAAssttt
PooSSSTMMoodAARRRNiiSStt'SSS
ppISStttmmOOddAAArnnnUsssTs
PuuuSTTmmOOdeeRRNNetty
PPPOOStttMMMOORRRtuuMM
pppaSSStMOORRtteeemmm'sss
pIssTTmiiirTUUmmsss
pppaassstttNaaasAAAll
pppossstttnnnAAtaaLLL
pEESSttnnaaaTTTAAAlLLLyy
pppoossTnnnuPPTTTiiAAALLL
pOSSSTOOpERRattiVVUUU
PPPUsssTTTiiippEREtaaveeLLLYYY
pppOsssTuRRRbuuuTAAAll
pppOOOSSTaaRRRggaasmmICCC
PPooSSttpaeedd
PPOOOSSSTTPPAArrttooom
pppAAsssttppONNNaaaBBBlllEEE
pOOSSSTPONii
PPPOsssTpppoNNNeddd
pOstttpppooNNNUUUmmmEEEnnnTT
pppuuuSStttPoNUMMENtt'S
pppoosssTTppennuMMMEEEnnnTS
PPasstppOOONAArr
ppOssTTTpppenIRRRsss
PiiSStttppooNNNaas
PIIISTppONIIInngg
ppISSTTTPPeeesAAAtttivUUU
POOSTTTppprrendiaal
PaaaSStttpoooBBeeesCCCEEnncciii
ppUUUSSTTTpppAABBBeeessccceNNtt
PPOOSTrrreeeMMMooGINItturrE
ppOOOsTrriDDEEEr
piiiSSSttSS
possTSSScrriiiPPPT
ppUUssstsssccrrIPPtt'S
PPPeeSSTTTssscccrrrIIIPTTTSSS
PPPuuustSSeeeOOSooonnn
piSSTsiAAAssun'S
PPPoooSSStttseaaSSonnaaal
pppOOssstSSUAsUns
PPPaaasssTuuulunnnCCY
PaastUlaaaNT
pppUUsssTelaanntsss
posttuuuLLAAATTTU
PoosTTUUULiittteee'S
pppoosstttiLooTTTeed
PooosssTTTOOOLaaaTTTESSS
ppASSTTTAAALLaTTTINg
pppoSSSTTELLLATTTiON
PPPOOOSSTTUULiiitttioN'S
pppOOOsttUUULLaaattAAAoNNSSS
PPPoSSttUUUrAAlll
paaSttuRRRA
PPPaaaSSSTuuRRE'ss
PPPooSSSTTuurrEEEdd
PPooSSStaaRuuuRRR
ppOOssstuuurrreeSSS
pppossttaaarrrinnGGG
pppOstAAArrIIInnGG'SS
POssTuuuRRRIInnnGGGSSS
PPOOssTTTIRRiiSt
PPooSSttteeerEzzi
ppooossTTTWWWaaaRR
PPPOOOsTTTwoommaaaN
PPISttWaMMiN
PPoSYYY
PPPUUUSSSYY'ss
PPiiiTTT
PPAAttt's
PEEtUUUbAAlOOOtYYY
ppaaaTTabbbAAAliiTTY'SSS
PPeteblleee
POTABLee'SSS
ppOOTTAAbbbllESSS
PPPUtttAAAGGGeee
pAttogEEEss
ppIIIttOOMMMIIC
PPPUUUTUUsshh
PaaattaaShh'sss
PPiittAASSssic
PooTooossSSiiUMMM
pppOOOtAsssssiiiuuuMMM'SSS
PPoooTaaaTTTEEEINN
ppOteTTTOOOonS
PPOtiittOO
PPPuToootttI's
pppoootOOOTTaaEEESS
PPuutBBBOOOLLLLIIIeeDDD
pppOOttbEELlIIEEESS
poTTbbbaaLLYY
pppUTTbbbiillllYYY'sss
POtttBBoooIIILeeRRR
pooTTBOOiiilleeeR'SSS
poootttbUUIleRRRs
PPOOOTTTBBooYYY
pppOOOttBBBoySS
ppIITTeeeENN
PPPOOOTTTEeeennnsss
pppiiteNcccee
ppEEETInnccyy
ppOOTTTiiiNNCy's
ppOOttoonTT
pUUUTENNNTTTOOOtoo
pppIItEEEnnntttuutee'S
pppOtunntaattEEs
pppooTTEnnTTeeoLL
PPPOOtOOOnnTTiiiAll'SSS
PPPoooteeenTTTiiALLLettEEeS
pAtttEntooollleetyyy
PPoooTTUUNNNtttIaaLLLiiiTTTyy'SS
PoottenntIallLLYY
ppputteeeNNNTiiaals
peteeeNTTUaaaTTTeee
pOOOtttUNNtAaatttiiiuunnn
PPPoTTeentoooLLlllAAA
pppaaateentttOeMettteeRR
PPiTIIInnTTTUUoMMMeTTIRRRs
PPPotEEEnnTLyy
ppOOtttffUUULL
ppOtttFulll'S
PPPoootFFUlss
PaattthhheeeAAAdd
PPOthEEEeedd'S
PPIITThhhUUeeedddss
PPPOOOtttHHeeAAAn
ppOtthhhERRR
POOttthhheRRR'ss
PPPOOTTThErrbb
pppOOThhhEErrB'SS
PotthhiiRbbss
PPPOOTTHEERREDD
PPuuTTHHHArrrIINgg
pppoootttHAAArrs
ppaaTTTHHooolldeR
ppOOTTThhhUUULLLDDDeer'SSS
PPPuTTThhIIllDDDERRSS
POtttHHHuuuLLLEEE
pOOOTTHHHUULEEE'ss
PIITHHHOOOleddd
PPooothoLeeeR
PPoThhhooollIIIrSS
ppAATThilless
PooottthhhallliNNGGG
paTHHHiiiiiiKK
PPPAAtttHHHooookkk'sss
PPeeTTHIOKs
POTTTHuoooSSSOOO
PPOOTTHHHOuuuSiiis
ppuuThhuunnnTTeRR
pppottHHunnntttarrss
pppotttuuuCCCHHoo
PPEEETIIIEEEnn
PoooTIIIoNN'sss
PPPUUToOOOnnnsss
pppOOtttLLEccckkk
PPOOTlluuuCKKK'SS
ppUtttloocckkss
pUUUTTTmmmaannn
pppootmmuuuNNN
paaaTORROOEE
pppItttAAroAAs
PUUUtpppIeee
pppetPIIEE'SSS
ppIITPPIIIS
ppooTpppaaaaRRRRRiii
ppputttPUuRRrAA'sss
PPOtPOOOirRRRiiisss
piitttSSS
PPiTTShhhIIrrrdd
ppiiitttSSShhhEERRRDDD
PPooottssHHHeeerrDD'ss
PooottSSSheRRRDDSSS
pppootsssHHHoott
pppotshIIITTT'sss
ppOttSSSHooots
PUUUtttTTAAGooo
pppeeeTTTtigggEE's
PPIttuud
pOOTTttterrr
PPUtttteerr'S
PIIItttTAARRUUd
PPPOTTTTeerroooOOOS
pppiiiTTTErinnnGGG
PPOOTterss
ppoTttteeeRy
pppoTTtiiRRyy'sss
ppOOtttAAER
PPoooTTTTIIIESS
PPOTTTTaaaesssT
paaaTTTtttAAnasssss
pppEEttTInnnGGG
PPPUUUttttLLee
pOTTTTllleesss
PPPotttTTToo
PPPOOttttOOOsss
piiittyyy
ppOTTTyyy'SS
PEEuCCCh
PPPooUcccHHH's
PPPoOOOCCCHHEEEddd
PPPOUUchhhass
PeAAcHHUnnng
PPooOOOFFF
POOOuuffFeee
POOUUffUUUS
pppOOiifffs
ppOOAALaaarrrdd
poOLTT
pppoUlTTOORRERRR
PPPoooELTUUUrriiR's
pppooAAALLLttooorrreRRss
PPOulllTTTOCCCaa
ppOOuLLttuuCCE'SSS
PPPIIIaaaLTTTEcOOd
POAAALLTTTICCeeeSSS
ppeeeuLLTTTooocinG
PPIIuuuLTTRyy
PPOOELtRRYY'SSS
PPPOuuullttrrrYYmmiNNN
poouullltRymmmEEENNN
PPoAANCCCUUU
ppEEUnnCCi'sss
ppooaaaNNNCCeDD
ppEUnncOOOr
pppOOOnncOOOsss
PPPIIIuuunnCCinnnGGG
pppuUUUnnndd
POeNNDD'S
PPPEUUUNDDDaagggeee
PoounnnDaGGee's
ppAooonndddAAL
pppeuunndddAAllSSS
ppoouuuNNddcccAAkkeee
ppoooOONNNdddEEddd
PPuuuunddEEEr
ppauuunnnddeRss
PPUuuNNNDDOOONNGGG
ppOEEENNDDDENNG'S
PPAAAuunnnDDiiinnnGGGss
pppoooUNDDsss
pppOerr
PPIaaRIIIbbLLLIII
pppOOOoooRbeeIrreee
PPOOOURREEEDD
poooUURRIIINNGGG
PPAAAUURInggS
peeURPARRLLerrr
PPPOOOuRPPPOOaaNNttt
ppoooUUUrSSS
PIuussssssUTttEE
ppAEEET
PPPOOiiTTT's
PPPIIuutttEdd
pppaaauuuTTEEER
PPooouuTTerrr'SS
PPIIIutEEErrSS
ppiiioottIInnG
POOUtiNNGGlllyyy
PoooeeeTTS
PPooaaatyy
ppAVVVeeerrrTTTyyy
POOVVaaarrTTTY'S
pppoooW
PPPAAAWWdddEERR
PaWDDDIIIRRR'SS
piiWWWDDDEEERRuDDD
PPPEEwwwDDDErrInnGG
pppEEwwwdddURRRS
PoWWDDEERRYY
ppoowweer
ppooweer's
ppOOOwuuurBBOOAtt
PPUwwwOOOrrrBooUTT'ss
PPPOweRRbbbOOAAAttts
ppEEwwweeeraaaD
ppoooWWWOOrrfUUL
PPeeewwwErrrfffAAAlLY
PPPiwEERRFeeelNNEsss
ppooWWWiRfffuuulNESSsEEEs
PPOOOWARRhhhoooooSSee
pppOOwwwArrhhhOOOuusssee'ss
piiwweeerrhhhoooooSSSEEss
ppoooWWuuRenGGG
poowwerrLLLIIIssss
pppOOwwUrrLLEEESSSsLYY
pOOOwwwIIRRllEssssnnnuSSSS
ppOwwaRRLLiiSSSSSSNNEEEsSS'SSS
PPoowweRSSS
pooowerrTTrreeeeeNN
PPPoWWwwuWW
PoooWWwwUUUw'SSS
poooWWWWooowiiidd
ppOwwwOwwwIInGG
ppOOWWWwEEwwwSS
PPPOOxxx
PPoooXXX'ss
PiXXXuus
pppppmmm
PPrrreCCtttaaccAbEEELLLIItttuuueeSS
pRAAcTToCaaaBBBUUULLUttYYY
PPrracccttEEcccABILLiTy'S
ppprrrACCttteeCCAAAbLLLE
pppRRAACCttIcaaaBBBly
pRRRUCCTTIIICCAAl
pppRRRIIcccTTiiiccAL'sss
PRAAAccTTEEECCCaLLLUttIIAAAsss
ppprrracttECALLLitttY
pprrOOCCttiiCCaaloootttyyy'sss
PPPRicccTTTAAAccaaaLLLLLY
pRRaaactttIIICilllnnnossss
pppRRoooCCCTTEccalsss
ppraaccTIcccE
PPrrACtttEEEccce's
PPPRROOOcTAACCCEEEddd
ppRRaactttICCCeeeRRR
pRRacctAACCis
PrrraaacctiCCCIIInnGGG
PRRRaaCCCtttiCCuum
pRRAAAccTTIcccom's
pRAAACTTTuuuCCUUUMMMsss
pRaaacccTTIIsssO
PPrAACCCTUsssAA'ss
PPRRAcccTisEd
pprrrOOOccctoosUUUsss
pRRRAAACCCtttiissAAnng
pprrraacccttUUTTTiiONNNeerr
PPPrraaCCtaTuuOONNNOOr'SSS
PRRACCCttuuTTIIIOONNeRRRsss
pppRRRiiEEEfeecttt
prIIeeNNNuuMMuuuNNN
pRREiiinooMMMonnSS
PrraEESiiddiiiuM
pRRRAAoSSEEddEumm'sss
ppRRRaEEsAAddooUUMMsss
PPRRAAAetooorr
pppRREEOOOtOOORRR'ss
pppRRuuueeTTTAArrraAAANN
pproooAATTEERSSS
PPPRaaagMMMAATTiiCCC
pROOGGMiiitiCC's
pppRRRaagMMiitttICCAAAl
prrrooGGmmmaTTTiCCallLY
ppRRAAAgMAAAtiicccISSSM
PRRRagggMaTacs
PPPrrraaaGGMiTToSSSM
PPrAAgggmmAATTIIIsssM'SS
pppRRaagggMMAAtttIssttt
pppRIIIGMMOOttUsTTT'sss
PPPrreeeGGMMMaaatAAAsssttteeCCC
PRAAggMaaaTTTISSttS
pRAIRRRoooe
PPPRRRAAIrrriiiEE'S
PPPrrrOOIIIrriiies
PPrrrAAiissOO
pprrrAAAIIsee'S
PPRRAAUUsssaDD
pRRaaUSSSOSS
pppRuuiiiSSewwaRRttHHHUllYY
prrAAAIISSeWWoooRTTTHHIInneessssss
ppprEEEiSeewwoRRRTTTHHHIIINNoSSS'sss
pprrieeesseewwwAAARRttHy
PPPrrrAAAiiisssIIINNNGGG
ppprAAAjjNi
PrIILinnniii
PPRRALLLINE'SS
pRRolliiNESS
pppRRROOLLlltRRRIILLLLLeeeR
PPPrraMM
ppRRooMMM'SS
ppRRammms
PrrraaanE
ppRRAnCCCAA
pprrrANNcccii'SSS
PPPRRAANNNcciiiDDD
PPPRRReNNNcccEEErrr
ppRRRAAAncIRR'SSS
pppRAnCCCEErSS
pprrOOONNNccEESS
PrUNceeeNNNggg
pppRREEEnnCCCIInngggLLLYYY
PPPRAAAnDDooaal
ppprrANNg
ppRRRENNGGGEEd
PPRRangginnGGG
PPPrraaNNGGGS
pppRoooNNKK
ppRRaNNNkk'sss
prrAAAnnnKSSS
pppraaNNNKSSTEERRR
PPraaNNNKKssTTEEr'S
pppRRENkkstoorrsss
PRAAsE
pppRAsEEOdYmmaoM
prrrAASSIIOOODDyyymmmIIum'sss
PPrraaaTT
PrrraaTTuuu
PrrrEEEtteee'ss
pppREEETeedd
ppraaaTTeeer
PPrrEttter'SSS
prrrOOOTTTOOrrrs
ppprrooteess
ppRRaaaTFFAAAlll
PPraaaTTTFFFAAAlLLL'S
PPPRReeeTFFAALLlSS
pppRAAATIInCCCoooLI
PPPrrrAAAttAAANCCCulESS
ppprIIttIIInnGGG
PrrraaaTOQuooo
pppRAAAtttSSS
PPPrrraaTttlllEEE
ppRREEttTTLUUU's
PRRaaTTTlEEEDD
pRAtttttLUUUr
prrEttTTTLoor'sss
PPPrreTTTtleerss
ppprrraattttLLLEEs
PPrrraTttllliinggg
ppRaUU
ppRIIIwwwnn
pppRaWWWN's
PPPrrIIIWWNNNoooD
PPPrAwwNNNIIInnGGG
pRRReeWNNNs
ppRUUUXEss
ppraaXXXEss
ppRRRAAYY
PrruyyyEEEDD
PPrrrAYEERRR
pRRRiyyyOOOr's
prrrAYYUUUrrrBBBOOOOOK
pRRAAYYUUrFFuuLL
PPRRiyEERRRFFIIIllLLYYY
ppRRRAAyyyeeRRRsss
PrAAYINggg
PPPRRRiiyyySSS
PrrEEaCCCH
pRiiiACCChhAd
PPPrrreUUUCCChhhIIr
pRRReeeAACCHHeeerr'sss
PrrruaacHoooRRs
ppprrrEEEaaCChEES
ppprrreaccHHOeeeRRR
PPrrEEEeCHHHeeoooSSSt
ppprEEEoocccHHHiiiNGG
pRRReeECCHINGs
pprEEEiCCChhMMMAANNNTT
PPRRIaaaCCHMMMiiNNNt'ss
PRRRaAAcHHHyy
pRRIIIaaaDIIIMMAATTTEEE
pREAADDDOOpppTT
PPPRooADDDDDREEEsssS
PrreeeaddjuuuSSSTT
PPRUUUeDmmmeSsuuooNN
pReeuudddOOOLLEEsCCoonnnccE
PPrrUUUAAdddooolllesCennCCCE'ss
ppprraaadALOOOscIINNccceeess
pprrrEAADOOOlllOOSCCCEENNNttt
pRRReeAAdddUUlllttt
ppprrrEaaGGRRRooCOOOLLTTTuuRRAlll
pprooouMMBBBlllaaa
pprEAAAMMMBBlUUU'S
PPPRReeeoMMMbliiiD
PReaMBLLLoss
pprrraaaaaaMMbbbLiiiNGG
pppRRReIIImmbbbeeeLLLiirrr
ppRReeeeeeMMMbulAAryyy
PPPREEEaaaMpp
PPrrroooAmmmPPLLEfOEEErrr
ppRRReeeiiinnnnnuINCCe
ppRRRuAApppPPLLLiiCIIITTTUUIInnn
PPPRRREEEAAAPPPPLYYY
pprUUUAAAppppAAIIINNTTT
ppprEEapprroovvaa
PPPRREEEurrRaaaNNNgE
PPPriiUURrroNNNggeDDD
PPRRReeeAArrRRUNgggeMEEEnnnt
prrEEEoRRRRAnnnggeMMMeeNNtt'sss
PRRREEaaRRRRRRoooNNGEESS
PPRAAARRRrrAAANNgunnnG
PRReOsSeeeMMMBBllAAA
PPPRREaassSSSOOmmBBLLuuD
PrrrEEEOOOsSSSIGNNN
PPrEaaSSiigggnEdd
PrrUUUBBiiiKKeee
pRRAAbeNNNDD
pReeebbENDDAARRRUEEss
PrrEEEbeeNDDDaaaRRRyyy
ppRRIBeeNNdss
ppReebIIIILLL
PPPrrriBBBOOOokk
prrUbuuiiilt
ppRRuuucOOlceeeLoottteee
PPrrruuucILLLCCCUUllaatttIaaN
PPreccAAANCell
prrecccuuunCCCULLL'sss
ppprrruuuCCIINNCUULLLOTTIOnn
ppRRAccAnnccollleeedd
PRRRaaaCANNNcccilIInnggg
PrrroooCCCooNCeeeLLlAAtEEOON
ppprECCCAnCCEEELLLLuuDD
prrreeCCCaaanccelllLLiNNNG
ppRRIICaaNNCCCOOOLLLS
PPrIcennccuuurOOOuuuSS
PPrrrIIICCAArrrAAAiiUUs
PPPRReeecccoorrrIIAAAuslllyyy
PPPRRECARIIIUUUUSNeeSs
pppRReeeccaaRRRIIIOuuusssNEESSss'ss
ppRRReccaaaSTT
PPRReCCCIIItttAAARyy
PRRAAAccceUUUtiiaN
PPPrrEEEcccAAAAAATioNNN'S
prEECCCaaaUtttIiNNNArryyy
pppRRUUUcccAAEEEtttOOOInns
ppReCCAAAUtIIOuuuSSS
pprrrOOCCCeeddeee
pppRReeeccodeeD
PPrrrAAAcceddeeennnCCCEE
PRRAACeDeeennnCEE'SS
ppprroCiiDDDennnCCoos
PRRRECEEddeeNNciiESSS
PPPRUUUcuuddUUUnnnCYY
pRECCCeeDDUUUNtt
PPRRAAAccceeeddEEnnntt's
PPrUUccaaaDoNNtEEAAAL
ppprrriiccEEEDENNtts
PPPRRReecccedddOOOSS
PrrICCCEEEDIIInggg
prrruuuCENNTTTaaaRR
pppreecccoNTaarrSS
PPRUccEEEPPTT
ppprrriicIIIPtt'SSS
PPrrruuuCCCeeeppTIIIVVo
ppprOceeepppTToRR
PPPrrIIICeepppTTTurr'S
PPReeeccepppttorriiiAAAl
PPRiiCaaappTTTEEERRRss
pRRECiPttuRRRSHHHUUUP
ppRRREEcccIIIpptiRsssHHHuuppS
PrrraCEEPtOOrrryyy
ppprrrEcccEEPPtttsss
PPrEEECCCUUSSSsss
pRRRIICCaassssODDD
PPPrreeecESsssiSS
pppRecceesssIIInGGG
PPRRROOcAAsSSooon
PPPrrecccESSiiiUNaal
pprecEEESssseeeEns
ppprrrOchhhuuuLLlll
pppRReCCCiiNNNCCTTT
PPrIIccIIInnCCCTTT'S
ppRRRaCCCIInnCCCTTTs
ProooCCCIIIOSSIITTYY
PPPreeccciooossIIItttyyy'S
PPPrrrEEccIOISS
ppREccIIOOEEESllly
PPrECIeeeUUUssneeeSSSS
ppprrIIcciioiiisNNEssss'SSS
ppRRRiiiccOPPiiicIII
pprrooocIIPPEEcccOOO'sss
pppRREEEcIIpppICESSS
PPRooCCCIIIpIIITTTEbbbllUU
PPrrrAACiiipOOTTOONNccEEE
PRRuuucooopppoooTuNccceeS
prrECCCEEEpppiittAAnnnCIIIIIIss
PPPreccIIIpiiiTTTANNCY
pppreeeCCIPPAAttAAAnT
PPPrreecccOOOPPPiiittaaNNNT'ss
pprecaaaPITTANNtS
PRRRUUUccOOPiiTTaatttE
ppprreeCCIIIpIItOtttUUU'sss
pRRIICCiipppIIIttAATTTeeDDD
PPPrriiiCCiiiPPIITAAttELyyy
prrEEccciipaaTTaTOOONNEEESss
pppRECuuuPPiiiTTOOOttteeennniSSSeeesss
prruuCIIIPiiiTTAAAttEESSS
PPrreeCiiipppIIITToooTTIINNg
ppprrruuuCCCIpppITaTiiiiin
PreeccUUUppAATTTuuuTTiiiooNN'ss
ppprrreeeCAAPPPIIITTTaTTTEoooNNNsss
PPPrrricePPPaaatAAtaaVO
PPPREcIIPPPEEETTAATTToorr
PRRIIIcccUUPPPiittottOOrss
ppprrrECCCiiipEtuN
pppruuuCAAAppiitttOOOnnnSSS
pprrreecciiiPitttOuuus
pprEEEciiippiiTAAAUSSSLLYYY
PPreeeccaaaPPIIITOuuSNNNeessss
PRREEccciPaTTeeUSnaSSsssIs
PPrrrICCUUUSSSe
ppprroccisssUUULLLyyy
PPRRReecEEEsssOnUSs
prrreCiiiSSSEnnEEsssss'S
ppprrECCCeeeSeerrr
PPPrEEccuusseeSS
ppprUUUciSSUStt
pRReeecIIsIaan
pppRRROOOCCCiiisIIIuNN
ppprrriiiCCIIssIooNNN'SS
ppproccUUsooOnnsss
ppRRREEECCuuuVViilIzzzEETTTIIIoonnn
ppprIcLLeAnnn
PrrrUUUCCCLLuNNAAACCAl
pppRRRiicccLUUUDDEE
ppprrrEEcLLIDDEEEd
PPPRROOCllIDeSS
PRReecccLLUddiiNNNGGG
pppRReCClleeeSSSIIIUUnn
pprrriiiclllusseeiN'SSS
PPRECLLLAAsiivvvo
ppRRRecLLuSSIVVULLyy
pprooCCoooCCCIIooESS
ppRRROOcccooCCCiiEEAASLLLYYY
PPrrecOCCiiiIuuusNNEEssS
pprreeeCCCooocOOOUUUsnnnOsSS'SS
PPPreCCUcciiTTTYY
pppREcccOccciiittty'ss
pppRRRicccooGnnUTTTiinnn
PPRRREcoooGnnnitttEEoNNN's
PPRooCiigggNNEEtiiiunnns
prrUUcooggnnnIIIToVOOO
PPPROOcccoLLLlliige
PrriCollonnaaEll
PPrEcoMMPPoooTTTeeDDD
pppRRREEcOnnccceeeIIvvvAA
ppprrreeeCIINcceeoooVAAAdd
pRAAAccoonCeeeuuviiiss
PrIceNNNceOOOvvvIInnG
pppRRRaaccOONNNCCUptttiionnn
prrEEEcUNCUpptIIOOON'S
PPrreeeCCinnnCUUpppTTIOns
PRRecINNCCERRRTT
preeCConnnCCCaaRttidd
pprrrEEECCCoNNceesssSIan
PPRROOcccOnDDDEmmmnn
prreCOOOnnndddiiitaaaoooN
PRRocAANNDDDiiitttIIIIn'SS
ppprEECOnnDEEETiiieennnaaad
PPPRRReCCOONNNddOOOTTeeoNNIIngg
PPrEEECCCOnDDDETTIIUnsss
ppREEECCCoooNazzzEE
PPRReeCCCIIInnnssCCCOOOuuSS
PPPRREEccOnnSSCiEEUsnnneeSs
PPREEECCCoNNTTRRaccttt
PPRoocoak
PPPrEcceeeakkeeeDDD
PPPrrrICooooookkkINNNGGG
ppReeecciUkkss
PRRREEcOOOOlll
pRRAAAccrreettUUUCCCaaall
pppREECCCuuurrrSSSOOORR
prrroccIrrSSSoRR'S
PRRRoccuuuRRsERsss
PPPrrrECCCeRRSSSIIIryy
PrreCCIt
ppRREEEDDaaacccaaauuuuss
pppREEDUUCOOOoUUSS
PPRREddacccIIUUUusssNNeSSSss
ppprriDAAcccEEETTTy
ppprrrEEEDDDAAATTE
PPPrrrIddUTeeddd
ppRedoooTTeeSSS
ppRRReeedddaaatAAAnnnggg
prrrEEdAAtttieeN
PPrrrEEddAAttiiOOnSS
PrrrEEDAtttOOORR
ppprrAAAdddAAAttaR'SS
pppRRUUUDDDaatOORRRELLy
pppRRREEEDDEETirriiinniSss
PPRReeeddaaattOOOrs
pRREDatoRYYY
PRRooDDiiiWWWNNN
pprreeeddEEEcccEaaaSSE
PPrrreDDeecEEEEESSSEEddd
PPPrrrOODDeeeceEEESSoooSSS
PRRREEEdddEEECEEEEESSiinGG
pppRREdddeCeeeSSSSSSoorrr
PPPrEEDDIIICCiisssSAAAR's
PPPRROOdEEECooosssArSSS
pRoDDDAAAFennnaa
PPPRRRAAADDDOOfIInnEEEd
PrEEEdddEEFFIInnnuNGG
ppRedeeeLLLLLi
pppRReDDeesIGGGnnnIttEE
PRREEDDUUsssAgnnnUUUttOOd
PPRiDDDEESSiiigggnUUUtttESSS
prrrEEDDeeeSOOOgggNNNaaaTIIINNG
PrrrEEddEssiiggnoooTTIIIOOOn
pppRRReeeDDDoSSStttiiinnUUURRRIAn
pprreedOOOsssttIINAtE
PPrrreeDDeeesTTeenatttEEddd
ppredddiiissstIINNOtUUS
PPReDDIStaaaNNNAAAtttINNNg
PPPReeeDDOSSSTTTEENNNEEtuuiiNNN
PRReeeDiiissTTiiinnnEEtttEEAn'S
PPPREEdddEEESTINe
PPRRadddiissstttaaanEDDD
ppprrreeDDISSTTTInnneeSSS
PPRuuuDaSSSTInnIInnnGG
pppRRiiidddEEEttteeeRMiiiNNaaTTTOO
pppraaadddETTuRRmmmooonnnAAttteOOn
PPPrOOOddeTTTeeerrMANNAAAtttUUUooNN'SSS
PPPRRReeDDDIIttteRmoonnni
pppraaadddiiTTTEEErrrmmmeeNNUUddd
PPPRiDEETeeRRRMiiNNNooR
ppReeeDetteeermmmENNNErrr'S
PPPRRUDDeTTTEEErMMMiiiNIIIRRRsss
PRRReDDeeTiRRRMMMuuuNNooS
PPrreeeDoTTuRRmIIINNeng
ppREDDiAAAgnnOOssttaaacc
PPPrrreeedddiAAALL
pprroddICCOObbllluu
pprrEEEDDDUCaaammoNNTTT
PrrraaaDDDEcIIImeeNtt's
prreeddIcccaMMEENTTSSS
PRRaDDDUUCCCaNNTT
pppRRREEDDDaacAAAttEE
PPrrredddIICitte'SS
PRIdiiCCAtteeeDDD
pppREdaaaCCATTASS
PraaducccAAtttiinnG
PRRaDDDIICAAtiiOOnnn
PPrEEEdddUUUCCAATTToonn'S
PRRRiiDUcccooottove
PPrEEDEECCCetttaVVViiLyy
ppRRRIDIIICttt
PPPreDDooccttAbbbiiillITTy
ppRRReeeddduCtooobIIlOtY'S
ppRRediicccTTTuubbllleee
PPPrrrEEdIIICCCttaaaBBBlllyyy
PPPReeeDDDUUCTUUd
pRREEEdddOcccteeennnG
pReedIIctiOOONN
prrreeDiiiCCtiooNNN'SSS
ppprrreeeDDDICCttuuUUNNNSS
ppprrrEDDAccteeevve
ppreedddIIIcccttuuR
pppRREEDDDaCCCTTaaRRR'SSS
pppReeDiiiCCTTorSSS
PPReedIccTTTooorrYY
pppRREdIcttSSS
PrIDDDeeeGGEsssTT
PrrraadIIGGaSSSTTEd
pRRREDaaaggasTTiiinnggg
PPPRROddIIIggeeesstttIIoooN
PrrruDDIGGESSTTTS
PPPrrrAdIIkAANNTTT
pReedddAllleeCttAAoooNN
prrrEEDeeeLLEEEcccTTiiioooNN's
PPRRRoDDDiiiLLLeCCCttiiiAAAnSS
PPrrEDiiiNNNniR
pppRReeeDDIIIssspOOSSE
PPPRRoDDiisspppOOsiiD
ppRRUUUDDDiSSPPisseesss
pppreDDOOOSpOOOSSSEnggg
PPPrEdddiiSSSPPPOOsIIIttiiOOnn
ppRREEddUUUsssPiiiSSSIITTTIIOOOnn'sss
PrrEdddiisspppooSitIIonnns
pprrIdimIIInnnAAAnncaaa
ppprruuuDDDAAAMMIINNAAANNNce'ss
ppRRuddOmminnnaaNNcYY
PPRooodddaaaMMInANNTTT
PPrrOOOddUUMiiiNNNIINtttLLLyyy
pprreedemmmUnnOOttE
PPPrrreeeddeMinAATTTuuD
PPPRReeeddOOmIINNNaTEElllY
PPRRooddOOMMMiiinUUTTTiiiSS
pppREEdiiMIIInItttEEEnnG
PrrriiiDDoooMMUUnAAttIIOnnn
PPrUddommAAnAATTToinnnsss
pppReeDOMMMiiiNuuttooRRR
pppRRReeeellECCCTUUoon
PPRAAEEMMooo
pppRIIIIImmmoiii'S
PPPRRReEmmmiIIISSS
PPrrUUIminnneennCee
pppRREEmmmIInEEEnCCee'ss
PPReeEEMMMaNNEEnT
PROuuMMMoonoonnnTLYYY
pppReeeeMpppTTT
PPPraeMMPPttAADD
ppprrrAAeMMMpTTiiiNNgg
PPPrUUUeeMMpppTiOOOnn
PRRRIIeMMMPPPtttIoN'sss
pppRRReeeOOmmmpppTTTiVVe
PRRRuuEmmpTTTuvveLYYY
PPPRRReeEEEmmptttir
pRReeeUmPPtttSS
pprrrEEEEN
preONEEdd
PrEeeenGGGaaaggUUU
pppRRAiiinnneeennGG
pprrEEEEnnnllEEEsssTMeeNNNTT
ppprrruonns
PPrUUaaSSSTooobLLUsssHHH
pprrAAAAXXXaaammmiiinnnUUUtttIIION
ppprEEiiiXXXaMMUNNA
PrrrAExxaasttt
PPPRuueeeXiiisTEEED
PPrUUiXIIISSTTeencee
pRRReeExxxiistEnnCEEE's
PPPrriEEXissTTTuuunt
pppRREIXiissTenggg
PPreEXXissstttsss
PrrruAAxxPPPOOSe
PPRRUeeeXXppIIIsssURRee
pRRRaafffAAbbb
pppRRROOffaaB'S
ppRRRIFFFAABBBBOODD
PPProFFFIbbBBooNggg
PPRRRAAFFuBBBrEEECooottEE
ppReeFFFOOOBBrrIIICAATaaddd
pppRREEEFFABroooCCCOtttess
pRRUUUffOObbbroCCUtiiiNG
preefAAAbbbrrrAAACCAAATTIOON
PrOOOFAbrreeeccciiittIooNN'SS
prrEffOObbsss
pprefffEEECCCUU
pROOFiiCCCaaa'sss
PRRiiiFFAACCooDDD
ppprrEFFAACCeeSS
ppRRReeeffOOOcaaNNNG
PPRROOOFATTToooRYYY
ppprruufeecccTT
PPRIIffeCTT'ss
prEEEFeccTTTOORRRUL
PPPRRefffiiCTTTOOrrIIIulll
PrreeeFFFeeCCCtsss
PPPrrrIFeeCCCtAAARRRAlll
PREffUUUccTOOrraaa
priFFFiiiCTurree'SSS
PRRRifffUUCCCtttuuroSSS
ppRRREEffERR
PrrrEEEFFerrrooblleee
PPPReeeFFFOraaablYYY
pRRRaafIRancii
PraFerUnCe'SSS
PPReeefeeerrooNNccESSS
prreefffErrrEnTTTIIaaLL
PPrreeefEErrrAANNNttIOOllllyy
pprreFFFIrrMMeeeNNTT
prrEEEFFFeeRRRMMiiNNNttt's
PRREEffEEERRRRREDD
PPPRREEFFFeerriing
pppReeeFeerS
pppRIfffIggguurraaTTTiiiooonnn
PPrrEffIIIGGURRRuuttIonnns
PPPrrEEEFoGGGuuRaTTToovvvU
PPRRuuFFIGArreee
PriifoooGGGuurrroooDD
PPrrrOffiiiGGGeeerrruuuMMEEENNT
ppRRAAAfffUUGerrrOS
PPreeFFAAGGARRRUUNG
pprIIFFixxx
PPrrEfiixxx'SSS
PPrreeeffEEEXeDDD
ppprrreeFFFoxxaaas
ppreFFFuuxoooNNGG
ppRREEFFLIIgghhhTTT
pprrifaRRmm
pprrrEEEFFFORRRmEEEDDD
ppREEEFFFOOrmmiinnnG
pRRefffaaaRmmmSS
PPRRefrrronnntaLLL
pppRRREEEGAAMMO
pppReggOOMMe's
PPPrrregAmmmEsss
prrrOOGLUUCCEaall
PrrrEEEGnnnAbOllITyy
prrriiigggnnAAAbllEE
pppRRegNaNCiiieeS
ppprEEEGGGnuuunnnCCy
pREEGGnnaanCCY'SSS
ppprrEEGnnooonnnT
PPPRRugnnAAAnntttLLYYY
ppprEEEhoooRRRDDennn
ppreeHHiiAAATTT
prrrihhhEEATTEd
PPPrrAAAHHHEatiiNNgg
PPrrreeehhEEEaTS
PrrAHaaNNNsOOObLLee
PPreHenssiilEEE
prrreeheennsssULLIITTYYY
pppRRREEEHenSSSEOOOn
ppreHHENSiioooNss
pRaahuuustttOrrIICC
pppRRaaHuuussTooRRRUccaL
PreHHiiisstoriccALLLLLY
PPPrrrEHIIStttiiirrYYY
ppRRREHUUSStoooRRRyyy'ss
PRRIhhhOOOMaaanuuudd
PPPRREEhhhUmmmEEN
PPPrrEEUUGGNNNeTTTeONNN
pprrrEEIInniiEEEGGEEROLLL
PPPREEEIIINdiiicAAAttuuu
PRRRaaiinDIsssTRiALL
pppReeeuuuNSSSeerTT
PPPReeiinnssTTrUUCCCtt
PPPRRRaJJJuuuDGGGU
PPRRReejjaaaDggAADD
PPPRRREEEJUUUDGGGeeess
PPRREEEJuuDDDGEENGG
PPPRRREjjjuuudGGGMennntt
pprEEJudGGmmIIInnTTT'sss
PPPreejjuudgggMMMeNNttSSS
PRRREEEjjaaDDDIICCAAA
pprrraJuddeCCCIII'SSS
prrrOOjjidIIccaaaddd
pppRAAJADIIIccEEs
pRRuuJJJoDIIIcccIAAAL
PPrrreejOdiiiCCCiiinngg
pppROkkUUnnnDDDEEErrGGiRRRtaN
PPPRRREKKKiinDDDiiirrrGAAARTeen's
PrrruuukkkiiinnndiiiRRGGIIrtttEEnS
ppprrrAAlAAACyy
pppreLLuuuCCCy'ss
prrrEllAAATTTeee
PPrreeleettOO'sss
pRReeelAAATTeS
PPPrruuulaTTTEEccc
ppRRRIlllaTicccAALL
pprEElllATTTeeSSSM
ppRRUUUlllaTuRE
PPPRReellAAAttuRRREEs
ppprrAAllAAAuunCChhh
PREEEllEECT
PPRRREEELLLEEEMMM'sss
pppRRRaalllaamIIInnarriEEESSS
ppprriiiliiminnnorrriLLYY
ppRREEElimmmaannnUUrrY
pprreLLimmiNoorryy'S
pRReLiiimmmss
PruuLUUUTTuuraaatttEE
pppreeLLuuDDee
pprriiluuuDA'ss
PPPrOOOLLLOOOdesss
PProooLLiDoAL
PPPRRELLUUUsssIIIVVVEEE
PPPrrEmAArIIITTULL
PPrraamAAATTTooRee
pREEMattuuRREElllyyy
PPrrremUUtteeerrEneSSSS
PRRRoooMMAAATTUUrretyy
ppprrrEEmmmAAxxaaLLLLLLiii
PRUUUmmmeeeDD
PPRUUmmmuud's
pppRRREMMEEdddIICCeeeL
pReMMMAADDIITaaaTTTE
PPPremmeedAAATTuuuttEEDD
ppprrEEEmmmiiDOOTTaaatttIISSS
PPPreeMMUUUDDDIIIttaatttIIng
PPRRRIIMEEdITAtEEEAANNN
PPPREEEMMUdddaaTTooTIIIeeNNN'sss
ppriiiMMMIIIdAAAtttoooTIVVuu
PPRRRAAAmedS
PPrrOMMMAANAAAPPaaaiiSIIll
pppRRReeeMONNNsssTTruuIIl
PPPrraaammmEEENsssttrrUUullllY
ppprrruuMMeeiLLL
pppRRRUmmOOOo
PrrruuuMIIR
PPPreeMMIIIIRRR'ss
ppRRemmIeeeRRUU
PPPrreemmmIOOOrrAAA'ss
PPRUUMUUUEEERaad
PROOMMMaauuREEEs
prrIMMMoooeeRRiNgg
PPReeemmmEIIRRRSS
pprrrAAmIerSSHHHIIIpp
prUUUmmiiiArSHHIIp'SS
PPRRREMoUURRSHHHIIpsss
ppReemmiUUUSSS
pppReeMMigrrIIttoouuun
PPPrrUUMMiiilllleNiRRiiIINN
PPPRRReeMMILLLLLLaannnnnniiAAALL
ppprrriiMMiiiLLLlllaanNIUUULiSSSm
PrrEEmooSSSe
PPPrEEMiiiSSSee's
pppRRREEmmmIIsseedd
PRRReMOOOSSeeeSS
PPPROOMiisinnng
ppprrraaMUSSSsss
PPRRuuumiiSS'SSS
ppprrrEEEmmmissssUUUSS
pprrruuuMMIIiimmm
PrEEEmmmiiiUUUMM'sss
PREmmIIuuuMMSSS
PPReeemIxx
pprrAAAmmiiXEEEDD
PPreemiiXXXuSS
PPPRRREMMIIIXXXIInnG
pRRiiMMMudeRn
PrrEEEMMILLLor
pRaammmeeellArr'SS
ppREEEmAlaaarrss
ppprEmmmoooNeSSh
PPPReeeMMIInnniiTTTAuuuNN
pprrEEEmmmoNiTTiiaaaN'S
PPPRRRoMMOOnnOOOTTToOONNsss
PPRRReemannIItterryyy
prroooMMMAANNNDDANNNEEE
PPrroMunnnIrE
PrrennnIIITTTEl
proNNNIIITTTAllllyy
prreennnOOOmmmEEEnn
PrrEEnnOOMMMEEENss
ppprrreNNNoooTTuuuFaaacccAAtttOOOOn
PPRAAAnnnOOOtttiiiFFyyy
pRRRENNotiiiUnnn
PPPRRReennttiiCCEEE
ppprrreeeNTiiCCEESSS
PrrrennaaaPPTTAiiilll
PRRiiOOCCUUUppAAANNNcccoEEESS
PPPRooOOOcCCCeeppaaannncccy
PPPREiiicccccUUpppITiiON
PPPRREEEoocccccUpaattIIIOOOnnn'SS
prEoooccuuPPAAtAAAaanS
pREEaaaCCcapIIIOOOddd
PPPReeOOccCuuupppiiieeeSS
PRRROOOooCCCEEEpYY
PrEEEOccccccUUUPPPYiiinggg
pprrrEEEepERAAAttIIVVVee
pppRRRIeePPIIRRRAAtuuuvvveelly
ppprrreeeOOOrdAIINN
pppReurrrDDDuuuIIINNNoddd
ppreeoooRRDDDiiiANNNIIINNNGGG
pRRRUOORddooUUUnsss
PPPrrEEEAARRRDDDiiiNAAATIIeeN
pprrEoRRRddIIINATTTIoonnnSS
pRRIIIOwwnaaD
pppRREEEPPP
pprreeePPP'SS
PRRReppAcccKKKIIgggI
PPPrEEEPPPuuckkIIIGeeeDDD
PPPrrEEPPOOckAAAgggeeS
PPrrrooPAAACCCkkkAAgINGGG
pRRReePPiiCCkkiiDD
ppReePPaaaaaad
ppprIIppaaarraTTIOnn
pppRREEEPPuuRRAAAtttIIooon'sss
PPrrreeePPuuurrrItttiooonSS
PPPrrreePeeRRaaatiiivEEE
PPrreeePIIrAttAAR
PPPROOPPPOOraaatttoooRYY
PrrrUUUppIIROO
ppprEPPAAreed
PrrruPPPooorreeedddnnnaaassSS
pRREEEppOOORIDDNNaaassss'SSS
pprAAAPPPaaarrEEER
pprEEPPPARRURRSSS
PPPRRepppaaaRRRas
pRREEEPPAAARRANgg
PPPRReeePaayyy
PrreppIIYeeNNNgg
PPrrrepaaaYmINNTTT
PPPrrraPPEEyymmeeeNT'SS
ppprrreeeppiiyyMMMunntts
pprrreeeppayyys
prrUUPOOOnd
PPPRRREEEPEEnnnssse
ppRROOppplANNN
PPPrreeppplaaaNNNnneeeddd
PPRReeepppuNNNdeeeRRRaaNNNcci
PPPREEEPoonnDDERaNCCUU's
PPPreePPoonnddaaaRRIIIncccuS
pppRRePPOOnnnDDeeraaNT
PPRApppONNDDiiirrrEEnnTTTlly
PPRAAAPPinnnDuuRRRatee
ppRRIPPooonnndddIIRRatttooD
pprrrEpppoNNdEEErrrEtEEss
PPrrreeeppIInnDeeerrUUTIIINNGGG
prEEPooosItiiOOOn
prrrippUsIIttAAAoonnn'S
pprreepppESSSITTuuonaL
PrrrEEPOSIITUUUUNNAALLLlYY
pprrrEPPPiiiSiitttoOOOns
PPPrraaapOOOsITTTIVE
PPPrrooppOOsssIITooorr
PrrEEEpppoooSSssAAAssss
pRooopppoSSSSSSeeeSseeeD
PrruuppiissssASSSssUUUsss
PPPrreepUUUssSSeeesssSSSuuuNNNg
pRRREEPPPOSssesSIIIan
PRRAPoSSSssessssiOnnn'ss
PrrIIPPooosssseSsssiuuNNNS
PRRREEEPPPoooSSStterEes
ppprrrUUpooossTTIIIrrIUSSSLLyy
PPPrrePPPaaaSStURReeSSSNNOOOssss
PrUPPEETTiiiNNCCCy
PRREppOTTTIIINNtt
pprrrEPPPPeeddd
prEEEPPPPPOe
pRUPPPIIee'ss
ppRUUUppPIIIIRR
PRReeePPPPAAAiSS
ProooppppppUUUAssTT
PPriiPPPiiNNNESs
PRRReeppPPINNGG
PPPrEEppPY
PPPrrEppPYY'ss
PrroPPPrEnnnDIIEELL
PRRREPrEEEcIISsseeDD
pprrEEEpppRReeeFFEEEsssssooONNELLL
PPReeePPPRooogRaammm
PPPrOOOPSS
pppRRRePPoooBBeeRRRtttyy
pppRRepUbbbUUsssCCCeeenncaa
PreePAAAbbbIISSccceeencccuuu'sss
prrUUPPUUBeeessCEEnnnttt
PPrEEPUUbbbeeescccEEEnnTTT'S
pprrEppuuBAssccENNNTs
prrIpppUUUBBBLLLICettEEEoNNN
pprUUUPUUccce
PRREEEPaaCCCee'S
pRaaapppaCUSSS
PPPRapiitttUeeL
pppReQQUUeeeLLL
PPPrrEQQOOEELLL's
PPrequuuElllSS
ppprrerACCoorrD
pprrErAAcEEERRRdudd
pReeerrruccuuurrduuunGG
PReeeRRUccooRRdddS
PPrErEEggIIssstEEERRR
PPrraaaRRROgggiiisssterreD
PPPRIIIreeegiSStttoooRIINNGG
ppRERRooGUUUSteeers
ppprArrIIIGiiisTTTrrrAAAttiiiOON
PPRReeeRREEEGGGISSSTTTrrAATIIuNNN'SSS
pRiRRReeLLLEEEUUSEEE
PPrEEERRReeqqqUUUIISIIItttEEE
PPrrreRREEEqqAAIIIsssIITTTe'SSS
PRIIIrrrEEqUUeSiittOss
PPProooRRREttEReeemmEEnTTT
PPrrArreeVVOOOLLLUUUttuuuEEEnnAAAryyy
pRRREEErUggUUUTuuVVeee
PPrArruuuGoTTIIvvvEEE'ss
pppRRIIIRRooogiiTTTuuVOOSS
PPPrrreessa
ppprESSSAAGGGi
pppRRESSSoggE'SS
ppRRIISSIIgUUD
PPPRRREESSSOOGEErr
PPPrrIIIsssAGGGuuuss
ppRReeSaGGGunggg
PrreeeSSSbbbyiiPPiiiA
PPPrrreeessBBBYYYOOPiiII'sss
PPPrreeSSBBYYOOOPPIIcc
PPRReSSSBByyytaRR
pRREEEssBBBYTTIIR'sss
pREEESSbYTTTERRRoLL
PPrrEsBByyttORRRATEE
pprrreSSSByyTTTaaReeeAAL
PPPRResssbbbyyTIRRRAan
pppreesbYYTTEErrIIAAnnOOSM
PrrreesBYYTTEEERRRiiuuuSSS
PrroSSbbbYYYtuRSS
pprrEESBByyTTTirrrssHHAp
pppRESSBYTTiiRRRYYY
PPrreSSbbbyTTEryyy'SS
prrAAsssCHOOooLLL
ppRRRoossscchhAAAAL'SSS
PRRREEEScchooLLEEr
ppprrrossCCChhhoooEELLEEER'sss
pppReSSccchhhooOOOLers
PPrEESSSCCChhUUOOOLLS
PPrUUUSSScienCCCEE
PPRReeSciieeNNNcccAA'SSS
pppRRResCCCiienttt
ppprrASCIIIIINtIIfffICC
pRRRessccIEEEnntttLyy
prrrESScInDDD
PPPrraaascRRREEEAANNN
PPPRRREESSSCCCRRAAEEEnnnIInnG
pppRREESSSccRRAAbUU
PPrrressCCrIIIBBBooodd
PPRRRessCCRRIIBBuuurrr
ppreeSSCCCRRiiiBBBEEESS
PrrooossCCCRROOBBBinngg
pprOOSScccRROPT
PRRRaaaSSSCROOpttt'S
pRRReSccRiiipTTTOOObLLLOO
PrrEESSSCRuPtteeeOnnn
ppprrEEEsCCCripppTTTiion'SSS
PPPRRRAASScRRIIIpppTAAAooons
PPrrrescccrUUPPPtttOve
pprrroSSScrrAPTTTIVViiiLLYYY
PPrrIScccraaappTTTIvvAAAnniiSSSSSS
pprrESSScccRaaPtttiVVeeesssM
PrrruuSSSCCrrrIptoovoossTTT
pRRROOOSSccRREEPtSS
PrrrAAAssOaSSSUUNN
PPPrrrEEEsssiiiOOOSiiiN'S
pRRessaAAAsssooNss
ppprreeeSSSuLeeCCT
PPPRREsseelliiiCCteeddd
pReSSaLLLEEcctoorrr
ppRReeeSSSOOOllleeeCCtSS
PPPREEESeeeNNcccAA
PPrrressoNNNcca'SS
PPREssEENNNccceeSSS
PreessiiinT
ppRRREEESEEnnntt'sss
pRRRuussontabiLittY
PrUUUSEENTTIIIBBLiii
PPPrrEEsOnntiiiBBllYYY
PREEsssuuNttaaTTTuuoooNN
PPPreeSSSeeennntAAAtouunn'S
pppRReessOONNtttoootttEEEooonaLL
preeessAAANNttEEEtOOiNoosssmm
PPrraSSEEENNTTATToooIIINNNSSS
PPPRIIIssennnttaaattUve
PPPRROOOSSennTTTEEED
PPrrraaaSENNNTTIIrrr
pprriissEENNNtttER'SSS
pppREsEENNTErs
PPRReeSSSUnnnTTEEAnnnTTT
PPrrrIssIInnnTammmEEENtt
PPRRReeesssOONNNTiMEEEnnnttt'sss
PPPraasooNttiiMMuNNttSSS
pruuuSeeNNTTTING
PrUUSSSeNtLLLyy
pRRISSSINNTTmmEEENNTT
PPrrrEEEssAANttmmmuNT'sss
ppREEEssseeeNNNTTTmmmEEENtts
ppreSEEENNTnEEEssss
PRRREEEssennnTTNNuuusSSSuuus
PPPRREEESSSUUnttS
pppraSSSORRRvvvaabLee
PRRREsUrvooottiiieeenn
pppRRReSSeeeRRvATIaaNN's
ppREEEssaaaRRVaTTTUUUoonEEssmm
prrresOOrrVVVOteeeOONNNiiisT
ppReeesssErrrVVVAAttuuuaaaNNIIIsssTTT'SS
pRoossUUUrvAATioNIsttts
ppprrEEssooRRvATTiVVeee
pprOsuuuRRvaTIVVVEE'S
presEEErVVAAAtttIIIVVVuss
PrrEEssoooRvEEE
ppRRoossEEERRRVVVUUU'ss
pprrriiSSIIRRRViDDD
PPPrreeSaarrrvvveeeRRR
ppprrESSServeeRRR'ss
PrrEEEserrrVVEErrrs
PPPrrrOSSSeRRRVVUsss
PPRRiiSSSIIIRRRvvvAAnGG
pprrrIIIssuut
ppprrEEESSSeTSSS
prrrEEESSSooTTTTTAAANGG
PPRusshhhrrrANkkk
PRREEEshhRReNK
pRRRaaShhrrrIIInnnkkeennGGG
ppreeessHHrrrINNNKs
pRRRaaassHHHrOnnKKK
PPPrEshrrUUnnKKKENN
PPPRISSeDDE
ppRRReeeSSSiiDEd
PPreessuuDDDeeNNcccuuuaaSS
PRREEEsIIIDDeeNNNccYY
prrreeesiiidddEEEnCCyyy'S
pppRRRuuSSSuuDDannTT
pRRReeesssiiiDDDOOnTTT'sss
PPrrrEEsssideeeNTTTIAAALL
pppRRReessoodEEnntS
PPRREssiiidEEnTTsssHIIIP
pppRRReessIIIDDEnTSHiiippps
PPPRRRisssiiiDDDESSS
PPrrrEEEsseeeDDDeiii
PPPRRuuuSeeDaNg
PPRRREEESeeDIIOOO
pppRRREEsaaaDiiiUmmm
PREEESIIIDiIMM'sss
PPrrOsuuuDDIIeeeMsss
PPRRROssiGGnnnOOOfffYY
PrOOOssLLavErrryy
praSOAAKKK
pppRRRuSSIRRttt
ppReSOOOrrTeeeddd
PPRRRiiSSSOORTTTiing
ppRIIISSSORtsss
PPrrrAAsSSS
PrasssS'SSS
prreSSSEd
ppRRUsssseeerr
PPPrEsssssseRR'S
PPPrrIISSSssErSS
pRRiiissssIIS
PPPRREsSSIIEE
PPRRReeeSSsEeees
PPPrrrEsssSIIng
pReeSSinnGGG'SSS
pprruuSSSsiinnnGGGLY
ppprrEssSiNNNgggsss
PrreeessSSMMMAAnn
PPrEEEssssssMMann'S
pRRRessssMOOORkk
PPPRAASSSSSSMArKKKss
prrrESSSsssmmENN
PPRRoooSSsssOOrr
pRRREEESSsRROOOIM
PreessssseeeRRRI
pRRRoooSSssuurrre'SSS
PPrrrEESssuurrEEDDD
pReSSssOraass
PPPRRRasSSSuuuRRRIInnng
PPrreSSSSEErizzoTTTiiiUUUnnn
PRRIssiiirrozzIIItttUUUonnn's
pRIISSsuuRIIzzeee
ppprEESSSSSSUUURUUUzzzEd
PPRRIISSSsuuRIzzEErrr
PPPrrreeSSSssURROOzzzuuurr'S
pRRRessooRRiizzAArrss
PPrrruuSSSssIIRRRiizzEESS
pprressssEERRuuzannggg
ppRESSSsssWooorK
ppprraasttIIIddaaaGGGiittOOTTee
PrreeesTiiidAAAGIIIttAAttIIoooNN
PRRRIIssTTuDDaaGGGuTTaatiiEENN'sss
prrEEEsssttIDiggUUTTTaaaTTToooRR
pppRRuuussttIIIDDDIIGETTTATTTaarS
PPPrrAAAsTTTiGii
PProooSStttiiiGGE'sss
PPrrrESSSTiiigeeeffuuull
PRRussstttiigggiioouS
PPPRReeesstiiiSSSSiimmmIII
ppprrreSSSttOO
PPrrreesstttoo'S
PPPRREESSTTOOOSSS
ppRRREEsssTruuSSsss
PPPrrrUUSSSOOOmmeebbllE
ppRRREESSUUmmAAABBlllY
PPPRRReesssOMMMA
PrESSUUUmUUD
prrrEsUUmmeSSS
pppRReeessUmmmiiNNgg
PPrrreesssuuMMppptiiIN
prrrIsssUMMPTTTiiIInn'ss
PPRoSammmpptIIIUnnnSS
ppRRisssUmmPttIIVA
PRREESSSuuuMMMPPPtttIIVVoooly
PrrEEEsiiimPPtttUuuuuuSS
pppRRREsooMMMpptuuuOOIIISSSLyyy
ppRRESSSIImmppptuuUUUUUUSSNiissSSS
ppRRiSSSUUMMPTTuaaaiSSSnEEssss'SS
PRIssUUUPppOSSSEE
PRRaSSSIppPPuusssIdd
ppRReeesuuPPPPPPuussses
prEESaappppppoossiinG
PPPRASUUppPPPeeSSSoooTTTOOOOnn
PPRoooSuuupPPOsssIIITTTaaENNN'ss
PPrrrEssuuPPPPPoooSSSiiitttiiooNNSS
ppRUUUSSSuRRgOOOCCCeeeL
PPPrrrEESSSuuuRRRmmIISSii
pprETOXXX
PrrrETTTeeeiiN
PPRiTTTeeuuunn'S
prrrETTTaaaeeNS
pRIItooonCCCe
PPPrrrEEtttEnnCCu'SS
PrrUUttENNNCCCEEss
PPrreetteeNNNddd
pprrrEETTUUUNNddiiDD
prreeTTTINDooRRR
pprrUUUTTTEEENNNdAAArrr'S
pprrUUUttEnndddEErs
PrrrETTeeNDDDiiinggg
pppRReeTTTeennDDS
PPrIttonnSSee
PPPRoooTTTeNNsuu'ss
PrreetttIInnnsssEss
PPrEETTiiinnnSSSiiioonn
pppROOTTTiNNNssOOOOONNN'SSS
PrrUteNNsiiiuuNs
pprrUUUTTTiiintUUOooos
PPRReTUnnttIooUUUSSLLLyyy
pRRRoooteennnttOOOIIEEsnEEsssSS
PPRRaaaTEENNNtiiiooUsnesS'SSS
PPPrrUTeeerrrHeeemmmAn
pRRReTTEERRAAttt
pprrEEEtEEErrriT'ss
ppprrrAAAttErrriiTTAA
PRRRAAATEEErrIIIteee'SS
PPREEttEErEETTeeeSSS
pppRRRettterOTUooN
pprrritAAARRiiittIIIeNNSSS
prrreeetteeRiittIVVe
PrrrateeRRRiTsss
pprEEETTTEErrrMMM
PPPrUUTTTeeerMiitt
pppRReeTTTuurrnnUTURRAL
PPPRReeeTeRRRNNaaTTTaRAAAlllIIIsm
ppRatERRNNNUTTUUrrAALLLLYYY
prrrIItttIIrnnnaTTTAArreelllnnnOOOSss
PPPrrruuutttuuusssTT
PPPriiiTOSTaDDD
PPPrrretoSStttuunnnggg
ppRRRUUTTeesssttSS
PrraTeeXXtt
pprrOTTTuuXXTTT's
PPRRRIIIttextttS
PPPrrEEEtOOOnICCC
PrUUTTOrr
ppRReTOOORRRSS
PPPriitreeIIt
PPPRROOtttrrEaTTEEEDD
pppRettRAaattmmeNttt
PPPRRutttRReeetmEnnntttSSS
PPrEEETRiiiAAlll
pppretttRRRIiiilllS
PPRRRITTTTTTIIIiiid
ppRROOTTtiERR
PPPRRRITTTTaaess
pruutttttIEEESSTTT
ppprrEEETTTTeeFFIIICCAAAtIONN
pppRRReeeTTtIFFFiiiED
ppRRRUUUTtttIIFFiiiSSS
ppRRReeettttiFFFYY
PrreeetttUUfffYYYINggg
PRRROttttttulllyyy
PPPrettTInnnuuuSSSS
PRRReetTiiiNeSSSSS'S
PPreeettttttY
PPrEEETTTtYY'SSS
PREEETTTtttYYYinggg
PPPrETTTyyPPiiifffyy
pppRRRIItttzzeeeLL
PPPrEEETZZIll'ss
PPRRReTTTzeeLss
ppprOOOVVVAAAIIL
PPrrrEEEvuaaaLLLEEdd
PPPRRRAvvvAaaaleeeRRR
PPPrrreVVOOOIIILLLing
PreevvveeeUUULLiiinnGGGllY
ppReeevvaaIIlllSS
ppprrEEEvalluuNNNCCCEE
prrEEvAllaNNCCEEE'ss
PPPReevUUUllluNTT
PPPrIvvvALiinttlllYYY
pppRREEEVVAAArrIciiiTII
pprEvvvARROOCaaTTEEEDD
PReeeVaaRiCCAATTEsss
ppRAVEERAAAcccoTTTAngg
PrreevvvaRRiiicaaatttiOnn
ppRRReeVVVaaracaaTTTiiieeNNN'SSS
PPPRRREVVIIRiiiCaaaTiOOnnss
PPPruuuVARRRAACCUUTaaaR
PPrrruVVVeeerrrEEECCCatttOOOr'sss
ppprrrOOOvIrrrIIIcccAAAtttuurS
pprrAAAVVOnnniiieeennt
ppprrEVeennnttt
pRevveeeNNNTTIBBluuu
ppRRROvvvEEEnnTTTaTIvvII
ppRRRAVVVinTTTAAATiiVAAA'SS
pReVVVUUntttaaTiiVVeS
PPPRReeVVuuNNNttED
PPROOOVENNteRR
PPraaVenntaBliii
PPPRREEVVVEEnnnTTTAnnnGGG
PRREEEvvIINtiiOn
PPPrrreeViiiNNNttiioonn'SS
PPPRRROOvuuuNNTiiiONNNs
pprrreeevvveennnTTTIVVeee
pRivvvEEnnnttiiivve'SSS
prrUvvveNNNTTTUvvvEEESS
pRRReevEEnnTTSS
pRRRuVVVERRRBBUULL
PPPRRReVIIIeeW
PPPrruVVeeeww'SSS
pprooVVIIEEWAAAddd
pprrEEViAWWWeeerr
PPrrreeeviiAAwwEEErss
PPrrrEvvviiIIIwwwOnG
prrrEvvvAAEWWWS
PRREVVVuOUs
pRRAvvAAAuEEEssLLLY
prrrEEvISiionn
PRReeViissuoNNN'SS
pREEEvvvISSiOOONss
PPPRRReeviiiZIII
PPPrrrIIVVUUUcuuullIICCC
PrEVVUooo
PPRRREEEVVaaaeee's
PPPrrEvIIOs
PPPrAwwwArrr
pprrroooWWaaRRmmm
ppreeWWWASSSh
pprreXXyy
PrrrEY
PrrrUUYYY'sss
pppRReeeYEEd
PPrrrEEYYiiinGG
praaaySS
pppRREEzzziiiEEE
pprrrEEEzzzieeS
PRRREEEuupppoAAn
pppRRRuuOpIIICC
pppRRIIIuuuPPPEEESMMM
PPPrrreeeOOOPPiTTOOOs
pprrrIIIccee
PPRuuuCEEE'SS
PPPRIIIcEEd
pprrrIICeeeLLLEEssssss
PRRRIccEs
PReeeCeeYYY
PrucciiaaaRRR
PRRROOOCCIooSTTT
PPPrrreeCCCuuNNGG
ppRRIIICCK
PrUUUCCk'SS
ppRiCCCKKoodd
PPrrruuCCCkkiiirr
praaaCCkkEEErrr's
prrraaaCCCKKKeRRRss
prrriCkuuuTTT
PPPrOOOCKEEETTTSSS
PPPriiiCkkEENNggg
ppprrEEccckkUUNGGGSSS
pprreeCKKKLLLe
PPrraaaCCKKLLLee'SSS
PPPRIccckkLLIIId
pRRRooockLLLees
PPPrrrIIIccKKLLIIIEErrr
PPPROOOCCCKKKLOOuuuSSTT
PRIICCKKKllOnnnESSSss
PPRRROOOccKKKlllEEENNNAAssss'S
ppprAAAccKlllonngg
PPPrrrooCKKKlllY
ppRRRIIcccKKKs
preCCCyy
PPrrredddU
PPREEEdddII'S
prOOODEED
pppRRRiiDaFFFUUlll
PPPriiDefffaalllyy
PPridAAFuulllnneSSSS
ProooddeFFFaLLNNNIIssssseS
PrrriiiDiiiSS
PPriidiNgg
pppRRRiiAAd
pppRRIIIeeR
pppRRIIIorr'sss
PPrroUUURRss
prrIIIEESS
PReeeEsTT
PRRaaeeSSSTT'SSS
prrriiEEEstCCRRAffftt
PPPrriiEEEssTTccrrOOFTTS
ppprriESSTTTASs
PPPrAAEESSTTIIIssss's
pprIIassTIIIssSSSiiiSSS
ppprrrIeeesssttHHHAODDD
PRReeuuSSSTTHHHoOdd'sss
praaaEEEsstthhhoooDss
PrraaooSSStttllleeOOrrr
PPPrrieeeSttlIIEEEST
PPPrIIIeesTTLLLAAnUsssSSS
pRAEESSttLLLinUUSSss'sss
PPPRIIISSTLLLy
PPPrrriOOSTTss
pRRiG
PrrIG's
PPPrAGGGgggEEErY
ppprrrIGGGGeessshhh
PPPRRRIIIgggGGiiSSShllyyy
pRRIIGGGGiSShhNNNeessss
pprIIIGGgggoSSHHHNNEEESSSs'SSS
pppRRiiigggSS
pppRIMMM
pppRIIMMMaaaCYYY
PRRRiiimmmIIcy'ss
ppprrEEmAEEviiill
pppRRummALLL
priiiMMaally
PPPrriiMOOOrruuuuss
pprIIImmaaaRiilllyy
ppprrrIIMaRRRy
PrOOMMAryyy'ss
pprraaammaaaTTuuu
PPPRRImAtteee'sss
prrIIMMAtttesss
pRRRIImIttiSSSHIp
pppRRooMAATTEsssHHHIIpppS
ppRRRiMMAttteeiLL
PPPrrrOmmUUtttEEllOOOGIeeS
pppRRReemmaaTTOOOLLLOOgggyyy
prrrIIIMaveeeRRRee
ppprrOOmE
pRRRiiMMe'ss
PPPrOMedd
pRRiiimmmInEEESSS
ppRRIMMeR
PPraaammOOOR'ss
ppRomEErEEE
prIIMErrrsss
PPRRRaaMMMiisss
prIIIMMMeTTTIImmmee
PRRIIImIVOOOll
pppRimmOvveLLLllY
pprrreeemONNUU
pRROOOmmmooNNGG
pprreeMMeNNNGGG's
ppRRRIMMIPPPaarrrAA
PPrIIImuTiivvaa
PPrrrIMUtIIvvaaa'SS
PPPRRRiiMIIITTTuvvEELLLYYY
prriiMMMIITivvvEEEnnEEESSss
ppprrriMMMIITTTIIvOONNNEEEssss'ss
PPrOOOmITTTiVVeeSS
pRRRiiiMIIIttOvvUUUsssMMM
PPRRRIMeeettIVUUSMs
ppprremmETIIvviiissst
ppruuMMIIITovEEEtttyy
pppRRIIIMMMLyy
PRimMMEEER
PPRammMMEEESStt
PrIIImNNEEESS
PRRRIImmnESSS'S
Prrriiimmmeee
PPRRimmOGGGIInnIIAALLL
pRRRiiMMMOgiiinnniiittalll
PPrrriiiMOOOGGeeennuTTTaRRYY
ppRIMMaaaggeNotUUr
PPPrrrIIIMMMIIIGGanIIItoorr'ss
ppRRAmmUgggiinnAAATTTORRRsss
pprrriMMMOOOGGuuunniiTTTAAARO
PPrrIIMMIIGGeenIITTUUURoo'S
ppriiiMOORRRdddIaaall
pRIIMMUUUrDDaaaAAAliiitttYYY
pprrIIIMMMOrrDiiOOOlllLLyyy
PPRREEmAAArDDeeeem
PRRAAAMOOORRdddiEEmmss
pRRROOOMMMppp
pppreMPPPUUd
ppRReMMMPPiNGG
PPrIIMMPs
PPrrriimmmroooSU
pppRRUMMRROOssse's
PRRReeMMMRRAASSEEEsss
PPPraammuuuLLooo
PPPrrAmmmuLLLACCCuuuooeees
PPPRROOmUULLaaass
pRRUUUMMMasss
PrrrImUUSSSEESS
PPPRRRuNNNcaa
ppRRRinCCCE'sss
priiNNNCCCUUUdOOmmm
pRancooDDIm'ss
PPPRRUUUnnCCOODIIMMMsss
prrONcAAALLLIEEERR
PPRROnnCiLieeeSSSt
pppRRRiinnnCeeLiNNaaasss
ppprrrIIInnCCaaLINeeSSS'SSS
PPPRREEnncccEEElOONNNgg
pppreennncEllyyy
PPPRRiiiNNceSS
pppRReeeNccciissSSS
pprrrIIINNcccIISSsss'ss
PPrriinCCCeeSSSsssEESS
ppRaaNCCOPPAAL
PPRiNCCCIIpaLLL'sss
PPRRRoonccIIPaalUttiisss
pRInCCiipAAAlliiiTTyy
pprrrANcipAllIIItttyyy'ss
PPrrAAAnnnCCIIIPPaaLLLLLyyy
PPPrriiiNNCIPaLLLss
PPrrrIIINNNcccEPaaLLLShOOOp
PPrrriiNCaaaPPPaaLLLsshhhAAAPPPsss
prrroonnncooopAAAtttI
PPPRREEEnnnciiippEEUUUM
PPPRRRIIINCCCIIpLLUUU
pRooNNNCCCipplleee'SS
pprrrIIINNNCCCIIppluuuDDD
PPrrrancOpplaaSS
PRROOOnK
PPPRRRInnnKKeeD
ppRRROnnnkkEErr
pppRRRIIINNNKiiNNgg
PPrrrInnkkSSS
prrriNNTT
pRRRunTT'SS
PPPrrriiiNTTTaBBlle
PrrInnTTTAdd
ppprreeeNNTTTeeerrr
ppprrrIntturrr's
PPPrrOONNNttAArrS
PPPRReeennntIIIry
PPrrUUNNthheaddd
PPPRIIINttEEENgg
PPPRuunnTTiiNNGGG'S
pRRanttOONNgSS
prrIInTTMAkEErr
PPPrrInnnTTTMMMOOkkkEEErrrS
PPRiinnTTmmmAAAKeeNG
PPPRRunnnTTMMAkkIInggsss
PRRiNTooOOOt
ppriiinnttteeeottt'SSS
ppRRRIIINNNtttiUUTTSS
PPRRRinnnTTTss
ppreeeNNttWWHHAEEEll
ppprriiioonnn
pppRiooNNSSS
PPRROOAARRR
pppRRRiiiirr'SSS
pprAAAARaaTTTEEE
pRRRuuuORuusssss
pprrEEEOOOrreeSSSS'SSS
PPRRRuoRRReeSSSses
PRRIIIeerIIIaaas
ppprrIIOrrAAtiiees
pppriARRItttIIIzzAAAtttIIooNNN
ppprriiOOrItIIzzI
ppprrIIIoRottiiizeD
PPrrIIoooRRRITIIIZeeeSS
PPPRIIIeeRRiTTTIIIzziiiNNNg
pppRIIoratttyy
pppRReeeoRRatYY's
PrIIIOrrrs
pppRRRaaaooorrrSSSHHeePPP
ppRRRIIOrrSSSHHiiiPPPsss
ppRRRIIEEryy
PRRiiiOOrrry'sss
PPriiissiigeee
PPrIIISSmmm
PRRRism'sss
prrreesssmmmIITTAAACCC
PraaSSmeeTTTaCCCaallLLyy
pprrAsssMaaTTAAiiidd
ppprUsssmmAttAAIIdddSS
PPRiisssMUUooD
pRRooSSMOOiiiDSSS
PPrAAAssMMSS
ppprrriiSSooon
ppprriSSoonnn'SS
ppprraaasEnnnER
ppprrrIISSSoNNARR'ss
PPPrroSSSoneRRss
PRIIsooonsss
PRRissiieeeR
PREEEssssssOOOOOOst
priisssSSSAAllY
ppRRaaSSSssAnnnEEssss
PPRISSSsiiiNNeeesss'S
pRRRiiissSYYY
ppprrIIISSttInnnE
pRRIISSStttANiLLy
PPPRAAAttthhhEEUUU
ppRRuuvucccY
PPPRREEvaaCCCYYY'SS
PrrraVaatEE
pprriivvAATTTIII'S
pprrraavvvaaTTTEEeeerrr
PPProovAtEEEEEr'sss
ppprrEEViiiTTAAAeeerraaannnGG
pppRuuuVVAttteeRRs
PPrrriiVVatttEEEEErrSMMMiiNNN
ppREViiTTTIIIerSMeeeNNN
PPRavvooottteeeLYYY
PPPRRiiiVVAAATTEENNesssss
PPRREVeeTTEEEnEEESseeess
pprIVVVATTTiiRRR
PPRRRIIVVATTTUSS
pppROOOvvvooTEEESTTT
PPPRRAVVVUUTTOOUUUnnn
PPRRIVVOOOTiAAN'ss
PPPrIVVVaTTTeeooNNNS
PrrrivAAAtIIVVeee
ppRIVVVaaattEEEZZZaatUUUOOnn
privvITOOOzUUTIUUUNNN'SS
PRIIvvvAAATuuZZZAAATTTioonns
PPPRREvaaattiiiZZEEE
ppprrooovAAAtiiiZZedd
ppriiiVVEEtttizzzEEES
ppprrriiVVVeeTTTiiZIInnGG
PPRRRiiivvuuT
PPrrroVETT'S
pRRRIIIvvvooTTTsss
PRRoooVVVEEEErr
ppRRRIvvviiEEESSS
pROOVVVEEUUsTT
priiiVVaaLLeeGGe
pRIIViillEEEGGEE'S
PPPrrUvIlEEEGeedd
PrrrIvvvOlllEEEgoooS
pppruVVVAAALeGGIInng
ppprrraaavuuuLLLY
pRIIVIItY
PPPRROvvyyy
PPPrreeeVVyyy'ss
pppRRooozooo
pppRIZZZee's
ppRRRiiZZAAdd
ppprUUUZZZeeeffUGGGhhhtt
prruZZEEfEggghhht'SSS
ppprrrUUzzeFFiiGGhhhTUUURRR
PPPrrriiZEFIGGhttiiiRR'S
pRRazeeeffiiigggHtttEERs
PRRIZZZOOffIIGHHttiiiNNG
PPrrIIIzEEEfIIIGGHtAAAnnG'S
priiZZZEEEFFiGGhtss
PPriiZos
pprIZIwwwiNNNNuuR
PRRIIziiWWiiNnneRR'SS
PPRIzIIIwwuuunNNaaaRRRSS
pprriiizzzewIIINnnnAnGG
PRRAAAZZZuuuNNNgg
PRRRe
PPPrOOO'sss
ppRROOAAA
pppRRoooOOObboRtIoN
PPrrrAAAccctiiON
prrrUAAACCtuuVO
PrrroooAAACCCtIIVVVeLLY
PRRRoooAACCtttIIVVUtyy
PPPrrrUUUUDDDmmOnnnIISStttrUtttiiiOOONN
ppRaaBBaaaBBIIIllUUsssMM
prruubeeBBUUULLLIISSSmSS
pprooobbbAABBIIILList
pprrroobbaabbuuuLLLISSTICCC
PrrooBBBAAABBiiiLIIssstiiiccAAlllLyy
pppRoooBBBAAbiillliiiTiiS
PPrrrObbbaBILLIIItttY
PrOObbIIIBiiLLLuuutY'sss
PPRRIIIBOObbbLLLUUU
pRoobbAAAbbLLLe'ss
prraabAAAbbLLIIISS
PPRRROBIIBBlY
PrrOObAtOO
ppprrAABIttteee's
ppprUUUbbbITeeedd
PPRUBBettEEESSS
ppprruuubiiTTInnGG
PPPRRRobbUUTIIIAAnnn
PPrrUbbbATTTIIiiin'ss
PPPRaaaBAAttIIOOnnnuL
pppRRRUbAAATTIonAAArrry
ppRooBBaaTTTIOONNNer
pRRUbbbAATTTIIEENNNerr'SS
pRRRobattuuuuuNNNoRSSS
ppRROBBBAAAtttUUVVVOO
pRRRabbbee
ppRROOBii'S
PPPRaaaBedd
pppRRoooBBEEss
pprrOOBBBIIINggg
prrrUUUBBaaNNGsss
pppRObbbaaaTTTy
PPRRaabittYYY's
PProbbLLLAAAMM
ppriiBBLLAAAmmm'SS
ppprrOObbbLLuuuMaaTic
ppprrrOOObbbLoommaatiicccALL
PPRRAAbbLEEmmittIIICCaalLLyy
PPRRubLeeemS
PPPRoBOOOsscos
PPPRIIBoooSSSCCCIDDDeeeaann
PrrAAAbbboossCCIIIDDeAAANNsss
PPPROOObbosCCODIS
pRABBOSSCCCiiSSS
PPPRRoooBaSCaS'SSS
PrrOBBIIsciisssEESSS
PrOOBIIsssIIInnesss
pppRRROCCCaaIIInnniii
PPProCAAAIIInEE'SSS
pruCAmBiiiUUmmm
PPPRRRoooCoPPPiitAALLLeessTT
PPPrrroooCCCaRp
pROceeRRYYYEEtto
PPPrrrAACCArYaaTEEEsss
PPRROOcccUtthhEDDDrreeel
pprrrAAccEddUURREEELLL
pRAAccUduuraaaLlY
pprrrAccEEDDAArrrE
pprrroooCCaaddUrrrI's
PrroooCCEEEdddurEESS
pppRRacEEEEEDDD
ppRROOccaeeDDEEEddd
ppRRooCCCeEEdIIInnggg
PPPrroCCEEidduNG's
PPPrAAAcaeeedddiiinnGGSSS
ppprrrocccuEddss
PPROcccooAAADSSS'S
proocccIIILLLiiuuusMMEEETIIc
PPrrruuuceeephaLLiiC
PREEEccEsss
pRReeeCAASSSSSS'SSS
PPrroooCCCeeSSUUbLLLE
ppRRROOOCEssssUUUddd
pRRROOOcAAASSSUUUS
PPreeeCCCuussssEEnGGG
PrrrOcccESSsssuuuONNN
prOOCCCEESSSSSOOUN'S
ppRRRoCeeSsssiiiiNNiiL
pppRUUccEESSSSSiiiONNaaall'SS
PPPrroocccEssssIIIAAAnAAlllss
pppRaaaCCOOssssAAAOnnneeDDD
pRaaaCCeeeSSSSeeAAANIIInnngg
ppRROOOccceeeSSSaiNNsss
PrrroocOOOssssiRRR
pRROCCCISssOOrr'SSS
PrroocceeeSSSsseeerrss
PPrOOcHHRRRANNISMM
prrIIIcchhhuurrChhh
PPrUcclaaaIIImmm
ppprrrOOOccclAAAaaaMMMooodd
ProoocLaaooMAAArsss
PPrrrooClloImIIINggg
PPrrroccllAAIIIMMMSSS
prUUccLaaaMeeTTTiinn
ppprrreeccllleeeMaTTTEiiin'SS
ppRReeeCCCLLiiiMMMaaaTTTUOOOnnnSS
PrrroCCCLLLeerrrAcccAAll
PPrOOOCLLIITTuuCCC
PRRROcclllIIVVVAATTTIIIEs
pppRIIICCLLEVViiiTyyy
PRIIccliiiVVITYYY's
PrrOCeeemmmMMuuuniiSSm
pppRRRACCCOmmmUUUnnniist
PPPrrooCCCUmmPROOOmmmAAAsssee
ppprIcoooNNssaaRvvvaatttAOnn
PPPrEEEcccAANSSSoooll
pRRRuccceennssUUUl'sss
ppprrOcccInnSSeelllaR
PPRRoooCOOONSSSUULLLAAAtttAA
ppRRROOOCCCUUUnnsILAAteeS
PPPrrOOOCCoooNsUls
pprrrUUUcRRRaaSSSTInATTuu
pRRRooCRRRaasssTInAATEEDD
pppROOCrrraSSTINNNIIITTTEEEss
prOOccRRRAASStttiinIIITTTiNgg
prrrooccrrraaassttIINaTTiiuNN
pppRRRoocccrrraaSStttInnnAAATTTIIIOOnnn'SS
PPPRuuCCCreeesTIInnoooTTIONsss
prOCCrrrEEESStuuuNaaaTToorr
PPPRRuuuCrassttAAAnneetooRR'SSS
ppRRooCCResstttIIINIIIttaaaRRRs
pRROOOCrrrAAAsTTiiinaattAAArryyy
PPPRRROCCCrEAAANNt
pppRooocccRRREEoTTU
PPRocccrAaaaTuudd
PPrreeeCRROOiiTees
PRuuuccRooAAAttooonnGGG
PrrrUUUcRRAAiiitOOOEEN
PPrrrIICRRROOOAtiiUUUNNN's
PPPRRROcRRRUaatttiuunnAAlll
pROOOCrrrOOOAAATooovvvOO
prrrACCRuuoooTTeeerr
PrrOOOccRRoStttEaaan
pRRRoooCCRRRYYppTTTIIC
PPPrrICCCTTOlllOOggieeeS
PProoccttUUlllEEEgggisT
ppprriccTTToLUUGGGAASSSTTTsss
PPPRRRocccTTTEEELLLOOOggYYY
PPRRIIIccttooR
pppRRRoccctttOORRR'sss
preCtOORaD
prOOcccTTarrruuAAAll
prruCCCttooRREEnnnGG
pRoocctttAArrss
prrrIICTToosssCOOPPPUUU
prOcTOOOsccciiipOOOss
ppRROOOcuuuMMMbeNTT
pprrOcccUUrraabllaaa
ppprrrOCUUUrrraanCCee
pprOCCCUUUrrrUUNNccEESS
PPPrACCCUUrrIITTOOoon
PPRoccceeeRRUttiiirrr
pppRReCUUURAAATOrrr's
PRoocuuRRiiiTiirrrsss
pppRRROOOccaarAAA
PRROccciroood
PPPROCCCUUURRRAMENTTT
pRReeeCuuRRiiMEENTTT'S
ppRRREEcUUrrrIMMUUnntts
pRROOccUrreeRR
pRRROOOccAAREER's
PPRRRACoorrreRRRSS
ppRRRooCCCOOORReS
prrreeeCCCUrreeessSS
ppRRROOCCCorrriissSSUSS
prrUUCUrrANgg
pppRRiDD
prOOOD'ss
pppRRReeeDDDDDed
PPPrrroooDduuRRR
pprrEddddddiiinnnGGG
PPPrrrodUUMiiccRUtttICC
PPRoooDDDiiiggall
pppRooodddIIGGGall's
PPPrEEEDIIgeeeLLetYY
PRRAADDDAAggALLeeettYYY's
pppRRUUddoGGGIlllLLLYY
pppRRROddegggAAALss
ppprOOOddAgUUeeesss
PrrOOODDDeeeGGIIIoUs
PPRRREEdiGGGEOOOAASSLLLyy
ppRRooDDDiiigAAOOuuuSSSNNiiisssss
PPrrreDiiiGGGyyy
PrOddduuuggYY'sss
ppprrOOdddiiisirrMMAmOOOnttt
PrudRRRoMMEE
PPrrrEEDDDRROMOSS
pprriDss
pppRRODDuuCCCee
pppRRoooDDDEEECCU'ss
ppprUUUdUCCEEddd
PPrrooDUUccuRR
PrrOOODDDecccUrr's
prrADDDuCeeeRRSS
pprrruddduuCCCEESS
ppprrreDDUUUCCeeebblllI
ppRRaDDDuuCCCiiingg
PPPRRROOODuuuCCtt
prrrOODDDuccTT'ss
PPRRRoooddduuucTTTaOOnnn
PPRuDDUCCCttAAANNN's
pppRRooDuuuCTTuuuoNs
PrrreeeduuuCCtttevvvEE
PrrruDUccTTooovELYYY
PRRoodduuCttIIVeennnUUUsss
PPPRRuuuDDUUUccTTiiVVEEENeeSSSS'S
PPrrrOOODDiiccctivvIItY
PPPrrrOODDDUUccTTEEViiiTy'SS
pRuudduCCCTTS
preeaaMMM
PPPRROOOF
PPProoFFF's
PPriFOONNNAAAtoeenn
PrrroffOOnatttuuONN'S
PrOOOFFIInIIItttiiioooNNSSS
PRROOOFaNNNatORRyy
pROOOfOOONNNuuu
PPruuffeenniidd
PPPrrrOOFFaNuulllyyy
pRRRIIIFaaaNeeNNNuSSss
PPRRuuFFaaannnEEnESSSSS'sss
pppRooofaaaNNNoR
pRRROFFFaanniiiss
PRRoffiinnIINNNGG
prrrofAAAniiittiiieees
pRRofffeNiiitY
PPPrrooFFaNNNittYY'SS
ppRRafffaassCCiiiSSStt
PPrrrOFFeMeeNNNOOssst
PPPReffEESS
pppROOFFFAAAssOOOD
prroofffAAsssSAdLyy
ppprrOOOFEsssssEESS
ppRRUUUFAssssiNGGG
PRRifffEEEsssSAOOON
PPrrOOOfiiissssEoonnn'ss
prOfEEsSSSIuunnaaalll
PPPRofasssSAAAonnnAAlll'ss
pRReFFFOOSSsssEEoooneeelIIsmmm
pRRIFFFuuussseeeoooNNNooolluuusssmmm's
PrrrooFFFUssOanaaaLLIIzzaaaTTTOOen
PPRRUFeeessssiiiOOOnnAAALOOZOOO
PPrrrooofEsssssIIIeennneLeeezeddd
prrrOFFFEEESSSuoooNNNAAALLLIIzzzeeSS
ppprUFFOsssSSSiOnnAAALLiiiZiinnng
pprrrOFFFAAsssSAAAIInnAlllly
proffiiiSSSSiiiuuunnuuls
PrrOFFFEEssssiiiannns
PPPRRaaafffOOsssssUUr
PRROOfESSssOrrr'ss
pprOOfeSSsssuuuRAAATTTo
pRoofffESSSssoooRRiAAll
PPPRRUUUFFoooSSSSUURRREAAALlY
PPRuufffeesssSSSooRRRooaaattooo
PPROfeeesssssEEErS
pROOOFFEEEssssOrrSSShheeP
PPPROFFFESSoooRShUUUppp's
pprrOOfOssssIRRSHHHIIIPPS
PPPrrruuufffoRRR
PPPrrrOOfffFFeRR's
pppRooFfffOOrIIIddd
PPPRRooFFFFFEEERAAANNNggg
pRIIfFFaaRRsss
PrrEfiCCUUUEEENNCCCUosss
PPPRRRAfUCCCIeeNNNccY
PrruuFIIIcoooEENcyy's
PPPrEEffIICUUUINNTT
PPPrUUUFFICIIIooonnTTT'S
PrrOOOFFiicIIIUnnTTlY
prrUUUfiiicUUOOnnttss
PRRoooFFuLLLi
pppRRROOOFFFiiLu'ss
ppRRoooffoLOOdd
ppprrroooFFFiiiLLeeS
ppprOOFULAANg
PRoffiiTTT
PrrrUffIIttt'SS
PPPRRROFUUTTAAABBIILLLEEEtttyy
PrrOOffeeeTTaBBBIIILLLiitttYYY'SSS
pprIfoottaaBBBlllEEE
ppRRROffitttIIIBBllY
pprroofIITTeeDD
prrroFFFIITTEEEerrr
PPPrOFoootttIIerr'SS
pprrraafffIITTuueREDD
pprUffIITTTeErriNNNGG
pprrrEfitttEEEooRRANgg's
PrrooffIIITiiiEERRRSS
pprrefiiiTTiirroLi
PrrrOOFFIITTTuuuROllle'S
PPPRofittOOORROOOLLLESS
prrOFFFUUtIIINg
prrUfffuttlleeSSss
prrrOfffuuttSS
PPRiiiFlIIIGAAcYY
pROOffLLuuuGGiiccY'S
pRRROfffliiiGGGAATUUU
PPRRIIFLEEEgggaateee'ss
ppReFLLLiigAAATTTEElY
PRROOFlleeegggaTeSS
prrrOOFFFLLLuuoNTTT
PPProoFiiirmUUU
pprrrIIfUund
PPProfoennndddeeR
prrIIIffiiuuuNdOOST
PPPrrOOFFFuUndlYYY
PPPrrIIIFFFEEEUnnnDNeeeSSSS
ppREfffiiiIInnDDDnnnessss'sss
PPRRRuuuffSSS
PPPRReeeFFuNNNdITiieeesss
PrrOOfeeeNNDDDiiiTTyy
PPPRRRUFFuuunnDDOOOty'SS
PPReeefffUUUsEE
PRRooffIIsssaaaLLy
PrrruuuFUUUssEENNNuusssSS
PPPROFFFUUUsIINNNIIISSsss's
pppRRIFFFUUSeuNN
PrrofUssIIIOOn's
PProFFFAAASSIIeeNS
PPPRRooofffIISSSIvvAAA
PrrrIGGGIIInnnUUTiVVi
PPrrooggEENNNItttOrr
PPRRRogggENAATTTOOrr'ss
PPREGGGuuNNNIIttirrreeaal
pRRooGGIInnnuuTTooorrs
praaagggeeNNNYY
pprrroogggaaNNyyy'ss
pppRRRoggeestttAAAtttieeeNNNUUl
pRRaaaggiiisstttiirrrOOOnne
pppRooGGGuSSttoRRRooNNNEE'SSS
pROOgguuuSStennn
PPrrrOOOGAASSSTTiinSS
PPrrrOGGGlllOOOtttTTIIs
PPRReggNaaTTHOOsmmm
PPRRoGGnEETThhaaauus
prrrOgnnnooSSSAAss
PRiiGNNOOssseS
pRREEgggnnnUUUsssaS's
PPrrooggnnOOOssstttiiccc
PrrrIIIggnnisssTTTIIC'SS
pppRRRoGNooosTTTiccAtttII
PPRRReggneeSSSTIIccoooTTeedd
PPRRRUgggnOSStOCCaaatIIISS
pppRoggnnEEstiiiccIITINGGG
PPrruuuGGGnoooSStUUUccaaatttEEOOnnn
PRROGnnooSSSTTiicccAAATIiN'S
PrraaagNNNoossstttOccaTIIIONSSS
PPPrOOGGnnnAASSStICCAttteRR
PPPrrooognUsstaCCataarrr'SSS
prrrooGGnAAASSTTiiiCIIttoooRsss
PPRRRoooggNNNOSSttAAACCCaatttOrrryyy
ppprrrOOOGGGnnAASSTTTIIICSS
PrroogggAAvvverrrNNMMMEnnnTTT
PPPROOgggrammm
PPRRAAAGGraaaMM'SSS
pppRRIIIgRRRammmAdd
pRRRooGraaammEErrr
PPPrrrOOOGGGrraammeeerr'S
PPPrrrogrraaMMAAArsss
prreegrrUmmmiiinngg
pRUgRammmaaabbeliiTYY
ppprrreeGGGReeMMMMaaaBLooo
PROGGGRRRUUmmmabLU'S
PPPrrreeggRRAMMmmmaabbbLoS
prrogRRRIIImmmmmEETTTiCCC
PRogrooMMMMMEdd
ppprrrOgggRRIImmmmmEEER
PPPrOOGGGrrraaaMMmmmeeerrr'ss
PrOGRRiiMMMmmmiiRRRsss
ppprrraaGGRaMMmiinnnGGG
ppprrAAGGGriimmmmOOONNNgg'ss
PPPRROgggrrrOOMMMSS
PPRReegggrrIIIsssss
ppprrroogRRiiiSsss'S
pppRRRaaagggrrroooSSSSIIIDD
pppriiGGrEEssSSeSSS
prrroGGGRROSSAAANNNG
pRRooggrreSsssuuuiiinn
proooggRRASSSssUoonn'SS
pRRRuugggRRREssssOiiNNissstt
pppROOOgRRReeesssSiiiUnns
PPPrOOgRRUSSSSOSSTTT
PPRooGrresSavva
ppRRaaGRRREsssiVVeee's
pppROOGGGREEEssIIIvvvuuLLLYY
ppprooogREESSsuvvvEENNNeesS
pppRogggRRiissSSiiVVVennnIIsS'SSS
PPrOOgrISSsssevAAASS
PPrrOOgggreeSSSssEvvIItteeESS
pprroooggrrreeSsssiiiVVUTY
PPrrroooGUUn
ppprUUHHHiibbaat
PRRRihhhoobbIITTTeeddd
pprooHiiBBIITTOOOnGGG
pRRRUUHEbOOTTTIIIOnn
PPPRaaHHHAAABBuTIEENNN'sss
PPPRROOhhhiiiBBBiittaonniST
PPrrrOOOhhhIBBiitttAAOnnISST's
pprOOOhhIIIBBBeetttIOOONNNiiiSTss
PriiHHHIIIbbbAAATTTIennnS
pRRohhiiibUUtttiiiVA
PREHHHIIbbettteeVeeLLY
ppprrrohhhIIBIIITEEvOnIIISss
PPrrrAAHHiiiBBiiiTTTiiiRR
pppraaahIIbbbiitttIIIRRRYYY
PrOHHiibbbAAATTTsss
ProooooNdaaSSTTTRRYY
pppRRROinnteeervvvENNNtAEEnn
prrooJJECCCtt
ppRojEECTTT'S
pprreJeccctEEEDD
PRooJJJiiCCTTTIILLLoo
pRRRujjjeccTTaaaleee'SSS
PPRROOOJECCtiiillasss
pRooojIIcTTTIIInnGG
pppRRRujjjectttiioonn
pprrraajjEccTTuuuaan's
pppREEJooccttioNNOOsssTT
pROOJJJIIcTiioonnoSSSTTT's
PROJJJOOCCTeOONNOOsttSSS
PrrOOJJeeccttEEEOOONss
PPrrrUUjEEEccTTTAVVVe
ppReeejIIICCtttIIIVVooollly
PRROJJaCCCTooorr
PPRRIIIjEEcttoorrr's
ProooJeCCTOOrrss
PRRRUUjjjeeecccTTTss
pppRRRooKKKuRYYYiitttE
PPPrrOOOkaarYYOOttiiisss
PROOOKaaryyyOOOtiiCC
ppprrOOllAABoorrr
pRILLUUCCtttEEn
pRRROOOLUUUmmmINNe
PPPRROlaMMMIINNiSS
PPPReeeLLLAppSSee
prrooolllaaPPPsssee'SSS
PRRRalIIIPPPSSSOOODDD
PRRRALLApppSSSeSS
PRRRiiiLApppSAANNNg
PPPrOLattEE
PRRRooolllII
PROOlllIgg
prrrOllleeeGOMEEENo
PPPRRROOlllEGOOOmmmeennOOnnn
ppRolliigggoooMMMeeNNNOOOeeess
PPPREELLEEEppsseeesss
pprrAlleePSSSoooss
ppRRaLLeepppTTTiicc
pprellUUUpTTTIIcceeellllyy
pRROlEEESS
PRRRiiiLLEEEtttAAARiiAnn
pRRoliitttAAROOOAAANNN'sss
PPRaaaLeeeTTTOOORRRiiIInnniSSmm
PPRRooolllEEEtttaaaRRiaaanss
pRRoooLLEttarrIIaaaT
ppprrOllloootttaaarrIaaattt'S
pprrreellluuuFFFEErrrAAAtEEE
PrrOOOLIIffEERiittuudd
PRROOOliFFFeraatttUUSS
PPPrrraalooofffeerEEttIIINNNGGG
prrOLIIFeRRoootIOOOn
pppRRRiiiLLLUFFFERattAAAooNNN'SSS
PrroooLLLiiiFFArrrATTIIIvvvE
PPPRoooLLIIffErritOrrr
PROLIIIFEEREEEaaaS
ppprrreLAAAFFFUUUccc
PPRRROlIIficIcccaaaeeSS
PRROLLLAFIIcuCCy
PPPRooLUfaCCooollllYYY
PPrroooliifIIcnEESs
PPPRRIILLLuNNeee
ppRRaaalllInISSS
ppRoLLIIXXX
pppROlllIIxxuuutttyy
PRRRooliXITTTYY'SSS
PPProooLLLIIIXLLyy
PRRROOLLLuuucETTERR
PPPRRRuullOG
ppRILLLaggg'SSS
PPRRRAAAlEEEggeeeze
prOOlooogIzeDDD
pRRooLLLUggAAAzzzeeesss
PPruLLLuuuggIIIZZZInnnG
ppRRRoooLLLeggS
pRRROLLogggEaaa
PrrreeelloooGUUeee'ss
pprrrIIILLooggguEEss
PPreLeeeggUiiZZa
PPRAALOONNG
PRRRIIIllOOOnGaaaTTTeee
PRRROLaaaNNGGGaaaTiiiOOOnnn
ProoLOOnnnGaTiiien'sss
PRRaallONNNgaaattiiiOnnnSSS
ppRoooLLuuunngggE
pprrOLOnnGGGeeDD
ppRROLiinGGiiiNNNG
PPProLoooNNgss
pppRRILUUUSIIUUUN
PPRRRooLusOennns
ppprOOMM
pprOMMM'S
pppreeMMMoonUUddee
PPPReemmmooonADDe'S
pproMMMOOONuuDDeeeD
pprrommENidddeeRR
PPPrroomENNNuudddiRSS
ppRRREEMMOOOnnnEEdEEESSS
prOOOMMMUUNNNIIdIInnnGGG
PPRRUMMeeettthhiUUM
PPrOMMEttthiiummm'S
prOOOMIlliiTTTOryy
PrraMMMIIINNaNNcIII
prrooommminnnENNNCCi'sss
PRRooMIIINNeeNNCESSS
pppRROmmmIIInnennnttt
ppprammmAAAnnnannnttLLLYY
PRRimmmIIIsCCCUiittYY
proommiiiSSScaAAttyy'sss
ppRRiimmeeeSccUUooUUUSSS
ppprOOMiiisssCAAooUUUSSlY
ppRROOmmmoooSSSCCCeeeuuuuuSSNNeSsss
pprrrEMMeSSCuOOAAAsssnnniiSSSeees
ppRuuuMiiSeee
PPROOMMEEEssse'ss
PPPRRROOOmmISSEdd
pppRRRoooMMISSeeee
pprUUmeesssiiiUS
ppprrrAAAMMISSSEErrr
prOOMMiiSSSUURRss
PRRRoMMIIsAAAsss
PPRRRomAAsonnG
pprrroMEEEsseNggglYY
prrramIssSSOORyyy
pprrooMMEE
PRRUUUmmmOO'ss
PPPrrommOOdOORRnnn
prrommenAArrrCCCHHHIIst
PrEEEMUUNNTTuuurIIIaass
ppRoomoonnnTTooRYY
pRommmInnTTTooryyy'ss
PPPRemmmEESS
PPProoMoootttOObbblOOO
prrOOMMMOOtOOO
pppRRomUTTTeed
PPPrroooMMEEETeeer
PPPriiMoturrr'S
pRROOmmoooTTToorrss
PRRimITuss
pppRRRAAAmmItttiNGG
PPPrrreeMOOOTuuUNN
pppRRRuuummmOOOTTeeoNNN'SSS
PRRROmmOOTiiiOONNNeeLLL
pprrooommmoootAAuNNNSS
ppprrrOOMMoottiivvIII
ppprOMPPtt
ppRRoMMpppt'S
PrrrOOmPPPtBBOOOOOk
pRuuMMpppttBBBIIooKKs
ppprrAMPTTTeeeD
ppRRiimmmPTTTiiRRR
ppprrroompTTTUUR'SS
PPPREEmpppttAARRSSS
pppRRiiiMpppttaaSSStt
PPPrrOOmmmPTTIINNgg
PPrroMMpppTeeeNg's
PrrroomptttOOnnGSSS
pppRROOmppptiiTTTuuuDeee
ProoommppTaaaTUDDDeee'SSS
pppRRROOOmmmppttLYYY
pRRReeeMMppptttnneeesss
prrOOOmmmpttNess's
prOOOMMMPPPTTTSS
ppRRRAAmmmS
pprreeeMMMeeLLLGGaatooo
ppRRROmAAALggaaaTTTEEdd
PPrrOOOmmmuLgOOOttesss
PPrrrOOOmmUUULLLggetInnnG
PPPRRROOOMMMULGUttiiiIInnn
PrrrEmmUUlGGAATTiiieNN's
PPPRRAmmuuullgguutiiiOOOnss
pRRRiimmeLLLGGaaTTTooor
PPrrriiiMMMELLLgaaaTOOOrrr'S
prrEEmmoooLLLGGGuuuTTooRRRsss
prrroMMYYYCCAALLIIIUUM
ppRRoonnnAATTTEE
PRooNNNIItIDD
PREENNNItUUUSS
pproNNuuutInngg
pprooNNNAAtttauuunn
pppRoonOTTiiiuNNNaLLEEEStt
ppRRRAnitOOOIIIns
PPraaaNatttOOOrrr
ppronA
PPPRRRuuunnenEEESSS
PPPROnnnEEENNNeeessSS's
pRRRoNNNggg
PPPRENNGG'ss
prrrOOONgggEEEDD
PPPronnngghOOrnn
PrAANNGGHHHOOrrnn'SSS
pRRooonGhhiiRRRnss
prrUNNggS
PPRRROOONNNoooMONNNaaalll
ppRRROONAAAMMMinnaLL'ss
PPrrOOnnoouuNN
ppprOOONNOOANN's
PPRRROOOnOOOUUUNcccuuu
PPrrAANNNiooonnncccEEEOOObbllla
prrooNNoUNCCCEDDD
PPrrrinnooouuunnccEdlly
prrrooNNNIuuNCCeeemeennntt
ppprOOONoooiinnccAAAmeeNNttt's
PPPrInuuNcimmEEnnnTTss
PrrrooonnnoooeeennccEEEss
pronIIEEEnnncciNNNg
PPrrriiiNNOOunSSS
PPrraannToo
pRRRaaaNNuuuccleeeArr
prIIInaacccLLLUUUUSS
pRRRoonnUUUNNCCIIOOOMMMeennToo
ppRRRoonoooncIaaMMMaaaNTTTOEES
PPROOnnnUnCiiaaMMenntoooSSS
proNIInnnCCiaTTooOON
ppprrEnnnAANNCeATEuuuN'SS
PPRooNUUUnCCaaaaaattIIonsss
pprOOOOOOFF
PPRoafff'sss
pproooFFeeeD
PPRouuuFaannnG
PPrOUUFFFrrIIaaD
pRiiiOOFFFrrreeeaDDDeeer
prooooooFrrroaDerr'sss
PPPROOOeeeffRIIIIIIdddAAARSS
PPPRAAAoooFFrrAaddInnggg
PROOOAffRRREAdss
pprrrooUUFFs
prrrOOOpp
ppprrrop'SS
PPrrroooppAAAeeeDDuuuUUUtttIccc
ppRRROpppioDDDeeUUtttuuuCAALLL
PRaaappaaaGGGiiBBBleee
pRoooPPPUUUgAAANNNddAA
ppReppoooGGAAAnDDeee'ss
PRRoopppaaagAANDDDisMMM
ppRRRoPPaGGGoooNNNdddIIISSttt
PPRUUpppaaGuuunnnDDEEEstt'SSS
ppprroopAAAgggEENNDDUUUSTs
prePPPOOOgaaannDDDiZZeee
PrrrEPAggaannDDIIIZED
pprrooPuuuGuNNddduuuzEES
PPPRRAPaaGGGannndduZinnngg
preeePPaaaGGaaatttuuu
pRUUppaggAATeeD
PRROpppaggOTTTUUUsss
pRROOPPPAGUUTTTiNgg
prooopppOOOgaTTTIIooNNN
ppprrrOOpppaagggattIUUUN'ss
ppRROOpiiiggoooTEEvU
ppprrrooopAGOOTToooRR
ProooppaaGGGuuTTOrrr'sss
ppRRROOPiiigggAAAtttOORRs
PPPrOOPuunnaaa
prOOppAAnnnu'S
PPPrrrOpIRRROOOxxyttOONNNEEE
PRREEEPPeLL
PPrrOPPPeeeLlllAAAnnTT
PrreePeeLLllleNNT'SSS
PRRRoooPPPEElllINtSSS
PPPROOpeeLLLLLEEEd
PrrrIpppilllLeeNNtt
prOOpppOOlllLLLUUNNTTT'S
pprrrOpppUUUlllLeeeNNNTTTS
PPRRiPPeLlErrr
prrrOpppElllleeeR'sss
PPPrrrOOOpeLLLLLORss
PPrrOOOppolLLIIInnggg
PPPRiiippEELLlllAArr
pprrOpAALLiiiRs
PPPrroPPPaLLSSS
PPPRRREppEEEnDDD
pprrooppIIne
prrruuPPPennAAASSS
pppRRaaPennsssIITTTIIEEsss
PrrrOOpEEnsaty
PPRRuPPeNNsitYYY's
pppRROOOpur
ppprrrOOpper'SSS
PPPrrOOPPPoooreerr
PPPRREEEPeerosssT
pprroPPPiiRLLYY
PProooPPPeeerrNNNooSS
PPRRRooPooRNNNEESSSseSSS
ppprrrOOOPaaRtEed
prrraaPeeeRRRTTieees
pprrruuPPeeeRRTy
pRRRIIPEErrTy'SSS
PPPrrAAApHHHAAASSSo
PRRoPhhhuSSaaas
pRReppHHeeeCCCuuSSS
PPRRAAAPPhhhuCCyyy
pprrOppHHEECCCYYY'SSS
propppHEEESSIIIeeDDD
pRRRooPHHHOSSiiuuRR
prrrooopppHHEEssOOErr'SS
prrrOPPPhhesaaaerS
PPPrIIIppphheSSSuoSSS
ppruuuppHEEsssyy
PRRoPhhESSSyy'SS
prrOOPHHOssyyyiiiNNNg
ppprruuuPPPhhhEEttt
PPRRRooophhuuuT'sss
pppRRopppHOOOtESSSS
pprropppHHeeeTTeSSSss'S
PRRRoopphEETTuusseesss
PProoopHHHEEttooC
PRoooPPhhEEETTTaCCCaLLL
PPPRRROOOPPPHHHEEETicALLyy
PPPRRROPhEttSS
pprrooppphhhyllaCCCtttiiiccc
PreeePPHHHyyLAcccTIIIccc'SSS
ppprapHyyllaaaCCtiiCaaalllLyyy
PPrrrOOOpHHHyyylECCCtttIIIcccs
pprrruuupppHyyylllAAXEsss
pppRRePHYYYlliiXIsss
ppprooPPhhyLLaaaXXAAAsss'ss
pppReeePinqqqoiiiTTy
PRRIIppoooNNNQQuuoottyyy'SS
PPRiiPPPITTIIIiTTTEE
ppprrEEpppiitttiiiiiiTTTuuddd
pppROOOPiitttIIiiTeeeS
PPPruupiTTIIIetiiNG
PPripppiiitiiuuTUUUOONNN
pprAAPPEEETTTiaaTTTiionnn'SS
ppRRoooppitttuAAtttor
ppprOOOPItttIIatttuuRRYY
pprrrUUUPIIItiAAUUUs
PPPRooPPPIIITTTIuuusslyyy
PPRRRiiiPOttAAAoUUsNIIISSSSS
PPPRRRAAApppITTEOOusssnnniisses
ppprrroppJJJiT
ppRRRoopjjitttS
PPrrOPPPmmmEENN
ppRRAppMMMiin
PRRREEEpOOLLLIIIsss
prroooPPuunnAAANNNttt
PrOOOPPoonnENt'S
PRROPPPONNNoNNNttts
PrrrOOOPArrrTTTIOONN
ppRROOPOOOrTIIIOOOnn'ss
PreeppUUURRTTTiiiONeeBle
ppROppuuRRRTTTEEOOnnILL
PPRROpppUUURRRttoooAneeeLATTIIIEEESS
PRROOPPPuuuRRtttiiOnniLLLIIttty
PPRRiiPPOOOrrrTuOnOLLLLLLyy
ppprrrOOOpOOOrrttioNNUUlllss
PPRRRoooPiirrrtttEOOONAttteee
PPrrEPoRRTTIoonnAtEEELLy
pppRUUPuRRtiiOOOnnned
PPruuPPaarTTTaOOniing
PPRoPaaaRRttEOnnSSS
PPrOOPPPOSSSILLL
PPrrroPOOOsaaaLL'S
ppprrrOOOpppOOOssAAAlS
pprrOOOPooSiii
PPrrEEEppIssEEEddd
PRReePPOOOsUUR
ppRRRiiippIIsssUUURRR'SSS
PPRopppoooSSSIIrss
PPROOOPPPISSSEEs
praaapposInnnGGG
ppprOPPPOSSSIIIttOOO
PPrEPPPEEEsssIITTiiiannn
PPPRROOPPPIIIssiTTTiiioN'SSS
PRRRoopOOOssIIITOOOOOnaaaL
PrrOOPesssuuuTiiooonOOd
pprOpppiiiSSSuuTiiunnnooNNNG
pproopppooosIITTAAOnss
PrOOOpOOOsIIItttuus
PPPRRooopOOOuuunDDD
ppRROPiiuuNNNddEDDD
pRRRooppooaNNDDDOOORR
PPRRiippooUUUNNdddannGGG
PPrrrOOOpppooouuunnDSS
pppreeeppEEd
PPPrOOOPPppiNG
pppRRooppRREEEttorr
PPPRReeePPreuttaarrrIIeeeSS
priiipRRIIIETTTuRRRUUly
prrAAPPrAettAArrry
pprrrOOOprrrIIIEEttaaryyy's
PPPRRooopprrIIIAAAtUUUeeesss
PPPrOOPRIIIAATTTiiEEss'SSS
ppprrreeeppRiiooTTaaaR
PPriiiPPrrrIIIaTTOrrr'sss
pRRROOpRRaEEEtttArrIIIoool
PPRRROOOPRiiieeTiRRIIolly
ppRRooppRRRIEttooorss
pRRoPPPRIeettAAARssshhiP
PPPrEPPPRRRiEETTuuurrrSSHHHIIIp'ss
PrOOPPPriOttrrreesSS
PPrrOPPPraaEEETREsssss'S
pprrOPrrEEEoottRiSSsees
ppReppRIIOty
ppRRRoPPrIAAAttty'SSS
ppprrrupppRiioceeepptttIIeeeN
ppproPRRRIIIOccaaPPTTTiiiOOOnnnss
pproooppprUIcoPPtttiivO
ppprrrEEEPRRROOOuuccEEEPPPTTiVuuullyy
PrUPrIoooCIIIppTToRRR
PPPRiiPPSS
ppRRROOPTuussEsss
ppprrruuupuuullSIIIOOOnn
prrOOPuullSSSUAAn's
PPPRRRIIIpeelllssiiivI
ppprrIPPPyyLAAEUM
ppprroopYYYlllenneee
PProppyyyLLENNNEEs
pRRROPPyyLeeeTTTee
pprarrrEETE
PPPRRUUUrrratttedd
pprrIIIRRRatOOOsss
PPrrooorriittIInnnggg
ppprorraaaTTTien
PPPROrreTTAAAOOOnnS
PPPrrooRRREEEffOORM
PPPRRRaaREEVOOOLIIIttiiOOOnEERRRy
ppRooRUGIIITTiiON
PrrroorIIIggaaaTTIeennn'sss
PPPRRooorrOOOgeeeee
PrrIROGGEEeD
pppRUUrrrEEGGGUUaasss
ppRuROOOggUInng
pppRRRoSS
PPROOOSSSaaooocc
PRRROSSAIIIccUUUlllyy
ppprOssOiCCCNNNEEESss
PPPRoooSSSAoCCnnnESSSsiS
PPrrOssaiiiSMMM
PPrroosssCCooonniaaa
PPrrruuSSceNNIIUM
PrrrUsssccceeennIIIuumm'SS
PPROOOSSScineOOOmmmss
pRROOsccIIuuTTTTii
pRosssCiUUUttTTo
PRRooSSccouuTTTTTAA's
PPRRRoosCCRIIbbee
PrrEEESScccrroboD
pppRRROOOSSSCrrIIIbesss
prooossCCCRRiiiBBBInnng
ppprrrooSCRaPPttioooNN
PPrrroossCCrrraaaPtAAoNN'SSS
ppRRosssCCrooPPtttiiOOOnnnsss
pRRoooscrrrIIPtEEEVVee
pppRRissccraaapptiivviillly
pRoosssii
PPrrrooosssEEE'sss
ppRRRoooSSSeectoooR
ppRRROSUUcccuTTeebbbLLLEEE
prraSSSaaccuttiii
pRooossEEcoTEd
prrossEECUTTTAAAS
PPrOssUUCATTeng
prrrooSSeccUUUTTiiioonnn
PRRuussseeeCeeeTTTiiiuuuNN'S
pppRRisEECiTEEEIIINs
prrriiiSSaaacccOtttAAr
PRooSSSaccUUtOOOr's
PRROsACCuuuttorrrS
ppprOSSSEElyyyTTTE
ppprOOSSILLLYTTTuu'S
PPPrriSSEllYTAAdd
PPrOOsolllyyytOOSS
PPPRASSUULLyytiiinG
PPPrrreeeSSSELyyTTeeessmm
PPPrUUUsseeeLYYttAAAssm'sss
ppROOOSEELLLyyTTTiiiZZZAAtttiiioon
ppprrrOOsseellYYYTTiiZee
pRRUSeLLYTTTIzud
ppprrresAAllYYYTTOzzzEEErr
prrooSOlYtaaZZEErr'sss
PPrreeesssUlYYYTTTIIZZEERRRs
PRReeSeelYtttiiiZZuuus
PPRRaSEElyyTTiizzzUnggg
PrUssEEEncHHHyMee
ppRRRooSSSARR
PPProooSEOOrrr
PRRRoooSSIeeest
PPPRRRaaassImaAn
PPrrreesssiMMMiANNSS
pppRRosssiiiNNNeeSSSS
pRROSooonneeessseeeSS
pprooSSSiiTTT
ppprrroslllaavURRRyy
PReeeSSSOOdeeecc
PreeSSSiDICCoooll
PPPReesssaadddIIIiiSS
PPRRRUUUSSSoDDDaaSSStt
preeesssOdyyy
ppriiissooodYY'SS
PRRRusssoooPPPopeeeEEeee
pppROOOsssOOOpooopppooIaasss
pRROssAAAPPPooopppuEiUUU
PPPrrrUSSSoPAPPOOOEEEiiaas
PPPrrOsPuuuCCt
ppRRREESSSpppIIctt's
ppprroosPocTTTooddd
PRRROOssspOOOccctttInnng
pRRROOOssPPPAAACCCtttoovvvIII
PPRRROOOSPucccTTTiVVEllyy
PrriiSPPPeeccTTUR
PPPreeSSSppeeCCCTOOOrr'SS
prrrooSPPPeeeCCCTTTerSS
ppRRaassppEEccctts
pprrrooossspppeeeCCTTTISSS
PPrOOSSSpuuucctttUs'sss
pprASSpppeeCCCToooSAs
PrrroossspppeR
PPPROOOsPPPEErrreed
prOOsPPPeeerrrooonG
PPRosssppEEErriiTyy
pppRRRAAsspppIroTTTyy'SS
PProoSSSpeerrroIISSS
pppRROOSSpeerroaaasssLLYYY
PPPROspppUrss
PPPrrrostttAAATee
PPPRuStattaaa'ss
PPPrrrOOOsTAAttocccTTToMMMaaEEsss
pppRRRooossstttoToooCttoMMMyyy
pRIsttaaaTTTiiSS
PPRRRestIIITTiiiCCC
PREEEsTTiTTTIITiiiSS
PPPreeesTTUUTOOttIsssUSSS
pppRRiSSSthhOOOSSes
PrriiisstthassIIIs
PRRRoStttHHasIISS'SSS
pproStthEttiiCCC
PPPRRoosstHETiCCALLLlyy
prrIsstHHHeeTiiiCCCSSS
PRRRuuuSthOODDooonntoCCS
PPPrESSSTTHEEdddonnnTissT
PPPrrrUUsTTettaaTTTi
pprOOOsstttuuutUUtte'ss
PRoooSSttiittuuTTEEEdd
pRROOOStooTTTUtoS
PPrrOSSTTTAATTTitttUnnnG
PPrrreeSSStttITTUUUtIIIoonnn
prriStttuuTTuTTIIooNNN'SSS
pRRRoooStoooMMMIAmm
PPPrrrOSStttraaattEE
PPrrrooSSTTRRATTEEdd
ppprroosstttRuuttees
PPriistrIITTOOnnnG
PRRooostRRatiiiEn
pRRRiSSTrruuutOuuNNN'ss
PPPRRooSTTRRaattiiiooonnSS
PRROSSTTYYlllii
pRRoooSSyy
pREEETTACtttOOOnnniiiuum
PRRoooTACCCtttiiiNNNuuAMM'SSS
PRRRutttooGGGOOONNNIISTTT
ppRRUUtaGGoooNNNiiStt'sss
pppRRoTTTaagooNNNIIISSTTss
ppprrrOOOtttuMMMaaNNNee
pppRRRAAATTTOOMiinnIIs
PPPrrIITTaaaNoppuuua
pRRoootttAAAnOOpaaaAsss
PROtttIISooSSS
pprrrETEEEAnnn
ppprrrotttAAAEneSSSM
pRoottaOOOSSSE
PPRRooTEEEAAASeSSS
PPPrrootOccct
ppproooteeCCttUUUDD
pprroTTeeCCTTTinngg
PPrrrOTeecctiiON
PRRoToocTTuen'ss
PPPrOOOTOOOcctttIIiiNNNIIIssMMM
PPrrOOOTTECCTTTIooNNuuSSmmm'SSS
ppROOtteeccTEEUNNAST
ppRRRATTECCCtuuuaanniiistt'SS
pRoootecccttiiiaaaNIIIsssTTS
pppriiTTecccTTTauuunns
PRRuttEECCtttaVVVEE
pprrOOOTEECCCteeVVVeeely
PPRRoottooCCttuuuvEEENNNiisss
PPrrrOOTTAAccctEEVVVAANEEssssss'ss
prrriiTeeeCCTTOOOr
PrroooTTTaaaccTERR's
pRRRATTTeeeCCCttoRRaTTeee
pprrEEtttOcctOrAATo's
PPrrrOOtteeCCCToRATTeeSS
PPRooTeeeCtttuuRRSS
pppRRReTeectOOORRsssHIIPP
PPrOOTEEECCtoRRRShhhUPSSS
prrootEECtttS
ppRRROtEEEIIIFFEErrrm
pproooTTTEEEIIINNN
PrItiioN'SS
PrrOOOtteeAAnnnaaaCCCeeOuus
PPPRRRootttUUUnnniissEEE
PrOTTeiiNNusseeeS
PPPrOtttAAAUNNNs
PPPrrOtiiiOOLYSSooS
PPROOtiiolYYYSSSAs
PPReteoSSUUU
PPPrrOOOTTTEEsstt
ppRRRaaaTTESSST'SSS
PrrOOOTTTeeSSTTIIINNtt
prrrotteesstannTss
prrUUTEEssTAttiiiEEEnn
ppprAAAttEssstttootOooonn's
PriiittEEEsttOOOTTOaaNNNSSS
PrrOOttUUUsttteeeD
pRRRIIIttEEEssttEErrr
PPPRRReeTTeeSStter'SSS
pRRRaatAAssstteerSSS
prrrEEttUssTTTuuunnng
pRRoTUUUsssTUUR
prrrotEsssTIRRR'S
PPRReeTTEssstttaarrrsss
prrEttEsTTTS
PPPRotttHHalAAAmiiOOnn
PPRRRUUttthAAlAAmmiiUUUMM
pprroootHHHiiiLLLLeeesss
PPruuuTHHaaLLmAAaaa
pRooTTTHHHiLMMaaooN
pprrOOOttHHUUULLmiiuum
PPrrrOOTTHHHOOsIISSS
PPPRRuuttthhhOOONNoottARYYY
PProTTThhorrraaCCCEEss
pppRRRooottthaaarAAAxxx
PPrrOOTThOOORRRaxEEES
ppprriiittthhhRRROOmmmbin
PPRRuuutttHRRROOMMbiinnnsss
pppRaaTTIIST
PrOOOtttiSTTTSS
ppprroTTTIuMMM
prroottIIoooCCTInIIeeeM
pRuuuTiaacTTiiinnniImmSSS
PrrOOOTTEEEcHHHorrrDDDIItttEE
prrrotttOOccOlll
PProToooccOOll'SS
ppREttooocccuuLLLSSS
ppprrrEEtttIIhiiSSStttUURAEEss
prroteehhiisstttARRy
PPPRRRooToHHummeeen
PRRRooTTTOOluNGUUOGEEE
pppruuutttoLIIITHHIIc
prrroootttOOOmmAAARTTTYYRR
pppRRROOOttaMMIIrrPPPhUUCC
PPPrrritttooon
pppRRoTTTOONN'SS
pprrOOtttiiineeeMMMAA
pppRiiTUnnICCC
PROtttunnss
PRRRooTooopplleeesMMM
pppRRROTTTopppliSm'S
PPPrrUtttOOOPPLAsMiiiccc
PrrrootEEPPlllooosT
PPrrroTeeppLLLEESSSTTTSS
PPPruuTaaassstttEELLLII
PPPrOOtttAAtHirrEEEooN
PPPrrItttItttrrroPPhiiC
PRRiiitoTTYYppaaaLL
pprrrUUtttootttyPuuu
PRReetttAATTTYYPPee'ss
PrrrOOOTTTOOttyyPPAAAddd
PRRRoTetttYYpppuS
PrratttaatYYYpUUccc
pprreeTTOtttyyPIICCAAAll
ppRReeetttEEETTTYpIIICaallllYYY
pprroottoTTyyyppeeeNGGG
PPPrrriitttOOXXiiDDe
pppRRIIITTOXXXyLLiiM
ProootttooZOOOee
PPrriiTeeeZZZoaLL
ppprOTTAAAZZOAAAN
PrrrIITTTizzzoAAAN'sss
pppRRRoootttozOOaaaNsss
ppRRRATTooozoooIC
PPPRUTOOZooooooLoGoas
ppprraTOzzziEEEllOOOGGGyy
PPrrreeTTTooZOon
PPRReeetooZZooOOnn'ss
pppRooTTRRACt
prrrOOttRRaaaccTTTEEED
PPPrrroooTTRRRAAACCTiilllee
PPRRRiTTraaaCCCttiiNggg
pppReeetRaaCCtttiOOOnn
PPPRRRITTRRRoooCCTTTIIoooNNN'S
PPrrriTTRRAAAcTTeeRRR
pprrreetttRRRaaCCCTToooRRR'sss
PPPrrrOtttraaCCCtttOOrrsss
pRRROOttRRAAAcTTSS
PPPriiiTREEDDE
PrrreetttRRUdiddd
PPPrrooTTTrUUUDDaaasss
pprrrooTrrrIIDAAnngg
PPrrOtruusssIIIlllUU
PPPRROOOtttRRRUUsIIIAn
PrrrotttRROOsIOON'SS
ppRRROOOtruSIIInsss
ppprrroTTTRRUUUsssIIIvvveee
PPrrraTTTUUBBBiirrraaaNNNCCee
PrrrOOtttAABeRRREEEnnCCCOO's
pppRoooTTUUUbeeerAANCCCiSS
ppRRUUUttuuuBBeeeRRaNccYY
ProooTTobbaRRaaNNNTT
pRAAATuubbiRRAnnnTTLLLyyy
pprroTTuubeerrittoo
PrrruutttéGé
pRoootttéGGé'SS
PrrrOOttéGGGéee
PPPrroooTéGéees
PrrAATéGGéSS
PPPrrrEEUdd
ppRaauDDDuuR
proudddoSSTT
ppROEDDly
PPROOUDDDnnEssss
PPrrrEaaaSSTOOOTTTaaa
PProooVAAABBBuloooTYY
ppRRovvvibbbOOLLLITTTyyy'ss
pRRUUVVAABBlleee
PPRRoveBBlly
PRRiVVVooo
pppRRRoVud
PPPrrreeeVVVoN
PPPRUUUviiNNUUnnCCA
ppproooVVVUnAANCCCEEE'ss
PRiiVAAnnaaannCeesss
pprrEEvvAAANNddEErrr
PPPRRRAAVoonnndddurr'SS
PrrrOVVooonnnIIunnccII
prOOOVeeenneeennncccEE's
PPROOOVeeer
pproovvvAArBB
pRRoooVVVEEERBB's
PRRROOOvvvERRRbIIIaL
PProovvIIIRRbbOOooLLAttyyy
pppROOOVVVEERRBBBIAAALLLLyy
pppRRovErrrbbSSS
ProoovvorSS
ProoVEEESSS
ppprrOOvvEEEDaaBBLi
pprrraaavvvooDDE
PPRRROOOvIddEDDD
PPPrreeeVUUdddOOnnccUU
pprreeevADDaaNNCCCee'sss
ppRRROOVIIIDDoNTTT
prroooVVViiDDDeNNNtttuuall
pRRROVVVaaadeeNNNtiOOOlly
ppRROOOVViiDDeeNNtllYYY
PPPRRRiiiVViiidEEEr
PPPrOOOvvviiiDooRR'S
PProVVViiidddirrrss
PrOOOVVIIDDeeeSSS
PPROvvvuuDDINNgg
ppRRAAAViiNcccee
PPrOOOvEEncccE'sss
pprrOvvvIIInnCCiss
PPPRRooVVVENNCOOOall
PrrOOOvvONCCEUUUll'S
PPPrrruuvvAnnnCIIIALLiSMM
PPRRuuvuuuNNciAALLLissmmm'SSS
pproovvEEncccooAALLLOSSSttt
ppprrooVVViiincccIIIaaleTTTyy
ppprrrOOVViiinnnciaaaLLiiizzoootAAAinn
proooVuuNcEEAAAllllyy
PPRRRUUVVIInnCCOiiLSSS
pRRReeevvENNggg
PPRROvvvISiiOn
pRROOOvvvuuusIIAAAN'SS
PPRRROOVAASIIOnAAALL
pRoVVUsssiiiOnnuuulllIItttyy
ppRUvvissseeooonnaaaLLLlllYYY
pprrovvvIIIssseeeooonnneeD
PPPrroVAAssiiiOOONNNEEERR
pppRROOVVIIIsIOnneRRSSS
pppRRROOvvvoooSIIIaNNNiiiNNGGG
PPPrrroVUUUsiooNNss
PPrOvvOOssE
PrrroooVVVaaasssii'ss
PrAAAvIIISEEEES
ppRRROOOVosssOOrY
PrUUvIssOSS
PPrrrOOOviiiTTTaamuuuN
prrrooovOOCCCaattIIuuuR
PPrrrAAAVOOccAATTTEeeeRRRs
PRAAvvEECCoTTTIOOnn
ppRROOVUCATTuuoNNN'sss
PPrroooVACUtttiOOONNNs
PPrrooovvvOOOccATIIIvOO
pppRROvvvIICAtooVVVelllyy
PPRoooVVeeeccEtttuvvaaanEEssSSS
ppprrrOOVVoccATTiiivvvOOOnnnAAsS'SS
PPPrOOOVookkEEE
ppRRoVVVoookkeDDD
ppprrrOOVVOOkAAR
PPruuuvUKOOOrrr'SS
pRRRooVVVooKKEEErrrss
PPPrrrOvvviikkkEESS
ppRaavOKUUnG
PPPRRRovvvAAAkInngggLLyy
PRooovvvOllAAnnno
ppRRRooVVaaallUUnEE'ss
prrOOVVVooSSttt
ppruuVoosssttt's
PrOvvOOOsTTS
PPPrrAAAVVVUUUsTTSShhEppp
PrrrOOOwww
prroooww's
pRRoowwwissss
PRRROWESSS'SSS
ppprUUUWWl
PPPrrooowwL's
prrooWWWllleDDD
PPRRowwwLLEEErr
PPPrrroWLLiiR'ss
pRROWWWllErSSS
PPRooWlINNNg
ppprrOwwwlllS
PPRRRuWWWsss
PRaaXXeeemmuc
PRRuuuxxxEEEmiCCCSSS
pppRRoXXXiiess
pprUUUxxOOmmEEEll
prEXXimmmAAAlllllyy
PPPrrOOOXImAAATTEE
ppprroxiimAAATTEEElllYY
ppprrOOxIImmmOOttiiN
PPRRROXooommEEETYY
PPrrroxiMMMOTTy'SSS
pprrrOOOXXXiimmo
PPPrrOxyy
PPrOOXYYY'ss
PrUUUdee
prreeeDee'sss
pppRaaaDDiiincccoo
ppruuuDDEnnCCCu'S
pprUUdOONNNt
ppRRUUUDDDeeNNTIIaaal
pRRUUdeeNTTIIALLLLLY
PrrrUddIIINNNtlyy
ppRRudery
ppprrrUUddIIIRyy'SS
ppprrrUDDDES
PrrUdIIIsssh
PPRRiDiiishhllY
ppprriiiDIIIssshhnnneessSSS
PPPrUUdiissHHHNNNEEssSS'ss
pppRRAAIInnnOOssee
PRRRiNNNIII
PPRRRuuunnnI'SS
PPPrrrUUUNNNEdd
pppruuunEEllAA
prOOnnneeLLLle
ppRRRuuNNeeRR
ppRRRUnnnurr'S
PPrraaanEErrSS
pRROnnnEs
pppRRRuuunnInnG
prrruuurrrEEEEEnncee
PPrrErOOOeNccce'SS
ppprroriiENtt
ppRRRUUURoooeNNTTTlYY
PRRUUURuuuggUUU
PPPruRRRitaas
prrrUUUrrrittusiSS
pppRRUUUsssSSSiOOTTTee
PRRROsssSSEcc
PPRYYY
PPPRy'SS
PPPRYYYooorr
ppprYYYeR's
PPrrryyyorSSS
pRYYYUUUnGG
pRRyyIInnGGGLyy
ppprrYYeeNNNGGGSS
prrryTTTaaNNNEEaaM
pprécccees
pRéccoss'SS
PrréCissud
PPPrrréciiissinng
PPss
pppSuuLLmmm
PssALm's
PsssUllmBBOAAAk
pppSaaLmmIIssttt
PsseelllmiisssTTT'sss
ppssAALmmmiStttsss
PSaaLmOODDiiieS
PPPSOOlllMIIIddyy
ppSALmS
PPSSSaaaLtttEEErrr
ppSSallTTeeeriia
pSSAllltttooRRiiaass
PSSuLTTeeRIIuuum
pppSEELLLTTTeeRyyy
pppSAAAlTTTaaRyyy'ss
ppSSSEEEPPPHoollUUUggiiCCaaLL
psEEEpphOOOLLLoGGGiCCCAAAllLyyy
pSSuPPPhhOlOOgggaaiiSS
pSEPPHHHIIILLOOGGGISST
PPPssEEEPhAALLoGGEEEsssttts
PPssEEEppphhalllooogggY
PSSSeeeeddeeXXaaSS
PPPSSEEEUDeeepppIIGGGRReeeppphhhII
pppsEEEuuudddUPPiiigggRaappHAAAlll
pppseeeODuupIIGrrrEEPPPhhhUCC
ppSSeeuuDDUUU
PPssAAUUUDDDacccUUURRp
PPssaaaaaDDeeeHammOOPheelllIAAA
PSSEuDEEEhheeRmAAAPPPhriiDDAAte
PPssAuuDDDIIHHHeeRmaaaPPHHRRROODOOOtiSSMMM
PPSSSAAOOODDaaaNNNYYM
PSSeOduuunnnyM'SS
pppSEUddIINNNYYMMIIItty
PPsaaODoooNNNyymmmooiiss
pppSUUddIIINNNymSS
ppSSuuuuuDDAAApoDD
pppsaauuudddoooppiiiDDiaaa
pppssaauuuDiiiss
PPPSSoooUUddoSccceeoooNCCCIII
pppsseIIIDDDossCAAAEnCCAAA'SS
PPPsssEuuDOOSSCiiENNCCIIIsss
pppSSSEEEUUUDOOOssscOOOPPPee
pppSSeeeuudddsss
PseUUDDDY
PPSSHHoooWW
pSheeW's
psshhhAAwss
PPSSSIII
pppSSSIII'SS
PPPSSiiAAA
PPPSSSOODDD
PssIIILECYYYbInn
PPPSSSoollliiiCyyyBBBeenss
psssiiiLLLoommOLLLONNNUU
pSSiillloMMEEElAAnnnoosss
PPssISSS
PPPSSSoTTTTUUUCCCiiinnEEE
PPSSSIIIttTTAAAcissIIISS
ppSSITTTtttiicccIIISIIIs's
PSIAAAsss
PPSOOORRAAAAsaSS
PPssseeRRiAAsssIIsss'ss
PSSttt
PsssYYcHHH
psYchh'S
pppSSYYYccchhhaaassstttHUUUnuUUU
pppsYYYCHuu
ppSSSyyyCHAA'SS
pSSYYYchhEEdd
PsyyCCChedddeeeLLoAA
PPPSSSYYCCCHHeeDDDiLIIc
pppSyyyCCCHHHIIdddEEEllluuuc'SSS
PSSSYYYCCHHeeddEEllliCALLLLLYYY
PSSSycccHHHeeeDAALicss
pSSYccchhheeess
ppsYYcccHHHuuuATTTRRRoooccc
PSyCCCHHHIaaatriiissTT
pSSSYYYCCCHHHuuuuuTrriiiSTTT's
pppSSSyccchIIIAttrIIsstsss
PPSSYccHHHIATTrrYYY
ppSSSyyyccHHHUaatttRY's
ppSSSYchhhIccc
pppSSYYYcchhiiccc's
PPSSSyyyChAAccaaaLL
PssYCCCHHiiiCCCuuulLy
PPSSSyyChhiicss
pssYCCCHHiinnnGGG
ppsyyyccHHIssm
ppSycccHHuu
PPSSycchhAAA'sss
PPPSyCCCHHAAaaacTTTiiiVe
pSSyyyCChhhoooannnAAAlYYSSSOOsss
PSYYcchhOOaannnaLyssos'SSS
PPsyccHHaaaannELYYYSSttt
pppssYCHaaAAnnelllyyysssTTT'SS
pppssYYYcHHooAAANNEllYSTSS
PPssyyyCHHaaaaNNALLLYtIIIcc
PSYYYcccHHEEINNaalllyyTuuuCEEEL
psYYYCChhooaaannAAAlYYYttIICuullllly
pSYYYCChOoonALyyzzze
PSSSyChhAAAaNaaalyyyZZuuuDD
PsycHHHEEEannneeeLYYzzzeeess
pssyyCHHoenUUUllYYYzzzoNNNG
pppSSSyyccchhhoBBBAbbbBLLEE
PSyCCChhhaaaBBAAAbbBBBllEEE'SSS
ppsYYYcccHHHEEEbboOOlleegggAAcEEELL
pSSyyCCChhhiiibbAAAIIlllOOGGGIISSttt
pppSSYYCCCHHIIIbeeOlllOgggYY
PPssYYYChhoooccHHaammicaall
ppsssyccchoodddOOOaaGGNOOOsIIISS
PPSyyCCChhooDDooeeGGNNeeSSTicsss
PPSyyyChhhoDDDRRoMMaa
PPsyccchhiiidddReemmaa'ss
PPPssYYCChhhAAddrrrAMuuuS
pSyCCCHHEDDRRaMMMaaattecc
ppSSSYYYcHIIDynnneMMiiiCCSSS
pppSSyyCCHEggENNNeeSSIIss
pSSYYYCCCHOGeennniiiccc
ppSSSYYCCHHEgggUnAcccaLLlYY
ppSYccHoooGGGNoooSSISS
PPSYYYcccHHooGGrrruuPPHHorrr
pppSYCCHHHoooKuuunesOS
PssyyyccchoookINNEEEsass
ppsYYccHHHoooKKKuNEEETiiiC
PPSSSYYYccHHOOlUUNNgUUISttteeec
PPPSSSyCCHHHULLLIIInnnggUUUIISSSTTICSSS
pppssYYcchhuLLiiNNGGEEeSSTTTss
pppsssyyyCCChoooLLoGGGoCaLL
ppSyycccHHEEELuuuGGiCCaaLLlllyy
PPPSYCCHHElliiGiEEEss
ppSyyccHHHOOLLLOOOGGIIssMM
PSYYcccHHHoLAggEEESSTT
PPssYCChhhoLLLOgOOOStt'SSS
PPsyyCCCHHHollOOOGAASTTSSS
pppsyyychOOOLOOGGiiZZZUUU
PssYcccHoloooGYYY
PPSSSyCHHHoooLLLuuGGYY'sss
psssYYYcchhhOmAAANccYY
pSyyyCCChhhoMMMAAtttrrriiC
PPSSSYCChIIMMeTTRRaaaCCiAAANNN
ppssYYccchomEEETRRaCSS
PPPsssyyyCCHHHOOmUUUTRRiIIIS
PPssyyycccHHHiiMMMiiTTRIst
PPPsssYYYccHemmmoTRYY
PSSSYYCHHHOOOmmmooTTOOR
psssyCCCHoonOOuuRRRUUUSSEEs
PPssYCCHHinnEuuurrOOOSSSiiis
pSyyCheNNNaaaAAAREsssIS'S
pppSyyyChooNNNuuEEEraatttoocc
pssYccchhOOONNNEeerroottACCCS
ppsyychhhoppAAATH
pppSYYYCCHHHUPPIITTH'ss
PPsYYYcHHHOOPPaaaTHHHICC
PPPSSSyyCCCHHHooPUUUTThiiCEElllllly
ppSSSyyycccHAApAAttthhhISSTTT
pppsyyychhhOOOpaaatttHOLOOggoc
PPSYYcchOOOPPaaaTTThhOOLLLUGiicccAAAL
pppsyyyCChhooopppAAthhhEELooGGGiuSS
pppSSYCChhhIIIPPPottthhoooLLLuuuGGGIIIsssT
PPSSSYYCCCHHEEEPatHuuulagggYYY
PSSYCCCHuuuPPOOttHS
pppSSSYYcccHHooopppaaTTThyy
psYYCCChheeppeeTHHYY'SSS
psssYYYChhhooppphhaaRRRMMMeCCCIIILOggIEEEs
ppsssYYCCHHEEPPHuRRMMMaaacOlOOggAAAssstt
PSYcchhhooopphhiRRmmAAACCCOOOllOOggy
ppSSyCHIIIpppHyssOOOCCss
PPPsssYYCHHoPPhyySiiUlooGGGiic
PSSSYYCCChhOOPPPHHHyysAAAlloGoooccAALLL
PPPsYYCCCHePPPhhhySSSOaalloggiiooSSS
psssyycchhhUpHHYYSSSOOOOLLLaaggAAAssT
PSSSyyyCHHUUppHHySUOllloooGGGyyy
PPsssYCCHHoooSSS
PPSSSyycchaaasIsss
psyyCChhiiiSSiXXXOOall
PssYYchhIsusss
ppSSYYCCHHHEESaaSSS's
PPPSyyCChhOOSOCIAAll
pSSYYcccHuusssomiiTEEEcc
pppssYCCChhOOOsimmmAAATuuccciiilLy
PPPSSSyycchhAAASSSoommmAticccss
pppSSYYYcchuuuSSaaRgeerrry
PSyyyCChhOTTTEChhnnnicss
pppsyccHHHIITTuucchnnnooollOOOgggY
PPsssYCCChhhUttthhhErEPeeIIIttIIIc
pppssyyCCCHHooTThheeRRRaaPEEEiiiss
ppsssyychhhoooThhhORiiippUUSSTT
PSYYcccHOOOtheeerupppIIIsssTT'S
PPsssYYChoTTTHHArrUpIIIsTSSS
pSYYYchuuuThhhiiiRRREPPY
PPsssyyccHOThhhURApyy'sss
ppSYCChhOOttuuCCC
pSyyycHHHOOTTTICC'SS
pppSSSYccHHHoooticaaallLyyy
PPPssYYcchhOOOTOCCCss
pppsssyCHHAttOmimmoTTiiicc
pppsYCChhhOTTTRepppAccc
pppSSyyChhUtrrrOOOppEccc's
PssychooottrooPIIICCCSSS
PPPSSyCCCHrrrOOOmmEEEtttERRR
PsYCCCHHHrrooMeeetteeRRRS
pppSSSYYYCHS
ppttaarMMMIgggoN
PPPTTooRRMiggaaannn'sss
ppptttuuRMiiiGGGaNNs
pppttteerrannodunnn
pTTArriDeLLLIIIggy
pTTTeRuuuDDDiiiPPPHHYTTTee
pTOOrraaDDDooPPHHYtUsss
ptAAAROODDDacctYYYLLL
PTTErrreedddOcccttylll'SSS
ppteRRRoDIIIcccTTTYYLLSSS
pppTTTEERRUUpppoD
ppptttEErooSSSAUUrr
ptiiiriiSSiiiuuRRRsss
PTTeeRyyylII
PPttIssaaann
PtttoomUUInnUU
pptttUUUMuuaaaNNNEEE'ss
pTTommaaaiiNESSS
ppTTTAASSSeess
pTTTuuussOOOs
ptttYAAlllInn
ptttYaallIIINSS
ppTTTyaalllesssMM
pppttYYYAALLIsMMS
ppUBBB
Pub's
ppuBBerTTTaaL
PUUberrrTYY
pppuuuBEERRTTTYYY'SS
ppEbIIrrAALLLaannt
PUUBEss
PebEEs'SSS
PuubbbeessccennCeee
pAABBEEEscceeNNNcce's
ppuubbEEEssCCIINTT
PPPuBECCC
pAAbbiisss
pppIIbbbAS'SSS
pppUBBlliiccc
ppUUUBLLIIICC'SS
PPUUUbbbLIIIcANNN
pppuubLicaaaN'S
PPUUbbbLLiCCCuuunnSSS
PUbLLLIIIccaatieeN
PPuuublllUUUCattUUUIInnn'SSS
ppubLLaaacccAAToooOOONNNs
pppubbblliiiCEEESSStt
PPoBBBLIIciiiSSt'sss
paaaBBBlllIIIccUUUsttts
ppuBBBleccatttyyy
PPubbbliCCCEEtttyy'ss
pppEEBLLLiicccIIZZZU
PUUbluuCCaaZZZEEEDDD
puuuBBBLoooCCCEEzzOOS
PPPuuubbbllIIICIIIzziNNGG
PPPiiibbLLiiiCCllYYY
PUUUBBLLLIICNeeeSss
PoooblllOOSSH
pUUbLLIssshhaaabbblllee
puubLIsHeeed
ppEEbbLOOOsssHHUUUrrr
ppUUBBlIIISSSheeRRR's
PuBLLiiisshhhEEErrSSS
PPUUUBLeeeSShheeeSSS
ppEEblllIIISSHHENG
pUUBBBLiShaaNNgg's
PPPoooBBsss
PPUUUCCaaa
PPucccEEoNNN
pppuuuCCCCCCoAANNSS
poooccce
PIIcOOO'ss
PPPEccKKK
pppIIICKK'SSS
PPuuuckuuu
PPucKKur
pppAAACKKEEERRR'ss
pppOOOcKKooorraaD
pIIcckkERRiiiNNNgg
PUCCkers
piCCKeRRyyy
PPuuucKKiiiSSh
pppUUCCCKKIIssshhhLLLY
pAAAcckkIshhhnnEsss
PuuuCkkkAsshhhNNNeSSSss's
pppUcckkkss
pUUUd
PPPIIIDDdeeNNgg
ppuuuDDuuuNNNggg'ss
pppeddDDinggglIIkEEE
ppUUDDDDIINNgggs
PPPUUUDdddlllaaa
ppooodddDDLLLEE's
pppuDDddLLEEDDD
PPUUddddLLLEss
PiiiDDDDDDLLUnnggg
PPuuuDDDDLLiiNNggg'S
PPeeedddinncYY
ppIIDDDeeennnDAA
pppAAAdddEnnnddOOOMM
PPPEEDDEEnndUUmmm'SSS
PPaaaddGUUeeer
ppuddgggeeeiiisstt
PPPoooDGGGEEnnneesSS
ppuDgggIINNNEEESsss'sss
PUUddGGyyy
ppaaadddSSS
ppEEEblUUU
PPuEEBBlO'SS
ppuIIBBBlOOS
pAeeRiiilllE
pppOOOaarrrillEEELLLy
ppEEiiiRRRUUULLisMMM
pUUURRiillluTTYY
PPuuErrrAAALLLiiityyy'SSS
PPaaUURRRppEErriLL
pppUUeeRpppuRRRiiUmm
puuufF
PUUUfFF's
PPPUfffFFbbbALLL
ppUFfbbaaaLLLlll'ss
PPPuffffbEEEllllls
PPPAAFFfuuDDD
PPPIIIFFFfffAr
PIFFeeeRR'ss
pppUffFFFeeerss
PPuFFFFFeeeRYYY
ppefffFFueRRR
PPPEEEfffFFFIIUssstt
ppuFfUnnn
ppiFfUUnnn'SSS
pppofffEENNooSSS
pooFFFFiiiNNNeeSSS'sss
ppUUUfffFFiiiNNNgg
PPPOFFFoonnnSS
PofffFFSS
pUUfffFy
PPPOOGG
ppiiGG'ss
pppOOggggggUnnngg
ppEgGrrIIII
PPEEgulisssMM
PeGGILLIssMM'sss
piiGIIllAStt
PPPUgEElEEssTTT'S
PPUgggALiissstttuuCCC
PUUGGIILLEEsssTTTS
pUUUGGnneeeCCCieaaaS
PoogggnOcccuuooossLYY
pppuuuGnniiiCCAuuIISnnnESSSS
pppeeGGNEEECCCEuuuUUSSNEESss's
pppuuuggNaCiiitY
ppUgnnnaaaCCCAAAtttYY'ss
PuuuGGGs
pAAiiSSNee
pOOOIIssssaannnCCCE
puuuusssaanCCCEEs
PuuuuSSAnnntt
pAISSSUUnnTTlllyy
PPoooKKee
pOOkkee'SSS
PPuuKEDDD
PPookkaaSS
ppOOKKeeeNNG
PPuuuKKKkkkII
PUUll
pUUUlaa
pilllOOOsss
PuullcchRiTuuuDDo
pulllccHHrrIIITaaaDDE'S
puulllCChRRUUttuuuDDDiNNNIIuuuss
ppooLLLeee
PPUUllEEd
pELeeeR
PPPulIISS
ppoLo
pooLiiiNggg
pppEEEll
ppuulllll'SSS
ppeellLLLBBBAAAccKKK
PPuuLLLLbbAAcckk'sss
paallllBBBOOOCKSSS
PPuulLLLEddd
pAlLLLEERR
PPPUUULLLLLeeeRR'S
pppUUUlllllEEERRRS
PIIlLLUT
PUULLLeeeTT'S
puLLLLEEETTTs
PPPUllLAAAy
ppULLLleeey'SS
PPPELLLLEEEyys
Pulllllliiinngg
ppEllleuttt
PPuuLLLIITTT's
PPuuLLLLLooatS
PPUULLLLovvvERRR
PPPuLLllleeeVeeRR's
pppALLLLLIIVeRRss
PULlS
PuulllULLeTTTu
pppullloLLATTeeD
puuLleellaaaTeesss
pppUlLLullEETTuNNGG
ppuulllLuuuLLLAAtOOOaann
ppuuullLLLUlliiiTIIOnnnS
pppuuuLLLUp
PPPOOOLLlIP'S
PuulLooppss
PUULLLmmmONaaarrYYY
piiilllMMOOONNAAAta
puullmmmONaaac
PPuLmUtEER
PPPuuulpp
PPPulllPP'ss
PPPEEELLLPPbbbooiirD
pIILppAdd
PPPuuullpUUir
ppUUUlpuuIssttt
PUUULLLPPuunnEEsss
ppuuulPPinnnAAAsss'ss
puuuLpiiNgg
pppiiiLPPITTT
pIllppeeeTT's
PuLLLppETTTooEEERRR
ppEEEllPAATTSSS
PPPUULLLppss
ppUULLPPwoEDDD
ppULLLpppWoooadd's
PPPuulppYYY
pAAAllQQUee
ppIlQQUIS
pppAAAllSS
ppoooLSuR
polssAAAR'ss
pppiLLLsUUUrss
PELLsssATTU
PPUlllSSIIteeeD
pppuullsssAAToooS
PPPuLsssAAAttALee
puuuLssaaaTTOOngg
PPeLsaattIIIoooNNN
PooolllSAAATiiiONN's
PPuuuLLLssATTTIONsss
pppUUlllSSSatttiiirrr
pULLsatUUUrYYY
piiLLSE
pppulllsEE'sss
PPPullseddd
ppEEElllSSSiSS
puuullSSIIIMMMiittOrrr
PUULsUUnnnggg
pULSSeeeMMitttaaaRRR
ppelvirraaabblluu
PuuuLVoooRRRAAZZZaaaTIIAAANN
pppuuuLLvEErrrIzzzuuutttaaooNN'SSS
pppulVVVAAARiiizzaaa
ppUULLVVVIRRizzoooddd
ppEElllvveRRizzEss
PPulvvvEEERAAAZIInnnGG
PPUULLvverrrUULLLEnT
ppULVVViiNNNaaTTTEEE
PuuulllVVooonnEEEs
ppUUUMaa
PPPaaMMoo'SSS
PPummmiiS
peemooCCCAAA
pppuummmIcOO'SS
PPUmoooCCCuuSSS
PUMMMMALL
PEmmmMAlleeed
pppIImmmMMEEElllIInnG
pppUUMMMmEELLLLLEEEddd
ppuummmMiiilllLLinG
PoMMMMMOOOLLLSS
pppUUUmmmpp
PPPUUmmPPP'SSS
ppuMPPPIIIdd
PPUUUMMPPPEr
Pummmpppeerrr'S
ppUUMPPPEEErrNNICCCkeelll
PPuuMPeeeRRnnnIICCkkkeLLL'sss
PPuMPPPOOORRss
PPPIIIMpiNNNG
PEEMPPPkkkIN
PPoommmpppKKKIIInnn'SSS
PuummmPPPkIINNNSSS
ppuummPKKKIIInnSUUUUD
ppuuummppkkUUUNsaiiDDSSS
PPUUMppS
peeNNN
piiiNN'SSS
PPuNCH
pUUnch'SS
PPonnCChhBBBOg
PuunccchhboooGGS
PPuuunnCCChhBuuuLLL
pppiiiNNNCChbiiilllLLLss
PaaNCCChhBBBiiiIrrrddd
pppuuuncHHBBBEWWL
pppuuunnnccchheeeDD
PPPUUUNNNCHHHeeeUUn
PPPANccchOOaaNNN's
ppUUNNcheuNNss
PPPunnCChhIIIr
PPPiinnCCheRR'SSS
ppunCCChUrrrS
ppuuNNNcccHHHess
pONccchhueeRR
PPPIInCCCHHHEEEEESSST
pppunCCHHIIInnGGG
PuuuNNNccHHLLLIINNNE
PPPuunnCChhhllliiinnness
ppUUUNNNCChhhYYY
pUUUNNNCTTTOOtEEE
pppuNNNCCCTTTIIILIIo
PPPunncTILieee'SS
ppponncccTTiiilliiOOOOss
pppooonnnCttiiillliuuuSSlllY
PPunncTTIlleOOuSSnessss
PPPUUnnCCCTTeeelIIIOOOasssnnEEsS'S
pppuNCCTiial
PPOnnCTTTIIIaaaLLityy
punnCCtttAeeeLATYY'SSS
ppOnnctttIIAlLLLYY
pOOONCttaaaAAATTTE
pppuunnccttaaATIIID
PPoNNCCCtttuAAATTEEESS
paaancccttIAAAtttaaNggg
PuunCtttUUUAtIIoNN
puuNNNccTuuuEEEttiAAnn'S
PPPUnnccttoooAAATiiiOnnnS
puNCTTTUUREEE
PaaannnCTiiiRRREEE'S
pppuuuncttUUURRRID
PEEEnnCCTTTuuRRReSS
PPPIIINcTTaaRRRUUnng
PoonDDIIITT
PPPuuunddIT'SSS
PuuunDDDiTrry
PIIInndddItttRyy'SSS
PeeenndITTsss
PPuunnG
ppaaaNgggUUNNCCCYY
pppIIINNNgannnCCY'S
PPIIInnngggEEEnntt
PPuuunnnggEEEnnnttly
PPPunGGGs
pppINgYY
pppUUNiierrr
PuuNNNiiuSStt
PPPIInIIILyy
PPInUNeSSSsss
PooonnIInnEESSSSS'S
pppuuNiiSHHH
pppuunnniishhhaaaBBBlllEE
PPPEENASSShhhEEEDDD
Punnuuussshhheeesss
peNeeeShIINGG
PEEENNNIssshhiiiNNNGGllYY
pUnUUSShhhMMMenT
POnnnIssshMMMooonnnttt's
PPuunnnesHMMEEENTTss
pppUUNIIIteeevveee
PUUUnnniiTaaVOllyyy
PPPuuunnniiTTTiiivvuunnEssS
ppUUUnnk
pppuuuNNNk'SSS
pUUUnnnkkkaH
pppUNkoohSS
PUnnKIIIr
PPPUUUnnKKusssT
PPooonnnkkIIeee
PPuNNNKKKuuESS
ppuuNNNKKKs
pUnnnnnIIIDD
ppeeeNNNNEERR
PPPUUNNnnUUUtt
puuNNEtttSSS
pppuNNNniiiNNg
ppAANNNNNinnGGSSS
pppuuNNNss
PPPEENNNsssteeerr
PeeeNNssTTErr's
puuuNNNssttooorrSS
POOOnTT
paaannTTT'SS
PPPUnnntttEEddd
PuuuNNNttteer
pppUUNNNtoooRR's
PPPunnTTIrs
puNNNtIIInGG
ppuuNNtSSS
ppUnnnYYY
PUUpp
PuPPP's
pepa
puuPPPa'ss
pppOOOppAEEE
PPOOOpOOOL
PuppAAARRROOOumm
pppAAPPPeeeSSS
pppuPaTTTii
PPUPAAATTEEDD
ppUUUPATTTEEEss
pppOpettinG
pppUPPPiL
PPPuuupppIIIl'SS
pUUUpppIIlllAAgggIII
PUPOOOlllllArYYY
pppEEEpppiiLSS
PPIPPPIppaaRRROOOuusss
PPUUPPPeeDDD
pEPPPPPEETTT
ppUppppEEEt'ss
puuupppppEEETeeeeerr
pppUppPeeTTAAiiirr'S
pIPPPiiittEeeeRSS
pUUPPPpppEEETTTRRyyy
PUUUPPPPitRRy'sss
PuPPPppEETTss
ppuuupPiiieees
PPOOOppppiiiNNGG
puuuPPppYY
PPPuppppY'S
pppiiiPS
PuuuRRRbbllliiNNd
PPPiRBBLLLuNNDDNNNaassS
POOORRccchhisssIBlllee
ppUURRRcHaaasEE
PPPerrchhhOOSee'SS
pppOrCCHEESSSUdd
pppuRRRChhASSeeerrr
ppuuurrrCCHHHaaasErr'sss
PUUURRRccchUUssseeerrss
PUUURRRccchhaasssOs
PPPoorchAAsssINNNGGG
PUUURRDDDaaaH
PEErrrdddAAH'ss
ppparree
PuurEbRREDD
PuuuRiiiBBBrrraadd'ss
PIREEEBBrEEDss
ppuRRue
PPPurraaaOOO'ss
PPuRRReaDD
pUURReIooNNNGG
pppuuRAuusss
PPPAAReeehhEAArrttUUUdd
ppAAAREEELLLyyy
PPaRRReeennnIIIsSS
pppaaaRRRiiiNNUUUssss'ss
pppUrEEr
pppUUUrrUUStt
pppUURRRGaTTTioooNNN
ppURRggATeeeOOnns
pppURRRgggaatIIIvii
PPPoooRggiiitttIIvvvaaa's
ppUUURGaaatttoVVVEESS
PPPIIRRRgggaaaTTooRRRiiiAAl
pAAARRRGGAAttOOrrrIIees
pppuRRRggooTiryyy
PURRggAAtooorrrYYY'sss
PPPurgee
PUUrrrggaa'SS
ppArrrGGGIIddd
PPPaaaRRRgeeR
PAARRGGGERR'SS
PuurGGEEErs
POrrGGGeeS
pppUUUrgggInnnGG
PPPErrrGGGiiiNNgggss
pppaarraaaFICCCaatuOn
pppAARRRaFecccOttIIIuuNN'sss
PPPERuuuFAAcccATArrr
purIffIIICOttarryyy
PPPuuurrriiiFIiddd
PURROOOFFIIeeR
PaaaRRRifffeeeeeerr'ss
PPPUUURRIfiErrrs
PooRRiiiFiies
PuurrUFFyyy
PuRRRIIIFFFYIIInnGG
ppuuuRRRiinnnee
PPPUUUrrEnne'S
piRRRoonEEES
PUURIIISSMMM
PPPuRRiSSMM'SSS
pppArrriiisstt
puRRRaaaStt'S
PPuuurrrOOOSTTIC
pppuuurruuuSTTTsss
PPuurriiiTTTUUN
PPPAAARIItIINNN'ss
pppUUrrotttuuuNNNEcaaLLL
PiiirrritttOOONAAcccuLLlllYYY
PPPUURReteennISmmm
PPPUUUrIItaanIIssM'S
ParUUUTeeNNNS
pooRRRITTooasss
PPPurrriitttYY
PPPurriiittyy'S
ppAARRll
puuRRlll'ss
PPUUURRRLLLoD
PPPeeerLLiiieeuu
PPPuuuRllIIIIIUU's
pppuuuRRRllIoUs
PoorrrllIIIeExxx
pppuuuRliNNN
pppIIIRLLLUUUNNNgg
PPuuuRRRliiIIN
PPOOORRLLLiiiUnnnEDDD
ppUUUrrrleiNEEr
pppEEErrrLauuniiinGG
PPPURRRllliiiAAnnnss
ppuurrrlss
pppooorpplllEE
pppuuurrpppLeee'ss
PuuuRPPPlEENiSss
PuuRplAAnnnuSSsssEEss
PUUrrpplllUUUr
PPPUrrpLLess
puRppLLEESSST
pppUURRPPPLIsHHH
pppIIrrppOORRTT
PPurrrppEEErTT'SSS
PPUURPOrrrTTTiiiDD
pppIrrppOrrTToooDDDlly
PPUUURPOOOrrrTannggg
PPPaaRRpporrTsss
PPORRRPPPoooSee
ppoRpOSA'SS
pppIIIrrrPooSed
POOrrrPiiiSSeeFUUUlll
PuuRpppooossseeFFIIIllLLLyyy
PIIRRRPPPOSooofeeeLLNEssssss
PPAAARPuusssIFFFulllnnnEESSSS'sss
PPurrpooSELLLiisssS
PPooRRRPOOSEEElllussssslllyy
PPPUUrrrPPPOOSeeelleeSSSSSnniiSSs
pUrrPPosssElYY
ppUUURRRppOOOSSeeeSSS
puurpppoooSSeeennnGG
POOOrpppOOOsssivaaa
PIIRRRPPIIssuuuvvilyyy
PPUUURRPOOOssEEVVoooneesssss
PAArrrpperrrA
pppooorPPPuReeess
ppaaRPUURRRE
ppuuRRRpppiriiN
PPPURR
PPErrrR'SS
PPUURRRRAAAdd
PuuuRRrrreooo
ppuRrrEEENNGG
PuuuRRRrrSSS
PEEErSSSA
PPPiirrssEEE's
PPAAARRsssEEEDDD
PURRSSSeeeRRR
PPUURRsUUrrr'ss
pppuuuRSeeRRs
PPuRRRSSeeesss
PPPUURRRSSSaaooRR
PPPeeersssIIIIISt
PPPAARsiinng
ppiiRSSSLLoonnee
pUUUrrsssLLUNNeeS
PPUUURRSUUUEENNNCCE
PPoRsUUaNNCCCA'SS
pppeeeRRRSEEeNNT
PPuuuRSSUEE
ppUrSAAEEdd
PUUrrSSSeeEERR
piRRsssueerrr's
PPPeersssOOeRRS
piiirssuuiiiss
PuurSSSuIINNNg
ppOOOrrrsssOOIIttt
puuRsssIIiTTT'sss
ppaaRRRSSuuuiitss
PUUrrSSAIIvvvANNTT
pppIIIrrrssyy
pppUrrtteeeNaaNCCee
PPuurrrELEEEnncE
puuuRRRuuLLENNCee's
PPuuRiileennTTT
PUrUSSShU
PPUrrrVeeeyyy
pppuuuRvvEYYUnnCa
pURRVOYaaNNCCEE'sss
ppIIIrrrVOOYYOOOd
PPuuuRRRvEEYYYiiiNNNG
PPUUUrrrvEEEyyaar
PIrrrveeeyyooR's
pppUURvviiYYOORSSS
ppUUURvIIIyyys
PPPEEERvaoWWW
piiiRvvOOOaaawww'SSS
ppuuss
pOs's
PPAsssHH
poooSH's
PPeeeSSSHBBAAAlll
PPUSSShhhBaLLLLsss
PEssshhhbEKKKE
PPPuusssHHBBuukkeSS
PPPUUUSSHHHBBaaatttOOOnn
pppeeeSSHCCarrrtt
puSShhccAArrt'S
PEEshhhCaarttss
PuussshhhccHAAAiiRRR
PUSShhchhheeeRsss
ppeeshhhAAAD
PPPIIIsheerr
pppIIsshher's
PuusshhhiiRRs
puuusssheeeS
PuuSSShaaIrrr
PaaSSHAAAiSTTT
pUUUssshIILLLyy
PPPuusssHooNNOOOss
PPPoooshoooNNeeeSSSss'SS
PuuuSSHHHiinnnggg
puuuSSSheeeVVVeerrr
pppuSHHHIIIviRRR's
PPaSSHHEVVeeRRRss
PPEEssshhhppen
PPPUShhppiiNNsss
PIIISHHHUUPPP
puusssHAPP'ss
PaaashhhuuppSS
pppASShhYYY
pAAAsssILLLLLaannnAMMMitttY
PPPIsseLLLlAAnnnIImmOTTyyy's
PuuusssIllLLLAAAnnoooMMMeeuuuss
PPPUUssIIIllLannnImmOOASLLLy
pppAASSSSS
pppUUSSS'ss
PUUsssssIIISS
peeesssIIeeeRRR
pAASSSSSSeeeeesss
ppussssOoosTT
PPIISSSSSSy
PPPuuussssyy'SS
pppussssYceeett
PPuSSsssYYccEEEttt'S
PUUUsssssYCCCeTSS
PPPIIISSSSSyyFFFoooooTT
PusssSSYYFFFoooteeeDDD
pppaaasssSSSYYfffaaaIITTTinnngg
PPossSSyFFiiooTS
PEsssTTTuulllaNNNT
puussTTUUUlUrr
pUSSTUlaaaTTTe
PPUUssTTullle
paaaSStooollEEE'SS
PuustttUUULLLUUUSS
pppAttt
PUUUTT'sss
ppUUUttAAAMeeNN
ppuTTTAtttiiiVVEE
ppuuTTTAAttIIVVEly
PPuuuTDOOOwnn
ppUUUTTTdddOOWWNN'ss
PPPUUtdOOOWWNNs
PUUtOOOUUtt
pppUUUtiiuuutt'SSS
PUTTTAAoootttS
PPPUUUtrrriFFacctttiEEN
pppuutttrrEEFFiiiCCCTTTiioooNN'SSS
pppuuttRRReeFFFACCtIIIVVVEEE
PPAATTRRReeFAAEEEdd
pOOOTTrOFFiiiEEEss
PPUUUTTrreeefYYY
PPITTrrrUfffyyinngg
PPuutttrEEEsCCooonCUUU
PuuuTTrrEEEssCaaNNNCaa'S
pppUTTTRRReSSccEENT
pppUUTrrAAAScccIbbLLLe
pppUUUTRRREEEssccIInooo
PPeTTTRRREEEsssccciiNEEES
ppuuuTTTRiD
ppoooTTrrriiidUUTTTiiiiS
PuuutttraaDDDIIIttYYY
PPAATrridddnuSSSsss
PPuuTTrrrIIIDNNNESSSssESSS
Pooottts
pEtSSch
pppUUUtttSSChhh's
PuttSchhhEEEss
pooTTT
PPPuTTT's
ppaaaTTtttIDD
puuTtEii
PaatttUUOOO'S
PPuTTTTTEiiis
PPotttEErr
pppeeTTTToooRR'ss
PPuuTTTTEEErreeeDD
ppuTTTttteRRREr
PIIITTTTTuuRRRUUUr'SS
PETtteeerEErrrsss
PPPUUTTtERRRIIINNGGG
ppOttErrs
pppIIITTTTiiiedd
ppputttiUUUR
ppOOOtttTTUUUIs
ppUUUttttIIInngg
PPUUTTTTTOO
pppUUUtTs
pIItttttY
ppUUttttYY'ss
PPuuTTTTTTyyUUUNNG
peeTttyyrooooooT
PPuttttYYReuttts
pATTZ
PUUUTzzEsss
PUUzzzzzLEE
PeZzLLLE's
PUzzzZZleD
pppuzzzZlEMMEEENNTT
PPAZZZzzzLLLuuuMMONtt'S
ppuZZLLeeRRR
pUUzzzZZZllluuuRR'ss
pppAZZzzleeRss
PPuuuzZlOss
ppAAzzZZZliiiNNg
PPUUZZZZLLLIIINNGGGllyyy
pyyyaa
pyyaaaS
PPPyyCCCNNiDaaIIm
pppyycccnnnaDDEEUUUmmSSS
ppyyycNEEmmmEETTTaaar
ppYYYEEE
PPPYYYILiiitOOsss
PyEEELLiiiGGGrrropphhhYYY
PPPyEEEllONUUUpppHHrrrUUTTTuddEEEs
pyyeelUnEEpppHHrrrEEtttusss
PPYemIIaa
ppyyygggIIDDIUUMM
pppYYGGMMMEEAAn
PPYYgmmIeS
PPPygggMMyyy
PPYGGMMYY'SS
PPPYYKnnaaccc
ppylIIInnn
pYLLan'SS
pYLLIINNS
pYllleeerrreeCttuMMyy
PPyLLORRIII
pyylEEriCCC
PPPyLLurAss
PyyyLLurrruuSSS's
pppYYiiiAAAdd
pyOONEEPPPHrrroTTTeeeSS
PYYorrrhhiiiaaa
PyyOORRRrrrHeeeAAA'S
PPPYYYooRRRHHHAAaall
pppYASSIIIss
PPYYrralllIId
ppyyRuuLidddSS
pppyyRRAAmIDD
PyyyRRAAAMeeeDD'S
PPyyyRRaMMMIddaaaL
ppyraaammmIDDALllY
PYYYrrramiidddEddd
PPYYYrrriiMMIDDDIceel
ppYrrrammmiidICAAAllLy
PYrrruMMuuDunng
pppYYrammmIIDDDSSS
pppyyyReeeRRRggYYrrrUttti
PPYrAAzooLLLee
PPPYrI
PPyyyrEE'S
pppYYRooonE
pYYREEss
PyrreeetttHRIn
ppYYYREEttthrrrUMM
pYYYrrretHHHRRRuuumSSS
PPYYrrotic
PYYYRRRETTootttHHeeRaapppY
ppYYYReeXXXEEA
PPyyRRRiiXXXIAAASSS
pyyyRRRuDDDuNNEE
pYYROODDEEnnnIIISSS
ppyyyrAAddEXXXuunnneee
PPyyrIDOxxIINNNOs
PYYYRiffOrrrM
ppYYRiimuuDIInnee
pppYYYraMOOOdiiiNNEEE's
PPPYYrAAMMeedaaNEESS
ppyyyrIITTTaa
pppyrrriiitI'SS
PYREteesss
PPPyyyrrIIttosss's
pYriTTIc
PPYYYRocHHHUUUmmmAAcccAAAlll
pppyrrocclllaaSSTTICCC
PYrACOOnnndUUCToVViiiTYY
ppYYYRRRooeLuuuccttRRRICC
PYYRRoeeeLLeeCTTTRacciittyyy
PPyRRRogAAALLLLLAttEE
pppYYYrrraGUUULLLLoLL
PPPyyrrruuGEN
PPyyRRoogaaaNIIIc
ppyyrOOOGGGUnooeeeS
pppyyrIGGGnnOOOsstiiCss
ppyyyReeeGGrrrAAAPPHHY
PPyyyRRIIIlliGGGnnneoouuS
ppyruulloooGyyy
ppYRRoLyyySSIs
pppyraaaLyyytIccc
PYYRRROOLyZZUUU
pYYrrrEEMiGGnEEEttIIICCC
pyrUUUMMANNNCyy
PPYROOMMMAAANiia
PyRooMUUNAAAA'SS
PPPYYrrrOOmmIINNNiiOOC
PPPYYRRRoommmANiioccc'S
PPPyyRRROOOManuuuUCiLL
PYYruuMMMooonniAAcccSSS
pppyyrrrUmiiNOOOcc
ppYROOOMMEEEttalllLuurrgggY
pppYYYRROOMMMAAAtttUUUrrr
pyRRemeTTTAARRsss
pyroooMMooRRphhhAAAtE
pYrrroooNU
PPPyyyrrraaapppEE
PPPYYYrooopphhhooorraaC
pyyROOOppHoooSSpppHHAtU
PYYYROOOppHaTToomeetoooRR
pppyyyRRoooPhhyyyLLLItttu
pyrrIIIseesss
PYriiSIIS
PPPyRiiissstttAATT
PyyyRRoSSSTTTOts
ppyRIIItAcccHnaaaC
pppYYYrraaatttooocccHHHnuucccaaaLL
PPYYraaTeCCHNUUCSS
ppyyRRooTTeeeCCCHnnnOccss'ss
PPPyrrOOOTACChhhnIISSST
ppYYYRRoooXXEnU
pppyyrrOxxxiiiNNoSS
PYrEEExuunnnIItte
PYriiixYYYllIN
PPPyyrrRRHEEECCC
ppyyyRRRrrHHUUUCCCsss
PPYrrRhhhoooTIIIttaa
pyRRRhuLLLaxxeea
PPYYrrRRRhheelllOxxiiiAAs
PyrrrRRROOOllliidddiiiNNNE
PyyyttHHUNNN
PYtthIIInn'SSS
PPPYtHHonnnaaasssSS
PPPYtHHONNNESSssEEEss
PPYYTTTHHHunnsss
ppyyyUUraII
PPyx
ppyyyx'S
PPyyXXEEss
pyyyxIDDuuUUUM
PYYXXXUUUU
PyyxxIIIEEss
ppzazzZZZ
pppèRRuu
Q
QAAddII
qiii
QQEEbLaaa
qIIIndduuurrrkAAA
QQiiinnnDaarrrkiisss
QQQonTUUrr
QQQiiinnnTTTAArrss
qqavvviiiiT
qqqOpphhh
qqqepphhs
qqqUUo
qUUoooCCK
qqOaaCkk'SSS
qqqAAACCCkeeeddd
qqqUUaaCCCKKKeeerY
QQQooEEEcKKOORyy'sss
QOoocKKKUUNggg
qqEEEaccKKIIsHHH
qqUUoCCCkkSSS
qeOOCCKKKSAAALLvvvAAARR
qqEEoDD
QQuuAAAdd'ss
QQQUUeeeddRRaaaNggglee
qqoooUUUDDRUnnGlllEEE's
qqqUoooDDrreNNNGGGllEs
qqquAdrrrEEEnngUlAr
qquuuEDreNNTT
qaaaadrraaNNtt's
qqqEEAAdddRRRUUNtttiL
qqUAdRRRaanttsss
QuuuAADDrrraaappHoooNiiCCC
QQUUaaaDrraat
qqqUaaDDDrrrette
QQQuuaaDDRuuTTTESSS
QUUUaaDRAAATIC
quuAADDDruuTTTaacc'ss
QQOOOaaaDDrrretiCaaLLllly
QuuuuddrrreeeTTeeeccss
QQAAAAADDDRuTTTURe
QQUUIIIdddraaatttUUUrresss
QuaaaddrraaannNoooA
qquuuaaDRREnnnnIIaLL
QQuoooddRROOONNNNiiiOOLLLlYYY
qqiiiaaDDDRREEEnnnnEEEIMMM
qqquuuaaDDDrrrIIInnniiiUmm's
qqoeeedrrroonnNNuuuumS
QuuadrIIccc
QQQaaaAADRROOcccEnTUNNNNNiiioooll
QQIIaaddRRRIIIcceepS
QuAADDDrIIIcccEEPPs'SSS
qqqEEEeeDDDRACCeeePSSSEsss
qqqUiiiddriiiCCsss
QUUUDDRRRUUCycLLLaaa
QiiidddrrooFFiiidd
QQQIIIeeDRUUGaaa
qqUUAddRRooolllEETOORRRALLL
qqUUUaaaDDDRIIlllAtttEEErrAlll'S
qquadddrriLEEtttEERAAls
qqUUUaaddriLllleee
QQQoooaadddrrILLLLuu'S
qooooDDRRRAAALloooSS
qqUAAdddrrrIIILliiiOOONNN
qqUAAAddrrrulllLLiiiEEENNN'S
QQQUUaadrrrOOLLlOOOaaaNSS
qqqiiEEEdrrAALLLllluonnnth
QQUUUAddRRRolLLLiioNNtHsss
QUUaaDrrreeNNooMMMaIlll
qUUUaaaDDDRRRIPerrrTTiTe
QuuAAdrooopppHooNiiic
QQIAADDDRRRIIPPlOGGGIIaa
quuaaDDDRippploogIIIee's
qUUUoooddrAAAPPLEEEggIIICC
qqAuDDDrrrIPluuuGGIccc's
qqqUUUAAdRRRIpLLLEgacccss
qEAADRRRoRuuMuuu
qqIIaaddRRRiiSSECCT
qqUaadrrriiiVoooLUNNt
QQQuuuAAAdrrIIvvvOAA
qUaaddrIViiEEEl
qaaAAADDrrruVVuuUmmm
qUaDDDrivvIIaaamm'SSS
qqIIadrrrooooNN
QQUAAADrrruuumuuunEusss
QQQUUUDrruPPEED
QUUUAAdddrrUppeeeDDD'SSS
QIIaaadddRRiPPPodddaaL
qqOOODRuupooDDDsss
QUaaaDDrUUPPLLee
qqqUUAAAdRRReeePllleee'sss
qqqUUaDDDrrruuplllEEEDD
qqquuaaaDDRuuppLeesss
qUUUIIIDRRuPLLiitt
QeeAddRuuuPLLEEtt'S
QQUUUuDDRROpppLettSSS
QQQAAdddreeePLeeexx
qqqUAAAdddrrrupppLLAAACCCAAATTEEE
QQQaaaaadruuuPLLLiiCaaaTTTOO'ss
qOOaDDRUUPLLLOccAAATEEEd
qqUaaaDDropllEEEcccuuuTOsss
QQQuuaaadrruuuppllliiiCCatttAnG
qqEooDDRRRUUUPLLLuuucaTiON
qEEEAAddRRReeePLLLiccOOtuOOONNN'ss
qqquuaaaDrrrUpLLLIIInnngg
qqquaaddrAAAPllYY
qqquuAAdRRUpppOLLLeee
qOOiDDDSSS
qaaaFf
qAaaFFfff'SSS
QQuuuAFFFFFFeddd
QQuuAAAfFFaRRR
qaaIFFFFFANNNGG
quuOOffffs
QuAAAg
QQiAAAgggGGGaa
qUUUUUUGGGGGGAAs
QUUUaaaGGGggUUEErrr
qqUUUIIIgGIusstt
QQoooAAAggggYY
QQAAaaaGGmIIIRRREE
QQQOOaGGGMeeeRRREEE'SSS
qqqeaGGGmmmiirreeeSSS
QQuuuUUUHHHiiuggg
qqqUUOOOhhhAaaG's
QQQUUuuuHHHaaugsss
QQQOOOAAhhogg
qqUUUAAHHHOggg's
qUAhhhEGss
QQQUUaaEE
qqqiiEIIL
qqiAAeeelll'SSS
qqqUiiiiiliiiDDD
QQQaaaaiiilloNGGG
QuuILsss
QUIIEENttt
QQQuuuAAAiinnttUUURR
quuAAiiNteessTT
quaOOOntlY
QQUiiiNNTTTnnOOOSSsss
QQUUAIIInnnttnnesSS'sss
qoiikee
qqUUAkeee'sss
QQQAAAAKoddd
QQuaaaKuuuSSS
quuuAAkueerrr
QeeeaaaKKKiiieesssttt
QeiiikkUUUnnggg
qqqaaauukkYYY
qqqUAlllee
qqqaiiLLiiiAAA
QQQaaaaaLLiiffUccETiiON
qqAAAalliiifficAATiiiunn'SSS
QQQUaaaLooffUUCCetiiiENNS
QQQAEEllliiFFFiAAADD
qqOOOOLeffIIIorrr
QQQuuaaaluuFEEEeeRRR'sss
qqqOOAlliiffIEEErrsss
QQQUUUULLLIIIffIIeeSSS
QQiiiAAlIFFFYY
QQQUUElIIfyyyONG
qqEEEaaaloTaaTTTiiivvvuuu
qUaaalllIIITTTetAVVeeelyyy
qUUUEllOOTIoosss
qqqAAAUlEEETTTyyy
qqqAAuLItY'SSS
qiiiaaLM
qqqAAAeeeLLLMM'SS
quuaaaLLLmmeesssHH
qqUUUuuLmSSS
QQuaaamAAsshhh
QQaaaooMMAASSSHHHuS
qqqUUUuuuNDArrrIIIIIss
QiiiONNNdUrryy
QIaaNNNdaaaRRRyyy'S
QQAeeeNGGGUUU
qqquINGOOS
qUUUuNT
qqquuaannTTA
QuonnTTTICCC
qqqUUEENNttIIIFFFOaabbble
qqUUuunnntttiiiffaaaccciiitIIIooN
QUUUaaaNTTiiiFFFOccutttiiioonn'sss
QQQeiiiNNNttUUUfffiiieeedd
QQuANNNTTTeFFFOOeer
QQUUUAnnnTUUFiArr'ss
QaANNNttiFFOOeeeRRRSS
quuAnntIIFFFIIIoooSS
QQoooANNTTTeeFFFyyy
qIIEEEnnnttUUUfffYYYinng
QuuaaaNNTUUUTTTaTTTIIvvvUUU
QuuAAnnnTiiittATTivvvaaalllYY
QQQuuuaaaNNTTTiittIIiiss
QQQuuOOOnTTItYY
QQUUUANNNttATTYYY's
QQuuuaaNNNTTTIzzzEEETTEann
qqEEaaNNttIIzzze
qqUUUUUNNNtttiiizzzed
QUonnTTTummm
qUAANNNTIIm'SSS
qquuuIIIqquuAAAvvEERssiiiL
qqOOAARRRuuuNNNttiiinnaabbblllEE
qqqUUEraaNNtIIInnI
QQUuurrAnnTTTInnnoo'SSS
QeeeAAARAnnTiiiNOd
qqquuuooraaanttiiNNiiisss
qquuueerrAAANTiiiNNNInnG
QQUAArrkkk
quuuuRRK'S
QQQaaaarrkkSSS
qaaaArriil
qEEAAArrROlll's
qqqUUUeeRRRrrelaaaddd
qquUUrRellarr
qqUUUArrRReeLLEEEr'ss
qUuurrrReellliiiRsss
QQIIIARRRrEELLLIIINggg
qquEERrrrEEElllleeDDD
qqqUaaRRRrraaLlEEEr
qIaaarrraaLlllAAR'SSS
qqoooaaaRRrrreeeLLLlllerrrSS
QQQUUUUrrrEELlllIInnnG
QQuuuaarRRELSSS
qqEEEIIIrRALLsooomE
QUUAARRrrEEEllSOmmIIInnoSSs
QQuuaRRrrrElllSommmEnnnEsssSS'SS
QQUUUeeerrrRRREEEadd
QQUUUArrrrauuuR
qqUUaaRRRRUErrs
qquAArRRiiIISS
QQEEEIRRRrrYY
QQEIIIRRRYYY'SS
qquuuaarrrrrrYUnnnG
QQQiiiIrrRyyINNgSS
qqqueerrryyymUnn
qqqEEaarrT
qquuuAARRRt'SSS
qqaErrtaaNNN
QUUUiiirrTTTEErrr
QQuAAArtttOOrr'S
qqOOOARRRTTEEEruGGGuu
qUUaaarrrtttEErbbiicccKKK
qqqAAAaarrrttteeerrBBBACCKKK's
qaIIIrrrttORRRBBBaccckkkIIDD
qqqIaaaRteeeRBuCCKKKinnnGGG
qqiiiUUURtEErrBBAAcccKKS
QQQIIartteeRRdddeeeccckkk
QQQuARRttoRRRdooocK'SSS
qqUAArrrTTOOOrrDeeeCkss
QQQUUUerrttteraaDDD
qqUUAArttIIIRRFFEENUll
QooEErrtttirrFFFOOnnaaall'SS
QQQUUUiiiRRRTUURRFFeNNNAAlllss
qqqUaaaRRttterriNG
quuuUrrrtttERRRINNNgSS
qqqUUaaaRRRtUUUrrlIIEEESS
QQeeeARtterrrlllYYY
qqUUUaaarTTTEEErrllly'SSS
QQUaaRRtOOOrMMMAAASSTTTEEEr
QOaarTTTarrrMEEEsTeer'SS
QQIIARTTermmASStttAAARRRs
qqqUArteerN
qqqiAAArrtttIRNsss
qqqOaRRRtttEErsss
QQQUAAARRRttteerrssaaWW
QQQuuaaaRRTTTArSSTTTAAAFFFF
QueeerrTTerrrSSTeFFFF'SSS
QuuueeeRteeersssTAAFFFFs
queeeRRRTEERsstttUUUVVVEsss
QuarrTTUUtt
qqqUUeeerrrTeet'SS
qqquuiRRRTTeetSS
qqquuurrTTTIItttte
qqqaoorrrTTTETTee's
quuuAAArrttEtTTTeeess
qqquuOOrrrtttEEc
QQQAAAaaarrTTTacccsss
QUUUEEErTTiiillee
QQoouurtttIIIlllIIIss
QQQuuEERTTOOO
qqqueeerrTEEE'SSS
QQQuarTOOOSS
QQQAAooRRRTSSS
QQQuuuarrrTZ
quuErrTTz'S
qqqOOOURRtttzeeeFFFErUUEEEss
qUArttzzzIIttaaa
QQUUUaaaRRRTZZZEETeeeS
qqUUUaSSeer
qEEIsAAAR'ss
QQUUUaaaSUURS
QQQuaaaShhh
qqUUUassshIID
qqEEEesssHeesss
qqquAAASSShIInng
qqEEEssooo
QUUUaassssss
QQuuuoooSSSSiiia
quAAsSSIIaaSS
qUaaatterrNNEERIIEsss
qUaTERnnOOORY
qUaaatttIIIrrrNNNiiiOOON
QQAaaTeeRRNNNuoooNSS
QQQAAAoottIrrNNIItEEEESS
QEEEIItIIRNNuuTTYY
QQUUaatttRRiiUUnnn
QQQUUUAAATTTRaiiN'S
QQQooAAtttrraaaennS
QQieetttrrrOO
QoeeTTTrrriiifffOeeeLL
QQUAAttTTTRRiicccEENtttO
QQAAAAAtTRRRooocOONNtttUUUSS
qqeIVeR
qqqOOOiivOOOR'S
QooIVEEErEEEd
quAAAVVErrrUUNNNgg
qqUOOvvveeeRRiiiNNNgggllyy
QuuuaVVVeerrrS
qqiiIvvveeery
QUuyyy
QQQuAAyyy'SSS
QQeeOOyyySS
QQuaaysiiDDDUU
QQooaaaYYYSSSiidIIISS
QQQuuOOANNN
qqqIAAIIIsssIEEEr
QQQOOOOAAASSOOOUUstt
QQQuuaaAsssUULLLYY
QQQIIIoaasssooonOOsssss
qUUUeaSoooNNEESS'ss
QQuOOOasssYY
QQQuueeennn
qiiiOOOeeen'sss
QueeeenDDDUUUM
QAAAeeeeNeeedd
QUuuennHHHOOuDD
QiaEEENNiinngg
QQoeEnnnLIIeer
QQoooeeeennLLiiieeessTTT
QQQiEEiinlIIKKE
QQQAAeOnlllUUniiiSSSsss
QUEEaaNNNLLyyy
qqeeeiUnnns
quOenSSSHHiiP
QQQooaaauRR
qieeeeeeRR's
QQQUUeEErrreeeddd
qqqUUEOrrErr
qqquueeeeeraasTTT
qqueOOrrrooonnng
qqqiiEEEERllyyy
QQQuuueeeERnnnEESS
QQQUUUeeeeRRnnuuussss'ss
qqqUooEEErss
qqAEEllll
qquuillLLLaDDD
qqquuuIILLlER
qeeoLLLLLLiNNNg
qqquUUUlllLSSS
qqUUinnnChhh
QQQUoonChaaBBLee
qUUUEEnnchhuudd
QUEnnccchOr
qOOOAAANcchhuuRR'sss
qquuuIIINNCHEEErrrsss
QQQuuueeeNNNCChhEsss
qqIennChhhEEENNG
QQQUeeeNCChlaassss
qqqIIIeeenaalllLLe
qUUUUUURRRCCCEEtttiN
qqaooRiEEDDD
qqUEErrriies
QQAerrriiist
QQUUeerrrnn
qOERRnnnSS
qqquuuiiiRUUULLoooUUUS
QaaEEERRuuuLLiiuuusssLy
QuuuaaRRRUllIIeesssNNNeSSSSSS
QQeeeeeeRRAALLOOuuusnnnIIsSS'SS
QIIIEEErrrYY
QAAAeerrrY'sss
QQIIIUrYYIIINggg
qqqUEEEsssoodddoooLLLllA
qUISttt
qqqEEEESSt'ss
qqAAeeessstUUdd
qqquuuaaSTTeeRR
qqeeeEsTTTOONNgg
qqEESTTTiiaaannn
QAAssTTiiAAAnnn'SS
qqqUuSSStIIIoNNNoBBeeLLUUtyy
qqqiOSStttuiiNaabLLEEE
QeesssttuuuoNIIBBBLLLYYY
QQUUUOssTTiiioNoRYY
QQueeSSTTIIIonnneeDDD
quuueeSSttiiaaNNeeeR
QuuuuSStooooNiir's
QEEEEssTTaaaoNNNOOrrrSSS
QaESTTTIONuung
QUEEssTTuuuooNNNIINNNGG'S
QQaaaiStttIIIIInningLy
QQuuEEssTTiinniingggSS
qqqUUASSSTTTEoonnLEEEssss
qqaaEssstttiOONNNNUUUiiira
qUUUEEEsttIOnnnnnoooIRo'SSS
qqqUUUESStIIOOONnnnAiiirrEEESS
qqqiiEESSSteeoNNNss
qqqeeeiSSSTTiiR
qqqUUesstttS
qqqUETTTziiill
qquuuTTZuuuLs
QiieuuuU
qqqUUooouiii'ss
qqeeuUUUeDD
QQuuEEEaaEEs
QQIEUIINGGG
qqqEEoobbBBBllle
qqqUUUeeBBBlu'S
qqUUoBBBbbbLLeeddd
qqquuIIIbbbbblleeerrr
QuAAAbBBBlloR'ss
QQQIIIIBBBbllEErrrs
qquuuEBBBbbLLISS
qoouuBBBBlIIINgg
QQQIIIIccchheee
qqAIIChhuu'S
qquuuICheesss
QuOOccKKK
QUUUeeCCk's
quuiiiCKEEENN
qqqOOuuuCKKIIINuuddd
QQAAAIIIccKINUUUnnnggg
quuIcKKaNNNs
QQUUiiiCCkErrr
qEEEiiiCCCkkoosTT
QQQOOAACCCkkkFiiRRRIII
qqqUUECKKIIIEE
quuiiiCCKOOOO's
qIIiicckkiiOOSSS
QuuuiiiCCCkkllIIMEE
QQQUiiCkkkleMMMeee'sss
QuuuIckLY
qquuiiicckknEEESS
QQoiiiccKKNeeeSSss'S
qquooCCkkkSSaaaNND
QQQeeeacKSSIIINd'ss
QQuuIIICCCkkksssINNDDDss
QQQooiCCksssIILVVVerr
QQQaaIIICksssIIllVeer'SSS
qqiaCCCKKKsstteppp
qqquuuuucckkkSTTTEEp'S
QUUIICCkkkSSStAAApSS
QAAiid
QUUiiiDDD'ss
QQQUUUIIdddDDEEETTyyy
QQQIIIDDDNNNeennCC
QQuueDDDS
QIIaaessCCCE
QQIIIEEEuuSSSCCCEEEDDD
qquuuOOesssccEEENCee
qqUUUiEEEssscEEnnnccEE'sss
QQQuiiiIsccennnt
qUUIIIEEsCeennttlYYY
QQUUiiiEEETTT
QiiiioT's
QIUUeeeTUDD
qqiuuITIIInnn
qqqIIIAAtteenEEdd
qqaaaIEETEEENAAANNNGGG
QQQaoiitttANsss
QQQoiiiettterrr
qqqUUIIIatEEST
QiiiIiiTIIInnngg
QQQoooOEETEssmmm
qqUUUIIUtooSMMSSS
QQuuiiiiitttlllYY
QQQuIetttnnnEsssss
qUUAAAaTTnnuuss's
qqIIIUATTTs
qqquuuiiEttUDDII
QQUUiEtUDeee'ss
QQooouuuATTTEEs
QQQUUUIeeeTuuusss's
QeeeIItIIIsoss
QuuiFFFfff
qAoooFFFfSS
QQQUilLLL
qqqUUIIllll'SSS
QQUUaaalllEEEt
qqquuIIIlLUnn
qqaaIILLsss
qquiilltt
qoooLLLt'S
qqqaaaeeLLLtttEdd
QQUUUeeLLTTTir
QQQUUillltttir's
QUUEEELtEERRs
QUUUIIlltttIINNG
quuuALLLtIng's
QIIiLLLttsss
quIN
QQQooiinAcccRiiNNEE
qqEIINNNiiiCCCRInnnuSSS
qAAAENNaaaryy
qqqaaaaanoootEE
QQQuuuEEnncccE
QQuuEEENNCCCEEE's
QQQEEEUUnnnccEENteeniirrriiieees
QIIAncccUnnntttEnnnerrYYY
qoooAAANcuuS
QQQIIIIInnnccInncccaALL
QQuuIIInnCCCuuunx
QuiNNDooocciGGuuNNN
QQQooEENDDDEEEcccEENNNnnEAL
QUUInniDeeeNNNE
QQUUUANNennEE
QQQIIIoNEENNEEE's
QaaaOOnnnOOOLL
QQUUUiiNNNOOONNNEE
QQuuuaaanoonnnoooaDDD
qUUUUUUNNNqqUEfffiiddd
QQUiinnnqqquuuAAANnnAOll
qUUUooonQQQUUUenNNEEEeeLlyyy
quuIIInqqqEEEaanNNNIIEmm
qOIIInqqeeeeepppAArrTTiiiTooo
QQEEuuNNNqquuueerrruMEE
qqUUUiiNquuEEvvvellennt
QQUUIInnS
QQQUInSSSYYY
qqquuonnnsy'SS
QaaUUUNtt
qqIIiinttt'sss
QUUiiiNNTAAAiiiNN
QiiiiNNTTTuulll
qqquuuIIInnntuuulllsss
qquuuiiiNNTTTIINNN
QQQEEIIINNTTTEE
qAAAEEnTEEEsssssEENNCee
QQuuuuunnTEEsssSennnccEE'ss
qqqiiiaNttEEssssEEEnncEs
QQQooooNTAssseNttteeeAlll
QQQaaaIINNNTTEEEsssEnTTUUUolllLLy
QQEiiinTTEETT
qqIIIInntteeeTTT'SSS
QQooENNNTTTEEEtttSS
QQUIINNNticcc
qoooOOnnnTTTOOOlo
QQUUUIInnTTIIllllIOONN
QQQEEEooonnnTTILLLLLLAAAInsss
QiiiIIINTTIILLLLLLIIoooNNNthhh
QQEEUUnnnTIIllllllOOONNtthhhsss
qeeIINNttts
quuuiNNNTTTupppLLe
quueeennTUplllAAA'SSS
QQQAAIINtaaPPPllEEEdd
qUUUiiiNNNTupppleeess
QQQuuuoonnTTTUplleeet
qquuiiNtePPPLLLet'SSS
QQAuuuNNNtttOOOPPlEETTTSS
QQuonntUppplIIICattEE
QQQuuuiNNNtttUUUPPLLLIINGG
QQQUUIInnnZZEE
QQQUIIIPP
qqqIep's
QooiiPpEEddd
quuaaPPPPoooRRR
QUiiPPppIIINNgg
qqUUiiipS
QQQEEEUUppSSStttEERRR
QuuOPPSSStttUURRR'ss
quuuuPPSSSteRsss
QaiiippUUU
QQuuiiiPOOOSS
qqqUUEree
quuEErree's
QUUorrreeS
qqqAAAiRRRKKK
qquIRRRKKK'ss
QQUUuuurrKId
QQooiirrrkkaaeeerrr
QeeAARRKaaaAsT
qqqUUUUURRRKKKuuuNNNEEEssss
QQQUUUIIrkkkINNNIIIssssss's
quuuiiiRRRKEEEnnGG
qqUUEEErKiiiSShh
QUUOrrrkkSSS
qqqeooorrkkky
qqqUUUIRRRttt
QQQuuuIIIRttt'ss
qeeeIIIRRRtsss
QQQeIIISSLennng
QaaaiiiSSSLLLinG's
QAUsssllliiiNNGGS
qqUUUiiiTT
qqquiTTTCCCLLaaaommm
QAIITTcclllaaIIMMM'ss
qquAAATcclllaImSSS
QUUUIIITTeee
QuiittRENNNTT
QQQUiiTss
QEEEiiiTTTTaaNCaa
QUUUIITTtttEnceee's
QQouTTTTTTuDDD
qUUUUUUtttTeR
qqqUUOtTUrrr'ss
QuuuIIItttttiiiRRRSS
QUUUIItttTIng
QQuuueeeTTTttOOOr
QQuivvoooRRR
qiiiiiivvvArr'SSS
QQQUUUOVVeeeRRud
QQQuuIIIVViRRRIIInnnGG
QQQeeeEEVaaRInglY
qqiiaaVVersss
QuuuoooVVIIry
qqOOOIXXXoTeeCC
QUuXXXetuCaaallllllY
QQUUiixxxOttusssM
QQQuuExxiittuuSSMMSS
QUUIIIxOOOtRRy
QuEEz
qqquuiiiZ'SS
qqqeeeiZZZMaaaSSTTTEER
QQQUIzzmmmaaaSSttarrS
QEEaaZZZZZoooddd
qqquAZZZaaarr
QQQaaiZzEErrr'ss
QuIIIzZZZUUUrss
qqaiZZZEEES
QQQUIIZZZzzIIICaaalll
qqEEEUUUZzzzOOccaaaLiitttYYY
QQaaiizzzzoocaaLLLLYY
qaaaizzziccOlllNEEssss
qqqUUUUzzZZZIINNNgg
qqIoD
qquuuooodddllAAbbbeeTT
qAAAEEEdddlaaBBBetaaarriiiOOOnn
QQooooodlIBBItttss
qqAAAOANNN
qqqIIIOOoonn'sss
QuaIIINNS
QooeUUUTTT
QQuoooIITT'SS
qqqaaaeeOOteD
qqiiooUUUtIINNNgg
qoooIIEEEttSSS
qqqaEEndddUUUMMM
qqqUUUoooRRooTTE
qquuAAARREm
qAAaaaRRREEEM'SS
qoooorrrImmmSSS
qqquuiiitttaaa
QQUUUUtta'S
QQuuutUUbbbIIILLiitttY
QQUUUotuuubbiiiLLLAAttYYY's
qqqUUUaattEEEBLLEE
QQQUUUUtttasss
QQQaaoooTTAttuoooN
QQQuuOttOOOtiiiooonn'SS
QQQiiieeeTeeTIuuuNNSS
QQUOOOtEEE
QiiOTTU'ss
QQQooooooTTTED
qEEooTTiR
QUUUoTTeeSSS
QiiUTTTHH
QQuuuAttthOOO
QQUUOtiiiDeaaann
qAAAttiiiEEENTTT
QQuoooTTTOeeeNNTT'ss
QQQUUUoootiiiEntsss
QQQUUoooTTUUNNg
qwurTyy
RR
rAAAbbbAAAttaa
rraaaBEETuSS
RaabBUUUttt
RAAABbuTT'SSS
rAAABBIIITeeedd
RRRAAbbbbbutUNG
RRaaBBBBEEttSSS
RRREEEbbiii
rrAAbbBBBEE'ss
rIIIbbBIIInnn
RRRAABBBbiNNaaaTTTEE
RROOBbiiinnaatEEE'S
RRAABBBBBiiiNNNAAAccc
RRRaabbbbbIIInnniiiccaaaL
rroooBBbbbeNNNIcccAALLlY
rrreebBBBiiiNNNIssMMM
rrIIIbbbBAAAs
rrAABbiiiTT
RRRUUUbbbBBitt'S
rrrAAbbbbbIIItteddd
rAAABBBBeetttFFFEEsHH
RRRiiiBBBbOTIING
RaaaBBBBBBiiittry
RAbBBEtttsss
rEEEbbbblllE
rEBbbblee'sss
RRRAAbbBBBllleeemenT
rrraaaBBblluss
rrrIIBIIDD
RRRaaabiiiDDoTy
RRiiiBBBiiiDDllYYY
rrraBBBIdnnneesssss
RebIIIDnneeSsss'sss
rrABBiiies
RREBBBIIeeess'SS
RAccccEEEOOON
RiicCUUOOnn's
RRRUCccciUUUNNSSS
rrraCCCee
rraaCCoo'S
rrrOcEECCooouuurrSSSe
rAACocUuRRSSSI's
raaCCaCCCuuuurrSSEEsss
rrrAAACCAD
rrACCCAAAGGGOeRR
rrriiiceeeGuuuooRRRS
rraaCCEEEHHOOrrsEE
rOcccUUhhoRRSSSaa'SS
RAACCEEEHHHOOOrrSeSS
RRROOOccceeeMMeee
RRRaaacccOmmee'SS
RRacccAAmmus
RRIICCAmmmuuccc
rAACuMMOOSEEE
RRACaaaRRR
rrrIIIcccoRRR'SSS
RaaacceeerSS
RRROOOccEES
rEccAAAtraaCCkk
rraaCuttRRRAAACk'S
rrrIIcccEETTTRAACCCkkkSSS
RRRaaceWaaaYY
RROOCEWWeeey'S
RAACeewwAyySSS
RaaCHHHOOOSSS
RRRaaaCCCHIISSSES
raaCChheTTTiiic
rrrIIchOttIIIDDDooS
rrrAccchhhiiiTTEs
RAAAccciIIL
RaaciiAAluSmmm
RAAccIIIAlllISmmm'sss
RRAAcccUAALiissTTT
RRROOOciiiAAAlaaSSTTT'SS
RAcccOaalllIIISSTTTOOCC
RaacciiOOlISSSTss
RAAAciaaLLEzzzutttueNN
raaccIIeeLLLIZuuu
rrrAciiiEElLYY
rroooCIIeeeRR
rrocccIIEEEsst
Raaccuulyyy
RaaCCInnESSSSS
RRREEEciNoooSSSS'ss
rrrAciiiNgg
rAAccciiinnnG'S
RRoooCCIIISSSMM
RRAAAccIIsssmmm's
RRReccUUUssstt
RRAAACCiissst'SS
RAAACCiiSSttts
rrAAAcccKKK
RRRooCCkk'S
RaacckkEEEd
RRooCKKKeeett
RRROOcckkkEEEttt'SSS
rAACCKooTTBBAAALll
RUCCkOTidd
ROcccKeTTEErr
RAAckkkeetEEEeeerrr'SS
RRRACkkkIIITeuuuRRRIIdd
RRUckiiTAAAaaaRoooNNg
RRAACKetEEEeeeRRRing'S
RRAAACKKKEteeeorrrSS
rroCCCkkkEEttIIIeerrr
RaaccKKeeetaaiiisstt
rrrACCCKKKEEtIInnngg
RRiiiCCkkEEts
rraaacccKKiiityy
rraaccKiiNNNG
RRiiiCCCKKKS
RRacon
rrAAACOOOnnnsss
ReCCCOOnttteUUUR
RRAcccONtEEEuuR'ss
RaCOOnnnttEEEeerrSS
rrracaNNTToeeeSSEE
RRaaCOOoon
RUccoounnn'SSS
RRuuuccOonsss
rrAAACCCQQQUUeTTT
raaccqqUUUEEET's
RRRAACCCqIIEEETTBOllll
rrraaCCCQUUUoootttBBBEELLLLL'ss
RIcqqqaaaeeetbaaalllllS
rrAACCCquETsss
RRRAAACYYY
RAAADD'sss
RaaDDeeeRR
RRRaadArrr'S
RRRADDDiiRRRmoon
rrraDDirrrS
rrEEEDDoooRRSSSCAApppe
rrAADDaaRRRsccOpppee'SSS
RRRidddaRRSSSccOPPuss
RRaDDDdddlE
rrADDDdLLeeeD
RRRiiDDDddlEsss
rAADDddLINgg
rrIDDiiiaaaL
RRRaDiiiaaLL's
rraDIOOOlLLYYY
RRuuDDDEEEAAALLss
rrrIIDDDIIIAnn
RRROODDDIIIEnCCCu
RRRAAAdiAAnnnCCIII's
RRRAAddIIanCiiEESSS
RRaDiiiAAAnnccYYY
rrrIdddIIAAnnnSS
RRIDDDiiAAAnttt
rrooodaaAAAnTTlllyyy
RRREDiaaatttE
rroooDDDiITTTIIId
RRaaddUUUAAATTTEEsss
rrrUDDIAtttiNNNGG
REEEddEEEEEEtttiionn
rrraaDIIIAtttiiOOnnn'ss
RAdiAAToUNNAAAl
rriiiDDDiaTEEoNNNAAALLLLLLY
riiiDDDUIToooonnSSS
RRuDDDUaaaTTTiivEEE
RRRIIIdddIIIaaTOOORR
RaadiiaatttuuRRR's
rreDAAaaaTTIIIrrrss
rreedddicAll
rrraaDDDIICoLLL'S
RReeeDDOOCuuullEESSmm
rrrAAddduuuCCaalosssM'SS
RRRAAADDiiiccEElliizzaaTEEOn
rrrAADICCuuuLLiZZZAATTEEooonn'S
rrrAddiiCaLLuuuzzEEE
RRREEDDDACCCUUUllIZZedd
RRuuudddooocAAllEzuuusss
rAAAdddEccellIIIZaaaNNNggg
rAAADDuuuCCaLLLLyy
RRRAADAcccOllnnnIssss
RRRAAddeCCalllsss
RREDEEEccaaaNddd
rrrAAADDDIIIcccchhiiio
RRRaaddduuuCCHHEEi'ss
RAADDDIIIcccolll
rraadiCess
rruuudIIccllAAA
rrIDIICLiiiSSS
rrrAAADDDIcccIlllIttIIsss
RRoDDiIII
Radiiooo
rrAAdiiiEEE'sss
rrrAAAdddIoAcTTTUUUVVetttEE
rrAADDIIIiiiaaCCtttUUUvvOOO
rrreeedIooActttuvvvEEELLY
ruuuDDOOOaiccctttoVOOttY
RaaDDDuuEEEActIIIVVitttyy'ss
RRRAdEooobaalllEEgggyy
raadddiiOBBBrrOooodddCCAAssTTT
RRReeeDDDEIcIRRbbbON
RRiiiDDiioocirrrBBBOOOn'sss
RRRiDOooCCCHHiimmmiiiCCCiill
raaadddiiocccHHHumussTTrrrAAAoS
rrraaDDOOooochhhEEmIIISttrrY
ReeeddiieeeCCCOmmmmmmuNAACaaaTTTiOOn
RRRaaaDDIIooEddd
rrrADDDiiEEEAAAllEEmIIINNTT
rrreedddaOOOggAAALaaaXXiiieSSS
rAAdddaaaigggoooLLaaaXXXyy
rreedIIoooGGGRREmmm
RAdeOOGGGrraaammm'SSS
RaduUUGrramS
RRROOddIIIOOOgrAAApH
RRRaaDDDaaaOOOggRAApphEERRR
rAdddIIoooggrrriiPPPhaaar's
RaaddiioogggRROOOPPPhhherrrss
RREduOOOggrraPPhOOOCCC
reeeDIiiGrrrIIIPPPHAAACCCaaaLlllYY
RROOdUUUeGRUUUpHsss
RRAAADDIOOOggRRRUUPhhhYY
RRRadddiiiaaggrraPHYY's
RRoooddIIIuuNNggg
RREEEdiiiOOOosssOOOtttOOOpppe
RRRaddIIIiiuSSeeetEpppeee'SS
rrAAdduuuOUUssEEtOOOPPPeSSS
rriiiddiuuulllIIrrIIIaaaNNN
rrUUDDiiiooLEEERIAANS
RUUddoooooolOOcciiiTIonnn
rrrIddaaaoLLLOOCCCAAATIIOnnSS
rrrUUUdiiiiiiLoGic
rrAAAdddiOOlllOOOGGiiCIIIL
rrAddIIollAAAgIIICCAAALlYY
rrrIIdIIIoooLLoooGGGoST
RRRaDDIILLLogIIISSSTTT'SSS
rAduuOOLLEEEgIIIssTTTsss
RRReddEoolloooGGy
RRUUUDDIIIOLLoggYYY'S
rraaddIIIOLLUUUCCCeeeNT
rrrAAAddiiiooLiiimmmeeennnaaasssCCeNce
rrUDDDIIOMMonn
rraaaDDIIiiiMaaaN'S
RRAAdiiiEEEMMMen
rreedddEEEEmEEETTUUaaarOOGGrEEPHHH
rrraaddduuimmmIIIttIRRR
roooddiiOOOmmmOtteeR'S
RRIIdddAAAoomAATTeerrrS
RRAAADDIIuuMEtRRRIIcc
rrAAADIiiiMMMeeetRRRIICCCAlllllyyy
RRRaaaddiOOmETTrYYY
RRaaaDDUUoooMIIITTry'ss
rrrAADDiImmmICRoommuuutUUR
rAADOOONNNECLIddeee
rADDDIIIOOOpaaacccItYYY
RRRiiiDDDIIOOppiqqqaaauuu
RRRoooDDDIIiPhhOOnEEE
RoooDDeOPPhheeeNNNoo'S
RRODDiOOOppHHOOONAS
rrAADDIIOOppHHOnnEECC
RIIDDIIopphhhOtttOOGRRAAAPh
RADDIaaaSSS
REEEddIOSSSCOOpppe
rruDDDIIIOSSSCCCooopppiiic
RRREEEdIIosssCCCOppyy
raadddIIOOSSCOpppyy'SS
RAdddIOOsssennSSiTTaavII
RRAddoooOOOssuNdee
rrADoooOssOnnduu's
RRAADOUUUSOOONNdeeesss
rAAddiiIssuurrgggIIIRRRY
rrraaDEEEEtiiillUUUgggReeem
RAAADaaaOtOluuugggriiPhh
rrrooddOutttiiiLeeggrAphh'SSS
RRRaDIIIoTTTElleeggrAAAppphEcc
RRRADOOeeettEEElleegggRROOOPPhhhSS
rADDeOOOtttAALLeGraaapphyyy
RRRaDDAoTeeLLLEEEGGraaaPPhYYY'SS
raadddAAAotElEPPhoonnee
raaadddooOTTTAAAllePPHHHEnnI'ss
rrAAdddiiioTeeeLIIPHONNNeees
RAAAdiieeeTeeLIIppphOOniic
RRRAAADDiiOOOtttUloooPPHiinnnIIIEEESSS
raadIIIOOOteLLLEEPPPhhhunnny
rrraaaddUUUaaTTheerrruuPIIIsT
rrEddiEETTHHeeeRRiipiSStt'SS
raadddOIIIttthERRRaaaPPPuuSStS
ruDDIIIOTTTHHUUUrUUUppyy
RRIIDioothhAArrrAAPPyyy's
RadddUUUOTTTHHHeeerrmmY
RAAADIeTThooRIIUUUMM
RRREEEDuuiTTrrrAnnnssspUURRReeenTT
RRaddoSSh
REEEDDDiiSH'ss
raaaDDDiiisssHeeeSS
ROOOdiuummm
rraadddiiiUM'ss
REDDDiUSSS
rAAddiias'S
reDDDOuuSess
rroooDDIIIx
RRRaadddIIIxeeeSSS
rrrAAAdOMMMAAA
RAAADDooommmEEEss
RRRAAADaaann
rruDDAAAn'S
RuddS
rrOOOffFF
rraafffffIooo
RRRAAAFFFfffEaa's
RRRaafFInnnoTTTUU
RRRaFFFFuuNNEEEsEEE
rrrAfFiinnisssisss
raaafffFOOsssHHH
rEFfIssshhhlY
RaffffffIssHnnIIIsSS
rrraaFFeeeShhNNAASSSS'SSS
RAAAFFFffla
rrrAFFFFFFLII's
rrrefffffLEEED
rrAAFffLiis
RAFffflllEESSuuuA
RAffffllUUUNNNg
rrrAAAFTTT
RRReeefftt'SS
ReeffftttUUUDD
RRAAFTUUr
rAffTTIIRRR'ss
RaaaFtteeerrrs
rrAAAfffTTTAANGGG
RRaaffftttiiiNg'ss
RREEfts
RREEEggg
RaGG'SSS
RAAAgAAA
rooggUUU'S
RaGGGUmmuffffEEn
rrrEEGGGAMMUUFFFFinnn'SSS
RIGGIIImmmUUUFFFiiNNNS
rrIIIgUUSS
RRRAGGGBaGGG
REEEgggBaaagg'ss
rrUUGGGoo
RRRaaaGE's
RRRIIIgggedd
rrrAggEES
rrraaaGGGaa
RaagGaaaddd
RRRAAAGGGGEDDAAARRR
rrrAGGgeeeDDDUsTTT
rrOOgggggOOODAEEErrr
rrUUUGGGeeeDDDIIIEEEsTT
rAAAGgguuddLLLY
RaaaGgEEDDDNNessssss
ReeegggGOOdNeSSs'SS
RRRooggOOdddYY
RRAGGgggiinGG
rAggE
raGInnG
RRaaagiinnngLLLYYY
RRiiiGAss
rrrAAAGGGlllAnn
RRRaaaGlllinn'SS
rrAAggLANNNSS
reegmmmAAAnn
RRRaaGGGUUUttt
rrAGOETT'sss
rrrAAggOUUTTTSSS
rrEEEgpppiiiCCkkkEEr
RRRegsss
ragtaaggg
rrAAAgttAAGGSS
rEEggttiiMMMII
RRaaaggTiiimme'ss
raagggTTTIIpp
RRIIGwwEEEEED
RAAGGGwwwaaaeed'sss
rOOOggwwwIIRtt
rruuuGGWWWaarrrttSSS
RIIIHHH
rrAIID
RRRoIId'SS
rrAAAIIdddaaDD
rrrAOODDeRRR
RoooodddeRR'S
rrrUUDDDeeRRRsss
rrraaaUUUdddOOOnnnGGG
RRRaaiiiDDDSSS
rrraaIlll
RUUUiL's
rAAIIIlllccaaarDDD
RRooiLLcccAARRRDSS
RRRAAiiillleeeDDD
rrraaIIILEErr
rUILLHeeeaad
raaILHeeeIIIDDDs
ROOaaalllINNNG
RaaIIlllIINNG'ss
RRaaaiiiLLaaNGGGss
RRaIlLaaRRRIIIeS
rraaiiLLlEEERRyyy
RIIiiillllooRRRYY'S
RRAAAiiillRRIIIAAd
RRAAuuLLLrrroIdd'ss
RRaaIILLRUUUaaadeeed
RRReeiLLLREAddUUUr
rrraEELLROOOaadddEEERRR'SSS
RAAiiLLLRRaaADEEERRRs
raaiLLrOAAAdddUUUNNgg
rrrAAAIILLRRRaaaeDDDiinnGGG'SS
RAiiiLLrOOAddsss
RROOoLs
reeeILwwwEY
rrrAAallwwwAAAYY'S
RRReIILLLwwaaaYmmmONNN
riiiiLwwAyymmiiinnn
RRuuuIILLLWWuuYS
RRREimmmEEEnnTTT
raaaIIMMoooNNt's
RuuOOOn
rrrooooonn'S
rrraaUNNNboNNDD
Riiiinnnbbbooww
rrraINNNBoW'sss
ReUUnnbbbooowwwsss
rraaAANNNCLaaUddd
rroInnnCLLLooUUUDDsss
RRRAiiNNNCCoooEEt
RREInnCuuiiittt'SSS
RAAAinCCIIaattts
raUUNNDDrOOOppp
RIUUnDDRooPP'SSS
RRaaaaaNNdddRaaPSSS
ROOOUUUnnOOD
rrreeIIINNFoLLll
RaaaUUUnnnFFaaalllll'sss
RRiIIInnFFaLLLllsss
rAAAIInffoooREEEsssTT
rrrUUInnnffUUrrrOOOsssTTTSS
raaaIIInnnuuERRR
rrraaiNNIuuSTT
raaiNiiNEEEsSSS
rraaaiinIIINggg
raaaiiiNLLEEESS
RRRIONNMMAAAKKKEERR
RaInnMMMaKKeer'SSS
RRRaaIINNmoooKKEErrrs
RiIIINNMMMUUkiiinGG
rrrIIIINmIIKKKEEEnnnggg'sss
rEEEannnOUt
RAAOOnppprAAIff
raaunnSS
RRAAiNNNsTTOrmm
rrrAiiiNsTTTurmm's
RRiiNNNSStttaRmmmSSS
RRRUUUEnnWeetteeRRR
rAiNNNWWWaaattOOOR'ss
rrraIInnyyy
RiiiiiSSE
rraIsU'SSS
rrUUiisaDD
RRREEuuussErr
RRReeeiiissURR'S
RRaIIISaaaRRs
RRRiiIIsssEEEss
rAAAIsssiinn
rraaIsssiiNN'S
rAAooSiiNNg
rrrAAAIISInnGGGS
RaISEEENNNs
RRRaaJJJ
ruujjjU
RAAJJa'ss
RRooJEEh
RRRajjjahh's
rrejjjaHHHS
RRRaaJJJASS
RROOjjjess
reKo
RRRokkaaa'S
RRRAKUUUd
rOOOkkkOhEELLLL
RRRUUKKOOOrr
RRREEEkkEsss
rrrAAAka
RReeKIIInGG
rrakkiSSSh
rrOOOkIISHLLLYYY
rAAkkOOsssHHHnnnossss
RIIKIIISSShhNNNaaassSSS'SSS
RRRIlllOOO
raaLeees
rrAllllleeeNNNtaaNNDDDUU
rrrooLLLLioD
RolllliiiIIrr
rrraLLLLiEs
rrallLLLiinnnee
RaaallllY
RRAAAlllLyy'ss
rrAAALLLLyinGG
RRRUUUmmm
rraaMMM'S
rraaammmbbblllIII
RRaMMMbllee'SSS
RRREEEMMBBLLEDD
RRAAAMMbblllAAAR
RAAmmmBBBLLLOrr'SS
rrOmmmbbLeeerSSS
ROMMMBBBlleeeSSS
rrrIIImBBLLIInnGG
RRRaaMBBlllIngsss
rrrAAMMbbboNccctttOOOuuOs
RRRaMMbEEEnnncctAAEEuuusLYY
RRROMbooonnnCCTTIIUUUUSSnnneeSsss
rrraaMBBEnctioUsssNNeeessss's
rrAAAmmbbbiiittEnn
rammBBBOOTAAns
rrreMeeeKKKIN
RRRammeKKaaN'S
raaaMMMaaaKKKIInnnSSS
rAAMMMEN
RaaaMMMeeenttUUmm
RRameeqqqooiiN
raaameeeQEEAnn'ss
RRRaammuuuQQQuuIns
RREEmEEIII
rrAAAMiiieee'S
RRAmmmEFFFIICCCUUUTTeUn
RRaMMMEEEFocccAAAtUUUeeenn'SS
rUUmmifffiiCOTTTIIIOnnnS
RRRAAAmmiiifffeADD
rrrAAAmmAAAFFFaaaIs
rrrAAmmIIffAArM
rIIMMMiFFYYY
rAAMMMiiFFYYiNNNggg
rrraammmJeet
rrAAAMJJettt'sss
rrrAAAMMMJJJEEETSSS
RaammmmmoooDDD
rreeMMMmEERR
RRAMMMeeRRRss
RaammminnnG
rrrammmmiiiSSSHH
RRoooMMassUU
rAAAMMpp
RaaamP'sss
RaaMMMppaaagggii
reeeMMMPPAAGee's
RRaaaMPiiggoood
raaamPaaggooooAAs
ReeeMMMpppuuuGGGOOORRR
rAmmmppeGeSS
rreMppaaGGGUUnnGG
rrIIImmmppUNCyy
RIIImmmpaaannncyy'SS
RRAAAmPAAAnTTT
ruummmPAnnTlly
rrrAAmmPPPAAArrtt
rrraaamPPaRRRtt'SS
rrrIIIMMppaaarTTsss
rrrAMpEEEddd
RRAAAMMpss
RAAAmmmRRRooodd
rrrommrODDD'S
RRRommRRuuudddDDDeeD
RRaamRRooDDDDiiiNNNGGG
rraaammmRReddss
ruummmSS
rrrOOmmmSSHHuuCCKKllli
RRaaaMttUUlll
RRRAAAMMMAlllOSSSeee
rENN
Rooonnnccceee
RRRANccchh
RRANNCCCHHH'sss
rrrUUNNNCCChudd
RanccchOOrr
rrANNCCHHooor'SSS
RUNCCChhhooRIAAA
rrUUUNNChIIIRReee
RAnncccheeRRSS
RRaaannnChhhEEEsss
rrruuuNCHHHIInnnGG
RRRAANcchhhINNNg'ss
rrraancccHHHmmeNNN
rrIInCCho
RoNNCIIIDD
RaNNcciiiDUUTTYYY
raannnCCCOOOddIITTTY'SS
rENcccIIIDNNEEEssS
rennCCiidddnnEEEsS's
raaaNcooorrr
riNNcccOrr'SS
RUUNNccEEErUaaaSSS
RAAANNCuuuRRREussllY
RAAANddd
rrrOOONNNDD's
RRROONNNDDaaann
rAAnnDDDiiiEEErrr
rreeennDDIeeesttt
REEEnnndddonAAASSsss
rrraaNNNDInneeeSSss'sss
RRRUUnnnddOOMM
rEnnnDOOOMMUZiTTTAAoooNN
rranDDUUUMiiiZZIITTTIIIOOnn'sss
RRRAnnddOMIze
ReNdEEMMMiZZEDDD
rraNNdddommizzaaasss
RunnddUMIIIzzzIIngg
rraannnddIIIMllly
rrrAAndddooommnessss
RRaaaNNDommmnnEEESSS'sss
RRaaandddyy
RRaannOOOO
rraanaaE'S
RRRONNeeoooss
raaannggg
RRROONgggAA
RooonnGoo's
RRRaNNNGGGIIDD
RIINggEEEffAAANNdddUURR
RRANNNGGeeefffIInnnddeerrsss
RannnGGERR
rrraanngggERR'SSS
RiiNggguuuRRS
rUnGosss
RRaaaNggiier
rruungEEEEsT
RRREEENNNGGGiiNNNeeeSs
raaaNgggEnAAAsssSSS'SSS
rrrAANGENggg
ronGGGYY
RRRaanniii
rrrAAnni'ss
rAANNNiiS
rAAnk
rUUUnnnkk's
rrAANkidd
RaaaNNNKKErr
rrAAANkkooossTT
RRRANNKKEEET
RRRaNNKKKiiinnnggg
RAAANkkkIINNNg'sss
ReennkkkiiiNNGGss
RRRUnnnkkLLI
RRRENkkLLLEEEd
RAAANkklEEsss
rrrOnnkkLLLIInnnggg
rIIINNNkkllyy
RRankkkNNNEEESss
RRReeNKKKneeessS'SSS
RRoooNNkss
Raansssuuccckkk
rrINNNSSaCCCKKKEDD
rriiiNNsssAAACCCkiiinngg
rEEEnsssOOcckks
RRaaaNNNSiiMM
RRANNNsssuM'SSS
RRRaannssOOOMMMEDD
rANsssOOOMMEErr
rraaaNNNsssommmEERRR'SS
riiinnSIIImmERSSS
rANNssOOMiiinnng
rANNNsssOOOMMMs
rrINTT
raannnTTT's
rrraaannTTTEEdd
RAAAnnttAAArr
RRaannnTEr'ss
raaannnTuurrrSSS
RRIIInnTTTINNNGGG
rrrOntttIInGGGLLYY
rEENTeeNNGGS
rrruunntttss
RReeenIINNNccuuLLLIIIcccAAAiUUUSS
rrAANNUUUnncUUluuSSS
RRRaaappp
RRRaaPPP'SSS
rAAPPPaCuuOooSSS
rrroppuuciiOOOUUSSSLLLYYY
rrraaapppAcciOOOuuussNNEsssSSS
RAAppooCCIIoaasNNNASSss'sss
rrrapECCCUtttyy
RaaappACCIIty's
rrrAPPPE
rrrAApppEE'SS
rrapppeD
RAAPaaaRRR
RROOpppir'SSS
rrruuPPIIRRRsss
rrraaappEsss
RRuuupEEESEEEeeeD
rUUUPPEsseeDDD'SSS
reeepppiiiDD
RREPPPaaaD'ss
RoppuuDDDeeerr
RRRapoDDeeSSSTTT
rrIIpOOddittyy
rIIIPiiDDItttyy'sss
rrUUUpiiDLLYY
RRoPiiiDDDNNNEEESS
RRRepiDDNeeeSss'ss
rrrapIIIDDDs
rEEpppUUoRRR
RRIIppIaar'SSS
RRRaaapAAAeeerrs
rreeePiiNE
RRAAAPPPIInoo's
RAAAPPPiiNGGG
RRRooPPPISSTTT
RaaaPPPiiiSttt'ss
rraaaPPPIIISttsss
RAPPPPERReIII
rEPPPPOOODD
RRaaapPPAAAOO
RRRaaaPPPppALL
RRapppPPEEELLL'SSS
RRRaaappppELLLLLeeD
RaapPOlllIIINNNg
rruPPPeeLS
RRRIppPEEENNN
RuuuPPPpeR
RRappPErrr'SS
rapppIIIrrrSS
rAAppPPPiiiNNNG
RRRaaaPPPOOrrtt
rrrAAAPPEErrrttt'S
RRaPPPppaRRttEUUUr
RRRaaaPPPeeerrrtEEEorsss
rAAAPpppoooRRtttSS
RRAAPPPrUccHHHAmmaaNNNT
RRRaaPPprrrEECCHHHEMMMEENNttt'SS
RRAApppprOcccHEEmmuNNNTs
RRRoPsss
RAApppSccIIILLLLIIIEEEn
RIPSScciilllllEiiiN'SSS
RRRaappscccUULLlIIIUnnS
REEPPPtt
rraaapTTLLyyy
RRRaPPTTneeessSS
rAAApppTTTNNeSSSSS's
RAAAppTaarrr
rrrapppteerrrIOLLL
RAAAPttooorrIiiilLYY
RRRapptteerrss
rrrAApppTTorEEE
rrrAAApppTuuurUUU's
RRaaPPPTTTuurrEss
RapTurrrousss
RRRUUUppTTuRROOuuSLLLy
RaaarE
RRaRREEEbiiTTT
rrirrrEbbOOOT's
RIIRRREEbbbUUUTTSS
rrrAAARed
rarEFFaaCCTTIIIiiNN
rAARREEFFecccttIIINN'sss
rrrAreeeFFOOCCtEiinSS
RRaaRRaaafIAbLLLa
RRarrEfffUeeDD
RRRAARuuufffiiEEs
RRERRREfyy
rrrEEReeefffYYYAAANggg
rraarrrooLy
rAARRRINNiSSSS
RRARRInneeSS'ss
rrraaaRRur
RRAAAreeS
rrEEERRReeSSSttt
RRArrEFFOOIIDDD
rARiiFFFieeeSS
rrrarrooofYY
RRIIIrrrifffYiiinGG
rrrErrOOOnnnggg
rrruuriiTToooosss
rrAARRitttY
RRRERRRIItttY'S
RRUUUSBBErrru
RRRAsssCCall
raasssCEl'ss
RascccIIILIttiiEs
rrussscccaaaLLLaTy
RRaaSScaaaLLllYYY
rrooSCCCOOLLs
rraasseee
rAAAsssaaaDDD
rrrAAASeeSS
rrrAAAshh
rrEESSHHH'SS
RRAAShhheeRR
RiiisssHHHeeeRR's
rraSShheRRSS
RRiissHHEESSS
rrOOOsshhoossTT
rrraaShLLLYY
RaShhNNNEEss
rAsHHnniSSSs'SSS
reesssIINNggg
RRRAAsssorrooAAAlll
RRaaaSSSppp
RRRaaasPPP's
rrrAAAssPPPBEErrrreeeeesss
RRRAAASSSPPbbeRRRRRRY
rAsPPbbbEEERRRRRy'SSS
rroooSSPPEEEd
rrAASSpppEER
RRaasssPPPiiiEEEr
rrooSpiEEEsTTT
RRRIsPIINessSS
RuuuspIIInnGGG
rESPiinGSS
rrraaaSSSPPPs
rrraSSSPPy
RRRAsttEEr
RRRaaSSSterrrSS
RRaaat
rAttt'SS
RROOOTTTaa
rAATABBBlllee
RRRUUtttAAfffUUaa
roooTTTiiFEEasss
ROtAAAL
RRRaaatANN
rrrAAATTTaaanSSS
RRReeeTTEPPPlleennn
rrrAATiiiTTOOAAAuLLLlle
ReeettaatUUUUUUIIILlllee'ss
raaatttbag
ratttBeegggSS
RRUUUttCCChAAT
RRAATcHHeeeTTT's
RuTccHHeTTodd
rrrAATcchhuuuttiinng
rattCChhEEETTs
RRAATTTAAA
raTTuuu's
rrATTiiiABlE
rraattiiDD
RRRAATEL
rrrUttiiiLLLSSS
rrAtaaaPPPIyyyEERRR
RRRiTTTepAyyeeeRRRSSS
RReTTeeRRR
rrrAttuurr'SS
rrrootAAArSS
RRRATEsss
rrrAAATTTFFFEEENkkk
rraaaTTTHHH
RRRAAAtttHHeee
rraaattHHar
rrAAAttthhSSKeellLLLEErr
RRaaaTHHHsKELLeeer'S
raaTHSKKOOlllliirss
RetOFIIIabblEEE
rrraTTeffeeCCCaaattIIIAAANN
RRaTEffiiicAAATTIIOOONNN'sss
rrattiiiFFuuuCCaaaTiiiOnnss
RRROttuuFFFIIIuuuDDD
RRRaatttuufffAeer
RRiitteeeffAeerrr'ss
RaaTIIIFiORRSS
RRAAATeeeFFFEEeeeSS
rrOOOTTTiFy
RREEtUUUFFYYaaNGGG
RRRAAATInnng
RRRaaTiNNG'sss
RRRatttIInGss
RAAATTTUUUA
RAAAtIIIOOO'sss
rrraTTTeeeoccIInnnaaaTTTO
RRATTaOOcccaaNNNAtttAAAD
rAATTTIIIoocinnAATiSSS
rrEETTuuaaacccANNAATTTIIINGG
RRATIoccOONNNAAATEEOOONNN
RRRITTOacccoonAATTEEoonnn's
rAAAtioocccaaaNNottooovvUU
rruuutiieeccIIInnotOOOR
rrraatUUOOCCCaaNNNAATIIIRRsss
rrrAAAttiiiOONN
RAAATTioNN'SS
rAAAtEEooNNNEEEll
RRaTEEEOOnnnAlll'SSS
rrritttiAANNeeeLLE
rraTTUOONNNaaLLLee'ss
reetIIAAAnEELLLEEESS
RRRuuutIIIonaliiiSSmmm
rrrUUTIooonAAllASMMM'SSS
RRRaaTTAeeNNaaaLIIIsTTT
RRiittiiiooNAALLList'SS
RRaattIOONNEELaassstIccc
rUTTIiiiNNiiLLLISSSTiccceeLLLLLYYY
rUUUTTaaUUUnAALiiiSSTTss
RRRAATTOOOAANNNUUlllaTTTiiiIIs
rrriiiTOOOOnnnalIITTTYY
RRaaaTTTIIInnEEELLATTTy'SSS
RaaTiiiuunOloooZZZaaTTTOOOnn
rUUtIIaNNooLiiizeeTTaaaINN'S
rAtiiOOONALLiZZAAATooOOOnns
rratttIAAANNeeliiiZZEE
RAAttIIEnallIIIzzaadd
rriTIIIoooNNuuluuZZERR
raattteeanuuLLOOOzzES
RRRaTTTiiOOOnnnAAlllUzzzAnnGGG
RRAtttiiiOOnnnAAlllLLY
rrrAAAttoooonnnAAllNNNEESSS
rEEEttiiIIINallNEsSSeesss
RRRattioonnOOllsss
ReeeTTIIannEEED
raaaTUUUAniiinngg
rAATTToooOONNNsss
rrraTTTuuaaass
RRRaaaTIIITuuu
RoTTTOOtteesss
RIIIttLLLikkOO
RUUtttLLLEEENNNe
rraatttliinee'ss
RaaatttLIInneeeSS
RUTTOonnn
rrutss
raattSSBANeee
RITTttooon
RRRatttiiiNNN'SS
RRAAAttttEEENNNs
rrOOtttTaD
RRiiiTTTTTTOOOrrr
rrraattteerr's
rrraatttTTTErrs
rrruuttTTiiEEERRR
rreeTTTTTiiESSTTT
rrruTtttAAnnnEEEssS
RRRAAAttTTiinnGG
rEEttttttiSShh
rrAAAttttLLE
rrAttttttLLEE's
ReetttTTlleeBBooXXX
RRatttllIIIBBBOOOxxxEESS
ReeTTTtttlebbRaIInn
RottttLaabrAIn'sss
rruuTTTTllleeeBBBreIIINNEEEDDD
rATTTtttlEEbbRRRaoNNNss
RRRaaattttttlleed
RRaTTTtttLLeeehhhUaaaD
rrrutttTllleepAAttEE
RRROOOtttttllURR
rrraaattttttlEr'ss
RRaatTTlllAARsss
RRaaTTTTTLLLess
RRRETTTTLLEEEsnnaaaKE
rrraattttllAASSNNEEEkkki'SS
RRiiTTLESNNAAAKaaS
rAATTTtttLEEEttRRRaP
ratttLAATTRRRaaapp'S
RRRuuuTTtlEtttRRRaapSSS
rraaatttTTTLLuunnnGG
RRRETtlllinnnGGS
RRaaaTTTTTlllyyy
rraatTOOOOOOnn
RRRATTTTrrrAppp
rrrooTTTtRRUPPP'SS
RatTRAAAPPsss
Ruttyy
rrrEuucceeeUUUs
rauuCIIiiiSlY
RRauCOOOUUUSnnneSSsss
rrEuccaauuuSSSNaSSs'sss
RROOOUnchhueRRR
RRIuNNNcccheEEEssTTT
rrrAAAANNNcccHiiiLLY
raeNNNccchhINNEEEsss
RuuuUnnnCCHHHIIInnnoosSSS'ss
rrEEuuunnnccchY
rEewwwUULFFUa
RRIIIUUUWOOlllfffiiUS
RaaVVViiigggi
RaaVVVagggee'S
RaaaVVVEggiiDD
RaaaVVVaaagggooorrr
RAAvvEEGGeerrr'SSS
RRRaaavvvAAAgggiiRRSS
ravvAAGGEESS
RREVAAgeeeS's
rrrAvvvUGGeeenngg
RRRiiiVVIII
RRaaavvE'ss
rrAAAVVVID
rraaavvELLL
RAAvULL's
rravvIIILEddd
rIIvvULLeeeR
rrAVEllliiinn
rrUUvvEELIIINGG
RRaaVVEELLLeennGGGss
rrAAVeelLLLEEDD
rruuuvvEElllOOOnnGG
RRRUUVEEEllMMMEENTT
RaaaVVVeeeLLSS
RRRaaaVaaN
rIIIvaaann'S
rOOOvvuNNeeddd
rrraVVVeNNiiNNg
RRRAAAVVVeennnouSSS
RRRavvEEENNNaaUSSSLLLyy
RooVVVeennEiiSSnnOOSS
RRRaaVVVeeNuuuuuSNEEssssEs
RAAAVVVEEEnsss
RiiiVVVeeR
REEEVVeeeRRRS
RRavvEsss
RRoviiN
RaavINNo
rrrAAAVVonnEE'ss
RRReVIIInnnUUUsss
RRRUUVVIIInG
rrraVVVAnnGGG's
rrrEVoooNNNGGGLLLYYY
RRRaavInnnGs
rEEvioooLi
rrAViullii'SS
rrrAAVIIIelliS
RRRuVViissshh
RRAAAVOOsHHHEd
rAAAVVIShhher
RRUUVVOOsssheeer'sss
RRAAAvvvisHHHEERRSSS
RuViiisshhheees
rravaaasssHHiiiNNNGG
rEEVViSSHHiNNNglyy
rraaaVVVUUUSSSHmUnTT
rrIIIVVVaaasssHHHminntt'ss
rrrAAAW
RIIIwww'sss
RRRAAAWWbbbONEEEDDD
rrowwwErrr
RAWWWEEEsssT
RRAwwwHHIddE
rrAAwHHHAAdddAA'sss
RRAAAWOnnsssEEENNNddE
rrrawwnnnAAssSSS
RAwwnIIISS'S
raaayy
rrriYY'S
rrrAAYYYllesssS
RAAYYYonn
rrruuuyyyoooNN'ss
rrAAYYSS
rrrEEZee
rAAAzzeeddd
rrAzzeea
rrrazIIIsss
RAAAziing
rrraaazzOR
RRRAAAZZZOR'ss
RRRiiizOORRRBBBACCKKK
rOzoorrrBaaacccKKK'SS
RRRIIIZZooorbbACKKs
RUUUZZZORRBilllll
rrrOOOzUUURRRbbooolllLLLS
RRiiiZZZURRBBlllUUDDDees
rrrAAZZOOrUUUnG
RAAAzzzAARRRss
rraaazzzZZ
rrrAZZzzz'sss
RRROZZZZAMMaaTIIIZZ
RRRAAAzzzZZZeD
rrraaazzZZZEES
rrrAAAZZzzIIAAA
RRREZZZZZZIING
rrIIIZzzzMaaaTTTeZZZZZ
RRAAAZZZZMMiiiTTAAAzzzZZ'S
rrrE
rrra'SS
rreeAAABBBSSSeeeRRRb
rriiAAABBsErrbbeeD
rrreeuuBBSSSorrBBBaaNGGG
RRReeeaabsARRRBS
RReeaaBsORRRppTEEEoonnn
rIIIAAcccH
RReeaaacHHH's
RuuAAcccHHAAbbble
RRoouuuCCCHHEDDD
rrrEEEiichhEErrr
rEAChEs
RRiEEccchhhiiNg
RRReeeuCCCqUUUaaiiNtt
rAAAcccqqqOaaaONTiiinnCCCeee
rrrEiiccQQQuuiiIIINNTTToooDDD
ruuocccQEEEaaoonnTTTiiiNGGG
ReeuuuCCCQaaEEEaannntSSS
RuuuAACCCQQQEEUrree
rrrOOuuccqqquiRRRAAAddd
RRRiiACQQQuuuUrAAAsss
rrreeeAAAccQuiiirrIInnGG
ReeeeeCCCqqqUISSSATIIooon
RRReeeeeeCCCtt
RUaacccTTaanCCCE
RRRuuUUUcttEEnncesss
rrreeAAACTTTAANNttt
RRREEEUcccTTennnTTT's
RREEEAActanTTTs
rrreEEctttaaDD
RReeoocTTTiNNg
rraaaaaaCtiONNN
rraaaECCTTTiEEEn'SSS
rEEEECTTTOOOaaNNAAARIESS
RRRUUUaaCCCTTIOnnnaaaRRRyyy
RRReeeAAACCtIIIuNAAArrY'sss
reeACttIUUUNs
reeACTTIIvAAATTEEE
RRRUUUaaCtttivvvaatIIIdd
rreACttuvvaaattteSS
RRRAAaaaccctttIIVVeeTENG
RoAActttiivvvAAAttooOOOnnn
ReeeaaaCCtIvvvoooTEEONN'ss
RRREEaaaCCtttEEVEE
RIIIaaaCteeVIItttIIIess
RIIaaaCTTiiVVAtttyyy
RRaOccTToR
rrraaaCCTaRR'S
ReaacccTTTeerrSS
RRRooaaaCTTTS
rAAAaaDDD
REEEeDD'SSS
reeAAADDaaabbuuLLLEttIIIEEESS
rEEiiDAAAbbbiiiliitYY
rrOAAADDDAABUUleTyy'sss
rrEEEAAADDDOObbLLE
rrrooADDDaablleNNeesSSS
RRREEEOOODDaBLLyy
RooaaaddAAAPPPTTT
rrreeUUdAAAPttUUddd
RaaaadddaPttiiinG
rrEEADDDAAppttS
rrreeeAAdddDDRReSSSSS
RAoodDDDrriiiSssAddd
RRReeeEDDDDREEsSSeeeSSS
rrriiiAADDddRREsSANG
RReOODDeeerr
RREEDIIRRR'SSS
RRRiadddeeerrss
rrrEEAADDuuRRShhuuuPP
reeadoooRsssHHEEEp'sss
rrIIIAAADDDIIRRRSSSHHHIIPs
RRREEEUDIEddd
RREaaDIAr
RRRUUaaddIeeess
RRRoooADDiiieessTT
rruuuaDDDillY
reuuddInnnEEss
rrooAAAdIIINesss'SSS
ReeeaDDDIIInnGGG
RuuuAAADDDEENNNggg'S
RREEaddiiinGGSS
REEEEdddjjouuuRNNN
rAAIIIdjjjuuuSSSTT
rrrUiiDJJUUUSTTTeeD
RRiiAdddjjUSSTTTIINNgg
RROOUUUddJooostmmmEnnTT
RRROuudddJJJooStMMMeeeNNt's
rraaAAAddJJJoooSSttMMMooNNTTsss
RRuuuUUdjjuuussTSSS
RRRAAAedMMISSUUONNN
rrrIIIaaDDMMMAssssssiON'SSS
RRRoeeedMMMITTT
RRReeeUUdddmaaattSSS
rEEiiiddMMMiiTTTtttaNNNCCEE
rAAAAAddMMIIItttTooDD
rreeaaadddMIIIttttooonnng
reeaaDOOOPPTTT
rrreeadIPTTTOD
rrrEEEAAADDOptinnngg
RReeUUUdddoopppttIIooonnn
RaadddEptttSSS
rriAdiuuuTTT
ReUDOOOaaatt'SS
REEaDDDoooooTSS
ReeeEEEdds
rrEEEuuDy
reUdYinnnggg
RRaaaaFFFiiRm
RREEEaaFFFfffoooRRmmmatttIIaaaN
rrEEAAAFFFffiirrmmIIITTiiIIIN's
rEAAffffOOrMMiiittIIIonnnSSS
REEUUUFfirMAADD
ReeafffFFFeRRRmmmIIInngg
rroooEEEFFffiRMMMSS
rreeUUffFFOOORRaSTootttooonn
RRREEEaGennnttt
rrEEAAAGGANNNt'ss
REAAgggEEENttSSS
RRReeAAAlll
RRReeeEEl'sss
rrEEEaLLEErrr
RRReeaalASS
rrrEEEallEESSSTTT
rreeallggorrr
rrreeaaLLGurss
rrreeeOOllUUgNN
rrreeeALLoooGGNNNeeeddd
ReeeUULegNUUNNNggg
RREEEiLuuGNmmUNNNt
rrreeALLeeegnMMMOOOnntt's
rrrUUAAALIIgggnnnMMMEEnttts
RaaIIlleegggNsss
rrEEaaaliiiSSSmm
RRReallIsM's
RRREEEEElllIIsssT
rruuaaLLLEssTTT'SSS
rrrUAAALIIIssstttIIICC
rrEEaaallIIssTTicUlLLLYY
rEEEAlllIIsstSS
RRRuuaaaliiTTieesss
ReALLaTyy
RRiiaLLOOTTTYYY'S
RROOelliZiiBBllE
reeeuuLLLIIIZZZaaTuuoon
roooaaalllEEEZZZaaatttIEEN'S
rEEEeeeLLLizzzaatteeOOONs
RRooaaaLOOZZZE
reAALiiiZeeeD
rruuuOOLuuZZZEEEss
rrrUallIIzzzeeng
rEiiLLLLOccUTTTEE
RRREEaaalllOccAAtttEEEdd
RRRiEEELLEEECCattEsss
RRReeULLLllooCaaTTIInnnggg
RRAAAIllLLLUcccooTToooon
rrreeAAALLLUccAAtttAOn's
RiiiaLLllY
reeEEELLMMM
rrUUALLmm'sss
rEEallMMS
RREuuuLLnnnesssS
reaaLLnnnasssSS'SS
rraaaaaLLLPPeeelllOOOTTTaaak
rEALPPUUlaaTTik'ss
rruUlllss
RROOaaLLLtttOOr
rOooLLtttoooR'ss
RRReeAAAlllTooRRs
rOOOEEElTTYY
rrriiiaalTyy'sss
reaammm
REEEEmmm'SSS
rrreeAAAmEEDD
ReeeaaMaaRRR
RRRieemERRR'SSS
rreAAAMMerS
ReeeaMMMiiNggg
REEeMMMSS
RRaANNNaLLLyyssseess
rreAANNeLLYSSSIIISS
RREIINNaaallyyySSSiisss'SSS
RRReeeAAAnnnOOOLLYYzzzee
rreeeaaanaaaLLLYYzzeeedd
REiiinnnAALyzzzIIISS
rrrEEONNNaaaLLLYzzinG
RRooannnEEEmmeTTee
RReAnneeMMETEEEdd
rrrEaaNNNiiMiiiTTosss
RRRaaaAANIIMMAATiingg
RRRiooonnIIImmETTiiioNNN
RRREEEAANNiMMAAAtIIAn'ss
rrrEEEuuuNNnIIIx
rrraaannNNaaxxxAAtttEAAANN
ReeaPP
rEEEaaPAAADD
rrOIIPPPeerr
rrEEoopOr'S
RREIIIppEErrrs
rrreeeAAApppIINgg
rEaaappooaarrr
rEeeePppearrreeNNCCOO
rrrAAAApppEaRRRAANNNccuuu'S
RReeAAAPPPPUUUaaaROOONNccEEEs
RReAppppEEaarEEDD
ReeeaPPpEOrringgg
RRaaaAAAPPPppOaaarS
RREEEaPPPPPLLICAttooNN
RREEEAAAPPplleeccaaTIIoNN'SS
RRoIppPPLLLeeCCAttIEENNs
rrreOOpppPPPlliiieed
reeaaaPPPPLLLeEESS
rrEappppppLLLY
reeeePPlYYiiiNNgg
rrAAAaaapppppooInnTT
rrrOOOoPPPPoooOOnnntAddd
rreoppOOAAAnnTTTIIING
ReaaappppoooUUUNNttmIIntt
rUUEPPPOIIInnTTMMAANNt'SSS
RReaaPPPoaaannntsss
RREEaaaPPPppporrTaaaonnn
RRaaaaPPPPorTIIoonid
rrriiiuuuPPPPORTTEEooonnIIIng
rraaaapPPORRTuoonnmmmoNNt
RReeIIPPPOOOrTTTEOOnnmmmeeeNt'SSS
RREEEooPpoooRtttIIIeeNNsss
ReaapppprrraaaiisssAAALL
rriiipppPPPreeeIIIsssOOlll's
rraaaeppppprrooAAAssAAALLLSS
RRREEAAAPppprrriiiISii
rUUOpppprUUOOSSUUDD
ReeAAppppprEIseesss
rEEEEEEPppprruuueeSSSIIInGGG
rUUUUUPSSS
REEEaR
RREuuur'SS
ReeeAAred
rraaAAArggoooeRRRDD
rrrEEEOOrGEaRRRD'SSS
rrrEEoorrrGuuAAArds
RRUUAARRUUnnG
rrrIIIaRRRm
RAAarrrmmeeeMeennnT
ReeeAARRRMMaaammOOONNtt'SSS
RRAuurrrMMMIIDDD
rrrooaRRRmmmiinnngg
rrUArrrMMuuST
rrreeAARRmmmSS
RREEEAAArrouusssUUU
RRREEArrRRANNNGGEE
RRREEiRRRrIInnnGiiD
RooaarrrrrIINNGeMMMinnnt
RuArRRRaNNGuumuuNTTT's
RRROeeeRRRRRaaaNNGeeemmUUNNTsss
rrrEarruuNNNGEEsss
RRuArRRaannGuNNGGG
RRUAAArrrOOsttt
RUARRRrrreeesTT'SS
RRaaaiiirrrrEsTTTEEEDDD
REEEEErrRRuuusTToonggg
rEaarRReessts
RRREEAAArSSS
RRRAAaRwwURRRDDD
rrAAAArrrWerrrDSSS
rrEaaSSSccaaNNDD
RRUuuSSCCEEnDDDadd
REEEAssCCCooNDDDEEng
rEEAAsscccennDDDS
rEEEiSUUUN
rreassONN'ss
rrooeesonnAAbiiiliiitttyy
rrreeeassOOnnniiibblllEE
rEEaaSaNebblllONeeeSSss
REAAASOOONiibbblllONEEEsssSSS'SSS
RRaasooonnobLLLyy
rreAAAsssIIInnnuuuddd
rrUUuuSuuNNNEEER
ReeeASoNNurrr'SS
RRReeeAASAAAnaaRRRs
rrriiAAAssOOOniiNNNG
rreeASSSaannOOnnG'S
rrrEaSSOOOnnnLLUSsss
rrEEooSEEENNsss
rrroooUsSSooMMbbllle
RRREAAASSssEEEmmbbbLLLEEDDD
RIIaassssEMBllAAS
RRuuaaaSSSSSSeemmmbblllAAnGG
RRIIIAAAsssssooommBBlly
reooossSammmBBLLLyy'sss
RROOAASSsssAAARRRt
RReeeesssssEEERRRTOOdd
rriiEEssssErrtttinnnGGG
RRREUSsseeerttiiooNNN
reeaassSEEERttoooeeNN'S
RRREEEASSsUUURRTTTSSS
RREAAASSSassss
RuuuaasssSSSuuSssAADDD
ReeeiisssSSSuuusssEEEsss
rreeeeessSeSSSSOONggg
reeUUUssSSEEEssssssMMMiinTTT
rooAAASSSessSSmmeeennnttt's
RuaaassssseeSSMMMiNNNTss
rraaaUSSssIgggN
RREEaaSSSSuuGGGNEED
RREEAAASSSSSSiiGGNNiNg
ReeeAAAsssSiiiGGNNNMMMENNTTT
RRREEEEEEssSSiGGnnnMMeeennnT'SSS
RRRiiessssAAgggnmmmaaaNNtttS
REaaSSSSooGNNNss
RRRIAAAsssSSSUmmEEE
riiiaassUUUMIInnnGG
rrrUUUIISsssIRRRaaanCCCeee
rrreeeuSssurraNNCeee'sss
rEEEaaasssssUrrAANNcESSS
RRREEOOOssssssURi
rrreeeOOOSSSSIIruuuddd
rrEEEEsssUrEEs
RRRiESssaarrINNNggg
rIAAssSSSIREnnglllyyy
reeAAAtttaa
rEEEEttttaccch
rrrooaatttttOOChhhOdd
RuuEEEtttttooocccHHiiis
RRRUUUatttOcchhiiNNNG
roooiiitttttucchhmmmuuunT
REEottTAACCHmeNTTT's
rrraaiiittttaaaiiinnn
RReeAATTaaaInnUd
rrooaTTttooaNNNunnGG
rrIAAtttteaaNNNMMMeNNTTT
RRoAAATttEEEUUNSSS
RRReeoottoMPTTT
RRREEAAttttEEEmppptAAAd
rrEEuttTTeMpptunnnGGG
ReeeATTttEEmmppptSS
RuuUUUutttHHOOORRIZZotttiooNN
RRREEEiiitHUUUrrIIIzzE
ReeETTTHiiROOzzzoooddd
rAAutHoorruuzzeess
RRREaiiiTThhOOORRiiiZuuuNNg
RReeiiVee
RRREAAvED
rrEEUUvvIrrr
RRReAAveeesss
rrIIAAvvoonngg
rrrEEIIwwwAAAkkaaa
RREEOOWWAKODD
RRReeAWWAkeeeN
riiiAAWWWiiiKKKeeennaddd
RRRIUwwwIIkEnniNGG
rreeIIwwwOkENNs
RRRuuaWAAkkkUUU
rEEEBBBOLLLEEEnnCCODDD
rrreeebEpppTTiiisMM
rrAAAbOOppptteeZZZe
RREEbbAArBBIIITTTEEvvvEEE
RRRIIbATEBBBlluu
RRuBBaatEE
RRebAAATTAA'SSS
RRReeebOOOttteeDDD
RRROOObeeeTTTemmeNNt
ReebbbaaTTEEER
rrrABBBATeeSS
RRREBBBaaToNNNG
REEbAtttI
raaabbbatooess
rrrEEEbbbEETTTOOSS
roobbbEECC
RREBEELL
rrOOBBBelll'ss
rABBBaaalllLUUD
RRReeBBBeeLLLLLIINNG
REEBBeelLiiiOON
RRREEEbbUUULlIIIOOON'SS
RReeeBELLLLLIIInss
RReebbbeeellLLLaaaoUUUSS
rrreeebaaLLLLIOuusslllYY
RebbaLliiiOOIIIsNNeeSSSss
rrrAABBBIlllLLiOEEEsssnnAASSSSS'ss
rrrAABBBeLLLs
RRooBBBEEED
rrIIIBBUUddiiiNNNGGG
rrOOOBBBIIddSSS
RRRiiBBBIIINND
RReeeBIINNdddiiNNNg
rrebbiinnnDss
rrrEEBIIIrrttHHH
RRRIIIBiirrrTTThhh'SSS
rrreebiiiRRRtttHHSS
RuBOOuuNNT
RRRooBBBaaaiil
RROBBBooIILuDDD
rrreeBBBOOIIIllAANNGGG
RREEbbbooilS
rroBBoooK
RRRuuBBBuItt
RREEBBBOOOiiiTTad
RRRooobbbOOuuuTTTiiNNgg
RUBBBEOTTsss
rrriibORN
RRReBBOOEENDD
rrEEbbbOOUUUNNNddd'sss
RRRaaabbooouunnnDud
rEbbOOOUNNNDDIInnGG
rreeBBIIoooNddS
RoobaaazOO
rrrebbroooaadddcaasssTT
RReBBBRoAADCCCAsssT'sss
rebRooaaaDDcccAAStttEd
RRReeebbbrroAAdddcccASStttIINGG
RRReeBRRROOOadcccAsssTS
rriBBBAAAFF
RRREEEbuffFF'SS
rEEbbUUUFffaaDDD
ReBBUffffffIIInng
reeeBBBuuufffffss
RRRAABBBuALLDDD
REEBBBuuiiilDDiNNG
rebbUulldddsss
rrrEEbbuuAAllT
rEEBBekEE
rrroBUkAAA'SSS
rrrEEBBBEEkkEEEddd
rrEBBBekEss
ReeebbbUKIIINNNg
RROOOBBBUUUKKiiiNgLLY
rAbbbuuRRRiiEEl
rAbbiiiRRiiOOL'SSS
rOObbbUruIIIlsss
RUboooRRIIaaadd
RuubEEERRIIeesss
rroobuRRRY
reeBBAARYYUUUnGG
ReeBBBess
rrrUBBBuuSSS's
ReBOOOsssesss
rAAABBBUTTT
rEEEbbUUTSSS
rrUUUbUUUttTTABBLLLUU
RRebEEtTAAll
rrEEbbUtTELLL'S
rrEEBUttttElSSS
RubUTTTtEEddd
rrreBBiiTTTttteerrr
REBBuuuTTTTTaRRRSSS
ReeebOtttIIINNg
rrriicc'dd
RRECC'SSS
rrrecaaaLLLcccItRRANNNCee
RRRECCCEELLCCOtraaanCCCeee'S
RROOOcccALLcccAAttREEnncccIIIOOOsss
rrrEccAAALLCiTRREEnnCCCyyy
REEECCAAALLLCCittrOOnTT
RRRuCCCoLLcccAAttRUNNNTLLy
RRoCCCeeLccIIttRAAtttOOO
rreeeCCCOLLCAALeeetttooo
RReeeCaalccEEElllaattteeD
RREccIIILLLCalllAATTTEEES
RRReeeCCCIIIlcUlAAtttinggg
rrraaaccoollCCUUlITTuuuuuNNN
rEEcciiilccIIIlAAAtiioonnn'SS
ReccaLCUlllaaTTiiiooNS
rrrIIIcccAALLLosscce
RReCCALLLIIISSScccannCee
rrEEECCaaLLLIIIBBrriTTee
rreCCCuLiiiBBRROOOTiiiNg
RREEEcalllEEBBBRRRaaaTTTIIIINNN
REEECAAllll
RReeCoollll'S
rreeeCaallllEEdd
rrrEECCCaalllliiNGG
RReccaalLss
rrOOOCCaanntt
RRReeeCAANNtATiOOONN
rUUcccIINNNttaaaTOOoooN'ss
RRREEEccAAANttetIoonnss
rreeCCCEEnnTTeed
RUUUCCCoNNNTTeeeR
rrrOOCUUUNNtting
RUUCaaaNNNTTSSS
RReCCEPPP
RRRucaPPP'SS
rEECCCUUpppIITOLLooozzAATTIIIIN
RaaacaaaPeeeTAALLIzaa
rEcAPIIItttAAlUUUZEEEDD
RRReeeCCeePPiiiTTTAAALiizzuusss
rrOCeePoTTaaLLLIIIZOOng
RRRuuccAApiiittuulattUU
RReeCCCAPPitttUUUllUUTIIddd
rOCCCappIIIttUlllATTeess
rICApIITTOOLLaTTTIIINNG
raaacccaPPPiiTTooolllIIttIIoonn
rrreeecccooppputttUUUlatEEEUN'SS
rrACaaaPPPIItuuLLeeeTTTooonnS
RRREccEPPITUUULLLatORRRyy
rriiiCaaappPPPAAddd
rrraaacApppeennnGGG
rrroCCCapps
RReeCCaaptttIIIONNN
RReCuuuptttUree
RRReccAPPTAAARRu'S
RRaacaPttiirraaaDD
ReeeCaPPPTTTORReeSS
rrrOOcccAAPTuuurriinggg
rrreeecOSStt
rrreccAst'sss
RRReecAsssttannng
RUUUCOOOsstttIInnG'SSS
rrocccAASTTS
REECCCCUU
RRRaaaCCCCCuuSSS
RRRACCIIDDee
RECCeeedUUUDDD
REEECCEEDeeSS
RRREECaaadddIIIngg
RRIICCCEEiPPPttt
RReeCaaOOPPTTT'ss
rraacceiipptttuuuddd
rrrIIICEIPPTTinnGGG
RRecUUUippTooor
rrreeCCEEEepppts
RRREEccAAIIIVVVEblee
RRRuuuceiiiVAbbllos
rrAACEEIIIvaaaBllooSS'SSS
rrrEECCCeeAvvvi
RReeCCeeeIIIVVVEDD
reeCaaIIvEER
RiicEEEOOVVeerr'SSS
RREECCCeeeuvvveRRRSSS
REEEccceeIIIVVVERShhiiP
rrraaaceeIIvErsshheeppp'S
REcccEEEiivvvaas
rrrEEcccOEvvinnnGGG
rrUUUCIINNNcccIIIEEs
RRReeeCCUNNcYY
rEEEcceeNSSSiEEENNN
rAAAccceeenTTT
RRiCCeeNtteeer
rrUUUcEnnntttAAASSt
rrreCennnTTLLYY
RRRIICCeeeNtnnnasssSS
rrEECeNTTTnnEEESs'SS
ReCCCEEPt
rraaaCCCePPTTAccLE
RRRoooceePPttteeeCCLLLUU'S
RReeCCCEEPTTTOcccLLLOOOs
RaaaceeepptIOOn
rrruCIIIPTiOOnnn'SSS
REEEcepppTTTiioNNNIIIST
RRREccAAppptIIIInnnooost's
RaaCUUpppTTTiiOniisTTsss
RReeccePTTTIIONss
rrEECCCEpTAAAVVe
rrriicccepTTOOVaLLyy
rrrEEEccIIpppTTIIIVVVeNEsssS
ReeccuuPPPTiiiveeeNESss'S
RRRECCUUUPTTTIIVeeTTYYY
rUCCapTTTOOvvittty's
ReeeCeeptIIrr
rrAAACepptttoooR'SS
RRREccceeePtttAAArs
RRaCOsssSS
roCiiiSSsss'SSS
rrEEECCCooSSSsssiid
RooocccESSSIIS
rrrEEEcuusSiNNGGG
RRRaaCCEEEssssAAAuuun
rrrecccissssoOOONN'S
rEEccceesssIoonnaal
ReeeccciiSSSSiOnnAALLL's
RRREEccceSSssiiennnalSSS
ReeeCiSsssaaaenAry
REECCCeeeSSSSSIoNNs
rrEcceeSSSssIIVVVe
rrrUcEEESSIVVOO'S
rEEceeSSsIIVVeeeLYY
ruuCuussssuuvvvoooNNEEESsss
RReecEEEssssssiiiVEEEss
RaCCCAASSSSEVVViitty
rreecchhhOONNnOOOLL
rreeechhaarrrGGe
rrruuuccHeeeRgEEE's
rrrOcHHHaRGGEEaaaBLEEE
RRuuuCCCHaaarGaaaDD
rrrEEEccchhIIRRRGUUURR
ReechAArrggaasss
rrreccchaarrrGGGIIInnnG
RRReeecHHHUUURRRTTTuurrr
RReeeCChiRRtttEEEReeedd
RRuCHaRtaRInnnggg
rrrEECCHAAArrrTTTeerrrSS
rreeccHHHeecK
rrEchheCk'ss
rooCCHHooCKed
RRoCCCHHoCCCkkIIInggg
rrAcccHHHeeeCKKs
RuuucHHHUURRRCCCHé
rreCChRuuusTTTOOnn
reeChhRRIIIssTTTIINNNUddd
rrrEECCChrrIsssttoNAANNNG
RRuuCHRIIssttoooNNs
RREEEcccuuDDIIVattAAA
RUUCCCiideeeviisM
RRREEEciiiDDeeeVViisssM'SS
rEECCuuddAVassT
rreCCaaadddUUvvviisssttt'SS
rrECCCuuddEEviiiSSSTTTuccc
RReCCCiidiiVVVIIssstttsss
rreecIIIDDIIvUUUUUSSS
rrrIIICuuppeee
RRReecEpoo'ss
RRRaaaCCiiPPEEES
rrrEcIpuEENccco
rEEcApIIIEnTT
RRREECIIIpppIeeNNTT'SSS
RRiiiccIIPAInTTSSS
rEEECCCiPPrroooccciLLL
rreCCiippRRRoooCCUL'SS
reeccipruuccUULLeeetAAAEEEss
rreeCooopRRRoccalllIIITTYY
RREECCCIIIPRRRAACCCeLLLLy
RReeeCCCIpproooccooolNNeesss
rroooCCCIIIpppRRRooCCCeelllSS
ReecIIppRRIICCeeTTTe
rrrEEECIIIproooCCaaaTeeD
ReeeCCCIppprrruuccAATEEES
RRReeeccciippRRReCCATTInnngg
reCCCiiiprrooCCAAATiiOOONN
RRRecaPPPrrOCCCAAATiiiun'sss
RRRUCepROOOccceetuVe
rEEccIIIPPrrocciTTTOr
reeeCCIPreeCCCEEEtYYY
rrreeeCiPPRocccuutty's
RRRiiiccciiRRCoooLUUttO
RREEECIIrCCCIIILLAAAttiD
RRROcAARCAAAlUTTeeS
RRAAACIIrrrcuuuLEETTTooong
rrraaacccIIIRcUllATTTiennn
ReeeCCIIITTTaaLL
rreccciiiTTEl's
RRReeecciiitiLUSTT
RRReccciiiTTaaalUSTTT'sss
rrrEEECCCAAtaalliiissTTs
rEEECCCoottaaallSSS
RRROOOcccUUTTTOOTTTeeeeenn
rrECOOTTTEtIOn'sss
RRRIIcuuuTTTAAAtttIIIaans
rrrECCCIIItttiiitttiVVVEEE
rEEECCCOOttETTuVe'ss
RRRAAAcoootAATEEVVuuSS
RRREccIItttATTTEEvvvuu
rrreeeccitaa
RRREEccuuTTAAddd
RRReecccIItttEERR
REEcOOOTToorr'SSS
RReecccATerSSS
rUUUCCiiTTTEss
rrEEccItttInGG
roocccKK
RRecklleSSSss
rrruuuCkklllESsslyy
RRReckkLesSSSNIIsssss
REECCCKlESSSNNiiSSSS'sss
rEECKKKiinnn
ruuCCKOOneeed
RRRiiiccckoNeer
RREEEcccKKAAnORS
RUCkkkOOOnAngg
RRoCKKKInnEENGGG'SSS
RACCkkkEEnnnIINNGGGSS
rEcckEEEnnnsss
REEECCllAaaam
RiCCCLLLeeIMAABBlleee
rrrIIIcccLLIiiimmInnt
rruCLLLiiUMeed
RAAAcccLLUUimEErr
rACLLLaominnnGGG
rrrecLLLaIMsss
rrEEcLIImmmooottteeAAN
RRaaaClllaammUUtIIeen'ss
rrrEccLLAAAmATEUnnnSSS
RRRuuuCCLASSSssiifffiCCCAAATIIUUn
RRECLLaasSIIIFFIIcccAAAttUUAnnn'SSS
rreeccLAAASSssAAFIIIEEd
RRICCLLLAAsssSSSIffiiiEEEss
rrEEccclllaSssOFyyy
ROOCCllAAASsiFFFyyyIInG
riiclliinnaaati
REEEcllIINe
rEECCllonnneeed
REClinnnErrr
RRReeCCllloneRRR's
rrrUccLLLannnoooRRRSS
RRREEccclliNNNEEEss
RRaaaCllluuuNENNg
RRooocLoTTThuuu
ruuuCCCLLLUUSSEEE
RIICCCLLuuuSSII'SS
RRooCCCLLLuSSSOOOSSS
ReCllUUUsIIOONN
rrroooccLuuuSOOVVVaa
rrrEEEcccLLLUUSSIvuuNEEsss
reeclllAAsiViinniiisssSSSeeSS
RRREcccooodddAAA
rrrEEcUUUdED
rECCOOOdes
rrrOOOCiiiddeeenGG
rIIICCEEGGNNNiiiTOOOnnn
RRREECCOOOGGGNNNiTEOOONN'ss
REEECCCAGGGnnniitttuOnnss
rrrecuuuGNiiZaaaBBLLE
rrOOOCCCoGGNNNIIzaaaBBLY
rrroooCCCogggNNNOOOzzAANCEE
RRREECCOOOGGNeezzONNCuuu's
reeecuGGNIIIZannCUUUss
RROCCCoooGGGNNNIZZaaannT
rrruuuccooogggnnnIZUUU
rEECOOOggnnniiiZeeeDDD
reeeCooGGGniiizzzEEEE
RReCOOOGnnizzzEEERR
RREEECCOOgNiiiZZZErrsss
RREcooggneeZZeeSSS
ROOOccAAAggnIzAAnggg
RRReccuuuGGNNeeezzoorrr
RiiiCCCiOLLL
rreecccooILL'S
rEEEcoooeloodd
rrreeCCCuIlUNg
rreeeCeaaaLLlESss
rrECiOOLLS
ReCCauNNN
RREColllLLeeccctt
REECCCOOLLLlEECCCTTED
RRReeeccoLLllECCtttIIInnnGG
RooocoollLLeeCCCTTTuuoonnn
rrroccooolllEEECCtIIoonn'SS
RuucccooLLleCCTiiOOOnnSS
rraccuLlllEEEccTSS
RRReccceeeLoNNNiZAAATTIIANNN
ReecOOOlllONIIZZAAATTooOOnn'S
RRREcelllOOOnAAZZZE
reeeCCCIIlllOOONNAZZZEEEDD
REcccoolAANNIIZZeeess
RRoccolllAAANNUUzzzINgg
REEcccOOLUUUr
rreCCOLeREDD
rrAAcaallOrrrIIINNgg
REEcccoolluRSSS
RRAAcaaamBB
RRREEEcccOMMbbbINEEEntt
RReecemBiiinnnAAttiiiUUNN
RReeeCCCOOMMBeeNNaaa
ReecOOOMMbINEEED
reeCOOOMMbbbEEEnnneeeS
riCCCOmmbbaannnOOnnGGG
ReeCCAAAmmmmmeennnceee
rEEcIIIMmmOOnnCOD
RRREEEcccOOOMMMmmmaaanCCOOOMMMeNNt
REcccOOOmmMMMEEEnnnCCaMMUnnttt'SS
rEEECOOOMMMMMuuNcccEEES
riiCCIIMMMmeeNNNCCINNNG
RuuucccooMMMMMEEnD
RRRACCCOOOMMmmuunDDAAABBllee
RREEcaaaMMMMMoooNNDDAAATTTIOOnn
rEceeeMmmEEENNDaaattiOOONNN'S
RRiiiCIIImmmmAANddATTiEENNs
RRREcAAmMMOONDDaattOOORRRyyy
rreCAMMMmmmAAAndEEd
rrreCCOOOmmmMMMEndddInGG
RuuucccIIImMMEEENNNDDDS
rrAAACiimmmisssSSIIIun
reccOOOMMMmmASSSSSiiieeeNNaDDD
RREEcoMMMMMaaassssiiiiiiNANNNgg
RRRiCooMmmIISSSsoooOONNNS
RRREECEEMmmiiiTT
ROOcooommmiTTmENNNttt
rrreccOOOmmmmmeeetsss
RRReCCOOMMMmmmiittttttEdd
RREEcoooMMmmmEEEtTTUNNNggg
rrreCCUmmmpppOOONSSSI
RRiiiCCommPPPEENsssOOO'sss
reeeCCAAAMMMpppEENNNssseeeddd
rAACUMMPPeeenssseeeS
RReeeCommpiiinnnsssiiinnG
rrreeCCEEEmmmpppiiiLLLaaaToooEEnn
RReecccEEmmpiiLLLAATTEuNNsss
rroCCCiiiMMMPIIIlllaa
ReeecaammpppUUULLLEEEddd
rrrECuuuMppUUULLINg
RRRAAACCCommmppEsaa
RaaCEEEMMMPPooossAAAddd
rreeeccoMMPOSSSooS
RecccommpooosssONGG
RReeeCCCOOOMpUUUTTAAATTTIIIEnnn
RooCCCoMMMPoooTee
rricccoooMppUUtIDD
rrreCCCOOmmpppOOTTToooss
reeeCOmPPPItuuuNgg
REEEcccOOnn
RRAAACConCCCOOIIIVVeee
rrraaaccOONCEEENTTTRRRuuuTTTee
RRRecAAANNccoooppTTAAOON
RRRiiCoNNccAALOOObIIIllooTTYYY
rreeeCCOOOnnccILLaaaBLLE
rrreeecceeeNcULLO
RRRuuccoonnCCuuLLLuuuDDD
RREEcaaaNNcElEEMMMeNNNttt
RiiccOOOncccUUUlleeRRR
RAAcccOnnCCiiiLLOOORRS
rraaCCCOONNNciLLEESS
rECCAAANCCCOLLLEEITTOOOooonn
REEcccoooNNNcccOlluaaatttUUon'ss
rrreeccOOONNNcccIILOoTTTIaanSSS
RucccoooNNCCiiillIIIAAtArrryyy
rrreeeccciiiNNNcciiiLAnnG
RReeCCCoNddiinnnsETAAAONNN
rrruucooonnDeeeNNse
RaaacoonnnddittUU
rUUUCEEEnddIIITTTEnnnaaasssss
reeeCaaNNNddIttiinEEssSas
rooCCCiiinndddUUUTTiiiONNN
RRRUConDDiitttuuinnneDDD
rrriiCooonnndIIITTTiONNEEENGG
REEcUNNDDDiTTTeeeoooNSSS
REEEcOOOndduuuctt
rrEEcooonnnffEEEgguurribLLLu
RReeciNNNffiiiGOOrrAAAttIaaaNNN
RRiiiCooNNFFiiiGGGuuRITTTionsss
RRAAACooonFFFeeeGGGUUrrEE
rrECoNNNffaaggIIrADD
rrrEECConnffIIIggoooRRRees
RRRiicuunnFFFuuGGooorrINNNGG
rrUcccONNNfffiiiRRRM
RREEEccoonnfiRRRMMMatttiiOOnnn
RReeeCCoNNFIIIRMMaaTTTEEEONN'SS
RRAAACCCeNNffirrmItUoonnnSSS
RRRaaaCCiinnnfiiRRMEEEDD
rreCCaaannnfiirrrMINNNGGG
reeeCCCiinfEEERRmS
rEEcconnnNNIIossSeNNNcEE
RREEccOOONNNNUUaasssssUnCCCeee'sss
rrEcccoNNNnnaeeSSSSSSaannnccEESSS
ReeeCUnnNNeecTTT
RRRuuuCCOOnnNOCTTUUDDD
RROOOCinnnnnECCCtIIInnG
RRReCaaaNNNNoooccTuON
RRRaCCCennnnAAAcTSS
rrEEEcccUUUnnnNNNAAaaTTEERRR
rreecOONNnnaaaatttEErEEEd
rrrECCOOONNNniiiIItttERRUUr
REECCCINNNnooiTTTErrrIIInnGGG
rUUcUUNnnnOiiitAArrrSSS
RRREEcONNNqueR
RUUCConqqUaaaReddd
rroooCCUNqqqueRAAANNGGG
RREEECUNNNQQiiiURRss
raacEEEnnnqqquuuUUUSTT
RRReeecOOnnnqeiiissst'S
reeecccIIInSSS
riiCOONsssECCrrrOTTTEE
rrrEEcccunsUUUCCRRUUtttAAAD
rreCCCAnnSSaaacccrrrOOTTTIsss
RRaacccOOONNNSSuuucccRATTiNNNg
RReecccOOOnnnseeCCRRRAtiiiuuN
RRIIIcccOOONsacccrreeetIOOOn'SSS
reeCCUNNsuDDur
RIIIccoonSSSuuudddEEEROOOttooOOOnnn
rrecInnssEEEdeerrIIttteOOOn'ss
rrroocceeNsssUUdddEEErEDDD
RRRiicONNsIIDDerrrANNGG
RRaaaccOOONNsssodddeRRSS
ReeeCOONNNsIIIGGGN
rreCCCaaNNNSSSiiiggNNNEEEdd
RRRucaaannSIIIGGNNNIIINGG
rrreeeCEnnSSugggNNNMMMeNTTT
rAAccOnnsIIIgnnS
reCCOONNssiiilluuDDDETOO
RiiiccoooNssttITUTA
RecAAnnnSSStttIITTTaaaTTaddd
rrroocONNSSSTTTiiiTTTuuutttuuus
roooCuNNssstIIITTiTTTIng
REEcOONNNSSStIttuuTTiioN
rricOnsTiitttUUTAAOnnn'sss
RReeeccciiinSSSTTrUUccctt
rrrEECInnnSSTrAAAcctttad
rriiiCCeNNstttRRRuCtIBBLe
reeeccEnnnsssTRRRUCCCTaaNNg
RRROOOCooNNsssTrrroocccTiiiaaaNNN
rrOccconnnSSttRACtiiiiiin'sss
ReeeCeeNNNsttrrEEECtIuuNNNAAAll
rriicccooNsTrrUUccTTIIIoooNAAARY
RRRiiiCCCiNSStRRiiiCttiiuunosTT
RiiiccoooNSTTRUUUCtttooooonss
RecccUUUnnnSSttRRuuucctttEEEVOO
RREEcOnnnSSTTRRiiCCCts
RRecciiinntttiiCT
REEEcooonnnTTaccTTTAd
rrreeccEEEnnnttIccctttIINNg
rrreeecccooNNNTTaaaccttSSS
rEEcccUUnnnTTUMMMEENiiiTTTeee
REEcoNNNttAAmANNNaaTTTaDDD
RuuucccinnnTTTAmmIIINNAATTTEEES
rrreCOnnTTAAmmIIInnnetoooNNggg
reeeCCOOnTTAAAmmmIIInnaTaaaOOONN
rrrEEECaannntRRRaact
RRREcccUNVVeeennne
rrEEEcccOONNvvveeeNNAAADDD
rrEEccOOONNVeNNNiSS
rraaaCCEEnnnVVeenUUUNNgg
rreccUNNVVVEErrsUUoon
rrrUUCAANvvaaRRRttt
rrEEcccOnnVeeerrttEEDD
rEECCCOOOnnVVVerrttaNNNgg
rrrEccceeNNNVVAARttss
RRReeCCInveY
rreCCUOOOkk
rrreeCCCuuOkkkEDD
riiicEEOOOKKKinnngg
RRRiiccioooKKSSS
RRREEccoooPPiEEdd
RRReCaapppiiEEES
rrroooCCeeepy
RREEEcoPPPYYYUUnnng
rrECCoRRD
RRECCErD'S
rrrEECCCoooRRRddIIIbble
RReCaaarDeD
reeeCCCoooRRdddErr
ReecEERRRdOOOrrr'S
rrroCooRdorrrs
rrrEECCeeerrrDDIINNNg
rruuucccUrrrdddeNGG'S
rAAccOOrrrddiNNgs
RRReCOOrrDiiSttt
RRECCoooRRRDDDooSttSS
rraaacAArdddSSS
RRIIICCEEEuNNt
riicOOuuunnTT'S
RRREEccOOEENNNTAAAlll
rrrEEEcccIeeenttteeedd
rriCCCoouunTTuNNNg
REECCuuOOOnnntttsss
rrEEcccOEpp
rOccaIIpAABLLO
RRReecooouuPODDD
RRRoooCooiippIIInnGG
RooccOOUPleee
RRECiiUUUPPPMMMonnTTT
reecoooUUUpppSS
rrroooCCEuRsssEE
rrOOOCCaaUUURRSSSII'S
rrrEEEccooVVVaaRRR
rAccAAAvvvErraBBLUUU
RRuuuCCooVVEERRREEdd
rraCCUvvveRRRIIIeeess
rrreecccIIIVeeerIInnGG
reCCCOOVVVeeerrrss
rrrEEECOOOvvuuuRRyy
RRecccOOOvvveeRRYYY'S
RReeeCRRREEoooNNcoo
rrUUUccREEEaaNNCCyyy
rraaaCCCrEEEANtt
RREECCCrraAnnt'sss
RREccrrriiiAAnnntttlYY
ruCCCRReeAAANtsss
RRReecReaTTTI
rrEECCrrEAAAtttuddd
RiiicccRRIIaaTTTOOSSS
RuucREEeettEEENNNg
rrrEccreeeaaattOAAAnnn
RReecccRIAAAtttiien'SSS
RuuucRROeettEEoNalll
rrruuucccRIIIaaatttAAONNS
ruuCCCREEoootive
RRREEcrrAMMMIInnT
rrreeecccRRImmmiNEETaaa
REEECrImiiiNNNIIItttOOOddd
RECCrimmIInAttESSS
reeeCrrIIIMMMaaNNNATTTingg
RReeccREEmmmEnatiiiooon
RReeeCCCrrOOmiNNNaaatttIIAN'S
rracRReeMMONNEtAAOOnnS
RECCCRaaMMIINNNuuutiiiVEE
RREEECCRIIIMaaaNNNIItttorYY
rEEEccRRRoSSSS
RRROOOCreesssssOOODD
RRiiCrEssseeeSS
RRREEccROOSSSSiiNNNg
RIcRRUdddEEESSCCE
rrrIICCRRuuudddESScced
REEEccrruuddosCCCUUncceee
ReeCCCRRUUUDDeeeSSSccceeennnCe'sss
RRREEEcccrruDESScceennnt
ReeeccrOODDOOsCCCEEEsss
RREEccrrrudddOsCIIINNggg
reCCCRRRuITT
rIIICRRIIiiT'SSS
RRREEEcccrIIUUTUdd
RReeeccruuiTEERRR
RRECCCRRuuuITTeerrr'ss
RRReeecccrrruuuiiTeeeRRRsss
RREEcccRROIIITinnng
rrEEECCCrrIoTMMMEENNTT
RECCCRRRaaIIItttMMInnttt'S
rrrAAACCCrUUUiTTTsss
rrrEECRyssTalLLeeZZZATIIOn
rrrooCrrryssTTTuuuLLllIIIzEE
RRREEEccrrYYYSSTTTellIIIzzeed
rreeeCCCRRYYsttIILllliiizzeeSS
rrrEcccRYYYsTeelllLLLIZZaNGG
RUUCCCtaa
rrUUUccctaLL
reeccTTTellllyyy
rrrEEEccTTTOONGGLUUU
RRReeCCCtttAAnngllEE'ss
RRUcTAAAnnggglllEEESSS
rEEECCTTiiiNNgeeLAARR
ReccctAAAnggAALLLaaRRREETUIs
rEECCCTANNNGGuuLaaRRIIITTYY
RRRUCCttII
rreeeccTTiiFFOOUBBLLLe
rrrECCtttUUFFoooCCEETTTIIoonn
rruuccTiifUUUcaTTooouuN'ss
RRROOOCToffEEcccAAtaaOONS
RRIIccTifffooouddd
RuuucteeeffiiiEErr
rUUUcctooFFIeeeRRR's
rrrUUUCtttIIIffIeeerrrSSS
RRUUCCTTaafffIIIUs
RRREECTTifffY
rrrEECCTTaffYYinngg
reecccTTTAlllAANNNoouL
RRReeCCttaaaLLLiiiNNUaRR
RactttEElliinnEEaaaRRRUUTYYY
rrreeCCCtttaaLLAnnnIIIiRRRlllyy
RRaaaCTITTTUUUDEEE
rEcTiittaDDi'SSS
ReeCTTooo
rrreeeccTooo'ss
rraCTTOOOccElle
ReeeCCTTAr
ROcccttOOOrr'S
rrrEEEcttOOrrraTTTE
rrECCTiRoooUUl
rEECCCTTTOOrrrieeSSS
RRuCCCTTorrrS
rrEEcTTOOOrrSSHiiip
ReeeCCtOOryy
RRREEEcTOrrYY'SSS
RRRooCCTTTOS
RREcctRIIIXXX
ReecTTTum
RReeecTTooommm's
riiCCCtUUUMMMs
RRECCTTTUUUS
rreeecccumBuunnncY
rrrOOOCCCUUUmmmbeeNT
RREcccUUUMMBBuuuntlllYYY
recccAAAPPPERRAAbblEEE
reeeccUppUUreeeToo
rriiccUUPPaaarriiittaaDD
RRRECCoooppeeRRRaattIIIs
riCUUpErrrAATINNNg
rrraaaCapppEEraTiiioooNNN
REEECCuppeerrrUUUTiiiiiNN'SSS
RRREEECCuPPEEERRRaaaTTiveee
ReCuuuppORRRooTeeeR
rreeeccUURRR
RRocUrrrRROddd
RReeCeerrrrENNCCCIII
reeeccuuuRRROOnnCCeee'S
rUUUcOOORRRROONNCCEEES
RRRAAcUrrrOONt
RRReccArrReeenTLLy
RRRuuuCCIRRRRinnngg
RRIIICCUURRSS
RRREccerrrSSSIIaaN
reCCuuRssEEEuNNNS
rrEECuuRssiVVVee
rreCUUrrSSSIVVVeeeLLYYY
rEECCCiiiRRRVoootE
rrrEEccuuurrVVVaaTTuuuRRuuu
RRaccUUUrrVVOOO
rrreeeCCCUUrrveeed
rrreccUURVVVeees
RRoCUUrrrVVVIINNNggg
RReccUUUSSALLL
rEEEccceessaaaLLS
rrUUcuuussANNCCCee
rreeCCeeeSaannnccoooeS
rECCCOOOSSSAnncYY
rrrooocccosAAANNT
RRRAAAcccuuSSannTTsss
RRooocUsssEEE
RRRIciiSSIIIDDD
rrecccusssAAS
RRRECUUSUUNNNgg
RRiicccUUUttt
RRReeeCYcccLLLaaabbbLLIII
RRRecYccclllAAAbbbllee's
rrEEECycccLLLaaablllEEss
rroocccyyycccLLEE
RReeCYYcLLLi'SS
rEccyCCLLLeeD
rrrECCyycccllleeer
RREcccYYYCCCLLLEErss
rrruuucyyclllaaass
rreeeCyyycLLinggg
rrrAAACCYYcccllleeengg'sss
rrrod
RAADD'SS
Raduuucccttt
RuudddAAACCTEdd
RUDDEccctInnnggg
rEEEdddAAcctttiiiaaan
rrrIIIdddaaaCTTTOOiN's
RRReeDuucctOOr
rrOOOdddacccttooRRR'S
REEEddduccTTTERRRSS
rrreeeDaacTTTss
RRoodANN
rruuuDBBBeeRd
rrreeDBBBIIRRddd'S
rrrEEdddbbbIrDDDs
RReedddBBBRREEAAsst
RReeDBBrrruuuaaSSST'S
RRRODDDBrrrEEaaSSSTTTss
RRREDDDbRRocKK
rrrudddbED
RRREddbbbudSS
RRRUUUDDbbbuuuggg
rEdbiiiGSS
RREEEdccEEpp
RREDDCCooopp'sss
RREdddCCapsss
reeedddCCAAAattt
rEDDCCooAAAt'ss
rrrEEdddCCAAAattS
RRRUUdCCCEERRrrrAAnnnttt
rrruDCCUUURRrraNtSSS
RRRooDd
rEEDDdddoon
RuDDDDDeNNNEDDD
reeeddddddUUnnniNNgg
RREEDDDDenSS
RRREEEDDer
REdDDDeessttt
RRuuDDDddOOsssH
RAdddDDIsssHnEEsssSS
rEEDE
ReeedOcEEraatUUU
RiiidEECooorAtteDDD
RRIdeecooRRAttUUUS
RReeeDDeeccaRAATTIInngg
RRRiiDDIICOOOrruuutttiiIIINN
RRRaaaddOOCooorreeettAAiinnn'S
RREEDDeeeDICCCOOtI
RUUDDeeedddICAATeeD
RRRaaaddUddIccoottteees
rAdddeeeddAcETTeeeNNggg
rrrIdddEEEdaaaccaaTiiiON
reeeDDeDDOCaaTTToooOONNNSS
RaaddiEMM
rUUdddiiieeeMMMaaaBBBlEE
RRREEDDDAAeemeeDDD
RREDDDeeeMErr
RRIDEEEEEEMMaaR'SS
RRREEDDiEmmmeeerrrsss
rrreeDDDeeEEmmIIInngg
RRRiiDEEEEEEmsss
RiddeeefEnnA
rAAAddeeffIINNNiiiDD
RRReeeDDaaaFFiinnnEEsss
rreeeddooFINiiinnngg
RRUUdddiiifffaaNuTTIaaaNNN
RRReedeeeFFFoonnIITTIIOOOnn's
REEDDEFFFinuutteeNNNSS
rridddEllOOVVVIIrrr
rreedddElliiiVVVAARRAAd
rrreDEELivvaaRuuunnnGGG
RReeedddEElliiVVViiRs
rEDDDOOOLLIIIvveerYYY
REEEDDaaaMOnnnSSSttriiiTuuu
raDDoooMMPTIeeeN
rrEEEdIIMMMPTTaoonn'SS
RuuudeemPPPTTTiOONNNaal
rridEMMPPPtttIIIoNoR
rrreeDDDooompppTTiivviii
reDDDeeMMPtorry
rOODDopplllooYYY
rEEdOOOpluuYYYUUdd
rrruuDEppLLoooYUnnnggg
rraaaddEEEplAYYYMMMEEEnnt
rEEDeepppLuuuYYMEEENtt'sss
rrrEdddeepliiiyyyss
RRReeedddeePPooosaaaT
RREddEEPaaasssiTT'S
RRROddaPPPoSuuTTooD
REEdEEppiiisIIITUUUNNGG
rreeDDePosssIIITSSS
RRRoddEEEssseeGGGn
RRRadESSSIGneeeddd
RooddISSIIIGGNiiiNNg
rrrEdOOSAAAGGNNSSS
redddeetAArrMIIInaaaTIooon
REEDDDeeeTTTAAARRRMiiiNITiiOOONsss
RRRUDDDEETeerrmmINNNii
RAAADDEEtttaaarrmEEnEEDD
rrrIIDDeTTooRMMiNNUSS
rIIIdddEEETTEErrrmmANNiiinnnggg
rreeDDDEEvELLLAPPP
rrrUDDUUUVVVEEELOOOpppiidd
REEEdddevuuLLoooPPPoonggg
rreedeeevoLLOppMMiNNNttt
REEddIIIvvveeLLeePPPMeeeNNNTTT'S
RRRIdddEEvilOOOpmmmAAANtS
rADDavvooLLUppss
rIDDDFFFinnn
RRAADfOOOsshh
RRReddHEEEuuuDDD
ReeeDDDHEaaaD's
rriDDhhhOOOAAAdddeeddd
REEEddhheaaDDDS
RREEEDAAAEEEll
rroddiioooLL'ss
rreeDDDiiAAllledd
rrIIDDOaaLLLUNggg
rrraaaDDDIIIAALLLsss
rEDDUUD
rEEEDDDeeGGGeeST
RedInnnGeeTTTUU
reeDAAnnntteeeGGrriTTo
rrEEDiNNttEEEgggRRAAAtttOOOOnn
rrrediinntteeGGGRaaatiiiVVE
RAAdIIIrrAcctt
RREEEDuRRReeCTTeeeDDD
RRReddIRROCCtttIIINNNg
RRRudddeeeRRReeCCtttiiaan
RRRedIIIrrEcccTTTsss
rrOddiSSSCCuuuuNNNttt
rrUUdddiisssCCCevIIrr
rrrODeeSSSCCCooverrOD
rrOOddEScEEEveeerrUiisss
rrreeedusciivvURRRAAnggg
RREDiScccOOOvvviiiRRss
RaaaDDDuuuSSCCCOOVVeeery
RRIIIdddisssCovvveerrry'sss
ReeeddaasssCAASSSeeD
RADDuuSSPLLLAAY
RREDEEESpppllaaaYYYEEED
RRRaaDIIssSSSoLvvUUU
rrooodddIIIssoooLvEEEddd
rrreDAASSSSSolvvveSS
RRREddasssooollVVVEEnnnG
RUUdddIIISTTIlLL
RRRIIdiiSSSTTOlllLLETTTiiiOOON
RRREEEddUUUSTTRiBBUUTee
RRReeeDUUUSSTTRRiiibbbOOteeeDD
RRReedIIISSStttrebUUUtttEEEs
raadddossttrrrOOObbbEEEttInG
redIIIsTRRRIIIbbbUUtIIEEEnn
RedddisTTTRRUUBBBUttieeenn'sss
rrrEEEdddeeeSSStrraaabbUUTTTuuuvEEE
rrraDDDiiissTTTRRRooocccttt
RRooDeStttRRRoooCCTeeed
rODOOOssttRIIcTTTInnG
rroDDEssTTTrrIIcTsss
rIIddIIIvvviidiii
rrrEEDDDooovvviiiddEEEDD
rrrEEDiivvvIDDeeesss
RRREDUUUviiiding
REDDDAAAViiViiiS
rrreddLiiinniii
rreeeDDlAAANNNooDD
rrEEEdLUnnEEEss
rAAAddLLLIINNNiiNNg
rrraaDDDlllaaaNNAAnnG's
RuuudLyyy
RRREdddNNNECCCKKK
RRIIDnnIIIcck'sss
reeDNEEccKKsss
ReeedddNNNeeeSSSS
RRiiiDDDneeSSSsss's
RRREddooo
rEdiESSS
rooodddoInng
raadOOlliNNNCCEE
RRuudddEEleeNCii'ss
rEEdillliNtt
REEDDDOOOLLLAAAnnTLyy
RUUUDDIINi
rrUDaaiiibbbLLLe
RReeDDDOOOeeebLLUUddd
rODDDouublAs
ReddooUUUBLLLiiiNNNGGG
rreeedddaaaaBBT
reeddooubtt'SSS
raadddeeeEEEbtaaaBBlllU
rruudddooubTABBLLLyy
rruDouubbTTSS
rEEEDDEINd
RedoooUUndedd
rrEEdddooannnDDaaaNNgg
RUUUddAAAunDDDss
RREDPEElll
RReedppooLLLlllSSS
rrEEEDDDrrUUUfffttt
reeDDrafffTTedd
rreDDRRoFFFTTiNNNgg
RRREEEdraaaFtts
RREDDRRAAw
rEEEdRaaWIIINGGG
rEEdrrUUwwwNNN
rredRAAwwss
REEdddREESSSS
RRREEEdrrrESSsss'ss
RRREEdRRReeSSsssaabLLLe
RRREEEdrrEEEsssaaaLLL
RRRooodrresssEEEDDD
rredrrrEEsSSSeeerrr
ReDDDRREEssSSooSSS
rrruuuDRRREEsssSSEEEnG
rrrOOdrrUUUw
rrrooodddreeuuTTT
rrreeeDDDrrIIIOOOtttS
rreeeDDDss
rEEDDSSSHHaannnK
rrreeeddshheNNNkss
RuuDSHaaaFFtt
RRRAAADDDSHEEEfffTTSS
rreeDDDSSkonnn
RREEdskkIIInn'SS
REEEdskiiiNNs
RRRAdssTTaaaRttt
rOdSTTiirrTTss
RRReeedtOPP
REEDDUUUCCEE
REEDDuceeeD
rrOdddoCaaR
redoCarrr'ss
rrEEDDDaaacEERRRSSS
rruuudOOOccceSSS
ROOdduucIIBBBaaLLLiitttY
reDUUCCiiiBlEEE
RIDeeeciiinnGG
rrrIIducTAAsE
rrudddaaaCtIIIIInnn
RRUDuuuCCttiiON's
RRREddduuCCTiOONosssMM
REddUcccTiiiUnISSttt
RRREdddaCCtttiiiANiisttSS
rrrEDDDIIcTTTiOOOnnss
rrrEdUccctIvvveee
reeddunnndddEEENciiiEs
rrrEddEEENNDAncccYYY
ReDUUnnnDDaanCCCy's
RoDuuuNNDDDAANNT
rEEEdduunnDaaanTlllyy
RRRedduuuPPPLiCCCAATTTAAA
rreedduuPPPlllIIIcaaateDD
rrudoopLUUcccoootteeeS
rudddappleeecaaaTTIIINgg
rrriiiDDDipppLACaaTIIIOOOnn
RiiidduuuplAcccUUUTTTiiaNN'sss
RRREEEDDDEEEPLLLIIICCCAATTivvEEE
REddduuux
rreddwwUUrrreee
rrraaDwwIIInnnG
rruuudwInGss
rruuuDDwwwaaooodd
rrAAADwwEod'ss
ReeeddwwoOddds
rraDYYeee
RudddyyeDDD
RaaaddYeeIIINNNgg
RRREEEDDDyyeSS
REEoCCCho
rooaaaCCHHeeeED
RRRAeChhhAAAEEESS
RRREEEECCHooIINNNG
rrIIeeed
rOOiD'ss
RReeDbIrrd
RReeeeDbbiRDSSS
rrEEEdddbbACKK
rEEuDDDooiiirr
RRReeeediiiESSSTT
RREEEoddaaaneesss
RReeEEdddINaaassssss'ss
RRROEEEDDDIINNG
riioDDEt
RReeeuddoTEd
rEEEoodaaTeeenngg
rroEDDiitS
RRAeeeDSSS
rrrEUUDaCAATTee
rrreeDDDUccottteeeddd
rrUUoooDUCUUUTEEss
RRRuiiiddEEECAAteeeNNG
RUuuuDecccATTTiiiiiiNN
RRReeeEDDDoccAAtuuuOOnn's
RRAeeeDDy
RRReeeF
RRRIeF's
RRReeeoooFEEEDD
RRIIUUFFFEER
RReeUUffeerrr'S
RRRoEFoRRSSS
rrEEUFInnnggg
RRuuueeeFFFss
RIIAAKKK
RRREEEkkk'SSS
RREEEEKKKEEddd
REUUUKaRR
RAAAoookkInngg
REEeeeKKSSS
rrIIoookkkyyy
rrIeeeLL
RReeAAL'ss
ReeeelllIIIBlE
RRROoooleeCTT
RREEeelllOCTTTuuuddd
RRREaaLeccTIInG
rUUOOOlleCtIInnn
rrrEEEElluucctIIIOn'SSS
RRRUeeeLLLECtttIONNs
rruuuIlllEEEcttsss
RREeeellED
rreiilErrr
RREEEEElOOONgg
RRREeellls
reAAmmbbbeerkk
RReeeEEEMMbbbAArrkkEEEd
RIIEmmmbooRRRKiinggg
rrEEEeeemBBAARKKss
RRReeeeemBoDIIIEEd
REEEMMbbOODDDEEEeeSSS
ROOOeeMMBBOOOdddYY
rEoMbbbIIIDDYYIIINNNGG
rrrOaaammUUrrGGGEE
rraaEmEERRgeeeD
rraaUMeerrggUnnnCAA
REEImmmIIrrrGeeenncccAA'sss
RRReeOOOmuuurgggoss
RRAAEmmmeRRgIIINGG
rrUUUEmmpphAAASSUUSS
REEEMMPPHAsiiiZZee
ReEEMMMPPhhhassIIIZZEDD
RRAeeMMMpphhAAsssaaaZoosss
RRReeeEEEMPPPhhhaaassEZanng
rEEaaMMMPLLiYY
RRueeMpppLLooyoodd
rrEEEEEMPLLLOOYYYENNG
REEEmPLLoooYYmmiinnnttt
rrEeeMplIYYmmmAAnnntt'sss
RRReeeAmmppllEEEYYss
ReeEEEnnnoCCCtt
rEEEenuuuccttuDDD
rrreeeiNNNAAcccTToNG
rreeaanOCCTTMMeeNT
RReeEEEnnnAAAcTTMMENNttt'SSS
roouuunneeeCCTMMMeNTTTSSS
reeeEENACCttts
RRReeEENeRGGGAAZZee
rrIEENNfIIrccuu
RRRooiiNFoorrcccEddd
rUUUEENffiRRRceesss
rrreeeooonFoooRCCIIINggg
rrrEEEnngaaaggE
reeENGGGAAggeeddd
rEEEenGGGAAAGeeSS
RRReoNGaaaGGIng
rrrUUiiNNNLIIIsssTTT
rrrEEeennnLeeessTTTEdd
rIEnllliisTTiiiNNGG
rreOOOnloossstttMMoooNNNttt
RRuuuAAAnnLLLiisttMMANNNttt'ss
rrEEEENNNlASTTsss
RReeeEEnnntoooRR
RRReenttEEErEDDD
RRROOOoNNNtiiRRRuuunnggg
rrrIEENNtttAARs
RaAANNtttrAAANCCCEE
rrrUUEEnnnTRiiieesss
rEEiiiNTRyyy
RAAIIntRRyyy'SS
RRoooEEEQQQUUUoop
raaIQOOIIPppId
ReeEQQQOOIIIpppPInnGGG
RREEEUQuuuiPPPsss
reeASSSTTT
RUUUEEESSTTiBBBlllaassshhh
rEEEeesssTeBliiiSSSHHeeeDDD
rrAeessTTOOblllIIsHHeeesss
rrrEEUUUSTTTAbbbLLuSHHHing
rruuUssTeBBBlesssHHmmEEEnnnt
rruuuEEsssttUUBllliSSSHHmmeNNT'ss
rrrOOeeVVaalluaTTTEE
RRReEvEllEEEAAtteed
rrreeeEEEvvAAllIIIeettEss
RREUvvaLLUUUTTTingg
RRREEEAAAVVVaaaLLLAAAIItiiAnnn
RRReeeovAAlUetuuuNN'S
rrrEEEeeVVVaaLuuAttianS
rrrOOOUUvvEEE
RoooEVVVee'S
rrEEEvvEED
RRREEeeevUUUs
rUAAAVOONgg
RRRIIIexxxaaaMAAANaTTTaaOOONNN
ReeeexaaammmANAATaaaINN's
RReeeIIIxUUUmmmINuuuTTTEunSSS
RReeeEXXaaaMuunnnEE
RRooIxxxUMUUNNaaad
RREEEoooxuuMMIINNNes
RRReeeXXaammmiiinniiiNGG
rruuueeeXcHHHiNggI
RaaOxxHHHiibOOttt
RRiiexPPiiRRiieeNNNccaaa
rroooiiiXPLLLAAAiiiNN
ReeeeexxPLaaiiined
rreEEEXPPPlllAAAOONNNuunG
RRRiiiAXpppLOOiiiNNSSS
ReeeEEXXXport
rrUUUeexxpppeeeRRRtttooDDD
RRaaEEXXXppIrrTTTiiiNNNgg
RuuuUUXXXpoooRRRtSSS
RRRAAfff
rrrUUff'S
RRAAFFFAAAcccee
rrEEEfffaacADD
RREEEFAACeees
reFaCuunnng
REEEFFFaaaSShhiiiUUUN
rrreeefffAAssHHHiiiooNeeeDD
rrreeeFeeeShhhOOaNNEEEnngg
rrrOOOFFFaaaSShAoooNss
RRRaaafaSSTTeNNN
RRReFFUUUSSTTIneeeDDD
RReeffOOstttoNNiiiNNNggg
RRREEEFFFaasssttteeNNs
rrrEEEFFFOOOCCtttAenn
rEEEfEEcTuooonn'ss
rUUffEEEcTORRIES
rruuuffeeecTTTOOrryy
ReeefECtttiirYYY'ss
RRROFIIRRR
RRReeefffEEErrIIIbbLLLEEE
rrEEEFFFEEriiOOO
RREEFFerrie'SSS
RRREEEfeRREEEAAdd
rroFFeeereeeEEiiNNggg
reeFEEEreeosss
rrUFFFIIRRONNCCCiii
RIIIfffEEEROOOnCCE'S
rrUUfffEERREnncEEEdd
rEEFFFIIIRRennnceesss
rrEEFFFeRooNNciiiNGGG
rrreefeerrEENNNDDA
rreeFeeerrrUnduuuMM
REEFFFEERRaaandddumm'ss
RRReFFFORRREEENNDomsss
rrIffeeREEEnt
rUUUFERAANtt'SSS
rrreffeeeRREEEnnnttiiul
rUUUFFFerrrEENTiiaaLLLLLLYYY
ReeFFFUrOnttsss
RREEEFEErrrrooL
rrefffOrReeLL'ss
rrufffeerrrRRReLLS
RRaaaFFFOOOrrrAAAdd
RRReeeFiiirrrRRREErr
RRREEFFFURRAAARR'SSS
RRRaaafffIIIrrrrOOrrss
RReFFFerrrrrINGGG
RRRAfffEErrSSS
RReeFFFffedd
RRRaFfffIIInng
ReFFIIGGGHHt
rrreeeFFollle
RRRIIIfffIIILLuuDD
rrrUUUFiilllooSS
RRoofffIIlluuNNggg
reefffiill
riiifffeelLL'SSS
RRRaaafffaaaLLlaaabbLLLEEE
RRREfffIllLLUDD
RRefiiillllaaNggg
rrreffILLllSSS
RRReeffUUllM
RRReeeffiLLLtteeerr
rrrooFFFiiinaaaNNNCO
RReeeFFINOONNNCCeeD
rreeFFFInuuuNNNCCCEEESS
RRiiiFiiiNNNaanCCCanng
REEFFENe
RRREEffIInnnAAAddd
rrrIIffiinnEEEMMIIInnTT
RRiiifIINOOOMOOOnntt'sss
RRRuuuFFFiinnemmmEEENts
rrreeefffiiinEErr
RRRooFFEENEEER'SS
RRifffUNERRaaaEEES
riiiFFuuunniRSSS
RRRuuFFFEENNNuuuRRy
RREEFFFiiinUUURRy'SSS
rrrOFFuneS
RREEEfffiiinoonnnGG
rAffINNNIIInnnGGs
RRReeFFFIINiSH
rrrEEEffUnnnIIIssHHHEdd
rrrEEffAAAnneeeshiiiR
rrreeFFFEEnnIIISHHHeerrrS
rrOOOFFFAAANNeeSShhiss
ReeeFFFIInnisshiiiNG
rreefUUrree
RRROOFFiiitt
RREEFFFuuuTT'SSS
rrrEFFFIttS
REEffuuuTTTeeeDD
rrrAAfffITTTtttIINNNg
RUfffIXXX
RRooFFLLLate
raFFFLOOOTTaaaD
RRReeeflliteeeS
RRaaaffflliiittInnG
REEfllaaaTTTiUUUn
RefLATTTuuoNNiirrrY
rreeeffLiiTOOOIINSSS
rrreFFLLLEccctt
RRRiiifLuuuCCCttaancE
rrIFLecTTTINNNCCCEES
rrroooFlEcttEEEddd
RRREEEFFlOCCCTiinG
RRReeFFlaCtiuuuNNN
rrUUfLiccTiiuuNN'ss
rrEffLLLUUCCtttIIIOONaaaLLL
RRefflleeccctttiioonnns
RooofffLeCCCTTaavII
rAAFFFLLeeCCTTTaaavveLLLYYY
rraaFFFLLLEECCTTIIIveNNNEEESs
rIIflllUUUCCCTTuuuVVVITTTEAAASS
RIflaaaCCCTiiiViTyyy
RROfLucccTTTeeRR
RRReeefLLEEECCtOrrr'sss
ReffLECTTTooorsss
rriiffLucTss
ROFFLLoXXX
ReeFFLLLEEXX'S
RROOfllleexxeSS
ReeeffllaaaXXeeVee
RReeffllUUXivE'sss
RRREFllIxxIVVVeeLLy
RReeefflEXXXeevvvOOOnnnEEESSSS
rrrAFllluuXIIIvvvuNNoooSSSSes
rrroFFFlEXXXIIIvveeeS
RRROOffLLLExxxOVVVaaatttEESSS
RREFFlEEEXXXIIIVVViTTTy
rEEEfLeeeXXXllYYY
rrrIIIFFFllAXXULoGGiissTTT
rrEEEflllaaaxxoooLLUUUGGyyy
rreeeFFLLLIIIaaat
RRefffllloOTTEd
rEEEFFLaAAATTiiinnG
RReFFFlOaaattsss
RREEEFllleWWW
RRUUUfffLLUUUWIRR
RRREEEFFLUUEEnnTTT
rrreeFFLuuux
RRReeFFFLAAAXXXUUDD
ReeeffllEEEXXXEEEs
rrrAAAffLuuuxxxOONNNGG
RRefoooCCCIIISS
RRReeFiCCCuussaD
rrrUfficccUssEESSS
rreFFEcciiSSSaNGG
RReFFooCusssSSSEEEDD
RROOOffoooccUUsssssUUUSSS
RoofOOOCCCuuusssssuuunnng
ruuufiiiLLLddd
rrrEEfAllDUUUDD
ROFFFAAALLLDIIINNNGGG
RRRAAAffuuullldddS
RRiFFFuurrEsssttt
RIIIfffiiirrrEEsssTTATeeOn
rIIIfooRRREEstttaaTTTUUUAn'SSS
RReefforrristtteD
RRREEEFFiiirEEEssTaannnG
RReeeFFFUUREESStttS
rrUUFiRRRGGGuuu
rOOFFoRRGGGeeeD
REEEFooorrrgeeS
rrreeFArrgginnggg
RRRUUUFFFarrMM
rreeeForrrmmm's
rEffooRMMMuuubllee
ruFFFoooRRmmuuuTTT
rriffORRRMMEEETTieeen
RefffermmmaaTTTIIOONNN'SSS
rruuufffuurrmmmaaTAAAaaNNNOLLL
ReFOOORRmAAtIIIINNss
rrrafUUURRRmeeTTTooVVVA
RiiiFORmOOOttAAARaaaiiiSS
rrrEEEFFFAARRRMMMETToooRyy
RRiifuuurMMMAAttoooRYYY'sss
rrruFFORRMAAATTTTEEd
rrUUUfffoooRRmmuuuTttUnnng
RRRoofOOOrMEdd
RReeFFEERmmOR
rreeefOORRRMaRR'SS
RREEEfUURRRMMMEERRss
rrrEEforrMeeenng
RRRaaaFFFOORRMoSmmm
reeeFFOOrrrmOOsst
RRReefffUUURRRmoossTTss
ReeFFFAAARRRMSSS
RRRoFFooorrrMMMiiLLLAATTTe
RRIIfffUrrrmOlATTTED
RRuFFORmuuLLLeetttuus
rEEEffOOrMMuullattOOONNNggg
rAfffiiiRRMIIIlllAATiion
rrrEEfffAAArrrmmmuLLLoootttuuOOOn'SS
rrrefoorrrmeeeLLAAtttiOOONNNs
rrreefffoooRTIfIIIEED
RREffOrrtttaFFFIIEEEsss
rrefffooRRTTUUFFYY
RRuufffArtttEEFFYINNggg
rrifoOONdd
rrEffrrEcccttt
rrrEEFRRaccTeeddd
rreeeFFFRRAACCCtANg
RREFFFrrAAcTiiOOn
ROOffRRRAAccTTAAIINNN'sss
rrreeeFFFrrIcccTeaaNAlll
RRReeFrrruuCCCtttIIIUnnnSS
rEffruuucccTTEVVVOOO
rrEffRRRAAAccTTTiiVEEllly
ReeFFFRAACCCtiiVEnEEESSs
rroofffRAACCCTTIvannnEEEssssssEEESS
RRReeFFRaaCCTTiivviiTTTIeeeS
rrraafRRRiiCCCtivvITTYYY
reeeFFRRuuctttOMMMETTErrr
RRREEFrrACCtOMMEEtuuuRRRS
rEEEfrrrAACTTer
rrrEEFFFrrIICCCtttIIRUUUaaas
RooofRReeCTTarrILLLyy
RefrraCTTTORREEnnAAASsss
rreeeFRRaaccctttorrriiNNNAAAssssssuSSS
RRReeffRAAAcTTiirrss
RefffrAACCtttiiiRRYYY
REfffrrrACTTEEryyy'S
RRReeffRAcccTTTSS
ReeeFFFrrAennn
rafffRRRaaiin'SSS
ROOffrrraaiiinEEEd
RRReefRRAAAiiNNiiNgg
REFRuuAAANNNmmmAANtt
ReeFFFRoooeeNNNS
RIffRaaaNNGiiibbllEE
rrrEEfrrEEooZZe
rUUFREEEEEzzzees
RRRefffRaaOOOZZInnng
RREEEfrrressH
reeeFFFReeeShhEDD
rEFRReeSSSHHHeeeR
RREEEffRRReessHeeer'SS
REEEFFRRRessHHEEERSS
ReeFFRRRESShuuuSSS
RREEEfrrIIISShUUUNNNggg
rrruuffrEEEssshhIIINNNGlYYY
RRefrroSSSHHHmEEEnnttt
rrIfreesssHHHMMMeeNT'SS
RRAAAFRRaassHHmmeeeNTTsss
rAfrrrIsHHHmmEEENNNttS'SSS
RRIFFrrrIIIgeeRaaanT
riiFreeeGGGEEErrAAAnt'sss
rraaffrrrIIIGOORRREnntss
REffrAgggeRaaattE
RRReeeFFFRRRIIGerrAATTTEDDD
RuuuFrrrIGeeRIITeeeS
rrreFRRiGeeerrraaatIIInGGG
RuuFFFRRRiiigggeRAATTUUUon
rAFFFrrruGGGorrraTTiiOOnn'SS
rrEfffrOOOGEErrotIIr
RREEEFFFrrUGEErruuTToRR'SS
rEEFRRuuuggurrrAATTeRRRS
RRRiiFRAAZZU
rrEEEfffRRRaaZEN
rrreffRRRYYY
reffss
RRREfffTT
REEEffUEEELLL
RoFFuuAALLEDD
rrrAAAFiiioooLLLiingg
RRRAffIAALllIIDDD
rreeFaEEllllllIINNNggg
RRReeffiiieLLLSSS
RRIIIFeggoo
rEFUUgeee'sss
RReFFFaaaGGGeeoo
rAAFeeeGOOeee's
rrreFeeegeeESSS
RRUFFFIIgggIIISSS
RRROOFFUULLLggeeenCUUU
RRaaFeLLGoNNNcccii'S
rrrAAAFUlGGGiinttt
rreFAALLgginTlyyy
rraaafffUNdd
RREEfiindd'ss
rrrEEFUUnnndddABBLLLee
RRREEEfOOnnDDUD
RReeeffuNNNDDiiinnnggg
RRREfffuunDsss
RRREEFUUrrBooshhh
RROFUURRBBOOsHEDDD
RRREEEffEERBIIsshheees
rrrEEFuuurbbbuuSSSHHHiiNNgg
rrrUUffuuRRbbisssHMennnTT
reFFUUUrrbbiSShmEENNNttt'SS
reefffUUrrBBBEESSShhMMMEEEnnntttSS
ReFurrnuSHH
rrEfuuRnOshhIDD
RRREEFFFIrrrNNISSSHeeeS
RRAfuuurrnISSSHHHIINNNGG
rEEffuuusaaaLLL
rrrEEFFUUSSSuL'SSS
RRReeffAAssAAAlllSSS
RRRAAAFFFooosssOOO
rrIIIFisssAA'S
ruuFFFUsUUDD
REEEffAAASSSoonOOOKSSS
RREEEffUSSSes
RRRIIffOsssiNNg
RREEEFuuutttebbLLLuuu
ReeeFFFuuuTTTOOBLLLY
RRREEEFUUTaL
rreefffuutttAAATTTUUOONN
rrrUffEEETaaTTEEUUn'sss
rrEFFUtATIIIaanS
RREEfaatttAttIVVAAA
rEEEffuuuttee
RRREEEffOOOtttuuddd
RRReefuuttAAAR
rraaafffUtEEERR'SS
raaaFFeetttAARRS
rEfEEtEEEss
rrofuuTTTuuunng
rrriiggOUUNN
rrrAAgOAANOOD
ReeegAAIINeeNNNg
RREEGGGooINNNs
rrrIGell
REGGUUULE
rrAAGGGALLLeeDDD
rrEEEgggEELLiimuuunnTTT
RRuugIIIlllIIIMannTTT'S
roooGGaaaLEEsss
rUGGGaaLLIIIII
RRRAgggAAALoA'sss
ReGGiiiLLooonnGG
rrAggguulUTY
rrEGGAAAlllyy
rrUUgggerrddd
RRuGGGEErrrDDD's
rrriigggAArrDaNNt
RuuuGAARDDuuDDD
RRRUgaRdddfIIll
RREEGGGAARdddUNNgg
RegEERRDDDlllUUUSSSss
RRiiigAARRDLLLESSSSSSllY
reegggAAARRDs
RRegggAAArDDSSS'sss
rrreegOOtHHHEERRR
rreeGaaaTThEraaaDD
rAAAgUThheeerEnG
rrrEGGGatHHeRRRSSS
regaatttE
RagAttttaa'ss
RRRaaGGuuTTTttteS
RReegEEeeRR
RReeeggUUlAAAttEE
rrreeGGEElaaaTTTOOONN
RRREGiiNNNCEEEos
rrroogggeeeNNCCyy
RAggEEENccy's
rrreGGeeeNNEERRaccYY
RRREEEGGGEEENIIRRAAACyy'sss
reGGENNerraaTTTe
rrrEEEGEEnEEERRATiid
rOOGEnnEEErrraTTUUUS
rrEEGGGuuNEEErrroooTiNNgg
RRREGEEEnnnurrAAATTTiooonnn
RREEEggEnEEERaaTIIINNN'SSS
rrraaaGGGeNNEEErrraaattIIIoonnsss
rrrEEGGEneeRRRaatttiiiVVE
rrrEGeeeNNNIIIrattOOORR
rrrEEEGennttt
RiigggiiiNT'ss
RRROgeNNTsss
rreGGaarrMIINAAAtttE
rrreeGGGGaaaa
reeGggEEee'SSS
RRReeeGGEEcciiddaalll
RRReeeggAcciiidddee
reeeGacAAADaaa's
rrUUUGGiicccAddoooS
ReGAAAllldd
RIGiiiMi
rrrAAggemaa'ss
RAAAGIMMMeennn
rEEEGGaamoNN'S
ReguMMMEnnSSS
rrregggIIMMeeeNTT
RREEGGiimeeNNNttt'ss
RAAAGGammmOONNTTTaaLLL
rrrEEGiiMENNNttolllSSS
RRiGGGImmoNTTatAiiin
RReeGIMONNTTTatttIIooonnn's
rregggImiiNNNTTTeeeddd
rrregIIMMEEEnnTTIIIng
rrrEEEgiiimooNTTsss
RUUggIMMMeeSS
rrEEGGGaOOnn
roGGGIIIennn'S
rrrEEGGGAONaaalll
rAAAgggIOnnaaLLLAAAsssM
RRuGGGaiiinaalESSSmm'ss
rrrEEgIEEEnnnUUllliSSSMsss
RuuuGGEOOOnnIIIllllly
RREGiiooonSSS
rrrAAgiiSttteer
rEGGiiissttooR'sss
rrrEEGIIsTTTEErraaaDDD
rrEEgIIISSStErrAAAnnnGG
rrIIgiissTTTeerrs
reGGGiiiStrrrIIIbbblU
RReGGGUUssstttREEEnnnT
RRREggeeesssTTrrraannTTT'SS
RREEEGIIISSTTTrrOnnntttss
rrregoSSStRRaaRR
RRIIIggosttRRRUUR'S
RRRuuGGGIssstttrrrAARRSS
ReeeggIISStttRRAATTUUoon
rrriGiisstRRAtoONNN'SS
rreegIISSttraaTTTiOOOnnnSS
rEEgggISStRoeeeSSS
RRRaaaGGESSStRRYYY
ReeegggiiisssttRyyy'SSS
RRRIIgggIIVVe
RRRaGllleeeZZa
rrrOOOGGLoottt
rrreGnnnOOOl
RRREGGnnUUNT
rrreeGEEEllEEttth
RRRiiiGoooRRGooo
REEGGGIRRGGAAd
rrrIGGERRRGGiisss
reGGOrrggaaNgg
REgrrraaadE
RRReeeggRAADDEEED
ReegggRRRaDDDeSS
ReeGGGRRRAAADUUUNNGGG
rreeeGRAAATeee
reeeGGrrruuuSSSSSS
RRREGGRRRuussss'S
rrEGGRRReSSssEEddd
rrroGRReeeSsEEESSS
RREEGGGrrrIISSSssAnGGG
RegggrESSSSSIEEENNN
ROGGGrriiissssauunnn'SS
rreGGGrreesssIIIOnnSS
RRaagRRReSssIVVUUU
RRRuuGGRRRaaasssIIIvEElyy
RRRigggRESSSSSSiiVeeNIISSS
RReegggrrreeeSSSSoR
rreegrett
RRRiggrrreeeTTT'S
ruggrrrUUUttfffuLLL
RRREEGGGRReeTTTffuulllYYY
rrreggRRRETfffuullnESSSSS
ReeeGreeetsss
RRoGRREEEtttTTTaaabLOOO
rrrEEEgRREEEttttaBBlYY
RigrrOtTTOdd
reGGrrrooTTTTTer
rEgReeetttIIIng
ReGGGrrreew
rroogggrrinnnD
rrEEggRRRaaNNNdddIIInnggg
RRReeeGroooNNdSSS
rrriiGGrrrooUNDD
rrogRIIIuPP
RRReeeGGRRAUpppeeDDD
riggROOOIIPPInggg
reegggROOOEEEppss
rrAGGGrraaaWWW
rOOGGGROOOWiiinnnGG
regggrruuuWWWNNN
RRREEEgggRRRuws
rrrOOggroowTTh
RREGGGrooWWTH'SS
rrIIggUUUllEEEbbbllEE
rrEEGGuLaar
rrrUUGaaaLLoooRRR'S
rrEEEgggelllarrriTiiiESS
RRREEEGGulaaaRRRiiitY
RRRegaaalllaarrrIIItttyyy'sss
RRiiigEElAARReeeZZZATTTOOOOON
rrrEggullaaRRiizzAAAttiun'SS
rrrIIIgggaaallOOrrriiZZZO
RRooggaLuriiiZUUd
RRRaagUULarrriiizUss
RReeGGIIlaarrriiiZZinggg
RReeGGuuulllAAArllyy
rrUUUGGuuulllaarrrS
rrrEgggiiLLLAAttteee
RREEGGGOOOlllEEEtteeeDD
ReegggUUUlAAttteeS
rEEEGGUUUlitiNggg
rEgguuuLLOttuuuiiN
RRREEggoooLaaaTTiiiUnn'sss
RREEGGeeluuutttIIeeenns
RREEEgggUUULLLaaattAvvvEEE
REEGGGuullAATTTOrr
reegguuullloooTTiiRR'SSS
RROOOgelllattiirSS
rrreeeGGeLLLaatttOrY
rrrAAGUUUlllus
REEEGGGooorrGIItttaaaTaaa
rrEEEGUrrGoTTTatttiDDD
rAAgggUURRGGGIIItiiTTTOOss
rrEguuuRGGAtttEEETTTiNNNGG
rreGirrrGutOOOtttiiAn
rEEEgggUUUrrGiittaatttiiinn'SSS
rEEhhheeBB
Rehaaab'ss
RReeHHaabBeeed
RRReeeHHHAbbbbbINNNGG
rrUUHHHeeeBBiLLLaTaatooo
raaahABIllaaaTTooTTuuuDDD
rrooHHHaabbiiiLLIIITTTaaTEESS
rrrIIHHABBiiLIItttIIITuuNNNggg
rrriihhhEEbbbuullIttiitOOOOONN
ReeHHiBBBUlitattIOONN'SS
ReeehAAbbbIIllleeeTAAttuvvE
RIIIhhhAbbbS
RREEHHHaaannnDDLLLEEE
ruuHHHiingg
ruuhhaaNNgggeeDDD
reeHUUUnGGGANg
rOOhANgSSS
rrrAAhhhaaasssH
rreeehiiisssh's
rrrEEHHHoossHHUDD
RuuHHHaasHisss
reeeHooSSSHHennnggg
RRRoohiiiaaR
rAAHHiiUURRd
rEEEHHUUOORInnnggg
rruHHuaarinnng's
RRRaaaHHHEOOORRAnnGGGSSS
rEhhIIiiiRRRss
RRREEHHEEEEEERRRSUUlll
rrriiihhIARRRsaLL'S
RREhhhaaaaaarrSAlls
RRRohhaUUrsEE
RRRaaheAArrSSEEED
rrrEEEhEEEOOrsssEErr
rrreeeHHHUUUUUURSASS
RRRAAAHHeeeArrSiinnnG
RReHHHuuueeeTT
RohhhoAtttuddd
rrrEHHeuuTTIIINNg
RRReehhiAAATTTS
rreeeHHiiRRRAA
RRREHHHiiraadd
rrrEEhOrrrOOs
RRRehhhIIRRiiing
RReeHIUUUssaa
RRRuhOOOasssOddd
RRRehoassEEs
RRUUUHHiIIsoNNg
RReHHHuunGGG
RRRUUUhhhydRUUTTTE
RRRaaaIFFiiiCCCAAATTiiiOn
RReeeiiiffficccatttAAAoonnS
RRRuuIIIffaaCCCaaTarrYYY
ReeeIIIfffiieeeDD
rEEIIIFFUOOS
RReeeOOOffyyy
RRAAAAFFyyiiiNNggg
RREEEUUUgggnnn
rrrEiiGNNN'SS
rreeeIIIgNadd
RRROOOIIGNNNIIInnnGGG
rruuuagNNiitta
reeaagniitttEd
rrriiIIGGnaaaTTass
rreegggNNItttUnggg
RRAiGnSS
RReeIIImburrrSabLLLOO
ReeeiMMBBaaaRSSAA
RReimbbAARRSSSeeed
RReeeemmBBUUURRRSemEEEnnnTTT
RaaImmmbbUUURssIIIMeeNNttt's
RRRiIIIMMMBBBUUURRRssooommEENttS
Ruuuimmmbuursssaass
rrrEEiiiMMBERRRsssiiiNNGGG
rrrEEEiMMMPPaaarrrt
rrrEEOOOMMMPPPiiirrtAAANNNG
RREIIImmmppOsUU
RRREEIIImmmpppOseed
REEiimmpppOOOSSSEEESSS
riOOmmpppOOSIInnG
RRREEemmppIsIIITTiiiUUUNNN
RRRaIIImmmPuuuSIItttiioNNNS
rrrUEmmPPPRReeSSSSSS
rEEEiimmmpprreeeSSssIonnn
rreiimmpppRIIISSSIIInn
rruueeNN
rEEiiNNN'SS
rrOOOINCCCArrnATTE
rruIInCAAARRNNattEEEdd
RRREaaanCCooRRRNNNaTEEES
rrreeeIIINCOOOrrrNaaTTTuuunnG
RRROINccArNNNOOOToooAAAn
RRReAnnnccAArrNNeettIOn'ss
RRREEEENCaaRnnnUUttiiioNNS
rruuuIInnncccoooRRRPPEEroTTTEEE
rreeeIInnccUUUrPParrrEttEED
reeiNCCCoorPPPAROtEEEs
rrEEInCCCOORpppEERRRAATTiiiNNNggg
RREIInnnCCCARRpppORRRAtiiooNNN
RRuiincccOOORRRpppeerattIIIEENN'sss
rreeeiiinnCUUUR
rrEEiindUEER
rriENNNDDeeeerr'SSS
RaaaOOONddeeeiiirrrsss
rrooiiinDUcceee
RRRaIINNNeeDD
rrooinnnffeeCCCTTT
RRReeINNNfeeCCTAddd
rrieeeNNNffeecccTTOnnnG
reoNFEEEcctteON
RRREINFEEECTTTIIIoooNN's
RRREiinFFFOcccTTTUUUAAAnnnS
rrreeeaanfffaCTTTsss
RRRIINNFFFllUUMMooo
rrooiiNfUUUrce
RREiNNNfffAArrccEEDD
rrEEIINFFoorrrccaaMMEEENt
REeenFFFORcceeMANTT'sss
REEEenFuRRCCIMIIIntttsss
raaaooNFFOORCCCEERR
RRaIIInfirrrcccooRRRsss
RRReIIInnnffeRRccceeSSS
reeannnFFFOORRRCCCIIInngg
rrruuiiNFuuuSSSee
rreeeAAANNFAAASSIIOON
RREEEiiiNAAnnGG
RRAAAINNNiiTTUUileezzzii
RRReeeAnIITTiiiilllUUUZZZOdd
ruuANNOOOCuuLAAtEE
rraaaeeNIICCCUUUlllaaattEEDDD
rrrEEEINNNecolllAAAteeSS
rrrIUUNNNOOOcAAllaaattInnng
rrUUEnnniicUlAATIIINN
rreUUUNNsss
RReAAAnnsscrrriiBBiii
rOaaNNseeeRRt
rrraaaiNNSSEERtteeDD
RRRoinnSSEERTiinnng
rreeeiiinnSSOOOrtttAAAON
ReiinnSSaaRRtttIAAnnn's
RREEEeeeNNsERRTsss
RRRAAoNNNssspppEccctt
rrrOOOeensspeeeCtttud
rrreIINSSSpppEccctUNNG
rrEEEooNNSSSpppoooCCtttss
ReeIInSttAlll
REEEeeenSStAAALLllleeDDD
rreeINNsTTTALLlllaannng
RRRaaoNNsssteette
RROOeeNNsstooTTeeeD
RRROOOiNNNSSSttAAATEMMMANNttt
RReAAnnnSSTTTUUTTTEMMeeNNT'sss
rEIInsTTaTTTuuSS
rreeeiiinnnSStAAtttaaaNgg
rraaaoNsssTRuucTTT
RROOOooNNsssuRaaaNNcccE
RuuuiiiNNNSSUUrU
ReeeiiNNssUUrEdd
RRRaaaONNNsIIIrrrAAAsss
RRRUUUIIINsiiiring
RuuuooNNNTTTEggRaTTTiii
RRREEEiiinTOOOGGrrraattID
RIUUUNNttteeGGGRaaaTiiSSS
rreeeiiNNtEEEGGREEEtinnGG
roonnTTeeggRRIIITTiOONNN
rreoooNTTeeegRRaaatttioNNN's
RieeeNNTTEEErr
rrUUUINTTeerrrPPPrrreett
RRReeInTTEERRPPPretttaTTTIIONNN
ReeeInnnttterPPRRReeeTaatAIn's
rrrOOOiiNNtttEErrppprEEEtattEEEOOnnsss
rrreeUUUNNNtttEErrrPPPRRRetEEd
RaauuuNNTTiiRPRetttuuuNg
rEEEOnnnTEErrrPPreeTTSSS
REEiNNNTRRRAddUccEEE
rrriiOOOnnTTTrOOdICCCEEED
rrreiNNNtrrriidduuccceeess
RIIIUUNNNTTTrrUUDDiccciiinGG
ReeeiNNTTROddUcccTiioNNN
RRiiuNTTRRRuuDucttiiioonn'SSS
rraiiNNNtttrrriDuuuCCTTIOONNs
RRReeeEnvvAAAnnnTTT
rrUUenVENTaD
RRRoInVVeNNTTTAAnnG
reIINVVeNNttUooonnn
rrrEEIInvvUNNtIIIoonnn'S
RUiiiNNNvvoNNNTEEooNNNs
rrroeeennvvvEntttss
reeiNNvoooStt
reInnvveSSttEdd
rUuNVVEEEssttUUggOTTTooo
rrOOOooonnnvveesssTTTigeeeTTTAAAOOONN
rEiiiNNNVVEESSStiiinnGGG
RRRiiiiiNNNvvEEEsTMMMInnntt
rrAAAinnVeeStttMMMeeeNt's
roooInnnvveeeSttsss
rreeeIInnVVaaGOORRRATTTO
RRuuUUnnvvvIIGoorraaattEEDDD
RRRuuIIInvvIIgORRRITTToSSS
rrEIInnnvIIIggaaaRRaaTTAAANNGG
REEEiiNVVVIIGGGaaarrrOTTuuiNNN
rruuuISSS
RRAAAASSSsssuee
rAAAiiiSsAAuu'SSS
rrEooSSSSIIeeed
RRReIISSssUOOs
rreeeEsssssOOING
RREITeeRuunt
RRREUUUTTTeeRRiiTee
REEEIITaarrOTTeeddd
rruaattEEERRAAATTTOOOS
rreeeetttIIrrraaatttiNNg
RRROOOIITTTeRRRAAttioNN
RREiitEErrrataaOOOn's
rreoooTTTIrrrAAATIOOONNsss
rEIIITEEEraattiVVVAAA
rrruuuOOVVVEE
RREEjjjiccT
rrrEEEJaaccttt'sss
raajOOOcTooDDD
rEEEJJEccTTERRR
RuuuJJJectIIInnngg
RRaaJEEcccTIIoon
rrrejjEcTTaoNN'SS
RejeccTioooNNss
RejjaaacccTss
REEJJiiiG
rrEjigGGuud
rreeJJeGGGErr
rrEJJJigGGEErredd
ROOOJIIIGGGEErrreeNNgg
RRRIJiiGggeeerSS
RRRIIjjeggggIngg
reejjiGGGSS
rrreejjjIIiiiCCCEEE
rrrUUjjjoiCeeedd
RRREEjIeeceerr
RREjjoooIICEEEsss
rrUUjooiiCIINNNGG
rrreejOOEECCuuuNgg'sss
RRRIIIJEEEOOOCUnngggss
rrEEEjjOOuun
RRREJJooonnndderr
RIjeOOONdER'S
rrriiiJJJOAnnDDDAARRRSSS
raaaJJoonneedd
REJJOOinnUUnng
rreeejoeeNNsss
RReJAADDDGGe
rriijooodddgeeeD
rAAjjuuDDgeees
rrrEjjIIDDDgggiiinnnGGG
REJJJaaaVVVeeeNNNaTTII
RRRojjjUUvviinAAtEED
RRROOJuVVEEENNNetOOOss
RejjjuvuunnnAAATTiNg
REEJuuuVVEEnnnaaTTTOOOaaann
RReJJOVVVeeeNNATTIIION'sss
RRReeejjiivvveeenniitttOannss
reeejaaavvEEEnnuTOOr
rrruuKKKinnddLuu
rrIIIKKiNdddLEEdd
REEEkEEndlleeeSS
RRekkkIIIndlllaaaNNNGG
rIIknnittt
RRReeelllAAABEL
RoolllABIIIlEEDDD
RaaaLLLEEEbbbEllAANNNgg
rrralaabEElllLLLeedd
REllaBeeLLLLLIIINGG
RReellIIBEElsss
rrEEElllAEDDD
rOOLLLAAApSee
rrreLLiiiPPSEEE'SSS
RReLAAAPPsssEEDDD
reeelaaappssUURR
RReeeLLLAAPSSeeS
RREELLOOppsssiiinnGG
RRRIIlIIttAAbbbLLuu
RELAATee
rreLLaaatttEDD
RRReLLLITTTaDDnaaSSSS
rrruuLLLaaTTTadddNuussSS'S
rriLLLATTEERR
rrrEELLUUUTErrr'S
RRREllIIItterrSS
rEEllAAAtttES
rrrIIIlllaaaTTTiinnnggg
RRReLLLaaaTIonnn
RiLLATTTIooN'sss
RReeeLLLaaatiONeeeLL
rreeelllIIITaonnoLLLLLLy
roLATTTiiiooonnnS
rrraLaaTaAAAnsHHOppp
rreLLaTTiiiInnnsssHOOp'S
RRuLIIITTTeeOOONNNShhhIIIppsss
rrrEELiTTIvEE
rreLItttIvvvEE'SSS
RRalllAtaVuuLyyy
reeeLLAATIIvveNNuSSSSS
RREELLLitIIVAsss
RRelatovvviiSSSmmm
rrIIILaaaTTTUUvvIIIsM'ss
rrrElllAAATIIVVUUssttt
RREEELAAtOOOvvvISSttiicc
reeLoooTTIVViisssttuuCiiiLLLLYYY
RRELLLAATTiiivvvIIstSS
RReeLLUTTTIIIvEEETTTyy
rAAlllaaaTiivveeTTTy'SS
rrrEEELLLiTTTiivvvAAZE
rrrOOOlAAAtaViizzUD
rrreLLeetUUVVIZZZEEss
RaalllatteeevvvaaZZIINNNggg
RaaalllAtttor
rrreelaaUnCh
rrellaOnnnccHHH'ss
rAALLaaaINccHHEdd
rrreeLLAaannCCHHHiiiss
RAAllaauuuNcccHUUUNNGG
rEllaaaxx
reeLooXIntt
RRReeelAAAxxAANNNtt'SS
rrreLuXAnnnTsss
RRRELUxxaaaTTTiiOONNN
RReeellAAAxxxITTTuuuAAAnn'SSS
RUUULLAAAxxxEEtAAaannnsss
ReeeLLAXXXadd
ReelIIIXEErr
rrelIIXAr's
RRREEElAAxIIRS
RRREElllAAxEss
rrrIIILaxxxiiNGGG
RAAllAyyy
RREELLLoooYYY'sss
rellUUUYYeeddd
rrrelllaayyyiNg
rrrelaYYS
rrrElleeeEErNNN
RRREEELEaarrnEEdd
rElllIIIeeRnEENg
rrooolEIIRRRNNNSS
RUULLLiaSAABBBlllu
RRREEEllUUaaasseee
RRELLLEEEOOOSE'ss
RuleeeesUUUDD
ReeelllEAAssErrr
rrOOLLeaaassES
rElEEiisssInnngg
rEElllEEGaatttEEE
REEEllluuugggATEEDDD
RRoollEEgggAAtttEESS
rrrOllegggoootttOOOnngg
RReelEggOTiiAnnn
REEliigggootttIIIooon'S
reeLLLEnntt
RRRALLeeNNttiDD
rrralllOOOntAAAngg
RReeeLUUUntLLLeeeSS
rralleeeNtttlllESSSSLLYYY
RRREELLAAANttlleeessSNeessss
RRREElIINTTLLaassssnnUsSS'S
RREELaNtttSS
rAALIIvvvAnCCOOO
rreellUvvvaaNCCCo'SS
reLLLOOOvvvaaNNccYYY
rrreellleevANCCCyyy'ss
rrreeellAAvvvAAnnnT
rrreeeLLLIVVIntlllY
rrELLLIIIUUBiiilEETTiiSSS
rOllliaaaBilliiiTTTY
RREEELiiiAAAbbiiLiitY'sss
RREEELLLiiiaaBBBLLIII
RRREELUUoobbbLLEnnOOOsSSS
roooLLEEaaaBLLLaaneeessssEss
rroolliUUUBLLyyy
ruuLLiaNcciii
rrrollliEENNNca's
reeeLLLUUEENTTT
rrUULLioooNNtlllyyy
RREEEllluucc
RRReLLLicc'S
rrreLLLiiCss
REElicccTTT
rrooLIIccctts
RRReeelIIodd
RReelliEEEfff
RRElUUUOOOFFF'ss
rrrALLLIIiiiffs
RellUUUees
rrriiiLLLuavvvo
RILLLIIeeeveed
rrreeLLiieVVVoooR
RRooLLeiVVVeeeRR'SS
reeellluuuEVVVUUrSSS
RRReellliiieeeVeeeS
RROOOllAEvIInnGG
rEELLLuugHHtt
rEELLLIIIGGHHHtttEEEddd
RRREEllEEGGGHHHtOOONg
RRIILLLIghhhtSSS
ReeeLLIIIgggiEEEUsEEE
rrrUlliiiggIeeeUUUX
RREElllIgggiiieN
rrUULLLIIIggIIeeeN'S
rrrELIGGiOneeeSSm
RRReeeLLLiGaaooNNiiisssTTT
RRReeeLAAAgEOOOnniiiStttS
RELLUUGGEEoNNSSS
RRREEELLIIIGiiioSSeee
ReLLLIIIGGiiiOOOssIIIttteeUsss
RRAAALLUUggaOSSSiity
RRRAAAllligaaaaaUss
RAAALLIIggIIIiiUUUsss'SS
rUUUlllooggIIUUUsLLLY
ROOOllliiggIIOOUUsNNisssss
RIIILLiiiggIooooosssNNiiSSSs'ss
rEEElllooNNNeee
rrEElllIINeeeDD
rrreeeLLLIIINNEEsss
RRRULLIIInnnIInG
rroooLLLOnnnKK
raalIIInnkkkiiD
ReliiinnKKingg
REEliinQOOiSSH
rraaaLLLIINqquuIsHHOOODDD
RRRIILLennqUEESSSHIIrr
rrrAAllIInnQQUUiiSSSHAAAss
rrellliiinQQQUiSSHHiiiNgg
reeliiNqUUUiiSSHHHMMENTT
RRRoooLEnquuIIIsHmmmeeenTT'SS
RRiiiLLuqqqEARROOOOOss
reelllIqqquaRYYY
rrrEEEllliQuarryyy'sss
rrreeeLLLIQQQuEE
rrreeeLIQuuiiUUOOO
rrreeellliiisssHH
rreelllEEssHH'sss
ReeLLIIISSShhABBLLLee
RRREllISSHHHEEEddd
RRRIIIlAAshhEES
rAAlllIISShhhInnggg
rrreLLLIT
rrreeLLeeVAAAblllEE
RRRoooLIIVVVEEE
rreeelllaavvEddd
RELEEvASS
ROOlllAVVViiiNNNGGG
rrEEElOOAAdd
ReelloaDDDEEEdd
rriLLOOeeeddIIInnnggg
RRReeLLLoEdddSSS
RRReeellooCAAAttUUBBBllAA
RRRIIlOCCCaaTTTeee
rEloocccaattoDD
rEEEllOciTeees
rreeeLLLUUcccattUUnnnGGG
RRRelleeeCCCiiTiiionn
RRREEELOOOCCCAAAtainn'SSS
rAlllocccKeeddd
RRELuucuuNNNttt
RRReeLLLIICt
RElllUCCCTanncccIII
rulOOccTTiiiNCCCe's
reeelllooCCttANNtt
riiilloccTTToooNNTTLyyy
riiillOcttiVVUTTiiuus
RElUCTTUvvOttyyy
RRREEELLume
rrraaalllyy
RRROlllyyiiNG
REmm'SSS
RREEEMMaddAAA
RRuuuMAAiinn
RRREEMMMIIIINdddeeeRRR
rOOOmmAIINNNddeeRRR's
REEMMMiiiNdduuuRRRIID
rreemmuiNDDDeeerrrIIINggg
RRRoooMMMEINDDDaaRRMMaaNNN
rruMOOiiNDDArrs
RRROOOmmmAAOOnnneeDDD
RRRIMMMAAAoNiNNgg
RREMAAuunSS
riiimmmaaKKee
rEEmAkee'ss
RRRemIKKKEEES
RRoooMMMuuuKKiinggg
rrrAmmUNDD
rrAMMeeennndAAADD
rrreeMMaaNNNDDIInnG
rEEmmmaNNNDDDmmmeeennnt
roommaaaNNNDDSS
rEEEmmmEENNNUNNNccEE
rrrEEEmunnnoNTT
rrruuummAAAnneeefIIcccTTTOORRRe
rrrooomApp
REEmmAAApppPEd
REEMMAApppIIINg
reeMMAAAppSSS
RReeMMMerrk
RRRemmaarkk'SSS
rrrEEEMiRRKKKaabbbllluuu
ReeMMMAArkkkablEEEnneSSSS
rremIRRRKAAbbLLLUUUNNUSSSss'SS
rooommoorrrKeeebLLY
RRaaammARRKKKiiiddd
RReeeMAAARRKKONNg
rommaarrrkkksss
RReeMMIIIrrrQQAAOOO
rrremmirrrIIEgge
rrIIIMMMuuurrrRUUUaaaggga'S
rrrummIIRRRRRRIIIIGGGEEESS
RREmAAARRrrriieeeDD
RUMAArrRIIoooss
RRRemmmAARRrrrY
rrreemmUURrrryyyiiNggg
rroomIISTEEErrr
RRReeemmmOOOssToorrUUdd
rrEEmmEEESttEEreeeNggg
rrrAAAMastteRRRss
RRREEMAAAttCChh
RuumaaTTcccHHH's
RRuuuMMuuTCChhhOOSS
RReeemmmAtccHIInGG
RRReeemmaaatErruuuIILLLiiizzODDD
rreemEEOOSSSUUUrrrEEE
rEEMeIIISSEERRReeDD
RRREEMOOaaasurrrAsss
RREEEmmmoooaSSURRRinnGGG
RammeDDDEEEAAAbllI
RREEEmmooodddIaaalll
rrEmmmeedddeeeAAlLLLyyy
reeemUdUAAttiiiiN
rUUMMaDIAAtttOOOAAAnn'SS
rrrEEMMAAAddAEEEDD
RRReemmeddiiiiSS
rEEmmuDiiLLLIISSS
rrEEMEDYY
rrEEEMEEEDDDY's
RRRaaMMMEDDDYiinnnGG
rrUUmmmELT
RRUUUMMeeeLTEEdd
RREEmmmEEEllTTTIInnggg
RRRaaammmEEElllTTTSS
raammmeeMBBEEER
REMMMeMMMBBBEEERAAblle
rUUUMeeeMMbERuDDD
ruuummmemmmbbbIIIrrrAANNG
RiiiMMAAAmmBBBiiiRRRss
RUUUmmmEEEmmbROOnnccce
RRameMMMbbbrrrINNNCCu's
rreeeMMMEEEmBBBRRANCuRRR
rrrEEmmuuMMMBBBRRuncUss
RRReMEX
rrroooMMiGrOtteee
RRAmiGGRAteeeD
REEEmmuuugggRRRAAATTEsss
rooMiggReeTTTIIInggg
rEEEmmUUUgggRATTTooAANN
reeMMAAAliitttarrezzzee
rrreemmooLLLiittarrrizEEd
RoooMIIlllIteeeRReeezzzoosss
ReemmiiiLItiiirrIIZZZINGG
rrrEMMiNdd
rremuuNddIddd
RRReeMMMuuunndEEERRR
RRAmmmeeennDDEErr'SS
roommannnDDeerrss
rOOOMMMIInnddFil
RUUmmmiiNNNddIInnnG
RiimAANDSSS
RREEEMMMIINUsssCaa
RREEEmiiiNIscOOODDD
rrEEMMMUUNNNuuuSCCUUUNcce
rrEEEMMinnnEEsCCEEEnnCCe'SSS
rEEEmiiinIIScOncccEES
rrEMMuuuNNOOOSSCuunTT
RRRuuuMMiiiNNisCCANNtLLLy
rrreeMMeeenAAASccuSSS
rommmIInnnuussCCCiiiNNgg
RREEmIsssO
RReeeMaassss
RRREMMIIssSSSIIIbaLLIIItttYYY
rrEEmasssSSSABBllee
rreMMisssssiibbbLLLyyy
RRReMMassSIOON
rUUmmmOOOssSeeeOOONNN'ss
ReemmmIIsssuuuANSS
rrumaaSSSSSSLLyy
rrrEmIIISssnnnEESSS
rrreemmIISSSsnEEESs'SS
rrruummIIITT
RRRemmmaaatss
REEEmiitttiBllEEE
RREEmmAATtttIILL
rEEEmmmIIIttttaaLSSS
rrEEEMMMiTTTTiNcccE
rrimeeTTTTAnnnCooo'sss
rrEEEMMMeeeTTttiiinnnccOs
RimetttTTEEddd
RRumIIITTTeeeiii
RRRIImAAAtTTTaannnTT
rrAAmmmEEttttErr
ROMIIItttTTEnGGG
RROOOMIxx
rrrAAAmmIxxeeDD
ReeMMiiXXIIS
RRReMIxxUUNGGG
RRReeeMnaaannnT
RRuumNNNaaaNNNTT'ss
rEEmmnnnENNNTSSS
rrEEmOOOddaall
rrrEEMeedeLLeddd
ReemOOOddduLLeerrr
rrreeemmmoodddEEElllannnGG
RRRIMMaddaalllleeD
rreemmmIIdddeeelllllInnnGG
rrremmmEDeeeLLLs
riMModIIffIICUUUTTIIOn
rrrEEEmmuuDDiiFFFYYY
RReemoooLLDD
RRREEEMMMuLLdAd
remOOLLLdddeeennnGG
ReemmmoLDSSS
RRREmannnETTizzzuu
RRREEEmAAANNNSTTTRRRaaaNNNce
rEEMMMonnsttraaNNNcEE's
rrruuMMUUUnssttRROOOnnCess
RRRUUUmmmONNSStttrrrAAAnTT
RRRoManSSStRRAntt'ss
rrrEEMMMOOONNNSTTTRRAAANNNttlyy
ReeMMMooNNSSTTTrAAAnntSSS
RRRIImmmOONNNstttRRRAttaa
romOOOnnsTTrrriTTTeed
RoommmOONsssTTTRRRAAATTOOSS
rrrEmooNNNSSSTTRRAAATTOnnnGGG
RuMMMOnnSStttrraaToOONNN
RRReeemmonnnSSStrrAAAtiiIInSSS
RROOmmONNNssTRAtAAAvveee
rreeeMMOnSSTTTrrrEEETTEEEr
rrrEEEmmeeNTTTAnT
rrEEMIIrroo
rrrEEEMMEERaass
RROOmAAARSSe
rrrEEMorrrsEEE's
RRRUUmmmoRsssEEEFUUUll
RREEEMMOOORRRSSSeeefffUULLllYY
reeMMMerSSEFFFALLNeeeSSSS
rrreemmeeeRRsEELLLeeeSSSs
RUUmmmaaaRRRsOOOLLAAsSSLy
RRReeMORSiiLeSSsNNeSSSS
rEEEmOrrrSEEEllluuuSSssnnAASSss'SSS
rrriimmmOORTTTggguuuGOO
RRRuuMooRRTggIIIggeeedd
RRRAAMMMOOORtGaGaaasss
ReMMMEErrrTTGGAAAGeennng
rriimEEteee
RimmmItee'SSS
RReeeMMMUUttEEELLLY
ReeMItaannasSSS
RReMooTEEEnnneSSSSS'SSS
RRRommmUUtteeR
RooomotEs
reeMMaaaTTTeeesT
RiiMMuTTIOONN
RRROOOmmOTTiiEEENNNsss
rrrEEEMOOUNNNTT
rrrEEmmmoUUNTT'S
RREEmoooeNNTTuDD
RRRuuuMMUUUUUNNNTIINNNG
rEEEmmoooaaNNNtts
RRRooomovvEEEBlllE
rreMMuuvvvAAABLLy
rraammOvAAAlll
rreeeMoVVVAAAlll'ss
RooMMuuVOLLLSSS
RReMMUvO
RRREEEMMAAAVee's
RaMMoVVVEddd
RRooomOOvvvUrr
RREEMMOOVVoorr'SS
reemAAvvvOOOrSSS
RREEMMuveeeS
RRREEEmmmiivvIINNNg
rrEMS
RRRaaaMIIINeRUUTTTaaa
rrreeeMMMUneeRRRutAAAdd
rrEEEMMUNNNEErrAAtttEESSS
RReeMMUnnneRREETTIInnnG
RRiiMMMEEENNEEErraaaTIIIIIN
rreeeMOOnoorOTOooonnn'S
RRaaamUUnneerrraaTOOOOnnnSS
RiiiMMuuuNaarrATTTIvvvA
RRemmOOOnneRootOr
RRAmmiiNeeerrrUtooRRSSS
rrAnaaaiSSUUNNNCCCUU
RRREEEnnaIIIssSSSUUncEE'sss
RRReNNNAAAAAASSSSannncccuusss
RRREENNoLLL
RRREENNNaMMEEE
RRReNNNaammEEEddd
rreeenniimmmOOSSS
rrIInnnaaMMMIIINNG
RennneeSccEEnCEE
RInnaaasssCENCCeee'SS
RRIIINNassccENcceSS
RRREEEnUUUsCCCUUNNttt
RRRiinOttiiiOOnnULLLiiizzzIddd
rrrAAANccOOOOnnTTeeRR
rruunDD
RRRannnDDaaRR
RRuuNNdeeeRR'S
rrrAAnnnDDDeeerrreed
RINddooRRRarrr
rreeNDeeerrraaNNG
ReeenDDiiRRiNNNGG'ss
RRaaaNNddEriiinnGGsss
RREENNNddorrSS
RRREEENDDDEzzVoooUUSSS
rrEEEnnddEEZvAAAAss'sss
rreeeNNdEEEZZZvvvAuusuuuD
riiindddIIIzzzVoousas
rreeenDDDeeeZZZvvvaaUUUsssInngg
rroonDinnGGG
rreennnDIITTiioN
RRReennnDDDEEEttIIooonnn'sss
rEEnnddditttiiiOOONNNS
rrreeennds
rrruuNeeeggAADDee
ReNNEEGGooDDEEE'SS
RRENNNEgggadaad
rrennaaaGGadEsss
rrreennnUGGOOdinnng
rrroonnnUGGGaaaDo
REEEnnnaaGEE
ronnUUUgggIIIDDD
RRUnnnEGGGEEERR
rrriiinneegggeeRR's
rrEEENeeGGGiirrrs
rEneegAAs
rIIInnEEGGinnnGG
RiiNNNoggoooTIAAABBBLEE
RRROONooogggOOOteeaaaTTTee
rrrEEnneeGoTTeAAtteeDD
rrroooNNeeegggiiiTTTOOOatuuus
RRuneGGGUUUTTTOOaaaTTTIInggg
RReNuuggeetttIaaatttiiiOONN
RRUUNNEGooTTAAATAAAUUnnn'S
REENNAww
ReeeNNeeWWWABlllaa
reeennEWaaall
RinnIwwwaL'SSS
RRIIINoWALLss
REEENNeeWWEEEd
rENEEWWWEERR
rrriinEEEWiiNG
RRROONNNiiwwS
rreenaaaNN
rrroooNNeTuNT
RReeennnneeTTT
Rennnneeet's
rrEEENNnnnIIINNN
RoooNNNiiNNN'SSS
rrennnUUMMMINuuttUUU
rruunnooMMiNNNaaatEEDDD
rrOOONNNAAmmmeNNaaaTTiiiSSS
rrrEEnnUMiNNNEEttUUNNNGGG
raaneeMuuuNNAAAttAAAINNN
RRREnnnUUMMMAANNATTTUUUOOOnnn'SS
rrINNNooorrMuulaaazeettIIIOOn
rrrEENNNOTAAfffEEEccAAAtttiiiUUN
rrIINNNetttoFYY
RRREnnnOOOOONNcEEE
ReennnooiiNNCCCiUUbbLLE
RReeeNNOOoNNCCCEDDD
rrreNNOOOuuunccaMMMEnnnTT
RENooouuuncccEEMMMeennttt'sss
rreeNNNOOOONNNcccer
RReeNNOOUUnnCCEsss
RRREnEiiNNNCCINNG
REENNNAAVVVaaatttee
reenooVVVaTTeD
RAnnuuViTTES
RRunnnOVEtttUUnG
RRaNNooveeetttAAOOnnn
rrrUUNNOOVaTTTaaIN'S
ROONNNooovvutttOOOIIINNss
RREENOOvvvEEEtttoooRR
RREEENuuuvAAttOOORRR's
RRuNNooviiiTTooRSSS
rreeeNoowwwnn
RReeenOOOWNNN's
rrreeNNNEWWWnniiidd
rrrENSSSsssellliiierritttuu
Rentt
rrreeNttt'SS
rrrAAANNTTToobblliii
rrEEEnTTTAAl
RRuuuNNTTTAAAll'sss
rrentAAlllsss
RRIIINNNtttEED
RRREnnttaaR
RRIInnnTTeRRR's
REENNNtEErS
RRReeNTToEEr
RRRENNNTaeeeRSS
rrrEEENTTTIINNNgg
RRReeNNttts
RonnUUMMbErrr
RRiiNNNuuummbbErrIIDDD
rrIINNUUUMMMbbeRRRIIInnngg
rENNUUMbbbuuurrrSSS
RRReeenoonnccEEaaNNNtt
RaanUUUNCCCiiiaaTiiiooon
rEEENNONNNCCeeeAAATTTIIIOnnn'S
RREENNNuuuNNNCiaTIIIOOnSS
ReNIIINNCCiiiattIvvve
RenaaaNNcIAATTuuuRRY
reeeNNviiiI
roooooccCCCUUUPPETTTIIOOOn
rrIOCCCUpaTTTaaaaann'SSS
rreUcccCuuuppIedd
rrEooCCCCCCUUUPPIIIiiis
RReeooCCCCCuuppY
rrrEAAcCuuPyyiiinGGG
rrEEoocCCCUR
RRRAAooCCCCCUUrreed
RRReeOOcCCuRRrruuuNNNcce
rrIAACCuurrrRRRUUUng
rrriOOOCCCUURSS
RRREOOOpppIInn
RRReeoopEEENNEEd
RRUiipeenniiiNNNGGG
rreeoopEnnS
RRReoooRDAAARRR
rrEEErdERRR's
reeeIIrrDEEErreeeD
REEEuuurrrDeeeRRRiiiNNNg
rruuuOORRddEERSS
rreeerrrGGGaaaNIIZZatttiooNNN
REuRRgEEENNNIIzzuuTIEEENNN'SSS
RRReeeOOORRGGGaanIIzaTTTIIIOOOnSS
rrrEEEoRGAAnIzzzEE
reeeooRRRggIINNiiZeedd
RREEOrgggAnnIIIzEEEs
RRRIeeRRgggEnnEZiiNNNg
rrreeeuuRRAAeennnttt
RREEOrrieeentttatttaaa
RRREEOOOrrUUuNttuuutAAADDD
rrOErrrEEeNNTeTTTEEESS
ReooorriEEEnnTiittiNgg
rrEEEeeeROOOenTTataaeeennn
RRRiorrUUUEENNNTaTTIooNNN's
RRReeeoorrriieeeNTTTeeDD
rrIIOOrEEnTTuuunng
RRREEEorraaauuNNNts
RRREPP
RRReep's
rOOOPPPAACk
rAAAPUcKKAAge
RAPPeeCCkaaGaaD
rrEEEPaaCkeeeggESSS
riiippUCCCKKAGGGuuNggg
rrrEpaCCkeed
raaPPaCCkkIIInnnGG
ReePAcccKKS
rOOOPPPAIDDD
RREEEPPAAINTT
RApppaINTTTUUDDD
RReePPPAAAiiNNNtttIIIng
RooPPuooNttss
rrrEEEppuuIIRRR
REEEpppaaurrr'S
rEEEPAAaRAAbLLLaaa
RREEEpppaaaoorrEEEdd
rrroPaIIrrreeerr
rrreepppIIOOOReerrr'sss
ReepaaaIIIRRRersss
rrruPPPOiRINNNG
rrraaapAAuurrmmann
reePPaauRminnn'SS
rrruuupUuuRmmoNNN
rrreeppaaIIrrS
RoPAIIRRwwwuMaaaNNN
RRREPPPAAnnDD
RRRePPiPPPaaaRR
RRRAAPParrrAABBlEEE
RRReeeppAARiiibbblYYY
rrEEEPPaaRaattOOOOOn
RREEPPPIIIrutttEEuun'SSS
RRREPPPERRRAAATiiiEEnnS
rrrAApppAARRRaTTTioNNs'ss
rrrEpppaRRaTOveee
RRREEEPArrrAATeryyy
RReeePaaRRRtEEa
RIPPParrTTTIIE'S
rrOPPPEErrrttuTTIIIIn
rrrUUUPIrrrtttaaTTAAOOONNNEEEDD
RRRuPaaRTUtIIONNiiiNGG
RReeeppaassss
rreeepIISSSt
RRREEPPossTTT'SSS
rrrEEEppIIIstttsss
REEEPPPAAAtRRIeeeTTTeee
REppEEEtRRRAaaTTi'S
REEPPPAAAttrrruuuTTOOdd
RROpppEEETRRiiITuss
RaaaPPPIITRRIIaaatttoNNG
rooopaaTTTrrriiiAttiuuNNN
rraapiitrrriaaatuuun'sss
RRUPPPIttrooAttoOOOnsss
RuPavEEE
rrrIIIPPaved
RRREEEpeeVVVoooSS
ReeePPavOnngg
rrrippaaYY
RRREPPAyAAAblle
rrreepaYiiinng
rUPPaayyMeeennttt
rrAAAPPPaYYmmmAANNtt'sss
RIPIIyyyMMEEEnttS
REEEPAYsss
RRiiPPPEEEeL
RRAppaiiil'S
raaPAAAALebLLLeee
RepEaallleeeddd
REEEpaAAlliiirrr
rrrEEEppuAALLinnGG
rrAAPPPeeeOOLLLs
rePeeeeeTT
rrEEEppuett'sss
RRIPPPEiTTTabEEEllIIItYY
RRREppEEaatttABBBLA
rrEEPAuuTabbbLYYY
RRReeePEATTeeDD
rrrEEppeeeAAAtttedLyy
RReeeppEEAATaarrr
reppiieTTEErr'SS
RRReePuuAAATTiiirrrS
rrrEpppeaaTTInnggg
RRRePPPeaatiNNNGG'S
RReePUUUOOOTSS
rooppECCHHoogEEE
RepppEll
rrEpeLLLLaNNtt
RRRUUPPPOOOllllAAntt's
RROOppelllLLAAnnttS
RRREEEppeeellllAdd
RRReeppelLeeeNNccI
REpEEElllllOnCCYY
RRRiPPPELLLOnT
RRiiipppeelllllENt'SS
reeePPPEEEllLeeennTTly
RREEEppeeeLLLOnTTTSSS
RApppEEElLeNNG
rIIIpeeLLLinnglllyyy
RRROOOPPPEEElllSS
RReeeppIIIntt
REEEpppInnntANNNccII
RREEEPEENttiNNCCEEE'S
rrAPPEEnnTAAANNNT
rePPPEEnnTAAnnTTLY
RREEPPPUUNNttteD
RRRuuuPPPiiiNNNTTTeeer
rupppeennntttinng
rrreePPPeNTTTSSS
repiiooppLLEE
raapperrCCCEEsssSSSiionn
rrriiPPUrCCUUssSSeeiiinn'sss
repppERRcccUUSSIIins
rreePPUrrccOOOSSSIIIvUUU
rriipUUURRtttOOOooREEE
rreeePPUUUrrrtttOOiRREEE'sss
ripEEERttUUAArriiss
RReePPPOrrrTTooorrriIIIl
rreePPPiiirTOOORRRiioos
RRRUUPPeertttUUURRRYYY
rrreeePErtttOOOrYYY's
RRReeppeteeND
rrrEEpoooTTTeeetttIOOON
RaaPPPeeTTTItttiiioNN's
RRAPIITootiiiEEEnnnSS
RRIppOTIITTTuuuOOisss
RRRiipuuutatttEeAASLLLyyy
rEEEPiiititttiiIAAAsssnnnEEEsssS
rrePPPeetiiitteeeOESSnnnEEssss'SSS
RRReeePPPooTTIItooovvvee
RRRePEEETTTootttIIvvAALY
RRuupppEETTIITTEEVVVeennnESs
rrEEEpEEtttiiitttIVVVinniiiSSSss'sss
rrrIPPPhhhEEETTTogrEEPPHH
rIIIphhhOtttOggraaaphhiiD
RRRaaaPhoottEEgggRaPHHHANNGG
ROOpppHHHaTeGRiPPHHs
RippphhRRRIISSO
RRuuuPPPHHHRRRESSSeeddd
RRRiPPhhRRISSSEEEsss
RRReePPPhhRAssEENNNgg
rEEPPPiiiNo
REEpunnneeeD
rrrePiiNNNeer
roopuuuNNNooSS
REEPPPiNNINNNGG
RiiipppLLLaaccce
rrrEpppLuuCCCeeaBle
rEppLaaCCCeeed
rrruPPPllAAAccOOOmEnT
REEEppLLLaaCeeMMEEENNNTT'sss
RRReeePPPlaaccEEmmEEnnTTTS
rrUpllAcccEErrr
RRREEpleeeccEESS
rEEEPPPlllAAcceeNNNgg
RRRuuppllOOOnnT
rAAAppLaannttoDDD
RRupLLLIInnnttEnnngg
RREPPLLLAAnnTTsss
rrePPleeeYYY
RREPLLaaaYY'SS
RRePLOyyaaaDD
rrEEppplllaayinggg
rrEEEppllaYYS
REpllluuunIIIssh
RRReeePPPlllOONNNISSHEDDD
RuppleeeNNNiiSShEEEr
reepleeeNiiiSSSHHeeeSSS
rrEEEpppLLLEnnOOsHHHiiiNNNggg
rePPPLLLeenniiShmmmaaNNNttt
RRReppllenAAAShhhmeeenttt's
RREEEpppllEEteee
rrrUUUpplllEtteeeDDD
RRAPleeTUUUNNNeeeSSS
ROOOPLEEttENNaaassSSS'SSS
REEpppLiiittEESSS
rrOOPlleeeTInG
rrEppLLLiiTIIIaann
rrEppLLEEtionn'ss
RReepLLLeVVVAnn
rrrIIplllAAAvvYY
rrropLOOccaa
rrEEEpllIIcccoo'ss
RReeePLLOOOCAABBUUUlllIIItYY
rrrAApLLLICCAAAbbbllo
REpppLLicceesss
rreeepppliccUUUTTu
ROPPPLIcccUtttAAADD
rreepLLiiiCCCATTTIISS
rroooppluuucEtttInnG
rIIIPPPLLOOCCCETTTIunn
RRReePPllliiCCCAATuuoNN'SSS
rAPlliiCuuTIEEENNNS
ruuPPLLLAAAcccuuttuuuVVVeee
REEppplICCUUTTOORR
RRePPPLeeCCUUttiiRSS
rrruppLLLIIEEDDD
RRRepLLiuR
RRReeePllliiiRss
ROPPllEEES
RRePPPlooTTttaaddd
REEEpppllyy
RRREPlyyy's
RAAPPLLYYYEnnggg
rEEEppePEEElootI
rraaapOOPPPuuLaTaaDDD
RRROOpOPeeeLLAATUUSS
RREEpAPUULLUUtttiNNNG
rrreeePPPIIRt
ReeeppOOrrttt'ss
RRRUUPPPIRRTTEEbblle
ReeppoooRRRttaaaggEE
rreeePPiirrtttAgggII'SS
reePPPooorrrTid
RRepUrrtttaaaddLy
RRIpaaRRRTTUUUR
reeppirTTTeer'SSS
reePPPIrtteeeRsss
RRAAAPEEErrrtiiinnGG
rEppoRTTInGGGS
rrrEEPPPaarTurieeell
rrrEpOrtttS
rrrIIIppooosE
RRRiPPooSeee'SSS
rEEPAAASSSED
ReeePiiiSSSuufUUULLL
RRREppOOssEfffulllYY
RAAPPPoooSSIsss
RooPPooSSSiiNGG
RRRaaaPOOsiitt
RRREEppOOOsIITTTIOOOn
REEPPPAsssITTTiiUNNNeed
rrriiiPPeeSiiTTeeEEENiiiNGG
RUUUppAAsEEttuuuOOnnSS
rrOOpppOSSitoorrIIIuSSS
rrUpEEssoootiiRRRYY
rOOppOSooToorrrY'SSS
RRROPPoooSSsseeSSSS
rreeppooSSSSSSiSSSSSUUUd
REEPPPOssSiSSSEES
rrreeepppooSSSSSAAASSssiNNNgg
RRiipppuuSSSuuSsIIIuuN
repppUsssIIIsssSSiiONN'SSS
rrreeepppOOSSSssEssssOOiiiNNSSS
rrePPoooUUssssssé
RiiPPpp
ruuppPPSSS
RREEpRRuhEEENNNDD
rrrooPPrrIIhhhuunnDDeeed
rrIPReeeHHHEEEnndddAnnnggg
RRROOppRRROHHooNNDDS
ReeepriHeeennSSIBillUUtttyyy
RAAPPREEEhIInSSIIbbolAAATY's
RRoopRRRuuHHeeennsssIBlllaaa
rrreePPreHEENNNSSSiblllyy
ReeeppRRIIHHHaaansssuuuONNN
rroooppRRRoooHHUUUNNSSSioonnn'ss
RApppRResIInnnTT
rrepppRRRiiiseennnTTToooBBLLee
RREEprrriSSeeentaaTTTiiiON
rrrAApppRRRaaSSSiNNNtttattEEOOnn's
RRRooopprIIISSEEEnTTaattiiOOONNNaaall
RReeprrreeeSeNtttEETIIIUUUnnALIIsmm
rEEEppprrrOssaaaNTTTAAAtttiIIINNs
RRREEPPrreesssOOOntaattiiivvEE
riiippprrEEsaaannnTaattIVVVOOO's
REEppRASSEEENttAttivIIIllYY
RRREEPRRRusIInTEEEtOOviiinnesss
RuupprrrEsseeNTTAATTIVVEEEsss
rriipppRRREsantttooddd
rEEPPPRRRiisInnntttiiiNNNggg
rEEPrrreesssOOnnntts
RRaPPPRRessSSS
rrrIIIpRRREEsssssiiiD
RRREpppREEESSsEER
RooopRoooSSSSSEs
rrrEEPrrASSSSSUbbbLLLii
rUUPPPrrrEEsssSIIInGGG
RREPPPRuuuSSIuuNN
reeprroooSSSSiiiOOONN'SSS
rrrEEPPrASSSaaeNNNSS
REEEPREEssssEvee
RRRoooPRREEEsSSuuVVVeeelllY
rriiipppRRReeeSSSSIvennneesssss
RRReeepprrresSSSOOrrr
REEEppRIIcccuuu
RaaaPPPrrriiiCCCIIDD
rEEEprrrIIIccceeesss
rIPRRRiiccINNgg
rrrIIpRRIeeVE
rrrEEEPPPrrriieVo'sss
RaaPrruuOVuddd
rrraPPPRRRUIIIVVIS
ReeepRiiEVUnnng
rrruPPRRoooMMAnDD
RREEEPPPRRRImmmOOONDDD'SSS
rrrEEEprrIImAAAnnDEEEDDD
RRREEEPPPRROMaaNNDIIInnGGG
RREPPrOMeeNDDDss
RUUUprrrIIInnnt
RaaPPRRRinnnTT'SS
ReepriiiNNNTTTEEEd
RRePPROOnTTURRR
rrEEEPPrrrooonnTTTiNGG
rreeePPrUnntS
rEpppRRAAsAll
RReprrruSSSEEELL'sss
rrEPPPRRIIISSAAllSSS
rEPrISee
RReeePPriiisssOOO's
rUPrrrissess
ReppprrosssaaaNNNg
rrrEprrraazzeDD
rrEEEpprrroo
REEpppRAaaaCH
RReeeppprrooouccchhh'S
RRRUUPPPRRROOOEcchEblEEE
RRIIIpROOOeechiiD
RRoPPRRRUUCCCHHEErrr
rrroooPPPrrrooaaaCCHHEEES
rrriiipRRRoooIIICCCHHHFFuL
RRRAppRRUUAChhfOOOlllLLLyy
rrraapprrrUUaaCCCHFuuuLNEssssss
rrrEEEprrrOAAAcchhANNG
rruupRRoEccchhhUUnGGGlllyyy
RepRRRUUUUccchhLLaaasSSS
rEEEPRRaaabbbaaTTeee
rreeepprrroBiTTEE'SS
RRREEEpprrobbAAtEEESS
rrrIIIpppRuubuuTeeeiiiNNN
rEEppprrOObatttOOooNNNS
RReeepRRRObbbeTTiivE
raPRROOCCeesssSSS
RREEprrrEcccEEESSSSSSud
REppprUUUCCCuuussSSees
rrupppRROOCCeSSsAAAnnnggg
RRoopprrraDooCCOOO
rrIIPPPRODDDuuucccEEddd
rEEEppprroodUUUCCCUUrr
rrreeprrODDUUUcceeeRR'sss
reeepRRIIIDuuuCoooRSS
rrruuprrODDDUUUcccEES
RAAAppprrODuuucccubElETy
REEprroodddoCeeeBllooo
rruuuPPPrIIdduuCCCoooBBLLLyy
ReprrrUUUdddUUUCoooNNG
rrEEEpppRRRaaDDDuuuctttIooonnn
rrrIPPruuuDDDuuuctttIIIAAANNN'SS
RRREpprrrOOODDoCCTTiiioooNNSSS
REEEpppRRRooddOCCCttOOOVE
rEEpppreedduuCCCTTTuuuvvvuuullyyy
RIPPPrriGGGRRRiiiM
rUUUPPPRRRooogggrammmEEDD
rrrEEEprroooggrOOOmmmUUUNggg
RRAAPPrrOOgggRAmmmMMMEEBBLLLEEE
RRRUUUprooGGRRRAAMMeeD
rrriPPPrrrigggRRRAAmmmmmiiNNNGGG
rEEpRRReeeGrimmsss
rrrappprOGGrrAAPPHHHYYY
RRReepppRRRoooOff
rraapprrroEEEf'ss
RRIPPPrreeeeFFFiiiddd
RREPPrUUUaafuuunnnGGG
rrraaapprrOOOAAffs
RRIIpprOOOvvaabLee
rrrepRRooovEll
ReePPPRRRaVVVUULS
REEppprrooovvvEEE
rrrUUpppRRiiivvveed
RRREEEpprrroooVVVaar
rreepppRRREEVVeeSSS
RREEPrroovvIIINNNg
RRREppprroooVViiiNNNGlYYY
rrOOPPPsss
REEppptttaaNT
rEppptttIIllEE
rrEEpptIILee'sss
rrreePPTaLLIIs
RRRUUUpptttIIIlluOnn
rEEPPTuullIAAAn'S
rrApppTIllIaNSS
rrrUpppIIIbbbLLLaaCC
RRREEEpaaablliiicc'S
rrrEppIbllAAcccuuunn
reepIIbbbLLIIICAnnn's
rEEEpubllleeeCCCaaNNNeeessMMM
RUPUUUbbblooCCCaannnIIISSM's
REEEPuuuBBBliiiCCCiNIIze
RepppUUbLLLooccAAnnsss
ReeepppEEEBBLLIcccaatttIIoon
RRuuuppuuBBBLLIcAAATIIIOOONN's
REppOBLIICATTTIIIonnS
rrreePPPUUBBBLLIIICss
RReeePPPUUBBBllISSHH
RiiPPPuuubblleeSSheedd
rreepiiibblIIShhhEESS
RRoPuubbbLLLIIISHinnGGG
reeepadddiiiiitttEEE
REEEppOdIeTiD
rrrUppUdiiiaTEESSS
rrrAPPPiiddIAttInggg
rreepppUUUdIootttioonn
RREEPuDiiiaaaTTiOOONNN'sss
REEEPPOOdddAAttuuANNNs
RReeePuddIIaatEEErr
RREEPPPUUdddIIAAttor'S
RRRapeeeDEaTTiRSSS
RAPPuuGNN
rEEpppuuGnAAANCCe
RREEEpIIgggnnnAnce'sss
RRReePPUGnnneennnttt
RuuPPPUGGGNNOnnnTlly
RRRapeGGGNNNEEEddd
RREEppUUgnnannnGGG
RepUUUggnns
RRUUUpppAAALLLSEE
RRREEPuuLLLSSSUU'SS
RRREEEPPPuuulllssEEEDD
rrEPPPuLLLsESS
rUUppUllSInnGG
rrOOOPUlSIIAAAnn
RaapUUULLLsIIIOOOnn'sss
rruuPPPulSIIooNs
rEEPPPEEELLsIIIVVOO
REEppuuuLLssivUUULLYY
rrruuupppalllssiiiVuuNNNessss
RaaaPUULsssIVVeenneesSSS'sss
reePPOOORccHHaSSSE
RReePPUrchAsaaad
RRReeePPPEERRCChhhOOOSSeesss
rrrOpuRRcccHHOOSinnng
REEpeeetAAAbbIIlAAttYYY
rEppUTTUUBBUULUTTYYY'ss
ReeppUUUTTTAAABllEE
rEEppUUUTTAAABBLyyy
rrrEEEPPPUUUtuuTTIIIAnnn
rEpppUUUTTTAAATaooNN'sss
RRuupuutttAATTTiionnnss
RRReeePPPIItO
rrriippaattte'SSS
RRROOOPOOOtaaaDDD
REEPAAAtUDDLLLYYY
RRePPPUUUtiSS
RRREEPPPuTInnnGGG
rrrAQQQuuuEESttt
rEqquoooSSSttt'SSS
RROOOqqqOOOEssstttiidd
RReeeQQQuuEEESSSter
RReeeqqqoooEsTTIInGG
raaqaaaEEEsTTTs
RRREEqqoIEEEM
RRREqqqaaIIEMM's
RUUQQUUIemss
ReeeQQQOOieSSSCAAAtt
RREEqqooiAAASceTTss
rrIIIQQUUirrruu
RRRIIIqquuIIRRRaDD
RRRuQQAAiiRaMAAAnnT
REQEEEiiRRRUUMMenntt'SS
rrIIIqquuuaaRRREmmmeNTTTs
RRUQuuuUUUrrrEEEss
rrrIqqqoooIIIRUUUNg
reeqUEEsEEEtttI
ReeeqquuISSSiTTTe'ss
ROQUiSSEEETeeeLLy
RUUQuuaaaSSSiittess
REEqqUiiiSSSiiiTIIIAAn
rEEqqqOOOaaassIItiiiiinnn'S
rrrEqEIIIsoTTTOOOoNNeD
rEEQUUoositAAAooNeeerr
RRREqqquUssOOOTOOOOnIInngg
REEqqqUIIIsssIITIOOOnnSSS
rriQQQUottAABBBLLEE
RReqquuUUUttAAAL
REEQQQaaaEEEtttEEl'sss
rIQaAtttE
rrIqUUUITTOOOd
RRRUUQQQUUeetARRR
rEEquittteeeRRR'sss
rEqqieTToorSS
rrrEEEQQooiittIIIsss
rrrEEEQQQUUUTTTiinnnGG
RUUURROODDuaTTTeee
RRUURRRuuunnn
RRRUURRUUUeeeDDD
RRoooRReeUUUdiiinGGG
RRReRRReeaaDDsss
rrrirAAccciirrd
RRROOORRRAACCeerrddAADDD
REERRReeeCCCoooRRRdddIIINNNGG
rUUUrrrOOCOOOrrrddss
RRREEreedOOOss
rrEEERROOOdddooosEs
reeeregiiSSSTTTrrrATIIIooonnn
ReerrreeeLLLEEEEEsooo
rrERuuuMMMEuuusE
RRREReeeLLLEEED
RRREEERRROOOutE
rrreeeRROuuuTeeeD
ROOORUUUOtaaas
rrrEErrooUUUTTinnnGG
RERUnn
ReerruuNN'SSS
rrARRRuuNNnnnAANNggg
RRARUUnnnSS
rrrEEsAlaBBBLuuu
RRREEEsaallE
RREEESSSaallee'ss
rreessaaaleeess
RReeSeTT
rrUUUscccALLLOO
RRRiSccALLLEEEddd
rrEScIIILLLESSS
REEEsCCaaLaanng
RROsssCChEEDDUULe
rroooSSSchhhoooDELEdd
RESSScheedduuuLLaaaSS
RRReesssCCHHOOOdUUUlEENNGG
rreeeSSCCooNNDD
rrruuuSccciNNNDDDaBLOO
rreeSSScoonnDOOD
rAASSSCIIInnnDDDiNNNG
rrrEsscuuunnnDDsss
rreeSCCiSsAAAOnnn
RiiiSScUUUsssssiEN'sss
reeSSSCAASssoorYY
REEssscorrU
RREESSccRRReeEN
RRUSCCRIIIpppTTT
rEsccrrrEEpptSSS
raaassCUE
rrresssccuuuAAA'S
RRIIISSScUooDDD
reSSCUUUEEERRR
ressscccuaaaRR'ss
RRReeSSCCCuuueerrSS
RRREEsssCUIss
rreeSSCIIIINNGGG
RREEsssEEAlll
RRiiisEEEAllUUBBBLLu
rEESSEEEalleedd
rrreSEEEaLLuuunG
ruusssEEaaaLLsss
RReeeSSoORRCH
ReessseeeUrrcch'SS
rrreeSSUUUURRccchhhiidd
REEESSeeeuurrcccHeRRR
RRAAssEEEERRRCHHorrr'SS
rEEESeAAArCCHEErrrSSS
rEEEsEEARRRChhhEES
RRRuSSuAAARRRCHHHAANGG
rreesEEAAtt
RRReesseAATTTeed
RRRaaSSouTanngg
RREEESSuuiiiTss
rrrooSSSIIIcttt
rrrUUUSSSeeccTTTooddd
RRReesIcccTiiiEn
rrrOSSSeeeccTIIinn'sss
RRRESSSEEctiOOONNNAAAl
riiSuccTTIIIOOnnns
rrroossEEEdoo
reeSSEDDDooSSS
rOOSSAAAooddd
rrooosEEddEEd
rrrEEEsseeeOODDDiiinnggg
RREseeeODDDS
RRRuSSSeegggrAGGGaaTO
rreSSSoooggREEEGEETTIIOON
RREsseeLLEEccT
RRRIssUlECCtEDD
reSSSeeeLLiiictIAAn
rEsseeeLLLLL
ruuusssELLliiir
RRRaaaSSSellllllOrrss
reeesseelllllINNggg
rrAsssOllllss
rraseMMMbbblloNNCuu
RRReeesssOOOMBBBllAAncu'S
RRReessuMBBBLLaancccESS
rrEEsIIImmmblEE
RREESSSeemBBBLaaaddd
REEssEEEMBLeeess
REESSEEMMBBLLLInnnggg
rrreessennnDDD
ressAANddInnnggg
RREEEssEEEnT
RRReeeSiinTEdd
RReSSSEEENtttffuulll
rrOOOssIntttfffUUlllLLyyy
ReeeSSSENNtfuuLnnuuSs
RREEESiiinnttfffUUULneSSs's
rrrAAAsseeeNNtttEnnggg
rEEsenTTmmmEnnt
RReseenTTTMEEENtt'ss
rrEsssOOOnntmmmiinnnts
rrUUSeeennnTTTS
RRiSSerpiiNNuuu
RRUUsssEERRPPINe'SS
RRREESSEEErrrVebLLLeee
ReeSSEEErrrvvvatttiiiOnnn
RRiiiSSSeervvvaatttIoooNNN'ss
rrUUSARRvvvaaattiuuNSS
rrOSAAArrrVVVee
rrEEEsssAAARvvO'S
rrrEEsssERRRvvaddd
reeeSEEERRVVeDDDlYY
REESSeeRRVVeedddnEEESSss
RReSSSirrVVEEDDDneeesss'S
rUssEEERRRvvEEESS
rIIISSSaarrrVViinnGG
RRESSSuuuRRvviiSSST
rEESeerVVISSSttt'S
RREssEERRRVVIIssstts
RRRESSeeRVVOOOIIrr
rrEEssIIRRRVooIIIr'SS
rrrEESuuRRRVVooIIIrSSS
RREEESET
rreeeSSuuuTTT'SS
RRASETTTs
RRREEseetttttEEbbbLLLEEE
REEESaaatTUUUnnnGG
rrEEESSEtttttLaaa
RReSEEtttlleeeddd
RRRuuuSSSITTTTTllumeeennnt
RReesEEtTleeeMMaaaNNNt'ss
RRROOOSSUTTTTTLOS
RReeesOtttlllUUUnnGG
RReeessEEWWW
RREEEssOOWWWodd
rruSSSIIwwiiiNggg
RRREEseewNN
RRaaaSSAAAWS
rrrEEsshaapppII
rrreeeSSHHePPeedd
rAShAAAppEEs
RReShUUUpppeeenGG
RRIIISSHaRRpOOnnn
ROOSHHHaRPPPEneddd
RREEShEEERRpONOng
rriiiSShhhaRRPPUUUNNs
rrrOOsshhhEs
rEssHHIIIpp
rreeeSHHaaPMMEEnttt
REEEssshhAAPMMMeeeNT'sss
RRaaSHHHappppEddd
rrrIsHHHipPIIINNNg
rrEsshhhoooPss
RRAAAsssHHOOOWWW
reeessHoWiinnngg
RRREEESHuFFFffLLLE
rEEEShhhiifFFllluuu'SSS
RRAAASSShhhuuFFFFLED
rrrasHIIIfffFFFLIsss
RRREEsheFFFLLInnnGG
resssODIII
russIdddeeDD
RRASSSuuddeeeNNceee
RRRooosseeeDannCee'S
RRREEssIIdddEnnncaSSS
rIsssidddeennnciiieees
RReSEdENNNcy
rrEESIDEEENCCyyy'sss
RRReeeSOOddENNT
rrriisssIIddEEENNT's
RROSSiiideNNTTIIIAAL
RRuSidIIInnTTiAAALllly
rrAAssIIIDEENNTOoooRY
rAssaddEEEnnttSSS
rEEsiDDEEEnTssHiippp
rreSSIIdORRR
rreeeSSSodooSS
RRREEEsssUDIIINNGG
RREEsidddUUaa
RRRUUSSiiiddUUal
RRReesssIIddEEEal'S
rrrasUUUdddeeeAAALLLLLLYYY
rrreeSSeeedddEalllS
RIIIssIdUUaRYY
rressIIDDDUee
roSSadddUUooo'ss
rrrOOsiiDIIaS
rrrESSiiiDDuuEMMM
rrrassiiiDEEEUUUM's
RReeSiiiGNNN
rrEESSIGnaaaTTiEEn
REEEsoogNAAttEEannn'SSS
rrraSSSIIIGnaaaTIoons
RISIIgggnnnoooD
rEssIIgnEEdddLLyyy
raaasiigniiNNGGG
rIIISSuggNSSS
RREESSAAALLLeee
RREssIIllliOONNNCE
RREEssILiiENCCa'S
RRReesssilIIAAANNNCY
rreeSSSOLIIIeeNNNCyy'SS
RRREsiilluuuINT
rrreeeSSellluuooNTlyyy
reesssIIInnn
RRReSSinnn's
RRRuuuSSiiinOOOTTTuu
ressUUUNNNAAtteeeDDD
rEsssiiiNNattteees
rrroosooonnIttiiiNgg
rrrooosssEEENNNedd
RRiisseNNNIFFErooIIIsss
RRREEESSiiiNNuuuiidd
rruuussiinnnOUUDDsss
RAAsUUUnOOOUUsss
rrrussIInnS
rruuSSSiNyy
RRASSISST
RRRoooSSIIST'ss
RRReeessuuuSSTTAnnCU
RRRIIssisstttaNNCCAAA'SS
rrEESSIISStaNCCCEESS
RRIsssiiisttAnt
RRRaaSSisssttteeddd
REESSSiiiSSttEErrr
REEEsISTTaaRR'ss
reesssIIssTTTEEERRRS
rrEESSiisstuBllE
ReeeSSISTTTiinnnG
reSSIISSTTTIvvvAAA
rrreesssAAsstteeVVuulllYY
RREsssIIsssTTIIVItY
RRRuuSSSiiisstllUSSSS
rrUsssisssTToR
RRREEESSSIISSTTor'SS
RAAssEssTTTOOrrS
ReeSUUsTss
REssOOT
rrruuusssOOOTTTiiNNNgg
RRuuusoottss
RRESSSiiTTTTTTIINNNG
RRReSizziNGG
REEssNNaaattrrriiiN
RRReeeSiiiCCCuOOOllooZitiOOONN
rrrasAAALddd
ReeesssEElllEEE
rrroSSOLLaaDD
RiiiSSSOOLLLeSS
rrrEssOOlUNNG
RResssiilliiibblEEE
rrrEESSSoooLLLuuuttte
RRREEsAAluuuTuulYY
rreeesuLLaaaTUnnEEESSSsss
rrrAAssooLUUTTEEEnneessss'sss
rroosuuLLuutiaaann
rEESOOlllITTeuuun'S
rUUSSUULLuTOOOOOONNNSS
rreesOOllluuTTIIIVVe
RReSaLLvvvaaaBIILIIttY
RRReeeSOOlvvAABBBli
rreesssilllVi
REEEsOLLLvE'sss
RRREEESSSoollVVVEEEdd
RRRIsuuLVVVEEEnnt
RRESSAlvIINNTSSS
rrreSSSALLVVAAr
rEEESOOOlllVVVuRRs
REEESSOOlllvveess
rrEEEssooLVVViNG
reessOONAnCCCu
rrrooSOOONaNcccooo's
RRRuusssennUUnccoooss
ResooNaaannTTT
RiSuuuNNaaannntLYYY
RUUSSSeeeNNItte
REEsssannnITTuuudd
resssonnnIIITus
RRoooSSUNNNAAATTTiinng
ruusssuunAttOORR
reeeSSSooNNNotUURRR'ss
rrrESSaanneeetorSSS
RRRessoRRCCIIInnULLL
rrIIISOOORRRccciinooLss
RRREEESSSoooRPPttiOnnn
RRiSURRRppTTeeOOnn'ss
rrassIRttt
rreessEERRRTTT'SS
RaaSSuuRRtaaDDD
rrrEsiRRTTTuuunngg
rrAAASSooRRRtttss
RRResOOuuNNNDD
RRROsooINNNdeeedd
RRReeSSSOOuuuNDDDoooNNNGGG
RRESouuunnndduuuNGLLYYY
rrrEEESSiiiUUUnnddss
RUUUSSeOOOrrrccca
ReesooouuurrrCCEE'S
rrraaasssUUUUrrrccaadd
rreeeSaurCCIFFIIll
RReessAUUURRRCCCiffiiiLLLLy
ResseeuurrccIfullNNUUUSsss
rrASEEIIrrCCCIFuLnnEEsssS'sss
RRRiisooOOrrrCEESS
RReeessooouurrrccIIInnnGGG
reeSSSoWW
RRREEESSSaawwwid
rrrEEEsuuuWWEENNG
RReeesEEEWWnnn
rUUUssOWSSS
RRiisPEEECTT
reeessspppEcTTT'SSS
rresssPPOOCCttaBILLITTTy
RRReeSppEEEccctiiibUUUllliitty'S
rEEsssPPPucccTAABLLLEEE
rEssPEEctttuuBllyyy
RRREESSpppOOccctteDDD
RRRiiiSSppiCCCtoRRR
RooossPPPEEECCCTTOORRR'sss
REESSSpEEccTTTeerrsss
RuuusspecTTTffULL
ReeSpppeeCTTFFFUUULllY
rrrESSSpeeCCCtFUULLLNEEEss
rrreeeSppOOOcccTFFullNISSSS's
rreeeSSSPEECCCTTiiingg
RRESSSpuuuctiiiVVeee
RRIIISSSPuuCttIVeelllyyy
rrrESPPeecTSS
rrrOsspaLLL
rrrIssspEEEllloooD
RRRessspAAllLeennnGGG
rrrESSSPellllSSS
RRREspppAlTTT
ReeeSpppIIRiiBBLA
rrreeeSSppURRATTAAAin
rrEEssPPAARRRoottiiennn'ss
RRReeeSSSPPorrreeTTTOORRR
RReeSSSPIIRAAAtttEErrr's
REsppIrrruuTTTorSSS
rrrEESSSPIIIRATToorrY
rrreeessspppUUURee
REESSPiirrOOd
REESPPPOrrruuus
rrriiSSPPerrrANggg
ReeespppuuuTTTEEE
rruSSSPoooteee'sss
RRRuSpITTOss
RRReessspLLENNdddeeennnCaa
REEEssspLLUUUNNNdddEEnCCEE'SS
RRESPlleeNdannCCiiiuSS
rrrEEEsPPlaaannnDDDeeennccyy
rrEEsssPPPlEEENDDEnnttt
rrEsspLENNDDDeNNNTTTlYY
RRREssPPPOOONNND
rEEESSPPPoonddduDD
RRRiSSpppOONNNdddiinnccee
RREEEspEEEnddeeeNNNT
RRRESSPPPoNdddennnttt'ss
rrOsppOONNNdddOnnntSS
ruussspUNNNDDDurrr
rEESSpIIINdeerrrsss
RRRUUssspANNddIIInnngg
resPPPeeNNddSS
rESpppInSSEE
RRReeeSpppooonSSSEE'S
rrUSSSppOOOnsorr
RROsssppoooNseeeSSS
RRReSSSPoonssIIIBBIlllotttIeeess
RREEspppOOONNSIIBBIIIlIIITYY
RReeeSpoNNssIbbuulIItttYYY'ss
RRRoosPPAANNsIIIBBBLii
rrIIIssspeeeNNNssEEEblllOONNNisssss
RROOOspppennnsssubluuNesssssiiis
RReeSSPPPoooNNNSSiiiBllly
RAAAsssPPOOONNsssiiiOOOn
RRuuusspOONSSooVEEE
RRRiisPooNNsuuuVVelllyy
RRRaaaSpOOnssevvooNNNoooSSSS
rrEEssPPPONNNsoovUUUNEsssss'sss
rrreSpppaNNNSSSaaaRRYYY
RRReesssppeeennnSumm
RRessspRRAAAyyy
REESSSPPPROOOYeedd
RRReeeSPPPRRAAyyyOnnggg
rrEEsspppRReeeYYS
rrrASSSSuNtIIIMINNtt
RRREESSTTT
rrrooSSttt'SS
RReSTTAAcckk
reeSSSTTTAAAFFF
RREEEstttAfffFeed
rrossTTTUFFffiiiNNg
rOOOsstttAAAfffFFss
rEESTaaGE
rrreeesstttARRRT
rrresstIrrtt'S
rIIsTTAArtaaablllee
rrreeSStttEERRRttiDD
reSSSttaaRRtiinnnGGG
rraaSSSTTTaaaRRTTSSS
reeeSSSTAATTTeee
ReeSSTated
RooSStAAttteMENNNttt
ReeeSSSttUTTaaaMEEENNNttt'SS
RRRiissTTTAAAtUMMeeennTTs
RRaSSTTuTTTESSS
RRUSTTTaaatttonng
RRussstaaauurrronnt
RRASSTTOOERuuNNT'ss
RREEStUUUeeerrrAAnnnTTTiUUUr
RRReesTTaiiirrraNNNTUUUUUr's
reeeSSTAAurraaNNTTTIIIuuuRRRS
raaStttAAAuuurrruNNttSS
RRessTAIIIrrrETaaUUR
reSSttairraaaTuuuuurrr'sss
RRuSSStauuuraaaTTAuuRRRss
RRResssTTTid
rrasssTeerrr
Reesstttffiil
rrreeessstttfffUULLLLeerr
RREEssTFFFiLLLLLEEEsTTT
rrrEEssTTfffeellLYYY
RRREEssTTTffuuullnneeeSSS
RREEEstttffiiiLLLnnnEEEsSS's
RRResssTTHHARRroWW
RRRostHHHaaarrRRooowwws
rrreeeSSStiiNg
RRIIIsssttatttCCh
RRREStttiTCCCHHoood
RRESSSTIIITCHHEEES
RRosssTTittcccHHHuuunnnG
rreSStttIIITTUUUtIaaNN
RREESTTIIItttiTTTOOOOOn'SS
reeeSSTiiittAAAtiviii
rreeeSSSTTTIvve
REstttOvvOOOLLYYY
RREEESttIVIIInnneeSss
RResTTuuuVooNNUUsssSS'SSS
RRaaSTlllIsSS
REsssTTTleesssslllYY
rrEsssttlllesSnnEEEsssSSS
rrrESttLLLoosSSnnnOSSSs'S
RuussttiiCCKK
rrriissTooCCKKEEEDD
reestttOCCCKiiinnnGG
rrreSTToooCKKKs
rrrEEsstttERRRAABBlaa
RREEssstoorrrEEEtiOOOn
rreeeSSSTTUUUrrrAATIIOOn'SS
rrreeSTTarAAttieeNNNSSS
ReeSSSTuuurrAAATTTUvvvAA
rreStORRROttIIIve'S
rAsstttorrrAtteVVUUUsss
rrEStUUURRe
rreessttorrreDD
reeSTTOOrrEERRR
RRRiisssTTTaaaRIrr'S
rreeesssToRREEERRRs
rrAAstoooRiiis
rASTTOORRIIInGGG
RRRUUssTTTRRaaaaGGHHTTOOnn
rESSTTrriiIIInnn
rrrEEssstRaaainnAbbLLLUU
ReeeSSTTTrrroooIINNEd
reeestttRRAAiiinnnAADDDLLLyy
RRREEEsstttrrAAAIIINNNOORR
rooSttrrrAAAIIInnEEER'sss
resTRRiiiiNoRRS
rUssTTTrrraaIIINNNONNGG
RiiisTTRRaIINNSSS
RRRAssttrrrAAAinnntt
rrAASSStttrreANNNTT'ss
RRREEESSStttRREInntSSS
RRRAASSStttREENgthhEEEN
rresstRINGTTThEENuDD
RRRiiisTTRReeNNNgtheeenIIINGGG
rrrEsssTTrEEENGTThhhoooNNs
rAASSSTTTrrruuccT
RassTTRiiictEEddd
RResstrIctiNNNg
reSSTTTrUUUCCCTiooonn
rrESTTrrreeccTTTIIOn'SSS
rESttrrrEEEcccTIIIONNSS
rISTTTRuuucctOOOvvvu
rrreeeSttrrrAAACtiiiVVEELLYY
RRRAAssTrrrAAAcctOOVVVEEENNNeessss
rrrEssttrrrECCCTiivvvEEENNNEEESSSS'SSS
REEstttRIICCTTTS
rrrOOssTTTrIIkaaa
RReeesssTTRRRiiNNG
RIIIsTTRUUUnGGiiing
RRREsTrrrIINNGGGSS
RRAASStRROOOEm
rrreessstRoem'S
RRReeStroEEms
RRessstttRRuuuCCCttoorre
rrresTTruuuctttarrooD
RRREssstttRROOcctttUUURRREEES
RRREEsstttRRRuuuccTTTuRRRANNGG
reeStttReeeccTaarrriiinnGG's
RReSttrrUUCCTTTURRROOONNgggS
RREStttRRunGG
rrriSSSTTSS
RRRASStttoDDDIIIIdd
RRReesssTTTODDAAEEsss
rEEssTTTuDDDyy
rrreeSTUUUDDYInnng
rrrEEsssTUUfffF
REEssstYYllli
rreSSTTTyyllEEEdd
ResstttYLLUSS
rrrEssstttyluung
RRReeessUBBmEEsssiiOOONNN
RRRIISSSubbmiiiSSSiiioooNsss
RReeesssUUUbbMMAt
RUUUSaabMMutttSS
rrrIIIsuuuBBBmmmiiitttEEEdd
RRReSuuubmUUUTTTtttunG
rEEEsuuubbbsCrraaBBBee
RRRessObbsssCCrriibboDDD
rrriiSSSuuBBsssccRRIIIBEEss
RRREsuuuBsssCCCRRRIIbiinnG
rrrESSSuulTTT
rrreeSSSuLLtt'ss
rrreesssuuuLtttAAANTTT
REsssaaLtttUUUNNTTT'SSS
ruSSSOOOltttiiNNNTTSSS
RRRaaSSSAAltEDDD
rrreessULtttIINNNgg
RAAsUULLTTs
rreeeSSSummmooobllEEE
rEEEsssAAAmII
RRESSSUmma'ss
ResssuuuMed
rrEssEmmmEsss
RUUsUUUmmmEEEnnG
RReeSaaaMMMMooonnn
RasssUMMPPTTIunn
rrreesssummPPPttieennn'sss
rrAsssiMppttiiiOOOns
reeSSUMppptIIvvAA
rESOOOPPPaNNattuu
reessUUppInnnOOO
rEESSOOOPPPLLIIEEd
RRRIIsssUUUPPPLLueesss
RRREEssuuPPpppLLyyy
rrEsuuuppppppLLLYiiing
rAASSURRFFAACCCAA
RRASIIIRRFFACAddd
rrreSirffOOOCCCEESSS
rrrUUUssurrFFAAAccceeNg
rroosuuurrgee
reSSSuuurrGGGInnCCCAA
rrroSSaarrrgIIIncccAA'S
rraaaSURgggENcccIISS
rissURRRGEEEnnntt
RRIIIsssAAARRRRRIICCCttt
RRUUSSUUrrrroCCTTEEDDD
rrrAAsArRRReCCTTTIIInnGGG
RRusuuRRRrrraaaCCTiioonn
rIISSiiiRRRRRAACCTTUOOONN'sss
rrOOOSSSUUUrrrrrreeecTTaaOOOnnnIsMM
rIISSUUrrrReeCttiiiUniiSST
rrreeesseerRRRooocttIIIoooNNss
rrrEEEsoooRRRRUUUctttSS
RRiiSurrVVEEyy
RRReSSSAAArrrvvvIIYYYEddd
RRRESURRvveeeyINNNg
RRREsUUUrrrVEYYYss
RRosaaSScccOOTTUTTee
rrreSuuScuuTTTAtttIddd
REEEssussCCitAAATTesss
rrISuscccoTuuutttInngg
RRAsssUUsCCootatUUOON
rrreSSoSSScitttAAAttaaaEN'SSS
rreesssiiiSccOOtatttIIVVVE
rrreeSSSaasCCeeeTTTeeettaaaRRR
RRRooossiiiscccettIIITEERRR'ss
ReeSuusCUtttoTTiirrs
rESYYYNNNCCChrrooNNNIIIzaaTeeooonn
reeSSSyynncchrrOOONaZZUUU
ReeesssyyyNNNcccHrrooonIIzzzIIIdd
rrOSSYYYnnCCChrrraaNNNaaZZZoSS
RREEssYnCChhronniiZuunngg
rreeesYnnnthUsiiiss
RooossYYnnnTTHHHEESEZZee
rrOOTTaaaBBBLee
rrreTTABBlluu
rreTaill
rrrEETTaaaaaalll'SSS
rrEETTaaIIlllEEd
RREEETTTAIlleRR
rrreetoAAAlllER'SSS
rrrEEETTaaILLLEEErrS
RetttAAAILLLooNNggg
rrrEttAAUliiNgss
rreeeTTAAAIIILLsss
rettAAAuuunn
RUUTAiNNiiibIILiittYY
rrettteeeeeNNaaaBBBLLeee
rrreetAuuNNed
reeTTOOOinnneerrr
RRReeTTeeeOONeeR'S
RAATTioooNeRRRS
RItAEENNNuunnng
rreetttaaeNmmmeennnt
RRetaaaAANNSSS
RRReeeTTTaKKu
RRetaaakaaa's
rrEtttaKKKON
RReTTaakkkeS
RRREEttAAAkkIIINgg
rrreTAAllIIIaaaTTTEEE
RRRiTTTAALLiuttteeeddd
rAAATTTAlleaaTTeeeSS
RReettALLIIIeeeTTTiingg
RRRaatttALLLIIeeTTTIIIEn
RRAAATTAAlllIIIUttAUn'sss
RRRiTTOOlllIIIaTeeeOOONSS
RRRAATTALLLOaTTIIVee
rrreTTTaaalllEaattUUUR
RRETAAAlluuITTTIIIRRRs
RREETTTeeeLUeeetttOOORYYY
RetttEEERRDD
rrIIItttuRRRDD's
RRRiiiTTTeRRRddAANNNTTT
rruuuttaaRRRddENNT'SSS
REEEtttAARRdddiinntttSSS
RRRattOORRdaaTiiOOOnn
rEEEttoooRDDDAAAtttIIIEEEnn'SSS
RRRitAArDDuuddd
rruuTTooorrrdEErr
rreTarrrdeRR'SS
rrreeetttAAArrrDEEErSSS
ReeTTTAAARRdiiNGGG
RRETarrDMMuNT
RReettaaRdds
RRREEEttaaaSSSTTee
RRREEEttAugghhhT
RoootCCCh
riiitCCCHHeeeDDD
rrrIITCHHHeees
RRRAAAtttCCCHIINNNGG
rrrAAATTTi
ReetOOOAChh
RReeTTiaaaccchhUUUsss
rrrETTaAAAcchhhonggg
rreTaaaLLLll
raTTeeLLlleeNGG
RAAAttOLLLLLLs
RRAttEEEnee
rEETTTenttaaeeennn
rETeeeNttIIIuuun's
rrrEEtttEEENNNtttiOONNSS
rrEEtttenntEVVVee
rrretENtttUUveLy
RREETTTENNNTTTIIvAAAnnAASSSSS
rretEEENNtttivvEnUSSSS'SS
RRREEtEEntiiiViTTTIIIIIIss
raatteeeNTTTiiivvITy
RRRiTEEEsssttt
RReettesttt'ss
rrutoSStttIIIddd
rEETTTaaSTTTiiiNNNggg
RRRaaaTTTuuuSTS
reeeThhhEnnnK
RRRETTHiNk's
rrotHIIInnkkkINNNg
RROOOttHHIINNkkSS
rreeeTTTHHoooUUUGGGHHttt
rreTTUARiiieSS
REEETiiIIIrrryy
RETTTIcccIIINNNCCEEE
rrreetttiiccannnCCeee'SS
RetuuCCannTT
RRReetAACCAAnnnTlly
rrreetttICCLaa
RReetttOOcclllEES
RRReeetOOculAARRR
RRETeCCeeellAAAto
ReeTUUUCCCUlATTEEEddd
rrreeetttIIICCaalllaTESSS
RRiiittOCCCeLLLuutttINNGGG
RIIITIccAAALLLAtioooNN
RReeetiicceeelAAAtttUUUOONN'sss
rAAtttIIccUUllaaaTTTOuuunss
RRREEEtiiiCCeeeLLe
RReeetttiiCCCaLLLEEESSS
rETEEcUULLLAm
RRRIItttIIIccculllEEEmmmS
RRROOOTIIIeee
reetteeoodd
retttiiioss
rrrAAAttaFFFOOOrMMM
rreeetEEENII
Reetttiiinoo'SSS
rEEttIIInnnIIooo
riiTTooNall
ReeeTTTaaNNNAAsss
reetttAAAniittE
reTTiiinnItttIdddAAss
rreeTTiNiTiiiss
RRotunnnEELL
RReetOOONNNOOOLLLsss
rrrEtttEEnnniiSCupppa
RRuuutIIINNNaassscccoPY
RReeettIIInnuua
ReTTTeennnuuu'SSS
RRReeetiinnUUEES
rOOTTIIIrri
rETTTurrIIDD
reeetIIIRUUUuu
rrEEEttIIIRRRaE'sss
RREEETTIIIrrrooUUUss
RRReeetttarrrIImmmaaaNttt
rrEEETiRRRImmANNNTT'sss
RRUTIIreMInTs
rrAAttaRReeSS
RRiTTTiirrrInnnGGG
rruuuTiiirrriNgnessss
rEEtiiiTLee
rAATTTiitLLedd
RRRUUUtiiitLLiiNNNggg
rroootoolld
rrrEEtAOk
rrrEEEtOOOuLL
rrriittIuuLLaaadd
RuuuTooelllOONNNgg
raaTTTiiooLLLss
RRReetOOORRssiiAAN
RRRIITToooRRtt
RRReTTTuRRtt'S
rrreettORRTAAAddd
rottirrTTTIINgg
rEEtirrrTTTIAnn
RReeTooorts
RRRaaattooCChh
rrreeetOOAAccHHH'ss
rAATTTUUUUCCChhheeedd
RReeeTEEUUUcchESS
rreeTOOuuCCCHHHiinnnG
RRAAtttRRacee
roooTTTRAAAccOOoooBBBLi
ruuuTTTRAcEEdd
RReeetRReccEEs
RRREEETrrracccINNg
rriiiTrAAACCCTTT
REEtttRRAACTTTAABLLLEEE
ReettRRuuucccTTad
RRutttraacccTTubbLLLE
RIIIttRRaaCCTiiLLLee
rriTTRRRUUcTTiLLoootttYY
RREttRRROCCtINgg
rrEETTrOOOcTTTUoonnn
rEEtRRRAAACtioooN'SSS
RRReetRRACtiiuuuNNs
RaTTTRAACCtAAVVVOO
RRREEETTTrrrIICCttoooRR
RRIITrrrictooorrrsss
RRREtttrriiictSS
rEETRaadd
rreeetttrraiiiNNN
RoottRRuuIInnnEdd
REEttrrrAAiiinOOee
rETRAAAIINNNIINNNGGG
RRRotttrraaaIInnsss
REEtttrraal
rrruTraannsLLLeettI
RReetttRRRuuNNssllAAteD
rrrEtRRREEENNNsLIIIteeesss
rrEEttRRANNNslAtttooonnnG
rrrIItttrrrIINSSmoSSIoooN
RROtttRAANSSMISSSsUUEEENNS
rrIIttRRaaannnSSSMoooTTT
rrrotttRAAANNNSSMMuuuTTS
RReTrraaannnSSSmmOOttTTEED
rrAAATrraNNSMiiTttteNNNGG
rEETTrrrEEEaaaDDD
RatRRRaaID'ss
RRRaattreeeuudddAddd
RRRoooTRREEEEdeNNgg
rrrUUUttrrrEEEAAADDs
RRReeeTTTrrraaaT
RettRReeeAAAT'ss
rrEEttrrreeeuuuTTTEEEddd
REEtttRiaatteeNGGG
reetRReeeEEEttSSS
RUTRRRUUnCCCh
RRETTRAAnncheeeDDD
RRReetttRRInncccHeeess
rrUTTTRRRoonnnccchhhENGGG
RRReeetReeNNccchhhMMMONNt
RRetreenCChMMEEENTTT'ss
rrretttRRAAncccHmmeeNttSS
RiiiTTriooll
RREEETTRRRiialll's
rrrEETTRRIIaaaLss
RRREEtttROObbuuTTIaaN
riTTTRRIIIBBuTTTIEnnn'S
rItttriibbUUtIONSS
rraaTRRRuuubIIIttiiiveee
rreeettRRoBBoTooorry
ReeeTTRRRiiEEED
rrrEEETTrriiEEs
RRREEEtttrruueeevvvABBllla
RRaaatRiiiEVVVIIILLL
reeeTTrriiiEEVVVeeeL'ss
RRETTTRRievvUULLSS
RRReTTTRRRiiiavvEE
riTTROOeeeVVVOO'SS
RRReeetttRRUUeevEddd
RRReeettRRRooEEVVeeeRR
RRREETTRiEEEVVeRR'ss
rrraTrrruueeVVeersss
rAAAtttriEvvEEEs
RRIIITTTrrrAAAAAVIINNgg
RAAtroo
RRATrU's
rrrAATRRROOaaCCCT
RRREEEttRRUUaaaCTTTIIIUUUn
rEEEtroaaaccTTiiivee
rrrEEttRReAACCttEEEVVVAAlllY
rrrETTTRRROOOaaaCTTiiVVVeTYYY
rrrooTTricEEEDII
RRRUUTrrACCCeeeSsssIAAAnnn
RETTTRIIChhhOiiiR
RReTTrrrOOOdd
rrEEETTTRReeeDDdddaaaNN
RRREEETTrrraafffiirree
RRotrrroofeeeRReeeDDD
rrAATTTRRoffiiReeSS
rraattrrrOFFFoRRaaaNNNgg
reetRRRooFiiiTT
RREEtRuffOOttt'SS
rrrEEtttrrooofffiiTTss
RRetRRROOfitttTeeeD
reeettRRROOFFFATTTttIIINNGGG
rrrATTrrrUfLLiiiX
ReetttrOfffLeexxxiOOnnn
RATTreeFFllooxiiiiNNsss
RETTrrroooGRRREDDDAAtteeOOnn
rrETTTRRROOOGGGrrrAAADDuuu
rrEEttrrrAAAGrroDDDUd
rrEEEttrEEgRAAADDEEEly
rrETTRRROGGrAAADDooos
rrrEEEtRRUUgggRRRADanggg
rrreeTTRRROGrOsssSSS
RRREETTTRRooogresssssODD
rrrETRRRiiGrISsssoSS
RRRettrrOOOggraassunnngg
rIIItRROOGGrreeeSSSieennn
rraTTRRROOOGriiSSSsEEEeN'SSS
rrrutttrroggrrrEEssSeeVVE
RRReeettRRRaaagRRReeesssSSSoVVEELyyy
rAATrEEEnYmm
RRettRROOrrOOOCkkuuTT
retttRoRRaCCCKAAAT'ss
ROOTTTRRROOOROCCKKKeeTTss
RRRoooTTTRRRuursssee
RAAttRRoooSS
rrEETTRUUSpppEEEcctt
reeetrrrOssPPPuuCCCT's
rrrUUTTTrOSSpaaCtId
RREETTTroooSSSPPUUCTTTIIINNNGGG
RRootRRRoossppEEEctttUUUOONN
RRoootRRReeesssPPPeeecccTTTiiooonn'ss
RReetRRROOssppecttiiVVVii
REEttruSpppECCCTavvvuu'SSS
rOOOtttrrEEESSpEECCCttIVELLLyyy
REEETTTrrrIIISPuuuCCtttUVVASS
RRRIttrrooSSPPEccTSSS
RRUUUTRRoUSSé
rAAAtRRRUVVVUUrrsiiooonn
rETTTRoooVVeeersssOOOOOnnsss
RRRiiitrrroVVVIIIROOOSSS
rreeetttrOOVVuuuruuuss'SS
RRREEETTTRRRovvviiiRAAAssAS
RRRIIttrrrUSSiiiUUUN
rEEEttry
RRRaaaTTryyyiinGGG
rrrEEtSS
REEEtsssINNNEEE
rrrAtttssaaNNNII'sss
RRREEttTTTEEED
retTTingg
rrETTTEEnii
rreeTTAnnaannngg
rroTUUUrrrnnn
riiTTuuurrrNNN'sss
rEEETuuRRRNNaaaBBlluuu
rEttUUURRnUbLLLe'S
RRRuttOORRRNNNOOOBBBLosss
RRReetttUUrrnaaaddd
RRReeetttUrnnneeeo
reeTTIIRRnnAE's
RRReTuuuRRRNNeIS
RutttURnEEERRR
rraaaTTTUUURNNNEErr's
rrrEEETTuRNerrs
rATTaarrNuuNNg
RRReeeTurrrNNss
RuuuTTTuSSSU
rrAAAttYYYiiNNNggg
RRetttyypppo
RRuutYYYppuD
raaTYYPPes
RETTTYPiiiNgg
REEEuNifooCUtIAAnn
REuuuNNaaaFFicccAAAtuuoon'SS
rrrOOOOOnnIIIFFFieDDD
RRREEEuuuNNNaFFFIeeSS
RReeUUUNNNIIFFYY
rreeeuNAAAfyiinnnG
rouuuNeOONN
RREEEuuunnneeeOnn'S
reeeuuNAAAooonnnIssstt
rrOUNNiOOONs
RRRAAAENNNIITEE
RooouuNNIIItED
ReeeIInniTTTeeSSS
rruueennittooNgg
reeeUPhhooolsstttOORR
ROOUUUppHHHillssttEErIId
RRRiOOPhhOOOllSttiiiRRINggg
RuEEEPHoLsTUUURsss
RIUUUsIbbLLee
ReeeIISuu
RIuuuSEE'sss
RREEEOOSSSeeeDD
RREUUsaaasss
rrAAUUUsiiiNNGGG
RRREEvv
rrrAAVV's
RRREVAAAllIIDiTTEEE
rEEVVVAAALLUdiiiTTIIIonn
rrEEEvvvaaluAAAtEEE
rrEVooLuuuUUUttIIooonnn
RReeeVVVILLEIIITTTiiiOOOnnn'SS
reeevoollUAAAttIiiNNSSS
rrrEEEvaLIIee
RREEEVVuuuLLooeed
RRREEEVVULuEEESS
RRReeevvveeeLLLuAnnGG
RRReeVVVaaamPPP
reeevaMMPPP'ss
REVImmmPPPEEEd
rreeevvuumPPPIInnGGG
rrrAAvvvAmmppIIInG'SS
rrrEVaaMPPSS
rOOOVAAnnnchhuu
RRReeevvInncchhissmmm
RREEvvannCCHHHiiSSTTT
RReeevvaaarniiSSSHH
reeevEEeelll
rrrevEEAAlAbblllee
RUvveEllEddd
RRooVVVEEEAAAluuuNggg
rEEEVeeALLLOOONNNggglllYY
RRevvEALLLOONGGGSSS
ROVVVUAALLLMMaaaNttt
rrrIVVVaIIILLSSS
RRuvveeGEEEttaaaTE
reeVVoooIIllllE
RReevveeAlllLA'sss
rovvvEEELLL
ReevEELLL's
RRUUvvOOOLLaaaTTTAAoNN
rrriiivvvOOOllaaatIIiiNNN'SSS
RRREEEvvvIIILLaaatuuuOnneessTT
RREvvveLIIItaOOns
rrrevvUULLLOOOtttOrrYYY
RRIIvEEELEEddd
rOvveler
RaaVeeLLERRR'sss
RREEVVeelleeeRSS
rreevvOOlAAnnng
rrEVVELLLenngggs
RRRivvelllLLOOOd
RRavellLLLerr
rrAVOLLLLLeRR'SSS
RiivvveellllluRS
rIvUUUlllLLLiiinnnGGG
RREEvALRiOS
rrriiiVVeeLLLRRYYY
RReeVVVAAALrryyy'ss
RaVVeLLSS
rrrAAAVVaaNuuNNNT
RRRuvvvOOnGGaaa
rrAAVEENggooo'ss
rreVVVEENNNgggEEEddd
rEEveeenngeFFULL
RRRIVAAnggEfffULLlYYY
RAVVeeNGGOOOR
ruuuVOOOnnggeeSS
rriVUUNggannGG
ReeVIIInUUu
RRRuvvveeennnIIIeee'SSS
rreeveeNNNIeerrr
RRUUvvvEEENNUUirr'sss
rEEveNNeUUrrs
rrrEEVOOOnneeaasss
rrrEEVeeRBBB
rreeeVVVeeRRBUrreeeNNTTT
RREvverrbbbeeerrANNtttLLyyy
RREEEVEEERRRbaarAttA
reeeVVVERRBBBEERooottteeeddd
rreevvveerrrbbIRRROOOTiiSSS
RRRAAvvveeeRRRbbbEEERRRuttiinngg
rrreVViiiRRBBerrAAtIIONNN
revvveeRRbbUURRRaTTIooon'S
RRReeevvurrrbOOrAAtttiOOONsss
ReveeeRRBIIIRRoooTuuvee
RRREEvvvaaarrrbAAARRRUtttaaRRR
rrAAAvveeerBEriitttOrYY
rrraaaVUREE
rrrUUUvvArred
ReevvvEErrrAnnCE
ROvuuRRRoonceee'SS
rEvveeereeeNNNcOOdd
ruuVeeeRRooNNNCCCeeess
RREVVErrrEENCINNNGGG
RRUVVVeeerrrEnddd
reeVVViiiREEENd'ss
ReeevvEEErrrannDs
ReeeVVVeeerrENNNt
rrrUUUVVVeeeRRREnnntiAlll
RReevooRRRUnttIOOlllLY
rrreeeVVEEreeNNTLLyy
ReeVVVOOORRiiss
RREvaaReeo
rrIIVVVUrrIIEE's
rrruvvveerIIooss
RRoVVVERRofaaccuuTTAoon
rEVerUffYY
rrruVVVuuRRinGG
RREEVVIRRRsss
RRREVVVeRs'S
rEEviiirrSSAAALL
rrEEEvverssiiil'SSS
RRROVVVeeeRRsssuLLLss
RRREVVAAArsEEE
rrrIIIveerSSII'SS
RAAVeeerrsaaaD
RIIvvveRRRsOLLy
RRReevvvaaaRRsER
rrrEEEVIrrrsseeeSSS
REvvveRRSSibIllliiiTTTYYY
reeevveerrrsssiibLeee
rrreeevvErrsIIBLLYYY
REEEVVOORRRssiiiNgg
RRReeeVIIIRRRssuannn
ReeVeeRRRSSeeON'SSS
RRRaavvUUURRSSIIeenUURyyy
reeVVVUURSSSIIennnEEERRR
rreeVVorrSSSiiiannnarrrs
RReeeviirrrssUOOnnnSSS
RREEEVVVeeeRSSSee
RRevvvErT
rrruvverrTTiiiDD
reeeVVIRRtttEER
rrEEEVVVIIIRRTTTiibbLLIII
rruVVVUURRttIIINNNGG
rrreeveertS
RREEVaaRyyy
RAviiiRy'ss
RRRoVVooossstt
RRRivvvEEEttt
rrrIIvvEEETmmmEnT
rriiiVVETMoNNttt'SS
rEVEEEttmmmUUUNNttss
RRuuVVVettttiiiDDD
RIIIVVVIIeew
RRRIIIviiiEEEWWW'SS
REVVIIEEEWooblllEEE
RRReeVeeeeeWWWooddd
RIIVViieWWEEER
rrIIVVViiiWeerrr'SSS
RRREvvoAAAWWWErrrSSS
RROOVIIuuwaNGGG
RRReeVVViiieeewSSS
rEEVVVIIILLLEE
rrreevvaLAdd
rAAAvvvelEEEMMaaNNNTT
RRREVVOOOLLLEMiiNNT'SSS
rraaVIIleeRRR
RRuVVVIlllerr'S
ReeVVIIILLLUUrS
RRRoooviiiLiiss
ReeeViliiiNNNggg
reVVVIISSABBLLLeee
RRRIIIVVIIIsAAAl
RuuuVVVooSSSUlllSSS
RRReVVAASSSoo
reVVVIISii'ss
RRRiiivvvIIISSeed
rrrevvosssUUrr
rrrEVVISSSerrr'S
RROOOvvvIIISarrsss
RREEEvvvIISuuus
RREEvvvooosssonngg
rrevvvUUssIIIooonnn
RREEVVViiSIIaN'sss
RivvvEESSSIIIOnnnEEERRRyy
RRReVVISSIIOONNNIsm
reVVIIIsoIINNNIIIsssmmm'S
RRAAAvvveessUUeenESSSTT
rooVissIIoonnnIIIsssTT'SS
RRREEEVVIIIssIoonIIISSSTSS
RRevvuuSSSoooOOnSSS
rEEvvIIISSiTTT
rrreeeVVVuSiTeDDD
rrEvIIIssitAANNGG
revvvIsssUUtttss
RRIIVVIISooorrr
rOOOvIIISirrryyy
rreeeVVoooTuuLIZZaaattIIAAN
rraaavvitIluZetttuuuOOONN'ss
ROOVVoottEELLLIIIza
revvveeettALLeeeZZEEEdd
REEVVIITTTuLLLIIIZZZEEs
RREEEVVIItttAAAlizIInnGG
RREVVVuuuViiiBBBLLLEE
rreeeVVVIvvAAAll
raaavvvaavUll'S
RRREvvviVVVaaLLLOOOSMMM
rEvvvOOvvvalllOOsmmm'ss
RUviVALIISTT
RIVVVIIIVVVELLASSSt'S
rreeVVVIIIvolliiisTTIIcc
RRooVVViVVooLiiSSSTsss
rEvvOOOValSSS
ROOViVVuu
rooVVVuVVVeDD
RRROOOvvvaVEErrr
rrEvvIvvvEESSS
rrraaavivvvIIficccATTEEonnn
RRReeeviivvOFFiiCaTTTIIIoonn's
rOOVIIviiiffIIIEdd
rrEVVEEvIIFFFOOOees
rreevvaaavvIFyyy
RRevviiVVUUUFyyyinG
rrovvviivIINNNGG
rAvIVVVIIIscccOOnnnccceee
RREvvoocabbbllleee
RReeeveeeCOOOttUonnn
RReeVUUUCCaaaTTAAoNN'SSS
rrEVVOOcaaTTTiAAnnnS
RRREvaaCCCaTiRRy
RRReeevvviAAACEE
RREEvvIIIkkabllee
RRIIvvoKKee
rroooVVoooKeD
rravoookeeerrr
rrreeeVVVIKerrrS
RIVoookUUsss
rruuuVVoooKIINNNgg
RIIIvOOOLLTTT
reeevuuult's
rUUVVOOOLtiddd
rrEEvvvoLLteeerr
RREvvvEEEllltttuuunggg
RRReVVVAAlllttaaanGGGLYYY
RaaVVViiilllTTs
RevvvooLLLEEETU
rAAVoLuttIInnn
REVVVElllUUUTTTIIOOON'SSS
RAAVoooLUUtteeeAAAnnErrriiiEEEs
rrrEEEvoooLLIIITTTIIIUUNAARRYY
RRooVVVoooLLUttteeoooNNNiirrrYYY'ss
rrravIIILLeeeTTIIIoonnnoosssm
REEvvvoolllaTuuuoonnnAAAsTT
reeevOLLLUTTTiiiOONNiiSSTTT'sss
rrEEVVVOOOllUUTiiaannnisssTTTsss
rruuVVVolluuuttooooNiiiZZE
rEEvvUULLUTIOOniZZZED
rrrivvoolAATTIUUUnnniZZER
rrrOOvollutIIIOOONNNIZZZEEEss
rrrEEVVoolluuuTTTOOOnneezzzAAAnggg
reeVVVOOOLUTTTiEENNss
rreeVOlllvvvABBLAAA
reevoollVVeee
REEvvvooollvvaaaDDD
rEEVVVALLLvEERRR
rrroVVooLvEERRR'ss
rreeVVVUULLLvvvIrSS
RRReevvvoollvvuus
rrrEEEvvOOllvvvINNNg
RRoovSSS
rrrUVVVuuU
RRReVVVAEE'S
rEEEvvUUUaSSS
reeevvIllssIIonn
RReeeVVUUULLssIoonn's
RRAViilSSSUUVVuuu
RROVvvUDD
rrEVVVVIngg
RREEEWUkeeen
RReeWWWaaaRD
RaWiiirrDDD's
rruWWWURRRdddedd
RREWWAArrrDDDEENNgg
RRuwUUrDss
RReeeWWWArm
reeWWaaarrrmmeeeDD
rrrIwAAARRRmmIIInnnggg
rrrOOWWARRRmmms
rEEEWAAASSShh
reWWAAASSSHHHEED
RRooWAAsssheeess
RRiiiWWAAShhhaannngg
reWeeeeVii
RREEEweeIIIVVUUUddd
rrrewOOAAAvvvuuSS
rrrEEWWWeeiiiVVoNgg
rreewweed
ReeWWIIIdddddEEED
rraawwwaaDddAnng
RREEEWAADDss
riiiwweeeIGGGHH
rrruuuWeIGGhhaaD
RRRaaWWWEEEIgghiiiNNgg
RRReWWeighSSS
rrrEEEWinnnD
rEEwwiiNNDD'SS
rrrIIIwwONNddAAbLLi
RiiWWiiinddAAnnng
RRaaWiNNDss
rrEWWWire
RREwwwirrrEddd
rriiWuurrrEss
RRReeeweeeRRRiiNNg
rewIIIRRD
rrriiwwOOORDDDeddd
rrrEEwwUUrrddUnng
raaawweerrdddss
rrEwooRkk
rraaaWWWoRRRKKKaaad
rEEWWWEERRRKKIInnngg
ReWWooRRRKKIIIngggSSS
REEwwwirrrKKKS
rrrEEweiNNNDDD
rriiWIIIVe
RRuWWWOvveeN
rEEWrrrAAPP
rrowwRIITTuuu
ReeeWRRUtttu's
RuuwwRiiteees
ruwrrriiTTIIInnngg
rrEWrrrutttOOn
RRReewwwrOttAAA
rrrowwwROuuGHHttt
rrEzzaannne
rrEEzzzOOnnEDD
reeeZZeennnAAss
RRezzzUUNNNEEENNNGG
rrrhAAbbdddOOmmAAAnnnccyy
rhhhAAAchhhISSS
rrhhhAAMMNNAAcceOOiiiss
rrrhaPPSoodOOCC
RHHAAApppSOOdddIIcaaalll
rrhUUPsssUdiiCAAAllllllYY
RRHoooPSSooddEEEEsss
RhhooPsooodooSSSTT
RhhAPPPSodddozzUU
RRRhhAAApppSSSuDOOZeeddd
RRHHHOPPPsssaaaDDDIzOOS
RRhhaappsssUdddiiZInnnGG
RhhhAAAPPPsssedddyyy
rHHeepssODYY'sss
rHHAttteeNYY
RRHHHeeAAA
RRhhhEUUU'sss
rrrhaaAAss
rrHANNNOUUMMM
RRRHHEEEnAuuummm'ss
RHHeeOOLogggICAAl
rrhhheAllIIIGAaaS
rrhhEOOllOOOggyy
rrrHHHEOOOmmmEEttUUR
RhhhUaaasssttAAAtt
rrrhhheeOSSSTTTITTT'sss
rrrhheeaasssTTaaTIIccc
rhheeeOOSSTTTAATTS
RHHHeeeOTTTaaaxxxUUs
RRRhhheeOOTTRRRAAApppiiSSmmm
rhheeeSSSUUs
RRhhhEsssuuuSS'SS
RRhhhEEEsassseeSS
RRHHETTIrrr
rHooTToRRRIccc
rrrhheTTuriiccc'SSS
RRHHETTTuuuRRUcccaal
rrhhAAATTTeeerECCCAALlyyy
RRRheetttoRRRUUUCCCooAN
RRRhIIIttuRREEECaaaaaN'SS
RRRHHuuuTTOOrrICCCiiiEnnS
rrrHHHeuuM
RHHHeeUUM'SS
rrHEEEMMMATTTiCC
RRRhEuuummmotttiCCC'ss
rrHHeeeeemmiiiTTTuuuCCCaLLlllYYY
RhhheUmmAtIIcs
rrhuuuUUMMMiTTOSMM
rrhhiiiiMIIItEEESMM'SS
rrhhhEEEumATToidd
rrrhEOOmmUUUeerrr
rHHHeUUmEEEeSSt
rHHHEummYYY
rrHHHIgggOOOllleeNeee
RRRhhhiiinnnaaalll
RRhiiinnniiiRRaaaUUMM
RRRhiNANNcEPHoolEnnn
rrhhhONNNEsstOOONNee
RRRhhUUnnnEESStttOOONNuuu's
rhhAAANNNIIISTTTOONEEDD
rHHIIneeeSSSttOONNOOSSS
rHHINNIIITTTAASSS
rrrHHHiinniiiTTTisss'ss
RRRHiinUU
rrrHHiiNNa'ss
rhhiinnnOOcErrA
RhhhIINNAAAcccORRoooSS
rrhhhIInnnAAAccAAARooSSS'S
RhInnnuuuCoooRRROOOsses
RhhhaanOlllOOOggyyy
RRRhOOONoooPPPlllassToeesss
rhhhiiiNNuuppLLaaasssttyy
rrrHHHIIInnnooosss
RRRHHiiiNNoooSSSCCOpppYYY
rhEzzEEBBBIIeemm
rHHHiiiZZOCCCooorrPPOOOIIISSS
rrHHiiZIGGenniiiccc
RhIIzzoooudd
rHHHEzzooUUdds
rrHHHiiZZOOmmUUU
rrhOzuMMMUUU'SS
rrrHHEEEZOOMaass
RHHHiZoommoooRRppHHeeeuuS
RRhhhizzzOpAAdd
rHHHiiZopIDDDSSS
rHHHiizooToommmYY
RRHHo
RRhhOOO'ss
RhhhooodAmiiNNa
RRRHooDiiiCC
RHHoodddIUUmmm
rrhooDIIIem'ss
rrrhhooDDOdddeeeNdrroooN
rHHodduuuDDDeeNDDDRRReeeNNN'ss
rHHaaDeeeDDDIIInnnDDRoooNNSS
RHHooodiiiLLIIteee
RRRhhhODOONuuutE
rHHOMMB
rrrHHOOOMbbAAnnncccEEppHHHaaallooonnn
RHommmbbaNNNcccephhhALLoNNSS
rrhhhuumBBBii
rrHHOOOmBBBUUCCC
RRRhImmbaheeddrrrOLL
RRhhOOmmmBoHedRReennn
RRRHHooommBOOhEEddRoooNNss
RhOMMMbOOOUD
rrrHHooMMMBBOOOOODDD'SS
RRHHHAMMMBBBIIIiiidddAALL
rrhhooombbboiiddS
RhAAAMMbbS
RhhhOOmmBuuuSSS
RhooMBBBUUUSS'sss
RRhhommmbusuusss
rhhOOOnccchhii
RRHHuuuNccHes
RhhhiSSS
RRHotttAAAccciissMMM
rrHHubbbAAARRRBB
RRHHHuubbEEErrrB'S
rhOBBBAAARRBBS
rrrHHUUUMMBB
RhUUUMBs
RHHyymme
RHYMMMI'ss
rhhyymidd
rrHHHYmErr
rrrHHYYYmmuur'sss
rrHHYYMeRRRss
RhyymmEEEs
rHHYYMMMEESSTTTEER
RRhYYmmIISSSttterr'sss
rHHHyyyMOsTTARSSS
rHHHyMIIInnngg
rrrhYYNNCheeccEppphhaaalliiaaNNN
RHYiLLLIIIttEEE
RRRHYUUUlIIITTTOOOSSS
rrhhyytHmm
rHHYYTThhhmmm'SS
RRRhhYYYTTThMMEEccc
RHHYYYtHHHMMMooocccEELL
rrhYtHHHMMUUUcccoLLLLy
rrHyyttHmmAAACSS
rhhhyttHHHMMast
RhYYYThhhMMLLooSSSSSS
rrhhhYYTThMMSS
rhhhytttOnnn
Riiaa
RUUUall
RAAAAAll'ss
rrrEollS
rIIaaaLttOOO
rrUooonnnT
RRiiiuuutAA
ReaaattAAAsss
rIIIb
rIBBB'SS
RRIIbbeeLLLDD
RRROBBALddrrrYYY
RRUbaaallDDDry'SSS
rrrIIIbAANddd
rrrIIbbOOnDDSS
RooBBBBBAnnD
riiiBbbooNNNddSSS
rrribbBBBOddd
RRRibbBBBar
rrriibbbBBIIRR'ss
riBBBbbbERRRsss
riBBBEEENNggg
RRRiBBBiinngggss
RuuubbBOnn
RuuuBBBBBBOONNN'ss
rrEEbbbbIIINNNfOsHHH
rrIbbbBBoonns
rrIbbBBBoonnnWWWooodd
RRRiiBCCAAAGGGEE
RaabbbiFFllaavinn
RABuffLLLAviNN'SSS
RRRUUBBONNUUUCCLLLEEuuusssEE
rrriiibIIInnEEcllleeIIICC
rrribbbuusA
riiBBBoosssAAASS
RRRIIBBBasssUUUMMMAAL
rriBBAsssOOmmi
rrUUUBBBOOOSAAAmmiiSS
rrriBBBss
RRRIIBBBwwwOOrrrTT
rIbbWWWOOORRRTTTss
rrrACCI
riiccee'S
rrICebIIIrrrDDD
rOCCIBBOrDDs
RiicccEddd
RRRiicEEr
RIICCCeeRRR'SSS
rricciirCCorrr
RRRIIccOOORRRCuuuro
rrooocciiiRSS
RiiCCEEESSS
RICCH
rriicHH'SS
RIIccchhuR
rIIICChEEss
RoCChheest
RRRiCCChlllyy
rriCCCHHHNuSSss
riiCChNNEESSSss'SS
rrrIIICCCInnggg
RACCK
reccK'ss
RRRIICCCkkUUddd
rroooCCKKaaaTiiERRR
RiiiCKKKeeettIesT
rucKKEEETTTAANNNEsssSS
RiicckkkeTTTiiinnnOOssssssEsss
rriiCkkOOTss
RRRiCkkeeettss'SS
rraCCKKeTtttsssIIIo
RUCkkkeTttsssIIIuuus
RRRiiiCCkiiTyyy
RRIIcckkkeeeYY
riccKEEEYss
rrAAACCkkkiiinggg
rriiCCCkrrrUckkk
rICKrrOOCCk'S
rIIIccckkks
RIICCCKKshhha
reeCCCkkkSHHHA'SSS
rriiCCKssshhhass
ruuuCCKKKsHHAAAWW
rriiickksHaaWW'ss
rriiiCCCKKKsssHHeeWsss
RRRiiiCCCooCCChIT
rIIICCCooochhhIttt'sss
RooCCCuCCChhhoottteeeD
rroCCCIIIChAATTiinnngg
riiiCCOChEEETSS
rrIIccOOchuutTTed
RRuuuCCCEEEChhAAttTTINNNgg
RIIICOTTTTa
RiiCCCIItTTA'S
RRiiiCREC
rrrIIcccrACCS
RiiCCTTTuuLLL
RICCtttuuuss
RRiiiCCteSSEEEss
RRUUD
RRRidddDDDAAnnnCCCEEE
rrIIDDDDEEnnncccI'SS
rriiddDDDiddd
riiDDDEEENN
rrOOdDDDang
rrOOddddLe
ruDDDlllIII's
rruDDDleDDD
RRRIIdddDDllEEEr
RIIIddDDDLLeeess
RRRIIIDddLLLIINNgg
rrruuudddE
rruuudUUU'SSS
ROOOdeennntt
riiDDEEErr
RRiddeerrr'SS
rrrudEEERRRLEssss
rrrAADDDEEErrSSS
riidderSSShiiiPPP
RRidErrssshippp'S
rIdeeeSS
roDDDgggEEE
RiDggE'SSS
rIIIDGGGeeeDD
rrIIDDDggaallunG
RRRuuudGEPPOOOLLU
RRRIDDggeeeppOlee'sss
rrEEEddGGGEEPPPOOOLeeess
rrridddGEEs
RuudGGGIIIEEr
rreeeDDDGGGeeuStt
RaaDgOONNNgg
rrraaadGGY
RiDIIIcIIlle
RRRiiDDAAACUleee'SS
rrriiiDDeeeCCCuulleeD
RRiiDDiiicuuulllIIIs
RRRidddiicULiiiNNNgg
rridddIIIcciiiloooeeeSSS
RadduucccuuullloOsllY
RRRuddIICCuuullooOSSSnnaaSsss
RRRIIdiiiccuuuLoooUUssnESss'S
RRUUUddiiinG
rrIDDDiinGG'S
RIdddOOOTTto
rrreedddS
rrrUUUooLL
RAUUUlSSS
rrriifffe
rrriiiFeeLyyy
rruffenEEEsss
RRReefuuRRR
riFFFiisttt
RIffff
rIIffff'SS
rIIIFFFFed
RRRUUUFFFFuuunnnGG
rEEFFFffLI
RRIIIFFFffflee'SS
riiFFFLiiiDD
rriifFFFlaaas
RRIIIFFFFLLLennnggg
rruFFFFFFraaaFfff
rrriFFFFFRRRiiiFF's
rIIIFfffs
rrifffllluu
RIIIffLLU'ss
RRooofffllliiiD
rrrIfflllaaamiiNNN
RRROOOFFllUUUmaaann'S
RuuuFFleemmeeenn
rIfleeRR
rrAAAFllar'SS
RiifffllUUUrrrsss
RIIIfflEErrYY
RiiiFLLLesss
ruFFllUUUNGG
RRIIFFFLLLeeeNG'SS
rrrAAAFtt
riiiFFtt'SSS
rrAAAFFFteeeddd
ReefffttOOOnnG
rrIFFFTTSSS
reegg
rreeg's
RRaaGuddUUUOOONNN
rriiigaaamaaRROOOlleee
RRIggguuummaaRRRolU'SSS
rrrIIgoommaarALLLASSS
rrIGGAAATToNi
RRRAGGGAAttoooNa'sss
rrrIggGGGiiddd
riiGGgErrr
RRUGGGGGGERR's
RiiiGGGGGorrrS
rruuggGGGiinGG
RROGGGgggIIInng's
rrrUUgggHHT
rEEEGhhT'ss
rrroooGHTUUDDD
rrriGHHHttEEoooaSSS
riiigggHHHTIIIaaIIIsllly
ragghhTTTEoooUUUSSSNNuussSS
RRRooGHHHTTeoooUUSSNNNEEssSSS'SS
RIIgHHHTOrr
riiiggHHtEEEsT
rrrEEEggghttFFUUll
rriiiggHHHTffIIlLLy
RIIggHHHtffuuLNNessss
RRIgghTTFFFULNNassssss'sss
RRIgggHHHttIIINNNg
rrIIghhhTTIsssM
RRiiigHTOOOSSSMM'sss
rrriGGGHHtissTTT
RRIIggghTiiissst'ss
rrreeeggghhTTusttS
RUGGhhhttlly
rrOOGGGHHttMOOSSST
RiiiggghttNNeesss
rrriggHHTTTnEEEssS'SS
rreegHHTuu
RRRiiggghTTTSS
RIGHHHttSAAzEEE
RReeeGGGHTTTSSSiizzOOODD
RiGGHHHTTssAAZZZeeSSS
rIgggHTTTSSIIZZIIInngg
rAggghTTwwwOrddd
RRIIIgHHHttWWWAArdddSS
RRRIIGOd
ROGAAADDDAAFFFOeed
RRiiggAddiiffuASSS
RRRoogggIIIDDDiiifyy
rOGGIIdiiffyyyIInnnG
rrrEggiidddiittUeeSS
RRIIgeDDDIttyy
RuuuGGAddaTTTYYY's
rriGGiiiddLLLY
rrriGGGIDDNNNeSSS
RRiiiGGGiiiddnneeessss's
RiiGmurrolllO
rrIIIGMMAARiiiLE'SSS
rrrAgggmirrOlES
rrUgUURRR
rIIIGGeeRRR'ss
RRRiggoooRRRiSSSmmm
rriGGoRust
rIIGiRRROOOuuus
rrIIgggOOORAEsllY
rrrIgggAARRRiuSnnEsssss
RagIrrruEEESSSnnnEEEssSSS'SS
RRIIGGOORRSS
rIGGGs
rAAgggSDDDuuulleeer
rrrILLLi
RIILOOd
rrrUlllIIS
rEEllIIIEEEvEEE
rrrIlllIIOOOVaaaSS
RREEELUUUng
rrraallLL
RRROOllllll'sss
rrIlllLuu
RRuuulllllaD
RRRiLLLLaattt
rriLLLsss
RRiiimm
RRRimmm'S
RRRIIImEE
RRiimmoo'ss
RiimmeeDDD
RRROmeeesss
RRRIMIIIssTTer
rrriiMeeR
RRROOMMIIEssTTT
RRRIIIMMMIIInnG
rrriiMlleSs
rUMMMMEEEddd
rEEMMmmIInGGG
RRRImmooSSaaa
rrreeemmmPPlEE
RRIIMRROOcccKKK
rrriMMSSS
rrIIMyy
rraaannndd
rrriiNNDDD'SSS
rriinDErrrpppeessst
RRiiNNddiRPEEESStttS
RRIIndddSSS
rrunnG
rrriiNNgg'SSS
RRRiinGGdddOVVE
rriiinnnGGGDUveS
rIIInngEED
RRUUUnGGEEEnnnTT
RRiinGEErr
ReeennGGooorrr's
RRRInnGURRsss
RRRInnGGGIttt
RinnGGGitt'sss
rrrAAANGGGGGGiitttSSS
rrrinGGHHHOOOllls
RRuuunnngghhaaalSSSEEESS
RRRinGGGinnnGGG
RRRiiiNNGinngLLLyy
rrrOOONNNGGANgss
rraNGLLEeeDDDUUURRR
rrUUNggloooDDDUURR'S
rrriNglEODerrsss
rIIINNGGllOTT
RReennGGGLLEEEt'S
RROOOnGGluuuTTTs
rriiNNNGLoooKKKOO
rrriiinnnggmmAASSSttEERR
roooNGGmmaaastteRR'ss
rrrANNGmmmAsTuurSS
RuuuNggs
raNGGSSSuDa
RRRIIngSiiddIII'ss
RiiNNNgggsTTTEEErrr
rrInnngTTEeLL
RRiiiNNNgTuuOOLLss
rInnnGGWoRRRMMM
RRRIIINNNgggWWaRRRmm'S
rUUUNKKK
rrriiNNKK's
rrINNKKSS
rrrANssee
REnsEE'ss
RRRiinSSSEEDDD
RRRIInnSSSoooRR
rIIInnSSSEss
RRROOnnsiiNg
RRRIIIoTT
RRiiiiiiT'SS
RRRIooTTTEEEddd
rrEeeeTTTeeR
RIoottEEErrr'SSS
RIAAAttUUUrSSS
rrrIoTTiiinnGG
RRRIIUUUTTTiiNgg'ss
ROOOTiiUUUss
rrrIIIIItttOOOUSSSlllY
rIIaaTToEEssnnneeeSSSSSS
rrIOTTTS
rIIIppp
RIIIppp'sss
RRRiiPARRaEN
RROOOPPPCooRDD
rIPPCOORRd'sss
RooppCorDDDss
RIIpppAAA
riiiPPPEElYY
rrriPPPEnnn
rIIppEEnnUUUdd
RRRIIIPEnnnaSSSSS
riPPIINNAAssS'S
RiiipeeennnInnGG
rrriPPPIIINNNSSS
RiiPEErr
RRRiPPPussT
RuuupiEEnnE
RRRIIIPPPefFFF
rrriiPOOfffff'ss
RRUUPPPooFFFFS
rrrUUUPPaaSSSttee
rrOPOSSSTu'sss
rrAAApOOSSTTTEdd
rrrIIIpppessTTToSSS
RIppoSStttiNNg
RRiiiPPPppeDD
rooopPErr
rrEEEPPPPORR'SSS
RREppppORRss
rrrIppppppiiinnnG
RRRooPPPliii
rIPPPPPLEEE'SSS
RIIIPPPLLLED
RIIppppLLLES
reePPPppplllET
rrIIpPPliiiIIIRR
RooppPLLiiOSSST
rrriPpLLUUUNGGG
RIpppPPLyy
RRiippss
rrrePPPsAWW
RRRIPSSSawww'S
RRIPPSSAwwSS
rUUUPPPSTip
ROpppTTTIIDDeee
rUUUppttiiidddee'sss
roooppTeeedddeeeSSS
rrriiSEEE
roooSSEE'SSS
rrussseenn
RaaaSSErrr
rrriiissIr's
RiisssIIIRsss
RIssseees
RAASSHA
ReeSSSUUbeLLLiiitY
RRaaSSOBiiiLLLOOTyyy'sss
rrUUUSSiiiBBBLLOO
RRRiSiiibbLLLY
RRRoooSOOnnGG
REEEssiiNNNgg'SS
riiiSSSannngs
rrriiskkk
RRRISSK'SS
RRisskuuuD
RuuSSkkkiEEERR
rIIskkkIaassttt
rrIIISSSkAAALLLyy
RisKKKAANeSSSs
rrrISSKKuuuNESSSs'sss
rriiiSKUUUnGG
rriiiskkksss
RROOOSKKKy
RiSSOtTAAA
rrIIssoooTTTuuu'SS
riSOtttttoos
RIISQQQEEé
RROOsssSSSuuuLI
RRREssSOOllliSS
RRiStrAA
RRITaaarrrDDD
RIIITTTUrrdduunDDAAA
RRRiToo
rrruTTe'ss
rIITeennnUTo
RRiiitttOOOsss
RRRIITTUUrrrNNiiiLLLlO
rrruTTTuuOll
RRootUUUALLL'S
RiitAAAaaLEssMM
rreettoALLIISSm'SSS
REEETEEEALLiiSSSTTT
rrriiToooaaLLLuuuSSSttiiCCC
rIITTUUUallliiSStttoooccALLLyy
RRIIIttUUAAliSStttIIzzEE
RRITTTuAAllIIsttss
riittooelllIIZZZu
RRiiTuueeeLaZZZeDD
RRReettteelllUUZUUUS
RIttAAAIIIllliizINgg
rraTTEEaaaLLLllY
rriiTTOOAAAlllSSS
rreTZIIIuurrr
rIIIttZZIIeeSSSt
rrIITTZIIIlly
rIItZiNNNESSSS
RRIITTZZyyy
RiVVVOGGe
rEEVVaLL
RRRiiivvAll'ss
rrIIIVVEEleD
rrIvvAAlllIIINg
rrIvAAllllID
rrrivviLLINNNGGG
rIIVVVELrriiaSSS
RIvvviiLLrrY
rooovvviiillrrryy'ss
rrEEEvolss
RRIIvvvOOO
RRRoVVeeD
rrIvvvEEnnn
riVVEEERRR
RROOOVVeR'SS
RRIIIvverrbANNkkk
rIIIVeeerrBBUUNNkkk's
rOOOVaaaRRRbbAAnkss
rrrIvvEEERRRbbeedd
rrOOVVVEERRRbUUUddd'ss
RRRevvaRRbbbOOOddss
rrraVUrBBooAAtt
rrrIIVIIRRbeaaTT'ss
raaaVVVEErrrBBOOOotss
rrrivveeRffrrrUUUnT
RRUUVVVIIIrHHHoooaaddd
rrrIIVVORaNNNE
rrIvvverrrlliiKooo
RRiivvvIrrss
RReeVVoooRSEDE
rriiVVVeerrsssiiidddo'sss
RRIVVVIIIRRSudesss
rrrIIIvvIIIsss
RRRAAVVVeeTTT
RRRiVVeeeTT'S
RRRiVViiiTTTiiiddd
RRIvvvETTTiiiRR
rrrUUvvoTTAAArrr's
RRuuvEtttEErrrS
RRIVVViiitINNggg
RivvuuTinggLLLy
rOOOVEttss
riiivvEETTTTTuuuDDD
RRiveeetttttIINNNGG
RIIVVUUErrraa
rrraaaviiIIRRIIss
RRRIvvEENNNGGG
RReeeveeeLAt
RIIVAALLUt'SSS
rrrEEVVVOOLLLEEEtttSSS
rrrIIyOOLLL
rIIYYYAAAL'ss
RIIIyyOOOlllS
roooAAAccch
rrrOOeeecHH'sss
rrOOaaaCCHHHuuSSS
rrrOAAdd
rrroed'SS
rrrOOOEDEEEBBillliitYYY
rOOOAADDDBBooddd
RRoooUDDDBBBiiDD's
roaaaDBBeeeDDS
RuAdddbLeCk
rAAAiiidbLLiiickk'ss
rroaaadddbllUCCCkEDD
rriaaadBlACCKiNNNGGG
RUUaDDDBBlooCKKss
RRRiADDhhEEGGG
rroooaddHHHooouuuSSu
rrUUUeDDhAAAUUse'SSS
rrUUUaaddhhhoooUssisss
rrEEOdddIIIeee
ROOAADiiiu'ss
riAdddeeeEss
rrraaaaDDkkAALLll
ROAADkkkUlll'ss
RRROOOiiiDRRUnnNNUrr
RRRuuaaDDRUUUNNNeeerrr'ss
rrUaaDDDroNNNIIRRSS
rrrOOAAADDs
rrOOadddssHHHoooww
rOoooddSShhooowww'S
RIIaaadddsssHHOOwSS
rrOoDSiddduu
RIAddSSiiiDDEEE's
rooouddsAADDDESS
ROaadddSSSuuugnnsss
rooAAADDSSSTTEEaDDD
RRROOaaaDsssTTTaaoddsss
RRooaaadddssttUUURR
roADDSTTeerr's
RoooUDSSTTeerrrS
RRAadwAAAyy
RROeeeDDDWaYYY's
RIIUUUDDwAAYYYss
rrrOOooDDDWooRKK
RIaadddWWaaarrrk'SSS
rrroooiiDDDWoorrrKs
rooaaDDWeeerrTTTHHYY
rruuuaam
rUUUAAAMEEd
ROaaaMMoooR
rrOOuuMMAAr'sss
rrrOOOaammAArrsss
ROIIIMoooNNggg
RRRIIAAAmmmiinng'SS
RRROOOIMS
RRaaaAAnnn
Reann's
rOOOiiiNS
rrOUUUr
rrroUR'S
RRoooAAArreD
RRAAIIIRaaaR
rrraaUUUruur'SS
RRIIIArraaaRSSS
rrrOOEEERonng
ReeaaarrrIIING'SS
rruuuARRss
RRRooUUStt
rrrooaaasssTT'S
riiiaaasteeeDD
rooAssstIIIr
rrrOOAAstttAAAr'S
rrAAAaassstteRRRSSS
RUUOOsstINNNGGG
rrroAASSSTTAnnnggg's
ROOAAASStiiNNgggsss
RiiAAASSStttss
rrrObb
rUUbaaaLLo
RRRibbbeeenndd
RaaBbuDDD
rrrOOObbeeerrr
RaBBBBEERR'SS
ROOOBBBBBERRiIIS
RROObbbeeRRRSSS
RRRabbbbaaaRRy
rrrIIBbUURRYY's
rabbbbbiiN
raaabbBBBIIng
RROBAA
rrOBBBuuu'SSS
RoooBBEEDDD
rrreeeBBBEss
RRUUUbiiNNN
rrraaaBeNNN'S
RRooBiiinng
rrreeebbIniiEEE
RRUUUbIINSS
RRRObbLLEEE
RRooobbbleeeSS
RRRObbomBBB
rrobOrrranttt
rroooBUUUTTT
rrrOObbbiiTT'ss
rrraBBaaatttIIIC
rrroBBBotttiCCaaLLlllYYY
RROBBBuuutACesssTT
rAAbbOTEECCCsss
rrribooTiiicccS'SSS
rOBBBOOtttiiiZZEEE
rrrEbbboTTTIzzzUUD
rrooobOOTTTOOOZZAAAS
rrroooBBBooottizzzeeeNNNG
RROObbaatS
roobbbs
ROOObuuusTTT
RooobbbUSTTeeeRRR
RRRABBuuusttteest
RRROBBBuussstttIIaauusss
rroooBBBOOssstttLLLyyy
RAABBBeeeSSSTTneeess
rrrOObbbuSStneSSSSSS'S
Rac
racuuuIIlllLLEE
RRRUUUcccAAAIIIlllLLEs
rrrEEcccaaaMMbELeee
RRAAcaambbILAAAS
RRRUUUcheeeTT
RROCCKK
ROCCCkkk'SS
ROOCCCkEEEbbUUULllYYY
RooCKABBIILLLLY'SSS
RIIccckaaaWAAAyy
RRiiCCCKBBAAuuuNddd
RReeeccckkeD
rrOOOcccKKKerr
rrrEECCCKKAAARRR'SSS
rrocckkeREEeeSS
RRROOCCKKKErrSSS
RROOCCKiiiRRRYYY
RRRoooCkkEEEt
rrrocccKKKeeeTTT'sss
rrrOckkaattoood
RRRockkAAATTTeUURRR
RROOCKuTTiiNNG
RRREccckkAAtttryy
rrreCCCKeeTTrrrYY'S
rreeeCketttSSS
rrUCkkkFFiiiLL
rEEcccKKKffUllll'S
roccKKffIILlllss
rrIckfffIISH
RRRoCKiiierr
RREEECkkIIIEEEssstt
rrroooccckIIInOSSSSS
RRRoooCCkkIIInnEEssS'SS
rrOCCKiiNNGGG
rrEcccKKLLeeKKEEE
rrOOcKKKlllUUNNNG
rrrOCCCkkkiONNN
rrooCKKRRRoooSSE
rooCCCkrrrasEss
RRRAACCCkS
ROCCCkWWWeeuuuddd
RRROCkkkWEEEEddSSS
rrockkyy
roccooocccO
rIIICCOcccoo's
RRROCsss
rrrOOOdd
RRooddd'SS
reeedUU
rODDDEEEntt
ROOOdddEnnTTT'SS
rrroooDeNNTTTICCIIIdddEEE
RODDeeenTSSS
RRoDDDEEEE
RRROOODDooOOO'SSS
RRROOdAAAOss
RRooDDDOMMMaaannnTTIIIDAA
reddOOOMMMUUNNNTTADDeesss
rrooDDDSSS
RRROOEEE
rrrooeee'ss
rrrUUeeebbeeeCCCKK
rUobuucKK'S
RRIIIaBBuckSS
RRoeeennTTTgEEENNN
rrOOooonTTTgIINNN'sss
rrroooUNNTTGENNNOOOgrrruuummm
rrUUooNNttGGUNeGroommS
RRuuueNNNTGGonoggrrrUUppHH
rraaaeNtgINaaLLLIGYY
rIeennttGGEEEnossCeePPPEE
rrOennnttgggeenniiiTTTHEEERRRaaaPPyyy
RROeeennnTTTGGGannnSS
RUEEES
rrrAAggATiiOOnnn
RRUUgAtttiiiOOOnnsss
raaGGattoooRRRy
ROOGaRRR
RRooogggEErrED
rroooguuROOng
roooggaaarrrsss
ROOOgggUE
RRRAAAguuuu'ss
RRiiiGaaIrYYY
RRROOOggUUoorY'sss
RoooGGGAAeeess
rrrOGAisshhh
rreguuIISSHLLyyy
RRRUUUgOOOEShhnneSSS
ruugguuiiSSSHNEESs's
Rooiiilll
ROiilllEd
ROOiiillIeeeR
RROOIILLLIIIeeeSSSTT
RUUIILLLiNNGGG
RRooouuLSS
RRRoooelllYYY
RRRoooIssTToRRR
RRRoIISSTEErreedd
rrroiiSSTTEERReRRR
rooIIIsssTEEErEr'SSS
roISSTTTERIrsss
roooiSTTeeeRREEnggg
reeooSSSTTTEEEROOOeeess
rrIIIIIssstttURsss
rrOOOLooo
rroolI's
RRROOLLooSS
rrrOOLL
ROOLLLLLL'SS
RalllllaWWIIYYY
raaaLLbbbUUcccKK
RULLlllbaCkk'S
ruLlllbbuuCCCkksss
RooollllID
ROllllllaaaR
RAALLLlllEr'SS
RRROOlllLLUURBBBlllIIIDDIInnnggg
RRoooLllOOOrrrcIOSSStER
rrOOOLLLlllAAArrsss
rrrOOlLeerrSSSKuuuTTii
RRRallLLLUUrrSSkkOTIIINNNG
RRolLLLErSKAAATIIINNg'SS
rrruulllIICCCKK
rOOOLLlIIIcckkkEEED
rOOOLllIICCCKINNNG
rOOOLLLLLLIIICCCkIInnG'ss
rrOLLlEEckkkS
rILLLLinggg
rrOOlllleeNGGSSS
RRROlllLLLMMMuuuP
rrraaLLlllmmmOOPPPSS
rrrOOOLLLLAAAvooor
ROOllllIvvAArrr'SS
RoLlUVVeerrrSSS
rrrEElllLss
ROLLllwwoY
RRROOOmmaaEENUUU
rrrOOOmmoiNNEEE'S
rrOOmmmAAUUUNNEEEsss
RRRoMMaaNNN
RRRIIMMaaan'SSS
rrOOmmaNNNCEE
RRRummOOONCCCE'S
RRRIImmAAnnccced
RAMONCCCErrr
RROOOMMMIncccOOOR'SSS
RIIImmmaNNNCCerrSS
rumAAAnnCCCoooss
rrrOOOMMiinncIIInnnGG
ROOMMaaNNizzzuuuTIonn
rAAmmInIIIzzEEE
RRoooMaaannnttiCCC
RRRAAMMMAANTTTAACC'S
RROOOMMiiinnTTTiiicALLLLLyy
ROOOMMAANTTTiCISSSMMM
RAAAMMaNtttaCCCuussmm'SS
rrrooommInttIccisttt
rrrOOOmiiinnnTTEEECCiSSSt's
rrrOOOMMMaNTTAcaaaSSTTTss
ROOMMAAAnTTiicccIIzzzEEE
RRROOOmaaaNNTiCiiizzzeeeD
rOOmAAANNNttiCCCiiiZZOsss
RRRoMMMAAAnnTTICCCIZAAAngg
REEMMMaNTEEcSSS
RRRaammEEEu
RRRoommEEEOO's
rrrAMMMeOOss
rrAmmPPP
rrriimmmppp'SS
RRooMpppED
RRRommmpppEEERR
RammPPeeeRR'SSS
rrrOOMMperrrSS
RROOMpIINGGG
rruuuMppIssh
RROMPPSSS
rrONNNDDDee
RONDDDUUUau
RRIIINNDDeeeeUUUXX
rrroonnndeeeL
RROnDDDeleettt
rrooonnDDelLo
rrONNDDIIIllls
rrENDDOO
ROONNdO'S
rrrUUNDDeSS
RRiiinDDiiiRREEE
rrrOO
rOEDD
reOOOddd'sss
rrUOOODDDsss
rrooooff
rrOoof'SSS
RRRUUUeeFFoooDD
rrrooouuuffeR
RRuuaffAAARRR'S
RRReeOOOFFUUrrrSS
RRRUOOOFFFgARRDDDuuun
rraauuufffiiiI
rroooofaanggg
RROoFFIIINNNg's
rrrooooffLLLesSS
roEEEffsss
rAuuffTTopp
REOOOffftttAPP'S
rroooFFFtAAAPPPss
RROIFFTTrreeeO
rrrooUUUFtttrrueSS
rUUOOKK
rrooUk'ss
RAoKKuddd
RRRoooeKKKERRaaaoS
rAAAEEkkerYY
RRReikIIrrrYYY'SSS
rriiiOKKOOOi
RROOoooKKKIIOOO'sss
RRRAOOOKKKiieeSS
RRRoookkkiiiNg
rrAAAOOOkSSS
RuuuooKYY
RiiiOOOmm
rUeeMMM'SSS
RREEEoMMMud
RRRaaeMMEERR
rrAuuMerr's
RROemmoorSSS
ROOOoooMMMEEEtttTTaaa
rrrOOOeeemETttE'SSS
ROOOooMMoTTtteeSSS
ROOOOOMMMFFUUUlll
Reeeemfffoool'S
RRREEEOOOmmmffaaaLs
RRReeeoommAERRR
roUUmIIAAAStt
RRRooooooMMMIInnnosss
RaoMMMenOOOsS'SSS
RRRoooMMAAANNNggg
RRRIIOOOMMMmmEEEteee
RRRUUUaammMMatii'S
RReeeoMMMMeTTTooSSS
RROOOMMMS
RRRooooMMMyy
rrrOErrrBBBaCCCkk
RoooooSSSUU
RRROooStt
rraaooSStt'SSS
rrrOOOoSStttIIIDDD
rrroiisstUUUr
rAAosstttuR'SS
RRROOEEsssTTERsss
REEEiiiSSTTTIInngg
rrrOOOeSTSSS
RRRoooott
RRRuOTT's
rrIIIUUUTToodd
RRROOOOOOTTTErr
RRRoooaaaTTEERR'ss
rrooOOOteRSS
RoEEEtInnnGG
roetttlllOSSs
RROIITTTLLLUSSSSSNNeeesSSS
rrrooutlEETTT
rrootlEETT'SSS
rrrooooTllAAtSSS
RRRUUUOOOtlllakkkEEE
rrrEEEETTSS
rrrAAOTTsssTTTOOOcck
RieTSSTTTooccckSS
RIPPPAABLLLE
RRIPPO
rrrOOOpppAAA'S
RROpppEdd
rropppeeddaaanncceeRR
rEppuudddAAANccERRRs
rroopppEr
RRROOOpUUURRR'S
RUpppiiiRRSSS
RippAAS
rAAPPeeWWayyy
RRoPPewAYYYsss
rrrOOPPPEYY
rrroPPiiiIIIrr
RRepppooiiSTTT
REEEpiNNGG
rOOpppiiiNNNgSS
RRopppyyy
rrrUQEEEEE
RRRoooQQQUoolAIIrree
rrOOrQuuAAAL
rrrOrrrqquuuaLLLss
RRROOssiiiCCCeeeOOOOS
rrrASSAniiillliiNeee
RRRoSSSiiriiiAss
rrreeeSSSAAARRuuuuuuMM
RiiiSSeRyy
rrroosaaarry'SSS
RRReessU
rrooossIII'sss
rOsssEEEeetttee
ROOSeebbbaaayyy
RUUUSSeeBBaaaYYSSS
rrESSIIBBEEdd
reSeeBBeeD'SSS
ROSObIdSS
RoossEBUUssshh
RRooSSSAABOOsHH'SS
RROOssseeeBuuShhhESS
rrroSSufffooosshhh
rrrOOOSSSEEEMMMARyyy
roooSSSuuMMMaRY'S
RRiisooooooLLuu
RiiisssESSS
RRoooSSeeTTtu
ROsotTTTii'SS
rESSeettTTEESSS
RRaaaSuuuwAAAteeerrr
RRRoooSSUUUwwwOtttOOR'sss
rUUUsssEwwwoooodd
rOOOSSSewwwooUUUddd'S
RRoooSSSEEWWiOOOddsss
RooSSSEEiiirr
rrrEEESSiEssTT
rrruusssOlllY
RUUUsIIInn
rruusEENN'SSS
RROOOSSInnneeddd
RROOOSIIInnaaassss
RRuuSSiinaaSS'S
rraaSiNNNinnnGGG
rrOSSUNsss
rruussiiiNNNWWWOeeeDDD
rrrIIIsssIINNNWeeeOdddSSS
rrrIssseeeNNNyyy
rrruuusssttOOlllLLLAAMM
rrrEESSTTTeer
ROOSSSttaR'sss
rrEsssttEriiinngg
rrIIISSttErrsss
rrrOOStRRRI
RRIIIssTTTrratttE
rroosssttRUUUmm
rrraaSStRRRuuuMM'sss
roosTTTRRROmmss
reeSYYY
rreeeTT
Rooot'SSS
rrrOOTTTaaa
RRRUUUTTIrrrIIesss
ROOtttAryy
RRooottAARyy'SS
RRRIITAAASSS
RRooTTIIITTiiBBLLLE
rrOOOttaattU
roooTTTuTTuDDD
rrrattEEEtEEESS
rrriiTOOOtOOOnnGG
rrrOOOTAATTIIooN
RRRAAAteeeTTTUUAN's
rOOtttAAAtttuoooNNNEEEl
rrrAAATTATTIIennss
rrrOTTeeeTTIIvveee
rrriiTTaatttoR
rrrAATTiiiTTTuurrSSS
RRoootttAttORyyy
riTUUU
rootttEE's
RooTTaaaNNOONNNUU
rrooTTTIIInnnOnnnesss
RRRuuTTTguT
RRROOOTTTgggUUt's
rOTTTIFooR
RRooTToFFeerSS
RROOTTTIISSSSerIIIE
rrOOTEEEssSeeerrAAOOO'SS
RRoTISSSAAriiiaaaS
rrreettll
rrrooTllS
RRotttAAAGGGRRRaaVVurII
raattUGGRAvvvurrrA's
rEEEttEEgggraVVViirreeeSS
roooTTOOORR
rrOOOTTTorr'SSS
rrrUUUTTTOOOrrs
RROTOOOTOLLLll
ROTooottillllllOORR
RRROOOTTOTTTaaaLlURR'ss
rrriiiTTTuuttiiillLLLeeerss
rrEEtttss
rrOTtttoooDDD
RRREEETTann
rrrIIITTTttONERR
ROOTteennEEESTTT
RRoTTaanLLyyy
ReTtEnnnesssss
RRROttttOOnneessSSS'S
ROtTEnnSSStttunnnE
rrrEtttteR
rrrooottteerSS
rrrOOOttEEEnGGG
rraaattTTWWWeeiiiLEER
RRROOttwwEiiLLLeeRRss
rrIIITTTEnnnddd
RUTTTunnnDA
RROOOtttiiinnnDDDI'ss
rrattUNdUUUSSS
rrroTTTiiinnnDDDITTTy
rrriiiTTUUUNNNddiiiTTTYYY'ss
RRRUTUUUNNDDlllYY
rrEETTTundddNNesS
RRRUUttUnnndddNeeSSSs'S
RROOOTUUrieRRR
RReeeUGGGaa
rrriiUgggooo'sss
raaUUUggEEEDD
rrOOuuGGUUss
rrrOoooGGGhhh
ROEGGGhhh's
rrrIIuuGHHEGGGuu
rrOeeeGGHHAGGe'ss
rrrOUUUGhhcccUUsttt
RRooooGGGHccasssttaNNNgg
rrOOOIGGGHCCaSSSTTs
RRROOUUgghOOOdd
RoooAAAggghheeN
rrriiuuughhhuuNNNAAADD
rrooaghhIIInnniiNgg
RRRoUUGHHooNSS
rrrOEEgggHHHeRRR
RRRIUUgggHHHeeeSSSTTT
RoUgHHHHHeWW
rrAAAeeeggghhhhhUUWWWn
RRROeeeGhhhhhhoUUUsI
RAUUGGHHHhhhOOuuusssEE'sss
rrrOOAAAGhhhHHHOUUSSeeDD
RRRoooUGGGhhhaaUUSaaaSS
rrrOOOIIGGGHHoooIIISSSaNG
riiuuggghhhIIInnnggg
RRRooouughhhIIssH
rouuuGHLY
rOOuGhhnnIIICCK
ROEGGGhNNeeCk'sss
rrreeeUgggHHNNaCCCkkeeedd
rEuugghhNNEEcckkkiiinnng
RRaaaOOOggHHnnecKKKs
RRUUeeeggHNNUUSSsss
RRoAgHHneSSSS's
rrroUUGGGhhhrrIIDUUUr
RuuuGHrrrEDDerrS
rAooGGhhhss
RRRoUUUGGHsshid
RRRUiiGGGIIInGGG
rEEUUUllAADDDAAA
RRoaLLLeoooUUU
rraaaUUULEEETTTTTEEE
RAUULLETtteee's
RREEEuuuNNNccAAA
rrEOONddd
rrroUnndd's
RRIIIIINNddAAbbooAAATT
RRROOuNNdddaaaBBUOOOT'S
RRRuuEEEnnDuBAAAATTTsss
RRRIIAnDeeeD
RRooouunnnddEEl
ROAAAnnnddIlllaYY
rrrOOaNNNDDalUUy'SS
ROOuNNdddeeelaaaYYS
rrrUUUUnnnDDDelllSS
RounDerrr
RRIIuunnnddeeeRSS
rrrooouNddeeesst
RRRoooUUNNNDDHHHeIIll
rroooeeeNDhhhAUUSSuuu
rriUUnddHIOOOse'sss
rrrauuuNDhoousEESS
RRROOunnddannnGGG
rrrEEEAnnnDDIIISHHH
RRRIIUUUndLLLUUttt
RREEEunnndddLyy
RuuUUnddNNNeess
reUUUNNNDDDnnussSSS's
ROOunnnddS
RRROOOInnndddSSmmaaNN
RAAAuuNddsssMMMOONNN
rrOunnndtabblE
RRRAUUUnDttaabbLE'SS
rooUUNDDDTIIIbLEs
rrroUUNdtRiippp
rOOaNNNDDOP
rrooUUUnndUUUppp's
RUUUUNNDDDIpSSS
rOOOooonDwwworrrMM
ruuonnDWoorrMM's
RRRooouunDDDWORMSSS
RiuuPP
rrouuusssEE
rrrOOOOOSSSOdd
rrrUUasOOrrr
RRRooouSSSUSSS
rrOOOoSSSInnnG
rrrEEissst
RRoooossTTUBBIIIUUUt
rooouuusstaBBBOOOUUUTTT'S
raaaOOOsstttEEEbbbOuuuTSSS
RRROOOosstttEEEddd
RRRooAAStUUUNG
RoooOOOsssTSS
rrOOuuT
RRIIUUUt'SS
RioTi
rrrAAAuuttEEE'S
rrOUUTTTEd
rrroOOOTTeIIINNNgg
REaaatttAAAMMMOOONNN
ROitEEEr
RRRUIIITEEEr'SSS
RIUtttaaarrrSS
RoooUUTTTeesss
RRReeUTTTiiiNee
ROOUTEEENNEEE'S
RRROuuuTaaaNNEEEllYY
rrIIIuTTooonEEEsss
RuUUTTTOOngg
rrroooaTeeNNIIIzzEEE
rrOAtttIInniiiZZeddd
rrroUUTTuuunnEzzEEEss
rroatttiiNIIZooonGGG
rrUUUEEtttS
rrOOuux
RRoooUé
rrIIIié's
RRaUUés
rrrUUVVEEE
RUvEDDD
RuuuvErr
rOOViirrr'ss
RuVVVEEERRSSS
rrrOOOVVVUUUSSS
RaaaVVVoooNNNG
ReeeWWW
rrrIW'ss
rroWANN
RooowwwAAnsss
roWWWBOOaatt
rrUwwwbaaaaaTTT'S
RoowBBBOOuuTTTss
RRaawddIEEr
rriwwwddIIIeeesss
rrOOwdIIIoooSt
RRUWWdddoLLLY
RROWWWdddEEENeesss
rrreeWWDDEEENNNiiissSSS'ss
riwwddYYY
rrEEWWDDDyy'SS
RRROwwDDDYiiSSSh
rIIWWDYYISSmm
RRooowDDDyyiSSmm'ss
RROOWWEEEd
RooowwweeeLL
RRROOWeeell's
ROOOWWWoollleedd
RRuuWUUlllIIINNgg
rAwwwooLLlEEd
rrUUwwEELllloong
rrriiWAAlsss
REEEWWWEErr
RuuuwwwAArrr'S
REEWWWiiiRRs
rOOwwIIngg
RowwInnngg'SSS
rrEEwLLaaaccckk
RuWWWlllOOCCCkkSSS
RooWWWs
rrrAyyAAAlll
rrruYaaaLLL'SSS
rrayyUUUlliSSSTTT
RRooyyyIIlllist'ss
RRRayyaaaLLIIIStttSS
rrrooyyyaaLLLlYY
RRRIIYYallsss
RREEyEEELtttiiES
RoYYAlTTTOOOeeess'SSS
rayElTYY
reeyyyaltttYYY's
RRS
RRUUUb
rUUB'ss
rrUUbOTi
RRIIIBaaaTTII
rrabbOOTTII'ss
RRRoBBattoS
RuuBBbbEDDD
RRRaaaBBBBBIIrr
rrreeBBBBERRR'ss
rUBBbbbeeerrriiiiiRRR
rIIbBErIEEEsssTTT
REEEbbberINNNesssS
RRUUBBBBBeeeRRRIzzeee
RRibbeRuzIIddd
rrriibbBEEErIZZEEEss
rrEEbbberiZZZINNG
RRROOBBBIIrrneeck
rrebbbBBeRRRnneCKKK'sss
RebbbBBEEErrneCCCKKeeeddd
RUUbbbbeRNNEEEcKKeeRR
RuuBbbboooRRNNNuCCCkkkErrr'ss
rrObbbbiiirrnAcckkeerS
rrrUUbBEErrNEEECCkkkeeNNg
rrebbbBBEEERnnEEcccKS
rrruBBBBUrS
ruBBbbeeRY
RRRuBBBIINGGG
RuBbIInngS
rUUBBIIISSSHH
RiiBBbOOOSSSh'ss
rrAAABBIIIshAAADD
RRUUBBbbEEsssheees
ruubbbbOSSHaanG
rrUUBbiSSSHHYY
RiiBBBBLLLEE
rrruBBBbLUUU'sss
rroBBBBBBLY
rraBBDDOWWWnnn
rrrebDoowwwn'sss
RROOBBDDOOwNSSS
RUUUBEEE
rrubeee'S
rruubbeeeFFAAACCCtttIIIooon
rooobbEEL
RRUUUBBBuuuLLLLEEE
RRRUbEELLlo'SS
RRRIIBiiiLLLLEEETe
RRUBBBeuuLLLAA
RRiiibbeooollIIsss
rrUboooSSS
rrrUbbbiiiSSSCCEENtt
RRUUBBBEEEAAcccEEOIss
RRRUBAAACeend
RRIIBBuCCCuuunndddaaTy
rrruubbeDDiiumm
RRABBIIDDDIoooMMM'sss
ROBBaaeeRRR
RUBBiEEEsss
RUUbbIIIEEEssstt
rrraabbbIIGGGINNNeuuuS
RIIbbIIooouuuSS
ruubbbllE
RRRAAbbLLLUUU'S
RRUUUBBLUS
rruuubbrrooCCC
RuuubrrooC'sss
RRRUUUbbbrrracAAALLL
RRRibbbRRIcccuutttO
rEBBRRiiiccEEETTiiid
RRUBBBRRRIIIccAtuuss
rrruuuBrrACCCATTTooNNNggg
RRuBBrreeCCeetuuuOOOn
rrruuuBRRICCCOtoorrr
rUBBRRICCCEEEeeeNNN
RuuuBBRIIICCCSS
RuubbSSS
rrrUUBBsssTTineee
RUUUbbYY
rrEbbbYYY'S
RUUUCCChhAA
rrUUccHHEEd
ruuuCCCHHHIIINNG
RRRuuCCCkkk
rrUUUCkkkeeddd
rrrEEccKaanngg
rruCCkSS
RRRUUUcKKsAAACkkk
rrruucckkkSSSeecccKK'ss
rrraaaCKKKsssaacKSSS
rrraaccckkkAAS
ruCCCkkUUss'SSS
RRucccKKKaaasaaaSSS
rrUUUccTTTioon
rrruucctttoooINNss
rudddBeCCKKKOOOa
RREDDDD
RRReeedDDOr
RRReDDDDDDEERR's
RuDDDDEERHHAAAAAdd
RRRIIDDDdeRLLussSSS
rIIdDeerrrpOOsssTT
RUUUdddEEErrpooossTTTss
rrUUDDDDDarrSSS
rrAAADDDddIIoooR
RRAADDdEEEESSt
RREDDDdduully
rOOODDDddIIInnUUSSss
rrroooDDInnnEEssSS'SS
RRRuuDDDddlllee
RRUUUDDDDllleeD
rrEDDDDLLLEESS
RRRaaddDDDLLEENNNGG
ruddDDDeeeCCkk
RRROODddSS
RReddddYY
rrrOODee
rraaadddelllYYY
rrUDDooonnnOssS
ruuudddeennnEsssSS'sss
rrrudeRR
rrrUUUDDuuuRRAAAll
rUdddeeSt
RRRuuDIMMMaaannnt
RRoooDIImmEEENttt'sss
rruuudAMMMeNNTirrry
RUDiMMeeennnTTS
RRUI
raaaE'S
rUUUeDDD
rruuEEEfffuull
rUUUAAFELlllYYY
RRRuuueeFUUULLNEEESSSs
rrrUUIFFAALNNNEsssS'SS
RRReeAS
rrruuufOOssscccannncccii
rraffESSScciNTT
RiiiFFFff
RRUFFfff'sss
rrIIfffFFuuDDD
raaaffFOAnnn
RRUFFffiiennn's
ruuuFfffAaanniiiSSSM
rriiFFfaaAAANNIISmmSS
RuufffuuAANNLLLyy
rrEffFiiianSSS
rrriifffffAAAnGG
RRUFFffLLE
rrrOFFfleee'SS
RuFFFfffLLLeeddd
RRRaaaffFFFlAAr
RRuffFFFLeeesss
rUUFFfllEnnG
RuuuffFFFllYY
RRufFFsss
RRuuufffIIyyyaaAAA
rOOFFFOOOeeeSSS
rrAAGG
rruug'SSS
rrUUGGByy
RRiGGBYYY'SS
RRuGGGGGEEEDD
rrreeeGGGGGUdddur
rruuugggeeDISSSttt
RRUUUgggggEdEzzA
rrEEGGGGiiDDDLLyy
rrIIIGGGGGuuuDNEEssss
rUUGGGGGaaaDDDNiiSSSSSS's
RAAAGGGGAAAR
rrruuGGGEERRss
RRuugggGEEEnnggg
RuuuGAASSSee
rugUUsssiiTTTy
ruuuGGss
RRUUIIIn
rUUUUUNN'sss
RRRuuuInaabbLLe
rrrUUUiNNUTIIIOn
rUUEEENAAAtIIOOONNN's
rrUUIIINNNaaTaoNNNSSS
RRRuuuIIINEEED
RRREEAANNNG
rrrUUUiiiNNiiNGGG
RRROOeeNooOS
ruuuIInIIIussLY
RUUIIINNs
RRuulllEE
RRaaaLLLE'SSS
RuuLUUDD
rrruullErr
RRRIIlllOOORRR'ss
rrruullerrrss
RRRUUlllEES
RuuuLLINNg
RullInnG'ss
rrraaliiinGss
ROMMM
RRuuM's
rrrUUUmIIIll
RRuuummba
RRREEEMMBa's
rrUUUMMMbbbaEddd
RiiMMMBBBAAAIIINgg
rruMMBaasss
raaaMMMBlllO
RRRUMMMBBBllE'SSS
rrimmbleeeD
rrrOOmmBBBLer
riiimmmbbLUUUss
ruuMMBlllenggg
RRREEEmmmbblOOnnGGG'sss
rrUUUmblOOONNGGGs
RRRUUUmmbbbllY
RRUMBBUUSSSteeeUUUuuuSSS
RommbUUSSStIIIUUUIIsssLLLY
raaambuuusTTiiooouuuSSSNNeSSSs
RRRuuuMMan
rrummmOONNsss
rrUUUmmmiNNNe
RRUMMMiNEEEl
rrruMMuNNeeeNNTT
RReeemmiiiNAAANTT'ss
RRRUUMMIIINaanntttLYY
RImmmooonnEEENNNtttS
RREmINNaaaTTTeee
rrrAAMMiiinnAATEEdd
RuuummmiiNNNattass
rUUUMMMInnAATTIIInnnG
RRRIIMMMiinATiUUN
RiiMMMInnnAAATTTIOON'S
RRRUUUMANeTIIoNNss
RummENNooottavvvee
RRREEEmUUUNNNITTuuvvEEllYY
ruuummmIIInnnotUUr
rrraamMMaaGGGe
RRIImmmMeeegggee'sss
RRUUmMMiggUUUDDD
RREEMMmmmuggErr
RuMMMMMiiGGeeSSS
rrruuummmMMiiiGGIIInggg
rrremmOOr
rummmMMiiRss
RummmeeessTTT
rrUUmmmy
rrrUUUmmmmyyy'SS
RRRummmEEErrr
RuMMuRR'sss
rEMoooriiD
rrruuuMMMOOOrIIINNG
rrrAAmmmEErrmEENgggeerr
RUMMMOrrrMMMEEEnngErr'SSS
rrruMUUrrmmaangggErSS
RuuMMMIIIrrS
RRummP
rrrUmp'ss
rrUmppplEE
RRooommmPllleee's
rrrUUmmPLLLEEEdd
RRummmPPPlllASSS
rUUUMpppliiiNNNG
rrUUUMMpLLYYY
RRUMpSS
RRUmPPuuuS
RREMMppuuSSS'sss
RaaMMMppUUSSSess
RRREmmmrrruunnnnER
RRRooommmrrinnnnnnUrrss
RUUUmmmsss
RRuunn
rrrUUnnn'SS
RRUNAAbIIuuttt
rUNNNaabaaaUUttt'SS
RREEENNNOObbbOuuuTS
rrrIIINNaageeettaaa
rruuuNEEERoooIND
RRRIINNNiiirOOOUNNdd's
rrrUnnaaRRReINdddS
reNawaY
RRREEnIIwwAAYYY's
rrruNNNAAwOyyySSS
RUnnnDDLLA
rrruuunnddlEEs
RRRUNNNDDllAATT
RRuuNNdddoooWnnn
RRUUUNdIIwwwnnn'ss
RRRuunDDDOOwnns
rrENNe
RReeeNEE's
RRRuuunnEEEss
rrUUNAAsMMMIIttH
RRunnng
RRuNg'SSS
rUnGGs
rraaNNNEcc
RRiiNNleeSSSS
RRaaannnLeT
rrrUNNNlllOOt'SS
RRuuunnnLeeets
rroooNNNNNNAbLa
rIIINNNNNEll
rrrUnnNEELL's
rEnNNILLss
RRUUUNNNNNNeeeRR
RIInnnNNNEEER'ss
rUnnnNNNIIIRRRSS
rraNniiieeRR
rrruuunNNiiESTT
ruuNNNNIIINNNG
REEENNNNNoNgg'S
rrunnnNyy
ruuNNoofFFF
RUUUnnEEEFFFff'S
RUUnooFFSSS
rUUUNs
rrrUUUNNtt
rUUUNTTT'ss
rruunnTToooeRR
ruuuNTIIIeeesstt
RRRUUNNNTEEEsssh
RRRUnTTsss
rrrUUUNTy
RRRUUnnnWWaaaYY
rOONNNWWAAY'sss
rrroNNNWAAAYYS
ROOOpppEEOOO
RRRUPPUu'SSS
ruPEisss
rrUppiiiUUHHH
rUUUpOOiiiHHH's
RRREPIIaHss
rrrippptttUUURUUU
rruuuPPPTTuRRE'SSS
rruuuPPPtOOOrUUUddd
RuupTTTUUUREs
RuuupTURRRINNGGG
RUURRaaall
RIIrrAAALiisssMMM
RRooorrrAAALLLIIIzzEEE
rrrAARRRUUllly
rruuuSOOO
rrruuSSSaa'ss
rruSSSeeeSS
rrrUUUShh
rrUUUsssHHH'ss
rruusHEddd
RRISSSHHErr
RuSSShhhUR'sss
RRUUUSSShhhEEErrSS
RRRaaaSSShhhES
RuuSSHiEEER
rruuSSHHIESSt
RROOssHHHinnG
rrUUUSSHHHEEENNGGGSS
rrruusssHyy
rrrUUssKKK
rrUSSKKK'S
RRRuuuSSkSS
rUUUsssSSSItt
rosseeeT's
RRRUUSSssEttS
rrUSssseetttYY
RReSSttt
rrUUsssTTT'SS
rrroooSSStttOOd
RUUSTTTiC
RaaastttIIICCC'sss
riisTiiiCCCAALLLYYY
RuSTTIIcccutttee
RuuuStaCCCaaTTTEEdd
RRIIsssticOttEEsss
RRREEEssstACCAAAtttinng
ressstICCATTIIIOOOnnn
rrESSStiiCCCAAAtttooN'SSS
RRRESSSTTiiiCCCiiTTY
rrruuuSTTeccciitYYY'ss
RUUSSSTTaaccss
rrosssteeeEEERRR
RRRuuuStttuueeesssTT
REEESTTTulllyyy
rrOOOssttEEENNeessSS
RuuSSStiiNNNeSSss'ss
rrussTiiinnnggg
rrraaSSSTTLLOOO
RRuStttLLEE'sss
RRiiiStttLLLUUUd
rruuussTTllleR
raSTlluuRRR'sss
rAAAssttlERss
RRROsstLess
RRRIIIssTlllInnnggg
rrUUUsssTLinnGGs
RRReestPRRoooEEEf
rrUUSStPPProooooofffeDDD
rruuSttPPPrroooooFFIIINGGG
rOOsssTpprrooofffS
RRaasTss
rrrooSTTTyy
rrUttt
RRRut'S
RiTabaaggAA
RRRUUTToooBBaGGAA'sss
rrItttAAAbbbAAggass
RUttiicccEEEEUss
RRoottH
rEEEtttHHEEEnECCC
RRREttthEEENNNIUuuuSSS
ReeTHHHENNNIIuuum
RuuttthheeeNNNIIIIImmm'sss
rrrothOrrfffORRddiiuMMM
RRRuuThhErfffoRddiaM'S
rOTHHFFeeel
RReettHHlEEEsssss
RiiTHLLLeeeSSSSSSLLYYY
RaTTHHHLLLeSSNNEEEsssss
rrroooThhhLEEESSSnnnesSSS'ss
RRRUUTTThss
RRutoooleennnttt
rrUteLLU
RuTiiLLLASSS
RRRiiittSS
RIITTTtuuDDD
RRuuuTTtueeerrr
rrruuttIIIEEEssttt
RRRUTTTtiiiNNgg
RetTTTeeeshhh
RRittTTyy
rryyyAA
RRyyaaSSS
RRRYYEE
rrrYEEE'sss
RRRéGGUUsSSSuuuuuR
rréSSaaaaiii
réSSEEaauuusss
réssseeAuXX
rrröNNtGGGOONNN
rrönnTgggEEnnnSS
SSS
SOObaaaDOOOllllllII
SSAAbbbEEEYiNN
SSSAAABaYYYens
SSSABBBbbaaaTTThh
sAAAbbbbbOOTTIICCCAALLL
sOObbbutttaaCALL's
SSSeebbbbbbAAAttEEECCEEELs
SAAbbErrr
SSAAbbboorrr'sss
siiiBBBeerrss
ssaabbbIInn
sAbbbIINSSS
sabbbLLLEE
SSSABBBlllE'S
SuuubleeeSSS
SSubiiitt
SSAABBoooTT'S
sssooobOtaaagOOO
SSSEBBBOTTaagA'S
sssaaabOOOttuuuGeeD
SSooobbboottAAAGGEEss
sObOOTTOOOGGGIIING
sssubotteeUUR
SSSaaBeetttUUurrr'sss
SaaaBBBaatttEEEoooRSSS
SSSOOOBaaaTS
sssUUUBBBrrOOO
SSooobbbrrUUU'sss
SubbRaaasss
SSAAABBBRRRiii
ssAAAbRRReee'SSS
sssaBBBReSSS
sabUUUlOOuS
SSacc
SAAccc'sss
SSaacccaaatttOOOn
sOOOCCcchhhaarrIIISSSeee
SSAcCChhAAARReeeTTeee
SSaacccHAAAriiiDDDee
SIIccCCCHHHuuurraadddEESS
ssaaaCCCCChhhOORifoooRRoouuusss
seCCCCHuurrrIIIfffy
SSICCChhAAAROOOnnn
ssoocccCChhErEEnn'SS
ssoCCCChhhAARRiNNee
ssaaCCCCCHooRoEDDD
SSaCCCccHaaaRRROMMEETTTAAr
ssaaaCCCCChhhUUURRRoose
SSUCCCCCChIIRROOOsssAAs
SaaCCCccUUUlllaaaRRR
SSSOOCCCcEEELLaaatttE
ssaaaccccuule
SSeeccccUULeeess
saaaCCCCCCuuLLLuuu
sssaaaccccuuLLLESSS
SSaaaCEllloomm
SUcEEErrrdAAAtteL
saaCErdOOtALLLisssm
ssIIccaaRRdddOTTTAALAASSmmmsss
sIICCHUUmm
ssAAAcccHHHeeem'SSS
SSOOcccHEmmSSS
SSSaaaCCCHHAt
sssEEchheTTT'SS
SOCCHHHiiiTSS
SSeeecck
ssEEcck'SS
sssaccKKKbbUt
SSSaacccKButss
sssAckkkClllOTTThhh
SSSoocKKcllleTTh'sss
SSAAcccKKKEEdd
SSIckkkiir
sssecccKKfffUll
ssIccckkfffIIll'ss
ssaaCCCkkfiiilllss
sssaaaCCkkingg
SiicccKKKannGGG'S
ssuCCkkkenGs
SACkkS
SSaacrAA
sssAAcrEELL
SAAAccriilliitYY
SaCrrramENNNT
sssaacrrammmEEnntt'SS
sOOOCCrumUNNTTTaLL
ssoocccreMMMeeNTTTAAAlIIsMM
saacccRRaammmONNNTUllooossT
sAccRRRAAAmmEEnnnttAALIIttYY
SSIIIcccrAMMEEENNNTAlaazzee
sssEcRoMMInttallLyy
sssaaCCRRRAAmmmiiNNNTS
sssAACCCRArIIIa
SSSaaaccRRRaarrIIUMMM
SaaaCCRRReeddd
sssAccrreDDlllyy
SSacRRIIDDDnnnASSSS
sssACCCraaaddnnneessssss'SS
sssiiiCCCRiFFFUcE
sssAAccrrrUUFFFAAAcceee'SS
SUUccRaaFuuuCCIIId
SSEEECCRRIIIFFiiccceeRR
SIICCCrrIFIIIcuss
saaaCCrIffeeeCCCiAAALL
SSSaCriiFIIccciiiOOOLLLLLYY
sssuuuCCCRAfffIccIIINNgg
SeeeCCCRiiLLeeeGGGe
SSecccRRREELLLogII'ss
SAcRRIIllleeggOsss
sssAACCrrUULLaaggiOUUSSS
SSeccrreeluugIeeeAAsssLY
SSSAAAccRRREENGGG
sIIIcrrreeSSTTT
ssaacRIIIStttAnn
sssiiCCCrrriisssTannn's
ssaCrIIISSSTTOnnSSS
sUUUCCCrrrIIsssTTTUEESSS
sssaCCCRRRAASSttyyy
ssaccROOOSTTTyy'S
SSSaaaCCRROOOeeelliiiAACCC
SSSAAAcraIIIllAAAAC'SS
sssaacRRuuiiilllEEaaCCCsss
SSuucccrrrOOOsUUUnnnCCTT
SSAAACCRRASAAANNcTiTyyy
sOCRROOOSaNNNCCCTTTLyy
SSaaacccrrOsAnCCTTTnnnuusss
sssAAcROsONNNCCTnniiiss's
ssacraamm
SAAACRiiiMMM'S
SaCsss
ssaaDD
ssAADddEEN
sssAdddEEnEddd
SEEEDDDDEEnnnannnG
SaDDDDDDEENNNS
SEdddEEERR
ssADDDESSStt
SSaaaDDDDDLE
sssIddddlE'S
SADddLEEEbbAAACCkkk
sooDdLLeeebbiCCCKKKs
SEEdddDliBBIGGG
SSSIIIDDDddlllooBBaGGG'S
SSAdddluuBBBIIIGGGs
ssAADDDDDDlEEEbow
SaaadddddLLiiiBEEWWs
SAAAddDDDlEEEClOTh
ssEEEDDDLLEddd
SSSeeedddddliir
sssadddddLLEErreuss
SSaaDDDDDDLLIIrSSS
sUdddDllleeery
siiddddddllESSS
sssuuuDDDDDDlloootttrrriiiee
saaaDddLLoonnGG
saadeeS
SaaDDDhheee
SaDhhhUUS
ssadiRIINNN
SUDUsmm
sssAddiiiSSSM'ss
sssIIIdddIsstt
SAAAdddIIsT's
sEEEduuuSSTTTeecc
ssAADISSttICCCUUULllly
SSSaaaDIIISSStS
SSSIIddlY
sssEddNNNUSSSS
SaaaDDnEESs'SS
SSodOOmaasOCCHUUUsm
SSSiDDOOmaaaSoooChhaasM'ss
SSSeddooomaasAAACCHHIIsssTTT
ssAADDEmmmUUsIIICCHiSST'SS
SaDOOmmAAASOOOCHISSSTTTiiccc
sssADOmiiiSSoCCChhhASSStsss
SaaaFFAAARRRi
ssAAAFOORRRIII'sss
SSSAfffoorrIIIEDD
SSAFFEEEraAAng
sssAAffarrres
ssAfffaa
SSAAAfffAAA'sss
SuuffecrrrOOOccckiRRR
SEfeCCrraaaccKKKEERS
ssIIIFFeeCRRReeecKinggg
sAAfffEGGuAARRDDD
sAAAffuuugUaaaRRdd'SSS
sOOOfffeGeORDaaaddd
SSOOOfffaagguuaaardddiNNNg
SSiiiFFFEEEGUUUORRRdds
SSSAAAFFFeeekkeeOPPIInnngg
saFFEEKKEIPPPInGGG'sss
SSefffaallUUUGGGhhttt
ssAFFFeeelY
sIIIffeNNiiSSS
SSEfeNeessSS'SS
SSSaFOOrrr
sssuFUSS
SSaaFFFeeeSSt
sssiiffUUUttiiiOOs
sssIFAtYYY
SSSuFFFEEETTTY'ss
ssaafffLLLooowOr
SeeefFLLOOOWWWoRR's
SSAAAFFflllEwerrrsss
SSSOFFfffrrooNN
sssooofffffrrON'S
saaaFFFFFFROONNNS
ssAAAfffRaNinnnaa
Sag
SSaaG'SS
ssUgggAAA
sssAGII'sss
SSSAggaaacccIooouuuSS
SSSaaaggAAcIIIOUsslYYY
sssaagggaciiittY
siGGAAAcItttyyy'SSS
SSOggIIMIIIRRREEE
SSEEgOs
SaaagggEE
sUUUggge'sss
SIIIgEBBBrUUSSHHH
SSAAAGGGObRuuSSShh'SSS
SSSaaggIIILYY
sssUgEnnaasssSSS
sAgggErr
SaGESSS
sAAGGGeeesssTT
ssAGGGgggEEd
SAAGGggIIIEEERR
SSSAAggiiIssst
SSSaagggINNG
SEEgggggY
sssAAGGiTTTttteeel
SSAAGITTTTAtteee
SSEEEggooo
saaaGoo'SS
sssaGGGsss
saaaggguuAAARoo
ssAGuuaaROO'SS
ssIIgUUUaaaRiiS
sssAAhhabbb
sssAAHiBB'ss
sssaHHHIIIBBS
SSUhhOOOaRROO
SaahhhUAARoos
sssaaaIddd
sssAAAoooGiii
SSUIIggaas
sssaIIIL
sssaaEEELL'ss
SSaaOOllBBBOOAARRddd
ssEillBOOOaaarrrdd'ss
sssAeLBBAAAARRRDDDaRR
sssOOElbbOOOaRdddeeer'sss
SSSeeOOOllbbbIIUUUrrDDeeRRRS
ssaaaOlllbbbearrrdddINNG
seIILLbbbOOaaarddong's
sssaaALLbOOErrdS
ssUUAALBOAAtt
sssoooOLLBouuuT'S
SSeeILLBaaaTTSSS
SSSAiilllCCLLOOTTHHH
SSoOOllccLIIITTThh'SS
sssaaEEElloodd
SSSAAAUUULLLuuR
sssaaaeeelllfAAsssH
sssAAAIIILLfiiiSSh'S
ssaaILLLfffiSShhheSSS
sssAAIIliiiNGG
ssiiieeLLLiiiNGG'SS
SSSaellliNNGGGSS
SaaIIlllmmAAKKKeerr
SSaaaIlooor
SaaiLLLeR'sss
sssAAIIILLLarrrSSS
sAiiLLLpllEEEnaaa
ssAAillplUUUnnO'sss
SSSaollPlaaNuSS
sEEEIILSS
SSOonn
SeINNffOiN
sssaaaaannFOOOuuuNS
sssAAAiNNNtt
SSSUUUuunnntt'ss
SuuIIINtduuumm
SSSiiiiinnTAAdd
sseeiiinnntttHHaOOOdd
sssaaIIIntHoooOOddd's
SaaaeeeNNNtLIIer
sssaaaoonntlIASt
SAAAintLLLAAAKKKUU
sAENNNtllUUUnneSSs
ssOOINNNTTTllAnneSs's
saonnnTTTlY
ssUUUINNTSSS
ssoooITThh
sAKU
ssiiiKUU'SSS
SaaakAARRR
SAAKKKeeeS
SSiKiii
SSSAAkkkI'ss
sAAAkIS
sseeLL
sssOOOLLLaaMM
ssaaallAAaam'sss
ssIIlIAAAMMEEddd
sssiiLAOOMMMUUnGG
SSiiiLEEaMMMS
sssaaallaaBBilliTYYY
sAAAlllEEEBBlllEEE
SulOOCCeoooEEESS
SSeeelleeeCCIIOOEEsssLYYY
ssallliiiCCCuooouusssNNNAAASSSS
sssaLaCCIIIEEEeeeSnEEEssss's
ssAAlllaacciTTy
sssalaaCCOOTyyy'SSS
SSiiLLEEEd
sssaLLLoD'sss
SSSuuLLLoooDEEE
sAAlllOOOddSSS
SSSUUULaMMMiiiNNddaRRR
SSSaLLLAAAMMannnDDUUrr'S
SUUUlammOOOnnnDDDIrrs
soolAAmi
sALLAmmii'S
sAAALLLuuMMMIIs
sssOlllaaRReeED
SSSiLaarIEsss
SSaLaaaRYYY
sssIlllorryy'ss
sILeee
ssaaaLLEE'sss
SAALuuABBiiloooTTY
SSaaLEaaabLe
sOOOllloooPPP
sssaallleerrrAtUUUSSS
SSSAAALLLUURRuTTTuuSEEEss
sAlIIRRRIIIoMMM
SSilleerrruuuooMMMSS
sssULLoS
suuuLLLeeeSSclllAArrrk
SSSaalEsssCLaaarK's
sOOLLosscccLeeerrKKsss
SSSaLeeSgIIRRLL
ssseeelEEEsssgERRRLLL'S
sALUUSgooorlllss
sssaaLeeeslaadddUUoooS
sUUllloooSlllaadddyy
sAllleeSSSleedYY'ss
ssIIILLuuussMMInnn
sIIlllESSSmmmiNNN'SSS
ssELEESSMMMeeeNNSShhippp
ssoolllesmmaNNNSHHOpp'SS
sssEEElllESSSMoooN
SSOOLLeesssPPEEoopppLLLEE
sssEEElOSPPPeOOOPLLEE'ss
SaaLEEEsppoooRRRSSSoonn
SSuuuLLLeSpppERRSSSoNN'sss
ssAALLEsPaarrssoNNsss
SAAALLLEEEsssRRROuM
sssaaallleeessRRoooAAAMsss
sssUULLLEESwemmmAnn
ssAlEEEsWWWoommAAnnn'ss
SSaaLLAAASSWWIImmmEEnnn
SSSAALLuuuccaaCCCEEEIIIUUUsss
ssAALLICCCiiiNNN
sAAllIICyyyllATee
ssselllicccYYLLaatUUsss
SaalaaaCCyyyLIIccc
SSALLiieeNNNcccEE
saaLLIIIiiNCCeee'ss
SSSaLiiEEENNNCCCuuuAAAsss
sssaLiuuunnccyyy
ssAAALLuEEEnnt
SSEEELLLiiiiinntt'ss
sssaLLIIIEEnnTiaaNN
sssEEllIIaannntoAAAnnsss
ssaaLUUUenntttlllYYY
sOLIANNNTTTSS
SuuuliffUURauuSSS
ssIlliifffyyy
sssAAlIIMEEEtooR
sOLLUnnnA
SSSallOOONeee
saLLLINEEE'SSS
SSSallaaaNNNEEss
saaallIniiTYY
sssOlONEEttyyy'sss
SSSAAAlUNuZZAATiOOOnn
SSaLLLooonnnUZeee
salllIINoooMMeTTTuuRRR
sallliiNNEEmoooTTerrrss
sssAALiiVVVAAA
SSSIIlloovvvAA's
SaaLivvvurrrYY
SSSEElllivvvEEttteee
suuLLLaVattEddd
SeeelllaaVVVeTTTooSSS
SSSaaLLLooVVVOOOTiiinng
ssAAAllUvvAAATTEEOOONN
SSaLivvvatiiOOONN's
SIIllIVVaaaTIOnnsss
SSSAlllLOOT
SSSAAALliTTss
SAAALLliieeeDDD
saallllIIIEsss
SSSIIILLLLLUUUWW
ssELLLLLiiweRR
ssAllllOOOWWWuuusTT
SSeelLLiWWAsHHH
SSSaaallLLOOOwwLyyy
SiiLLooowNesssss
ssOOLloWnnneeessSS'SS
SSSIlllLy
ssEEEllllly'SSS
sssooolllLLYYIIINNG
SaaalllMMMaggUUNNDEEE
sssaaallMMMOOOgggUNddaSS
SSullMMII
sssAAAlllmIsss
SSSAALMMMooNNN
ssAALMMUnnn'sss
sssALMMonnBErrrrriiEsss
sallMEnnnbbooorrrrrryyy
saaLmmmoonnIILllluu
sssAAALLmmmInnEllllAA'SS
SAAllMMMONeeeLLLLAAAI
SSIIILLLmOONNelllisss
SSSiiLmmmoNNeeLllluuSEEs
SSSAALmuNNNuuLLAssaSS
SSSAAAlllmmmoNAAAID
SSeeLLLmmmuNss
saaaLLoL
SSSAAAlllOOLLLSS
ssAAlOOOnnn
SeelooN'SS
SSSEEElOOONNSS
SSOlloooeNNN
saaalluuuAAn'SS
SSaaaLLeUUUNNSSS
sssAlllUUUOOPPP
ssaaaLLpA
ssAALppeesss
SiiiLLLpppIIIggLLIISSSsAsss
sIIILpIIIGGLLLOOOSSSAsOOOss
SSSEEELLLPPPUUUnggUUccctttoMMIIIIISSS
SSSaLPPOnnnGGooCttomY
SSSaaallppINNGGiitttaaasss
ssalPPAANggIITTIIISasss
SeeelPeeeNGGaatttoomY
sssAAllPPonnxxx
sseLpppiinnnXiis
SSSaaLLsAA
sssAALSSSEE'ss
SoLLLsASS
sssAAAlssIIIffooEs
ssEEELLLssiiFFFYY
sAAAllT
SAAlllTTT'SS
sAlllTTiiinnnTTT
sssAALLTTARRRelLO
sssAlTATTiiooonnn
SSSuulltAttORRRuuAAlll
SAllltaaaTTUUUrYYY
SAAAllltBBOOOx
SELLLttBBBooXXX'ss
SIIllTTBBBOxxEES
sssAAALttCooollllllar
salttcolllLLErrr'SS
ssoolTCCeeeLlarSS
SSAALLLteeeD
sssAlTTTeRR
SUUUltttEEERRRnnn
sssaLLttEESTT
SSSAAllTToeeerr
SSalTTauurrSS
SSSIIllTTIest
SSSOOltEEEgggrOOOdde
sAAlltttIILyyy
SSaaltttiNNNEEE
sssALLLTTTIInii's
ssoolllTTTIIInnnEEESSS
ssiilTIIINeSsss
SSAALTIIInnUsSSS'ss
saLtttUUNNG
SaaLLLTTTiiirreee
SaaalttIISSHHH
sallTTTPPiTIIr
ssAllltpppETTTEERRR'SSS
ssEEEltppEEtttRRee
SSSaallltPPPeetrIII'sss
sssAAAllttss
SSiiiLTTShAkeeR
ssaLtSSHHHaaaKKEErrr'SS
SaLttSShikkkEERRs
SSAAltUUUSS
ssAALLttwwwiitttERRR
sssaaLLTTwwaateeR's
SSaaLtttWWOrrrkksss
ssAAALLLtWWIRRtt
sssUUULLLTTTWWWORRTs
SIlltttYYY
saLUbbbriiiooUUSSS
ssElIIIbbrriiOOIIISllly
SSIIIlubbbRRuOOUSSSnnOOOssss
sssOOllluuubRRuuuOOOuussNIIsssEESS
ssAALuubbbrrottiiEEEss
sEELLUUBBRRiityy
SAAALLLeTTTeeRROOOLLLYY
sssaaaluuutIrrriiiNessss
SSSIILLUUTTAArrry
saaaLLaaattAAATiONNN
SaaaLUUUttOTTTIOnn'ss
ssaLLUUUTTOOttIIIooonneeell
SSSAlllOOOTTAtiioNNNSS
sssIILLuuTTAATeRRRIuuunn
ssaluutuutoRRIIIAAANN'SS
sssaaLLLIIITTaaaTTURRRUUUaaNSSS
SSSooLUtAAtttErrryy
SSalITTTA
SSSAAALLUUUTTTu'SS
ssiLLuuTeedd
SAAALLUUUTeeesss
SSSalUUUTTTEnnnggg
SaaaLLLVVaaagE
ssalllVVeeegggUUU'SS
sAAALLLVVVUUGGGeeeAAbbLLLEE
SSSaaalllVVAAAGuuuD
SSAAlllVAAAGGGuuuR
SSiiiLLLvvAAGGGaRSSS
sssaaalllVVaaagAAAsss
SSSaLLLVaagiiNNg
sIlvvAAATTTEunnn
ssUlVVaaattiiiONN's
SAALLvvaaattionoooll
ssseLLvvve
sssaalllvvaa'sss
ssoLvEddd
ssaaalllVVVUUUrr
sssaaaLVVVaaar'SS
sooLLVVEERRFFFeeRRRMMM
SSSAAllVeeeRS
SSSaaaLLVeSSS
SSSAAAlVVVeAAA
ssaaLLVaaEEEsss
ssAAllVVuNNNg
ssAAALvE
sssAAAlllVVO'S
sssAALLVVoess
sEEElllvOOOSS
ssaamaddHHHi
SSaamarAATIINN
sssAAAmmmUUUrruuUUMM
SSSOOmmmaaaRRIUUUmm'S
seMAAArssskkkIIItu
SSSAmOOrSSSKKetttEEEss
simmmBBBAA
SSiimmbba's
sssaammmBBiieeeddd
ssoomBBaaaaanG
sssAAMMBOOORRR
ssaaammmbbbAAARRRSS
sAAMMMbAAsss
SaaaMMMbbbooo
SSSAAAmee
saamOOKKKHH
sssAAMMEkkkHHHS
ssaaaMennnessss
SSSiimIINNNeeeSS'ss
ssAAMMMees
sEEMeYYY
SSSaammmeeeiLL
SSSEEmmmIIIeeLLs
SSOOmmaaSSOOONNN
SSimmmIIITTTeee
SSSEEmmOOzzzdddaaaT
SAmooosssooo
sssammmOsssAAASS
ssUUMOOVAARRR
ssAAAmUUvvvARRR's
ssaaammmevvvARRRSSS
sseeMPPunn
SAAMMMPUn'sss
SuMMMppAnsss
SiiimmmPPHHHIIRu
SSAAAmPhhUUURoos
sssaaammmppLLe
ssaaammmPLeee's
SSammmPPPLeed
SSemmPllErr
SSoMMMPPPLLeeR'S
SSSaammmPPLLLEEERSSS
SSSeeemmmplaaS
sAAAmmmpppLLinnG
SSamPPPllIINNgggSSS
SSSUUMMsssaaaRRRUU
sUUMMsaRRREcc
sammUUURaaEE
SemmmUUUrrreeeEEE'sss
sooNNNOOTTTUUVVaa
sssUUneeTTIRIIIA
sssaNaTooorrriiieeM
ssAAANNNaattooorrrIOOOmmm'SSS
SaannnaattorriummmS
SaaaNNItttoryy
ssaaNNBBBEnniiiTOO
sOnnnCCCtOO
SSSEENNctttIIffIICCCuuuTUUINNN
SSAAANNNcccTTOOFeeccaaTIEEENN'SSS
sAAAnnncttiFFFIIEEEDDD
SSooNNNcTTTafiiieeeRRR
SSOOONNNCCttIFFIIIEsss
SSSaannCtttUffy
saNNctttIIffyyooonnnggg
siinnncccTIMEEnnaaOOuus
sssannncctttIIImmmUNAAUAAsssly
ssaaancctummmOnEEoOOOSSSnnooossss
sssIIInnCCCttEEEmoonnniiauuSSSnnnUUSSSSS'S
saaNNNcTTTimUUUNNyyy
sssaaaNNCCCttiimmoNNy's
ssONccTTTiUN
sssunccctttOOIIIN'S
SSAnnCCCttiUUNNAAAbLE
SSuuNCCCtaaaooNOOd
SANNNCTTTIIeeNNNIIINNNg
SSSAAAnnnccTTTiiiiinns
ssoooNNCCtiiituudduu
SSSaaanCCtttUTTTYY
sseNCCtteetyyy's
SAAAnCCCTTTIIaaroES
SSSEnnccTuuErYY
sssanccctuaaRRRYY'SSS
SAAANcttUUUmm
SeNCCCTuuM'ss
SSiiinnCTTTemmmSSS
SSSuNNNDD
SSAAANNdd'SS
SSAAAnndaaall
saannndddaaLLL'S
SSSAAnndALLeeeDD
ssAANNNdaalllLIDDD
SSSAAnDDDiilllsss
SENdaaallwwiieeDD
sssAnnnDaLLwwwOOidd'sss
SSSaaaNNNddArAAAccc
sssAAANNNdaariiCCCss
SSSonnDDDBBeGGG
ssoonnnDBaaaGGG'SS
SSSAAAnnnDBoogGGAAADD
SSAAnnnDBBBAAgGGGaNNG
SSSAAANNdbbAGSSS
sOOnnnDDDBanKKK
ssaannndbAAANNkkk'sss
ssaNdddbbANNNKKSS
SEENNNDDBBBaRRR
saaaNDDbbbarrr'SSS
SSSiiiNNDbbbArrs
SSAAnDbbbllasssTT
SSAAANNdBLLLaSStt'ss
ssaaNdddbllaaasssTTed
sssiiiNNdBBlliiSStttUUrrr
sssoooNNDDbLLaSTTEr'SSS
SeNDDDBBBllAAAssttEErrrSSS
ssUnnnDbLLLIIsssTTuuuNggg
sssOONNNddBBBLLLAAAssstsss
saNNdddBOOOxx
SSSannDDDBBEEEx'SS
sAAnnDDBBoooXXXooosss
sssiNNNDCCasstlEE
SSSaNdCCCAAsTllEE'ss
SaaanndccaaassTTTlluSSS
ssaaanDDaaaD
sssaaNNNddeer
SSSAnnDDDIr'SS
SSUUNNDDEERRRLLonggg
sssAnDDDeerrrsss
saaaNNNDffllliieS
sssOnndddFFLYYY
sssaaNNdGGGLLAASSS
SSSaannnDDGGLLOOSSSsssiiiss
SSSAAAnnnDHo
SSSAAANDDDHHOOG
sssAAAnnndddHoogg's
SSSAAANddhuugggSS
ssAAANNNDDDEEerrr
SSSaNNNdEEeeessTT
SSannddiiNaaassss
SonDDDannnESSSs's
saaaNddooNggg
SSAANNDLOOt
SSSAAndllOOTTT'SSS
SSANNddluuTTTss
ssAAANddLLOOOttttEErrr
ssAANddlotttTeeeRRR's
ssaaaNNDDLaaaTTTTTeeerrsss
sANNdddmmeeen
sssiiinndddmmAAN'sss
SSSeeNNDDDMEnnn
SSuunDDppapuuur
SSSeennnDDDpooPPPaaaRRR'SSS
sssaandPPaaPIIrrredd
SSUUUNNNdpppEEEpppeeReeenGGG
ssUUnnnDDDPOpaarrrS
seNNDDDpppiiippooRR
SEnnndpppiiipppeerr'SSS
sssUNDDDpppiiiperrrs
SSaanDDDpppooottt
sIInnnddPPPItS
SaaNDDDs
SSSAAANNNDsssTTTAAnE
SSSanndsstonnee'SSS
sUUUnndddssTTOOOnES
SSSAANNNDDsTTTOOORmm
SSaanDDsstttIRM'sss
ssAANDssTeRmS
SANdwwiichh
SEnDDDWAAAChhh'SSS
saaaNNdddwIIICChheeeDDD
SaaannndddwoCCCHHHIIS
sssOOONNNdWWIchhhuuuNg
SAAAnnDDDy
SUNEE
SSEnneeelY
SSoonEnneSSSS
SSaaaNeNEEsssSS'S
SSAANNNeeer
SeeeNeeessTT
Sang
sssAnGGfffRREEEUUDDD
SSaaaNNGGGFFFrUAAd'ss
ssUUnnGRAAAa
ssaannnGGRRRiaaa'sss
SSONNGGS
SAAAnnnGGuuoNArrOOuu
sssennGGAAiiinaarrrUUULLLY
sseeenGaaIINNaaRRRyy
SSSANgeeIIInnAA
SeeeNNNGOOIInnnElyyy
sAnnGGGuuIIInnenEEEsssSS
ssseengggUIINNennessesss
ssInnggUIIInniiEEEiSS
saaaNNNGGGuuuoonniiiteiiiSS
sssAAnngggUinnnEttYYY
SSaaNNNgaaIInnnAAALLUUnt
sseeNIIIeeeSSS
SSSennioooUss
saaaneettARIeee
sssIIniittaaRIIIAAN
sanOttARRREEEUUnnn'S
sseeNeeeTeeeRuuennnsss
ssaNiiTTTaaaRiiLyy
sssAnnnaTTaaariiiUM
ssaaanooteeeriiiOOOMM's
sssaaNNIIITTaaaRRiiooMMMSSS
sInnaaatAARRRy
sssaaannniiiTTTaaTTTUUUOOOnn
SSSUNNNiTOTUooonnn'ss
sssaaNitiizzza
saaaNNIIITaaZUUD
SAAANNIIItizzzIr
sANNNiTUUzAARRSS
ssannittUUUZuusss
SSSAAANNataaaZZIIINNNg
SSuuunnatttyyy
ssOOOnnnitY's
ssAnnJJaaakkk
SSooonK
SaNNNYYisssii
sanss
ssannSSSUOOO
SAAANsssIIrrrIIIff
sANNtAALLLAACaaaeuuuss
sANttAAnnOCCA
ssAAAnnnTTOOOnnIIIN
sssAPPP
SSSOOOp'sss
SSSapppaaajjoooOOO
ssapppuuunwwwaOOODD
SSSAAAPellEEE
ssOOppHHOOOUDDD
ssaaapppHHoadEDDD
sssUUPPHEaDDsss
sooopppHuunnooo
SSSiippIIIdd
SSSaPPPIDDIITTTIees
sssiPPPIIDeetttYYY
SaapiiiEnnCCCEE
ssAAPPooeennnco'ss
SSSAAApppIIIOOOnnnttt
SSSuuPPIIONNTAAaaaL
SSOOPPeeeEEntLLLY
sssEEpENNDUUUCiiiIEEss
SSSaapleeSSSs
sssEEPPllUUnnngg
saaappLInGG'SS
ssuuPPPliiiNNGs
SSSaaaPPPOOOddeLLLaaa
SSOpppUUUddUUllOOOs
SoooPonnAAACCeeeaausss
ssiiipooNNNIFFFIIIAAbbbLEE
sssappoNNNIIIFFFeCAAtttaaaONNN
sssAPUUnnEEEFIICCuuTIIIaanns
sipOOONOOOFooEEd
sssEpOOONNiiiFFIeeeS
ssAAAPPOOnneeFFFYY
sssaappOONNNEFFFyyiinnng
ssapppuuunneeNNN
sssaaaPPPOOONNIIInS
sAAApOORR
ssAPOriiFFFic
SSAApppiRRROOiSS
ssaaapppoootaa
SSSAAPPoteeecceeoasss
SuuuPPooottaaasss
sssaaapppppaaaNNWWWoiiddd
sEEPpppod
SSAAApppPPPeRR
SApppOrrsss
sAAAppppphhiiicc
sOOPPppHaaaccS
ssOOpppphhiirreee
ssooPPPHaarruuu'sss
SuuupPPHHOORRUUS
sssAppppphhhEErInnnEEE
SSAAApppppHIrruNESS
sAAAPPPPPhiiisssM
sAApppHHIIISSSmmss
sssAppPPiieRR
sssAAApppaEssTTT
sssIIIPppiiinEEssss
SSSIIPPPPPPiiiNeeeSSSss'SS
siiipppppEEEnGGG
SSSAApppY
SaapppRoooGGGeNuuccc
SeePPrrrolliiiTTTEEE
sAPProoollliiTTUUSS
sippprreeePHHiGGiiiiiiss
SSAAAPPPRRRopHHYYYttteee
SAAApprrOOOppHHHyttee'ss
SSSUUpRRRoooppphhhYYtttees
ssaapppRRRoooppphyTTiCCC
sOOpRRooopHHHyTTTiiccOOOLLLLLYY
saappss
SAppSuuugggOO
SiiPPPsaagggosss
SaappssEEECCKERRR
SSUUUPPSecKKKER's
SApppsssUUUckkEERRsss
sapppwOOOODD
SSaaPwwooaad'ss
ssaaarIBBBoNNNd
sssiiiRRRAAAbbaaNddsss
ssOrrAAANN
ssAArrraaan'S
SSSUUURRIIInnnggIII
sssuurAAAppE
sssAAARRRiPPee'sss
SSSEErreeepES
SIIIRRCCASM
SSSEEERRRcAAASSSm'S
SaRCIIsmmmSS
SarrrcccasssttICC
ssarrccaaaSTIICALLLlYYY
SAARCeennnoott
SoRRRcoooCARRPPP
SIIrccceEEd
sUUURRCooMMMOOO
saaRRccoMMaa'SSS
ssAARRRCCOmeesss
saaRRRCOOmmmAAATAA
SerrcccoooMMiiitooosis
sssAARRcOOOpppHHHUUUGii
ssaaarrrccUUppHAAAGGGUUSSS
SSSARRRCCEEppHHHaaGuuus's
SoRRcuuphAAgUUssUUSS
SSSAAARCCeeeiS
SaRRddd
SSARRdIInnne
SSSAAArDIIINNE's
ssArrdinaaass
SSSAARRdddiisss
sssARRRdddiiUUSSSEs
SIRRDDDONNoooCC
SSSiiRDUNEEEcccAllllyy
SaarrrDDDOOnEEECCuuuSSMMM
SSaaaRRDDDOnnnYYYxxx
sssarrrDDOOONNYYYXXXAS
ssaRRdsss
SSSirrrOOOAA
ssarrreeEE'SS
SaRRREesss
saRRGGaaSSSsOO
SiiRRGaaassssssOs
saRRGASsOmm
sAAARRGiisssSImSS
ssaaarGGGe
SSooRggU'ss
ssAAARgggees
SSuuRee
SSEEERUUU'SS
SSSarrIIISS
SSaaaRKYY
SSSaaarMEnnTTooossiii
SSSOrrMMoonnnTTTEEMM
SSSaRRRNNiiEE
SSSirrrnnnEEuuus
SSERRRoNg
SSSIIrroooNNgg'SS
ssaaarrOOOnnnGGs
SOOrroSS
sssuuurrriCCennAAAaa
saRRRacuuuNiaccAooUUS
saaRRRRRRUUUSSSEEppphhhONoo
sAAArsssAPPorriLLLLLaa
SaaaRSUPPPAARRRiilllLLOOO'sss
SAAARRSSSopppaarriiiLLLlllASSS
sUUURsseNN
ssAArrrSEENNNEEET
sssaaRtooorr
SARTTTUUURRIIIaaalll
SSIIIrrTaaarrriiiaaaLLLLyyy
ssoooRTToorIIIII
sEEERRRttOOOrIIIES
SAAArrrtOOrrs
SSuuussH
saasH's
SSSAASSSHAAAy
ssAssshhhaaaYYY'SS
ssaSSHHIIIYYEED
SSSoooShhhUUyyUNGG
SSAAAShaayyySSS
SSSasHHHeesss
SSSAAsinn
sAAskkOOOTTeeEnn
SAASkkkEEtttOOOOnnnsss
SAAss
SSSEEESSSSSS'SS
SSSasssssAAbIaaaS
SSSAAAssssaaaByyy
SSSAASSSSSaaaFFFRRROOOs
sssuuussAfffraaas'SS
SSAAASSSifffrAAssiis
SAsssSSeeedd
saaSssseeS
seeSseeoooRRR
SaaSSSSiiieeSSt
sAsssAAlyyy
ssAASSssiiiNNNOSsss
SSSAAASSSSiiNNG
ssaaSssyyy
SSaaaStRRUUUggaaa
SSSoooTT
SSOOteeenG
SSaTTTeeennngggS
sssaattAAANNaccc
saaaTTannIIICoooLL
SOOOTannnIIccIILLLlYY
SoooTAAnnISM
SSEEETTAAAniiSSm'S
sssuuttannIsTTT
SSSAAAtEEEnnaaStt'sss
SOOTTTuuniiiSSStIc
sIIITTAANNNIIStSSS
sAAtaay
SSuuuTCCCHEEEl
saaaTCCCheeL'SSS
SUUUTCCCHHooollS
SSooTTi
SSotEd
saattEEEennn
SSSatean'S
sssaaaTuuuLLLessss
SSSetaalllAtttOOO
SeTTTellLLLIIITe'sss
ssAAATTTUUlllLooottEEDDD
sAAAttEELlletttiiiss
SSSUUUttEEELLlIIITTTIInnGGG
SUUUTTOOM
sssaaattUsss
SeTTTAAA
sAAAttoooeBLLLI
SETTTIIIAAtto
ssittiiiAteeeDDD
SAAAttIIIaates
SSSaTTiiiIITTIIINNg
sssatIIITTTiioonnn
saattuuuaaTTioNNN's
ssoTieeeTTYY
SSSaaTTUUUEtty'S
SSSaaattin
SSAAAtttIInnn'SSS
sssAAttIIINaatt
SATIINNNg
sAAtttiiinSS
SSSItIIInWWuuAAD
SSIITTTIINweeeaaDD's
sssOOOTTaaaNNNWWWIEEddSS
SSSatiiiny
SSItaaarrUU
saaTTEErrrII'SSS
SaatIIIrrES
SaaTooROC
SSoTIrrIIIcccIIlll
saaaTTTIIroCCCalllly
SATTeeerIsst
SSuuuTEEERiiissst'S
SSaTirrisstsss
SaaTTARRiizzzUtttoooOOnn
sssaaTTorrreeZZZAAA
SSettIIIRoooZZZEddd
saattIIIrrrUUUzzzEsss
SAATTToooRRRuuzzIInngg
ssAATTTIISffAAACCCTTOOONN
sssATTiiissffAAACCCtttOoooNNN'SS
SSAttaaSSfAAAcTiUUNNNsss
ssAtttiiisssfffuccTeeeRRRUUlllyyy
sITAAASSSFFUUUctttoRRIINEESSS
SAAATiisssFOOCCTuROONiiSSSssOOSS
SSOOttEEESSfIICCTTTeeRY
SSAAATTiiiSSSfiaaabbbLe
SSutiiiSSffAeeeddd
saTTTUSSFiEss
ssAAATTTIIsssfyy
SATaSSSffYYYiinngg
sIttiiSFYYYiiNNgggLY
SSEEEtttooorrrO
saaTTOOOrrro'SSS
SSSItrOOpp
SOOOttRip'sss
SSSOOTrraPPPs
SSAAAttsuuMUUU
SaaTTTSEEEmooSS
sssEtttuuuRReeBBBLLe
SIITOrrroont
sOOtttuRRRaaTTTUUU
sssItttUUrrAATAAdd
SooTTuurrrAAATTTiiSSS
sssAAtttUrUtiiinggg
sseettuuurrooottiiiooonnn
ssAAttIIIrrUtttIIOnn'ss
saaTTuurnOOOlIIIII
ssatttUUrrrNALiAAAn
SUUUttoRRnnneeeluOOsss
SAttAARRnnnUUeedd
SAATuuurrNAiidddsss
ssaaTTEErrrNNINE
sssAAAtUUURnnnuNeeelyyy
suuTYYYAgggrrriiiha
sAtyR
ssaaattYYR'ss
SSSaattyyyrrIIIassOOSSS
SaatttyyriASSiS'SSS
sOOttYYYrrriCC
sssAAAtyyRs
SSSAAAUccee
sssaaaucAAA's
ssauuuCCCAd
SSSaAAACCEEEpOn
sssEEEECEppAAAnnn'SSS
SSiiUUCCoopppaNNS
ssseeeUUCCEERRR
SSSeUUcccuuRR'sss
sssAAAUCCaRsss
SiOOcuuuSS
SSaaaOCIeeeRR
SSeeeooccciiiEsssTT
SSoooIIcciLLLy
ssIuuuCCiinnneesSS
SaaIIICiinUUUsssSSS'ss
ssAAuuCCCUnnG
SeeAcyy
sEEUUdoooddeee
saaUUUrrBBruTennn
sseeeuuaaarrbbroottENss
SSauerKKRRAAuut
ssAAAUERKKrIIaTT'sss
SSSaaiiggEERRR
saaUNNooo
SSAAUUUnnAAA'sss
SSSAAeNNaaaedd
SSSAeeeNNaaauNNGG
sssaUUnnasss
sOOOoooNttIIRRR
sAAUUnnnToooRR'ss
SSSAAoNNTTTooorrrEddd
SSIeentttaaroRR
SSUUUONNTTaaarrIIrss
SIIONNNTUUURReeNNgg
SSSaaaUUNNTTEErrrSSS
sssaaUUURRReL
sAAAuRRiiillls
ssseeeUrrrEEEEEEn
sssUUUeerrriiiUUUss
sooUrEESchhhEANNN
sooouuuriisssCHHHOOOaaaNs
SUUiiROOOPPOODDD
ssAAuuurOOOpooD'S
SSSUuuurrrUUUpOODDss
SAAAiirryyy
SSIIIOOOsaGGEE
sssaaaUUSSiigggAAA's
sEEiiisssIIIGGeS
ssOUUUTTTEEEddd
soooOtttIIrnI
ssaauttteeerrnnEEE'sss
ssaaautttEErNNNeeess
SSAAAittEERRnnUUUSS'ss
sOOOuuTTTé
SSSaooté'SSS
SSSAAUUUTTéeeeDDD
SSAAEEEtttéUUUNNNggg
SSSEUUtésss
SooovvvaaaBBLEEE
SSeevvvAAGGGEE
ssAAAvuuuGE'SS
sssAVVVAAAgggEDDD
ssavvvUUUggOllYY
sssAAvvAAGeNuuusSSS
sssuuVOOOgggeeeNNESSss'SSS
SSAAVaaGGGEEErr
SSaVVigggIIIrIIIeeeSS
sAAVVigARRyy
SSSEEVVOOggEEErrryy'S
sUUUvvvAGGGeeSSS
sooVVEGest
ssaaVVVUUUgggeNNG
ssaaaVVVaGeSMMM
SSSaaVVAAnnnNNa
ssseeevAANNNuu'SSS
SaaavvvonnnNNNuuHH
SaaVAANNNNNNEEEhhh'sss
SSSOOOVVVOOOnnNaaHHeeeS
sssEEEvvvooNNNnnoHHSS
SSuuuViiNNoSSS
ssaVVAnnnTTT
sAAAVVAANNTTT'SS
ssseVVVEEnnntsss
SSSAvvoRRRiinnn
ssUUUvaRRUUUNNs
ssIIIVAtta
ssaVVII
SiiVVVe'SS
SSUVVeuuuBBBLLLEEE
sssuVVeddd
sUUUVOOLLLAAYY
SAAvvvELLIIIYYss
ssAvvvErr
saaavvvErrr'SSS
SSSiiiVVaarrrsss
SSIveess
ssuuuVVViiNNNGG
saaVVVONG'S
SSSaaavvIIInnnGGGss
sssuvvvuuuNggSSS'S
SSaaavIOOr
sssavvOOOOr'sss
ssaaaVVViiieeerrrsss
SSSUUUvIAuuurr
SSaaaviOOOuuRR'SSS
sssAAAVVUUUoUUURRs
SaaVVVArr
sssAAAVVVoRR'sss
SSaaaVVVaaRRRed
sssIVVOrrOOOrrr
SAAvEEERAAAEEERR
saaVVVoorrriiiIIS
sAAAvvvOrrrIIEEsT
sAAAVuuurraally
SSSeeVOOrriiNNNEEsssSSS
SSSaaavvvuurOnnEEssS'sss
SAAAveeRRRiiiNNNg
ssUVVVOrLLLAAASSSsss
sssIIIVORs
SSOOOVOOORY
SSIIvvooRRY'SS
SAAvvvoooYY
sIvOYY'SS
SSSUvveeeYYYSS
ssaavvvvvIIeeed
sAvvvvvEEERRR
sssAAVVVieSS
SOOOvvIIeeessTT
SaavvvvYY
SSOOOvvvvY's
SSSEEVVVVVVyyyINNGG
SSSaaWWW
sssAAww'sss
sssooowbbonOOOSS
sssAwwwBUUUnnEESS'ss
ssOwbOONNNASSEESSS
SaaawwBaCCCKK
saaaWBBBuuccKKK'sss
ssoWBBooCKKS
SaaaWWdOOOssst
SUwdddaaasssttt's
SSUWEEEd
SSSaawEEErrr
ssawwffIIShhh
SSaaWFliiEEsss
SSSAAWFFFLyy
SIIWFLLLYYY'SS
ssAAAwwheRRsseee
SaawwwhhhEEERRSA'SS
SSawwwHHeeeRRRssAsss
SSawwwiiiNNNGGG
ssaaawmiiLLLLLL
ssaaWMMiillL'ss
sAAAwwMMMiiiLlS
SOOOWWWNN
SAAws
sIWWWTuuuITTTHHH
sssAAAWWyyIIrrr
sAwwwYYYeeerrr'SS
saaaWyyeeerSSS
saxxx
suux'S
sssAAXXaSS
SSaaxxxHArrrNN
sAAAXXHOORNss
sOOOXXIIIFFrrOOGGOO
SSooXXXifragggUU'ss
SSSaaaXXXiiFFFrraGES
SSAAxxOOppHooNOOO
SSuxxxIIIpHHHEEEnnnee'ss
sexxOPHoooNNEss
SSSooXoPhhOOONNNiiisTT
SSSAAxxEEppphhAAANNNaaSSttt'ss
sssIIIxUUpppHuuunnniiStttsss
SSUUXXXttiiBu
soooyy
seeeyyy'sss
SAAYYEERRR
SAAyyyIIINGGG
sAAyyIIInGGG'S
ssAAAYINNNggS
ssaaYYYOOnaaaRAAA
SSaaaYYYaanaaarraaaSSS
sUUUYYSS
sAAAYYYId
SSScOBB
SCCCeebb'SS
ssCCCabbbURdd
sCCCOOOBbbarrrD'SS
sssCaabbbbAARRRDDDsss
ssCCABbbbaaddd
ssscaaabBieerr
ssCiBBBBIIIiiisst
sccAAbbbBiiinneeeSss
ssscUBBBboonneeSsss'ss
ssCCaaBBBbbInnnGGG
SCCCIIBBBlleee
sCCAABbbyyy
SSScibiieeesss
SSSCeebiEEESS'SS
sscIIIBBBUeeeTic
sscOObIooiSSS
scccaaabiOOaasUsss
SSCCAAABBBLLAAnndddSS
ssCCCeebLLLiiKKKEE
ssCCCaabbrrrIIIEES
SSSCaaaBBBRuuuASSSlllyy
sssCCCAAAbrrOOOAASSnnOSSss
SSCCeBS
SSCCeedd
sssCCCAddd'ss
sscIIIddSS
SSccaFFFFOllld
SSSCCCooffffOOOLDD'sss
SCaaFFFFOllDDinnggg
sscccaaffFFUUUlDIINNg'SS
SSCafffffoooldddSSS
ssCCCooGG
sssCCAAgglllUUOOlA
scccaGGs
sssCUUUllABIIILLLIITTy
SSSCCCoLLLObllAA
ssscccaaalOOOddA
SSSCaallAAAgOOO
SSCCuulaaaGEEES
ssccUUlllARRR
SSCalariiiFFooRRRMMM
SSSCCCAAlllurrs
SSccuullOOOWWWEEEg
SSSCCCaaallAAAwwEEEgg'S
ScccillAAAWWooGGSSS
SScaaalllD
SSScccAAlDD'sss
ScAAAlDDEEED
SSCCEELddiinnGG
sCCoLLdss
sCaaLLee
SSSCAAllEE'ss
SSCCaaaLIIIbbuuuaaaRRRd
ssccceeelEEEd
ssCAlleeeLLLEESsss
sssCCaaaLoonoo
SScccULLeenU
sssCCALLeeNuS
sCCCiLLEEEppaaan
ssCCCaaLEERR
scaaallluuuSSS
sCCaaLIIIErrr
ssCCEElliiiEESStt
sssCeeelllIINNNeSSSS
ssscccAliiNNUSSSsss's
sscccaaaLLLeeenGG
scccuLLllIIIUUNN
sscccaLLllIIIAANN'SS
SSSccAAALLLllluuueNSSS
sCCOOLLLlOPP
SCaLLLlllup'ss
SSCCaaaLllEEPPeedd
SSCCCALLLLLLuupeeeR
ScccooLLllluPIInnnG
ssCCIIllLoPs
ssscccooLlllYYYWWAAAGGG
SCOOllLLYYWaaaGGG'sss
sCaallllllYYWAAggss
sscAAALLLP
SSScaalllPP'S
SciillPPPEEd
SSCooolllPPPeeLL
SSccoollPPPiilll'SS
SCAALPeelllS
SSScuuLLLPeeR
sssCCCAllPPPeeerr'SSS
ssCCCAAAlllPPPErsss
SCaaaLpUUUNgg
SSSCCCAllPS
SCCaaaLYYY
scaam
SScIImm'ss
SSSCCaaammmmmeeeD
SSSCAAAmMMMiiNggg
SSSccAmmmMMMuuNNIIIIIsss
ScaaaMMMMMUUUNYY
SSSCCUUMMMPPP
ssscccaaMMMP'ss
sccampppaRR
sCCUUmmpeRRR's
ScAMMMpEErrEEEdd
SCAmmmPPEERRReeer
SSSCCUUUMMMPPPeerINNNGGG
ssCCCiiMPPeeeRss
ssCCCIImmmPPI
SScaaammPPAAA'SSS
SSSccaaMMpppIOOss
sCCeeMPPsss
SSSCCaaaMMSSS
ScccAANNN
SScccAAANNN'S
ssscaaNDAAL
SSScAAAnnnDDaall'SSS
ScaaNNNDDAAlllIzzeeTTUooNN
ssscEENNNDDOOOlIzattUUUOOnnnS
ssscoooNNNDDAlllIIIzzEEE
sssCCanndUllaaazoood
ScUUnnnDDaaaLLLiiizeRRR
SCConnndddiLLLizzzesss
sscAAnndddAlllIIZANggg
ssscccANNdalllmmmooNNgggerrr
sscccAAAnnndAAALLMMMiiiNNgggEr'S
sCaNNNDaalllmooNNGGeeerrrSS
SCCCaNNNddaaLLLOUsss
sssCCCEEENNNdEEELLeeuslYYY
SSCCOOnnddAAALLLSSS
sscccondeeeNNT
sCIINNdIIICCC
SSCCaaaNNNddUEEEm
SCANdiiiaaaMMM'SSS
sssccaNNNAbbLLLEEE
ssscccAAAnnnnOOOdd
ssCCCAAAnnnnARR
SScaaNNnnnUR's
ssCCONNNNNeeRSS
SSSCCCeeNNNUUUnnng
SScccAnnnnnniiNNNgSSS
SScANS
SScANNsssIOOOnnn
SccconnSSSiiAAnnn'sss
SSSccaannnSSurIIaL
SSSCCCaaannt
sccINttEDD
ssCAAANNNTTErrr
sccAANNTTIsTTT
ssscANTTTIIIEErrr
sscAAANNNTeeeS
sccenTTaaauuSSSTT
SSccAAnnnTTTIIIlyy
SciintiiiNNNEEESSSS
sccINTTiiiNNessS'S
SCCUUnTTTINGGG
SccaaNNNtLiiiNNNgg
ScccAANttlY
sscONNttNNEEESSSS
SCCCANNtNNOsssss'SSS
ssscanttSS
SSSccaaaNNtYY
SScccOOOppAAA
sssccAAApppeeeggOOOATT
sscccaPeggOOuT'sss
scccappegggaaaaaatEDD
sssccAAAPPeegggOAAAtEEr
sCCCUPPEEEGoaaaTinnGG
ScccaaaPPeeeGOOaTEEsssmmm
sssccaPoggOOOOOtttSSS
sssCAApppeGGrrraCCCIII
SccAApEEggRRRuCCOOO'S
SSScaPIggrOOOcceess
sssCCoooPUUS
SSCCCeePPHOOiiDDD
scAAPIIILiTTe
scAAAPPPollAA
SSCOOPPPEEElaaa'SSS
sCaaPPiiilaaaeee
ssscccAAPPuullAAARR
SScccAAPPPUULaaRR'SS
sCCCeppElaaarrSS
SSScccAAPPPULLuuuSSS
SSCCOOrr
SCAArrr's
SCuuuRABBB
SccoRRRAABBB'sss
SSSCAArrrAAAbbbuuueeeIIdd
SccARRaaaBBBAeeIIdddS
SScIIIRROBBOOOEEAAAIID
sCARRRaabOOOEEES
SSccAARRRAAbaaEEussEEESSS
SSSCCIIrrruBBBss
SSSCCCooREEMUUUchhh
sscccuuRRccU
SSccArrrcceeelllyyy
sccorrCCuunnAAASSSsss
SSSccOOOrrrCCCiiNNeeeSss'sss
ssscaaaRRRcceRRR
SSSCCCoRRRcAAAsttt
sssCUUURccIIITTTiieeeSS
SSSCCOOOrrciTTTYYY
ssCCCAArrrcccUTTyy'S
ScccaaaRRROOO
SSccAARRReee'SS
sCAAARRREEECCCrrAAW
SSSCIIIRRicrruuWW's
sssccaaarrrICCRoooWsss
SScccooorrreeeDDD
SSCCaaaReMMAAANNGGeeer
SCCiiiRRimmooonnnGGEr'sss
sCCCOORUmmmEENGGoRing
SSCaaarrOmooNNNgggeRRss
sssCCIrrrUss
sscccARRRfff
scaaRRRfff's
SScccaRRFED
scceeeRRfEEnnnGGG
sCAAArrfSS
ssCCCaRfffssskkkUUUNNN
SCCCArrrIIOOrr
SSCaaaRRRAAuuuSSStt
sssCCARRIIIFFFIcAAATTOOooNN
ScccAAAReeeFaacccAAATTIIoN's
SSScAAArrrUUfffIIcutttOORRR
sssCCCAAAriiiFFAeeddd
ScaRRIIFFFiES
SSSCaarrAFFFy
sssCAAArEEFFYYYeNG
SSCCARRRAAllyy
SSScaraneeeSSS
ssCCCoorIINisSSS'S
ssCCCAAARRIIInnnggg
ssCCOOOrrLLaaatttOOONNuuu
SSCCAArrlaaatttiNIII'SSS
sCCCOOOrLLiiT
sCCCAARRLeeeT'ss
SSSccaaRRppp
sssCCAARRRp'sss
scAAArPPEEEd
scaaRRRpppErrr
SSCCCARpArrOOOdd
sCCaRPPeeerrrIINNNG
sssCCArrppEErrrs
ssCArrrPPAAAnnng
SSCEEErPPS
scarrrrODD
sssCCCEEErrAAAnGG
ssCCCAArsss
ScccARRRvvviiiSSS
scccarry
sscuuut
SSSCeett'sss
SccaathAA
ssscccAAAtthhheedd
sssCCCaaaThiSSS
sCCaaThiiiNNG
SSSCAAAThhIInnngggllyyy
ssscEttooLLLoooggAc
sssCCCaatttOLLIIGOOccAAl
scIttuuuLLOOOgggyyy
scEEEtELLLOgyyy's
SSSCCAAATTTss
ScccEEtttttAAADDD
SSSCCCAAAttttERR
sCCAAAtTeeeRRR's
sccuuuTTTTEErrbbrrAOnnn
SScccIIItTUUURRbbRROOOOnnn'S
SSCUUUtttteRRRBBRUUUIINNNAD
SSSCCCitttuurrbbRuuuinnSSS
SSSCCCatttteeRREDDD
SSSCCAATtAAARRRAAARRR
ssCCCaaTTTTiiiRurrSSS
scccAATtttARIIINNNg
SCAAATtOrrrIIINGG'SS
SSScccOTTTteRRRiNGGS
sscaaaTTTTIIIrrS
ScccAttTTTERRRSHHoooT
SSScAttTTiinnnGGG
SScaTTTTYY
sssCUUAPIIr
SSScEVENNGGEEE
ScccAAvvOONNNggEd
scccUUVVVUUnnnGGGeeRR
SSCCCoVVUnnGGiRR'SSS
ScciivvvEEnnnGGeeeRRRS
SSSCAAvvuuuNNggEs
SCOOOVVeeeNggiiNNGG
SCCCaaNEEErrriiiooo
SSSceeeNNuuRRRAOOO'SSS
SSSciiNNNaaarriiooSSS
SSSCCeNNNAAARRRissstt
ssscUUNIIIriSTTT'sss
sCCeeeNeerrriSSTTSSS
SSSCCEEnnnDD
ssccceeNdddeD
SSSccceeNNNDInnGG
sssCCCenDDSS
SScEENE
sCCEnI'SSS
sssCCEEnnEEErrYY
sscccEEnerrYYY'S
SSScEEnniiisss
SCCCENNUUUCC
ssscuNiicaLllyyy
SSceeeNNNOOOgggrAAPPhhUUR
scciinOOGGrrroooPPHHYY
sssCCCAAnt
ssscccEENttt's
scUUUNNNttOd
ssCCCuunntttIInnG
scINNNttlllesSSS
ssccceeennnTTTSS
sscccePtttEEERR
SSCUPPPtttERR'sss
ssscccEEPteeereDD
sssCCCuupppTTEEErrrss
ssCCHaddEEENFFrUUUuuuDEE
ssCCChhhEEpppEEE
scccHeeeDDDiiiLeee
ssscchooddduuuLEEE's
sssCCHHHEEDDDeeLLeedd
SSScHHHeeeddUUULLLOORR
SSScchhhOOOddollleeRRsss
ssscHHidOOLEEEsss
SSSChaaaDDAALIInnGG
SSScHEEeelleeeTTTooo
ssChheeeeeeluuutttus
SSScccHHHaammaaa
ssCChheeMuusss
SSCChhhiiiMMMAATaaa
ScHHHUUMMMEEETTeCCC
ssschOmmmoTooccc'SS
sCCChhuuMMMattteeCuulllLYY
SSCChhooMMMaaataCSS
SCHUUMMaaattIsm
SchheMMMaaTTTIzaaTiunn
SSScccHHoommUUtoZZZaateOOONSS
scHHeeMMMaaTIzeee
sssCHeeeMAtiiizzaaaDDD
schheeeMMMaattaaZZZiS
sscccHHHIIMaaatttaaaZZeNNNGGG
SSSCCHHeMMME
ssschhUUMEE's
SSCHHeemmmeeed
sscchhhAMMEEr
ssCChhiiMaRR'SSS
scccHHHEEEMMMERRSS
SChhhEEMMAASSS
sssCCCHIIImmiNNgg
SSSCCChhOOORRZooNNDOO
SSSCHIIIRZiii
sssChhaaarzOOO
scHHorZoo'ss
SCCHHeRzzzIIIsss
sschiiillur
sChhhUUULLllanGGG
SSccHHIlllLLLIINGG's
SSSCHHHIIILLLlEEENNgSSS
SchhhIIIppppEErkkEE
SSScHHAAPpppAARkkAAsss
sccHHiSMM
SChhiiissmm'SS
ssccHHHISMMMUTTiiiC
SSSchhhISSMMMaataC's
SSSCHHoooSSSmaaatIIIcAlllllY
SSChhIIIssMMMITTiiccSSS
ssscHHoooSSmmmSSS
SSSccHHIIISSTTT
SCHiiissst'ss
SSScccHHiiiSttoSE
ssChhheSSStOOsssaMMEEE
SccHHESttosooMMass
sCHHHIIISSStteeSSSaaaMMMiiiUUUsssOSSS
ssscHHHIIStttEssoooMIIIIsssiS
SSSccHIIIZZO
sssCHHHIIIZZOO'ss
sscchhEzuuGGGEnnessOOOS
SScccHHIzzEgggEnnAEESS
ssCCCHHHeeZZIIgEnnYY
ScHIZZZooiiDD
sschiiZOOOeddd'sss
ssscccHHHIIZZaaaIIdds
SSScHHIZZiMMMyyyCCCiiTi
ssscccHHHizzIIInntt
sscccHHHiiizOPhROOONNOaa
sssCCCHoozzzUpppHHHRRRuuunnniaaa'S
SSChhIIZZZOphreeNNIIC
scHizzzoPPHHHrrrIINNNIc'SSS
SSccHiizzzopHHHrrreeNNEEcaaLLLLYYY
SchaazzzOPPhRRRENocSS
SSCHHHIzoophhhYYcceOOaaasss
SSCCCHHizzOOOPPPoooddd
SSChhiizzzOs
sssccHHizzOtttHYmIIIaa
ScchiizzzOOTTTHHHYMMaaass
SSSCCCHLLLeeMiiEll
SSccchhhluuuMiiiuuuLLL'SS
ScccHHlllEEmmmUUUaaalllS
sssCCCHHHLAAP
sCCChhhllliippp'S
SSScHHlllEEpP
scHHHlleePPPP's
SSSchlluuPpppaDD
ScccHLLEppppppEEEr
sccchhhLLLeeeppPPPOOOnnGG
SSSChhhLLLuuuppPPPSSS
ScchhLLLAPSSS
SCCChhLeeeRRRENN
sschhhlAAAMMAAZZZoooll
SCCCHHLLeeCKKK
schllOCk'sss
ssCHHHLLIIICKKy
SSSCCHMMiiilllttzz
SchhmmooltZ's
ssCCCHHHMMMAAlllTTTZZuuor
ssCHHmmIlllTTTZieeessTTT
ScccHHHMIILLttZyy
ScchhhMeelllz
SSSccHHMaaalllz'SS
sCCHmmaaaLZZYY
SScccHMMMeeerr
ssCHHMMMEEEiiRSSS
SScccHHmeeERR
SScHHHmmmeEERRRs
ssCCHHMOOO
ssCCCHHMMOOO'S
sssCHHmEEEE
sCChMMooEE'ss
SSSCHHMMMOOOeeesss
ssChmmmAAaazzzOOO
sssccHmOOOiiiZZZeed
sssCHMMMUUUOOzzEEEr
SSSCHHHmOOiiZZZUUrrrSS
SCCHHmmmoooEEEzEEESSS
SSCHmoEEZIIng
SCCCHHMMoooSSS
sCCChMucccKK
SccHHMUUUCkk'sss
sCChMMMuCKKKsss
ssCCChhNNIIIPPps
SccHHHnaapPS'SSS
sscHNooiiizzzEEr
sCCChnuuUUzeRRR'S
SScccHNNNAAoZeerrsss
SSCCCHHHnnnATTzeeLLL
SSScccHHHnnIIITTTzzeeLLL'SS
SSScchhhNIITTZZeeLLLSS
ssCCHHHNNOOoKK
sschhhNoOOK'ss
sChniioooKKKSS
ssCHNERRkkkLLee
ssChhnnnoooRRRrrEErr
ScccHHnnizz
ssCCCHHHNNNoooZ's
SSChNOOzuuuS
sssCHHHNNoZZZZZLAAA
sssCCCHNAZZZZZZllEE's
sccHHHnnEzzzzzLLEss
sscchOlllarrr
sssccchhhUUlOOr'SSS
SSCHHoooLiiiRllannnOOOSSsss
SCCCHHAALaaRRlY
SScchhhOOLaarrs
SSSChhhoolllirrrssHHHiiP
SSCCChhholllAARRRsshAPP'sss
SSScHHOOOlaRRRsssHHHIIPPSSS
SchhhuuuLLLAAssstttiic
sCChoollaassttaaCCaLlyy
SSCheeeLLLaaaSSSticAAAttEE
SSccchhooLLEEEsstttiiicISMM
ssCCChhhOLaaassTiiiCCCiSmmsss
SSccchiiiLLLiiiAASSttt
SSSCCCHHHOOOliiumm
SSCCCHHHIEEELL
SSccHIIOL'SS
ScccHOOOOLLLbboogg
ssschhOOUUlllbbAGG'sss
sscccHHoooOOLLbbiigs
SCHooOOOlllBBoUUKKK
SScHHHooouLLLBBBooOOkk'sss
ScHIIEllBBOOOOOkkkss
schOOOoLLBBBooYY
sscHHAAAolllBBiiiyy'S
SchhhOOooLLLbbbOOOYSSS
SSSccHHooOOLLLCCChhhiLDDD
SSCCChIoooLChhIldd's
scccHHHOOoooLLLccchhIILDRRRiiinn
SSSccHHuuuOOOlllDDeeeysss
SSccHHHOOAALLEd
SCHHOOOOllffoLllloWWW
ssccHOOOOLLfffILLLliiiWWW's
ssCHOOOoLLLFFFELLLooowS
sssCCCHHooooLLFFrrriiEEnnnddd
sCCCHHHooiiLLgIrrrL
sschoooooLGGIRRll'sss
SScccHHoooolGeRRLLLs
SSScHHOOlHHOOOUUUssE
SSSCCChhoooooolhhhoooeeeseee'SS
SSSCCHHooOOOLLLHIIIooSOOS
sCCChhhoOlIIINNNg
SCCCHHAAAaLLLIInnng'sss
ssscHHOOalkkOOODD
sssccheeaaaLkIddSSS
sCChhAAAolllmaa'uumm
sssCHHAAOOOllmaaNNN
SSccHeeOllmmAARRRMM
ssCHOOOOLmIrrrM'SS
ssCHHooollMAAArrMisssH
ssCHEEoLmmmiiirrmsss
SSSCCCHHeUUULLMMaaSSSTTEErrr
sssCCChhhiiOOLLmmmAAAssTErrr'S
SChoOOOLMMMassstttERRRss
ssschhhooUUUlmmmaTTeee
ScchhoooooolMMITTTOOO'S
sssCCChhEEolllMaaaTTOOss
sssccchEEollmmmann
SChUUOOLLLMIIISSTTTRRRass
SCCHHuullMMosTTTRUUSSSsss's
SSSCCHHoooLLMaaasssttrrUUUSseesss
SScccHHaaooollRRRuuuem
SCHeeuuLRRRoooOOOmm'ss
SSSccHHHAAAAAAlrroOms
sscHoooOLLSSS
SSCCChhhaaaOOOllTeeAAAchUrrr
SScchhoooooLLLtteIICCCHUUURRR'SSS
ssscccHHHEoolltIeChheeerrrsss
ssCCHiiiillwooRk
SSSChooooolWWWoRK'sss
SSCCChhoooeeeLLYYYEEERRd
SSSCHoooooollyUURRRD'sss
scHHHOOOlllYARRRDSS
SScccHHeeeoonIIIrr
schhhAAAOnnnErrr'sss
SCCHHOOOOONNAAARRRSSS
SSCCChhhorlll
sccHHHOOOtttOOSccchhuu
SSSCChootttTisccHeeesss
ssCCCHHRRRoooDD
sCChhhrrOdd'SS
ssCCHrrrOODDSS
SScchTIIck
sCCChhhTTaCkkk'SSS
scccHTICCCKKKSSS
SCCCHHuuusssSSS
ssCCChhhESs'S
sscchhUSsssboooOMeeeRRR
sscchuuussssbOOOOOOMurr'SS
SChaasssSSSbooEEEMuuRsss
sssCHHHuuSsssed
SCCCHHHUUSsAS
SSSccHHussSAAANNgg
SCCCHHHWAAA
SCCHHHWa'SSS
SSSccchwaaasss
SScccIIIaaammOOOchhYYY
ssscIIIaTTTICCC
sscIIIATTIIICCAA
ssscIUUttICCCa'ss
SSSCCeuuTTOcUUUllLy
SCCCAAiinncEE
sssCCIIIancccu'SSS
SScOOEnceesss
sCCCieeennntiiiAAAl
sCCIIIoonntEfeeC
sCCCiiieeNNNTTTEEEfiCaaalllY
ScccaeeenTTTaSSMMM
SSSccciiAnntttuuSTTT
SSCaaEEEnnntuuussst'S
SScccoooeeennntiiSSSTTTiiC
SSCCCiiiEEEnttAASSSTTS
SSSCCCaallICCAAAT
ssscooLLLLLaa
sCCUUUlllllAAS
sssCCIMMMIITTTaaR
sCIIMMMItttaarrr'sss
SSCCCiMMoTTTARRRs
ssscIIInnCCoooiiidd
ssCCCEEnnttIlLLA
SCCiiiNttaLlllA'SSS
SCIIInnttiLLoonnntt
ssccciiNNNTIIIllaaS
SSSccInnttiillLLLuuutE
SCiiNNTTTaaaLLaaTTTEDD
ssccciinntttEELLLLeettesss
sCiiNNNTIILLLLLLAtttUnngg
ScINNNTTIIIllLLLaaaTIaaNNN
ssCCCiiinnttUUUlLLLATTIOOn'sss
ssCIINNNTTilllooTTTIoooNsss
SSScInnnTTiiiLLLllOOTTToRR
SCCUUUnnTTTiiiLLLliiiTTTorrrsss
sssCCCUnTTIlllllEEmUtEErrr
sCCaaoooLISSSmm
SSCCCiiiOLISSSTT
ssccIAllliiiSSttECC
sssciOOOMMoooCCCHHHYYY
sscAeeeMEENNcYY
sccciON
SScciiiONNN'sss
SSSCCIIOOOnsss
SSSccciiRRoooccco
SSSccIIrrRRHHooUS
SSccOOrrRRhhuuss
SSSCCCAAsSSSaaaLLL
ssccceeSSSiiiLOOO
SSccIIIssssssuuaaaNN
SSCCCIISSSSIIIooNNNS
SSSCCCEESSSSEEER
ScIIssSSSooRiiiddd
SSScUssSEEERRiiiNNNGGG
SSScccOSSSSOORRRS
ssscciiiSSSSaaRRRe
SSSCCCiiiSSSSSUUURRREEES
sCCAAUUrIInE
SSSccciiiuuROOiiD
sssccLofff
sccLLaaafffFFeeDDD
sssccLLAfffiinG
SScLLLaaaffS
SScliirA
SSScleeerrruL
ssCllliiirrrees
SSClllIreeennnCCHyyyMMAAA
SSScccllEErruuutoo
scccLLEERiiittteeeSSS
ssscccleerrruutttIsss
sscluuROOtiiSSSEss
sssCCCLEEErriidddeRMMeee
SSSccliruDAArmmmAAASSS
SclliiirODDDEErrmmmuuToUUs
SCCLOOOrOOmmo
sclIreMMetttaarr
sccLLooorroMMMeeeTTTeeeRss
sCCCLLLarrroopppHHHyyLL
scLLLEEERRROpppRuTTIIuuN
sscccLEEERRRAAPPruTTTEIINNs
SCLeRRRoossid
sssCLerOOOssEEESS
sssCCLLLEEERaaaSuss
SSScccLLuuurrOOOSSSuuuS's
SCllleRuTaaacc
ssClllEEERRRoootooMooEEEss
SSCCluretAMMy
sCllIIRReeUS
ssCOOOFFFF
ssscOOffF'sss
SSSCCAAFFFFFFeeeD
sssCCCoooFFFFFFerrr
sssCCOOOFfERR'SS
SSSCOOffffuuRSS
sCCeeeFffuuNNGGG
sssccOffFFFlAAAWWW
ssccoooFFfLLaW'SSS
ssCCooFFFflEwwwsss
sccAAFFFFs
SSSCOOOLLdd
SSccALLDDD'sss
ssccooldddEED
ScccOOLLLdddEER
scccilllddERRRS
ssCCooLLdddiiNggg
ScccUUllldeeennggg'SSS
sssCCOLLddiiiNNNggSSS
SSScuuLLDDsss
sssCCOOOllaacccItoo
sCCooolllAAAx
SScccoooLLoooooSiiiSSS
SSSCCuulllOOOisiis'SSS
SSSCCCooolAiTTIIICCC
SSccciiiLLLLOOOPPP
sssCCCoollLLEPP'SS
ScccELLLLLLOOOpppooDDD
ssscolllleeepiNNGGG
SSScccOLlllIIPPs
sCoollUUUpppUUUnddRRRUDDD
SSSccUUUnnncccOO
SScEEENNCEE'SS
sssCCCOOONcceesss
scAAANee
ssscoonEE'S
sscccOnnes
SSScccOuuuP
SScccAAOpp'SS
SSSCCAAAiPPeeddd
SSScAAOOPPERRR
ssCCaaaooPPPFFul
ssCCCooiiipffELL'SS
sCCeOOOppfuuuLLLs
SSScccOOOepppiNNggg
SCCCaaaopppSSS
ssCaaOOOtt
sssCCoooottEEd
ScOOOEEEtteeer
SScooOTIIRRR'SS
ScaaaOOttterrSSS
ssccOOOOOtanGG
sCOOOOOOTsss
SSSceppp
sCCCoopppee
sscoooPPE'ss
scccoooPPaaaDDD
sscccaaPaS
SSScaaaPenGG
sssCCEEEpOlAAAMMIIIne
scAAAppellOmOOnEEs
SSScccOOPOLIIINNNe
sssCCoooPOOpHHHiiLLLiiaa
sccePPPeeella
ssccORRRBBaaatIc
ssCCOOORRRBBaattuCCUl
SSScOORCChhh
ScccOrrrCh'SSS
SCOOOrcccHHHEEEddd
SSSccoooRRCCChhhUUUr
sscEEErcccHHHErr'ss
ScErrChharrrSSS
sscccOrrrCChhhaSSS
SSSccciRRRCChhUnnggg
SSScoRRii
ScARIII'ss
SScccoRAABOOOEErrrD
SSccoooRRREEbbooEEERDDD'sss
ScORReBOOaaaRRDSSS
SSCCCEEERRAACCCiirrDDD
ssCCCOOrrIICeeRRDD'sss
SSScccOOREEcccAARRRddds
SScorrrAAAddd
ScccoooRRokkkeeeEppaaRRR
SSScciirrrekeeeUUUpppER'SSS
SSSCCCOOReeKKaaUpiiiRRSS
scOOOrrrEElUUUsss
ssCoorreeellIIINA
SSSccooRRRAAALLiNNEEESS
ssccErrEEEr
ssCCoRRUR'S
SCCCoooRRRIRRRSS
SSSccOOORRoss
SSSCOrIIIe
SSCCorrrUUUaCCCOOOOUUss
SSccooorOAE
sssCCerrrIIFY
SSSccORRRiNNNGG
SCOOORRRNN
SSccURnnn'S
sssCCCOOrrNNiiddd
SSCCCORRRNaarr
SSSCoRNORRR's
sCiiirnnnuuRRRss
ssCCOOrrrNNNFUULL
sCCOOORRRNNNfffuuuLLLLLY
SCCCurrnfUUUllnnniSs
scIIrrrNNNIINNggg
sssccoRNs
SSCCCOORppeeeeeennedd
SSScccoRRppAeNNNiiidss
SSCCCIIrrPAAAEENNNOOidd
sccOOORRppoaaaNNNEEEIIIDDDSSS
ssscccAAArPPoooRR
sCURRPiiioonnn
sssCCCuuuRppIon'ss
SSScoooRRRpppEEEEEEnSS
sssccooTTCCCHHH
sssccETTTcHH'ss
sssCCOTTcheddd
sccoottChhooS
sccottcccHIIINNggg
SSCCCootCHHsss
sssCCCoTeerrr
ScccutteeerS
SSScccoTTTIIIAA
SCCCOTOOppOooo
SccooTTUUPPPIIcc
sCCCoiiiNNNddRROLL
sCCCiUnDRRReeL'sss
ssCCEuNdRRRoLLLllYY
sscccUUUUNdddRRRElls
sssCCCoooAAAr
ssCCOOIIIRREEEddd
sCCCAAAooorrUURRR
SScaaaarrIrrr'SSS
ScccOuuurreRRsss
SSSCOUURRRGGGee
ScccooUUURRGGee'sss
SCoerrgggeDDD
sssCCAAAUUURRgeeer
scOUrrrggEEEsss
SSScoURgggOOng
SScuuuuRiiNNNG
sCOOuuRRRUngggs
sscIIOORRRsss
SCCCooouuuT
sssCCaaIIIttt'S
ssCCOOOEEEttted
sssCouuTTTeeRRR
SCCOUUUTEEERss
sCCCOOuTTTinnGG
ssCCUuuTTTIIng's
SScccAUttmmmOOSStttEEEr
sCoeeeTMIIstttEERR'SSS
SSccOOuuutttMMMassterrrSS
SCoouuTTTs
SSSccoW
SCCOW'S
SSSccooowl
SSccOOWLL'S
sscoooWWLLLIIdd
sccOwwllOOOr
ssCCOOOwlllaanGGG
sCOOwwwllIINglYYY
ssCCOOOWWWllls
ssccceWWWsss
SCCrrrabbbbLLLiii
sCCCrrIbbbbLLeee'sss
SCCRiibbblleD
SSSCCrrrUUUBBBbbbLLeeerr
SSSccrrriiBBBBBLLiiiRRR's
SSSCrrraaabbbBBBLLeeerrrSS
sccrAbbllESSS
SSCCCRRABBBblllaannGG
ssCCrrrIIGG
SSScraGGG's
SSScccrrraggGGiiiuR
SccrOOOGGGGIIOOsst
SSccrrrAGGGaaNNESS
sccRUUGGGGlliieerr
ssCCraggggllliiiessTT
sccrAAGGglyyy
scRRRaaGGGgy
sssCCCRRRaGGs
SSccRAm
SCCrrUUMMbbbLLE
Sccrommbble'S
SccraMMbbLLeeeDDD
SSccRRAAAMMblaRR
SSCCrrOmmmbbbllur'SSS
sCCCRamBBlllURRS
SccRRRaMBBBLLooos
SCCRRREmmmBLLIIInnnggg
SSccRRRAAAmmeeeDDD
SSCCrrremmmmANgg
sCrruummsss
SCRaannnAAAl
ssCrreePP
sCCRRReePPP'SSS
ssCRAppBooOk
SSCCrOOppBOOuuuK'SS
SScccRaapbbbUUIIIkSSS
ScccRAAppEE
scccRRRuPA's
SSSCRuuuppeddd
ssCCrruupErrr
SSccRRRaaaPAAr'S
ssCCrrApEEERRRbooooRRRD
SSScccrrAppeRRsss
SSCCCrAAPPPoooSS
SScccraaPPPhheeiPPP
sssCCrEEEppHeeeuPP'sss
SccrraphEIIPPss
sCCRRRUPeeE
SSSCrrappiiiNGG
ssccRaaaPiiiNNGs
ssscccRRAApppEdd
SSCCCRRReeepppPPPoooR
ssscccrApPiirr'ss
ssCCCrrraaaPPPPUUURRRSSS
sCRApppPPPuuURR
sCrUUPPPPiiEEESSttt
sCCrrruuuPPUULLLy
sCRAppppppiinnnUsSS
sscrUUUPPpIIINNeeessSeSS
SSSCrrraPpeeeNNNggg
SSCCruuuPppLLooo
SSSCCCRRUUUPPPyyy
sscRRaapSS
sccRRooopYYaaaRRD
SSCCCRROOppYYYaaRRddd'SS
SSCCrrraaapYYEERRDDS
ssCrAAtCHH
scrUUUTTcH'S
SSSCCCrrrOOOTTCCHHHbbaaaAAArrrD
sscrrrOOOTCCCHHHCard
SCCrUttcccHHCAAARDsss
SScccRRRittCCHaaaDDD
ssCCrrrETTTChhheerr
SSCCCRRRaaaTTTccchAs
ssCCCrIIttCCChhhEEEEEERR
SSScccrOOttCCCHHHIIUUUSSST
sssccRRAATTTCCChOOLLY
sCRRattccchiinnnooSSS
ssscccRReeeTTTcccHIInnnEESS's
sCCCRREEtttccHHHOOONgg
SSCCCRRAAtttccHHEnnngggss
SSSCCCRRATTTCCHPPPAAADD
ScccRaattCCCHHPPaddds
sCrraaTTTccHHHY
ScccrrreeWl
ssccrrrAAWWLLL'SS
SSSccruuuWlaDD
SScccRRaWLLLiiierr
sscccRRRAAWWlEEEEsTTT
sCCCrrrawwlliinnGGG
ssCCCrrrIIIwLLS
SccraaawwwLLLYY
SSCCREwwwNNNiiiIIrrr
sscROOWNNNiiAAsTT
sCCCriiwwwnnnIIINNNUUUSSSsss
sssCCCrraWWWNinnnUUUssSSS'S
SCCrrrUUUWWWNNNYYY
ScRReeaaKKK
ssscrrrEAAAkkkaDD
sCCRRROOOaaKKKIIIng
ssCCCREAAkkkSSS
SCCCRREaamm
SSSccrrEiiimmm'SS
ssscccRRRuuuAAmmmEDD
SCCCrEEaamoRR
SCRREuumErr'SSS
SScccrrrEaaMMeeeRRRSSS
sssccrraaaaamAAANNNgg
SSSCrrIAAAmIINNggglY
sssCCCrrreeEEmmms
SSCrEEe
SScrIEEE'SS
scRRRaaaeeeccHH
sssCrrEEeeCH'SSS
SSSCrrrEOCCCHHHEEEddd
SScccRRReeeeCCCHHHOOSSS
ssscccRReeeOOOCCChEEEErrr
sCCCRROOeecccHHHAiiistt
SSScccrrreeeEEEChIIInnnGG
sscRRREoooCCCHy
ssscccRRReEEDDD
sssccruueeDsss
SCCCrrraaEENNN
sCrrreeNN'SSS
ScRRaaaeenneed
SSSccREEEennneeRR
SSSccRaaaNNNIIINGGG
ScccRRREeeennnAANg'SSS
SSCrreeeeeNNNiinnnggsss
sssccRUEnnpLLLEyy
ssCCrraaaEEnnnPPllliiiyyy'SS
SScccRRUUUAnpplllooYYYs
sCReOOnnS
sssCRRREEEeennWWWRRIITTTer
SScccrEEeNNwrrittEERRR'ss
scccRAAiiinnnwwrrrItttEERRsss
SSSCRREEEInnwwwriiitttengg
ScccrrreeEEEnnnwwroTTiNNg'S
sscrrrEEaaaSS
sssCCRIWWW
SSScccrEWW's
scREEEWBaaalllll
SSScraaWBAAllll'S
sCrrrEEwwBBBooollLLsss
ssscccRReeeWWWdrrIIIVVERR
SSCCCrreeeWdRRUUUvvEEr'sss
ScccrreeewwwddRRRuuuVVVIIIRSSS
SSSCRRRiwwwEEd
sscccrrreewwwUUORRR
ScRReeewwuuoosTTT
ssCCRaWWeeNNNESSSS
SSCRRREEWWiNNNEsssss'sss
SCrrIWanng
ssscccrrews
sssCCCRAAWwworrrm
SSSCCreeeWWwwwIIrMM'SSS
SCCCRUwwweeerrrMSS
ssscrOOOWyyy
SSSccrrOOObbAAlll
sscccrIIIbbbbbLLA
SCrIIIbbBBlE'SSS
SSScccRRRiiiBBBlEdd
sscRRobbBllUUUrrr
SSCRRRaaaBBBBBBlllOOr'ss
sssccRIBBBbbbllleerrrss
sCCReeeBBBBlAAsss
SSCCRRRibbbBBllliNGG
SCCCrrIIIBBBbbbLIINNNgggSS
sCCCrraabbbeee
SccRRiBuuu'sss
SSSccRRIIbbODD
SSccRiiibbeerr
SCrrriibERSS
sssCRRRIbbISSS
SSScRRuuuBBBIng
SScRRimmm
sscccrrriiMM'S
SSCRUmmmMaaGGGeee
SSCRRIIIMmAgggoo'sss
SSCrUmmmmmmAgggIIddd
SSScccRRRimmMIIIggerr
sCrrrAAmmmaaGGEsss
SSSCCCrrreemmmMegggIIINNNgg
SSCCrIIImppp
SSCCCRemmmPaDD
sscccRRIImPPPIIR
ssscRaaaMMMppooeeeR
SSScccrrriimPPAAAeeSSttt
sCCRRRiiMpppeeNNNgg
SCrrrIMppS
SSScRRRiimmppyyy
sssCRRommss
sssccrrriiimSShEEnnndddER
sCRRRIIMMsssHHHIIWW
sssccRRRuMsHuuuww'ss
SSScrIIImmssHHEEwEEDDD
SScrrrImmSSSHHHAWooonnnggg
ssCCCrIIMMMSSHowSS
ssCCCRRRaap
ssscRiPPP'sss
ssCCCRRRaaPPPss
SCrrrOOOpppt
ssccREPPPttt'sss
ScrrroppTeeDDD
scrrIPPPtttinnngg
SSSccRRRIIIpppTTurrrOOOA
ssCCRiiippTuuurUUUuuMM
ScccrOOOPtSS
sssCCrooPTTTUUUrrrIlll
ssCrrrAAApppTTTURRRelllYY
sscrroPPPTTuuuRRUUU
sssCCCRIIPPPTTTURRRE's
ssscccRiPPPTTIrrreeSSS
sssCRIIPPTWWWrIIIttIIIr
SccRRuPttWRuTEEERRR's
sscREPPPtWrrrITTuuRRRss
sssCrraPPPttWRRRuTINNNG
ScccRRRIvvvEEnoor
SSSCRRiiVVViiinnIIr'ss
SSCCCrrrIIIvvvEEENNerrrSSS
SCrraBiiicaaaLLAATTu
scccrrOOd
SSScrraD'SS
ScccRRRooDss
SCCCrrroooffUlA
sCCCrrrOOOFFUUllI'SSS
SCCCrAFFFuuuLuuuUUSS
ssCCrrrooollll
SSSCrroll'SS
SSScccROOOlLeddd
sCRaalLIInGG
SccrrroooLLLllsss
SSSCCCrruooGaaa
SSSCCCRRROOeeegggAAA'ss
ssscROOOOgaaas
SScccRooOPP
SSSCCRRRoooPhhhuluuuRRRiiiAAACCCEOUs
SScccRRETTAA
ScccrrrooTaLL
ScccrrrutttOOMMM
ssCCrOOTUMMM'sss
sssCCrrrIIItUMMMs
sscccrOOOUUUGII
ScccrrroouuNNGGe
SSSccRROOOiiinnnGGuuDD
SSCRRRUUoNNGGiiRR
SSccRREUUUnGGGOr'ss
SSScrrrOOOuuNNNggeeRRsss
SSCCROEEngiiiSSS
sCCRROooNGiiiEERR
SSSCCRUUUuungiossT
ScccReeUnngggeennnEEESSS
SCRRoooENNGGiNNg
ssCRRoooEEnnGGYY
sCrrrIIIbb
ssccrOOObbb'SS
SSCCrrUbBBEDD
SSCrrreeeBBBErr
SScrrAABBbbEERR'ss
ssccrabbbBBBEERsss
SccrruubbbBBBIIIeeR
scrrroBBBbbbuessstt
sCCrrreBBBBBBIIINggg
sCCCRRUUUBbbyy
sscrreeeBBBLLooNd
SCCrrUUbblANddSS
SSSCCCrriiBSS
sCrUUBwuummiiiNN
ScccRRRaaFFFF
SScccRRRUUUff'SS
ssCCruuFFFiiieeRR
SSScccrrruuuffffoaaaSSTTT
ssscrUFFFFiLLyy
scRRRUfffiinneeesssss
sssCCRRRuuFFffeeeNNNAsSS's
SScREEEFFfsss
sssCrOOffffYY
SSCROOOmm
ssCCCrriimmmHELff
SccRReeMHAALvvEEsss
ssCRRRuumMuuuggge
SScRoMMmmmooogEEEss
SSccrrUUUmmmaaaGaaaNNNgg
ssCCrrAMMmmmEEEDD
scccrrrAAAMMMMMiiinnGGG
SSCCrUUMMMPPP
ssCCCreeeMPOOOdd
scrrrUUUMpppInnnggg
SSSCCRRRuumpss
sssccrrruuMpppttIuuuOOSSS
ssCRUmmmPTTTIIIoooUUUsssllYY
SSCrrIIImmmPPPY
SCCCRREEmmss
sssCCCRUUUNCCH
ssscccRRRUNCh's
sssCCCrrUNccchhhEdd
ssccRRUUncchhhEEss
SSCCCRUUUNNcHHIIUUU
ssCrUUNCHoooEEE'sss
scccrrruunnncchhiiEEESS
SScRRuuNCCHHHIINNG
SCCCrEENccchY
SSScRUUnnnCHyy'SS
ssCrrruuupppLLee
SSSCCRRUUpppllA'sss
SSSCCrrrAPPlEd
SccRRRoopleeeSS
SCRRRUUUpllaaNg
SSCCCruuppOOLooosssIIITTyy
SSccRRRuuuPPEllloooSSiitttyy'sss
scccRupUUULAIIS
ssccrrruuppUllOOOOOSSllY
sssccRUpAALLLoooUUSSSNNeeeSs
ssCroooPPulIIooossNNNess'SSS
SSCCCRRutaaBBlE
sscrrruTTTaaaTTEEER
SSScccrruuttaaanUUUeRR
SScRUUUttIInnUUUeeerrs
ssscccRRaaatIINNAAuuSSS
ScccrrUUTiiNNNeeeZZZIITTTIIIuuNNN
sssccrrrOOtoooNNNIZooo
ScccrrrUTTINNEEzeDDD
SSScccRRuuuTOOONNUZZZiiiR
SSScccrutONNiiziSSS
ssCCRRoTIIInniZZZEENNNGGG
SSSCrEEEttaaanny
ssCCCrUUUtINNyy'SS
SSSCEEbbaaa
ssciiBBBII'S
SccEBBBAAEEEddd
ssscccibbeeeInnngg
ssCubbbaaSSS
SccuD
ssCCCidd'SS
SSSccUUddddAdd
SSSCCCudddDDIINGGG
ssCUUUdUU
SSSCCEDDDss
SSSccUUUffffff
ssCUUfffff's
sCCUUUFFFffeedd
sscccUUUFFFfiinng
sssccaFFFFFllu
sssCUFfLLLee'SS
SScccuuuFFFffflllED
sssCCCIIffffflUURRR
SCCoofffFFFLeeeSS
sccciiifffFFLInGG
SSCCUfFFss
SSSCuuLLLLL
SSCCCuuullL'ss
sscccUULLLLLIIIDDD
ssccUULLLlllaRRR
sscuuLLllUURR'SS
sCoLLllIRRIIIEESS
SCCCiiilllloRSSS
SccUUUlllllAAARY
SCCCULleeRy'ss
ScEEEllleenng
SScULllIIIOOn
ssscccUllLLIIIooN'ss
sssCCUUUllIIIoooNNs
SCCCUllLLLSSS
ssCCCULLpIIInnn
sCIllppIINNNss
ssscoooLLLPSSIT
ssCuuLLppttt
SCCCiiLLLPPteedd
ssscIIILLpTTOOOnnngg
SSSCCCuuLPPTTOOOrr
sssCCuLLLPPttORRR'ss
SCCCuuLPPTIIIrrs
SSSccIIlllPPttrrrEEsSS
SScelllpppttRRESSSS'SS
sssCCUULLPttRREssssssUUs
scccEEELLPtts
SCCCoLPtuuuRRRaaalll
SculllpppttuREE
sscUULLppttURRRAA'SS
sssCCUUUlllpppTTTIrOODDD
SSSCCCiiilllpptteReeSSS
ssCCILLLpppTTurEEEsssQQUUee
SccIllPTTTUUraanngg
sssCCuM
ScUUMMM'SS
sssCOOOmmmbbaGG
sccomBBBeeeg's
scIIImBBEEGGSSS
sssCCumbLLLEE
ssCCCOOOMMMBBleeeS
sCCuumMaDD
SSSCCCummmEEErr
sccuMMMMMMooESSST
SSCuuuMMmUUUNG
SCCUUUmmmmYY
sscEEMSS
SCCaaaPP
sCCuuuppuuur
SSccUUUPPpUr'ss
SSccEEPPppiiRREdd
sscccIIppppeeRRRiiiNG
SScccUpppIIRRNNOOngg
ScccUUUppPIRNNNOOnnggSS
sssCCCoppPIIRRss
SSSCCCUUUpppSS
sssCCCUURRF
sssCCCUUUrF's
SSSCCarrrfffiiaaaRR
SCCCUUURffiiiiiisssTT
SCuRRfffuuunaaSSSSSS
sssCCCUUUrfffYY
SSScURRieed
SScccaRRRRRiiUUUs
SSSccUUUrrrRRRIIILEE
ssccuRRrEElOttYYY
ssCCCIIrRRIIIlooTTy'S
scARRRRRIlouuSS
sssccAAArRRaaLLLOuuuSlllYYY
sscccEEErRRIIllOOOuSSnesssS
ssciiirrrrUllUUAASSNNNeesssss'sss
sCCCUrRRRyyy
scccorRRRY'SS
SccUURRRRYIIINNNggg
SSciiirVViOOOR
SSCCCuuRVVIiiiSt
ssscceeRRvvvIIIllYYY
ScorvuNNNooossss
SSCUUrvvvY
ssCuuuRVYY'ss
Sccuuutt
SScuuTTTa
SCCetaaGeee
sCOOTTTaaatttEE
SScccUTTCCCHH
SSSCaTTCHHeeeOOON
SSCIIItcchhuuuoon'SS
sccaaTTcccHHEEENsss
sscceeTooo
sssCoTTooollllllUUUttiiONNN
SScccETeesss
sssCCUtttIIFoRMMM
SSCCCUUUttts
sCCCUUttttteeeRR
SSccAAtttlleee
SSSCCCAATTTTTTlllEEE's
sssccuuttttLLebbbuTTTT
SSCCuuutttTTLeBUUUtttT'S
scUUTTTtLLLEEEdd
ssCCCUTTTtttllleees
ssCuuTtLLiiNNgg
sscUtttUUmmm
scccUUzzzzIiiRRR
ScciiZzzuessTT
sssCCCuuuZZZzy
ssCCyypppHAAATE
ssscccYYYPPPhI
SScccYYPPPhhhIIzoooEEEN
scYpppHHHoooZZZaOOONNNSS
sscccyyyPPPhUUUSSS
sccYtttHII
SSSccYTHEE'sss
sssCCyyythhhod
SSSccYTThheeeSS
sssCCYYTThhhInnGG
Seaa
sio'S
SEOObOODD
sEEEaaabeeDDD's
SSSoooiibooodddSSS
sEEEAbiirrd
sssEABBIIIrdd's
sssUUiiibORds
sseeeabbAAAARDDD
sssAAAAbooArddd'ss
SeeeEEBBiiaaarDDs
sssIAAAbooorrggiiUm
SSSEEEiiiBAArrnnEE
SeeIICoUssstt
SeeeiiCUUaaasstt's
SSIIUCCCOOOAAAssTTTs
SSiacccUUCCKKK
SSSeeEdUUG
sEUUUfffaaaReRR
SSSiiifaRRRerrr'S
ssEAAAffAAArrrEEErss
SSOOoFFFAAAReeNNggg
SSaeeFARRRaaanGG's
SEEaaaFllooOrrr
SSEaaaFFFLLoooorr'SS
ssUUUAFLLaaaeeerrrsss
SeAfOOodd
SSSeeeooFFaaaOOD'ss
ssEaafrroooNt
sssAiiFFFrreenttt'SSS
sssoUUUFFFRRooNNTTTSS
ssseuGGAAArrtt
SSAAAeegggOOeNNNGG
ssseuggguuullLLL
SSSeAGGUUULLLLL'SSS
SEaaaGGuuLLLLsss
SaaaaaHOOOrSSii
ssEEEOhhooorrrsssaa's
SeeeIIIhhhAAARRRsssEEs
Saaaaaall
SEoLLL's
sseeeuuuLLabbbllOO
SeeeOOOLiiNEE
sIIIaaLUnttt
SSIIaaalllunnnt'SS
sssAAAlaaannttsss
sseeILLiiiDDD
sEEALERR
SSeeeeelleeerrr'ss
ssEaLLLeeersss
sEEuuLLIIINNGG
SSSIIIaalS
sssaaiiilsssKKaaan
SSSAAAALLskkkin'SS
ssseeeAm
sEaaaMM's
seaamENNN
SSSeeOOMMMeeNNN'S
SSiaaamAnlllekkke
SSAAAAAAmmannSSShhiiipp
SSEAAAMMMannnSShAPPP'sss
SSSOOOAmmARK
sssEEEImmmoD
sssAAAAMMeenn
sssEEEAAmmmiiiEErrr
sssEEEaaameEsstt
SSaammiiNEEESS
SSEEiiiMMMOONNNgg
SSEEuuummmllleeess
sssiiaaMLOOOsSSSLLLYY
ssseImmmiuNNT
SSSOOuuMOunTTTs
sssOAAmmSS
sEEAAmmssTrrrEESss
ssEEEAAAmmSStRRESSss's
SSSEEEEmSSTTRRESSsssaaass
seAMMYYY
sssAappLLLUUUnEEE
SSSeeeApppllaaaNNee'SSS
SSSeeePlAAAnnnuusss
sssuuueeppuurrttt
SSSEaappOOrrrt'sss
SSeeeAAAPPuuurrrtSS
SEEEEEquUUUkeee
sEEEaaQQuuuAAkEESS
SSuuuAAR
soaar'sss
SSSeeARRcH
SSSEEEaarrrCH'ss
SSSOOOrcheeeDDD
SeeeARRRChhEr
SSeeeurrrCherr'S
SSSEEAAARRcccHaRsss
ssEEarrCCHHAS
sIIIAARChinnGGG
soiiirrrccchhiiiNNNGGGLYYY
SSAArrrcchhlllighhTTT
seeeaaarrrCCCHLiGGhTTT's
sEEARRRCCChhhLLLIGGGHHHTTSSS
sssuuuareeddd
SaaaAAARRROOnnnggg
ssUIIIrrrOOONGGLLyyy
ssUUUAARRRsss
sssEEAAAs
sssiEESCCAPPPe
SEEEAAASScccOOPU's
SEEaaassscccAAAppIIIS
SSSEAAShALLL
SiiAASSShhhoooLLll'SS
sUUUUssHillllsss
SOaassshhhOOrree
SSSEEEEEsshooRRRAA'SSS
ssaauusshhoooREEsss
SSSeeeaasIIICkk
SaaaaaaSSSIICCknnoSSSSS
SUAAASSSIIICCCKKKnnESSsss'S
SiiAAAsseeddiii
sEEuussIIdddEEE'S
SEAsseeeDusss
ssOOuuussseenn
sssEAsooNNN'S
ssIEsseeennnIIbbboLLLooTTTyy
SEEEAAASSSEENAAAbbbLUUU
sOOAASSOnnnAAABBBLonEEESSSSS
SeeessOOONeeBllleeennISsssASS
sssOOOASuuNNaaBly
SEEEiiisssonnneL
sEEEAAsssiiiNNNUUUliTy
sEEEassuuuNNNAAALLLLYY
SSeeuuusseNNOOODD
SSSiussIIInnoor
sseeeaSSooNAAArs
SSeAAAsonUUNGGG
SeoooSoooNNiiiNNgg's
ssEEEIIISInIIINNNGGS
seeiiisssOONNNSS
SSSeeUttt
SSOaaattt's
SIaaTTbELttt
sseeeOttted
ssEEaaattENNNGGG
SSSeeuttinggg'SS
sssoAtmATTe
SSSeaaaTTTmmAAtttOOO'S
sOaTTmmmIITTTEEESS
seootSSS
sssiiiEEEWaalll
ssEEAAAWWeellll'S
sseeaaawwwaLLls
SSUaaaWWWARDDD
sssOOWWaarrDDD'sss
SEEEEWWiiRRDDDsss
SSSeeeewwAruu
SSIIIaaawooTTTOORRR
sssEaaaWWWAAAtttaar'S
SSeeeaaaWWAAAY
SeaaaWWWaYYY'ss
soaWAYYs
sEEEAAAwwEEEEED
ssEEEAAWEEEEEDD's
sssEEIwweeoodddsss
sseeeIIIwworrtHHHiorrr
SSUOOWWiirrrtttHHHoooEEEST
SSUUUAAWOrtttHHHANNNaSS
SeeeaawiiRRtthhhuNNNeeesssss'sss
SEEEAAAWWOOOrrtHHHY
seebbbUUceeOOUUUSSS
ssEEEBBBeefffaRoeeess
SSEEbbORRRRRhheii
SSSeBBBUUURrrrHHHeaaa'SS
sseebbbOOOrrrrrHHeeeiiccc
sEBBBoorrrrhOEEEEEE
SSeBBBoorrrhOOAAUUU'SSS
sEEEBBBUMMM
ssIIBBBims
Seeccc'SS
SSaCC'y
ssoooccannT
ssuuCCCIINNtt'S
SooCCaaNNNtttss
sseCCuuTTEEerrSSS
SIICcOO
SEEECIIIdddeee
sAACEDDDAAd
soCEEDDDEEESS
SSEEECCeedddiNNNGG
SeeecccUrn
SSSeeeCOOORNUUUDDD
SSSuuccceeerNNiiiNGGG
sssUCEEErNsss
SECCCeeesssiiEEENN
sEEECCCESsiiiIINN'SS
sUCCCeeeSSSSSiiieeeNNNOOL
SUUUCAAASSsssIIOOnniiSm
SSSeCCCUUssssiiunnisssmmmS
SSIICEESSsssIOnisssttt
sooocccEESSIIIUUUNNNiiSSTTT'sss
SSEEEcciiissssssUUUOnnnOssTsss
sseeccuuuSSSsssIEEnnSS
ssACCHH
SSSaaacccLLuDeee
SEccLLLuDDoodd
ssseeCClloodddeeess
ssAACCllluuddduuunng
siiiCCLLLESSioonnn
sseecccllliiisuuonn'ss
seeccLLUsssiVVeee
sseeCCLOsssEEVeennissS
SSEECCooNddd
SIcoondd's
sECCAAAnDDarrreeeiiiss
SSUUUcOnnDARiilllYY
sssIcccOOnddAARRRINNiSSs
SSeeccoonndaaRRYYY
sseCCCaannnDDDAAry'ss
sssEEcooonnDDDEd
SSSEEEcoonnndErrr
SSSEEcccEENdeeRRR'SS
ssEEECCCeeeNDDDEErSS
SSSUcccOOOnnnDDhUnnd
seeCCiNNddUUUNggg
SeeecccooonnDDlyy
sssOOCOOOnnDDDmOnttt
SSSeeecccaNddMEnnttSS
SeccANdddss
SSSiccRoocccYY
SSEEcrrECCyyy'SSS
seecrrrEt
sssAcccROOOtt'SS
sEcRRReTTTAArrriiiAAAL
SSUUUcccrEETaaarrrIAtt
sssiccRReTTTarriiAAATT'SSS
SSIcccRuuuTTTiiiRIeetSS
SSSIIICRRREttArriEEEs
sAAAcreTTTooRRYYY
SSSEEECrreeeTTaaarrYY's
SEEcrrAAAtuuuRyyySSSHHHApp
SSSECCCRRRettaaryyysssHOOPPP'sss
SSSeeecrrrOOOttU
sseeccrrEttteedd
SSOOcrEEEtttooos
SSSIccRRItttIN
SSSIIICCrriitttINNg
SSEEEcccrrrIITTTAAANNNs
SSSeeeCCCrrruuuTiiooonnn
SEEECrOOttIoNN'SSS
ssEECRUTTieeNarrrYYY
SACCCrreTaOONNss
SSeeeCCReeetIvvve
sseccrrrAAttEvvveLLLYYY
suCREEEtOVVVIInESSS
SSecRettUUVOnnnISSsss's
SEECCCRREtllly
SSEEECCROOTTTor
SSiiicccRReettoorY
sEECCRReTTSSS
Sicccs
SUcTT
ssEEcct'S
SSSeeCtariiEn
SSiiiCCCTaRRIIan'S
SSeCtttaaarrrIIUUUnnisMM
sEEECtttaaRIunnOOOsM'ss
SSSEEECtiRRIIIunnIIZE
seCTTAAARRRIIaaannnSSS
SooCCCtttaaRiiEEss
sseeCTeeeRyy
seeeCCCttOOrrryy'SSS
sseeecTTTiOOnn
SSECTTTaiN's
SSSOctiiionnnAAALL
ssseeCCttIIIINNAAALL'sss
SSSIIccttiiOOONNNUUUlusm
sssuuuCCTIeNNNAAALLoSMMM's
sssiccTTioNNNAAllAAAsTT
SAccTTiioonAAALLLaaaZEE
suctttIIIOONaLLLY
ssEcTTTUoonulS
sssAAACCTiiannOODD
SecccTIEENNNIINNg
SEEctEEEOONNNss
siiictOOrrr
saCCttIIIRRR's
SSeeeCCCtIrAll
SSSaaCCCtiiiRREEDDD
ssEEcccTToriiiALL
sseccctttooRss
SEEECtttss
ssECoooLLOR
ssECELAAARRiisssMM
sEEcceellERESmmm'S
SECELLLAAARRRIISSST
suuuCCElEriiiSSttt'SS
SSSeecccooLEErroosssttiiC
SEEECCIllArrriiisTTTS
ssseeccelaaaRRAtY
SUUUccuuuLIIIrriiizaaaTTTuuueNNN
SSEEECCCUUlAARREEEzATiEENN'ss
SSeeecccOOlaarrrooZA
SEcIIlaaRUZZeeeDDD
sEEECOlARRReZZZEEr
seCCIILiirreeezOOOSSS
SEEcEEELLLARRIIZZOnGGG
SecccEEELaRRRlllYYY
SSSooCUUnnd
SSOOCUUUNNNDiiNE
sseCCuunnddINEEs
SSSOcOOruuu
sssaacccuuRRREEED
SSSeeCCCoorOOOLLLyyy
ssseCCCurreMMMooNNNttt
ssEcIIIRREEERR
ssaaacuuurrEEESS
soocuurUssstt
SSeecccarreeennnG
SAAAcccUUriiTTIIeees
sEEEccUURRRItttyyy
SSEEEcEEErrrITTTyyy'sss
ssseeeDDANNN
seDDAAn'SS
sEEEDONNNSS
SUUDDaaaTEE
ssaaDDDAAAttEEd
sseDaaTTTEElly
SIIddAAtEEnnnaaaSSss
SSSeedddATTOOOnesS'sss
ssUdATTUR
ssIIDDIItteeeSS
SSSeDDAAATTTeeeSStt
sEDATTTeeeNg
sUDAATTiiOOn
sEEEDDDAAATTIIIOOOn's
SSEEEDETOOVOOO
SSaaaDDDAATTTiiVee'ss
sseddUttUvvveSSS
sOOduuuNtAARRRiLYY
SSeeeDDDeNNTTTOORRRaanaSs
sEdddENTTIIIRRy
sooDgggeee
SSEEDgUU'S
seeedddGGGEEs
ssIdddggIErrr
sseddGGGiESSttt
SSedddGGYY
sedddoMMEnttt
sUddommmEEnT'S
SUUdAmeeNNtttirrYYY
ssooodUUUmmmEEEnTTOOttOOOUnn
sEEEDDIIIMMeenttAAATTTIOOn'ss
SSEEEDaamENNTEEDDD
SSSiiddiiiMMMAnnnTooolllaaagggy
ssEEEDEEMMMennnTTS
SaaaddiiTTIIIOOOnnn
ssaaDUUUTiiOOOnnn'sss
SSSEEDDIITIUNNNUUUSST
SSEEDDeeeTIIIiuuuSSS
sEEEddUUTTAAuooslllYY
ssEDAATiiAAAooSNNNiiiSSSS
SSeeedUUUCCCe
SSeeDDooCCeeedd
Seeduuuccceeerr
SSEddduuuceer'SSS
SSSEEdddaacEEErrrsss
sssEEEduucccesss
sssUUdiCOBBBLE
sOddaccUUNNggg
sssOOOdddUUUCTaaon
sssEEDuCTTooonn'sss
ssooddUcccTIAAAns
SSSEEEdddIIICCTIIVooo
ssseeduuccctAAVVVoolY
SuuddUUCCtavvvoonaaaSSSSS
SSSaaaDDDEEctttIIIveennnIssS'ss
ssiiiDUUUcTraaSSss
ssEEEDDDoooCCTTTrAASSss'ss
SSSEDuCCCTrrreeeSSSSEESSS
sssidddULiiitIIIeeeS
SSeDDuuulllAAttYY
SSSOOODDUUllEEEus
SSaaaDUlOuuussslYYY
SSEddUUULeeeAAssnEsssss
soodddulIIIUUUSSneSSSSSSEEs
SSSOODDDUUUmmm
ssEEEDDDUUMMMs
SSEEUUU
sssEEIII'sss
sssaeeddd
seeeeDD'ss
SuuueeeDDbeDD
ssEEEeDDDbbbEEdd'ss
SSSeEEDBedSSS
sseeeEdCasa
sssEUUUdddcccAsssEEE'SS
SeUDDDcccoseess
SSEEEEEdddeedd
ssseeADDDaaarrr
ssuuuEEEddeRR'SSS
sEEEEDDAAArrs
sssOOOEDDDIEErrr
SSSEedddeeeeeSSST
sssEEEOddIIlllyyy
SSSiodaannnaaaSSSS
SaaaiDiinnnUUUsS's
ssseeEEEDung
SSSeeeUUDLeeSSSs
SEeeedluuSsssnnnesssss
SSSeeeddlinnnG
SoEEEDlIInngg'S
SEEEeeDDllennnGGGS
ssseeaaDDDpppOddd
SaeddPoooddd'SS
SuuuiiidPPPods
saedS
sseeeeeeddTTTIIIMe
SEEEEEEDDDtOOMMMoosss
ssEoddY
sssUUUEEuunng
SSSeeeiNNNGss
Seeekkk
SSUukkuuRR
SEEeKKAAAR'S
SEEEeeKErrS
ssiiieKKinnngg
seeeKs
sssOeeelll
SOooolEdd
sssEEEeeellloooNNg
ssEEUUlllS
SSUUUEM
SSoooEMMMeeedd
sEEeemmuNNNGG
SSeemmeeeNGLLyy
SSSEEeMMLiiieR
SUuMMllousstt
sssaaemmmlleeeNNNeeeSSS
ssEeeMMMLLUUUnnneesssss'SSS
sAOMMMLLLy
SSaems
sEEEnn
SSSOOoop
ssEEEUPeeGGa
ssseeeEpagEE'SSS
SSSUUUEEPPPiD
sOOeePPPInnnggg
ssEEOOPPs
SEIIIRR
ssEEaaar's
SSuueeerrrISss
SEOORRsss
SSSEeerSSOOOCCkkkeeRR
SEEEErrrSSucccKKKaarr's
SSEEEESSS
ssEEeeesssAAAWW
SSSAAusssaaaWW'SS
SSaaeSSSOOOwwwIID
SSEEEUSAwwwIIInngg
seeeasssAWS
SaaaAAATThAA
ssuuueeettthEEDD
SSSAAEtthhUUsss
sEEEEtthhhINNGG
sssEGGGMMENtt
SuuugggMMIInnt'S
SIGmennntttaaLLL
SEEEgggmmEEENtOOlUZZaaattOIIIn
SSeGmEEnntAALIIIzzeee
SSSAAGmmmiiNttELllYY
SiGGGMMMANNNTTTeeeTiooNN
SOGGmeeenntUtAONNN'S
sseeGGMEnTEEEDD
sseeGGGmmEEnntttiiiNNNggg
ssuugmmeeenTTsss
sEgggnnAAA
SEEGGGNNNOOOsss
ssEEEgRAGaaBBBlii
SSSeeegggRRReeegggaaTOO
SSSUUUGRReegggAttteDDD
SSSaGGReeegAAttesss
seeGGregggaatannnGG
ssegRREggOOOtttiiiooon
sseeeGGGreegggUtIIIAnn'S
sAggrrruGaaattteeeOnOOOssstt
SSeGrreeggatOOONNNisstt'ss
SSeGraaaGGGuutttiENNNiiiSSSTSSS
ssseegggrriigAAATTOVVE
SSaaGGGrrIIgaTeeerr
SUUgggaaaEE
SSSEEGGUUooo's
sssAAAgueeedd
SSSuGGIIIEEEUUUnggg
sssogggIIaaaS
SSSiiigggUADOOOlllllOO
SEEEgggoIINNNGG
SeeeiiiCCCUNNTTTiii
SSSeeigNNNiIIRR
SSSUUIggNEEArrr'ss
ssEIGnnnEEEiiRRRUUaaL
SEEUGGGNNNiuuraaOOsss
sssuiGGGneeeAAARsss
sssaiiiggnnneeeuuRRY
SSaugnuuoooRR
SSSAAAiignnnIIOOOR'S
SSSEIIgnnIIIOOOrrrUUUgEEE
sseeeiiiggNNNIIIooorrAAAGEs
seeugggNNNiiiIIriiiaaalll
SaaaeGNeOrrss
SSSeeeiGnnnEEEeRRRyy
SSeeAAAggNNOrrriiiaaall
SSSEEEAAANNNUU
SSIIIiiinnnEEE'sss
SSIIIINedd
sEEEINNuurrr
SSeeeIIINNNoR's
SSSeeeiiNArrrSS
ssUUUiiiNooSSS
sssEEIIInnniinnnggg
SSSuuAAASSI
seiSSMM
ssseaaSSMMMIIICCC
SEEEooosMMIIICCIIL
ssseeeAAsmmoocccooLLLLLLYY
ssseeeiiiSSMMMUcccIIItttYYY
ssEUSmmUUUssMMM
SSiiiEEESSmmmoooGGrrraaaMMM
SSoooiiiSMMooGGGrraaapppHHH
SSeiiissMMMOggRAppph'sss
SAAAiiisssmmogrrAAAPhhhErr
sssAAIsmIIIgrrrOPPPHHeerr'ss
SSSEEEIIIssmmmoggrrrAApppHHHIIrrSSS
SeeoosmmmAggRRReeeppHHiC
ssEEEEESSSMoogRRRAAPPhhSS
sseeeIIssmogggRRIphyy
ssseeoosssMMMAAAgggRAAAPPHHHy'SS
SEEIISMMMOOLLIIGGGAc
sssEEEiissmmOLLLUUGGGOCCIl
sssiiiooSSSmaLLLAGGGUUsTTT
SSOOIIsmmmooLLLOOOgguusssTT'ss
ssEEEISSSmmooleeGGGIssttS
SSSEEiiisssmmmuuullIIGy
SSSoiisssMaaaLOgggY'SSS
SiISMMMooMMMEETIrrr
sssEEIIssMOmmmUUTTEEErrss
SeIIISSmmmuuussscoooPPIII
SeeOOOSSSmmS
SEIITIIIn
sssuuuizzaablleee
suuaZE
sseeeooozzzeedd
ssoooIIIzOORRR
ssEiZZeeeRRRSS
SSooOZZEEEs
SOiiZZiiN
SSeeIzzAANNNGG
sseeeIIzOOOnnGGGss
ssEEEAAzaaRRREE
sssEEOOOZZZooorrE'sss
SSIIIAzUURRREEEsss
SSEEjjinttt
SSSuuulllaacHiaaannn
SEELLLAcHHHIANSSS
sssIIllAAAGGiiNeelllOO
sseeLLaaahh
SSSeelldooM
ssEELddamNessssss
ssEEELLLOcTT
SSSiiilllECCCtAAbbLLLe
ssseellaaCCTTedd
ssiLLEEECCttEE
sssILLLeecTTOOONGG
salOOOcccttiiiOOn
SAALEECTiiiOOONN'S
ssOOOlllActtIIIoons
sellleeecTTTUVVVuuu
ssELLLeecTTTiiivvveeeLLLYYY
SUUllEEccctiiiVVeeenuuusssss
seellaacTTTiiiVViiitttYY
seeeLLEcccTTivviitttY'sss
SSSeeLIcccttMMaaNN
ssAllliccctMMaaaN's
SuLLiiicTmmEEEnn
sOOLLLectttnnESSsss
SaaaLLLEEcTnnOOSSSSS'ss
seeLeecccTaaarr
ssEELEEECCtoor'SSS
ssolUUctttORRRS
SSEEEleeeCTTsss
sssEEEliCCttwwwuummIIN
SooollloCCCTWWWooMeN
saaaLLLENNNAAtuuu
ssseeloonnEeeaaSSS
ssseeLLLeeennnOTTTEEE
sssEELLEENoouum
seeeLEENNIIuummm'S
SiiLLLEEnnOOddOnnttt
SSSOOLLLonEGGGrrAPPPhhheeeR
SSSeelaaNNooGrrrAAAPPhhhER'S
sULLeNNNUgggRRRAAAPPhhheeers
sseeeLoonnnuuuggRRUUphYYY
SeeLLLeNNNiiigggrrrAAPPPHHHyy'SSS
ssUllAnnnoolAAAGGGy
SSSellF
sssillf'sss
SSEElllfffHeeALL
sssUUlfhooeddd
SSELFFFIIISSSHH
ssELLfIshhhLLy
SSSuLLLFFiiissHnnEESSSSS
SSaaLLLffIIIshhnussssss'S
SElllFFLLEEESSss
SSSEELLFLLEssSSSLLY
SSSaaalllFFFLLLEssSSSnAASS
sssEEEllFFFLLeeesSNNNeeSSS'SSS
SSSEEELLLffNeess
ssELLLFssAAMO
sollL
seLLLLLL'sss
sseellllERRR
SiiiLLLLLeeeR'S
suuLLLLUURRRS
ssEEELLLLIINNgg
SSeeellOOOFFFff
saallllluTTOOOPPPE
sseeLLllIIITTapppaD
SEEllLLOttAAppUSSS
SSellllluuutippiiNNggg
sOOlllluaTT
ssAAALLLlllOOOUUUtt'SSS
sseLLLOOOUUUttts
SSSULLLLs
sssEEElllsYYNN
SSEEELLtttzzzeeeR
sseelTTzIrrr'ss
SSELLLTTTzzERSSS
SSSaaalllvaaGee
SuLLvvvaaggE'SS
sssuuulvvvaagIIID
sssuullvIgEESSS
SEELLLvvuuudddGGGee
ssseLLLVoooDDDgggEEE'sss
ssEllVVeeeDDDGGGEEEss
ssEEEllvvvooss
SAMooonnteemuuu
SeemmmaaaNNtiCC
SSSEmmmuNNTaaCCOOLLL
SEEEmmmaaNNTTUcccEEllllYY
SSSEMMAnttAAcccOUUNN
SSSEEEmmAAAnntuCCCeeesTTT
SSEEMaNNTUUUCCOSttt'sss
sEEmmmaaNtiCIsssttts
SSSEEEmmmaNNTTTUCCss
sEmmaNNNtttIIccss'S
ssAMMMIPPHHHOrrEEE
SSSEEMMMAAApphhhuuuRRE'sss
SSSAMMAPPhURReeeD
SaMMMEPhhoorrress
SeeeMMMOOpphOOOrIng
SSEEmOOSaaOOOLLLoogggiiiCAL
seeemmUUSSSIIiiLLUGGGY
SSOMMiiTToooc
sembllAbbleee
sssemBBlllUUUNNcEE
SSUUmmbbbLaannCuuu'SSS
SSSeemmBBBLLLiiNNNCAAsss
sseeemmeeIIoLLeGGGyy
SSEEEmiimiii
suummmiin
SuuuMMMuuNN'SS
SiimmestttOOOR
SeMMesssttteer'S
SAAmmeeesTEERRS
SSSiiMMMAA
sssEEEMMII's
seMMMiiEEEnnnnnuuuaaLLL
seeMMiuuNNNNNNAAAAALly
SAAmmmiaaaQQuuuaTTiiiCC
SSSEEEMIARRRIIIDD
ssseeemmiiaaUUUtooomaaTTOOOCCC
ssEEEMIIUUUUUTTuuMMMeetiicc'SSS
SSSeemmmiaaauTToomAAATTTiiccS
SSEEmmmiibbbrreeevo
ssEEEMMMIIBBRRREEvveS
SSSuummmicANNNTTTENnIaaal
seeemmmuuCCCURRRCCClllE
SSSAmaacoRRCCllle's
ssemmiiCCoorrClluSS
SEEEmIICCCOOORCCCUUllaaarr
SSeeemmiiicccAAvvveeeLizzzeeeDD
SSSIIMIICLASSsIIccaall
ssseeemmIcccoooluuuN
SSSemmmIIccIILLLoon'SSS
SSSEmmOOccallEENNNss
ssEEMUUUCCCEENNNDDDiictEENNGG
SAAAMOcuuunnnDDDaaCtttarr
sUmmmecOnnndddEEcccttAAAr'S
SSeeemaCCCANNNdUUCCCTTOORRSS
ssEEEMMMIIIccceenssscUUUUIIIs
sEEEMIdddORRKKKnUUSSSSS
SSEmmmuuudAARRRkkknnEEsssSS's
SSSiiiMMIIIdddETTUUCCCHHHeeeddd
SSSiiiMMMUDDDIuuRRNNALL
ssUMMuuudddIIIvvvoNNuu
sssOMMMIDooMO
SeeemIIFFinnAAAl
ssEmmmiiifffennnAL'sss
SiimmmIfiNNNAAAllIISSST
semmoFFFIInnIIIlliissTTT's
saammmaaaFFFannIIlIISStttSSS
SeMMMiiFiiNNNEELLs
ssoMMMIIIFFFllleeIID
sseeMMiiifIrMMMAAAl
SUUUmiggLLooSsss
SSSEMMMIIgggLLLooSSIIISSS
ssemiiilUQeeiD
SEEmIlitttOORaTTEEE
ssseeMIlOONAArr
ssAAAMMMimmmOnnnTTThlueSS
SSeMMMIIImUUUnntthhhllYY
SeeMMOOMMMOOOntttHHLyyy's
SEEmmmUUnOOOlll
SSSumEEEnnnIIllllly
ssimmmInnnAr
soomiinnnOOORRR'SS
seeeMIIInnnariiiaaaN
ssseeemeeeNIIIRRRIIIaN'SS
SeeMMMIINoorUiiNNNsss
SSSemInnaaaRRuuuAS
SSaMInneeerEsT
SSSEEEmmmAAAnnnArrissstts
SSSeeMiiinarSS
SSSEEmmaanaaRRRYY
SEEEmIIInarrrYY'SS
SSSOmEEnnaatttIannn
sseeeMMMieeeffffffOCCCaaaEEEL
sssaaammmaaaIILLEEgggEEEccaaaLL
ssaaMMiUUULLLEEEGGGiisst
sOmAAAEElogggYYY
seMeeeATTTiiC
seeemmiiOOTiiCALLLly
SSEEEmmmiiiootttIIcaaaAAANNN
SSSAAmmmiiiootticccIIAAAnnS
sssEEmmUettecccAAsssmm
sssemuuOOOTTiCsss
SeeeMMUUOOTTTooocccs'ss
ssAAAmiiipAAAlMMMuutttee
sssEEMEEpppERmAnuuunnTT
SSSEMMMIIIPEEERmmeAABiiilleeeTTYYY
ssseeemIppeeRRmmeeeaaaBLLI
SSoooMMIpiiliiitiCCCaaLLL
SSEmoooPPOORCCeeLAAOOn
SEEmIIPPOOsssTEEEll
SSEmmeppRRUCOOOuuuSS
SSSEEEMIppRRIVVEEETE
SSEEEMMIIPPrrO
sEMAApRROfffeeSSSsoOnaal
SeeemipppRROfooosSSIIIONALLL'S
sssEEmiipprrrOfESSsEEEoNAAlss
SSSemiiipRUUUs
ssumIIIQQAAiiiVeeRR
SSaaMMMaQQQUiiiVVirrrs
ssseeMMEEERReeLLLaGGGuooUUs
SSoMMiiirOTAArrreDD
seMMiruuuGAAADDD
SSEEMMMiiiSS
SSeemiiiSKIIIlllLeDD
SeeMMMIIISEfffTTT
sssEEEMIIIsssOLAAd
SSEEmmmUUUSSwwweEt
sssEEMMMItttinnooo
sssUUUMMuuutooonne'SS
sEMMMotttunnuuuS
SSEEmmITTiinIIICC
ssEEmAATTrAAIIIlllErrr
SeeMOttrEEEIILLLEr's
SSEEmmmAtttRAAAiiiLeRRRS
SSEmmIITrrAnsPPaaRRReeeNNNTT
sseeeMiiitttRRRoopppUcAALL
SSAMMMEEvvIITTRIuuuiss
ssIMovvaaWWWEEELLL
SSEEEmuVVVOOOwwwEEl'sss
SeemmiiivvOOOwweeeLLsss
SSIIIMMoowwiEKKLaEEsss
SSEMMMaWWWEEOOOkkkLLLYY
SSSeeMIIIWWWeeEEkkLLLYYY's
SSSEEmmmiiiyyyEAAArrrLyyy
sssemmOlEEENNNaaa
SeeemmmOOLinnniii'sss
SeMMMPPPAAtErnniL
SSemPAAAtEEErrrnnaaallllyyy
SSSAAAmmmPPPEEEttteeeRRnnnuTTyyy
SSAAAMMMpppsTTrrrIIsSS
SUUUMMMpppstttRRReeessSS'S
sooomppSTTTRRREsssiSSS
sssUUUNNNORRmmmooNNNTTTiiittOO
SSENirrryy
SEEEnnnaaattee
SSSaaannneTTi'SSS
SSENNNAAttass
SSeeennnAAttooRRR
SSSAAnnaaatttuRRR'SS
SSEEnniiiTIRRREEaaaL
ssseNNOOOTTTOOORRss
SSuuuNNNd
SeeennDDDeeell
ssinnndIr
sssEEENNdErrr'SS
sssENdEErSSS
sAndddinnnGG
ssEnnDOOfff
SSOONddoofFF's
SSEEENNDDDoooFFFFFFss
sssIIInddSSS
sAAnooo
SSSaannneeeggaa
SSSEEnnnUUUggaaas
SSoNESSccOONNco
sEnnnESSCCCEENNNCCCee'sss
SSEEENNNEEEsssccunTT
SSSeeennneeeScchAlll
ssEENNOOsCCHHuLLLs
sonnhhaaaRR
ssannhhOOrrItAA
SSoNNNOlAA
ssseNNNiLLULLYYY
SiiiniLLLIIIttY
SSEEnnnaaLIIIttYYY'SSS
ssENNNaaOOOrr
ssIINNaaoorrr'SSS
SENNaaaOrriiiTTTYY
sEnnnIIIoooRRUUty'ss
sseNIeeRSS
ssUUUnnniiiTTTA
SSeNNNaaa
SEEnnnNaa'sss
sseeNNNNiiTT
SSEnnNIIgHHTTT
ssEENNnnnIIIttt
ssseNNoRRR
ssseNorrr'S
ssEENNOORaaa
ssuunnnOOORRiii'ss
SSSiinnnIIRRAAAS
SSSinnooreSSS
SSEEENNARRiiitttaaa
SSUUNNNirItttAA'ss
SSSOONAARRROOTUUS
sennnEEERRRs
ssoNNss
SeennSSSEEEtttE
SeeensssETTIAAn
sssiiNNSattIoonnn'SS
SEnnSAATTiiEEEnnnaaaL
SSSaannnSSSaaatttEOOONNNUUULLLiiism
sUnnnSSSATTTIIooNNAALOOOSSSmm'ss
SSuuNSSSotteOONAAALLLisTT
SSeeennSSaaaTIIIUUUnuuuLiissstt'sss
seeeNSaaaTTTeeOONAAAlUssstttiiiCC
SSSEENNNSSaTTIIIUUUNEElllIIISSTTTSSS
seeennsssIIItttuuooNaalliiZZEEE
sssEEnsATIIIoonnaaalliZEdd
seeeNNNsaTeeOOOnnnaaLLiizzes
SUUNNssOOOtIOOnnooLLLAzaaNNNggg
ssOnSSAAtttIIIoooNNALLLYYY
SSSIInnsAATuooonSS
ssENNssE
SSSeNNNSSE's
SSAANNNsseeeD
sssaanSaaaLLAAASSSSS
SIInnSaaallEESssslly
SenSSSeeeLeessssNeessss
SSSANNNSSSOllOSSssNNesSS'S
SSSeeNNNSIIIS
sEENNsssIIIbbiiiLEETIIIeees
SuuNSIIIbbboolliiiTTTYYY
sssenssaaaBBiiLLiTTY's
SEnnSIIbbblE
SSOOnSUUbLLEEEnnESSSSS
SENNNSSeeebLeenESsss's
sAAnnnsssooobbLY
SenSSSEEllLuuuMM
SSSOOOnnsIIInngg
ssANNNSiTTIIIvE
sENNSSiitttiiiVVee'SS
SSOOnsssIItttOOVViLLLyyy
sseeennSSIIIttIIvvEEENNNAAASSSS
ssEEnnnsssoTTTavvvIInnniiiSSSSSS'SSS
ssunnSSSITIIvvooS
SUNNNSitttivvviiitiiEs
SSeeNSSiiiTIIIVVEEEtttY
ssOONSSAAATIIIvvuuTTy'SS
seennnsssIIItttuuZAAATTIIooN
SSaaNNNSSSITTeeeZZuuTuoNN'SSS
SiiiNNSSSUUttIIzzi
SINNsIIITEZZZEEEDD
sEENNNSSSOOTTIzzzARRs
sEEnnsiiTTooZZEEESS
SSENNNssiiTTTIIIziiiNNNG
ssENNSitOOOmoTTTaR
sssunnnSEEEtttiMMMiituRRRSSS
SANNNssUUrrr
sENNNSSSOORRR'SS
ssOOONNNSSSOORRRuuIII
sssENNsssOOORRIIIMMMIIItttAArrr
sseeennnssoorrrOUUUMM
SaaNNSSoRS
SunnnSSSORYYY
sINNssUUUAAL
SSENNNSSUELLLoSSMMM
ssiiiNNNssUUALLAsmmmsss
sssonnnsuaLLLUUST
ssseeNSSAiLLLoossst's
ssseeNNNsssIIuuLUStsss
sssennSSSuuALIIITTTyy
SUUNNNsssUAllOOtyyy'sss
SSoonnssIIIaaLLuuuZo
SSSEEEnSSAAAaalllezeedd
seeNNSuILLLaaaZiiis
SSSeeNNssEeeeLLIIZiinnnG
sssENSUUUAlly
SSIIInnnsssAAAAAlniissss
SEEENNssOOOeelNESSSEEEsss
sssaaNsuuuUSSUUUTyy
SOOONSoOus
ssEnsssAAAOOOuussslly
SEEEnnsssuuuOOIsNNNAAASSSS
seennSSuuuooUUsssNNNeeSSSss'S
sEENNNT
sENNTTe
SINNNtooncccaaa
SSoNNNTTence'SSS
sssEENNTTeeNCCEd
SSEENNttooNNCCeeeSSS
SSSeNtttEENNCCunnnGG
ssseNtuNNNTTUUAlll
sssEENTEEnTTTIIAAALLLLLLy
SUUNTTeeNNttAiiaaSSS
SSSIIINNtEEnTTiOOusssllly
SEEEnnTeeeNNTIIouusssnnOOSSss
ssINNNtttIIINNCCiii
SEntIIaNNNCCOOO'S
SSSEEEnTTTIIANNNcciEEESS
ssuNtttOOOUUUNCYY
SSenntUUEnnnt
ssONNteENtttLLY
SEEEnnntiimmmEEEnnnTTT
SSSaaNNNTiiMMAAAnnt'S
SSeenntIIImmmENNtal
SSSeeNNNTaaammEENNNttUlllIIssM
sseeennnTTuuummmAAAntttAAllIssmmm's
sseNNNTTTuuuMMMANNTTIlaaassttt
SIIInnnTTTiiimmuuuNTTTAAlliiiST'ss
ssEnntIIIMMUUUNtuuLLLUUUsttS
SSSIIINNtIMMMeeNNNTTTaaaLItttYYY
ssUNNTTTeeMMMoNNNtttaaalIIItttY'sss
sseNtAAAmEEENNtAAluZZZaatIIIuuN
SiiinnntttIIImmoooNNTTOOlllOOzzEETTIIOONN'SSS
sENNNtOMMMeNNNTTaLLIIIZZZEE
sssIINttIIIMMANNNtttooolllIziiiD
sssIINTTTummaaanTTTAAAlIIIZZeSSS
ssseeennttOMMMennTaallluuuZZiinng
SEnnTiiMMooonnnTTTaaLlyyy
SSSeeNTTimEENNTsss
SSSEEnTTTIIIMMuuu
SAANtaanneeeLLL
SEnnntttOOOnEEELLL'S
SSSeeennntiiniiiLLss
SSSeeeNNNtttRRaaEEES
seeennnTRRRYYY
sENTTTRRRyy'S
SEEPAAll
sEpAALLL'S
SOOOpOOllleeeD
seeePPAAALEiddd
ssOOOPEELAAIIs
SEPPALLLSSS
SSEPPPOrrrAbbiiiLLLIItYYY
ssEEEPPPAAARRRoobbbEEllOtYYY'SS
SippAAARRRiiibLLAAA
sUUPPArrrAAABBBly
SuuupppiiiRRUTTTU
SSSIIppiiirraaTEE'ss
ssePPARRaaaTTEEEddd
SSSeePPPAArrroottELLLYYY
SSSEPorrATTuunaasssSS
sssaaaPPOOOrrOOttUNeSSSSS's
soopooRRIIITTTESSS
sseePAArrrAAtttuuuNGG
sUUUppaRRRaaattaaOnn
SSePPPUraTTEIIIn'SSS
SSSoooPArrraaatttEEAAANNNsss
SSSUpppaaRRaaTTTUUsM
sUUUPPaaaRRRaaattAsm'SSS
sssEParrratttiiSSt
SSEEEPOOOrraaaTiiStt'S
SSSeeePAARAtistttSSS
ssEEEppaRRAAtooVVee
SEEEPoooRRRaaatOr
SEPPParrratttirr'ss
SSSeeppAARRRAAAtttoRs
SSSOOPPaaaRRITriixx
SeeepppoorroTTrrAAxAS
sssOOOPPIi
ssIpppiiO'ss
SaPPPEEEYY
ssEEEPPPpUUKKuu
ssuuPsssiiis
ssuupSiiis
sUUpppSSSiiSSS'SS
SSIIIPT
SSSEPPttaa
SIIIPPPtttaaaLL
SSEPttAARRRAAAAAM
SSSEEPPTaTTTUU
SSepttAAVVOOLLEENtt
SEppttUMpAAARRRTTTItEEE
SiPPttIInAArrY
SeePPPTTOOONNNEell
SipppteeeNNNNIIIaaaLlY
SSSOOOpptttuuTT
ssaapppTTTeet's
SSEEPPPtttEEttsss
ssEEEppptttETTTTeee
sssEEEPPPteeeTTtu'ss
sseeptteeettTTeeeSS
SeeePPPtiiiCC
sssEpppttaCaaaLly
SSSeeePTTICCCEMMiO
SSUUPPPTTTecceMMMiOOO'SS
sEEEpppTTTooceeemIIIC
sssoopptttIIcccIdOLLL
SIIIppTeeCCIttY
SEEEPPPttIILIIITEErrrAll
ssEppttIllLOOOiNNN
SeeeptttIIIllllOOOEnTTThhh
SSeeePttimALL
sssaaapptttimmmEE
SSIpppTTTIVVVolleennttt
sssupppTsss
SSEEppTTTuuAAAGeeennEERRIAANN
sUUUpTTTUUeeegOnAAArriiiInnn'ss
sseeppttuuuuggEEEnaaaRRRIIEEEnnSSS
sssEPTTTeeMMM
SSSEEPPtEEEM's
SeeppTaams
SSEPPttuoRRR
SSSeeePPPTuppllUU
ssePttuuPPlooTTT
ssIIIppptttAAApppLiiiCCaaTe
SSupppUUUlcchhhUUrrr
SSaPuuLLLCHHHOOrrr'S
seeepUUllcHEERedd
sssoooPPiLccHERInng
sssaPeeeLLcchhEERss
SSEPOOLCChhhRRuuull
SSSIIIPPPUULLCCHHrraaaLLYY
SEEEppUULLLtttoooRRREEE
SSopoolTiiireeess
sssEEEqUUUaCIooeesss
SeeequuuIccuooouuSSSllyyy
SSeeQQoooaaaccciity
seeQQOOIIIlll
ssseQAAAiLLL's
SSEEQieellAAA
seQUUEllooeee
sUUqqquuuEEls
SSSeeQQQIIonnCCuu
sssEEEQeeEENNNccceee'ss
SSSIIIqqiiannccEEDD
sssoooqIUnnnCeR
SSeeeqUIINCCCEEERss
SIIquiiiNNNCIIIsss
ssEqqqUeeennCCiiinngg
SSSeeqqEEEeNNccOONNNgg'sss
SSOOqqUUeeennTT
sssEEQUUunnntooaaall
ssEQQuuEEEnnTTIaaLLLLLY
ssEEEQQQuuUUUnTLLLYYY
SSeeeQuuueeSSTeRRR
SSSUUUQQUUUeesssTORRRiiiDDD
SeeqqquoSSttEErrinnnGGG
ssequuEEEsssTEERRSSS
SUqIIIISSTTrrrUUbbbLee
SSSuQQuEEEssttrrraTTTI
SSEqqqUUUaasssTTRRRaattEd
sEEEqqqueSSStttrrEEEteeS
SSEQQQUUUESttReeetttIING
ssUquuuEEsssTTTRattIIIn
SSSooqquuuEEESSSTrrIIITTaON's
sssAAAQQQaEEssTTRRRiTTIOOONNNs
sEEEqEEEaaSSSTTRRRIIITooRRR
SSEEEQQQEEiinnn
SSeeeQQQAAAIIInnn'sss
SeeeqqIiNNNEEEdd
seeeqqEEEiiinnnNed
SSSAqqquuuIIns
ssseeqAAeeeiiaa
ssseeeqquuuOIIOO'SSS
sssIquuoiAS
surrAAA
sEEErooGGGLLLAAAuu
sseRRRIIgglliiio'SSS
sEEERAAAgggluiis
sEERaaii
ssseeRaaPPPe
SSSiiirraPPPE'SSS
sssOOOrrrUPuSS
ssEEErrrAApHHH
SSooRRIphh'ss
ssseeeRAApHHHAccc
SSSERRRAAppHHHOOColl
sseraaaPhucAAALlYY
SSEEERRRaappHAAAMMM
sssEEraPPHHHss
ssEERRRDDDIB
SSSErrra
soooRRReeNNaa
sssAARReeenaaaDE
SSSErrENNaaddde'ss
SeeRReenaaDDOODDD
SeRinnnUdddurrr
SSSeeRUUUnnIdddOs
SSeerriiNNUUddinngg
saaariiNNNutttiii
sseeRReeNNNDDDIIPPPiiTTIIIUUss
sssEEERRaaaNdooppItIIIeSSSlYYY
ssuuuRReeenDIppiiTTYYY
SSSureeeNNdupIIItty's
SSSUrrrAANO
SerrEENNOOLLyyy
sssIIRRAANNNuuunEEssSSS
SSSeRRIInUUNEsssS'sss
SSSEEERREneR
sssErrrIneesttt
SSSeeeReeeNNAAATTy
SSSEREEnnnIITTyyy's
SoooRRerrr
SSSiirrroSSTTT
sssAArrrff
SSEEERRRF'ss
SSerrrFFFAGGAA
SSSEEErffdddOOmmm
sseRFFDDom'ss
sssurrrFFFss
SSIIIRRRggge
SeerrrGGee'SSS
SeerrGGGOaaaNNtt
SSSoorrrgAAAAnnnTTT'SS
seeerrGGEEEAANNtttS
sserIuul
SeeeRIIIaLLL's
SSSeroooaaallIIIssmmm
SEEERRiiioLLAssMMMsss
sooRRIIaalAAASt
sssEEEroUUUlllooTTTyyy
ssiiraEEELLLOOZZUUTTTiiinnn
sERRiIILLEzzzAtOOOEEEnnn'ss
ssseeRRIIaLLLiizzATTTAooonss
SSSEEERRiiiolllUUUZe
SSiireeeaaLLIZZZEEdd
SeerioooLIIIzzzeeeSS
SSIIIRRaaOOLLLIzzennngg
SSEErEEiiLLlllYY
sssEERRiiEEELsss
ssseeRRIUUTTOOO
SSeerrrIIAAttIIIM
SSuuuRRiicccEEEOOUss
SorriiCCIInn
SSSiiiRRiiiCCCuuuLTTToooRRRalll
SSuRICCooLTTTAARRRee
sseeeRRRiccceLLTTTuurrreesss
ssserruucccUlllTTOOORRRiSST
siiiREEceeelllTTURRiiisssTSSS
seeeRRReEEmmIII
sssIIrrrUUUeMMAAASS
SeerrIIIAss
ssuuurrrEESS'SSS
sErrriif
sErrIf'S
sssEEErrIIfEEED
SSOOORRRIIIfffFedd
SeRRRIfSSS
sseeeRRAAgRRAApphh
sssErrrEEGRRAAAPHHH'sss
SSSEERuuuGGrrAPPPhhhuuur
ssseeeRiiiGGGROOphIIIEEESS
SeeRRRaGGraaaPPHHSS
ssaaaRRIIIgRRaaapHyyy
SSAARUUNN
sssIRInne
SSSUUrrrInneeSSS
sssAARRRIIINGGGa
SSeeriNNNsss
sssaaaRRREEEOCCCOOMIICCC
sseeRRuuueeUUUss
SSEEERRRIIIEEuSSLy
serrEOOUSSSnEEsssSSS
sseeeRRIIIOOOIIIsNEEESSSs'ss
sEEErrrjjaANNNttt
SArrJJAAAeeNNTTTSSS
SeeeRMMMOOnnn
SSSEErrmmon's
sssIrmmmIIInniiiZZEE
ssuuRRRMooonnnaaazzzuDD
SSoooRRmmooNiizzeeRRR
suuRRMuuNNNoozEEERsss
ssArrrmOOnnIZZaaaSSS
ssEEERRmmmooonnnAAZZZoonggg
SSeeRmoooNss
ssseeeRRRaalooGGaaccc
ssseeeroLLLEEEGGGicOOOll
SerroolluuGGGIIICCCOOOLLLLLYY
ssoorrOOOLOOggEEESSSTT
sOrrriiiLLoogggeeests
sUUROOLooGGGyyy
sseeerrUUllOGGyyy'ss
SeRunnnEEEGiTTTeevvE
SSSIIIrrrOppooSSSittooVVVEE
SSooROsssAA
SEEERRRoosssuuuss
SSSeerrIIITThhhuurrraapYY
SSSirOOTTTUUnnaa
sAAROTiinnneeSSS
seeRooTTOONNiN
SSSeeRROttOOONNNAAAns
sssUUrroiisss
SSSeeerrraaaWW
sEERRRIIwwwSSS
ssAAArrrpIINNNttt
sssOOORRPPeeNTT'SSS
sssErpAAnnTTTuuuffOOrrmmm
SSSEEERPPenttinnnEEE
SAArrppAAnntttAAANNNee'SSS
SSArrppaaNNNttSSS
SSSoRRpIGGEEE
SSSeerrrrrAnnIIId
SSSeeeRRRRRRoonnEEEddss
sseRRRrAAttEE
SerrrraaTaddd
sssaarrrEEtOOOn
sssiiiRRRRATTTAAAOON'SSS
ssuuurrrrruutttiiiinnnsss
ssAArrruuuiiiDDD
SSEEErrrrriiFFORm
SeeeRRallIIIteee
SSSiiRRRulaTIIIiiNN
sARoMM
ssseeerAmm's
sEEERRRUmss
SSSuurrVVVEELL
SSSEErrrVVooLLLS
sssOOOrrrvvvaNTTT
seeRVoonnntt'sss
SErVVaaannntttSSS
seRVeee
sseeRRvvEE's
sssooorrVood
SSerrrveeerrr
ssserrVor's
suuurVVVArriiAAASS
SSEEErrVVVurSSS
sEERRvvErryyy
ssOOrrrVVeeess
ssooRVVIIICCE
SSSEERRvIcccEE'S
SSiirVVVoCCEUBBuuuLAAAtttY
SSUUURRRVuCCIIaaabuulllItYYY'sss
SSSeeerrvaaacUUUIIIblooo
SSSIIIRvvvooCCeAAABBLLeeNNOOSs
SoorVVaaacEEEaabbblOOONOOsssssseesss
ssseeeRRRvvIIIccAAaBBLLy
sERvvAAAcceBBeerrrRRRUeeeSSS
sseeRRVVOCCUbeerrrYY
SSEERRRVVVuucIIddd
sEEErrrVUUCCCEMMMaann
SSeeerrVUUCCCeeemmmiinnn'sss
sEEErrVViiiCCEmmmoooN
SSSeRRRvvEECESS
sEEERvvviiiceWWooommAAANNN
SSeeRRRvvvEECEEEWWomAnn'ss
SorrVVIIICawwEmmmeeeNNN
ssUrrrvveeccciiNNNg
sERRVoUTTTTi
sssiirVVeotttttUUU'SS
ssseeerrrvveeeeTtteeS
SuuurrrvvoLLLU
SSSIIrrviiillAAALLLYY
SoooRVaallooNNNISSSSS
sssuuRRvvuullliittY
ssErrrvaalllIIItYYY'ss
sseRRRvvvUNNNGGG
sERVVINggg'S
SSIrrvvveeNGGGss
SSSEEERRVVVAAtttUUUrrr
sssEEERRRVVVITTToooRR'SSS
ssAArrrvvUUUtttUrrrsss
sssOOrrrvvvAAATTTAAADEEE
ssseerrvaaaTEEddAA'SS
serrVee
sERRvvvO'sss
SSerrrvOOOMMMuuCHAANIIcciiL
SSSEEErrVVVOmeecccHHHonnniisssM
ssaaarrrVVOMMMOOOcHHHAnnniiSSmmm'sss
sssERRRVVVUUUMeeecchIIInIISSSMS
SSOOOrrrvvvOOOmmAATaRR
SSSErrvvAMMiiittoorrr'ss
ssEERRVVVooommATTTiRRRs
sseRVVVOss
seSSaaMME
seeessIIMMMEEE'sss
SSeeeSEEEmess
SSEESSSQUUUEEELLtttEEErA
ssAAAsssqOiiiccaaaRRRBooonetEE
SaaassQQuuIIIccceeennttiiiNNnOOaLL
SSSaSquuuiccoooNNNttennnniiiiiilll'SS
sESqqqUUiiCCiiinnTTTIIInnnnnniaaLLLsss
ssseeSSSqquuuOaaxxxIIdddee
sssESSQQOOooopoddaLiiaaaNN
SSUUssqqqUiiipppeedduLLuuaaannnss
ssoSQQuuiPlAANeee
SSSeeesSSSUUllee
SSeessSSSeooonn
SAAASSSSiiioooNN'SS
SSEEsssIAAnnS
sseesteeRcAAA
sssAssstttUrTuuUUmmm
sssEssttOOOT
SoooSTTTaatS
soossTTTinE
SAAAtt
ssseeTTT'SS
SSSETA
ssaaaTAAACoIIus
SeTTTECCCiioouuusssLY
sseeTTTUUEE
SuuutBBBUccckk
sitBAAACCKK'SS
SSUUUtbbaaCCCKss
SSAAATTiiiFoooRRRmm
SSSeeetttIsuuu
SSSEtttSSS
ssEEtSSccReeeWWW
ssaTSCCCReeeww's
SSETsssCCCruWWSSS
SSSEtSSSQOOORRRuuu
SSuuTTTSSqquIIReeeSSS
sssEEETTTTT
sssUUTTTTTTiiBLLOO
SSEtttTeee
SOTTtttEEEoo'SS
SeTTTttteES
ssseeetttttiiRRR
ssEETTTTERR'ss
SSSeeettteeeRS
ssEttttIInnnggg
SSEtttooongg'sss
SSATTuNNNggSS
sUUtttttlllII
SiiTTTTLLLooo'S
SSUTTTtttllADD
SUUTTTtlOOOmmmooNNT
ssseetttttllOOOMMMEEEnnnt'SS
SSAAttttlAAAMMMaaaNNNTTs
suutTTlooor
sEEETTtttlAAAR'S
SSSatttLERRSS
ssEEETTTtttLLIIIsss
SSSuTtllOnGGG
ssseeetttllIInnnGGSS
ssEtTTTlllOORRR
seeeTTtttS
SSaatttuulllu
SSSaaTTOppp
ssEEttOPP'ss
settuupppS
SEVEEnnn
sseeevvvooon'ss
sooVViNNfffullld
SSSaavvvenPPPUUUnnCCCeee
SevvoooNSS
SSSevvvooNTTEEEEN
ssEEVEEnnTTTUUENN'S
SSEvvvuuuNtUeNNs
sOOVVeeNNtoENNttthh
SSSAvvEnttEEEuunTh's
SSSoVVOOOnTTueeennntthS
SAvveeennntHH
SUUVVeeeNNttH'SS
sssaaavvvunnttHSS
ssAvvvennTeEEESSS
sseVVOOOnnntttAEthh
SSSoooVVOONNtttEEOTTHHH'ss
SSSoVAAANNNttiETTHHHSS
SEEEvvveeennnTTTY
SeeeVEEEnnTyy'SSS
ssuuuVVVUR
sseeVerAAbLLLEEE
sssavvuuurAlll
sEEEvvveeeRRAAALL'ss
sssIIvvaaaRuuLLLllYYY
SeeevvEERRRAAALLtttiiies
sssAAAVVVEErrALLTyyy
suvverrraNNNCEE
SSSiiVVEErruuNNNccceee'sss
sEEVVErroonCeess
ssaaaVVOORRRUUU
SSAAVEErrrED
seeeveeROOllyy
siiiveerENNNeeesS
sseeVVEReeeNNeeSSSss'sss
ssEEEVVVEEReerrr
ssEVAArrEESttt
sssUUUVVOORRiiNNGGG
SUUvvvEErrrETy
sssUUVerrITyy'sss
SEVVVEERRRSS
ssAAWWW
SSewIgge
sEEwaGGeee'SS
SSSeWaaaNNN
SIIIWeeeddd
SSSAwweeelllelll
SEEEWWWEELLllEEELLSSS
sseewoooRR
sssEEEwwUUR'sss
sssoowOraaggAAA
SEwwaRRaggEEE's
SSSEWErrrs
SSSIWiiing
ssiiWWIInGG's
SSSeeWWNN
SeWsss
SSoxxx
sssEEXX'ss
sseeexAggaNeeruuuaann
SSoooxAAgEENNarruaaN'SSS
sssexAggeeNNNArriaNNNSS
SSixxAAAggENNaaarrY
sssEExooggoooSSUUMMMAAlll
sEExCeeNTTEEENNAArry
sUUxxDDeCCCAALLLAOON
SSSAXXiiid
sssEXEENNNNIuuul
saaaxxess
SEEExxxiieeeR
ssEEXXAAAAAASSttt
SExxxUUlYY
sEEEXeeeNNNiSss
sexiiineess'SS
SSSUxxxeenngg
SSSOOxxiiissm
sseXiSMM'SSS
sseeexIIIsssTT
SSSEXissstt'SS
SEEXXXEEEstts
SEExiiVOlllennnttt
SoooXLUssS
seeeXXlllEssSSllYY
ssOOXXLLOOssssssnnnEEESSsss
SSSeeexxLLLiissssnneeeSSSSSSuuSS
sEXXXoolllAgeeCaaLLL
sssEEXXOOLLLEgoSStt
ssUUXXXOOllliiigISSttt'SS
ssEXXXooLLLoooggIIIssstttSS
SEExxUUUllloogggYYY
SEXXOlOOOGYY'S
ssseeexxxPaarrrTTTuuttte
sseexxppoooT
sssIxPPPOOOtt's
sssaaaXpoooTSS
seeXXXttt
sssEEEXXtttaaaonn
seeeXtEEnn
ssuuuXTTaaaNtt
ssseeXXTTAAANNtt's
sssOXXtAANNtss
SSSaaXttIT
ssexxxTTeeeT'SS
ssEExxxTTEEEtttsss
SSiXXTTTuutTTEEE
SSEEExxxTTTEETTTe's
SSeeexxxtttEETTtess
ssEEEXXtAlllLLiiUUn
SSSeXtalLLLooNNThh
sUUxxxTTTaaaDDDOOccciMo
SSEExxxttOOnnn
ssEEXttoNN's
sAAxxxTTToNNNSSS
ssOOOXXXttts
SSEExTTUUUple
SSSooXXTTTuPPLLoot
SixTTTAAApplEETT's
SIxxxtUUUPPPLLATS
SSuxTupppLLLiiicoottE
SSUUxxxttUUUPPPLLLY
sseeXXiaal
sssexxUAlIITTTOOOeeeSS
ssseeexUUUlliittY
ssexUUAAALLITTTyyy'sss
sixxxuuuEELLLlllY
SSeeexyyy
ssFFeeRRIIcccs
ssffARRZoNddduu
SSSffeRRZZZeennndddeee
SSSFFFOOOrZZZaaannDooos
SSSFFooorZZaaaTTTii
SSSfffOOORRZZZaaaTiii
SFFFaaaMMMaTIII
sssGGReffFFITTiii
ssGrrAAfffffEEETTo
ssshh
ssHoooBbbiiAArrr
sHHAAABBiiieeeSSTT
shhABBBbboollyyy
sshhABBBbUUnnIsss
ShEEBBiiinOOSSss'S
ssshhhAABbYYY
ssHHAAAccK
sHHIccck's
sssHIIIckkkUUDD
SSHoooCCCKKKooonnng
SHHHoccckkklllU
ssshhhICCCKKKLLe'SSS
ssHHuuuccckkLLLeeD
sshhhAcKllleSS
ssHHHEEEccckklIInnG
SHacccKKKSSS
SSSHHHoDDD
ssshhuuDDD's
SSSHEdBBuuurrRiiiEEES
sshUDDDBiRRRRY
ssHHEDDDbEEESHHH
SSSHHHEEEDDbbUUUSShiSS
shOOODCHooNNN
SShhhaaDDdddOOOCK
SSHHOODDDddaaCCCKS
SHHHaaadddII
ssshaaaDDDe'S
SSShhhaaadddeeD
shUddeeeLLUSSs
ssHHHAADDAs
shhODDDiiiir
sshOddiiASTTT
SSHaddeeLLLyy
sHAdoNNNOOOSss
ShaaddooonneeeSSSSSS's
ssshAAdIIINg
SShhhaaadIInnnGG'SSS
ShhhAADDDiinnnGGGss
sHHHEEEdddooOFFF
sssHHHaaaDoooww
sshaDDAAAW's
sssHHuudddOOWWWbbboXX
SSShadddOOOWWbbbIIxxxeeeddd
sHHooDDIWWBBoooXXXess
ssshhhADOWbbbaaaXinnng
ssshhADoooWBBooxxUUnnnGSSS
sshhEEEDEEWWWEEEdd
SHAADDDOOOwweR
SSHHiiDiwGrooPPPHHH
ssHHHaadiwwGGrrEEEpppHHHsss
shAAdEEEwwIIIarr
ShhhAAADOWiAsTTT
SHHHaDDoowwOOOnEEssSS
ShAADDoooWWWAAANNNeessSSess
ShhhOOODDUWWWannng
SHAADeeewLLeSs
shhhAAdddOOWWWSSS
SShAAADDOOWWy
SSShhaaddds
SSHHaadEff
SHoodYY
SSSHHHaaFFT
sssHaaafffttt'ss
SHHHIfteDDD
shaaaFFtIng
sshAAAfffts
shhIIgg
ShhIIIgg's
sHHeeeGGGBAAArk
ssHiiigggBARkkksss
ssHOOgGGGaaD
shhaaGGGgggeeeEr
ssHuGGGGGuuIssstt
ssshiGGGgooonnaaSSSS
ssHAAgGUNeess'SSS
SHHaagggggINNGG
SSSHHHiiigggYYY
SHHHUUgRReeeenn
SShhAAgS
sHaaahhh
ShiH'sss
ShhiiHHs
ssHHEIIIkhhh
ssHHHAAAiiiKKKHH'SSS
SHHHAAaKhss
SSheeKKEEEbblEEE
ssshhhAkkkaa
SHAkkkeee's
sHeeekkkeeeObbblllEE
SShaakkkeDDewN
sHHUUkiidddooowwnnn'ss
shhaaKeDoooWWWNsss
SSShekkEEEnn
SSShhhAAAKKKEoouuutt
sHaaKEOOuuTT'SSS
shhakkkEEEAAiTTSS
ssHHakURR
ShhAAAkeeerrr'SSS
SHHIIKKUUUrss
SSSHHEkes
ssHHAAKKaaaaaPP
SSHHHOkkkOOUPP'S
SSHHHOKKiiuupS
SSHHIIkkkOOeeR
sHHEEEkAAAeeSt
SSHAAAkuLyyy
ssshhAAKIINNNeeeSss
SSHakkkiNNeeSSS'SS
ssshheKInnGG
ssshhUkkiNNNgggsss
ShAAKooo
sHiiikoEEss
SSShUkkOOOs
sssHHHakkYYY
ssshhhUUULLLee
ssshhaLee'sss
sshhOOOLEEEY
SSShhuuLLLL
SHHHAAALLLllAAnnn
ShhhAALLLoopp
SHHuuuLLEEET
ssHHHAALLlloooTT'SSS
SSShhuulllooTTTs
SSShhhAAALLllawww
shhhAALLLlaaaW'S
shEELLOOOwwwAAAr
shhAALLooowwwossttt
SShhhAAAllLuWWllly
ssHHIIILLLllleeeWWnISSss
shhAAAlLLLIIIWNNNeeesssS'ss
SShIIILLLlloooWWSSS
ssshAAAllloM
ssshhhEELLt
shaaMMM
SSShOOm'SS
sshhhOOOMMMeNNN
SShEEMaan'S
sshAAAmuunnneeCCC
ssshhaaMMiiinUUsmmm
ssHHHAAMEEENNeeeSmmmsss
SShIMMMAAAnnIsTT
SShhOOMMMooniiSTTiiCCC
sshhAAMMMaaaNIIIzzzEE
ssshaMaaaNNS
SSheeemBBBLLLEE
shhammmBBllI'sss
sHoMBBBlllAAAdd
SShheMMBLLLEsss
SSHHHAAmmbbbLLeees'SSS
ShEEEmmmBLLLiiiNggg
shaammmbbliiiNNNGSS
sshaaammmbbellic
SShUUUmmeee
sHHUUMMMe'S
shhhUUUMMMedd
sshaaaMMMUFaaaCaaaD
SSSHUUUMMEFFAAccIIDDDLyyy
SShhhiiimmmEFaaCeDNNNESS
ShOmmiiFFAcccEEEdnnEEEsSeeeSS
ssHHHamIIIFFIIILL
shhhammefAAAlllllyyy
SHHHammeeFFFaaaLNNESSSs
SSSHeemmmeeefUUlNNEEsssSS'SSS
shOOOmmmIILLLASSSS
sshOmIIlllaaSSSSSllYY
sssHHAAmmmUUULLLaaassssnOOOsssSS
sshhhaaaMMooolllEEESSSSnnneeesss'ss
ShhAAMMAAASS
SSSHHHAAmmmiiiNNggg
SShhEEEmMedd
ssshOOOmmmerr
sHHAAmmMoooAS
sHaaaMMminngg
SSSHHHAmmMMMYYY
SHaMMmYY's
sssHHHEEMMPPoOOO
SShAMMPPPeeeo'ss
SSShheeeMpppooiiieeddd
sshIMMPooooouurr
ssHHHAAMMMpEEEAIRR'SSS
shoMMpooooEEERRsss
SSShhaammmPPOooIIINggg
SHiiiMMPPoooooss
sshhhIIIMMMRRoccckk
SSHAAmmmrrIIICCKK'SS
sHHiMMMRRROOOCkkkS
shhhammsss
ssshhammuuuSSS
sssHHHIIn'TT
SHoNNdIEs
SSHHHIInddRRYYddAAnnn
SShhhoNNNdddYYY
SSSHHOOOnnGGGhhUUUeee
SheennnGGhAIIIdd
SSSHHHaNNghhhaauooNGG
SSSHHHaaNGHAAAuuSSS
ShhOOnnKKK
sssHHunnKKK'sss
sshhINNKKKs
SShOnnnnniiiIss
ssHHAnnyyy
ssshhIIINNTEEIIIss
ShhinnnttUUUnngg
SSSHHHaaannnTTTUNNGG's
sssHaanntYY
SSShhaNNNtttYYY'ss
SSSHAnnTTTyyytttooowwwn
SSSHHaannttyttIwwwn'SSS
sssHAntttYYYTTeeeWNNNs
SShhapOOO
SSSHHHIppooo'sss
SSHHHAApEEddd
sssHHHAAAPAALLLiisssS
ssHepppEELEESSSSSlllYYY
SShAAApAALLEEESsssNNNeeesss
ssshApEEleeSSSSNEEEsssSS'SSS
ssHApeeLiiIIIR
sshhheeepppElllaOssTTT
ssshhEEEpEEELiiNEEESSSSS
sssHaaPPPilanneeesssS's
ssshhaappooLLYY
sssHHaapOORR
ssHaaPPArrSS
sHaaappESSS
ssHAApinnnG
sshhhaRRRIIBlleee
ssshhharrrDDD
SHAAARRd's
sssHHAARDDS
shhhurrrOOO
sHHAAArruuu'SS
SSShhhaarrruuuaBBluuu
ssshhhaaREECriiiPP
SSHHHAriiiCCCRRROppppIIdd
SSHHHarrruuuCraaappPPEEEr
sHHaaaRRaacRRiiiPPppiirr's
ShIrrreeCRReeppiiRs
sshharrrAACrrAAPPpppaNgg
ssHHOOrEEEcrrrOpS
sshaaReeD
SSheerroooHHHAALLdEErr
SSShhAARRReehhholllDIr's
SShhhorrrUUUhOOldOrs
ssHHeeerrIHoooLLDDDung
SShhhurahhAAllldIIngggsss
shhOOrrreeR
ShhhurrrIrr'sss
ssHHHaaReerrrs
SShaaReeeSS
ssshUUrreewARRE
sshhhARRREEWARUU's
SSSHHeeeRRIIIaaa
SHHHuuuRRRiiiaa'ss
sshhaaarrEEEoooHH
SSHHARRRUnnng
SSSHHuuurkkk
SSHHHAARRkk'SS
ShhUURRKKaaaD
sssHHArkkANGG
SHHHUURRkkss
sshhArrkksKKOnn
SHaaRKskIn'SSS
ssHHHAARPP
sshhAAARRpp'SSS
SSSHHHaaarrrpppeddd
SSSHiRRRpeeen
SHHHAAArrPIIInnnad
ShhhaaaRPPPeeNNNeeRR
SShOOrrpooonnEEERR's
sshAARpUUUNNaaaRss
SShAArrppeennOOnnngg
sHHHOOOrrrpppENNss
sHHHAAARRpppOOrr
ssshhEEErrrPPPaaarrr'SS
shhUUUrrrPPPArsss
SSShhhEERpiisTT
sHAAArrrPPPiieee
SSharrrPPPieee'SS
sshhAArpieeSS
SSShAAArrrPIINNNg
sHHoRRPisHH
sshhhiirrppplllY
SSSHHHaarrrppnnESSSS
sshhaaRPPneesss'ss
shARRppsss
ShoooRPPSSHHHOOOttIIR
sshhuuuRRRpppssHHHooottturr'ss
SSShhhAAARRPsshhooOOTEERsss
SShhhAArrpSSSHHOOOOOttOnnggg
SShhhUURRRpSSSHeEEETiiiNNGG'S
ssHIIIrrpY
SHaarrrPPPy'S
SHHHAASSShlikkk
SHiiSSSttrrraaa
ssshhOOOT
ssshhhaaaTTTTOORR
SSSHaaTTttteeerrr's
shhattEErrreeeD
ShhhATtUUURuuuNNg
SSShIttttuRRREEnnglly
SSSHAttTArPPPrrOOOoof
SShhATTttteerrss
SSSHHAAAvvvuu
SShhEVVVO'ss
SSSHHAAvvveeDDD
SHAVULeeeNNG
shhhuVVVEEnnn
SShIIVVVAARR
SSHHAAvuurrr'SSS
sshaaaVEEErrrSSS
sshhhEVVVeeeSS
SShhuvvennnGGG
sssHHIIVVVIInnggg's
sssHHaavINNNgggss
SSHHHuwww
SSSHAAWl
shhhaawLLL's
shaaWLLLs
shhAAAWWWMM
SShhhoowwMMMSS
SShhhIIY
sssHHeeYYY'SSS
SSHHEEEYkh
SSShheeykkhhh's
sssHHHAyyyKKKhhsss
SSShaYss
ssshEE
sssheee'DDD
sshEE'LLLlll
sheee'SSS
SSSHHHeeaaafff
shhhEEOOOf's
sHEEEURR
shIIaaarr'S
SShearaaDDD
ShhhaaaiiiREr
ssHHUEEERRROOOr'ss
SSHuuaarrERRRsss
SSHHHeeeAArIIInggg
ShIIIAARINNgggSS
ssshaaaIRRRSS
SSShhhaaOOrrWWWEEtteerr
ssHHHEEooRWWWuuttARRRS
SHHUUetffUSShh
SSHHOOAttFFIIshhhiiisss
ssheeAAATTThhh
Shhiaath'sss
SSShEAAAttthhhbbbIIllL
sshhEEaTTHHE
sshhEEEooTThhEEDD
ssshhheeUUTTheeeS
sshEEEaaTTThhANg
sshhhiieeetthhUNNGG'SSS
shEEEaattthhhooNgSS
sssHHHeAAATThS
sHEEAAAvvviii
sssHHAAuuVeee'SS
ShhoAVeeDD
sshheeEEEvEEESSS
SSSHeeaaavaaNggg
SSSHeeebonggg
SSSHEbbOOOnGGG'S
sheeeBBBANGss
sshebboUUUN
SSHHEEEBBBeeeinnss
SSShhEd
sHHHuD'sss
ssHHiiiDDDdeer
SheedddDUUUNgg
shheeedDIIINNNGGS
sHHeedddSS
sssHUUUuunn
ssHHiiEEEnn'SS
ssHHHEEEEENNNEeRR
SSHeIIInniiEST
ssheeeeenny
sshhhooep
sHHHIEEEPPP'SS
SSHHHeeIIppCEEEtttE
ssshhEeePcccOOtttEsss
SSHHEEipDaaG
SHEEPPPdddUG'SS
sssHHeeEpddUgS
SSSHuuePPPffEllDDD
SSSHHHEEOOppfoollDD'SSS
ssshhhoEpFFFULddSS
SSSHHHUEEEPPPhhhooRDaaRR
ssshhAAAeeppHHHEErdddeeeR'SSS
sssHHEaapphaaRRdddeeeRRRs
ssshhOOpppiiishh
sheeeoopppISHHllY
SShAeeppIIIsHnneeessS
shhhuuueeppisshhhnEEESSSS's
shhhooEEppssHHannK
SSHHEEEPPSShhhaaaNNNKKKS
SShIeepppssHHEAAAdd
ssHHEEepppsssHHHEEEAAdSSS
sssHHuEPPPssHHHEEUUrrrUUNNgg
SSHaaaaaPPPShEEEEERiiiNGGSSS
ssshheeeAAPPSSSKKKINN
sshoEEEPPPSKKKiN'SSS
SSHHHeeeEEpppsKKiiinnS
ShueeePWWuullK
SSShIIIeePPPWWaLLLKKKSSS
sHHHeeeeR
SSShhuuuaaaR'sss
SSheeeIrrrOOOddd
shEerrrIIIRRR
SSHAAeeRREEEsssttt
sHEoooRRiiinGG
sshhhoooEEERllEEEggsss
ssHEEEeeRRRNNNEEsS
ShuuuErniSSS'SSS
ssHHHEEErrs
ssHHoeeeT
SSHHHiet'S
SShhEEEeeeTTEEd
SSHHHEEeeetteenng
ssshhhueTTTiNNNg'SSS
SSSHaaaOOOTTLLLiiiKOO
sssHHHoooIIITS
ssHUUUKKK
SSSHHeUUUkkk'S
ssshheOOOkkkDDDom
SSHHHeeiKKdommm'sss
SHHHeiKKdAmmmSS
SSHEaakkHHH
SHHuiikkkHH'sss
ssshEEEEKhdddOOmmm
SShEIIIkkhDIMM'sss
sssHUUOOkhhhDooommSSS
SSSHHAaakHsss
SHHHUUIIIKKss
ShhheeeOOOLaa
SSShhEEuLLLEss
ssHHEkkkelll
SSShhOOOkUUlll'S
sssHHekkkelSSS
SSHHaalllDDDUUCkkk
sHeLdacccKKKSSS
sshhhEElllfff
SSShhEllf'sss
sshheLLll
ssHHHEEElL'SSS
ShhaaallLAc
ShhhEEELLLLLLOccc's
sssHellACCCKKIdd
SSHEllLLLaCCkkooonGGG
SSShoLLLLLaaCCCKKKiNggg's
ssHHHAlllllaaacccKKKinngggs
ShEElllLAAcccSSS
sHEEELLllbiCCCkk
ssHHHOOllLbeeRRK
sHHEllLLLbbbaaarrkksss
SHHAAllllEEDD
SSShhEEllLeeeRRR
shhhElllLffiRO
shhuuLLLfffiirrriii'sss
SSHHEEELlffEEEssHHH
SSShEEllllllFIIISSSh'SSS
shhhEEEllllFIISSShhESSS
ssshElllLfffisssHHIINNNgg
ShhheeelllliNNNGGG
shhhEELLLllINGSSS
ssHHEEELLllPPPreeeEEfff
sshEEElLs
SSHelllLLLssshhhUcccKKKeeed
SShhhAlLYYY
sssHHuuLLLTTTiiR
SHOOOLLttUURR'SSS
sssHHELLTeRReeedd
SShhheellTTTEEERRuunnnGGG
SSShOLLtttuurSS
ShheLLLTYY
sHHeeeLLvOO
SHHHEELLLvvveDDD
SSShEElVVASSS
SSShhhoooLLLVVeeennnG
SSShhhELLLVVVIIInnggg'SSS
sshheeennaNIgAANNN
SSHHHuNNNAANiigaaann'SSS
SSShAANNeeNEEEgggANNsss
SHeeNDD
SSHooPPPHHeerrrdd
ssshhheePPhhheeRDD'S
shhuupphhaaardEEEDD
ShuuppHHHeeRDDeessssss
sshhEEPPPhheeerDDDEEESSSSS'ss
ssHHEphEErrDDDeesssssEESS
ssshhEEpHHHAAARRdIInGG
ssheepHHHErrDDDSSS
ShheeQUUUlllIMM
sshIIIqqELLL
SShEr
sssHAAARbberTT
SSSHHeeerBBBorT'SS
SSHHEEErBBBeeRtttsss
SShiiiRRBBeeettt
ShhherBBAAAttt'ss
ssshARbEETTTss
SSShhhuurrd
sHeRRRDDD'ss
sHHHerdddS
SSShhheerrrAAAFF
SHHeerrrAAff
sssHEEERRRaaaFf'sss
SSSHHuuriiifffsss
SSShIIrrrEUSSS
ssshhORRRRRYYY
ssshhuRRRRYYY'S
ssHeS
SSHHAAEGh
SSHHHAAWWW
ssHHeeeWWWooddd
SSHHAwwwooonngg
ssshheeeWWWNN
sssHHEWSSS
SShH
sshoooAATTsuu
shhiiioTssuuu'S
ShhIAAAttzzzuuu
SShOObbbBBoolllAtH
sHHiiBBBbOOllleTTTH'sss
SSHHibbbaallEtHHHss
SHHiieeeD
shhAAeeellldd
sssHHiiiILLLDD'sss
SSShhAAaaaLDDEED
sssHHHIIEEElldddiiir
sssHiuuuLLdiNNNG
SShiELLddss
SSSHHIIIUrrr
shhIIIiiisss
sshooouuussTTT
ssshhhifffTTT
ShhIIIFFT's
ssshhhiiiftttiiddd
shhIFFFTTeRRR
sshhhIIIfftttoooRRRSS
ssHiiifTTOOOIIrrr
SSShhhOOFFttIIIUUUSStt
SShhhOftEEELYYY
sshhIIfffTaaaNNNeesssSSS
ShIFFFTTiiinEESS'SS
sHHHIIffftIIng
SShhIIIfTTTiinnGGSSS
ShIIfTllleessS
SSSHIIIffttLLAASsLyyy
ssHHHIIftlllesssnnnuuusSSS
ssshIIIfftllAsssNessss'ss
ShhIFFTTTss
sshhhIIFFtttyy
sHHUUgggOOOLLLLLeee
SShhhIIIGelllLiiss
ssHAkkiiirrrI
ssshhIIkkSuu
shhheKsAAS
SShhiLLLl
shhaaaLLl'sss
ShhhiLLLLAALLahh
SSShhilllLLLaaaLLaaaHHH'SS
ShhhuuuLLLLaaaLAAhhhss
SShhhiiLLLLiiDDD
sssHHHiLLLOOllleGGH
SShhUUUllllleeLLLAGGHH'ss
ssHHOOOLLLLLuuleGGHHsss
ShhhilllllliinnGG
SHulllLIIINGG'sss
sssHHuLLlliiiNNGs
ssshhiiillLLLSS
sssHimm
ssshIMM'sss
SShOOOmmmiddd
SSShiMmmEEEr
sHUUUmMMER'sss
ShhimmmmmErrrEEEDD
ssshiiMMMerrIIInnggg
SSHHiiiMmIRInnGGLLLyy
SSHIIImmmMerrrS
SSHHuMMMmmeeeRRRYYY
sshIImmmMMIIIEEEd
ssHHOOmmmmmmieSSS
SSSHHHImmMMMIInggg
ShhIImmmMyy
ssHuummMMMYYY'ss
SSShhiMMMMMMyyIIINNgg
ssshhhiiiMSS
SHHuuuNN
SSSHHiiNNN'SS
SShhinnBBBOOONe
sHInnnBBONNNE'sss
SSSHOOnnnbbbOOOnniS
ssshOONNDDIeees
ssshhhiiinnDDDOGG
SSSHHIIndddiggg'S
ssshhhiinnnDDDIIIgggs
SSShhhinndddyy
Shhiineee
SSShhaaNNNE's
SShIInnedd
sshIIInERR
sssHHIIINeeer'ss
sHiinnneeerrSSS
SSSHHHIIInneeS
sssHInnGGGlllE
sHHINNGLLLee'ss
sheengggLuDDD
sshhhiingggLLLORR
sssHUNNNgLLLUsss
ssHHHiiNggglAAER
sssHHoNGGGlleeIIIsTT
ShhhiiiNgggLLAnnnG
ssshhIIInnggLLLyy
SShhiinnggUUUURdd
SShhinnGGuOOrd's
SSSHHHaaaNeeeURRR
ShhiinnIIIUssst
SShhhuneeNNOOOsSS
ShhINNNiinnnaaSSSss'SS
shhhEEENNNaaNNNGGG
sssHHEENNLeeeeFFF
SHaaaNllloooaaaVEEES
ssHiiinnnNNNeed
sshhhooNNNNNNaaeed
SSShhinnnniiiiiss
shInnnnnniiinnnG
SHIInnnnnY
shhhiiNNNNNYOnnnG
sHHHIInnss
sshiinSSPPLLLentS
SSHHIIINNssPLLLaaaNNttS'SSS
SSShinYY
shhhuuppp
SSSHHIIIpp'SSS
shhIIppbbbooArrdd
SHIIpppBBOAArddd'sss
sHIIIpppBooAAARRRDs
SheeepBUUrrNUUU
ssshhoopppbbbEEaldER
SShoppbuIllldddER'sss
SHIpbiiiiLDarrSS
sshhhOOpppbbbuuuIIldUUng
SSSHHHiiiPPBBUUiLddiiinggg'S
sshhIIIPPeeennnTTTIIInooo
ssshhIIIpfffiiTTTTTEERR
ssshhAApllAAoooddd
ssshhhIppLLLooaaDD'sss
sheepllEEaaDSS
ssshhiiippmmann
sssHEEEpmmmAssTTORRR
ShhiiipppmAttE
SSShIIIPmmmAAATTe'sss
SShhiiiPPmmmaaTTTIsss
ssshhhiiipppmmuNNTT
SSSHHUUUPPMMANT'S
sssHHoPMMMaaannTTss
SSShhhaappEwnerrr
ssHHiiPPOOOwwwNNNERR's
shhEEEPoWWNNeerrs
SHHHIIIppppIBllI
SShhhopppPPPiiDD
ssHIPPPPPEEn
ssHHaaappppErr
ssshhAAPPPPPPEErrr'S
sshEEPPPPPPIIRRRSSS
sshhipppUNNNGG
ssHiipPPIIINGGG'SS
shhiiipps
SSHHAAApppsHHHAppee
SheeePPwwwoooyyy
SHHHIIIppWWAAAYSS
SShiippWArrM
ssshhhIIIpppwwOORMMMs
ssHHippWrrrECCKKK
sHHuuPwwwRRReecckkk'SSS
ssshhOpwwwRReCKKKEEEDDD
sHiipwwrrrEcccKooNNgg
SSShhhIIPPWrrEEEccKKs
SHHIIIPPPWrEGhhhtt
SHHiPPWWWrIIGHHHt'SSS
SHHHiPPPwwRRRighhhTTTSS
ssshhhipyARD
SSShheeePPYYAAArdd'SSS
shhhEEEppyooorrrDss
SSShiiiroo
SShhhaaaRe's
ShhIIIRooos
SSHHHiiiRRkk
ShhherrkOOdd
SSSHIrrKKeeeR
SHHUUUrrrkIrr'sss
ssHHAArrrKKIrrSS
SHHHoorKKKEEEnnnggg
ssshhherkkss
ShhiiiRRR
shhuuuRR'S
SHHHUUUrrrEED
SSSHHUURRREEnnnG
ShhhAAARRRIING'SS
SSShhhIrRRinggs
SSSHHirrrSS
ssHHHuRRt
ssshhURRttt'ss
ssherrTTeeeD
SSShhhIrTFROOONNttt
ssshhhErtFFrrronnTTT's
sshhhIIRtffROOOnnntttss
sHHIRRRtAAAOOrr
SSHHHiirrtiiIIISSttt
sssHiiiRRtttONNggg
SSShhhIIIrrrtttOnG's
SHHiRRRtttlleeeSSSSSS
SSSHHHiRRRTTTmmmiikeeerr
SSShhherrtmOOOKKKEEERss
SHaarrtSSS
SHIIIrrrTTSSSLLieeVVAA
SSShhhiiiRtSlliiVVVAAA'ss
SSSHuuurrTTsssllEeeeViiss
SSSHHHEEERtttteeeeeLLL
SSSHHHuuurrTTTttaaaiiLLL'sss
ssHaarrrTTaiiillss
SHHeeRtwwwOOIIIssttt
ssHeRRRttWWoooUUUssttt'ss
sHHOORRRTTWWWAAUssTTS
sshiiirrrtttYYY
SSShiTT
sshhiiiTTT'S
sshhhOtfffOCCCeddd
sssHHHIIITTHEEaDD
SSShheetthhheAADDS
SSShhhUTTllaIDD
sHHiTss
sHetttTEDD
SShIITtttiiiERR
ShhhATtttIIeesT
SSHuuutttTTeeNNNG
ShhIttttttY
sssHHiiv
shhIIV'sss
SShIIvvva
ssshhhiiVOOHHH
SSShhAVVViihhsss
sHHHIvvvaarreeeee
ShhheevAAArrrAAAASSS
ShhUUvvvAAASS
SHHUvvveee
sHIVur
ssHHIvEr's
SSShEvveeRRiiDDD
ssshheeevIIRRREEErr
SHHHaaVVVEEERREEnnGGG
sssHHuuvvuuurUNgggLLLYY
ssHHHIvviRRsss
SSHHHiVVeerrryy
SShhIIIvvvSS
sssHHHLLEEEMMieeLL
SSHllleeMIElll'SSS
ShllaammmIIELs
sshhhLEEPPP
ShhLLeeePPP'ss
SSHLeeepP
SSSHLLEEpP's
ssHHLLLePpppood
sssHHllleppppINgg
sssHLePPpppsss
SSSHLLLEPPPs
ssHHHllooocccKKK
SSSHleccKKKYYY
SSHMAAaR
SShMaaaAARRss
sssHHmmeeear
ShMEEE
sssHHmmUUOOze
SSShhhMMEAAAZZZedd
ShhhmmmIUUzeess
SHHHmoouuuzzEEEnGGG
SHMuuucK
sHnAeeK
SHnnURrrer
SShOOOAALL
SShhaaAAll'SSS
SShuuuuuuLLLeed
SSHOOIIluuuNNg
SSHAaaLLs
sshoooaaaT
SSSHuat'sss
SSSHHHAAAaaaTTTs
sshhUUCCCkkk
sssHoocKKK'ss
sssHuCkkEBiilliittyyy
SSSHHOOOccKKKUbblleee
SShhhAAcKuddd
sHOOOcKKEEER
ssHHooccckEERRR'S
ssHHuuuCCCkArrrss
SSShhhOckkhhOOOIIIddEED
SShhhiiCCKKKInnnGGG
ssshhACCkkiinnGGLLy
sshhaacckPPPRROOOUFFF
sHUcckkSSS
sshhhUcKKWWWaVVE
shhhUddd
SSHHAAADDDDeNNN
sHHIIdddiOOORR
sssHHHeedDDDIeeesssTTT
SSShhooodddDIIIlY
SShoDDdennnEEESSSSS
SShoddddIIINNNEESSSS'S
shOOdddDy
sHHoodDDDy's
sHHHUIII
SShhhiU'SSS
ssHHHoooeBiiillll
ShhhIoobiillLLLss
SShhhoooeeeblllaaCKKK
ssHueBBLLACKKKsss
shhOeeeBBBEEEX
SSShoOOOddd
SSShoeeehhhuurrnnn
SHaEEEHHHoRNN'SS
sHHHOEEHORNNEdd
sHHHAAAEEHHOOORNNNENNggg
SSSHEooohhaRNNNSSS
SHHHeeUUIIInnnggg
sssHHHiiiAllOCCCEEE
SSSHHOOOEEELLOOOCCa'sss
sHHOOeeelllaaaceeS
SShhOiiLoooss
SSSHHooeemmAAAKKKEEERR
SSShoooaaaMAAKErrr'SS
ssHoooAMMAAAKKKeeRRS
SShhOOUMMMEKIIInnGGG
sssHHHOOEEEmmeKOOnngsss
SSShhooEEEss
SHHuuEEEsshhhInnnEE
sshhiiioooSHHHaaNNNEE'SS
SSShhhOOOUSSSHHHeeenuuuS
ShhhOOOeeesttRRiinng
ssshhhOeSSStttrrINNNggg'SSS
sshhOOOuuuSTTRRRIInnnGGGs
SSShhooUUUtRReeIII
SHEuTTTraaaII's
ShhhOOiitttRAAAAS
sssHHooffErrr
ssHHoooFFiiiRRsss
ssHIIIfrAtth
SSHHHIIgggEEEnnn
sHHOOOggiiNNN'SS
SSShhUUUGANNNEEETTTEE
sHUUUguunoTo'sss
SSShhAAAGGGuNNNs
sshhhOOONNiii
SSShhaa
SSHHHaeeeiiDDD
SSShooooOONGG
ShhOOok
sssHHHaeel
sshioooN
SShOOoooSSS
SShOoot
sshAOOOt'ss
sHHHAAoootttERRR
sshhhOOIIItttEEErr'SS
sHOooteRSSS
SSShhoOtiiiNNgg
sssHOOOOOtttiiiNNgg'S
ssshooouttiNgggsss
sssHHHEiiiTTTOOAT
ssHHoottoooUUtt'ss
sssHHOOOOTuuuAATTS
shoetS
SSHoPP
sHHHaaappp'ss
sshOOPPaaaHHHiiliiC
ShiiPPPOhooLLaaacs
SSHOpffiittttttiiiRR
SSSHHHOPFOOOtTTEErrrs
SShhhooppfffiiTTTtttinGG
ShhOOOPPFFrrrooonTTT
sshhOOPPfRRROOnnnTTTss
shooopppHHHaaaRR
SSHEpppHHHaarrS
SSHUPPPKEEEEEpEr
SSHAppkkkEEOPPPir'sss
ssshOOppkaaeePPPEErrSS
shhhoooPPPkkkeeEppIIINg
ssshhooPliiiFFFtt
shOOpppllIIfftEEEDDD
ssHAAPPLLiiiFFteeeRRR
SSSHHaaappLiiiffttEEr'ss
sHHOOplAAAffttiRsss
ssshhoPPPLOOOfttuunnnG
sshhopplifttiing'sss
ssshhheeepLLifffTTss
ShhoooPPPoo
ssHHopPEEE'S
ssHHHUUPPpppeeeDD
shoPPpppUUr
sssHHHOPPPPPiiR'sss
SSSHHEEEppppIIrS
ssHUUPPpAs
SSShhhOppppIIINgg
sshhhEPPPPPaanGG'S
ShUPPPs
sshhOOPPPtttiiilllK
sshhIPPTTTulllkkk's
sssHooopppWWIINDDOOOWWW
ssHHHOOppWUNdddOWsss
sHHHooopwaaRRNN
sHHeRunn
SSShhhURRUUU
sssHHHORII'S
shhhooRREEbbbIIIRRDD
SSHoooRRRAAABBIRRDDD's
SSShhhooorrEEEBBBErDDDSS
ssHEEErrriD
SSHHoorrraaLLLooSSS
shhIIIRULinnnEE
sssHHOOOrrrOOOLLiiinneee'S
sshooRRReeeLLLEnuuss
sHooRRRiiiSS
sHHHOROOWWaarrDD
ssshhhORINGGG
SHooorriiNNNggg'SSS
SSHHOOORnn
shORRRTT
ssHHOrrT'SSS
SShAAARRRtttaagggIII
SSShhhOrttuuuGGGEE'ss
ShhoooRRRTuuuGEESS
ssHHoRRTBrraaaaaad
sHHHOOORRRTTTBBRRReaD'ss
SShhortttcAKKKEEE
SHooRtttCCCAAAkkkEEE'sss
ShorTccAKKOS
shhhiiiRRtcchhAAANNNgEEE
SShhooRRttccchhOOONgIDDD
ssHHorrTTTChhhoNgggaaaSSS
SSShiiRTTTCChhhaaNNNgggeng
SHHHoorTTccommUUng
SSSHooRRTTccaaMiiNNNgg'ss
sssHiiiRRttccOMMiiinnngSSS
shOrrrTccRRoSTTT
ssHHooorttCCCUttt
SShhooRTTTccUUttt'ss
ssHHHooorttCCCUUUTTsss
SSShhhOORRTTeeddd
shheerrTTTEnnn
SShhOrrrtttiiNNNIDD
SShhuurTTTaNURRR
ssshhiirrTAAAnnONg
ShooRRttEENNAAANNNGG'SS
ssHHHaaRRRTTAANooonnnGGGSS
sssHHEErtUUUnS
SHOOORtuRR
SSHHHOOOrrtttEEEsssT
ssshoorrTTfffEEELLLLL
ssshhiirrtFFFaaaLLLl'S
SHHiirrrtttfffallllsss
sshhhaaartttHaNND
SSHiiiRRtHHHANNNdd'SSS
SSHHEEERRRthhEEEnnddAAd
SSSHHOOORRRthhOnDS
SSSHAAArtthhhOOORRNN
SSHERRTTHHHOOOrrrNN'SS
SSShhhOOrrrtthOrrNNSS
SHOOOrTiiEE
sssHHUUUrrtttuE'sss
SSSHHHoooRRRtoES
ssHHeeeRRRTTTAng
SShAAARRtuuSSSh
shOORRtLiiiSSSTT
SShOrrtttLLLIISSSteeD
ssshhorrTTTLLLiSStttIIInnnggg
SSHHuRTTTLiiiStSSS
sssHHoorrtLLLyy
sshhhooorrttNiiSSss
ShhORRtttNNESSSS'SS
ssHORRtttsss
SHHAAARRtttsssAAgHHTeedd
SShhhiirrrttsssUUGhhttEEEDDDlly
ssshoRTTSSSIIghhtuuudNNeSSSSS
SSShhhUURRtssIIIGGGHTTTeeedddnnaassss'S
SSShhhIIIrrtttstaaP
SHHOOrTTTStOOppp'SS
ssHOOORTTTSSSTTToooPPPsss
SSSHOOrTTwwwAVVEEE
sshaRtttWWWuuuvvveee's
sssHHHoooRtttwwwaVVVaSS
shhooortyy
SSHOOOrTYY'ss
sshhhOOOTTT
SSSHHHOOOT's
SSSHHUUTeee
SSSHoTTTggIIN
ssshhUUttgguuNNN'ss
SSShhUUUttguuNNNiD
SShhhOOtGuNNNeeenG
SShotttgggUnnSS
sssHoooTSS
SSShaaaTTTEENNN
SSSHHoooILddd
ShOUUUllldEER
SShoElldderrr'SSS
sshhOOOoollddeeerEEEdd
ssshiiUllDDeeRRROOONNNggg
SSShhoooulllDeeRRs
ssshOIIIllDDn'TT
SSHHHooouuuLLDDssst
ShOOUUT
shhOOuutt'ss
ssHHIIIuuTeedd
SHOOuuTEEERR
sHOOuuuTTTEEErr'SS
SHAUUteeeRRRSSS
ShOOuuTTInnnGGG
ShEEUUttsss
SHOOOvvEE
ssshhhOOOVVe's
SShOVVVEEddd
SSShhhOOvvvUlll
sssheeVVIll'S
SSHOOVVVeeLLBBoURRddd
ssshUUUvvvilllODDD
ShuVVeelErr
SShhaaavvvUUUllOOOrrrss
SHHOOVEEElllfIILLL
SSShhhuvvvAAlllffuuuLL'SSS
ssshooVulfuuuLS
ssHHOOOVEELLLhaaAADDD
sHOvEELLLHHeAAdddss
SShhOValllINgg
SSSHHEEVeeeLLLeed
SSShhOOOVVeelLLIINNgg
SShhooVVVuuuLLNooSSEEE
sssHHHOVVVOOOLLss
sssHoveeRRR
SSShhOOOVOOs
ssHEvviiinnGGG
SHOOOW
SShhhEEW'SS
SHHHaaaWWbbIIIZ
ShawwBIIZ'sss
ssshhOOWbbeeATTT
ssshOwwwBBoaaaTTT'sss
sshOWBBBAAAaaTTTEEED
sshhOwwwbbboooAAttIINNGG
SSShowwwbOOOaaaTTss
SHHOWBBrreeeDDD
shhhOOWCAAse
shhooowwCCCoossse'SS
shhhooowwwccuSSSEED
SSShhhowwCCCAAsseeSSS
ssshEEEwccAAASIIInnnGGG
SHHHAwDown
ShiiiwwwdddoWWWn'SS
ssHHHOwwdoooWWnnSSS
sHaaWWeDD
ShUUWWeeeR
sHiwUUUrr'ss
SSHHHuWWeeRRiDDD
shhhUWWeRRRIIINNg
sssHOwuRRRppprruaaf
SSShhhooowwERRSS
SHHIwwIIRRRY
SSHHHooowwwGiRlll
sshOwwggIrrL'SSS
SSSHHHiwwwggiiirrrLLSSS
sshhUUUwGGrrEoNNDDD
SSShhoooWWGGrrrOUUnnDDS
sssHHHuwwwIIiiiR
ShOWUUEssTTT
SSHHOOOWIILLLyy
ssHHuuwwwENNNEESSS
shhhaaawwIIINNNAAsssS'sss
sHHHOOOwwwiinnGGG
ssshhhooWWIInng'ss
SSHHOOwwINNNgsss
ShhaaawwjjjuuuMMMPPPIInnGGG
SShoowwMMaaann
sHHeeewmmEENNN'ss
sssHoooWWmmAAAnnnSSShhhoopp
sHoooWWWmmmennShhIIpp's
SSHooowwmmeennn
SSSHUwwwn
SHHHEwwwoFFFfff
ssheeWWWoofffFF'sss
shhhOWWuFFFFFs
shhooowwppuuuiiiCCCu
SSShhhoowwwPPPiieeeCCCEEE'SS
SSHHHOOOWWWPeEcccOOOs
SShhhOwPPPLLLaaacccU
ssHooWPLLeccee's
SHHHooowwPPPLuuccAASSS
sHuwwwRROIIIMMM
ShhaawwrrrOOOMM'sss
ssshOWRRuuuoMMsss
SShhOWWss
SHHOwwwsstOppeeRRR
sHHHoooWWWStEEEpppPaarr's
sshhhuWWWSTTOpPPIIRRRss
sssHAWWWSTTuppPPoooNNNg
SShhOOOwwwtttIMOO
ssshhhUUUwwwyyy
SSHrAAnnK
ssHHHRRAAPPPnEEEL
SShhRRAAAPPNNEELLL'ss
ShhrEd
sHHHrrUUdd'ss
sHRRRuDDDdIIIbllloo
sshrrEEDdAAAd
sHHreDDDDIIIr
sshhRReeeDdddOr'SS
SSShhhRaaadDDDOORss
ssHrreeeDDDduunggg
SSSHHHRoDDSSS
sshrrreeeWWW
sHHHRREEEWW'sss
ShhRRaawddd
shhhrrOOOwwDDDuuur
sHHHRREWWDDDeessTTT
sHHHRREEEWWDLLLY
SHHrEEEwwwDDDnOOSSSss
sshhhRRRawDDNaSSSss's
shhrreWWiiisshh
sssHrrEEwissHllY
ssshhREEwwiSSSHHNeeSSsss
ShhhRAAwesHnnEEESsssIIISSS
ssshhhRREEwMMICCUU
SHHRRuWWmmOUssEE
SSHRREEwwss
SSSHHHriekkk
ssHHrrIUkk'SSS
SSSHriiieeeKeeeD
ssHHrrrIIIEEKKeeRR
SSHrrUUEEkkeeerrrs
Shrrruuuikiinggg
SSShhRRRIOOKKKsss
SSHHHRIeevvaaal
ssHRRaaEEEVVeeeLTTTYYY
ssshhrrriEVeee
sssHRiiiFFTTT
ssHRRRIfttt'S
ssHRRIKuu
SSSHHrrrAAKKKOOO'sss
shhraaakkUUsss
ShhhrrILLll
shRRILllEEd
ShhRiiiLLLLLeeeR
sHHRIlLLLaassTTT
ShrrulllIInnnGGG
sshhhRRillllNesssSSS
SSShrrriiillLLNNNOOSSSss's
SHHHriilllllss
SSSHHHrrrEEEllllllyyy
ssHHHRiMMp
sHrrruummmPP'SS
SShhrOMpppeddd
SHHHrrrIIMMpERRR
sshhrrriiimpppuuuRRSSS
SSSHHRIIMpIINNggg
SShhhrrrImmpps
sshRIIInnii
SSShRRRIINee'SS
SSSHrrrinnnisss
ssHrunnnKK
SHHRRIInkkk's
SSSHHHrriiiNkkAABLLE
sHHrrreeeNKKeegge
SShraNkkAgEE's
sshhRRiiinnnkEEr
ssshrriiiNNNKiinngg
SSSHHRRRINNKKeeNNNGGGlllYYY
sshRUUNNNKKKss
ssHHHrrrooVVVaa
SShRiivvedd
SSShRRRaaveeel
shhhrrrIVOOOliid
sshhRiVeeelluuuNGG
ssshhhrrIIIvollllllooDDD
SSSHHHRREEveellllingg
sshRRRAAvvEELLLSSS
sHHHRaaVVEEEnn
SSHHHRRROVOOSS
ShhhrrooovvENNG
ShhrrriiFFFf
SShhhRaUdd
shhhrrOOUUddd's
ShROuDDEEDDD
SSHRRIIIaaadddIIINNNGGG
ssshhrroooAAAddSS
ssHHROvvvEEE
sshhRRRuuuBBB
SSShhRRIIbb'SSS
SHRobbbBBeeRROOEsss
sHHrrUUUbbbbiiiRRYY
shRRReeebbbbbbeerrrYY'SSS
SSHHRRRIIBBbIIOORRR
shhRUUbbIIaaSSSTTT
ssHHRRuBBbiiNNNAASS
SSSHHHRRRuBbbbYYY
SSShRUUUbbss
SSSHHRUUUGG
sssHHHRaaGG's
sHHrreGGGggEEEDD
SShRRAAgGGiNNGG
SShruGGGSS
SSSHHrrUUnnnk
SSShhhRRuNNKKiiiNN
sssHTECCKK
ssHHttIIICCCKK'sss
SShhhTTTIIckkksss
SSSHHHtOOOKK
sssHHHtttiKK'sss
shhhTTIIKKKS
sssHaaCCKK
ssshUcckk'S
SShUCKiiid
sshhiiiCCKEERR
ssHHuuuckUUUNNGGG
ssHHuuucccKSS
SSSHHHuckkkSSEEESSS
SSShhAdddOOORR
ShUUUddERRR'SS
ssshUUUDdddOrEEDDD
ssshhhEEDDDdEErriiinngg
ShhuDDDDDIIrrrEEENglllYYY
ssHUUddddEERSSS
sssHHuufffffLLLEE
SSHUfffFLLe'ss
SSHHHUUfffllaaBoAARRddd
ShhhUUFFFFFLEEEBBOArrrd's
sshhhuuuFFFFLLeBBOOAAARRRDDs
ssHIIIfFFLiiiddd
ssHuuufffFLLLAr
ShhafFlleeeRRR's
SHHHuuffffLEEERS
ssshhhiiffFFFLuus
ShAAAFFFfffLIIInnng
ShhUUUll
SSHHHuuNN
ssHEENNED
shOOONNNnnaNNG
sHHAAANNSS
shhhuunnnTT
SSHUNT'sss
SShuuNNttEEEDD
sshhhiNTTEnngg
ssshhhuuNNNTTss
sssHHHuuSSShh
SSSHoshhhaaad
SSShhhuuusshhEEEss
SSSHHHooSSHiiiNggg
sHUt
SSHAAATTTddooowwn
shuutttdEEEwwnn'S
sshhhUtttdooowwnns
shIteyyyAA
SSHHATAyEEE's
SSShUtooFFFFF
sshhhAAttOOOFFF'sss
sshaaattaaafffFFFss
SSShheeeTooaaatt
shiiTTaauuuTTT'SSS
sshhaTTTooIIItSSS
SSHooTs
sHuTTtttERRR
sshhhitTTTOOOr'SSS
SShuuTTTttEEERRbUUgg
shhuTTteeerBBuug's
shhuuuTTTTeRRRbbbOggss
shUUTTTTTirrreDDD
SSSHHuutTeeRIIngg
SHHHUUtttTeeRsss
ssshhUUUtttTTIIInng
SSHHHUUUTTTLLii
SSSHHHaattttLLEE'SS
shhhUUUTTTtttlEEECCoccK
sshATTTtttlEECCCOCkk's
ssHHeeetttLLeCCCAccckIIDDD
SSShiTTtLLuuuCCICKKKIIINNNGG
SShhhOTTTLLLecOOOCCCKKKS
SSSHHHuuuTtttlIDDD
ssshhaaatTTTLLLEEsss
ssshhhuuTTLLLiiinnnGGG
SHHHwwwee
SHHwaSS
sshYYY
Shy'S
shhhyyer
SShhyeeSStt
SSHHHyyInnGG
SHHHYllloooCCKKK
ssshhhyyyLLLY
SSHyyynnooosss
sHHHyynnnoSS'SS
shYYYSSTTUr
SShhhyyStteer'S
sssHYYYsTTeRs
SSSII
ssUIIIllAAGigguAAA
SSiiiaaLLaaUUDDD
SIIiiMaaaNNgg
SSEEEMMaNNNGGGSS
sooBB
SeeeBBBIIILLaaaNNCCEEE
SSSibIIlInnnCCCyyy
SSSiiiBBIILLLOnTT
ssoBulllaaaNNNTTT's
sEEEBileennnTllyy
SSIbIIlllINTS
SABOOOLaTTTo
sssiiiBBBaLLLoootED
sUbbiLAAAtttuss
SSSOOBUULLLAAATEEnG
ssiiiBBiLaTTTiiiN
SSIIIbllAANggg
SSAABBLLLIIINNGGG's
sseBBBLUUUNGGGSS
SSuubbSSS
SIbSShhAAApp
SSSIIbbbYl
sEEEbYYYLL'SS
ssoooBYYYLLlliinnne
ssIIIbbyyyLLS
sssiiiC
sssEEECCCCAAATTTIVVEEE
ssIIICCCCOd
sssiCCCCOONgg
SSSAAACCCKK
sssiccKKBaaY
saaaCCCkBBBAAyySS
sIIICCCkkBed
SUUUckbbEddd'sss
siccKbbboooDDsss
siiicckkkeed
SSSAACCkkkaaNN
siiiCCkkkEEENEEd
SOOcccKKEEENNNeeRRR
SSSUUckkkeeNNNUUUnnng
sssiCCkkkIINNNinnGGGLYY
ssseeccKeeeNNNSS
sIIIcKKKEERR
sIICKOOSt
SSSaaaccckkEu
sIccKiO'ss
ssOOccKKKIIOSS
sssIICCCkkUNgg
SAAcccKaash
SSiiCCCkkklleee
sssaaCkkllo'SS
sickklllEBaalll
ssoocckkklloosss
SSSiCCCkkLIIIeeRRR
sOCCKKKllIUUUSSSt
SSeeCCKKKlloooNeesSS
SUccckkklllYYY
ssOccckkkNeeeSsss
sAAACKNNeeessss'SSS
sssEECkNeeessssEESS
SSUUCCKKooo
SSUUCCCkkI's
SSSIIccckooosss
sssAcckkOOOUUT
SSSeeeCCCkouuTT'ss
sIICCKKKoouuuTTS
sssiiiCKKreUUUMM
ssseCCkkReeeooMM's
SSIIICCKKKRROOIIMMMss
ssAAAcccKKS
SSSUUUCCSSS
SSiiDDDDUURR
sidE
SSSaaDDEE's
SSSeeeDDDEormm
sssUUDDeAArrrMMM'S
SSSadeeaaarmmsss
siiiddOObbAANNDD
sssiiDDeebAAAnnnds
SEEEDeeebaarr
soooddEEBaaRR'ss
SSSIIIddEBBBuuRsss
sIIDDDOOObbuuuaaRRRD
SIIddeeBBUaRDDD's
SAdIbbOOOaaRdsss
SSSEEdddEEEbbUUrrrNNsss
sssiiiddeeBiiRRNss'ss
sssaadeeccEEERR
sIDDEEEccciiRR'S
SIddeecccAAARRS
SSSiiiDDDEEED
SiiiDDeKICKKK
SSSEdEEEKiCCK's
sssiiiddekICCks
sssAdddEEEllliiighhT
SSSiDDeLLIggHHHttt'sss
SaaaDDDeeliiGGHtsss
SSIIDDDelliinnnoo
sEEEDDEElleenII's
SSSIDooolliiiNNeddd
siiddeeeLLunneeess
SSodaaallIINNgg
SSIIddElliiniiiNGGG
ssidALLLoooNGG
SSSIDDemIINNN
SSIddduuummmAN'SSS
sssOOODDemeeennn
SSSUUUddOpppiEccceee
sssoddOPiiEECCCee'sss
SSSEDDAAAPPiiooocccaS
SSSEdEERRiiiAAAll
SSSIIIdeRIttA
sssiiiDDEEEruuutooos
ssIIdddeerrroooLUUUTTTEE
SIdEERRaasseeeS
sssIIDeRuuSisss
ssIddeeeRREEEsssTUUUTTT
sssuuudddeSS
ssIIDeeesooDDdllO
SSiiDDiiSudddllE'SSS
SSSiiidddeesADDDLLUUUSSS
sssIDDDeesshhheeww
sssIDDessshhoooWWW'S
SSIIDDDOOsssHHOOwws
sseeDDUUUssslApp
ssAAADDUssLIIPPPs
SSIIDDeSMMOOONNN
sssiiDDDuuuSmEEnnn
seeddduSSPPPLLEEEttTTTiNNG
sssuddEssTTTeePPP
sooddaaaSttippp'SS
SSiidUUsTTEEEppppooDD
SiiiDussTTTOOPPiiNggg
SSIDDDiiisTTTOPPsss
SSiiiDDDeeeSSTTTRookEEE
siDDEEESSttRRROOKEEE'ss
siDDDEsssTTRRRoookkEdd
SSideStttRRRooKAAASS
sIIddEESSTTTrrookkIInnggg
SSiiddeeessswwwipppE
sIddeeesWWIIPPo'sss
siiiDEESSwiPPPeeeD
ssiDeSSWoooppES
sssOdeeSSSWIIppAAnngg
sssidEEETTRRacccKK
SUUUDeeeTTTrrrAAccckk'ss
SiDeettRREEcKeeeDDD
SodddeeTRRRaaacckkonnG
ssODDDOOTRicckkS
sOOdddeewwwIIILLLKK
sIdddIIWWWAlllK'S
SSIdaaawaaalksss
sssEEDDDEWaaLLll
siDDEEWWWaaaLLL'SSS
SSoooDDDEEEWWAALLLLss
ssiDDeeeWWWArddd
ssuuDDIwwwarrDs
siiidddeeewwiiyy
sAAADDeWWaaYYYSSS
SOODDOwwwhUUelll
SSUUUdeWWWIIINNDDDEEERRR
SSSIIDDDEEwwiNddEEErr'S
ssOddEEEWWWoooNNDorrrsss
sIIIdddEEwuuSSSii
SSiDiiiNNGG
ssAADINg'ss
SSSIIdddINNNGGss
SUUDLLEEE
sIIdddllu's
SeeDDllAAADDD
sssuuuDDLLLuus
sssUUUDDLLLeennnggg
SSSoooegggE
siogggEEE'ss
SSSIIUUUggEESSS
ssaEEEMUnS
sIIIooNNnnAAA
SSIIIENNNnuu'SS
sIIUUURRRIII
ssiiEEErrrree's
sssIIIErrRRRAnn
ssiiieeeRRRRaaass
SSIOOSSStttooo
sssIIeeSSSTaa's
ssIIIeeestaS
SAeeeVVVeee
SiiiEvvve'SS
ssEaavvveeeDDD
SSSOOOEEEVVEsss
SIOVVIIInngg
SSSIIIffttt
SIFFFTEEDDD
ssseFFFTiiir
SSSiiifffttEEr'SSS
SEffTerSS
siiiFFTTUUNG
suuuFFFtttiNNNGS
SooFTTTsss
SIIgHH
SSiiiGhhh'SSS
siiiGHHHaadd
seeggghhhiiirrr
ssiiigggHHIInnG
SSIIghhhSS
sughhhTTT
sooogggHHtt's
ssIGhTEEdd
SSiiGhhttteeedNNNessss
sseeghhhtttEEnnG
sssIIIGhTTiiinggg'SS
SiiggghTTingggsss
ssseeegHHTLLLeessss
SSAggghhhtttlleeeSsslllyyy
ssIIGhTTlllosssssnnnIIIssS
SOgghTlluuuSSSSNNNooosssEEES
SIgHHHttlllEEEERRR
SSSOOOgHtttLLiiieeeSt
SSSuuuGGhtttlliiiNNOOSSSsss
SiGGHTTLLLYY
sEGGHHHttReeAAADDD
SSSEEGhTTTSS
SiiiGhTTTSieeeIInggg
ssiigHTssooEinG'S
SSoooggghhhtSSSiiieer
ssiiGGhhTsUUeeeR'SS
soooGHTTsssaaaaRRSS
siGGGiiLLL
sOOGGllOOs
SSSogggMMMaaa
SSSIIGGMMMii'ss
SSSUUUgggmASS
sssoggMATTIISMMM
SUUUGGGMOUUUddd
ssIIIggNN
sssigggnnn'SS
SSSigggnneGGE
SSaaggNNuGGAAA'SSS
sIIIgNNIIlll
siGGGnaalll'sss
sssAAAGNeeLLLEddd
SSSIIgNAllleR
SSUUUgggnnnilEERRR'ss
SSeeegNNNeellleerss
sEggNNALLiiiNNNG
SSSiiiggnnaLLLIZZaTTToooooNNN
ssEEEGGGnnalaZZutiiiiN'S
SSiggnnnUUllIIIZZZe
ssIgnnnAlllEEEzzeeddd
SuuuGGGNNNaalliiizzES
sIIgggNEELEEzANGGG
SSOOggNNNaaallleDDD
ssiigggnnnalLLEEERRR
SSSuugnnalllLLLEEERR'S
SiiGnnnuuuLLllleerrs
sssIIGnEEELlllinnnG
ssOOGNOOOlllLLy
SSSIIIggNNNElllmmmANN
siiiggNAAlllMMeN'SSS
SSSUUUgNNAALLLmmmeeN
SSSiiGGNNNaaLLmmuuunnttt
siiiGGnUULLLS
sigggnnAAtoRRRIIEEEsss
ssIIGGGnattoRRRY
ssiiggNNNeeTTTOOrryy'ss
SSSOOOGGneeetteeeRRAA
sssIGGGNAAteeRRE's
SSSiGGnaaaTTuRRRESSS
ssaaagNBUaaRRRDDD
siigNNNBBoeeerrDDD'SS
SSIIIgNBBEEEaaRRDDDSSS
sssooogggNNNEEEdd
SSuGGNNeeRR
sssIggneeeR'sss
sEEggNuurrS
sssIIgNNNET
ssIIIGGNeTT'SS
SIGGGnnoootttsss
ssiiGGGniiifEECCCanCCCo
ssIIIGGGNiifffoooccaanncccEE's
sssiGGGnnIIffiiCAAAnnncEESS
SiiggnnnIIFUCCCaNNNCCCyyy
ssaaaGGNNAAAFFuuuCUUUNNNtt
soooGNNNiifffUCCaaaNtttllyy
SAGGGnnIFFiCeTTTIAAnn
sssigNNeeFFiicatIIiiinnn's
sOOgggNNNUUFFFuuuCCCAAAttteeeOOONNNs
sIIGGNiiiFFFIIIccEEETTIIVVA
SaaaGGNNIfiiiCSS
SSSIgnnnIIFFIed
ssIIggNeeefffOerrr
SSiggnnniiFFooooooss
ssoooggnnIIFyy
SSEEEGNNNaaaFFFyiinnng
SSSIIIgggnniiNNNG
sIIGNNiinGGG'S
SSAggNEEEnnGGSSS
SIIgggNIIIR
SSSigggNNNooR'ss
SSIGNEEErU
SIIGnniirrruu'sss
siiGGGnnaarrrAAAs
sIgggnnOOre
SSiiiGGGnnOORRII
SeeeggnnneeRiiiuusss
sssigggnniriiinnoo
sssoogggnnnOORRIIInnOO's
sssiiigggNNAArrriiNNAASS
ssAAAGGGNNiiiRoooNNEE
SiiigggNNNoRRRAAANO
SSiiGGGNNNIrrSSS
sEGGNiRRY
SSSiggNpppost
SSiiiGNNNPOsst'sss
soooGGGnpOOOSStaaad
SSiGGNPPPOOSStttOOONNg
ssaaggnnPPPeeSSSTSSS
ssiiigggNs
sssIIkkkA
sssaKAAsss
SUUUKKEE
SSIILLAAgggEEE
SSSIIIlaggiii'ss
sssiLddd
sIILdS
SiiLLENNCCE
SiiLLAANNNCCCaa'S
siiLLLEENNCCEED
SAllAAANNcErrr
SIIlleeennnCiiirr'SSS
ssILeeNCCOOOrrrS
ssILennccIISSS
SSiilllaaaNNccIIINGG
SSooollenII
sssIILLLEnTTT
sssIIILLLenTTT's
sUUUlllUUnTeer
SeeLLLINNNTTTIIISttt
SOOlluunnntttLLLYYY
SSileeNNtsss
sIIILeNNNiiiSS
sssIILooonOsAAS
SSSiiiLLLIIssOEE
ssIILLIIISSSaiiS
sAALLLHHoooUUtTTTIII
ssIlllHaEEEeTttOOO'ss
sUUULhAAAUUUeeetttTTEEED
SSiilHHOOuuuEETTTEEsss
SSSuuulHHHauueeettTennnGG
SSSIILIICAA
sssoooLLLOOOcA'SSS
SuuLEcAATTTe
SooLiiccceetO'S
SSSiLLuucccAAtttES
sellIICCEEEuUss
SAAALLLOOCCEEccc
SSSIIlUCaafyy
SSSiiiLLaaCCUUaaaUUUSSS
siiillIccOOUmm
SSSiiillliiicLLEEE
sssEEElllIcccLEEEs
SSOOOLiiiCCOONN
ssELiCCOOnn'S
sssiiiLLLiCCIINuu
SSiiilECCEEEnne'SSS
SSiLIICCOOSSIIISSS
ssselIIICCOOssEEEss's
siilliiCCaLLLoosssU
SSSaaLLiQQUaaa
SILLiquuuOsss
sssiiLLLiqqqeeeAA
ssOlllIqquuEESSS
sssAAALLKK
sssUULLkkk'SS
sIlkAALLiiiNNNee
siiillKeeen
ssilKKoooAr
SSoLLkkUUEEESSSTT
SilllkkkIlly
SILkIIInnEEESs
sillkkkiNisss'ss
ssiilllkkkSS
sIllKscccrEaannn
sssOlKKSScrAEEn'S
SSiiLKKSCCRROOOEEnss
ssIILLkkWWWIaDD
ssiiLLLkwwEUDS
SiiLLkkwwworMMM
SiiLKKwuuuRm's
silkkWWWorrrMMMS
siilKy
SIllLL
SSiiilllLL'ss
SSelllLLLIIBBIIIbb
SIIILLLlllabbbIIBBS
SSSILLLlAAirr
SSSilllIIEEEsss
sssILLLlaaASSSTTT
sssEEELlllIIIMMANNNIIItEEE
sIILLLlloonnIsss
ssuuulllleeennneeessS'SS
SSSALlS
SSSIIILLLYY
sssIIILlY'ss
SSUUllo
SIIlOO'ss
SaaleeeSSS
ssaaaLOXXXOOnnee
sILooxxxANNeS
SSIIILTTT
SSSoLLt'ss
ssiilllttaaattIaaaNN
SIIllltttooD
SIlllTTTieRR
SSSOLLTTIEsst
SaaaLLLtAnnG
suuultttSS
sseLLLtSSStttoNNuuu
siLLttsttONOOSSS
SSSOLLttyy
ssIIIlUrIIIDDD
sssALuuurrIIdSS
ssOLLVeee
sssIIllVVeN
SSOOLVVVOSS
SIILvvviiiRR
SIIIllvvEEER'sss
SSSEEELLvveeered
SSSiiillvvvIIRRErrr
SSiiLLVVIIrrfffeSH
SSSILLLvvERRfIISSH'sss
SSSILvvviiirrrfffISSSHHHeees
sssiiLLLvvveeRRiiiNNeeeSsss
SSSELLLvErAAnnngg
ssIILvirnnn
SiilvvveeeRppoooiiNNNttt
SSUUllVVOOrPiiiEEEnnnTS
SSSIIILvveeeRRss
sssiLLLVooorrrSSiiidddee
ssIIIlVVErrrSSSAAdEESS
ssEEELLLvvvEERRssMMMOthh
SiiilllvUURssMiiithhh's
ssIIILVVVEEErrSSMMAthhSS
SSSiLLVVVErwAArrEEE
SSSaaLvvveerwwwEreee'S
SIILLvvERwwwEEEEdd
SIlllVVAAArWWWiiieeeDDDS
sOOLveerry
SSSooolllViiicccIIILLTTTaRaaLL
SSIIllvIIICCCUUUllTTTuuuRIII
ssuuuLLVVVIIICCuuulltttOOOrUUs
SSSoLLvvocUUUllTarrriiissTT
ssamooo
siMAArr
ssIImmmaRROOOUUUbbbII
SSSaammaarreeebbeeecuiUUSS
SSSIMBBBA
ssiiiMMMIIaaannn
SSSIIMMiiiAAnnn'ss
SSiiMMMEEEiiins
sssAMIILLAArr
ssOOOmmAllaariTiiaS
SSiimmmiiiLLLaaRRIIItYY
ssiMMMEELLLAriity'ss
SooommmIILLerrLLLYYY
SSUUmEEle
ssAMiiLLi'ss
SSuummIILLLAAsss
sIImmmIIIliiTTTuuDDaa
siMMMIIIllITiiddde'ss
sssimmmAAATTTeR
SSiMMMmeRR
siiimmmMMMEErrr's
siiimmmmEERoddd
SSSiimMMMOORRRiiiNNg
SSSIMMMMMEErss
SSSiiiMMonnnOOaaCCC
sssIMIIINNUUUAACCAAL
SeemmmoooNNNUUzzzEEE
ssuuuMMooonniiZZEEdd
sIMonizUsss
sssAAAMMMoooniiiZZZiiinnGGG
sIIMMOOnnnYY
SSIImmmONNNy'SS
sssOOmeeeAAAM
SSIMMMoOMMMSSS
SSSiiimmmpp
SEEmmpAttIICooo
SSUUMMpeeeRR
simmpppEEErrr'S
sssEEmmmPPErrrIID
ssImmppiRReR
SSIIImpEEErrunnnG
ssEmmmppeerrIIInnnGGGlly
sommmppEEERSSS
SSiMMPPPlllII
ssEEMMpLLEEEMMEEENNNDED
ssIMMMPLLEEEnnesssss
sUUMMMPLeNNesssss'ss
suMMMpLLEEERRR
ssimmmppplEEESt
sssAmplliitooNNN
suMMMPlleTinn'SSS
SSSUUUmpppLLLeeettOONNNSS
SSIIIMMpplleeexx
SSSiiimmPPPllleeeXoos
SSOOOmPLLICiiiddEnTTaaTTE
SSIMpplicOttIIIEES
SiimmmppLLiiicIITTTyyy
sssAAMMMPLLECaTTYYY'S
sIIIMMpploooFIccAATTIIION
ssooommmplIIIFECaTTTIIIAANN'SSS
SSIImmmpppllliFIIICCaaaTTTUUOOOns
SSAmmmppLLLuFFFIIeDDD
siMplllOOFoEEERR
soommPlIIffuuES
ssoMMPLofY
seeMPPPLLLufyyiiinnnGGG
SeMMpllliiissmmm
SSSiiimmppllISSStEEcc
SImmmpLLiiiSttICAALllyyy
SSSIImmppplly
SAmmmulllaaaCCRRA
sEMEEllAcccrrrUUmmm
SiiimUULLIICCrruuummS
SSUUmmaallleeenntt
SimmUULLLAAAtEE
sssommiiiLLLAAAtEEEdd
SSimUllaattEEEsss
SIIIMMuuLLLAAtiiiNg
SSSiMMiiiLIIItttUooonn
sIIImmmUUULLLittiOONNN's
sssuMUUUluTTTIIIooonnns
sIMMuuulllaaatiivvveee
sssEEmullAAtteeeRRR
sIIImAAALLLATOrrr'S
SOOmmUlllitOOOrSSS
sssimmmullCCCOSStt
ssiiMMMaalcaasssT'S
SSSIIMMUULLccceesTTTeeedd
SSaaMMMELLcEssstttIIINNNGG
SSuuummULLLCaSSStttS
SSSoomuulltAnnneeITy
SIIImmmUUULLLtttAANNNIIIIIItttYYY'SSS
sssEmmmEllttaannnEEoouuuss
sssOMuuulTTTUNOOOaaoSLLLy
sOMMUllTaannnIIOEEEsssnniiiSSSS
ssUUUMuLLtttAAnuuOOOoSSNEESSSSOOs
SSinnn
SSSiiiN's
sssiNNNapppIIISmm
SSSiiNaPiSmmmsss
SiiNNNCCCuuu
sInCCAAArre
sOnnCCIreelYY
SSSinnCEEERRREnnUUUSSs
ssIIncEERReRR
ssAAnnCeeerrreeessttt
ssEEEnncIIIrrrIIItYYY
SSUUUNccurrriTTY'sss
SSSunnncUUUPUUUttt
SSSIIInnCCePPPUUtS
siNNNee
sIInee'sss
SSSiiiNNeeCuuReee
sunneecUUURRe'ss
sssIIINNNeeeccuReSS
sssEEnnEEccaaroosm
ssseeenEccuRRRAASST
sEEnneees
sssiiNNNaaw
sssiNNEEEWWW's
ssiNNNEwEDD
SIIINNNewwss
SSooNNNeeWWYYY
sInnfffoooNNNIIIaa
SSSInnnfUUUnnnuEEttTTA
SSSENNfffUUUL
sssuuuNFFFAlllllyy
ssaNNFFULLNNNEESs
ssunnfffUUlnnOSSSss'SS
sIIINNNggg
SIINNG'SSS
sssIInngggAAAbLee
sseeeNNNgalllonnngg
SSinnggAlooonnGSSS
sssEEnngUU
SSSuuNGO's
ssiiinngggEDD
sssuuuNggoiiNNGGG
sssiinnnGGeeerr
ssiiiNgggeR's
SSSEnnggEEErrrsss
sssIInGGGEEEs
SSSingiiinnnGG
ssuunnnGGGuNNGG'SSS
sssaanngggllleee
SSSIInnnGGGLLLo'SSS
ssinnnGllEEEDD
SSSiinGLLLEnnnIIssSSS
sIINGGGleNNEESSS'ss
sssIInnggLEEESSS
SSSIINNNGGLEESS'S
SINNGGGLLLOOOSSStttiiCk
SSiiinGGLLAASSStiCCkks
SIIINNNgLLoot
sssINNggLLLEEtttOOnn
SSSooonnGLLLOOtttooNNN'S
sinnggglleetttAAns
SSiNNNGGLeetttrraaU
SUUnnGGlEEEtttrrreeee's
ssooonnglllEETRueeeSSS
SSINNgLETTTSS
sssUUUNNggLLiiiNNg
suuuNNNgggLLLyyy
ssiiiNNNgggSSS
SIInGGGSSSOOONNNggg
SSSiiinnnggSSONNgg'SSS
sUUUnggsssIInnnGeed
SOnGGGSSOnnggguNNNggg
SInGGGsssOONNggSSS
ssuuunngSpoooiiL
sinnGGGSSSpppieelllo
SSiinGuullUR
ssInnGGGuuuLaaaR'sss
sENNNGGooolliiiRRootiiaaSS
ssOOONNgggUUUlllArrrITy
ssONGGUULLAAARRuutyy'S
SSSunnGGiiilOOORRiiZZZuuutiiOOn
SIInnggguLLEEERRRizoo
ssiiinGiilUUUrrizzzAAADDD
SSOnnngggEEELLLaaarIIZZeSSS
ssonnggEEEllaaRRIIIZZEEENGG
SOnguulllaarrrLLLyyy
sssiiNNgggUUUlllaaarNNEESSss
SIIINNNGGGelORSSS
SSuuNNGUUUltttus
SSEEENNHH
SSIIInnnIssTTEEErr
SSIIINNIsstaaaRRLLLYY
sssunnIIIStttiRRRnnnEESSS
sIINNiistttRaaDDD
sInIIIsssTrUUUll
SSIIINNNiiiSTTrrEEELLETTTuuuass
ssONNNiSTrAllleeettyy
ssIIInUUUSSTrrriillllYY
SSiNiiSSTTrrrIIIccUUUlllAr
SuuuNNIIssstttRRRaadexTTTRRal
SINNiiSSSTrrrEEErrrSeee
ssiiinnniSTRRRooooos
ssEEEnnnkkk
sssINNKK'SSS
sssuunnkkkabblllEEE
SSSiiiNNNkkaaGGooo
SENNKArr
sssiiinkkkerrr'sss
sUUUNKKORRSSS
SSSiiiNNNKKHHooLe
sIInnnKKKHHHolII'sss
SiiNkkkhOOOlluusss
SEnnkkkEEnnnGG
SAnnkkkIINGGGs
sEEEnnKKsss
siiinleeesss
SSSiiinnnnAD
SinnnNNIIIrrr
sssIIInnnnneeeRR'sss
SaaannnnaRSSS
SSSiiiNniiiNNNG
SeeNuuullAAGy
SIInnss
SSSAAANNNtteeRRR
ssuuNNTTEEErrEddd
ssOONNttIIIrrIIINNNgg
SSSUUUnnTTiiRss
saanIIaaaTTTeee
siinuuattIennn
ssiinnnUoositttyyy
SooonnUUUEsssiTTyyy'ss
ssIIINNNuuuoouuss
ssiNUUOOOOSSLLLyy
SSiiiNNUOuuSSSnnEESss
SoooNNNAOuuusnnISSSEEEs
sonnOS
ssINNNUUSS'sss
SSIInuuSEEs
ssInnuSSSIITTTuss
ssinnUUSSotttiSS'S
SSSUUUNNUUUsiiiUDDD
SSSiNNNosssooIIIdOll
SSaaNNNUUUseIIddaaaLLly
SSIInnniiiSooIIIds
Sipp
sssiPP'sss
SSSUUUppphhhonn
ssEEpppHHHaaN's
sssapHHHOOONNeedd
sssAAppHHoonnINNNgg
SSaaphhOOnniPPPhhhoorrra
SeephhooonnnuPhiRRESS
ssiPhOOnOOOSTTTaLi
SSSIIPPhhoooNNss
SSIIIpppPPeeedd
sseePPPPPPEERR
SSSIIPppERRR'SS
SuuuppppErrs
SSeeepPPPaaaT
SSAPppInG
SiiiPS
SuR
sssErrr'ss
SSIIIRDaaar
sssAARRDDaRRS
sssarrraa
SSiirrre'ss
siiiREEdd
suuureee
SSSiiirrreeeuu'sss
SSSIIIreNN
SSSirruNN'S
SIIIRRRIInnnIIccc
ssiRRReeeNNNSSS
SSSIRRROOOSSS
SSIIRIIIIIsUUsss
SSIIIRIIIAssIISSS
SIIRRoNNNgg
SSiiRRRLOOOOnnn
SSIRLLLoAAAN'S
siiirrrlllIIIannnSS
siiROOcccCo
siiRRoocccco'ss
ssAARROOccCUUUss
ssIRRRrrrEEEHHH
SSERRuuHHHSSS
ssIrrRROeee
SSOOrrRRReeeII'sss
SSIrrss
SSSiiirruuuppp
sssIIRRRUUPPP'sss
ssIrreePPss
SSSOS
SIIISSS'ss
SiSAAAL
SASSSAll'S
SuusssUS
SIISkkIINN
SSSIIISSkkkiiNNNSSS
ssEESSSssIIIOOr
sssiiisSIIIASSS
sssIISSssiiIssT
SSaaaSsiiffEeed
SIIISSsy
SSiissSSSYYY'S
SSSIIIssyOssshh
sssIISSStERR
SSSISSStttaR'SSS
SSSeeSSteerrHHHoAddd
SisssttteeRRHHHOedd'sss
ssaSttIIRRRHooooDDDsss
sssiiiSSterLLLOONNeeeSs
ssIIIssstEErlineeSs's
SSSIIISTiiRllYYY
sUUUSttteerrs
sssItt
SiiiTaarrr
ssIIIttuuurrr'SSS
SSSItttaaaRRIstt
sssIItttiiRROOssT'sss
SiTTARROOOsTTSS
ssoottarrrSS
SSiTCuuMMM
SSaaatcEEM'S
SSSIItCCCoooMss
SIItEE
ssaTTee'ss
SSIIIttteeedd
SSSITTTEEESS
ssaaTiNggg
SSSIIItttOOLLLoogyy
SSSooTTTs
SSiitttTTERRR
ssseetTIIIrr'S
SSSitttTTTORRsss
SitttTTAAAnnGG
sssIIITTTTaaNNNg'SS
sOOOTTINGGS
SIttooAAAttee
SSiTuuuAtEEddd
SAAATToooAATTiiis
ssseeeteeeaTUUUNNNGGG
SooTaaaEEEttAAoooNNN
ssAtteeaTaaUnn'ss
SSSEEtttuuOOOTEEEoooNAAALLL
ssiTTOOaaTTiOnnnIssmmm
sssOOTTTuuUUTTTOOAANNNiiSSt
SiTTTOOatteeeOOnS
SuTiiLLo
SiiitaaaPP
SSiiTTUP'S
SSSuTTiiPPS
SSSuuuTuSS
ssiiiTzzzMMMaaaRRKKK
sIIXXX
SIxxx'SS
ssIIxxxeeeSSS
sssiixxxffolllDDD
ssiixxxppiNNNci
SIIIxxxppeNcEE'ss
suxxpeencEEs
sssOXXPPOOnnnnYYY
SSSIxxshhhOotEERR
ssiiixxsshhaoTTTArrr'S
sIIIXtooenn
SSEEExTTTaaEnnn'S
SSSooXXXteeeeeennmmmo
SSEExTTeeeENNsss
SSSoooxxxTTeeeeeNNNtHH
SSSIIXXTEEeeeNNNthh'SS
ssiiiXXTTeeeenTTThhhss
SSixxtth
sixxthhh'sss
SExxtttHLLLYY
SSSoXXXtthss
SSSAAxTTTEIIss
ssIxxxtteeuthh
sAAXXTiiEEtttH'SS
SSSOOxxtttIIIIIthhhSS
SuxTTY
ssseexxTTyy's
soZZAABLLLE
SSSEEEZZabbLUUnnnuuSSSS
ssizzziibLLY
SSSozzzoooRR
SSIzzzEEE
ssaaazzzE's
SizeeAABLLu
SSiiiZEEaabblENUSSSS
SIIzzzOIIIbLLLYYY
ssIIZuDD
SSOOOZeeeRRR
siizzzaS
sooZUUUNNNgg
SSiiizOONNNGG'ss
sizzzLLaa
sssEEEZZZlllEEE'sss
SIIIzzzZliiiD
sssEEZZZZZller
SSuuzzzzLLEErSSS
SeeZZZZZZLLIs
sssiiizzzzzLLinnGGG
SSoooZZzzzLuNNNGlY
sJJaaamBOOOkkk
SSSkkAAA
sssKKKaaa's
SSSKKKAlllddd
sssKKuuLLDicc
ssskkaaat
ssKeeeTE
SkAtttUU's
SSSKKKeeettEEEBoooaarddd
ssKKAAtEEEBBierrrdd'SS
sssKKAAATTAbbbOaaarDDDIdd
sskiTTeeebeeeOOrrDDiiRRR
sskATTTebbEEaarrddeeeRR's
SkUUUTEbbbOarrrdeeeRS
SSSKKKATTTEbbooArrdIIINNNgg
sskkaaTTTibOOOaarrrduuunGG's
sssKKaaateBBoAArdds
ssKKKEToood
sskkaaaTeer
SSKKATEEEr'SS
SSSKKKuuuttEERss
SSKKAATooos
skaaTInG
skAAAttIInnngg's
ssskkAAATTAAALLLEE
sskkkeeeenn
SkooDDUUDDdLEEE
sskODDDAAAddddLU'S
sKKKEEDUddddddLeeeDD
sssKEEDDaaDDDlUsss
SSSkkEddADDDddllliinnggg
ssKKeEt
skkeeuuutt'sss
SKKKEEEoTTTEr
skkooottteeeRSS
ssKeeG
sskaGGGs
SSKKuuuIIIN
ssskkkeeeannn'SS
SSSkkEEEEnnnSSS
sKKKAAAllaatolll
ssKKEEllottoooNN
skkkiiLeeettaaNNN'ss
skkElAAAtttoooNNNSS
SkEEElLuM
SSSkkullPP
SSKKEEEPPP
ssKKKEPPPFFiLL
SSkEPFFFuuuLsss
sssKKKEEEPPSS
SKKKoopppttICCC
ssKKeeeptiiiCC'SSS
sskeeePPPTToooCALLL
skaapppTiCCCAAAllllYYY
SSkOOpppttAAccUSSmmm
sKEPPttiiccciiSSMM's
skeeeptticss
SSkEERRRrruccckk
SkaaRRRrriieSS
SKKKERRrrrY
SKKKEEETCCh
SKKiiTCCHH'SSS
sskkETTTCHHBBoooOk
ssskkaaTTTccchhhbbboooikkkss
SKKKooTTTCheeeDDD
skkOTTchhhOOOrrr
ssKeetttcchiiR'SS
SketttCCChiiirrrs
SSSKKKeTTCHHHEES
ssskiiiTccHHuuueeerrr
SSSKKeeTTCChhIIIEssstt
SkkUUUTTTCCCHHHOOOLLyy
SSSKKKEEEtttcHHEEEneeesssss
ssKEEETTTChIINNNOssS'S
ssKEETTcccHIINg
SSKKIIITTcchpAAAdd
SkUUTCChhhPPAAddS
sskOTCHHHyyy
SKKaaaWWW
ssskkkuuuw'ss
SkkaaaWWWBaackk
ssskkOOWWBiLddd
SKUUwbbollDsss
SKeweedd
skkkeewiiRRR
SkkewOOOR'sss
SkkkiiiwwwORUUdd
SkkAWEErrINNGG
SkkEEWWEErrss
ssskkeewaaaNg
SKKKooWWWnnissss
SSSKEEEWWWnnniiisSSSESSS
ssKKEEEWs
sssKKKIII
SkkkOO'sss
SSSKIiibllE
SKKKeeeEEEgrAAPPhh
ssskkkiiiaagggrAAApppHHss
SkkkOAscccooPooo
SSSKibbbobb
sskkIIbobbsss
SkIIIDDD
SkkIddd's
SSSkkiiiddddddoddd
SKKKiiDDddAnngg
SkkIddpun
skkkIIIddPPPaaaNNNSS
SSSKKKoodddPrrOOOOOf
sssKKKOdddS
SSSkoodddWWWOOOYY
skAAeeeddd
SkkiiieRR
SSkkiiiAAArr'SSS
SKKIIIaaarrsss
sKKiieeeSS
sssKKiiffFFF
sssKeeefF's
skkAAffFFFLEE
SSkkkUUFFFFLLESSS
skIIIFFffss
SKKKiIIINNNg
sssKKKuIIInnnGG'sss
sKKKIIIjjjIrrrONggg
SSSKILLFel
SSSKKiLLLFIlLy
sssKKiiilllL
SSkILLLLLL'SSS
SSSkkkILLLLLeeeDD
sssKKoLLLLLEETTT
SKEEElllleeeT'SS
skIIILLLLLetSSS
sKKKIIILLLlFFFUULLL
sssKKKILLLLLFFFuulLyyy
sskkeellllfffULLnnnIIISss
skkIIlllllFUlllnnnessSS'SS
SSKilllLLLINNggg
SSSkkkiiLLLLLLs
sKIIIMMM
SSkkAAM'SS
SSkkIIIMMMmmmuud
skIIImmmmeerrr
SkkkIIImMer'sss
skkIMMMmeeRRRss
SkiiimmmmIIIE
sssKKKeemmmmiNNNGG
sKEEEMMMp
sKKiiiMMppUUd
sskkkiiimmpUUUaaarr
SSKKimmpppoEEESSSTTT
SKKKIIMMppOOOlYYY
ssKKKIIMMMppiiiNNNuuuSSSs
skkkIImmPPOONNNoooSSSS's
sKKKUUmpUUng
SSSkkkEEmmPSSS
SSKIIMMMPPYYY
ssKImss
SSSkINNN
SSkkkaNNN'SSS
SSKKEnCCCaaRU
SSKKINNNCCiiRRReee'S
SSSKInfffllIckkk
SSSkkINNFllEECkkk'SS
SSSkiiinnnflllIIIcccKS
SKKiiinnnFFLINNTTT
SSKiiinnfLInTT'ss
SSSkkeeenfllliiiNTTss
sKKooonnnffUUULLL
skkkeennHAAAAAddd
sskinnhhhIIIAADDD'sss
SKEENhhhuAAADS
SSSKKIInKK
sKEEnnkss
SkkIIINNliSSSs
sKKKiiiNNNuuuddd
skkinnnoorr
skInnERRRss
sKIInnnnOOErrr
SSSKKKInnnNNNIeeessTT
sssKKKInnnnunneesssS
skaannnNNNUUNNUUsssss'sss
SKKKIIINNNNIIIng
SKIIInnnNyyy
ssKKKiiiNnYYY's
ssKKIInnSSS
SSKKEEnnnt
SKiiiNttIIGHt
sssKKAAAP
Skkkuupp'ss
SSKKIppJJAAcKKK
ssskkkuuuppjjjAccKKss
sKiiiPPPllUUUNNNaa
SSKKiiipppPPeeDDD
sskkAAAPPPPeeerr
skIIppPPPERR'ss
SKIIIPPPPPeeerrruuDD
sssKKKIIpppppEEERRReNNNg
SSSKKKIIpppArrS
sskAppPPPUT
sssKKKuuPPPPPOOOnGGG
SSkkkOppps
sssKKKooorL
sskERLLaDDD
sssKKKIIIrrrlInG
SSKKKeeeRRRLLLSSS
sKKKiiRRMiisssh
sssKIIIrrMMMiisssHH'sss
SSKIIIRRMMMISHHHeDDD
SSSkkIIIRRmIIsshhher
SSSKKIRRRMMIIISSHHHEErrrS
SkUUrrrmiiSSShOOss
sKKaaarrmmooSHiNG
SSSKKKuRRRrr
ssskkkAARrreeTTT
SSSkkkiirrrEEEtsss
SKKKIIRtt
SkIIIrtt'SSS
SSSkkIIIrrrTIIIDD
SkIrTeenGGG
ssskkORRTTSSS
sssKIIISSS
SSkkkET
sssKKUUTT'sss
SkiitttII
Skiiitss
ssskkIttTTAAR
ssKKKIITTTereeDD
sssKKKITttteRIIINNgg
SkkkooTTTtErsss
SSKKKITTTTTIIIsh
SSSkkkoTTTttaShLLLYY
sKKKuuttttIIISHHHNNNeessss
SSkkIItttEESShhhNNNIIIsss'SSS
SSkOOTTTTTTlee
SSKOOTTTtttLLLIdd
SSkkkiiTtllos
sskkkiTttlllIInnnggg
SSSKKevvvUU
SSkIIIVEED
sssKKIIVVVerr
ssKiVVeeers
sskEEvvvOOOs
ssskkuuuVannnGGG
ssKKKAAAVVVVViiEEEDD
SSSKKIVVvvvIaaSS
SKIIIVVVyyy
ssKKaaavVY'ss
ssKKoVVVVVVYoooNNNgg
SkkkIWWEAAARR
SKoaaall
sskEaal'SS
sKKKooAAALss
SSKKKOl
SkkkEESSSHHH
sssKKuuAA
skkkAAAAsss
sssKIldddAAGggaary
SKKOLLDDiiiGGGEERRRY'SSS
sssKilk
SkkuuullkkEEddd
sssKKKooLLLKKoR
SSSKKUUUlllKKaaarr's
sKULLKKKoRRSSS
sKKooollKKKUnnnGG
SSKuLKKKS
SSSKKuuLLL
SSKuuuLL'SS
skkoLLLCCCAAAppp
ssKiilllllCCaappp'ss
SSkeeelllllCeeepS
SKKuuuLLlllDDDOOGGGgggEEERyy
SSSKKKUULLLLDDDuggGGIIIRRy's
SSkkUlLLLS
sKKKIInnKKK
SKKKuuNNNKK'ss
ssKKAAnKKEEEDDD
sKKOOONNkkUUUnG
SKKUUNNKKKSS
SSkyy
Sky'S
sskyCUP
SSSKKYYYCUUUpp'SSS
ssKKYcccAAAppSSS
SkkkyDDDIvvE
ssKKYYdddiivveedd
SkkYYYDDOvvER
SKKKYDUvvvEEER'ss
ssKKYYdiivarrrSSS
SSSKKyyddEvvvEEES
skydIIvvooonnnggg
SSKyyddeVVEEEnGGG'S
ssskkyyyddduuuVVVEEE
sskYYYeedd
SKKyyHHoooOK
ssKYYIInnnG
skkYYYjIIIcKK
SSSKKYYYJJJAAcKeDD
ssskYjjjacckkkeeRR
SKKKYjjjAAAccKoooRRR'ss
SSKKKyyyJJaaackeRss
ssskYjjOOCCkkkIIINNGGG
SSSKKKYYYJAACKKaaNGG'SS
sskYJUccKKKaaNgggSS
SkkYYjjjIIIcKKsss
SkkYYlAAArrrKK
SSSkYYYLAArK'SS
SSKKKyLaarrrKKKooddd
ssskkyyylllooorkiNNG
sskYLLLARkkkSSS
sskYlliiigHHHTTT
sKYlliGHT'S
skkkyyyllliiGhhTTTID
SSkkkyLiigHHHTSS
sssKKKYlllIInnEEE
ssskkYYLLLEENooo'SSS
ssKKYYYllleeeNNes
ssskyyyrrrOcccKKKEEETT
SSSkyyyRRRIIccKKOT'SSS
sssKyyyrAAccckEtEEED
ssKKYYreCCkkeeetttIIInnnG
ssskkYrraaCCCKKuuuTTTs
Skkkyyysssaaaiilll
sskYsAAAeeLLLss
SSSkYYYssscAAAPPA
ssKKYYYSCrappOOOR
SSKYsssCrrrApERR'SS
sKYYYsssCCRAAAppparrS
sssKYSSSWWAAEEEppAAARRR
SSKYwAALLk
skyyyWWaarrrD
SSSkkyyywAArddss
ssKKKYYwiiyy
sskkyyywwRReetOORRR
sKKyyywRRRItIIIrr'ss
sKKyyywwRRROOTTeerss
SSkYwwrraTTTIInnnggg
SkkyyWRRROOOtiinnGGG'SSS
sssLuuuBBB
SSSLLLuB'ss
sLLLUBBBBBAAAddd
SSSlIbbbbIIIrr
SSSlllaaBBBbbberrEEEDD
SSSLabbBBBiiRRInnggg
sssLLLuuuBBBBEEErS
sLLaabBBBIIINNNGGG
sssllUUUbbbSSS
SSSLLUUUckk
sssLLLucccKKK'S
SSSllaCCCKKKAAd
SlleeeccKaaN
sslaaCCCKoooneeeDDD
SSSLLOOOcccKKKoooNNNIINgg
SSllEEccKEnnnIIINNNgss
SSSllAACCkkEENss
ssLACCCKEEEr
SllloooCKKEErr'ss
SSLLAAACKKKaaarrSSS
ssllAAACkkkESSt
SllAAACCCKKEEnnng
ssslllAAAccckkkllyy
ssLLLIccknnnEESSS
SLLLeeccckknnniiiSSSS'sss
SlleeeccKKSSS
slAAAcckksss'SSS
slllAg
SSSlaaGGG'SS
SSlegggGGEEddd
SSSLLLAAGGGGGGIIINNg
ssLLAAAGGgyy
SSlllEEEggHeiiP
ssLAAAGhheeeePPsss
sLLLAAAggsss
SSSlllAAIINN
sslllaaaKKee
SlokkuuDD
SSSLLaakkkESS
sLLLaaaKKuuunnGG
SSSLaallaaammm
ssLAAAlllumm'S
SLLLALLLOOOmmmeeeD
SSlllALLooommmEEENNGGG
sluLLOOms
sssLLooM
sssllluummm'SS
sssLLOOMMmmmEEED
SLAAAmMMIIIr
SSSLLLeemmMaaRR'ss
SSlAAAMMMMeeeRSS
sllaaaMMMMMUUUNNNgg
sslOOMMsss
SlllENNNDDDaaar
SSSlllooNDDDUUUR'SSS
sLLLanDDAAArUUDD
SSLLaNdiirrIIIrrr
sllAANNDeeerrruuur'ss
ssLaaaNNNdEEErrERRRss
sssLLLaannnddaaRRENNGG
slaaNNNddderrroEEsss
sleennDDuuRUUiSllyyy
SSllaaNNNdORRS
sLLInngg
ssllAANNgg's
SSSLLaaNNgIIIEEr
SSSLLannggeeeUUSttt
sssllEENgInnessSSS
sssLLLeeNGoonnnEEEsssSSEESSS
slllAANNgggUnng
SSSlliiiNgggyyy
SSLLEEENNttt
SSSlllaaNNtt'SS
ssllAAnnntAdd
SSSllluunnTTINNggg
SSlllaaaNNNTTTOONNglYYY
sLLEEnnttSSS
SSLAANTTTWWEESSUU
SSSlllEPP
ssLLaaappp'SS
ssllUUPdddAAASSH
SSllooopHAAAPPPIeeerrr
SlllEpHAAApppppIIoST
sslllUUUPPhhEEppppyyy
SLUUPjjaaCCkk
ssllleepppPPEEEDD
sslllaPPPIIIRRR
SSSLLLAAAPPPaaRRs
SLLIPPPPPeNNG
sssLAApsss
SlllooPsssTiiCCkk
SlAAAppssstiiiCCkkk'SS
sLLLiiiSHH
ssslllaasssH'SSS
ssslAAsshOD
sLLLaaaSSShEERR
SSlllaashhAARR'SSS
SSlllassshhhIrrss
ssllaaasssHHHESSS
sslasHHIINGGG
SSLLAshhiiinngggss
slllAT
SSlllAT'sss
sslllUtee
ssLLLAATu'sss
sssLIteeD
SSSLATIIR
sssliitttaarrss
SSSlATTees
SluuuTTThheeeRRR
sLLLaaattheerrOODD
SSllAAAttthhEEEriinnnggg
sLLiitheeeRs
SLLAATTTiieerrr
slotttAiiSTTT
SlattiiinGGG
SLLItuuuNGGGss
ssslllEttSS
SSSllaaaTTtttEDD
SllEEttttEERRnnn
sslEEEtttTTTiirn'SS
sLLLOttIRnnnLLLuuNNNaSSSSS
sslllAtTeeeRNNNlllIIINNNeessseeSSS
SSSllAAATTTTTTeerrnnly
ssslllaTTTtttERnnS
slllOtttYY
SLLAAuuuGGGHTTTaaaR
SLLaaauuuGGhTTeeRRR'SS
SlloUUGHHHTTaaRIIddd
SLLLEEooGGGhtttIIIRREERRR
SllOUUUggHHTTTEEERRuR'ss
SLOeeggghhhTTOrrrUUUrS
SSSLLLEEEEEghhhtttAAArHHUUUSSo
sLOuggghTErHOOOUUUSSuu'ss
sssLLLaaaIgghhhtAArrrHuuuussUsss
SllAAUUUgggHtttOriNNG
SlllIUUGHttaarrrSSS
slaViii
ssslllaaVVi'SS
SSLLLavOd
SSlAAAVVVIHHaaaldiR
SSLAAAvvEHUUULduuuRRR'SSS
SSLLLiiivvUHeeLLLDOrsss
sssLLLAAAvvvEEERR
SSLaavaarr'sss
SSSllavvErreeeDDD
SlaVoriiiNNGGG
SlleVirrrsss
SlllAAvvverYYY
SSLIVVAArrYY'ss
sslUUUvviiiss
sssllIIVaayy
SSSliiivvveeeYYYss
sLLLAAAVVAAANG
SSLLaavoSSSHHH
SLLoooVVEEESSHHllYY
SLLiiveSSSHNNNEEssSS
sLaaavvEEEshhNNNEEEsssSS'SSS
SSLLaveeeCCCRReeecccyyy
ssLAAAw
Slaaw'SSS
SllOOOYYY
SSSLaaayEEED
SSSLLLayyyaRRR
sssllaaYYYEEEr'sss
ssLAYERRss
SSSLAAyyyiNNGGG
SSSlAAYiiiNNGGG'S
sLLAAAYYYuuuNGGSS
ssLLAAAySSS
sslEEEoVUU
slllEEoozE
ssLiazzzeee's
sslllOOOAAzeBBBag
SlEuuzzzaaBAAAggsss
ssLLEEAAzzEEEbuullll
SSLLLuaazziiiBBBAALlS
sllIIIeezEEEsss
sssLeeeAAZZiiiAAARR
ssLLeeeUUUZIIIaaaSSStt
SSLLLeeAAZOlllY
SSSllEEIIZZiiiNeSSS
SSSLLoooaazziiNNeeSSSs'ss
ssLEEEAAAzzzYY
sslllUUUDDD
sLIIIDD'ss
SleeDDDDDEEDD
sslADDdeeeRR
sLaaDDEER'ss
SSlaaaDDdeeRRRsss
SSLLEdddAAANG
sssleedGi
SlllEEDGOOO'sss
ssLLLeddggIIDD
SSllluuDDDGeeeHHoomMeRRR
sLLEEdggaHHHOOMMMmmeerr'ss
SLLLEEEDDgggEEhhaMMMOOOrrrAAADD
SleddgaaHHaaaMmmEEErrrOnG
SSSllleedgggohhUmmmmmmeeeRRSSS
SSSlEEDGAsss
sssLLOOdddggIInnG
SSSLeeeDDDS
sLLLAAAOOOk
Sllleeeekkaaaddd
SSSLLeeEEkkkAAAr
SSlUUEkkeeSST
SlllOOOUUUKUUUNGGG
SlllEEUUUKiiit
SSleeKKLLY
SSSLEEEEEkkknoSSSSSS
SSLeeEKKNUUSSSSS'sss
SSSLLeeeEkkks
SLeeeIIp
SSSllleeePP'sss
SSlliaaaPPPER
ssLLaaaEEPeRRR'SS
sllleeeeeeppperss
SLLLuuuEEPooeer
SLLeeeeeePPuEESt
SLeeeEEEPiiilllY
sslleeAAPPineeeSSSss
slllEEUUPIIInneessSS'sss
sLiIIIPINNg
ssslllEEEEpppaNNNggSS
SLuAApLLEEsssSSS
SlleeepppLossSLY
sssLEOOOppplllusSNNNeeSSSSS
sssllEEEEpLEEsssSNNassss'S
sLLeeEEEPPPOOOvvvEERR
SSSllEEiiiPuuuVVVEEER'SSS
sllleeUUUpppOvvveRRRSS
sslllUUUOpps
SlllEEEeePPwwAAlllk
ssLIEEppWWAAALLLKKEdd
sssllEEEppwwIIllkkkEEERR
sLLeeEEEPwwwuLLkarrr'S
SSSleeeoooppwaalllkkEEErrrSSS
SSSLLEEEuuupppwwwAAALKKKoNggg
SSSLAAAuuupWoLLkkUUUnnG'sss
SSSLLLUUUepWALKs
SSLEEiiPPPWWeeaarr
sssLLEEEuuPPPwwIIAAAr'SSS
sssLLUEEEPPY
SleOOOpyyhhEEIddd
SSLLLEEEoPPYhheeeOODDD's
SSSlueppYYYHHHEEaadddS
SSlliiEtt
sLeiT'SSS
sllleItttEEED
SLLEiiiTTIIIeeRR
sssllEEEETTAAAiiissst
ssllEEEeeTTToooNNGGG
SllaaEETTTsss
SLLUUeeeTy
sLLLiiiiiVVeee
sLLEEEOvEEE'SS
slluuEEEVEEED
sssLLLiooVEELeSSss
SSLLLEEEvvveess
SLLUiigghhh
sssLLEEiiigggHH'S
slllEEEiiGhhhiiddd
SSluueGhiinGGG
ssLLLEIgghhS
sLEiiighhhttt
ssleeaGGHHHtt'S
SLLLAAuuuggghTsss
SSllEEEnnndderrr
slAAAnnDDirrrAAr
SLeeennddUrOOOSST
SSSluunnddeeRRRiiZZZee
sssLLLEENNNDDeRIzzzodd
SSllOONNDDDeeRRRIIZZZiiSSS
SSSlllEENNDDeeRRIIIzzUNNg
sllEnnDDErLLLy
SSSleennnDEERRRneesssss
SSSLenDDerNeesS'S
sLLeeePPPt
sLIIEEEttHH
sLEEEUUtttH'ss
SSSlllEEEaatthhhHHoouund
ssslUaaaThHiiiiiiNDDSS
SllUuuttthhIIInnngg
SSLeeeaattHHHSS
SlluuuWWW
sslllaawww'SS
sslllEEEWeD
sssLEEwwwInggg
SlEEEWs
sssLLLIIIccOO
sssLLLiiCCCuuu's
slIIIccEEaBBBllleee
ssLLuuCCCUUDD
sLLLaaCuuuR
SSSlliiCCCOR'S
sssLLOOcccuuuRRRSSS
sssliiiccceeeS
SlIciinGGG
SSSlliiick
SSLLLAAck'sss
SlicckeeDD
ssLLooocckeeNNSSSEdE
sssllIIcKKeeeRR
SSSLiiiCKeeeR'sss
SSSllIIccKKKERs
SSliicKKKAASSt
SSSLLEEccKKKIINNNGG
SSllliiCCKllyyy
sssLLLiiCCKKNNEsss
SlleeecccknnnEEESSSS'ss
SSSlllIIICKKKSS
SSLIDD
sssLLLidddaa
SllIddde'ss
SSSLLLiiDUUr
SSSLIIDDeerr'ss
sslOODDeeeRRSSS
sssladdess
SLLLUDDDinnnG
sssLLIaaar
SSLIIiisssTTT
sliiiGHHtt
SSSLLiGHHttt'SSS
slIIGGhtEED
sssLIGGHTEErrr
SSSLiGGhTeeessst
sssLLEEgggHTTTIINNgg
ssLIGGHHHttIIINNGGly
sssLLIIIGGHHTTTLLLy
SSSleeegHHtttnneeeSSS
SSLiiGGHtttNNNeeessSSS'S
SlleeegghhttS
sssLLLuulllyy
SSlim
slllIIMMee
SSSLAAMoo'sss
ssLLIIImmmES
SllliimmmiiuuRR
sLLImiiEESSSTT
sssLiiMMIIInEEEsss
ssLLLOmoooNNNEESsss'sss
SSLuuMMMLinnE
SSSlllIIMMMLYY
ssLLiimmmMeeeDDD
sLLLImmmmerrr
slleemmMMMerrS
SLImmMeSTTT
SSSLLIIMMMMiNNGGG
SSLLiMMMMMMiiiNNG's
ssLLEEEMMMMMMooSSHHH
SSSlllaMMnIIISSS
SLIMNNASSSSS'SSS
SSlUUUmmmss
SSlllaaammmsssYY
SSSlllummY
ssLLOOOnnng
sLLLeeNNgg'ss
sslllIIIngggback
SllliiNNgbiiCCCkkksss
SSSllIIINNGiiRR
ssllIIInnGeeerrrS
SliiinGoongg
SleennngggS
SSlllInGGGSShhoottt
SSLLLoooNNGGGsshot'SS
SliiiNGSHOtttsss
sssllINNNkk
ssslooonnkkiDD
SllOOOnnnKKiiiiRRR
sLinnnkUUUUUssttt
sllliiNNNkUUULLLyy
sLooNkiiinnEEEss
sssLIINNNkeeennGG
sloonkkSS
SSSllIInnnkYY
ssslIIIp
sslIpp'SSS
SSSLLLEpppCiSSSII
sslluuPCESeee'ss
sLiiPcciSSSiiiSSS
SlllaPcOVEERRR
sLIPPPcccOOOVVeeR'S
sslUUpppCoooVOrrrSSS
SSSLiiPKKNOOT
SSSlUUUPkkknnniiiT'SS
SSliiiPKnoTTsss
ssLiPPPNoEEsI
SLLLiippoooVVVEER
SLLLIIIPIIVVerrrS
ssLippppAAggeee
ssliiipppppAAAGOOO'S
SlIIPppOOOgggeeSS
sssllAAApppppIIIddd
ssLiiipPEERRR
sslllipppPPPeer'SSS
SSSlleeePPPuRIIIeeerr
ssslAAApPPaaarIIIeeSt
SLLLIIPPPPPPuuROOONUUss
ssleppppEEErrrAANNNeeessS'SS
SlOOppppERRRSSS
sslliPPPPPeeeRWWWOrrTT
SSLLiiPppeeeRwwwoRRtS
sLEEEPppERRyy
sLIIpppPeErr
SSSlIIIpppPPPaaEEEsTTT
SSlIIppPuuunngg
SSLLIIIpPPy
SSSLLIpppss
SSLLuuppsshheeeaatt
SLLLaaPPsssHHHooddd
SSlAAApppSSSllOOOP
SSLiipppsTTTrEEAmm
ssslliiPPPStttrrrEEEuuum'ss
ssliipppSSSTTreeeaMMOONNNgg
ssslliPsssTRRIIIaaammmss
SSLLLOPPPUpp
ssllIIIPPPIIPS
slllAApwiy
sllopwwwaY'sss
SSllIIIPPPWeeeYYS
ssLLIIITT
ssllloott'S
SllEETTTHHHoor
ssslATHHHeer'sss
SSlliiTTHHerrrEdd
SliiiThheeRRRoooNNggg
SLLiiThheeeRRRS
SSSLLLiiittheeeRRyy
sssllOOttS
ssllaaTttteRRR
slllIIIttttaaaNNNggg
SlAAAVVOR
SSSliiiVUUURRR'sss
sssLiiiveeeRAd
SLLLEEVVEERReennGGG
SLLUUVaaaRRs
sLLEEEVVVoovvvItttz
sslooVVVooVIIIttZEESS
SLLLOb
SSlooBBB'ss
sssLOOObbbbbbEEDDD
sssLLLooBbber
SSSLLLObbbbEEErrr's
sllOObbbbbaaarEdd
SLLLOOObbbbIIIrrEERR
SlllObbbErrooonnnGGG
SLLLobbbbbeeRRRs
SlllOOObbBBBEEErrryyy
ssLeBbbbIIInnG
sssLoBSS
SLUUii
sslllIIIee'S
slIIEsss
SLOOOgg
SSSLLOOOggg'SS
SSSLLiiggAANNN
SLEEEgggAAnn'ss
SSLLLoGGeennneeUUUR
SSSLLLOGGGooNNoEEErrredd
ssLLLeeeGGAANNEIReeeNNGG
sssloGGoNNNiieers
sssLLLuugaannss
sssLLooGGGgeeDDD
SlllogggggIIInnG
sllugSS
Slaooppp
SSlllEoop'SS
SSSLaaaoopps
sslllipp
SLLLIIIP'ss
SLLLOOOppIII
SSSlooPPEE'SS
SSSLOPeeeD
SSllOOpppEESS
ssLEEEpppuNNNg
SLLoooppEEddd
SSSLLAApppppiEErr
SSllEEpPIIIOOsssT
ssLLLoooPPPPOOlly
SSllUUUPPpppEEENNeessss
sLLEPPiinEESss's
sssLoppppiinnngg
sssLLLoooPPPPPPYYY
SSSllIIps
sssLLLaapsss'ss
ssslllOOppwAAARRRK
SlIIISSSHHH
SSLLOOShheeed
SLissHHHooss
SSSLLLOOOshhhiNNGG
SLLLEsshhhyyy
ssslOOtt
SSSLLOOTTT'S
slEtth
SSSLooTH'sss
SLLLOtthFoool
SSSLaathFFFuuuLLLLLyy
ssLLooThhhFoollNNusssss
ssllloooTTHHHFFOOLLLNNNEESsss'SS
SSLLaTHHSSS
slootttSSS
SSLOOTTTtuuD
SllOOttttttirrr
SSlllEEETtIInnnggg
ssLLLOOEEEccch
sslOOOuuCCH'S
ssLLLooucchhUUDD
SSSLLIIicchEEErrr
SLLIIIEEEcccHHHeRRR'SS
ssslloOccchooRS
sssLLOOOooCCCHHEESSS
SSLLLooUCCHHHAuuRR
ssLAuuchhhoooEESSTTT
SSSLEEEuuCCHUNNNggg
SSLOiiiCCHHyy
SSllloooUUUgggHHH
sslllOUGGhh'SSS
SSliOGHHHeeeDDD
SSLaaUUUgghhIIEErrr
sssLLOOOuGGGHHHiiissTTT
sLLiiieeggghhInnnggg
slEEEaGHS
SLLouuuggHHHyyy
slooovvEEEN
SSSllluuuvEEnn'sss
sssllovAAAnnlOeeer
SllAAAvAAnLLaiistt
SlaaVVVIIINNNlliNNaasss
SSllluuuvvvUUnlEEENNNUUssss'sss
ssslaaaVVAAnnnlY
SSLLoovvveennnSSS
sLLAAAW
sLeeWcceeeAccchh
slOWWWCOeeeCChhEEsss
ssslOWWddowwN
SSSLLLOWdddoWWWnn'ss
SliiiWDuuwwwnnnss
sllOOOWeeD
ssLLLoWWIIRRR
SSSloooWasst
ssLLLowIIINNNGG
SSLLOOOWWWiissHHH
sLLLiiiwwLLyy
SlAWWWNNEEESSSS
slllooowwwnnneeSs'sss
sloooWPPPEEke
sleeewPAkEE'sss
sssLowPPPEEEkEES
SlllowwwS
sssLOwwWaarrrmmm
SSSlllaWWWWWaaaRRms
SSlllaB
sssllubbbsss
sLLiddGGGo
sLLIIdGiii's
sLLOOdddggIIeeer
slluuudddGGGIesTTT
sssLODDDGGyyy
SllIIIeee
sluuuee'SSS
sssLLoooEEEDDD
SLueSSS
SSSluuFFF
ssllUUG
sLUUGGG'sss
sssLLUggAAAbbbEDDD
SLEGGGiibbeeeddss
sLuuggggiiiRRDD
SSllUUUggggggEEErd's
ssLLeeggaarrrdLLinEssssss
SLLLAAAgggggAAARRRDDDlyy
sLLUUGGaaRRRDSSS
SllluuGGggEDD
SSLLOOOGGGGGGoRR
sssLuggggeeerrr'S
SSSLOOGGeeerrSS
SSSlllugGGiiiNNNggg
SSLUgggiiSSSHHH
sslllUggggooosshlllyy
SLLuugggIISSHHHNNEEESSs
sssllUggGiiiSShNNeeesssS'ss
SSSLIggss
slllAAAIIccuu
sLLiAAce'SS
sssllAiiiCCeddd
sllaeeCCuuusss
SllUUUeciwwwAAYY
sssllluuIIccceWWiiyyyss
SSlluuiCinggg
SSLIoNNNGGG
SSllOOmmm
sllliiM'S
ssLEMMMBBEErr
ssLLLeeemmBBorr's
SSllUmmbEEEreed
SllUUUmbbeeerrrEEErr
slluuuMbeeerERSS
slaaambbEERRiinnG
sslammbbbeerlAAAnnndd
sssLLLUMMMBiROOOuuuSSS
sLLLuuuMMBBeeeRRs
SSlllUUmmmbbbROOUUUsss
slllUMMggALLLLaaaoon
sLOOOMMggAAALLLLAAoonnnSSS
SSlllAAAMMMLLLoooRD
sssllUMMMLOORRDD's
sLLAAAmllleRRDDDSSS
sssLLUmmmUUUd
SLuuummEEr
sssllUUUMMMmmeeerr
ssLLUmmiiieestt
sllUmmmiiiNNNggg
SSSLLuuMMmyy
SSLiimmPP
SSSLeeeMMMpp's
SSLLLUmmPPeeeDD
sslllUUUmmpppUUnGG
ssLLLUUMPPsss
ssLumss
SLuuunnnG
sssllannkk
sLLuuuRR
sllUrr'SSS
SSLLLUUrrpp
sssLLuuRRPP'S
slllUUUrPPiiiD
ssLLLArrpINNg
SlAAArrPPPss
ssLuuurRRId
SLLLuurrIINNNggg
slleRRRrrrYY
sLLLoRRrYYY'sss
SLLLURRss
slllUUUsssH
sLUsshh'SSS
SSLLLAAsssHHHiiiIIIr
sllEESHIiiiSST
sslllUSShhhIIly
sllEsshhhIINNNESSSSS
ssLAAASSHHInneeessss's
SSlluShhhyyy
sssLLoTT
SLLeettt's
slutsss
sssLuTTTTTIiRR
sssluTTTttIesttt
SSlllUUtttAssshh
sssllluuutttty
SSSllYY
ssslYYYaaaRR
SSLLLyyyEssttt
sssLYYlllYY
SSSlyNNEsss
SLLLyyynnneeeSs'ss
SSSLLyypE
sMaaacKKK
ssmACCKK'sss
sssmmackEDD
smmAccKKerrr
ssmaCCCKKooRR's
SmmmaaaCkUrS
sssMMAAAcckkooNNG
SSSMMMaaacKKiNGGGSSS
SMAAACCCkkkss
ssmmmAlllll
ssMMMillll'SS
ssMulllllAgEEE
sssmmmiiLlCClAAThess
sssMoolllllAAArrr
sssMaaaLLlEEsssTTT
sssmAAAllLLhollDDaaRRR
sMIIIllhhhOlllddduurss
SMulLHHeeelldddEENNNggg
SSSMMMaaLLLLLLhOOOLLDDDiinnGGGSSS
SSSMaallliiSSSHH
sssmalllLLnnnessS
SSMMuuLlllnnneesss'SSS
SSmOLLLLLPPOOOxx
sssMMAAlLLpoooxx'SSS
SSSmmIllllSS
SSmmaallllSSSwwwUUUrDDD
ssmmaLLLllTTIILkk
SMMuullllTiima
sMMIILlTTUUMMIIIr
sssmmmOOOLLTTT
SSMaaallltIIITa
SSSmmoollltuuttaaaSS
sssMMAAlllttOO
ssMMeerAAAgggDDD
sMArrragDDDeeeNI
sssmAAArrEgddiiTTEE
ssMMMAArmm
ssMArrrMMOOEErrr
sssMMMoooRRmmmaIIISSSttt
ssmAAArMMMiilYYY
ssmmaaaRRmmmaaNoossss
SSMMMARmmiNNNuusSSEES
smmmurmmS
sssMMArrmmyy
ssMMAAArTTT
ssMMMAAArrrTT'ss
smmAAARtuDDD
SSSMMAAARRTTTEn
SMMaaaRRRTUUNNOODD
ssmiiiRttinnIIInnng
sssMAAARtttEnss
sMMMaaarrtteerrr
SmmmaarrTTTessstt
ssmmErrtteEs
sMMMArrttteenng
smmArTTTLLLYYY
SSmmAArTTNNEEESSSS
SSSMMMuuurrttnnnoooSSS'SSS
sMMMorrrtS
sssMorrrTTTSSS'SSS
SSSmUUUrTTTy
SmAArrTyy'S
sssMMMaaarrrTTTYPPInTTS
ssmIRRRTTTypppAAANNTsss'ss
SmmASHHH
sMMuusHH'SSS
smASShhhOOddd
ssmOSShhEEERRR
SSMMMaaaSSHIRR'SSS
SmOOsssHHEEErrSS
smmiiiSSShhhaaSSS
sMeeshiinnnGGG
sssmmmeeessHUp
SSMMMaaassshiiippp'sss
smmEEEsssHuuPPPS
ssMAAttttEEr
ssMMMIIItttttuRRReDDD
SSSmoootttteeeRRRiiiNNGGG
SmITTTTeRuuNggg'ss
smOttteRRRoooNNNGGGS
SSSMMMaaTTToorSS
SSMMAzEE
SSSmAAuur
sssmeeAAr's
ssmmEAARRcAASe
ssmmIIaaRUDD
SmmmAUUUrreeeeerr
SSSMEEAAArrUUEEssTT
sssMooooorrrIIINGGG
sssMMEEEuuuRRSSS
SSMearrryy
SSSMeeecccttOcc
SSMAGGMaa
SSSMMMegggMMMUUUSS
SSMMoolll
sssMMAALLLLL'SSS
SSmmeLLleD
ssMMMeelllllIIEEERRR
ssMMEELLlllIIeeesT
SSSMEllllinnnESSSS
SSSmEElllliinnnusssss's
ssMMoLLLINNNgg
ssMMEELlls
ssmmmELlllYYY
SSSmelT
sMMMeeLLLt'S
SSmeeelttIID
SmmEELLtteeR
SMMeeelllTuuRR's
sssmUllTTTERiiiEs
sssmmeeLLLttErSS
sssMMMAAllTTTuRRRyyy
ssmmmeellTTTIING
SSSMMOOLtSSS
sMMMeewww
SSMMaWsss
sssmmmiDggee
SSmooodddGGGE'SS
ssmoooDGGGooNN
ssMiiDDGenn'SS
sssmEddGGuuNNNss
SSSMMIIIDGGeeeinnn
sssmmmaaDGGGEEEAAn'SS
SSSmmmOOdddgEEOONSS
sssMMiiidgggeeeS
SSSmIddggInn
SmidddGiiiN'ss
ssmmaadddgggiNsss
smmillaaaCCCAAACeeeIIIusss
SSSmmmIIILLLaxx
ssmmiiiloooxxx'ss
sssmiLEE
SSMMoLLLUU's
sssmmalllooodd
ssMMMUUUllerr
SmmEEELLEEESSS
sssMMMUUleYYY
SSSMMMiiLuyy'sss
smmmiiiliiiYYsss
sssmmmiiiLINNNgg
smmmiiLinnnggglllYYY
ssmiirrrCCHHH
SSSmmmiirrrCCHH's
ssMMIIRRCChEEDD
SmmmiiirrcHoooSS
SMMirrccHooNG
SSSMIIIrrrKKK
SmmiRkkk'SS
SSMMerrkkEEEd
SmmmIIrkUUURRR
ssMMORRRkkilYY
sssmiiirkkiNggg
sssmeeeRRKIIInnGLLLy
smmorkkss
SSMUUrkkkyyy
SSSmITTT
Smaaatteee
sssMiiitttERR
SSmmIIItteeesss
SSMMMuuuTHH
ssmmeThhh's
sssMMMEEETHHHeeeRooeeeNs
SSSMMooThhAArreeEENNS'ss
sssmiiiTHHAAArrry
SmmmUUUtthiuuS
ssMMittHHSSS
sMItthhhsONNNUUTTe
SSmmeTTTHYY
ssmAATTTHYYY'ss
SSmmmOTinnnggg
SSSmmUUUTTTTeeeN
SSSMMOCCCKKK
SSMMEEckk'S
sMoockkkEEd
sssmmmuCCCkinGG
sssMOOCCKKuuunG'ss
sMMOcckkkS
ssmmOOGGG
ssmmuuuG'sss
ssMMMEEggGGGiErrr
sssMuuugggGiiiassttt
SmmIGGGGYY
SmEEGGGS
SmmmoookkkEEE
SMMiiikkke'sss
sssMMMOOOKIICCHAAsssUr
sssMMOOkkkEdd
SMMOkkkEEEhoiiSSE
SSSMMOOOkkkIIIHEEaSUU'sss
smoookkkOOHHHouussEEEss
sssmmmuuukkeeJJEEEMMMPARR
ssMMMOOOKKEElllasSSS
sMMMeekkIIIpppRUUOOff
SSSmmOOKKKARRR
ssmmmEEEkkaaRR'ss
sMMookkkerrrSS
SmmoKKeeSS
SMMoookkeeesCCCrrEEEEn
sssmmOKKKEEESCCRREEEeen'ss
SMOKKUUSCCCrAAAENNsss
ssmmmoKKEEESSStAckk
ssmmAKKuusssTTTaaaccK'sss
SSMMOOOkkeeSSSttaCkkksss
SSMeeekkkEEEYY
SSSMAAAkkuuuoRR
sMMMOOOkkkIIEEEssst
SMMOOKKKAnnEEEsSS
SSmmOOkkkiiNEESSSsss'SS
Smikiiinggg
ssMMMoooKKKINGG'sss
SSMMMEKOO
SSMoKy
sssmullldddOOrr
SSmOOOlDDeeerr'S
SSmollDDEERReDD
sssMMMiiiLLddERRIIInnnggg
ssMMOOLLdddeeRinngggllyy
SMMooolllDDooorrsss
SSSMeLLttt
ssMOOOOCCH
SSSMOuChhh'ss
ssmOOOoChEED
SSmoooooCCHiiiss
SmmmaaeecccHHOOONNNggg
SSSMooCCChhyy
SSmmiiOOOddggee
sssmmiOOThhh
SMMaeThhhBBBOOrrrII
SSmoooOOTHHHOdd
SSSMooUUUtHHAAAn
ssmaaOOTTHHeeenneD
SSMMMOAAthhhenooonGGG
sssmmOOiiTTHHennnSSS
SSMMMUOOThhhEErr
SSSMUUOOOTTThaaarrsss
smuuootttheeeSSS
sssmmmEEEUUttHHHUSSSTT
ssmmmoooOOTTTHHHIIE
SSSMooooTHHiEEE'SSS
SSSmmmOOoothhIIes
sMooootHIIInGG
SSMMEEEootHHHLLLyy
sssmmmOotthhhNiiSSSSS
ssmmmeeOTTTHNUUUssssss'ss
SSmmmEoTThSSS
ssmmmuuuOOOthhhY
sMMMoIIITTTHHHYY'SS
SMMMOTTTeee
SSSMuuuTTTHHeRRR
SSMMaaathhheeR'sss
SSSMMMootthhiiirrreed
SSmmmOOOThhhIIRRRiiiNNNG
sssMMoooTTTHURRSS
SSmmEAAldeerr
ssMMEEEEEElDDEEERRR'sss
sssMooooLLDErrrAAD
SSSMMUOLLLdddeerrrUnnggg
SmmmOOOuuLLLDDAAARRss
sssmrIITiii
SSSmmeeeDDggee
SmmmeeedGEE'sss
sssmADDggeeed
SSmIDDDGGGES
sssMMEEEDgieerrr
SSSmmmiiidddGAAAUUSSTTT
sssmmmAAADDGGIIINNNggg
ssMuudGYYY
smmuuuG
smuGGGErr
SmmuGGGGooost
smmmUUUggggla
SSmuuuggGGGllliiidd
SSmmmUUGGGGliiRR
SmmuuGgglleeRRR'ss
sssMUGGgllorsss
ssmmmuuGGgggllluSS
SSMMMeegggglllIINNGGG
SSmmmIGGGggLLLeNNNg'SSS
SSSMUgglllYYY
SSSMMuuugNaaasss
ssMMuGGGnnneeeSSSS'SSS
SSSmmUUttt
SmmmOOtt'ss
ssmmmUttcchhh
SSSmmeeeTTcHHHEEEd
smmuuTCHHuus
sMMAAtccHHHINNNGGG
ssMuTTCCCHHHY
Smmuuutttsss
SMMAttTTeeeeerr
sssMMMOOTTttIIIeSST
SSSmuuTTtInneessssss
sMUttInnnEEESs'sss
ssmmmUUTtyyy
ssmmöRgggåSSSBOrrdd
SSMMMöRggåSSBurrDDD's
SSSmöRRggåsssbboRRDDSS
sssnnaaCkkk
SSSnAcccKK'SS
ssNNoCCkkkEEEddd
sssNNNAACCKInnnG
snnnAACKKKs
SSnnnAAFFFFFlllOO
ssnnnAAAfFFLLLe'SS
SSNNNiifffLeedd
SSNNNAAfffLLEEEsss
sNNNAAfffFFlllUUUNgg
sssnnnaffU
ssnnEEEFo'SS
SSNIIFFUUs
sssnOOOG
sssNNNaaaGG's
snniiGGGGIIDDD
SSnIGGGiiiNNNG
ssnnnIIgggglAAAtttOOOIITThh
sNNAAGGGGGyyy
snnaaggSS
SNNaaaAAALLL
SSnaIILLL's
sNoooIIlUUDDD
SNNAAIILLLfffUsh
SSnnuiiiLLLIINNggg
sssNaaullsss
SnnnAkkEE
ssNNNikkkee'S
sssNaakOOBBerrrd
ssnekUUbiRRRdddS
SSNNNuKKubitooo
SSSNNakkkoobiiiTEEE'S
SSneKKEEEbiiitttEsss
SSNaaKKKAAddd
sneeKeeLLoKOO
SSSnnnAkkkEEmmEEEUTThh
SSSNNakkkERROOOOTTT
snnaaaKKKarrOOOTTs
SSSnnnAAAkkkeesss
sssnnakkkEsKKooon
sssNUUKKKaEr
SSSNEEkIIIuStt
ssnnnUKKIILLyyy
sssNookkEEENg
sssnnnAAKKyy
SNNOOPPP
sssNNAAPPP's
SnIIIPPPbbaCCk
SnnnuPddRaaaggOONNN
snuPPPDDRRRAAGoonn's
ssnnnaPPPDrrrOOGunnS
sssnuuuppppeddd
ssNNAApppPPEEERRR
SSSnnnUPPPPEErrr'ss
SSSnnAPPpiiirs
sNeppppIIEERR
SSNUUUpPPPiiaaassTTT
snnePPPPiiiLLYY
SSnnnaaaPPpEEEnnnEEss
sssNNNAApppppuunnness's
sssNAApppPInnggg
SSniiiPPPiSSHH
ssnAAPPiSHlllYYY
SSSNNNUUppPIISShnnneeSSs
SSSnnAAPPPpessshNEsssSS'S
SSSNUUUPPpY
sssnnappS
SSSnnnAAPSSShuuuTT
snnEEEpSSShott'S
sssnnnAAppSShOOOttSS
SSSnnAAArrree
ssNNNaaRRReee'sss
SSSNUURRREd
SSSNNNAAAReeS
sssnuuRRRIINgg
SSnnaarL
SSnnnarlll'ss
snnErrLLLeedd
sssNaaaRRLLLIIIR
sNNNArrrlIIIEERRR
snoRRllIIIIISStt
SnarLLLoonnggg
ssNNeerrlluunnngglllYYY
SnnAAARLSS
SSnAArrrLLYYY
SSSnnAttCH
ssNeTcccHHH'SSS
snnAAAtccchhheeD
ssNNoTTCCHHHIIr
sssNiiittChhhEr'S
SnAAATccHHHERs
SSnnnAAttcHHEEss
SnnaTcccHIIInnG
sssnnIITTTcHHHY
SSSNNNeetH
SNezzzziEErr
ssNNNUUUZZZZIIIeeSSTT
SSnnneeeZZZzzzAALLLyyy
SSSNNAzzzZZiiinnEESs
SSSNNaaZZZZZZy
sNeeaaaKK
SSSNNAOkk'S
snnneeeeeekboooxx
SSnneeeakiiddd
sssNEEEAAAkkkErrr
snnAAAAAKEEEr's
sssnnnAIIKeeers
SNNNEAAAkkkoouuurrr
ssNiiiiiKKIIIeeSSTT
sssnnnoaakkkilllY
sssNNNEAAkAnnnAASSS
sNNeeeUKKInnnOSSsss'ss
ssnneAKKEngg
sssnnIakkinggglYYY
snnEaaaKs
sssnneeaKKYYY
SNNNaccKKK
SSneeeer
sNNNEerrr'sss
snuuuEEEreeeDDD
SSNNeeeerIING
sNeeeerrruunnGGlllyyy
sNNeeeeeerIInnnGSS
snneEEErrS
SSSNNNEEEEEEZeee
Snnoezzze'SSS
sssNNNEiiZZAddd
ssnnneeIzOOOsss
SSSNeEEEZZZoooNNNGGG
SSnnaack
SniiCCCKKKIIddd
sssNNIIICkkAAARR
sNNNIIIckkkEErr'S
sNNNeCCKKerrAAAD
SSNNIccKARingg
ssnnnEEEcKERRUUUnnnggglyyy
SSniccckkuurrsss
SNaaaCCkkIIINNggg
sNNiiCkS
SSNNNIdddeee
SNuddeeLYY
SSSNNiiddEEneesssS
sNNNIddEEErrr
sNNiiiDDDEEsssTTT
SSnooddUUUYYY
sssnnnIfffff
sssnnnUUfF'sss
sssNNuFFffad
SSNNIffffoRRR
sssNNIIIFFfeRRR's
SSSnIffFFEEERSS
sNIFFFFIIiRRR
ssnnnAffFFiiaasssT
sssnifffFFFInnggg
sssnEEFFFFllee
ssNNNiiiffffffLU'SS
sssnUffflllEEDDD
SSSnnIfFFFLLEEEsss
snnAAAFFFflllInnnGGG
SNNiiffFFSSS
sssNIIFFFfffyy
SSSNNNiiifTeRRR
ssnnnoooffTTuuurr'sss
SSSNNNaafftttIRRRss
SSSnnnogggGGEERRR
sssNNiiggggOOOrrr'sss
SnnUUUggGGGIIRAAAd
SSnnniGGGIIrrrEERRR
sssNNNuuugggeRRiNNNg
SSNNIIIGGGIIrrronGLLLyyy
SSnnugGArSSS
sniggGLLLee
ssNNIIPPP
snnniP'SS
sssnAAPPPE
snnnOpEEE'S
ssNNiPPPEEddd
sNNNEperr
SSSNNipEER'SS
ssnnIIppIIRRs
snnnUpppeersssCCOOPPPuu
SSnnniPPPEEESS
SSSnnnaaaPPPiNNNG
SnIIIPpppEddd
sssnniPppEEttt
sneeepppUUTT'SS
sssNNNIppETss
ssnIpPPPOiir
SSSniiipppPPiiieeessTTT
SSSNippppINNesssSSS
sssnAAAPPPPIIINNNggg
sssnnoppyy
SSNNIpSSS
sNiPPPS'sss
SSnneettt
sssNNaaattt's
SniTTchhh
SNNeeTTCCh'S
ssNaaaTTCChEEEd
sssNNNITTcHHeess
snnnItttCCHHHUnG
SSSNNNItts
SNNNiiiVEEELLL
SSSNIIVVVeelll'ss
sssNNNIIIVVEELLEDD
ssNNNiivvAAALeeRR
SSSnIIVVVEEllleeerrr's
SNNiiiVUUlllEErss
SniiiVIIILiNggg
sssNNNIIIVVVeeLLAAAnGGLyy
ssnnnUUUVVVeelLeeDD
sNNNiiiVVeeLlllOONNNggg
SSnniiivvveelSSS
SSSnnnOOb
sssNuuuB'SSS
SSSNNIIIbbbberryyy
SSSnnOBBBBORRRY'ss
ssNNNEbbBiiIrrr
ssNNNOBBiiost
ssNNNUUUBBBBIISShhh
snnnoBBBbiiiShhLLLY
sNaabbbaSSSHHHnnnESS
sssNNNOBBBOOsHHNeeeSSS's
sNNeeebbbbbYY
sssnoBss
SSSnnnOOG
sNNAGGGGGEEEddd
snnnOOOgGGGonnngg
SSSNNNOGGSSS
sNAAAOOOdd
sssnniiiEEddd'S
ssNooOOODDS
ssnoooOKKK
ssnnnOOeeKKOOrr
SSSNNNioookkkEr'SSS
SSSnnneookkkiirad
sNNiiiuukoRRInnGGG
ssnnnOOOIIIkeeRRSS
sssnnnoooookkksss
sNNNoePPP
snOOOooop'sss
sNNOOoooPEEEDD
SNNooopeR
snUuupEEERR'SSS
sssnOOOOPeRRs
SSSnnoooopEEErSCCIIIpppaa
SNNioPIIEER
ssnnnOUUPPIIoSSTTT
sNiioopppiiLyy
ssnnnOOOoopuNNuuusSS
sssnoooAAApppeNNNg
SSSnnoooooopsss
SnnaaOOPPYYY
SSNNNoooUUtt
snnnOOOoTT'sss
ssnnaIIItfUULLL
SSnnooAAATTEEEeer
snnnOoootttUUiiisTT
ssnnOeeetttAAALyyy
sneeeOTTennneeessss
sssNOiiitttAnnnoooss'S
ssnOATTTsss
SnOOOttYYY
SSSnnUUOOZZZii
SSnnnooUUZZZEEE's
sssnnnouuuZZZEEddd
snnnooouZZZuurrr
SSSNNOOEzEESS
SSSNNoooOOOZZZUUUNNNgg
SNNIIIRRRiii
ssNNOREE's
sssnnooRRid
SNoooRRReRRR
SSSnooRRaRR'ss
sssnnORREEERRRs
SSSNNoooRRREs
snnniirrIInnGG
ssnnoRRkkkEELLL
SSnnOORRRKKOOll'SSS
sssNooorKKKellEEED
SSNiiRRKKEEllEEERR
SSSnnnooorkkeellEr'SS
sssnnnEErrkillluRs
SnnnOOOrrrkkkuuLLinnGGG
SSnoRkkkiiiliiinnngg'SS
SnorrrkeeLLLLEEDD
sssNNooRRKKElLuuuNNNG
ssnnnOOOrKKeeelllss
sNNNOrrTTT
SNNNOrrTT'SSS
sssnnneRTaaaD
sssNNNORRRteeR
SNNNIIIRRTTIIRRR'SSS
sssnnOORTTTeeRRss
sssNNoorrrTTTUUNNNgg
sssnnnooorrTTsss
SSSnOOOTTT
SSnnnoT's
sssnAttSS
SSSnnetttIIIEr
ssnnOTTTTTiiiistt
sssNoooTtIIIlly
SNOttTTiiiNUUUSSSsss
ssneTTTToNNEEEsSSS'SSS
sNNOOOTTtttyy
ssnnAuTTT
snooott'S
sssnniUtSS
sssneewww
SSnnuuuwww'sss
sssNNawwBBBEEElllLL
snoWBaLLLL'sss
SSSNEEEWWbbbaaLLLlaaaddd
sNNOWWBBBullLOnG
SSSnnnoWWWbbbIIIlllLss
sssnnoooWWbAnKKK
sssnnnEEwbbbAAANNKK'sss
SNNUwwBBBAAANNNKKKss
sssnnOOWWWBBeeeLLLt
SSNowwbbbaRrAAeeeSSS
ssNNAAwwbbeRRy
SNNAAAwwbbbAARDD
sssNNNOOwBIIrd's
sssNNNeeWbiRRddSS
sssnneeewwwbllUNNKKK
sssNOOOwBBLLLooWUUrr
SnnnoooWBoooARRdd
ssNNoooWWbbaaaOOOrrd'SS
SSSNOOwBBeeAAArrDDEDD
SSNuuuWBBOOOARRdddOOrr
SNNNOOwwwBBBoooAAArDDDaRRR'sss
sNNNaaawwBBBOaaRRdddERRRS
SSNNUUwbAAaaaRRRduuNNNgg
ssnEEEWBOOaaaRRRDANNNggg'SS
SSSnOOOwwwBBBUUUaaRRRdSSS
snnnuuwBBuuuunDD
snnooowcccap
SSSNNOOOWWdddrriiFFT
SSNooWWWDrraafft'SSS
sssnnnowwDDrrIIIFFFttsss
snnooWDDDroppp
SSNNiiiWdddrroPPP's
ssNNNOOOwwwdroPPPss
snnUWaaaDD
sNoWWFUUULLLL
sNNNOWWffeeelllll'SSS
sNNOOWWffAlllllS
SSNNuwFEEELLLDD
SSSNUUUwwfffUUuuldd'sss
SSnnewffiiiEELLLDDS
SSSnnAwwwfffLiiiKEEE
SSSnooWfffllluuKKKee'SS
sssnaaWWFFllAAAKKEEES
SSnnooWieeerrr
SnUUUwOESSSttt
SnnoWWWunnEEEssssss
sssnnOwwwinnnisssSSS'sss
SSNNOOwInnGG
SSSnnoowLLLIIInEE
ssNNNEWmAn
ssNiiWMMUN'SSS
sssnnnoooWWWmmmEEnn
sssNiWWWMMoooBAlluuu
sssniiiwMMMaabIIILLEEE'S
SSNUwwwMMaaBBBiiiLeeddd
ssnnOOwwmAAAbbbiiLLLeeerrr
SSSNooWMoooBBIIlllIsss
ssNNOOOwmmmoooBBBIIILLinnnGG
SNNNAAAwwPLiiiWW
snniiwwwPPLLLuWWW'ss
SnnOWWppLEEWWOOdd
ssnoWWWPPLLLowwwInnG
SSSnEEwwwpLOWWWs
SSSnnniiWWWs
SNNiiiwwwSSSHHHiiD
ssNoooWssHOOIII
ssnnEEEWWSHHHUUUE'sss
SSNNNooowShhhoooeINg
SSnnnoowssHOOs
SSSnnAAAwwsLLiiDDDUUU
SSSnnoWWsteeeRRRM
sNNOWssstOOrMM'SSS
SnnUwSSttOOrmSSS
SSSnOWsssUUEtt
SnOwwwsuIt'S
snnEEWWSUUUUUUtttS
SSNNNEEWWWy
sssNObbb
snnooobbb'SSS
sssNNEbbbEEEd
sNNEEEbbbuuuNNNGG
sNNuBss
SSSNNocccKKK
sssNNNUUUFFFF
SNAFFFF'SSS
SnnuuuFFFbAXXX
snnnuuFFFfbbOOOXX's
SSSNUffFFFbbbIIIXXXeess
sssnOFFfffeD
ssNUUUFFFFFFeeer
SNNuuFFFFIIrrr'SS
sssnnuuuffFaaRs
sniiFFfiiinGGG
SNNuuufffFLe
SSnUUffffLLLO'sss
SSnnnUUUfffffLeeed
SSNNNaaFFFFFlllEErrr
SSSNNNuuuffFFlllOOs
sNNNUUUfffllIIIIIRRR
SSNNUfffFFllaaaEESTT
sssnnnefffLLIIIngg
ssNuffffllyy
sssNNuuffffffS
ssnnnuuuFFFFYY
SnnnUUggg
SNNNuuGGG'sss
sNNNuuugggGedd
sssNNNUUGGGGEER
sssNNuuuGGgggaarrrIeeeSSS
SSnnUUgggggiiry
SNiGGGggEStt
SNUgggggInggg
sssNuuugggglEEE
ssnUUGgli's
ssNNNooGGGGGGLLLeDD
SSNNuugggggLLAAAsss
snuGGgLLInnnGG
sssnUUggllYYY
SSSnnUUUggnnEsSS
SNNNAAAggnnnesssss'SS
SSSnnnooGss
so
sssooo'SS
sssOOakk
SSOOaaakk'SSS
soaakkEEgaa
sOOOakkkAAgEEsss
SSuAKKeeeddd
SOakAAr
SSAAaKKeeeRRSSS
sseeeOKIIINGGG
SOOOoKKEnnGG'S
SSSOOOaaakuuNNggS
SSSOaaaKss
sOOOiiippp
SSSUap'sss
SOOOoPPBBBAArrrkkk
sOAAApppbbbeeRRrrrieeeSSS
SoUUpBBBerrrrY
SSSoAApbeexx
SSUUUUppBBBUUX's
sssoooAApBeXXASS
sEEEAAApppeeed
SSSooAPPPoEER
sssOOOAAPPiiieeSStt
ssUaPPPiiilllyy
SSSoooOpppAANeSSS
sUUaaapaanASsss'S
SSooooPeeenggg
ssoAPPsss
SSSaAAPPSStoonnee
SUUaaPPSSTOOOnnne'S
SSOOapppSEEDDsss
SSSOoooPPPSSSuuuDSSS's
ssUUUPPPWoooRRttt
suOOPPWWuurtttss
SSSAAAAPyy
SSeeeeRR
sOOoRR'SS
sssOuuRRAd
SSSOaRRING
sssoooAAArrrIINNGGlly
suuoorSS
ssoaavA
SSSoooBB
Sooob'SSS
SooBBAAA
ssUBBbbAd
SSOObbbbbOOONNgg
SobbBIIINNGGlYYY
ssOBbbUnnGGGS
ssoobuuRRR
SSSOOBBBErreeddd
SSSUUUbbEEErrrerrr
SooobbeeerEEsssTT
SSSoooBOORuuuNNgg
SSSoooBBIIIrLYY
SSSOObbuurrnnnAASSS
sssOOBBBeeRRNNNoooSSSS'SS
SuuubbbEEErrrss
sOOBeeeRsssIIIdddUD
SSSoBRRRiEEtttyyy
SSoooBBrUUUIIITy'ss
SEEEbbrrriqIIeeett
SSOOObbbrrIIqquuuOOOT'SS
SSaaBBRRRiiQQQUuuuttsss
SOOOBBS
saaaccaaGGGaa
SSSoooCCCiiGGeess
sssoocCCCEErrr
SSSEEccceerrr'ss
sOCCiiooBBBIIllliiiTTTY
SOCCCiAAbbiiilItttYY's
SiiiccciaaaBBllli
SUUUcccOOAAABLLii's
sooCIaBLLuunnEESss
sssoCCCIIIEEEBBlEENNEEEsssseSS
SIIIcciiuubblllEs
sssOOOCCCiABBlllYYY
sUUUcccOOOAAl
SSoocIIAAAlll'SSS
SiCCCIIaalllUUSSmm
sOOciiiEEEliiissMMM'ss
SuuucAAAAALiiisttt
SSIcIIAALLLuuusssT'S
SSOOOCCAAAAAAlASSSTTTuCC
ssoooCUAAAllliisssTiCCCuuulLLLyy
SOOccciiiAAlllesstS
siccceeeAliiitttu
SeeCIIuuuLIItttii'sss
SOOOccAAAAALLOtEEESS
sssooCCiiiaaaLLiTTIIIEEs
sOOOCCCailllAATTTy
ssaaCCIIIiillEEEzzattIIIooNNN
sssooCCuuallliZZZaaTUoonn'ss
ssOOOCCCiiiaaallIza
SSOOOCCCiaLLazzzEEEd
sssoooCCCEEIIILLLIIIZeeeRR
sEEcUaaalllOOOZZEEES
SSSooccIIIAllliiZZZiiinnng
SSiCCCIIElllllY
sssOOccooaLLsss
sOOCCCIetttALLL
sssOccIeetttiiiISS
SSSAAccIIIiiitYY
SoooccceeeeTy'SSS
SSSAciObbIIuuuLOGEEcuul
SSOCoooaabIIIOOOluugaaaccAAALLLLy
ssUUCoooOOObbbUAlluuGGGuEEs
ssOOcEEEEBBBIIIooolllEEggAASSStt
SSeCCaaobUUUellOgiissstttSSS
ssooCCiioooBBIIIOOlIIGyy
SSSOOOcciIICCCUlllTTIrrAll
SSiiiCCCIIOECAnooMMooocc
SOOccUUUOEccEEENNNOOMIcccALLLlllYYY
SSSeeCiiioLLIInGuIsssTTaaaccc
SSEccuoooLLOOONNggEEiiiSStttuucSSS
SoceuuuLLLiiiNNGGGOOOiSSSttSSS
sssIIICCCIullogiiiCC
SSSUciiiEEELLOOgggiccaall
SuuCiiiOOOlAAAGuuucIIILLLLLLy
SSUUUccOoooLLLuuugggiiissst
SuccUoooloogggeSSSTT'ss
SSOOcccEOLLLoooGGIIsTSSS
SSooCIoooLLLuugy
sooocccIIIOOOlOOgggYY'SSS
sssiiCCCUOOOMMUUUttRRRICCC
ssoooCCeOOmmmootRIIIcccall
SiiiciiOOOmUUtttrrrUUeeSS
SSSIICCIIIuuummmEEETRRIsT
SSSaaCCoooooommmeTTRy
SSSuCCiiooPaatttHHH
sssoooCiOOOPaattHH'SSS
SSiiicciiOOOppEEETThhhIIIc
SoCIIIaaaPPPaaTTThhsss
SSOCCiIIIpaTTHHyy
sUccoAAPoLLIIItttEEECull
SSoocccKKK
SSSOOOCCkk'S
SSSOOcKKeeed
ssooCCKKOOOttt
ssoocckeeet'SSS
ssoCCkAttsss
SSSOOcKKKAAyyyeee
SSuuuCCCKKEYYEEE'ss
sssUCKKEEEyyyAAss
SiiiCkuuNNNG
SSSAAAcKss
ssooocccloo
SSSOOCClisss
ssoCCMIINNN
sssooddd
soddd'S
SOODDDi
Soddiii'S
ssuudALIttee
SSooDDAALIttOOOsss
SSSIIIDaLLLITTiiEEESS
SodALAATYYY
SSSADaaaMMiiddUUU
SSodIIISSS
sssOOdddDeeeDD
sssEEEDDDdaan
ssUDdennnLLYY
SIddddENNNeeSSS
sssuudDDENNNgg
SuudiiieMMM
sssoooDDDooIIIMM'SSS
SOOODommiiittOOO
sssUUUddOMiTTeee'sss
sseeedddIIMMatttooos
siiiDDDaaaMIIZZZo
SSSodddoooMEZZEEd
SSSoooddummmizzeS
sssEEEDoommiiizzzIINNGG
SSSooodddiiiMy
SSODUUmmmYYY'sss
SSaaaDDDs
SSOOEEvvvaRRR
siFA
sssOOOfE'S
SSSoooFFiiiBAAdd
SSSEEFaaBBBeeeDDD'SSS
ssOOOFFFaaaBBBEEddSS
siiFAAr
sssUfffIISSS
sssEEEffFoooT
SSoooFFFt
ssIIffftA
SSSEFTTTBuucKKK
ssIIIfffTTTbbbAALLLll
ssoFTBBBooLLLLLL'ss
ssoooffTTTBBBAllls
sOOFFtBBAAAeeenDD
SSSooffTCCCOOVVEr
SOOOfffTTTaaan
sssofTTUUNNNOdd
sOOOffTTTUUnnnirr
SSaaaftttIInnnuuRRR'sss
SSSOOffttAAnnnorrSS
ssOFFFttuuuniiiNNNgg
sooFFtteeenss
sOFFTTooRRR
sssooofTiiiSTTT
SuuufTHHHEEOOOrTTTeeddd
SOffftHHeaaRTTTEDDDllY
sssoFFFthhooaarrrTeeDDDnEEsS
SSoooFTThheeAArTTTeeddnnnEEsSSesss
sssooftAuu
ssOfttiiAA'SS
SSSEEEFTTIIIaass
sUfTTTLLLYYY
sssaaafffttNeeSSs
ssooFFtNNNooossss'sss
ssoooFttWAArooo
sssofftttWWWEEErrreee'ss
ssaafffTTTwwwoooaD
SSSIFFTTTwwaaauud's
ssOOOFTTTwOeeeDDDs
sssOOffTTYYY
sOOffftttYY'sss
ssseeegggggiERR
SSSoggggggiieeesssTTT
soogggELLYYY
SSSUgGGIINNNeesssS
siiggGGANeeeSSSsss'ss
sssEgggGGGY
sssaaaHH
ssoIGNé
sOuugNNNéiii
ssUiilll
SSOOOeLL's
SSOillAgeee
sOOaaalllADD
SuiiLLLiiinnggg
SSooeelsss
SSOOAAluuRRuu
SSAAILLLuuruS
SOOOaaRRéU
sssOERRRéOO'SS
SSeIIIRRéeeeSSS
SSOJoooAAArrnn
sssoJJOOUUrn'SSS
SSSOOJJooUUURRRNEEEDDD
SooJJJoaarrNNeerr
ssojjjouuurrrneeeRRR's
ssOOOjoooUUrrNNuurrSS
SSOOOjjooouRnnonnng
SoJJJOuuuRnnS
sooKKKO
sssOOll
SSol's
sssUUlllAAA
SEllloCEE
SSSolllEEECCeee'ss
sALLaCCuuDDD
SSOOLaaaCCCUUR
ssuulllIIccaS
SSOLLLAAAccinnGG
SSSolllAAAnn
sssiillAANNIICuuOOOUsss
ssoooLLUUnDiiirrr
Soolaannnoo
SSaaaLUUUnSSS
sssollAnnumm
ssooLLLArr
ssAAALLLArrrIa
ssOOllAARiiissM
SSSOOLLAAARIIIaMMM
ssEEEllUrrriIIMM'ss
ssiLLirrrIoooMMsss
sAAAllAAARRuuuZI
SSSOOOLLaTEEEUUm
sOOOLLD
SSOOllDDDUUrrr
sssoLDDDoooR'SSS
SSaaaLLDDDaRRaaDDD
sseeLDeeerrrER
ssULDeerrrEEER'S
SSSuLLLDorrEEErrSSS
SSSoLddEEERiinnGGG
SooLLLddErrrSS
SSSUUULddAeeRR
sooLDIiRR's
SSolllDeeeEREEEdd
sssEElllddIIEEErINNNGG
ssoolllDDDiiUrriinnGGGS
SSSoooLDUUoorrLY
ssIIlllDDDuEEERRRSS
sOLDDaaaeRRYYY
SSeeLLDiARRYYY'ss
ssOOOLDDDooo
ssIIleee
sssOlllUUU'SS
SSSoolllOOOcuusssMMM
sssAAAlleeeccoSSSMMM'SS
SSoLLaCCuuSMMMsss
SSSaalAcciiSSToooCC
sssEEELEDDD
SSOOOllliiLLyy
ssooollEMnn
soooleeeMMnnneeR
soooLLaMMMNNNuuSSS
sssooolllEEEmmmNOss'ss
ssOOLLEMMMNNuusssttt
SSeelEEMMNNNiiiFFiiiEEEddd
SAllUUUmmmNNIfffeeiiSS
sssooolIImmmnnUUFYY
ssAALLLaMMMNNiiFFFyOONGG
sssUUUlluMniiiTiUUUSS
SSSooLLuuMMMnIIITTTyyy
sIlllEmmmnatyy'ss
SSSOOLLEMNNNUZOOtttaaaaNN
sssOLLLomnniiZZEEEtteeeoon's
SSoLLIIImmNIIIZZIII
sssOLLEMMnIIIZuuudd
SoollAAAMNNiiZZZESS
SSSeeeLeeeMMMNNNIZZZiinngg
SoooLLaaMNLLLyy
sIIllEMMnnnneesssss
SoolleemNNnESSSSS'ss
ssOloonnnOOOEEDD
SSooolllINNNoiiiDDD'ss
sssuuuLLeenOOOOdOOOLLL
ssUUUllaaNNNOOiDsss
sAAllliiis
SSooolllFFeetttiiiROO
ssOLLLFUUUGGGGIIII
ssooolllFFFeeerrrEEnnnOOO
sOOlllfffeeereennaass
sssUULLiii
SSSolIIIcciiittt
SSSuLLaaccIIItaaaTIIOOnn
ssOOlllIIIcccATTTEEEtOOEEEnnn'sss
ssOOLIIIccciiTTattAeeNNNSSS
SoolliiccitAD
SSelllUCCCiiTTonng
seeeLLeCITTTooR
sssILLLuccEEETTTooor's
SSSAAAllliiiCCCIItttOORRRss
sooLLaaacccOtoUUUSSS
SSiiiLLiiiCCaaTTTooUUssLYY
sssuLeeeCCutttaaaUssNNNiiSSSS
ssiiiLIIICCiiitooSneeSSSS'S
ssaalllOOCCCItts
SSooolliiiCCEEtAAddE
SillOOOCIITTuuddo'sss
SSSaaalid
SSUUUlAAAdd'S
SSOllAAddaaGGGOOO
SSoooladdaRRRItttyy
SElliiiddaaRRRuuuTTTyyy's
SOOOLiidduuuryyy
soooleeeDDDIIR
ssiilIdEEEsT
SSiLLLIIDDii
SuuuLidddoofoocaaaTTTIIOOONNN
ssOOLLeeedddiiiFFFIceeeTTeONN'sss
ssaaLoooddooofUEED
siiilIDDIIIfffIeees
SSAAlIIdIIfyyy
sIllliiideeefYYYiNg
SooollliDDiiiTyyy
SSSIIIlllaaaDDaaTTYY's
ssoLiiiDllyy
ssooLAADDDnnEEsssss
soLLeeeDNNOsssss'SSS
sssalllaaDDs
SSSoollliDAAsss
ssAliddeesss'ss
SSSooLiifffiiidIIAnnn
SoooLLLIfffLLLuuCtttIIooonn
sssIIIlliLLLOOqqqUIEEEsss
ssiiLLLiiLLOOqiiUsssTT
ssOOLLIIlooQQQiOOzzE
saLLLellOOOqqquuuAZoddd
SSoolliillOOQiiaaZesss
sssollloooLLooqqqUIZZiNNGGG
ssoolllaLLoooqqqaayy
SoLLLAAAlllooQQUUUy'sss
SUUUlliiinGGG
SOOOllIIIpSSSIISSSMM
SSSiLLLiiippSSusM'ss
saLeepppSSSIIIsMSSS
ssoLLLoPSSSESSSt
ssseLLUUpSSSaasssttiiC
ssUUllliPPSSSiiSStoooccAALLllyyy
SOOLLLuuppSSSaaSSSTTTSS
SIILLLeTAAAEEErruu
siiiLitttAAAAARREEE'sss
sssaaaLLUUtAAurrOSS
SSSILLAAATIIIrIAs
sooolOOTTAAARRiLLLyyy
SSiillOOtEEErrreNUUsss
SSUUULLLaaaTAARiinUUssss'S
sssULLAAtaaarrY
soLLLOtttEry's
SSuuLLiiiTUUUdEEE
sssOOOlliiiTTEEEDe'ss
sollliitUUUdddIIISSS
sssooLLLuuRRRaatt
SSOOOLLLEErIITTTSS
ssOOLLMMMaaaZZuuttteeOOONN
ssooolllMMiiZZZiTToOOnnnS
SSEEElAAA
sssoooLLo'SSS
SSSEElOEED
sssOLLLiiiannng
SooLLoiiiSSSt
SSooolleeiiissst'SSS
SooolluuuEEstttsss
saaallloooNNN
SSoollAAnss
SSUUULLLEsss
sssUUllss
SSIIIllSSttEEECCooo
suLSSTTTiiiccceee'SS
SSSoollSSTTiiicccESSS
SSSolllstIIIttiiooLL
sOLuuubbbiiilllITTTYYY
soolllUUBILaattyyy'S
SSoooLLUbIIIlizzUUU
SSSOLLLobbLLLee
sssooLLUUUBBBLLe'S
SSoooLUbLLEsss
SSSIIllUBBLLLYY
SOllUUsss
SSOOLLUTTTee
SSSIILeettEEE'ss
SSSOOOliiTAAAss
soLLLIItiInn
SSuLLUttAAAoooN's
sssooLEEEteooonnnsss
sEEELvvooBBLLu
ssOLvEE
sooolvvvEdd
sssoolvenCY
SSSuuLLvvveeNccyy'S
SSooLLLvvEENT
SSeLLLVVVOOOnttt'sss
sssOOLLVVoNNNtttsss
sssolllvEERR
SIllvIIIr'ss
ssooollVVEERRRs
SSAAAlvvvAAS
sssOllviiNggg
salVVOOOLLLySSIISSS
SSSooommm
SSAAAMMaa
SSSOOOMMMaaas
ssooMMMoooticc
SSOOOMMAATIIcaaLLLY
SSSeMMMAAttosssTTT
SSSImmmaTTOloooGGGYY
SuMMAATTTOOPlllaasssMM
siiimmmETeeeTYYPii
ssAAmmoTTTottYppEEEsss
SooomattuuuTTYYpppinnnggg
sssUUMMMberr
SSOmmmbbboRlllyyy
SSSOOMMMbbbEEErNNEEEssSSS
ssOOOmBBERRNNEEESSSS'SSS
SSSooMMBBrrree
SUUMMMBRReeeLLLYYY
sooombrENNiiSSSS
sOOmmmBrEErrrooo
somBBREEERRRoo'sss
sssOMMbRReeerOOOS
ssOmmbbRUUUooS
SOOOMMMiii
SSSOMMEEbbbeeDDDaAsss
SSSOOOMEEboodddYY
sOOOMMMUbUUUDDYYY'sss
SSEmmIIDDAYY
soMMMooohhhowww
SeeemmEEOOOnnnooo
SSIMMeIIINEEE'sss
SSoMMEEEoooNNNaaaS
SSooMMUUPPlllAACCCEE
sOOOmmmeerrrSSAAeLLLTTT
SooomeRRRssIIELtt'SSS
SSeeMMMeeRRRSAAAooolTEEEddd
ssooMMEEErsssooiiiLLLttIInnnG
SSeeeMeeRRSSOOOUllttsss
SSSEEEMMMiiRsssEEETT
SOOMMMerrssOOtt'SSS
sEEmmeerrrsssEEEtttSS
SSSUUUmEEErSeetTTTooodd
SSommeeRSETTttinGG
SSSOOOMMMeeeTHHEEnnnggg
sOOmmettHooonnnG's
SSSoommIIIttthhhinnggs
sseeMMMIITTTImE
SSSAMMEEETIIImmmEs
SSommmeewwaaayyy
SSSooomuuwAAyss
SSOMMeeeWHHHAAATTT
sOMMuuwwhAAATTTs
sAAmmmEEWWHEEERo
sssOOmEEWWWISSAAA
SSAAAmmmITTTEEE
sseeeMMMaaaTTIIIss
SOOOMmmmEliEEERRR
SSOOmMMiilIIIooRSS
sssoomNNEMMbbbUUUllannnT
SOMMnaaMMMBooollaaannTTTLLLyyy
saaaMnAmbbILIItee
SSOmmmnnAAmmmBAlllAATeDDD
SoMMMNNEEmmBBuuLLeeTTeeeSSS
SSSimmNNNaaMMMBBULLAAAttiiinng
SommmNNNuuummBBuuullliiiTTTIIUUUnnn
SSUUMMNAAAMBBeLissmm
SOmmNNNaaMMMBBULiiisssm'ss
SOMMMnnaaaMMMBBEElIIIssttt
SSSOOmmmNNaaammbuLLLissst'S
soooMMNNomBBBiiLisssTTiiiCCC
SSoooMMnnAmmmBBuLLIIsssttiiCUUULLlly
SSSaaamnEEEmmmBBUUUlIIISSStttss
ssiimNNIFFOOCaaEEEnTTT
SSSOOOMMMnnUUFFFooorrOOOeSS
ssOOOmmmNNIILUUUQQQAAY
ssOOOMMMnnnoooLLeeeNNCEEE
SSEEEmmnnaaluuuNcccee's
sssOmmnnOOLLEEENNCCCYY
SAMMNNAAlllEEnnttt
ssoooMMnnneLLLeeNttllYYY
SOOOn
soooNNN's
ssOnnUnT
ssoNNNAANNttsss
SOOONNAArr
sssooNNURRR'ss
Siinnnaarss
ssOnnAtaa
ssOONNNuuuTTTo'SSS
SeeeNNuuTasss
sssOOONNNaaatunnnUU
SSoonuuTTTIIINNii'S
ssOOnaaatttIINNAAss
sEENdee
SOOnee
ssoonneeSSS
SSiiNNggg
ssiiinggg's
SooNNgggbiRddd
SooonnnggBBIrrdd'sss
ssooNggbbbIrDDss
ssuuNGGGbaaaiKKK
SSUUnggBaaooKKK's
siNNNggBEOOks
SOONNGGffEEssstt
SSooongggfUUssstt'ss
SSAANNgFFEEEsTs
sssONggfol
sssoNNgsss
SonnnGGGSSSttErr
sssiiNGGstaaaRR'ss
SSSOONGGGSSSTTTEErS
SSEENNNggsttRRESSSsss
sIINggstttRRReeSSs'SSS
SSOOONNGGGsssTTTRREsssssseSS
SSSenngwwwRIIITUURRR
SSSonnngWWRRRuuutEEERRR's
SOOOnGGwriiTTuuurrS
SSOOnnnGGGWrrAAtttiNNgg
SSOnnAc
SSSooNNNiiicccaaalLyy
sooNNNAAcSS
soNNNiiiffEErrOOaasss
SaannlllYYY
SooNNnnnEEEtt
ssOnnnNNNiiitt'ss
SOONNNnneTIEER
ssoNNnEEttIIIrrrSSS
sssuuNnniiiTs
sssoooNNnnnOuss
SSSOOOnnNyyy
SOONNNNNyyy'SSS
SSOnnnEbuOyyy
SSSuNNNoooFFAbbIITChhh
sssonUUgggrrammm
soNNuGGRRRaammm'SS
sssooNoooGGGrAMsss
SeeNNNOOOmmmooottoRRR
ssOONNuuurrrUUnT
SSOnnnOOOrrrIttOOOuss
sOONorrrIttyyy
ssooonnAARRIttty'ss
ssONNeeRRRoooOs
SSSoonnnEERoooAssly
SonorroooEEESnoossss
SSAANooorEuuSNNNEssS'ss
sssOONS
sssOONSoooffBBOOOTcccHeeS
SSoooOOONNN
SSeeOONOOR
SSSAAAONeesst
sooAt
saooT'ss
ssoOttth
SSEOOOTTThhh's
sOOAATThUUU
sEEIIthhhEDD
sOOooottthUUUR
SEEEOOOTTHeeeRR'sss
SSSIIIUUtHOOOrsss
SSooootttHHEEsss
SuOTTThhhFFFisstt
SSSooooTThhAAnggg
sssEOOTTHHHIINGLyy
sooOOOTTThssOOOYY
SUUOOOtthssIIYYeerrr
ssooOOttthhSAAyEERRR's
SSiiitthhsssAAYYEEERRsss
sssIIETTTHHHSAAyyyEEEnnngg
SSSOETHHssaaayyyiiiNNNggg's
ssOOOOtttiiUURRR
SSSOOAAAtttIessTT
SSOUUUTONNeessss
seeeOOOTTTeeNEESSSSUSS
SSooooTy
SOOPP
SSSiiippp'SSS
sUPPHHHuuuSSSm
sssOOpHHooSSM'sss
SSSoophhooSSST
SiiPPHHHIIISSSTT'SSS
sOPhUssstEERRR
SSSOOOPPHHiiisssTIIc
SSOppHiiissteeCCCAAALLL
SSOPPHHHuSToccAAALLLLLyyy
SoooppphhuusTTTiiCCCAAATIII
SSSaaapppHHHISStiiCaaaTTTEE'SSS
ssoopppHaaSSSTTIIICAATEDD
SSiPhhhiiisssTTTiiCCaattEEDDlllyyy
SIIppHHHiiiSSStttiiCIIITTTEss
ssseeppHHHustttIIICIItuuunggg
SAApHHHUsttaaaCCCAtIOOn
SUUUphhaaSSStttIcccAtIUUUn'ss
SoPhhhIIIsssTTTREEiis
ssOPPPhhEEEStRYY
SSSoPHHiisssttRRY'sss
SiPhhhuuSTTss
SSSApppHuuumORUUU
ssAAPhOOMMooorruuu's
SSSAPPPhOMMUUUrrAAAs
soppHHHiimooorriiCCC
SEEEphhhUMMMORRRiccAAlllllyy
SSSaaaPhhhrrroSSSYYYNNo
SSSAAAppoor
SOOpoRROffERRRooss
SSSuPPPEErufffEEC
sssOpppIIIrrrOFooc'ss
ssOOOPAAArEEFooocaLLLLLyyy
ssooopppooorrOFFFICCsss
sssOPPPppeeeDDD
SappppppIIIeeeRR
sooPPPpppiiieeeSttt
SSOpppPPEElly
ssIIPPAANNNiiissSSS
SSAAApPINNggg
SSooppppyy
SSSoPPruNAAAnnooo
SOpreeennoo
SIIIpppRAAANNNooo'ss
ssOOOpppRRRaNNNOOSSS
SSSOOPPS
ssOrE
sorrb
sURRBBeedd
ssIIRRRbUUUtt
sssOOrrBBoooT's
ssIIIRRRbbetts
SSSoorbIINNNggg
SSSORRbbbiitttoL
SSSorrrbbboosssEE
SORRRbss
SoooRCorrrErrr
sAAArceeeReerrr'S
SURcEEErrUURSSS
ssOOrcccERREsss
SSORRcccorEEsssSS'SSS
SSurCCCEERRiiisssseS
sssorrrCCCiiryy
ssuurrrCCCEEryy'SS
ssOOORdddiDD
SSSOORRDDDooodddLYYY
SOORRddeeedddness
ssooRRDDIIIddnEssssss'sss
SSErrrdIIIniii
SoRRdddEENNESSS
sOOrrrDDanu
SSoRRRDDDINNNoo
SSOORRaa
SIIIRRo'sss
sssOOOrrrAAAddIuuumm
sssUURREHeeeEddd
ssOORUUHHHeeaaaDD'ss
SSSooruuHEiiidddS
SSSoRRRALLLyy
soRRReNNEEESSSS
SSSeRRAAAnUSSSsss'sss
ssORRRaR
SSooRREEs
sOOORRASSt
SOORRGHHHUUUMMM
SSSooorgghhUUUM'S
sssOOOrggO
sooorrgOOsss
ssOOOri
SSEERRRiCCCinnneee
SSerUUUtttEEs
sooRnn
SSSAARIrrAAll
sssAARROrrUTTTEE
sssooorrOOORIccaaaDII
SSSEERRROrAAtiEEESSS
SSoooROORRRiiityy
sOroRRetttyyy'SSS
SSSuRRRuussIsss
sssOOrPPtttIIIOOON
SSOOORpppTTTIIIiinnnsss
SSSooRrool
SSArREEEl'S
sssOOOrRiiLss
SoooRRRrIIeeer
SSooorrrrriESSSTT
sssoooRRroooLLYY
SSoooRRRRINNNAAAsss
SoorrraNEEsssss'SSS
SErrrRRROOOW
SSSooRRRrroow'sss
SSSoooRRRREEWWWOOOddd
SOORRRrrowwwFuuuL
SSOOrrrrOOwwwFFFuuLLyy
SSSoooRRRRaaaWWffuLLNUUsSS
sssoRRRooWWfeeeLnnOSSS's
SSSOOrrrrrrOOwIIINNNgg
sssEEERrooWss
SSIIRryy
sssOrrtt
SSSORRRtt's
SoooRttta
SorTABlleee
sssiiRTTIIdd
sssOORtteeeRR
sssOrrrtEERRR'SSS
SSIRTTTeeRsss
ssaarTTeeee
SooRRTTooaaa'SS
SSiiiRRRTEeeD
SSaaRRRtttiuuiiiNNNG
SSSoRRRttiiieSSS
ssOOOrttiiiLagga
SSSiirrTTIINNggg
SIIrrttitIIoooNNN
SSSOOORRRttiiiTTiOOOnnS
SOOORRttS
ssEERuuus
sOSSS
siiisstaaaNNuuuTTTOOO
ssseTT
ssOOOT'ss
SSSuuTTTEERiiiaaaLLLooGGGIIICAAlll
SettuuRRIIeLLooGY
SOOOtS
soTTTeeedd
ssoooTTTTiiShh
sssoTTttAAAsssHly
SSSOOOOO
soU'SS
sIuuu'wwweSSTeeR
ssooOOBBBEESEEE
SooouuBBBRRRutTTTEE
sssoUUUbbrraTTtttEES
ssOOOaaBBBRIQQQOOeeet
sssOiiiBBBRRiiqAAAET'ss
sssEEEAAAbRRRIIIQQQAAAIIITTsss
sssaaaUfffFFlllé
SSaaaiffffffLLLé'ss
SSOEEEfffffLLLéss
SSSoooUUgggH
SSeEEghh'sss
soouuugghhhuuuddd
sssAAUUUgghhhAnnng
SUeegHHs
SuuAAGGhhht
SSSOOOEK
SoUUUKSSS
ssieeLL
SSOOOUUL'ss
SSIUUUlEEDDD
SSSOuuLLFFULLL
sssoAlFFFOLLLLLyyy
SSEEEOOllFFFUUUlNeSS
soooUULLLFFiLnnIISSSSSS'S
sssOOOUllLLLeeeSsss
ssOOUllLLLeeesssslllY
sssouLLLLeeeSSSnnneeessSS
ssOAlsss
SEEuNNNdd
SSoOOONND's
SooUnDEEbLuu
soooUUNDBBIttoo
sssaaaaNDDbbbaTTTiiiss
sssoounddBOOOaRRRd
SSSouuunnnddBOerrrDDD'sss
SSSoooaannndBAaaaRRdddS
siiUUNNDDUUd
SSOOOuuNNNdddeeer
sssiiiUUnDDErr'S
ssOOOUUUNNNDDorrs
SSSouuNDiisttt
sAiinDDDIIInGGG
SSOuNDAAAnngg'SS
ssOUNDDDIIINNNGss
sEEUNDDLLISss
ssOOUUUNNNDDDLLEEEsssssLLLyyy
SSaaaUUNNDllyyy
ssAAONdddNeSSSSS
SoooUNNNDDNNNiSSSSSS's
ssoANNDPRREEUUF
sooouunDPrrrOIIFFID
sssIIOOnnDDDpRRRaaooFFiNggg
sAUNDPPrrooOOfffuunGG'sss
sOOOONNDPPRRROOAffSSS
sssUUuuunnnDDDSS
SSSAAAUUUNNNDDSSTaaGGGEEE
ssOuuunnddTrroooCCK
SSSEooonnnDDDtrrreeCCK'sss
SSSOOunnDDTrrAAcckkkS
SSuuuup
SOoooPP'ss
sssEEEuuPuD
SIIIUpppIIArr
SOOAApiiiistt
SSuUUUPPIINNNG
sAAuPPsss
ssOOOuupppssPOOOonnn
saauuuPPSSPPPooOnsss
SSSiiuuuPYYY
SSSiiuppçOOONN
SSOOUUUPPçoooNNN'sss
SSOOuuuPPçINNNs
SSuuuRRR
sOaaRRR'S
SEEEoooRRRBBBeeLLLlll
ssOOuurrbbbaaaLLllSS
SooourrrCCCIII
sssUuRCCCe'ss
SSSiiUUUrrCEddd
SooUURRRcceeellEEESSSs
SSSuuuRRCCCEES
SSOerrrCeeeNgg
ssuuUUURDeeuuGH
SSSOOOUUrDDDEEEoGGHHH'S
ssIIIuuurrdddoUUgggHs
SSSauuuRRReddd
ssaaiiirrrER
ssOOOUUUrrEEESSttt
SaorroonGGG
ssseIIRRRuuuSSSh
sssooAARLyyy
SSoooUUUrrrNNass
SuUUrrrnnnEESSSss'ss
ssoouuRpppussSSS
SSAAUUURRPUUUsS'SSS
SIuuurrPPPuuuSSSSSUUSSS
SooiRRRSSS
SSSoooorrrssIPPP
sssEEIIRSSSoopSSS
SOaRRwwUOOd
sssOEERWOOOoDDS
sssOOOuss
SoUSSAAAPPPhhheeennnE
sssiiOOOSSSeePPPhhhIINNNEE's
SSSOUsssaaPPPHHOOnnnEEsss
ssoIIIsEE
SSoooOSSe'SSS
ssOussseeD
ssAUUUsssEsss
sOOuuusiiNNNG
sssOOOuuuttaaacHHee
SOOOATIIIccHHHEEss
ssseEETonnnaaa
SAAAUUUtaaNNNEEESS
SSSouuutttAAR
SSSOOOooTTIIRRRrrreeeooonn
ssEEEUtttHH
SSSoooooTH'sss
SSiiiUUUtttHHBoUUUNNNdd
SSUUUUUtHHHEEUUsttt
SSOuuutthooaaast'SSS
ssOOUUTTHeeassstaaar
ssaaUTTHaaAAStiirrr'S
SSiiiiiiTTThhEEEaaSSTirrLyyy
SSeotHHooassttERRNN
sssooutttHHeeeUUUSSTAAARSS
SSoUUTHEEEIIssstttWOrd
SSooUTHHHeeeASSSTTTwwwAAARRDDLLyy
sssEEEUtttHOaaStttWWWaRRddSSS
ssEEuuuthhhEEER
SSSoooIITHHorLLLeeeEEs
SooaaatthharrLLLYY
ssooeettthhheRRllyy'sss
sssEIthhhEEErrrNN
soooaaatHHHuuurrN'SSS
ssOOOiiiTThaarNNNuuurr
sssooUUtheeerrrnnnoooR'SSS
SeoTTTHUUURRneeeRRSS
SSOIIItthhhUUrrNNLYYY
seeeIthhhEEErnnmeesssTTT
ssOOuuutheerrrnnnsss
SSSOOIIITHIIrrSSS
SiiuttthhhInnGG
SaaoooTTThhLIIInnDD
SOOUUtHHHlllAANNDsss
soooitthppOww
ssoooIIttHPPPAww'SS
SoouuuTTHpAWWWSS
SOOOOOTThhhwwaaaRDD
SSOOOuTHHWWORRDDD'SSS
SSSOOIttHHHwwordLyy
sssEEATTTHHHWWWaaRRdS
SSOOUUUTTThhhwEEEssstt
SSSOOOAAtttHHwwweStt'SS
SSSEOOOtthwwosTorr
ssIuTTTHwaaastEr'ss
SSSEEEUUTHHWEEEssteerLLYY
SSOOOOOttHHHwwwEEssTEEERn
SSSEEUthhhWWessTTTeeeRRRs
SSOOeeethWEsssTTwaaaRRRDDD
SSooouuthwwwEEESStwaaRRRDllly
ssOiiTThhwAAASStWWWeeerrrDDDS
saaauVVVEEENNuuR
SSuuUUvvveNNaarr'sss
sssOuVVennIIRRS
SSSAAAveeRRiiiiGGGnnn
SAAVVVEEEreIIIGnnn'ss
sAAvvvERuuIGNNlllYY
sssIIvvErrEEEIIIgggNNsss
ssAAVVuuREEaaGnnTyy
ssOOVEREEEIIIggNNtYY'SS
SSSIIIVVVIIIeTT
SSSooVVViiiUUTTT'sss
SoVVVIEttiisssMMM
ssuuvvviiiuTTToosssMMSSS
SaaaviieeTuuZZZEEE
SSSIIVVVuuiiittEEZZUUddd
SSOOvvIIIetizzEEEss
sssaavviuuTTOOzEEnG
sssaaaVVOiittSS
ssoooVVVrrrIIN
SOwww
SSSOOOWW'SSS
seeWWWeeed
SSSOOOWWennsss
SowweeR
SIwweeeR'ss
SSoooWWWarrrsss
SOWIINNNg
sssOOOwn
sooWWWS
SSSiixx
SSooyyy
SOy'SS
sEEEYYYAA
ssAAAyEEE'SSS
ssooyyyBBBUUUaaaNNN
SSOOOYYYbbIIAAAN's
soybUUUaNNsss
SOyyymmIIILLLKKK
SSAAAYYYMMuuLLLkkS
SSooozZZLLEddd
SSSppaaa
sspA'SSS
SSSppOCCCA
SSSPPAccAA'SSS
sPPIccAABiind
SSpppAAACCEEEccRAAAfTTT
SPICCeeCrAAAFT'SS
SSPAAACCCeeeCCCRRRIIIFFFTsss
ssspoooCCCeedd
ssspAACaFLLeGGHHT
SSPPPeeccOfffleGGhhhtt'ss
SSppaaaCCaaaFFFlAAAggHHHTTTSS
ssPPuuucELLLeeeSSSSSS
spppUCiimUUUNNN
spppecccUUmmInn's
SppaCCUUmmmEnnn
sssPoooccePPPaRRT
ssspppeeccceepppOOOrttt'SS
SpIcccoPOOORTTTs
SPPPaCCCerrr
SSSpppEEccciir'SS
sssPPIIICCCAAARRRs
SPaaaCCeeess
sPPPAAACCUsssHHHeep
sssPPUCCCEsssHHIIIP'ss
spppACCCEEEshappps
sPPAcuussaaATTT
ssPaacccOOsUeeeT'sss
sspAceeSSSeeeEtS
sspAAAcccEWWaaLKKK
SSSpaaccEEEwwIILLLkkk's
SppoooccIIIwwULLKKEdd
SSPPPIIIccciiWWAllKKKUURR
ssPPiCCoooWWOOLLLkiiiNNggg
SSSpppAAAccAwALKKsss
spAcceeeWWWOOOmmmaann
sppaaCCaawUUMMMiiiNNN'sss
sssPaaCCUWUUUMMOOn
sssPPoooCuuyyy
spEEEciAll
ssspppeccciiiEERRR
ssspOccIIIEEEssTT
ssPPPaaaCoNEEsSS
SPPPAcciiNNNesS'SS
sPaccciinG
SSSppUUccINNG's
SpppecciiNNNggs
SSPPACCiiooouSS
SSSpECeOUUUSlllYY
SSpAAccIOaSSSneSSSs
SSPPAcciooOOOSSSNAASSSSS'SSS
ssPPPoooCY
sssPeeeDee
sssPPPAADDDee'ss
SPPiDDDEEdd
SSPPPaaadddeeeFisshh
SSSPPediifffuuL
spppUUDeFFFeeeLL'ss
ssppAdddEfullss
sPPeeddEERR
SSPOOOddduuSS
ssspAAAddEWWaaaRK
SPPPAAAdddeeeWWWorkk'ss
SSppAAdIIcuooAAsss
ssPPeeddUUUccEEEs
ssspeDDDAAANNg
sssPooddiiXXX
sspppEEDDIIx'SSS
SSPPaDDiXXXEEESS
sPPPEEEE
ssPPPaaaOttzLuu
SSPPAAAggHHITttO
SPPPAGhIIITTtiii's
SSPPuuuGGyriCCC
SSPahhii
sPOOkE
SSSpppaaaLll
SSSppaaalllaatiiooonnn
SPIIIMM
sspppeMmmeeeddd
SPaaMMmmmIIIrrr
SpppAAMMEErr's
sssPPAAAmmMMUUUrrrS
ssspAAmMiinnnggg
SSSpppaaammsss
SpaaaNNN
SpppoN'SS
sssPPPooNNNCCCeeLL
SppAANNNDEEXX
SSpAAANNNdddeexx's
sspppiiiNNNDrriLLL
SSSppINNNDrrEEELsss
sPPaannGG
SSPAnggEED
sspIIInGGInnng
SpANglEEE
SSPPPANNNGLLEE'SSS
SSSPPUUUNGLEEEDD
SSPPAANNGGGLLUUUs
sPPANNGGLuuuuurr
ssPANNNgLLuueeessT
sssppaaanGGllaNNNG
SSSPPeeNNNGLLYYY
SSSPPOnGGSS
ssPPonnEEELL
SpppaaanAAAAAAll'SS
sssPPPOnaaEEllS
SSppannnkkk
spppInnnk'SS
sspppUUnnnKKKeeed
SpppAAnkkEERR
SSSPPPaankeeerS
sPPINkuNNNGGG
SSppUNNNKKIIING'ss
SSSppUUnnKKiNNGGGsss
sppIInnKKKS
ssPPPAAnnnnnoDDD
SSpEEEnNNNEEERRR
SSPOOnnnnnIrr'S
SpAANnnoRRSSS
ssppinnnnaNG
spppaaNNNSSS
sspaRRR
SSPPEEER'ss
sppAAAReee
SSSpppaaRRE's
SSSppirrEdd
SSSpaRaLy
SSSpeeRRREnnEsssss
spppaarunnnEESSs'S
ssspAAARRoRR
SpIIruuuRRIIIbbb
sssPPAArrEEERRRIIbbbsss
spppARRAARaBSS'sss
SpppOORRES
SSpeeerrrEESSSTT
SSPPEEErrgaa
ssppaaarGGeeeRRR
SPPAARAAAddd
sspparrrIIdsss
spaarrUUUNg
SpppARRReennngggllyy
SpAAArrriiiNNNgggNeeesssss
SPPPiiirrrk
sssppaaRkk'ss
sPIIrrkUdd
ssppaRRRkkkAAArrr
SPArrKOOOoRR
sPPArKKKOOaaSSSTTT
ssppORRkkkuNNGG
SSpUrrrKllUUU
SSpppaarrKKKllO's
sspuRRRkLeeD
SSSppurrrkLLLEEEr
sssPaaarrkLLEErrr'sss
ssppArrrkLLerrs
SPUUURRkkLLLusss
SSpuRRRkkkllinggg
ssPPPAAArKKKleeNNgllyyy
SSSppparrkkkLLy
SPAAARKSSS
sPPPARRKKy
SSPPPaaarrlEEENNNG
SPorOOOIIDDD
ssppaaarrrrreeeDD
SSpeRRRRRIIINNGG
SPPPaRROW
SSpppOrrRIIIWW'SS
spAARRRRROOWGGRRRIsss
SSSPaaaRRRRRRiiiwwwHHiiwwwKKK
ssPPPIrrRRRoowwwhhaWWWKKKS
ssppaRRrOOWWsss
sPAARrrrYY
SSSPPPARRSS
SPPPErrrsse
ssPPPAAARRsseLLy
SSPaaRRRssoooNNNeeesssSS
SSSppIIIRRRSSSEEnEESSSS'SS
sssPPPAArrSSSeeer
sPPPaarsssIIst
SSSPPaaarSSATyyy
sssppparrsUUtyyy'S
ssppaaRRTTTON
sspparTTTeeuNNee
SSPPPuuuS
SpiiiSSSmm
ssPPeessMMM'sss
sppaaSSmmooDiiccc
sPPPaasssMoooDDDICCCILLLLY
ssspAASMMMss
SPPPaSSSTIIIcc
SPPPAAssttOccc'SSS
sssPAsssTaaaCCCiiillllllyyy
SpooosstAAACCAATTToooOS
sppiiiSSSTIIICoootttYYY
sPPPastiiCs
SppIItt
SSSPPot'ss
SSPPPUUtttE
sppIIteee'SS
sPPAAToSSS
SpppaTThhhOO
sssPPPAAATHee'ss
SSSpppaaThhhiis
sssPPAAtttHHIIICC
SpppattHHHooossEEE
SpaaattAoolll
sssppaTTEEEAALLLYYY
sPPPaTTIIIUUUteeeMMppoooRRALL
SSSpIIItttS
sssppOOtttUUUd
SSPPaaattteeeRR
sPPeTTTTeer'SS
sspIIttttEErDAAAssh
SSpppaTTttoooRRREEEdd
sPPPaaaTTTIIRRRiiinnngg
SSSPPPOTtUUUrS
SSSpppaaTTTTTuNGGG
SSSpaTTTuulllO
SPAAATTuuLLaaa's
SppputttULasss
SSppaaVAANNN
SPPAAAVViiNN's
SSpppaaViinnnEd
SSppUwwNN
ssPPAAWn'sss
spppuuuwneeDDD
spppeeewwnneeerr
sppaaawwwneennG
SSSPPPaWWWNSS
SSPOyy
SSPPAAAYYYeDD
SSSppUUUYYiiiNNg
SSPPPAAAySSS
SSSppeookk
spppeeeookkkAAbllleee
sssPPUaKKeeeAsOOOooS
ssspppaaUKuuuuSSSYY
ssPPeeeeeKUaaSYYY'sss
SSSppEEIKooorr
SpppeeeAAkIIIRRR'SSS
SSPeeaKKKeeerrrpHHUUnniii
SSPPeAAAkkkEEERRphhoooNuSSS
SSSPPUooKeeRRRss
SSPEEuuuKiiNNNggg
ssspppEEEAKKKiNNNgSSS
SSSpeeOOOKs
SSPeeoor
ssPPeIrr'S
sssppeeeurrrUUUD
SPiiiArEEr
sppEuuRRRFUUUshhh
SSSPPEEEaaaRRffIIIssshh's
SpUeeeRRRfffiishhEEDDD
spoooaRFiiSSShhuuRR
SSppooaaaRRFFFeSSSHHEEESSS
SpOAAArrrfoossshhaNGG
ssPPPeeAAARRHHHAAAdd
SSpIIIaarhhoooodd'sss
ssppIaaaRRheaaadeddd
ssppEOOORRHHHIAAddeeeNNNgg
SSpEAARRHHHAEEEDDDSSS
SSSpeERRinnnGG
SSpppEEEarrrmmon
SSPeeaaRRRMIIINTTT
sssPPPooaaRRmmIINNTTT'SSS
SSPPPeeaaRss
SSSPeeeAAArrrwwwoooRRRtt
sssppIIIc
sspEEEcc's
ssPPuuccEDDD
ssspppoocccccuNG
sspeeecaaaAAlll
spEEEcccUaLLL'SSS
SSPAACIOLLLIIsm
sPeCoooalllAASSMMMS
spAAACaIIlllIIIST
sPECAAULLuuuSSttt'S
SSPPeecciiEEElllIISSSTTICC
SSSPPEECCCiiiaaalllEsstttS
ssspppooCCeaaalIIZZZaatUUUuuuNNN
SSSpeeceeeAAALLuuuzzAtttIIIOON's
sppeeccIIalliizzzAAATTiiiiNNNSSS
spppuccIaaallliiiZuu
spppeCCiiilizzzOOOd
SPEECCoaLLLIIIZZZeeS
SSSPPPECoillluzziiNNGGG
spppEEEccciiiaLLllly
SpppoocIIIUlllnnneeeSSSSS
SPPEcccIaallss
SPeeCCCEEAAllttieeSS
SPeCCCiiiiLtyyy
ssPPEEcIIIaalttYY's
SSSPEEciiiaaTTTiiOn
SSSpeccIAAATiAAAnsss
ssppEEEccEEe
SSSpeCuuuE'SS
ssspppAAceOOs
SPPocaaEs'sss
ssspppeCCCIIIEEEssIIISSm
SppIccciiieessisstt
SSppEEECCafiAAABBlllEEE
SpIIICCCAAffaaaCC
sssPPPiCCCoooFFFec'SSS
sPEEcOOfIIIccILLLYYY
SpppOcccAAFFFiiiCaaTTTIIOOnn
SppOOOCIIIFFIIccAAAtttIIAAAnn'ss
sssPPPECCiffAAACCCAAATTTiiooonSS
SSSPPPOcccuufffiiccciittyyy
spEEECiiiFFFicccIIItYY'SSS
sspAAACiiifuCss
sppeeCCiFFFIIIIIIdd
SSSppEciiiFFuuuEErr
SSSPPPOCifuuEEErs
sPecaFFFuuueS
SPPECCoooffY
sspeecifYYYIIINNNg
sPPPeeCIIMEEENNN
ssPPecciimEnn's
SSPPEEECCiiMMennSSS
SpppeeccciOOOssIITTYY
SSPPPoooCUOUUUsss
sPeCCCiiuuUSSlYYY
SSpppECCIIOOOUSSNNNEEssS
sssppEcccIIIIIIeeeSnnEEEssSS'sss
SSpEEECCkk
ssspeeCCkk's
SSPiiiCCkkkEEddd
SSSppACKKing
SSppEEccKLe
SSpppOOOccKLI'SS
sPPEccckLLuDD
sspeeccKKKLLisss
SSpeCCCKKKLLONggg
ssPPPeeecckkkss
SpppeCSSS
ssPPEEECss'SSS
sssPPEEECCTeCCCLLE
sPPEccTEEcllE'ss
sPECCttEcLAAd
spUUCTEECCCLeSS
ssspAAAccTooClliiSS's
SSSPPEEEccctttucccallAAr
sPPeecccTTAAAcccUUlllER'S
ssPEECCCTTTiCEELaaaRRllly
sPEEcTUCCCaaLLEEERSS
SSpppEEEcttaaaTTU
sssppIICCTaaattAAADDD
sPPPAACCtaattuuuS
SSPPPAAAccTTaTTAnnnGG
ssppeeCCttaaattOrrr
SPuuuCCTTuuuttOOOR'SS
SSSPPPEECtttAAATTTuuRSSS
SSPPPOcccTTaattrrressss
SSSPPPEcccttteeeRR
SSSPPEEcTTTEEEr'ss
sssPPPeeeCCCTeeerrrsss
spppoooCTRRAAA
SpppaCttRRaaaLL
SPPEEECtttreeLLLlllYY
ssppeeccctRRoCCCheeMMISSTTTRRyyy
SSpuuccctrOGGRREEm
SSPPuuuCCCTTTRROOOGGrAAmmSS
sssPPEEECCTRRREggraaaPPPHHH
SSSPPecccTTrOgrraaapphuuuCC
ssPEccttRReeeGGGrraaPPHHiiiccuullllyy
ssspIIcTTRRREEgggrraphhSSS
sssPPPeeCtrrroGGRAAppHyy
spEEcctttRAAHeelIIIoGGGRApphh
ssspppeeCTTTrrrIhhIIIlIIIOOOSScoppEEE
SSPEEctttreeMMMEtttErrr
SSpppeCCttrrroooMMUUUTTTERR'S
sppECCCtRAAAMMETTUURRRs
SPPeccctRRaammmiiitriicc
ssPPPEEEcttRRROOMMeettRRRIIIEEES
SSPPPEECCCtttrroMMITTTRyyy
sPEECCtrrrOOPPHeetttOMetEEErr
ssspooCTTTRRoppphhaTTTeMMEEEteeerSSS
SSpEcccTTTRRRUUUppHHHoTTOOmmmEEETTTRRRyy
SSpecTRROOORRRaaddiiaaaMooottEErr
sssPPPicctrrrooSCoope
sssPEEccTTrrrooSCCCIIIPPe'SSS
SPPPIctrOOOSSScccaaPAAss
sppeCtttRROScOpppuCC
sPPOOcccttreeSSSCCCeePPPucAL
SPAAACCtrrrAAsssccuuPeeccaaLLlllYY
SPPPeccctttRROOsCCoooppIIIssTT
SSpeCCtrraaassscccOOppYYY
SSSPPPICCCTTTrooosssCCooppyy'SS
speeecccTRRaM
SSSPPECtrrrEmmm's
SpeeeccttrrUUms
sssPeCCCuluu
SSPPPeeCCCEEELLLUUUR
ssspeecculllAATTeee
sPPeeecULaaatttOOOd
ssspeeccuuuLaaaTTTUUss
sppuuCCCULLOOOTInnnGG
SpEccuLLLIttiiONNN
SpppECaallaatuooNN'ss
SSSPEcooLLLeeTTUUAAANSS
SSSpppeeCuullAttiiVooo
SpppEciiLatteeVElYYY
sPPEEEcUUULLAAATTOOR
sssPPecULLLaTToR'sss
sssPPPEEcuLLAtoooRRS
SSSPPUUUCuuLLUmm
ssPeecccaaallAAMMMSS
spppeDDD
ssspppUUUooocH
SSpppaaicH'SS
spppEiiccHHHees
sPaECCChIIffIIeeeD
SSpppuuuuuuChhIIIFOesss
SSSppoeeeccchhhaaFFFYYY
SSpEEuuuCHHAAAFFyyyIInnGG
sPPPeeeecHLEEssss
ssPeeeiiiccHHllessSSSLLYYY
SpOOOoCCCHHllleeeSSNNNesss
sssPooEEEccHHHLLiSsNiSSSsss's
sssPPPEEEcHMaaaKEEr
ssspEEEaCHMaKOOrrrS
ssspiieeechhMaakkkIInnG
ssspeaCCChhWWWRRRAttEERRR
sPPPeeeeCChhwwrraTTTeRRsss
SSSPiiiEEDD
SSppieddd'SSS
SSSPooEEDBBBELll
sssPPiiiEEEDDBiiAAAT
SPeeeuuddbbbooAAATTT'S
SSpeeeEddbbbooAAttts
sPPPIIIEEEddiiiddd
ssppiieeDAAR
sspEEeeDuuuRR'S
SSSPPPeeeuuDoors
sspaaaEEDDiiiEr
sspeeeEDIIIEEst
SppIIIeDDDiLY
SPeeeddIIINNEsSS
sssppUUEEdddinUsss'sss
spppEeeDInnnggg
SSSpEEoodinggg'ss
SSPUUodddoMMMAAtttoorr
SSSPPPuuuUDOOmmmIItErr'SS
SPPEEoooDOOOmmmEtttErrrs
sPoadsss
ssppiIIIDDDstttAArr
SSpppIIIEEEdddStORR's
SSSpEEEoodddSSSttAArrrs
sssPPPoooodUPP
SSSPPEEuddduPP'S
SSSpppEEEDDEEPSSS
ssPaaaEEEdddWuYYY
SppEEOODWWaY'SSS
SPPueDwaayyss
SSPEEidddwwwEEElll
SpppEEEeddwEELLLLL'SSS
SSpppeeeeddyy
SSSpppeeiSs
sspeeeLaaaann
SSSPPUUloooOOLLLoooGICCCAAL
SPPeeeLLEoooLLoGiissT
sppILEOOllloogoooSSSTT'ss
sspOOLLuiiilllAgggiiissstttsss
sssppUUULLLAAoluuGyy
speeeLLLEEOOleeegY's
SPeeeLL
SSSppEEELLlll'sss
ssPPPallLLLObbbLLII
SSPeeeLLLbinnddd
SPPOOOllllllBBunnDeRR
SSPPEEllLLbInDDDeeeRRR'SSS
SSSpEElLLLBBBOOOnnDeeeRRss
sPPuuuLlbbbIIINDDDEnnnG
SPPeeLLLBIInDDDss
SSPPPELLLLLBBBaaaNNddd
SSPPulllchhECCCKEEEr
SSSpiiLLLLcHHHeCKEERRRss
SpIILlllDDOOwwNNN
SSppIIILLLLDDOWNN's
sPPEEllLLddooWWWnnnSSS
sssppAllUUUDDD
SSpelllllERRR
SSSPPPUUULlller'SSS
SSSPeeLlllOOrrs
SSPPOOOLLLLunngg
sspOOLlIIInnng'S
SSPPAALLLLLeeeNNNgggs
SSSpEEllllsss
SppeeLLT
sppuuuLLLtooRR
ssPUULLuNKKKIIr
SSSpppeeeLLiiNKKKEEERRR'ss
SppIIILLLUUnKKKeeRRSS
ssPPElleNKKUUngg
sppEEElllUUUnKKKINggg'SSS
SpppeennnCCCi
sssppEEEnnnCCCirrr
ssspppEEEnDDD
SpppEEENNdOOObbblO
SSpppennndddeeerrr
sssPeeNNddOORRR'sss
sssppennnDDEEERss
sspANNdddonnnGGG
ssspppooonddiiinG's
SPendddS
SpEEnndddTHHHrrriFFFt
SpIIINdTHHrrrifTT'SSS
SSSpEEENNdddTTTHrrifffTTSS
spppEnnnttt
SSpeeoooSSS
sssPPPiRRRMMM
SSppeeermm's
sssppAArmaaceeeTTTII
SSPPPeeermmaaaCCetiS
ssPPPEERMIIRRyy
ssPEEErrrmITIIC
SSSpppErmmuutttuD
spppeeermAATToooddSSS
SSSppeRRMMaaattAUm
SSSPPPURRMMMAAATooCCYYTe
SSSpppeeerrmEEEToooccyyyttesss
SpppeeRRRMiiTTAAAggoooNNNOOamm
ssspEEERRMeeeTooPPhoRRRaa
SSSPPIIRRmmuuTTTOOOpppHYYYTTTEE
SSpERRRmmAAtOOOppphhyyTES
ssppEEErrrMMUUtUZZIIIAAA
sssppERRmmmAAttoZZZOOIDD
SSpppArMMMaatttOOzooIIIdSSS
SSPPPIIrMaaattuuuzOOOoooNNN
ssppiirMMMattuuuzzoooANN's
sssppEERRMMMiCCC
sPPPErMMMiiicOOdddaLLL
sspppuuurMMMAAACCaaadeee
SSPPPAAARRRmoooccoDDEEE'SS
SpppErmaaacUUdEEEsss
SSSPPIIrrrMMEEnnneee
ssspErrrmmIuuugennneeeSIIIss
SpeerMMooggONNiium
sspperMOOOPPPHHiLLI
SSSPoorrmmaPPHiiillUUsss
SSPOrMMMUUUPPPHHYYYTTTuuu
SPPPeeeRRmmmUUUoooSS
SSPPPEERMMMs
ssspaarrryllIIITTeee
SSSpooossssssARRTTTITEEE
SSpiw
SPPPEEW'ss
sspEEEwedd
sssPEEEwwEErr
SPEEwEEERRR's
sssPPEWArrss
SPPEEEWINNggg
SPoWWss
ssphaaaCCOlleS
SPPHHHUUUgggnUUUM
SSphhhAAGGnnoooM'SSS
SpHHAGGnnuuuMS
SPHIIILarrrAAATTU
SpppHHaaallleeeRRIItttAAASS
ssphUnnee
sspHHHuNoccc
sssPPPhhuuuNoogggRREEm
SSSpphhhEnnoEEEddd
SSSpphhheRRiii
SSSPHHUUrE'SS
SSSPPhhhIrESSS
sPPhheerrAAACaaLL
SPPhhhArrOOCCALllyyy
spHHHeRRReeeccuuuTTTaaeesss
sspHerrICCIIIttty
SSSPhhAAArroooCSS
sssPPPhhooorrAAAiDD
SSSpppHHooRRoooAD'SS
sssppHERROIIdddeeelll
ssPPPHOORRRAOOddoooCATTTyy
SpppHHHooorrrAAAAdsss
sphIIIRRuuLLLEEE
SSSPPPHEERRRulEss
sspHHHEERRRuuulOOTTTEEE
spppHEErry
SPhhhIIInnnccTTeerrr
sssPhhuuNCTTIIIRRR'ss
SPPhhhAAAnnccterrEEl
sPPPHONNNCtEERaaCC
ssppphhinnnCCCTeeeRSS
sPPPhhheNGGEEss
SSSPHHannnGGGooSIIIniii
sssppHHHAAnnnXXX
ssPPHHHIInxx'ss
SSSPPPHHEEEnnnxxus
ssppphhIInnnxxxLIkkEEE
ssPPhhhyyyggMMMaaaCC
SSSPPPHHYYGGGMMMeeGrrraaappHH
ssspppHHHYYYGGGMOOOIIDD
SSSppphhYYgggMAAMMMEENoomAAttaaaR
SSPPPhYgggMMMOOMAANNOMMUUUTERRSS
SSpppiiccc
SppIccca
SSPPPOOCCCuuuTi
SSSPuuuCCCaaatttooo
sssPPiiicccaaa
spACeee's
SSppIIccceBBEEERRRrreeeIIIS
SSSPPPuuccEEbeeerrRYYY
sssPIIcccuuuBBEssH
sPPeeCIIIbbUUShhEEsss
SSppIIIceedd
SSpppiicceeeR
ssspppUUUCCCEsss
SSSppOOCCAARR
SSpppEEccceUsssT
SSpppIIccceeeLLLy
SSSpiCCoNNNEEsSS
SPPIIICAAnnnuuSSSSS'S
SPOCCCiiinnnG
sssppuCKK
SSPiiicKsss
SSSPIICCCS
sPuCCCillEEE
SpICuuullAATE
SSPPPIICCiLLLi
SpIccuulee'sss
SSppiiCUlllEEEss
spIIIccuuliiimm
SSpAAAcy
sssppIIIddeeer
ssppIdeRR'ss
SpAAADEEERRIIeerr
ssspIIdIIIrrriiiEssTT
spOOODDDEEErrs
spiiDDarrrwEbbb
sssPPoddderrWEEb'sss
sssppiDDAArrwEEbbbSSS
SSSpppEDDDURRwweeRTT
SPuDEErrwwOrtttS
SPPPIDEEErrYY
ssspiiiEEED
sspppiieeeggiiiLLuuuAAssaaaNN
SSSPPPIIIEEGGGuuLoIIISSennSS
SSpppIIIoool
SSSpOOOeLL'SSS
SSppiiooolllEEEDDD
SSPPiiieelllERRR
ssPPIelllOOOnnnGG
sspIeeelSS
sppEEEIRRR
SSPPIIEsss
sPIFFFFF
SSPPPEEffFFOOODD
ssPPPiffFFFiiEERR
SPIIfffFFIIIeeSSSTTT
ssppiiiFFeLY
ssPPPOOFfIIINNNggg
SSPiifffffsss
SSSPPuuufffYY
SSSPPPIIGGOT
ssppIIIgggottt's
SSPPPogggUTss
sssPPPuuKUUU
ssPiiikkke'SSS
sssPIIKKKuuDD
spppEEkkEELLoTT
ssppiiikOOLEEttSSS
SppIIkeeNNarDDD
sppiKKooNeeeRdsss
SSPPiiiKKKEEESS
sssPPPIIIkkIIeRR
SPPPookIIIesTT
sPPEEEKKKinnnEEESSS
SpiiKKKeeeNNNessSSS'S
ssppiikkkeeenng
SSPIIIKKKyy
sPIIILLu
sPPPeeelllOsss
sPPollLLL
ssPiiiLl'SS
SSPPPaLLLLLLuuubbLLe
SSPuuulllloooGGGEEE
SSpuullllllaaagee'ss
SPPIIllllOOOgggEsss
SPPPaaaLLaddd
sspppIIILLLlllEERR
sssPPPiiLLLLIInngg
SSpppoooLLLLooovvvuuR
sspppILLLLLoooVVeeeR'SSS
SSSpOlllooVVEEErrrs
SSSPEllllls
SSSppooolllLWWWIYYY
SSPiiiLLlllwaY'S
ssPPPOllllWOOOYYYS
SpIILLttt
sppen
sssPiNNN'SS
sssPPOONNUUUcccH
sssppiiinneeeCHH'SS
spInnAALLL
SPPInnAlll'ss
SPiiiNNNEEElLLYY
sssPeeennnaLLLS
SSPPPooNNDDDlllEE
ssspIINNNDDDLLee'sss
SpIIINNNDDLLeeD
sssPPaaNdlllUUULLLooGss
ssPIINNNDlleeesss
sssPPAAANdddlllUERR
sppIInnnDDDLeeIIsssTT
sPPPIndLiinngg
SSppUUNDDlYYY
spppOOOnndddRRIffft
SSSPIINNNDRRRIIffTs
spppiiNNEE
SSSpiiNNee'sss
SSppAAnnooL
SSpiiNNEEllEEESSSS
SSSPPPiNEllIIISSsssLLYYY
spppuunneLesssSNaaassss
SSPPiiNNELs
SpppINess
sssPAAAnnIISSSCCEENT
SSSPPIINeeet
SSPPennnOt'SSS
sPPooonETSSS
sssPPPIIINNNiiiERR
SSSpiiNNOUUUSSST
SpINiiFFFEEErrAuuusss
SSSppIINiiifaaxxx
SSSPPPiiinnNNNIkkeeR
sssPInnnnnnaKEEErrr'sss
SSSPPaannNNUUUkeeers
sPPPuunNNeeer
sssPPPEENneRR'sss
ssPPPUUUNNNnneerAATTT
SSSPPPIINnArrut'ss
spppAAAnnnERETTTsss
SpennnnnEERRS
SSSpUUUnnnnnAAAyy
SSpIIINNNNEEEYYss
ssspppoonnnnIInnngg
ssspUUUnnnnnnunnnggg'S
sssPPPINNNOOdEE
SSSPPIINNOfffff
SppeennOOOFfff's
SpaaNOOOfFs
SSSpppeNNNoSuuu
SSpppiinnnOOOOSSS
SSPunnnsss
sssPPOOONNNSSStEEEr
SPPPiiiNNsTTTeeerrr's
SpppINNssTTeeerrrhEEoD
SSPPPOONNNSSTeeeRRRHHEEuuuDDD'SSS
ssPPPIIINNNSSTeeerriiisHHH
sPPIInnnssteRRRs
ssPPPIIInnnthhhaaarroSSCIIIpa
SSpppinnnUULEE
SppIINNNyyy
ssPPiiirrracccLEEE
spppiRAACLAA'S
sPPPoooRRRecccllEEss
SPPOrrrAeeeii
sssppiiiRRRaaaEEAAA'S
sssPIIIRRooooooEEES
SSppariiil
sppIIIrrEEEL'sss
ssppEEraleedd
SSPPIIIrAAlliinnGGG
SSSPErrrOOLLlledd
sppIrrrOOlLLLINGG
ssPPOOOrrILLllyyy
sssPoooRRaaaLLs
sPPIIReenT
SSppIRRaaantS
SSSPPirOOO
spAAARee's
SPiiRoiii
SSSPeRRRIIaaa'ss
sPPPUrreAs
sspppiRRReLLeeett
sspirimE
spOrrreesss
SPPiRReLLLLLee
SPPiRELlluMM
SSSPPIIIrrrIIIT
ssspIreeettt'S
SSSppUUUrrrIITEEdd
SSPPIIrrriittIIIddLYY
SSpORRRiiiTTTinnng
SPPiiRRRIIITTesm
ssspppiiRRRoootLLASSsss
SPPPiirrIIttaSSAAA
sppiiirrOOttts
SpIIIRRRIItiiAAAl
sPPPIIRRaTTTEAAALL'sss
SSPPIIrrrIIITTuuIIlllissm
ssspIIRITUUUeeLLiissMM'SSS
ssPiiiriiiTUUUULLIssttt
SSSpppuurrrIITTUAlllAAAST'ss
sPPPIIrrraatuAALLLAAStiic
sspiiiRRIIITTToooeeLLLIIISSSttS
sPiRRRETTTAAAlllIIItttY
SPPiiiRRRIItUUAAllliitttyy'ss
SSSPPooriitUUUALooozzaa
spparritttOOaLLizzoddd
ssPiiiRRiitUALLAziis
SPariiTTiaaaLLIIIZZIIING
SpppiiRIIttteeeaLLy
sspIIrrruuutUUAAALs
sPPPooRiiTIAAltttIIIaaaSS
SSPPParIIttteeeiLttY
SSpppOOORRiiitOOOeeeLL
ssPPPeerrriiittAAAeeuuuSSS
sppIIIrrkkkATTAnnGG
spoorrOOOCCHHAAIIttEEE
SSSPOOrrrAAACCHHUUUeetII'SS
SpaReCCCHUUUaaaTTusss
SPPPuuurrrOcHHEEteee
sssPPIIIreeCCCHHetEE's
spIIRIcHHHEttess
ssppiiirrooocHHHEttoooSSSIIIsss
SSpooorrrEEGGrrAPPPHH
SppuRRROOOGGGRRRUphsss
sspppOOrrooGGYYRAA
spppiiRRIIgggYYrraas
SSpIreeaaaDD
ssspppAROOmmettEEERR
SSPPirrtt
SSPIIrrTTEEddd
SSSPPiirrrTTTuNG
spppIIRRtttSS
sPPPERUUUlllAA
ssspppiiiRRROOLLaaaS
Spppiiryy
ssspppIIItt
sssPiiT'SS
sPItttAAAL
SpppUUUtbAAALLLl
SSPItttBellllll'S
SPIItBaaLLLLS
sssppETTTeee
SSPPPuuuttIII'sss
SPIttteeDD
SSpIIItteeFFuL
spppITTTUUUfEELLLlllERRR
sppEETTTeFFFuuLLLLastt
ssspittEEEFUUlly
sPIIITIIIFFUUllNNNAAssss
spppIIITOOFuLLnnnEESSs's
ssspaates
sspiiiTTffIIIRREEE
ssppITfIRRe'SS
SSSppiiiTTTfffiReeesss
sssPPPItOOOnnnGGG
sssPiTTTSS
SSPIIIttttEd
sppitttttEEEr
sssPPATTTTTiNNG
spppaaatttttllee
SSSppIIITTtllli'ss
SSPAATTllAAbUUGG
SSpAAAttttllUbAAggs
ssspppIIttttaaUN
sssPPiTTTTTTiOOnnn'sss
SSSppITtoonnss
SSSPATTZZ
SSpppuuttZiis
sPPiV
SSppevvvs
ssspLLLUnChhhnuCC
SSSppllAAnnchhnnnOOOllloGYY
SSppLUshh
SSppplllAAAShh'sss
sPlEEEsshhbbIIarrD
sssppplIIISSSHbOOaaRdSSS
SpplEsHdddAAAwwNN
SPlllaSSHDDAWWN'SS
SSPPPlllaSSShhDowwwnnss
SSPPLLLaasHHHuud
SpppLLAAAsheeR
ssspppllaaaSSSHHHoos
sPPPLasshIErrr
sssppplOOSSHHHIIIeeesstt
SppllooosheeeLLLYYY
ssPLLaaSHHIneeeSSSSS
SpppLaaSSHHIIInnneSSSss'SS
sspLLLAAsHHooNNg
SPPlllaaaSShY
SPPllooTTT
sssPPlEEET'sss
sPlaaaTs
SSSPPllatttadd
sssPPlAAATttEEER
SSPPPLLATTTTEEERRR'sss
ssppplAAAtTEEERRReeeD
ssppllaattttttEEErrOnGGG
sPPlaattttttEErrrSSS
ssPPllAAAtttTTTUngg
SPPPllAAy
SSPLLLAAY'ss
SSpppllluuyyyiid
SSplluuYYFFFEEEoot
SSPlllAyFFoooOTT
SplAAYYYFFOott'ss
SSppplleeeyFFFoooiiTUd
SSSplllaaayOONNNggg
SSppLoYSSS
sspppLLLeeEEENNN
SSPPllEEEIIInnn'ss
SPLLEENNNffeLL
sspppluueeeNNNsss
SpplEaannnWOOORRT
sspLIIIeeeNNwOOrTsss
sssPLLEEEennnY
SplllEnnnDDeeNNTTT
SSPllEnnDDiidd
SSSPPPlEENNDDDiidERRR
SSPLLLooNdIIdddEEsT
SpLLennndiiiddLYYY
SPPPlleennnDefffERooooooSSS
sssPPPLLAAAnnndUrrr
ssspllOONNdderrr'SS
sppLeeeNNNDDDOOORRROOuuSSS
sssPPlUUNNNdORRSS
SSppLLLEnnndrOOOeess
SSSppLeeeneCCCttOOmmeeeeesss
sssPLLLiiNicccttAAAMy
SSppplAAANNNeeettIIccc
SSSplllaannneettiCCCAAllLLLY
SSPPPllEEENNNooc
SSPPLLENeettEsss
SPLUnIuus
ssppLLeNNiiMMMeeggAALLUUUOOOSS
ssPllEEnnOOmmmeGGAAAlllyyy
SSPPPLLLiiccooo
ssppLicccee'SSS
SPPPLLLoooCCId
sssPPLLiiiCeeeRRR
ssspllIICCCIIIRR'ss
SSppplllAAACCerSSS
sPPlAAACESSS
sspppLiicUUUNg
SSSplIffffff
SpLLiiiFFFFFsss
SppLLUUNee
ssppplllaaNNEEED
SppLLLiNEEES
SSSPllliiinnnTTT
sssPPLennnt'ss
ssPLLINNNTTTeeeDDD
SSSPPPllliiNttEErr
ssPPLLooNNtaR's
SSPPLLooonnTTTEEErrrod
spppliinnntttEERaaannnggg
ssPPPlleNNNttteeRRss
sspleenTEERRRYY
sssPllliiinTTiiiNg
SSSPllaaNNTTTss
SSSpppLUUUT
SSSPlleeeT'SS
ssPPLLLAAAtttSS
ssPPPLLLiTTtuuuR
sppletTTTeeeRSSS
sppLLetttEEENNNG
SSSPPlITTTTIng'S
SSSPLLETTTtOOONNGGGS
SSpppLLLooDDGGGeee
SSSPPPLLooDDDGGGiiss
sPPPlllooRU
SplllOssHH
SSSplOShhiiiD
SSPPLAsHHHaSS
SplUUUSSSHHiiiNNGGG
sssppLLoootccHH
SppLLotttCHH'ss
SpllleeeTTTcchhUUUddd
ssspppLLoTTTcchhusss
SpllUUtCHHHIeeerr
ssspppLLAAAtttcchEoSSSt
sPllleettCCCHHHaaanngg
SSSPPLLOOtttCCCHHyyy
sssPPPlluurgee
SSPPPLURRga's
spLLUrrrgggeeeDD
sssppplUURRGGGeess
SSSpplluurGGGUUNNNGGG
SSPPPLLutttTTeR
SSSPlluttoooR'sss
SPPlllAATTtttOOOReeD
ssppLLLUUTTTtteeRRINNggg
SSPPPlllUtTTTErrS
SSSpppOODDuumEEEnnO
sspppodoMonEEEs
SpAoooLLL
SSSppooIl'SS
SSSPPPooAAAlllEEGe
sppEUULeeGGGEEE'sss
SSSpppiiiLLED
SSpooiiiLLLeeeRRR
sPPPOOOAAALLArr'SS
spiiAAALLEErrSSS
sPPOiilFIvvve
SSSppOIIlllEnnggg
ssppOOUUlsss
ssPPPaailllSMMMaannn
SPPPOOiLSPPPOORRTT
spOOOeeLLLssPPPORRTTT'ss
ssPooooLSSSPPoorrrttS
SppaaaIIILLtt
sssPPPEKKKO
SSSppEkkkEEE'S
ssPPAKKKUUnnn
ssPPoKKeeSSS
SSSPPPAkuuSSSHUUUvvuu
SSSpIIKKKEEsHaavvvEESSS
spppOOKUssmmOOOnnn
SSSPPOKKKuuusMMMIINNN's
SPPPOOKeeesssMMMUUUN
SSpppoKKESSSppeaplllE
SSSPPOkkosPeeersssOOOnn
sssppOOkEEsppAARSoooNNN'SS
SSSpAAKISSPPaarsssuuNs
SSSPOOKKeeessWommmANNN
sppakkkEEESSWWWOOOMMaaaN'sss
sspOOOkkiiiSWWWooMMMoNNN
SpppAluuOOOtttEEE
sssPPOOOllieettiIINN
SSPooliaataaaoooNN's
SPPoollliiiIITTTOOR
SpIIInDDDuuooCC
ssspppoonnndIAA
ssPPPuNNDAAeeess
SSPonDDYYLeettOOOss
SpppOOONDYYLEEETTTaasses
SPPinnnGGa
spppOONgge'S
ssspppUNNNgacccaKe
sppooongggEcaaKa'SSS
ssspOOONNNgggidd
SSPPaannGGeerr
sPPOONNNgggErrr'sss
spoNggiiirrrss
sssPPOONNNgggAAS
SSPOONGiEEErr
ssPAANNNggAAaaStt
SSSpppIIInnnGGGIIFFFEEERRRM
spppooonnGGGInnn
ssspppIInnnGiinnUUUsss
SpoNgEEENeeSSsss's
SpuNggINg
ssPPPannGiiioobbbLAASSSt
ssspppEEENgYYY
sppponnnsAAAnn
sPPOOONssUr
SSPiiinSSooor'sss
ssPONsUUURRREEdd
SSppooNsorrrINg
sppOOONsORRRss
sssPOONNSSSOrrssshhhIIIp
SpppIInnSSSeerrrsssHHip'S
ssppannnSSUUURRshiips
SPPUntEENuuuUUtttYY
ssPPPoNNNTaannnEIITTTYY'SSS
sPEENNtttiNoooOOaas
sppponttUnnEEoasLYY
SSpOOnntOooNN
sspoOOfff
SSSPPOUUUFFF'SSS
spppaaaoofffeDDD
SSPPPooooffeerYY
SSSpppoooFFOOnnG
SpAAAOOOFFSS
ssPPoooooK
SSPPPaaOkk'sss
ssspppOOOeeeKEED
SSppoooooKKKIIIEEErr
sssPPPOOOaKoooEsssTT
SSpoEKiiiLLLYY
sPPiiiokkiiNNNEEEsssSS
SSSpOOOEKKEEEnneSSSSS'S
ssppOOOOKKUnnGG
SSSPPPOOOEEKSSS
SSSPPoeKKKY
sssppiOOOL
ssspOOOiLLL'ss
ssppeeOOOled
sPooollIRRR
spUUaaalinnng
SSppuuuAAAls
SSSpuann
SSppooaannn'SS
sspoooOOONbbbilLLL
sspppAAAONNBBiLl'S
SpOOOEEnBiiLLllss
sPOOOOndrrrAAAffTTT
ssppooouNNDDRRRiFFtsss
SSppIIinneedd
spppeeeAAANNNiRRuuuSSSMM
ssppooOONNNEERRRIIsssMM'ss
sssPPPuOOONeRiSSmmmS
ssPIIIoNNNFFFaaaDD
SSSPPPoooonnFFFEEaD
SSPPOOOOnFFFEEEEEDungg
sssPOEENNNFFEEEddds
sssPooonnfffUll
SSPPaaonnnFuul'SSS
SSSPPOOOANNNFFuuuls
spaaonninnGGG
ssPPOOEnnS
ssPPIIuuNNNsssfffuulll
SSSPPPooiNNNy
sssPiiIIr
SSppIooRR'ss
sspppoooOOreeddd
ssPIIOOOrrriiiR
spppoooorIINg
sssPOOOOOOrS
SSpOrAdIIc
sssPIIIRAAAdddIcAlLYYY
SSppUUUrrriiinGoEE
SSPPPOOOrrraaNNggoooUUmm
ssPPPAReee
sssppORRi'ss
ssPOOOrreDD
SSpparEsss
SSSpoorrraaaNNGG
sPPoooroocccARRRP
SPPPAAAROOCCUURRpSSS
sPPiiirOCCCyyysssT
spppUUUrOcccyyyTTTE
SpiiiRRROOOgENNNessiiss
sssPPooRROGGooNNNOOIIIMMM
sppARRROOGooNNY
ssppoooRRROOpHOOREE
spppAArrIIpphhoorrrEEEs
SpporrrAPPHYYlLLL
sssPPOOORRRoopppHHyyyllllllss
ssspppoROOphhYYTTee
spEroppphYYtaas
ssPPPooorrUzzOiittA
spIIrrruzootteeess
SSSpppOOrrrraann
SSSpppOORRAAAnnsss
sspiRTTT
ssPOrrTT's
SSSpppaaaRRRTTTaddd
sspoooRRttiiieeRRR
SSPPUURRRTTuuuESSStt
SSPPooorrTTILLYY
sppORTTTIIINessss
ssspooorrrTiiNNNeessSS'sss
SPPPErrttUUUngg
sssppOrttiiNNggLLLyyy
SSPPPERRTTTIvve
SSpooRRRTTTEvvvEELLLYYY
SSPPPOOOrTEEVVENEEssSS
sPPPeerTOVVENNNEEsssIIIss
SSpooorrrttts
SPPPaaarrttssCCCASSST
spppAAArtSSSCCOssstt'S
SSPPPOORRRTSSScccasssTTEERRR
SpirrTTsCCUUUSSStAArrr's
ssspooorrTTSSScccAAAstttiiirrsss
ssspURRRTTTSSSCCCassTaanGG
SPPirrrttsssccOOOsTTS
SPPOORRtttSSMMMAAAnnn
ssPPuRRRTsssmaaann'sss
SSSpOOORRtttsMMUUUNllUUUKKKuu
SPPPiiRTTsmIIInssHIP
SppoooRTSSSmmmaaaNNsssHeePPP'SS
ssPOOrrrTsssmUUNNN
SSSppoRRRTsssPAAuuuPPllEEE
SPPerrrtttsPerrSSSOnnn
SSpppaaRRttssWUaaarrr
SPPPAArrttSSWWEEaarr'SSS
ssPPiRRTTTssswwwOOmmmaaann
spuurrrTsWOmmmAn'S
SSpOOrrrtttSSSWOMMMeeNN
ssppperTswRReeTTTeRR
SSPeeRRRTTTSwRiiitttoooRRR'SS
sppaRRRTSSWWWrrittIIIRRRS
SPPPorrTTswwwRAATTinngg
SppOOOrrtttyyy
SSSPPPOOORRULLLAAtUU
sppOORoolllE
sppiT
SpeeeTT'S
SSSPPoooTTTLLEEESSSS
SSPPAtttlleeeSSSsLLYY
SSPoottLLLESssnnnOOOsSS
ssspppOOttLuuusSSSneeSSss's
spoooTlllIIIggghhhttt
ssPooTllAAAggHHHTTT's
sPPPOTTTllIIIggghhhttED
spOOTTllIIIGGGhhhttiing
sspottliiiggHHHtts
SSPaaTLLLeeet
SSPPOOTTSS
sssPPOOOttTTTIIDD
ssspppOTTTTTERRR
SSSPPPatttEEErrr'SS
sPPOtttTTTeeerSSS
SPPPetttaaaerr
SSPOOttTTTIIIIssst
ssPPPAAttTTiillyyy
ssspUUtttTTaNNNessss
sssppuuttttttineeeSS'S
sssPaatttttiiiNgg
SSpppootTTTYYY
spOOiiisiiil
ssPPuuuusAAAll'sss
SSSpoooISSaaLLS
ssPPOOiisssee
ssspIuSSSuuu'S
SSPPOOOiSSeeS
ssPOOOAATT
sPPPaaETTT'SS
SSppoooAAAtIIIddd
ssppoUUttER
SSppUuuutEENGG
SSPPOOtSSS
SSPrrraadDDLuuu
SSSprraaGGG
sppprrOGGsss
SpRROOOIIINNN
SSppRREEEEEEn's
SSPRRRaaiiiNNOOODD
SSpRRaaaiNNiNNNG
SSSpprAAAiiiNNS
sPPReeennGGG
sppRRaaattt
sPRREEt'ss
ssprAAATs
ssPRRiWWLLL
SSPRooWWll'SS
SSPPRRaaaWllEd
SSPPPrroowwwlllInnGG
ssPRAWLS
ssspRRAyy
SPPRRiyyy'SSS
sssPPPrrAAyooDD
SPPPrrrEYYEErr
sspRRRuuyyyEErrr'SSS
ssPPPRRAAAYerrS
sssPPrAYiiiNNNGG
ssspppRRaaaySS
sspprEEaaaDD
ssppprrriiId'SS
sspRReeAAAddaabbbLLOO
SPRRRoooadiiAAgggLLOOOD
sspRREEEAAADDDUURRR
SSPPrrraooodddaaRR'SS
spprEEEoDDDeeeRSSS
SpprrrEEEUddIIngg
sssppprEEIIddSS
SSSPREEODsssHHHEEtt
spppRiiAAdddSHHEOttt's
SSPPPrriiiAAAddShhuuOOTTTSS
spprEEECCHHgggessaaNNGGG
SprEEAAA
SPrreeOO's
sssPPPRRIIOOOd
SSSpppRRIIEEIIINg
ssPRiiiIIS
sPRRReeeEEEr
SpprrrIIAAsTT
spppREEEggg
ssPPrEEggg's
SSPPRRiiiGGGGGGEEd
spppruuuGGhhttllAoorrr
ssspppRRRIIIggghhhTliiieessT
sssPPRRRiggHHHTTTliiiNEEEsssSS
sPPRRRaaaGHHHTLLiiNNNAAssSS'ss
sssPPPRRRIGGHHHTTllYYY
ssppprrIGGss
sssPPrriingg
spRRIInnnGG'ss
SSppprrrUUNgggBBBooArrDDD
sPPPrrennnggBeeeAAArrrD's
ssPRROnggBOOOOrdddSSS
SSSPrrriiiNNgBBBOOOkkk
SppprrrinnGGBBOOkk'SSS
SPPPrrriiNggBBBeKKKSSS
SSppprrInGAAA
sssPPrEENNNgggAr
sppRRinGeRRRsss
SpppreeennnGGhhALttt
SSPrINNgHiiiaad
ssPPriiinghhhOOuusseee
SSSPPPrrrInngIIIOOrr
sssPPrIIInnnGGiEEESST
SSPPPRRRiiNNNGGGIIIlY
ssPPrIINNNGinnEESSsss
sssPRuNNgIIINNNEEESSSS's
sssPPPRRoooNNNGEEEnnnGG
SPPrrroooNNNGGGLOTT
SpprrIInnnGGGleekkkE
SPrraaNNNGs
SpppReeenngTTAuuuL
SSpprriiinGTTTAAiLLLSSS
sPPRUUNGGGtttiiMMee
SSSprriiinnngggTIMMMuu'SS
ssspppRRiiNNNGGwwoooOOddd
SSSPrinGGYY
SPPROOONNNkklEE
SpprrriiNKLLu'sss
SSSPPPRRRiinnKlllEDDD
SSSprrInnKKKLLEEEr
SSPPPrraaaNkkkLLaarrr'SS
SSSPrrrUUUNNNKLLLEErrrSS
sppprrriNNkLLLEESS
sPPrENkllaannnggg
SSSppprrriNNNklANGG'SS
sssprruNNNKKKLUnGGS
sprrIntt
sssppprrrooNt's
sPPRuuNteeeDDD
SSSPRIIInTTTEErrr
sssPPPRIIInnnterr'SSS
ssPRRiNNNTTTEErrS
SSSPPPRREEENTTUUUNNgg
SSSpRRRIInntttsss
SSSPRRiTT
SSPriiiTTTeee
SSpRIIttteee'SS
ssspRREEToSS
sPPPrrEETTTs
SSPPPrIIITTTSSSeeeaal
SSPPRRRUTTssuuILLS
sprriiitttz
ssPPrrriiiTTTZZ'sss
SppRRItZZAAAD
SSSPRittzIR
SSSpppRittzzzEEr'SS
SPPrrriiiTTTzorrs
SSSpRiiiTzzzEEESSS
SPPRRiiitttzIIINNNGG
ssspppRACCKeeettt
SpppRRaaCCkkeeT'SSS
spROOOcccKKKEtts
SSpprrrig
spROOOgggs
SSSpRRRaauuuTT
ssPPPRRoutt'SS
SpprrrouuttteeD
spRRROoTIInnnG
ssPProutttsss
sPPRRRuuCE
ssPPrrrooCCCee'ss
SSSpRRRuCCEEEDDD
SSSPRRRuccciiLY
SppRRuuuceeNNeeSs
SSpppRRuCeNNNessss'sss
ssppprrruuuccEER
SSPPPRRRuuuccIIISS
SSprruuuCCCeeessT
sssppprrrOcccinnnggg
SSppprrUUUoo
SPPrriiieeeSSS
sssprrraaaiiik
SPrOnggg
SSSppry
SPPrryyEErrr
sPRRRyyyuuuSSSTTT
sspppRRYYLLLyy
SSppprYnnniiSSSS
sspRRRYYNNeesS'SSS
sssppuud
ssPPPOOODD'SS
sssppuuuDDSSS
Spueee
SppAeDD
sspOOOEEsss
SSPPPuuIINNggg
sssPPPuumEEE
sspppiimmee'ss
spuuMMEEEd
SSSpuuMeSSS
sssPUmEEssscccENNNTTT
SSpUUMiiiuuR
SSSpoooMiieeessttt
sspUUUMInnG
sPuMOONEEE
SSppUUUmmmooonEEE's
ssppUUUmOOOnnnOOO
sssPEmEEEnnneee'SSS
spuuuMMOOuuS
SSppImmYY
SSSPPPuN
ssspAAnnnkkk
SSSpppOOnnnkk's
sPOnnnkkIEErrr
sssppIInnkaeesst
SSSpuuNNNksss
sssppUUUNkkyy
sssPPUUrr
ssperrr'S
SpppUURgggE
sspppURRRggEEE'S
SSpAARAAoouss
sppuRRRIIOOUUSSSLLLy
SSSpuuRRRiiIIooosssnnEsS
sPPPuuurrUUUuuuSnnUssss'S
sppuRRRnn
SSSPPuurrrNIddd
SSSPPPaaaRRRnneeRR
SSpUUUrrNNNiiinnng
ssspiiiRNNsss
SSSPPArrrrrAAAD
ssspUURRRrrrAAERRR
SPPIRRiiiNGGG
SSPPPOOrrrRY
SppURRRS
sppuuurrTTT
ssspeeeRRTT'SSS
SSSpppUUURRteeeD
sspEERRRteeeNG
SSPPuurrrttllii
spppuuuRRRTSS
ssspuuutE
sPuuuTTnniiKK
SppuuuTNIIIkkk'SS
SSSpAAAtttnnikkSSS
SSPPPEEETTTTeeerrr
SppUTTTTEERR'sss
SSPEttttaREEEDDD
sssppuuTTTTeeRRREEEr
SSSpppuuttTTTUrIIInnngg
SppIITTeerrrSSS
SPUTTOM
ssppUUtuuum'sss
SSPPPy
sPy'ss
sspppYYGGGLLISS
ssPPPYGGGLLUUSs'sss
SSpppyyGLLLAASSSSAs
sspppYYYhhoolUUU
SSppyyyINNgg
sssPPyEENgggS
spppyyyMMiSStEER
sspYMMIIIStooorrrSS
ssqUUUAAAbbb
sssQuuaaabbb'SSS
sQeAbbbbLLLE
ssqqaOOBBBLLeee'ss
SSSQQQuuooobBBBleDD
SSqquibbbLooorr
SQQQaaABBBBBLLLEERRR'SSS
sssqquIIIbbbLLErrrsss
SquaaBBBbbbLLLEEsss
ssQQQUiiibbbblUUNggg
sQiIBBss
SqqqOadd
SSSqqquuuuDDD'sss
SSqqqUaddrrronnn
SSqqquOODDrroN'SSS
SSSQUaaadRRaaaNsss
SSSQiiiaadsss
SSSQQuALLuuuNE
ssqqqUUeeeLLLIID
sQQeeAAAliiduRRR
sssqqqoooeeeLADDDESTTT
sssQQQeeeAAlllIIIdLY
SQQQuuuaLLoDDDnEEEss
squuuAAliDDneeeSs'SSS
SquuuAALLL
SSSQEEEoooLLLlll'SS
SSqquAALLLLLooodd
sQQQeeeallIIeerrr
SSSqqaaaiilLLiuuuSSTT
sssqqEAAALLLLUNNNgg
SqqqueeLLs
SSquuuUUULLLllYY
sssQQQUiiillleeR
squaliir'ss
ssQUUUAMMAA
ssQQQuuuaaMMIITiAAnnn
sssQQQuuuAMMEEE
sssQQQAAAAMUUSalll
SSSqaaaaaaMooSSSee
sssQQQUUUaaammaaUUS
ssQQQuueMaaLosssee
ssqquanDDDER
ssQQQiiiUNddeeerreeDD
SSSqqqUUUAAnddEEErrrARR
SquOnnnDEReerrrs
SSQQQeUUUNNNDEErrrinnng
SSqquaaandEEERRRSS
SSSqqUUUAAAReee
SSSQQAAAORReee'SS
ssQQuErrrAddd
SqqUUUArrrEElllyyy
sssqqUUuuuRREEnnnUSSss
SSQQEEUUROnneeessSS's
sssQUAAARReeRRR
SSSqqeAArrreees
SqqquaaaRRaasssttt
SSSQuuaaaRRAAAnnggg
SSqqUUUAArriSSSh
SqquuAARRRrrUUSSa
SSQQQuuuAshhh
ssQQuaaaSShh's
SQQQUUAASSSHHeDD
SQuuAASHHHeeeS
sqoooAAASSSHIEr
SQQQiiasshiieeSSStt
sQuuuAShhaaNNNUUSSSSS
sQQUUUiiisHHiiing
SquuuashhYYY
SQuAAAtt
SQQQuuuAAAT'SS
SSSQQQIIIATTTnnnEEEsss
sQQQUUOTTNeeeSSSSSS'sss
SSQQUEETTTSSS
SQQUUUATTAd
sssQQEiitttIIIRR
SQQUaaaTTTTUUR'S
SSQQQUAAATTtEEErrrS
sssqqqAAAATttIIIsssttt
SSSqqqeIIITTTTuuuNNNggg
sQQQuuAAAWWW
SqqeeiWW'ss
SSQuuuaawwwkkk
SSqeAwwK's
SqqOOOaaaWkkOOODDD
SSqquuawwwkkkuR
SSSqOOaaaWWKKIIRRR's
SSqqqAAwKKKooorrS
SSqqiiiIIIwwwkkkiinnG
SqqqUUiiwkSS
SQQuuuawSSS
SSQQUUUuuuookkk
sssQQQuueeeEEEKKK'S
sqqiEEEooKKeeDDD
SQQuuaaaAAAKiiRRR
ssqqUUUOOOaaakkuRR's
sssqqqueeaakEEErS
ssQuuuEEAkIERR
SqqqueeAAkkkueesssTTT
SqqiiEEAAKKKIIIllyyy
sQQQeeeOooKKaaaneeesss
SQQUUUeeAAKEnnnasS'ss
SSQQUUeeOkkkiiiNggg
SSQIIIEAAkSSS
SSQQQueeuKKYYY
ssqqUUUeAAlll
SSSQQUUUEEEEEL'ss
SSSqUeeEELEEEDDD
ssqqUUoooAAALLEEErrr
SSSqqqIIIEEEeeeLLUURRR'SSS
sssqqqAuIluuurrSS
sssqUUUEEIIILLuNNNgg
ssqOOOEEEOLLLsss
ssQeeeEaaaMMMaash
sQQuuueeeOMMMissshhlllYYY
sQQueeeAmiiSSHNEESSs
ssqqUUUIOOMuuuSShNNNeessSSS'ss
SqqUUUeeeeegggUUEEE
ssqquuuAUGGGeeee'ss
sQQQEEEeeeiiigggUaaaddd
sssqqqUUEEEgggEeUUnnggg
SSSqqquuueeeeeeggEEeeS
ssqIIIeeUUUZOBBLLeee
SSQEEeeeeeeZZi
ssQQeeeeEZU'SS
sQuUUUUZZZEEBBBooXXX
sssQQUooEZZZAAAbbbOOxxxAAAS
SqUUUEUUZZeDD
SSSQQQuuuuuuzzeR
SSSqUUeeaaaZZZeR'SSS
SSSQQQuueIZZIIIrrrSS
ssQooooooOOOZZZiiSSS
sQUUeeozzzAANNGG
sqUUEELLCHH
SSQuOlCCChhh's
sssqqquuELLLccchhheeD
sqqqEEElchheeeRRR
ssquEElllccHHiiiS
SSQQAooolCCHHIIIeeRR
SSQiiEEEllCCHEeeSt
sssqqquuelCHIIINNNG
SSQQUEElllChY
sssQQuuuuuutttEUUGUo
SQQQiiOOb
SSSQuuueeebb'S
SSSqqqAAAIIIbbbberrr
sqEiibbS
sQQoooUUDD
ssQQEEEiiD's
SQQuuuIDDggyy
ssqooidSS
SSQQQIuuuFFFfiiiirr
ssQQoooUfffffiiieeSTT
SSSQUiiFFyy
SSqquuiggggLLEEE
sssQQQAAIIGGGGlllUU'ss
SSqqiiiooogggGGLLLeeDD
sQuigggggLLEEEsss
SSQuuuiiiggggggLLUUEEErr
ssqqaaaOOGGGgggLiOOsttt
SqqquuiiiGGgggLuunGGG
ssQQQIIIIIggGLLLY
SSSqqqUUUIlllGGaE
sqquiiLLLLL
SSSQUiiiLLLLLsss
ssqqUUUiiiNNNCCHHH
sssQQuuAANNChhED
SSSqAunnccchhhAAs
SSqUUiiNCHHHIIINNG
sqquuIInnnTTT
SQQQuuiiNNNttt'S
ssQUaNNNTTaaaddd
ssqqquuuuuuNNtorrr
ssQQQuuINNNttEEEsT
sssqaaINNTTeeeooorr
sqooUUNTTIeSSt
ssQQQUUUiNNNTTaaannng
ssqqquuuiNNNTTTS
SqqqaIInnTTYY
sssqqUUrrrii
SQoooUrEE'ss
SSqqqAIrrroooaRCHaiiis
sssQQuuirEooRRRChy
sssQQQuuuiiREEDD
sQooIIRaaadddEm
ssQQQIIoRaIN
ssQQQUUUIrreSS
SqqaaaaarrrEEsshhhIp
SSSQQuuuIrrIInnG
sssQQQUUUiirrrMMM
SSqqqUUUIrrrmm's
SSqUUiiRMMEEddd
SqqOooorrmmmeRRR
SSQQUErrmmUEER
SSSqqqeUUURRRMMMIoooSSSTTT
SQQQUIRRMMMooNNNggg
ssqqqOOIrmmmS
SSSquuuIrrrmmyy
SSQQoerrrRRELLL
sQQQuiiirrrrrIIIll'SSS
sssQQiIRRRRReeeLLLEDDD
ssqqqUiiRRRRRREEllinGGG
SSSqquuEEERRRrUUllllEEEd
SSSQQoooirrrRRillllluunG
sQQuuEEErrrrEEEls
sQUUIIRRTTT
sssqqqaaeeerrTTT'S
SSQQuIIIrrrTTTuuD
sssQUeeerrrTTTONNgg
sssQeoRRTTTsss
SSSqqAAAiSh
SQQeeiiisssH'SS
SSQUUISShIdd
sQQuuuaasshhEEEs
SQQaaaoosssHIIooor
ssQQQUIIsssHHHIIeesssT
sssQQQUUeSShIng
SSSQUiiissshyyy
SSRRRiii
srOto
SSsss
ssSSh
SStttuuubbb
SSTaaabbb'S
ssstttABBBbbbiiid
SSteeeBBBbbbErr
StttUUUBbbEEERRR'ss
SSTTTabbbbbberrrsss
stubbbbOOnnggg
SSSTABBBbbIIInGG'SS
ssTTTAAbbbOONNGsss
SSStttaaaBBBiLLLeee
ssstttabbiiiLLLiiSS
ssstttaaaBAAALattYY
STABBuullIIITTTY'ss
SSSttAAABBBIIlAAAZZZootOOONN
SStttaBBBallIIIzzzaatIoon's
ssstaaaBiLiizzI
sssTTTabiiLLiZEEdd
SSttAAAbbILLiiiZZARR
SSSTTTuuBAAAlllIZZEEER'sss
SSTaaaBBiiLuuuzzEEERRRss
sTTTabbbIIIloooZZuusss
StttiBBBOLLLiiizzzenggg
SSSttAbbbllle
sTToBBBLLEE'ss
sttaaBllaaabbOOOYYY
sstttIBLeeBoooyysss
sssttEbbblEEDDD
sstttAAABBBlllEEmmIIINNN
STaabblllemmmAAnn'S
sTTAbbbllEEmmmAAATTEEE
StAAAbbblllemAAATTiSS
STiBBLammOnn
SSSTTTuubLeeRR
sttaaBlllEEESSS
SSTAABBleeeSSST
SttablllIINNNGGG
sssTAAABBBLLLEEEShh
ssTTTuuubllyy
StabSSS
sssTAcccCCiTi
STTTOcccccOOOTo
ssstaCCCuuutttII'SS
SSTuuucccaaaTTTOSSS
stttACK
StttIIICKKK'sss
ssTTAAACCCkedd
stAAACKKooRRR
StUUCCCKKKIIINNGG
SSTTTAAckSSS
SSSTTTIccKKKuPP
sssTTaaCCCtEE
sttADDDhhiLLdddAAR
sssTTTaDDEEEii
ssTTEEddooommEEtteerrr
sssttOOODOOuumm
SttEdddIeeem'S
SSSTiiidddAUMMMSSS
sttIIIDDDTTTHHHOOOlddeeRRR
Stttufffff
SSSTTTeeefffff's
ssTTaaFFFfEd
sTIfFFFAAARR
SSSTTTaaffffffORRR'sss
ssttiifffffeRsss
ssstAAffffinnng
SSSTTTaaafffFonngg'S
SSSttooFFfMMaaNNN
sTTTaaFFFFRRROOoom
ssTTTUUffffS
sTTTOOOggg
sssttaggg'SS
sssTTaaaGGGe
StaGGeee'SS
sTaaaGGEuuuBLEE
sstaaGGGEEEccUUUUcchhh
sstttAAAGGeCCCOEEEccchh'SSS
sttUGGoocccEEAACChhess
sssToooGGecRRaaFFT
ssstoooGEECCCrrraaFFt'SSS
STTTegUD
stttAAAGuuFrriggghhhtt
ssTAAggguHHHennD
ssTTaagooohaanD's
STTTAGGEEHinnDsss
STigggEESS
SSTIIGGGUSSStrrrUcckk
SSTTiiggaaY
ssTTTAAGGGfffloooTIIIOOOnnn
stttaaagfffLLaaTioonn'ss
sstaGggIIRRRddd
SSTEEEGGGGGUr
sTTTuuuggggEERR'S
ssTEggGGGARRiidd
ssTTTAAGGGgAArrrur
sssTTAAGGGGGEErrreeRRs
SSSTTTUUUgggEErrruuNNNg
STTEGgggiirrriNGGGLLLyy
sssTTTAAAGGGGEEERRsss
SSttaaGHHHoUUNDDD
SSSttiiiGGGHHooooonDS
SStttUUgggEaarrr
sttaGGGIUsTTT
sssttaaaGGGIIIlYY
ssTAAgguunnooSss
STTTIIIggIIInnnESSSis
STTAAgggiiNggg
SSSTAGGIInggg'sss
SSStttAggIIINNNGGS
SSTEgggnnnaaNNNcYYY
SSStiiignnnAAAnnCCY'sss
ssTTTAAAgnnEEENNNtt
sssttaGGGNNaNtttly
ssTTTAAGNAtte
sssTTTaaaGnaaTeeeDD
ssTaaagNNNAAAttteesss
ssTTTaGGNAATTANggg
sstttUGGNNOTaOON
SSTTTAGGGnaatttIIIon'ss
sttAggS
SSTTTAAAGGGYYY
SSSttaaOOddd
ssTTAAAuuuddeeeRRR
ssstttIEEDDDaaassT
SSTTTeeeIdlllYY
ssTTTAAIIIDDnuuSSSsss
ssstttAAAIdddnnnAAASSSS'SS
SSTTOOOUUNN
Sttaaiinn's
SSStttainoodd
stteeIINNur
ssstAAAaNiiiNNggg
staIIINNNLLUUssss
StAAAaaNNLLeeeSSSSS'SSS
StAAAannSSS
SStttOOOoor
STTaaaAAARR'sss
STTeeiRCAAASSSoo
sstttaoorCCCEEssEE'S
ssttAAIIRcccuuussseesss
STTTaaAAARhhheeeaadd
STTUuuurhEEAAddsss
ssstttIoRRRss
sssTaaiiirWWWooy
ssstttAAAirrwIy'sss
STTEEiirrrwwEYYsss
sstUuuRRRwwweeellllll
stttAAARRRwwwelLLL'ss
SToiiirweeLlS
sstAAAkkkEE
ssstEEkkkuuu'SS
STAAAKeeeDD
SSSTTTeeKKeeHoolllDIIR
STTTAKKKuuhhhuuLDDIIIRR'SS
sssttteeekkkaaahhOOlllDARRRSS
SSStttEkkkUAAOTTT
SSSTTaKEEEEuut'SSS
SStttekkkIiOOttSSS
StttaKKKeesss
SSTaKUNNggg
sssTTTaaalIIIccTIItteee
stttaaaLAAcctaaTTeee'SSS
ssstaaLLLaaactIteSS
sstAlAACCCTTITTTIC
stttAAAlllAGGG
SSttallooogggMMMItttA
SSStalaaaGGMMMITTTee'SS
ssTTTaLAAAggmETTUss
StAAAllAgmmmIIIttIIIC
StttAlEE
SSTALLLeDDD
ssttaliiiLyy
ssstaLLEEEMMEETa
sssTTEELLLeeMMMiTEE'S
sTTAAllleeeMMeetooddd
stttiiliiiMAttteS
ssstAAAlllOOOMAAATTOng
SStttaaLLaaNNNussss
sTTEEEleeennnEEESSSSS'SS
SSSTTTAAAllEEER
sssttuullOOOSSS
sTTTaaLLLisTT
stttaliiNNNgg
SSSTAAlllK
sstaaaLK's
STTAlllKKeeed
StaaLLLKKKuRRR
SSSttILkkuuurrr'ss
ssTAAALLkOOORRsss
SStttAAllKiinnng
StAAAlllKonnG'ss
STOOllKIInGGGs
SSSTTooolllkkkSS
sstaaallKy
ssttteLLlll
SSTTOLLll'SS
sTTaallllleeedd
StalLLhEElllDDDuuRR
StteeelLHHHALLLdduuurrSSS
sssttallLLeNGG
sTTEEElLLLooAAn
SSSTTaLlluuuOnnn'SS
sTTeellliunnnsss
sssTTAAALLLLs
sstaLLWWoooRtt
STTTIIllWWWaaRRRttt's
stttaaLLLWWWaaRTTTlllyy
SSStttaaLLWWWoooRRttnOSSs
STTIIIlllWWWUURRttnESSSSaaaSS
sssTTAALLWaaarrrTSSS
STTTaMMMENN
SStIIMoooN's
sssttOMMMEENNSS
SSTTamon
SSStIIMMMaNNo
SSttUUmmminnAA'SSS
SSSttAAAmIINNeeeTTTooo
SSSTAAAMMiiNNNODDDyyy
ssTuMMMMALLL
sttAAMMMAlss
SStttAmmmmOORRR
STaMmeeerrr's
STAmmmmERRIId
SSSttUmmmmmeeeRUURRR
SSSttAAmmMEEERReeer'sss
StOOOmmmmIIrEErrrss
SSTTTEEmMERRRiiNgg
sttiiMMmmOrraaanGLLyyy
STTTUUUMmERRRsss
SSSTAAAmmmppp
sstttaMMPP'sss
SSSTaaammmPPPeedd
STTTAAMpeeDe
SSTTempppodddaa's
SStAAMMMPPeedddEd
SStammmppEEDDDUSS
SttAAMPPeeeDDDInng
ssTTaMMMpppuRRR
ssstAAAMpEEEr'sss
sTTTaaaMMMPPPaaaRs
SSSTTaaaMPPIIInnGGG
stttOOMMMPPPaaanGGsss
SSSTAAMPPPsss
SSSTTaaannnCCAAA
sssTaaanca'S
ssTToonnnCCEs
sstUUnnnCCH
SSttaNNNCCHOODD
stttiiNNcchhheer
sstaaanchiiiss
sTTAAANNcchhest
stttAAnccHHHENNNGGG
SStIIINNNCCCHHEEonnn
SSTANcccHHHeONN'ss
SttINCCCHuuoooNNuDDD
sTTaNNNccchIIIAAnnnSSS
SSSTaaannndd
sstttAnnnd'SSS
ssstUUUndddAALOONNuu
STTTanDDARdd
SStttANNNdddaaaRDDD'SSS
StttanDDAAArrDDUzzaatIooN
SStttuunnDIRddizzaattIeeNN'SSS
SSttaaNNNdAAArdddeZZatUUUInnS
ssstaaNNNDDDIIIrDDEEzee
STTTaannnddAArrrddOOZZooD
ssTTuuuNNNdEERRRddduZEsss
ssstttuuuNNDaaaRDDDAAAZZoooNNNG
ssTaaNNDDDAARRddds
STTTAnnDbbbyy
SSStUUUnnndbYYY'ss
sTTANNNDBByyyss
SSSTToonnnddEEa
ssstttuNNddeee's
ssstAANNDooEESS
stAAnddAARR
sTaaNddaaar's
SSSTTUnnddeeRRRss
sTTanddFooSttt
stttaanndAnnng
sssTTOOnnnDONNGG'SSS
sssTuuunnDDIIInnngSSS
StANNdOFFF
SSSTaaaNNdddoFFFF'ss
ssstAAANNNdOOFFffASH
SSSTTTOOnDoooFFFiissHHNesss
StttUUNddoooFFFFFiiiSSSHNessssseesss
sTTONdduuffs
ssTTOndoutt
ssstannnDEEuuuTTT'ss
SStttaaaNNNDDiiuuuttss
STTTannndPoPPPUU
SSStttUUUndddPPeeepee'sss
stttANNNdddpppoopppeS
sssTInnnDDPOOOaNNT
SSSTTTAAAnnnDDDPooIIINttt'SSS
sTTooonnnddPPooiiNTTSS
SSSttAAAnnnds
sssTANNNdsssTTTiiLLLLL
SSttaannnddsstttiLLll'S
SSStttiiiNNDSSStIIlllLLSSS
sssTTanDDDUUUPP
sTANNddOp'S
STTuunnnO
SStUUUnnnGG
SSSTTaNNHHOOOPPA
SSStttaaNNNKKK
sttannaaRRRYY
SSSTTTuuunnnnIIICCC
sssTaannnIIttee
sstttaannnNNNaaatiisss
STTTENNnnnAAAm
ssTaaanZZZAAA
sssTTTIInnnZZaaa'SS
SSTTEnnnZZZaauDD
SSSTTAANNNzzUUiiiCC
StOnnzzzeeeSSS
SSTTTuPeDDeeeSS
StttaPEsss
SSTTTiiPPPiissseSS
SSSTTIPhhh
ssTTAAPPH'S
SSSttAPHyyLLLooccOOCCccal
SSSttiippphhhyLLeCCCooccCCoo
STiiiPPPHHyLooocceeCccAAAc
STooPhhhyyyllocccooccccUSS
SSttEEppHHyyylOOOcUUUcccCCCuuuSSS'SS
SSSTAPPHYLLLOOPPPllAssstttyy
SStttupHHHYlllOrRRhhAPPPhyy
SStttaaaPPPleee
SSSttappLLLoo'SSS
STTaapppllED
sstttaapplllEERRR
ssTaaaPPPLUUR'S
SSTTTAAAPllleeerrSS
SSStuPPleees
SSTAAApppLLiiNNGGG
SStiRRR
SSSTaRRR'S
stteeeRRBBAAAAArrrdd
sTTArrrBBBEEuuurrrdd'sss
SSTTEErcccHHH
sstuuuRch'SS
SttErrrcchhuud
sTuurChhhiiss
StaaarrCCHHiiiuuuRRR
sTTTuurCChiiieSSSttt
ssstttAArrChhiiilllyyy
SttaarrrCChhiinnnEEEssSS
SSStteeRRRcchhuNNEEESSSS'sss
sssttIIIrrCCHIIINNNggg
SSSTaRcccHyy
SSTTTaarDDOOMM
SSSTTaRRddoooMM'sss
sssTTTAAARRRDDDooSSt
SSTTTAAARdddiisttt'sss
SSTAAArrrU
sTTuuurrE'SSS
SSSttORRREEDD
StttIIIRRReeeRR
sTaRREEERR'ss
SSTTOrrrEEERs
STTeeeRRReess
SSSTTArrrFEEEsssH
ssTTTAAARffiiiSSH'SSS
ssTTTUURFaassHHEEs
ssTarrFLLOwwweeRR
StaaarffllaWEEErrSS
SStttERRfRRRUUooTTT
SSTTeerGGaZZZE
SStttAAARRgAzzzuuuDDD
sTTTAARRRgAzuur
ssstaaRGGIIIzzOrr'sss
sssttaaarrrGGGUUZZaaarS
SStaaaRgggUUUzESSS
SSSTTTARRRggAzzzeeNggg
ssstARAAANGGG
STTTUURkkk
SStaaaRRkEEEr
SSSTTTAAARRRkkeerrrs
SSTTUUrrrkkkuusT
SSttiirrrKLY
StttiRRRKKNEEsss
SSTarrrkknnnuSSSss's
ssTTTOrrrllEEEssS
sssTTTiiRRLLIIIttt
SttArrLLEETTT'ss
SStArrlllETTTSSS
sTTAArrllIIIGGGHHTT
sstttAARLLIIIGGGhT'S
ssTTTOORRRLLIIKiii
SStttArLLING
sssttARLLLUNNggg'SS
STTTeeerLLLaNNGGGSS
SSSttOORllOTT
SSttARRRReeedd
SStiirrrrrIIARRR
stttARRRRIIIESTT
SttARRRReNNgg
ssTooorrrrYY
SSttARRRs
SSSTTTaarSttRRROOOCCCKKK
stARRRT
SSSttArrt'SS
ssstttAARRRTOOOdd
sTTaaarrrTTTeeeR
SttiiirTTeeeRR'SSS
ssstttARRRttEEErrsss
sssTTTaaartiiinnngg
SSSTTTeeeRRtttllO
SSStttAAArrttlleeD
SStttAARRTLes
sstOOOrtttLLaaaNg
SSSTAARRTliinnGLLyy
sTTaaaRtsss
sstAArtooPP
ssttarttePPSS
SSStttAAArrvvvoooTTEEooNN
SSTTAAArVVVAAAtUUUOnn'SSS
SSttiirvvvE
SttarrvEEEdd
SttuurVVVEEEllliNNggg
SSStaaarvveeluuuNNNGG'ss
ssstttaaaRRRvElEnnGGs
sTErrrvvvuuSSS
ssttERvIInnnG
SSSTuurVVViiiNNggss
sssTTTaaRRRWWWOOrT
sTTTAArrrWAAARRttS
SSTTissiiSSS
stttAsssHHH
SSSttteeeSSShh'ss
stosssHHEDDD
sssttooosHeS
SSStttaaaSSSHHOOONNGGG
SSStaaSSSis
SSStttAAAtt'ss
SSSTOTTTommppEEra
sttatttaNNNT
SSttOOOtEE
SttiiiTTUU'ss
ssTTAAAtttAAAcccrriiffttt
sTeeettaaaCCrrAAFFttt'ss
SSTAATTTeDD
StaaTTEEEhhhiOD
SSTTaaTAAHHooooDDD'SSS
SSttIITEEHHHOOOSSSe
SSttaattuhhhoUUsUUU'sss
ssTTItttooHHHoooUssEESS
StttOOTTeeLaSsss
sttOOOtttAAlaasssNNaaaSsss
sttaTEEELLIIssssnnESSss'ss
SSSttaaatttEELuueeeRRR
SSSTaaattOOllIIIEEEsssTT
sssttATTTEELLiinnEEEsS
SSStttEETTeeLLiNEESsss'sss
sTAAATTTuLLYY
ssttAAAttAAmmmeeNNNTTT
SSTTTOTTTEEEmIInttt'SS
StattOOOmmEEnnnTTTEDD
STTTAAAttiiMMMEEnTTTiiNNGG
sssTaTTEEEmmmuuunnTss
StAAATTEr
SSTTatttARRoooMM
SSTiTTaaaRRoooMMM'S
SSSTTITTiiiRRRUUAAmmmSS
ssTTaaaTTees
SStttIIITTesssIIIdddeee
ssttUTTTEEESMMaan
stttAAtEEESSmmaaan'SSS
ssTTAtooSSmmmaaNNNlliikIII
sssTTTIIITTTeSSmoNNSSShhhUppp
SSStuuTEESSmmANNSSSHHHiiip's
SSSttAAtttessmmmEENNN
sTTaaTTTEEESSWWIIImmann
ssTTTEETTTESSwwwOOmmmenn'sss
SSSTAAATEEEswooMeeeNN
SSTEETTeeewIIIdAAA
SSStttaaatFFFeeeRRRADD
ssstttAATTTiiCCC
SStttiTToC'SS
StttaaTUUCCOOOLLL
ssTTAATTuCaLLLLLyy
ssttoTIIckyyy
SSSttootttIcccS
SSSTTeettIINgg
ssstttOOTIaaannn
ssTTaaaTIIIIIn's
staatteeeonnIIRyy
SStUUUtttiiaaNNeeDD
SStttAAttOOOiNNNuuuRRR
SSStttAAAtiiOONNNIIrr's
STTTuTIIOOnEErrrSSS
ssstAtiiiiNNNERYY
sssTTTuTeAANNOrY'ss
sssTTTooottuuonnniNNNgg
SSSTTTaaTTToooIIINMMaaaStirr
sttAAATIIIOOOnnmmmIssTTTERSS
SSTTutiiioNNNss
SSSTTiittteeessMM
ssTAATTTiiistt
sssTAttAAASTTiC
SSttuuutiisstIICC'sss
SSSTIIITTTIISSTTIccILL
sTAtusstttiiicccIIlllllyyy
SSTTooTISSSTiiccIIIAAANN
SttaatttISttiiccAAAeeenn's
SSStaaaTUUsssttICCCeeeaaaNNSSS
SSSTaTTiiSSSttICCSS
sTAATIIVVVe
SStttoooTTiCCyyysssT
SSTTTotuuLLLUUUtRy
SSSttiiitOOOLIITHHH
SSteeetteeeRRR
ssTTattOOORRRss
sTTaaTTS
sstoootttAAarrry
SSSTTAATeirrYYY'SS
StattUUUu
ssTAtttUe'sss
ssTTettteeeUUDD
SSTTTatuuOOOSS
SSTeTTTeeeEssQQuII
STooottUUETTTttEEE
sTTooottuueettTTEE'S
STTaaattuueTTTTuuuS
SSSttiituRRREEE
SSSTTEETTTaaarrrEEE'sss
ssTTTUtaaarrrES
StttaTTTos
SSTTaTTTuSS'SSS
STTTaaaTuuuSSSEEESSS
sstttEEEttUUUTaaBBllee
SSttuuttuutuu
STTaaatttuttOOO's
stttAAATTiiitttAAASSS
sssTTAATiiitooorrriillYYY
sssttAAtateeeRyyy
SSTTTAATTTVVOLLLtt
SStauuNNNCH
ssTAOOnCChhedd
ssTAIInnCCChhEERR
SStaaUUNNCHHHeeS
STaaaaaaNNNccHHeesttt
SSTTTOOOuuunchUUUNNggg
SSSttAAAUUUNNChllYY
stttAuuNNNccHnnnoossS
StttAUNNCCChhnnEEsss'SS
SSSTuuuROLiittEEE
StUvvEE
sttiiiVVO'S
SSStooVVVIIddd
StaaVEES
ssstteevvvUUnnngg
STTaaayy
ssttAAyy'ss
sTAAAyEddd
sTTTAyyyer
SSttaYYYEEERRRS
sstOOYYYiiinnng
sssttaYYs
sssttaaySAAiLLL
ssttayyysUOOOLLLSS
sTTEAAddd
sttaaaaDDD'SSS
SSTEidddfaaasssTTT
SStttieedddFFFaStlllyyy
sttEEOOOdddfaaSSSTNNNaaaSSSss
ssteeeAddfAASSSttnnoooSsss's
sssTTeeeADiiaaaDDD
Sttuuoduuuuuur
sTTEEEAAddOOeeeS
SSStteOODDIIeSTT
sssttEadiLLLYY
ssstEEAddOOnneSSS
STTTooUUDDDOOONNNeeeSSSSS'ss
ssTTTuuuEEdddiiiNNGG
sssTTEaadddSS
sTTTeaadddYYY
sTEEuudyy'ss
SSTAAaaaDyyINNNG
ssttoooAAAK
STTTeeaakk's
SSTaaIIIKKhoUSSSaa
SSStttUaaaKHHHOOiiisEE's
ssstEEEeeekHHHAiissEEss
ssttAAkS
StttiiAAAlll
sTTeeaall'SSS
SStaaeeelllaagggEEE
sTTeeAllliiiRR
SttaaeeelIIInnggg
SSTeeALLLinnGGsss
StttuuaaaLsss
ssTTeeeoooLLLttth
sTTuaLttHHH's
sTTTeeeaLLLThhhIARR
ssTTTEALLLTThhAAAooSTT
SSSTTuuaaalTTHHiiLyyy
StEEUUUlllTThhhIIINNNeesSS
SSStttaaaaaLTTTHIInnneesssSSS'SS
STTeeaaallTTTHHHYYY
Steeeammm
ssTTTooAAM'S
SSSTOOUUmmbbbuuAtt
SToaaMMBBBeat'sss
ssttteAAAmmBBaaaAATTTs
sssTTTeeOOOmoooD
sssttEOOOMeRR
STTEEuMAAr'S
SSttteAMMuurrrsss
SSToaaamfiiiTTtttERR
STIIIammmfEETteer'S
ssttEEEIIMMfiTTTuuuRRsss
SSStttEEEUUUMfffItttTTTiiNg
ssttteeAAmmmfffIITTTOOONg'ss
SttteeeaaMIER
sTEEEmIIeSSTTT
ssstttEEEAAmiiiLy
SSSTTTiOOmmminnneeeSSSS
SSStttoAMINNNoosssss'S
sTTeeeemAnnnggg
SSttUUAmmmRolllll
SSSTTUUAMrrEEElllEEEDDD
sTTeeeimmmRRIIllllAAAR
SSStuuaMMMrrrelLLEEEr'ss
sssttEEEEEEMMrOOOLLLerriddd
ssttoIImmmroooLLLLIIrriiingg
STTaaaaaaMMRRRAllllluurrSSS
STTEEEEEEmmrrrooollLiinnG
SSTTTIIaaaMMMRooolllllSSS
STaaaamms
SSTTTuuAAAMMMsshIIPP
SSTTTEEuuumsssHHePP'ss
STTTeeeAAAmssHHHiiPPPsss
sTTTeeaaammTIgHHHTT
ssttaAAAMMMYYY
SSteeeIIPSSooon
sssTTeeeOrIIIccc
ssstttoooaRaaannn
sTTTEEaaariinnSSS
SSttteaaarrrooPPTTeeeNNEEE
sssttEEEoooTTOTeee
ssteeeeTIIITTTUs
SSSteUtttooopYGIaa
sTTTEEDfAAAsTT
ssTIEEEd
SStUUd'ss
ssstuuEEEds
sstiiaaaLLL
STTTEEEeLL'sss
SStttoUUliD
sTeeeEEllHHHEAddd
SStttUEELLiEERR
SSTiiEEEliiIIsssT
SSteeeuuuLLInnnooossss
SSSteeeULLLiiNEEESSSSS'SSS
SSTTOOeeeliiinnggg
SStuellMMeeKOR
ssTTTEEellmmmOOOKERRsss
ssteeUULS
stttEooolllWOOOrkkk
SSTTTUUUUllwOORRRKKaaRRR
SSTTEEEEELLLwwooRKKuur's
SSTTTeeeaalWWoooRRkkkerrrS
SSteeiLLWWWoorrrkkkSSS
sTTAAeLWWorKKKs'S
sssttaaaeLLLyyy
sTTeeeOOLLYaRRRdd
ssttteeelllyyAARddd'SSS
ssstttEEEElyyaaRddss
SSSTEEeeennnBiiikk
ssstaaEEENNNbbbakkks
sTTTeeep
sssttteeeeeep's
SSSTIipppAAAD
sstteeepONN
SSteeeopeNEEd
SSSTTEEEUPPeeeNNNInnnG
sTeOOPPPooonnSS
ssttiEEEpORRR
ssTTTOOEEEppeeeSSSTT
ssTeIIIPPPoNNNggg
SSttIEEPPPlle
ssTTTeeeEEppLOOO'ss
ssstUUUiiPllUUUbbUUUsssHH
SSttUUUEEEPPPLLuuchasssEEE
StteIPPlEEcchhaaSaaa'SS
ssTTeeoPLLeeeccHHASSSEr
SSttIIEPPPlEEECCHHHaaaSSSIIIrrrSS
ssstttEEEePPPLLLAAAccchhhuuussIIs
ssTTTEEiiipppLLLOOCCChhaaSSSUnnGG
sstttieeePlEjjACCCKK
SSteeeeePPlllOOjjjaaacckkk'ss
SSStooEEppplAAAJJJOOCCCkkksss
SttteeIpplllIIISS
StaEPLLLY
StAAApNuSSS
sstttEEEUUUPNasss'ss
SSSTEEEEpppSSS
sssTTTeeeerr
SSSTEEEEERR'SSS
SSSteerraaBBLUU
SSTAiRRRAAAggaa
STTeeeeRaaaggeee's
SSteERAAGEEWaaaYY
SSTTEErrooGGGewwweeeYYYsss
StteeaaaRRiiddd
SSSTTTeeaRER
SSttuorrriiiNgg
SSSTeeeEEraNggg'ss
sssTTTEEEErrsss
ssttieeerrsssmmEEENN
SSStteeeeeRsmmmaaNNN'S
SSttOOOeeeRRSSSMeNN
StttEEEvvEEE
SStteeeGGGIIIdeeennn
SSTTTegOSoooUUUR
ssTEEGGooSaaaiirIII
SSSTTEEgggiSAAURRs
STEEgggeSSSaaiRRuss
SStiiGGGoosaarUUUSS'S
SSSTUUgaaaSSAEEEruSSSUUUSS
sssTTEEaaaNNN
STTTOin'S
STTeeeannnbbbOOOKKK
SSteeIInbaaKKSS
sstttEEiiNNSSS
stteeelUU
SSTTILLLess
sssTTEELee
SStooLEEESS
SStttEEELLAR
ssTTEllllllaRRaatteeR
sstttIILLLLLAATII
ssTTTeeelllleeTTEEEddd
stttEELLLLiiiFIRmmm
SSTTEEElllllilIrr
sttooom
STTTAMM's
sssTEEmmmlEEEsssS
SSStttEEEMMmmmEE
SSSttiiMMMMMaaatuuu
sssTTUMmiTOOCCCSS
stEEEmmmMMMeeDDD
SSttOOmMMMIIINNG
SSteemS
SSSTTEmmmSSSEEnnn
STTAMWUUUre
SSSttooomwwErrree'SS
ssTTTEMWiiiNNNDDARRR
StteennnCCCH
SttOOONNch'S
StttEnnnCCChhEsss
sTEENNCCCUULL
ssstttennnCCUll'ss
STTEnnncULLooDDD
STTTuncEELinggg
STUUNNCCCOllleeeddd
stteeenCCCIIIllllINNgg
sstOOONCIls
SSSttEEEnnnu
SSTTTeno'SSS
SttEEENNNeeGGGrApH
SStttUUUNNNOOOGGGRRROOPPPHuuuRRR
SSSttEEENNugggrripHOORRR'SS
STTIInEEgggRRRAAPPPherrSS
sTTTuNooggrrruupHHHICCC
sssTTTUNNOGGGRaaPPhheeecccALLLLLy
sssTTEEENAAAgRRRAAAPPhYYY
SSSTeNNIGGGrrrApppHHYYY'sss
SSStttIINIPeeTTaaaLLoousss
sssTTTaaNNNOpHOOOGGGooOOOS
sssttOONNAAAppphylllloouss
SSTEEENNNEES
SSTEEnaassEEED
ssTTunnAAssUSS
sTAnnnooSSEENggg
SStteenososss
SSttaaNNOttAAAC
sttteennnATTyyypee
SStttOOnnnaatttyyPPPyy
SSStOnnnTTT
STTTENToRR
sTOONTaaaRIIAAAn
SSSTTUUNNToRRS
SSStttuuuP
SSSTTTeP'S
sssttEEPBBBRRUUTTHAArrr
stOpbbrOOOTTThhhEEErrr'SS
STToooPBBBrrrETThhhaaaRRRs
StttepppCCHHiiiLLd
stUUUPPPcHHHuLLLddd's
sTTEEEPPPcHuulDrrrEN
ssTUPDDIIIMe
SSTTiPdaogghttteeer
sstttUUUPPPdAAUUUgghhhTeeer'S
stteePPPddeeuuugghhhtteerrrsss
SSttaaaPPPFAAttthhhEEErrr
SSTTTeeePPPfffAAATHHeeerr'S
sstttePPFOTTHeerrSSS
ssTeeePhhhaaNoTTis
SSStttEpHUNottisEEES
SSSTTAAPPlllodddDDeRRR
SSSttteeppplloDDdddAARRR'S
SSTTeepppllloooDddErrS
stttEEEppMMMitHEEERR
sssTTUPPMMEEETTHHHoooR'ss
SSTTEEPPmmOTTHErs
sTTIPPPPIIIrrrIIINttt
sstteeppppaaarruuunnt'S
sssTTTOOOppppppuuuREnttSSS
sssteePPppa
sttAApppOO'SS
stttIIpppPPIIIdd
sTTEEEPPpppeeeR
SSSToopppEErrr'S
stepppaaarrrS
ssTTEEPPPPPOOS
ssttEEEPPPiiinngg
STTTOOPPpppiiinngSSttoooNNEEE
SSSTTTUUUPPiNNNggssTToonaa'S
SStiiiPPPpiiiNNNgggSSStoonneeeSSS
STuuupss
SSStooopppssiiiStIIRRR
ssTUUppsIsTaaar's
SSTappSIIsssTOOORRss
StEppssOnn
SSTTTEEPsssUUUN'SSS
ssstttePPPSOnSS
SSSTEEPwIISSSe
SSttUUUrIIDAAAAnnn
sTTTEEERReDiiiOOOnnSS
steRRccoooRAAccceoooEEsss
SSStteerrrCEErrriCCoLLLeeeAASSS
sssttteeeRciiilliiiOOOCCCaaaeeeIIIss
sssTTTuurrA
sTTTUUrrEEooo
SSStuurrEEEooo's
ssTIrreeeOOBBBIItEE
ssstOreAAAccchOOmmmISSSttrrrY
StttIRRRaaOCChhRRRAAmmA
sssTEEERReeeOOCChhRRROOmmYY
sssTEEErruOOOGrrrAMM
sssTTTEEErrEUGRRRaaaPPH
SSTAAARRRIIIIIggRRAPPPhhhIcc
ssTTIIREoooGGGrrrAAPhhYY
STTTuRRREooOOOSSUMMerrr
stErrreeoAAASSSOOmoRRRiiiSSSmmm
SStttEEraaAAMMeTTTrrrYYY
SSStterAAAopphhoniiiccc
ssstEEErrraaaaaaphUNNIICCULLLYYY
sssTuuRRReOpphOOOTTTOOOgrEEpppHHHY
SttEErrEEopppttIIICCooonn
StteeeRuueeS
SSSTERRRiiiaassCCeppII
sssttteereeEEsccOOPPEEE's
sTUUUrrEOOsccoopeeeS
sTTTeeerrOOooSCCCoopIC
sstttereeeOOOScooppiiccaaaLLLLLyyy
sssteRReeeEESSScIpeOOsss
sssTERaaUUsscccOppYY
sssTTUrrEoTTTOOxuS
sssTTTEEERRREOTTTOOOmmmYYY
SSStttoorEooTruuPPPIIIsssMM
sTTEEERReeeoTTTYPPee
SSSTOOOReeeiiTTTypE'SSS
sssTTEEEreOOOttYYYPEDDD
SStErrrEEEOOOtYYppiiSS
StttEERRUUUAAtYYYPPPiicc
sstttEErrriioooTYPPPiiCCAAll
stEERRROOOOtYYppaaciillyyy
sTTEEEraItttyyyPPIInng
sTTEEERRReeeeeTTTyyyppy
ssTeeRooC
ssTARiiGMI
STTAAArilAAAnnntt
SttErrIIlllU
SSSTTAARRAAAlllEEElyy
stEEERAAlllITyyy
SStteRRiiilllIttY's
SStooorrrIlllaazzatiiiann
stttORiLUUUZaaTTTiiioon'sss
STTeeerroolIIzzzoooTTIOns
SStERRilEEEZe
SSStttOOOrOOOllIIIZEEDD
sssTTUUrrIIIlliizzeRR
sssTTEErrriiilllIIIZZZaaar'SS
stttooRRRIIlllIzzzuuuRRRsss
stteRiilAZEss
SStttEERRRuulUZINggg
SSSTTTEERLLonnnggg
sssTTTiirrrlInnnG'ss
SSSTEEERRnnn
ssttaaRNN'ss
SteeerrnAA
SSttERRNNEEErr
StttERRNNNeesTTT
SSSTernnFFORamEESSSTTT
ssttEErNNNllyyy
ssstttAAARRNNmOOOSSSTTT
SStttaRRRNnnEsSS
ssTTTERRRnnNUUUSsss'SS
sttEERnnppuuSSSttt
SSSttEEERnnPPPAsssttSSS
SttteRNsss
STTERRRnSSSOONN
stteRRRnummm
sssTTTEEErrrnuuumm'sss
SSTEEERRRNNums
sssTTTAAArrrnnUtaaaTTiionn
SSTTeeRRRnUUTAAAtIooonsss
ssterrNNuuuTTaaTTTAAAruuoos
SSTTIIIRRRNUtttaaTOOOrrryyy
ssTeRnnWAAyyy
StttuuRRROOIddd
SSTTTerooIIDDD'sss
sstttiiirruuiiddIILLL
ssstttUrIEdSSS
SSStEEErOLL
SttUUUROLLLss
SStttIRttOOOrrr
ssstarrrTTTooRROOiS
ssTTTeRRRTTaaRiISSLLLYY
ssstttEERRttOOORRSS
sTTeeT
STettHuSSSCCooopppEEE
sstEETThhhooosscOOOppE'S
sTTTettthooSSSCCCOOOpeesss
SSStiTss
SStttEEETTSSooonnn
ssstOOOTTSSOOnn'S
ssTTEETTSSaNNsss
sssTTTeeTTTtEdd
stttAAttttEEENG
SStttEEVVIdddeeeRRe
ssttEEEvUUUdddaaRRRa's
stttAAAvvvODoRREEss
SSSTTiiiWWW
ssTTOOOWWW'S
sssttOWaaRd
SSStuwwwUURRRdd's
ssstEEEWARRdddEEEDD
ssTTEEWWAAArddESSSsss
ssTTeWAArrrDDDeSss's
sTTeeWWerrrdddEEESSSSSSIs
SSStiWWOOrrDDiiinng
StoowwarrdSS
SSSttIIwwwaaRRRddsHHHiiip
SSTTeewiiRRDDDSSHHHiipp'SS
sssTTEEEWWeedd
SSStEEwwwIINNNGGG
sstteewwwppaaNN
ssTTTeewwwppUnss
STTToWWWs
SSStHHeeennOOccc
SSttUBBBeeennUUU
ssstttiBnnIITTee
SSTTuubbbNNNIItES
sTIccchh
SSttticccHHHAAmmmetRYY
SSStAAAchOOMMMyttHHIO
StttecKK
sTTTiiickk'SS
sstttaCCKKKEEEr
sssttIIccckooRRR'ss
ssstttuCCKEErSSS
sTTTeeecckkkuuEERRR
sTICkkkEEaaaSSS
SSTTTACCCKKKiiiEESSTTT
sssTTTIICCCkkooLyyy
STiCKonnneeesssss
sssTickkeeeNNUUUssS'SSS
SSSTTeeeCCKKKIIINNNgg
stIIICCKKLii
ssstUUCCCKKKLLeeBBAAck
sttIcccKKLiiBBAAACCCKKK'SS
SSttiicccKlllObbbAAcccKsss
sstttOCCKKKlEEd
StaaacckkLLaaarr
SSTTTeeeCkLLEER'sss
sTUUUCCkkkLURRsss
SSTTuuCCCKKlaSSS
sTIICCKKlllIINNNGG
ssstuuuccckkkPPPiNN
SSStttaccckkPPAAAnn'sss
SSStttiiiCkPunnnSS
sssTIIIcckSS
SSStttOcKKSSeeeDD
SSTTIIccckkttiiighhhttt
sstttIIcccKKKteeGGhhTsss
sTTTEEcccKKOOOPP
SSStIIICkkkupp'sss
sssTICKKeepS
SStttIICCKKKweeeeeDD
sssTeeeCCKKKYYY
ssTTiiCCCkkkyyy'sss
sssttIICCkkyyyBBBiiAk
STTIIESSS
ssTTIIffff
SSSTTiiiFFFFF'SS
SSTTeeffffodd
SSSTTTEEEffffEn
SSStiiffFFFIINNNEEEDD
stttaaaffffffeeenneR
SSSTTeeffFFFoooNNNeeer'S
sssttIIFFFEEnnneeRRRs
SSSTTTOOOfffFFUNNAANNNgg
SSStIIFFFffANNNiinnnGG'sss
sttIIIFFFFFEnnSS
sssTIIfffEEErrr
SSSTTiifffeeessT
ssstttIIFFFFIIInng
ssTIIIFFFFEEEsssHH
ssTTiFFFFFlY
sstEFfffNNNEESSSsss
SSTiiFffnEEEssssss'SS
StiiiffFss
sssttiffLLo
SSTTOFLeddd
sssTTiFLLLUss
StAFFFLLIIINNGG
STiiFLLLINNgLLyyy
STTTEfffLeeeNNGGGs
ssTTIIIGMMaaa
STTTeggmmmA'S
SSTTiiiGGmmas
sttUUGGMMaaaSSSTTTeRRelll
SSStigmmmaTE
StIggMAAAticc
STIIIgmmEEtttISMM
STIIIgggMeeTTTeeSMss
STeeeGMMMEETOzzzaaaTTTiiiooon
StaagggMMMaaatIIIzzzoooTTEEEoN'SSS
sTTTeeeGGGMMMoootiZZE
sTTTIggmaaattIZZZed
SSStttOOOGGGMMMaaTTOOZeeeSS
sTIGGGmmmaaaTTTiiZInngg
sssTTEEELBBiSSSTTRRRUUULLL
sstttIlllBBeeeSStttRooolss
SSttulllBBIIITTTE
sTiiille
SSSTTallO'S
SSttILOs
sTTToooLLetttttIII
sssTIIILLLeTTTTTu'sss
sTTuuLOOTttOESSS
SttIILLLeeTtttaS
sstttiiiLLLL
SSTTIIILLll'SS
SSSttIllllaaaGGEEE
SStttIIILLLbIrrth
sstuuLLLLBIIRRTTTH'SSS
STTTaalLLbbbiRRTHHSSS
sttOOOLLlBaaarnn
ssttOOllllEEdd
SttUUUlllerr
SttillLLeSttt
SSStuullAErrr
SSSTTIILLLLiiiesstt
SSSTTTaLLuuuFFFoooRMM
sssTTTOOOllllIINGG
ssTTTilLLLNNNuuuSSSss
sTTiiiLLLLNNNEESSSSSS'sss
stILLllss
STTiillllYYY
StttooLLTT
STTTiiiLLtt'SS
ssstuuLLLTTTADDD
SStttaaalTTTIIdLYYY
sstttIIIlllTeedddNNNESSsss
ssttIIILtts
ssTTTEEMMMilllIINtt
sstttIIMMMuuulllANTTT'ss
sstAAAMUUULiinnntS
SSSTiiMMMUULLLooottte
SStttIMUULLuuTeeedd
SSTTIIImollaTUss
sToooMMMIIILLIITTTiiNNNGGG
SSSttiiMAAlAATioN
sTTTAmmuuLLLoooTTIIIAAAnn'sss
sstttIMAAALAAtttiiiVO
STTiMMMuulAAtttooRRR
SSSttUmmelllATuuRRyyy
StttOOOmmUlII
sssTIIMMMeelllUUUSS
ssTTIIIMMuullUUss'SS
sTannng
SStUUnnnGGG'SSS
sTTiNNggarEEEAAA
stttuunnngggeeer
StOONNNgguuRRR's
STInngEEErrrs
SSSttEEENGGieer
STTTiiNNGaaaeeesT
SStonnnGGillYY
ssttIINGOOnnuSSsss
ssstANNNGGGIInUUUSSSSS'ss
stttOOOnnngggIIInG
ssTIInnGGGIInGGGs
sssTTTaNNgggAA
sssTTTUUNGrriyy
sstIInngggRaYY's
ssTTTEEnnnGGGRRoyySS
ssttingggS
ssstUUUNNGGyyy
ssTTuNNNk
StttIInnnkkk'sss
SSStiiNNNKbbUUGG
StiiNNkkkBBBuuuggg'S
SSSTTTiiinnnKbuuugss
SStIInkkeeeR
sTTINNkkkErr's
StInnnkkaaaRs
StiNNKHErNNN
SttiinnnKKKhOrrnnsss
SSSttAANNKKoEr
sttINKKKiESSTTT
ssTTTiiiNKKUUUNGG
SSSttiiNKKO
STTTOOOnKKPPPiiiTTT
SSStttinnkkkpppoottSS
sstaannkss
ssstIIINNNkkStooNNNi
SStttINNNkkkWWEEeDD
sstttiinnnKWOEEEdS
SSSTTTiiinnkWWOOOEEEddd
SttiNKKKY
SSSTTTAnnT
stInTTT'ss
sttINTTTid
STTTiiinnTIIrrr
SSStttiiinttAAAngg
SSTTINttSS
sssttiiPPPe
sTTTiiipppUUL
sTupEnnndd
stIPennD'ss
StttaapppEnnndIIIRRIEESS
SSSttipppeenDDDaaaRy
sstttuPPPEEnndddSSS
sttIIIPiS
sssttippITTTAATTTUUU
SSSttUUPpLLLee
STIpPllleee's
SSTTTUPPPleeeDDD
ssstttiiipppPPLEEER
sssTTePpLeeSS
STIPPPPLLLUUUnG
SStttIIIPPPPlEEEng'sss
ssstttAPPPiiiLLOOttoo
stttappILLAAtttEEDD
ssTTTiPPPalAAATTeSSS
SSSTTeeeppUllETTaaannnggg
StttUUpppOOOlAATiooonnn
sTTiPUUUlllAATEEEEEN's
SttiiiPPuuLUTTTOOOOOnss
ssTTopullattOrr
ssttIIpppiiilEE
sssTTir
SSSTTiiiRR'ss
ssTTTiRRRK
sTurkkksss
sssTiirrrPiCCCuLLtttURee
sTIrrrppS
SSStiiiRRRRREEEdd
StOORRRriirrr
stIIIRRRrrrooorrr'sss
SStIrrEEErs
STTOORRRrrEnngg
SSStIRRrINNNGGlly
SSSTTorRuunnnGs
sssTOORRRrrrUpp
sTTToorrRRRUUppp'SS
sssTTTuuurrrrAAAppps
Stirrrs
sssttITcccH
stiiiTTTCChh'SSS
ssTTTitttccchhUUUD
ssstttuuTTChhhURRR
SStttIITTCCHeerS
sTTTItttccheRRYY
SSStUUttcheeRy'S
SSSttIIIttChESS
sTITCHIINNg
sstiiitttchunnng's
ssTTItttHHYY
ssstaVVVaaR
sssTTTuuA
SSStIIt
ssstOOOEET'SS
stttooootS
SSSttUBBB
sssttOOOcccHIIsTOOc
sstttoCChaaassTTTICCeeeLlllY
StttoooCCK
SToCCk'S
ssstIckkkAADDeee
STTTUUcccKAdddIII'sss
ssttUCCkkAADIIddd
SSSTOCCkkkIIdddESSS
sTuCKKooodING
SSSTooockbrrEEEaDDaaRR
STooCkkBBRRReeeEEEddEr'sss
sTTAccKKBBRRUUEEDDEEERRRsss
SSStttoccKKKbbbRRROOOKKKeeerr
SSTOOOccckkBBrrrOKKKeeeRR's
ssttiCCkBBBrrrUUUkuuRRRAAgE
SSStttEECCCKKBrriikkeerrrS
SSttiiicKBBBRRoookuunngg
sstOckkkbbRRROOOkEEENNG'SSS
SSSttoocccKIIId
SToooCCkkHHoldeeer
sssttOOOcKKhhEEEllldEERRR'SS
stEEccckkHHeeLLLdddeeRss
stttEEEccKIIIErr
sttoocKKiiaaasssTTT
SStttIIICCkiiiLLLY
SStoooCCKinuSSSsss
sssTTTOOOCCCkkonnIIIssssss'ss
ssTTTuuCCKKKEEENET
sssTOccckkUUUNOOT'S
sstOcckIInnnEEttttttee
SSTTTeccKKKINNNAttttEEE'S
SSStttuuucccKKAANNGG
sssTTTOcccKuuunG'sss
SSSttUcckkkIInged
sssTTooocckIINGsss
ssTocKoooshhh
SSTTTAAACCKiiiSSSTTT
SttoocKiisttss
SSSttoCCCKKJobbbberrr
sTTTecccKJobbbbbbAAArrss
SteeeCkMMOONNN
STTTooocckkmmeenn
STTooCKKKpiiLE
STOOOccckppiiLLLEEE'S
sssTucKpppeelAAd
sssTTooockkkPaallleeeS
SSttoooCCkkkPEEllIINgg
SttockkPPOOOtt
SStUUUcKKKPPooott'SS
ssstOOCkPPOOTTs
stOcKrrAAAUUMMM
ssTocckkkrrrOOOeeMMM'SS
SSStttooCkrrrOOOoooMMsss
SSSTAACksss
SSStttIIccckkkttakiNGG
STTTIIICCCKKKTTTEEkkkAnnngg'S
SSSTTTIIIcKKKy
SStttOOOccKKKYaaRD
SttteeeckyaaaRRD'ss
SttOOckkyOOrDDDss
ssTTTUUDGGGeee
SStodddGGiiiss
ssstODDGGGIIIERRR
SSStteeeDDDGIIooossttt
stttooDDDgggaally
SSSttIIIDDGIInnessS
SSSTEdddgggIIINNNAss'SSS
SSStttEDDgy
SSSttoGGEee
ssTTTOGiiio'SSS
stiigggIIUsss
SSSTTToGGy
SStOOgggYY'S
SStttIIIIc
SSSTTTOic'S
SSSTOOiCCCoooll
StttOOOiiCCCellyy
sssttooiChhIIIeeeMETTTRRiccc
SSTTEEEIChOOOaMMittRRy
sttIiiccIssm
sssTTUUUUCOsssMM'SS
SStoooiiCCSS
STTOOOKKKe
SSTTokiiiddd
sssTokkehOOldd
SSttEEkkkeHHHooolllDDDS
sToooKKeeehhhOlle
STTOOOkuhAlEEs
SSStttokoooRR
stttokkORRR'ss
ssttooKKKEEERRRSSS
sstOKees
sssTToooKKKIInnnG
stOOLLLEE
SSTToLLLEE'ss
sTTULLeeenn
ssTOOOlllEss
sttoloooDDD
SSSTTilliiddeRR
sTTTooLiiddiiiSSTT
SStttillliDDITTy
SSSTTTOluuudddeeeTTTY's
STTTiiillAAAddLyyy
SSttoLLLiiiDnuuussssss
sstoollIIddnniisssss'SS
ssstAAllENN
sstAAALLoonnn'S
sssTTUllOONNsss
SSSTToomAAA
StoooMMAACChhh
SStuuuMOOccH'sss
sssTTTOOOMAAcHHHaaaccchhhEEE
ssstttoooMMAccchACCChhhe'SS
sssttammmECHAAccHHHUUUSSS
sssTeMMMuucccheeDD
STTTOMMaCCharrr
sTTTUMMMaaaCCCHerrr'S
ssstommmiiccchhhUUURRss
SSSTTOOmUUcccHHHuuucc
sssTTTAAmUUCCHHiiNG
SStIMMMOccchhSS
sssTTAmmAAS
ssstemmaaattAAA
SSStOOmmmaaatttaal
stttEEEMAAtttIccc
sssTTuuuMMMaTTTittAAss
ssTTemmooottootEsssEEEsss
sssTOMMMAAATTIlogggyy
SSSttemmOOODeeum
ssTTTooMMMPP
SSTTTooMPP'sss
ssttUUmmmpppED
StoMMMppoooNNGG
SSStoommmPPSS
StttOOONNeee
stttOnnnAA'SS
SSSTonEEECHHHAAATT
StttOneeCHHHAATTTs
SSSTONNNEEECrruuPPP
sTTEnnnEEccRRRoopss
ssTTTOnooccUUUTTTTTEEEr
SStttOOOnnACCuutttttuurS
StUUUNeeDD
STOOONNEFFFuuSShhh
SSttonnoofffLLLiiiESSS
SSSTToonEEfLYYY
SSSToonnnuLIISss
SStInneeemmAAAsssann
SttoonnnIMAAssONN'SS
SSttooNNNIIImuSOOONNNSSS
SttOOnUUSS
SStOOnneeWUULlll
sssTTTooNAAwooolllllluuD
ssTTTEENaawwwaaalLLLUNNGG
STTTonnniiiWAALLlllSSS
sssttOONNeeeWAAARRRee
sTTooNNNEwworrrE'SS
sTToonEEEWWWAAssshhheDD
sssTTTaannneeWurk
SttiiinEWWUrkkk'S
SSSTooonnneeWORRRtt
SSTTOOOnnnEwwOrrTTTs
stooneeYYY
ssTTTOOnnnIIIerrr
sssttUnOOOiist
SSTOnEEELy
sttONNNaNNEESSSSS
SSSTTUUNNiiiNNNEEssSSS's
SSStOOOnnnIIINNNg
SSStttunnkkooorreed
ssTTTOOOnnnkkkInng
SStttEENYYY
SSSTToooaaaddd
STTTIoooGe
SSSttooIGE's
SSSttoooogggeeeSS
ssttteeuuKK
ssTToouuLLL
SSSTTUOLL's
SSSttooIlllSS
STaaApp
sssTTooEEEPPP'S
stOOooPPPEEEDDD
sssTIIIPPPinggg
sssTTTiiiOOOPPS
SSTTOOPP
ssTTToop'S
SSStOppCCOOOCCkk
SStEEEpCIIccckk's
SStttuuPPPcOOOcccKSS
sstttuuppE
sTOOOppguuuP
sssTOppGGaaPPP's
SStoPGGGoPSSS
ssttOpLLLiiggHHHTTT
ssTTAPPLoogHtt'SS
SSTOPlllIGhhTTTSSS
SStttOpOOOFFf
sssTTTOpOOvvvAAR
SStttooPPPOOOveer'SS
SSTToooppeeVVVeeerrs
sToPPPPPaaabllle
ssstttooPPPpppeegAAA
ssTTTIIppppAAgggE'SS
ssstOOpppppAGGGes
stopPPPoodd
sstttOOpppPPeeRRR
STTEEEppPEEr's
SSStoopppppaRReddd
SSTTiiPPPPPerriinnnG
StOPPPPPPeRRRS
ssTTToooPPPeNGGG
SSSTTOOOPPPiingggsss
ssstOOOPPPllIII
SSSToPppLLLoo'SSS
SSSTAAPPPPPPLLEED
ssTToopPPleees
SSTTTOPPlinnggg
SSTTIIIPS
STTTOOOppWUUUtttccch
StiipppWWWoooTcHHH'S
ssstAApppwwaaatttCChhhEEEss
STAAAr
sTTOORReeegggaaa
SSStEEERRegggi'SS
SSTTTaaraXXX
SSSTeeRRRiiiXXIIIs
SSSTTTOORROOO
ssstOOrrrEEE'SS
StOrEEddd
ssToRReeFFFRRAnnTT
ssstorrrOOOFruuNNTT'sss
sssTOruuuFFFREEEnnttSSS
ssstttORAAAHOOOUUUsEEE
SSSttOrrrEEhooAAASU'ss
ssTOORRREEEHHIIuSSUUUss
sTTTOOrrrUUkkeeuuuPPAAr
sssTTooorrrIIIkkEEIIppooorr'S
SSSttaaaRReeekkkUuPPoRRRSS
SSStaReeraaaOmmm
SStteeREEErrrOOMM'SSS
sTTOOrrEEERRoiMMSS
ssTTUReeeS
sTTUUUREEyy
SSSttORROOY'S
SSStooorrruYYSS
ssTTIrrIEEEDD
sssTuuRRRIIEESS
SSttteRRRiEEtttA
ssstttiiRiiinnnG
ssstOOORRK
SSStteeeRRRKK'SSS
SSTooRRRkSS
ssTeeeRRMMM
SSSttoooRRRMMM'S
SSTTTORMMeeeD
SSStttaarrmmmiEERR
ssTurrmUUUESSTT
sssTTTArmmmELyyy
StiirMMiNNASSSSS
SSStteeRRRMMIIInniSS's
ssstttooormmmIIInGG
ssttAAArrrMMMppprOOaafff
ssTTaaRRRMMs
stttOORmmmtRRouuuPPPIIRs
sttURMYY
stttERRRyyy
SSSTTTOrrYY'SSS
sTTTORyyybbbeOOrrrDDD
sTTOOOrrYBBBoooarrrDDD'S
ssTTooRyyybbbooUrrrDSSS
ssstOOOrrrYYBBeeookk
ssTTOOOrrryybbbOOOkkk'SS
SSStOrrYYBOOUUUKsss
SSStuuuRRyyylIINNU
sTTeeerrryyttteellllloooRRR
sssTTIIrYtUllluuRRR'ss
stoooRRRYttEEELLLLirrrsss
sssToooRRRYYYTTTuuLLLllliiNNNGGG
SSTTTooorYYtttIILLLLInnnGG'SS
ssTTiiissSSS
SSTOOTTIINKKAAA
sssTIIIaaNND
sssTuePPP
SStOOOUPP'S
SSSTaaaAAAppSS
StooouuSSH
ssTTOOAttt
stttaaauuT'SS
SStOOOiiiterrr
ssttOOuuuTiiiSSt
sssToAAATTThhEAAARttEEEd
SStttoAAtthEEEIrTTEEEdddlyyy
SStttUUUUthhhEEARRTedddnuusssss
ssttUUUTThhIIAAARRtEEEDDnUUSSSSSSEEEs
SSSttOOUUUtttLLYYY
stOOuuuTTTnnneSs
sstttEEEOOtttnnnasS'sss
SStttUUUUTTsss
SSStteeevvE
SSStttAAAVEEE'S
SStooovvvEpIIIPi
SSttIIIvvOOOpppOOOPPiii'S
SSTOvvvUUUPPiiiPEEESSS
ssttOVVerrr
ssttEEEVVAArs
SSSttOOVVIIIs
ssTToowww
STOWWWAAAGE
ssstttOwwwuge'ss
SStEWWWaaawAAAYYY
SSSTTowwweWAY's
ssToowwwUUUWWaaaYYs
stowOdd
sTToWWWUUUnng
ssttteews
SStrAAABBBISSSMAAAll
SSSTTRAABBBUUSSmUUCCC
sstttRRoobbIIISSSmmas
SSTTTraBIIISSSMMMuSSEES
SSStRaDDDDLLLEE
StRRaddllleee'SSS
sTRRUUDDDdllEEED
sstrrrAddDDDlAAARRR
ssTrrrAdddDDDleeerrr'ss
ssstttRRRuddddlIIRS
SSSTTrrrOOODDDDLLLeeeS
SttROOdddLLLINGG
STTTrrraaaFFIII
sTTraaFFFEEE'ss
StttRRRAFFFId
SSttrrAfERR
STTTrrrAAffEEsss
SSSTTraFFiiinnGGG
SStrAAGGGLLLEE
sTTrrEEEGGGglluuuddd
sssTrrIIgggGGllleeeRR
sTTTrrrAAgGLLLErrr's
ssstttRRRAAAGgglURRRs
SSTTrrriiiggggglllOOs
sssTTRRRaGGGGLoeeerr
ssttrrAAgggGGLLiuSSSt
ssTTrrrAAGGGGGLIINggg
sstttraGGGGGGlllY
SStRaaiiggghTTT
STTTRRUUIIIGhht'S
sttrrAiiiGHHtAAAwiYY
STTRRRaIIIGGhhhTTTeeeWWOOOYYY'SSS
STTRRRooiGGGHHtAWWWAAAYss
SStttrrrIIIghtttiiiDggEEE
ssTTTRRRIiiGGGhTTeDDggeee'S
SSSTTraaAAGHTTeDgggeeeSSS
ssTRRREiiGGhhTTeeeN
ssTTrrriiIIGHHHttuunnID
sstttrAAAaaGGhhTTTEEENUUR
ssttrraaaiigHTAAnner's
SSStttRIOGGHHtaaanaarrrs
ssttrrrAeGHHHttteeNNNINGGG
SStttrrIuuugggHHTTensss
SSSttRaiGGGHttteRRR
sssTTRRoIIGHHHtteSTTT
StrraaaiiGhhtfOrWArddd
sttrAAEEEGGhhhTTTfffOrrWaRDDLLLYY
SSttRaaaiggHHHtttfuuurrWAAARRDDDNNNiiisss
SSSTRaaaIGGhhhtttFoRwIRRRDDnnnEEssSS's
SSTTRROOOeeeGHttFOOrrrWeeeRRRdSS
SSSTrrrAAuuGGGHtjjAAccKKeeTT
sssTTRREIIGGGHHHTTTjjjaaCCCKKUTT'sss
SSttrrEeeeggghhTTTjAAccKKoTTTiD
SSSttrrraaaeeegHTjjAACCkkketttIInnnG
stttrrOiigghTTjAAAccKKKUUTTSS
SStttrrrAAAiiiGGhhhTTTlllEcOd
ssttrrrooIIGGHHHtlly
ssttreeeIGHHHTTnnESSSSS
ssstRRRuuuUUUgggHHTTTNNNUUUSSSS'SSS
SSSTRoigghhhtttSS
ssstRRRaaaIIGGGhTTTWWWaaay
sssttrrIIIOOON
strrrAEEEN'ss
sstttrAAiinneeedd
SSttrrrOOinniirrr
SSttREEEAnnOORR'S
sTTrAiiiNNNaRRRss
strrrAAiiNNNaaanG
ssTrrAAuuNNNsss
StRRRaaaETT
sTRAAiiiTTT'ss
SSTRaaEEteN
SStttrrooootEEENNNEddd
ssttRRaaaoooTTENNNiiNNNGGG
StttrrAIIITTTOOOnnsss
SStttrrraaOTTTjjAACCCKKittt
SSTTTRRUUUiTTjjjaaaCkkkaaaTTT'ss
sstrAIIITjjAAcckkkEttEEd
SSSTTTrAItttjjeccKKuuutttIInnnGG
sTTTRRREoTTTjAccKKeeTTTS
sTTRRROiTLAcceeddd
SSTRRRaaiiittllYY
STTTrrraaaiTnnnAAASSSS
ssstttRRaaiTTS
SSTRRAKKKUUU
sTTRROOOkkkESS
stttRRRaMMaannnaaaUUUm
sTTrrUUUNddd
STRRRanD'SSS
sstttRRAAAnnDEEEddd
stttRAnddAAAnnG
ssstttRRannndddss
STTrrraaanngggaa
SStrraaNNggIIILLY
ssTTraaangggEneesssS
sssTTRRRANNNGeennnISSS'ss
SSStrrIIIngggAAAR
ssstttrrruuunggiRR'ss
stttrrroonGGGaaaRRRsss
SSStttRRuunnGGeeSST
SSttRRRANNgLLEE
StRAngLLLIIIDDD
StRRINggglehhOOOLLLd
sstrriinnGlUhhhOOOlDDD'S
SSSTRREENNNgLeeHoolldddSSS
SttraaannglOOORR
SSStraNglUUURRR'SS
SSStRaaaNNNGlllUUURRS
sstttRaanngggllleeeS
SSTTTrAAnGLLLOONNggg
SSSTTrrreeennngggUUluuutte
SSSTTrrriinnGAAlllEEtteeeDDD
SSSttriNNNgguulllaaTeeSSS
strraNggguuulettiinGGG
sssTRaaNNgguuLLLAAtttAennn
ssTTrrUnggguuLLLeeeTIUUUn'SS
sssTRRRAAANggAAArY
ssTRRipp
stttrruuppp'SSS
sssTTreePPhEENggEEErrr
sttRRRaaPPhAAANGErSSS
sTTTrrraappploSSS
sssttROOOppllOOSSSSSS'SSS
sstReeeppplllosssSSEEs
StreepPPaaaddO
stttrrrappped
STTreeepppppeeer
SSTRAAPPpppeeRRs
SSTTRReeppiiinnggg
SSSttrrIIppPPUUUnnGG'sss
SSStttRRApS
sstttRRRootu
StRRRUttaaaggUUUmm
StrAttUUGGeeM'SSS
StttrrrAAATTaGGGEmmmS
stretUGGGEECCC
SSStrrrAAttteeGGUUCCULLL
sstRRRatuuGICCAllLYYY
SSSTTRRRaaattteGGiiicSSS
SSTraattteeeggIccss'S
SSStrrrattEgggIOOOss
SSStttRRRATTEGUUUstt
sTRRRaatteeegggIIsT's
SSTTrrAATTTEEEgggessTSSS
ssTrraaatttEGy
STRRRAAttaggyyy'ss
SttRRitthhh
SSTTrrrATTTHssspppEy
ssstttRRRaatteee
SStttRRaaatECCuuullAATTTo
stRRaaatIFICCCATTAOOONNN
stRRRAAtttUUFFICCCoTiiiOOn's
SSStrrIIITTTIfuEEDDD
STrrruuttaFFiiiEss
SSSTrratIIfform
SSSTTTrrraaTeeeFY
SSSTTTRRRATTiiFFFyyyIIINNgg
sstttRRRAAATTTUUGRRaaaPPPhhhuurrr
ssstRRRaaaTTTiiggRRaaaPPHHHiicc
SSSTTRRAAttegggrrrapppHHHiicccUUlll
SSSTTRatiGRappphhhy
ssTrrOOtoooccrrUUCCYYY
SSSttRREEETTOOccIIMUUUllluS
sssTRRRaaatttipppUaaase
SSTTTRRROTTTossPHHEERRO
sTTTrrratttuuussPPHEERaa'sss
sssTTTrUttOOSSSPPPHEEErrruuSS
sTRRROOttiissspppHHHeeeRREcc
sssttRRROTOSSSPhhaaaRRRIIICCaaaLLLyyy
ssstrroTTuuuviiissiANN
ssstttrrrETUUM
SStrrraattUUMM'ss
STrrrIITaaaMMss
stttRatttUUsss
SSSTTRRAAATTuS's
SSttrrreWW
STTTrrUWWW'SS
sstrAAAWWBEEErrRRiOOSS
SStttrraaaWWWbbirRRRYYY
SSTTTrrOWBBEErrYY's
strOWWbAAORRRD
ssstttRRaaawwwboouRRRDSS
ssTRROOWaD
SSTTRRRiiwwFlllOwwwEEr
STRowFLLooowoRRSS
SSttRRRaaawiinnGGG
SSSTTRRRIIIWWsss
sTTTRRRAWWWWWORMMM
SStttRRREEEWWWWWorrrmmsss
SSSttRRRAAAy
sstttruuuy's
STTRROOOyuD
sTTroyooonnG
sTrrrayyss
sstrrrEEAAk
sttrruuuOOOK'SSS
strEEEaaaKEDD
SSttRRReakkAArr
SSSttrreeAAAKKKOOORR's
sssttruuuUUUkkkerrrsss
ssTTTRRReeaKKKiiEEERR
sttRRRAAAKIEEESStt
ssTTTRRoooIkoooNG
sstttrroAAAkkSS
StttrrrEUUUKKKy
sTTTRRIIaaMMM
SSTTTrrrEEEiiimm'sss
SStttRUAAMBBeddd
SSTTTRRREEAAAMMMbbiDsss
SSTrrrEEEaaammmEEdd
stttrrroooooomaR
StRRReeeaaaMERRR's
sssttrEAmmmEEERsss
ssTRREEEAAmmmannGG
SSTTTROOommeeenngggs
STTTreeammmLLEttt
ssTrEaaaMLLeeTTTSS
ssTReeAAmmlluuuNNNO
ssTTRRROOaaMMMLLIInnniiDD
ssstReAmmLiiNNNerrr
STTriaMlllInERs
ssstttREeeeMlINNNIss
SSTTrreaaaMMLLuuNNIIINNNGGG
SSTTRReeAmmSSS
SSTruuuAMMMWay
SStttrEooommmyyy
SSSTTrrruuueeTTT
sTTTRREEEeeTT'S
SSTTTrEEEEETTcaRR
StttReuuutcAAAR'ss
STTTreeEEttCCCARRRs
strrreeeEETTllAAAmmp
SSttrreeeetlllIIMpSS
sTTREIITlllOOghhTT
SSSTTTrrrooeeetttlIIggghhhtt'ss
ssstttrrreeeEETLOGGhtttss
ssTRUUETTTss
SSTTrrrAeetwwAAlKKKOr
sssTTTRRREeeTWWWaaallKaaar'S
stttrrrEEEEETTwaaLLLKKKuuuRs
sTTreOTTTwwwIssee
ssstRiinnnGGTTHHH
SSttrruuunnnGGtth'ss
sTTrEEEnnnGttHEEEN
sTTTrrongggTTTHHHEEnnneed
ssstrrrEEngggtthoooNNERRR
sTTTRReNGTTHINNNur'ss
SSTTreeennnGthhEEEnEERRS
STTRREENGGGTThAAANEENg
STTTRRRennngttthAAANNss
sTTrrreNNGGGttHHHSSS
sstRRREEEnnUUeeuss
sTTTrrruuNNuuuoooOOOslllyy
SStrrrennnUUUooOsNuSSs
SSTRRReennuuuEEuusssNNeeeSSSs'SSS
sssTRRUUUPP
STTrIIIppp'ss
ssTTrApppiTTTooUUSSS
SSSTRRRePTTTOOcccOcCol
StttrOOOppptttooocccaaccCCCi
sstttRRAAAPPPtoooCCaaaCCcccEEEss
STTrrreeePTTTOOOCCCoooCcccUSS'S
sssTTrrreePTTOOkkIIINAASEE
SSSttRREEEppTTTooKiinnnaaaSSAAASSS
SSStttrrEEEPPPTTTuuummmyyCUUUNN
SSSttrrrepppttoMMYcIIInn'SS
ssstriiPTTToooTTTHHHRRRICCCUnn
ssstRREEptttuuuTHRIIccaNNNsss
sstttrrreesSS
STTRRAAAss'sss
SSSTTTrEEESSsseedd
ssstttreeeSSSeeesss
stttReSSSssFUULLL
stttrIIssSSfffuuullnnnEEss
SSStttRREEsssseeenG
SSSttRReSSSsIIIr
sTTTrruuttcHHH
SSttrrroTTTchhh's
SSTTRRRetchAABBBiiiLLIIITTyy
sstttRRRatcchObbllluuu
SStrriiTcchhUUDDD
STrrrEEtCCChOOOR
ssTRRATTTCCHHUUrr'sss
ssttrrrETccchhhuuurrrEEDD
SSSttrrrEEETccHHHErriNNgg
SSTTTrreTChEEERss
SSttRRREEETcccHHHeeeSSS
STrEtchhhuaaarr
StraaaTTChheeeeeeSSSTT
sstttrrrEEEtttCHiinnnessss
SSttRREETchEnnGG
sstttrrettCCChhmmEERKsss
stttROTTchyyy
SttRReTTTTU
STRuUUUSSOOLLL
sTraaaw
STrrrOwEEEDD
ssTTroowwwAANNNggg
sTTTRRREEwwwnnn
stttRUUUwwwSS
sssTrrreeewTThh
ssttRiiuuu
StttRRIa's
SSStttrIIaOO
ssTTRRREEttEEE
STTrOOAAAtttAAAdd
stttRRRIiiittoSS
sssTTTRROaaaTAAnnnG
sstRRiiiETTTAAAiNN
StttriiAAATTTUUeeen'ss
ssTTRROAAttIooNNsss
sssTrrrICKK
SStttrOOOcckkENN
sssTTTrrIIICCCKllaaa
SSStttReeCCCKKKLLeeeD
SSTTRRRIIICCCkkLeS
STTrIIICCkkklliinngg
SSStrrOOOccTTT
sssTTTRRRooccTTuuRR
StttRRReeccttteestt
STTTRRRiictUUUoN
SSStrrrUUccTTTLLy
sssTTRRReeCCtttnnnASSsss
ssTrriCCTTTNNassS'SSS
STTTRRIICTurrEE
SSTTRRiCtUUURRRUUU'sss
StRRRiicttURReeeD
SSSTrrUUUCCTuRRaaas
STRiiDDDddeeeNN
StRRiidddE
sTTrrrIIDDa'S
ssTTTrrIIIddAANNNCCee
sTTriddEEEnCCooSS
ssstRODDENNCyyy
sssTROODuNNNCCY's
SSSttRRRaaaDDENNNTT
sttrrrIIIddEEEnntLYY
SSTTrrIDDEERRR
sstrrriidEEESSS
sTTrrIddIIInnngg
sTTRoooDDeeeRR
stttRIddoRRRs
stRAAAddduuuLLLAAANNT
sssTTRRAAADDULaTo
ssttRRiiDDDULLLUttUdd
SStttrrrIIIdduuulllaaatESS
sTTTRIIddUUliiTTTONggg
ssstttRRIDDDUUloottIIIOOn
STTRRiiidddELaTTTooAAnSS
StrrADDDUUUlAAAtOOORRyy
SSStrrrUUUddduulllOOoSSS
ssTTTRRRiiFFee
SSStrrriiFFI'S
SSStrriiiGGGIIlll
SttrriiiGGGooSo
STTTRiiKKEEE
sstttRRRUUUKEEE'S
SSSTTRRukkeebouNNNdd
StttRReekUUUBrrEEAAKKKeRR
SSStttrrriikkkeeeBrrUUoooKeerrr's
SSTTTROOkkkEBBRRRAAAAAKIIIrss
SttRiiKIIIBreeaaaKKKIINNgg
SSSTriiikeOOUUUttt
stRiiKKKOOoUUT'ss
STTTrrrEEkkUUOOOUTsss
SStrrIIKeeR
ssstRROOkkkEErr'ss
STRRRIIIkkkaaaRSSS
StttRiiiKKaaSS
sstRiiikOONgg
SSStttrrruuukAAAnGGGLLLyyy
stttrIIkiinnngggS
sttrrrAANG
STTrIIInng'S
SSStttRRIIngggBBoaaRRRDD
SSSTRRRInGGUUdd
stttRRRiiNGEEnnnCYY
ssttrrrIINNNGGaanccY'S
SSStttrrUnnnggiiindooo
SStttRaaaNNNGGEEEnttt
STranngeNTTTLLYY
StRRONgArr
SSSTTRRRAAAnnngggEER'ss
sssTTrrrINNGGerrSSS
SSSTTTrriNNghUUllltt
SttRRINNgggIIeeerrr
stttRRINgIIIeeeSSSTTT
sssttrrrUUNNNgINNIsSS
sTTTrrroooNNGGGunEESSSSS'SS
SSttRiiiNNNGGInG
ssstRRoonnGGPPIIecccAAA
SSSTTTrrrEEENNGss
SSSTTTrINggyyy
StReeePPP
SSSTriippp'sss
sTTrrrAppooo
StrrrEEppEE'S
STTrrrIIpEEEDDD
ssTTRRIIPPiirr
sstttRRRIIpppeeeRRRSSS
SSSTTrrrIIPeeeS
STRaaPPPeeeYY
sttrAAAPPIIIERRR
STTRRRIIIpppioooSTT
SSttrriiippEEENggg
sttRRIPPPllIIInngg
sssTTRRRIPPPLiiiNNg'sss
SSttRRRAAAPLLLinnnGGSS
sttrrIIpPPPeddd
StttRIPPER
STTTRRRiPPPPEEERR's
SStttRRRIIPPPPERRS
STTTruuupppEENNNGG
SStRRIIPPss
sssTrUPPPT
ssTRRREpttOOASu
SSSTRooppttOAssso'SS
SSTRRRapppTTooouuuSIddd
sssTRRRIIppTTTeeaaSSSER
STTTRRROOPPPttteeeAASSIrrr'ss
sttriiipppTEEEEEESSEErrrsss
SSStROOpTTTOAASSuusss
SSStttrriiiPPPtttEAASSSUNggg
SSStrrIIIpYY
ssstRIIVVVEEE
sssTTRRIIVoDDD
STrriiiVEnn
SSttRRRiiiVEEES
sstttRRRIIIvInG
STTriVVVanngs
sTTTRRROOBBBUU
sTRREbeee'sss
SSttrrrIBOOss
ssTRRabbbIIILOO
SSSTTTrrrOObbiiiLEEcEEEaaaIIIsss
sssTRRooBBIILLEEE
SSStRRAABBiiillleeSS
StttRRROBBBoooSCEppeee
SSSTTrOObASSSCCCuuuPPee's
SStttRRoooBBOOsccAPPEs
STTTrroooboSCCOpppIICC
SSSTTRoooBOOTrrrOOn
stRRROOOdeee
STTTRRoooggAANNNoooFFFFF
sstRRooKKa
SSSTTTrrraaakAAA'S
strrookkkoDDD
STrOOkEs
SSStttRROOkIINNNg
ssTROll
sssTTRolLLL'SS
SSStttrrEELLLlleeeD
SSTTRRELlllOrr
SSSttRREEElllLLErr'SS
sstttRRRoolluuRRS
SttRRRaaLLLLLannGG
SSSTrEElLs
SttroommmoTTTiiilitttoos
SSTTTRONNGGG
SSTrrrAAANNggBBBUxxx
STTTRRRIIINNGGBBBOOOxx'ss
sTRRROOnGGBBBOXXXeees
SSSttROOnngggEErr
sTTTReeeNGGGeSTT
StRRRUUnnnGHHaaLdd
sttRRRoNNNGHOLLLDDD'SS
sssTTTrroonnnGHHHooollddss
SSSTTTRROnnnGGEESShh
sssTTTROOOnnGly
SSSTTrrOOONNGMAnnn
SttrrrOONNgggMIIn'ss
SSSTRRRIIINNGGGmEnn
sttRRRANGRRROOUUUM
sssTTrOngggrrrIIIEEMSSS
ssTrantIIAA
strrOONNNTTiiAAAnn
ssstruuuNttOOaNNNiiittte
sttRRONNNTTAAaaNIIITTOOS
SSSTTTRRRONNNtIIuuM
sssTrOnTTTuuUM'S
sstttrrOOPPP
SSTTTrAAP's
ssstRRRophhhIINNNtttHHON
SSSttrrOOOPhhhaNNttthhUS
ssTTRRROpppHHHAANTHUsssooSSS
sssTroooppphOO
stRRRUUPHE'SS
STTRooopHHEEEsss
STTTrriiiPHoooc
sTrOOppEd
sssttrrroppPPPiiiUr
SSttREEEppPPPAAUUUssst
SSTrrrappppIIILLYY
sstttRRRuppppppOONNooSSs
SSTrrreePppIIINg
sstttRooPPPy
ssTTTRRROOOppS
sssttrroooDDD
sTTrrrEVu
sstrrAAAww
SSStrIIYYY
SSSttRRuuuCCKK
stttRUcTaRRRooll
strrrUUCCtEEErraaLLLiiisssmm
ssTTTruuucctttURReeeLLLuusMMs
STTTRRaaCCCTTiirrAAALLLIISSSt
sssTrrEEEccctEERAlliSSSttSSS
SSStrrUcTTTuuurrriiLllYY
ssTTrrrUUcTTTuuuRRRA
ssttRRREccTTTirii'ss
STRRUUccTiiiRREEEdd
STRRRIIccTTTuureeelluuussss
ssTRuuuCCCTTuREs
ssTrecTTUUURiiNNNg
strEEEDDeeell
sstrruuuDDOOlll'SSS
SSSttrrrUUDEELSS
StRRUgggGGGLLLee
StttrrreeegggGGGllee'ss
sstRRUgggggLLLoD
ssTTRRUUUGgggLLLuuRRR
ssstttrruggGleees
SSTTrruGGGgglllOOONNgg
SSSTTrrruM
SSSTTRUUmm's
SSSTTTROOMMMEEE
sstttrreeemmmaaSSS
sstttRRRaammmMMUUUDDD
SStttROMMoonnggg
ssstttrrAAmmpppEt
SSTTTRaMMMppiiit's
STTTRUMMpOOTTTss
SSTTRRiiMMMS
SSTTTrruunnnG
SSTTrrUUUt
sTTTrrraT'ss
SSStRRRUUttthhAOOoooS
sssTTRuttSSS
sssTRaatttttEEEDDD
sssttrraTTTTTErr
sstRRutTaaNggg
sssTTrrUUtttInngggLLLY
sssTTTRRRYYYcHHNNNic
stttRRYCCChhhNiinE
sssTrrryyCCChhniinnEE'SS
STTrrrYCCChhhnooonnnossMM
ssttIBB
sssTTTUbbb'S
SSSTTUbbbbADDD
sssTTTEEBBIIERRR
ssttUUUBBbeessst
STTTUUUbbbbIInnneeeSSSSSS
sssTTUUUbbBIIneSSSeeS
ssstuuBbInnngg
SSSTTTUUUbbblAAA
sssttuuBBblooo'S
sstooobbLLLooiiR
SSTuuuBBBBloesssTTT
sssTTTuuubbbBBLLLy
sstuuBBBBBOOOrNNN
sTUbbbOOrrrnOOORR
ssstuuBbbbIIIRRnnneeSTT
sTTuuuBBBBBuurrrnnnllYY
ssTuuubbbBuuuRRnnnnUUUSSSS
ssTTeeebbbbbORRnnNNEEESsss'SSS
StttUUBBBbyyy
SSSTTuubbSSS
SStUUUccCCCo
ssTUUCCCCCCU's
StuuCCCcccoIIIdd
SSSTTTaaccCCCEOOS
sssTuuuccccceuuuNNGGG
StttOOcCCOOS
STTUcCCCOOwwwoorKK
sssTTTUUUccKK
sssTTTuudd
StttUUUDD'SSS
sttUUdddbbIIIOOKK
STTTuuuDDDBBoooOOKK'S
StttuudbOOOkkS
StUDdddiiiDD
SSTEEdddooNNNGG
ssttUUUDDDuunnGG'SSS
STuuudDDDIIInnGSaIIL
sTuuuDDDennnT
sssttuuDEEENNNt's
sTudaaNNTS
SSStttUUUdddENNTSShhippp
StuDENNNTssshAPPS
STTTEEEDHHORRsssEE
SttEEDDhoorrrseeesss
stttuuuddEAAAd
ssstttuuuDDDEoDDDllY
StttUdIIeerrr
sstuuddiiieeeRSSS
SSttudiiies
sTTuuDDAAAI
SSSTUUDDDiiiOOO'SSS
SSSttuuDDDioss
sTTTuDDiaausss
sssTTTooddAAAOOOUUUSSSLLLy
StttidIIOOOooossNNessSS
sstudIIoeeesssNEESSss's
SSTuDDDS
STEdddyy
ssTTiddyyy'SSS
SSTTTiiDyyInnnGG
StttooffFFF
sTTUUFFFFFF'sss
STTUUUFFFFFEDD
SttIIIFFFffeer
stttIIffiiOOOr
SttuuuFfffIIIEsssTT
SSStttuFFfIIILLLYYY
SStttEEffFFIIInnnESSSs
ssstUUUFFFEENEESSss'SSS
StttaaffInnng
sTuufffINggg's
sssTTUUUffffffSS
SSSTTTUUFfYY
sssTUUllLL
SSSTuuuLLLttufffiiicAATTTuuuoonn
sssTTTiilllTTTiFFFiiiCCoTTTeeiNNN's
ssTULLLtttIIIFFFuuooodd
stttaLLtttEEEFFFiiiEErr
sssTTTEELLTIFFFiiiIIISS
sssTIllltttIffYY
SStuuLLLTTIIffyiiiNggg
ssTuuuMMbbLO
ssTTUUmmblEE'sss
SttuuumBBLeeeD
sstttoooMMMbLLLEEErrr
sssTTeMbbblllirr'ss
STTiMMBBBlllIIIrrrSSS
SSSttummBBlIs
SSSTombbLuuunngg
ssTEEmmBBBLLLiiinnnGGLyyy
sTTOOOMMMURRR
stttuuuMPP
sttUMMP'sss
ssTTTUMMPaggooo
SSStttEMppeed
sssTTTaMMppiiRR
STTuuMPPPeeerrS
SSStttuummmPPiiaRR
SStUmmmpppIIIiiSSTT
ssTTAAMPUUNNggg
SStUMMMpppS
sssTTiimmppY
ssstttoNNN
SSStttooNNggg
SSSTTeeeNNNkk
ssstEENNNEEEDDD
SSTTTAnnnUUrr
sttUUUnnNNNEEErrSS
ssstUNNNNiiNggg
SSSTUUUnnnNiiinnnGGlY
stttUUnSSS
ssTTToNNsssaaaOOOl
sttUUUNNNttt
SSSTTunt's
sstunntttooD
sstttuuunnntttInnng
sssTTeenttMMMAAAN
SSStttuunTTMMeeenn
SStttaaaNNTss
STTIpppE
SttuuuPe
SSSttUPPPEEEFFFIIcccIIUUUNtt
SSSTTTupppeFFFaCCCTTAAAIInnn
ssstttooppeeeFFacccTiiAN'SS
STTuuuPuFFaEd
stUUpppeFFFiiEEERR
sssTTToPEEEFFFieess
ssttUUPEEfyyy
SSSTTeppeeffYYYINNNGG
SSTTTUUppEFFyiingggLLLYYY
SStttuuuPPaaandouuusss
sTTTIpUUndIIUUsslYY
sstUppooDD
STTTuuuPIDD's
sssttUppiiiDDAARR
sssTTUUPPoodost
SSSTTUPPPaaaDOOOttuuuES
SSStttUPPPiiddIIITTTYY
STTAAAPPPiiDOOTTYYY's
SSSTUUUPPeeeddlY
SStaaPPuudddNEEESSsss
SSSTTTuuupEDDDSSS
StIIIPPuuuRRR
sTUUPPPoooRRR'S
SSTTUUUppOORuiiiSS
STTUUUPPPaaars
SStttaaRRRddiiaarrr
SStttOOOrDDIIIEESttt
SSStteeRdIILLLyy
stuurDAAnEsssS
SSSttteeeRDDDinEEEssss'sss
SSSTTTUrDDy
stttuuurrggIIIOnnn
SSTTiRRgggeannn'SSS
sTuuurgeonS
ssTTTottttteeRR
sttEEttTTAR'SS
SSSTUUUTtttaaREEDDD
SSStuuTTTtOOOReer
SSTTTuuTTTTTTuuReeer'SSS
ssTTuuutttttERRUUrrs
SSttiiTTttEEERRaNNgg
ssttuuutTTeRRIIInnngLLLYYY
SSTTITTTooorrrS
STYYY
stYY'SSS
sssTTYYEE
sssTTyyyII'SSS
sssTTyyyEES
sssttYYYLeee
ssttYYYLLeee'S
SSSTylllIIID
sssttyLLeSS
SSSTTYYLLEttt
sTTYYllleeTS
StYYYLLLiii
ssTTTYYllAFFFOOOrMMM
STTYYYLLIInnGGG
sTTyylllIIshh
SSSttyyLLuShhhLYY
STYYYllEEEshhNEssss
SSSttyyLEEsssHHNEEssss'SSS
StttYYYlllISST
SSTTyLLLiiiSSStt's
sttYlIIIssTTTuuC
sTyllUssTTTEEEcAALLLLyy
SSSTYYLIISTTTiiiccss
styylllUUUSSSttSSS
sssTyyyLLLOOTTe
SSTYYlITIIss
SSTyyyLLLeeezzoooTTTIIIuNN
sssTTyLEEzzEE
stYYlEZED
sssTTTYYYLEzess
SStyyliiZZZOOOnnnGGG
SSSTTTYYYlllEBaatttE
SStttyllOOOgRRRaph
SSSTTYYYLLoggRAApHHiiccc
STTTyyLLOOGGGRRRAAAppHHHyyy
sstttyLLLOOllOOOTE
sttYYYlooppoDiiiiMM
SSSttYYYLLLUUss
sssTTTyLLLoooS'ss
SSSTTTYYYllUUSSEs
SStyyMMUUAA
SSTyymmiiiI'sss
SSStttyymeeEEEd
SttYYmmmiieeeaaaNNg
SSSTTTyMMiiiEESSS
ssstyymyAANNggg
SStttypppSSSiis
SSStyyPPsssIIISEEs
SStttyyyptttiiCC
ssstyyypptIc'ss
SSTTTyyyppTTiiicss
SttyRRAAcuuuCCCEEoouuSSS
SttYRRREx
sssTTTYYRRRaaxEs
SSSttYYYrruNNNiii
sstttYYYrEENEESS
sssTTTYROOFFFUOOOM
sssUUUaaabllliii
SeeeossEooonnn
sssOOOaasIOOONN'S
SSoOOOSSSivve
sssuOOvve
SSuuIIvveLLYY
SSIIeVinniiiSSSS
seeevinESs'SS
SSuaavvviR
sOOAAAVVVeesssttt
ssooAVVVUtttyyy
ssUUaaaVVVeeTTTY'sss
SSSUb
ssUbb's
SIIIBBBaaBBBDDooommiiiNNNiil
sssuuubbIIIccIIDDD
SSSUBBaaCCCetttEE
SSSUUBBBADDUUUrrr
ssIIIBBBAAAgggIIINNcccYY
SUUBBBAAAGGINtt
SSobbAlllPiiiNOOO
sUBBEllltttuuuRnnn
SSSUUUbbbOllltEEERn'ss
sssUUUBolllttErnnnaaattEE
SUbaaalTerrnnnSSS
ssUUUBBBAAANNTTArrrCTTTIIICC
SSUbbbUUUPPiiCaaall
SuuBEEEpppUUUCAAlllllYY
SSuuBBAAQQiiuu
suBBAAAqqqUAAATTIc
SubbbiiiqqquOouuuss
sUbbErcttacc
sUUUbuuuRRReeU
sIIBBUUUrrrIIIAA'ss
sUUbbbuRRUUOOOSSS
seeBBAAArUUDD
SuubbbUUSsssOOOmmbblY
ssuuBaaSTrrrooolll
SSSOOBattmmmoooSSPhhEERRIIICCC
sssAABoToomiicc
sssUUBBBAAuuDDDitIIIOOONN
SSSABBBaaUrIICCiiLLIIRR
ssUUBBBevEEERRRAAAGA
ssUBBBAAxxIIIllllaRRyy
seeebbbBBiiiSII
SuubbBAASSSEmmmaaannTTT
SSEEBBBbaaassemeeennnT'SS
SSuuuBbbaaseMMIIInntss
SubbbBaasssOOOSS
SSSiiiBbeeddd
SSSUUbBaNNNG
ssuuBBBRRanncchhh
SSuubbbbbrAANCCCHH'ss
SSUUUBBBBBrrAAANNccchhEss
sUUUBccaaarrTeellloooGOnnnAAAooosss
SSSoBCCCAATTegggUrEEEEESS
SSuuBcccAtttaGGarryy
sssuubCCCiiTTTEEEGARyy'sss
sUUbCCCoooLLLesssttIIIaLLL
sssUUBBBcceeLlluuLLAAr
SuuubbbccHAPTeeer
SSubbcccHuSSEEER
SSuuBBBccchlIIIRODDOOO
sssUUUbccLiiiSSSss
suuBBccLASSsssEEs
SSSoobbClAssSSSIIIFFiCCCOOTTTiaN
suBBBClliSSSSiiiffyyy
SSSUBBcllOOUSSSuuuSSS
sssaaabbbclllAAAvvAAAAn
ssuuBBBccclllaaavvaaauuSS
SSuubccLIIImmIIIX
sIBBcLLLIIINEEEcaaal
SSSaBBBcccoMMMMMaaNNNDDDerrr
subbbCAAMMmmussSSSEIIInnn
sssuuBBCCAMMitTIIIEE
sssuBBBcOOOMmmaTTEEII'SS
sssoooBBCuuMMMMETTTTTEEEESS
SIIBBCCOOMMppIICttt
ssuubbcAAAMMPPeCCttt'ss
ssseeebbCCCooMMMpppAACtttss
SSSUUUbbbCCOOONNffERREnncccee
SSuubcccuuunssCCIOiSSS
sssUUbcaaaNNNSCCCiiiiiuuuS'ss
SSUUUBBBccUNNSSSCCIIIIIUSly
SOOOBBBccceeeNNScccieUUUssnnneSSs
SuBCCConnnssccAAoUsssnEss'sss
SSSuuuBccconTTTuuNNNEEEnnnt
SSUUbbbCCCEEENtIIINooontt'SS
SuuBBccUUnnntAnnEEEntttiiL
SSSuuBBccinnTTTUUUnIIInnnTss
sssIIIBCCCiNNNtRRaaCCCttt
suuubbCCCOONNtttRRReecT'sss
ssEEBBCCConnntRRRAAACTEDD
ssuuubbbcooNNNTREEECCCTINg
ssUbbbCeeNtttrrIICCCtUUUrrr
sssuBBCuuNNTTTrAACCTTTooorr'ss
ssUUBBBCCaNNTrraccttOOOrS
ssABBCCCOOnnTTTrrocctttss
sssAABCCCoNNTroooCCTTTIvvvEEE
SSSUUBBccAArrrTeeexx
SSSUbCCeeuuuNCAAl
SSSUbbbCrrreeennaaaeeLLL
SSSeeebbCRRUUUTTiCCuuL
sssUBCCaallTUUrALL
sUUUbbbculllTUURRReee
SSSeebCCCUUUlTTuuRE'SS
SIIbbbCCCUllTTAAARRIss
sIIIbbCCaaattAAnnneeeooouusss
sUBBBCCattAANNaaaOOOuuSLYYY
SSubDEEaaacIIn
sIBBBDeeeaaannn
ssaBDDEEBB
SSSuubbddEEBBeeTTTAAAnTTTooo
SSSUbbbDDDAALIrrUUuM
ssuuuBBdddepaaRTTTMMiNNTTT
SSSAAAbDEEAAcceeennAATTTEEE
saaabbbDDiRReeeccttiRRR
saaaBBBdddiReeeCCTTTURRIIIeesss
sUUUbbbDDiROCTTorrryy
SSSEbbdddISSSCOPPliiiNeee
SSSAbbDuSSTTTrrUUUCCCttt
sOOBBBdOOOvIIIdiii
SUbbbddIIIVVeeDeed
ssaBddiiVVVeddErrr
suubDivuuudddEEsss
SSEEEbbbDDDOOVVVIIDINNNg
SSSuuubDDDaVViiisIOOOnnn
SUUbDDIVVVoosIIIOON'ss
sssUbbdEEEVVVuuuSUOONs
siiibbbDDuuMMMoNAnT
saaBddUmmiNNeeNTTTSSS
SSSaabbbdddUaal
ssiiiBBBDuCCCt
SSSEEBBBDUUUCteeDDD
SOOBddIICtttioonnn
Soobbduuuiii
ssUUBDuueeedd
ssuubdddUUUEERR
SSSiiiBBBDDOOOaasss
SSSaaaBDUENNNGG
SUUBDDURRRULLL
suuBeeeddiTT
SSubbEEEdddIITTTEDD
SSuuBBEEEDDDAATTinGGG
suuuBBeeeDDDOTIIr
SSSUbbedddiiTTTORRss
subbbEEDoooTTTS
SSibbEENNTTRY
ssUUbEEqooaTTToooRRROOAl
ssuubbEEERRRin
SSuuubbfamilllIIIAsss
soooBFFFaaammmIIllY
suuubfffIImaaLLLYYY'S
SSSUUBBFIaLD
SAABFFlloooeeRRR
SubbbfLLOOoooRRINNNg
suBBBfRREaZZZInnGGG
SSSUBBBfUUUSSSC
SSuuBgggUNNNOOORRIII
SeeebbgggInnnrrree
sUUBBBGGGeeennuss
saBBGGeennnISSiiSS
seBBBgLLaaacIIIAlll
siiiBGGGrrrUuuuPP
SSooobbgggRIIEP'ss
ssUUUBBBgggRAuPPSSS
sUUBBBHHHEEERRmmmoonooccc
sssuBhhhEEEUUd
sUbbhhiUD'S
sUBBHHHEEEoooDDEENGG
SUBBBHEEEOOOddaaanG'sss
ssuuBBBhhhiaDDiiiNNgggS
SSeBBhhheIDsss
SSEEEbbbHHUUmmmaaNN
sssAAbbhhhUmmmANN'ss
sssuuuBBBhhuuuMANSSS
sssuuubbENNDDDiiixxx
sAAABBBiinddUUSSStRyyy
SSIIBiiNFUUuuuDaaaTeee
SSaabbbaannfffiiiOODDEEtiiIN
SSuBuurrragggUUTe
SUUUBBBiiiTo
SSSUBBjACCoNcccyy
SSSuuuBBBjjOOOceeNNt
ssuuBBJJJEct
SSibbbjjECCTT's
SUbbJJUUcccttteDDD
sUUBBBjjjUUcttiiiFFYYY
SSUUUBBBJeCttIINGG
sseeeBBBJJICCtIIIooonnn
siibbjaaacccTTTiioooNNN'SS
saaaBjjUUCCCttIVVee
soooBjjjIIcctttIIVUULyyy
ssUUbbbjjacccttIIvveeennnEEEss
saaabJJJacTiVVVEnnEsssEEEs
SSUBBJEECCCttIIIvvIIISSMM
sUbjEECCCtiVEEssMss
SSSuuubbJJJeeCCCttteeVVIITyy
sssuBJeCCCTTTIIIvviiTTy'ss
suubbbjjjuuCTTlaaSSSs
SSSuuuBBBjjjEEccctttsss
sssUbbjjoooeen
suuBjauuuNNNDDiRRR
ssEEEBjjjEEIInnuuuDD
SSAbbJJooIIInIIInnggg
SUUBjjjOunnnsss
sssUbbbJJJIIGGGAtttaaa
SSSuuubJJJuuggaaToooDD
SuubJUUUgAAATuuuSS
SSuubbJJJUUGGIITInnG
ssuBBJJJUGGGooTTTIIIeennn
SSuubbJJJUUGGGaTTTAAOOOnn'S
sssIIIbJJogggutttorr
SSSEEbbJJJuuNCCTaiNNN
sEbjUUUNcccTOOOinnss
SSSaaaBBBjOONCtIIIvvve
SUBJJJuuunctttivvvEE'SS
sssuBBBjUNccttiVVVUULLLY
sssEEEBBJJoNNCtttIIVEEsss
SSSAAbkeNGGdddIIImmm
sssObbbkangDoommmss
SSSUUblluuuPsORIIooonIIISSMMM
sIbLLEEIIISEE
subbLOOaasssEEE'SSS
SSuubbbllEEaassEED
SiiibllluuuOOSSSEEESS
subLLEEEOsuunnGG
SSSooBBllEET
ssIIBLLLeet'sss
sssIIIBleeettthUlll
SSSEEBBlleTTTHHAAALLLllyyy
sssUBBllloooTS
SABBLLeeetTUNggg
SSuuubbllluuuEEEiiTeeeNNNAnttt
SOBlllIEEUUtttEEENNNaaNNttSS
ssuBBLLLiimAAAtii
ssaaabbbLOmmmATeeDD
SUbLLLuuumUttUUSSS
ssubLiiMMMAAATTInnGGG
sssobbLLLIMMaaattIIAAANN
SSSEbbLLiiimmmAAAtiiioooNNN's
siiBLLLIMee
SSSuBBBLimmmOdd
seeeBBBllloMMMELLLYYY
SSUBBBlllImmmeeNNEEESs
SSSuuubbliMEErrr
sssuBLIIImmmuuS
SSeeebLLLeMMMaaassst
SSSubbLLiimmANNNEELLL
SSUbbLLiimmeeenaaaLLyyy
seeeBLEEMINNgg
sOBLLeeemmuuutttyy
ssuuubLLLImiiiTTyy's
SSSeebbLLIIINNNgguAL
ssuuuBleetttEEERROOOteee
sssUUUbLIITtttOORROOOll
sssuuBBLEENNOOOrrr
SSuuubLLLUNerYYY
suBMMUUUrrggIInOLL
SSUBBBMMMarriinneee
SSeebbbMeeerInnne'sss
SSUBBBMAARuunnAAARR
SSSObmmErrIIInnneR'SS
SSSubbmAARRoonnerrSS
sssUUBMMuurruuunnnUss
SSEEEbbMMMAAXXXELLLLUURRyyy
SuuuBBMMOdIEEEnTTT
ssUbbmmIIIDDaaaaNNNTTTS
SSUUUBMMMEEEMMbeRRR
sssUUbmuurrGGGe
sssUUbbbmmmeerGGEEEddd
SSiibbMeerrrggennnCCiii
ssubMMMurGGEENNNCCAAA'SS
sssUUBMeeeRRRGGeSS
SSSUUbbmeeRRRGOBBBLLLAA
suuubbmmIRRRggguuuNNgg
sssuBmmEErrSSSee
sssubMMMEErrSoodd
sssuuuBMMMiiirrrssses
sssIBMoRRRssoooBBLLLU
sssebbbMMMiiRssABBBlE'SSS
ssEEBBBmmmERsssIIbbbLLLesss
SiiibMMMEErrsssiiinnnggg
sssUUBBBmmArrrsssiiiUUUNNN
SSSeeBBBMeRSSiiaaannn's
SobbMMMIICCCrroooSSSCEEEPPIIIC
ssEBBBmmmiiinAAATTUURRRiii
ssiiiBBmuuunnniiaatteRRRIIIZZZE
SSSUUUBMinniiimaLL
SSUUUBBBMOnnnIIMomm
SuuBmmmaasss
SSOObbMIISSSssIIaaNN
sOObmUUSSsIooonnn'S
SSaBBmmAAASSssAAAonS
suubbbMMeeeSSSSIVVVe
SSSUUUBMIIISSSoVVuuully
sssuBBmmiiSSSsssiiiVVuuunnEEssss
SSSUBMIISSSSiiivInAAASSSsss'S
sssuuBMMooott
sUUUbbbmmuuuTTss
SIIBMMMIIITTTTTABBBLLeee
sUbMEETTTTTAALLL
ssuubbMMMitttteDD
sUBBBMMuTTTttIIIrr
ssUUBMiTTttEErsss
sssEEEBBBmIItTTTIInnnG
sssUBBBMMALLeeCCCuuuluRR
SSSuuubbMUUULTTiiipLLLuuu
SSSUbbNNNoooRRMMMalll
SobbnnnooRMMMaLAAATTiiIISS
SSuubbnIIrMMMAAALLLeeeTyy
SUUbbNNNOOTTTIIIBBBaaoooKK
sssUUUBBocccaaaAAAnaacc
SSAAbofFFEECerr
sUUUbOpTTIIIMMAAAL
SSSAAbORBBUTAAAL
SeebbeerrrdddeR
sEEBIIRRdEEERR'ss
suBooRRDDIIIrrrSS
ssubbboooRRRdUNNarrrYYY
sssUUbOrrrDDDeeeNNeeetttEE
SSSuuBBBooRRDDDIIInaaTe'SS
SUUBOOORRRdaanneetteddd
SSiiBBeerddInnnettooLLLYY
SSUUUBBOORRRDDDInnnaaaTTTEEESS
sssAAAbborDAANNNattIINNggg
SSIIIbbooRddiiinEEtttEeenn
SuubbbORDDDInnniiitAAOOn'SS
ssuBBOOrDDDIINNNattIIvvvooo
sUBBBorrrNNN
SSiBBBOOrnIIttAin
saaBoornnAATIIIiNNN's
ssobbbeernneD
SSSiBeeeRniiRRR
saaBUUUrrnnnuuRss
sssaaBUURNNNOONGGG
SuuubborNNSS
ssuuuBBEEExxEEdEE
SSSUbPAAARRR
ssUUUBPPAAArrAAgrrrEpphh
SSaabPPAAArrraaLLeeelll
sUUUBPPPeRRiiiiisTTTeeeUUULLL
SSSoBBBPhyLA
SSSuuuBBBPPhhyLuuM
sssuuubbbPPLOOOtt
sssUUUBBPloooTT'sss
sUBBPPlllooTss
sssuuubbPPPoennuu
SSSUUbbbPPOOOooonAA's
sssUUUbbbPPPOEENaoDDD
SSaabbpOeennIIINGGG
sssiiiBPPOOOuuunnAAAs
SSaBBBPPPoPPPUUlaTIIINN
ssaaabbpppOOOpUUULLiiitttUUUaNSS
sUUUbbbpppRInncIIIPAAALL
sssAAABBBpppRObbLLLoooMMM
ssubbppROOOFFFEEsSSSiooonnnAAAL
sssUUUBBBPrrruuufffEEESSSSeeeIInneeel'S
sUUBpRRRUUFFeeeSSSsssEEEOOONNNuulS
sssuuubbpppragggRRUmm
SSSEEbPPRRRigggREEMMSS
sssEEEbbbRRIIIgggaOOON
SSSEEBBrrreeepptiooonnn
sssABBBRReeGGaaTTTaaa
suuuBBrrrEgggaaatttiioonnn
SSSuBruuiitttInnee
SSSoBBBrrOOOITIINNNE'S
sssibrrOOaaTTTiNNuuuS
SuuBss
ssAABSOmppLoo
SIIIbbbSScccoopuuuLLOOOr
SSAbbSSSCCrriBBA
sssuuuBssccRRIBBBiiDDD
sssUUUbbsscccRiiibaaaR
sssUUbbSSCrUbeeerr'SS
SuubbsCCCrIIbbbeRS
ssUUbsssCCCrIbbbUUS
sssAbbbSCCRRREEBBing
ssIIbscrIPPTTT
SUUUbbbSccRRRIIIPPtt'sss
SSSABSSSCCCRReePPtIIIoN
suuBBBsssCCCraaPPPTTTaaONN's
SSuBBsssCRoPPPtttIIunS
SSSuuubscccrrruuupTSSS
SSSUbbSSeeeCCtttIIuNNN
ssUUbbbsssOOOcTTTiiieeeNNN'S
SSiiBBSSSUCCCTiioonnnS
suuBSSAAAGGGMMeeennnTTT
sssAAbbbssOOlLiiiAMMM
ssseBBsennnSSSE
SSuuuBssseeeQQuuuenCCEE
SSSeeBBSEqqOEEnnccceeSS
sseBBsseqoounttt
SSSUUBsssAAqquuuuNNNtLLY
ssuBBBsssEErrIEEESSS
ssuBsssEErrrvvvo
ssUUUbbbSooorrVVEdd
SUUUbbssErVVEES
suBsoorvvvIIIiNNNcee
SSUbbSSuuurViiionccce's
SUUUBBSSooorrrvvIUUNNcyyy
ssUUbbbSSEERRRvvviaaaNNNTTT
SSuBBSSSooorViIInnntLLyy
sIIbbbSSSERviinnnGGG
suBBSSeTTT
SSSuubbbSEt'SS
sssubbSoTTTss
SSuuuBsssHRAAb
subbSSHHHrraaabbSS
sssuuBssseDI
suBBSidddUUd
sOOObbbssEEEdENNCoo
sssIIBBSSSidaaNCCEEE'sss
suuuBBsOOdAS
SUUUbSOdddiAARRUUUaaSS
suuubbbsssEDEaRROOOlyyy
ssUBBBsssIDDOOAAARRRiTTTiiESS
SSUUUBBBSSSodIARRITTTYYY
suuBBBSSIIddEEaaRRRyyy
SSSeeeBsssiddEEEEErY'SS
sOOObbSIIIDDDIass
ssUUbSSiiddIINNNggg
SUUBsssiidddiiiZZZaTTEEEON
ssuubbbsiiiDAZZZAAATTTOOoNNN'SSS
ssUBBssooDIIzzzaa
SSUBssUdddiZeed
sIIBBBsssiDDiiizoorrr
SSaaBBBssIddIIZZZeeeRR's
SSuuubSiidddazzeeRRSSS
SSeeebbsiiddIIzeeeSSS
suBBsidddUUUzzAAnnng
SuuuBSIIIdYYY
sssooobsssUUdyyy'SS
siBBsUSSSTT
sssubbSSSISTTTeeed
SSeeBSSoSSSTeeeNNNCCCEE
SSUUUBsssiiissTTTEEENcccOOO's
SuubbsssiiisttEEEnnttt
sUBBSSuuusTTaang
ssiiiBBSSSEsssttts
sssUUUBBSEECIIELL
SSSUUUbbbssseiiLL
SuuubbbsieL'SS
suuBBBssaleeeR
ssUUUbsooonniCC
SSeeBBsssppaCe
SSUUBBsssPIIICCoS
SSSUUbssppeeecccuuOOllliisssT
sssuBBsPPPAAACCOOAAAlllizzIItttoooIN
sssAAbssppaacccIIIeeelliiZZZe
sssUbbbsPPPeeeCCCiiaaLLLtttyy
SSSoBBBSPAAAcccAESS
SibSpoooCCCiiiiss'S
ssaBBBSSTTTaaGGUUU
sssUUbbbSTTTANNNccuu
SSSeeeBBSSSTTTaNNNCCaa'sss
ssoBBSSttAAAnnnCCCEES
sssEBSSSttAANNdeeeRd
SEEbssttaaannnttoUUlll
ssIBBssTaaannnttiaaLUsssmmm
SSuuubbbssTTTannnttIIAAllloZAA
SSSubSSStttAntttiiiaaLLLllly
ssuuubsttaaanTTTiiuTTTEE
SSSUUUBBssttaaNTTiiiatEEEdd
SubssTTTUUUnTEEOOOtteeS
SUUbsssTTiintIIIAAAttiiNNNG
sEbbsttaantIIAAATTiioNN
ssUUUbbbsssTTaaaNTTTEETIonn'SSS
sssObbbSSToooNNTTAAaaattIAAAnnss
ssUUUbbbstEEENNTTIIvvvAAL
SSSubbssTTTaNNTTeeVEE
ssAABssTTiiiNTTTIIIvE'SSS
ssaabsssTTTiNNTIIIvviiiLLY
ssUUUbbstttAANtovvvaSS
SSEEEbSTTUttEEENN
sssubSSttaaTTAAAuuun'ss
ssUUbbbsttooottOOONNNS
suuBBBsssttteTTuuuOOONNttt
SIIIbbbSSTTEEETUTTTeeeBLee
sssuuBStuuTTTOTTTEEE
SSUUBBBSSTTTiiiTTuTTTOOO's
SSSubbsttIITTTUUTTTaaDDD
SEBBSTTTitttutEsss
SUBBsTTTITTTuutttiiNNNGGG
ssuuubsteeeTTuutttiioN
SuuuBBSTiiiTUttoooonn'sss
SebbsssTIIITuutoOONNNSSS
SSSuuBBSSSTTiTTTUUTTTIIvIII
sUUBBSSSTrrraTTIII
SSSebbbssstrraaaTTTeee
ssuuubSSttrAAtee'S
SSAAbSSTTrrooTTTEEES
SSSUUUbbSStrrEEEtttuuuSPPhUUURRE
sssuuubbbssTTrrAttOM
SSUUBssTTRRRAATTEEmmm'S
sssUbbbStrrraaatttuuuMMs
SSUUUBsttrrruCCCTuRRRE
SSSiibSSttRReeCTTTUUURRe'sss
SSSUUUbbsssTTTrrAAActteeRRAAAs
SUUUBsummubllEEE
SSuuubbSSSUUMMMUU
SSSIIBBBSSSUUmmod
SiiBBSSSOOOmmmes
suuBSSUMMIIInnngg
ssaabbbsUmmmpTTTEOnn
SSUBBBsAAMppTTiiiOONNNSS
SSUUBBBseeerrrffaaaCCOOO
sssuuBBsssuRFAAAcee'SS
SIIIBBBSSSySSTIIImm
SSSaaabbbsssyyyStttEEEmmm's
siBBSyysssTTEEEMss
sUUUBTTTaaaNNGGeeenTTT
SSSuuuBBTTTIIIEEENNN
SSSUUBBTUUUEEEnnn'ss
ssUUUbTOOEEENS
ssUUbbTUUUMMpppeeraTTe
SSuBBtEnAAANNcccyyy
SSIIIbbbTOnnnunnncy'S
ssiiibbTTEENNAAANtt
ssuBBTTTenAAAnntt'SSS
SSUbtaannaaNNNTss
sOOBBTTEEnnnd
sssEBtttooonddOOd
ssuubtttOOnnnDingg
SSSIbttINNNDss
SSuBttEERRRffuuuggEE
subTAARFuuggEEE'SSS
ssUUUBTTERfffUggIISSS
sIbbtttIIRRRNaaTuuuRRAAlll
ssABTTTEEErrrrruuuNNeee
SUBBBTErrrRAAANNNeann
SSuuuBBBtttEEXttt
SSSUUUBBBTTuuXXttt's
SSuuubbttteeXXts
SubbTTEEEXXtttUUUEEl
saaabbtthhRRaShhuuLLLDD
subbbTUUULLo
sOOOBtttullIIIzzzEE
suuBBTTTiLLLOOzzzAddd
SAbbbtttiLLLEZEEESSS
siBBBTiiLLLOzooonnG
SSSOOObbTTTAATTTLLee
sOOBttiiTTllAA'S
SSSeeeBTTTatleeddd
SSSabbtITLLLEEs
SSUbbttotLLenG
saaabbtttLee
SIIIbbtllluuuNNESSS
SSSeeBBtLLERRR
sIIIbTTTleSSStt
SSSuBBBttLLLETAAAeeesss
subbtllletYYY
sUUUbbbTTlleeeTTTYY'S
SSSUBtlYY
sseBBTTUnnIc
SSSOBBBTTTooonnnIIccss
suuuBBBttiiiPPPOOOC
SSuBtIIPPPIC'sss
SOOOBBtOOOPPPIIICS
SSuuuBBBtttERRrrrAAAd
SSSuuuBTITTTaal
sssIBttOTTALLL'SSS
sssUUbbTToooTIILAAAdd
saaaBTTTooTTalllIINNNggg
SSSuuBBToootOOOllleed
SUbbTToooTTTelLLLiiiNNgg
sssaaBBtttUTIILLss
SUUUbbtraaCTT
SSSoBBTTRRRUUUcTTToDD
sabbbtRRRAACCtttiiNGG
ssUBTRaaacccTToooNN
SIIbTTTrEEECTTTIOOnnn'sss
SuubbbTTTrrraaaCCCtaaaooonS
SSSUUUBttRAAACCCTTivveee
suubbtttrrECCttts
sseBBBtttRRiiihEnnnDDD
SSSaaBBtttRRooohhheenDD's
SSubbtrrAAAhhhENddss
SabttreIIIssAAARRROeeS
SSuubTreISSSerrryy
ssuBBttraabbeee
sssOOObttrOpIc
SOOOBtttrUpicccUUL
SSSuuBBTruuuppuucss
SSSaaBBBTrreppIIIcS'S
SSSUUbbTyyPPPEE
sssUUBtttyppEEsss
sssAABuuLaTTEE
SSSiibbUUnOt
SSEEbbuuuNNuutttsss
SuuuBBBUUrrrB
sUBBBAARRBB's
SAABuuRBBAANNN
sssuuBBuuRRRbANN'SSS
sssUBBuurbbbIIInnIItE
SSAAABIIIrBBuNNiiTTeee's
seeebbbUUrrrBBBoNIITTTOOOSS
sssEEbbbUUUrrrbbbaaanuuzzzAAATTTUUUOnn
SSeBooRRRBAAANNNiiizzAA
SAAABBurrrbAAAnnniiizEEDD
SSSEEEBBUUURbbbANNiiZZiiiSS
SUUUbuuurBBBAnnniiizzziiinGG
SSSuuuBUrrrBBEENs
SSUUBBBErrrbbIIIAAA
SUUBIRBBBaUU'S
SuuBBuuRRbbbIIICiiRRoAAnnn
SSSuBBBUUUrBss
SSSUUUbViirAaattyyy
sssUUbbbvEEENNNOOO
sssuubbbvvveNNNttt
SSubbvvvooNNNttUoonn
SSoobbbvvEENttiiiAAANN'ss
SUUBVoNNTeiiiNNNEEErrrYY
SSOBBVeNNNttiEnnnss
sssiiBBBVVeRRRSSeeeoonn
sUUBBvvviiRRRssIIOONN'sss
SSSUUBveeeRRsssIIvveee
sssebbvaarrsssiVVVI's
SubvvveRRSOOVVUULLy
sssaBBBVVVEERRssiivvveennnESSSSS
SSSuuBvEEErsssivoonnESSSS'ss
SOObVVeerSIIIveess
SSUBVOORTT
sUUUbbbvvUUURTOOddd
SSUUBBBVuuurttteeeR
suuBBvveeerrrtEEErrSS
SSUUBBBvvverrrTIIINNNgg
sIIIBBBvvOORRTTSSS
SSSoobbbVVViSSSebbLUUU
sssOObvvvuuuciiLL
SSuBBBWWWooy
sssuubbWIIYYY's
sUUUBBBwAYYS
SSSUUBBzzeeru
SiiccuuuDDAAnEEUUUm
sssuuuCccEEEED
sUccccceeeaaaDDUUd
SSuucccCiiIDDiiir
sUcccccooEDDDaaaNgg
SOCCcccaaeeeDDs
ssuucCCOOONNTTor
sUUcCCCEESS
SSuuCCCccceessSS'SS
SeeecCeeessseeeSS
ssuuuCCCcOsssFiill
ssUUcCCoooSSSsssFUUUlllLy
siiiCCCCCOOOsssuoNNN
ssucCeSSSiiioooN'SSS
sssUccccEESSSsioooNNULLL
SSSuuuCCCCEEESSSUiiiNNNIIIllllllY
SSSaCcceesSSSIIaaNNNSS
sssuuccccesssssIIIVe
SSUUUcccccAASSSssOVeeLLyy
SSuucCCCEEEsssssoor
SSSEEEccceeeSSSooRR'sss
sUccCEEESSSSSeerrs
sssucccaaNeete
sssuuuccccccEEEnncccTTT
suucCIIINNcTTiiirrr
sssAAACCCINNCCCTTTiiSSTTT
ssIICccinnncccTTTLLY
SuuuccccUNccttnneesss
ssuuuCCCIIINNNcctttnEEESSSSSS'sss
sssUUcccccINNNcttAAARuuuuuMMM
succcCCiiinnIIICCC
suuCCccciNNNyyyLSSIILLfAAATTThhOOiiZZelEE
sssuuuCCCOOR
sssuuucccor'ss
suuccccOOrEEEddd
SuCcoorieeeS
ssUCCccoooRRRiNggg
SucCCCoorrLeeesssss
SuuuCCCoorrrSS
ssOcccCarrryy
ssAAcccCCCittAASSHHH
SSSEEcCCAAAtashh'S
SSucccUbII
SSSuCCCCuuBBOSS
SUUCCCuuBBuSSUS
SSSuuucCuuuLLLOnnnCII
sssaaacccCOOOLLeeennnCEEE'SS
sUCCCCCuullleeNNcccYY
SSuuuccccUllAAANNcY'S
sssAACCCcUUUlllIIInnTTT
SSSuuuccceeeLLuuunTTT'ss
SEEECCCCCAAlllaaaNNNtttLLLY
SSuucccAAAllEEENNNtttss
sssiiiCCCcceMbbb
sssUccccccoommbbeDD
SIIIcccuuMBBUNG
succccuummbbbs
SUUUcccCCirSUUULL
sAAAcccCCCUUSSSS
sICCCCCuSSSSeeeAN
SSIIIcccCCUSSSsssAAAaaaNs
ssuucccH
Suuuchlluukaa
suck
SSiccck's
SECCCKOODDD
ssucKERRR
ssuccKKKeer'S
siCCKKKeeeRREd
SSSuuuCCCKiirrffoooSShhh
SSiiiccKKEEErIIINNggg
SSuuCCCKoors
SuuuccKKIInnnggg
ssEECCCkkkIIINNNGGss
SSuuucccKKKlII
SSUUUcckklllED
sAAAcckkllless
sOccKLLIIInnng
sOOCCkklIIING'ss
SSSICCCKLEEngss
SucKKS
SUUUcccreeSSSe
sssOOcccrrrEE
SSSIIIcriss
sssUcrrrUUUssI
ssuuccrrUUUSI'SSS
sssUUcctIAAnn
SSSuuccTTIIOOON'SSS
sssUCCttIIIOOnnaaaL
SSSUUCCteoooNeeDD
SSuuucTaaaUUniinGG
ssICCtaaaoonnsss
sssuccttoRRREEAl
sUd
ssUDEErriiiaaaMMM
sssuuDDDaTOOrraUUM
ssuuDDattOrrYY
sssAAADddd
suuudddddeeN
SuddDEnlly
sssuDDDDDIINNNnUUUSSS
SSUUUddddUUUNNNeeeSSSS's
SuudUURR
SUUUDoooRRRiiFFeRRuuuuuS
SIIIDDDaaaRRRIIIFFEEECC
ssUUUDDooRRRs
sssEEdSSS
SSUUUdddS'S
sssUUDDDSSIuurrr
ssUddSSIIIUUssstt
sssuuuDDDsYY
SSSoeee
SSuuDDD
ssUUUEDDUUU
SSSeeeaddE'SSS
SSuuoooRRR
SeAAS
sssUUEttt
ssaEETT'sss
SSaaaeeTTyy
SSSIIIFFferrr
SuuffffeeerruBBBllle
SSSuFFFEEraabbbllyyy
SSSUfffffEEErrAANNcuuu
sssuFffEEREEENCCCe's
sssUUUffFArrrAAAd
SaafffoROR
ssUUUffffeerarrr'SS
SSSEffffiRRiiRRRss
sssUUfffEEErroooNGG
ssUUfFFFerANGG'S
SSSeefffErIIInGGSSS
suuuFFFFeeRS
soFFficAAA
SSSUUFFFFFFEECIdd
ssUUUfffFUcccES
sssUFFFfiicciuuunncccY
SSSeeFFFFFIIcIIIEEEnnccyyy'ss
SSSuuuffFFFiccoooeNNNtt
sssUffffIcIIIUUUnnTTTlllY
SSSUUUFFFFFFACCIIING
sssEFFFFFaaaXX
SSufFFIIXX'sss
sssoffffffOOXXiiTTTeeeOOONN
SUUFffIXXaaattiOOOnn'sss
SSaaaFFFffIIxxAd
ssuuufffffoooXXXAAss
sUUUffffoooxUUNNGG
SuuFFuXXOOOOOONN
sOOOffFFFLLOOOttEEE
SUUFFFffiicEEttte
SSuFfffICCCAATTTIddd
sUUFFFffOCCCaateeS
sufffFFFOCATTUUUnnggg
SSSUUfffaCCoTTuuNNNGGLLLyyy
SSSUUfFFOOOCCCAAATTAAooNN
SuuFFFeCUUUtIIIUn'ss
sssUUFFFrooogAANNN
ssuuufffFFrrrIIggaaannn'SS
SSuufffFFFrrogggooonnS
SUUUfffFFRRRAGGIII
SAAffFFrAgeee'SSS
ssuuFFffReeGGGasss
SuuFFFFRAggAAATTTTTA
SSufffFFFRugEEETttto'ss
suuufffRRRaaGGGEEETTTTaaS
SSSUFFFFFFrAGGGeSSSMM
ssiiiFfRaaGGaaassst
SuuuFfffRaaaGGGeSST'ss
ssuufffrruggIIISSSttSS
sssUFFfffRRRooTTIICCCoSEE
ssUUUffFFImmiiGaTeee
SUFFFFFFuSSe
sssUUfFFUsseDDD
SSIffffIISeess
SeFFffuusInggg
SSAAAffffeessUUuuuNNN
SSufffFFFuuSSSioonnn's
sssUFFffISSSavvvii
sUUGGGuuuRR
ssseeeggAR'SS
SEGiRRRCCCaaaNEEE
ssUUGGAAArCaannee's
SSuGGaaaRRRccOOOiiTTT
suuGooorCoIIITOdd
SSSuuuGGGaaaRRCCIIIAAAteeNNG
SSUUGGIRRRCCAAAaaTTss
SeeegggeRRReeed
SSuGGAAArriiierr
SSEEEGorrrIIIAAst
suggiruNeeSSs
SSSAGGGaRUUNNNiissssiiiSS
SUGGaRoooNNNGG
SUUgggARLLLEEESSSSSS
ssUUggaarrPPPloomm
sssUUUggIIRRpplliiMM's
ssuuugeeerpLLuummms
SSUgoRSS
SuggAARRRYY
SSSOOOGGGGASStt
SuugggggooostteDDD
sEEGGGgggeeesssttteeRR
SSUUggGEEEssTEEERRRss
SSSOOOgggGEESTiiBIIlllIIItttYY
sssuuGGGggeessstiiiBiiilllITyy'sss
ssiiggggeeeSSStIIIbLLLI
sssiggGGGISSTAnnGGG
suuGggiiSSSttiOn
sssUGGGGooostiiOn'S
ssUUGgOssTTiiiIInnSSS
SuuuGGGGessTTTEVE
SSSoGGGEESSTTTAVaaaLLYYY
SSSEEgggGeeestAAAveeeNNiiiSSSSS
SSUGGGgggEEstttIIviiNNuuuSSSS'sss
ssuuGGGGGGuuusstttS
SSSEiiCCCIDDAAAlll
ssuIIIcaadOOOLLllyy
SSuuuiiiccIddAAA
SuIICOODDDiii'sss
saoocAAddEESSS
SSSuEnnnggg
suuuIInnnT
SSuuuit
SSSuuuITTT'SS
SSSuuiiitttABBBiilllAtiiiiiSSS
sssuuIIITTEEBBBAAAllliiiTTY
SSuuuIIITTAAABIIllIIITy'ss
sssOOOitttAbbbleee
ssOOOoteebbLLeeennnuSSSs
SUUITTeeBBBluNNesSSS'sss
sUUUAAAtttAAbbbllYY
ssUaTTcoooSSeee
SSSaottCCCaSSeee'S
SSSEiiittCCCaasssAs
SSSUUIItiii
sOOOITTeee'sss
SuiiiTTTeeeddd
SSSAAItEEs
sssuiiitiiNNNG
SSSIIiiTTIInGGG'sss
ssUITTeRR
SSSUUUIIITEEr'SS
suuIItttoRRS
SSOOAAAts
suuuKKKoooYYYaakII
sssUUUkkkIIYYYEEKKKIII'SS
SSSUUKKKaaaH
sssUllccaaTTTuu
ssUlllCCOOO
SuLLLCCCUUsss
suulllFFOOO
SUUULLLFFFaaa's
SSUULLLfAAGGGiAANNEDIIINNNEE
sIIIllFEMMMeerAAAZZUUnaaa
SuulfaaaNilAAAMIddeee
SUULLfffaaaNNooLLaaameeDDDees
SSuLFFaapyyyrrrUUUZIInnU
sssuuLLFUUppYYRRROODIInnooo
SSSuuuLFFATTee
SSIIILLLffaTTo'SSS
SELLFFFOOOToSS
SUUULLLffAATTThIAAAzzzolEE
sseeeLLLffAAtuuuZEE
SSEELffUUDDA
SulllffidddEEE'sss
SSSuuuLLLFFiidees
suuulllFFFutteee
suLLLFFFOOnEEmudddee
SSSuuuLLLFFiiiNomUdeSSS
suullffUUUnuuuTAAA
SSulFFFAnnaaattas
SSSUUUlFFFeenuuuTTTIEn
SSUUlFFonnnmmOttthAAAnnneee
SSUUlllffuR
suuLFEERR'SSS
SSSUUUllFUrEDDD
SSSOOOLLLFFFuurrIIIccc
sulllfffURRUUNNNggg
SSuuuLLfffAARRRIIzooo
ssuuullFIRAAUUUS
suLLLFFUrrrS
ssULLKK
SSSuuulkk'S
sssuulKKUDDD
ssULLLkkkEEEEr
SuLkeeeeess
SSSuLLKKIIIeeessTT
SSUUllkiiilYY
SSSUUUllKKKiiiNiiSs
saaalllKKKAAnUUUSSSSS'S
SUUUllkkinGG
sssaaallKKSSS
SSuLkkkYYY
SAAAllKKKy'SSS
SUUlllllEGeee
ssALLLeeeN
SullLoonoor
suulllENESSStt
SiiLLLllUUnnnlly
SuuullLLLennnNNuuuSSSss
sssuuulllleennNNeeess'ss
sulllLLLuAAADD
SSUUULLLLAAAeeesss
suuullLLLYYY
SuuLLLLLLyyyIING
SSUUUlllppHHHaNiLUUUMOODDEE
SElllPPPhhitttHHHiiiEzzzALEE
ssOOLpHHHiiNNoooMIIDee
SSuuuLpHHHooonnuuute
SOllPhAnnneee
ssaLLLPPPhhhuur
SSSiillphhurrr'SSS
sssElPhhUUrrATee
sUUULLLPhhUUrreeDDD
ssseeelllPhhhurEEEnnggg
SSuuuLLLPHHUUUraaaooS
sUUllPPHiRRss
SSSuuuLpHHorYYYll
suLLTaN
ssEEllTTTaan's
ssuullltooonnAA
SSeLLLtAAnna'SS
ssoollTOONNNAsss
SSoooLLLTTTiiinnnIIIttee
ssAALLLtAAAnnnoTe'SSS
SSUUUlltttINNNUUUTTTesss
suullltonnSSS
sssUUULLTTTrriuuRRR
SUUULtRRREesstt
SEELtttralllyyy
sUllTTTRIIInEEESSsss
sUULTTRRRIINNNAssSS'SS
SSSuLLTry
SUUUM
SSSOMMM'sss
sssUMAC
sssUUUmmmAACCC'SSS
ssuuMMeecHH
SSSAMMACHH'SSS
sssIImmmMMAA
sooommMMMabbiiLIITTTY
SSSUmmMMiiiBllAAA
sssUMMMMAnnndd
ssUmMARRRuES
sUMMMMaaRRRIIlllYY
SSuuummmmmAARRiiinEEESSSS
sUUUMMMMArIzzOTIOON
SSSoommmMariiZaaTTTaaaoonnSS
sssiimmoRRiZuuu
SSEEmMeeRRiizzeeeDD
SSuuuMMmARRRiizzzeeeRR
SUUUmmmmmARRiZEErrrSSS
SummmmmmAAreeeZZZEss
SummmMaRRRiizzennnGGG
SuuuMMMMArY
SSSooMMMEErrry's
SUUmmuttt
SUUUMMmmmaaTIUUN
sssUMMMIITTTiiiONNN'S
sUMMEttAAUUUNNNooll
sAmmmaaTTTUUUUNSS
SAAMMMMottIIVVVAA
SSSaammmmEEED
sUUmmMMMeeeRR
SSummMurrr's
ssUUmmmmmEEErEdd
SSAAAmmmmmmeeerrHooIIISSSEE
SSSUUMmiiiRRRHHHeeeUUsssEEE's
ssuMMMMMMEErrrheeeIISSSeeesss
sseeMmmaRREEEaRRR
SSSuMMMmmmeRRUUaaSSST
sssUUMMoorriinnngg
sssemMMIRRLLyy
ssUmmmmEEERRRsss
SSSUmmooorSuuueLLLtt
SSSuMMMMMUUURRRtttuuummEE
SSSuuuMMMMaaarTTTeeMMME'SS
sssUUMMMMMEEERRtttReoo
SSSAAMMMmmUrrrwwOOOoodd
sUUUMmmiiirrY
sEEEmmMIIInnnG
sssUUUMMMmmIIttt
sIMMMMMMiiit'ss
SSSAAAmMMATrrY
suuMMmmmitRYYY'SSS
SSommmaaTTTSSS
ssuuMmmmen
SimmMooNAAddd
sUUUMMMMMMENEER
sImMeeNNNURR'SS
SUMmoNNEERRRS
SiiiMmooonnnIIng
sommmMMMUUnnnSSS
ssAAmmmMMOOONNS'ss
SSSUUmmmmOOONNNSEDDD
ssuuuMmIIINNNsssEEsss
sssuMMMMMMoooNNSINGG
SSSaaamuu
sUUUmmmi's
SSuuuMpp
sIIImmmppp'S
SSEEmmpS
sssUUUmPPTuuurr
SUUMMpppTTTERRRs
sEMPttiiiEnn
ssUUMMpTTaaErryyy
sssemmpppTTIIIOSSSAAAtY
sUMMpTeeeooouS
SSSUUmpTTTeeooousLLLyy
sOmPPtEEEAASnESSSSS
SSUUUMMMptttuuooisssNNeeSSSS'S
SSuummmSS
sUnnn
ssun's
SUUUnbbAkaD
sssuuunBBBAAttthhh
SUnnnBaaTHHH'S
SSSUnnnBBBuuutttHHee
ssuuunBuuuTTHeeDD
ssseNNbbbiiTThAr
sssuuuNBBBAAAttHHerr's
ssaanBIITTHErrrS
ssooNBBaathhUUs
SuuNbbiitthhoNNggg
SAnnnbbbiiiTTHHHING'SS
suNbbuTTTHHHsss
sssuuunnBBAAaMMM
SuunnnbbeeeAAAmm'S
SSuuunnnbbeeaMMSS
SENNbbIIdd
SeeeNBBeedds
SuuunBIIILLt
SSUUUNbbbllOccck
SuunblooCCkk'SS
sooonnbbblllacckksss
SSUUUNbOOnNNEETTT
SSSuunbbuuuNNNNAAAttt'sss
suunbbbooonnnnneeeTsss
sssEEEnnnBBBOOOwww
sssoooNNNBRRRiieK
sAANNNBBiiRRN
sAnnbbbiiiRRRnn'S
SSUUnnbUUUrrnnUUUd
sennbbuRRNNNiiiNNgg
ssAnnbboorNNNSSS
SSSeeennbbbeRRNNTTT
sssUnbbbEEERRRst
sssuuuNNbbboRRRSSStt's
SuNBBBURRSTTs
SSSUUNNNcccrroAAAmm
sssUUnDDiE
SSSannnDDaee's
SSSUnnDaaEEss
ssUUNdECCCkk
sssANNNdEcccKKKs
SSSUNDDErr
SSUNNNdddooRREENNcccee
SUUUnndEErrroooDD
SSunnDDEEEraaannG
sUNNNDDoRSS
SSSuuunndddeww
suuunnnddoooWS
sssuunnnDDDaaLLL
SSSuuuNNDuuuOLLL'ss
SSuunnDDAaaalllSSS
sssuundooG
sssOOONNNdddOOgss
SiiiNNdOOOWN
ssEnndddooowN'SS
ssUnDooWNaaaRRR
sUNNDDDIIIWWneeers
SUUUnndOwnnss
ssuNNDDDriiSss
sssuuunnnddRiiiSSSssIss
ssUndrreeeOOs
sssUUNNDDDriiiESS'S
SiNdddrrrYY
sUUUNNNfASttt
SSEENNNfffissshh
sssaaaNNFFiiSSSHHH's
SSiiiNFFFEEShhESSS
ssaaaNNNffLooWWWEEEr
sssuuNFLLLOOOweerr'S
seeNNFlllOOOWWWiirrrSS
sssaannG
SunGGGLLLaassSS
SSSENNNgllAssEEEsss
ssuuNNNggglllaassseess's
SSeNHIIIttt
SSANhhhAts
ssEEEnnkkk
SSOOONkken
ssAANNNlAAAMMpp
SSonLAmmmppp'ss
sssuunnnllUUMMPPss
SSUUNNleeeSSSS
SUUnLAAgght
SSiNLIggHHHT's
SSUUUnnLiiit
SSUNnnn
SSSoonnnnnnIIId
SSUUUNNNIIERRR
ssiiinnnIEEESStt
sssuuunnnnIIlYY
sunnnnnoooNNNeesssSS
SAnNNInEEESSSS'S
sssunNNiiinnnggg
sseennnny
SSuuNNNpppRRRooaFF
sssuuuNNRRRISSSA
sUnnrrriSUUU'SS
ssuNNNrrraaaSEES
SUUnnrrooouF
ssUnrrroooOOfff'S
SEEEnnnrruOFss
SUNNRROOOOOMMM
sssUnnRROOEEMS
sssaaaNSSS
ssIIInSSSCCCRRReeeen
SSSEnnsssCCrrrouunnn's
SSSuuuNNNScREiinSSS
sUUnnnssset
ssUNNNSSSOOOtt'SS
ssuunsssAtttS
sssaaNNNSSSHHHUUUdAA
SUUUNNsssHHHAAddeee'S
sssUUUNNNSSShaddAAsss
SUUnnnsshiinnE
SSSuuuNssshIIINNNe'ss
SSSaaaNNNSSHHHiNNNYYY
SUUnsPPPOOOT
SUUUnnnSSpoot'SSS
SSSIInnSSSpaaaTs
sOnssTTTOnneee
suuuNNNSSStttOOOnnAAs
SSooonnnstrroKKKE
SSEEEnSStRROKA'SSS
ssUUUNNNSuuIIt
SuNssUUitttsss
SuuuNtAAN
SSAAAnTAn'ss
SSSAnnTTaaaNNnEEEDD
suuunntANNNNNinnnGG
SUNNtttAAANNs
ssuNttrrropp
SUUUNNNTTTraPPs
sssUUNNNuupp
ssINNUUppp'S
SSSaNWWurDDD
ssENwwwEsseee
ssoopp
SSUUUpp'S
Suuupppeeer
SSSaappOOrrr'sss
ssuupeRRRiiibbblllEE
SUppEEErrrAAABoooUUnnd
sIIIpeeREEBBBsssoooRBEENNTTT
ssuPPeRRRaabuNNNDDUUNNCoo
SSuuperriiiBUNDaNcE'SSS
SeePPERAAAbbiNNNdddOnnncUUUsss
SSSuuuperrrUUUBBuuuNNddaaNNNTT
sssaaappeRRRAACHHHiiiEVEER
sssEEEpEErraaaDddd
SSUUPPiiriiggENcYY
sUUpppeRILLTAARRR
sUUpooorunNNuIIIBLLLEEE
ssuuuppperrraannnNNNOATTI
ssIIPPPEEERRRAANNNNOAAAtttiiiDDD
sssuuupEERRROOnnnaiiitttos
SSSAAApppOOOrrAnnNNNuuattUNG
SSSuuuPuRUUUnnnnaaaaatIIIOOn
ssEEEPiirrraaaNNnEATiiiAnn's
sssAAApppaarrBBB
SSUUUpoRbbbEEEr
ssaapUUrrBBBEEESTT
SSSUppeRBBBlOCCkkk
SSUUpppUURBBBllly
ssUpaaRRBBOOOMB
ssUUPPPIIrrrBBuugg
SSSUpperrrBBBuuuGSSS
sssuuppIrrcccELLaFFRRRAAAGGIIILLLIIISSSTTTIIIc
SSSUUUpEEERCCCUUUleefrAgaallIStICCOxPPPuuaalleeedddACCiEUUUS
sssuPPPeRCeeeRRRGGGoo
siPPeRCCaRRGGii'ss
SSSUUUpeeeRRCCaaarrrggOEEEss
SSippeeRRRccAAARRggOOSSS
SSAAApEEERchhAArggEEE
ssUUPaaarrcccHHHaRRRGGODD
sssuuuPPERchAAArrGGIIRR
ssuuupEEERRccHAARRRGGErr'S
sssappEEERRRchhhArrrGGeeRRsss
ssEEpEErrrcHHHeeeRgggEEES
sssuuuPerrCChUrrrggeeNNgg
sEEPPeeeRcciiillIIIOOOuuuSSS
SSuuuppErCCILLeeeiiiiSSLLyyy
SSSUpppOOrrrcIIILLUUUooEEsnesssS
sUPPooRRRCeeLIOOUSSSnnnesss'SS
sUUPPPuuRRCCCIIttAAAEs
ssOOpaarrrCCeTTTY
SuuPPEERRciiTTTYYY'ss
supppOOORRcLLLeeessSSS
SUUPUUrrrccclOOOSSSSOOOsss
sssuPPPEERcccLLLeAAnn
sssuuPPiiirrrccoooLLliiDeeerr
SSSoooppoooRcOOOLUMnnaaarrr
SSiPPPOOOrrccciiiMMpppuuTeeRRR
ssUUUPEERcOOOMMpppaTTAARR'SS
SSSaapEERRRCCOmPUtttErS
SUUUppperrrccUUUNNNdddUUUcccT
sssUUUpEEErrrccconnnddduuuCCCTTIINggg
ssuupppeeerccceeeNDDeeeccctttooVVVII
SuuPPUUUrCCCoNDoCCtttiiivvvaTTyy
SSuupEErrcOONdUUCCCtAAAvuuuTYYY'S
SSSeppOrCCCeeNNNdUUCCCTTIIIrrr
sssUUUppeeRcccOONNNdAAcccTORR'SS
SSSAAApperrcccOndUcttERRSS
sappooorrrCCOOOnntAAAnnentt
SSSoooPooRCCooaalll
SSAPErrrCCOOiLLEDDD
suPoRRRcccOOOuuLLiinG
SuuupUURRDEnnnSSSuuu
SSuuuPPParrDaMuunnnInnnttt
SSiippEERDDDRRREEEEDDDnooOOOGhT
ssUUUpEEERREEEGO
SSaaPoRRReGGGO'S
SSoPPPeerrrEGoSSS
sUUUpppuRRRIIIlevAAAtttIIooN
SSSUUUppUURRReemmiNeeNNNttt
sssOOOpppeeeRRReeerrIIIGuTIII
SUppErrreeeRRRoogAAtttiiieeennn
SSePERRRuRReeeGGGiiTAONN'ss
ssUPPERReROOOGGGaaaTOOORRyy
sssOOpEERRRUUXXppInssivuuu
SSUpIrrrfAAMIIlIIIEss
sooopEERRRFFaaaMMiiLY
ssaapppOOORRRfeeCCCUUUnnnDiiteOOON
ssopAArFFeeeccceeennDaTIIeeNNS
ssUUUPPerrrFFFEEEToooTiONNN
SSSUpErffottuuuttIIenns
ssEEppIrffeciaLLL
SSSOpppEERRRficccEEuuLatty
sssuuporrrFFFUUUCCiIIILLLIIItYY'S
SUppperFUUUccOOAAALLLLYY
sssepppeeerfffIIIcIIIALLnuSSSSS
SSUUpppeRRRffICCCiEEEs
sUUUPPaRRRfiiiNNeee
sApperFiiXXX
soPPPEERFllloiiDDD
ssoppORRRFFFlOItttEEEEEsss
SSSAAperrrFFFlllUUUtttY
SSaaperrfllUUUiiTTTY'ss
SSSAAApIrfluuUuSS
ssuuppeeRRfffllUoUUUssllly
SSIpppERfluuuOOOeSSnnnEEESSss
suuPeRRfffllaoouuuSSSnnnAAASSSSSS's
suupIIRRRfffUUSSE
SoPPPeeRRgILLLAAAXXXy
sssuupppiiRRRGGGaaaant
SSSeeePPPEEErGGGIAntttSS
ssOOPIIRRGllAAA
sUUUpeRggrrrUSSss
soooPERGGrrraaaSssseesss
ssiipuRRRhEaTT
SoooPPERRRhhhAaTeeeD
SuuupppEERRHHAAAaVYY
SoppEEErHHHerroo
SSSUpppaaaRRRhhheruuu'SS
SuuupeRRRHooRRREEEEss
SSooPUUrrrHEErrroSSS
ssiiiPPEErhheetURRODDDynnnEEE
suuuPerrHHHIGhhhwAAAyyy
SSSAAAppeeeRRHIIIGGGhWooyyy'SSS
SSUUUpiiRRRhighWaaaYYS
SSUUUPPPEEERhhIImmoooNNN
ssUPPPUURhimaannLy
SuPPeerUmPPPESSE
SSupppEEriiiMMMPPPussaaddd
SSSiiiPPPEERRRiimmpppisssEEEsss
ssapiiiReMMMPPiiiSSSuuNNgg
SIpEErrrAMpAsssIIItttIIeeN
SUpppOOrrrimmmPAAAsITTTiiioooNN's
SaPERRRuNNcccUUUMMbeeeNNNttt
SuPPEEEreeenDiiiVVVUUddduuaaalll
sssuPPerrINNNddAAACI
SSEPPPerriiiNttEEndd
SSSUUUPPaarrINTTeeennnddEEED
ssUUpeRUUUntttEEENNddduuunnnCCCeee
SSUUppeeerrreennnteeeNddEENccE'ss
SuuupeeeRRiiinTTTuunnDDDAAANcY
SSSappuurriiintteeeNNNddINCyy's
ssuuPPerraNNtttAAAnnddENNNTTT
sssupeRReeeNNNTEEEnnnddEEnnnTTT'SSS
ssUUUPPEERRRanntttenDDDEEENNNttSSS
ssUUppOORINtttOONNNDDDIIInG
ssUUpppeRRRIINNtEEENNdss
ssAAAPEERRRUuuuRRR
SSuupperIIaarr's
sseeePIRRREOOOrUttYYY
siiippeRRiiiaRattyyy'SSS
SSSuPEERREEeeeRLLLY
suuPPPooriiiRSS
sssuuuPPPOOORRJJJAAACCiNttt
SuppEERlaaaTTiiivveee
SuuuPPeeRRLLLaatUUUVVEEE'SSS
SUpppEErrrlatttivvUULLYY
ssuuuPUrrLOTTivEEEnasss
SAAPPEEErrrLAAAtttIIvvveeesss
supppIIRLLLiNNNEERRR
sssOOppiiirrrlIIIaDD
SSuPPPEErLLUUnnAArrYYY
sUUPEEErrMIN
SuupppeRRmmANN'ss
ssAAAPPPOOrrmaaarrKKKEt
ssaapppORRmaaaRRRKettt's
SSSUUUppeerMMMaaaRRRkkEEts
ssupppeerrrmmmEEn
SSSuuuPPPERmooddoooLL
SSSUUUpirrrmmmODEELLSSS
ssoPPOrmmOOOm
SUUPPeerMMMuum'sss
sssuuPPPERRRmmmOMSS
suuPPeeRRMMuuunDAAnnnII
SSEEpppeeeRnUUlll
sAAAPeRRRNNEELLLLLLYY
sssAAAPPeerNNNAttAAAnt
SuuPPPaaRRnnnOOTTANTTTSSS
SSSUUUPEERNNAATTToonnaal
SSSuppeeRRRnnnuuutttuRaaaL
sssoooPPAArrNAATTaaarrOOlllIssM
ssiiPPeeRRRNNNoTuREEElOOOsMs
SopEErNNAAAtUUUrrreelAAsTT
ssuuupeerrNNNaaTuRRaaallLLyyy
SSSUUPPPeRRNNuuuTTTEErrALLLsss
ssuppErrrnnnOrMMMaaLL
SSoPPPiirrnnUUvvOOO
siiPPEErnnooVVIII'ss
sIIppeeeRRnOVVAAAOOO
SSUUUPPPiiiRnevvvaaS
ssseePPOOORRRnuuMMMiiiRAArrAeSS
ssAAAppparrNNeeeMMMeeeRaaarrYY
sUPErNNNumERAAARY'sss
SUUUpeeRROOOrrrddAR
seePPeRRRoorrrDDDIIrsss
SSUUUpeRAAArrrDDDoNNItteee
SUpEErAARRRdddooNAATTTEss
sssIIIPPERoRRRGGGuuNiicc
ssuupppeeerpAATTTrIIItt
ssUUpppIIrpppAtttraiitiiiC
suuupppAArrppetttRUooTTTiissMMM
sssuuupEEERRPATTTrrrIIIOOtiiSSSMss
ssopppaaaRRPPPhhOOSSphhhaTU
sssUUUPPorrrPPHHHYYYsssIIccAALLL
ssuupeerPPosssoobLLLu
ssUUPPIIIrpppEESSSE
SSUUppeerPPPoooSEEEdd
SSUUUpppOrpppOOssUs
ssoPPPErPASeeeNgg
sssIPPEEERRRppooosssIITIION
sUperrrpppuuuSSiitttIoooNNN'SSS
sssuupeeeRRPPOSSiiiTTIIiiinnss
sssIPErpOOWUUrr
SSSupiiirrrpppAwEEErrr's
sUUpppeeRRpOOOwwwIIRSS
SSSAPUUrrrppprrEMMMIIIuuuMMM
SSOOPPeeRRRIIIchh
sssuuPPPeerSS
ssUUPPPeerrSSAAALEsMaaann
SSOPPPeersAAAttOrreTTEEE
SUUUpaaaRSSSeTTTuurAAtteeeDDD
suupeeerrssaaaTTTirIttteSSS
sssUUUPPPerrrsATiiirrOOOttiiiNG
sssIIIPEEERSSSuuuTARREtttuuuOOnnn
SuuuppErrSSSittUUURiiitiiiOOOn'SS
SSIIPPPEErsccRRRiiibbbeee
sssuuPPURRsCRIIIBEEdd
ssOOOPOORscccRRRiiBEsss
SSUUUPPPEERSCCCrrrOOBIINNNgg
SuuupppUUrrrSSCCript
ssOOpAARRSSCRRRIIPPTTT'SSS
SOOPPPeRRsCRIIppTTTIIION
ssUUUPiiRRssscccrrIIIpppTTTioN's
soopeRRScccRaappTTTss
sssoPuuuRSSEEccrrruuuT
SSuuPORSSSeeeDDE
ssEEEpppARRseeduuudd
sssUUppERSSuuudUUUss
SSUUUpppiiirrSSiDDDinnGGG
suPPUURsudddurrEEE
SuuupppErrsEEEdduuRRReeSSS
ssiiiPPaRRRssuNsssiiibllee
SupeeerrrsssONsssoooTTiiivE
SSuuuPPEEERSuuNNsUUUaaalll
ssopppERRssIsSIIIInnn
SSEEpOOrsssEsssssiiionSSS
Siiippersssiiizzze
sssOpuuuRRSazzUDDD
sssaaPPeeerrsMeerrrT
SUpppOOORRsUNNOCC
ssuuuppEERssEEnnEEEcolllllyyy
sssUUUppEErrrssooNNiicccSS
sUUPUrrSSSoooppphiiisssttteeeCCCoottuD
SSUUUpperrssspyyy
suuupppERRstttUUr
SUpuuurrrSSStttEEER's
SSSUPuurSStttArrS
SEEEpppEEERRstaaatte
SSSupEEERRRSSTTaaTTTesss
SSSoooppoorrrstttiTTIooNN
sUUUPerrrsTTiiiTuuuEnn'sss
SSeeePeeRRRssTTEtAONS
sssUUPPPuRRsssTIIITTToooous
SuuupppaaRssTTTiiittUUUUeSSLY
sssuuuPOOORRSSSttOOOraaa
SSEEpeeerSSttoorre'S
SSUPeeRRsssTurrrEESSS
saaapppEERRsssTrrEEToooMM
sssaaaPPPeerrSTRRiinngggtth
ssuuupeerrstRRoNNNggg
SAPPerrSSSTTrrUcTTuuRRAAALLL
SooPPPEEERRsssttrIIIctuREE
SSSUUPPeeRRSSSttrrrEECTUrree's
SSSuuuPPeeerrrSSSTTTRRRUUcccttUreess
SIIIppeerrrSSSuBBBTTTlEE
SiiPPOOOrrrsYYSTEEEMM
ssApEEERRtaaaNNNKKKErr
SupiirrTTTennnkUUrrr'SSS
SSUPPEErrtttaaNNNKKEErrrss
SSSAAPPPEEErrrtiix
ssuuuppEEERRRtttaaaXEEEss
SSuuPPerttthIn
ssUPErttuuuNiiiCC
ssOppeeeRRRTTTaNOOOCCCS
SSSuPeRRRvvvEENNNee
SSSuuuPiirvAAANUd
SSEEEppIIIrrVOONoooss
suuuPEErvaNNNEEENNNtt
sUUppeeRRRVVeennniiinnnG
SSuupeeRVintttiiiAAN
suporveeenTTTiuNN'ss
SaaaPPERRViiiSSSe
SSSOOppurrvvvOSSSEEDDD
SSUparrvIIsssAss
sssUUpppooRvvviiSSEENG
SUPPerrrVViisOoooNNN
SOOpeeerrrvvviiSSIIIiiN'sss
SSuuupeRviisssAeeennnss
sseePerrrVaasoooR
SuuuPPPURRRVVVIIIsaaaR'SSS
SapuuuRRRvOSSSoRSSS
ssupppeeeRRRviSSSUUURyy
SSuupeeRRRwuummmaaaNNN
sapEEErrwoomAAANN'sss
SUUUPPuurrwwiimmEEEn
soooppIINNNittEE
ssuuuPiiNaTAd
ssePPPiinATiiSSS
ssOppENattOOOnggg
ssAAAPPuuunaTaauuuNNN
sUPPPIIINNNiiitttiOOnSS
SSUUUppiiNNNAtOOORRR
SuuuPINEEE
SSuPiNuLLyy
SEEpiinnneeNNEEsssSSS
SSuuupppUUUddd
SapppPPIIIRR
sOppppppEER'SS
sssaaaPPPPAArrrs
SUpppPPPEErrtiiMMA
ssePPPPPPiiinnggg
SSuupPPPLaannT
SSuupppploNNttiidd
suPPPPPlluuNNNTTTEErr
ssaappPPPlllAAnnTTTaaRRss
SSoooppPPLLLAAANTTTiiinngg
SapppplllooonTTSSS
SSuuuPPPpplee
sseeeppPPlaaaJJIICCCKKK
ssUUPPPPLujjAAckkS
SSSaaPPPLEELLyy
SSoooPPPpllliiiMEEntt
sOpplllEEEMMaNT'S
SSuupPPlllUMMIInnTaLL
SuuPPPPPPLLeeeMooonntttarYYY
suuuPPPLLLaaaMUUUntttaaattuuuIN
SSuuupppLOOOmeeennnTTAAtAAAinn'SSS
siiippPPPlleeMEnTTTeeDDD
sssOOOpPPleemmOONNNTTToNGGG
sUUUpplllEEMMIIInTTs
SUpppPlanEEEsSSS
ssiiPPPLLeeeNNNEEsSSS'SS
suuuppPPPlEEErrr
suuuppppllleSSttt
SSUUPPPpplEEttiiOnnn
SSuuuppPLLEEtttirrry
SooPPPppLUAAAnncccii
sssIIIppPPPlliiiAnt
siiiPPPLiiAAAnnntt's
SSuuPppLoOnntLLLYY
SuppppLiiaaNNtSS
SSUpppPPPLLiCCaNTT
SAPPPppLLIIICaaNNTTT'sss
sUUUpppLLLIIcUUNtsss
SSUUUpppPPlicaaatttOOO
sssIIIpppPPllOOcAAAtEEEd
SSiippppppllIccEETTTeeeSS
sssOPPpllOOCCaaTTTINNNgg
sssoopppPPlIICCCaTIENN
sOPPppllOOcccAATTTiiiiNNN'SSS
sssOpPPLLiiiCCCATToooooNNsss
ssUUpppLiiccATTOryyy
sssUpPLiEDD
sEEEPpppLLLAEEErrr
ssUUUppLLLIIIaaRRR'S
SSuuuPPplIeeerSS
SeeepplUUiiSS
SSSuuuPPPPllYY
ssUUpppLyy'SS
SSUUUppPLLyyyUNNg
SSupppppooRTT
suuppppppOOrtt'SSS
sippPPPoRRTuubUlllIIttYYY
ssOPPpOrrTTTUUbbLLE
sssUUPpoorrrTEEd
ssUUPPPPPPirrrTTEEErr
SEpppPPoRRRteeeRR'SSS
SSSIIIPppoooRRteeerrss
SSSuppppppoorTTIIngg
SePPPPPaaarrtttIINGGGsss
SSUUppppparrtttEVVooo
SSSUPPppOOORRtttEEEVIIILLy
sIIIPPOOORRtIVVViNaSSSS
sUUUpPPOOrrTTTSS
SSuuppppOOSSAlll
sssuuPPPpooSAAAlS
SSSuppppOSEE
sssaaapppOOOssAdd
SOpPPoooSSSOOODllly
ssaPPPppESSSEss
ssUUUpPPoSSIIInG
supppPPPaassUUtttaaaOOOnn
suppppooSSUTiiiUUn'S
ssUPPpppOOOsaTiiiinaaal
SSSUPPPuuuSSeettuuuaaaNNNSSS
sUUUpppPPoSSSiiiTTTOOOEEES
SSiiipppOOsssIttEEEOOIssllyyy
sUUpPPooSSIIItoooEEEusNNesS
suPppuuSSittaatiiEEEus
SSSuuppOOsssiitttEEEvu
SSSuPpOSSSiTTTEEEreEEESS
sssOOppPPoooSSeTTToRRRyyy
suuPPPpppUUSiTTOrrryyy'S
SAAPPPpreeesssSSS
SUUUpppppRReSSSSaanttt
sssOpppRIIssSSEEnT's
sssEEEppPRRRaaasssSSSIInnnTTTsss
ssUUpppprrrAAAsssSSSeeD
SSIpppPrUUssSees
SUppppprrrIsssssibllEE
ssUUppppResssUnng
SOpppPPREEESsssuoNNN
SaapppppReeesSIIIonnn's
sssOpppPPPrreSSSSSIIvvvE
SupPrrressSER
ssUPPPrreeesssSSOOOR'ss
SSSupPRReessSoorss
suuPPPPPiiirrrotttoo
SSUppUUUrrrUUUTTUdd
SUUUppppppoooRRRatteeeSS
ssUUUpPuuRRaaatINNNGG
SSUpppPPAARaTTTiUUnnn
SoPPPPUUratOOOUUNN'SSS
SEEEpppPPPoooRRitiiVVVEEE
sssIIPPrrraaa
suuuPPraLooPSSSoooruooonn
sssuuuppprrrillIIMeennnall
SSSUUUprrAAAMuuuLLLeeCileeeRRR
ssuPPRaaaNaTTiiONaaLLL
sseepppRRannnAAATToooRRAAAlll
SSSuupppRRRAAAorrBiiitaaaLL
SSAAAPrrEEErrUUNNAAALL
sUppprraaaSSSAGMMMoonTTTalll
SSSuPREEMaccIIIsst
SSSUUUPPrrreMMMaaaCCIsT'S
sssUUUPrreeemmmAccIISSTS
sssUPProoommmaaccYY
SuPRREEMMMOOCCCyy'sss
SuPPPrrEEEMMMEEE
ssIPPreeemmooLyy
SSUpppRRRImmEEneeesSS
SapRReeMO
SSeppRRREEEMoooSSS
ssoPPPs
suree
SSSurrrAHH
SUUURaaaLL
SSUURRAAAs
suurrBUUSee
sURRRBAsseedd
SSSuuurbbAAAsEEss
suuurcccOuuuSSSee
SSUUrCIIAsaa'S
sssuurrrcooOOSUUUd
SSSUUUrrcccEEOOOsoSS
surrCIoosInnnG
SSSuuRRchhurrrgge
ssurrccHERRRGGGEEE'sss
suuuRccchAARRggEED
sUrrrCCCHAArggeeesss
ssERRRccchAARRggUUnnnggg
sssAARCCiinnnggllU
sssUUUrcciiiNggglO'SS
SSUrrrcciinnGLLLeees
SUUUrrcaaLLOOOSSSeee
sssUUUrrrDDD
ssUUUrrddss
SUrrre
SSuurrrEEEFFFuuuRE
SSeeReeeFOOOOOOttAADDD
SSuroooLLLyy
ssUURRUUUnnniSSs
sssAReeNNaaass'S
suuurrrerr
sssOOORReeeSSSttt
SSSurUUUTuEEss
sssuuRRaaaTTYY
SOOOrEEEttYY'SS
SSUUUrrEETTTYsHeeP
ssUrFF
sssuuuRf'SSS
SSuurFFFAACeee
SooRRRffecccaa'sss
SurFFFeCCeedd
SSSuurrFFACCESSS
ssseeRffAciNNggg
SSurFEECCCtAAnnTTT
SUURRRfffAAACCCtttiiNttss
ssUrrrffBuuuRRDDD
ssErrFFBBBiiRRRDDDS
sssUUURRfffbbOOeeeRRRDD
sssiiRRFFFbOOOOOORRRd'S
sssaRRffbOOAAARRRdaaaDDD
SSSerrrfBBiiiAArdIIInnG
ssuurrFBBeardIIInngSS
suuuRRffBooeeeRRdddSSS
SURRRFFBBBuAtt
SurrrFFBBOats
ssuurFFFeeeD
suuuRFFEEIItt
SSeRRRFFFeeIIITT's
SaaarrrfuuIIttaad
SUURfffIIIIIttoNNggg
sssUUrrrFeeeeTss
sssooorrfffEr
ssUrrffeeeRR'sss
SSOOORRffAArrs
sssErrffIIICCiiAALLL
ssUUURRRFFFeeCiiiaalllLLYYY
sUUURRRffiinnG
ssuuRffIInnnggg'ss
sssIIRfffpppeerrrccH
sssUUrFFFSSS
SSARRgE
sUURgggeee'SSS
ssUUUrgUUdd
SSARRGGGEEEAAANN
SSuurrGGeeeunnn'S
SSSUUrrggaaOONNfIIISSH
sseeRRRggEONSS
saRguriiiEEsss
siirgEErryy
sUUrrrGGeeery'S
suuurgguSSS
sssuuuRRRGGGIcAAAl
SSuurrgggIIIceelllLLYY
Suurrrggiinnng
SUrgYY
SSUUUrruCCIIIttOOO
SUUrIIIcooTTeesss
SSeerrLOOerrr
ssuRRRlluueeeSSSttt
SSurrrLLLELLLy
SSSeeeRlllaNNNUUSs
SSuRLIIInnUUUSSSss's
SERRlY
ssUrmmmUUSSO
sUUUrrrMISA's
sssuRmISSAAD
sUUURRRmmmIssseesss
ssoormaSEnnngg
SSSuuRRRMuuuuNNNTT
SSoorrMMUUUunnTTTUbblllEE
sssURRRmOuuunttEEddd
SSuurrmmmoooIIINNNTeerrr
SuRmmmoIIINttIIINggg
ssiRRRmmiiUUnnntttSSS
ssoRmmmuuLllleT
SIrmmiiLLLlllIItttSS
SSSERnnniimE
sUUrrnnnIIMeee's
sssIIrrNaammmAASS
suRRPAASSss
ssoorrPPPaaassSSAbleee
sssuRRpAAASSSsssODDD
ssUUURRppooSsAAAss
ssuuRRRPPESSsssennnGG
ssuuRRPPuuuSSSSSSiiiNGGlyy
suuRRRPPPlllIIIcI
SSiiRPPlllIIcccuuu'SS
ssurPLaccceSSS
SuuRPPLLesss
sUUrPllloos'ss
SUUUrrPLUSSEEEggEE
SSiiRRRPLLEssUgggEEEss
ssURPPllleeesedd
SurrPPPLLLUUSSSeSSS
sssIRRRpLUUUSiNNgg
surrPPLuSSsssEEEDDD
ssUUURRRPPLLLUUUssssiiNNG
SSOOORRPPPRROOONNTT
ssURRRPriiinnTTTSS
SSSuRRRpRIIISalsss
SSurrrPRRRooosssEE
SSuurrpppRuuSSSee'sss
SSuuuRpppRIIsiiddd
SeeRRprrrIISSSas
SSirrrPPPRRiisOnnnggg
ssUUrrppprrrIsssoonnggLLLY
ssUURRpppRRRUUUSSiiiNgSS
SSaaRppRRRIZZZAAlll
SSSIIIRRRppRRAzzEE
SSurrUU
SSSiirraeelll
sssaaRrrreAliiiSSMM
SooRRRRReaalllooSm'SS
ssoRRrreaaalOsTT
SSuuuRrrEEEALoooSSST'ss
SSSEEERRRREEEEEllliiSTTTIIC
ssuRRRREEAAALLLIsTTACCAAAlllllYYY
SSSUURRRrrreeoolloossTsss
sssuuuRRRroooillUUTTyy
SSSUUUrrrrrEEEAlllllYY
SSSeeerrRReeeBBBetttttAL
SSUURRRRRREbbbUUUTttAAllSSS
SSURrrreeeBBEtTTTeerrr
SSuurrrrEEBBuuutttttteeRRS
sssUUrrreeeJeiiNNNdddeerr
SeeRRRREEjjjOEEENDDaarrrS
SSERRRRREENDDDooorrr
SuuRRRrrUUNNNDDDeeeRRR's
SuuRRRrrreeennddeRREEdd
sssIIrrRRRiinnderaaannngg
SUUrRRREENdddaaarrSS
SSUrrrREEEPPPTTTItOOOeusss
sAArrrRRRIPTaTTeeeooeSSSllYY
ssERRrEEEPPTIIIttteOOUUUsnnneeeSS
ssiiRRRRAAptttiiTTUUUEEEUUUsssnnIIISsss's
SSuuuRRrrreeyyy
ssurRREyy's
SSSuurrRRROOOYYSSS
SSOOORRrrrOOggaaaCCYYY
ssoooRRRrrroggacYY'ss
sssiiRreeegggATE
suRRRRooogggiiiTEE'S
SSSoooRRRRRoogggateeeS
ssaarrrraINDD
ssUrROOOuuNddEEEDDD
ssorrRRoouuunnnDDDuuNNg
SSSeRRrrouNdiNgg'SS
SEErrrrooEEEnnnDDonnGGS
SSSUUUrrrroUUnnnddIIINNGGGS'sss
surrooInDDS
ssooorrrTTTaaaXX
SUUURRRTTAAxx'SSS
SSurrrtIIXXXeeddd
sssiirTTUUXEESS
SUUUrttixxuunnng
sssaarTTTiiTTlEEE
sUrTIITllEEESS
suuRRTuUttt
siiirrVeeIIlllllliiinnCCCeee
sssuuuRRVVUUAAALLlUNCO'SSS
SSIIRRRvvEEEYY
SuurveYYY'SS
surrrVVEEEYYeeDDD
ssuuRRRveeyyiiiNNNggg
SSUUrrvEEEYYInggg'ss
SSSURRRveeeyyyorrr
sssUUrVVVEEEYYAAARR'SS
SSuRRVVeeYors
SUUURRvaayyySS
SSUUURRVViVAboolaatty
SSSuuuRRRvviiVVoooBllEEE
SSUURvviiiVUll
sssurVVVooovAAAl'sss
ssEErrvvUUUvvaaaLIIsT
sssUUURRRviiVVVAAALAAssstt'sss
sssuurVVViiVVVaaaLeeSSSTTs
SuuuRRRVVVEEVuLLLSS
SSSAAARRRvvIVVVaaa
sUUUrrrVOOOVVVeeeDD
SSUUUrvvveeevaaSSS
ssuRRVIIvIIINNGGG
SSSUUUrrrVVaaavvooorrr
sEEErrvviiivvvORR'sss
SSaRRVVoVVVOOOrrrS
sssISCCAppptOOObbbOOOLLLiTTIIEESSS
SSSEEESSCCoopptttiiBBuulIIttty
sOOssscceePPtttAAbbiiilIIIttYYY'ss
SSSUssCCCEEEppptIbblleee
ssaassccEptttibbLLLyy
sssoossceppTTeevve
ssuuuSSHHHOO
SuussHHee'SSS
sssUssslOOOK
SSSUUUsLLLAAKs
SSoosPeeeCTTT
ssuuusssppAACT'ss
sIIsPPactttEEED
SSUUssspeecccttAAANNNGGG
sUUUSSpppEEccttss
SSSosPPeeennDD
sUssPPPeeNNNddeDDD
ssiiiSSPPeenndddeerr
sUSSSPEENNddeeerr'SS
suusspppENDDDERRRss
SSooosssPPPanDDDIINNNggg
SSuSSpppuunnnDDsss
SSiiiSSSPPUNNNssiii
sOSSSPPPEnsse'sss
SuuusssPeeennnssEfuuuLLL
sssuusssPPOOOnnSuuOOn
SIIISSpppeeNNsssIIIoN'sss
suuspponSSSiiiaanSS
ssaaasPPOOOnsssaaVee
sssuuSpppeennnsoooeDD
SSUUSPPPeNSSaarrr
SUUsspppaaannnssoooRRSSS
SiSppENNSIRRyyy
SSUsssPOOCCCuuOOOnnn
sUUSSpppIIIccIiiNNN'SSS
ssuuussspuuuceeeOOOnsss
SSaaasppOOCCIeeuuuS
sssuuuSpiccciiiIIUsslly
ssUUSPPPiccEEEOOOuuSSnEEssss
sUsssPIceeousnnnUSSSsssESS
SSSOOSPPPIrUUTTTIIonn
SSSIIISSSpppiirrreee
sssISSSss
SSASSSSEEddd
SSOOOSssEEES
SSSUUssssssinnGG
SSSEstAAinnn
SSSEssttaaaOONNNaBBIllliitttooous
ssuuuSSTTiOOONaBaaLLLIIITy
SSSuuuSttAAAINNNAbblleee
ssUUSSStttaaaiiiNNuuuBBLy
sssUStIInnAAD
sseeeSSTTTaENeeeDlllYY
ssUUUSStteeIIInnnEERRR
sssUUUssstttAAaaannEEEnnnGG
sssuuussTTaaIInnmAAANNttt
sUUsstaaaiinnnmmeNNTTTs
ssusTAIINs
ssseeessTTTUUUNNNeennnccceee
SSSUsssttuuNNNOOONNCIII'S
ssuusssTUUUNNNtttaaacalllARRR
sssusssttINNNtttAAATTTiiiENN
SSSoooSteNNtttattaaaEEnnsss
sssUUUsssoooRRrrEEnT
SIIISiiirrrrrraattteee
sUUUSSSURrrroootteeddd
sussuuurrrUUUTTEEEs
ssUUSAArraTOOONGG
SOsssuuurrrraaTiiaann
SSSuusiRRRroooUUUSSS
sssaSEEErrrRRRuuuSSS
SUTTTlUUUrr
soootLERRR's
SuuuTTlerrrss
ssUUTrraaa
sAtttIeee
sssuuTTteeeeess
ssatttuREEE
sssUTTTUUUru'sss
ssuuuTTToooRRReeedd
SuuutttUURRRUsss
ssuuuteerrrUUnnnG
ssuZZZiRRaOOONNN
SEZEERuIIINN'SSS
ssOOOZZeeeRRROUUNSSS
SUUzzzEErAAAaaannnTTTy
sssuuuzzzeerrAONNNTTyy'ss
SSSvvvEltEEE
SVEEELLLTERRR
ssVEEELtteeeSTT
SwUb
SSSWWWaaB'ss
sswIIIBBBbbbeeedd
sswEEBBBBEEErrr
sswwwaabbIIINNNg
sswwEEEbS
swacccKKEEDD
ssswwwuuddddllEE
SWAAdddllEEd
ssWOOOddddluuSSS
SSSwwwaaaDDDlingg
SSSwwwEggg
SSwwwuuuGGG's
SwIGGGEEE
swwAgggEEd
SSwwwaGGESSS
SwwwAggGGEED
ssWWWEEEgggerr
SSSwwAGGGERR'SS
SWWAAggggEEErrrodd
sWWAAAggggAARoooRRR
sssWAAAGGAAArrrIIng
SSSWWWAAAGGGGeeRRRs
SwwaaaGGGENGG
SSSwaaGIIInnng
sswwuuugggmmmaaannn
SSSwwwOgSS
ssWaaGsmmmIIIn
SWWEInnn
sswwwoUnn'ss
SSSwwwiieeennSSS
SwwaLLee
SWWWAAAlLLLUUUWW
ssWWWaLLllOOW'sss
SSSweLLlllOOwOOODD
sssWWWAAALLOOOWerrr
SSSwwwOllLOOWWiinnggg
SSSwwwaLliwwws
ssswwwAAALLLLLeewwwttAAAIILL
sssWWOllOWWWttaaaiil'SSS
SWWWAAAlleWWttaaaIILLss
ssswwAAAmm
sssWWAAAMMuuu
SSSWiimmmi'sss
sWWWOMMiss
sswammPP
sWWUUMMMP'S
sswwwOOOMMMpEDDD
ssWWEEEMMpEEErr
ssWWWEEMMMPPPOErr
sssWWWAAMpiUUsT
SSWWaaammmPPIniiisssSS
sssWWWamPaaanG
sWWAAAmPPLLLaannd
SWWWaaaMMMppllluunddd'SSS
sWWeemPPlAnnnddS
SSWWaaammppss
ssWWWaaammpyyy
sssWWWEEnnn
sswAnnn's
ssswUnnHHHAAArrrddd
SSSwwAnKKK
Swwwannk'S
SSSwAAAnnnKKAAd
ssWWWiiinkeeerr
SSWWWuNNkkkOsTT
SWaaannnkkEEEEERRR
sswwOOOnKKiesTTT
swwwooonnkkkOOlYY
sswwonkkinneeeSSSsss
ssWWeeeNNNkkkUUUnnniiisss'SS
sWAAANKKKiiiNg
SSSwwwOnnKKKsss
SSwweenkYYY
sWaaaNNNNNNEEEd
SSwwwEENNNNNinggg
ssWWWiNNNSS
SWWWAANNsdddoWWWNNN
sswwwaannsDDDOwwn's
ssWuNNSSSKKKENNN
swwAAANNssoNNNGGG
SSSWAnSSONGGGSSS
SSWWWiP
SSwapp's
swooopppppEEEdd
ssswwwAAppppEEER
SSSWWWEEEpppperSSS
ssswwAAPPppINNGG
sWEEPsss
SWWARaaj
ssWAAARRRDD
SwwwaarDDD'SSS
sswwIIRDDDeeD
swwIRRRds
sssWaRMMM
sWWArrrMM'SSS
SSWWWoooRRMMMUUUDD
swwurrMMiiiNNgg
SWArrMMMS
SWWaaarrrtt
ssswwAAARttHH
SSSWaaRRtthIErrr
sswwwAArrrTThEEISSSTT
sswwaaRTHHilllYYY
swwwERTTHHiinnessss
SSSwaarrrTHHiNNNiissssEEESS
SSSWWeRRRThhhYYY
SSWWAAAshhh
swwwuuSShh'S
sWWASSShhhBBiiicccKlaaar
ssWWashhhboooCCCkkklErrr'ss
SSWWWaaashhbbbEccklllERRSS
SSWAsssHHHbuuuCCkkkllliiinnGG
swwaaaShBBBaaacKKLIIInnnggg'SSS
Swwaasshooodd
SwAAssshhuuss
sssWWassshiinnnggg
SSWOOOSStAAAkke
SSwwwaassstEEkkko'SS
sssWaSttooKKaS
swaaTTT
swwwUUtt'ss
swwAtcccHHH
ssswwwOTCCH'SSS
SSWWAAATccHooss
ssswwwOttth
sssWWWuuutH'ss
SwATTTHHeee
swAAATHee'sss
SwwwAAAtHHHedd
ssWWWaaatttHHesss
sWWuuuttHHUnGGG
SSSWWWOOOTTTHHHs
ssWWWAtttsss
SSSwoooTTttEED
SSSwweeTTttAArr
ssswwwATttuuuRR'SSS
swIIttttAAREEEddd
ssWaaatTTTeeeRRInnGGG
sssWIIttttteeeRRss
ssWWEETTTTeeennGGG
ssWaY
sssWWoooy's
SSwaaayyBBBaackkk
SWaaYYbbbAAcckkk'sss
SSWWWIYYYBACCKKKEEED
SSSWWWuYYUdd
sweeYYIIInnnG
ssWWeysss
SSWeeeaRR
ssswwwaaAAArER
sswEAARuRRR'sss
SSwwEEUUUrruuRRS
swweeEEREENGGG
sWWWeeeArrrsss
SSSwaaaaarrwAARRDDD
SSwwEAArrWiRRRdd'SSS
SwaaaiirrrwOOrrrds
SWAAUUtt
sswwwIettt's
SSWEEEIItttBBBAANd
ssswweeAttbbuuNNdd'S
ssswweoTTbbbAAAnnDSS
SSSwwwoooAAttBBBoX
ssWuuuATTTbbaXXeeSSS
SSWWIIIEEETTEEED
SSSWEOOOttteeRR
sswwEEuttEER'SSS
swAAOOOTTTIIIRRRs
sWWeeeuttiiERR
SSWEEEiiittteeeSSttt
swwwiiiOOTTTIILLLYYY
SSwwiiiaTTTInnAsssSSS
swwwIIIaTTTiinG
SWeeAAATaaNNNggSS
swEEAAATpppANNNtttss
ssWWuuaaattPPAANNNTTsss'ss
SwwwOuttss
sswwwEaatttSS's
swwwaaaaatSHiRT
SWiAATTTSSShhEErrttt's
sswwEEOOtsHHHIIRRtts
SSwIIaaaTTTshUp
SSwwweaattssHeppp'S
SSwwEUttSSShoooPPss
SWEaaaTTsssUEEETTT
sweeeaTsssUUittSS
SWEEEaTTYYY
SSSwwiidddEE
sssWWeeeDuu'ss
ssWEDDeeSSS
SSSwEEEUUNNYYY
ssswEEEuup
SSSWEeeppp'sss
sWEEEEEpBAAAcKKK
SSweeppeRRR
SSwwwoeppEERRR'SS
SSwweAAAPPErrrSS
sswwEiiiPPPEnng
SWWWAAEppannnGG'S
SSWWuueppAAnngllYYY
sswwEiiiPiiNNNGGsss
SWWWEEPuuunnGSSS'S
ssswEEeeepppSS
swIIoPPssTTAAkkkE
SSSWWWiieppSTTTaaKKu'sss
SSSwwEiippsTTiiiKKASSS
sWWeeeEEPsssttUUUKKEEEsss'S
SWWEeTTT
sswwEAATTT'SS
ssswwweeEEETTTbbRRREUUUdd
sWWWEEEAAtttbbrEEaaaDD'SSS
SSweEETTBBRRiiuuddss
sWaeetttBBrruuiiir
SSwwEeeeTTbbRRRiioooRR'SS
swwwEEittbRRiiaaarrrs
ssWieTbbbrrriiieRR
sWWEEEeeetttbbbRUer'ss
SSWWWEEEotttbRRIIUUUrrSSS
SWWaaaeTTcOOrrNNN
SSwwwAAAeTIInn
SWWWEEEoTTeeeneedd
SSweeeEtttoooNNEEEr
SSWWEEEeeetttuunnEErr'SSS
ssWWWEEeettteNNEErS
SSSwwwEEEIITTTeeNNNUUnnngg
SSSwEiiTTTEEENNNiiiNNNGGG'sss
sswEEEEEtEEEnss
ssswwweeEtterrr
sswwoeetttAAst
sssWEuuuTThhhOaaarttt
sWWWEEEAAAtttHHaaaaRRtt'SSS
sWWeeAATHHHeeAArrrtS
swwuuetttooE
SSwwwAAAATTiEE'SSS
SSWWAAEETTTiiEEsss
ssWWWeeeeeTTTuuunggg
sssWWeeeUUUTEEESSSHHH
SSWeeOttlYYY
swwwEEEEETMEEaaTTT
SSwweeeeeTmmmUUUIttt's
swweeTTTmmmEEuttSSS
SSWWeeaaatttNEESSSS
sssWWWeEtttnnEESSSSS's
sssWWeetttS
SSWWWeeAAtShop
sswweeOttSSooppp
ssswEEETTTSSoppsss
sswwwooollLL
SSWWWeellllll'ss
SSSwwwEEllllEEDD
ssswwweeLLluurr
SSSWWWeeelllLAAAssTT
SSSwELLLLLffIIsssh
SwOOOlLhhhAuDD
sswwEEElllllhheeAAddd'sss
SWWEEELlllHHHEaaaDEEEDDD
sssWEELLLLHHEEAAdss
ssswEEELLLlllenGG
SwwwuuuLLLLLEENNgg'sss
sssWAALLlliinGSSS
ssWWIILLLlllSS
SWeeLLtterr
SwwuulltERRR'SS
sswwweeeLLLTiirrrAAADD
SwULLLtIIIRRIIINNGGG
SWWWELLLtteeerrriiNNNggglllyy
SSWAlTToRS
ssWWEEEPPTT
SSWWWEEPPtbaaaCCKK
SSSWWEEPTWWWuuNNNGG
SSwwwAAArVVVE
swwEErrrVO'sss
ssswuuuRVViiiDD
ssswwEERRRvuSSS
swEERRvvvIInngg
swwweVVVEEN
sssWWWUUffftt
ssswwIIIffTTT'sss
SWWEEEFFFTTOOOR
SWWiiiffTTuuSSStt
SwIIIFFTTTLOOTTT
ssswwiiffftLLuTTTss
SWiiifftttlly
SSWiFFTTTneeeSSS
SSSwwwooFFFTTTnnEEssss'SS
sWWWIIFFFTTS
SWWWIIG
SSWWOOOggg's
sswwwoGGGgggAddd
sssWWIIIgggGINGGG
SSSweeegss
SSSWWEllll
ssWWWIIIlLLL'ss
ssswwiillled
SwwIIlllLLAAnnngg
sWWWiiLLLLS
ssswwwiiim
sswwiMMM'sss
SSwwwIIMMmmooRR
SSSwwuMMMmmmer'ss
swwwimMERRsss
SSSwwIMMMMinnggg
ssWWWimmMMMOONgg'SSS
ssswimmmmIIInnggllYY
SSSWWiimmSSS
sWWWiiMSuIIITT
sswwwUmsiiiUUTTT'SS
swwIImSSuIIttSS
sssWiiMWOOOooRRR
SSSwwwuunnddLaa
ssswiinndLLLEEE'ss
SSSwiNNddllOOddd
SSWiinnDLLLEEr
SSSwUUUnDlleeerrr'S
SSSWANDLLEEERsss
sswwwindLLLeSSS
SSSwwwUUUNNdddLOOONNNggg
SSSwwIInnnEE
sWWWaaNNNe'SS
SwwANNEEEHHHoooRRDDD
SSwwwAANeeeHHHOrDDD'S
ssWWWAAANNuuuHeerDDSSS
sswwwuuNUsss
SWoonng
SWWWiiNNNGGG's
SSwwIINNgggUU
SwwANNggaaaDDD
sswwwInnnGGGeeIIINgg
SSWWiiiNNGaaaR
swwwooonnnGeeerrr's
sWWWIIInGIIIRRSSS
sssWWWIINGeess
ssswwwiinngggEEENNg
SSWWWIINNNgggllee
sswwwAAAnnnGLLooottrreOOO
SWWWInGGGlAtttRReeAs
SwwwIIInnGS
SWWiiiNNIIsssh
swaaNKKK
sWWWAAAPE
sswwwIIIPPPEEE's
sssWopeeeDDD
SSSwwwOOpppeess
sssWWIpppIIInng
SSWWuuppppLEE
ssswwwIIIRRl
SwiRLL'ss
sswwiiRRRleeD
SSWIIRllleOOr
sWWWooorrlllaaeeest
sWWWOOrllleeenngg
SSSwiiRLs
sWWWaaRRllYYY
SwwwiiissHHH
sswwwiiiSSSh's
ssWWWiiSShhAAAddd
SSSwwIIShhhEr
SwiSSShheeSSS
swwiiiSHHeSSttt
sWiiSSHiNNNg
SSSwwIIIShhYY
SWWWiiTTchhh
SSwwIItttcccHH'sss
sswItttccHabbLLLoo
swwitttccchhBooocccKKK
sssWWIttccchbeeCK'SS
SSSWOOOtttccHbbbaaacKKS
SSSWitCCHBBBllEEEDIII
SSWWWettChhhbbllAAADDA'SSS
SWWWuuutCHHHbbblllooDDiiSS
ssswAAAtttCCHHbbooeeeRRRddd
SwwIItttCCCHHHbUEErddd'S
swwiiTTCCCHbbbEEaaaRRRDSSS
SSwwaaaTccHHUUUd
sWiiitccchhErrr
SSSwwwaaaTCChuuurrr'sss
swwiiiTTccHHHEroooa
SSSwwiiiTcchAArruuoSSS
SSwwwiiitttcheerrs
SWiiiTTTCHHHASSS
sssWIttCCCHHHGGuuAArr
SwwitttCCChiiinnngg
SSSwwiTcccHHHmuNNN
sWWWAAAtttCCChhMMENN
SwwwuttCCChOOOVVVEEErr
SSSWIIIVVElll
SwwwEEvvEELLL'ss
SSwwwiValuuuD
swwwAAvvAALiiNGG
SSSWWiivviilladdd
SWWIIIVVEEllLAANNg
SSWWWiiiVUUlllSS
sWWWUUvvEET
sswwIIzz
SSSwwwAAAzzzZZZ
SWWEEzzzzllluuu
sswIIZZZZZZLeeeSS
ssWWWOlLLLeeen
sssWWWOoonnn
SWIIONNN'SS
SSSwwounnnUUDD
SSWWWEEEENNING
SSSwwwOOInnsss
SSSwoooooPP
sWWWOIPP'SSS
sWouuupppeDDD
SSwwwOOOOPPPIINNGG
sssWWWUUUOOOPPS
sWWoOsssh
SSwwwIIoSSSh'SSS
ssWWWoooosHeeeDDD
ssWWWoooUUUSSShEEs
SSSwwoooEESSShhhiiiNNGG
ssswoop
SSWeeeP'ss
SSSwoopppPPPUUUddd
SSwwiiiPPppiiinGGG
ssswOOPPss
Swwwaaard
sssWWOORRD'S
sssWWOOrrdddbbbiillLLL
SwOOOrdCrrrooFFFt
ssWWOOrrDDDfiiisssHHH
SwuuuRRdddffIsssH's
swwwEERDDFiSSHaas
SWWuuRRdddPLLLUYY
SwUUURRRdddPPLAyyy'SSS
SSWooorrDDSSS
sssWWooRRddSSMMMaaNNN
SWWWoooRRRDDDsssMaaNNN's
SSSWUUrrrDSSMANNSSShhiip
ssswwwUrdddsmuNNsssHHHOppp'SS
SSwwOrrdddSSMMeNNN
SSwwwOOrrrDDDttAAEEELLL
swwOOORdTAIlllsss
SSwwUUURRREE
SwOOrnn
SWWOOTTT
sssWWEtttsss
SSwITTTtuddd
SWWWOTTTTINNG
SSSwiaaannDD
sssWWWUM
ssswEENggg
sssYYBURRIIITTeee
sssYBBeeerrriitE'SSS
SYYYbbiiirutuuSS
ssyyyBiiRITIIccc
syybeeRRReTTIIISSSM
syyCCEEEmmmIINe
sssyccAMMuuuRRREEE
SYcaaamAAARRRaa'SSS
SSYYYCIImmmeeReS
ssYYYcEEE
SYcEEo
SSSyyccceennnoooAAM
ssyccEnIeeeMMMs
sssYYYCOPPPHHEEnCy
sYYYCooPPhhhUNNCYYY'sss
sYcccOOppphhhENNTTT
SSSYYYCOOPPPhhunnnt'SS
SSYYccOOpphhhAAANTTIICCC
sYYYccuuPhhhuuuNttiiiCAAALLLYY
ssYCCOOOpphhUUUNtttS
SyycccOSAAAsss
syyyLLlllUUBBBaRRAAas
SSSyylllLAAAbUURRRyy
SyyyllLLLAbiii
sssYYYLLLAAABBiiiC
sYYllllooobbIICCCEEElllLLLy
SyLLLLabiicccaTTI
sssyylllLLAAAbbbiiCCAttodd
ssyyLlUUbeCCCaaTOOOS
SSYLLLABBBIIcccAAttOnGG
SSSyLLIIBBiccatttiioNN
SSyyllLLLIIBBuccAAttiiAAANNN'ss
SSyllllllAABBBiiiCCiiiTIIIEEES
ssYYLLLLLLABBuCIIITY
syyyLLLLAAbbbuufIIcccIIITIIIaaaNNN
ssyyyLlllObbEEFOOOccaTaaaooonnn'SSS
SSSyyyllLLUUbbbIfaaeedd
sYlllLLLOOOBBBiiiffieees
SyylllllabifffYY
SSSYYYllllllobIIIffyyInnnGG
sssYYYllLLLeebIIISSM
syLLlllABBBIIZZZAAA
sssyyyllleeBBIIzEEEd
SYYLlAAABBIIzzzeeeS
SyyyllluubUUUzuNGG
syyyLLLLLibbLLiii
sssyylllLLLaabbLee'ss
SSYYYLLLLLeBBllEss
sssYYllLUUbbbIGROOOMM
SYYllLAAbbOOBBB
sssYYYllllaBBBuuuBSS
SSSYLLlUUbbiiiSSS
ssYYYllLLLAAABBBooSS's
sssYYlllllabbbEESEss
sYYllLLuuupsssUUUSSS
sssyLLlllepppsssiiiss
sYLLLLeeepTiiiCCC
sssYYlllllloogESSSmmm
sYlllllloooggOOSSSM's
sYYYLLLLLLoggAsssMMMSSS
sYYLLLLaaagaasssTTTIcc
ssyyyLLLlllooGGiSTTIIccaaLLLyy
SSyyLLLLiiiGGIIIzzOO
SYYLLLLLuuGAAzzeeDD
SSyyyLLLlOOOgiizzzeees
SSYYYLLLllooGGGiizUUNNG
SYYYlllppHHH
ssyyllPPPHH'ss
sssYLLLpphIIC
sssylpHAAADDD
ssyllppphhLLIkkkeee
SSSYYLpphSSS
SYLvvvaaaN
SYllVVVaannnOtEEE
syyLLLvvUUUNNNittteeSS
sYYYLLVVIIcuuullltuurrEE
SyylVVVIteee
sYlVuuuTTTISS
SSSyMMBBBuuuUUNNNttt
SSSYYYMMMbbIIoSSoss
SYMMMBBEEEoseeSS
ssyyymmmBBBoessiiiss'ss
ssYYYMbiiiEEETTiiiCCC
SYYYMMMBBBIIIIITIccAAAlllY
sssYmmBBOOOlll
SSyymmBBBooL's
sssYMMMbOOOLLIICC
SSyyMMMBBOOLiCaaL
SSSYYYMBOOLiiciiiLLLLyy
SYYYmbbboLiiiCCSSS
SSyyyMMBBBUUllUUUsMMM
SSyyMMbbOlllUUUSmmm'S
SYYMBAALLeeeSSt
sssYYYmbbboooLiSSTTS
SyyMMMBBIIILozzUUUTTTIIIaaNN
SSSYmBBoooLLUZZAAtoooIInn's
ssYYYmmmBaalliizzzEEE
sYmBBBilllIzAAd
ssYYYmmmbbOLLLOOOzzees
sYYYMbbiiLIZIIINNGGG
SSyyMBBOLLIIIggYYY
SSYYYMMBBBOOlSSS
SSSYYmmMMMeeettRRReC
SSSYYYmmMEETRRRIIIccaaall
syyMmmmEtttRRRaaccaaLLLLLY
SYYYmMMMeeeTRIICllly
SYYmMeeTTTrooAAAs
SSSYYMMMMUUTRREEZATeeOOnnn
ssYmmmeeTTTRiizzzE
sssYYYMMmUtrrEEEZEEDD
SyyyMMmmeeTTTrrroZeess
ssYYMMmmiiTRIZZIInnGG
sssyyyMMmmeeeTTTryyy
sssYYYmmMMMEEETTTrrYYY'S
sssYmmPPaatttheeetttAAAcc
sYmmmppATTThhhITiicAALLLYY
ssyMMMpppItHHIIIIsss
sYYYMMPPIITThhaOOsss'SS
ssympAAtttHuuN
SSYmpAAAtthhhIzzzEE
sssyymmmPoooTThUUUZuuuDDD
ssYMPPPATHOOOZeeerr
syyymmmPPatHHHOOZZEERRR'S
ssYYmmmPPPiithhhIZoorss
SyymmPPEthhhEEEZZZOOOss
SSSYYYmPPAAAtthhooozuNGGG
ssYYmpppaattthhhYY
SSSYYYmmmPiTThhYYY'SSS
SSyyMMPPUUUtttaaaLLLOeeSS
sYYYMPPPhhOOOniaa
sssyyMMpppHHHOnniC
SSSymmmppHOOOnnneeecccaLlllyyy
SyympHOONieS
sssyyyMpHHONaaOOOUUUsss
sssYYmpppHUnnEEEssT
syMPPPhhhOOOnIIISSSttS
sssYYmmPhhhiiiNNNIIIzzaa
syMPPPhAANNy
SSYYYMphhony'SS
ssymmmPPPHYYYSSSUUUSSS
SSyMPhYSSSISS
SSSyyyMMMPlOOOccce
ssYmmplllEEECCeS
syyyMpppOOssiOOO
SSSYYmmmpASSSiiAACC
SyyyMppOOsEEEaaRRRCHHH
SSSYYYMMMpppOSuuuAm
SSyyyMMMpppOSIIIaaamm'ss
sYmppposOUUMMS
syMMMpppttOMMM
SSSYYMMMpppTTaM'ss
syyMPtaaMMiiitttIIcc
SYMMMPPtoMMaTTOOOCCCAAlllLLLyy
SyyMPPPtoMIITTuuuLLooGYY
sssyyMMPPttoooMMMlEEEssss
SSSYYYmPPPTTooMsss
SynIGGGeeegg
SYYYnAAAgoG'SS
sYNEGGeegaaalll
syyynnnaaggoogggSSS
ssYnnnuuuGGoGUII
SSyyyNNaagggEguE'ss
syyyNNaaaGUUUguuEEEsss
SSYYnnnAAApSAAA
SSSYYYNNNAAppSSSuuu'SSS
sYYnnnOOOPPPSSUUSS
ssYYnnApppssOOOSS
SSSYYNNoooPtttECCC
sssYNNccc
SSyyyNNccc'S
SSSynccaaRPPPOOUSSS
SSSyyynnncceddd
sssYYYnnnChh
SSSyNCCChhh'ss
ssYnnccheeDD
syyNcccHHHEESSS
ssYNCChAAnnnggg
SyyyNcHHRREEE
SSYYNNCChhROOCCCyccclitttrONN
ssYYNNNCCCHrrOOOccYYYcLLoootRRRIIINNNsss
SSSYYNCCCHHHrrooFFlleeessh
SSYYYnnCCChhRRaafllAAAsHHeeSS
syyynnChhhrrraMEsssH
ssyncHHHRommuShhUUss
SSYYNNCCHrooNIIIc
ssYNNCCCHHrrUUUNIIICAAllllYY
ssynnnChrrrOnicciTTIIIeees
sssynccchhhRRRooonnIIICCCitttyy
ssyyyNNChhhrrrOONNNIEESSS
SSSYYNNccHHHRRaannISSm
SSynChRoniiiSmmmss
sYYYnnCCChhhRRRennnoooZiiiTIIIEn
SSyyNccHHHRRIINuuuZZAATTIIiiNNN'SS
SYNNNccHHHRRRannizzAATTeONSS
SyynccHRRooNNNIIzEEE
ssyyncHRReeNNAZZeD
SYYncchhhRRRiiNuuZOORRR
sYYYNCHHRRiiinnIIIzzzeeess
SSSyyynnnccchhRRoonnnizIIInnGG
ssyNCCHHHRUUnnuuuass
SSSyyyNCCChhRRRaaNNNOIIISSSLLy
sssyyyNNNChRRRaanny
syncchrrooSSSciiiPII
SYYYNNNcchhREtRREEN
sssynnnCCCHHHrrraatrUnS
SSYNNCCChsss
SSSYYNccEnggg
SSSyyynccLLLUUstEEcc
SSYYnCCuuuPPal
syNNCCCoooPPPaTTA
SYYNNccOOOpppAATTTOOOD
SSYYYnncOOOPPPooTTESS
SSSYYnnCCCooopeeTIIINggg
ssYYYnCOppaaTTUUoNN
SyyynnCCCipppeeTiiAnn'ss
ssYYYnccUUPaattoRRR
SSyynnncccoPPeee
sssYYYNNNcEEpppEEE'SS
SSSyyNCCrrAAATICCC
ssYnnnccraaTTiissmm
SSSYYYNNNCRettIsT
SSYYnnnCCCreeeTTiiSSSTTIIC
SSSYYNNCCCRREEEtttiizzzE
SSYncccRRRaaattiiZZZEEEDDD
SSyynnccrrEETiiiZZZEEEsss
SSYYNNNCCCRRUttIIIZeenGGG
syyNNcrISIIIs
SSSYYYNCss
SSynccyyytttIIIEEM
sssYncyyTuuomsss
syyynnnDecccTyLL
SSYNNdEssiisss
SSSyyndddisssMOSIIIss
SSSYYYnnDDuuuTTaaac
SynnnDIIICCC
SSSYYYNdICCCAALLLiiSSSm
SSyyNddIcaalllAAASSmmss
SSSyyyNdddICiiilUUUssTT
sYYYNdddeeeCCooLAsTss
SSYYnnDDDICCaaTTe
ssYnnDDDIcAATTTuu'S
ssyyynnnDDiCCCaaaTTTiiD
SSYnndddIcAATEEESSS
sssYndddIcooTIINggg
SSSyNDDiiicAATTiiUUUNN
SSSYYNdeeCaatttOOOOnn'SSS
SYYYNDAcccAttORR
SyynnnDDDIIIccss
sssynDDDRRRUUUMEE
sssYYYndRRRIIImme'S
sYYYNNNDRoMMMEEESSS
ssyNNDDDrrrOMMIcc
synnnU
sssYnneCCdoCChUU
syynnaaaCDDDUccHeeSSS
sYYYnnneCCdddooocchhiiCC
SSSyNNoooccdeeccHHHUUCCIIIl
ssyyyneeCddOOOCCChhhIIIccalLYY
sssYnneeeCIIIoooiiSS
ssYYYnUUCCOOOllIIGyy
SyNNNeeeCCCtttIIcsss
sssYneeerEEESEEEsss
SSyynnEEERROOSSiiiss
SSYYNNNerrrGOOticc
SyyNNeeergic
SSSYNNeeRRgggUUUuusss
SSSyyyNNNeRggooSSMM
sssyyynnEErGGUUSSM's
SSYNNNaarGasstt
SSYYYnOORGGGIIsToCCC
sssYYYnuRGUUUssstttOCCCaaaLLLy
sssyNNEERGGEEEsTTsss
SSSYYYnorrrgYYY
SyyyneeerrGy'SSS
ssyyynneSSSttthheeesssIIII
sYYYneSTTHHHEESSSiiieeess
ssyynfffuuElll
ssYNNffuuUUUL'SS
sssyyNfffuuuiillSSS
SSSYnnngAAAmmyyy
SSSyynnODD
sssyyyNNoooDD'S
sYnnnaDDaaall
SYYnnadduuucc
ssYYYnUdiicAAAlll
SYYYNNNoooDDiiiccUUlllLYYY
sssYNNoooDsss
ssyyyNNoooNNNyyyMMM
sssYYYnnnooonnyM'SSS
SSSYNNNuuuNNyymIIccc
sssyynonnYYYmmmiTTIIIeS
SSSYYYNNNOnYmuuuTTyyy
SSYYYnnnooonnnyymmIIZZZEEE
SYYnonyyyMMooouuSSS
SSYYNNOOnYMMOOuuuSSSLLy
SSYYnnoNNNYMMMs
SSSynoNNNYMMMYYY
syyyNNoonyyMMMY'ss
ssYNNOOOPPssOOOsss
SYYYnnOOOPPsssaas
SSSYYYnnaaPPssiisss'ss
ssYYYNNNOPssEZoo
sssynnUUUptiiccc
syNNNAAApTTICCaL
sYNOPPPTTTIIIccAAALLlllyy
SSyyNOOOvvvIoo
ssyynnOOOvvIAALLL
SSYYYnnUUUvveeASS
sssynaaaVVVitUs
ssyyynnnOOOvvviiToosooosss
SSSYYNSeePPallaIss
sYnTooCtttoc
ssyyNNNTaCCCtiiCCaaL
syyyNNNttaaCCttiiiCAALLLLLLY
syNTACTacss
SyNNttOXXX
SSSYYNTTTaaaX's
SSyyNTTTHHHeeSSSIISSS
SyyNThhhesIISSS
SSyynnntttHAAAsssiiSSS'sss
SYYYnntthhOSSOZZeee
SYYYntHHeSSuzzzEEDDD
sYYnnnttheeesEzIIIrr
SyynntttHHHaaasssOOOZeR'S
SyyyNNTTThhheSSizzzErsss
SYYnnnTHIIISEEZOOS
SSYnttthhhEsiiizzzinGG
SyynnnttthheetoCCC
SSYYnnnthhatttIcc'sss
sssynnThhhEEEtttIIIcccAAAL
SSYYYnTTTHHOOOtiicAllLLY
ssYNNTThhEEttIICCSS
SSyNNNttOOONooCC
ssYppHHHARR
SSYYYpHHHIlISS
sssYYPPhhIIILeeeS's
SSSyppHAAALLLITIIIC
syppphhAALLLIIttiiiCC'S
ssyyPPHHiiiLLLaaaTTiiccS
SSyypHIIllOLoooGGGy
SSSyyyPHOOnnn
SSSYppHHHooonnn'S
syPPHHHooonEEDD
syypphhooonaaNGG
sssYYYppphooonns
SSYYYrrInngee
syyyRINNNGGGOOS
SSyyRRIINgggu
sssYYRRRAANNgE'S
SSSyyRRRiinnGGIID
ssyRRRiinnGGGeeeS
ssYrrrIIInnnGGuuNG
ssYYYrrrIIINNGooomyyeeliiooo
SSSyriiNXX
SYYYroNNNXXXeeesss
SyyyrrroooP
SSSyyRuPP'SS
ssyyyrrePPPSSS
SYRRuPPPyy
ssySSttIlllTUC
SSSYYssTaMM
SSYYYsTTeM'ss
SSSySSSttOMMMAAAtAAAC
SYYsstEmmiiitIcccAl
sssyyySSTuumAtuCCCillllYY
ssyyStUUMaaaTTTAAACCCS
SSYYsssttteeeMaattismm
SSSYYssTTTEEmAAATTTuuuST
SYstOmItIZaaTTTIooonn
ssYYYSSStemmmiTTTuuZZetttiiAAANNN'ss
SYYsssTEEEmmmuuuTTAAAzzzE
sssYYSSTTTaaaMMMeeetttUUUzeeeD
SSyyysssttEEmAATTTeezEEEss
SSYYsTTTEEmAtuuZiiNNNg
sssYYSSStUUUmmmEteeeLUUUggYYY
SySSTTommmeeeC
SSSySSSTommIIIC's
sYYSSSttAAAmmIccOOOlllLLLy
ssyysssteeeMMMiccsss
sssYYStuuuMMoZa
SSYYSStaMIIZUDDD
SYYYsTTEEMMMEEEzEEsss
SYYsTTAAMMIIIzziiiNG
SSSyssTTUUMMs
ssYYSSSTTooollleee
SSYYssTTTElleee'ss
ssyyySSStttALLIIISSS
sssYYsTeeeLLLIccc
SSYYZZYYGGeeeALL
SyyzyGGGIIeeS
sYYYzzzygY
sséAnnnCE
sséAAANCe'S
SSSéaanncAsss
ttt
tAA
Taa'eeeN
TTiibbb
TTTaaBBB'SS
TTaaabbUUUnnnId
tteeebbbaaarrrdd
ttabbIIIRRDDSSS
TaBarOOOtt
tuuBbbbOOD
TibbBBIEEEs
ttaaBBbbiiiNNNggg
tteeBBBBooullEhh
taaabbBBBIIUULLIH'SSS
tIbbbbbYYY
TTTIbbbyyy'SSS
tAAAbErnOcccllo
ttEEEBBuRnnoccLLLUU'S
TTabERRRnnnACClleeeddd
ttEEbbbeeeRRRnnoCCCLEEES
ttteeBBEEs
TTTaaaBBeSCaaannnt
TTAAABBBllU
tEEEbbLLiii'ss
tIIIBBBLLLIIs
tttooBllIIIttuRRRee
TTiiibLLaaatARRRAAS
TTTeeeBBLOO
TTTuubLuuu's
TaaBBBLLeaaE
tttAAABBBlllOOUUUU's
TTTAAAbbLLLeeeAAAUUUsss
tttIIIbblAaauuuXXX
TTTAAbLLEEEclloooTTHHH
TTTABBBLLLOOOCCLLUUUth'sss
tAAAbLeecllOOTThhhss
tAAAbLLLed
tEbLLelllAAANNNdd
TAABBllOLOONNDD'ss
TAAbLLeLLLaNNDDDSSS
tttuBBBLLLeeSS
tttOOOBlessppOIN
tAABBBLLEsPPPEEEooonn'S
TTAAABBBleeesPIIIooNNFFIL
tttABBLLLASSPIIIEEnnffUUULL'SSS
TTiiibLLospppooouunFFAALLLS
ttAAAbLAAASpppoooUns
tttAAblllEEEssppoOONNssFFuuul
TTEbbbLLLeeT
tttaaBlEEETTT'ss
tttabLLLATTOPP
TTIIIBBLLeeeTTTOPP'SSS
TTAAbbllEEETTopps
TTTABllUUUttss
TTTaBBBlllEEWaaaRRRE
ttteeBBlewwwarreee'SS
ttabbLINgg
TTTUBBBlliiIIdd
TTTUBBBLLooouDDD'S
TIIbbblooiidS
tAAAbbbaOO
ttooBaao's
TTTaaBBaoooeDDD
TTiBBBiiiiiOnnggg
TTTAAAbOOuuSS
TTTAAbboR
TAAAbbbuuurr's
TTTaaabborreett
TTTABBuureeeTTTS
tebbbOORsss
ttaabeeUUUlloooHHH
tAAbOOAAllloo
tttAAbooUUURR
ttoBBBooouuRsss
tAAbbREEEt
TOBBS
tttOBUU
TTTAbii'SSS
tobbEEeeed
tttaaabboouuungg
ttaBBUULLuR
TTAABBuuulllAARLLy
taBBBIIIlleTTTuu
tttIbUULLaated
tEbbbOlllaaaTTeeS
TTAABaalllatttONNNGG
TToBBooolleTTeeeuuunnn
tttaaBBBulllAAAtttOENN'SS
tteebbuuLaattiiioonS
ttAABIIllaaTooorr
ttaaabeeellAAtIIIrrr'ss
ttuuuBuuuLAATTTiirrss
TTAAbbbEEELLLI
TTOOObAASS
tttAcOO
TTACCCUUT
TTaaaCCHH
TaaaCChhIII
tttacccHHHeeeooMUtiiRR
tttAAAcHHHOOMMETERRSSS
TTTAAACCHEEEss
ttICHHiiStttAscccOOOppii
tttaaacHUSTTiissCCCAAAPPeess
TTAAAchhhooGGGrrrAPPPHH
TTaaachOggRRapHSSS
tAAAccchhhamattER
taaCCCHHHooommmoooTTTeer's
ttaaaccHHOMOOttteeerrSS
tttaaaCCCHiimEEETry
TTaaCHHYYcaaRRRDuuoo
tiiicHHyyyCCuurDDDUUA'ss
TTAACChhYYYGGraPhyy
tOCCCHyylYYYttta
TTeeeCCChhhYYYMMMeettRRRy
TTuCCChyyOON
TTecHYYaNNNsss
tttAAcHHHyyyPPPhYYYlUUUxUUs
TOOOCCCiTTT
TTAAACooTLy
TTUUUCEETTTNESs
ttaacciiTTTNesSSS'SSS
ttAAACCUUtUUrNNN
TOCiiTUUUrNNNIItttYY
TTaaaccceeTUURRRniTTTy'SSS
TToCCCooottteeerrNNNLY
toCCCkk
TTTAACCkk'ss
TTToCCCkid
ttaccckkkEr
tOOOccKKKEEERR'SSS
TAAcckkkURRss
TTTooCKKKeTTT
TTTaaaCkAAeeeRR
tteeCCCkeeSSST
TEEECKKIIIlyyy
TTTUUCKINNaaaSSs
TTeCKKuNNNussss'ss
TTaccKKoonnnGG
TiiicckkLLLEEE
ttACCKKKLLLU'S
TTTaaacckLLADD
taaccKleR
TTOOOCklleRRR'ss
TeeeCKKLLEErrrs
TTeCkLLLOsss
TTAAckLOOnnnGGG
tticcckSSS
tttAcKKyyy
TTTaCCCMAhhhUUUCCCkkk
TTAAAcnUDDa
tacOOO
tiiCCCO'ss
tttAACCoNNNIIIteee
tUUUccciinOOtees
ttaaaCOOOss
TTTictt
tAAcctt'sss
TACCtfffuull
ttaacccTTFFuuuLLLlllY
TaCCCTFFFolNNNOsssS
ttaacTTfIIILnEEEsssss'SS
ttaaaCCCttEc
tAAcTiiiCC'S
tooCTECCaaalll
TTTaCTicccaLlYYY
ttAAAccctticcIAAANNN
tttaaaCttaaCIIIAAAnn'SSS
tttAACCCTooCCuuOOnnnss
TEECCCTTeCCsss
TaaCTooLLLe
TaaaCCCTTOOOllEllly
TTOOOcccttIIILLaatttY
TOOCCtttILLLIIItttYYY'SSS
tuctIION
TTTiiccctttllEsss
TTAccttleesssSSSllY
TEECCtLESsNessSSS
TAAAcctttlleSSsNNNeeessss'SS
TTTeeecctttUUALL
TTTeeD
TUd'S
tttadPPOOlllooo
tttADPPPEELOOO'SS
tttaaDDppOOLLLEESS
tttIIIDDDSSS
ttteeeeLLL
tttIIFffuuttooo
TTAAfffffEETTA's
tttUUFFOOEEs
TTAAffffrrraaiLLL
tAAAffffrrrAaL'SS
tefFFFRRRaaaIIllSS
TaaFFfffY
taaafFy'sss
ttAAAffiAAA
tttaaag
ttagg's
tAGGGgggoooDD
taaagggGGErrr
tttOOgggggeeerrr'S
TTTaagggggeeeRRRSS
tttaGGgEEEnngg
taaGGlllIAAATTEEELlE
ttAAGGMeeeMMEEE
TTTAgggMMaaaMMMIIc
tttuGGGmiMMMiiCCCs
tttEGGS
ttuhhEEEnnnee
Taaahhrr
ttIIhssuuLddOOORRR
tooiiigA
taAGGGaaa'SS
TTTEIIgggUUss
TTTuuIIIL
TTaaiiLL'S
ttaiilbAACK
ToillBOOOcccKK'sss
TiiILLBBBuuCCCKKKs
TAAAIIlBAnddd
TTaaaILbbooAARD
TIIIOOllBBOOOAAArdsss
ttAAEElllBiiiNNNiii
tUUIIllBBBUUNNNEESSS
TTiiiiLLLCOOOaattt
ttUUIIILCCooAAATT'SSS
taaiiilCouuuTS
ttaaIIIlllaaaddd
TAAAIIIlGUUTTe
TTTiiuLLLGGGeTTTee's
ttEIIlllGGGATuuuDD
TTaaOLGGGAAAtttaaRRR
ttaeeellgggiiitteeeRR'SSS
tttAAAALLGGGeeeTTiRRRsss
TuuueelllGGGaaTTOss
TTTEEEUlllgAAttiNNNGG
TTAuuLUNNNGGG
tttAAAIlIIInnnGGss
teeeIlLEEE
tAeelllLLLEEEsss
TTEEEaaalllLLaaaGGGHTT
tAIILLLllUUUghttt'S
tuIIIlLIIGhhhts
tttAAiilllooR
tttIIIILUUUR'SSS
TTTeeeiLORbbbEERD
tttaaaIIlliiirBBBOrrrDSS
taaaILOOrrriD
TUUIIIlEReenG
TTTUIIloRRRINNgg'sss
ttAILLORRSS
ttaaaiiiLppIIaacce
TTOOIIILLLppaaaeCeeSSS
ttaaulllppIIPPPe
tEiilllPPOOPe's
TTEEEILLLPPePPEESS
taaOOLLLPllAANNNEE
TiiiiiilRREEEccUUU
TOOOillRiiiCCCEEEss
ttAAEELsss
ttaaaUUlsssPPIIInn
ttAiiLsssPPIIINN'SSS
TTAAiiLSPIINNNSS
ttAAAiLLLStacKK
tttaaIIILLLssTTOOCKKS
tttiILwwIINNNdd
toooEEELLwwuuuNNND'SSS
ttaaaUUUlWWOOONddss
TToooAN
TUUUooNNNtt
tttaiinnnTTT's
taaiiNNNTTTudd
TTAAAAAnnTTIInnnG
tttAAAIIInTTTlllEEESSSs
TTaInntsss
ttAAiiippAnn
TTAAAIIIpANS
TTTaaaKii
TTaKaS
TIIIKKE
tttaaakIII's
ttaaakkkEaaaBBBlllEEE
TTTOOOKKKeeaaWAAy
TAAKKeeeUwwIySS
ttoooKeeenn
tttaaKuuUUfff
TTTakkkuiiifffF'sss
TTTukkkEEEoffFFFSSS
TIIkkkAAOOOUUt
TTOOkkkAAUUUt'S
TTTAKKKEuuuutttss
TTukkooooooVVVeeRRR
TTTaaaKeeeOOOvvveeeRRR'sss
TTTEEKKAOOVVURRRSSS
tttukkERRR
ttOOkkkeeerrr'SS
TTTaaKEEErsss
tAkkkeSS
TTAAKin
TiikIInnG
TTIIIKKInggg'SSS
tttEEEkkkiinnnGGGs
TTEEEKEEnnnggs'sss
tttAkkIIINNNS
tiiLLeee
TTTOOlllaaapppOIINNN
TaaalllAApiiENNNSSS
TTTAAAlliiRRRUUUu
TTeeLLAAAs
TAAALLCC
ToolllCC'sss
TaaaLLLCCUmmm
TTAAlllccEEMMM's
TelllEEE
TTaLLLI'S
ttALLiiibEEEaaaRReRRR
taaaLLeeBiiiOOORReeeRR'S
tttEEELeeeBBUUOOrrUURS
TTTOlEBBEEOOORRRIInnggg
tttaLLENNtt
tttAllEEENNNTT'S
TAAAllleennTTTUUD
taaaLLLeNTlesssss
tttulllentSS
ttuuuller
TaalllaaS
TTTAAALLLeeesssMAAAN
TTaaalla
TTaaLLigrrraaDDe
tttAALLIAAAnnn
TTTaaLLiiiPPPEEEDD
taaliipppees
taaliiismmAAAnn
TTaaaliSSMMuun'S
TTAALLLiiisssmaaaNuuCC
ttaaaLLiiisMMAANs
tttaaLLKK
TTTIIIlkk'ss
tiLLKAAATHoonnn
ttaLKAAAtEEVEEE
ttoooLLLkotttivEELLYY
TIIllKKKOOttIIIVeenEESSsss
tttELLkkkAAtoovvveeeNNNEEESSS'SSS
TTulllkkeeedd
taaaLLKKIIrrr
tOLLLkOORRR's
TTeeeLLLkARRss
tttEllkkfEEEsssTT
ttaaallkkkEEEEE
tttIIIlllKKIee'sss
ttAlkkkEEr
ttoolllkeUUss
TTUlkeeESTTT
ttAAlllkkkUnnGGG
ttaLLKKS
tiiillKKKy
tttElllL
ttiLlllaaaGGGe
tttAALLLlBoooyyy
tiiilllbbAY'S
TTIIlllLLbbOYYYsss
tttUUUlllEErrr
TTTIILLEssstt
TTTaaaLllliiEEEddd
TAAALLlIer
tAllLLLAAeeeRRR's
TTaalLIIooorrs
tttoLLLlooaas
TTTooLLLlAAASSHHH
tttOOOLliiitttH
TTTULllOOttthhSSS
tiiLLLLLNNNeeeSSSSS
tAAALLNNNeeeSSS'ss
TTullloooW
TALLlllOOwww's
TTTOLLLoowwyy
TToLLLllyyy
TTTeellLYYY's
ttaaallllYYhOOO
TTTaaalllYhhhOOO'SS
ttALLlllYYHOOed
tttEElLLLYHHiiuNGG
TTTIIIllyyhUsss
TIIllLLYYYiiinnG
TTaaaLLLymmaN
talllLyymmmeennn
tttAALon
ttaaLLiiNNN'ss
tttAAlleennnODDD
TaLLOnns
TTALUUUK
TTaaLAAAss
tiiillaaas'sss
TTAAAlllUUUSESS
TiiiMM
TTAmm'ss
tOOOmaabbllUU
tAMMaaallii
ttaaaMalee's
TUMMollAsss
TIMannnDDDUUa
TOOOMaannddUUaaSSS
ttuuMMMAArrrOOcccK
taammmOOrrAAcK'SSS
TTTAAMaaRAAACkkss
TTTuuMMMaRUUuu
taaamiraaaEsss
tamuuurrO
tAAmmmuuRRRAAnn
tttAMMMaaRReeeNdd
TTiMMMarreeennnDDD'sss
tttamiiRRRAAANdss
tttaaMMMIRRinsss
TTTaaaMAArrOOssskkk
tUmmOOORRRiiisssks
TTEEEmAAAsshhhA
tttoooMbbbAAAccc
tAAAmmmBBOOcs
tooommmBBBUllo
TAAmmmBALLAAAss
TTaammmBBBiOR
TTTAAAMbbbiiiurrrIIInnn
TAAAmmmBBBuuuuuRRRaaNNee
TImmbuuuuuuRIInnEE'sss
TTTAAmmBBeeeUUUrrEnnAAAS
tEMMBBAUUUrSS
ttiimmbberaa
ttIMee
TTTEEmiaaBlllii
tttaaaMMMOOOdd
TTTemmEEELAAss
ttaammeeellYYY
tttuuuMeeeNEsss
tEmmmEENNNEEEss's
tamooRRR
TTiiiMMeeR'SS
TuuummmeerrrSSS
taammoS
tttammUSSSt
tttaammmuunGG
TOMMMOOOss
TTTammmmmmIEEEss
ttAAmmy
TTAMMaaxxxiiiffeeeNN
TTTAAAMMMP
taaampppeeeDD
tttAmmmpppOrr
TTTeemmmpppERRRaad
ttOmPeerERRR
TTTAAmmpppIIIrrEEErrr'sss
tAmmmppEEErrrEErrrss
tttEEEMPPERRiNNNgg
TTTemPaaaRRRiNggSS
TAAMMMpEErrSSS
tttaMMPPIIInnggg
taaMMPPOnnn
TAAAMMPOOOnn'S
tEEEmppONNSS
TemmmpppSS
tttUMs
TTTaN
Taaan'S
taaaNNNee
TToooNuuGGGEr
tttanniGGGeerrr'SS
TAAnnniGERSS
TAAnnbbAArKK
tAAnbbIIIrrrkk'SSS
TTTeennDDDeMM
ttIInnddaaMMM'SS
ttEEEnddAms
TiiNddouuuRRRii
tttUUUnndddOOOOREEE'ss
TTuunG
teeenG'sss
TAAnGUUlllU
tOOONggIIIlE'SS
ttiiNNGGGELLOOOss
tONNGGGEEENNcueeeSS
TTTiiiNNgEEENccYY
ttAAAnnGGGenttt
tttaannnGGEEEnttt'S
tAAANGaannnTTiiAAl
TAnngggeeNNNttiiiUUULLLLLyy
TiiinnGGuuunnnTTS
ttANGGGEErrroooNNUUU
tttaaaNNGGERinUU'ss
taannnggEErInnneeS
TTTaNNNGGeeeBBOOOlletttyy
tttUUNNgiiibbIIILeeTY'SSS
TTTaNNgIIBBLLLeee
tAAnguuuBBLee'ss
TTTAAANguuBlleeNNNuuuSSSS
TTAnnGGOOOBBBlllENNNEEEsssss'SSS
TTTANNNggEEEbbblllIss
teNggiiiBBBlYY
TTTAANgggIIEEErrr
TAngggUEEEsTT
TTTAAnGGGiiiNAAss
tttaNGEEEnnnEEESSSSSuuuss
TTaanggLee
tttAAANGGllleee's
TanGGGllleeeBBBAArrrY
TTTAnnnGGLLLeD
TTTaaNGGLLLEsss
TTungglIInggg
TTTaaNgo
ttIIInga'SS
TAngOOOeeeDDD
TTANNNgoooOOOnnG
TTIIINNNGiSSS
ttUNGRuuMMM
TTooonnGGrAAmmss
tttAAANNNGGss
TTTaanGGGyy
TTaaNNNh
TTTAAAnKKK
TTTaNNNK'ss
TTAAAnnKKKu
ttaaNNNKKuuggge
TTTooonnKKKUUUGGuuSS
TTannnKKirrrd
TTEEEnnkaaaRDD'S
taaannKKarDs
TTaaannKAAAss
TTToooNNKuddd
TTaaNNNKKEEER
tOONNNKOOOr'ss
TAAnkEEERss
ttOONkkfOOOl
tiinnKKKfUUUll'ss
ttAANNNKFFFiiLLLsss
ttiinKKKiiNNNgg
TAnnnKs
taaNNNnnUUUggEEE
TTonnnnATTTe
tttenNNEddd
tttaannNErr
ttUUUNNNnnnooor's
ttUUUnneeRRRAAEEs
ttAnNNNiirSSS
TTAAAnnnNNEErrY
tttOOnNNNeerrY'SSS
TTTANNNNEEESSt
TTAAnNNiiiCC
TAANNnnniiNNN
tttAAnnnNNOOOn's
tUUNNNnnniiiNG
toonnnnnnaaannnG'SSS
tttIInnniinnSSS
ttAAnsss
tttANSSSy
ttUnnSyyy'SSS
TTTaNTAALotti
TTaannntAAlIIIcc
tAAAnntttAAllOOttE
ttaaaNtttAAlittES
TTAAANNTTTalIZZZuutttEooon
ToooNNNtAALIIIzzaaatiiann'S
TiNNtttiiillazE
tiiNNNtttaaLLLIIZZZEEDDD
ttAAANNNTTTeeliizzOOOrrr
TTTEnnttaaallAzzzor'SS
tttuunnnTTToooLiZZERRRss
TEntttalllIIIZZeess
ttAANTaaLUUZZaannnGG
ttAANNNTTaaalIIZZZoonnGGlyyy
TooNNNtAALLLuueeSS
ttaNttALLLIIIM
TTTUUUntttaalliiimm'S
TTaNNNttImmmOuunntt
TTTIINttuuuriii
TTOOOnntttUUUvvYYY
ttteeNNtttOO
ttonntttrrA
Tuunnnttrree'ss
ttuuNNtRRIIICCC
tttaaNNNTTTrUm
ttaantttrrUM'SSS
tttaaNNtttRRRUUMS
taap
ttaaaPP'sss
TAppASS
TTAPPE
TTTaaPPPoo'S
TooppuDD
TAAAPPPoooleeennnooo
TUUPPEEEleeNE'S
teepppaLEEEness
TTTaapppaarrr
ttaapppEEr'ss
TTTooopppERiiiddd
tEEEPPPeRRRinGGG
tiiPPPeROOOnnnggLLLYYY
tttIIIpppUUURRRss
ttAAAppuss
TTippEsssTTTRUess
TTTaapppeeessTTTRYY
tAAAPPPEEEsssTTTRRYY'ss
TAAPEEtuuuMMM
tttEEEpIIwwORmmm
TAApppeewwiiirrMMM's
TaaappawOrMSS
TippphhaaalOOO
TAPhhoouSSSA
TTaaPhaaIIISeeSS
TapiNNNGGG
TTTaaaPPPiiooCCA
TePPPeeeOOccaa's
TuuppaaaR
TTaapAr's
TTTApIIrs
TTTaPiiiS
TAAAPPPOOOsssOOS
TTOOPpppeeed
ttAAAPppoooRR
TaaPPPPeeeRRR'sss
TTaaaPPPPEEErSS
TUUppPPPITT
taapPPPEET'S
ttAAPppeetss
TTTaaappPONNNGG
TTTiiipppiiinnggsss
TiiiprrOooM
TTiiippprraaaiMM'S
toPPrOOOOOOmmmsss
TTTEpprrroooIIt
ttePPrrOOIIttt'SS
TTTAAApRRRUUOOTSSS
ttApppSS
TTappsTiir
TTTAAPPSttEERRRS
TUUUr
ttAAAr's
TooRIIIdiDDdLLO
tttIIIrrraaadddIdddddLLEs
tttaaaRRAAMIISSSOOOLitAAA
TTTIIIrrrAnnttAsss
TerraannnteeeLLLaaa
tttaarAANtttOLlllAA'ss
tttAAArrrENNttoLLLLLeeSSS
ttAARREEnnnTTTaalaa
TTaaaRRAnnttiiLAAA'S
ttIIIRRRUUNTUlllIeee
ttOOOrrEEEnTTTULLLAs
tAARAxxAAACCCuuMM
TTTAARbbbeeeEEsssHHH
TTARBoOOOSSHHAASS
TTaarrrddiEERRR
tttaaarrdUeesTTT
tttaaaRRRddUgrrraaDDii
TaaarddIIggrrrEEEDDDeSS
TooRddElly
tttaaRdddiiinneeSsss
TTTARRRddIIINNNUUSSSSSS'S
TTAAArrrdddyyy
TTAARRUUU
tttuuRRRAAA'SS
TiiiREd
ttIrrreeess
ttAAArrrGee
tteeerrggEttt
ttaRRRGGGeTT'sss
TTTAAArrrgetEEEdd
tERgggUUttIIINggg
TTToorrrGiiitss
ttaaaRRIIFFFFF
TuRiiiffF'ss
TTTaarrriiiffFFs
ToooRRReeennnGG
TArLuuTUNNN
tttIIRRRMOOOcc
TTTaarMMaCC'sss
tttOOrrMMMaaccAADAAAm
TTTIIIRmmACCKKEEdd
TArrMAAACCKKINNNGG
ttaaarrmmAcS
tAARNN
ttarrnnn'ss
TAArnneTTiiioooNNN
TooorrNNIIsshhh
ttarrnnnisssHH'S
tirrnnnEssshhaaaBBBlllI
ttAAArnniiSSHHOODDD
ttteerrNiiiSSSHiSSS
tttaaaRRnnOssHinnngg
ttARRnnnss
TTaRROOO
taaaRRRoo'sss
TaaROOOs
tttIIrrOT
TTArrrOOt'ss
tteROOttss
tOOORp
TTeRRRppp'S
TTTerrpUN
tiiiRRRppaaaNNsss
TTiiiRRppAPoor
ttaaRRPaauulllIn
TiiiRpppaULLiinn'sss
TTaaRRpuuilUUUNNSSS
tttarrrPoonnn
TTaRRRppooNNN'ss
ttaarrPPOONNS
TTIIRPs
ttIIIRreDiDDDDDLE
taaRRrrridiidddddlUss
ttaaarrrRRRAAAgOOOnn
tarrrRRAAAGGGONNN'sss
ToorrrrrAAAGGOONNNsss
tArrrredd
TTTeeerrrrriencccee
ttAAArrrooOOONNNCCES
TeeerrrrIIEddd
TTTAArrriierr
tttUUURrIIaaS
TTAAArrrruuueSSSt
TArrrrIINNNggg
ttaarrrrry
TuuurrrryiiNg
ttIIIrrsss
TiRSSSAAALL
tttURRRSSAAlll's
TTuurrrSaaLLLs
TTOOOrSIII
TaarrrssiiAA
TTTaaarrssUeeRR
tttOOrrssIIeRRss
TTOOORRsssEEMMMEEtuTTaaaRRSSSUSSS
TAARRSSuSSS
tAAArrsuuuss'ss
tteeeRRT
TTTAArrrT'SS
ttaaarrrTTaaan
TARRRTeNNN'sss
tORRTAnnsss
TTaRRTTaaRR
TTAARRRtAAAr'SSS
TTTOOOrrrttArrEEC
tttEEErrTaaaROOOuuss
tttAAARRTUUURRSS
TTaaRRRtttedd
ttAArrrTeeR
TTIIIRRTESSSTTT
TuuuRRtttAAeesTTT
tttaarTTiNNNGGG
ttOOORTleet
ttARRTTlleTTTsss
TTaRRRTTTlyy
TuRTTNEEEsssS
TTTARRRtNNeeeSSSsss'S
tttERRRTRRReeTEE
TaaaRRRttrraTTTEEss
tttorrtttRRAZZEEnEEE
tttArTTsss
tttAAArrrTyyy
TarwEEEEddd
TTIIIRRwEeeDDs
ttasIImIIttteerrr
TTTussK
TAASSKK's
TTAAssKBEErrr
tttEEESSkkkEDD
TTaaaSkkFFIIrrcE
taaaSSSKKIIInnngg
tIIIskkMAAAssstER
TTTAASSSkMOSSStteeer'S
tttEESSkkkmmmaaaSTTiRRsss
tuuSSkkmmmaaSTTrrIss
tttaSSSkkkMMMIIsstttRuuSSSS'SS
TTaaasssKKKMMMiiisttReSSSSEEEss
tttaassskkkSSS
taassskkwooRRkkk
TTTeeSSsss
TAASSSSSOOO
TTTeeSSSSSOl
TTTAAASSSeeLL's
tooSseeeLLLuudd
TTTaasssSSEEElIINGGG
tUUUssUllledd
tttEEEsssseLLLiiNNNGG
tAASSSssillSSS
TTTOsSaasss
tttAASsIIITT
TAssitttSSS
ttaSSTAbbblleee
ttteeeSttI
TTAssstaa's
TTTOOOsTTAAd
tttasssTaafffUUL
TTEEESTTTAffOOlLyyy
tttiiiSSteeeffOlnEEESSs
TTISTEEFFFoollNEESSss'S
TAAAsstttIILLesssss
tttIISStaaLeeeSSllY
TIIssTTTEllASSSsssNNEEESSSss
tAAAssTuuuLLOSsssnEEEssSSS'S
TTAAsssttERR
TTTOsTTAr'S
tttaSttErs
tttasttEEEs
TTaaassTTIIerrr
tttaaassstttIIESSt
tttiiissTTTIIILy
ttaaSTIIINNeesssss
tttaaasstuuuNNEEsS'S
TTEsssTTooonnnggg
TTaaassstiiiNNGG's
TISSTINNggS
TOSStttY
taTTT
TTetttaamII
ttAATTIIMMMi'S
tttAAATTTOmmUUUsss
TaTEER
TTAtteeeRR'SS
TTTattteeRRRSS
taaattUIIIUUy
tAAATTEIIIUyys
TTAAATTss
ttIIttTTIId
TTTaaatttteeerrr
tttaaTtttURRR'sss
taTTttErrDDeMMILEEoN
TTaaTtUUURRddEEEmmaaalIENN'SS
tttattttEEErrdomOOOLOOOONNNss
TTTAtttArrruddd
TTATTTooRInnggg
tttettttErrSSS
TTToooTTTTeeersaaaeLL
TTAAATtIIaaa
tttAtttUUUeerrr
tttetttIIEEs
TTIIItTTIIossst
tttaatTTiiingg
ttatttttiNNNGG's
tiTttLLIII
TTTATTTTlluuu's
TTTIITTTtllliiiDD
ttaatTLLIRR
ttAAAtttttllleeer'SSS
tttAAttTTlEERRS
TTTaTTTTlllOsss
taTTTTleTTALe
ttetTTTLLEEtAALLLe'sss
tttaTTTtlliittAAAlllIIss
TTUtTTlllooonnggg
ttiiiTTtooOO
ttuuuTTTToooo's
TTTaaTTTttooaaaDD
ttAAttttoOOOoR
TTAAAtttOoAAr'ss
ttAATTTTOOOOOeeRss
ttAATTTOOooINGG
TUUTTTTTTuuuUeeeSSt
tttaaTTTTTTOiiSSSt'ss
tIITtttooOOUssstSSS
TeetTTTOOOSS
tttOtTTTy
taO
ttAAAA'SS
tttUUuGGhhtt
tttAAAuNNNT
TTTeeuunntt'sss
tUeeennnteeddd
tteeuuuNNNttEr
TaauuunnntttErr'ss
TaaaUUnnnTTTaarSSS
ttuuiinnntttIINgg
ttooounnTTTIInnGGGlYY
tteeeuuunnTTTSSS
TTUUuuupppu
tttEEEUPPeee'ss
TaaiREENNEE
tttaaaAAARRROOmmmeeeChhUaN
tUUURRROOmmmiiiCHHHiiccc
TAAUUUrUUmmmichYYY
tttuUS
TTTiiiiitt
ttaUUttOOnnn
TTAAUTEEnnnEEEdd
tooUUTTTEEnnANNG
taaautttiiinnns
ttAAAUUTTeeR
tAAUUtEESTT
TTTIUtttLLYY
TTTAAAuuTnEEEsssSS
tEutnnnUsssss'SS
tuuuuTTog
tttOOUTTTOOgggS
tteuuuttALLLOOOGIc
TTTAAUUUTTOOOlOgiiicciLL
TTTEItttOOOLLOGIIIccULLLLyyy
tttaaaIITOlUUGGiiiIIIsss
tttaUUUTiilOgiisssMM
TTAutttOOLLoooGGGUUUSSStt
tIIIeeetiiiLLLoGGGiiizEEE
ttaEEEtuluuuGGOuss
taauttAAALLLooogEooossLLyy
tteuuuTolllOGGGY
tttAAoooTOOOLLLUUUGGGy'SSS
TTuuuTTTommmaaar
ttOOOUUUToMMEEERIISSSMMM
TaaITTOONNyM
tttAAAveeRRRN
tttEvvvORRRNN'SSS
ttIIIvveRnnA
TTTIVViirrNNNess
tttaaaVEErNER
TTTAAAVVVEERNNNSSS
ttAAAW
TIIIwwwddrrroEErr
ttOOwwdddrrroooEEssstt
tAAWWDrrillyyy
TTTUWWWDDDRRUUNNNEEESSss
ttiiiwwdddrraaaNNeeSs'S
TOOwdddRRYYY
tttAAwwwnIIIeerrr
ttaaaWWWNNaaASSSt
TTaawNNNiiNEsss
tEEEwnIINNUUUsssess
TOWWnnny
ttaaWWWnnYYY'S
tAAws
TTaaaxx
ttUx'SS
TTTaaaXXXUBBlllii
TaaxxxaCCCUUOOOUUUSSS
TTuuuXXXETTIIIooN
tttuuuXXaaaTTTUUUONN'sss
ttUUxxAAd
TTTiiixxxuuumi
teeXeeeR
TuXiiiRRR'SSS
TTOOXXXERRS
TUUxxeSS
TTTuuuxxxi
ttAxu'sss
TAAAXIIccuuuBB
TTTiXIIccAAbbb's
ttaXXXiiiCCCObbSSS
TTAAXIIddEERRRmmmOSStt
TIIXiiiderrrmmIIIssst'S
TTTAAXXXEDDuuRRRmiiiSSSTss
taXXOOdddEEERRMyy
TToXuDDeeeRmmYYY'SS
ttteeexxaeeDDD
ttAAxxIIES
tttiiiXXIIiiiNNg
ttUXIIIMMETTTOOORR
TTTaaXIIIMMaaaTTTEER'SSS
TAAAxiiMMIttErrrss
TTTaXXXIInGGG
tOOXXXupppllannnEEE
tttAAAxxxOOsss
TTAAxIIWaaay
TAXXoooWayys
TUUUXXXMaannn
tttAxxxmmEEENNN
tttAAXXXoon
TTTuuXXXoooNoooMiicc
TTUUXoonoMMMiiiCCCIIL
TTaXXXOnnnooMiiCCaaaLLLLLLYY
TTTeeeXXXooonnOMMiuuuSSS
ttAAxxxOONOMMMisttt
TTUUxxOnnommiiSSTTT'sss
TTTeexxANUUmmmiiSSTTTS
TaaaxxoNNOOmmOOOZZAA
TTaaaxxxONNomYYY
TTaXXONNNoMMYYY'S
tttoxUUnnnS
ttaXXXpppUUyurrr
ttaaXXppAyOORRR'SSS
TTExxxPOOYYYEEERRRSSS
TiXXXPPAYYYeeNNNG
TTAAXXXYYIINNNgg
TTaaayyrrA
tttIIYRREEs
TTaazzzZZZAAA
TTTEEA
TTeaa'SS
TTTEaabag
TTTooUUBUUgggss
ttteeaBeeRRRrrEEEEES
TTTooAAbEEErRRRyy
tteeeUcUUUKKKEE
TiiOCCakO'SSS
tttAAaaaccciiiKKKeeS
tteacccEErT
ttteeUUcAARttSSS
TTTeeacH
TeeaaacccHHAAABBIILeeetttyyy
TTTeeuCheeblllI
TTEEEaaacHHAABBLLLeeneesssss
ttteeeACCCHHIIrrr
TTTeEEcchER'SSS
TTTeOcchiirrrSSS
TTEEEAAAccHeeess
TTTEEeeeCHIInnGG
ttteeeaCCCHHHAAANNgg'S
teeeAAAcchhhaNggSSS
TTEEuCCClaaaTh
TTTeeeAAACCCOp
tEACUUpp'S
TTTeAcuuuPPFFFULL
tiiiACCCoooppFFFIIlll's
ttteeeAAccUUUPPPFFFullls
TTeeAAAcUpppS
TTTAoohhouuSSSEE
TTTeeaHHHiiuuussseeSSS
tttUUUAAAKK
tUuuK'sss
tteeAAKeeeTTTTlllAAA
TAAAAKKKeTtlllE'ss
tteeeAAAkkETTtLLLEEEsss
TTTAooKKSSS
TTTUUikkkwwEEuuD
tttoEkkkWWWooeeeDDDSS
tttOOooll
ttUiilll'SSS
TAAAIILLEAVVeeess
TTTeulllSSS
TTTeeeaaammm
TTTAAAAAAmm'sss
tttEEummeDD
teeIIImmIIInggg
tteeuuuMMMmmmOOttee
TTTEEAAAMMMMAATTTeee'ss
TouuMMMAAATTIIIss
tttIIUUUMss
ttEEEaMssTTTER
TTUUAAmmmsTOORR'sss
ttAAaaMMsTTTurss
TTTeIIMwwOOOrrkkk
tteeaaaMMWWUUUrrrkkk'sss
tteAPPPoTT
TTTAAiiippottt's
ttiiiAPPPooTsss
tEEUUrr
TTEIIrrr's
TTTeeeAAARAAAbbbllE
TTTEEaarrraawwuY
TTTeeaRRRewwwUUUYYYs
tEUUrrDrrrooP
TTeoooRRdddrrrEEppp'ss
taaaarrrDDDRoppSSS
TuuuEERRRIIDDD
TTuIIIRRRAARRR
TTiiiirrrFFFUUl
tteeArffuuulLyy
TTTeeeAARRFFUUlNeSSSsss
tteooRggAAS
TeuRRGAss'SSS
TTTUAARRGASSSesss
ttteeeeeRGASSSsOOOdd
tEEEURRRGaSSSsssooosss
TEEOrrgOOOsssiiiNg
TTeAAARREEEeRR
TOOIRIEEst
teariiiLLyy
tttooaaarInEEsS
TEAArrooonnGGG
ttteeeEErrJaaaRRRKKKeeRR
TTIIIARRRJJJeeRRkkerr'SS
TTTeeeOOOrrrjjAAArrKerSSS
TTEEAArrllESS
TTEEooRRRooMMM
TTeeAAARiiiOOmmm'SS
tttuooorroooooomSS
tttooAARss
TTTIIrYY
TEaaasss
TTeeeoooSSee
TTeeeessee'sss
ttteeAAAsEEEdd
tttaUUUSeLLL
TToeeeSeL'sss
tttUUiiiSSSEELLLErr
ttEEESSiLLLLeeR
TTeeaaSSSiillss
tttEASSSUURR
TTTIaasssARR's
tttiiiUUUSeRSS
ttteeAAAsssUUSS
TuueeeShhhopp
TTTaAAsHHHooPPPSS
ToooIIISuuNNGGG
TTTEaaaSSSONNNGlyyy
TTTAAassiNGGs
TTTeeasssPPOoooNNN
TTTEEEASSpppOOIInn'S
tEessspeeeonnnffILL
tEEOSSSPPPOoonnFFuuLLL'ss
tttUaSPoooonnnFFUUllSSS
tttUASSpoooins
ttAAAAASPoooiinnnsffeLLL
TEEaaaTTT
TTTaaaattt'sss
teeIITTammee
TeAAtttiiimmmEEss
TEEEUTTTS
TTTEAAZIIL
TTToAzEELLL'sss
tteeeiizEllss
tttUAZZLLo
tttEEZLLLEE'ss
TTTEEIIzzLLLEESSS
TTTEEECCH'S
ttooccHiiE
TeeCHHHIeeerrr
TaCChhhAAAooss
tECHHiiEEsTTT
TTTeeCCCHHnnITEUUm
tttECChhNNNEETiuMM'ss
ttoocHHHNACC
TUUUCHHnnEcaaaL
ttAAAcccHHnnnoooCaaaLooTTiiiES
TTeCHHHNNNiCCAAAlItttYYY
TTTuCChhhnnnUCCELLuTTTYY'sss
tttEChhhneCCCAAALLlllYYY
TEEcchNNAAACiiiaaannn
tECHHHNiiiCCiiannn'sss
tAAAcccHNNNuuCUUUensss
TeeeCChhhnnUcOOLoorr
ttteCHNNNECsss
tAAcchhNNNiQQEOOO
ttteeeCCCHHHNNNoooQQUUA'SS
TTTaaacHHHNNNIQIIOsss
TOCCHNOO
TTeeCCChnnOOOcccRRRACIIUUS
tEECCHHNNoooCCRRUUcyyy
TTeChhhNOOOcccrrruuCCCyy'sss
TUUCCChhNNNaaccrraaaTT
TTTeccHHHnnooCCCRAt's
TTeeeCCHHHNNECrrAAATiiiC
teeeccHHHnnoCCCraaaTTS
taacccHHHNNNALLAAgggaCiiLLL
tttEccchhhNNNoLLLEGIIIcccaLLLy
TTEEEccHHNoolllUUUGGaaas
ttAAACCChnnuuLeggiiiStt
TTeCCHHHnnnEElUUgggisT'ss
TTTiiCCHnOlooGIIISttSS
TEchhhNNNollIIIGGGy
TTeeCCCHHnOOOLLOOOggyy'SS
toCCCHNNopppHuLLLOOSS
TTTIIIchnnnOOPPHHOOOBeee
tEEchhnnnOOOpppHHoBBuusss
tteeChhhnnOOPPhhUUbbiia
TTTEchnnnOOOPPhhhOBAAccc
TecchhhSSS
ttEEECHY
TTTaCttOOnnniiccc
TeeccTUUniCCAlllLYY
TTEccTTToooniiccs
TTooCCCtuuunnnACCsss'S
toCCCtRRRuuuXX
TTeddd
TaaDDEEER
TEDDiiaaaS
ttiddDDYYY
tEEEddIIIOOAASSS
TTTeeeDEEOuSLLLY
toodddIIIOuSnnnUUsss
tttiDDDIIOOaaaSSNIsss's
tttaDIIIUUM
teedooOMM'SS
tUUUdds
TTTEE
ttUUEE'S
TeeeeDDD
ttiiiEEEOONGG
ttOImm
TTTEEEmeeDDD
TTeeEEEmUUUNNNGG
tteeeeMaaNNNgggLLLY
TTTUUUEEEMMMsss
teeeEN
TTTEEEeeNN's
ttteeeEEEnnIIIgI
teaanuguuddd
ttUUeeNNAGErr
TIIIINAAGGEErr'ss
ttteeeUnnEGaRRsss
TTeeenuERR
tEEEEnnnaaessTTT
TTEEeensss
TTTiiEEEnnnSSSOOIIR
ttteeeeNNNssUEEEsst
ttiiiEnsyyy
tttIIIiiiNNyy
TeeeEEnnnYYbbbUUpPeeeR
TTeINYYbbbOOPPPPPPer'SS
tttEEnyyyBBBAAPPPPPeeerSS
ttteeeAApEEE
TUIIpAAAUUU'SSS
tttAeePeeeeeSSS
TTEEiiS
ttteeiiiTTEEErr
TTEItEERR'SSS
tttaiiittuuurrrbbbooAAARdd
TTTeeiiTTTarrboAAArrrDsss
ttteeeteeeRREEEDD
tooAtteRIIING
tEeeTTTeeRRRs
tttIOTTHHH
TTTIUtthhoo
ttIeTTTHHHIIID
ttteeeeTHaaSSS
TEEEttthhhiNNNggg
TEEiTHHIIInng'SSS
TTTAAAeeetittiiLLL
ttaItooTTaleeerr
ttEEEaTToootttaaaLeerr'S
tttEEOOtEEttAAALuursss
TTTEEeToooTIILEEEsMM
teeEEEtttEEETTEEELLLisssMM'S
TAAIITTaatttaalllOORRR
tttEEEetttUUUTeeelllErrr'S
TTeeeetOOttaLlllERRSS
tttEeToooTuuuMM
tEEEEEttOttOOOMMSS
TEEEFFFiiilllLOOOn
tttIIIGGmmEEEnnn
tttuuugguulluur
tteeegguMEnt
TAggUUmUUUnnnTTsss
TEKKKttitttAA
tttuuukkkTTTItaaa'SS
TTTIIKKtttIttUUSSS
teeeLLLAAAMOOONNN
TTTeeLLLaanGeeeeeCCCttASiiSS
TTuuuLLeecccaSSTT
ttALLeeCCCaSSTTT'SS
ttELOOCCCASSStttooodd
TTTAALLLeCCAssttOOR
tEEEluuuCoooStttER'SSS
TTTEEEllecccAASSteerrrSSS
TTTEllecccUUsTTinnnGGG
TOOOLLIIIcccaaaSttss
TEELEEECCOmmMMMunniCCAAAtAAAoonnn
tIILecciiMMmmiiiNNNIIccaTAAAoN's
TTTeeLLLeeceeeMMMmmmUUUnnIIICCCIttIIIInnnsss
TeeLUUUCEmmmmuunneeCCaaTAAannss'S
tuLAcOOOmmMuutEE
tELEEcIImMMUUUTTTeeeddd
tuuleCiimmmmmOOtttEER
talEECooMMMMUUTTer'ss
TELLLECCCOmmMMMOttErsss
teeelllAAACCCOmmMMuTTTees
tttUULeeCIIMmuTTUUnnGG
TTTEELLicccooommmmUtttINNg'SS
tttuLEEcOMMS
tttELLeeeCCuuuNNNFeeeRInnccEEE
tILLLEEcccEEnnnFFORRoooncIII'S
TTTELocccooNNFFEErrroncEDDD
TUUleecccIIInFFFuuurrInnnCeeeS
TTEElIIcoonnforEENNNcIIINGGG
TTTiiLAcINNFFFerraNNcccooNNNG'SSS
TTTULLIDU
TTEElllAAfffIIllm
TILEEEGGOOO
tttiiiLAgggEEnnOOOCCC
tIIllAAgggeennYYY
teeLLAAGGGRRRaam
TTeLaGrrrAAAMMM'sss
tEEELLAAAGrUUUmmmS
ttEElllooGRRROppH
tteeeLLLOGrrOOOPhhh'SS
TTeeelllEEEGrrAApphhhOdd
TTIIIlllIIIgggrraapHuRRR
TTTeeelleeeGGrAApHHHeeeR'ss
TTTeeellliiiGGraaapppHHarrrss
tILLEEEGrraapppHUUSSSEE
TTELLLeGRRRAApphEESSSeeeS
tteeLeggRRRippphhICCC
TaLeeeGGrrraPPhhhuucccaalLyy
TTTEElaggRRRaPPPhhaNNNggg
TTiileGGraaPPhhooSSSttt
ttteelllAAggRIIIPPPhhIssst'sss
ttELEEEGRRaaphhhoosTTs
TTeLeeeGGruPPPhAnUU
TTUllOOOGrEEpphhhs
tteeelllEggrraaPPHHYY
ttiilEEgRRRAppphhhY'sss
tteellaaaKKKIIINNNeSSIIIsss
TTOllAAKKIIInaaassOsss'ss
tElleeeKKIIINNeTaaaCCC
TULEmOrrrK
TEEElliimmooorrrKKKETTTEEErr
TTeellEEMMaaarrkkkeeeTTeR'S
tttALLLEmmmARKKKEEEttters
TTTELLooomArrrKKKAAAttInnG
TTeelEEmmIIIRRKKKeeTTTennnGG'sss
tttaalEEMMMooCCHHHanUUCS
TTilOmmittirrr
ttEEELLLEEmmeTTTuuR'sss
tteeleeemEtErrrS
TTilllEEEMMeeetttrrAAC
TaaaLimmmETTTrrraaaccelll
ttELUUmmmEEETRRaiiiS
TTEEELLLummmeeTTRRYYY
ttteeLIIIMMMeeetryy'ss
TTTuullImOtOOORR
teeeleeeNCCCEPPPhhEElllonn
TTeeLLennnCCCepHAlUnnS
ttoooleeoolllAAgiiCaaLL
TOlluOllOOggIIEEsss
TTTEEluuuoooLLEEEGGyyy
ttELLeoooSttt
tEEleeOSTTTSS
ttteLeeePPPAATTHeeccc
TTTOOOllleePPAAATTHocccuuuLLLLLy
teelleepppIIITThAAsssTTT
TTTEEELEEPPPaaThhiiisttS
tELLLePPPaaatHHYY
tOOOLEEpaaatHHHYY'sss
TTeliiippHOOOnnniii
TEEELeepppHHooNNNe'sss
toLLLeeeppHOOONeddd
TTTelllOOPhhhOOnnEEEr
TTTelepppHHonnnErr'sss
TTeeeLLeePHiiiNERRsss
tuuuLEpHOnnnIIISS
tttoLLEEPPPHInaccc
TULUUUpppHHooonIIIcaaaLly
TTeLLLOPPPHAAnINNNggg
TOLLEEEPhhoooNNiiisT
TTTElleeppHHOOOnIsttSS
ttElOPHHoNYYY
TTELepppHOOnnny'ss
TTTooolEEEPHHoteee
TTEllEEpppHHHOOTTToo'sss
ttELLOppHHiiTTOgReph
ttteLaaPPhhuuttogggRaaaPPPhhoooC
TTTulllaphhhIttaaaGGrraaappHHs
ttaaLLLOPHHHOTTToooGGrriiipHHHYY
TTeeeLLoopppHOTogggRRRaPHYYY's
tttEELLLEEEPPPHHHOOtttOOsss
TTAAAllleePPllAAYY
TTEEElEEEpLLLiiYYY'sss
TTelllEEppplllAYYYS
tIIllleePPrrriiinnTTTEEr
tELLLepRRRuNNNttoooRRR'S
ttUUULLooPPPRiiinnntterSS
TTTUUULLopprrIIciiSSSSinGG
TTeLLLopppRaaccceSSSANNNgg'SS
tILLeeppprrOOOMMppptttEr
tteellleeePPRAAAMMMPPPTUUrr'sss
tttEEElllEEppRRRAmmmPPTTEEErrrSSS
TTULLEEErrUUn
toollleeeSAAALLESS
tteLLUUUScoppAA
tAAAllEEEsscEEEPPPee'ss
TTEEElllaaaSSSCCCOPPPEEdd
ttallossscccIPPPEEESS
TTEElassscccoopIIIC
TeluSSSCCCOOppIIICCCAAAllllyy
TEEElliiiscccOOOPONg
ttoolliSSSCCCoopppyyy
TTeeLLesIISSS
tttuuLLLeeSSSPPeeCCCttRROOOsscccOOpppEEE
tttELLeestthhuuusiuu
ttUlllesssTTTEchhh
TTEELAAtUUUxt
TTALeeettteexxxtt'sss
tttIIILLLOOTTaaaXTs
TTTEEElEEttHHHuuRRmOMEETTTURR
tttEELeeTTTHHonn
TEELLEETTTHaann'ss
tttElllaThUNNs
teeLETyyypee
ttiilEETTYYpppUUUSS
TTTeeLLEEttyyPeeeWWWRRiTerr
tEllliiitttYYpppeWWRAAATTTIIIr's
TTaleTyyyPPPeeewrraaaTeeeRRRSSS
TTeeeleOOOttosspOOrre
tEEELLAAAvAAnGooolliiisssMMM
TeLOOOvvAAAnnGGGUllIIIssmm'ss
TTTILLLiiivaanngULaaasT
ttEEElevvaaanggEllIIssT'ss
TTTeeelleeveeeNNNgggOOOlllesssTs
tttelllEEvvaaaUw
TTEEliivviiiSo
ttiiillaaaVooSSSeD
tttiilEEEvuSASS
TTEELLLeeeVIIIsIIInngg
TTTeeeLLiiivvvIISSSiiiIIINN
TTTOOLLLUVVAssuuOOONN'S
TTTEEloVVaasUiNS
TeeelluuvUUUsoooRRR
TTaLLUUVIIsUUAAAl
TTTuLLoooWeeeRRRkkEERR
TTOllEWWWEEERkkIIIrrrSS
TTTEELLeWWOORkinnnggg
tOOOlEExxx
TTeeeLLLIIIxxx'S
tooLLIIIxxxeeddd
TELooxxxIIIs
ttuuullliXOnnnggg
TEEEllffiiirr
TiiillFFFeeRRSS
ToLLec
TeeellliiciitY
TeeelllIOOsssPPorreee
TEllIIIUM
TTeeLLLl
TTEElllLErrr
TEEllllaarr'SSS
tAAAlllLaaRRS
TeLlliiiEs
tttiiLLLLLLInngg
TTEELlIIINNNggLyy
TTTEEElllLLLSSS
tOOlLLttILLLEEE
ttoolllLtALa's
TTiiilllllttAAAlESS
tEElLLLURRReeTTTEEE
ttOLLllArrIAn
TaaallLLLuRRRiiiaansss
TTTeLLlEErriccc
TTTELLLLOOrrriddII
ttEllllURUUdeeess
TTTELllluuurrruuAn
TIIlllllUUrrEEETE
tttiillLLUUURReeuMMM
TTTOLLaaRIuuumm'SS
TTTiiLLLIIrrrEEEzIII
tttAALLlly
TTiilllLyyy'S
ttooLLNeeett
TeeeLLLOOppHeeeSSSE
TTTAALOOpphaasiss
TulllppHHHeeer
tteeeLLLppphhUURRRaagee
TTTEEllPPPHHHAARRIIIggEEEss
TeLLpphhhiiiRRRs
tttOLLs
tttOLLsssonnn
TTTUUmmBBBLoooR
TiimmmBlllOOrrr'sss
tteeMMMBlllOOOrrrsss
ttimmmARAAATTTYYY
TTTEMMEEEROTTyyy'SS
TTTummPPP
TTTiiiMMPP'SS
teeMPPeddd
TTeeMMMpEh
TTIIMMMPEERR
tttAAmmmPEER'SS
taMpppErra
TTaammmpppeeera's
tEMMMpeRaaMMAAnntt
tttEMMPERRAAmEEENNNTT'sss
tttEEMMMpppERRAAMMEEEnnTTTAAALL
ttteemmppOOOrrruuMMaaNTTEEELLLyyy
tiiMPPPeRIMMMennnttSSS
TTaammmPurraaNNNcIII
tttEEEMMPPeerrraaNCCCUUU'ss
tttIIMppaReeSSS
TeeemmmppaaRRRAATeee
TTAAmmPPEERRAAtteeeLyy
TeMPPERRRiitEEEnnnEEESs
TTUUUmmmpIIIRRRiTTTeeeNeeSSS'SSS
tUUUmmmppeerriiitttorrre
TTEEmmPeeeRoTTTUUUroo'SS
ttAAAMPeeeRAAAtAARRRaaaS
TTTeemmmpaaaRRREEdd
TTTEMPPEEroooNNg
TOmmppEERRss
TTeeeMMPPPeesssT
TeeeMppeesssTTT'SSS
TTTAAMMpppESTsss
TTeeMMMPPPEEEssttteeeAAiiisss
TTEMPEEESSTTuuuiiiusslllyyy
ttIIIMMMPPeeeSSTUOOAAASSnnooosssS
TeMMpppEEESSStttOOOoEEESnnESS'S
TTTeeemmmPPAAA
tttoooMMMpIInnng
TTTeeMMPlleeTTo
ttEmppplllaaaTTTO'ss
TEEEmmppplllottaaasss
ttemmPPPlU
TTiiMMMPPllee'S
teeemmplllUS
TiiimPLLLOOt
TTTAAmmmPPPlleetttSSS
TTeMMPPEEE
TOmppOO'S
TTeeemppoRROOLL
TTEMpOrrALlY
tempAAruurIIeeSSS
TeeMMParrARRRIllY
teMMpppEEErrUUrIIINaaaSSS
TTTUUUmpaRRRARinnossSS'ss
TTUUUMMMppooRRRoooRRYYY
tteeemmmPPPooorrrAARRRY'ss
tAAAmmmpppUUURRizzzAtteeeeNN
ttteeMMMPOOOrrIzzze
TTEEmppeeeRRRAAZZZeddd
tOOOmmPPPorizer
tttoMMMPPPAAArriizzeeeR'ss
TTEEmPPOriizzIIrrrS
ToMPPPoooRRiZaasss
tEmmmPURRuuuZIIInnngg
TTTEEMpuuSS
TTTEmmpS
tttEEEmmpptt
tteMppttATTuaaann
ttEEEmmpppTTTOOOttIIIAAnnn'sss
TEEMpppTaatiiooonnnSS
tteeMMPPPtED
TEMMPPTTUURRR
TTEMptaaaRR'SS
tteeemPTTurrrS
TOOOMMpppttIINNG
TEEEMPPPtttUUnnggglllY
tttiMMppptttRRReeSSSSSS
TAAmpttreSSs'ss
TTTeeMPTTRRRESSSSSeSS
TeeMPtss
TUUmmpppUURAA
TTeeemmmpppUUURRuu's
taann
Tennn'sss
ttEnnAABBBUUlITy
tttAAnnoBBiiiLLLiiityy'ss
TToooNNIbbLLUUU
TTUUnnnABBBLLenesssSS
TTUUUnaaabbblIIINNeeSssseees
tAnAAbbLyyy
tttEEENNaacccu
ttUNNoCCioaaS
ttENoCaaaIISLLLYYY
tttaNOcccIIooeeessnESSSSSS
TTTeeenaCiauuSnooossssss'SS
TTTEEnnneCCCitYY
ttteeNaaacotYYY'sss
tenAAACOOllIIM
tteeenAAAiiiLLLlllEEE
ttuuuNNNoNNNCCIIIEEESS
tttEnnnaaNNCY
ttteeeNNaaannnCY'S
TTUUUNNUUUnnTTT
TTeeNNNIIINNT'SSS
TTTeeNNaaNTUUBBLLLe
toooNNaaNNNTTTODD
tIINaNTUUnng
TuuunAnnnTTTllluuuSSSS
TTUUUNNaaNNTRRRYYY
TTeennnaNNNttrYYY'SS
TTIIInnnAAANNNtSS
tteNNCCCHH
TEnnnchhhiiS
tttonDD
tteeennndANccEEE
TOOnDDDEEdd
ttENNDDDUnnCCiiEss
TTTeeNNNdddonCCCyy
tuuNNddAAANNNCCCy'ss
teeeNNNDDDIINNtuuooIIss
TiinnDeenTTToIEEEssslllYY
TTEENNDDeeNNNtteOeeSSnEsSSS
TENDDDeeennntttOOuuuesnuSSSSS'SSS
ttENDDDUR
TInnDDDIR'sss
tttaaNNDDooRRED
tEEnddEERReerrr
TTTOOONNNDDeeRRESTT
ttENdAArrrFEEEEEEt
ttteennnDDDOOOrrrfffoooIIIT
tttENNNDIIRRRFOOOOOOT's
ttoonDeeRffeeeoooTTs
tttoonndORHEEaarrrtttEdd
TTTUUNNDoooRHHAAAAAARRRtOOODLLLyyy
TEndddeeerrrHHHEAARtttAAddneSSS
toonnDooorrrHEeeerTTIDDDNUssss'ss
TTanDuRRInggg
TTIINNDDIRRREEEZee
tANNNddEEERRuzeeeddd
toNDeRIIZZErrr
TTTIIINNddUUURRRezzzeeeR's
ttteNDDDeeerreeeZZZIIIrrrS
TOOONDDeerrAAzzzaaS
TTeeenDDDErrrOzzziinGGG
tttuuuNNNddeRRRllleeuuunn
tttEndeeeRRRLLLOOiiinnn'sss
tttunndddAArrrlloooeeNNsss
tteeNNNDDDeeerllly
ttENNdddERNNNoossSSS
ttIIndeeerrnnAASSs'ss
TUUNNdddUUURRsss
ttIIINdiNGG
TTOOONNNdAAAnnUUtttIISS
TTEEnDinniTTiiSSS's
tEEEndddAAAnnnooouss
TTTuNdddoNN
tennndIIInnn'sss
TEENNDONNITisss
TOONNNDDOnnnIITTTUUUS'SS
TEENdOOnnnSS
TTTuunnnDDrIIIlll
ttiNNNddRRRAAAL'ss
tENNNddrrIIIllS
TTTEEENNNDs
TTeeneBBBrrrufIIIccc
TTTAAANNEbrous
tttEEEniiimmmeennnttt
TTTENNuMEEnnnt'SSS
TTTeeennnOMMMentsss
ttAnnIISSmmUSSS
ttAAANNNooot
tteNEEttt'S
tttinnnEttsss
TTTUUnFFooollld
TTTIIInngE
tttAAAniiiaaa
TIIInnAAaaaCCaaaDDDa
TEEENooOFuuuGGe
ttUUUNiiaass
TTTuuuNIIAsoosss
taaannnnIRR
TTTiiiNNNnEEErrrS
ttaaannisss
TTaannnnnAASS'ss
tttOOnnNNooo
tEEENnnIISS
Teeennné
tttuNNNIIIN
TTTEnnnEEN's
tttEEENNNOOOnniiiDDD
TAANNonnEEErr
tooonnOOONNIInngg
tteeNNooonS
TOnArr
TEnnnir's
TTANNNOOrEEte
tteeeNNNaaRrrhhiPPPHHHy
TTEEnnnARRsss
TTTennIIITTTeeemmmYY
ttIIINpppEEnnnnYYY
tEnnnPuunn
ttenpeeen'SSS
TAANPENNNSSS
tttENNNpEENsss'SSS
ttAAnnRRREEEcc
TaNNNrrrEEEcccsss
tEEnnS
TTTaaaNsAA
TTOOONNssII'sss
TTENSSSUDDD
TTTannssEElYY
ttteeennSSooNiiissSSS
tttEnnnseNNNEESSSSS'SS
TeeeNNNSEErr
TInnnSSSuS
TeeeNssUUsssTTT
TTTiiiNNNSSSABBlE
TTTOOOnSSiiLLLee
teeennSiiLLLitty
TUnnsIIImotterrr
ttAAAnnnsImmEETTAArS
TTunSSSINNNGGG
ttEEENNssEEEOmmmAAtttORR
TInnnssIuumuuuTERRSSS
tEEEnnSSaIN
tttEEEnnnsssiiiOOOn'SSS
TTonnSIIAAAnnalll
TTTEnnnsaaOOneedd
TooonnSSiiiOns
ttUnnssaaattYYY
TTTaaanSSUUtYYY'S
TiiiNsUUUVVVO
TTEEnSSSOOORR
TTeeennsssArS
TEENNTTT
tttEEEnttt'S
TToooNNTTuccllUUU
TTTEENNticclllee'SS
TeeennnTAAccleeedd
ttUnnTAAACCCllleesss
TTTUUNtEEcccuuLLEERR
tttUUNNNTTaaGOOO
TTEntttatttuuuoN
TTinnntttooTToovvvE
tteeeNNTAAtttivvellYYY
TOONTTIIIttiiivveeenneeeSSSS
TTTeennnTAAtttIIIvvveeNNeeess'SSS
TTiiNNNtEEd
tEEENNTTEr
ttoonnTTTERHHHEEiiik
TEENNNteeeRRhaaaOOOkkk'ss
ttANNNTooorrHooOks
tttOOOnntttersss
teeNttHH
ttooNThh'ss
TeNNNtttHLY
TeNTHHHSS
ttAAAnnnTTiiinnngg
tttonnntmmmAAkkkIR
TTIINNNTTTsss
tUUNNNuuueeeSS
TTTonnnUUUiiityyy
teeennOOitttyy'SS
TAAANNNuuooouss
tEnnUOOAAsssly
TTEEEnnnooaSSnaaassss
ttEnUUUoooUUUssnnASSSS'SSS
ttteNIIIrooo
tENuuRREEE's
ttEENiRRaaDD
TTUNNNUUURRReeesss
tttooNNURRRiinnnGGG
tttENNNuTToo
ttoooocceeeLLLLLI
TTTEOOOsssIIINtte
tAAPPEEeee
TTTOppiee'sss
tAAppEEESSS
TTTeeePPPiiFFFyyy
TTEEpHHHRRaaa
TTTeepHHriiiTEE
TTToooppaaddd
TTepppIDDettYY
teeePPPIIddditttYY'SS
tIIpppOOODDlY
TTTIIIppiiiddNNAASsss
TePPiiiDDNNNeesss'SSS
TTeeQQEEoooLLLA
tuuuQQQiiiiLoo's
ttteeQEiiLLASS
tUUUrrIIIbbbatt
TeeRRAbbIItt'ss
ttUUUrrraabbbETTS
tEEERRRABBYYTTTee
ttURAAABByTTTU'sss
TTTERRaaabbbyyTTus
TEERaaFllloppps
TTTIIIRRRaHEErrrtzzz
TTTEERRaaHerrTTTZZZ'S
ttErrAAppiixxEELL
TTiiiRRuuuppiixEEElll'ss
tERRRAAAppexxEELSSS
TTTErrrUTIIISmm
ttEErrraattAAAgEEn
TTToraaatOOGGGiiiNNac
tttEERRRaatttOOOGGINNNss
tarrEEETTAAAuuDDD
tttEErrrUUUTTOOOLLLooGGiiicAAL
tEERATTALIIIggguuues
ttIRRRATTTEllOGGGUsst
tttuuuRRRITOOOLLLoogY
teerrrBaUUU
ttUURRRBuuemmm
TUUUrrBiiUMM'ss
ttERRCCE
taaaRRCCCeell
torrCCAAlls
tUURRRCeentttEEnarrriiEEEs
tttEEERRRCCCenntttEEnnnorrrYYY
tteRcEEEntttEEEnaarYYY'S
TTTERcANNNttteeeNNNnnaIll
ttteeerrcEENNTTTEEnnIIAll's
TErrrCCEEnnttEEnnnnniiaaaLsss
TTEEErrrCOOS
tOORcccOOOt
TTeeerrcccoTs
TErrEEboNNeee
TTOOOrrEEEbbbEENNttHHinee
ttAAARReeeDiNNEESS
ttteeerrreeeddooo
tttuurEddAAs
tIIIRRREEffAhhh
tttiiiReePPPHHtHaaalllOOTTTii
TTooorrreeeTTUUU
teeeRRRf
TTTEERgEEEL
TTerggIIIvvvErrrSAAttE
TTTeergAAAVERRRSaaTTedd
tttaRRgggeVERsssAAATUUUs
tuurrrGGGiveeerrSSSIItiiNNG
ttErrGGIIIVVVIRRRSIToooiiiNNN
TTEEErrrgiVVVeeerssUUUTTTAOONNNsss
ttteeeRRRGAVVEErrrsssaaattUUUr
TeRRRGGuMMM
teeerrriiyAAKKIII
tteeerrriyaaaKKKiss
tEErrmm
tttAAARRRMM's
TerrrMMiiigguunnT
TTTURMaaGGANNttt'sss
TAARMagggANNNtss
TTTeRRMMMeeDD
tEEERRmmeeenAABLLE
TermmInnnAAAL
tEErrrMMMIINNNaaLL's
TTTEErMMMiiiNNNAAlllyyy
tORRMiiNNaaallls
TTEEErmmaaaNaTTTiii
TTTEEErrmmiiNUUTEdd
tteeermmiiinuuTTTeeSS
TooRmmINNNAtinnG
TuuurrrmIInaTTTiiinnn
TTiiiRMMMINNNittioooN'SSS
TTeeeRRmeNNIItttiiionsss
TerrrmIIInnnaaataVVVE
tttoRRRMoNNNitooR
TeeermmmunnnOtiiiRSS
TTTeeermmmInngg
tEEERMMInnniii
TAArrMIIInaalUUUGGiiiCoLL
tUURMMIINOOOllloGGGoCaaaLLLYY
toRRRmmiNNiiLLLooGiiioooS
TTTeRmmmiNNNOOLigIISSST
tttERMMEENNNILLLOGGGYY
TTTooRRRMMMinEElllEEEgy'ss
TeeRRMinnnuuuss
TTTaaRRRmOONNUUss'SSS
tteRRmmaaaNNNuSaaaS
TeRRmIIITTTARuuuM
TeeerMMettII
TTaaarrrMMMaaaTTTee's
tEErmmOOOtEEEs
TIIRRMllluuuss
tttOOOrrrmmlllyyy
tttooRRmiirr
TEEERRRmmmSSS
teeeRRn
TTTeeRRRn'SS
TEERRnOOOrIuuSS
TTeeeRNNNeeerrryy
tttURnnnaaarrrY'SS
ttIrrNNateee
TTTeerrNNEEEONNN
TTeRRRNNNaaaooNNsss
TTTUUUrrnnSSS
tEEERRRpppeeeNee
TeerrPAAANEES
TTOOrrrPPPeeeNAAELL
TeerrPsuCCChhARREEan
TeerrA
teerrUUccceee
tttIIIRRRrrrAccE's
tttEEERRRRacccEED
TEErRaaaCooos
TORreeeccIIInnnG
TTTEEErRRAcccoooTTtttAA
TeeerraaCCUTttOOO's
tErrrrraafffOOORRRmm
ttEErrrrooFFFoRMeeDDD
tttiirRuiinn
TTerrraaEEEn'ss
ttorrrraaaiNS
tttOOrrrrinnUUU
tAArrrRUppINNN
TErrrapIn'SSS
TTTirREEEPPPuunnSS
TTTEERRRrrIIqueOOOuss
tEERRrraarAAAee
TeeeRRROrOOAAAMMM
TTTERRRaaaRiiuuMMM'S
TeeRRRRAAArrriuMs
TTTuRRRrrraaaZZzzzo
tttEEERRRaaZZZZO'SS
ttOOOrrRRRAAZzosss
TTeeerrrRRREEEnnnEE
ttiiirrrrUsTTTrriiiAL
TeRRrrrEEEsTrrIIIIIlll's
ttaaarrrrEEEssstttRiiiaaaLLY
tErrrrAASSTTTRRIIIEEElllSSS
TTTErrRREETT
TAAArrrrIIIBBllE
TTuurrrrIIbbLLLEnnEEEsS
TTTeerrRRiiblInoSSSsss'sss
TTeeeRRrrUUBlllY
ttORRRIcccOOOLLLooiiiss
TTTEEERrrOOiRR
TTTUUrrrRiooorrr'SSS
teRRRriiiEERRSS
tttEEErrrIFFAAAc
TTTEErrrRifffiiicccooLLLYY
tEErrrrIfffUUUadd
TEEERRrrooofIIIuSS
TTTOrrrriffy
tttORRRRRRiiiFyyyiiNNNggg
teeeRRIFFyyiingglllYYY
teeRRRUUGGGeeNNNiUUs
tooorrrROOnneee
tttErrrRROOOnnnEss
TTTErrrruuttUUriALL
TEErriittoRRRiiiAAALL'sss
teeeRRRRRaattERRROOOAlISSMM
teeRRrrriiTTTooorraaaoLLiTIIUUUSS
tttIrrrRRIITORIIaalleTTTyyy
ttEERRRrooTTUURRRiiiOOLoozzzeee
torRRAAAtteeeRRRIeLLLLY
tttEErRROTTooRRRoeelSS
tterrRRREETTToooRRRIIIEEESSS
tOORRRRiTTTOORRY
ttteeerrriiitoRRRYYY'S
TTUUrrrrroorr
TTErrrrOORRR'SS
TTTAARRRrOOORRRIISm
ttteerRROOrrrIISSSM'S
TTTirrrooorAAAsst
TTiiiRRrrrOORRIsTTT'S
TeerrrUUrAAAstIC
TEEErRiiiriSttsss
TTToRrrORaaazzUUUttIeen
TOORrrrOOORRRIIIZoooTTiiiUUUNNNsss
TTAAARRROOrrizzzEE
TERROOOrIZZZADD
TEErrrRErraaaZer
TuuuRRRRAARRIIzess
TTaaRRRRROOOrrriizINNNgg
TTTOOrrrrrUURs
ttteerrrRy
TTIIrrrrryyy's
TTiiRRrrryyycLOttHH
TTTeerrrYYCCClluuttH's
tttEEERRsEEE
ttUUUrrrsaaaLYY
ttterssoooNIISSSsss
TeRRSUUUnIsssss'sss
ttooorrrsssaRR
TerrrsseSStt
ttEErrrtttiiieeLL
TTarrrtIIiiiNN
TTTORRTiiiirIIEEES
teerrrttiieeeRyy
TEERVUULLEEEnnttt
tEEErZZeeetTTooo
TAARZZZeeeTtoooss
ttAssLi
TEESSSlloooSS
TTTEEEssSoLLLaTO
TTTEsssSooLLLAAATTIoooNNN
tttosssSSSIILLAAte
ttOsssssEELLLLAAttUdd
TEsssssEEELLlAAAteS
TTTAAASSSssAAllLitIINNggg
TEESSSSaLLLLLuuTTIIInnn
TTTUSSSssILLAAAttteeeennn'SSS
TiiSsssiiiLLLlaTIIaaanns
tOSSSsseeRRaa
TTaaasssserroooIII
teeeSSsssIIIrrAAALL
tttESSSsssituRRRo
TToooSTTT
tttEESSSttt'sss
TeeesTAAA
TTesssTTToBOOOllIIIttyyy
tttEEssTTAbbbllleee
tEStttuuucciiiAUUSSS
TEEssTTTaaaMMEEENt
TeSSTTTooMMinttt'S
TTTuuSSttAAMMEnnntAAARyy
tESTTTAMMuNNTTss
tteesssttass
tttUUsTTAATTA
ttAASSSttaaattEEES
taaSTTaaatttuRRR
tIssTTOOttuRR'SS
ttUSSStttATToRSS
teeeSSTTTitrrriiiCEEES
tEEESSSTaaaTTTRiXXX
tttuuuSSSTAATTTrriiiX'SS
TUUSSTTTbbbAddd
TTTEESTbeDDSSS
TTiSSSTTTccooorrrdd
TESSTTEEDDD
TTassToE
TTTEEstUUeS
TTTASSStEER
TEEESSSTTTuuuRR'SSS
tttEESSStEEERRRSS
TTeSSSTTTEss
ttuSSSTTTAAAcclAAA
ttesstIcccLLLEEE'SSS
tttAASSTTOOccLLEES
TIIISSStttEEECCCUUUllAAAR
TEEESttiiiIIr
ttOOOStIIeeeSSSttt
TTosTTiiFFUUEEd
TEEESSSTTuuuFIIIerr
TTTEEEstIIIFFFiiEEErrr'sss
tteSSttteeeFIUUUrrss
TTESTTTiFFUUosss
ttUUSTIIFFYYY
TTUUUSSttafffyunnG
TTTissTEEElllyyy
ttAstiiiMMMunniiiall
ttEEsTTOOOMMMiiNNNiiiEEELL'sss
tttuSStIMuuNNeeealss
TISSStIIImONIEEEs
TTTassTTTIIImOnnnyyy
TUUUssttoommonnnyy'sss
TTTeeSSTTTiiinnESSSS
teSSSTTIIINUUUssS'sss
TTuuuSTUUnnngg
TTTEEssTTIIINggsss
ttESStIIIS
TTTEEESSStoooS'S
TTTIIsstttEnnn
tEESStttEEEsTToorrranEE
TTTEEEssTOssTTeerUnnneee'S
ttoSSSTSSS
tEESSStttUdUUnilll
tttEESSTaaaDDaaa
tttesssTUUUDDDas
TUUStyyy
TTTEtttAnnnAALLL
TTeeeTToooNicc
ttEttAAANNIZZE
tttotonaas
TITTEnnnUUUss'sss
ttteeTTAANNNy
ttuuttEERTToohEEDDDrraaaLLL
tteeeTTcchhierr
TTAtcchiiASTTT
TTTaaaTTccHHHellyy
TTTeetttccHaaaNEEEsssS
TTTEEETCChY
tttootthhh
TaTTHHeeerrr
TTEEEtthhhEEEr'sss
tuuuTTTHHErBaaLLLLL
tttetthhhuuRbbbaaallllSS
TTeTTThAArrUDDD
TTaaaTHeeeROnnnGGG
TTTEEETThooorrrsss
TOOTHHHSSS
tteettRAAA
TTTIITTrrre'SSS
TTTIITRRUUUBBAAASSSIIcc
tttettrraaaBRReccch
ttetttrrAAABBRRAnnccHIIIiiitttEEE
TTeetrrAACOOOINNNe
ttIIITrrricaINNNes
tttooTTRRAACCHHllAAAriiddduu
tttIItttrraaaCCCHlAAREEEddIss
ttteetttRRAcccHHHooRdd
TEEttrrraaCYCCLLLIINNOOO
TTTIIttrrrUUUCCCyyCCClannnuuu'SS
tttETTTRRRUUUD
teeTrUUDS
ttteeTTRAAAdddyyymmuuutee
TeetrraeeTTTHyyyllllEEEAADD
tttEEtRiiFFllUUOOOrrreeeAtthhyLooonnUU
tttEEtttrrrIIGaNNN
ttteettRAGGaannuuuL
tuttRRRUUUGAAnSSS
tEETTTrrUgggrrrEmmm
tttIItRuGGGrrAMs
TOtrrrAAhooDDDrAAA
ttutttRRaHHHEEEDDDRRRaaLL
ttEEttRRRIhhhAADrOOOn
tttOTrrEEHHeeeddRRROnnn'SS
tiitRRRaHuudddrroonnS
ttEEEtRRRaaahhYYYDRRROOOcccAAANNnnnAAAbENNNOOOl
TTAtttrrrAAALLoogiiiOOOSS
ttteeTTRRRAAAlluuuggy
tttaatrraMMMETTTEEr
tttiittRRaMEEEtttIRR'SSS
TTTEETrrrAAAmmAATTTErS
tttEEEtRRRAAMMuuutHHyyLLLDeirrrSSSiinnnEEE
teettRRUpLIIUd
TEtttrUUpppOODDD
TTuuuTTTRRaaapOODDDsss
tETTrrIPPPODyy
TTTEEETrraaappTUUrrOOOSSS
TTATTTrraaarrccH
taaatttrrrOOOS
tttEETTTRRRuuusPPeeRRRE
TTuutrrrASSpppiiRooss
ttEETTTRAASTiiccchh
TTIIITTRAAAssTTTiiichhOeeeSSS
TTTetrrraSyllllOOObLLLo
tAATrAAATTTomIIccc
TeeeTTTrIIvAAllIIINNNt
TTTOOTRRodduu
TOOOTRiidddEss
TuuutttRRIxIIDDEEE
ttEETTryyLLL
ttUTTTttter
tttOOxxxTT
ttEExxTTT'S
TTTIXXTBOOoooKKK
tttexxxttbbEEEOKKK'ss
TAAAXTBBUUUOOOKKKss
TTExTTTiiiLLe
taXXXttooollEE'SS
TTAAAxxTTTOLEEEss
ttuxxxtttS
TTTOOXXXtttAAAuuulll
tteeXTTuAAAliisMMM
tttOXtttuALLLisssTT
tiXXTTTUUUaaLLLLYYY
tttiXXXTUUUUUrrYY
ttteeeXXXTTTaaarIIIl
taaaxxxttUUURRROOOLLLllyyy
TTTexTTTUURRREEE
tUUUXTTaaree's
TOOOXXtttuREEEDDD
TTTExxtuuRREEEsss
TTTExxtttaarrriiNNg
thhOOlammeeencccEEEPPPHHaaLLOn
ThaaLLIIIMII
tttHHolllAAAmmUUCCC
TTThhhAAAlaaamEs
thhoooLLLOMuusss'ss
TTTHHHOOOlAAsssSSSiccc
TThhhuLLAAAsssSSSiiiGGGrraaPPhyy
ThhAAllleeRRR
ThhhaaaliddaaMidddeee
TTHHHAllIIDDDumiidddE'SS
ThhhallLIICC
tHAAlllllIIIuM
TTTHHHOOlllLLuUUMM'sss
ttthhALLlOphyytEEE
ttHHHAAlllLoooppHHyyttoos
ThaaaLLLLuusss
THAAALLLLESSSeSS
ttHHalllWeeGG
TThhhaallwweeGGGsss
thhaann
thhhANNiitttolllUUUGiiCCCAAL
thhOnatttOLLogggiissttt
ttHaaNNATTeeLooGGY
tttHHHoNAAAttaaapSSSIISS
ThhaaNNNO
ThhAAAne'S
TThhhaaannEEEdddoommm
tttHHHONIss
tHHHooonk
ttthhhAnnnkkUUUdd
ttthaanKKKFFFOOLL
TThhhAAAnnnKKFUUULLLYYY
THHHAAANkfffULNNNeeess
ttHAnkkkfUUULLnnnUUUsssSS'SS
TTThhhonnnkIIInng
TTThhhAAAnnnkllooSSsss
THHaanKKKlleeSSSSllly
ttthankkkLeeesSSNEEEsssss
ttHaannnKKlllISSSSNEsssSS'S
TTThhAAnnnKKKSS
tHHonnKKKSSSggEEvUUngg
tthiiNKKsssgguuvvaannng'sss
ThhAnnnkSSSggguvvvoonnnGGGS
ttHHIIIrrr
ttthhhaat
TTThhhuTT's
THHHAAATTcccHH
TThhAAATCCChhh'sss
TThhAAttcHHHeeeD
tthhhUTTTChhhARR
TTTHHHOttccHHIIIR'ss
TThhhaaTTccHeeeRRRsss
ttthaaatttccHHEEEs
TTThhAAATTChinngg
TTHHHAtchiNgg'SSS
TTTHEEEUUUmiiiTooLLLooogggy
TTHaaaUMMMATTrrrOOppi
TThhhAAUUmmOTurgggeee
THHAAAuuMoottUUURRRggIIICCC
TTTHHaUMUUtiiirrrggiicILLL
ThhOOOImmmOTuuRRRGGeeeSSSTT
THHAAUUUmatUUUrgggyy
THHaaW
thAAAww'SSS
tttHAwweeDD
THOwwIIInnggg
TTThhAAWSS
ThOOO
ttHUUAACCEEOOuuuSSS
TTThhuAAnnnttHRROOPPIIIcc
TThuueRcHyyy
TTThhEEATTeeer
TTThuuueeeTTOOORR'S
TTThhheeAtoorgggOOeeerr
ttthEAttteeRRRggOOeeRR'ss
ttHHHEAtEEErrguuaRRRSS
TTHeeeattuuuRSSS
ThhhEEEUUTTRUUU
tthheeaaaTTRRE'ss
tthEEEAtRRAAss
TTHOIIIttRRIIIcAAAl
tHIAAAttRIcccaaaLLUty
TTHHHEEEIIIttRRRAcccIILLUUttY'S
theeeaatttRuuCALLiizzUU
TTThhhIuuTTRIccaaallllly
tHHEEEEttRiiCoLnnnassss
ttthhhooooooTTTriiCCUUlllSSS
thhhEaTTTRRAAACIIIlSS'SS
ttHHHeeeaaTRIIICCeAAANNN
tthhhEEatttrrOOCS
TTHHHeaaaTTRRRIcccs'S
TTHHEEEbbbiiiiiNI
ttHoooBee
ThhhEBiss
ThhIIICAAA
TTTHHHEECiiuu
TTHEooo
ThheeES
ttthhoooFFttt
ttHHEfTTT's
TTHEEFFFttSS
ttthEEEGnn
tHHEEuuNIII
tttHHiiuRR
TTHHeiirrrss
TTThhheeissmm
tthheIISSSmmm'SS
TTHeiiisssttt
ttthhOiiiSSST'S
TTTHHHUUUIIIssTTTiiCC
ttHHHooiStttiiCAAALL
TTHEEEiSStSS
ttHHHaaaM
tttHHHEMATTuuCC
TTTHeMMMaTTTocccalllllYY
ttthhhEEmOOO
THEEMMMee'ss
TTThheeemmeedd
TThhEEmuus
TThhhEmmmSeLLLvOOSS
thheN
TThEEN's
tHHiiiNNAR
TTThhannCCCEEE
TTTHHHAANNccOFFoooRRRttthhh
TTThhheennncccEEEFFFoorrWirrrDDD
ttthhhaannncccEffoRRWWWAArrdss
THHHAooociiNTrrraaac
ttthhhEEooCCRAACCCiuuuSS
thEIIICRRacYYY
tttHHuuaacrIIICy'SS
thhhueeeCCCRUUssY
TTThhhooocccRRRAAtt
TThhEEEOOCCCRoTTTiiC
tHEEEOOOCCCrrAAttteCUULLlllYYY
THHHuuoodddOcccY
TheAdddEEELLLIIITTTEE
tttHHHaaUDooolITTOOsss
ttthhheUGGAAnnYY
TThhhiULLIIIgOOIIIn
TTHHHEEoooLeegOEnnn's
TTTHeeoooLLuGGGEEEAANSS
ttthhEEEooLLOOOgggiiiccalll
tHaaaUUllOGGIcAllllYYY
ThhheAAAlooGUoosss
ThhhEEOOLuugUssTTS
ThhIIAAALoooGiizzUUU
tttHHHEEoooLLLIIIGGGue
ThAAAolEEEGYYY
ThhhEelllUggYYY'ss
tttHHHaaaooMMMaaaCCChhhy
TTThUAAmAnnCCYY
tthEoMMMIIInIA
tttHHHAAAiiMMAArrrpHeC
ttHHHiiieeePPHaanyy
TTThhheeeoooPPhYYYLLLliiNa
tthhheoooRRbOO
thhEEEaaarOMM
TTTHAUUUrrAm'SSS
TTHHHiiOOOrriMAAAttteeCCC
TTHHHEEEAAArIIImss
TTTHIUrrOOTTiiicc
THHEEEooorreetocccALL
ThhEEEOrrrEETTUccaLLlly
ttHHaaORuutIcccuuUUUNN
tHEoorrreettoccciiON'SSS
ThhhEEEOOOrrrituuCCCiiiaaNSSS
ttthEoRRROTTTuCCCSS
tHaooorrIIIiiisss
TTThhEEOORROOOSSSTTT
TThaaaOOrrEEESt'S
tHHHooeerriiSTSS
ThUiiirriizEE
TTThhheeeIIIRaZEEd
TThEEOrrruuuZZIIrrr
TheeeERIZZZUSS
ttHHeeeoRReeZZiiNNggg
tttHHHEEEORRRy
TTThheeeIrrryyy'ss
tHHHeeeiisssEEEPPhheeerr
tthhIOOOSSooPPPHIIIc
tthhhuuoSooPHIIIccaaall
ttHEEEAASSSuuphhACCCaaLLyyy
tthhhaaEESOOOpHEEESt
tttHeOSSSOPHHiist's
THHIIESaPHOOsttss
tttHOOOSoPPHHyy
ThhhaaiisssoooPPPHY's
ttHERREEEpppUUTIc
TTThaaaRRRApppEEuuTTIIIcccaaL
tHiirrEEPeeUUtttIIccAAlLYYY
THOOREEPEEEuutIIcsss
ThhheRROOOpuueeetttiCCSS'S
TTTHarrraappouTTTESSttt
tttHHeeeRRRAApppIIUSS
ThhArappiiisstt
TTTHHiiiRAPAAAsssTT'SSS
TThEROOPIstttS
ttHaRaaapssiddd
thhureepppssiDDS
ThhhOOrrrAAppyy
tthhheeeRRAPyyy'S
TTHHHOORREEE
TTTHHHeeeRRRu'SSS
TTTHHHErreaabboouutt
ThhERRiiiAAABBoooOOOtts
TThEErEEEOOOffTTeeRRR
TTTHHErEEEut
tthUrEbbbYYY
ttthhARRREEFFFoooR
TTTHHErrrEEEfUUUrreee
ttHHHerrAFFFrom
TheeeRReeeuunn
tttHHEERRREEiiinaFFTTTaaar
TTTHeeeREEEIIINNTOOO
TThhhEErrEOFFF
ttthhIRRIOONNN
tHHAAArEEttoo
ttthhEEErrrIItttOOOfffOOrrrE
ThhhEErroUNdddurrr
tHEErrEuuNNNTToo
ttthhAARRRaaPEEN
ttthhhIIIreeeWWWiiTThhh
ThhhERREwwwAAthhAALL
ttHHHOraiNTThhhRRReePPICC
TTTHOrrrUUoMorrPPPhhiiCC
tttHHHoooRRRMM
TTHIRmmm'sss
ttHHERRRmmeeeisssTThhaSSuuoo
ThhheeeRRmmOll
TTThErrmaaall'ss
ttthEERRRmUlLLLyyy
ttHHEEERRRMaaaLLss
ttthhheermmEEE
thhhIIrmmeell
TTHHIIIRRRMMMEEELLLs
ttthiiiRmmEsTTThhhesssiiAAA
TTHHArMiiicc
tHHHEEErmmaonnn
TThhEERRmmiiiIIInnniiccc
TThUrMIONoCCCSSS
TTTHEErMIIIannsss
TThheeRmmIISSTEEErrr
TTThheRRRmusssTooRRss
TThhhooRRRMoobaregRapppHH
TTHHeeerrrmOOObbaaRRRAAMMEEETTTEEErr
tharMOCHoooMMMICCuuLLL
THHHEEErMMMaaaCCHoommmissstttrrrYY
tthhhErmAAAcliiNeee
thhErmOcccoooUppleee
TTTHHiiRRRmmmIIccuUpleeSS
TTTHHHaRRmmmUdddYneeeMMiCCC
TThIIIrMuuuDDYYYNNNAmmiicUll
TTherMMMAdddYYNNNAAMMMIIcoooLLLLYYY
TThhhEErrMoDyyNNuuuMMIIcccaaassst
TTHHHAAARmodyyNAMMMICCCsss
ThheerMMMOOOdddYnnamooccSS'SSS
ttHHeRmmeeeLLUUccTTTRRRiiiCC
tthhheeermmoooEElACCTRRRiicUUUtttiOOsss
thhheeeRRmmoooELLLEEcccttRRRiiiccIIIttYY
tttherMMIIeLLLEEEcccTTTRRooMEETTeer
thUUUrrMaaggguuunneeesiiiSS
ttthhhEEERRMiGGGrAAAPPHH
tttHHHArrmmOGRiiiPPPhhhss
thhheeerrMAAAGGrruuuppphhYY
tttHiiiRRmeellaabbiLLOOO
tHHHErrMMOOOLuuuMMMIIInneeSSScuuNCCeee
TTTHeeeRRRmmmOOOLummmuuunnessCCOOnntt
TTHHEErrmmmuuuLySISS
tttHHHERmmmEEMMoGGGNeeeTTTeeecc
TTThhEERmmmoMEEETuuRR
TThhEEERmmiimmmeTTaaarr'SS
tthheerrrMoomUUtttEErrSS
THHHAAARRmmOOMMUUttrIccc
TTThEERRmOOMMUUUTTrOcUlLYYY
THHARRRmmOOOMMeTTRRiiiEEEsss
thEERRmmmOOMMMIIITTRRRyyy
tHHHEERRRmmmomAAATTToorrr
tttHeermmmOOOnnnuCCCllearr
tthhiiRMepppHIlle
TTTHeerrmmOOOppHHHIIILLees
tHHeeerMMEppphhIILiiccc
TheerrMMMUUUppphhooonu
TherrmOOPPilEE
tttHHHaaarMMMoooPPPIIIllEEEsss
TTTHHHEErrmmmIPPPllluSSStttiCC
TTTheeeRRMooPPlllAAAStttiiCC'SSS
tthhhEERRmmmaaappLesttIIIcccss
TTThhhArrmmmaaass
TTTHHHeerrrmOOOSSS'ss
TThherMooSScIPuu
ThheeeRRRMMEEESSSASSS
TTheeRRMMIIIseetttTinnnGGG
THIRRmOOSippHHonn
tthEErrMossspppHHiiiRee
ttHHeeRRMMMOSpppHHEERRuuuS
TTHHaaRMMuuuSStttAAAt
ThhEEERRMMissTTATTT'SSS
tthoRMMOOSSTuutttoc
THHHeerrmiiisTAAtOOCCCoLLLLLLYY
TThhheeRRRmmUssttAtIICCSS
TTThhhuRRRMMMOOSSStttittS
ttHeerMMOOteeeXXXOOOs
ttHEEErrrmmmOOOttEEEnnSSeeeLLe
TTHHHiirrrMMEEtthooRRaPPY
ttthhuurrrMMMS
TTTHHiraiiDD
TTHHHuRRReeppoD
ThhERRooPPIIIdddSSS
tttHHUUUSSAAAEEErraLL
ttheesAAAeeRRiii
ttHEEEsEEEuurrroooSS
TTHHAASSSAAAAARAs's
TTThUUUSEEeROOOsssEEEss
tthhheesO
TTTHHHessASSS
TTTHEESSuuSSS
THHEEEseSS's
tttHHHESpppiiaannn
THeSPPPOOOUnn'ss
ttHHasssPPPAAANSS
TThhhEEtA
thOOOTTTOOO'SS
ttthiiitaaSSS
TTThhEETTTiiCCC
tttHHHEEuuurrGOOOcc
tttHeeeuuRGIICCCAAAll
TTTHaaUUUrrGGGiiEs
TTHHHEEUUURRGGGiisT
tttHHHuuIRRRgyyy
ThhhUUUW
thhUww'SSS
tHEEEwwLLLoossSSS
TThhEEEWWWSS
TTThhhooWWyyy
THeYYY
tthheeeY'DDD
ttthOOOYYY'LLl
ttHHiiyy'riii
ttHaaYY'Veee
TThhiiaaaMMMOONN
ThhhOOOAAmmmaNNN'sss
tHHiiimmaaNNAAA
ttHiamiiiNNee'ss
THooaazzzIIInnnaa
TTHUUAAzennAAAsss
TTThiAAAZZZUlU
THAcKKK
ttHHHIIccckkk'sss
tHiiiccKKKEEnnn
THHeCKEEEnEEEdd
tthicckUNoRRR
ttthIccckkeeennEEErrr'ss
tthhhEEECCCKeNNNeeRRs
TTThhhAACCKKeeNiiNG
TTTHHIIcKKKUUUNNNaNNg'sss
ttHICkkeeenniiinnngggs
thUUcKKeeNNsss
THHHiickkkIIIrrr
THHHOOcckkeeeSSt
ttHIcckeeTTT
ThAAcckkkEEtt'SSS
ttthhhUUUCKooTTTS
TTHHiCCkkHEEEaaaddd
ttthiiiCCKKKhhhEEEaadddooDD
TTThheeeccckkkhhuuuaaaDAAAdd'sss
ttthhhOOCCCkkkHHuEEEdds
ThhiiickaSHHH
ttHHuuCCCKLeeeOOOF
ttthhhIcccKKKLLLyy
tthaaaCKKKNNEEssSS
tthhUUCCkkknnnAAAsss'SS
TTTHHiiiCCCKneSSSSaSSS
ttthUUcccKKOOO
TTThIIICCkkaaasss
tttHocKKsEEETTT
TTThhiEEEfff
TTThuuuf'sss
THHiiEVEE
TTThiiiOOOViiDDD
ttHHHIIEEEveeRyyy
TTTHHHIIeeeVerYY'SS
ttthhhIIuuuveeSS
THEEEVINNG
TThAAevvvinnnGGG's
TTThhhooEEEVViiishhh
tthIIUvvvesssHHHnnnAss
TTHHiiGH
thiggHHH'sss
TTThhoggghhhBBBUUnnneee
TTThhhiiiGGGhhbbiiinE'SS
tHHIGGGhhbbboooNNEEESS
TTThhhAAgHHHSS
TTHHIggMMooTTTUUXXooosss
THigmmmIttrrrUPPPISSSM
tthhhIIllLL
ThhhilllLLS
TTThooMBllluuu
TTHiiiMMBBlU'SSS
tttHHHiiiMMbbllleeffUUL
ttthhhiimmmBBBLLLeeeffUUUlll's
TThhiimmBlllEEEFULLLSSS
ttthiiimmBBlllERRRiiG
tthhooMMBBBLERReGSS
ThhaammbbLESSS
ThaaaMMbbblllEWWWeeeDDD
THHIImBleWEeeDDSSS
thhhaaaMMMEErrrIssOOll
TTTHHIMMMeeeRRRoSSSAAALLsss
tHHHiiNNN
thhIIINNNUU
tthoNggg
ttHenGGG'SS
tHEEnnGGGAAAMMaaBBOB
tthINgaamabbbOObbb'SSS
tttHHHAnngggUmmmaaabbOOOBBS
THHInnnGGGEEmmmOOjjjIG
TThhhIIINNgggOOOMMMaJJIgg'ss
tttHHiiiNNNGGAAAmaajjjuuuGss
tthInGGIIeeeSSS
TTHHIngggss
tttHHiiiNgggammmaaBBIIIB
ttHHUUUnnGGGUUmmEEbOBSSS
TTHHHinnnGeeemooJJIGGG
tttHHiNNguummiiJJUUggS
TTThIInngIIImmMMIIeeeSSS
tHHHunnnguuuMMmmmy
ThhEEEnnnGGyy
TThhiinkk
tthhhIINNNkAbbbLLeee
thhooonnkEERR
tHHIIInKeerr's
TTHiiiNKKKerrs
TTTHiiNNkkkiiinnGGG
thhhiiNNNKKKEnG's
ttthheeNNNkks
TTThinllYY
TThhhaaaNNNNNUUUddd
ttHHHoooNNnneeeRR
tHiiNNNnnnER'S
ThhhIIINNNnARRSSS
tttHHIIINNEEEssSSS
tttHHHiNNNnnISs's
ThhhaaannnNNeeeSSSt
TTTHHHINNnnnaNNNgg
ttthaNNniiiSSHHH
ThOnSS
tthooEl
THHIIIOOOnnnIItee
tthhIIIeeeNUccc
TTHHHeeooossIIInAmAANoo
TTThhhiiOIIRREEcccUl
TTThhhiiUUEEERRaaacAlllSSS
ttHHIOuuurrreeOO
THHHiiiRD
TTHAARRDD's
TTThiiirrdddllY
ttthhIIIrddSSS
TTHHiiRLLLIIIgggEEE
tHHHIrrSSSTTT
tttHHHIIIrrsst'ss
ThheerrsssTTTed
TTHHIIIRRSTTiieeeR
TTTHHHArssstttIEESSSTT
ttthhIIIrSStttEEELYYY
tHIRRSSStiNNNESSSsss
ThhhAAARRRSStttIInnneeess's
TTThhaaarSTuNNNgg
TTHHuRRRssTTTSSS
TThhhERRsssTY
TThiirrTTTEEEENN
TThhiiiRRRTTTEEoNN'sss
tthhhUrrtoaaaNNNs
tthiiiRRTTTEeennnttHHH
TTHHHOOrrteeUUnThh'sss
tttHHHIIRRTTeeeNNNttthSSS
ttheerrtttIIAAASSS
thhhoorttIIIeeethhh
ttHHHIIIRRttIIIoooTTH'SSS
TTTHHaRRRtttiiieeethhhsss
TThhhIrrtYYY
tttHHuuRRtttyy'SS
THHHESS
TTHHeeeSSTTTLLLee
TTHHIIIsssTTTLLuu'SSS
tttHHiiisssttLeeDDOOOwN
ThiiiSSStttLLEEEDDDOOWNN'ss
tHiiSStttlllis
tHHHEssstttlllYYY
ttHHHaaattthhiiiR
THiTTThhErtttEE
ttHitHHorrwaarD
ttHoo
TTThooolE
ttthhAAALoo'SSS
tHHolleePPaaaNNN
ttthhoolllEppUUUnnss
TThOOLLLUUUss
TThhOLOs
tHHoonnGG
TThoooNNg'S
THHoooNNNGGGss
TTTHHoooRIIccEEsss
TTHHHAAArrracccuuccc
tHiiiRRRucceppLLAAsttyy
TTHHHoreeecccoooTTOOMyyy
TTHHHooRRExx
tttHHHiRRRiixxx's
ttthhhORRAAAxxxeess
tthhooRRRiiiA
tHHUUUrrreeeONNNoooTTuu
TTTHOOORRRATTO
THHooRRuTTTuus
TTHiRRRIiMMM
THOOORRiuuM's
TTTHERRRnnn
ThhooorrNNN'sss
ttHiRRNNiUUr
TTTHHHuuuRnnueeessT
TThoooRRRNilllyyy
THHHoooRRNNuuuNNNOOSSSs
TTHHHiRRNNNEEnEEEssSS'sss
TTThoooRRnSSS
TTTHHHOORRRNy
tHHooorIINN
tttHOOOrIUgggHHH
ttthhorOOUgggHBRodd
THHORRROOUUGhbbrrriid'SSS
ttHOORooagggHBBREdddsss
ttthhhArrrOOuugHHeRRR
tHorrooouGGHHHAAsttt
TTHHHoRRRoUUGhhhffAARRE
THoooRRaaauugggHfffaaReee'sss
TTHooruuugHHHFoooreeeSS
tthhheerAAAUUUgHHggEEUUUNNNg
TharrraaggHHHLYY
TTTHHHORRRAAAGHHHNNNEsSS
tHHoooRROoooGGGhhNEEsS'SSS
ttHHHorrriiiAAgggHHPAACCCAddd
TTHORRRooougghwoRRRTTT
ttHOrrruuuuggghhhwworrrts
TTTHHHArPPP
TTThhhOsssa
ttthhhOOOU
ttHHHOOu'sss
tthhhooouuugggH
ttHaAghT
TThhhiooggHHT'S
THHHAAAuuuggghTTTFFIILLL
tttHHooeeggghhhTTTFeeelllly
ThhhOIgHHHttFuLNNNESSS
TTTHHouuGGhhhTTfiiLnEESSss'SSS
TTThhiiuuGhtttLEESSSSS
THuUgggHtttLLLiiisssLLLyyy
TTThhhIIAAGGGhhhTLLEssSSNNAASSs
tthOOOeGHtLUSSSSSnnEEEsS'ss
ttHAAuuuGGHttSS
tHeUUsss
thhhOOiisuuNNNd
tHHHoooaassAAANNNdd'SS
tttHHHOOUUsssanDDfIIILLdd
ttHIIIASaNNDs
ttthhoUUUSSSAAnnnddthh
tHHooouSSaaNNNdddTTh'sss
thuISaannnDthhhss
thRRIILDeeMM
tttHrralldOM'ss
ThhhRRRALLLL
TThrrraaallll'sss
ThrrrAAllLLDDiiiMMM
ThhhRRRIIILLLLLDoommm'SSS
ThRAAAllLLLEEEd
ThhrEEELLllIINNggg
TTTHHrrUUlllLLS
ThhhrrrAASH
ttHHHROOsHH'S
ThhRRAAshUUUddd
THRaSSSHIIIR
ThRAAssshEEErr'SSS
TTThhrrruSSSHHHUUURRRSSS
THHrUUShhhIs
TTTHrooosssHHHeeeNg
TThhruuSSShhENNNGGG's
TTTHHRRROOOsHHINNNGGGS
THHrrraaSSOONUUCCooolll
TTThhhRaavaaa
ttHHHrAAwNN
THHHRReeUUD
TTThrEEEIIIddd'ss
tthrriADBBarrEEE
ttHHrrreeAAAdIId
ttHRReeeOddUUUR
TTHrreaddEErrr'SSS
ThrrreeeADOOORRSSS
thhRREAADDDffuunn
TTTHRREEEUDfonnnss
TTThhhreAADDioorr
TThhhRaudddIEEsssttt
TTHHHRRRoAADDiiiNNNGGG
ThhReAADDDllIIkkkee
TTThhhrrreeEEEDS
TTThRaeDDYY
tttHHHrrEEuTTT
TTThhhReeAttt's
ttthhRiiittAAANN
thrreeeaaatteNNIIID
TTTHHRRReeaaaTUUUnnniNGG
tthhRREEattennnooNNNGGGLLLYYY
tttHHReAAAttennS
TTHRRReeeAATTS
THHHRRRIE
TTThRRIee'sss
ThrreeeIffoooLLDDD
tthhRRUeepIINNCiii
TTTHHrrrEEEEEpppEENcccE's
ThhrOOiiipppIInnccuss
TTHRRRouPPEEENNnYYY
ttthhRRUUeeS
ttthrrrEEeeesssCCCooReee
THrreeeEEESSCCooorrU'SS
TTTHHrrEEeeesssCCOOrAAASS
thhhRRiaSOOOMee
tttHHRRROOOUsOOMMMEEE'SSS
TThhhREeeSOmesss
tthrrUUmmmmaTTTOOLLOOgy
ttthRRRiiinniiiDuuu
ttHHRRiNNNUUDIIUUUll
tHHRRRoooNNaadddoooc
TTThhhRRReNoooDDiOSSS
ThhRREENNNOOOdISSttt
TThhRRRiNooodddyyy
tHHRRiinAAAdyyy'sss
TTTHHRUannnIInnnEEE
tHReeANNeneeeSS
TThhhReesssHH
TTThrIsssH'S
tHHHrrEEESHHHODDD
TTThrreeSSSHHeeeR
ttthrriSHHHuuRRR'SS
TTTHHHrESSShUrrS
tttHHHrriiSSShUUss
TThhhrEssshEEnnGGG
tthhrrreeesshIInnGGGs
TTTHHHrESShhhollld
ThhRIIShhhOLLDD'SSS
TTTHHHrrreeSSShhOOLDDDS
TTTHrreW
ttHHrrUUUCE
ThhhrIIFFFt
TTTHHHrrrIIFFT'ss
THrrrAAffTTTiEErrr
THHHrrIFFtttIuuSTTT
ttHrrAAFTTiilYY
thhhRAFtttoooNEEESSSSSS
ttHrufttAnnesSS'SSS
TTTHHROFFTLLLEEESSSss
ttHHHRRRAAFttS
tHrrriFFFTyyy
THHruuuLLL
tthhhRRIILlll'SSS
tHHHRiiiLLllleeeddd
tttHHRRIILLLeer
THHRuLLLllOrrr'SSS
tthrilLOOOrrss
TTThhrrriilllllONGGG
ThhrriiillllInGGLy
TThRRuuuLLLLss
thrriPPppEEEnCU
TTHRRipps
TThhhRROpsees
TTTHRRiVVVE
tHHHRRRiiVVud
TTHHrriiiVVVooN
ttthhRRRAAAvvveR
TTHHHrUUvvEEs
ttthruuvvvaNggg
TThhhRRiiiAAttt
thrOOOaattt'SS
TTHRRROOAAATTTEDD
ttthrrrOOATTTUUIrrr
tHHHrOatiiiST
tttHHHROOOatttIIIllYY
tHHRRRoAATiiNNEEsssss
thrrooaaTTIIINNaaSSSS'ss
THHHraaaTTs
tHRaaOOOtttY
THRRRUB
tthRRROB'S
ThhhReebbbboooD
ttthhRiiibbbbIINNG
THrribbbBBiNNNggLyyy
TThrrrOOBBs
tttHHrraaaeee
TThrrIIEEE'ss
THHHrrrooEEEsss
TTThRRRAAAMMBBii
thRRooommmBBIInnn
ThhrrommmBOOOnnns
ttthrrrOOOMMBoooccYYYTTTI
tttHHHrrroMMBBBoCCCYYYTTTUUss
TTThhhrrommBBBUUUoooMBBaLiiSSSMMM
ttthrroommBBBOammbbbOLLLiiissmS
ttHHHRReMMbbAKKiiinnnAASSEEE
TTThhRROMMMBBBoKKiinaaasssUUSSS
TTTHHrOOmmbbbAAAPhhlooobbATTTOODDEEsss
THrrroooMMBBooPPhhleeebbbeetOOSS
thhhRRRooMMMbooPPLLEEEssstttIC
tHRRROOMbUplIISSttOON
TTHHRRAAMMMBIPllASSttinnns
thrOOmmBuSEEs
TThhrrroombbOOSSiiiSS
ttthhhROOMbbEESSSIIS's
tttHHrroommbbbootIIIc
THHrrrOMBBBOSS
ttHHHRRoommbbUS's
ttthhrrronEE
tthhrOnnE'sss
tHHHRRRIINNEdd
ttthhROOONEss
ttHHrroonnnggg
TThhRoooNNNG'S
ttthhhrrIIInGGeeDDD
TThhhRRRuuunnGGGOOOnnG
thRRRoooNNNGGGss
TTThhRRROOOStLLE
TThRRReeSSSttlEEESSS
TTHHHRRROOOTTtLIII
TTThhRotttTTlEE'sss
thhhrrrETTTtllidd
TThRoTTTTTLLLer
thRRoottLuurr'SSS
ThrrEEETTTTTlEERSS
TTThhrroooTTTTTTLLEsss
THHRRROOOtTllIIINg
TTHRRoaGGH
throooUUUgghhhOOOUTT
tttHrrrOOugggHHpputt
ThhhRIIUGGGhppUUT'ss
ttthhhrrooIGGGhhwwaaYY
tttHrOooggHWWaaaYY'S
tthrrOOooGGGhwwOOYYsss
tthRUUVVVoo
thrrrIIIWW
thhRReWW's
TTTHHRawwAAwwweeeYY
TTTHHHRowaaaWWayyy'SSS
thhrrOOwwwAAAwwwaayys
THrEEWWWbbooock
tttHHHROWWWbbAAAcccKK'S
tttHHHrrrOOOWBBAACCCkkksss
ttthhhROweeeRRR
ThRRIIWWaarrr'SSS
tHHHRaWWeeRRRss
TThhhRRoowIIINNNg
ttthRROOwwn
TTHrrruWWWooUt
TTThhRRaawwss
tttHHrrrUUU
ThRRammm
THHHrrrommm'SS
tttHHHRRRummMMeD
ThRRREEEmmmmmiiinnng
TTThhhRaammms
TTTHruSSHH
tthruusssh'SS
ttthhrrrIISSHHHESS
tttHHrriiSSttt
TTTHHrrrosssttt'sss
ThrASttEEERR
ttthhhRRassTEEErSS
tHHrrIIStttInnGG
TThRRRuussstOORRR
ttHHHrOOOsstttSS
TThhhRRRuuuWWaYY
TTTHHRUwoooY'S
TThhhRRaaaWWeeyyySSS
tthhhUUD
tHHuD'SSS
ttthheeddaadd
THIIdddddIIInGGG
tHHedss
TTTHHHiig
ttHHHOOGG'SSS
TTThhuugGGAAAA
THHuGGGGGeOOSS
tthOOOGGggEERYYY
THHHUUgggggErrYY'S
tthhuGGGgIIIsssHHH
ThUGGS
ThhUJJIII
TTTHHHUlEEEuuumm
TTThhhuuLiiiuuuM's
TTThIMBB
ThheeeMMbbb'sss
TTTHHHAMMBIdd
TTThhumBBinGG
TTThhhaaMMbbneilll
ttHUmmBBBNNEEIIll'SS
ThhhuuMbbbNNNEEiiLLLsss
THOOOMMMbbbpprrrIIInnTTT
tHHaMMMbbppriiNNTTT'SSS
tttHHHAAmmmbbbppruuNtSS
ttHUUMMMBS
THHUUUMMMbssscccRRawww
tthhuuMMMbSccrooww'SSS
tHHEmbbssscrrruuwwS
TTHHHIIIMMBssTTTALLLLL
tthuuuMMBssttiiiLLLLss
TTHHUMBtttAAckkk
TThhhUUmbbttaaaCK'ss
TTTHUUUMbbTTAAAckSSS
tHUUMMpp
tHHUUUmppp's
TThhhummpppIIId
ttthhOOOMppuuunng
TThhhUUMMMppeenG'sss
tthhummppSS
ttHHAAANNDEErr
TThhINNNDDDErrr'ss
ttHHHIIInnndEEErrrBBOOOlTT
TTHHHUUUNNNDDEEErbbbOOlllTTT's
tthhhuuNNNddeeerrrbbIIltttss
TTHUnndIrrccllaappp
THEEENNDiiiRRCCCLLLaaPP'SSS
TTTHHEnnDiiRCCLLaaaPPSSS
TTHIIINNNDorrCCClllOuuuddd
ttthhhuuuNNdiiiRCCCLiiiuuDDD'S
THHHUNdorrCllOOaaDSSS
tHHuuuNNNdEEEraaadd
tHHHuNddeeRRRiiiR
tthhhUUUnnDaaaRRRuRR'S
THHUndddEEErEEErrs
tttHuuuNdUUURRRffLLLAAshES
ttthhunnnddaaarrhhhEEOODDD
tthhhiinnDDeeeRRRHEOOd'SSS
thUUnnnddEERHHHEidddSS
tHHOOOnnndeerrriinGG
TTThhhuuNNNdddEEERRIuSS
ThhhUnndddErraaaAAAsslyy
TThhhinnDAARRRPPeiiL
tttHHHunnnddeeRSS
THHUnddeeeRSHHoowaR
TThhhuuunnDeeeRRRShOOwwEEEr'sss
thhhoNNNDDDArSSSHHHOOWWEEErrSS
ttthhUUNNNdddEEErrrSqqUUUAAllllll
TTHHUNDeerrrsTTToonnne
TTThhhIIINNDEEErSSTAArrrM
thUUUnnnduurrssstttooormm'ss
tHHHuuNNNDDDoooRSToooRRRmss
thhuuuNddOORRRssTTTriiccKKKeeNN
ttHuuNDAAARRRSSttReCCCkkk
TTHuNNddarryyy
tthuuriiiBLe
thhhuuurrrEBlEEss
thhUUUrrraaafffarrr
tttHeerrrIIIFeerrrSSS
TTThhhaaaSS
ttHHHuuuSSLy
TTHHHuuuYYYAA
ttHHWWWACCkkk
tthhhWaCKK'sss
TTTHHHWuuuccckkOOODD
tthhhWWWACCCKKER
ttthhhWAAAcckIIrr'S
ttthWWAAAccckkeRRsss
TTTHHwACKKiiNNg
TTThhhwwwoCCkksss
tttHWaart
tttHHHWWaaRT'SS
TTThwArrrtoddd
TTTHHHWWAArrrTTiinGG
tthhWUUURRtttSS
TTHy
thhhYYYLLocINEE
TTHHHYlaCIIInnuuuSS
THymme
TTTHHHYMMMEEE'SS
tHHyyymelluuEEEUCCeooUUs
tHHHYYMMMA
ttthhYYYMIIIC
ThhhyyyMMMuunee
ttHHyyymIIni'ss
ttthyyymmmoooL
thhhYYYmmmoolls
thhhyyyMMMoSSSIIIn
TTHyyMMMuS
THHHYMMMIS'SSS
TTThhYYYMMMaaaSSSeees
tHHHYYrrAAATTRooonnn
TTThhyyRRiisstttOR
ttthyrruustttOrrss
ttHHHYYYRReoDD
TThhhYRREEEIIIDD's
ttthhyyyrrrEEEAAADDool
tHYYYRRuuiidIttIIsss
ttthhhyyyrrrooOOODDSS
TTTHyyyrOOOtteexEEEcccOSeeeSS
TTTHHyyRuuTTOOxxxuuCCOOSSSiSSS
tttHHHyRROOOXXXINNN
ttthhyrOOxoooNNE
TTThhhYYRRReeXXAneeess
TTTHHYrOOOXXXeennns
TTTHHHyyyrssO
ThhyRSSaaSSS
tthySSSUULLLF
TTTI
TTI'sss
tIIaaaRRe
TaaeeerrrA'sss
tttiiiooorraass
TTeeeBBeaaa
TTooBBBIIIAA'ss
tttEEbbbiAAAoo
TeBBBiiiiil
tObbbeeeasss
TTiiibbbIOOOTTTaaaRRRsaaaSSS
tIc
ttIIIc's
tIIcAAl
tttiiiCaaalSSS
TTTEEEccck
TTIIIcck'S
TIICkkkeedd
ttiiiCCCkkkEErrr
ttIICCCKKeeeRRR'sss
TOOCCCKKKeeRRRSS
ttiiicckEEttt
TTIIIcckkkEET'SS
TTiiCCCKeettteeedd
TTiiiccckeTTTIInnnGG
TIIcKKEEttsss
TTIICkkEnG
TTiiicKiNNgg'SSS
tACCCkLLEE
TTTAACCKLLuuu'ss
TTTEECKlleeedd
TEEccKLLLuRRR
TTOcckkkleeeRRR'ss
TiccKKlooRSSS
TTeecKllASSS
TTIIccKLooongg
TTIIIcckkklliissHH
tICCKKKlllIIISHHHllY
TTiiiCCCkkkLLLiiSShhNNNeeeSSSSS
tiiicKKKllIISSShNoSSSs'SSS
TiccKKllYY
TIIcKS
ttiiCCCktAAAccKK
TooCCkkkTooCKKEEdd
TUckkTOOccKKiinGGG
TiickttaaaCCCKKKs
tttAAAckkTTAcckttEEEAA
TTTECCKKtiiCCKtttOEEE'SS
tuuuCCCKKKTTToooccckk
ttiiccKKttOOckkk'sss
ttticKKTTTocKKS
TTAACSSS
ttiidddiLLL
tiiidoooLLLllYYY
tttiiiddBBIIt
tttOddBBBOOT's
TTTuuuDbEETTTss
TTOOdDDDllloRRR
TIIDDDLLEErrrsss
tttUUUDDDLiiOOOrr
TTiDDdddlloeessT
Tiiddlllyyy
ttIIDDDDDLywwAAnKKK
ToodDLLLyywwwIIInnnkkSSS
TiiiDDDDlllYYYwINNNKsss'SSS
tEEEDUUU
tttIIdi'S
TTTiDAAD
tttiiDDDaLLannnDD
TTidduuuLLLoonnnD's
ttIIDDeellIINddds
TTEEEDiiiLeeSss
tttOOODDUUMurrk
TTuuudddOOMEEERKKKss
tttiiiDEEEss
TTTIIDDOOWAoTTEERR
ttiiidEEwwaattErrr
ttAAdddewaTTIIIRR's
TTIIDDDOOwAATTeRRss
ttoooDEwwwAAAYYY
ttEEDDeeWWOOOY'sss
TTTIIDUUWuuYss
TTTUDDIIEEEddd
ttIIDDDUeeRRR
TIddoIIs
tttIddiiEEESTTT
TTiiiDUly
tIIdddEENNeeSSS
ttiiDiiiNESSS'SSS
tadIInnnGG
TudiinngSSS
TIDDIIInnngSS's
TTiDDy
TTIddyyy'S
TTEEEDDDYYIInGG
tiiiEEE
TIAA'sss
ttIeeebaaaccckk
tttEeeebbAckkk'SSS
TIOObbuCCkkSS
tteeeEEEbbbRReeeEKK
TTTiieBBBRREEEUKEEr
TTTIEEBBrriiiAKUUrrr'S
TTTIIeeeBBRRuuakarrSSS
tIIIUUUBBBRREaKSSS
tttoooeeD
tiieeIngg
TTiiEmmAAnnnNeeettOO
ttEEEEEPPIInnn
ttioooPPPOOnnsss
ttooouurrr
TaaOOOR'sss
TTTiEEErrccA
ttIerrCeeel
taoRRcccILLLSSS
tttAeeRRRCCIss
ttAAeerod
TeOOOrs
TTTIIIeSSS
ttiiFfff
TTiiFFFFFF'SSS
ttaaaffFFUDD
tIIIffffffEN
ttooffFFFuuuNNNGGG
TiiFFFFiiNNS
TTTIIFFFFFss
TTeeegggORRR
tiGGEER's
tttiigggeerrrUUUsh
TIIIGGaarS
TTTuuuGHHTTT
TTTiiGGhhtttennn
tiggghTTTUnnnEdd
TTEEGHtEEEnEEErr
ttoogggHTiiiNNNeeeRRR'S
tIIGGGhhhTTenneRRss
ttiGHHHTTTINNEEEnngg
TTugHHHtEEEnnnS
TTTIGHHTeerr
TTTEEEgHHTIIISST
TTTIIIGHHTfffIIISSTEEDDD
tttAGhhtttFFFUUTTTtaaanGG
tOOghTTTlllIIIppPIDD
tttIIIggHHHTTLYY
tttuuuGhhTTNNNESSsss
TIIGGhhtneeeSSSSSS'SS
TiGGHHttREPPPEE
TTUggHHTrrroooppeee'sss
tiiiggHtrreepppeeesss
TTTAAGGGhttss
TTiGGGHTTSS'SSS
ttIIGGGHttwwwIIdd
tIGhTTwwwAdd'SSS
tttiggHHttwwweddS
ttIgggooNNN
TTIIIGGONNS
TTOOOGGRRIsssss
tttiggRRRAAASsss'S
TTiGGRREESSSSaaSSS
TiiKKuuu
TookEE'S
TTTIIIKESSS
ttikkkI
toLL
tiiiLLbburYY
TIlDDE
TTTILDeee's
TTTEEELLLddeeeSSS
ttAAAlluu
TELLLA'SS
tIIILLLadd
tIIIlleeFFIISSSHHH
TIIIllurr
TTiiiLLERR'SSS
ttIIIlURRs
TIlaaaS
ttiiillIIuuCCCeEEEAAASSS
TiiLLiinG
ttolllenG'SSS
TillOnnnGGS
tttILLlll
TIIILLLl'SSS
tEEllllOOBBllU
TTiiillllAAAge
TTTOOOLLLLLAAGGGe'ss
tolLLUUNNdddSSUA
tteLLLllluuddd
TIILlllUrr
TTOLLLLLeR'S
TTULleeRRRSS
TTOOlllIIInnnG
TTTIILLls
Tilttt
ttiiiLLLt'sss
tiiilttUD
toLLLttEERR
ttaaallTThhh
tOLTHsss
TTEELLtttEnnnGG
tttEEELLTTTsss
TTeLLTYAArd
tttiilllttyyyarrrdddS
TTUUMMBaaLLL
TimBBBaalooo
ttiiiMMbboolAAsss
TOOMMbbERR
TEMBBBiiiR's
ttIMMBBBeeRRReeeDDD
TTTuummmBBBErrrHEEAddd
tIIIMMbbbEEERRuNNNgg
TIIMBBIIIrrLLANNND
tUmmmbIIrrrllAAnnd'ss
TiMMBBBaaRlaNee
TTuumBBBeeeRliNNNee'sss
tttAAAmmmBOOOrrrLLLuuunnnOOSSS
TUUMMBUUrS
TTummmBBeRRRwwOrrKK
TEmmbbbRREEE
TIIIMMBBBrrrE'S
tttaaammmbbrrroooLL
TTTImmmBRRROOll'SS
ttAAAmBrollS
TiimbrEEs
TEEEMMMEEE
TIIImmmEEE'SSS
TTTiiimEEECCCeerrrddd
timEcARRddss
tttiimmmeddd
TTUMMMuKKKEEEEPPERRR
TTTOMMeekeeeEEEpppeeerr'S
tImekUIPPPErs
ttiiMEEEKooepennggg
ttiimmeeKeaaaPPaaannGGG'SS
TTTIImmUUlllEEESSSS
TTTIImmmeellIssSLLYY
ttiiMEEELLLEESSSSSNEsSS
ttAMulesssnUSs'sss
TTTImOOLiieR
TTummelEEEEESSttt
TTIIImmmAlIInUU
TTTaMEEllliiNEESSsss
TTToooMMallAnnneeeSSSs'sss
TiiiMoLY
tttAmmEEOOUUUSSS
TTiiimEOuuuttt
TTTiimOOOOOeTTT'sss
TTimmEEoooootS
tEEEmooPPPaaaEEcAA
TeeemIIIPPIIECCCe'S
TTTEMMMOPUUUEcAAASSS
TIIIMeeepppLLeaseeeR
TAAAmEErrr
tiiiMEErr'SS
tIIMMeeeRsss
ttiimeeeSS
tooomesssCAllOO
tttIIImmmEEESScallleeeSSS
tAMAAAsEEERvveeeRR
tiimmOsOORvvvEEErrr'ss
tiimIIISSSeeeRRvERSSS
ttoMMeeesssorrrvvviiing
ttteemmeSSeerrVVeeennGG'sss
toMMEEEsssHurE
TOMMMeSSSHHIrISSS
tOMMMeTaaaBBLLu
TTEEEmmmetAAAbbllle'SSS
tttiiMMMootaaabbllleedd
TTOOmeeeTaaaBBBlleeS
TummmItAAbLLLeeeNNNGGG
TTTimEEWurrrkk
TTTummIwUURRRKKSSS
timmmaWWWIRRNNN
TTiMeeZOOOnnEEE
TTTIIIMMMEEEzzonnneeeSS
TTTIIIMMiiiDD
TimmOdeer
TiiimmmiDeeessT
ttimmIIIDDDIITTy
TIImmEEDDiiTTTYY's
ttiMMIdLYY
TTTIIMMiiiDDDnnnEEESSs
tiiiMMidnEEsS'S
TUUMMIIInnGG
tttIIMiNNgg'ss
tEEEMMMInnngS
TuuummAAAccRRAACYY
tttEmmiicRRRatIIIcc
TTUmOORRRoUSSS
tiiimuuurroUUUsLLY
toommmErrooIIsnnASSSS
tAAAmmmEEERRRooUUSnnnEEEssss'ss
TTeMOOOthhhYY
TTTAAAmmmoThyy'ss
teeeMMPAAAnIII
TTTaMMppooNNNo'sss
tttooommPPaaanIISSST
TAmpAnOOOSSSTTT's
ttiMPiiiNNAAASSSTTss
TTIInnn
tEEEn's
TiiinnnEEmmmOII
ttIIInnnaammOOOuuuSS
TiinCCELL
TInnnCCTTAdd
tttiinCCttEENNNG
tInnnCtooreeaaalll
TTTiinnnCCCTTTss
ttaaNcccTTTuuuRRa
TTIIInctttUURRREE'S
TinccTTEEERReeD
TTTINNCtttUrrrESSS
TTTEEENccctttURRuNGG
TTTaaNNdddaarr
tttAAAnDuurrr'SS
tennnddORRbuuuxxx
TTToooNNdddEErrbbbAAXX'SS
TiiindaarrrBBBOOXXXeesss
TTiiinuu
tiNNooo's
tttinniiiO
tttAAANNNuuaaS
TTInnEEEd
TiiinnnEEEiiiD
tttUNNNAAiiDSSS
tttiiNNIsss
tttIIINfffOOiiill
TTTiNNFFOIIILLL'S
TTinnnG
TIIInnngg'SS
TTInnnGGEE
TTToonngggE's
TTTINGUUd
tiiNNNGGGooIINGG
tUUngggeesss
toooNNggiiinnggg
TiNNGGlllEEE
TAAAnGGGleee'SS
ttIInGLIIddd
tttiiNGGGLLLeeeRRR
tAnnnGLuuus
TInGGGLLLoor
TTTiNNGGGllleeeEsssT
tteNGGLIInggg
TIIINNGGLLIInnGGG's
tuuungggLIInnGss
tIINNNGGGLLLYYY
TTeennnGGGs
TuuunHHOrrrNN
tUUUNNIIeerrr
TToNNNIIIoosssTTT
ttIIIniiiNNNuusss
TTiNIIInOOSSsss'SS
TTTOONkkEEEr
TinnnkaRR'SSS
TTInnKKKEEErEEEddd
TTIIINkkkuuuRReeer
TTTUnkkkEERRoor'S
ttINNNKKIIRRRIIIrs
TTIINkOOrrrIINNNggg
TTTiNkkkeRRss
TinKLLLooo
TTTINNNKKLLLeee'sss
tttIIInnnkkkLeDD
TTooonnKlllEEESSS
tttIINkkLLIIIeeeRRR
TTINNkLLeoSSSttt
tiinnKKllENggg
TEENNKLLLy
TIIInnnnAAAD
tttINNNnneeerrr
tInNNNeeeRR
ttUnnnNiiAAASSSTT
TIINnnniiLLyy
TTEEnnnNNNinOssS
TonnNNEEEnnEEESsss'ss
TiiiNNNNNAANNNGG
TiinnnnnAAATTTuS
ttiNNnnnaaTTTaaS'S
TTEENNNNyy
tttAnnpliittEE
ttIINppLLAAttte'sss
tttiiinnpppOTT
tins
TTInsssUL
TTTinsssel'sss
tiinseelEEEDD
ttiinnSSAlllIIInnngg
TTuNNssseeelllood
tIInSIIILLLlIngg
TTinnSEEELLLSSS
TTTaaannSSMMiiithh
TTTiinnnSSmmutthhh'sss
ttiiinnSMMEEtttHHHsss
TiiNssstttooonEE
tEEENNTTT
toont'SSS
TaNteDDD
TTiNtEErrr
TTTiiNNNTTiiiNGG
tAAAnnttInnnnnaaaBBoolllaaattuuONN
tiinntttIIINNNnAAAbbbuuulllattUUUoonnn's
TTUNtIInnnnaabbUUUlllEEEttteOOnnSS
ttiiNtttOnnnnnnIIBBBUUULUUUmmm
TTTiiiNTTTOMiTTTIR
TTIIInnnttsss
tiiintttYpppAAA
TTuunntyyPPEEE'SSS
TTTiiiNNNTYPeeSS
TTIInnnWWWarrUU
ttaaannWuuurrII'ss
tttiiNNwwwORRRkSSS
TTiNNNyy
ttIIP
tiiippp'SSS
TTTiiiPPPcccOTT
TIIPPPii
TTIIIpI'sss
tttIIPEEsss
TIIIPPpppiiiddd
tiiPPPEER
TOppppArrr'S
ttepppPPiirSSS
tiiiPPPEt
ttipPet'SSS
tEpppaaTTSS
tttOOOPpppaaaXX
tIpppppUUUXXEEEDDD
TOOOpppeexOOOS
TTTIIPPPeXXXINNNgg
TTiiPPPiiiNg
ttIPpppLLLEEE
TTAPPpppLLEE'S
TTTipPPlEdd
tttIIIppPLUUURR
TTTAAppPPPlEERR'sss
ttiiPpLLERRRSSS
TTTeeepppPPlllEEEsss
tttippppplllOnnnGG
TTIIIPPPS
ttOOPPPSSIIOOORRR
TooPPsiiIIISttt
TTIIppSiilllyyy
ttUPPSIneeesss
TIIIpSinnnusS'sss
TToPPPSSSttAAFFFFF
TTEEEppSSteffFFFs
tttiiiPPsstttuurr
tiiippSSTurrr'sss
tiiippStiiirs
TTTipsssYYY
TTTaaPtoooA
TTIIpppTTTaEE'S
tttiPPPTTEEEiidd
TTiiiPtttoooOOOOOOnnnGGG
tIptttouSS
TIIIpptOPPP
tttiiPPttOOOppp's
ttEPPPtaaapSSS
tttiiRRRADDDO
TIRaDDEE'ss
TOOORROOOddIIIS
TTeerrrAmmmIIIsuu
TTTOOORoo
TIIIrrreee'SS
ttIRROOOD
taaaRRaaaDDIIRR
tttIIIrrraaaddEEEsssttt
TTiiirriiDDLY
tttiiRRRedddNEESSSS
TTIReDneeesssss'ss
TTaaaRReeeLLLEEssS
tIIIrILEESSslllYYY
tiiRREEELUUUSSSssNEEESSSs
TTORRRooolesSNeessSS'S
toooreeeSSS
TTIRaaasssooMMuuu
tOrrreesIIImmeLYY
tIIIREEESOOOMeeeNNNaaSSSsss
TTTirrEEsIIImmmEEENEEESS'SS
ttaaarrreeeWWWaMMMen
TTTaRIInnnG
TIIrrroo
tttIIruu'ss
ttErroooS
ttIISSSooonneee
tIIIssunnnaaasss
TTeSsseeeee
tOOOSSSuuE'SSS
tuuuSsssoes
TItt
TTTuuuTTT'SSS
tiitaaN
tATTTAnn's
TTETTAANuuuTE
tEttaaaNNIIeee
TTTeeetteNNNUAAss
tttoooTAAANNIIIccc
toootANNNucuuulLLYYY
TTEEtttAAAnUUTTo
TTTOtttENNiiiUUUMMM
TTTEtttIIINNiiiimmm'sss
TiiTTANNNuuttHEErrEE
TiitttAAAnS
TATbbbaaTTT
TTiiittBUUtt'SS
tttiiTTTBBBATTTSSS
TTITcch
tUUttCChAsss
ttIITCCHHy
TIIITToorrr
TTTOteeRRRSS
tttIIITTFFFaaR
ttoThhhaaabbblII
TTiiittthhhe
tIIIThhhe'SSS
ttiiitthhhadd
ttEEEThhheeerr
tITTThOOrrr's
TTTIIIttthhhAAARRs
tttitttHusss
tattthhIInnGG
ttIItI
tttIIITOOOoooNNN
TuuuTTTIIAANN'ss
TutttiiilllllEEEtttaaa
ttIIITILLLLLAtoDDD
TTTitillLLLaatees
tiTTTIIIllllOtttiiinnGG
tttIIItuuulllllaaatttOOOnnngllyyy
ttIItIIIllllEETTTeeOn
TTTiiiTTILLLLaTTioN'ss
ttATiss
ttuuTTTIIIVAAAtteee
TIIITTIIvvvAtttedd
TTTiiTIIIvveeTESSS
tITTTuVVViTTTINNNggg
TAAtevvattteUUUnnn
tEtEVaattEEUN'SS
TTeettLLLiiirKKK
TTIttLLLIRRKKSSS
TTTIIITLLuuu
TTTiitttLLEE'SSS
taaattLUDD
ttIItttLLEEEHuuLdEEr
tttaattlllUUHeelllDDDEEErrr'S
TTToooTTTllEEhOOOlldeeeRRSS
TEtttlllEEss
ttEETTTlANNNgg
tiiiTTLLLissTTT
ttITTTlissTT'S
ttuuuttLiSSSTTTS
TTIIITTmmmiCCCA
ttteettMMeiiisssEE
ttiitttmAAAUUSSSeee'sss
TTIIItttRRiiNT
TTTATrrUUTTee
TiiitttRAttoDD
tIIITTRRRaaattIIIs
taaTTRRRatttuuNNNg
ttittrrOOOtttaOOONNN
tttIttRAAAttAAInnnSS
ttAATss
TiTTtteeeRRR
ttUUUttttttOORRR'sss
TaaatttEReed
TTeeeTTtteeRRRaangg
ttAttttIRRSS
TuTTTIIOOOSS
TTiiTTTTOOOVVVaaate
tIITTTIIIvvIITTIIIDD
TITTtttiVVaaaTTTEEEsss
TTeeTTTttavuuutINGGG
TTTEEETTttuuuVaTTiiEnnn
tATttIVVEEtttIoooN'SS
TTEETTtttlo
TTTAAtttTTLE's
tIIITTTTTTllleeS
TTTiitTTUUUp
tiiTTTYYY
TTITUULLAAr
taattUUUlAAARYYY
TUUzzZZ
ttoZZzzieesss
TTIzzZZZYY
TiizzZZZYYY'S
ttMMooSSuS
TTTMUUUssAAAss
ttu
tEEAAdd
TTTOOuud'SS
TTTooUUDDuAAATERRR
TTTOOEddfIsssHHH
TiiiUUDDDfflaaxx
ttoooAAdFLEEExxEEsss
ttiiIIDDIIIEEEdd
tttiiaadiiEEs
ttIIaaaDDSSS
ToADDstoIIl
TTOOOEddsttouuuL'ss
tttoooEEddstOooolllSSS
TTTOeeeDDy
tOOUUUddyy's
ttoaaddYYAnnG
TTTOaadYYeSSmm
ToooaadddyyyiiSmm'sss
TTTOasTTT
tttUUASSttt'SS
tEEEeeessTTTED
TTTOOOAAsssTTTeeer
TTOOooosssTTTeerrr'ss
tttOOAAAssttEEErSSS
ToUUsTTIIIEEr
TTTOOOaStttiooos
TTTeeeESSSteeOOOSSST
TTOaaStttuuNgg
TOiistMMaaaSttErrr
TTEEaaasssTmeeesttteR'S
TTTeuuuSSTTmmmaaaSSStooRS
ttteeeIISTTTMMMIISSSttRESSS
ttEEEaSSTTMAASTrEsssSS'S
ttOOIStMMMIIIsTTTRREEESSSssEEESSS
TTTEEEAAAssTTSS
ttOOOasTTYYY
ttabbiiiCCCcccuu
TObbaaCCcci'S
ToooBBaCcccoOsss
TTTooobbacCOOONNNiissst
tttoooBBBaaccCCCOOnniiSSST's
ttEbAAcccccOniiistttss
tobAAcCIIss
TTToobbbAAAGGGiiiNN
TTuuBBBOOGGGgggeeNNN's
teeBBOOOGGGGGANNuuddd
TTTOObbuggAAANNNEERR
tttoobbbOOOgggGGGaaNoooRR'SSS
TTTuubaaGGGgUNNeeersss
tOObbbOgggGGaaNNNOOONNG
TuBiiiGGGGAANIIINGG'SS
TTOOObbbOgggGGGAAnnniiSTT
TTIIBOOOGGgAAnnnEssTTSS
tttooobbbOOGGggaannsss
toCCccOOtttA
tttoooCCCCIIITTTaasss
TTTOOCaaallUUGGGUUEEES
TTOOOCooLLLOOOggYY
tocooppHHerrEEELL
tttAAACCooPPPHHiirooollSSS
tooCCCSIIN
TiCSSSunnn'ss
TaaCSIIINNNs
toooD
TToooddiiYYY
toDDaaay'S
TOOODdddiiUUUsss
TTTooDDDDDLLLi
TTTEEEDDdLLLA'ss
ttooDDDDDDLLLEED
ttoddDDDllIIIRR
TEEEDDDDLuRR's
TTOOODdddlarrS
tttoodDDDLOOSS
tOODDDDDLUUUnngg
ToDDdddYY
tttuudddddYYY'ss
tttiidddIIOOOsss
TIIIDyyy
TTTaaeee
ttoooEEE'S
TTTOOeaa
ToooOOaass
tIeeCCCaPPP
TTTOOeeeCCCApp'sss
tOOOeCappSSS
tOOOeeecclllIIPPP
tttueeeclllIPPPs
tiiiiddd
TTTaEEHHOllDDD
tttEEEuuuhhOlld'S
tUOHeeLLDDDsss
TOEEiNNggg
TTTEEEEEnnaaauulll
TTieeNaaIll'S
TTeeeNNNOOiiiLLLss
toooorruug
TTOeeeRRRoooGSSS
ttOeeeSS
ToffFFF
tooffffeeeeee
TTTAfffUU'S
ttOFFFFFEEEESSS
TTUfffFFEEeeess
ToooFFFfffS
ttoFFFFyy
tttuuuffFYYY'ss
toooftt
TEEFFFUU
ttooFFeee'SSS
TTOGG
TTog'SS
ttoogggAAA
TTTooogA'S
tttogggaaEE
tAAgggAIIIddd
tUUUGGIISS
tOOGGaaaTTTHHAr
tOGGGEETTHHaaarrrNNIISSSS
TToGOOOtthOrNNNaSSS's
tttaaGgUUUd
TTTegggggOOOrrrYY
toGGGggeeeNgg
TTTOOgGlEEE
tiiiggggggLo'SS
ttooggggggLeeD
togggGlesss
TToooggLiiNG
TTooGs
TTTUGGGSS'ss
ttoooHHHEEEBIIHHU
TTTOOIIILL
TToil'ss
ttiiiLLLUU
tteeeaaLLLUUd
teeeEEELLLer
teIliirr'sss
tttEEEoLLEEErSS
TTTOOOIILLLoot
TTeeeIILLEEttt'ss
tttEIIllluuttteddd
tttOIIllEttinng
tttOOOOlllootRRRIEEES
TTTOOOaLLOOtttrY
ttiiLLEEEttrrYY'SSS
TTTOILLLutSS
TTTUUiilittteee
TTTuuuuLLLuttTEEE's
teOOOLLLfUUUlll
TTToiLLLiiingg
ttooIIlllss
TIIaaLLLssAMii
toooIIILLLwwURRnnn
TTOOOKKoooY
TAAAKKKooo
TTTOOOKo'SS
ttOOOKKKED
tttaaKKENN
TUUKooon'SS
TTToookkkEnnnISSSM
TTOkkkEEENNNiSSmmm'ss
TTOOkooNNNss
tttOOKKKUUUS
tttuuKaaaNg
TTOOOkoolOsHHO
ttOllAA
tIIILANN
ttuLLAAr
TOOllBBBoooooTTTh
ttOOLbbaooThhs
ttoolBBBUUUtttOOOmmiDDi
tEELLBBEETTAAAmmIIdddEEESSS
ttoooLLLd
tttoolllaa
TTIIIllEEE'SSS
toollleeerUUbbbillliiitttYY
TUULERRRIIIBLLLAA
taaaLUUUreebblllEnnnooSSS
TTTOLLIIRRRAAbbbllyy
TTToLLEEEraaNNcccoo
TTTILLLeeeRUUUnCCCE'S
ttaaLeeerrraaannCCCosss
TTTaaLLAArraaNtt
TALLEErANNNTTlllyyy
TTTOLeRaaatttEE
TTToooLLERRIIITTTooD
TTuLLOOORRATuS
TTTolllEErettIIINNNgg
TooolllEEERRotiaaannn
TTooLLiiraTIIIOONNN'SSS
Tolaadiiinnni
tttOlllLLL
TTTaallLL'sss
tooLLLLLbIIettH
TOLLlbooOOttHHH'sss
tttaaaLLlllbbbiOOOtHHSSS
TTTooolllliiiDD
TTIlllLGGGAAAtttEE
ttOLLLllgAAAttII'S
TTaaLLLLggIIITTos
ttteLLllhuUUsE
toLLLLhhhEEooosEEEss
tOOLLLLLiinnngg
tOLllS
tttUUlllLLWWaaYY
tulllWWOOOy's
tttulllWaaYYYs
TTOOlLYYY
TTTOOOllluu
TTaLLLUooTTaaa
ttOOOLUEEEnnnEE
tttooollaENNII'S
ttteeeLLLaaaIIIDDIIINeee
TToLLLUUUoool
tttOOOLLUUSS
tttoooLYYYlll
TTemm
tooommm'SS
toommAHAAWWWkk
tttimmmIIIhIIwwk'ss
ttIIMMMAHHHaaawwwKEEEd
tttoooMAAAhhhAAAwwkIInnggg
ttAAAmahAAAwwwKss
TToomaaaTTTO
tuummATTaa'SSS
TTOMMMiiittUUUass
TTeeMb
ttUmmmBB'S
tttooMMMbbaaaCCC
TTOOOMMBAAACCS
ttooMMbEEEDDD
TTEEEMMMBBINggg
TTTEMMbbiillII
toomBOOLLLAASSS
ttOOOmbUUULOO
tOmBBBeeyy
ttooommmBoooyyy'ss
tteMMBBBOyuuSHHH
TTumbbUYYsss
TTOOmmbbsss
tooombbbsssttOOONNeee
TToommBBstOnee'ss
TTTIImBBSSStttoooNNas
tttummcaattt
TTooommmcattt'S
ttOOOmmCCCiiittts
TaaMO
TTOMMMi'sss
tOOMMiiSSS
TTTIImmFFFOoool
TOMffoooaaaLeeRRRiess
tttommffooullliiiRRRYYY
tOOOMMFFiiieliiiRRyy'sss
tUUUmmmFFEOlSS
ttOOMmmYrrrOOT
TTeeemmmmmYriiitttS
TTTOmoooGGGRRRammm
toommoogggRRRaaapppHHH
TAAAmmmiggrrappphhAC
TTommooGGGRRRaappphSS
TTTamooGGRRRAAPPPhhYYY
ttoooMOgggrrrAAApppHy'sss
tOOOmmmOrrrrUUUWW
TTOOMaaaRRRROW'ss
TTTAAAmmooorRRiWss
tOmmmPPIIUUUNNN
tttuummsss
tttiiMMMTTTOOTTT
teemmttUTT'SS
tAAAmtttEEEtSSS
TOOOn
TTTuunnn's
tooNNAAALLL
ttUnnUlllAAATTTiiiISS
tttoonnnUUULiiiTTYYY
TiiinnoooliiTTYY'SS
toNEEEllLLyy
tttINNNUU
tttOOONNE'ss
ToooneeUUrrrM
tUUUnnEEiiRRMMM'SS
TTTEEEnnnuuuAArMMSSS
toonnIIIddd
TTTonElllEsssss
TTuNNNAleeessLLyy
tttiiNNEEmEE
tttOOONNNIrrr
TTTOOnnaaaR'sss
ttoNNNeeerrrs
tIIINNaaaSSS
TTuNNOOTTTIC
tONggg
TTTUNNgg'S
tttAAnnggIII
TOONgEEDD
TTTOOONNgONGG
TTOOnGss
TTTiNGGGUeee
TEEnguuuE'sss
TTIINNNgUUUeeeDD
TTToooNNgiiiaLLaaSSSS
TTOOONggiEss
tttonnGGaOOnnng
tttiNNNiiiCC
TOONNNIIC'SS
TTTeeeNNNiiiCCIILLlllYYY
TTONNOOOcootiEEsss
ttoooNNNiiicAAAttY
TToonnnAAACCs
tEnnAAAr
tOnnIEESSTT
TTOONigggHHHT
toooNNIIGGGHttt'SSS
Tonunnnggg
tttOnnnAAAgggeee
tttonNNiiigge'SSS
TTTOnNiiiGesss
TTTaaaNNNnnee
tttOOnnnnIII'SSS
TTToNNnnuuuauu
TEEENnnuSSS
tttiiNNNeeMMMeTTTerrr
TOOONNs
TeNNNssIIL
tOOONNSeLLL'SSS
TTTOOnnsOOlllLLaar
tonnnSSiiillECCtttaaMMiiees
TooonSIIIllLLLOOOcccTTTAMMYY
TOOONSSSiilllLUUUCCTTTEmy'ss
tttOONsaaalLLuutICC
TTTuuNNSaaalLoootAAAss
taaannSSooLllAAAtttIsss'ss
TTTIIINSSoLLIIITToMyy
tttOOnnSSIILLLsss
toonnnssoooRRRIIIol
tttInnSSSoorrEE
tttonnnSSura'ss
tooNNNssUUrreeDDD
TOnssUUrEES
TaaNNNssuRRRaaanng
TTTIIInttEnnnuu
tAAAnTTTINNNEES
TTaaNNUUUsss
tttaannnUssiiSS
tttOny
ttiiioo
TTTIOOOKK
ttooooooLL
TTTOOOAL'ss
tttOoLLLBBiRR
ttIIuuullBOOxx
TTTIaaalbbOx'SSS
TToOOOllBBiixeeS
TTUUUOOLeeeddd
toULLLIIINNgg
tOaaalkoTTT
tiiEEEllmAAAKKKiiir
ttoooaaalllMMUkkuur'ss
toooolllmUKoorrss
tttEEEOOLLLMuukIINNGG
ttoooIlllSSS
TOOOTTT
TTooAT's
TToooaaattteeeDDD
ttuuittEEER
TToOTTTOr'SS
tttOOOuttAAARsss
ttoooiiTTHH
tOOeeeTTTHH'sss
ttteeeoooTTThhAChee
TTTiiooTTThhhaacheee'SSS
TooOOOTTThhaacccHHHEss
tOoootthhhbbbRIssHH
tOOOOOOtthBBBrruuussHH'SS
TOOothhBBrrriiSShhhEss
TTTiiitHEd
TiOthhUUoooRR
tttOOOottthhOOeeST
TTTuuootHHuullY
TTTuuoooTTThLLASSSsss
TTTOOitttHHHlIIIKKU
TOOOoottthhhppaaastE
TTTIIIoooThhpAAAsTTTe'sss
TTooooTTHPPPEstttEEsss
TTTooouuutHPIIcck
ToeeTHHPaaaCCCKKK'SS
ttoaaTHPPicckkkSS
TToItHsssOOOMMee
TToootttHHHssuMeLLYYY
ttEEottthhsssOMMUUUNNaSSSSSS
TAIIthhsooMMMUUUnEEsSSSAASSS
TeeeeeettHHHWAArrrTT
TouuuthwoooRTTTSS
tOOthyy
tttoUttING
TTTOOOtttlE
TTAAOtttLLooddd
tOOOATTTlleSSS
TEEiiiTliiNNG
TTOOOOOtSS
TTTeuttSSSiiiEEE
tOOOTTssIEEEss
tttOOOOOOtSSy
tOOOppp
TaaaP'S
TTIppaaaZZZ
TTopppeZ'ss
TTTeepaaZZaaaSS
TaaaPPPAZuuLLIIIttuu
TTToopppCCCaiT
tiiipcccOAAATT'S
TTToooPPPCCCOUUUttss
tttoppDRRReesssSOOOnG
TEEEppddrrEssseeNNGGG'ss
ttteppDDRAAsssiiNgggs
TTToopE
toooPPPEd
TTTApppeeeUU
tIIIPPIEEESS
ttoPPPeerrr
TTooopOOrrSSS
ToppeeSS
TiPfflllAGGGhtt
TooPFFFUULL
TTOOOPPPGGAllllaaaNNNttt
TupppgOOOLLLLAANNNttts
tttOOOppHUsss
toooPPiii
TTTeppEeRRRiiiNN
ttUpppuaaRRisstt
TTTOOOpppIIIUrrryyy
TTTiPPPiiaaaRY'sss
tttoooPPPIIC
ttEPIIIc'S
ttOpppuuuCCCAl
TTTOOpppIICCCAAllluuuTyyy
tUUUPPPOccilllIItYY's
tOOPPPicccaaLLLLy
ttOOpppOcccSSS
tooPOOnnnG
tttOPPPUUSSS
TTOOppknnnOTT
tttooopknnooTTT'sss
ttOOpkNNOtttss
TOOOpllEEEsss
ttAAAppLLLUFTTyyy
tteeePPPmmmAASSST
tttooPPmmmassst'S
ttOOpppMMAAssTTs
tttEpppMMEnnNNNooWW
TTTiiipMMEEnnnoWWWS
taPmoSSSTTT
ttOpppnooTTccH
tttUUUpEEGGRAAPPPhoRR
TIIpUGGGraPPHOORR'S
tttiPPPOOGGGRRAAAphhirrrSSS
TToopOGGrrAppHicc
ttoPPPOOOGGrapHHEECCCIIlll
tOpoggrrripppHHHIIcccIIllLYYY
TAAPPPEGRRAAAppHHOeS
tiipppOOGGRRiiPPPhhhy
TaaPPAAGGGRuppphhhyy'SSS
TTuupppOOOlllooGiiCiiilll
TTToooPPPooollloooggaacaaallLLyy
tttOOppolAAAgeeES
TTTopppoooLoggEEESTT
tttiipOlllIIIgggEEEssTTs
tOpppooolllaGGGyyy
ttaaPPPUNNym
TTOppoooNyMMoocc
TToooPPOOnYYYmmSS
TTOPoNyyyMyy
tttOOPoTTTyypppOOO
tttOOppppppEd
TTTAppPPorr
TOOPPppeeerrr'SSS
tttaapppEERRSSS
ttApPPAAnnng
TooopppPPPINGG'SSS
TToopPPPeeNNNggSS
tttOPPPPllEE
tuppLLeeDD
tttoPPPPPLLESS
TUUUpPlUUUnnGGG
Tiipppss
ttooopppSSUUUl
TTuPPPssiiUUll's
ttuPSAAAIlllSS
TOOPPSSiiDUUU
TToopSSiiiDeee'sss
ttUPPPssaadeeeSS
tooPSSOeeL
tttAAPPsOOOiiLL's
tttOOpppssspppoN
tttippssspppIIINN'SS
tOqquuuee
ToQQaaaII'S
TTTOQQuuuEES
TTOOOr
tttoooRR'ss
TTTIIIrraaa
TTArOOOhh
tttoorrahh'ss
TTTOOOrrrAHHsss
TTTooorbbEERRNiiTA
TTTiiiRRcch
toorCChhh'sss
TTooRRCCHHHbEaarrEr
tIRRccHHBEEaaRRRuuuRRR's
TTeeerrChbbEArrEEErss
ttOrrcHHHEEEdd
tttEErCChheess
tttOOrrcchhhIERRR
TorcccHHAnnGG
TTiiiRcHHLigggHHTTT
TTuuurccHlaGGhhhtt'sss
tttIIIRCCChllOOt
torrrChwwwoOOd
tttOORRRee
ttaaarrEEEEEddoooR
ttuurrreeaaaDOR'ss
ToREAAADDoooRRRss
tttAAArrreeRI
tttiiireeeRRaasss
TTTooorrrAuuTIcc
TTTAAARRREEuTTooCCs
Teerrre
tuRIIiii
TTTooRRmmmintt
tttEERRRmmmEEEnnnTT'S
TTTOOrrrMeNNTEEED
TTOOrrrmmEEEnnnTTTEEErrr
tEEErrrmmmuuuNNttterr'ss
TTOOOrmmmUUNNttoorrrSSS
toorrMMeNtiLL
TTTOOOrrrMUUUnnnTINNNggg
TOORMMooNNNttIIInnGGGLLLYYY
tteeRRRMMMiiiNNNTaaarr
TTTuuuRRRmmeeNtAAAr'SS
tttoorrMMOnnnttuuuRsss
ToormEnnntts
ttOORRRNN
ttOORRnnnAdOOO
tteeRNNadeee'ss
tttuuuRRRNNaaaddOooss
tttaaaRRnnnadoss
TTOOROEEDDD
toooRRROiddaLL
TTEEErrAsssAAA
TTTorPPPEEddOO
toooRPPPeeDooo's
ttORRRpEEddeiiiDD
tttooorrpppEEEdddoeeess
ToRpppEEdOaaNNGG
tttorPPAAADDAAMMMoooN
tttEEErrrpEdddOSS
TTTIIIRppaad
TTTOrrPIddeeTTTYY
TTToRRppiiddOOOtyyy'ss
tiiirrpppiidddlyyy
TOOOrPPOOOrrr
tOORpOOOrr'SS
TTOrrrpoooReeFIIIc
TTTORRRQQuee
TTaarqqIIIEE's
TToRRQQUedd
tttooorrqqqOOESSS
ttORRRqqqUUUEYYY
tiirqaINNNGG
ToooRRR
TooorrrRREEEFFFyyy
TTOORRREEENT
ttorrrrreeeNNttt'ss
tttoorrRennnTEEEIILL
TTAARRRRRREEnntttS
ttOORRRrriiD
ttturrRRRiDDeeRR
tttooorrrOODDeeeSSSttt
TOORrIddEETY
TTeerruuudOOtttyyy'SS
TTToRRRRIIIddLLLY
tttOORRRiiddnESSSS
TTArrrrrIIIDDnnneeeSSS'ss
tttORRRRs
TToooRRRsss
TTTOORSSuu
TTOOOrSII
TTToorSSSIIBilllEEEtttyy
TiiirSSIIIAN
TToorrsiiieeeNNN'SSS
ttArSSIIIooonIll
tttoRRsssiiioooNNNUUULLLlly
tttOrrSSSIIeeeNNNlessSSS
tEEERRSeeoNNss
TToorrSSKKK
TTorrrSSSksss
tttooorrrsssooo
TTToRRssOO'SSS
tttIIRRssOss
TTTOOrrT
tooort'SS
tttiiRRRtttE
ttartEEE'SSS
TEERRtEElLLLoNNuu
TaRttELLlllIInnII'SS
ttORRRTTAASSS
TTTOOOrrTTTFFEEaaaSSSiR
tttorrrtttICOOOllLLLiiiS
TTOOOrrrtAAAccAAAlLIIsssESS
tteerrrToLLI
tterTTIILLLLLa
toorrrTTIIlLA'SSS
tttIIIRRtIIlLaaaSSS
tttorrTTTOOOUUuuuS
TIIrrteeOOSSEEE
TerTTTOuuSOOO's
ttOORRtttiUSSEEs
TTTEEErtttoISeessHHHeeelllll
TuuuRRRToousssaaaSSShhEEELLLLLL'ss
TuuurrrtiiiaasEsshhellLLLS
ttooorrTTToooNNoo
ttOOrrTTTooNiii'ss
ttArrTTRRiiiCCiidd
TTTiirTTRRRECCCiiiddS
ttOrrTTTSSS
TorrrtUUAAASitttIass
ttoooRRRtAAAOssiitttyyy
tIIIRRTTTUUUooous
TTTerTUUooUUslyy
tttArttteeooosssniiissssss
tttoooRTTTuuueeeUUSSSnnneeesSSS'S
TTTOrttuuRRReee
TOrTTUUrrEE's
TOOrttuurrrADD
ttUUUrrtttIIIrAARR
TTToorTTTeeerrreerr'SS
TTTooRRRtttoooRROOOrrsss
toRRRTTTeeeRRREEs
TTTAAArrrTTTUrrrANNNggg
tOrrrttUUrOOOESS
tttooorttOOrrroooAASSLY
TTToRRRUUUSSS
TTTOOOSh
tttashhheS
tttooSSSSS
ToooSSSS'sss
tttAAAsSEEDDD
ttoooSSSSSAARR
tttOSSSeeerrrSS
ToSSsssooosss
TTTESSSSSSIIINNgg
taaaSSSSSppiiittt
TTooSsuppp
TTTAssssssiiP'SSS
ttiiisSupss
TTussTT
ttaat
tttOTT'SS
TTooTTTAAAL
ttOTTTaal'SS
ttOOttteLLEEEd
tttoTaLInGGG
tttoooTAAAllIsssaaatttAARRR
toootttaaLLLuuusssatOORR's
TTTIIttuullOOsUUteeerS
TTOtttiilliTTorrriOnn
ttoottAAALIIttaariann'SS
TOtalllOOTTTAAARUUUAAAnnnIISmm
teeetttAlOOOTTAAAREAAAnnuuSSM'sss
TIItttaLLiiTTeREEAAANSS
TTTUUtttAALLLITTEeeesss
TTOTaLLiTYY
tttOOTTTolityy'S
TootooLLLiizzzAtiir
TTaaTAALLiiizzzoootttooor'SSS
TTTOTaaaLLiiiZZZUUUTTTUUUrrrss
TTAAtttAAAliiiZZZERR
ttOTaaallliizErrrSSS
tttiiTTTEEELiiiZZZOnggg
tttOOOtttaaLLlEEddd
TTTIIITTTAAAlllllIIINNNgg
tOOOtttUllllllYYY
ttOttAAAlllSSS
totttAAQQUUinnEE
TTTOOTTeee
tttoooTTee'ss
TEEteeDDD
tttEEEtEEEm
tttottUM'sss
ttETTTEEEmmIIcc
TOOttaaaMMAASm
tttEETTTUmmmIIsssmmS
tttOOOTEEEmmiiiSSST
TOtttOOMMISStttoooccc
TTotttemms
tootttaRR
tttEETTESSS
ttuuuTTTHHHeeerr
tOOTINNG
TaTIIIPAAALLLmmmatttee
tETTTS
TTIITTTTTeeedd
TTTOttTeeeRR
ttAAAtttTTTEERR'SS
tooTTtUrreddd
ttotterrraaaRRR
ttUTTTTTTiirrreerrr'SS
TTTooTterrreeeRSSS
TTuutttttAAARennggg
tUUTTTeeeRS
TUUtttteeRRRYY
ttOOOTTTAAAnnngg
TIuCCEEnn
tIIaaCuunn'sss
TToooiiiCCEENNSS
tOOuuuCh
TToUCHHH'SSS
tOOIIcccHUbbbLLLuuu
tttiIchhbbbAAAcckk
tUUUaachBBAAACCCKKSS
TTTooouuCCCHDOOWWN
tOaaaCChddEWNN'sss
tttAAUCCCHDooowwwNNNSSS
tttaucccHEEED
TTTaauuCHHHeeeS
tuuueechhhOLII
TUUucchooaRRR
ttOOOuuChooeessTTT
TTTIAccHILYY
TTiiiUcccHHHiinnneeeSSSS
TTTOOOAAAChhIIInnesssss'S
TTiiIICHHHinnngg
tiiUUccchOOONNGGllYY
TTOOUCChEEENNNGGGSS
TTTouuCHHLLOOONNEE
TTOOOuuuCHHHLLInnAsss
TAAuuucchppAAAppEEErr
TTTOOOUUccchhpppAppeeeRRRSSS
TToouuucchhSCCrrEEEEn
TTOUUCCChhscccReeeeeeNNN's
tttoooecchsCCrrrEeeeNNsss
TTToUUcccHHHSSSTTTAAnnnaaa
tttUUuCCChStANNNII's
tiuChhhsttOONNOS
TTOECCChhhWWWUUooDDD
ttiaacHWOOOOOODDDSSS
TTTAUCCCHHy
TTeeeAAccHHé
ttAAUGHH
TTTOUUGGGH's
TTOooggghhheeeddd
TTTEEEuuugghhEnnn
tttuuuoGHHeeennoDDD
tOOOuuugggHeeneeR
tOOGGGhheeNNEEEr'ss
ttouuugggHEEnnnIIrrsss
TIUgHEEENINNNGG
tteeiiiGHoNNss
tttOUGGGHHOOrrr
TTTOOOoooGGHHesssT
TTToUUGGhhhiiuu
TTTOOOuughiaa'SSS
tOOOOOgHHEEES
ttOaaagghhUnnnGG
TToUggghhhLyy
ttuuGGGhNEESss
TTOOOaaGGhhnnIISss'SSS
TToouuuGGGhhs
tttOOupeeeEEE
tttiUpUooo'SSS
ttAAAUpppeeeEEESS
tttOOar
ttiiiUURRR's
TOOeeRuCCCOOO
TTOorrrAAAccIISSS
TTaauuuRRBBooolllIIIAANNN
ttOOUURRReD
TuueeerrrEERRR
ToUrrrERRs
TTIIUURIIInnGGG
toORRRUSSMM
taaAArroooSSm'S
TaauuRISSST
ttuuuiiiRRRIIsTT'S
TOOOUUUrrrissTTiiiCCC
TTTOOOuuRIsssts
tttoooorrriiistYY
TIUURmEElllIINIII
TToeRRRMMAAlllINiii'sss
ToUUUrrrNNNaaammIInnT
ttOUUUrrrNNNAAmmEENT'SSS
ttooooRRRNNNaaMMANNNTTTS
tttEEEUURRRnnnuuudddUS
TTToooURRRnnneeY
TTTUUorrNNNEEEYYY'sss
TTuuurrnnnuuyyysss
tttiiiuRRRNIIIqqquEETT
ttteUURRnniiqAAeet'SS
TTTuuuuRRRNEEQQooeeTTSS
tttiIIrrrSSS
toouuussLLLEEE
ToooUSLLEEdd
TTTAAaaSSllUUUsss
tttOOaaassslInnngg
TToooet
TTOOOuT'sss
TTOuTTTEEddd
TTTEEEUtEERR
tOIITTTAAAnnGGG
TUUUuTTSSS
tttOIIIZLLLe
tttOWW
tttoooW'S
ttoowwAAgee
ttOOOWWOggeesss
ttAAAwwooRRd
tttoowwAAArdlllYYY
towwwOORdddSS
TEEEwwBOEET
tOOOWbuuIIItt's
TTEWWBeeeEEEtttss
tAAAwwwOOOD
tEwweeeLL
TTowweeelll'SSS
TOOWWWEEElEEEddd
TTOWiillEEETTTTaa
tIIIWWWeelllEEEttttttUU'SSS
TTTOOOwwAAAllluuttttEEEss
TTewElllaannng
TTToWEEELLLUUUng'ss
tOweeelllannnggs
tOOOWeeeLLLlllEEEDD
TeeewwwEELLLlANNg
tttOWWWellllannnggg'SS
TIIIwwweeLLlllinnGGGs
tttOWullss
tttoower
tttOOWiRRR'S
TOOOwIIIrIIIDDD
ToWWWAArrrIIINNG
TOOOwuuurrriinGGGllYY
TTEEEwAArS
TEwwweerrryyy
TeeeWWWHHHooooddd
TowHHHEEaaDD'S
ttoWWhEUDED
TTTIwwwHuuuOOdddSSS
TTIIwHiiEEE
ttuuuWWhheeuu'sss
ttIwwwHeeeesss
ToWWWaannG
tttOOOWWWlOnnEEE
ToowwLLLIInnna'ss
TTowwwLLEEEneeesss
TTAAAWWN
TTOOwN'sss
toooWnaaee
tttoowwwNNeeeuuus
TTTooownnnhhooooSSEE
tiiiWWWNNhEiiissUUU'SS
TTTOOWWNNhhoouSEss
TToooWWWnaaaa
tttIIIwwwNNNiii's
ttooowwNNIIIEES
TToWWnsss
tOOOWNNSSCaPO
toowwwnnnssFFoLLLk
tttoooWWWNNSSfffAAlKK'ss
ttooownssHHHeP
tttiiWWnnnssshhhAP'SSS
tooowwwnnnSSHHUpps
tttaaaWWWnnsMAAnn
tUwnnssMMaan'S
tttooowwnnnSSMMMeenn
TTIIWWNNSSSPeeoooPleee
tttewNNssPPPeooPLLEEE'ss
tttooowwwnSSWWWuummmUUnnn
TTOOwwNNNSSweeemmmAAANNN'S
TowwnssWWWommmEn
TTooWWWnnnY
TTTIIIWpppuuuthh
tttEwwpEEtttHH'SSS
TTIIWWWpppaTHHS
TTOOwwRRROPPuuu
toWWRRROOPPPeee'S
TeeewrrIIIpeees
tttoooWWWS
tttooxxxOmmiaaa
TTuuuxxxEEMeeee'SS
tttooxxooMMiiccc
tttOOxOOOc
TTOOXXEEECCCallLLLYYY
TTTOOOXooCCCUUnnnTTT
tOOOXXXiiicITEEees
TToxxxiiiCuTTTyyy
TAxxxACIIITTTY'SSS
tttuuuxiiCCCUUUGGooonuucc
tEExxxICCCOOLLLOOGGGocc
tOxxxICCCoolluuGICCUl
TTToxxxiicccOOOLLLIGGiicAALLllly
TTEEExxicOOOlllooGGaaSt
TTOOOXXXIIccolluuugAAAsttt'SSS
ttOOOXXXiiicoLLoGUUUSSStttSSS
TaXXXuuuCCCOlEEEGGYYY
TTTOOOxxICCCollloogyy'S
tttOXXiiicccOSiss
TTTiiiXIIICCs
tttuuuxxxIINN
tttOOOxEEEnnn'S
tAAAxxiiinnss
TTTAAAxoooiiiddd
tiXXOOpphhIlllatttE
TTooxxxeeePPlaaasmmooosssaaas
tttoYY
tttoy's
tttOOOyyyboyyy
TooYYYbboysss
TTTiiiYYYEEEdd
ttOOOYYYIIInnnGG
TTToyyysss
ttoyyySSSHHHOOOP
ttRaaabbeeeaaaTTEddd
ttrrrIIICAA
tRaaCCeee'S
ttRRooCEuubbbIIIllitYYY
tttreeCeeeaabblle
ttRRRaaaCCeeDD
tRICCulllEEESsss
ttrACerr
TRRRACCCeeeRRR's
trooCIRReeeEEESS
TTRRRACerrS
TTruuCCEErry
ttRacERyy'SS
tRRREEECCCEEss
ttRRRACHeAA
ttRRRiChhhEEEAAA'SSS
ttrraccchhooAAIII
TRRReeCCChaaal
tttrAAChhhEAS
TTRaccchhiiid
TrrrAAAChhEEiiiDDsss
TTRRAAcccHHHOoTTaaas
TTRAAcccHHHOiiitOssseesss
TTTrrAAcchheUUUSTTOOmmmIIIEEsss
TrrruuuCCChhhEEoSSSTTTeeMMMY
TTrraaacccHHEAAATommmiieSSS
ttrECCHeUUTEEEmmY
TRAACCHeeIITTOmmmyyy'SS
TTrAAcchOOMaa
tRAAAccHHHaammmAAsss
TTrOOccHYtte
tttRRACCHHHYYTTTEEcc
TTrrOcAANNGG
TRRoCCCOOONg's
TTTrACCCIIInnnGGSS
tRAACCCKKK
TTTRRaaaCKKK'SSS
TTTrrACkaaBLLuu
tttrroooCCCKKKaaggAA
TTTrraaaCkkbbbaaalLL
tttRaaackkBAllLLL'SSS
ttRRRaaaccckkkBaaallLLLs
TTTRooCCKKooDD
TTTrACCKeeR
ttRRaaCCCKKKuuur'SSS
TTTRRuuckUURRRsss
TTRRiccKKiiinnG
TTraCkkuuuNNNgggs
ttRUCCCKKKLLLeeeSSS
ttrrraaCKKKMannn
tttrrIIIccKsss
TReeeccksEEOT
ttRRROOOcckSSuIITS
TTTrrAAAckkWWWAyyy
tttRRROCkkWWWEys
TrriCtt
tttRRIIccttt'SS
TTreCttUUUbbilllIttYYY
TTrrrAAACCTaabiiiLLLIIITTTyy'SSS
trrrecTTTabbbLLLII
TTraaCTTTABleeennUUsssss
TRRRAcctttAAABllEENNeeeSSeeeS
TTTRRRACCtabbbLLLYYY
tRRaaaCCttaaTTaaa
trraaaccctttULLEEE
trrAAAccTTTOoon
TTrrrAAAccctOAANN'SSS
TTTRRiiiccTTIOOONNNaaLLL
TTTRRecccttIIIVVee
TTrrAAAccTTTORRR
TrrreCTor'ss
TTTRRiiccTTTOOOrSSS
TRaaCCCTTS
ttrrAddd
tRRAAdAbbblllUU
TTTrrAAAddee
tRREDDe'sss
tRRRaaaDDDeeABBLLe
TTrrruuDDDedd
TrrOdEEEMMMuuurrKKK
TRRRaddOMUUrk'sss
ttrrrAdddeeMOOOrrkkEEEddd
tttRRRUUDDDEEEMERkkkENNNggg
ttrrAdddEEmmmoorrrKSS
tttRiiDEoFF
ttrUUDDDeeeaaaFFFFF's
TrIDEEEOFfSS
trEEDeeer
TTrrrAAADDDErr'ss
TTTrrUUUDDDeerSSS
TTraaaDDees
ttraaDDDEEEsCCunnnTTTii
TTRRROdddEESSSFoooLLLk
tRRaaaddEEssmaaan
TTTRRaaDDDOOSSmUnn'ss
TTRUUdduuSSSMoNN
tttRRAADDDiiSSPPPUUiiipplllOOO
traaDEssPPPoIIIppllleee'sss
ttrraDDeeSWWiiiMUUUN
TTTRRAADessswoMooNN'sss
TTraDDEESWooommmEEn
ttrrAAAdiiNNGG
tttrruuuDDDInnng'S
tttRREEdIIInnGGGSSS
tttRooDDDItttIIOn
tRRIIdddEETTIIIaaann'SS
TRaaadaTIoneeell
TTrAAAddaaattIIANAALLLIISSSmm
TRRReDDDiiTTTAAoNNAllIIIsssmmm'S
trreeeDDIITiiOOnnnAllIsttt
TrrIIDDDUttiiOOOnALOOOsssT's
tRReDiiitiiaaaNNaaLEEEsTTS
TTReDaaaTTTeuunnnEELLLllYY
TTTrrraaaDDDeTIIIonAAArrryyy
TrrrAAADDaattoIniSSSTT
tttROdddIITIoonnLLLeeeSSSss
TTRRRAAdaatIIIoNS
tRRAAddiiTTiiir
TTrAAAdddUcccEE
TTrruDDDuceeedd
TTrrrAAdduuuCCCeemmUUnnnTTT
TTRROODDDeeCaaammIINNTTS
tRRUUUDUUUccUUUR
traaaDUUcccAr'SS
ttrAdddOCirrs
TTRADDUUUCCCEsss
tttRRROOOdddUUUcEEEnng
ttrrrAAAfffffacc
TTTRRAfffFFEEEC'sss
TTRaaaffffAAACeetttOOrrr
tttRRRAAFFFFIIcccaaTOOOrrrss
TTrIIFffficccKKUUUddd
tttrrrAAAFFFffUUCCKKKiiiRRR
TrAffffiiicckkERR's
tttrrrOfffFFuCkAAArSSS
TTTrrrAAAfffffIckkkIIINGGG
tttRRRaafffEEcckkkIINNg'sss
TRRaafffeeeCCCSSS
tttRIIggIICCANTh
TTRRuuugggAAACaaannntttHHs
tRRREEEGGGEEdOOannn
TTRiigEEEDDoooAAAN'SS
ttrrrIIIgeeDDieeNNsss
tttRRAAAGGEEEdddeeeeennNNNuuu
TTRRRagggeedieennnnEE'S
TTTRRRaaggeDIIeennnnnoooss
tttRRRaagggEDDIIIEss
trrEEGeeDDY
tttrraguuDDDyy'SS
TTRRIggacc
tttRRaageeCCCIIILLL
ttRRAAAGGGiCAlLyy
TTTRROGGacuuMeeDuuuuuuss
TTrUUUggeeecEMMMeeddYY
tRIIggUcccOOMMeDYY's
TTRRRAAAGGGeecccUMiC
tRROOOgggAAAcccOOOmmuCAAALLL
tRooGGiiiccOMMEcOOOlLLLyy
trrrAAGEPPPAAnn
tRRaGGGooopppAAAnSS
tttrogggUSS
tttrrraaaiiiL
TTTrrraILL's
TTrriiiILLBBBllEZZoooR
TTRRReeeIlllbbllaaazzEEEr'ss
TREEEuuuLLbbluuZAArrS
ttraaiilllbbLOzzziinG
tRRaaaiiLLLBBBllaazzzIINNGGG'S
tttroooOOOLEEDDD
TTTRRaaaaLLorr
ttRaaaiilllerrr'SS
ttrrraALLERsss
TTRiIIIliiiNNNggg
tRIILLLs
tRAAAiiinnn
TTTRRROOiiinnn'sss
ttrreeeINNAAAbLLEE
ttRAAAinnBBaannnd
trrrEEEaanbEEEaaaRERRR
TTRRAiNBBeeAAARRERRss
TTrraIINNEEEddd
TTTrrraaaEENEEEi
TTTrUUUinnEEee's
TTTRIinnEeeess
ttRRRaaaUUUNNNooorrr
ttrrraaiiNNNOOr'ss
TRuuiiNNErrS
ttrAAOOnnniiinnG
tRRRaINNoNNNggg'sss
tRReeiiinnnIInnnggss
tRRRaeeeNNNLLLiiad
TTTRRAAaNLooaaad'sss
TTRaUUNNNLLLOOOidddSS
ttRRRiiinnnmmAAnn
tRRRaaaIIInnmmuuuNN'SSS
tttrrrAAAAnnnmmmeeenn
TTTrUUoonsss
tttRRaOOOnnssPPPetttttUUR
ttReeIInsPPPOOOttturrSSS
ttrrAAAinSSPPOTTtiiNGGG
TTRRRuuuIIIPPsssii
tttRRaaiiipsssE'SSS
TTTrAAAIIIPPPSSSuuddd
treIpSSSAAss
trrraIPPPsIINNNg
ttRRAAAEttt
tRRRaaIIITTT'SS
TTTrIuutttOOOr
TTTRRRaaaeTTOOOr'SSS
ttreEEEtttooorroooUSSS
TRUUUeeTTOOrOUUSSSlllYYY
TTRRRaItOOROOOASnEEsss
ttrrrUUEEEToorrrooUUsnEESSsssOOs
TTraaaEtirSS
TTRRRaaaooottss
ttrrrajiiCCCt
tttrrraJucctttOrrrIIEEsss
ttrrrAjjjeCCttarrrY
ttraaaJJEEcccTTooorrrYYY'ss
ttRRRaaaMMM
TTrrremmm'S
TRRRaaammcccir
tttrroMMcccEERSS
tttrrraaammLLLiiinA
TReMMLoNNNEs
tttraaammmmmAAd
TTTrrrAAAMMmmuuuLLL
TTTRRRammEEEl'ss
trrroooMMMillliDD
tttrAAAmmooLeeeR
TRRaaaMMmmAlllinnng
ttROOOmmmMEllladd
TTTRaammMMMeeLLLlllInGGG
TTrAAAMMMMMuuLLLsss
TRRAAAMMMiiNNG
TTTRRRooMMoonTTaano
TRammmunnTTTIIInES
tttrIIImmmPP
ttrOMMMp'SS
ttRRRAMMpeeeDD
TrrreeMMPPuuuRR
ttRRaamPEER'sss
trrAAmpperrrs
treeMPPPinG
TTrroMMMppLLLEE
tttrrrimmPPPllE'SS
TTTRREEEMPPPlAddd
tttRRRIIMpller
ttReeMMMpllEERRR's
ttrrruuMPLLiiRRRS
TTTRRRaamPPLLeS
TTRRREmmPPLLiiinnngg
ttrrAAmPoollliiinII
tttroooMMMPoooLLInna'SS
TTTriimpOLLLInnEEDDD
trrraaaMMpEEElliiNeR
TRRRIMpppEEllOOOnnneees
tttrrrAAmpppoolllIINNiinggg
TTTrrrUUUMMppeelllaaannIssttt
TTRRRAmppps
ttrraaaMRRRooAAddd
tttRaammss
TTTrammmwwiiiY
TTRRuMMMwwaaayyyS
TTrrAncE
tttRUNNNCCCe'SS
TTrrAANCCCaaS
TRRRuuunnCHUUU
TTRRAAAnnCChass
ttRRonQeeeAAALLL
ttRRRANqEEiiilOOrr
TTTRRRaaNNqqoooEEllaaassstt
TRRoooNqqUIlllitty
ttRROONNqqqeeeOLLUUTy'sss
ttRRaaNNNqqaaIIIllizzzaTTOOOONNN
trraannnQQIIIIllIIIZe
ttrEEENNNQuuuIIILIIziiDDD
TTRRRAnnnqqiEllezzEEr
tttrrAAANQQoooiiillEEEZZZIrrr'S
TRRRIInnnQQIiiLeZEEERS
ttRRRAnnQQQiiiLLiiiZZZeeeS
TTrraaaNqqquuoLLuuzzaNNGG
ttRReenQiiiilllleeeRRR
TTrrraNqqqOAAAllllEEEstt
TrraNqquuILLllIITTTy
ttrOONNNqqqUUUIILLllItttyyy'SSS
TTraaannnQQQuuIIIllLIzzzee
ttRRInnnqqUoooLLLLooozzzOOD
ttRRAAnnnqeeIIlllliZZZeeRR
trrAAANNQUUUolLazzzer'S
tttRAAAnnQQUUooollllEEZZZarrrs
ttRRRUUNNNqqUIlllllleZZZEEES
tttRRUUNQQQeElllllIIzzzIIINggg
TTrrEEENqqaaelLLyyy
tttRRaannnseeccctt
TTrraNssoooCCTTaddd
TTRAAnnsoccctENNNGGG
tttRRRaaaNNSAccTTuOONN
trrrEENsaaaCTOOOoooNNN'S
TTTRReeeNSSSooctAAAUNNuull
TRRRAAnnnssAAAccTTTUUUENss
tRRReNsicctttuuuRR
tttraaannnssoooctoorr'SSS
tttrrrAAANNNSaaccTooRSS
tRRooonnnssuccctttS
tRiinnsooollppIneee
ttrrraaaNNNsARRRCCtttUc
TTrraaanssATTllOnntttiiiCCC
trrUUUNNSSAxllee
tttRRaaannnSSSCCCaaallluuNNTTT
TTrrrEEnnnssscEEiVVVEEr
TTTrrAnnnSSSCCCeiivvIR'ss
TTRRRiiinSSSCCCEEEiiiVuuRS
TTTrAAANsssccINNd
tRUNNNSSceeennnDDeeeDD
TTRRRANNNsscccEnnndddeNCCCe
tttrrrUUUNNNSSCCCoNNNDDDEEENNNCOOO'ss
TrraaaNNSSSCCooNDDIIInCCCIIIeeS
TTRRANNSCEEEnDDeeeNNccYY
TTrrrInnnSScccennDEEENNNtt
TTTrEENNsssccennnddENNTALL
ttRRaaaNNNssccceeNNddEnnnTTAALLiiSSm
tttRANNsCCCeeennnDDIIINNTTooLLAAASSMM'sss
tttRAAAnnScUUUNNddenntuuuLooosT
trrAANNNssCCCuuuNNNddeeenTTTAALLIISST'ss
tttrANsccceennnddUUUnTTTAAllliiiSSTTTIIIcc
tttrANNsCCEnddUUNTTuuuLLEESTTTSSS
tRAnSSScoooNNDDDeennnttteellliZZee
TTTRRRANNsceeNddEEEntttooLLLy
TTrrrEENNNssccENNDuunnntttlllyyy
TrannnsssCCCiiNNDDUUUnGGG
tttRRRAAnnsceeends
TTRRAAANssscceeeNTTTIIneeNNNTTTAL
TrIInSCCRiiibbbo
tRAAANNNSSccrrIbbbiddd
TTTrruuNNNSSSccRRIIIBBBEEER
TrrrAANSCCCriiiBuuRRR'ss
trrriNNsssccrrrUbbbEERS
tttRRRANSSCCRRREEEBBBees
TTTRRaaNNNscrIIIbbaannGGG
TTTriinnnsCRRRIpptt
ttRInnSCCCrrriiippptt'S
TRUUUnnnscccrroooppptttIIION
TTrrreNNSScccroooPPPtiion'S
trAnnSSScccRRiiippptIIIoooNNNuuLLL
tRRAAnnSSScROpppTiiiOneLLllY
TrrruuNSScRiPPPtttiiiiinnnuSSSTTT
tttRIIINssccrrripppTIIIannss
TTRRAAAnnSSScccRRappTTToovve
tRRRaaaNNssCRRIPTss
trrannSScErrRIINtt
ttrEnnsssdeeeRRRmmmAALLL
tttRRAAANNSddUUUccERRR
TRANNNsssDoceeer'sss
TREnnnsssduucERRSS
TTRinnSSSDDDoCTiOOOnnn
tREEnnnSSSddIcccTTiUNNSSS
ttraaNsssEEECTTT
TRRRaaaNNsEEEcccTuud
TTTrrraaNssseeecTTTaannGG
TRaaaNssseeCCCTTSSS
tRAAAnssePPtt
tttRRaaanSEEppt'sss
tttRRIInssEEPtall
TTREEnnnsssuuPPttSSS
ttrraaaNNNSSSoooaannnt
tttrrraaansssffeerr
TrUUUNNSSFFor'SSS
trrAANNsFFFEErrIbIIILLAAtYYY
tttRRAAnsssFeerrrUUUbbbLLUU
trraaNNNssfeRAAL
TTTrraaNNNsssFFeerrraaaL'sss
TTrrrAANssFurAAAlllsss
trrransFFFEErrreesssee
tRRRAAnnnSSFForreeeee
ttrrAAnnssfffoorrEEEes
TRRAANssfffoRRReNccA
ttrEENNNSfffERRREEENNcEE'SSS
tRRRennnSFUURAAArr
ttrrrAAAnsssfffEEErrrRRRaaaBBlllee
TTrraaannnSFFFeeeRRrEEd
TRAAnnnSSSfEERRReRR
TTRRRiNNNsFFUUrRAAAnngg
trroooNssFFFooRRRsss
tRReenSSSfeeeGGGuuurIITTueeeN
ttrrraanSfffUUGGGuuurrOTTToooOnn'ss
TrrEENSSfAAAGGaRRREEE
TTTrrrANNNSSSFAAAgguuRRRAAADDD
ttrranSSSFFFiigireSSS
TTRiinnnsfffIIIgUUrriiNGGG
TTrrANSSFUUNNNIIITTe
ttrrINNSSFFFiix
TTTrrUNSFFuuxxOOODDD
trrAANNNSfffiiXXXEEES
ttRRaaaNNSSSFFixxxeeennGG
TrAAAnSSfIIXXIIOOONN
ttrrOOOnssfffIxt
ttrrrannnSSSFOORRRmmm
ttRReeennsffooormmm'SS
TRRaaNsFFIIIRRMMuuuBBBLAA
tttReennnsssFFEErrrMaatteeaaann
trrrAnnnSSFFFIIIRRRMUUUtttieeeN'SSS
ttRunnnsFFFIIIrrrMMMaaaTTIOOnnaLLL
TTTRRaaNSfffIrrmmmaatttoonSSS
tttRRRANssfffeerrMMEEDD
TTTrrruuunSSSForrrmmEERRR
ttraaaNSFEERRRmeerr'SSS
ttRRRAAnnnSSfffIIIrrmmmErrrs
TTrraannnsssfformmmiiNNggg
TTTRRANNSSFORRmOOSSm
ttRREENNSFFFaaarmmmSS
TTTraaNSFFESSSE
tttROONNNSFFuuuSSEEddd
ttrAAAnssffuuuSSeR
tttRRiNNSSFFFoSSSUss
tttRRReeeNsssFFFUSuuunnggg
tRRUUNNSfUSiOOOnnn
tttrruuNSFFUSSSiiUUNN'sss
TrAnnsFFFuuussIIonnS
trriinnnsggInnDDDoR
TTTRRENSSggundEEErrr'sss
ttraNNNSSgiNDDeerrEDDD
tttROnnsssGGeNNDuRRRs
trrrAAnssGGGeeNNNiiCCC
TTTraNsssggrrUUSSSS
ttRRREEEnnnsGReessADD
TTTRRAnnnSSgrIsssseees
TTTrriiiNsssgggrrreeeSSsssiinGGG
TrranssGrriSSSSSIIIIINN
TTTrrrAAANNNSSSGGGRRReeeSSSEEeeN'ss
tttrOnnSSSGRuSSSsaooNNNs
TTRRooonnnsssGGrrrAASSSsEEEvvUUU
tRRAAnnSSgrrreSSSSaarr
TrrannSSGGGrrEEEssSORRR'SSS
tttranssGGGrrrEESSssorrrsss
TrrEEEnnSSHHiippp
ttRRRaaannsssHHIIPPmeennT
TTrrunSShoMMaaNNcccoo
tttRRReeNSiiiOnnncccii
TrANNSSSIIIaanCCCu'SS
TTTrrUUUNNNSSiEEENNCCCy
TRRREEnnnSSIIeeeNNNCyyy'SS
tttrrAAAnnnSSSIiinttt
TTRRRiiNNNSSSEeeeNtt's
tttRAAAnsssiiUUNTTTLLYY
TRAAAnnSSOOEEnntttS
tttrrraaaNNNsssiiiLLeeeEEEnntt
tttrUUUNSSSILLlluMMMiiNaTeee
TTTRaaannnSeeesTooR
ttrrrAAnnnsssiSSStOORRR's
TTTrAANNNssOOOSSSTTAARRRazE
TTrrAnnSSSUUSSSttoorreezzEEEDDD
ttrrraaannsoooSTTorrriiizzzEES
tRRUUNsssIIISSSTTeeeRRROziNNggg
TRRRAnnSSSAAAsssttooRRS
tttrrrAAANNssEEttt
TTraannSOOttt'sss
ttRRRAAANNNSSSItEEd
TTTrAnnnsiiitteeeNNNGGG
trrransssOOTiiieN
TTrranSItttEEEAn'SSS
ttRREENNNsssIIITTTAAAOOnoolll
tttrrruunSSIItIonAALLLyy
trOOOnsssItttIoNaRRYY
TrrreeennsssiTiiAAANIIIDD
TTTRRAAAnnSSSUUUttIIIOONEEENNg
tttrANNsssOOttteeeOOnnS
tttRRReeeNNssIIttiVVAA
TRuuuNNNSSSittIvvvE'sss
tttrrrIIInSSSiTTTIVVVEELYY
ttRRaaNSETTTOvveeNNNESSSS
TRAnnsssiitOVVVOOOnnnooossSS'S
TTRaNNSiitAvES
TTrraaNNsIIItttIIvITTYYY
TTrEnnnsssiTTTuvviitty'ss
TRRRUUUNNsiiTTooorIIIllyy
TrraaanssiiiTTOOOrrriiNNNOOOss
TRaaNNsssoTooRRRiNeeesssSSSaasss
tRInnnSSSIItEEEryyy
tttrrraNNNsseeeTTTss
trraaannnSiittTOOddd
traaaNNNSSSiiiTttInnnGG
TTRRRAAAnSLEEtAAAbIIILLIITYYY
tttRRRaaNNNsLAtttAABlleee
TTraaannsllEEEttoobbblllEEnnnEEEsSS
TRRAAAnnsllATTTa
ttrrraNSSLLooteed
tttRRRAnnssLOtteS
TTTRUUnsslaattinnGG
TTTrrraaannnsssLLLateOOnn
TRRRUnnSLaaatIooNN'sss
tttRaNNNSllAAAtAAooNOOl
trrooNNNSSLuuTIaaNNs
TrrrannnsLLAAAtiiivii
tttRRaNNNsslllAATTToRRR
TrrAAnSlaaatttooR'ss
TTTraaannnsssllleeeTTOORs
TRUUnnnSSSlliiTUURRaaTee
TTTRRRaNNNSSlliiTaaaRRUTTTaaaDDD
ttRRROOnnnSSLLiituuurrrIItteSS
TroNSSLLLuuuTeeeReeettiiNNg
TrraannnsslliiTeeerItttIIooonn
trEnSSSlIterrraaTIoNNN'SSS
ttrrAAANNNsLLiitEEERRAAATIooonnsss
tttRRRaNNSlUTEErrATIIIRR
tttRRiiNNSlloCCUUUTTUU
trrrANNNSSSloocccUtiiINNN
TTTRRooNSloooccoootttaaOOONNNS
tttRRRannsslOOCCCeenceee
tttrrrunnssslllAConnccci's
tttRUUnnssslIIIcenncccY
ttRRRaaNNNSSSLLeeeCCooonncccYY'S
TTTrAANNNSSLLuuuceNNNT
TRRaaaNSLLLiiiccceeennttlllyyy
TraaNSLLLOCoooD
TTTrrranSSllaaannnAArr
traNsmmAAARRUNNOO
tttRRRiiinnsMMoGRRRaaNTTT
TTRRRAANssmmIIgrrrATTTe
ttrOONNNssMooGRiiitttEEdd
ttraannsssmOOGrruuuTTTAAASSS
TTTRAAnSSmmmUUUGGGrAAATaanGG
TTRRRansssmmmiiGruuuTiiEnn
trAnnSMiiiGGRRRaaTTTionn'ss
TTTRRRooonnSMMIIGrOTTTIIIR
tRaNNNSMMMIIIgggrraaaTTTAAArryy
tttrrrAANNSSSmEEsssSUUUbbLLu
tRReeennsssMMIsssssIIOOnn
tRRAAANNNSMMMiiiSssiiooonn'sss
TTrrrAnnssmmIISSsiiEEEnnnSSS
TRAAANssmmiiSSseeeVeee
TRRoooNNSSSMMit
TTTRAAANNNsssmmoooTTs
ttRRAAANNNSMMeeeTTtAABBlEE
TTTRAAANSSmmmiiTttaLLL
ttrraNNNSSMMUUTTTTTAl'SS
tttRRaaannnSSMMMOOTTtttIIINNccciii
ttRunssMuuuttTInCCCEE's
TrrAAANNSSMIIITTTtuuuDD
TRRANNNSSSMMMoootttTAAr
TrrAAAnnssmmiTTTTTTiirr'SSS
tRAAAnnnsMMMUUUTTTeeerrrsss
ttrrroNSSMMMIIItttTTTEEENGGG
TTrrrUnnSmmmeeGGGRRReeeffiiiCCAAAtaaaOOON
tttraaNsmmOOOgRROOOfffIIcIIIttiooon'SSS
tttriiiNNNSSmaggRUffeeeeddd
TraaansMMMEGRiiiFUUUiiss
TrrrAnnnssMOGGRRRIIFYY
ttrraaaNNNSmUGGRRRiiFFFYYeeeNggg
TTTrrannsmmOOOnnnTTTUUnnnEEE
TTTRRAAANNSSMunnnDDDaNNNeee
tttRRAAAnSSmmuTTEEEBBBiLETTUUUiiS
tttRRRUUnnnsMMeTTAAABeeellluuTTTYY
tRRRaNssmuTTTaaabbLLuu
tttrrrAANNNssmUtAABly
ttRRROOONNNsMUUtAAttiiiUUUn
tttRoonnnsMMMeetttaaaTTeeeen'sss
TTTrrAnssmmmaTAAATioonnSSS
tttrrrUUUNNNSSmmmEttiiiTTTuuuVVE
ttRRRaaNSmmUTTTe
TTTrAAANNNsssmmmITTEddd
tRRRuNsmmmutaaarrr
TTTRannnsssMMMAATaaaSSS
trrrEEEnsMMuuTTing
TTrrraaaNNsNNNUUUttUiiiNNAAL
TTrrrANNNSnnnaaTTTooEEENNNAl'SSS
ttrrrIInnsssNNNiitttIIoooNNalS
TRRiNssOOCCCEEaaneecc
tRRReeennSSOmmm
tRRRANNsssOMMM's
TRRRoNNSSSIMMoooD
tttrAANNsssoomS
tRRAANNSiiiNIcc
TTTraaanSSSPPAACCCIFIc
TrAAnnsPPaaDDDaNNNAAA
TTrAAANNNsssPPPAArOOnnCoooeeess
ttRRAAANNNssparrEEnnnCY
TTTRReNsppAArrrOONNNccyyy'ss
TTTRRRANspeeRREEENttt
TROOOnsssppaaarrriiiNNttllyyy
tttrrAAANspppiiiCCCuuuous
TTTRRRANNNSSPPPUUUErcccEEE
trUUnnnSPPIIIRRRiittiiiIIINN
tttReeenSpppeeRRRaaatttiiOnnn'sss
ttRRRAANNNsPPPiiRRRUUU
TRRRaaaNNSSSPUrrriiid
TRREENNNSSPoRREEESS
tRRiiiNNNSpppARRRINNGG
TrAAAnSSSpppllOOONT
TTTRRAAANNSSSpLLannnttt'S
tttRoNsspplllANNTTaaTTTEannn
TTrrraaaNSSSpllleNNNtttiiitIIEEENN'ss
tttRANNsPPlllOOOnnttEEddd
tRReennnSSSPPPLLAAAnnTTTIINg
ttRaaNNSSPPPlllaaNNts
TTrrAAnssPPOOOlllUUr
ttRRRaaNSSPPPooonDeeR
ttRRRIINNNSSPonDEERR'SSS
TTTrrUUnssspunnDDDERs
TTRIIInnSSPPPAAAnnntttIIInnniii
tRRRAAANNsPPPAARRRT
tttRRINNSSpaaarT'sss
tttrrEEENNSSPPOOORtUUbbbUUULLity
ttrrrAAnnSppoorrrtObbbllleee
TTRRaNNNssspoooRRRttATIIIAAANNN
ttRRANSPOrTTTaaatttiiiinnn'SS
TrraaansssPPiRttAAd
TTrrrAnnnSPPPorrttteRR
TTRRUUnnSppparrtteeeRR's
TTRRRaannnssPPOOORRRtttUUrsss
trrrEEnnsssPiRRRttIINGG
trrUnsspIRTTTSS
tttRRaaNNssPeeeSSAAAbbLLeee
ttrriiiNNsPuuuSall
TTRRUUNssPPuSeee
TRRRANNNsPPOOOsssedd
trrrAANNNSpOOOSSeeer
TTTRaaNNSPOOOsssAAASS
tRROONssPoooSSSeeennggg
TRRRUUNNNSppOsssutUeennn
trAAnnnssppiiiSiiitttIIen'S
tttrrInsPIIIsUUUTiooonnSS
tttROnnnsssPPPOOOTTerrr
TTRRRaaNNNsssPPOOOtttERsss
TrAAnnSSSsssEEEXXXAAAll
tttRRIINNsSEEXuaalll'SS
TTrrraNSSsseexxxuAALLLooosm
TTRRRIInnsssSSSIIIxxxUUUAlluuuSMM'sss
ttRRRENNsssssexxxIIIIIliiiTTy
ttrrOOnSSSSSuXXiiallSS
TTTrrrEEnnSSSShhAAAP
TTRROOOnnnSSshippMENNTT
TTrrrAAAnnssssshhiipppmmmeeNttt's
tttRRaNsssSHHIIIppPPPEDDD
TTTrrAAAnnsssshhIIIPPPPPPInGG
TTRRannsssssshhIPPS
TRAANNsssooonneC
TTTrronnSSUBBBSTTANtttooaattUUU
TTRRAANNSSuuBBSStttaNNTTIIOOOtttieennn
tRRRInSAAABBStoNNtttOOOuuutIIIoN'sss
ttrrAAnnsaaaDDaaattEEE
ttraannssoooddaTTEEOOOn
TTRRaaNNSUUUDDDuuutttIIuuunns
TTTrrrAnnnSSSUUdddEE
TTRRAANNNSUUDDDEEEDDD
tttRRannssADAAASSS
tRAAAnnnsssUDDunnng
TRuunsseeraNNIC
TTrrAANNNssoorrrIIINNeUUMM
TrrAAnnsvvvaaalllaaee
TTTrEnSvvEEErsAALLL
traanssVVVoRRRSEEE
TrAANNNsvvverSeee'SSS
trAAnnSVVeRSSSooLLYYY
tttrrraNNssVVeeeRRSSSEEEsss
TTTrEnSSVVVeeStIssM
TTRaaNNsvvAASSTTTiismm'ss
ttRRAAAnnnSSSVVVoosttaattAA
TTTRRRAAAnSVVEEESStttIItttaaa'sss
TTTRRRoooNsVESSttaaTOOSSS
TTRRRannnssvvveeSStootttiiismmm
trONNNssvvvAASSSttattuusssmmmsss
tttrrAAAppp
TTrrApp'SS
ttrrriPPuuNN
TrrapppddoOOOrrr
TTRAAPddiiiAR'SS
trrraaPdooeeeRss
ttrAAAPPeeSSS
trrapppEEEzze
TTRRaaPPIZZu'SS
tttrrraaapppezzzeSS
tttRRRipOzzzIIIAAA
TRRRAAPEEZZiiffoooRRRmmm
trrAAPeeZZZiiUUMMM
tttrrrapiZZieeMMM'sss
TTRRRuuuppAAzziioommmSS
TTRRReePPPiiiZZIIuSSS
TTTRRREEPPPeZZZOhhhiiDroonn
tttrUpppEEEzzzUUHHHEEDDDrronnnS
tttRapEEEzzUAd
trraaPIIIzuuudd's
TTTRaaappEEEZZZoIIdddall
tttrroppUZaaaEddSSS
TTrraapPaaabbLLLI
TroopppPPed
TTRAAPPPPooR
ttrrAAAPPPPPEEERRR's
TTTrrOOPPppOORRS
TrrrUUUppPPeeeNNNgg
ttRRRIPPpppiiNGGGsss
tttrIpppPPInnnGSSS's
tttReepppRRROOOCCCKK
TTrrappSSS
tttrappsHHHOAAtttUUnnnG
TTTrrrIIIPPPshhOOOOTInnnggg'ss
tttrresshhh
TTRRAAASh'SSS
TTrrrAAASSShhhcaaNNN
TTRRRiiiSShhhCCCAAAN'sss
tttRAAASSHHHCCAANNS
TRREshhUUdd
TTTRRAASSShhheeeSSS
tRaaaSSShhUUUEEEr
TTRROOSHHHUUEssTTT
tttRRROsssHIIINNEsS
TrIIIsshhINeesssS'sss
TTREEssshhhIInngg
TTTrrrAsssHHHY
ttrrisssS
TTrrraTTttorrriiiAAA
tRAAUUmmA
TTrrAumma'SS
TTTRaaaimaaSSS
triiuuuMMMaaaTTa
ttrrraaaaMatIIcc
TTRRIIOOMMeTIccAllLLLYYY
TTTrrriummuuuTTTIIISmmm
TRRRiUmmutttOOZEEE
ttrrrAuMEEtiZid
TTrrIIummmaTTTuuuZZZeeeSSS
TRaUUUMMaaaTTTiiZZZIIINNNG
TTTRRRaVoiiiL
TTTRRAAVVuOOL'SSS
tttRRAAvvvAIIlllEDDD
ttRRAAvvaIIILLEnnnGG
traaavvIUULSS
ttrrAAAVVVooo
trAAAVVVEEL
TTrrrooVel'ss
TRRREVVVEEELedd
TRRavEEluRR
TRRivIlEErrr'SSS
TRREEEVVVIILLEERS
TTTRRREEEvvvALaaNG
TTTrAAVVEEELLengg'SSS
tRRaVVelllUUUNgS
TrrrAAAvvveeeLLLLEEEdd
TRAAVEEEllllloooR
tttrrraaVeLllleRRR'SSS
tttReeeviiiLLLllARRRS
tttRRiiivvvELLLLOOOnG
TruuuVVilllogg
TTTrraavvEELLLOOOGGG'SS
TTRRAAVVOlllooGGGS
TTrreeevEEELLooGGGuEE
trraavvviilloGGGuuue'SS
TTRuuVVVaaallloggUUUeees
tttRAAAVVEEELLS
tttRRaaVVORRRSSSaBBBLLee
trrrUUvvvuursssOll
tttrrraVaRSSSal's
TTrrreeeVVVERsAALSSS
TTrrEvUURRRSSSEEE
tRRRuuVEEErrSSSe'SSS
tttrrIVVAArrsssiD
TTRUvvveeeRRSeeeRR
TTrrrAVErSSSAsss
tttRRRaaaVErsaaNNNggg
ttrrOvUUURRRTONNNee
TTTRRRaaaVVees
TTRRRaaaVVessTToeed
TTTrrreeveestIESSS
ttrrruuuvUUUsty
trooVVissTTTYY'ss
TTrAvvvesTTTyyyUUNggg
ttrawwwlll
TRaWL'S
TTROOWWWllleeeDD
tttrrreeewwwLLLeeR
trrrAWLLEErrr'ss
TRowwwllaaRRRSS
TTRRAAAWWlIIInngg
trrAWWLLLSSS
TrrrEEyyy
TTTrrrAAYY'SSS
TTRRRaaYYYs
trrrAAAuuChhheerraaaeeS
ttReeAAChhhEErrroUUUSSS
TTrruuuaaccHHHeeRooUUSSSllY
TTrreeecccherOEsneesssss
ttrraaaaaCChhherEEUUUsNUUSSSSS'SS
TTRaaicchhhErrYY
ttrEEEcccHHEEEryy'ss
tRIIIuuucLEE
tRRREaaCCllleee'SSS
TTRRRoooaaCCCLy
tttRRuAAAdd
TTTrEEaD'sss
tttrreeeAAAdddEEr
TTRAeedddIIng
triiiAAADDDLEEE
ttRRREEEAADDlle'ss
TRREEuuudllEEEDDD
TTRRaiDDDLESSS
tttRRREaaDDlllooNg
ttrrreodddMAAlllll
TTTREUUUDDDMMIIILLLLL'S
ttrrrEAAAddMiilllLLSSS
TTTRRUUUuuudddSS
TrreeAAASSSoooNN
TTTReAAAssOOONN'SS
TTTREEEOOSOnUUUBBBllli
TRREEaaasOOOnnnoouuSS
tttrreeESSoooRRRAABlEE
TTTrrEAASSSUrreee
TTTrEEassAAARRii'SS
tttrrriAASiiRRRoooD
trrreeAASSuurarr
TRIaaSSaarreeer'S
tttREEAsssarrErrSSS
treeeaaaSSuurreeerrrSHHIIIPP
ttreeeaaSuuREESSS
TRRRuAAASSSaRaaEEsss
TTRRREAASuRREnG
TTReeeooSiiiRRyy
TTrrreeUUUsssOOryy's
TTTRRReaaaTT
TRRiiiiiitt'SS
TTRRiAtAABBLLEE
ttRuEEETTTEED
trrriIIItER
TTrreeeUUUttteeeuuSS
ttrrreIIItttUUNNNGG
TTreAAAtttooosssEEE
tRReeaTTTISSSo'sss
ttRRROaatIIISSSEEEss
TTRuEEttmmmEEEnTT
trEEEAATTTmmeeNNNT'SSS
tttREaTTTmUnntttsss
TTrrEEIIIttS
ttRRROATY
TTrEatttyyy'ss
tttRREBBBLLLe
tttRRReeBleee'sss
tttRRoBllEEEdd
TTTrreBLLuS
TTTRReeebbLLEnggg
ttRUBLy
ttRRRIBBUcccheeTT
ttRAcccEENTTTOOO
ttRaaDOCelllLLLOIIINNN
TTrriiiiii
trIee'S
TTrrrEEUUUdd
ttReeOOhoooPppIIIrrr
tttrrrOEHoPPPPAAARsss
tRRaaaeeeoonnGG
ttRAAAUUllleessss
TrrEooLiiikkkee
TrrrEELLEEENNNe
TTReeAAAnnn
tttRREENNIIiL
TrrEEEENNAAiiLLLsss
TruEEnWWWARRooo
trrrIEEEss
tRRREaatteeeppp
ttrrOatttUUUP'SS
trEEuttooppps
TTrafffiiIlll
TTTREEEfffOIIILL'sss
ttrEfffoooAAAlss
TTTREhAAllaaa
trrreeehaLOsse
TreIILLLAAggee
TTTRRaaaILLLLLaGGGOss
tttRIk
TRReeeK'SSS
trEkkKKKaaaD
tReKKKkeeerr
trreekkkKKKeeeRRR'SSS
ttRRaakkkkkARS
TRREEEKKKKAnnGGG
TTTrAAAkkkSS
TrrrEEELLLllaaaS
TTTrEELLLLLiS'S
tttrrreeLLlllUUUssEEddd
TTRRRallllIISUUS
TTTrrrEELLLLOOssAANNNggg
tttrroooLLLLUSSwwwOOOrk
TTrreemmAAAToDA
trUUUMMOOOttadeee'S
tttrrEEEMMMoooTToddoSSS
ttrriMMMBBBLLLEEE
TRREmmmBLLIII'ss
trrruuuMMMBlluuuDD
TTruummBBBlIIIrrr
TTTReMbbbllEEs
TTRRREmmmbbbLLLiiNNG
TTRREEMMBBLLLiiiNNGGGlY
TTTrrEmmbLLeeengggs
TTTRReeeMBBLYY
TTreeeMMMuuNNNDOuuuSS
TrrriMMeeeNDDooassLLLYY
tttrrremOLLLUUUnt
trrrEEMMoLLiiiTEEE
ttrrrEEMoolliTTTEES
ttrrrEEMMooollO
trrreeMeLLLOOO's
tttrEEmmmiilllIS
TTTRRREEEmUUUrr
ttrEEEMooorrr'sss
TTRREEEMoorrrss
tRReemmuuLLLAnntt
TTREEEmmmuuullOOUUUS
TTRRREmUlOOOUSLLyy
TRemmmUUUlllOussnnneeeSSS
tRaMUllaaausssNIIIsssSSS'S
TRuunnnUUaLLL
TTTRRRAnnnEuLS
ttrrrEEncccHH
TTTrreeeNNNCHHH'S
tttrrrEENNChhhaaannnCCCYY
TTTrrEEnccHANNcccY'ss
ttRREEENcHHiiintt
tttreeencchhaaannTLLLYY
TTrrraaNCCHHHeeeDD
ttrEEnnnCHERRR
TTRRRENCChhhaaarr'sss
tttrrrEEENNCHEEErMAAANNN
tttRReeeNNNcchhhOOrMMMoon'S
ttRRiNNNccchhEErrmEEEN
TTTRRREENNccHHHeerrSSS
TTTrrreNNNcccHHHeSS
TReeNNNCCHHHuNNGGG
TrAAANNd
Trooond'sss
TTRRUUUNDDDEEEDDD
trrEENNDDuuuEr
trriiinnDDDIIIEs
tRRREEnDDDIESSTT
TRRRaaaNNDDDILLyy
TRREEEnnddInnnEEEsS
tRiiinnnDDinnnEESSS'SSS
TrrOOOnnndiinnng
ttrraaNNdSSS
ttRiiinnnddsEEETTTTTuuuRRR
TrrennnDSETTTtturrrss
TRRReNdSeettTTiiinGGG
tttRREEnnddY
ttrEEnnDDyy'S
tttrEEPAAAnnn
TTTReeppannngg
TRappAAnggS
tttrrEEEpINNNNeeDDD
TTriPPeeeNNNNiiNNGGG
tttraaaPPPannns
TTTrrAAPPPhhhOOOnnaTTIoN
tttrEppHHAAnAAtiiiAAAnnS
TrrePHAAneee
TTTrEEEPHiiNEDD
TTrEEEPPhUUUness
TTRREEEPHHHeeenIIInnnGGG
TTTRREEPPPiiDaaaTIiiinnn
ttrruuPPIDiiTTiiIIn's
TTrAPPiiiddaaatttAAAUUUnnS
tRRopIIInniiiMMa
TRReppAAnneeeMasss
TTTrrrEsssPPPAAssSSS
TTrrrEEsPPPaassS'S
ttrresppAAAsssssseeeDDD
TTrESSPAAsssssEEERRR
ttRIIsspAsSSSaaar'SS
tttRESSSPPPAsssOOrrrSS
TTREESPAAsssSSEsss
TTRRREEEsssPPaaaSSsEENNNGGG
tRUSSSS
TTTrrOSSSSSS'sss
trrISSSAAALL
TrESssEEEsss
ttREEESssUUra
tRResssTTTLLiii
TTTRRessTTlllii'SSS
TrrrAAASSSTTTLLeSS
trrreeeSSTTTLLaawwwiiirrk
trreesssTTTLLLewurkss
TTreeT
ttrrrEEWWSSS
tttRREEEYY
TrrreY'SSS
TrEYs
TTRRReAABBllii
TTREAAACUUddd
TrrIIuuuddd
TRRRIIIAADD'S
TRRRiudellPPPhhuuuuuusss
trrrEEeeediiiCC
trOOOaadddS
TTrrrEEEaaagggEEE
ttriiAgggEE'SS
trrrUUAAALLL
tttRRiEElll'ss
tttRIIaaLEddd
TTrrIIaalInnnggg
tttrUUaLLLS
ttRRRiOONNNgLeee
TREEEiinnGGGLLO'ss
TTRRRiAAnnGLLLass
TTTRRiaaNNNGILLLARRR
TRiiaangggeeLiiirrrlY
TTTrriiAAANNNGiillattEEE
trrrIIuuuNNNGGULLAAAttEEDD
tttRiiiiiNNNggUUUllAATTeeS
ttrrrIIaaanGGEEELLLeeeTTInnnggg
tttRRRuuuUUNGGuuuLOOTTTOEN
TTTRRRIIIaannGGGIllAATTIIIAnn'sss
TRIIiiiNNNgguulllaaaTTTeeOOONNNSSS
TrrrAOOrrrchhY
TTRuiiTTThLLLEEttE
ttrIIATThhLLeeeTTTEEss
tReeAAATTTHHlluun
TrrAAaaTThhhllOn's
TTTrrrIAAAthhlllOOOnnnSS
ttREaaTTOOOmOcc
TRIAxxxOOaaaLLL
tttrrriiiizzIINNee
tttRRRABBBAAAdee
tRRiiiBBBuDoossmm
TTrribEEll
ttRRUBBBAAAllliiismmm
tttRIIIBULiisssmm'ss
TrrrOOBAlllLyyy
tttRRIIIbbAAASIIIccc
TRiBBE
ttrrUUUBBBe'SSS
triBIIs
tttrrIIbuuSSMaaNNN
TRRIIBEEEssMMeenn'sss
ttrIBESSSmmEEEN
TTRIIbbeessWWOOmAn
ttrroobbbeSWWiiMMaNNN'S
tRRRObEEESWomEnnn
trrIIBBBaEEELLeeccTrrICCCEEETTy
TRABBoooLLLuumOOnUUUSScOOONCCCOOO
trrrooobbboLLLaaamiiiNEEEsssccEEnntt
TriibrroooccH
TTTRRIIIbbReeemmmuaatthhhUUUNNNoool
ttrrIIBBReemmoooeetthhhAAAnuulllsss
TTriiiBBuLLUTIiiNNN
tRRRiiiBBUlllATTIIUNNN'ss
TrooBBuLLLOOTTiiiOnnnSSS
triBBUnnnAAAL
TTrrribuuNNULLL'S
tRIIIBBUUNNNaaalllss
TTriBBinnnaaarrrYYY
TTTRRUUbUnUUUtttEEE
tttriiiBBIINNEE
tttrriibbaaNNNUU'sss
tttribUUNNEEESS
TTrIIIBBBAANEEESHHHEEP
ttRiibbbaNesshhhuuupsss
ttRRRiiiBBuuuTTaaariooS
TTrruuubIIItttirryy
ttRAAbbeeeTAAARy'ss
TrrrooBITUU
TTTRRRIIbbbUUTTe's
TRRiiBuTTiisss
TRRIIccee
tttrrriicccEE'SS
TTRRIceeenTEEnnnIAAALLL
ttRaCCUnnnttInnnNaaeeelll'SS
TTrraaacUNTiiNNnAAaaLLS
TRRUUCCEEEPPPsss
TTTriCCCEEEpSSS'SSS
TTrraaCCCAAPPsEEEsss
TTTriiiCCaarrIITeeppS
TrrOOOcaaRRAAAtttAAps'sss
TrriiiCCeRRRAttoPPSSSeeSSS
tRRRiChhhIIIaaaSAAsss
TTTrrOcHHIInnU
TrrOchIIINNNaa'S
TTrOOOCHHiiNNAAAee
ttrrIchaaaNNNuuuss
TTRRRIChhhinniZZii
tttRRoooCHHOOOneesiiS
TTTrrECCHHIIINNNUUUSSUSS'sss
TTrriCCHHUUTTeee
TTrICCCHHlllIrrroThhYYYllleeeNeee
tttrIIchhhllUrrrIIIDooo
TTRRucHHHLLorrrIDOOs
tttRiichLLOOORRooommETTHAANNOOO
TRRRIICCChheccyssTT
tttrrOOCChhhuIIIdd
tttRRROOCCHHHooollIIgggY
TRiiccchhhAAmmI
TTRiiccchIIIMMMoonnaaDDD
TTTrriiCHHEEMMMooonnnadS
TTTRRRuCHoooMMooNNNIIIaSes
ttRuccchhooomoooNNNUaaaSSSOSS
TTRRUccchIIISSSOOS
tRRRiiicchoooTOOOmmy
TrriicHHrOIIssmm
TrrrooCCHHHRRROIIssmsss
TrricchhRRREmmaaTT
TTrrriicccHRROMMMEtiCC
TTRIIcchRRRAMUtttIIIsssm
TTTRiiiCKKK
TTTRRAAACCCK's
TTRiiccKKeddd
tttRRiiiCCCkkkuurrr
TTRRRECCCkkEEERY
TRRUUUCCCkEEERRYY'ss
TTRRECCKKKIIooor
tttrrraCCkUUUEEEsTTT
tttRRRiCCkkIILLy
trrECKINNeeesss
TTTrrUCkkIInnEEESSSsss'sss
trIIICCCkkannnggg
TTrAACCkkUUsshh
ttRRiCklllEEE
trrOcccKKllee's
trrrICCCkllEED
ttrriiicccKKLLISSS
TRRRecckkLLIInG
trAAACCCkkks
TTRiiiCCCkkSSSoeeer
ttrUUCCCkksseAsT
ttRROOCKKstEERR
TRRIcccKKKSSTTTaaaRRR'SSS
TRRRIIIckSttEERRRsss
trrUcckSYY
tttrrIICCCKyy
TTTrIICLLLannniiicc
TTTRRRIIICCCLiiNNNIIIaaaMMM
trrIIcuLLORRR
tRRRaaCooLIRRR'sss
TTTrrIccOOllaaRRuuuD
tRIcccULLOORRsss
tRRooCCorNN
TRRRiiiccciiRRRnnnoo
TRReeccuRRRNNNiRUUUDD
TRRRuCCCORRNNeeess
TTREECCaaRnnns
TTRRROOCCaaasssTattee
TTTRRRAAACCUUTTT
ttrrreeeCCoooTuunnnu
TTrrrIIIcccootSS
ttRRRIIcccRRRiiittUccc
trrriiCTTRiiiCC
TTrrraaaCCCuuuspIDDD
triiCYcLLEE
TRiicyyCCLLee'ss
ttRReeecYYCliiiSSS
ttrrIIIcccyCCleeC
TrrreeeCyyCCCLLaacccsss
TRRRiideccTTylll
TRRRiidddeeNNNttt
TRReedeeNNtt'sss
ttRRIddUUNNtsss
TridddiiiMMMennnSSAAAonnnul
TTTRRRIIIoooCCiiiOUSS
TrrrioooD
tttrriiAnnnNIeeel
TTTRioooNNNNeOOOLL'ss
TrriiOOONNnnOIllllYY
ttrOOOeeNNNNNNUUaaLLS
TTTRUUUEnnnnUUm
TriiiEERR
TTrrriiaaaR'SSS
tttroooeeerEEERRRcHHH
TTreeeEEERSSS
TRiiiES
TrOOFAAACCUUUaaL
TRRRaFFFfIID
tttRiffffiiiDDsss
tttRiiiFIdd
ttRRRifffllE
TTTRRiiiffllleee'ss
TTTrrrifffLLLeeedd
TrrriiiFlllUrr
ttrrrIIIffLERRR'sss
tRRuffLLLiRRSSS
TRRaaFlASS
ttRiiFlEEENNGGG
TTTReefllinnngggLLLYYY
tRRRIffOOOCaaaLL
TTRiffeCCCUUlSS
tttriffiiiCCCaaallls'sss
TTrIIFFFOOLLLiatO
ttrOOfffEEELUOOOmm
trrrIIIFFAArriiA
TTTrrreefffooriiuuuM
TrrriiFFORMM
tRREffuuurrrCUtttuu
tttrIIIG
TRiGGG's
TTreGUmmmiiiNal
TTRRIggaaamIIInnaLLS
tttRRRiiigGERR
TTrrrIIIGGggOOr'SSS
ttrrIIgggGIIrrreeedd
TTrAGGGgggEERRRfiSSShh
TTTrrIIIGggiiiRRRIIInnnG
tttriiiGGggguurrSS
trrIIIggllYYCCOOrrIdddee
ttrIglYCCCEEriiiddii'SS
TTrrAAAGLLYYccooorrriiidas
TRiiGLLLyyypppHHH
TTTREEGGGooonn
ttRRRIIGGGEENNIIILL
tRAAAguuNOOOmmmEtREEC
TTrrrEEGooonOOOMEttRRiCCaaall
tttRIIggonommmEEEtttrrYY
TrUUgggeeeNommeeTTrryy's
TriiGGooonOOOuusss
tRRREGGooonS
tttrruuGrrrAAmmm
TTTrrrIIGGRRaaaMMss
TTTRIggrUPPPHHH
TRRihhIIdddRRRuul
ttrruHHeeDDDrrooN
tRIIIHHYddRRRICC
TrrruuuUUUiddOOOMutHHHANNuu
tRIKKKee
TTTRRRIkkkE'S
ttRRRIIkEEsss
TTTRRRaaLLLaatttEERAAAl
TTrooLLLaaattoooraaalS
TTRRUUUlatirrruTTTiUUUN
trrriiiLLbbbaaaOOOs
TTRRiiiLLLbbYYY
trrruulbyyy'S
TrUUULLeMMMMMAAA
TTRRIlinEORRR
TTTrrruuulllInnguuAAL
trrrOOOllOOTTeeraaLL
tttRIIIlll
TRROOllLL's
TTRRREElllIDD
ttrrAAllllunG
TTTrrIlliiiOOOnn
TTTriiLLLLiionnn'SS
TTTriilllLLOOOOONNNss
TTTrrreeelLLLIIOOONNTHH
tRRoolllLLLooooonnntHH'ss
TTrAAAllLiieeennThhss
TTTrrIILLLLLLiiuuummm
tRillEEUUUm'S
ttRoollllllSSS
TTRIIIlllooobbuuuTTTU
tttrrrIlOOObIItEEE
TTTrAAALLUUBBBUUUttAAA'SS
ttrriiilliiBiittaaaS
TTroLLeGiiees
ttraalOGYYY
TrrrIIIllugggyy'ss
TRRiiimm
trriiM's
TTTrrruuuMMaRRRuun
tttRRaMMMoorrrAAnnn's
TTRiiimmmiirrruuuNs
tRiMMMer
tRiiiMMMoRRRAAAUUUSS
ttriMEErrs
TTrOOOMMEESTTeeeRRR
TrimAAssstterrr'SS
ttrrIImmeeessstteerrSS
tttrrraaMMMEstraal
TRREmESSStraeel
tttRRImETALLLLLOC
TRuMEtterrr
TriiimmeeeTTTrrraaacc
tttRRRaaammAtrreCAALL
TTrrUUMEEtttreeGGooNN
TTrrEmmlyyy
tttRRRommmmmmEEEdd
tRRUMmeeeRRR
ttrrriiMmEEERRR'sss
TTRRUMMMeeerrS
ttRRUUMmmEESSttt
TRiiMMMmmuuunnnGGG
TTTrrIMMMMIInggg's
ttriimmmmmuuuNNNGs
ttroooMMMMooonnnGGGss's
TrriMMMnuusSS
ttrriiiMMMNEESSSsss'sss
TTRRReMMooollOOcULAARR
TRRemmmoNTThhhlY
TrrUUmmOrPPhIsMM
tRiiiMMSSS
TTrriinnnAAAl
trrrINNUUUryyy
tttrrriNOO
tRRiiineeeSS
TTRRinUUUTTTOooos
tRRRUUUnitttROBBEEEnZoooNEE
trinuuuttRRoooccReeeSSUUl
TriiiNNUUTRoooGGlyyyCeRRRAAN
TTTREEEnnnIIItRuppHHHEEENNeeeLL
tttrrrinniTRiiiTTToolUUaaaNNEE
trrOOOnnnIIIttRROOOttooLLLUEEENNaaa'SSS
ttriniiittRRoottoooLLaaaooll
ttRRRannniiTyy
TTRiinOOOttty'SSS
TTRRRIInnnKEEtt
TTTRRuuunnnkkkuuuttt'SSS
TrraNNNKKEETTRyyy
ttRenKKKuTTTSS
tttruuNooMMOEL
TTTRRRiiO
TRAAAo'SSS
TTTRRAAUUUdEEE
ttrroAdEss
TTRRoaallleeeiiin
tttruuAllleettt
tttrrIIISS
ttRUooxxiiiddeee
TTTRRIOOXXIIIDeeess
tRRiiPPP
tRIIpp'SS
ttRRIIIPIlllmmiitttuunnn
TRRRAAApppooLMIteNs
ttruupppIIIRtttEDDD
tttrrraappparrrTTTiiTTTe
tRUUUPPArttAAttOOllYYY
TrrrUPPUURToteeOn
TTrrEpaa
tRRRiiiPPPEE'ss
tttriiipppuuuddaaLLL
TriPPPeRRSSSUUUnnnAAAll
ttRRoPPEEEtaaLoUUUs
trrrIPHHuummmmOOrrr
tttrIIpphhIIImMMMoorrss
tRRiiiphhhIIIBBBIIIUUUUs
TREPPPhhhtttHAnG
TTrrriiiPPPhhylATTTaaa
TRRRIppinnnnOTII
ttrrrOOOPPPllAANEE
tttrrrEEpplEEE
tttrrOppllle'S
tttRipppLLed
TRRREppplEEESS
TRRRIIpLeett
TrreePLLLeeet's
TTTRRuPPPlleeetaIILLL
triiippplIIIttuuuIIILS
tRRRIIppllEEEtttss
TTRuuuPPllleeeX
tRRAAAPPLLExx'S
TTrIPllliixaaS
TTTRRiPPPliiiCCCaaattii
TrrruuplllAAAccAAtEE'ss
ttRRRiiPlllOOcaaatttEEddd
ttrIIIPPLEcAAttEEss
TRRuuPPLIIICCCAATTTAAANNgg
ttrrIpLLICaaaTTTionn
TTrrEEEppplICCCIIITTTYYY
tttrrIPPPLLLIINNNG
TRREEEpppllloUUUddd
ttruPPPllYYY
TTTRRaaaPOd
tRIppod'sss
TTTrrrIIIPPPAAAdddaaal
TruuupooDIIccc
TrIIIPPPOODDDsss
TTRRRUUppOddYY
tttRRIIIpOOOLLII
TrippOOSSS
tRaaappooSSSeeeS
tttRippppiiddd
TTrrrIIIppPPerrr
TrrEEEPPpEr's
TTTRRiipPPORRRSS
ttRRiiPPPpiTTT
TraaappppIIInggg
trrriippSS
ttrriiptttEERoooiiiSS
TrrrOPPPttYYccch
tttRIIIPPPtYChhh'SS
tRRUUppttYYcHHS
truupwuRRRo
TTTrriiiPworEs
TRRRiiiqqqUUeeetttRRAAAIIIsss
TriiiRRREEMuuu
TrAArrreeeMMEE'SS
tttrrrOOrEmmAAASS
TrEESAAACCCCCCHHooRUDDAA
TTrraaaSaCCCChAAreeDDOSSS
TTTriissoooccct
TTrIIISEEECttteeD
TTrrIIIssEECCttuuNNgg
ttRisssUUUCCCTTiiONN
trrrissseecccTeoon'SS
TRIsOCCCtOOrrr
tttResssEECtS
ttRRIIISeRRRIIAAAL
ttRUUSSSKKKooIIDEEEKAAApHHOOOBBBOOOaa
TTRasskOOOiiiDEEKKKiiippHHoooBBIIAs
TTTRossskUUUliiiUnn
tRRROSMMeeeS
tttRIsssoccctaHEEdddrrrOOnnn
TTRRaSSEEEMAC
TrrIsTaa
TTrAAssTTIIccHH
TTTRIIstIIICChOees
TRReSSSylLLLooobllleee
TrUsssyyllLLuuBBBlles
TTRROOOTeeenOPEAA
TrrriTeeNiiiPPiiiSSS
ttruutttIII
TRRiiitOllY
TTratttOnnnAAsss
trrrItteenneeSSSSSS'S
ttrIITTUrrr
TRRRIttoooSST
ttRRRiitHooIIISSSMMM
TRoTEEEAMM
TTrrrIIIteeUUUmm'S
TTROOtttooonn
TrrIttOnnnS
TrriiiTTTarrrEEBlle
TTTRRRUTTuuRRooottE
tRIIITTuurETTOINNN
TTrrIIeMMppHH
TTReeeUUUMPPPh'SSS
TrrrAaaaMMMpphhel
triiiimPPhhhallloooSSSM
ttREEEuuuMpppHUllIISSStt
ttrrriiaMMMPhhhannnTTT
trrrIIumPHHinnttly
tttRRRIIeeeMMMPPHHHUUUd
ttRIIIIIMMPPhhhIInGGG
ttrraaummmppHHS
treUUMMMVIIrr
TTTROOOUMMMVVVoorrr'SS
ttRRRUUUUUmmmVVViRRAALL
ttRRRioMvvveRRRATEE
ttrrrIIammvviRRRaaatttE'S
tRRiiiuuuMVVVIIRRRiTOOsss
TTrIIIeMvIIIRRRii
ttrrUUUUMVVIIrrS
TTTRRRiiiuunE
TrrrEuunIItYY
TRRiVVAAlllenCCCyy
TTTriiivvvAlllUNNNTT
trriiVVEtt
tttrrrIVVVeeTT's
ttRiiiVVVEEETTTS
tRRRiiiVViiI
tRRRiiivvIIIEE'sss
TTTRiiiVeeeAll
ttrrEEvvAAaaallITTiieess
tttrrUUUVVIAAllaTTYY
TTTrIVVeAAAlATTy'SS
TTRRIvvviialllIIzzzaaaTTiieeenn
trriivIIaLUZZZaTTTEEEooonn'ss
tttRRAAAVVVIiiiLLEEZUUtttiiiaNNs
ttrEViaaaLLIIIZZZEEE
ttrrrIIIVVVEEEaaaLIzzzEdd
TrriiVaUlOOZZeeesss
TTTRRRiiVVViiiiLLLiiiZZENgg
TTTRRRooVVViUULLLlllyyy
TriiVIIIUM
tttrrIIVIIOmm'sss
TTrrrIwwwaEEkkkLYY
tttRuuAAATTT
TTTrooIITTeddd
TTRRRaAAATIIING
TTTRRRoETTsss
TTrOccaar
TTTRReeeCHaaiiCCC
tttRRiiiCCChuuLL
TrrrooccchAAANtUr
tttRRaaaccchhee
ttRooocccHHHEEEE
trrEEEcchhhEEEii'S
TTrroCCHHaaaESSS
trrooochuuLmmmEENNttthhh
ttrrrOOChoooss
ttRRooocHiiLuuSS
TTrrroCCCHHllEEEuuuRR
TTrrOcchllEoRRRss
tttReecccHHOOPPPHHaaRRREEE
TrrOOd
TTrrroodddDDeeeNN
ttRRIIIggLLLUDyyTTToo
TTTRRRoogLLLeddYtttII'SS
TTRoooGlllEEDyyyttUss
TTTRRRooGGLLAAADDyyyTIC
TTRRoGLLLooDDYYYTTTISMMM
TTTREEEGGGonnn
ttROOOGGGoooNNss
tRRROEkaaa
tttRRREEIKKKAA'sss
tttrUiiikkkUUUS
TTTrruuulll
TTrOOllLLL'sss
TRoooLllEEDD
tttrrolllLLLooRR
tRRRoolllAARRRs
trrOOOLLLLeey
ttRROOLLLUUyyy's
trOOllllleeYYYbuuuSS
trrrELLLoooyyBUUUSS'S
tttRRoooLllleeyyyBBBAAsssEEESS
tttRRReLlEEyyybbbiiisssseSS
tttRoLLLEEYsss
tttRROOOlLLiieeeSS
ttruullLennnGG
TTTRRRulllLoPP
tttRRROLLLlOPP'ss
TRRoolllLLLOOOPPPSS
trrruLLLLsss
TrroLLLlllYY
TTRRRUUUlllLyyy'ss
TRRRuuMbbbADooaaaSSUS
TTrEEEMMBaaNNOOO
ttrrEEMMBONNEE'sss
trrOOmmmBBOOOnnnEs
TrruMMMBBOOnnnUUssstt
tROMBBOONNNeSSStt'SSS
TTTrrEEmBBAAAnISSStttss
trIIIMMMelll
TTrrOOOMMPPP
TTTrooommmPPPee
TTRRUUUMMPeeddd
TrUmmmPPiiiNNGGG
TTrrIMMppss
TTTRoonaaa
TTrEEoPPP
TTTrrAAOOppp'sss
TTRUUOPiiDDD
ttroooooPPPeeerrr
TTTrrraOOPPiiirrr'ss
trOOOooopppERRRsss
Trroooppinnnggg
TRRooPPss
ttRuuuooopssshhEP
ttRRRiieeePsssHip'S
TTTROOOPshhIIIPPPSS
TTTrrIOOOSSSTTiiTTEEE
tROOppee
TTTRoppEEE'SSS
ttrOOpppEEEOliiiNN
tRRRApEEEs
tttrrOPhiiCC
TTRROPPhhiiiAss
TTTrapHOOOBLLLEEssTTT
TTrreeePPPHAAAPLuusmmm
trrEEEPPhiizooiitoo
tRRRoopppHoozzoooTTTUUss
ttrroPPPhy
ttrrreeppphyy'ss
TrOOOpiC
TTRAPICC'ss
tRRIIIpUUCCaL
TTrrrOOOppIIICoooLLeeZZZeee
TTrrIppACaaLLLY
TTrrupoCsss
tttRRROPPPIccSSS'S
TTTrrrOOOpppINNUU
TTTROOpOssmmm
TRROOOppaaSSSMM'sss
trrrooPPPoooSMMMSSS
TTTrAAPPUUlllIIIGYY
TTTRRRoooPPPOPPPioosssaa
TTRRoopOOOPPPuuuiisssEsss
TrrOOOPPooPPPhhAllOOOS
ttruuupppEESSphhhiiiRiii
ttRRRoooPPooossppphhEErrrE'SSS
TROOOpOOSpppHHUrAAASSS
TTRRRIPoSPhhhuuREECC
Trreeett
tttRuuutt'S
TrrOOOtHHH
TTRaaTHH's
TRRRoooTTThhhPliiggHT
tttRRRAAtttLiiNa
TTrrruuTTTS
trroootttTTTEEDDD
TTRIIITtER
tRRRiTTTtAAArr'S
ttrrOOttttteeRRs
tttrruuuttTiiNg
TrrrETTYYLL
ttRRROUbbEDDDEEEUR
traaaiiiBAAADoouuRRR'ss
TTTrreAAABBIIIddoouuurSS
trOOOUUBBBllee
ttrOOOuuuBllleee'sss
TTTRREEEAAAbbbllleDDD
tttROOAABBBLLLeeeMMAAAKKuurr
tRRRAOObbbLEEmmAAAKKKoor'SS
TTrrrOOUUbbLeeemmmAAKEEERS
TTTrooobbbLLeeMMMOOOkkkUnnGGG
ttRRIIIUUUbbLLLoRRR
tRRoooooBBlllAAAS
TTTrrrUUUooBBBlllAsssHOOUUUtt
TRRROOOIIIbblllOSSHHoooottteedd
ttRRUUUBLLLEEESSHHHOOooottiiiR
TTTrOOubbbleShhhOuuTeeeRR'ss
TTTrOUUUBBBllASSShhEEEiiiTTTeerSS
TTrOOOuuuBBBLLAshOOotAnGG
TTrrrOUUUBBBLiSSSHEeTAnnnG'sss
ttrrrooUBBLEESSShhAAAooottS
trrIiBBBlllESSSHHHooot
tttrrouuBBLLLeeessOOmmme
ttrooUUUBBluuuSSSuMMELLLyyy
TTROUUUbLUUsppAAttt
TTrOOUUUbllOOONNNggg
TTRIIIIBBBlUNNGGGSS
TTReublloooUUs
TTTrrrAAUUggHH
ttRRRuuuGH's
TTRRoIIIGHHS
TTTRRuuUUnnnCi
TRoooOncccooodd
tRAAuNNNCCCAAArrr
TTTROuNCCEEErr'SS
tRRRUunceeeRS
TTTrrrIIIUUUNNCEEss
troUUNNNCiNNGG
ttRRROUpeee
TTTROuuuPPooo'SSS
tttrrraaUUPPeDD
TTRRRUUeeppOrrr
TTRRReeeaaaPPUR'ss
TTTRRROOeePPeerrrs
TTTRROupiiiss
truuuuupppiiinnGG
TrAAAAAserr
ttrrOuuuSErrr'SSS
ttrrrOOOiiiSeeRRRSS
ttrAUUsssEEERs'sss
trrEEEaassSSeeAAoo
tttrroouuSSSSEEEiii's
tttrroUUUsssSSeiiiEEES
TTrrrUUAAssseeAuux
ttrroouT
ttrrrOOuuTTT'SS
ttRRROOOuuutttS
tttrrOOuuuvvAAAALLLLEEE
TTrIIIaaaVVEEUUUrr
tttrrrUUvvOOO
tRRRoVUUU'S
TTRRRooovveeerrr
TTroovEEESS
ttRuuw
tttrroWed
tttrroWWaaall
trrrOOWWWIIILL's
TrEEEwelllaaDD
TTTRRowOllENG
ttrrrOWWeelleedd
TrrroowwwEEllllUUUnnngg
ttrOOOwwooLLs
TrroooWWWoonnnGGG
TrrrOwwSSS
TTTrrrOOy
TRRRaaayyys
ttrUUUaaanncy
trrUUaannnCyy'ss
tttrrrAAEEnnT
tRRIOOONTT's
ttrrUUaaNteeD
TTTRaaaAnTooNNg
tRaannTTss
trrUUUCCee
TTTRRRUUUCCCuuu'S
TTTruuuCCCisss
TTTRRRUUUCCKKK
trUUCCCK'S
tRRuuucckaaaggEEE
ttrriiicccKKEddd
ttRRRAAACCCKKKIIrr
TTTrrUUCkkARR'sss
ttRRuucKKEERRsss
TRRuuCCkkuunngg
TTTRRRUccckkINg'SSS
tRROOOccckklla
truuCCCKllleee'ss
ttrAAAcKllAAd
tRRuuuCCCKLAAAR
TTTracccKLLLEEERRRss
tRRRuuCkkllleeesss
ttRRRUCCCKllOONggg
tRRRAACCCkkkLLLIIIAD
TTrrrACCkkklllOAADD'ss
trrruuuCCkkloooUUUds
TRRRiiiCCkkSSS
TTrrruucccaaLeNNNCCEE
TrrrEECeLLaaNNcAA'SSS
tttRuuucUUULLiinnCCIIIESS
ttruuCUlleNCyyy
tttRRooocccuLooNNTT
tttRRuCCCAlUUUNttlllyy
tRRuDDGGeee
trUUDGGGUU'S
TTRRUUDDGGGuuDDD
TTTrraaDDDGGGiirrr
TTTrrruudGIIsss
ttRRREdGGGiiNNGG
trrOEEE
TTRRUUUa'SS
TTTRRUUUeeed
TTTriiEEhhheeaaarrrttEddd
TTrrrUiiaaNNNg
tRuEllOOve
tttrrruueLaavvve'SS
TTRRIIeeelllOOvvvEEsss
tttrrrEEEIIInnUUUSSSSS
TrUUEEnEEEssEEESS
trUaRRR
TTTRRREEEEESS
TrrrUUOsT
TTTRRRuuuffFFLLLeee
TTRUffllAA'S
TRRuuuFFFFlIIISS
tRuugg
TTTREEgggs
TROiiNNgg
TTRRReIsmm
TTRRoooosssMM'sss
TTTroooosmmmS
trrruuAASSStttUUUc
ttRRoolllLLL
trraLLY
TRREmmmPPP
tttruMMMppp's
ttrrrEEMMpEEEd
ttRRUMPUUUrYYY
TTrrruuummmPPPeeerYY'sss
ttRRReempEEEttt
TrUUUmmpooTT'SSS
trrammmPuTEd
ttRRRUMPPPEtteeRRR
ttRRRiMMPeTeeerr's
tttRumPEEtErrss
tttRRRUUUMMMppeeetinnnggg
TTTruuMMpppEtttSS
tttrrruummmPatttwwweeeeddd
ttRRuuuMMMpppeNNNggg
TTrOmppsss
ttrrrUnnnCCCUUUTTTEE
tttrUUNNcaaaTeeDD
TTTRREEncUUUTEEsss
tttRONNCCAtttIIINNgg
trrrIInnCiittiiiiNN
TrUUUnCITaaaoon's
truuuNcccAAATIIIooonns
ttrIIIncccHHuuuOONN
tttRRUUUNChheeeiiin's
tRRRAAnccchEEeennsss
ttrrrAANDLLLoo
ttrrrUUNNNDDDlllIII's
truunDDLEEEddd
ttRUUUNNNddlluuurr
ttrrUnDDDluuR'S
TTTrrOOnnnddLLeeerrrs
TTTRuuunndddlleeeSS
ttRuuNNNdLiNGGG
ttrreeNKKK
ttrrUUnnKK'sss
trrrunnKFeeSSShh
TTrrUnnnKKKIng
trAAANNkkSSS
TTRRRuuunnnnnall
TTTrUnnNNELLLSSS
ttRIIINnnniiiiinn
TTTRRoNNNnneeOONNSS
tttrruusss
TrUUUSSSS's
TTTRRuuuSSSssEEDDD
TTRRuSsssOS
TTrrrUSSSSAAAnG
TTTrrrAsst
TTTrrrAAASSttt'SS
TTTRUUUssttBBuuuSSSttEEErr
TTrroossstttaaaDDD
tttrrusttUUUAAA
trUstAAOO'ss
tRIIsssTEEESSS
ttrrussTTeeoShEEPPP
trrroooSTTeeessHHiiiP'SSS
ttrrUUSSSttEEuuSShippsss
TRoSSStttAR
TTrASSSTTTfuuuLL
tttRRuStfffIIILLLLLyyy
ttrrruusssTTTfffAAAlNOSSSS
TTTRRUUUssstFulllNNEsssss'SS
TRRUUUSTTIORR
trrrUUUsssTTTeiiisss
tttroSSSTiiiEEESSSTT
TTRoStttIIILLYY
TTTRRRIIISSStttiiinneessSS
TRAAAssstttIINNNeeesssssESS
ttrrrUUSSStingg
trruSSSttENNggLyyy
TTTrrUSSttleSsss
TTTRustttSS
TTrrUssttWWWaaaRRThIeeeR
TTrrruuSSStWoortttHHEEEESTT
traaSTTwwwoRTHHHIIINNNeeessss
trrruuuSStttwortthhhiiNNNeeeSSSSSS'S
tttRuSTTTwOOORtthhhyyy
TTruSSTyy
TTTRRRussTTy's
TrrruThh
TTrOtthh'SS
tttRRuttthFulll
TTTRRRUUtttHHHFuulllLLLyy
TTTRRAtttHHFFalllNNNussssss
truuuTTTHHFulnneeeSss'SS
TrrruuutHHsss
tttRRy
TrrrYYY'SS
TTrYYYIINNgg
TTTrryyEEENNNgggllyy
TrrryMMe
TrrryyyoUUT
ttrrryOOUUUt'SS
TTRyyyoUTsss
TTTRRYYPPANNOOsOOmmEEE
TRRRyyyPPaaannnOsssooommmAAAaaaSSSIIs
tttRRYYPPArsssaammOOdddeee
ttRYYpseeenn
TRRRyPPPTApHHIINN
ttRRyPPTOOPHHHannnss
TRRyyySSSEAALL
TTTryyyssTTT
Trystt'SSS
tttRRRyssTTudd
ttRYYYSSSTeeRR
ttrrYYsssTTTEEEnnG
tttRRRYYYSSttss
Trrrèss
ttSS
tSAArr
TTTsssAAr'S
tSSiiRRRDDDOMM
TTSAAArAAVIITTCCh
ttSaRuuuvvnnII
TTssaaarrrOOOnnii
TTSarrrUUNNNa's
tSSIIIrrinnAAss
tssARiiiSSmmm
tttsaraaaSSSTTT
TSaarrrIISTTTSSS
TTSSSiRRRSS
ttSSSiitSSSoo
ttsEEttSSSU'SS
TTTSSEEEttssOOSSS
TSSUUNNNaMMa
TTTSSSuuuNNNaMMMaa'SS
TTTsEEENNNaamIIss
TTTuAAttaaarraaa
TuueeeTaarrrAASS
tttUUUb
TTUbbb'SSS
TTTUUBBBI
tuBBaaa'SSS
TTIIBOOOlll
TIIBooS
TTTOOBBBAte
TIIBBBBieeeRR
TTuubbbBoeeeSSt
tOObbbiinnnAASSSss
TTObbbbooonOSSSSEESSS
TTTUUBBbbby
TTTuuubO
tttUbIII'SSS
tttuuBBBEEDDD
tuBBeeelllUsSS
TuBBBeLLLosSS'S
TTEEbber
ttuubbEEERR'S
tUBBeeerclliii
TTuubbbeeeRRCClle'S
ttUBBBEEERcccLLeees
TuuBeRCCuuuLLLaarrr
tttUBBIIrrrCCCuuullittEE
tUBBBOORRRceeeLLLONN
TTuuuBIIrCuuulIIInnn'S
TTabeeerCCCuuulllaaaSoos
TTTEEEbbeeeRRRciiLLOOssseeess
TibbbeeerCCUUllOOSSSAAAss'S
tttEBEErccUUULoouusss
tttUBBBErrIIssii
TUUUbeeeRRROOOsi'S
TeeBeerrrAsaatttIIeeSS
TTTuuBBBORRoSIttYYY
TTTebEEERRoouus
tttUBBBeerrS
TTTUbiiiss
tttaabffulll
TTTUBfIIIll'sss
ttuuBFUULLLS
TTTiBBBInGGG
TUUUbbbiiiNGGG'ss
TuuBSSS
TTTOOObbEEELLLAAAR
TTOObbooLLLaatttEEE
TeBUUlo
taaaBAllaa'SSS
TOObbbEElEEEs
TaBBUULLiiifffllOOORRRaaEES
tubOOLUUUrrri
TuuuccchhEENN
tuCCKKK
tOccKKK'ss
teCkkeeeDDD
TACCCkIIRR
TTuuCCKKer'S
tEcKKeeerIIdd
TTUUUcccKIRiiiNNNG
ttteeecccKKUURss
TTUUUCCCkooot
TTTUCCkoonnnGG
tuccKKKs
TTTEfAAA
TTuFff
ttUUfffTTT
TTUUUfftt'SS
TTTiFFFtteeeD
tAAffftttaaRR
TTUUffTTTeeR'ss
tuFFFtttERRSSS
TTTUUFTHHUUnnnTToRRR
TuuuFFtOOONGGG
TuuFttSSS
tttuuFTTTyyy
TuGGG
TTuggg'SSS
tOOOGGBOOuutt
TTTUUgggbbOuuTTT'sss
TuuuGGGBoAATTss
tttuuGGGEdd
tttUUUGGGGInnnGGG
TaGGhRROOkkk
TuuGGGHHrriKsss
tttUUUgggRiiKKK
TAGRRRiiikkksss
tUUGSSS
TToooi
ttuuITiion
TTTuIITUOn's
TTuOOOttaaaAANaal
tttuuITiiiiiinnaaaRRRyyy
TuLLLArrrEMMMEAA
tttOOLLaaRemiiiA's
TTOOLIIIPP
TTULLLIIp'SS
TTTaaalllIPs
TulluPPwIoDDD
ttUlUPPPWuOOODDSS
ttUUUlLLLe
TTTuuLLO's
TTTuuM
TTTUUUMMbllee
ttUUmBBllEE'S
TummmbLEEbbbOOOG
TTTummBBlleeeBaaaGss
tUmbllluD
ttuuummmbbLLLEDDoWn
TTEEmmmbbbllleeRR
tAMMMbblleRRR'S
tttIIMMMBBlleRRSS
tUUUMBBLiiiSSS
tttUUUMMMbllAAAweeeAAddd
ttummmBBBLooWWEed's
TOOMMBBBlllEEEwwEeeddds
taaaMMMbbblIIInnG
tUmmmbbllAAANNG'ss
tuuuMBRel
tummBBBrruuLL'SSS
TTTIIImmmBReeLsss
TTTeMMBBBRRIIIL
ttIMMMbrrIIIl'ss
ttuMMMbRRUlllss
TTUUmmeeFFFAACooIIInt
TTTaaMMiiffuCCtttiioon
TuMMeefffy
TuummmOOOSSSceeNNNciii
TTuuuMMMEsssCuuNCCEEE'sss
TuMooosscccEEEnnnttt
TTaaMEEEsccUUUnTLyyy
ttteemiiddd
TTTUUUmmiiidiiiTYY
TUMMidiTTTyy'SSS
ttooMMIIIDlY
ttiimmmEEEESS
tummmmyy
TTAMMMMYY'SS
tttuumOORR
tttUUUMMoRRR'SSS
TOOmmmuRRouuusss
tammmOOORRRs
TTTOOMPLLuNEE
TTTums
TiiMMuLOrr
TTToommmULEEE
TimmmILLT
ttuMMOOlt's
TUUmOOOltSSS
TOOmmUllltUooUUSS
TTTaaMULtttaOOOUUsssLyyy
TTTuuMMaaalTuuuEEEEsssNIIISSSSS
TTTuummmOOOlllTTTUUuuuaaSSSNNaasSSESS
tiimmmUluSS
ttOMULLLUUssES
TTTun
ttuunn'ss
TIINNNaa
tINNNoo'SS
TTTUNAbEEELiiitttYY
TTANoobbLLoo
ttuNaass
ttiNNNdrAA
TTUnnDDDRRaaa'SS
tttUNNNddRRRAss
TAAnnnE
Tuunnnee'S
TuuNNEEaaaBBLLLaa
ttEEEnuuudd
tEEENNNUUUFel
tttuunnofffiLlY
TTAnooFEELNNNAAAssS
TTONNNIfffUlNNNeessS'sss
TTTUUUNuLLess
ttuuuNNEEELeeSSsllly
tENNeellEEESSSsssnnAASSSS
tuuuNaaaR
taNNNeeR'sss
TTTuNNNEEErss
TTEEEnnEEs
TTTaaaneesssmiiTHHH
tttunnnEEEUUUp
TTTuuneuuppp'S
ttEEEnnEuPSS
ttUngggsTToooTTee
tttuuunnnggsttAAtOOOsss
ttunnGGGsTUUNNN
tUUnngSStEEN'S
TTuuuNgSSSTTTEEEcc
ttunnnGGsstEETTeee
tunnIIICC
ttuNNoooC's
ttUUUnnICCAAAtttee
TuunEEEcccAAteesss
ttaannAAAcLLLe
TTuuunnICS
tooNeeeNGG
TTUnnoonngggS
ttaaannnnnaagE
ttAAANNNNNaGGEES
TTTunnel
TeeNNnEEElll's
tIINNNNIlluuuDDD
tiNnnnEEllleRRR
TINNNOLEERR'S
TuuNNNNaaaLOORs
TTUUNNUULLiNNNgg
TTUUnnnneellEEEnnnggS
ttUUUnnnAALLLLeD
tUUUnnNeeellLEErrr
tttInNNNaLLlllEEErrr'sss
ttUNnnneLLLlllEEErrrSS
TToooNNNeeellLIIngg
tttunnnnOOOllSSS
tttUUUNNNniiESSS
ttUUUnnNyy
TTUUNNyy'S
TTENss
TTTuPAAloo
TUUPPeeellOOOs
ttuuuPPPPPEnnCCCII
TTTipppUUUnnCEss
Tuppppaannny
ttUUqqUUUUU
tAqUeee'ss
TuQAAeesss
ttuuracO
TuuRACCosss
ttAAARRRBBBaNN
tttaaaRBBAAnn'SSS
tttOOrrbbbAAnnADD
TuurBBBaannns
TTTurrBBaarYY
tterrbbbAAAlLLLaaRIaaNNN
tarrBBAAADDD
ttaRBBeedddAAmmmaaatttUUrr
TUUrBBodIIIttYY
ttuuRBBBEEEddditttyyy'ss
tttUUURRRBoDDLLLy
TorrrbbbiiidNNeeessSSS
ttAARRbIdddNNeeeSSSSeess
ttUrbbbiiiNNaaall
TTTuuurrrbbbIIINNeeLLS
TURRRbbinaaatEEE
ttaaarrBinnAtES
TTUURRRbbbOOOneee
TuuRRbIInEEE's
TTURBiiNNNESSS
ttuuRRbbIITTT
TUURRRBBBaaa
TaRRRbbboo's
turrrBBooccchhhiiirrrgggee
TTTARRBBBooocHHHorrGooddd
tttoRBOOOCCHHHIIIRRRgggERRR
TTTUUUrrBBiiccchhhuuRRGOORR'S
tteRRbboCCCHuurrGGGIrsss
TTUUUrrbEEccchhErrrGESS
TAARRbbbOOOCHHaaRRgINgg
ttuurBBBOfffAAANNN
TiiirrrbofffAnnn'SS
TTTuuuRbbbOFFaNNSS
tuRRbbboooJJJOOTT
TToooRRbUjjEtt'SSS
ttuRBiijeettSS
tOOORbbboooppRiPP
tttuuuRBBBOprooop'ss
TTuurrbbbAppprOPPPSS
ttuuuRboooss
tttuuuRRRbbIISSSuupppOrrcHHiiiRRgggar
TTuurbott
TTiiiRbiiT'SS
TTTUUURRBBBOOtttS
TaarrrBBULLLEEENNCCCeee
TTAARRRBBBOOLLAnnCoo'SSS
TOOrrbbULLeeeNNT
TTUrrBBBulliiiNttLy
turrd
tiiirrdd'ss
TuRRRddiiiNNNeee
TTTuuurdddSS
ttUUURRReeeNNN
TTUrrEEeenn's
ttteeerEEIIIns
tURRRFF
tUUUrrFFF'SSS
TeeerrFFAAAddd
TTTeeeRRRfUNNNg
tturrfffMaaan
TTEEERRfs
TIRRRffy
TTTuuuRRGGeeNNNT
TTUUrGGaaSccciinnCCee
TEErrrggguuusssCUNttt
tttorrrGGGIDDD
ttUUUrggaaaDDItty
TTUUrGGeduuuttty'S
tIIIRgADDDlyy
ttteeeRggIIIddnUSS
TTURRGGGIIdddNNNoosSSeeess
TTuuRRggitU
tttuRRRggUrr
tuuuRRgEEERSSS
tAARKKeyyy
TTuuuRKKKoooyy's
TTaaaRRkkEEEYYSSS
ttteeerMeeerOOccc
tttUrrmiiirrrIC's
ttUURRmmeeerIICCCSSS
ttturrMUUUiiilll
tturrrMMMOOOiilll'SSS
ttturMOIILLS
tttAAArrN
tttuuRn'ss
TTTUUURRNNaabbbOuuTTT
tUUUrrnabbooUUUt'SSS
TTTuRNNNeeBBBEEUTs
turrrNNuuRROOIInnndd
TTTURRRnnnAAArEUUUNDD'SSS
ttUUrnaaaroooIIINNNDDSS
TTuRRNBBUUCCCkllAA
TUrrNNNbbuCCCkllU'S
TTERRnnBBBuCCCKKLLes
TTuuuRRnnnCooETT
tURNNNcccOATT'S
TTTaaarrnnnCiaaats
tarrrnnDeeWNN
ttuuuRRRnnDDDiiiwNNNsss
tuurNeeeDDD
tttUUrrrNNNeRRR
tturnneeeRR'ss
tUrrrNNErUUuuusss
tUrNNeRRSSS
TTTIIIrnnUUURRy
TuRRNNNUUUnnGGG
TirnnniiNg'SS
tttuuRnnIIInnnGGS
TTTAAARRnoooP
tUUURRRnnnIIpp'sss
tttErnnnIppps
tttaRNKKKuuuyyy
TuuRRnnkUUUY's
TTUURNNkkkEEEyys
tttuuuRNOOOFFff
TeerrrnnUffFF'S
TTTOrnnnOfffFSSS
taaaRnEENN
tttUUUrrNIIIUUTTT
ttUURRnnoAAAtt'ss
TTTUrrrNNOuTs
TARNIvvvorrr
tttERRRnOOVuuRRR'ss
tttAARnAAAvvvuRsss
TUURnpppIIkkee
tttEEErrrNNPPIIIkkE'S
TuRRnnPPaaakkuuuS
TTurNNNs
taarnssoLLe
tttUUUrrrNNNsspppIIT
tttuuRnnnSSSPPaaTTTSS
ttuRnsTTiLLLuuu
tUrrrNNsssttolle'SS
tIIIRRnnStULAAAs
tIIIRRRNSSStoNNNEEE
tUUUrrnsTTTAnUUUsss
TuuRRRNNNtttAAABBBlee
ttUrnnnttebbblEE's
TTuuRNNttAAbblleeeSSS
TAArPPeenTTTIIInnnuu
TUUUrPeeeNttIInnEEE'ss
TTTuuurrrpppETTTHH
TUUUrPPeeeTUUUDEE
tttIIRRRppIIITTUUUdddee'SSS
TTTeeerpppSSS
tttuuRQQQuuoiiiSSS
ttOOORRqqqUOOOiSSSu
TarrqqqUeeeiiisseee'SSS
TTTUURRRqqqAAAooIIISSSEsss
ttEErrrRUUTT
teRRRreeT's
TTTUUrREEEttteeeddd
TToooRRRRIITTss
tURRTLLLE
TTTirrrTTTlle'ss
ttteRRTLLOOOBBocccKK
TTuuuRRRTTTLUUUdavvvEE
TTiirTlOOODDUUUvvee'ss
ttArTTLLEEEDDuuveess
tUUUrrTTLLAAANIIcccKKK
tUUrrtttLLOOOnnnOckkk'S
TTTURRTTlllOOnnneeCkkEDDD
TTTAArrTTTLLeennecKS
tttUURtttLLLEEEsss
TTUUUrrVOOOS
tUUsccchU
tttaaaSHH
TTuSSH'S
TTTUUUSSSHHHEESS
TTTUUSSSHHHY
TTuuSSKK
TiSSSkk'SS
ttuusKKiiiDDD
tttUUUSSSKKuuuRR
tiSSSKKS
tttosssssooohhh
TTESSSohsss
TOOSsssiiiS
toooSsLee
TTuuuSSSSLLLe'SS
TTUUUSssLEEDD
TiisslUUUS
ttoooSSssliiiNNG
ttEEEsssaaccckk
TTEEsssSSoocccK'SS
tttaaasSSSECKss
TTuuSSsssiccKKYY
tUUSSSSuuRRRee
TTTuusSSoorrESSS
ttUUUTT
TuuuTTT'ss
tUUUttAAllAAguu
TTuutOlllaaagggO'SSS
TTTUUttIIILLLAAr
ttUtILLARY
TTTUTiiRR
TTTATTTiiirrr'SS
TUUUtoRRUUDDD
TUtttURRRuuaaall
ttUUTTTErrEal'ss
ttUUUTTooRRiiaaalllSS
ttuTTOOOrriiiNGG
tUUToooRSSS
TTuuTToorSSHaaapp
TTToooTOORSSHHHippp'sss
ttUUTsss
TUUTTTTiiidd
tttOOTTTTTOOO
TTTuuttTuu'S
TTTuuuttttAANNgg
TTTuuutTTTAAASS
TTUUUtttTYY
ttotttO
ttuutttUU's
TUUtUUs
TTex
tttaaXXX's
TTTuuuxxIdEEE
ttUXeDe'sss
TTuuuXuuDDDuEs
TTTeeeXEdoSS
tttiixxEES
tUUYYYèrU
TwedDDDLLIII
tWWWeddLe'ss
tttwUUDDdddLLLEdd
tWAddDDLErr
tWWWUDDDlUUUR'sss
twwwaaaDDDddLLerS
TTwwwEEddddLEESSS
tttWaaaDDDDlllIInng
TTTwainn
twwuuuInn'SS
tWWAANG
ttWWWAnnngg'SS
TTwUUUnngggEEdd
tttwwwaannGGGIIeeerrr
twwUNNNGGGieesssttt
TTTwwwOOOnGGiiinGGG
TWWaaaNGs
TTWWWeNGGY
TWaaasss
ttwwwAttt
ttwAttSS
TWWWaatttTTLLLII
twwEEEYBBLLaddeee
TwuuYbbLLLADeeeS
TTTWWIAkk
TWWWeeeAKKK'S
TwwAAIIIkeeedd
ttwwIaKKONNNGG
TWWEEAkkksss
twwOe
tttWWWEEEEDD
tweeuuuD'SS
TTWWEEOODiiieeR
TTWWWeeeeDDiiiuusssT
ttWWIIEEEddILLyy
tweeeUUDDeeennnAsSS
TTWWWEEeeeDDDiiNiSSSSSeeess
tWWEeedddS
tWWAAiiidddSSS'S
ttwEEOOdYY
tttWWWoooonn
ttwwwUUeNNNesssss
TwweeEENNYYY
TTTwwwEEEuTTT
TTTwUUUuuuT'S
TTTwwwUeeeTTadd
tWWWeeUUttErrr
TTTWeeEETaR'ss
twwEEEEEtttEEErrSSS
TTTWWeiiiTTTOOOnnggg
twwEEEEtS
tttWeeAZe
TWWeeeEEzoddd
TTTWeeEzzooorrsss
TwwEEEIzeeeRRRs'sss
TTTweeeOOZuuus
twwEezzaaaNNNGG
ttwEEELLFFFTThh
TwwwOOOlftttHH'SS
TTTWWelffthhhss
TTwwEEELLVVVee
TTWWILvvvuuu'SSS
tttWelvvvEEfOOLLd
TTTWWEEELLLvEEEMMoo
TTweeelllvUUUMMMONNNtHHH
ttwwwIILLLveemmmONtttHHH'SSS
TTwwAAAlllVVeMMinnnTThhhS
ttWWWeLLVVVEESSS
ttWWWeeNNTTuuuuuS
TTTWiiNNNTTTeetttHH
twaantttIIEtth's
tttwwuuuNNTIEthhs
ttWEEENNNTTTYY
tWuuuNTTyy'sss
ttWWWiiirrrP
tttWWWIIIRRRPP'S
TwwwuuRRPPsss
tttWIBuLLLll
tWICCCa
tWWIIIDDDDDlllE
TTTwwEddddLE'sss
tttWWWiiddDDDLLLeeD
TWWWaaddddddLLoRR
TTWWWiddddlUUUsss
ttWWIddDLLLIiRRR
TTTwwIIdddddllIIAsttt
twwwoooDDDddlllIIInnng
TTWUUUDDDDDLLLyy
ttwwuuuGG
TTTwwwiiGG'S
Twegggeedd
tWWiggggiiiaaar
tttwwIIIGGGggoooaSSttt
TTTwiGGGGGinnnggg
TTTwiiGGGgggyyy
ttwwIIgs
TwIIIlIIIggHHHT
ttWWWIIleeeGHHT'SSS
tWiiilllOtt
TTTwwIIllL
TwiiLLL'SS
twaaaLLLLLeDDD
twwiNNN
TTTwwiiiN'SSS
TTWWWIINBeeRRrrIaaaSS
TWWWEENbEErrrRRRy
tttwIInE
TwwwINNee'sss
TwwwIIInAAAD
TwUnnnEr
TTTWWiiNNORRR's
TwwEnneeerSS
TwwwUUUNNiiisss
TTwwINNNfflllOOOwEERR
TTwwiiinnfflllOOwwwUUUrrrsss
tttWWaaNNNGUU
tWiiNNgEE'SSS
TTWiinngoD
TTwwwIIINgiIInnnGG
tttWWOOOnnnggESS
TTTwOOnnnggIIInnggg
ttwwaaNNIgggHHHt
ttwwininnGG
TWWWIInnnkk
tWWiiNNNkkLLa
ttWWOOOnKKlEEE'ss
TTwiinkLLeeeD
tttWWInKKlaRR
TWinKKKLLLuusss
TWWINNNKKKLLeennng
tWWWiiiNNKllliinnGG'sss
tttwuNKKLoonGGGsss
TTTwIINNNkkklY
tttWWIIINNNNaaadd
TTTWiNNnIInGG
twwiiNSSS
tttwIINSSSeT
TTTWWIINNssEETTTS
tttWWWaRRRll
tWiRll'ss
TTTwEERRLLuuuD
tttwIrrlllEErr
tttWuRRleeer'SS
TwwwiRRllUURs
TwAArrllOEEERR
ttwIIIrrLLiiiEESt
TWiiRRLLIINNggg
TTWWWIIIRRRLLsss
ttWOrLY
TTTWWIIIRRRpp
ttwwIIIrPsss
TwwwIIsT
tttwwwiSTT's
TTTwwwiiSttteeeddd
TTTwwOOOSSStttErr
tttWWWiiSTEEERRR'sss
tWiiSSTTUrS
ttWWiiiSSSTTTEEOR
TwAStIIEsssTT
twIIISSTTiiiNGG
TTTWusTs
tWUUSTyy
twIIITTT
TWWiTTT'S
TTTwwweeeTcchh
ttWWWIIITCH'sss
tWWATcHeDD
TwwwIITTcHEEsss
twittchIeeeRR
ttWWiiiTTcccHHHIIeeessst
twUUTTCCHIIINNNG
TWWIIITCChhhy
twwiiittts
TTTWWATTTTOD
TwitttttER
twwIItttTTTeeeR'S
TTwwiiittttERRoooddd
TTTWATTTTeeerriiinnnGGG
ttwiittTTeeRRSSS
TTwwwItttTIrrrY
tttWUUTTttuuuNg
twaaaXXXTTT
TTTwwwuu
TWWWOO'sss
TTWWuufffeeerr
TTTwOOOffEEERRR's
tWWOOOffeeers
twuuFFOOOlld
TTwEEHHAnnddIIIdd
TwOOOppiNNNCCAAA
tttWOOPPPeNNNCCCEEE'SS
TTwEEPPuuunnCCeS
TwePPuuuNNnyy
TWWWees
tttWoSSOMUU
twosOmmEE'SS
TWoSSOOmmEEEss
TTyycchhAAAsm
TTTYYcccoooEN
TTTyCCCOOOOOOn's
TTyycEEEUnnARYYY
TYCCOooNNsss
tttYYgg
tYYiiiNNNG
TTTYYKEE
tyyyKKe'SS
tYKKUS
TTTYYLLeeesssooSSS
TTTyyMMbbbAAl
ttYYYmmppAAN
tttyMMPPANNE
ttYYmppIInnuuu
ttymmpaannni'sss
tttyMMMpEEENNNIC
TYYYmpaNNNiiiSSTTT
tttYMMPPiNNISSt'ss
tYMMPPiinnIIstsss
TTTyyMMMPPPaaaNNuuttteeS
TYmmmPPAAniiiTTTUUSSS
TyyMpppoNNs
ttymmpAAnUUUMMM
tYYmPaaNNIIIM'SS
tttYYYmmmppINNNuumS
ttyymPaannyyy
TYYYpaalll
tYYYppU
TTTYPPee'ss
TTypEEEbbbiR
TTTyyPPPOOccussuuu
tttyPPPiicaasstt
TyyyppEEcaaassTTTIIngg
TTYYYppEEEcccIsssttts
TyyypODDD
TTYYpEfaaaCCeee
TTYYYPPeeeFAAcee's
tYPEEFFiiCCCeesss
TTyyPPoooSSS
TTTyyPPPeessscccRIppptt
TTyppOOSSCRIpt'ss
TTTypEEScccRaaPPTTTsss
Typpoossseett
TYYPPPESSSOOTTTS
TTTyyyPPisssAAATTTAArrr
tttYPPEssetttteeerr's
TYPPPiiSaaaTTTTErs
ttYPPeSSSeTtttuung
ttYYYPoooSSOTTTtttIIINNG's
TTTyyyppEEEWrreeeTTuuu
TTYPeeewwwrOOtttUUUR
TTyppIIIWWWrriiTTooorrr'ss
tYPEEWWRRiiTTTeeRRRS
TyPPPEEwwRRRIIItisss
TYYYPeeewwrrrIItiNNNGG
TTTYYPPPewRRaaaTTiNgg'ss
tttyyyPPiiWRRRIIttteeen
TTTYYYppEEwwrOttiii
typHHHaaaGGGooNNNAAAcc
TYYPPPHOOOaadd
TTypHOOOADDD's
tyPPHHoooeennn
TTyphhhOOOeeNNN'SSS
TTTYPPPhhhooooonss
TYPHHHoooeess
tttyyPhUUs
tYYYPPPHuuSS'SSS
TYYYpppOccUUUl
ttyyPPPIIcuuuLItYYY
ttYYYppiiiCCCooolliTTyyy'S
TYppoooCCCaaLLLLLYY
tttYYYpiiicccaLLNNNESSS
TTYYYpiiFFiCCaatttiON
TTTyPPoFiiicceTTIIIuNNN'sss
TTyyPPPiFiieedd
TTyyyPiiFoooEErr
tyyyPiffieS
ttyPIIIFYYY
tttYYYpppEfffyyyuuNGG
TTyypEEEnnnGG
TTTyyypppIIInnGG'SS
ttyyypppiist
TTyppaassTT'S
ttyypppiStttSS
TTyyyppOO
TYYYPOO'S
TYYYPPPUUUgggRRApppheeeRRR
TTYYYpOOGGGRRRepppHHOOrr'sss
tttyyppeegrrooopHHuuurrrsss
tttyyyPPoooGGGRIIIPhIIC
tttYpppogggrrAAPPPhhuuuCuuuLL
TTYYYppooGGGRRAApphEEECCCaaaLLyy
TTTyPogrroooPPhy
tyyppegrAPHy'sss
TyyPPPEEELLLogggIIcccAAl
TyypppiiilllIIgggooocccOOOLLLy
TTYYpppuLOOOGuEs
tYPOllooGGIISt
TTTYpuuuLLOggYY
TYYYPoLLLoooGYY'ss
tttYYPPPuSS
TYRRRaNniiicc
tttYrrrAnnnNNEECCCilll
ttyyRaaannnnnIccoLLlyy
tttyrraaaNnnIIIcccIIIdddEEEL
TTyyyROOOnNNEECODDDEEE
TTTyrrrooNNnnuCCCIdaaasss
ttYYrrEEENNNNNNIIOOss
tYYRAAANNNNEZeee
tyronnnnOzeeD
tYYrAANNNNiZZZeeerr
tttyRRuuunnIIZEESSS
ttYYRRRAAnnNNNIIzzzOnG
TYYYRRRAAnnnNNNUUsauuuRRR
TTTYRRannNNoseeeURR'ss
tttYYRRaannnnoSiiUURRss
TyyRRRANNNnnooSSSaaauuurrrEs
tttyyrAAAnnnOOSSSOOURaaass'sss
tYYYRRAAnNNNoooSSaUURRRuuussseesss
TYYRRInNiiuuuS
TTYrrrAAAnnnnnOOOosslYY
TTYYReeeNNNyy
TTyyyRRRuuNnyyy'S
TYYRRRaaantt
TTTyyyRAANNTTT'SSS
tttyyRRAANNTTSSS
TTyRRooo
tttyyrrO'SS
TTTYrrOccciddiiNNEE
ttYRACidddinnnEEsss
TTYYrrrOOOEEs
tttyRRoooSSS
TTYYYrAAAsssIIINNaaassseee
tttyyReeeSIINEE
TYrOSSIInneeSSS
tttYYYRRRotthrracciiinn
ttyRROTThhRRRICCCIIINsss
TTZZZAAArr
TTzzaaaR'SSS
TTTZZZAArdddiiimmm
TTTZZaaarrENNA
tttZAARRIIINNAAA'S
TTzaRIIInneeeSSS
TTTzAArrriiSSMMM
TTzzArrrEsT
tttZuRRIIsssTs
ttzOOrrrss
UUU
UUbbbiiEEETTiieeesss
iibuettty
AAAbbIIQQQUUUITiirrrIIaannn
aabbbiiqqqeeiTTaRRRIaaannnISM
ubbEQIIIuuuTTToouuuSSS
UUBBBiiiqqqiiiIIItttUUuuuSSSllYYY
UUUbbbiiQUUUIIIttOOuSNNNUUUssSS
uuBBIIqiiiUttIIUssNNNeeSSSSuSS
UbbAQQQooaaatY
UUUBBiqqqooIItttYYY'ss
UDDDDDDaaaR
aDDDddarr'S
UUddDErsss
uuudOOO
OOdddooMAttAArrr
offOLOGGGoSSTT
AAAfffOLuuugggissttt'sss
UUfEElOGaaSStttsss
uuFFFOOOlOOgggyyy
UUffoooLLLigYY'SS
uuugggHH
OGGGllloEEERR
uuuGGGllloooUsttt
UUggllifffIIcaTTTioonn
IIgllIIIfffaaAAddd
uuGGlliifiiEESSS
ooogglliiiffy
UUgggllIIfffYYOOOnnGG
uuGGLLiinnessS
ugLLenneSS'S
UggLLLYY
UUHH
uuhhLLLANN
uInnnttaaThaaaREE
UUUUNTTUUUtHHHEEERRRESS
iiiiitttLLAAndUUUrr
akkkUUSSSEE
UKKUSee's
UUUKassEEES
uuukuulooLLooo
eekkEELLuullAA'SSS
EKKKuuuLLLEEELass
uuuKKKuuulllELLLOOO
eekkkuuullAAAlllIII's
AAAkkuuLLLAALEEs
aaalCiirrr
uLLLcERR'sss
UUUlCCeeerrEEtttEEE
UULCCeeerrOOOTTTId
AAllcccaaRReTiiiSS
uuulllcccoorrrAAAttteennnggg
UUUllcccErOOTTiOONN
uuLLcccooorrrAATuuIIINN'ss
OOOLCCCoorAAtttUUooonnnss
uuulllCCCaRaaTiva
ULccorrrooooosss
aLCeerS
ULLEEEmAA
ULLIIgEE
IILlaaGGeeeS
eelllMMaaCEOIIsss
uuulNNNaa
UUULnaaa'SSS
UUlNNaaEE
UULnniiiRR
uuuLNNOOOsss
IIIllloootRIcchooeSSS
eelllSSter
IIIlllSStteeRRR'SS
ILLLSTTTers
ULLttIIIrrIoorrr
UUULLLtiiimmmaaa
aaaLLTIMuuuccciiAss
UULLttIImmaaacccY
iLLLTIIMMMaaatttAA
OOOlllttiimmmAATEE
AlllTTTEEmmati'SSS
UUUlllttiMMUUUttEllly
oooltImmAAATTUUUmmm
EELLtOOmmmaaaTTuuuMMM'SS
UULLLttIIImmmAtttOmS
UllTOmoo
EEllTTTIIMMooGGUnniitttorrreee
uLLtttrrrI
UUltttrrAA'sss
EELLLttRocccEnnntRRROOFFEgggI
EEllttRRiiccOONttrrrIffuuuGees
eeelTTTrreeecceNNsservvvaaatttUUUVVEE
UltttRReecUUUnnnSSUURRRVVaaattIvve'sss
uulllTTrraaaCCCEEENNSERRRvvvATOvvveeeSSS
IILtttrAFFFIICHEE
uuuLLtttrrrAFFUUUlturrr
uLLttRRRaaHHHUUUGGhhh
uuuLLTRRAAooosmm
UULLLTRRRUlEEEborrrAL
uuLtttrrAAALiGGhTTT
UULLtRRRaallIIIGGGHtt'S
UULLLtrrooliiiGhTTTs
uuuLLLTTRomaaarrraaanIII
UUllltRRRiiimmaaaRiiNNNo'SS
uuLttrrammmiiiCReeecccHHHeeMMEESStttRRRyyy
oLLLTTTRRReeemICCrrrOOOmeetttUUrrr
UUULLLTromoCCRRROOOSCaaaPPPee
OOOLLLtttRRRemIIcccrrrOOOsscOOPUUUSS
AAALLLTTrrrOMMoooccrEsssCOOPPPIICC
UUllTTTRReeeMoooddERRRnn
UUULLTTTrrrUUUmoodEERRnneesssmm
uLLtttrrAAAmmmOOODDDEERnnnEEEsttt
uuuLLtttRRRaMOOONNTTAAAnnnEE
ullTRRRAAmmAAAnnntEEENNNASSM
EEllTRRRAmOOONNNttAnniiiSt
UUlllTTTramonnDDAnnuu
iillltttrrrEEEnIIIteeOOnnAALLLISSSmm
uuuLLLTTTrraNNaattUUUOnnnaaLLUUUSSMMMsss
ULTraaPPuuurrAAA
oolllTTrraaarEED
OOLtrrraasss
uuuLLTRReShhhorttt
uuLLTRaaSOOOnniccc
uuulTTrAAASSSoonnniiiccceeelllllly
IIIltttRRROOSSIIINNiiiccS
uuulTTTroosssEEEnaGGGrrraphh
uulTrrAAsssAAANeeeGrraPPHHHEEER
UUlTRRRasooonnoGGGRRREPPhiiic
OOOllTResonnOGGrrrOOpphhhIIIAAss
UUlltRaaaSOOOnaaggRRRAphhhYY
ELLTTTraasssuuunnnDD
uLtttriissouND'S
oLTRRRaaaSSSuuuuuNNDDsss
EEELtRRaasstttRuuucctuuuRee
OltttRReeevvviiioLeeet
AlltReVuuuAAloT'sss
ullTTrrriivIIIRRRAAss
uuuLLLeellaannT
UUUllULLutttuu
IIILLLuullAttIddd
uluuLAAATTTEEEsss
oooluuuLLLitiinnggg
ELLUlllAAttiAAAnn
ulUUULLUUUtttiionn'ss
ooLLuullaaaTIIIUUNNSS
UUUm
uuMMMBel
ooommmBBeeeL'SSS
eMMBBBEEELLLlEtttu
eemmbbbiiilLLLifEEErraaaAAASSS
UUMbbAAllS
AmBEERRR
uuMMBBEr'S
UMBBILiCAAlll
UUMMMBBBiilIIccuuTAAA
uMMBBIILLLIccaaaTTAAOOONN
uuumBoLLLicII
OOmmmbiiilllUUUCCCesss
UMMMBellOOOCCUUSSS'SSS
IMMBBIIIlIICCUssISSS
uummBLLLEEsss
eMMMbbbrreee
UUMbbbRRRAAA'SSS
UUMMMBBRRuaaa
UUmmBBrIIIGeee
uMbbRAAAGGA'SS
UmmmbriGGGoooeooss
UUmmmbbbrOOLLL
uMMMbRRUsss
IIIMMMbRReelllLEE
UmmBBRRREEELLlllE'sss
eemBRRReeeLLLlllaSS
OOmbrruufaRRRuuOOOS
UUUmmmiiiaK
ummmOikkk'ss
UUUMMMiiiakkkSSS
UUUMMMlleuuuTT
uuummmlllaauuut'ss
IImmmlllEEEaaattSS
UUmPPP
UMMMPP'SS
UUMPPeedd
UMPPiiinG
UUUMMpppIIrrAA
aMMMPPEErEEE'SSS
IImmPPEEERREDD
uumPPPiiirUSS
UUUmmmppiiirrrANNNG
UUUMPPPs
EEEMMMPPPtuEEn
uMMpTeIInTHHH
uunnnaaabbeeeSSHEEdd
eeennAbAAsHIddLyyy
IINaBBATTTed
eenuubbbbrrrUUvIIIAAATTUUDD
uuuNNNEbbbllleee
uuunnABBRRRoddGGGeeDD
oonnABBBrriiddGGGeDD'ss
UUUnnoBrruuDGGEdddSS
uunnAAAbsORBBBaaad
unnnAAABSSEEERRBBBIntt
AnneeecccOOdiiimmicc
UUUnacccccentttUUUd
uuunAAccccIIIpppTTeeeBBBELLLitttIeess
OnnnEECccEPttteeebbbAAALuuuttyy
uuuNiiiccCCCeeeppTTIbbblllEE
UnAcccccEEPttuuuBLYY
uunnaaaCccciiPtiiD
uuNUcCCClliiimmottIIIzEEEDDD
OONoocccOOmMMMAADDDaaattUUnnGG
uunnnacccCCCIIMMpppAAAnniiieeeddd
aaaneCCCcEmmpliiisshhhaaaDD
unnaaacccCoooanntaaBBooliiity
IIINNNaaacCUUUuuNttEBLI
uNaaCCCooUUUnTTIIbllY
ONuuCCccOOANtttAADD
uuuNNaaaCCCrrreedddEtEEEddd
INNAAACCCcccIIIssstUUUMMeedd
uuniicccHHHievveeBBLII
innniicckNNoWWWlllEEEDDGuudd
uuNNooCCCquuuUUUUUntttEEEDD
uniiDDDuuuppTTEEEDDD
uNAddDresssssEdd
uuunnnADDDJJoSSSttiDDD
OOOnOODDDOOrrrnneeeDD
UnnADullTEERUUUTTEEEDDD
UNadVaaannTARRROOuuus
oNNNeeDViRttoSSeed
aaaNNAAddVVViiiSAAAblllAA
AnnnaaaDvvIIssUDD
innniidvveeSSSEdddlllY
uNNNaaoooSSSTHHiiiTTTeeeccc
uuuNNNAFFFFFFeccctaDD
aaannnAffffeeCCteeeDlllY
UnAAffffACCCTTTIIdnnaaSS
iNNNUUffffUUCCCTEdddNuSSSSeeeSS
uuuNNNuuufffFFIIILLoooIItttADD
unnnaFFFOOrddOOOBBBllIII
UnnaffRRiiUUUddd
OnnnaGGrriisSSuvvvee
OnnOOOeeDEEEdd
ONAALLLiiiONNNABBBLo
UUnnAllIGNNAddd
anaallliiikee
oonIIILLLllIIEEEd
uuunnnaaLLLOcAATTAAADD
IInIIIllLLLIIWAABLLLE
UNNUULLLLLLAAyyaadd
uuunnuuulLLLUUyyeDDlY
uuuneelppHaaBBBEtaazzeeeDDD
ennOOLtUUURRRAbEllliiTTuiiisss
OOnnnUUULLLtttEERRRaaabbEEELLuuTTTy
OOOnnneelllTTIRReeebLLLUU
unuuullTTuuurrABBBlllyyy
uunnAAALLttIIIRRRODD
eNoombbiiiGGGeAUUs
UnneeeMMMbiigggUUOOOiiisssLYYY
UUNNNaambbbitttIiiooos
oonAMeeeNDDDED
eeennAAAMMMuuussed
UUUNaaNCCCHHooorrrUUDD
IIInaanEElliiiDD
ennnaNiiMMMiittYY
IINNNAAnnniiiMiittyy'S
UUNuNIIImmmouuuSSS
unnnAnnOOmmmUUUuSLLLyy
eNNoonnoooMMMoiSSSNissss
UUUNIIINNNNoTeTudd
iiiNNNUUNNNNaaaUNCCCeeddd
OOOnnaaanSSwwwEEERUbbbLLLii
IINNNoNssWWWerEEEddd
uuuNNNAnnntIIcccIIPPaaTaadd
uuuNNaaPOOOLLLooggatticc
iiiNiiippPaarENNTT
InAApPeeeaaLLLobbblE
ooNNUUUPPpaaaoollliiNGG
UUUnnaaPPPpEEaLLLIINNGLLLyy
AAnIIpPPPioSAAAbblEEE
ooonnAAAPPPpppUUAAsseeDDD
UnAAApppPPPEtttiiZooonnngg
uuunnnOppPPPRECCuuaaaTTOODD
INNNOOpppRReeecccuuAATIIvE
AnnAAPPPPPPruuAAACChhhABBBaaLLLAATTTiEs
UNNNaaappRRRiiochAABIlllIIItty
eeenAAPPPrrUUUacccHHHAABLLLEE
IINNAPprroPPPRReooTTTiidd
uuuNAAApppPREEEvviid
UUnnnaPttt
iiinnirrrGGGAAaaablllE
UnnnArrrgguAAABBBLLyy
uniiirrMM
ooonnnaaRRMMEEdd
eeNaaarmIIINGG
eeNNaaaRRRMMMUUUrreedd
UUNuurrmmSSS
ennnAAArrrtttiicccALLATUddd
UUnnuuurTTIIsstIccc
UUnaassshamIIdd
UUNaaSShAAAmmIIIDLY
UUUNNeeSSkkeeed
uuNNNOssSSSeUUllOBBBILLLIIITTTyyy
EENaaSSSeIIIllAABBle
UNNNaSSSAAAiiilllEddd
uuunnassSSiRRtttIVVeee
uuuNNNaaaSSsssEERRRtttIIvvvEENNesSSS
OOONNNIIISSsseeeRttiiiVeennnOOSSSSees
innUUSSsssiGnneeeD
IINNNaaSSSSSSooommmuulllaaaTEEEdd
uuuNNAssssoStttUUUd
AAAnEEssOOCCIIaaatttaDDD
uNAsssssAAAEEEGGeed
uuuNNiissSSSUUmmoonnG
UnaasssssUMMuNNNgly
uuNNAsSSUUmmoonnGGGNNNEEESSs
AAnnossSUUmmAANNNgggnnUUUssssUSS
UUNatHHLLeetiiiCC
uuuNNaatTTTAChoooDDD
UUNNItttTTToiiinaaaBiiilllIITTY
uuNNuTTTTTooInnneebbbLEEE
enOOOttttttoUUnaablY
AAANNNaTTTtttAiiinnnEdd
eNNaaaTTTTTTEEmmPPPteeD
UNNNatttTTunnnDDEEd
EEEnnuuuTTTTTTIINuaaTTTEEED
iiNAAAttEESSttEddd
UnnIIITTtRRACCCttiivviii
OONiiiTtttRRRactttUvveelllYY
OnnaaaTtrocccTUveNNNoosssS
ONaTtttRIIIBBatiBBlEEE
UUUnnottTTRIBiittED
ENaaoodddAAATTuuuDDD
annneuuTTHHHEEnntIC
UUnnnAAuuuttHHHaanTiiCCCaaTeeeD
uNNiuttHHHuuurIzzEd
unnnAvvvaaiiilluBIlllaaatttYY
UNaavvAAIIlllAABILLLoTTTy'sss
UUUnnAAviiUllAAAbLLLaa
OOnnnaaavvuiiLiiiNG
UUNNoVVVaaaIlllinnGGGLy
UNNAVVVooonnnGeeeD
uuunnnAAVVVaiiiddAAAbbiiilITy
aanAvvOOOiiiDDubLLLO
eNAVVVaaAAADAABBBllYY
unaavvoowEEEddd
uNUUWAAkkeeeNED
UNNNAwooora
unnaaawwaaaRRReeNEsS
UNAAWWWARRiiNNNEssS'SSS
UNAAAWWaRReess
UnbaaccckkkEdd
ENNNBBIKKod
UUnbbALaancAA
UUNNNBAAALLaaNcceddd
OOONNBAAlAAAnnncess
IINBBBaaaLoonciNG
UnbbiiiNnnnoddd
UUnnnbbAANNIIINNG
UUUNbApptttiZZZeeeDD
UnnnbARR
uuuNNNbiiirrrrrEEd
uuNNNbbARRRRRAAAnng
unnnBBBaaRRSSS
IIInnbATTTeeedd
iiiNbbbeeeaarrrAAbbbleee
ooNNBBBeeaarrAAAbLYYY
UUUnbbbeeITTABBBLee
ANBBeeATTiNN
OOOnbbbuuCCOmiiNNNggg
uuunBBBEEEccOMMiiiNggglllYY
EnnbuuuFatTTinGGG
UUUNNNbiiikkknUwwNN
OnBBBUUUknnneeWnnnsst
unnbaalUUEff
uNBBelluuaaaff'S
uuunbbuuLLLaaaaVAAbbLe
uunbbElllieVubbbly
ONNBBeLLioVEEDD
UUnbEELLiEVVVIIRR
uuNbbbELOOOeeeVOOORRR's
annnBBEEELLLIIIeeVVooorrrsss
unnbaaLLIIIAAvvIInng
aNBBEEELLLeeeeVoNGGlYY
unbbbELLLOOVVVeeDD
eeeNNNbOOOLTT
ennbbuuLttIDDD
UnnbEELLLTuunGGG
iNNBOOltS
IInnbbINNDDD
uNNNBBBEnDiiiNNgg
uunnnbbbenDinnnGGlllYYY
unBBBEEnnnddS
UNNBBBEnt
OOnnnBBAaasseeedd
UUnbIASSSEEdddlllYYY
eeeNNNbbbIEEsssssseedd
UUnnBBuisssssEEddLLYYY
UUNNBBBIIIddd
UNNNBiiiddddEN
OOnbbbIInnnddd
unBUnndiiiNNNgg
IINbbAAANNDDsss
IINbbllaaaAAcheeedd
uunbbbLLLEmmiSShheddd
OnnnBllENNchhIddd
UUUnnnbblAASSSSSeeed
UUnnBBlIIst
UUNNNblIIINNkkkiNNNgg
aNNblIINkkkiNgLLLYYY
UUnnbLLIICCKK
UUNNbLOcKKaaaD
UnBBBLeeCCCKANGG
eeNNNBBlocKKSSS
onnnbbbLOOeDDIIIaad
iiNNNbloowwwnnn
OOONNbLuuusssHHiiNNNgg
uunnnbbLoossHiNGGllly
iinnboodddIeDD
uuNbbboIIIllled
UUUnBOLLtt
uuunnbaLtttODDD
AnnbbIILLLTTTiiinnngg
oooNNNbaLLTTTS
uNNBBBOONNNAADD
uunnnbbbooonnIIITTT
INbbooooooKKEEEDDD
iinnnBBaaRRnnn
UUNNBBOsssiM
UUUNNbosoMEEEd
EEENNBBIIIssOOMMIIINNNggg
uuuNNNbooosommmS
AAAnnnbAAUUnd
unnBBoooUUUnndddEEEDD
UNNNBBBUUUWeeddd
OOOnnnBBRoocccooo
uunBBBRRiiicAAAd
uunnnBBBRRRIICCUUss
UnbbbrAAACCoooNNNg
onnnbrrAcKOOTTTEEEd
UUnnBBBrUUEEd
EEEnnbbbRaaaeeDaaadd
UNbrrrAAOOdOngg
uNbRAAAIIIdddsss
UUUNNbbbRRaaNchuuDD
uuunbbRiNNNddEEDDD
innBrrruuuIIIKKabbLe
UnnBBBRRReeeIITTHaaabbllII
uuNNNbRRuuAtttHHEED
iiiNbbbRidddGGGaaeeebLO
UUNbrrrIIdggaDDD
iNBBBrrrIdddleee
uuNNBrIIIdlllEDDD
IIINNBrrrEEKKEnnn
UnnnBBrriiiiiSSSAAddd
uuuNNBRUUUShEDD
uuuNBUUUcklooo
unnnBuCCCkkLEEDDD
UnnnbaccckkllUS
UUNNNBBuCCKKKllliinG
ooNNBaaaddgggattteDD
UUUNBBiiDDDGiiNNNg
UNNNbbbUUUIIILLDDD
UUUNNBBBinnddllled
UNBBarddooNN
IIINNbbbURRdonnneed
ONbbbaRDDDUUNNIInngg
EENbbbeRRdddeeNNss
UUUNNNBBBeerIIIeeD
UnnbbUUURneeeD
UnBBIIIrrNNtt
UUUNBIITTttOOnn
uunnbuutTTOOONuuddd
eeennnbaTTTtaannnUUNNG
iiNNBuuuTTTTTIINNNss
uunnncccAgooDDD
uuNNcALLeBRRRotoddd
iinnnccaallllEED
uuunnCCCOOOnnccaaLLLEDD
oNNNCCaannncccEElllLLLuuuD
uNNNcccaaNNNNNNUUUiirrr
uncuuNNNNiiSSSttt
ennccaaNniiilllyyy
onnnCCAAnnnnnnAAnnnooSss
uunnnCCCaaannNNyyy
UUUnnCCCaannnOnnnEcaaL
uuunncccaaaP
uuuNNcccAppooTTTullIzzzEEddd
INccAAppPeD
UNCAAApPPAANNNGG
oooNNNCCIIPSS
AANNccceeREEnnGG
UUUnCCCOOOrrPPPEEEtttEEEDD
uunnncccEEESEED
UUnCCUUshheeeddd
UUNNNccAATTEElllOGEEED
unnnCCCaattUULLOOOgggUUUOdd
UnccAAAAggHHt
AAnnnCCCEEEUUUsaaaddd
annnciiaSSSINNgg
UnnnCCCEAseeeNNNggllYYY
UnnncccUllebbbRRRuTTTaaaDDD
UUUncccEENNNSORReeeD
UnnCCEEENNNssoooRRRUUUDD
uuuNNNccEEERRReeeMoooNiiouuuSS
ooonncceeerEEmmmUNaEuusLLLY
IIncIrrTTTuuuinnn
EEEnnnCCEErrTAAInnnLy
UNNcccOOrttuEEENNNNaSSsss
UUnCCeRRRTTaIINNNUUSSSseeSS
uNNNCOOORtUUIIIntttiiieees
UUUncaaarrtttEEaaNNNttY
INNNceeerrrtainnTTTyyy'SS
uuunnnccErrTTiiFFIoD
ENNCCHHHAAann
UUNNNcchhAOONNEdd
uunnnccHaAneeeNNNGGG
OOnccHAAaaaNNNsss
uuuNccchhAAALlOONGGEEAbbbLLE
UUnncHHAAlLLLEEEnnGiiiDDD
ooNNCCCHuunCYYY
UUUnCCChhANNGoooAAAblllUUU
UUUnccHHannnggEEEabbLLy
inchhAnGGGuD
uuunnnccHHaNGIINNNg
UNCHHAAPiRROOnnUUUDD
uunnccchAArACteeerrrIIISTic
UNNccHHHAAArrUUUCTTEEERRRUUUSSSTTICCOOllllYY
uuunncccHArrGeeeDD
UUncchAARRRiismAAtttiiiCCC
UUnnncHHuuurrrUTTAbbbLEEE
UnncchhhAArrrAAAtttABlEEEnnneeeSSSSS
iiinnChhhuuuROOOtttAABBBLLLYYY
UUnnCChhhiiirrrTeddd
uuuNNcheeerrrteeRREEED
UUNCCChhAAAsstttE
uNNNChhhaaassToollly
uuNNNcccHHHUSTEEENNNesssSS
uuNNccchAAAssTTERRR
UnccchhAAAssttEEEsTTT
unnnCCCHHHeeSSTTTOTTyyy
eenChhhuCCCkAABlu
OOOncccheecKeed
UUUNNccheVVUUULLRRROOOaaaS
iinccchhhRRRIIsssttANiiDDD
uuNccHHHrIIIssstttiiAANNN
UUnCCCHrreennniiicccllleeed
uNNNcccHHHiiRRRCCCH
UUUNNNccHUUrrrCCCHHHuDD
eennCAAAell
InnnCCCeeAAAL'SSS
AnnncccufforM
eNcunAArrrIASSSiiss
uuunnCCCinATTTI
uuunnncIINUUUS
oNCCooRRRCCUUllIIITTooD
uuunncIRRcuuuMCeessEDD
ONNcUrrcccUUmccciiissioon
iiiNNCCCAvvvIlll
UnnnCAViLLLOOzed
IIINNCEEVVViiLlllY
UUNNccLLadd
UnCLLLAIIMEEDD
unCCCLLaSSp
uNNClAsssppEdd
UUUNclllAAASSSpppEnnGGG
aaNCLLLaaassps
uuuNCCCLIIsSSIIICALLL
uunCClaaaSsssoofuAAABllee
UnnnCCLasSuuuFFFIoooD
aaanncccLLE
UncLii'ss
uNNCCCLLEUUUNNN
unnnCllleaaNNNaadd
UUUnnnCCCLLLOOOAAnneRR
uunccLLLeaannuuuSSt
UUUnnCCCLLLEEEaaNLLLIeeRR
ancLAAAooonnnlllaessstt
onnnCCCllOEEEnlIINNESSs
uNcclEEiinnnllliinnEEESSs'SS
UnncllliaaaNNlyy
UUNNCCLaeeennnnEEsss
UUnclllEEunnUUsssss's
UUUnnnccLLOOaaRRR
UUNCCCllleaaRRROD
uuunCCLouurrer
UUNNNCCleeearrrEESttt
uNcLLLeeennCCChh
iiinnnCCClleeeNNNCCChhhaD
ONNClEss
AAnnnCCLLLimmbuuBlE
EEEncLLIIIMBBBEEED
oooNNNCCllIIINCCCh
enCCCLLLuuuukkk
UUUNNNCLLLOOOUUkEED
oonnncclOOEEEKINgg
uuuncLLIekkkSS
uNNcccLLLoooGGG
UUUNNccLLLooogGGEEDD
OnnnCCClloGGgggAANNNggg
uncccLOOOggsss
OOnnnClOsssi
uuNNNcllUUUSSeDD
inCCllloooThhhA
UncccLLoTTTHHeeD
UNCCLLootthhhEESSS
uNNNCLaThhhiNNGGG
AnnnclooouuudddUUUDD
IIInnncclllEETttErrrUUUD
ONNNcoooutttId
AAANNNcccEeel
UUNNCUUUIlllaaaddd
UUnncoooIlliNNg
UUUNNcccuuiiLLsss
uuncccaLLLLACCTTEEEddd
uNccoooLLLOOrrEEEDDD
aaNcAAMMBAdd
UUUnnccoooMbbuNNNOOOddd
unnCOMMMEELY
uuncommmfffeerrTToobbblle
UUUnComfffooRRtabbLLLeeNNNEsss
EnncccOOMMMfOOrrttAABlyy
unccIMMiC
UNNCooommmmErrrCCIIIooll
UnnCCCommmittttUUDDD
UUnnncccOOOmmmmoon
uuunncoMMMOOOnEEERRR
UUUnnncccOMMmmmooonnnEEEStt
IInnCCaaammmmmoooNNNllY
ennnCCoooMmmmOOnNNNESss
UUnnncOOmMMiiiNNnnnEssS'ss
uuNNNcccommMuuuNNIIICCAATTuuuvve
uunnncccuMMMmmmOOOnnOOccAAATTiVVVOOOnEss
uuNNcOOOMMMmmmUNiiCCCIIttEVVinEsssees
UUNNNccOMMMpppeenSAAATTeD
UUNNNccOOMMpppettiitttEVVI
AAnnCCoMMMPPPeeTTTUUUtttiiivvvENNNuuSSSS
uNNNCCAAMpluuaaannniiinnng
UUNNcciiimmmPPPlAAAiiNNNIInnGLLLYYY
iiiNCCooMMpLeetttEddd
INNCCCEEmppLLoooCCaTeDD
eennnCCCooMMppLLiiMMUNTTaRyy
UUUnnncaMMpppOOeenDDDId
uuNcccooMMMPREHHHEEENNDaad
UUnnnCiiimmPPPRRRuuuHHENNDUUng
UUUNNNCCCommmpRReHHOOONddIIIngglly
uunnnCCompprrreeeSSSssseeddd
OOnnCumppprrrEEEmIsABBBllEE
uuNNccoMpppRommUUSSiiNNNgg
uNNNCCeeemmPPrrommISSSaaaNNNgggllyy
EEENNccOOnncEEEiLLeeD
ooNNcOOONcEEiivvvAbbbllAAA
uuNNNcccOnnnccuuuaVVVABBLLLy
eennCCCiiiNNccceeRRRn
UnCCooncccorNN'ss
iiiNNNcOOONNcIIrNNIID
UUnnCCONNNCCeeernODDDlllyy
unncccUUUnnCLUUDDeeddd
unnCCoonDDDIIITiooonnuuuLL
UNcEEnnnDiiiTAONNNEEllllYY
iiNNNCCCOOONNNddEEEttIIonnneeeddd
EnnCCooNNfAAAnaaaDDD
UnnnCCCaannnFFirrrmmeeed
uuNccAAANNNfffAARRMMMuuBBBlEE
EENNCCiinnnFFiirrMMEEEty
UUUnccooNNFFFOSSSeeeDD
iiinCCCEEnngggEniAAAlll
uuNNNCCeeNNNNeCCTTTaaDD
EnnnCCCoonnnNEccTTTEDDlyyy
UUUNCCeNqUUUeeRoBBBleee
UUUNNNcccOnqqAAeerrAAAbblYY
IIInnCoonnqqeeeeeeReDDD
UNNNccOONNsccAeennTTIIeeAAAS
eeenCCCEnnSCUUEENNAAbbbLLLE
EEEncccooonssscoooonnnooobbblyy
UUnCCCooNNSSccciiiOss
iinnnCoonnsCCCiiiOEEsss's
ONccOOnnSSCCAoouuSlyy
UUUNNNCCCINNNssCoooOuuSNOOSSss
UNcOnnnsssccciaOOOssnneeeSSSSS'sss
uuNCConnSeCCRaattEEDD
eNCCCOOOnnnSennTonnnGGG
EEEnnncAAnssIIIdddeeeRuudd
uuunnCCCOnnnSiiiLLLaDD
aanCoooNssooLLAAADDUtEEEdd
encoNNNsTiiTuuTiiionnnAAAL
UUUnnnCCCOnnssttiiitttuuuTTTiiooonnnaalluuuTTyy
IIINNccconnnsstITTTUTTAAaannAALLITTyyy'SS
uNcccONNNssTEEETTIITTToooeeNNNALLLllYYY
iiiNCUNNNsssttRRooouuuNNOOd
ENNNcoooNNNsttRiiiCTTEEDD
AAANNCeeNsssUUmmmOD
UUUNNNccONNsoMMmmmuuuTTTADD
uunnccOOnttEEIINaaBBlEE
uuNNNCCiiNTiiMMMoNNNEEttOOddd
unnnCUNttEEnTUUAAs
UnnncOONttusssTTEEddd
EEENNCooontttRRiiiLLLLLLabbbiiilllIITTyy
uunConntttrrrElLaBBBllEEE
UUNNNcccUUUNttrraaallllaabbLLy
eeennncccONNTTrrrIIlllLLLaad
iNCCOOOnnttrAVVVAArSSEEEELL
UNNNcoonTTRRooovArsaaaAAllllyy
AAANCAAnnnvvENNNtttIIOOOnnOL
aNNNCCAAnnVEEEnnnttiiiENNALLLeeetttyy
aaannccciiNvENTTiioonaLLiiTTTYYY'ss
uuunnCCCOONNNvveenTeeeoooNNaaaLLY
ENNNcONvveeeRtod
uuunnnCCEnnVVERtttiblle
uuuNNNCCOONvINNCED
uunncccoonnnvIIInCCIIInnng
uuunnnCOONNNVVVinnnCiiNNNGGlllyy
UNNNCCOOOEKEEdd
uNNNcccIIooolll
UUnccOOOOPaarrraaaTIvuuu
iiiNCCOOooppEERRaaaTUUvvvILLyy
uuunnnCOORddUUNNNoTOOODDD
unncOOORRkkk
UUUnnCCCirrkkEEEdd
UUUnncccoRRRKKiiiNNgg
unnnCCCoooRkks
UUUnnncarrrrreeectttaBBBlllA
UUNNCCCOrrrrrOctted
iiinnccEErrrrrrelllIITAAddd
EEnCCCOOOrreeeBBEEERRUUTiiDD
unnncORRRRRuuuPPPtttEEdd
uuNcccIunnTTTAbbbllee
uuunCCIanttiiiDDD
uuuNNcccEEEIIPPPlee
UUUNCCoouuPlEddd
aanCCCoooaapplllAAAsss
UUUNNNCeeOPPPlliiNG
unnnCoUrrTAAAiUUUS
UUUnncccOUUrrttlyy
ennnccIATH
eeeNcccOOuTTHHlllyy
AAAncaaauTHNNesssss
uNNNCovveeNNNUUUntadd
UUUNNCCoovEERR
uuNCCOOOVVVeeRRRaad
UUNCCoVVeeRReeeNNNggg
uuunCCCOVaaaRRRsss
ENNcrraaTTTU
UNNNcraTTTiiddd
unncccRRuuutttiiiss
unnCRRRIIttiiNGG
oooNNCCCRRoooaatttIIIddd
UUNNCRRRAuuutttiVVVi
AAANNNCCRRROOdOttEEEddd
IIInCCCReetIIcaaL
AAANcRRREETUUUCCCaaaLlY
uNNNCCCRRUpppPPPEDDD
UUnCrrrooSss
OOnnncccriiisssSSSiiiBlliii
OOONCCCROOOSSsssEd
ooonnnCCCrUSSSeeeSSS
aNNCCCRRROOOssssEENgg
uNNNCROOwwwddEEddd
UnnnCCrrrowNNN
EEEnCRREEwNNNEEDD
UUUNccRRRuuSSHabLa
UNNCCRRRYYSTEEELLLlllIIZZADDD
UNCTTiOn
oonccctttOOOOOON'S
IInCCTiiOOONss
ooNCCtAAUUuuusss
UUUNNccttAoooaSSllYYY
aNNNccctIUUiiSSnnnESSSS
EEnncTTTuOOUSSNNeSSSS'sss
UUUNcccuulltUUUVooottUdd
UUUNNNcccULTUUrreDD
uNNccoorrUddd
uuuNNccuuuRRiOuuuSSS
UUUnnnCCurLL
uuuncUUrrLLED
UUUnnCIIIrrrllliiiNNg
uunncccOOrllS
oooNcccUUrrttoooaanOODDD
uuuNNCCCUssttaaaMAARRRyy
iiNNNcccAAAtt
aNddOMaaagOOD
iNNNDuuuMPPAD
ENNNDDDaattteeDDD
uuNNNDDDAEnnnttteeD
uunDDAAAuNNTeedddllyyy
UUnddaaaUNTTUDDnneeeSSs
uuNDDDeiiiddd
EEEnDAABBAttabbbLu
IInndddeebAAAtttaaablY
UUUNddEEEcIggoNN
unndecoooEvvIbbLLLEEE
uNNNDDUCCCEEEIIIvvvoblly
ooNNDuucccooOOOvvveee
EEEnnnDDDUUUCCeeeeevvvuD
oooNNDUCOUVEsss
UnDDeCCCeooovvIINggg
UUNNNDDDAACCCEEDDUUUBiilUUUty
UNNNdeeCiiidddIIIBLLLeee
eeeNddeeeciddeeeDDD
ANNDDDooCCCIIDDDoood'sss
eeennDDDEECadddOOODDSS
UnnDEEECCUUpppHHeeRRaaaBBle
UNDEEccclIIIRRRoooddd
EnndoooCCCooRRIITTAAAddd
iiNNNddEEEFiiAAATTTuuDD
UUUNNNDDDiiFFFeeNNddeddd
uunndddifELLuuuD
UUUnndEEFiiinnnABBLLLee
UUnDuffinnOOOd
uunnddeLLIIVEERAAABlllEEE
aNNNdeeLIIvERRREd
anDDEEEmAANNddiiing
UnDDDeemmmeeCCrrruttiiicc
UNdddEEEmoCCCRRaaTTTicAAAllllyy
AAAnndddumiNssTTRRAAAbllEE
UUUnnDDEEEmmONSSttRRAATTTIIIVVUUU
OOOnnnddEEMMOnSSSttrruuuTiivveeeLLyyy
iiinnDDeeeMiiNNstttrooTIIvUUnnAAAssSS
UUNdIIIneEbbbLLaaa
UUnnDDenIIIAAABBlY
UnnnduuunnnIedd
iiinndEEEnnOMInnnatttiiooNNNaaal
UNNDDEEEPoooNNDDDaBoooLUTYYY
uuuNNNdddEEEPPPEEEnnduuBBBlllEEE
uNDDERR
UUnDeeeraaacHHHiieeeVu
UUNNNDDEEErrrAcHIeVVEEEd
uuNdeeeraacccHHOOaaaVImmEEENTT
UUUnDeeRRRAACChhhiiEEEVVuuuR
IndddEERRRaacchIEEVIIIRR'SS
unnDiiiRRRIICHHAAAoVVAArS
UUNNNDDERRiiiCHIIooVVVoooSSS
iNNNdddeRAAAccHHHIIeVunnnggg
EEndeeeRRaaaCCCt
uuuNDDDuuurraaaCCTTiiiddd
iiinnddIraaaccTAAnggg
uuNDerrUUUCCttIIvvaaa
UndEErrraCCTUVVVOOTTTYY
AANdddOORRRaccctttSSS
uNNDDErrAAAgEE
uNNDEERRRAAAGGGEddd
iiiNDDeeerrEERRMMM
uunndddIIIrARRMMM'SS
uNdddeerAAARMMS
AANDDDEERRRBBBEEELLLLiiAAAss
UUnndddArbbbELLLLLLY
IIInnDDiiRRbbuuullllyy'ss
unnDDArrrbOODD
UUUNddIIIRRbbbiiDDDIIIrrr
IIInDDDAArBBoDDDiiinnGGG
uuunnDDeerrrBBBEEEDDsss
UndddeeeRBuTe
UUUnnndddeRRBBiiDDAccI
uNDErrrBBBAAAdddieeeSSS
ooNdddEEERBBoooddy
UUUnDuuuRRRbbrEEEDD
OOnnDDDeerrbbbrrriisHH
uuuNdEERBBBRRiisssH'S
uNNdddooRRCCAArrrRRRAaggee
uuundddoooRCCaarrrrruIIIGGuu'ss
aaNderCUURRRRIAAAGGGEs
UUUNddORRcAASST
UUnnnDDDeeRCChharGaa
uNNNddeeerCChooorGGee'SS
uunnDDEERRRCChaaRRRgaaaD
uundEErrrcccHHARRRggEESSS
uNNDDeRRcHaarGGGiiinG
AAAnnDIRRRCllaaaSSSS
unnDEEERRRcLLLASSss'ss
uuundddaRccLaSSSSSSEs
UUnnDOOrrcclllASSMMMUUUNN
UnDDDIIIRRRCllaasSSSmOOnnn'sss
eeNNderrCLLAAAssssmmUUUNNN
uNNDDDERRRCCCLOYYY
uuNNdooRCCClluTTTHHHeeS
UUUndddOORRCClooTHHAss's
uuNNNdoorrcLLOOTHIIInnng
uuNDDDeeeRccLLaaaTTThhaaaNNgg'S
UNNNdddEEERRRCCCOAAAtt
ooNNNdddEErrccUUaaaTT's
ooNNddeeeRRceeIIITEEED
UUNNdeeeRCoiiitttIInnnGG
uuuNNNdErrcccEEAAttiinGG's
INNNDDeerrcciaatttinnngs
IINNddEERRcccoiittts
UUnnndEErrCCCaauuukeD
uuuNDOrrCCCAAAAll
uuuNNDDuuurCCovveeR
uNddderrcrroooFFFTTT
uNdddeeeRRCCiirrrrrrEEENT
IINddeRRCCUUUrREnnTTT'SS
UNNNDeRCCCuRreennTTTss
eeenndddUUUrrrCCCUUtt
UUUnDDDeeRRCIIIttt's
UUnnnDDaaaRRRccUTTTss
EEnnDDDurrrCCUtttiiiNNNggg
IIINNDDorrrDEEEvvAAALLLOOOppeDD
InnndddiiirDDiiiVEELooopmmmeeNNT
UNNDDeeRRddEVVVAAALooPPMEEnTT's
aaannnddeeeRdooog
EEENdeeeRRRDDeeGGG'SS
IIInnndddErrdOgggSSS
OnnDDDOrrrDONNuu
UUUndUUrrdrrrEEEwwweeersss
IINNDIIIRRDDDrrrUUUsssS
UUnnndeeeRRDDDrEEESsEED
uuuNNNDDDEERRRDDDrrEEESseeeSSS
uuuNdEErrrdddressiiiNNggg
uNNNDeeREEddUUcEttuDD
uunDerUMMMPPHASaaS
OnndddEErEEMMphhhasIZZZe
unDDErrrEEEMMPPllOYADDD
uuNNNdddeerooMPPLLLaymmONNTT
iinnnDDDErreeeMPPPLoooYYYMEEENNNTT'SS
IIndddEEREEESttomaaatAAA
unnDDDeerrrIIIssTTIImmATTaa'ss
ooNNNddeeRAAAsttIImmmeeTED
EENDUUURRREEEsssTTTiiMaTTeeeSS
undEEErrrEEEstttAAMMaaattAnnngg
uunnnddIRRRiiiSSTTIMMMatIuun
uNDDDErrraSTTTIImOTIIOOnn'sss
ooonnddeerrEEEsssttiiMMMAAtttaOOONNNs
ANNNddeeRREEXPoSU
iiiNNdUUrrEEEXXppassodd
AAndddeeRROOOxxPPAASSSiiiSS
IIINDeeerEExxPUUUsssOOnnnG
uNNNdddEERRRIIIxpiissOORRReee
UUUNDDEEREXXXPOsssoreee'SSS
UUUnnnDDDeeerUxxpoSSorrAs
uNNDErrFFEEEd
UnDDEERRRffaaaaDD
uuuNNddEEErrrffOAADINNNgg
unnDDDiiRfEEEEddSS
UnDErffllloooAR
IIInndeeerrrFFFllOW
UNddErfooiT
IIINNDDDiiRRRFEND
uuunnddEEErFFUUUnnDDEdd
UnnnDerrrFuuNNNDDDiNGGG
uundddEEErrrFOOrr
uNNDIIrfUUUR'SS
UUnDDeRRggAArmmeeeNt
ooonnnDDEERRRGGGaaarrmmeennTT'sss
uNdaarrggEEERRmmmEEEnnTTTS
uNNdddARGGiird
AANNNDDDOOrrrgAAArrrDDedd
uunndddERRRgIIRDIIInGGG
AAANNNDDDuurgggooRDDSS
eeeNNdeeeRGGGIIIrT
aaannnDDDerGLLLaaZZZIII
UNNdddeeRRRGiii
uuNNdddEEERgggOOOeeS
UUUNNdddeeerrrgggOOIIIngg
UUUnnddIIIRRRgguunnEE
UUnnDDDeeRRRgggradd
unDDDeerrrGGGRRoddds
UNNDDoorGGGrrrEEEdUUaaaTTII
IInnDDDeeRgggrrrAAddUUUiiitta'SS
eeeNNNDDuurrrGRAAADDDuAATTTeees
EEENNDDDeergRRRoouunnddd
uuunDDDEEErrrgggrrrEEEUUnDD'SSS
uNNNDDOOORRRGGGRRuUUUnddsss
uNderrrgruuWWnn
uNNddeergggrrrIIIwwttH
uunnnDDEERggrOWTHHH's
AAnnddUURHiNNddd
uunnDDOORHHHAndddEDD
eNdddeerhhhAAnnddeeeddllYYY
uunndddAArrHaNNNddeeeDDnUUSSss
UUUNDDeerHHUUNdddUddnnEEsssss's
uundddURRRHHHuuungg
uNdeeeRRUNvvvEEEsTTTmeeNNNTT
UUnndeerrlaaaiiid
EnnndddAAARRRLAAAIINNN
uuNNdArlllooyyy
uunDDeeRRRlloooYY'S
ANNNddEERRLLLIYYeeerrr
UUnnDDDaaarrliiYYYss
aNDDaaRRllluuuttt
UNdddUrrrllieee
UUNNDDeRRRLLLUUeSS
UUUNNddiirrrllliiiNaa
iNNNDeeeRlllIIInnnEE'S
UUUnnDUURRliiNNNooDDD
IIInnDDEErrlAAAnneeen
uuuNNDErrrllAAANNNEsss
uuuNDDDAARlINGGG
indddeeerrrllINNNgg'sss
eeendeeRRRlllANNgggSSS
ennDDDErrLAnnnIIINNNg
uNNDAAArlOOONNingggs
eenDDeerrrLoooppp
UnnDeerrllIIIP'sss
uunddeeerrrliiiPss
uuunddEEErrlyyyinnng
uuuNNdddEErMMMAnnnEddd
enDDDAARMMIInnttiiiooNNEDDD
unDDDEErrmmmiiiNe
UUNNNdddEERmmonnnUUddd
UUNDDDErrrmmiNNaarrr
IINNDDDUUUrrMMIINNNeess
UNNddeerMiiiNNIIING
UNduRmmmiSSST
unnDDEErNUUUUUUTTThh
unnDDEEErrrnnniIIITTTh'sss
UUUnnDDDEEERRRneeAAtthS
iiNDDDUURRRNiiuurAAASSSHiiDD
UUNDeeeRRRNNoooorrOOOSHMMMEnnnt
IINNNDeeeRRRNouRiiisshmmmunnt'S
eenDDDooRPPAAAIIDDD
UndddeRRRPPaaaiiNTTiiiNG
uuundddeerrrpuNTTSSS
OnnDDeeerrrpppOnnntts'SS
UUnnnDDDEEERPPPOOrTT
UNDeeRpaaarrrtt'S
UUNDUUURRpppeeerrTTss
AAnDDDEEErrPPPassS
EENNDaarppESSSSS'sss
OOnnndddeerPAAASSSSEEEsss
UUNddiirPaay
UUNNNDErPaYONNNg
UUNDDDeeeRRRPayMennTTT
uuNdddArPPPUUUyyymmmOOONNtt's
uuunndIrrrpaayyyMMMEEEnTTS
uuNddErrpppaaaYYYss
UUnDDURRRPPPURfooorrrMMIIIddd
EENNNDDDEEERRppooN
eeNNNDDDerrrPPiNNNnOddd
UNNNdoorrrpppiNnniinG
uuuNNDDeRRRppiNNNnnneeNNNGG'sss
AAnDaaarrPPPInNNIIINgggs
UUUnnnDurPiinnns
onnndEErrrPPllaaaYY
uunnndiirPPPlloooYeeD
UUnddEEERPPPllaYYYIIINNNgg
OOOnndaaRPlllAAAyyySS
InnnddirrrppplAAAt
AANNDDDirPPoooPUUUllaaaTOOD
OnDDEErrrPPPaWWWUUURRaaD
iNNDDDErrppprrriiiCCCING
uuuNdoooRRRpRRReevvOOOlEGEDD
UUUnnnddeeerrPPrrOODDDuCCEEE
oNdddooRRPPrrOOdaaaCCCttiioNNN
AAnnDDiiRRRppprroooDDDoooctAoooNNN's
aaanDeRRPRRRiioooFF
UUUnnnddeerrPPPRRUPPP
anndOOORRqqquuuOOTTTEEE
OOnderrrQQQuuUUUTTEDD
aNDeRRQQQuuuitttEEEs
AAnnnDDEEErQoAAtiiNNNGG
uunnDOOrrRRATTee
UUNNDeerraTeeedd
innnDDoorrrrrruuuTUUss
annDDAArrraTInGG
UUUndEEErrrrruPPrIIIsENTTeeed
UUNNNDDDoorsCCOOORRAA
IIINDDDuuRRRsssCCoree'SS
UnnDDDaRRsssccOOOreeeddd
UnnndeeRRRscccOOOREEEsss
UUUnnnDeeerrssCEErUUNNNgg
UNddUUUrrrsseaa
ENNDDDoooRSAAAALLLeDDD
uuNNDErrSeeaS
IINNNDDEErSeCCCRRRettOOORRRAOOOT
uuuNNDDeeerrSSeCCCrEEETTAARRRiiEEESSS
UUUnnndeRRRssOcccRREETTTeeerryyy
uunndUUrrSSeeCCCrrratttary'ss
ENNdddErrsEEELLlll
OONDDeeRSSILLLlAANNNgg
UUnnndeeerrsssELLLLLSSS
UUnndddEERRRSSSOttt
unnnddoRRSSexxaaD
uuNNDDDeeeRRSShOORRIIFFFf
UUUnnddERsHHoRRRtt
IInDDDOOrrrSSHHHuuuRRRT'S
aaNNNDaaaRRRsHuuurrrTSSS
uNNDiirrSSShhOOOOtt
UnnnDDaarrssHHooooTTEENGG
uNNNddUUURRssshhhOOOUUUtS
uuNNDDEErrSShorrTTS
aanddduRRRSSHOOOrTSSS'S
uuuNDurrrSHHoot
UUUndddEEERRRSSSHHrrUB
OONNNDDEERRRSUUUdU
unnDDeeeRRsssIdddEE'S
UNNDDDERRRsaaaDAAAsss
uuNNNDDeeRSiiiGGGNN
ooonddiiirrrsiggNNID
OnnndddEEErssUUUGNNNeeD'SSS
UUUnnDDDUrrrssIIggNNIINNNGGG
UNNNDDERRssUgggNNsss
UUUNNDeeeRRsssIZZZooo
IIINdErrSSiizzeDDD
uuNNNDiirsKKaRRRtt
uunDDDEEErsssKKiiRRRT'sss
ANNDDEErrsssKKKirrrtsss
EnnnDDDERSSSlllunnnGG
unddeeRRssAAllDDD
uuNDERsssPONNDDD
UUUNNNDDDORSpppaNDDDennggg
uuNDDArrrSpaaNTT
AAANNNddEEERSTAAAffiiiDDD
UUnDDErsssttaaNNDD
UUUnnnddEEErsstttinnnDDDiiiBBOOllIIttyyy
uuuNNDDeeerrrSTTiiinnnDDaabbLLLee
UNdaaaRRRSSTTINNNdIIIbly
EEndeeersstttAAAnnnDDDiirr
AnndeerSSTTTaaaNNdddInnGG
UNNNdddeerrSSTTTOnnnDDDING's
EEEndIrrrStttaannndddiiNNNGGLLLYY
UUUNdEEErsssttannnddeeennGGSS
aaannnDorrssTToNDDsss
OOONNDDDaaaRRssTTTAATTTu
oNNNDDorsTTTAAtEEDD
uNNdeRSSTTUUUtAAMMMeeennnttt
UUUNNNdddEErsTTAAAtttemmiNNNT's
AANNNdddeeeRssTTAATTTeeMMeeenntttS
UUNNDeeeRRRsstATos
unndddiirStEEEtiiNNNgg
aannDDEEERRRSSStuOODD
uuunnDDDirsssTTOOrrrIIyyy
UNDDOOORRSStttORRRY
uuNdddUUUrrSSSTTROOOPPPPPEEErr
InnddEERSTrrrenGGGTThhh
UUnnnDDDEEErrrSSttrrrOOCTTiRee
UUnDuuurSSSTAAAddeeeUdd
UUUNDDeRRRSTTTUUdieees
UUnnndddEERRsTTTUDYYY
uNNDDerrSSTTTudddy'S
UUUNNDDDiirsssTTTUUDYIInnng
AAAnnDeeersssoorrFFAccceee
UnDDDEErrrSSSUUURFFFOOccceeSS
UNNNdddEEErtAAKE
AAAnnduuuRteeeKKKuN
InndddERRRttiKAAAr
unnDERRRTAkkkUrr'ss
eNNNduuuRttAAAkkkUUURRRss
iNdddeeerrTTAKKesss
UnDDDEEErTTTaaaKKiiinnnG
INNDeRtttAAkaaNGGG'S
uuuNDDDEErTTuuukkkUUUnnnGGGS
AAnDEEErrtttOOONNNanntt
annddOOOrrTThINNNGsss
UUUNNNDoooRRTHHHInnngS'SSS
UndddeeeRRRTTThhrrIIst
UnnnDDErttiNtt
uuNNDiiiRRRttEEne
unnDerTTTiiNe'ss
iNNNDDDeeRRRtttooonneeeSSS
uNDDDAARRTTTOOOoK
OONNNDEErrrTOOOw
UUUnnnDDIIrToWWW'S
UnnndddaaarrrtttOOwwwSSS
unnddaaartReeeCCCk
uNNdeRRRTTrrrUUUmmpp
uuunDDDEERRRuuSEEEddd
AAAnnnDDDerrruuSSInGG
ONNNdeerrUUUtttILLLEEEzaDDD
UUUNddeeervaLuuatttUUONNN
AAAnndiRRRvvAAALLeeeaaatttion'ss
eeNDDArrrVVIlEEoo
UUUnnddErVVOlUaDDD
uNdEEERVVVOOOllOOOeSSS
UnDDUUURRvvvaLLLuuuiiiNNNgg
uunndEERRvvOSSTT
uuunnddURRwwwAiiiSSSTTT
EEEnnndddirrrWWIttOOOr
UUUNNDEEERwwwaYY
uNDDEERwwweeeaaaR
UUnndeeeRRRwuooRRR's
UnnDuuuRRWWooIgggHHT
aaaNNNddeeRRRWWWEEEIgghhhTT'SS
ooNNdddEEERwwweeenT
aNDDDEEErrWhALLM
UUUnddiiirrrWWWHEElmmEEddd
uuunDARWWWHHeeeLLLmmmuuuNGG
IInnndddeeerrwhhhEllmmS
UNNNdEEERwwIIInnnGGG
uuuNNNddoooRRWWWInnGsss
uNdddoooRWooooddd
unnnDDDirrrWIeeeddsss
oonnndddEErrWooorrLLD
UUUNNNDDEEERwwwoRRRLD'SS
OOONNNdeeRRWWWORLLdddSSS
UUUnnDuurrWriTTTE
EnndEErwwwrIIItUrrr
uuuNNNDEERRWrrrOOTeeeR's
ooonnndEEErrrwwwreeTTTOOORRRS
oNDDDOORRwRRRITTTooos
iinnndddooRRRwRRITTTIIInnng
UNNNDUrrwRRRIIttaannn
UUUnndderrrwwROOTeee
UnnDDuuSSSeeeRRRvEED
uNNDDDEssORvvvEddlyyy
unnddesERVeeeNNNg
uuNNNDESoooGGGnnADD
uunDDDEEEssuGnnInnGGG
uuunndddIISSSaaaRuubbbiliiiTYY
aaannnDOOOSEEEReeebbbEELiiTYY's
UUnDDeeeSArAABLLLEE
UUUNNNdddUUUssOOrrAAbbbLLi'ss
oonnnDDDeeSSSArrraabbblaaass
UnnndEEESSSiiRaBBllYYY
unnndosssIIrrruDD
UnnDDEEEttuuuccchhheeddd
UUUNdOOOTeecTTTaabbllEE
UUNNddIIITeeCttAAAdd
AAndOOOTerrrmiinnnaad
uunnddIIITTERRRRReDD
IIINDDiiiVVIIILLOOOpEEED
uNNNdAAAVVIIIaaaTuuNgg
UUnndddEEUGNossAbbbluu
eeennDDDoaaggnOSSSEddd
InDDDuuud
UUUNNNDIIIeS
ooNNNDDIIIeeeSS's
eeNDDIIIffffEErrruunnnttIAAtttADD
oonDDDUgggeestaad
UnddoooGnnniiifaaEEEddd
UUNddIIILLuuutteeD
oNdddIIIMiiiNiiiSSHeedd
ONDDDImmmmEEDD
UUUnnDDDUUnnEE
IIINddiiNNNES
unnnDDepLOOmaaattiicc
UUnnDDiiRRReCCCTEddd
uuunDDIIISSSCCErrrNNNaNgg
oooNNduuSCCHHaaRGeDD
UUNNNDIIIsssCIpplllined
OOOnnndUUUsCCllluuSEdd
iinnDDDiSSSCOUUrrraaaguuuDDD
onnDiiSSciiVIIRRREEd
OnnddiisssCCCrruuuMinuuTEEENNgg
AAAnDDDiSgguuiiisssid
oooNddisggaaISSeDDLLLy
aaNDIsssMIIIYUUUdd
UnnddiiiSSPPUUUsaddd
UndduuuSSPUUTuD
UnndddiiisssOOlllvvveeeD
OONNNDDiisssTenGGGeeeiSSSHiiiBLLLeee
IndoooSSttIIngggOOIIsssHHOD
eNNNDDOOOsstttAARttEEd
unnDDIISStrreeessSSUd
uuunnndddEEEssstttrrIIIbuTTTeeeD
uuuNDOOsssTUUUrBBBeeeDDD
unnnddIIvuDeeddd
anddE
uNNNdddOOccooMMUnTTEEEDDD
annnddAAeeess
UUNNddAGGMuuTTTIIc
iiNDOOOANNNgg
UUNNDDDuIINNGGG's
uuuNNNdduIIINNNgggsss
eeNdddooMMEEEsttiCCCAtteeeDD
uunnnddOOOnII
oNNDDDAAAUbbbLEd
uunddouuuBBTTTIIdd
UUNNddOUUBBTaDlYY
unnddoooubTIIINNGGG
UndddrrammAAtttIIc
UUNNNddRRREEPPPE
AAAnnndrrAPPPEEEDD
EEEnnddraaappEEEs
iNNNDDDrrrapppiNGGG
uNNNdrrrAAaaaMEEEdd
uuuNNNDDDRRAAIIImt
IINdRROOSSss
UnndRRREEEsssss'sss
andrriiiSSSSSoodd
EENDDDREssssUUS
AAnnnddrrUUUssssiiNNNGGG
InnndrrUNNKEEbllOO
UUnnDDuuII
EnnddUUUlllAAANNtt
IInnndduuLiiitteee
aaaNNdduulllAAATIIID
ooonnDDDuLattillyyy
aNNdddULLLAtttES
unnddUlllatttIIINgg
uunnDDIlllOttiooonnn
endoollATTaoNN'S
UUUNNNDULAATTTuuOOOnnnsss
uunnDelllAATORRRYYY
EENNNddoolled
unnDoooLyy
UNNddOOOtttIffOLLL
AANddYYYeeeddd
UUUnnnDyyAnG
EEENNNeeAAggoooRR
UUneeeaarnUUUD
IInneaaarrrTHH
UUUNNNEEiiRRRThhIIIDDD
unnoooaRRthhhINNNg
uNEAAARRRttHHliiinnnasSS
UUnnneeeaRttthllIInEEESSSSS'sss
uNNIaRRttthllyyy
UUNNEEAAARThhsss
uuunnieeesee
uuuNNeeAAASSe'sss
UNeeeAAAsssuuaR
UUUnneeAAAssieSSSTTT
UNEAAASaLLyyy
UUUnnneeIIIsssUUUNNNoSSSsss
iinnnEEEoooSSAAANNEESs'SSS
unnEEaSyy
aaNoaaattAABLeee
UNNEaaTTTuuun
uuNaCCOONNNOOMMIICC
UUnnnEconnnooommmICoLL
eeennEECCaaanUmicccAAALllly
uNaadddiiiFFYYiiiNg
OOOneeedddETTeeddd
aannneedUUUCCIIIbbbLLE
UUNNNEEEDEECIItooddd
eennElllEEcccTTabbLLLu
uuuneeLECCtttaaDDD
unnnuuMeeNcccuuppAATTTEEdd
uuNNNEmbbbAARRRRoosSeeeddd
INNNeeMMMBoooLLlIIssHHHeeD
uunnnEmmAATIOONNNAll
INOOmmmOTOOOONNNAllLyyy
eNNNoMPPhheeetttAAAccc
aanniimmPlaYYYUUUbbaLLLITTTyy
onneeemmPPPLeeyyyAAAbbbleee
AAANaaammplOOyyiiD
eeeNNAMppplooyyyoDDD'S
UnEEMMMPPPllleeyMoNTTT
uuNNNUmmppplllaaYYmeennnT'ss
UnnonccLLLossseddd
AAANNEENCCCaaamBBIrrriDDD
uuunnnIIINNNDDDOOOnGGGiiiREDDD
uuNNuuuNNddiiNNNGGG
OONNEEEnndddooorrrssseeeDDD
aaaNeeNNNDDDAArrabbbLI
UUnnennnduRRRIIIbbblllyyy
EENNEEEnFFFOORRRCCCooIBBLE
aaaNOnnnfiiiRRRceD
annneenngggoGeeeDD
EEEnneeeNNNjjjEyyeeebbblEEE
uunnnEnnnlllIGGhtteeNNNEEDD
UUUnEEnnllogggHHtEEnUUNNNggg
IInnENNrIcHED
uNEENRRRoollllllUUUdd
AANOOOnnTTAAANNNggLEEEdd
uuunnneennterrrEEEDD
UUUNeeennnTarrpRRRISonnGGG
uneennTThhhUUUssseeaaSSStoCC
uNNuNtthhASSIIoooSSSTIIICCCeeLLLyy
UUUnnanvioBBBllaaa
eeNNEEEqqaauulll
uuuNAAAQiUllaaddd
uuuNEEQQQaaaaaallLLLEEEDDD
uuunnIIqquuuaallllllY
AnnequuuIIppuuD
UNAAQoIIIvvOOCCUUULLL
iiinnIIIqUUUiiVVVoocccOOOlllly
IIInaqUIvEcAAlllnnnasssss
UnEEErrrrrIIInGG
eenneeeRRRRiiiNNNGGGlllyyy
uNEssscccooorrrTTuuuddd
UNNNIIIssEnnTaaaaall
AAAnEStttIIBBLIIISSShhheeeD
uuNeeessTHaaaTTeeec
EEnIIITTThhhiiiCIIll
IIInnUTTThhICALLlly
OnnOOVVallAAETTTeDDD
UUnIvvvEEnn
uuunnnooVVVuneeeRRR
EnAveennAsstt
AANEVVEnnnlyyy
UNEEVennNNesssss
EnaaVaaNNNNeessSSS'SSS
aNOOOVUUUnnntffiL
ANNNEEvvveeNNttfUUUlllyyy
UUUNNNAAAVVVEENNTTTFFFELLLNOOOsss
UnnixxxAACCtIIInnnGG
aNEEEXooGGGGEEERRRATTOOOddd
IIINeeexemmEENeD
uNNIIIxuuuMMpppLUUUDDD
oooNNEEExcceeellllEEddd
ennAAAXcceeePTiiOOnnnAAABBBlllE
UUUNNiXXXCCCEEppptttOOOONNNEEbbLLYY
aaannexCaapppTTIIIiiinnAAL
UUnnnOOOXXcEEpptttiiiuunAAlllLyyy
unneeeXXCCiiTaaaDDD
uuNNNEExxCCIIITTTAAnnnGGG
UnEExxxccisOOODDD
UUUNNExIIIRRcciSSSed
UNNNeeexxxpppaaanddeeeddd
unnnAxPPEEccTEddd
unnnEEXppaaaCCCTEEdlyy
UUnnnIIIxxpppeeectttEEEDDDNNesssS
IIINNeeeXXPPeCCttEEEDnnoossssss'S
UUUnEEEXPPPannndeeD
uunnOOOxPPUrrruEENCeeeDDD
oooNeexPPPEErrreeeD
UNeeXXXPllaaaIIInnAbbLLU
uuNNNixPPPLLLAAIINNubbLLLYYY
aaannnExxpppLLLEineeedd
unnnEExPPlliicAT
uunnnEXXXPlEEDeD
UUNNoxPPPLLAiiTEEED
uuunIXPLaarrrEDD
EnoooxxxPPPESSSeeeDDD
OOONooxxxPPPrrEsssEEdd
UNNNEEEXXpprrIIsssssEEEvvveee
aaannnexxxPPeeeRGGGATIIDD
UUUNNfffADDooNNNggg
UUNNNffaaDDUNNGGlY
uuunnnFeeOOLLeNNNggg
unnFAiilllIINGGlyyy
OOnnnFOOOIIr
ENffAAAiiiRReRR
UUNFFAAAIIIrOOOStt
INfaaIIIrrlyyy
EEnnnFuiirrrNEESSSSS
UUUNNFFFIIIIrrrNeSS'sss
uuunnnffAAAIITHHHfuuull
uuNfffIiiiTTHHfffUUlllLLY
unfffAAittthhfIIlnnnUsSS
UNNNFFFAAAaaatthhhffUUlllnnniiiSSSSSS'SSS
annnfAAAlllSSIffIaabllII
uuunnnfffaalteRiiinGGG
UNNNFFFEEEmmIliiiaR
OnFooMMMIliaaaRRiiTYYY
ONNFFFAAmiiLLLIIuuurOOOTTyy'ss
unnFFaaMMIIllAAAAAArrrLyyy
EnFFUSHeeENNNabblllee
uuuNNfffaSShiiiOOONNNIBlllYY
uuuNNffAAStEnnn
eeennnfffAsssTTEEneeeddd
uuNFFASTTTEEEnnnIINNG
uunnnfooSttteNNNsss
unnffAATHHHEmmAABLLeee
annnfAAATHHooMMAAABBBllyy
IInnFFFEEETTThOMMMEEDDD
UUNFOvoooRaabbbllleee
UUUNffAAVVuuRRooBBBLLLy
IInnnFFaaazzzIIId
UNNNfffAAIIRRiNGGG
eNNfaaUssIIbbbLee
uuNNNFFFUUUddd
aaNNfffaaaddeeeRRAttuudd
UnnnFeeEliiNNNGGG
IINNFeEEllINGLLyyy
UNNfEEiggNNED
uuNNFEELT
UNNNfffAAmmmUUUnnnIIINNEEE
uuunnnfaaanCCuuDD
OOONNfffIIIrrmoNttEEDDD
UUUnFFErtttUUULLOOZZaaaD
UUnfeeeTttteRRR
UUUNNfooTTtEErEEDD
UUUnnnffUUUttttttEEriiNNNGG
uunnnfffuuutTTUUUrrrSSS
annFFFELLIIIaalll
OnnnFiiLLLLLeeDD
uuunnffUllltttEEERAAAD
unnfiiinnIssHHeeeDDD
UUUnFFFIrIIIDD
OnFFiittt
UUNNNffIITTlllYYY
IINNNFFiTNNNeSss
uunnFIITnnnOSSSSS's
UnnnfffiiiTs
UUUnffIITtOdd
ONNNffIItTTTENNGG
iinFFFIIITTTiiinnggglllyyy
AAnFFFIIX
UUnnFFIIXXXadd
IInfffUxoSSS
OOnnnfffixxxIIInnnGG
AAANNffflllAAGGGGGinnGG
eeeNNFlAggggooNNNGGLy
AAnnnFFFliiiPPPPOOOBBIIILLEEETTy
uuunnnfLLLiipppPPAAbbeeLLLITTYY'SS
unffLuppppAAABBBLLe
unnnFFFlAAPPppOObbbly
unFFLiiTTeeriiinGG
IInnfLIttTeeRRiNNNGGlllYYY
unnnFFFLaVorrEEdd
uunnnFFllEEddgaaadd
ONFFLLLesshllYYY
ENFFLIInnnchhiinng
uuNNFllOOOnnCCCHIINGGGLLYY
IINfffOOcccaaaSeeeddd
IINNffOCUUSSUUUDDD
UnnffAAALLLdd
OOONfffEEELLLdddeedd
eeNfffAAALLLdddiiinnGGG
eeennnFFOOlldds
uuNNfoorrrCCCeeddd
UUNNNFFFEEErrdObbblee
UUNNFORReeessseAAUUUbbLLeee
UUnffeerrESEEEaannn
unnFFUURUUUTTTooolllDDD
UnFFFORRRGGEEttttaaabbbIILIItttyy
UUnnnFFERRRGOttaabLeee
uNNNFFFiirGGGeeTTTTTaaaBBLY
ONfffOOOrrrgOvvobblee
UUUnfffOOrrGuvaBBLLY
uuNfAARRGGiiivveeenn
uNNNfffORgIVViiiNNG
UNNNffORgggOOOTttteen
UUnFFOORmAAADD
iiinnnFERRRMMUlaaatEEEDD
ennnFFurSSUKKEN
ANFFFUrrrttIffOOOIIIDDD
uNFoorrTTTUUUNNNuTTTeee
uuuNNFoooRRteeenaaatA'SS
uunFFFuuuRRtONNOOOTULLLyy
uunfirrrtttoooNNAAAtttiiss
iiNNNffoooUUNNdADDD
uNfrrrAMaadd
UUUnffRRRUUUee
IINffRRReEzzzE
unFFrEuuuzzzuS
unnfffreeezINNgg
UUUNNNFFFrrEEqqquaaanTeeeDDD
EEnnnFFRRRiiEEnnndeeddd
AAAnFFFrrIUUUnDDDLLoooeeeRR
EnfrrrUANNDLLEEESSttt
eeNNFFFrOOEENDDLLuuuNuuusSSS
AnnFFFrrAAONNNDDDLLLinnOOOSS'S
uunnnFFrriEEnDDLyy
InnnffRECCCKK
uuuNNfffrrruuuCCCKKKeeeDD
UNNFFFreCKKIIIng
aaaNFFRRRooccKsss
UnnFRRRAAAZZEE
UUUnnnfrOOzzIIINNN
UNNFFFRRRUUUaTTFFFUlll
unnnffrrUUUIITTffuuuLLNNNesss
uNNFOOLLLffiiiLLlAAAbbllEE
onnffUULLfillLLLuuuDD
UUUNNNffUNNDDDeeD
UUNFFuuuNNnYYY
uunnnFFUrrrlll
uunnnFFuuRRluuuDDD
unFUUURRRllaaaNGG
UUUnnnFFFIIIrrrls
iiNNNFFFAARnnooSheeeDDD
ooNNfffAsssssYY
UnGGiiiiiNLLIIeeerr
iiNNNGGGaaainnLLiiiossst
UUUNNggaaiiiNlllaaanASSSss
unngUiinnllIINNNIsss'ss
unggoUUUnnnLYYY
unnGeeeneerrrooOOOsss
UNNGeNNNeerrOOuuusslllYY
unGGGENTTTlllOO
EENNGGGEEENNTTTlleeeMMMiNNNllyyy
iiinnggoooRRMaNNetEEDDD
INNgglllAAAmmmorraaaeeSS
UNNGGllAAzEd
UnnGlueee
uuunnnglllUUEEd
aaaNNgggudlllUUUooorr
uunGGGIIIdlllAAEEESSttt
eengggeeedddllleeeNNNEEEssss
UNNGodddlllinnissss'S
UUNGGodddllyy
OOOnGGOOTTTIIInn
uuNgOvvvoooRNEEBBllli
IIngguuuVVEEERRRniiDD
aannGRooCEFFUUULLL
angRRAAACCCeeefffAAALLLLLLyy
uuNGGrrraaacuuuooous
UUUNNgRRuciiiouuuSSlllYY
UUNgraaCIIIAAEEEssnnEEEssss
UnngrrAcccaaoooOOOsssNNNiiSSsOSS
uunGGGRREEEdED
UNNNGrImmMaaTIICCCoool
uuNgggrrAMMMattiiCCaaaLllYYY
uuNGrrIIIteeeffoL
IIIngretttEEEfUlLyy
UnGrrraateeFFulnnneessS
UnnngggRRRETiifUUllnnneessss'sss
UnnggrattIIIFFyyiiinnngg
AANNNGrrrOUNNNdd
uuunnnggrrrooouunnnDDEDD
UUUnnnGGrrrUUUDDDGGGOOOnnGG
OnngggUaLLL
eeenngggEEEoorrrdddIIIDD
aNNGGGOEEENNNTTT
UnGUonnT'SS
UngUUUUNTS
oNNgEUUUntaaammm
eNGGGuuEEEsssssaaBleee
oooNgAAiiicccOOLAAttta
uuuNNgggEOCeellUTTTess
OOnnGGUIIIDDuuD
uNgggAAiiNNNOOOUUUs
inGGGeeelllOO
unnggAAllaTTTAA
uungOOOlattteee's
uunngguulAATTUUUs
UNNNHHeeecccKKnnneeyyyiD
ANNNHaiirrr
UUUNNHOOOLLLLLEEEW
UNNHHiiilllLooweD
UUUnnhhEEMMPEREDDD
UnnhooonnnD
UUUNNNHHHIInnDDED
UnnHHHAAAnnDAAeRRR
UUnnHiiNNNdIessTT
EEnhhAANNDDIIInnggg
UUUnHHHaaannndLeD
UnnHANNNdds
aannheNDDSoMMAA
InnnHHUUNNddY
IINhhhePPPPiieeerr
iiiNNHHeeePpppiAASTTT
OONNNhhAAApppPPPuLY
uNNNhhEEEPppINNNuSSs
IIINNHHHaaappppppIInnnESSSs'SSS
UUUNNhheeepppPyyy
UUnnHERRRddEEnnnOODD
eeennnHHHAARMIIddd
IInHooRRMMffEEll
eNNNHAArNNNeeeSSSs
uuuNNNHHHerrNNEssSSEEEd
EnhhARRRnneesssSSSEEsss
uuunnnHeerrrNNNAAAsssssUNNg
AAAnHHArVeeSSSTTEEd
uuuNNNHHuuttChIIdd
uuuNNNHHEEAAlEEEddd
eeeNNNhhhaALthhffIIIlll
iiNhheeeOOOlltthhIOrrr
INNhhEEUUUllTThhhiESSt
OnhhiiiALLtHAAAlllyy
unnHIIeLttHHHinnnuuuSSSS
UnhuAAlltHHOOnOSSSSS's
UUNHHHaauuulTTThhhyy
IINNNHHHEEEAArddd
UUnnhhUUUaaTTEEEd
UUUnnhoEEddooDD
UNNHEiiiddfUUULLL
UUNhiiiedddFILLyy
UUUNNNHeeLLLMMM
unHeeeLLPPPFFFull
UUNHHHEELLPPFFFULLy
uunHerrriiiLLLDDEED
ooonnHHuuuRROOOIIIccc
UUUnhhIISSSITTTAATinnnGG
UUUNhhhessuTEETEEEnnngLLLYYY
uuuNNheDDddEENN
unhhhAnnDDeerrriiidd
uuNNNhhIINNggUUU
UUNNNHHHennnGGEEEddd
uuuNNNHHHIInGEEs
OOONNHHooonnGGIINNNg
ONNNHHHOOsssTTooorrriiiCCOOOLL
IIInnnHHIttCCChhh
eeeNHIIIttCCChhEEEDD
EEnHHittchUss
AANhhiTCCChInnngg
UUUNhOOllliiEEErr
IInnHEELLLIIeSSSTT
eeeNNhhhaLLLIInnUSSsss
uuunnHOLLLInnnISSSsss'ss
aaNNNhhOOOly
uuunnhOONNiRRROd
UUNHHOOOUkk
ONNNHHiOOkedd
UnnnHEeeekkuuunnnGG
uuuNNNHHHOOOOkss
ooNHHHOOOpppedd
EEENNNhhhOOOrSSSe
uuuNNNhhhOrrrssEEDD
EEnnnHHOOORSeeeSSS
eeenHOOOrrsOnGGG
uuunnHHoUUUsEE
UUUnnnHHHAUUSSEEEddd
uNhhhUUrrRRuuueddd
uuNheeeRRrrraiiiDlllY
UUNHHAAArrTT
UnnnHHyyygeeUUnIc
oonnHHYYpppHHeeeNNNAAAtttEEEdd
AAnnne
UUNNNiiaaXIeeelll
enneeeccaameeerAAAL
uunnniiiCCoooLLLLUUlleeerrr
uuunniCCIIrrnnn
unIIICooornnn'SS
UUNNICoooRRNNNss
oooniCCuussppIIddd
UUNICyyCllaa
uniCCycccLLLAAA'SSS
EENNNiccyyyclleeeS
UUUNaacccYYYCCCLLLUUUssttt
OnnIIcyCClllAAsTS
UUUNNNeeeDDDeAEEd
uunuuudEEEaaaL
anniiDDENTTTaaaFFeeiBBBLO
UUUnniidoonnnttifiEd
InuDDDIIIAAAmmmAAAttEEccc
AANNiiidddORROOOccttIIUUUnAAAlll
UUnnnIFFFIABBLA
uniFFFAAAc
IInnnOFFiiicOOtttiiUUUnnn
iiiNiiifffiiCaaaTTTeeoooN's
UUNooofooEEDD
uunnnaaFFOOEERR
uuunoooffIIEEEsss
UnIIFFFuLLAr
uunnnOOffLorrAAAAAsss
annniiFaalOAAATTTAAA
oNOFFEELLiialloottee
UUUNNIIIFFFOOORm
UUUNIIfffaRRRm's
OOOnUUFaRRRmmodd
UNIIIFFOORmINNNgg
aaannIIIffARRRMITaarrIIuuunn
uuuNiiiforrrmUUtttIIrrrOonnnUSSmm
AAnnniifffiirrmityy
uniFOOOrrrMMMITTyyy'SSS
UniffoooRRmmmIIIZE
uuNNiiiFFForrmmLLYYY
UUnnnAAAFFFeerMNNesssss
UNNIIIFFFoRMMnnEEsSeeeS
ENNiffOOrrMMMss
UUNIFyy
iNNifffYennngg
UUnIIjjjUggiittuu
ENeeellAAAtEERRREEELLL
UUNNNIIILLLAttteeraalllIIIsssMMM
uuunuLLoooTTTEEErraaalliiSStt
UUNNOOlllUUUtttEErraLlYYY
UUnillinnnGUUEEl
onAAALLLEEETTeeRaLLL
eeennAlluuustttRIIITTTeD
aaNNIlloBad
unILEEccOOOlllUUUrr
uuunIIMMMAAAGGGinnnIbbLLee
anniiimAAggiiiNABBlllyy
uuuNNiiimmaaGInnnaaatIIVVVeee
uNNNIImmmaaagginnnUUtiivelllYYY
UUNNUmagggiiNNNEd
uNNNimppIireedd
uunnnaMMPasSAAOOONNNEED
uuNNNIIMPEaachiiBlEE
uuunnniimmpppiiiAAccchhAbbbllyy
uunnIIImPEEEdedd
UUNNiiimmplAAMMennTAAAbllA
EENNOMMPPlllAMMUUUntEEDD
uNNiimPPPOOORRRTTTAANNcaa
UUNNaammmPPPOOOrttaNNciisss
UUUnnoooMMppUURRRTAAnTT
ANiimmPPOOsssInnnggg
uNNNiiMPPREESSSSSSEddd
AANNIMppprUUUssSSSIIvA
uunnIMPREssIIIVVEly
UUNeeemmmPPRooveeDD
uuNoonnCOrrPirraaTEd
UUUNinnfeCCtUUDD
uuunniNffllleccTTTeeeddd
AAAnnneeeNNffllUAAnnceeDDD
InnninnFLUUUAANNNTTTAAooLL
AAnnnaaNNffOOOrrmmIITTeevvvEEE
aNAAANNNFUURMMMAATTiiVVVElllYYY
uuunINffeeRmmmAAAdd
UUUnAAnnnHHHobbbiiiTaaabUUULOOOttty
iiNAAnnHHHaaaBBBOOOtttOOOBBBLEE
UNNIINNHHabbaaaTTTeeed
UUUnnnAAANNHHHiibbIIITeed
ENNuuuNNHHHuBBBittedLLLYYY
uuNNNinIIIttUUUuLooZZZeD
UUUnnaannIIITTTIIIUtEdd
eNeenjooorreedd
EnnIInnSSPPPERRUddd
UUUnnUNSSPPPIRoonnnGGG
uNNiiinssspppaaRRiiinnngggllyyy
eNNNEENNsssTTalllLL
UUNIIINNNsssTIIlllAbbblllAA
annninnsssTTTiiiLLLLLed
aaannnIIInnnSSSTToollerrr
ooNNiNNNsTeLLLIIr'SS
UUUnaNstAllllllooRS
UUUNNAAAnnnSStaaaLLlliiNNGGG
uuuNNNiiNsstAAAllllllSS
INNNiNsttRRoctttEEddd
iiinnniiNStttrrreccTTTIIVVVeee
uneNNNSOOlllaaaTTEEEDD
AANIIInnnSSSuRREBlllEEE
uuuNNinnnsseeRREEDD
EnnOnnntAAAlLOOCCTuaalll
UnnuuNNTTUlllLiggEEEnncceee
UUnniNNtttUULLLaagggEENNT
uuNiNNtEELLlOOOGGeeNNNtlY
AANNiNNNtEEElLAAAGibbAAlEEETTTIIIeS
UUUnnIInnntEEELLLllliigggIIBELLEtttYYY
oooNiNNteeeLlligEEBllAAA
UUNNNIIInTTeeLllIIIGIIIbLLyyy
oNNiNTTUnnnddEEEd
unAANtttUUUnnttoooonnnuuuLLL
UUUnIIINNttEEENNttioNNNELLyyy
EEEnnaaannnTeeRIISSTTTIIId
uunnAAANNNTERRREEEsssTTEEEDDlY
uNIIINttaaaRREESSTTEEENGGG
oooNNIIInnTTiRPPPrreeeTTTOBBBLe
UnnnIIInnnttorppprrrEEETTooD
AAAnnninnnttaRRRRupppTEEd
UNENNtttarrRRREpppTeDDDLYYY
UUUNNNiNNvvvESTTiidd
uuuniiiNNVViTTTiiiDDD
uuuNNNIIINVITTTIIINNG
uuunIINNvvvITiiinnnglY
iiinnniinnvvooLVVVeedd
unOECeLLLaaar
unnniiaaaN
uunnIiNNN's
Unnnaaooonnnooosmmm
UnniOnIIISSSmmm's
iiinnnIoonnnAASSSt
AAnnAAAOOnnesst'S
uuunuuuEENNUUUsssTTsss
eennIOOONOOOZZZaaTIIOOn
aNiooNUZEtIIOOOn'SSS
UUNNEIInniizzzee
eeeNNOOOOOOnIIzzAAAdd
iinIIeeennniiizzzer
uNNNUUUeeenniizzess
oooNIeeennnIIZZunnGGG
ennnuAAnSS
uNaaPPPIRRRiiUSSS
uunoPuuRsssIIInnEEELLL
unnniiiplllINaaaR
aaaNNUpooDDD
AANNipOOLEEErrr
IINNiiqAAAee
UUUnneQQQOOOILyyy
UUUnniiiqUUonnAAASSss
UUNuuuqeeeenosSS'SSS
eeennniQQQUuuuR
OOOniiiqaaUssTT
ooonniiiRONNNaaaD
UUUnIIsss
uNNNooossEEEpppTaaaTTTOOO
UnIIsEX
iiNNIssAAX's
EniiSSEEXXXuuEEEll
IneesssOOOn
Unnniiiseeen'SS
eNNIssSUUAAADDD
UUNIIIt
uuunnIIIT'SSS
eeenEEETERRiLLyy
uunIIIttooorY
uNNNItee
UUUNNIITTTEEDDD
unnnaaatteeDDllyy
uuunniTTTEEES
UUNeeeTIEsss
eeeNNNUtEENNG
UnoottIvvOO
uuunniiTezee
UUNNNootiiiZZoooDD
AnnnUUtIIIZZiSS
aNNNoootIIZZZiNNNGGG
EnnnIIItttSSS
IInniiTTYY
UNNIIITTYY'SSS
IINUvveLLENcccUUU
UUUNNiVVeeLLLeeenTTT
UUUnnnivOOOlvvE
UUUNNuuuVeeLLLvvveee'ss
uNNEEEVVVALvUUUS
UUUniiivvORSAAl
UUnIIveeerrrSSSaaaL's
UUUnniVeRSSAAlEEEsmmm
uunnnivveeRSSSAlEEssMMSS
univvEEErrsssEELLLiisTTT
aaaNNiiiVVVeerrssaalliiSStICCC
UnniivErSSSaaaLLLIIttyy
UUUnnUvveeRRssillliiiTy's
unaaveersAAAlllIIIzzzaattIIIaaN
UneeVVErrsAALLIzzze
iiNNaaVVaarsssalEZeeD
IINIverSOllIIZZESS
uuunnuuuVVeRsssaaaLLiiiZZeeNNGGG
UUnniivvorrSSSOOOllllyyy
UnnnoovvvEEERSSaaalllS
UUUnneeeveeeRRSSEEE
IINAAVVIIrrrssaa'SS
uNNiiVVVoorrrSSSESS
iNNIVVERsiiTTIiiiss
unneevIrrSiityy
IInoVVerSSSiiity'ss
inUvvvUUCCaaal
uunnjjjamm
onJJaaamMiid
UUnnnJJaMMMMMMiiinnnG
uuunnnJaaunnDDuccoooDD
uuNNjOOOiiNtiiiDDD
uuunnjUSSSttt
OONNNJJuusssTTIIffIIAbbblluu
UnnnJuuuSTTTiiiffiiieeebLLY
UUUnJOOsssTTIIIfffiiEddd
eeeNjuuusstLLLYYY
uuunnnjjUUsTTTnneeSS
EEnnKKoooMMMPPT
UUnnKKKeeMMMPPTllYY
ennKKEEEmmmpptnnnEESs
OOnKKEEEMPPPtttnessssEEEss
UnnKOOOnNNNAAAD
AANNNkkOONNnneeeLL
aaanKKippT
ooNNNkiiinnDDD
uuNNNkkkiinndEEERR
uunnnKeeenDDDeSSt
uuunKKKUUnnnDDLLLAAAErr
UUUNkkkuunnDlieSSStt
oonnkkIIINNNddlllAAANNEEESSSs
OOnKAANDDLLLyy
UnnKKiNNNDDnneeeSs
uNNKKuunnndNeSSsss'sss
UnnkkEEEsssED
uNNKNiiigghTlYYY
unkknett
UUNNKnnnOOTT
iiinKKKnuuuTTss
eeeNkknnniiiTTTTTED
eNNNKKNNNAtTTIIInng
IIINkknnnooWWabbLe
ooNNNKKNoWWEEEbbblEE'SS
aNNKKNOOwwwiiinng
uuNKKnnooWWWEEENggLYY
annnkNNNOOwwwInGGGss
IInnnKKNNOOwleDDGiiiEEBBlleee
EENKKNNNeeWWWn
AAnnknnnIIwwNNN'sss
UUnnnkkNNNOOWWWnnnss
uunnnLLaaabeeelleeedd
UUUnnLLaaCE
UUUNNNlluucccood
UnLEcees
uuuNNNLAAACCCiinGG
IIInnnLLLOdddE
UnnnluDDDennn
UUUNNNllaadddYLUUkkEE
EEEnLAAmmmoooNTeeDDD
UUnLLLASHH
UUNNlAAshhheddd
UNLaaaShhIS
IIInnnlAAASHHHIIINNNggg
unnLLAAATTTChh
UUNNLAtcccHHEEDD
UUnLLaaTTTcchhheeeS
uNNNLLAAAttchhhINGGG
UnllaawFFFAAAlll
AAAnnnLLLaaaWWWffUUlllly
UnnlllaWWWFFULLnnneeSss
aannlllUUUWWffULLLNAASS's
ANlleeyy
ennnLeeeeeDeD
uuNNNlllEEEEDDiiidd'SSS
uuNNllloaRRRNNN
uuuNNNLEEEiiirrrnnnOOddd
OONLLAAAArrrNEEdllYY
IINNNlllooAAArNNNINNGGG
uunLLLEARRNss
UUUnnnlleAsshhh
anllleeaaaSShEEDDD
uunlOAAAssshhhIIIsss
INNlEAAsHHHeeengg
uuNNNlllEEAAAvennnEEEDD
EEEnleeSSS
onnLeeetttttteeRRReeeddd
UUnLLLIIIcOOnSuuudd
AAANNNLLOGGGhhhTTeeeD
UnnnLIIIKoBBBlllu
enLLIIIkkkOOO
uunnLLLIKKKeeeOOBle
OOnnLUUKKKEELLOOIIr
UnlllukeellIIEEStt
IInnLiKKKEEliiiHHHOOooD
UNLLLeKKeeLEHeeeOOODDD'SSS
UUNNNLLLOOkEELLLinnneeSSss
UNNNlookkkuuLaNNeSSS's
ONLLIIIkkuuullly
onnLLUUUkkEnnEESSSSS
OOOnnnlikkkennEEEssss's
UnnLLLiiMMMBEr
oooNNLLLIIIMMBerrrEEdd
UNlllOmBaarrinnnGG
OOnLiiimmbbbiiirss
UUnnnLAmiitttUUdd
IIINliNEEDD
eeNlllIIINNNKK
uNNNLLLiiNKKKeeDD
UUNlEEEstaDDD
UNLIIIt
ooonliiiTTEEEraRRY
uuNNNLLLiivEEEbblllE
uuunnLLLoVVEE
UUUNllIIvaaaddd
OOOnnlIVoSSS
UnllloooVVVOngg
UnlllIIIAAADDD
unnLLoouuDDeeddd
aaNNLLLooouuudddeeR
uuNNlllEEAAADIINNNggg
UnLLOOOOOOdddss
UUnnnLLEECCCKKK
uuNLuCkEEDDD
aaNNNLLUcckkeNNNg
uuunnnLLLOOcKss
uNllOosssEEE
uuuNNNLOOOOSSeeD
innnLLoOOOSIn
uuNNNllloOssEEEnnUd
AAAnnnLooooooSSEEnnnIIING
UnLuuOOOsssEEEnnnSS
UUnLOOeeessUSSS
aaNNNLiooSSSuuNNG
uuNNNlovaabLLee
ooNNNLoVVVeeeD
OOnLUUUvviiilliiiEErr
UnloVeLLLOOestt
uunnnlllOOVVooollY
UnnnLLLeVVVINggg
AANNNlllUUcccKKiiieeerr
UUNNNLLLEEcckOOOuussTTT
AANlllucckkooLLLYYY
UNlluuCCCkkooNNEEESSss
UUUNNNlUUcckkinnnesssSSS'ss
UUNlluCCCkY
eeeNNMMIIIddde
uuNNNmmAAAgggnnnIIIFFFiieDD
uNNmmmIaaaNNNtiaaNNaBBBlle
OOONNmUUUiiiNNNtttoIINUUUD
ENNMMMAAAkkkE
UUUNNmOOOkkkEsss
onnMMEEkinng
UnmaaaLIIIcccaaaoooOSSS
oooNNmmmAN
oNmmENNaaaGEEiBBBEllETTYYY
aNNNmmAnAAgeeAAbbLLLe
UnnMaaaNNNeGiiOObblllYYY
UUNNNmANNllliierr
EENNNmmmEEENNLLOeessst
eNNmOOnnnLLyyy
uuNNNMMaaNNNNeeDDD
UUUnmmAANNnnnEErrrEEDDD
ONMMMaaNnUURRReedddlllYY
eeenmmmAANNNNNeeeRRRlllYYY
uuunnMMaannnnnaaaNNggg
OOnmmmANNNs
iinnmuuuppppIDD
AAAnnmUrrrKED
iinnmmmAAArrrKKutoooBBBlllee
UUNMMMoorrRReeed
iiinnMMarrrRRIIeeGeeeaBBBLLLU
AAAnmAArrrrruuIIIdd
uunMASScccallEEENoo
eeNMMIsssKKK
uuunnnmmmAssKKEEddd
UUNNNMMMAAASKKiiNNGGG
oooNmmmasssKKKSSS
iinmmmOOSSStttERRREEEdd
ONmATTTcHAbbbLLooo
UUnmmmaaattcchhed
uunnMMMEEaaanAANGGG
enMuunnnT
IIINNmmOaaSAAARRebblEEE
eNmeeAAAssoreeedd
UUUNmmEEchhANUZZoDD
UNNmmmidIAAATTTeDD
UUUNMMUoottt
eNMMMELLUUUdeeEEUUUSSS
IInnnmmmaLLtEDD
UUnnmEEMMMOrrAAAbllOO
uuuNMMMEMMerEEzzzAddd
uuuNNmmmEEnnndddUDDD
oooNNNmeeeNtiioonaabbLLLOOO
uNNNMMMooonnnTiiiOOOnnIIbbLII's
UNNNmEEEnnnTTIIaNABliSS
UUUnnMeeNNNTTIIIooonnAAAblaaS's
AAANmmmEENNNtOOoooNNNOd
uuuNNMMErrrccuuuFFFeLLL
UUNNMMERCIIIFFUUllLLLyy
IInmeRRCCCIIIFeelNNNiisssSS
EEEnnnMeeerrrCCCiiFaaLnnesssssIs
OOONMMMiiirreetteeeddd
ANMAAARRIIItttOOOnnnG
UUUnnnmuuut
IINNNmmmaTTHHooodddaaaCCeeLL
aNNNmmIILLLIIItAAARy
UUUnnnMMMIIIlllllEEED
uunnnMMMAAANddffAlll
uNNmussSSSaaBBBLLA
uuunmmmiiiSSStOkkIbblllE
AANNNMaassstttEkkAAABBBLYYY
uNmmmisstAkkkeaablllAA
UUnnMMMiiStttaaaKeobLyy
UUUNNMoSTaaKKKAnnn
uuNmmIIIttuugggaaatttEEddd
UUnMMoootttIGGaTeedllly
UUnnnmmmIIIxxedd
UUUnnnMiiidddiiifuuuAAbbLLLEEE
eeennnMMMOOODDIIFFiiiiiiD
innnMMMOOOLLDEEEd
eeeNNmilllAAstteeeDD
UUUnnnMOOOnnIttooorEddd
UNmoorrr
UNmmoooRRRIIlll
AnnmmuuuRRRaalAATTYY
uNmmmoooralITTYY's
uNmuuutaavvOOOtUUdd
uuunMuuuUnnnTEd
uuNNNmmUuuurrNNNIID
UUUnnnMMMUUVVVaBBBLLLEE
UUNmmmoooVVVEDDD
UUUnnnMMMOOVVVInnnGG
uuuNNNMMMeewwNNN
UUnnmeeffffLEE
ennMMMoooSSUCiil
iNMuuusssaaCCCAAlLLLY
UnnMMMUTTTIILLUUUtEEd
uunnnmuuzzzzLLLeee
UNMMMAZZzzzLLLEEEdd
AAAnnmmyyEELEnnnAAteeedd
aannnnnnaaMMeeeIIIbbllU
UnNNNAAAmmmEEED
UUnnNNNootttUURRRAALL
UUUNNNNaaTTTURRRELLLAAAzzzUUUD
UUUnnnnnuToooRRalllllYYY
uNNNNaaTIIRRRiiiLLLnEsSSS
UnnnnAAATaarriiiLNNIIIssss'ss
uuuNNnnnoooVViiiGGaBBLLoo
UUnnNeCCASSSUUrrULLLYYY
aaNNNnuucciissssssaRyy
uunnnEAADiiiDDD
eNNNnnnuGEEETTTEuBLLEE
uuunnnNUUuGGGhhhbooRRRLLLY
eennnNNiiirvvveee
IIINNNNiiiRRRVVeeedd
uNniirrvvvEEsss
OOnnnnnerrrvaannnGGG
ENNnnnARRViNNNGGLYYY
AnnnnneeewwwSWWWOrrThhhyyy
innNNiiillhhAAAXXXiiuMM
oonNNillHHHEEXXXiAAAmmmSS
iiNNnaaLPEEnnteeeuumm
unnnalPaNNNttiiiiiimmmSSS
UUUNnnILQQQeeeadiiuuuM
uNNNnULLQQEEAADDDiUUUmmmSSS
InnnNNNiiitiiiCCiAAAbbLLLAAA
EEENNnnnotIcoOOOblYY
ooNNNnnoottIICCCEEDDD
UNNNnnnUUmbbeRREEDDD
UUNNNooBBjeecccTIIoonnaaBBLLLoo
uuuNuBLiiigIINNGGG
unnnAAbsaaaRRvabbbLLee
onnnOOObsssEErrVVANNNTTT
UUUnOOBsEErrrVVVUd
OOOnnOOOBsssErrVVIngg
oonnAABSSSTTrIICttEED
iiinnoooBtaIIINaaaBLLLII
UUUNNaaBBBTTTRIIsiiivvEEE
UUNNObTRAASSSAAAVellY
iinAbttRRRuSSSiiivvAANNEEEssss
uunnnooobbtttrrrUSIIVVVEEEnEEEss'S
EEnnnoooCCccuuuPPoooEEED
eeeNNNaFFffEEnnDDDeD
UnnuuufffEENNNDiNg
ONNNOOfffffeNSiiiVVVEE
iiinOFFFFEnnSSSiivvveelY
inUUffOrrrEEEddd
IIInnnAAfffFOOCCCiiiAAll
UNAFFFFOOOCCCuuaLLLyy
aanoPEENNedd
UniiiPPPPPeeSSEEEDD
EnnORRddAAIIINad
EEnnnoRRRDDDEERRAADDD
UnAAArGooonnIIzzuuuDDD
uNNoruggiiNaLLL
EEEnnorrrAAGGGINaaaLLLiittYYY
UnnorrNaMMMentt
oNooRNNNaaaMMiiNteeedd
UUnOOORttHHHooDDDOxxx
UUUnOOOrrthhedoooXXXiiOOOss
uNOrrttHoodaaaXyy
OOnOOsTTTOOONttaaatttiiiAAuuS
uuuNOOOWWNAD
uuuNNPPOckkk
OOONNPPaaCkkkuudd
eNNppAAAcckkkuuuRSS
uuunPeeecKKKuung
IIINNNpppOOOckSSS
aaaNNpppEEGGGeeeddd
UUUNNpppAAGGGeeNaTTTOOOd
UnnPAIIID
UnnPPiiIntEDDD
uunnppaaareeeD
uuNNPAAAlEEETTTAAABBBIILLiitaaaess
UUnnpppoollUTaaabbIliittYYY
UUNPuuulATTTAABBBllEE
UnnnPPPaaaLOOtttABLY
UUnnpaaaRREllLElllEEEd
uuNNpEErdonnablllE
INNPAARRdooonnaBBlllYYY
UUNpppAArrlIIIuuuMMMUNNNTTaaarrYY
iiinppOOstteUrIIZZZIIDD
OOONPaaaTTeeNNttEEEdd
uuNppattRIIoottiiic
aannnpppaaaVVViDDD
uunPPPEeelEEEDDD
IIInnnPPPeeeGGG
uNNNPPennn
AAnnppIIIOOOPPlleee
ANpOOooPPLIIdd
AAnpEEERCEEEEVVEDD
uunnnPeeerccceeepTTooVE
UnnppUrfOOcTTTiiidd
uNPPERRFoooRRReeTTEd
UUUnnppperrFEErmmEEDDD
unpppIrsssonnn
AAANNppARRsssOOOn'sss
UNNpppEEERRRssONSSS
uNppEEErsUaDDDAddd
IINPPPIrsssuuuoSSSIIvvO
ooonpppeeeRRRtttuurrBBBoodd
UUUNpppiiCKK
UUUNNpppiiicckeeD
eennnpuuCKKKuuuNG
UUNNNpuCCkks
UUNNPiiilluuu
EEEnnPPEnnn
UUUNNNpppOnnNEEEddd
ANNNppiinnnNNiiiNg
uunnnppIIINsss
uunnppplAAciid
eennnPPlAANneeeDD
UUnnppLANtttiDDD
ooonppplAAYYYoobbbllIII
uunnnppLAAYEEEdd
uuNNppLLeeeAAASSOOOnT
IInnpppLLLeeeiiisooonnnTTlllYY
ANNNpppLLLeiiSSSIINNTTTnnEESSSS
uunPPPLLLEesAAANtNEEsss'ss
uunpLLEEEAAAsiiD
uunnppLeeeoooSIInnG
AAANNNPPLLIUUgHHIddd
uuunPPPlowwweDDD
iiNNNpppllUUUg
oonnnpLLUUUgggGGGEDD
ooNpLuggggggIIInnngg
UNPPLLaaggs
UnnnpppLuuuMMMbbAAddd
UUnnnPOOETiiiC
UUnnPPaaaAAATTTUcccAAl
unnnpppooiiSSSeeddd
UUnnppaLLiiisssHEEd
eeNNNppeeellOOttI
uuunnnpppoLiitIIIc
UUnpuulllIITiicccaLLL
uuuNNPPPAAAlllEED
eeennPPPOOLLLlllaaaTTTeeeddd
AAAnnnpOOpppulllarr
inppOpUUlllARRROOOtttYY
unnppOOOpAAlllUrrruuTyy'sss
EEEnnPIIPPPULLaaTTOd
uuunnPPPuussEDDD
uuNNpppRRuucttIICCCiiiBlllIII
UUUnnprrruCttiiiCCoooll
uNNpprrAACtttICCoooDDD
annPreeeCeDDDeeeNNtted
uuunPPreeccceeeDeNTTTiidlyyy
OONNPPRREEEdaaaCTTTUUbbiiiLiitYY
UUUNNppRiiiDDeeCttaaaBIILAATTy's
uuuNPPPRREdddiiCCCttaaBlllEE
UUNNNpRiidIICCCtuuubbLLyyy
eenPPPREEEdduCTeeDD
UUUNpprrEjjAADDiiiccced
uunnnPrrEEEmeedeeeTOOOttEd
iinPPrEpppaRiddd
aannPrrrEppaaarIIddLLLYYY
eeNNprOOpaaarrreedddNNOOOsssSS
uuunnnPPPRoooPPPOrrrEEdnnesssSS'ss
EENPreeePPAssssooSSSiiinggg
UUNNNpRRRIIsENTTTaBBBlUUU
iinnPPReeessseeRRVEDDD
EEnnpppRRRoooSSSSEEd
AAnprrrEESsiirrriiZZZeedd
UUUNNppReessUMMptttOOOOOOass
uNNPPRiiitooNNNDDDIIING
EEEnnnpppReTTuunttiieOOS
UUUnPrrEEETTENNNTTTiiiOesLYYY
uuNPPReeeTooonnttiiAAAUUSSSnnnEEESsss
EENNPPrreetttEEEnTiiiOusnnOSseeeS
UnnPRRRiTTttyyy
ooNNNpprrrevvEENNNTTTaaBBBLEEE
eeeNpREECCEEd
UUUNPPPrriiNNNccUppLLEDD
uuNPPPrrrIIInTAABLLLeee
uNNNPPPrrAAnntEddd
uuuNNNpprrrIVVUULLAGGGUUUDDD
EENNNPrOObbLLuMMMaatiC
uNNNPROOOCCESSSSEED
UUNppRRRiiCCLaaaaamIIId
AAnpprroodddUUUccctttoVVVeee
uuNppprrrEDDuuCCtiiVollyyy
InpRRooffEESSSsoooD
OnnnpprroooFFFeesssiiiiNAAALL
eeNNPRROOOfffUUUSSSsOOOnnalllly
oooNNPPPrrUUFOOOTooBBBiillaaaTiieeS
UNNprrrooFFFiTTTEBBBiiLLaattYYY
oonPPPrrEFFFIItttubblllEEE
uuunnPPPRRIFFItttabbbllY
OONppraGrrAMMMMeed
uuunnPPPReeeGraSSSSavvEEE
uuunPPPRooohhhebbbItED
unnnPPPRROOOMUsUUNNNGG
EEnPPPRRuuumIssaNNNggllly
aaannPPPREEEMMMpTEd
uuunpprrrONNNoooUUUnccceeeaBBllaaa
UNNNPraaaniiUNCCCeeD
uuunnnpppRROOpppUtttIIOOSSS
UnnPPrroPPPiiitIIIAAIsssLLLY
UNNpppREEEPPPUUUrtIoonnnAAATTEE
IINNPRRROOOttuuucccTEEEd
UUUnnnpprOtEEsssttteenGG
EEENNppRUUUVVVaBBLLee
ENNPPRAvvvEEddd
AAnnnppRRRIvAAAnnn
uuNPPPROvvviiiddaaaDD
uuNNPPrAAAVVUkkeDD
UUUNNNPPPubLiiicaaazzeDD
eeenppUUUBLiiisHHAbbLLEEE
eeeNNNpuuuBBllASShhheeDD
UNNNPPPUUUnncctuaaLL
aNPPPuuNNccctttIIELIIITyy
uuuNpiNUsssHHEDDD
UUUNNNpppUUURRRiiffIIaaD
UNNNQUaalifffiiiADDD
uuNNqqqUUUaaLLLAAAFiiIDLLyyy
iNQQQuiiinnnTaaafiOOOBLii
UUNNQuuaaannTiiiFFFaaaIIIdd
aaaNqqquuuEENCHHiiibbbLEE
UNNQueeeNNCHHiiiBLLYY
UUUnnqOaaNChheDDD
uNQQEEEessttteUUnnnabbllA
UUnnqOOOusTTiieNNNaaabbLLY
onnnQQQOOeesssttIIiiiNNNiiiDDD
uunqqquuuiiiSSSttteeeeniNNNg
AAAnnnQIIuuSSSTTiiiUUUNNNuNNNGGGly
uuunnqqOOOUUeeeTTT
EEENQQQUIIIiiTTTeeeR
unnnQQUUUUUOOOttEEsstt
uNqOOootttAAABla
AAANqUUIIITi
uNNNqqUeettEEDDD
uuuNNQQUUoootEEESS
UUUnnquIIIttannng
uuNNRRRIIIIIsssEDDD
uuunRRRUUTEddd
eeNNRRRAAATTiiifffIEEddd
oNNNrraaaVVell
oooNRRRoovvveeelEDDD
iinnrrovvvUliiinnnG
uuuNrrriVIILLLllluuDD
oNNRIIVVVIIILlanGGG
UUnRRRIIvvULLss
uuunnnRRReeeIChhhEbbLLeee
uunnRRRAAaaaccchhEEEDD
uuNRRoUUD
uuunnREEEEDDiiiBBBiiilliitYYY
uNNNrrOIDAAbLLE
innnreeAADUUooorrr
InnnRAAadiiiEStt
uuuNNRRREEeeddUUlllYY
UUnReeAdddINNNaasssSSS
uuuNrraaAAAdy
uNNreeeaaalll
UUUNNrrreeeaLLAAsstEEc
UUnrrIAAAleeSSTiCCaalllllYY
AAAnruuELeeeTTyy
oonrrrooAAAllIIItttyy'S
uunnrrIaaLLLOOOzzzaaaBBLLLE
UUUNNNRRRaAAALIzzzuD
UNNNrrUiiisssun
OOnRaaaaaaSSSoNNNaaabbLLLAAA
EEENrrAAAAAsssOOONNNeBBBLLinesssSSS
oooNNNrriiaaassoonnnaaBLeeeNNNEEESSs'sss
ennnrrrEEEaaasssaNAAABBBLLY
uunnrrEEisooNNeed
uuuNRRREEaaaSooNNNaaaNNGG
eeennnreasssAAANNss
AANNNreeeCCCEEEIIIVVEEdd
UUNRREEcceePPPTTTUUUVVVE
uuuNrrrEccciPPPtttIIIvvvEEllyy
eeeNNrrEECLLLAAAiiimAdd
UUUnREECCiiGGnnniiZZZABBBLLo
ANrrecccOgggnnnIIZZAbbllyy
unnrrreeecccoooGGnnnUUUZZEEEDD
oonnnrECCoooMMMmmeeeNNDDEEED
OnnRREEECCCOmmpeeeNNSuD
unRReeeCCOONNNccuLLAblllEE
UnRRECiNCCiLLLaaBLLyy
UUUNrEccOONciiilEEEdd
UUUNNNrrEECCCoNNSSSTTTrrUCtttED
OOnnRREEEcIRRddeeDD
UUUnnnrrrEEcceeeVVVeRRAbbbLLLoo
UnRRReddeeeeeMMEEEBBBLLLee
UnnnrEEEdddeeeEEEmmmeeedd
EnrEduuCCCeed
iinReeolll
uNrruueeellEEDD
UUnnRRRiiiUlluuunngg
UUnRUOOOLLLS
uNNruEvee
uuNNrrrAFFFeeeNad
OONNrruuFLLEEECCCTeeDD
UUUNrrreefllOccttinggg
UUnrrooFlloooCCCTTaavvEEE
iinnnREEffIIrmmmiiDDD
UUUnnReeeFFRReSShED
INNNrrOOOfffRRigEERRRUUtttODD
UUUNRReGAARRRdddeed
UUUNNrrogEENEERiitttEEE
EnnrEggOMMeNNTTTEEEddd
annRROOgggiistttOrrEEEDD
eNrrroogggeeelaaTeed
unnnrrrUHHEEEOOrsssuuuDD
UnnnriiilaatUD
unnnrreellAAEEEsUUdd
IInnRReelennnttinngg
UUUNNRRREEElllEEnTTTIIINGGGLLLyy
eenrrrUUUlIaaaBBBiiLLLiiittYY
UUUNNREEELLLIOBBiiLLLIttYY'SSS
IINNNRRRALLIIIbbllII
UUUNNNReeLLLAAabbLLLy
UNNNRReeLiiiEEEvvvEdd
EEENNRRRUllliiIIIVVVeeeDDDlly
AnnnRRRaaaLEgiooouus
innnREEEmmaRkkkAAAblee
UUnnnRRRaMMMIRKaaabblllY
EnRREmmAArrrkkeeDD
uunrrIIIMMeeemmmbbAAArrrOOOdd
UUUNNrrreeMMiTTTTToNNggg
EEnnRRoMMMITTIInnnGGGllYY
UnnRRREEmmIrrrsssUUUfffAAAlll
uuNrrrOOmOVVVabLLUU
UUNNRiimooovvEd
uNNRRoommuuNeeeRaTTTeeeDD
UnnnrrreeeMMUUUnnnOOORRROTTuuuVVVE
uuNNRRReennEEEwedd
annrrrEEENNNttEEEd
unnnrUUpppaIIdd
ONRRREPPPaaaoR
inrrrEEPaaaiRRoobbLLoo
ANNRREEppeeaaLLUD
EnnnRRRiiipppIIATTaaaBLLuuu
UUUNrrruuppooETTEDDD
UUNNRReepppeentttAAnnntt
AAAnRRRAPeNTTAAANNNtlllYYY
uunnRROPPooNNtttIInggg
uuuNRRiiPPoRRttEDDD
INNNrrEEEPPrrEsoNtEttOVVVEEE
onrruupRRRuusssEEENNNTTiD
UUnnnRRuuPRRREsssEd
UUnrraaPPPrrooddduuccIIbbbLEE
IIInnRepRRRovvveD
uuuNreqqqUUIttaadd
uuuNNNrrrEEEQOiiittuuuDlly
AAnnnruqqqooUTAADDNeeeSSss
uNNNrrEsssEEENTTTfuuLL
UnnnRRiiSSSaaNNtFFuuLlllYYY
UUnnnRREEssuuurrVVIII
uuuNNrEESSSeeeRRRvuuDD
unnnRuuSSEErrrvvvEEDllyyy
uunnnROOOsUUGGGNNNaD
uuuNNNREEESisTTTiiNNNttt
aaanrrresiiSSSTEEENNg
UUnrrreSSiiSSSTTUnnnGlyyy
ONreeesooolVVVAAAbLLLI
UnrrEsOOLLvvEEEdd
uuNNNRRREsPPECTTffUL
iiiNNREESSSPPOOONNNSSSiVVVaaa
UUUnnRRReesPOnssEVVelllYY
UNNNrrAsspOONNsAAVeennUUUSSSSS
UUnnnrrIIIssPPPOOONssAAAVVEEEnnesssSS'SSS
uuunnnRaassst
uuNNreeessTTT'S
uNNrrEssstttfffUUUL
AANNNRRessTTTrAiiiNNNeeddd
UUUNNrrrUUsstttrrAAAonudlllyyy
UUUNNNRREESSStttRRRAiiNNOOODDDNeesSSS
UnrresTrrAuNNttt
uuNReeesTrAAIIInntttSSS
onnnRRREsttrrriiiCTTuuud
uNNNrreeettuuurNebbLLeee
OOONNRuutttuuuRRRnnaaaD
uunnnRRROOOvuuuIIleeed
EENrreevveeennngEDD
annnrrIvvvIssOD
uuunnnrrreevvuuuKAADDD
aaaNNReeewurdeedd
AAAnnRRaaaWarrrDONGGG
uNrHHHymEEdd
uuunnnRRhhhYYthhMIIIC
uunRRIIIddllE
InnnRRRuuGGG
UUNrrraaGHTTeOOus
uuNNNrrrIIggghTUUiiUUSSNESSsss
OnnRRRiiiGGhTeeeeEEESnnnEESs'S
UNNNrrriiipppE
IIINNNRROOOPPPineeed
uuunnrIIIPPPOOOnniiSSSSS
uunriiiPPoor
UnrrraPPeeessTTT
UUUNRRRuuuvvalleeeDDD
UNNRRIIIvvallllllIIIddd
UNNRoBEE
IIINNRRiiiLlll
UUUNNRRooollLeeddd
AAAnnnRROLLllliNNg
iiiNNNrrrOOOlLLLSS
UUUnRROOMMantttIcc
uuuNRaammOOOnnTTOOCCCaaalllLLy
UnnRRRUooFFF
uunnrrrEaaT
UNNNRRRooUUNNDDoooddd
iiNNrrrIIIFflliiddd
iiNNNrriilieeerr
uuunrrUlIIIEssTT
UNNRRRIIIllliiNuuSS
OONriiilliNEESSS'S
IIINNNrOOOLyyy
UUnsaadDDlla
ENsssadDDllUUd
iiiNNSSaDDdddLLeSSS
uNNNSSSIIIDdddlliNGG
uuuNssAfeee
UNSSSAFFFeeellY
UUUNssAFEENEESs
EEEnsAFFiir
eennnSSafffOssstt
AnSSiiaaadd
uuNNNSSaaaLaaabbiiiLLIItyy
UnSSAAlAABLE
IInnssaaaLLIIIAABBBLLEE
UNNsssaaalTeeedd
uuNNssANCCCTTIOOONNiiiDD
uuunsssAAnIIttAAARYYY
UUNSSSIITTTisfIICCtOOriiiLLLyyy
UnnSSaaTTTIIISSSfuuCTTIrrriiiNEEssss
oonnnssaatttOsFuucccTaaarYYY
uuunnsOTTUUUsssffiiAAblluu
unnsssAAATTToooSSfffuuuiiiDDD
uNNsATTTIISffyyIINGG
UUUnnSSSAAttuRRaatttooo
UnnssiitttARRAAATTedd
aaNNsssaaVeeeddd
eenSSSiiivvOOrruLLLyy
uuuNSAAAvOrrriNNNESSSS
OONNSSOOOvvOREEEnUUssSEsss
unnsssIIvvooRYYY
enSSSOOy
aaannnSEyyinnnG
uuuNsssAAAYs
uuuNsccaLLoDDD
OONNNSSCCArrrraaad
IINNNsssccaaaTTTHHaaad
iNsssccEENNNtIIId
ANNssscHHHEEEDIIIllledd
ONsccchhOOOLAARRlly
UnnnssChhOOoollleeedd
uuunnnSScccieeennttEFFoooCCC
oNssCCUUEEENTTIFiiicccUUUllllllyy
UUUNNNsCCCRRImmblOO
iiNNSScrrrEmmbbbLLLEEED
iiinnnssCCrAAmBBBLLLEEEs
uNNssCCCrroooMMblIINNNGG
UnnnSSCrrraaTTTccHeeDDD
oonnnSCRRUUUEEENNEED
uuuNNNSSCCCrrreeeW
UUnnSCCReewwwiiD
UUUnSScrreeeWenG
eNNNsssccRReeWWS
UUUnnSSScrrIIIPPPTTeeeddd
uuNNNsssCRRuPPIILLAuuss
aaansssCCCRRRappEELOOOiSlYYY
inScRRUUUPPEEELooeeeSnnEEESss
IINNsccRRIpeeellooUUSnneeessss's
AAANNsssiiAAl
iNNsseeeaaLOOBBLLLe
ENSeeUllaaaddd
uuunnSSeeIILLIInnnGG
unnSEAAlSSS
InsuuuaMM
uuunSSearCHHHaBBleee
UNNNsoooassOOOnnnOObLee
AAAnnSSSaaAAssENNoooBBBlllYYY
uuunnnsUUAAAsoNNoool
oooNNNssEEEESSUnnnEEEdd
UUnnSEoooT
UUnnSSOatEddd
uunSSSiiAtteennnGGG
onnnssseaaTTSS
uuuNNssseeeawOOOrrrtthhhAANNNISsss
unseeeAAwwERtttHHyy
UUUNNsiiCCCUUrrOD
uuunnnSSeeOOdddaaaddd
eenSEEEiiNNNg
uuunsEEoooINNgggllYYY
uuunSSeeeuuMMLLLIEERRR
eeNSeeemmmLLiiiEESSTTT
UUnnsseeeEEMlllUNeessSSS
UUnnnSOOOuuuMMMlllIINosSSS'ss
UUUNNSSSeEMMMllyyy
UnSSoEEEN
unnSSeEEEnn'S
UUUNNsEEEGmmmeeNTeeD
uuNsEggrrreeeGGGaaatttad
uuuNSEElllECCCtEEddd
UUUNNsssaaLfffcccOOONNNScccEIUUUs
AAAnSSSEELFFFCCONNNsscuuuoooUUUssLLLYYY
eNNsssaaLLfConnSCCaaooAsssnnEEEsS
unssEELfCCoNNSScccIIIOOuuSSnnooSSSsssisss
UUUnnnSSelfffiiisHH
uunnnssseeLLfffishLy
uuNNsEElfffiiSShhhNNEEESSSS
uuunnnsssEllFFFIshneSss'S
UNNNSSuLlaaBBLLUU
UUnnnSSEEENsssaaTiiuuNOOOL
unnnsennSSSiTTTiiVVVOOO
onnseNTT
UNNssENNNtEEmmoooNNNtaal
enseerrrIoeSSS
uuuNSERRRVVOOccoooAAAbLLLe
uuuNNsssettt
UNNNsssEEETTTTllaa
EnnnsEETTTtttlllaDDD
eeNNssEtttTTlllIIIs
UUUNNNsseetTTTllING
UUUNsssEEtttTlIIInggllYY
UnnSuuuxx
unnnSoXXXEEddd
AnnssseeexEss
iiinSeeeXXIINgg
unssOOOxxxUUUal
eennnsssHAAACCklEEE
aNNNSShuuuCkLLLeeDDD
OOONsshhaaacKKKLLLEESSS
eeeNsshhhAAACCCkklllooonnGG
UUUNNssHaaaDadd
UUUNNNsshhakkkobbblEEE
uuunnshaakkkaBBBlllyy
UnnsHAAkkkeeeaaaBBLLOO
EEEnSShhhAkkeennn
ONNsHHAApppEDDD
innsssHHIIIPEEEly
UUUnnnSSShhaaappin
UUnSShAroood
iiNSSSHHHAAAvvvEEd
iinnnSSHHHiiiVVEEEnn
uuunSSSHEEaattHUU
uunnSSSHHEEEuuTTHHHeeeDDD
OOONNsHeeeIIIttHHHEEESS
onnsssHHHeeaatthOOnnng
OOOnSHHHEEELLLlllEED
iiNNsshhUUlllTTTErrUUUdd
uunssshhhiELLDeddd
uuunnnSShUPP
OONshhhUcckkkebLLLoo
UnSSSHoDD
UUUNNNSSShheerrrnnn
UUNNssshhRRIINNkIINNNGG
EnnnSSShhhRROOUDDD
UUUnSSUffttteDD
UUnSSIIIggghhtOD
InsssiiiGhtttlIIEER
UUnnnSSIgghhTTLLLIIiiissTTT
uunSIIGGhhhtttLINNNUSS
ONNSIIIgghhtttllINNNaaasssSS'SS
uunnSSSIGHHTTLLLY
uNNsOGnneeeDD
AAAnSiinnnKaaBBBLLLE
unnSSkkiiilllllAADDD
unnsKKillLFFFaaLL
ONNSkkULLLLLFUllllllyyy
uNSSSllliiiceeDDD
eeennssliinGGG
IIInnnSllluNNgg
uuNNNSSSMuuulIIInnnGGG
UUUNssmiiiLLLiinGLLyy
annnSSnnuuuppp
uNNNssnnnIIIPPPPeeed
uNNNsssNNNiippppUUNGG
uuunnnsssNaapppSS
UUUnssnooRRll
uunnnSSSnARRRLLLEdd
UUUnnSNNEErLLIInG
oNSNNAArrlSS
aaansoooccOaaaBIILLittEeSSS
UUUNssOOOCCCIIIAABBaallETy
iiiNNsOOccuuuOOBBBllu
eNsssOcccaaeBBLYYY
UNSSooocccAALL
uuuNNNSICCOOIIIlllLLyyy
uuunnsoEEElAAAD
uuunSSSuulllDDD
UUUnnnsOldaaR
UNsALdddIIIIIrLLyy
UNNssaLLIIICOOOTEDD
IInssoLLLvuuubbLE
ENsssollvvvEEd
uunnSoooPPHHiiisstiiCCaatIId
aaaNsOOpppHHHIIIsTOccIITuuuOnn
uNNNssIIIRTTTEEEddd
UUUnSooouugght
uuunsssOOAAAND
unnnSOiiinDDDeeeR
unnnssooouunnnDEEEsssTT
AnnnSOOUNNNDDLY
unssaaaUnnDnEEEsssS
EnnnssuuueennDDnnneesSSS'ss
eennnsPPPAArIInnggg
ooonsssPPPeerrUUnnngllYY
UNSPEEErIInnnggnnnoSSS
UNsssPPoeeKKAAbbbllleee
UUUnnnSpEEEoooKeeeBBlllY
UUNsspppeeeciiiULLLAAAZZZed
UUnssppeeeccciiFFFaccc
UUUnnSSSPPPeeccEEFFFuuuEEddd
uuunnnSSPiCCtttaaaccEElllIIIR
innnspAcTTTAACeellarLyyy
eenSSSpppENNT
uNNNssspphEEReee
UUnnnSSSpppIIrrrUUUtttuIL
UUUNSSpoooiiiluuDD
UUnnsssPPeillttt
UUUNNSSSpppiiKKKeenn
UUUNNNSSppoorrTAAAnnnG
uNNssPPOOrrrtttSSSmmaaNNNllliiiKee
eeennssPPPatttttEEd
uuunnnSSSppprrrIIINGGG
uuNSTTTIIBlEEE
uuuNNNsssTTaaabLLeeNISSs
UUNSSttAAABLLEEnuuussssEEEsss
AAnnnstttiBBBlllUUr
IIInsttteBBBleeeST
oNSSStttIIIblYYY
uuNSSTTuuuccK
UUNNSTTTAAACkkaaad
uuuNNSStaacckkIING
OOnSSTTuuEENNedd
UNNNsttAMppeddd
UnnSSSTTTEETTEEdd
EnssTTIIIAAADDDIIIOOORRR
OOOnnSSSTTeeeAAddiiiEssTT
UUUnstttiOOdIIlllyy
UNNNSSSTTAAAAAAdIIInnniisssS
uNNNSSTTEEaaDIInnEssss'SSS
eennSSSttteeeAAddyy
iiNNSStOOIIll
UUUNssttaaP
UUUnnssstoooRRiilllII
uNNSSSTTTAArOOOlAAzzzEEEddd
OONNNsTTIIccKKK
IIInSSSTTIIICCkkkIIINNNG
unnSSSTiimUUlllATTUUD
annnSSStttEEnntIIING
uunnnsTTTuuuntttaaNNGGGLLy
uunnSSTTTirRREEddd
uuNNNSTToooP
iiinnSSStttaaapppaaabblllUUU
UUUNsTAAPPPPaablyyy
unStoppppeDDD
INNSSSTTTooppppiiNgg
EnnsssttooppSSS
UnssTRRReeeiNNNUUUDDD
IINNNsssttrrraaapp
uuunnSSttRRAApppPPPAdd
IIINSTTrraapppPiing
eNNNssTTTrUUUps
unnstrrrosssSSSeeeD
UUUnnnSSttRRREnnnG
UnnSttriiiNNGiNNNGGG
UUnSttrrrINNGSSS
UNNSSSTTRRRiPUUUD
uunnssstrEccttUUUrrEEEDDD
EnsssTrungg
uunnSTTUUccckk
UNNsTudiiIIIDD
UNNNssTTyLLaaasHHH
iinnnSSSiiiBBBDUUUeedd
uuuNSSSuubbbssccRRiiibE
OnnSUUbbSScccrrriibUUUD
uuunSSSOOBBscriiibbbiiisss
eeenSSSEEEBBBSSSCRAABIInnnggg
uNNSSUBBBsidddAzziiid
OOONNSSSUBBstaaaNNttAAiiiLLL
UUUNNsuuBBBssstAAntteOOOllottty
AAnnSSUUUbbsTAnnnTTTEEEATAAAd
ooNSSEEbTTlllE
UUNNNSSSOObbbTTLLYY
UUnnsuuuCCccaaaSSSS
unSSSuCcccESSSssFUUUlll
UUUNNsUUCcEEESSSSSFFuuuLLlly
UnSSuIIItttaaabbbIIIllittYY
OOONNSSUUUuuuTOObiiiLATYYY'ss
uuNNssooOOOtttoBBBllE
iiiNNNSooITaaaBLLunnnesss
AAAnnsssUUUiTuBBlllyy
UNNNSSOOITEEDDD
UNNSSuuLlliiiEEDDD
UnnnSSSIIIng
EEnnssUUpeeRRVIIIsuD
uunnnSSSUUPPPPPeeRRRtabbllla
UnnSaPPPPOOOrrrttEEddd
uuuNNNSSePPPPRROsSEEdd
UnnnsssuuRRRooo
UUnnnSORReellYYY
uuunnSuurrEEEnnneeSSSS
eeeNNNSuuurfaaCCIIIddd
uunnssIIIRRppoosssseeeBBllleee
UNNSURRRppISSsIIIddd
EEENsuurppprrriissseD
UUUnSUURRPPPriisIIInG
uuuNNNSSSoorpriissIIINNNGLLLy
uuunSSUsCCEEptttiibbllluu
UUUnnsuuussspEEEcTTid
EEENNSiissspAAcTTIIINNggg
IIINsUssPPPeeecctttiiinglllYYY
oooNNNsuuuSSPIIICCCIIIooouuss
innssseessstOUUUnnniiBBLLIII
UNNsssUUUsTTuuuuuuNNeedd
INsWWiiitthhhU
eeNNNSSSWAAyyyaddd
uunnsswwEEAAArrr
uunSSWWEEOOOTTTeeenAAADDD
UUNNNsssWWWeeeRvvEEENNNG
uuunnsssWuuuRRRvooonnGGGllYY
uunnnSYYMmuTTrrrEEECCCAAlll
uuunnnsssYmmmpATTTHEtICC
IINNSyyyMPeTTThUTOOCCCAALLllyyy
aaNssysssTIIImmmaaaTIIcc
eeNSySTTTAAMMUUTTTiiccAAll
uuNSSSYsTTeeeMutttoooCiiiLLLYYY
UUUnnttaaaCtffUUUll
UnnnTTaaacccttFFFUllLyyy
UUnnnTTaaaGgggooDDD
uuNtttIInnnTed
EnnttAAAllONNNtteeeD
oonTaamed
unnnTUUnnnGGlee
UUUNNtOONNNgggLLEEEDDD
AAANNTeennnGGLEEEsss
UnnTTAAnnGGLLiiiNNNg
OOOnnntaaaNNNNNNeeddd
UUUNTTTePPPPAAD
uuuntuuurrNNiiisssHHHaad
IIINttaaaSSttEdd
ooonnTTiiiSStaffUl
UNNTTiioooghhhtt
eeNNTTaaxaaaDDD
uuunntAAXXXiiiNNG
UUUnTTEEEaaacchh
IINttEaacccHHHIIbbbllEEE
IInnnttoAAcHHUUs
OnTTeuuChuunGGG
ENNtOMppEErrudd
uuunTEEmpppTeeD
EnnttteeMMMPPTTinGGG
IIInTTTiNIIbbbiiiLLIITTYY
OOnTTTUUNeeeblllE
aaanteeNNNannTTTaaadd
uuuNttteeenddUUUdd
UNNNtttEErrMMiiNNNAAATTTUUUDD
aanTEEstttuuBLEE
uunnnTeSTTaaaDDD
UntOOttHHuurrreeddd
iiiNTHaaaNNNKKKffIILL
uuuNNtttHHOOONkkkoooBBBlEE
UUnnTTThhIIInkkobblY
uNNttHInKOONNgg
eeennntttHHHiNNkINNgLLYYY
UnnnthhhUUiiGHHT
UNNtthheEEGGHtttFoLLL
uuunnThhrrIIIIDDD
UnthhrriiiFtttY
UUNNttHHRROOnnneee
UNtiiDDIIIEEEr
uunnnTTTIddUUissttt
UUNNtttiiDDDILLyy
uuntIDONaassss
ooonnTTIDDDINNNOOssss'SSS
aaantOOOdY
iiinTTTiiiee
uNNNtAAAeeddd
onnnTTTeeeiiis
UUnnnttteL
uuNNNtttiiilllLLLEED
OONttteMMMaalIIIEERR
UnnTTTIMMiiLLiiuuusT
UUNNtImmiiiLLEEneeesssss
onnTIMalllunnnEEEssss'SS
uuunnttIIMEEEllYYY
uNNNtttinnnGGED
UNNTiirrriiDD
UUUnnnTIIRIng
UUUntIIrOOnGGGLyy
uNNNtttIItttleDDD
uNNTTEEE
IntOOLdd
UUnnTTTEIIchhhAABOllluuTyyy
ONNNtttOOOiiiCHHAbbLEEE
uuuNNTTIIUUCCCHHHaaaBBLLLeee'S
oNNtOAAAcHHABLLLISSS
UUUNNNTTooEChEEDDD
uuuNTOOOwwwaaRRDDD
aaNNNTOWWWaaRRRdddlllYY
uuuNNNtttOOOWWWarDDNNNusssSSS
uNNNTTRRRaccceaaabllaaa
INNNTTTrrriiCttableee
UUUNttRRUUUDuuTTEoNNAAll
uNNNTTTRAennEEEdd
aNNNTTRRRammmMellEEEdd
uuunnTTrrrOONNNSSfffAARRReeBBBLA
unnntttROnnnSSFORRRMMMeeedd
UUNNNtRAAANNNSSSllITaaaBLLEE
oonntttRRRAANNsLLLOOOtteed
UUnnnTRRRAAAvvvUlUd
EEENTTRRRAVVVeelLLLeeeDD
unnnTTTRRAVEEERssUUUDD
UUUnnntttRRREEaaDDD
UNTTReeOOOttAAAbbllee
ANttrrraaaTTedd
uuuntRRauuD
uuNNNTRRReeemmmmmiDD
uuunnTTTrriiid
ENNNtRRooddeen
uuuNTTroouuuBBllooDDD
AAnnnTTTRaaae
UUUNNttrrrEEiiirrr
iNNNttRRRUeeeSStt
UUNNNtttrrraaally
iiNNNTTTraaStFFUUUl
UNNTTTrrrOOOsTTwOOOrTTHHiNeSSsss
UnnTTTrrrooSSTWUrrThyyy
AAANTTTrruTHH
UUnnTTTRRRuuttHHH'SSS
UNNTrAAttthhFFFull
UUNNNTrrrUtHHHFELLLLLY
ooNNNTTRRRUUthhFFUUULLnnAAASSSSSS
UUNNTrrraaaThhFFIIllniiissss'SSS
AAAnTTRUUUtttHHss
UUNNNTeccckkk
UUnnTTUUUnneee
uuunnntttUNNNOdd
INNtUNNNaSS
uuuNNNTinnaannnGG
uunnnttUURnEDDD
uuNNTTTUUUtttIRaaDD
eNNTTwwiinnnEE
EEEnnttWWWIINNOODDD
UUUnnTWWWINNeeesss
IINNNtttwwiiinniiiNNNGG
IIInnntWWiiisssTTT
EEEnntttWuusTTeeed
uNNTTWWWiiSSTTTiNgg
UUUnnnTWuuSSSTTTsss
UUUNNTyIINGGG
uuunnnTTYpppiiCCCAlll
AAAnnnTyPPIICCCALLLLYY
UNOOOSSSuubbbllle
uuuNasiiBBBLYY
UNNeeSSSaadd
Iniiisssaaeel
InnooosIIALlllyyy
uuunIItiiilliiiZZEEd
UUNuuutttteerUUBBBlllU
ooNNuuTtttERRRAAAbbbLY
uunETTTtEERREEEdd
ONvvvaaallloOOdd
uuuNNNvvvuuuNQUUIshhhEEEDDD
uNNNvvaaaRaaeddd
OOOnVaRRNNNooSHHHUDD
InVVVAAryyeeennGGG
EEEnnnVVeeeiiLLL
uuuNNNvvvEEEULood
INvvUUalliiNGGG
iinnnvvvEEIIllEEENgggs
UnnvAAAILS
UnnnvvEEENNTTTUllaaattUUUdd
UUUNNveeeRRRIIIfIIUUUbbbLLLUUU
uuunnnvvvuuuriiiffuuuEEd
uuunVVOrssseD
UUnnnviSSSUUTablee
UUUNNvvISiiiTTUddd
UNNVoooiiCee
uuNVVVOOicoddd
eeeNWWWagggUD
ooonnWWWANTTTED
UUNWWWaarrrIoR
UUNNNWWUrrriAAstt
iNNNwwwArrIIILYYY
UUnnnWAAARRooonneeessSS
OnnnwwAAArrAAAnEEEsssSS'sss
ooonWWeeeRRRMMMeeeDDD
uuuNNNwuuurrNNED
uunwwwaaRRRAAANNNttABlEEE
OOONNWWWErrrRRAAAnnTTTAAbblly
UNWWaaarrrANNTTTEEDD
uuunnnwOOry
uuunnnwwwOOSSSHHHeeed
uuuNWWWItttChhIbLLee
uunwwwUtttCCCheD
INNwweeVurriiinng
unWWWEEvIIIrrAnGGGLyyy
oooNNwwwAAiiinEEEd
uunWWWIAAArrebLEE
OOnnwwwEArIIIedd
UNNNwaaaIrrYYYIInnnGG
uNweatttHErrrEEd
EnwOaavvE
uuNwEaaaVEEEDDD
EEnwEEeVEEESSS
UUUNWaaEEEViinggg
UUnnnWEEddd
UUNNwoooIIIggghheeeD
uuNNNwEEEIIggHHttteddd
EEnnWaaLLcEEEmI
onWWWeeLLccEEmiiNGG
iNWAALLLLLL
UUnwEEEPT
uNWHHoolluussoooMeee
eennwhhAAALLLISSEEEmEnnnEEESSSSS
uuNNwwHHaallIIISOMMEnnneeeSS'sss
UUNNWWIIIeLLDDiiiooorrr
uuuNNwwwiiiEEELLLDDDAiSSTTT
UUUnnWWIIIEEELdEEEly
UUUnnnwiiieeeLDDDIIINNesssSSS
UUNwwwIEElllDDInessSS'SS
EENNNwwwUoollDyyy
UUnWWWIIILLLLLiiDDD
UUnnnwweeeLLliiinnnG
uuNWWIILLLLiiNNGGGLLY
IIInnnWaaalllLLONgggnnnEEESs
UUNNNwwwIIlLOOOnnnGGGnnUUUSsss's
OONNwwwAAAnnnDDD
uuuNNNWWWiiiNNNDDiiiNNggg
UUNwOOOnndddss
onnwwuuuNNkkkAAAnnnG
UUUNNNWWIIIsssDDommm
unwIsE
UUUnnnwwossiiilly
uuuNwwwiiiSSSERRR
uunwwIsOOOssT
eeNNNwwisshhh
uuNWWisssHeeDD
UUnwwIIttNeeSSSOD
UUnnwiTTTTTTIIIngg
uuunnWoooTttaaNNGLYYY
uNNwwOOOTTTIInnnGGnnneesssss
uNWommoonlllYYY
iNNWWWOn
UUUnWWWOONNttteeeDD
OOOnnnwwONNNtttIIDDDllly
uNNwworrrkkaaaBBiiiLLuutYYY
UUNNNwwOrkkkABLLEE
UUUnwwwORRKKKAABBBlyy
uunnwwOrrlllDDDllleeeNNNOSSs
AAANNwwORRRLLLDDllUnnessssss'ss
AAnnWWoorrrldddlyyy
UUUNNNWOOOrrN
EENNNwwwORRRUUEEEDD
EENWWWaarrTTThhhAAAEr
uNNWOrrrThhhIeeeSTTT
annWWOrrTThhUUlyy
uuunnWWooRRRthhInnnesS
UUnnnWWWiiirTTThuNIIISss'ss
UUnnWWooortHHHyy
EEnnwwEonnD
aaannnwwouuunnDDIIDD
ENNNWWeevvo
OOONNwiivaaaN
uuunnnWrrEp
UUUnnnwwwrraapppPPPEEdd
IINNNwwRuupppPiiiNNGGG
uuuNNWWWRRRepppss
UUUnWWWReNKKLLLEEEDDD
OONNWWWrriiittttAAnnn
uunnYYiiiiiilDDiinnnG
unnYokkkEEE
uuunyooKEEEd
uunnyyEEEKASSS
UUUNYYYOKKennGGG
UNNZEEp
eNZZZippppUUUd
UNNNZuPpiNNNGGG
UUUNNNZIIIPPPsss
eeep
OOOPPPAs
AAApbbbEAAR
uupppbbbeeAAAT
UUpBeAttt'S
aaaPbbeeAAtSS
AAppBBRoIIID
AppBrraaIIdEdd
uuupbbbrruIIDDDiiiNNg
apbbRRROOOiddiiNNNgggSSS
eppBRRRAAaaDDSSS
UUPbbbrInGGGeeeNNNGGG
uPPbrIIInGGIIInnng'SSS
UPPBBRiNNggginnngggs
uuuPPPBOOOiiiLLLdd
upcaasssttt
OOppcccaaasssTTs
epppcHOOccKK
uuupppccchOOcKeeD
UUUppCCHHHuCCCKKKiiinng
uPchoocccKKKS
APPPCCeemONNgg
uupCCOUUUNTrYY
UUpcccoooIINNTrrrY's
UUUppdiiiteee
iPPddAto'sss
UppDDaaatttoooDDD
epDeeeTTuRRR
iiiPdIIIttteeS
UppDDITiiNgg
uPPPDDDoo
uuupppdddRaaffTTT
UUpppdrrreeFFTTT'SS
UUUPPPdrAAFFFttts
UUPPiiinnnddd
UUppEndiDD
aPeenndddiNNg
UUUpaNNdss
uuppFFFRRonnnTTT
ApGRRAAADAABBLLLI
UPPggRRaaaddEE
eeppgggReDDE's
OOOPPGGGRaDeeeUUUblllEE
uuuPGGGRRROOODDDEED
aaaPPGGRROODDeeesss
UUppgrrAddiiinG
iiPgggRRROWWWttthhh
UUUPPHHooAVIIlll
UUUpppHHHEIIvvvIIL'SS
uPPPHHeeeVVVaLLLsss
eppHHIIEEvI
uuPPPHooLDDD
UUUppphILL
UppHuuuLLLL'SS
uPPhilllllSS
eePPPhhOOLD
uuupHoLddERRR
UpHHHOOOLdddeerr'SSS
uuuPPHolDDeerrSS
OOOPPPHHHooolDannnGG
EEPPPHHHilldSS
UUPhUULssttErr
uphhhOOOlllssstERRReD
uuPPPHHHOOLLLSSSTEEErOOORR
uuPPhhuuuLsssttuuuRREEERRR'ss
EEEPPPhhOOOlllSTEERReeerSS
OphhELsTTIRIING
AAApphIllSSSttEEERRRsss
uuuPPHHHAlllSSttteeRRYYY
UUUPPHOlllStttEErrrYY'sss
IIIpHHHrroooE
AApKKKeeeeppp
AAPPkkkEeepp'sss
epppLLAAnnnDDD
UUPPllAANNNddd'ss
uuuPllOONNddSSS
uPPLLLuuffTTT
opLUffft'SSS
upplifffTTEd
aaPliFFTTOOnggg
uPPPLiffTTTaannGSS
iiPPLIFFttS
UUUPPLLLAaaDD
UpLOOOeeDDDEddd
uuppplllOOAAddinnnggg
UUpleeAAAdds
uPPmoorrKKKEt
iiPPMMMuuuSSStt
UUUpppOOnn
uuupppPIIdd
UUPPppEr
UUPPPppeeeR'SS
UUppppEErCCCIISSSii
UUpppiirCasEE's
UUPPPPPEErrrCCleeeSsmmooNNN
aaPPPPEERcLOOOssssssmeeeN'S
UUUPPPPeeerCCCLLaSSsssmmmeeenn
uuuppppEErrrClUUssswwEEEMMMANNN
OOOPPpppERRClASSSSSWWImmmiiiNNN
oopppPPPAAArrCuuuttt
iipPirrCCuuTTT'S
AAAPPPPorrCCuuttSS
upPPPooorrrcuuTTTTTiinnnggg
uuPPppperrmmooosssttt
AAAppppporSS
IppppIIINNg
UUUpppppUUSSSHHH
IIIppPPPiSSHHHLy
UUPPPiiiSSSHHNEssss
UUpPPPiiissshhnosssSSeSS
UUPPPpIIItttyyy
uuuprrEISSSEE
UUUppRRAiisssAd
uuuPPPROOOUUSSIIss
iiPruIISSSIIINNGGG
UUUPPrrOTTTaaa
iiiPPPrAAATTooD
UPPrrrATTiNggg
uuuppReeeAR
UUUPPPReeeAArrrad
uuPPRReErrrInGG
iipppREEEaaRRRSS
UUppprrOOOghhhttt
UPPRaaggHHHttt'SSS
UUUPreeGGGHHHTTTllYY
oooprrIIIGGHTTTNNNISSss
UUUpppRRIIGGhTTTnAASSsss'S
UUUppRRuuuGGhhhTTS
uuupRRRIsE
uPPriiisssuunggg
uuuPrrraaasaaannnGG'sss
IIpprriisssEEnngSS
uppRiiiVVVEEr
UPPPrrroouuuRR
uuuppRuuuuRRR'sss
ePPPRROOOAArruuuoiSSS
UpRRoARRoooiiUUsssLYYY
UprroooEEEreIusNNNEESSSSS
UUpprrraaaursss
APPrrooTT
uPPrrrAAAooTTTIIDD
epprrroiiiTTaaDDNNuussSSS
uuprrOOuTTTIInnG
uuupppRaaaoTTSSS
uuuPPPRRAAsssHHH
EPPSS
UPPPsssCCCIIllleee
uPPPSSEET
UUPPPsssettt'SS
AAAPPsaaatttSSS
uuPSSIITTTTIINNNGG
IIPPssHOttt
UUUPPsssHHoooT'S
appsHHIIttSS
UUUppSSSIIdddUU
UUUPPPssiiddduuu's
iPPSiidddEEESSS
uuppSSELLLoNN
iiPssaaalllOON'S
epppssaaalllOnnnsss
ApSpRRRInnGGG
upppSSTTToGGEEE
EEEPPPSStAAgood
uuupSSSTTiiigOsss
oPPSToooGGAANNGGG
IIppSSTTTAErsss
epppsstttaNDDDINgg
iiiPPSttuuuRRTT
oooPPssToooRRRTT'ss
uuPPsTaaarTTTedd
iiiPPssstttoooRTTiiNNggg
UppsstttirTTss
OPSSStttattteee
uuuppSSSTTTaaata'sss
UUUPsTTrrrEEEooom
UPssttrrEEtttccHHeed
UPPSTrrEkeee
OOOPPssTrroooKKe'SS
UUUPPPSSTTrrooKKeeesss
uupsssIRRRGGee
uuPPSSuRggu'SS
aaapppSuuRGEdd
uppSSuuRRGGoooss
IpssUURggginnngg
oooPPPsswwweeeeeepp
uuuPSSweLLLLLL
EpsWWWEEpppttt
UUUPPPsssWUUUng
UUUpppSwiiiNG'SSS
uuupppssweennGGGsss
uuppTTTaaakkkUUU
uupppTTaaKee'sss
UPPTaaakkkEESSS
ePPPtttAAlKKK
uuuPPPTemmmpppE
uuPPPTTHHrrEEEW
uuuPPPttHRUwwss
UUUpppttthhRRUSSTTT
iPPPttthhhrressstt'S
uuuPPthhruussstttAAAng
EEEppttthhhruussTss
ipTOOOcckk
UUUPTIICCKK's
UppTTTiiiCCKKSSS
UUUpTTTiiGhhht
uuPPToownn
UUpTooWWWnnn'sss
uuPtrraND
oooPPttuuuRRnnn
oooPPtttAARRRN'SS
UUUpptiRRRNNEEEddd
UPtttOOOrnnnanGGG
uuupTTeeerrrns
UUUPwwwArDDD
UUUpppwwwAArrrDDLyy
OOOpppwwwArrDDDsss
aaapppWWWAAALLLL
upppWOOlllllAAANg
IIpwwwooonndd
UraaCCooLL
iiirrrIICiill's
uuurrriiEEEUs
OOORRaalIIItEEE
UrraNNaLLLYsssIs
OrrraannIIICC
URaaannAnEEte
URaaaNNiiNNNiTEESS
UUURRanniiieeMMM
oorrrAAANNNIEEEmm'sss
UUUrrrAAAniggrrrUUUPPPhhheRRR
aaRaannnOOggrrruupppHHIIICC
UURRRiiiNNNAAGGRRAAPPHyy
IrrAANNNooollAAgggY
UUURRRaaaNNNuummmUUUTTTrryy
ArAAAnnOuus
urriiNNyyyLL
UrruuunnnYYls
arrrbbbaannn
EErbANNa
oRRbuuuNNNeelllY
UUUrbONNOORR
iiiRRbbbaaNNNUUsTTT
iiiRRRBBaNNNOOSSM
irbbaaNiissstt
eeerrbbaNNNUUTTEEE
UUURbbbENNIIITTTyy
ooorrbbAnniiitttY's
UUURRBaNNNUUzAAATTuOONNN
oRBaanAAAzzzAATTTEOOnn's
UUURRbIINoooZZEE
eerBBBiiinAAZZuuuddd
IrrBBOOnnnEzzzeS
uuRRBBaaanoozzOOngg
uuurrbbaanooLLLOOGGGAAAsstt
uuuRRbbuuNNOOOLLigiiisssttt'S
UURRbboNoooLLuggaaaSTTSSS
UUUrbAAAnOlOggyyy
UURRRbbAAANaaalOOgy'sss
uuRCCCAaaalllAAttaa
UrrCCChhhiiiNN
uurrrCHHHuuunnn'SSS
UUUrrrcHaaaNNNSS
iRRRUUUee
uurrrOAA's
OREEEaSSSeee
UUrrrEdddIIuuumm
IIIreeeDEEE
UrOiiDDeee
IROOOmmmieee
uuREEEMMMIeee'SS
UUURiiMMMiUUsss
AARRRIImEEcc
UUURRReeettteeer
UUURRotoooRRR'S
eeraTErSS
uuuRRRootttHHannnUU
UUURRREEETTTHHannna'SS
uraaatHrrrUU
eeerrETHHHrrrAA'S
eRRReeTHHHrruEE
oooRRuuuTTThhrraaaLL
uuREthrrUUUS
uuurreeeTTThrAcccTOOOMyy
uuurrrEEEThrrITTiSSS
aaaRREETThhrrriiiteeSSSaasss
IIRRREEttthhhRoooSCCCUUUPPee
UreeeTTTUUUccc
uRRRggge
eeeRRRggE'SSS
aaRRRgEDD
urrgggInnCCCYYY
IRGGEEnccy's
IIrgggEEnnnTTT
AArrrGeenntllYY
uuRRGGeeerr
UrGGGeeS
uuRGGGuuuNNNggg
URGGGUUUNNNGGSSS
OOORooaal
oorrOOAAls
UUrrrICCC
uuRRRIInalll
erraaaNNNaaL'ss
errInnaaaLsss
IIIrrInEEELLyyysEESSS
eeRinnELLyyySSSaaaSSS
UUUrrriiiNNNAAllySSSUUUsss's
urinnIRyyy
ORRRannAAAttte
EErrriiinaaaTTTOODDD
uRRUUnATTEESS
uuRAnnnEEETTTaaaNNNGG
UrrUUNNaatttIIIAN
UUrIIInoottIOOON'ss
UUruuNNuuu
IIIRRiinneee'sss
oRRaaanIIffOOREUUSSS
URNNN
OOOrNN'SS
uRRRNNNffiiiAAAlD
UUrrrNNsss
uRoCCHrUUMMEE
URROggeNNIIITTAAl
URRRaGGGIInniUUss
UUrrOOLEEETThhh
uuurroLLOOOGGGIIIc
uurOOLOGGGiiiCaaalll
urreeelllaaaGGiSSSt
AAArrooLOOOgggooosssTT'SSS
urrEEElllUgIIsssts
IIIRRRAALUgy
uuuRRooLLLOGGY'SSS
UUrrroPoooDD
EEEroPPyyygIIUM
UURRRUUPYYYgEEEuummmS
iiirrUUSCCOOOppyyy
UURSSooNNee
orrrTTTExTTT
ERRRTTTEEEXXtttoo
urrtttICaaCCCEaaauuSS
EErrTTTICCCaaaRRRIA
aaartIIccUURRiiiUU'SSS
uuurrrtttUCCetee
ERRRttaaaCCCaTTTunnnggg
UUrrTAAAcccaTTTiieen
uuurTTTuceetttoooooonss
UrUUs
uurrrUSOOOsss
uuurrrushhhioL
Usss
USiiibIIILLOOTTYYY
aaaSaabbbolloooTTTY'SSS
UUssabble
AASSUUUblllyyy
USSaaaGGE
uuusAgggee'S
UUUSSaaggEESS
IISSSuuNNNCu
ISaannCCEsss
ASSSEE
IssEE'S
uuSSeeeaaaBiiillItyyy
uuSSeeIIBBIIIlllIIITTTyy'ss
AAASSSiUBBBLEEE
UsEDD
UUUssEEEffUUL
eeeSSAAfffUlllLLLyyy
UUsEEEFulnnUSSs
iiiSSuuFFFuuLLNoosssS'ss
IsOlEEsSS
USuuulleSSsLYYY
UUSSaaaleessssNUUSS
AAASELLLooosssSSSNNEEEssS'S
uussEErrr
UUUserr'ss
uusssirNAAMMe
eSSSErS
uuussUs
USSHHHuur
uuuSSHHeeR'sss
iSherUUUDD
uSSHHiiReettttE
iSHooorreeTTTttte'ss
USheeerEEEtTTuSS
AAsHHOOORRRiNNGG
USShaaRRs
IsINNggg
AAAsQQQuuueeBBAAAuuggHH
uusttuuuLiiiTaaaOOOnnn
UUssAAlll
uSSiiiaaLLL'S
uuuSOOAAlllly
USSSuuaLnnUssSS
UUSSSoUULLLNNNEEESSSSiiiS
UUSSUUFFFrrrUccTT
ussAAreeer
uussEEErrrERR'ss
ussereeeRRss
UUssuuRIIOOUUSSS
USuurrrIIooouuussllly
UUSSUUrrrIIOOOOSSNNNUUUsssSSS
eeesuuRp
uuusEEErrrppiiiTTTIIIEENNN
UUSuuRRpppETTTIIIeN'S
UUsssUrppEEEdd
UssuuurrrPPPeeerr
uuusURRRppAAR'sss
uusEEERRRPooRRSSS
usssUrPPeeeNG
uuusuuurpppss
eeeSURRYY
aaaSUryy'SS
uuut
uuTTTUnnnSSell
UUUtttAANsELLL'SS
uTToonnnsssEEllS
UUUttooorii
uuuToriNE
uuuTarrrIIIsss
OOttiRRROSSS'ss
OtttooRRuuSSSeeeS
OOTILLEEE
UUtttEEllittAAAruuuaN
IIITTAALuutErrriiEEnnn'sss
OTTIIlllooottOOrrIAAAniiisssM
iiiTilEEETTTaaaRRiAANNeesssMM'ss
aTiilITTIIRiiiooNNsss
UUUtaaLLIttuuuEEES
aaatILIIITy
EEttIIIlitYY'ss
ItttOOOLLLAAAZZZaaBBBLLLUU
UUTTTelllIIIzzzETTiiioooN
uTTIIILooZUTTTiiiOOOnn'SSS
oTTOLLUUZAA
uutttoollEEzEEEDD
uuuTTiLLIZZeeRR
aaaTTTIIILLLiiZeS
eeeTTTEEllIIIZIIInggg
uuttMMMOsTTT
UUUtMIsstt'sss
uutttooopppuuuIII
UUUttoooPiIII'ss
EEtOOppOOOUN
uuuttaaapIIIaaan'S
uuuTTuPeAAAniiiSSSM
EEEtIIpppIIIaaNS
uuTaaappiaass
UUUTRIIIcccllII
uuuTTRRRiiiCCCLLLEESSS
uutSSS
uTTTTaar
Uttterrraablleee
UUttTTeeerrrAnnnCCCAA
UUttttEEERaaaNNNCCeee'SSS
eeettttttARaNNCCCAAS
UUTtttEEERREEddd
utTiiRuR
OTTTtttAAArrraNNNggg
UUTTTttterrllyyy
uuTttteeRRmooostt
UUUTTTAAArrmmUUSSt'SSS
UUtTTErrsss
UvvvaaarroovvaaTTTEEE
UUvvvooee
uuuvvAAAiiisss
UVVEEIIITTiiss
UvEEtteeesESS
UUUVVIIlllUU
Uvvuula'SSS
UvvvIlAOO
aaavvvuuuLER
UUVVVooolllAr'SS
UUUVVUUUllloRSSS
EEEVVUULLLaSSS
UUUvulItaass
OvvEEliiiTTEESaaSS
uuuxEERRROOOaaLLL
oooxxOORacIda
uXXOOORReeeaaOSSS
UUXuuriiooASSLYY
IIIxuuurIIIoouuuSNNNeSS
EEExxUUrrIIuuUUsnnEEssssssEsss
v
VVViiiCCC
vvviiCCCeeNNcccuuuIsss
VVaCANNNcccY
VIIccaaNNcccYYY'ss
VVVOOcccannnT
vvvaaccAAANTLLLYY
vvvaCCCAAATTTe
VVAcaaaTTTeDDD
VVVAACuuutttuuuss
VVVAcccAAAtttINNgg
VOccaaTTAAAEENNN
VVVaCAAATTIIiiiNN'ss
vaaCCaaaTTiiiIIInedd
vACCiiittiiooonnnIIIrrr
veeeCCCAteooonneRRR'SSS
VAAACCEEETTTIOnneeeRRRSSS
vacccaattIIIANNIInnggg
vvvacccOOOTiOOONNNIIISSSt
VVooccoootIIIiiNuuusssTT'S
vvvACuuTTeeooniissTTTSS
VVVACCCOOttiiiOONLLEEnnDD
vvaaCCAAAtUUUaaNSS
VEEcCCUUNOOttti
VVVaaCCCCCCinnAAAtttEEd
vvvAAACCccEEENNOTEEESSS
veeCCCcciinnnoootUUnngg
VVucCiinnnATTEEEOOON
vvUUCCCCCUUnnnATUUOOOn'S
VViiCCCCCiiiNetIIoonnnS
vvvAAcccCINaaTTTor
VVVaaCCINNeee
vuuuCCcIIInneee'SS
vvvuCCCCCCIInnnAAASSS
VVAAAccciiiNNEoo
VVIIICCEENNIIIass
vaaaCCIIILLLlllIIITTTAAA
vvvAAACCCaaallllEEETEEED
VVVicillLAttes
vAAcccOOOllllaaTTTiinnGG
VVVaaacccOOlllllAttaaaONN
VVEECCCiiLLLLLLEEEtttOOOOnnn'sss
VVAccOlllllaTiooonSSS
vvuuCILLLOTTToR
vaaCAAllllaTTIIRRRss
VVAAcccOllllllAtttORRyy
vvvaaacccss
vveCuu
VVaaCaaaiiTTTYY
VVVaaccIIIiiTyy'sss
VVAccuOOllaaRRR
VVeeeCCCuooLLee
vvvEEECAAoooLLAA'sss
VoocccUUoolllIs
VacccuuueOOOSS
VaaaCAoouSlY
VaaacccuuuuUUSSSNNNEEESSs
vEECCCAAouuSnEEESsss's
VVUcoooUUUMMM
vvaaacEEEAmmm's
VVVAAACCCUUUUmAddd
VVooCUUUuummUNNGG
VVIIccciiUUUMMSSS
vvAAddooosse
vvvOgOOBBBooND
vvuggAAbbOOnnndd'SSS
vaaagaBuuuNDaagIII
VVVoooggAAAbboooNdaaagggE'ss
VVeegAAAbbOOOnDDEEDD
VVAggguuBBBEENdiNNGGG
vveeeGGaabEnDS
vvaaGGGeeeLL
VVVAAgerroooSSS
vvAGGGaaReeoooUUUSSS
VVVagARauoSllyy
VVaaaGGuuRyy
VAAgEEERRRyy'ss
VVVAAAgII
vvooGUNNA
vvaaGGGiNAA'ss
vAGGiiinnnaaaU
vAAAggiiiNNAll
vvvAggiiiNNNaLLLLLyyy
vAAgIIInnneees
VVaaagguuuNNUUTTee
VeeegiiNNEEEcctEmyyy
VVVagIIInnIISMMMuS
vIgggEEnIIITIIIDDDESS
VVVaggIINaaatiiiS
vvIGGGRuuncccyy
viiigggrrANNNCCYY'ss
vuGrrOONTTT
vvvAAggraNttt'SS
VaagRRAntttlYY
ViiggRRRUUUnTTTs
VVVAAggRemmm
VaaaGGIIE
VaaaGUUELLLYYY
VVaagUUUEEnnnosS
vvOgaeeeNNeesssSS'SSS
vUUUgOEEErr
VVoooGGGUUessTTT
vvvAgUUUS
vaaILLL
vvvaIIN
vvviiiinnnEEr
VUUoooNaSSTT
VIeNNGLoooRRIauusss
vAooonnnGlOrrriaaIISLLLYYY
VVoUUUNGGGLLOOORREEEooUUUsnEsss
vUIINNNGGGLIIIRRRY
VVVAAAAANNNGGllOOryyy'sss
viiiiiNNlllY
vvAAIIIr
VVIIivvvooddde
vAlAANNccAA
vvALLAnnnccce'sss
VaallanCCeed
VVELLUNNCOOs
vvvAALOOO
VVVaaaLE'sss
VVAALLEEdIIcccteeeooNNN
voooLIIIdIIcccTAINNN'sss
VaaalEEEdddIIcTTAAUUNS
VAALIIIDiiiccctttooorrriuunnn
vvvAAAllleDDiiiCCCTTeeeRRRiiiAAANN'ss
vaalEEDiiiCCCTTTOORiiiUUnns
VaLLLeeddICCtuuRRiiiEEES
vaaLEDaaccTUURRyyy
VVEEElliiidiicctttORyyy's
VVVAlEEnCCEEE
VVViLeennnccEEE's
VVVAAAllANCCOOSSS
VAAllenCCAAAeees
vvaaallEnnncY
VVAAAlAANNNCCCyy'sss
VVVALLiiNtiiiNNNee
VOOlllEEnnntttiiiNAAA's
VVELLLunTTIINeeSSS
vulEEERRREuuunnn
VVILLeeerrIIaNNoocEEOOOUss
VAlEErIooonnnSS
VAAAlllaarIccc
vvaLLeeesss
vAAllliiT
vOOOllEEEt'SSS
VVVULAAAtIIIDD
vAALLLeetttiing
VVVOOLettsss
vvvaaaLEETTuudiiiNNNAArrrieeennn
VVVaaLLooTOOdddiiNeeeRiaaNNN'SS
VAAAlaaTTTudddEEENaaaRRUUAAAnnnIISmmm
vALItuuuDonnarrOOOiiiNNNIssM'S
VVVElleeTUUUduuuNNARRRiiionnnS
VEELLootttuudiNNNaaaryy
vvalguuuss
VVALLLiiiinncccE
VVelllIIIaaannCCE's
VVVaLLLIIaaaNNNCeeeEs
vvvaaaLiiiIIInnnccYY
VVALLLiiiiNNTT
vvvAAALLLieeentlYY
VELLLIDD
vOOOlODDaatee
VVaalEEEDDDatttEEED
vvollliiDDDeeTTTos
vUUUlllIIIDDDattEnGG
VVVOOLiddAAAttoEEEnnn
VAlllIIDDDOTTIIooN'ss
vaaalIIIDDDATTTiiioNNNsss
VVVUUllliiDITyy
VVVaaaLiiddUUTTyyy'ss
VVAAllleeeDDLLYY
VVUlllidddnneeSSSSS
vALLLaDDNNNuuuSS'SS
vvvAALLLiiiNNNUU
vAAllleNNNeees
VVVEELLLoSSSe
VVVEEELLLAASSSeee'S
vvuLaaaSOSS
VVVAALLllootoUUUn
vveelllooCCCullA
vELLLLeeeYYY
vvvoooLley'SSS
vAAALLLIIIYYYSS
VVVALaaNNNIIII
VVaaaLLOrrr
vvAAlOOORR'ss
VuuLLLoorrraazAAATTiiiooon
vvIIIlArrIIIzzo
vveeLLeRROOaas
vvOlliROOOOSLLYYY
VVAALssooo
vvvILLsssasss
vvALUUUAAbbLLE
viiillUAABlEEE'SS
VVVaaLLLUUAbbleees
vvvEELLuuaBBllY
vvvaLLLUAAATu
VValIIIETTUUUd
vvvUluuATTesss
VVVeeeLLOOaaatttIInnnG
VVVaLLLUUUAttiaaaNNN
VVVuulluuuAAATTTiiEEEnn'SS
VVaaaLLLOatIIOnSSS
VVAluuuiitArrr
VVViiLaaEEETTeerrSSS
voolUUUe
Vulei'SSS
VVAAAlUUEEEDD
VVVuuuLLEEEEElluSSSsss
VVVaalllUErr
VAAAllliiEERR'ss
VVVAAALooErs
vvvaaalUES
vuuLLAAannGG
VoLvvvALL
vvvuullvvveeTe
vvAAALVVee
vvaaaLLLVE'SSS
VaLvEd
VVVaaallvvIluuSss
VVVAAlllvvoos
VVOOOLvvIIInnnggg
vvvIIllVuuuLLLEEERR
VVUlllVVuLLee
VuuulllVVEElIIITiiiss
VUllvvvUUULLAAATTASeeeS
vvvAAAmmmBBRRaacccEE
VVVAAmmbbbRaaaccUUUsss
VoommOOOUUsUUU
VVVoooMMMOUSUD
VaaaMMOOasssAss
VVoomooossIIINggg
vvAMMP
viiimmPP'sss
vvvAmmPPaad
VAmmppEEErrr
VIIIMpeerrrSSS
VVVAMMpiing
VVVIIMMpppiirrrEEE
vvIIImpIIROO'sss
VAAmmPPPiiRReSSS
VVaaMMMpIIRUsssMMM
VOOmmmPiSSSHHH
vAmPOOOshhllyy
VVAMMMpppss
vvviimmmppYYY
vann
vvAAAn'S
vOOOnnuuudduTTEEE
VVVAANNNOdAATTTIss
VVVeennOOdEEEnnnOOOTUU
VVaaNNAdIINNEEETTeSS
vvUUnAADDiiuuuM
vAAAnnnAdddIIaMMM'SS
VVVaaannnAADOOOUUUSSS
vaaNdddiii
vviindall
VINNNDDDAALLL's
vvvaaNNNddiiiLLLIIISm
vvvenDDOlloooSSSmm'SS
VVaaNddEElllaaazzuuu
VVaaannnddaaallUZZZiiiDD
vAAANdAAAllIIIzesss
VVAAnnndAlloozzaaNNg
veeenDDDaaaLLS
vUUNNNDass
vOOnnii
VVaaannOOO'S
VVVaaNEES
VaaaNNg
vvvaNNNGGuuueeerrrDD
VVVennnGGGuuuURRd'sss
vvAAAnggUUUUURRRDDDeeeSSmmm
vvvOOOnnngIIIurDDiiSST
VaaNNNgggAAAARDDs
viNNiLllooo
vvvaaaNNNolLAAA'SS
VVVAnnIllllliis
VVVOOONNiiLlleeeCCC
vvAnIlliiin
VVaaannnellliinnS
vvvAnniissshh
vvUNOssHHeed
viiiNNIssshhhAAAr
vvvaaaNNNUSHHHeSS
VannIsssHHIngg
vvANIIISSHINNNGLLLyyy
vvvannniiiSheeeNGsss
VVaaanniiiTTTiieess
vaaNeTTy
VVVANIIIttyy's
vvvAAnnNNNoooDDD
vONNNnnInGG
vvvUUUNNQQUUISh
VAAAnnnQQuuIIsHeddd
VVVOONNqqqUissshEERR
VunnqqIEEEsheeerrr'ss
vvaNNNquAsssHHEErrsss
vvveennnqOOOAAASSSHHHess
vaaNqoIIISSHHinggg
VVONNNsss
VVoooNNNteegeee
vaaaNNtttaaagggEE'S
VVVAAANTTTAGGGeeeSS
vvaaaNNNWWWaard
vvuPPIDDD
vvveepAADDDIIItYY
vaaaPPiDDEttyyy'SSS
VeePiidddlYYY
VAApppIIIDDNNNeSSSsss
vvvAAApppOOdnoosS'ss
vvaaaPoor
VVIPPPor'ss
vvvaaappOrrreeeSSCennnCCCee
VVVaaaPPiiirrettTTE
vvvaaaPPooriiifffeeeccc
vvvaaaPOReeMITerrr
vvveeePPOOOrinnGG
vvvOPPPoorrriiinnnGGGss
VVaappoorrUUUshhh
VVVAppUUrrrezzzoTION
VVooporrIIzOTTTEonn'ss
VUUUpppeeeRiiiZZZE
VVAAPPORIIZZEEEd
VVAPPPIrrAAZZZEEERRR
VVAPPPorrrIZZEEERRR's
VaaPPPiriiZZIIRS
VVuPPPOOORREzzzeeeSS
vvvAApuuuRIIIzzIINGG
vvvIIIpppOORRRUUUiiSSS
vvAAAppOOORRRUUaSSSLLyyy
vvoooppOOrrrOusssnnneesssSSS
vAAppooRRRSSS
vvveeppoooRRRwwwUUURRee
vvaaaparYY
VVooqqIIeeeRa
vvaaQueerrrO's
VAqquuErrrUUSSS
vvvarrrooo
vvAArrooos
vvvAARGGUEEñaaa
vvaaaRRRiiiEEE
VViRROOOBBIILLLaaatty
VAAArrrAAoBBEELLLiiTTTyy'S
vaaaRReaaBLee
VArrrIIABlo'ss
vviiriiiaBBlllEnnESsss
VVaaariiiobbbLeNaSSsoSSS
VVVaarooAAABllooss
vvvAAArOOOOOBBLy
vvvaaRRRIIEncE
vvAARoooeenncccE'ss
vvvURRiINNNCCCeess
VaaarIIIiiiNNNT
VVArruANNttt'SSS
vErAAAooonntsss
VVaaRRIIaaattE
vAAArrrIIIatOOOs
vAAArrrIIItttuuuiN
VVaaRRRuaaTTTiOOnnn'SSS
vvUUURRiiUTIIonnnUUULL
VVVAAArrEEaaTTOooNss
vvvaaRoceLLLII
vaRReecceellllaaaSSS
vvvAAARRiiiCeeeLLLLAiidd
VVAAAreCeeeSS
vvvarriiiCOcccElllOO
VVaaRiiicccAAAlORRoooDDD
vvvaaarrrIIICUUUSi
VVURRRiiicooossUUUDDD
vvAAARIcEEEsssIIItttYY
vvvAARRICCoooTTTooommmy
VarrriiiEddd
vvvUUURRRiieeeddLLLYYY
vvaRRiiiEgoTTEE
VUrreeeeeeggAAATEd
vveeeriieeeggAttEEsss
VVErrreeeAAGGOttaannGG
vAArOEEEGGUUUtttiieeenn
vvvAAArrOOOeeeGEEttteeeaN'SSS
vaarrIIIUUUs
vvvAAARiiiOTTuuLLL
vvvarrrUEEETAAALL'S
vvIIrruuuEETTTAAALLLLLLyyy
VVAAArrreOtUUllsss
VVAAREITTTEeSSS
VEEERRRIIEETTyy
vvARRRuEEETTTYYY'SSS
vvoorrrIfffIRRRMMM
vvvaaarriooolaaa
varroooOLLLeeeS
vvvARIelllEE
VVVoruOOOLLLiiiTTTee
VVVuuuRRRIIElllEEIIIDD
VAAArrrioolllIuusss
VVVIIIRRIIooommmooteeRRR
VArrruOOOmmmiiTTeeRRRS
vvvuuurrIIURRRuummm
vvvaaarAAOrUMMsss
VVVeeereeeOOOUS
VVARRoooooOOSSllyy
VaaarriissCCCiiiTTTAAA
vvvaarrIsssTTTuuRR
VVVeerrriittYppEE
vAAARRRiiXX
vAArrLET
VViiRllliiT's
VVIRLLEttrrrYYY
VArrrlleTS
ViiiRRMMManTT
VVuurmEENNTSSS
vuRRmmooNNTT
vvvURRMinnt'SSS
VVIIrrrmmmIInnttSSS
VOOORRRnniisHH
VarrNNiissshhh'sss
vvviirnnuuuSShEEEdd
VVaRRRnnniisHHHEEsss
VVirrnnnaashhhIINNg
VVVAAARRS
VORRRSSSUUttEEEEss
VVooorrrsattY
vaaaRsAAtYYY'sss
vvvAArUUUSS
VAAARRRVVuu
vvArryy
VaaaryyyiNNGG
VaSS
vvvUUSu
vvvAAASScccuulllarr
vvaSSScccEllAAReeeTy
VVaaasccUUULLUUUMMM
vessOOO
vvvaaassse'ss
VVosssAAcTTOOOMIIIEESSS
VVaaSSEEECCtOOOMMMozzzee
VVVAAASEEECCTTOmiZZeeddd
vASECCCttOOMUUziiiS
vAAseecccttEMIZZZinnG
VVaaSEEccctttuuummYYY
VaaasseeCCtttOMMyy'SSS
vvaasOSSS
VVVAAAsssocccInnssttROOOctttEooon
VAAASSoCCCoonnnSTTTRAAACCCToooeeeNNss
vvUUsssOcooNNSTTRRiiiccctOOrr
vvoSOOOcccOOONNNSSSTTTRRRIccToRRss
vvvAAsADiLLOOttatiONNN
VVVAASoDDilllaatttooONN
VVVasoooDDDoLLLuuuTTTIIIIIInSSS
VVVAAASSSooodddiiilluuTTUUURR
vvvASOOODDDIIILAAtuurrS
VVEssiiiUNhhhUUUBBBiiiToRRR
VVVEsssAAAmmoTTToor
vvviiiSssAAAl
VaasssSSeeeLL'ss
VVVaaSSSSSaaalAgguuu
vAASSSalAAAgEEE'S
vvaaassssAAAllIIIZZZe
VVVeesssssaaaLLss
VOOOsTT
VassTT'ss
VVassTARR
vAASTusttt
vvvEEsttteetttUUddee
VVaSSTTlllY
VVOOOStttniiiSSSS
VaassttNeSSS'SSS
vvvAAsstSSS
vviiisssttY
vviT
VVooTT'sss
vvvaaTIIIc
vvattiiciidi
vvAAAtttUUcccAAnAAAlll
VVVAAATTTecUNAAATEEE
vIIITiCCIIInnnaaaTTTaauuunn
VVVeeTTiiCEENatttIIoonnns
VVAATTIcooNNeeeTOOrrr
VVVoootIcccooonUUtttUUURy
VVVaaattSSS
vvvoootttTTTIIId
VVVooTTTTTTIINNG
vvaTTTAA
VVVaauuuddiiivvvaaalllE
vvUaddEvAAALLLleee'SSS
VVIIuudddeeevvvILLeeAAAnnn
vIIIuuDDUUUVVaaLLEEenn'sss
VaeDDoooVViLLLlleeeeeNNNS
VVAAuuultt
vvAAAuLT'S
VAAUULLTToDD
vvvIIuLLLttaaaR
VuuuEltttUUrrr'S
VVUUUALTERRRSS
VVaaaeeelllttAnnng
VVVAAUUlllttAnng'sss
vvvAIIIllts
vvaIILTTyy
VaUnTT
vvvAunnnttt'ss
vviiuuuNNTTTeeedd
VVuuuuNNNttoRR
VuuuUnnntirSSS
VVAAANNTTTIIINGG
vvAAUUnnTTTooNNNgglllYY
VVVaaUUnTTSS
vvvOOv
vvviull
veeAALL'SS
VVVeeeccctUUUR
VVVEEECCTOrrr'sss
vEEEccTToooREDD
vvvECCTTOOORRANNNgg
VVVACCCttooorriiizziiiTuuiiiN
VVEECCCTTooRRRIIIzzEDDD
vuccttuRSS
vvEDDDoLueee
VVEddIIIlAAAOOOs
veediiitTee
VVuDDDOOOCCC
vvveeuujaaaYYY
VVEEJEEyyy'S
vvEOJJJIYYs
vEEEeeppp
vvveeooPP's
vvEEaaaPS
vvIiiiRR
vvveeeAR'S
VVoErrrEEDDD
VVVAAAeeeRAeS
vvvOOAAARIngg
veeeiRRs
vUUUIIIryy
vvvaaag
VEGGG'SS
vvUUUGGuun
VeeGAnnn'sss
VVAAAggiiNNNIIsmmm
VEggAAnnnS
VVVuuuGGeBUrrrggEr
vvAAAGEBBBURgggERs
vUGGUs
VVVeeGEEETTTaaabbLLLEE
vvveeeGGGoooTTUUbbbLLLEEE'SSS
vvvEEEGGeTTTIBLLLEEEss
vvvAAAGGeeeTTaaLL
VVVAAGGGaTTTaaarIIIiiiNN
vaaaGGGUtttaRRIIIAAAN's
veGuTTaReeeiiinnnIsMMM
vvvOggoTEEEriiiaaannnUsssmm'S
vvogggaaaTuuRioonnsss
vvIIGGeeeTTToooTTTaaa
VVeeggeeeToooTTTuDDD
vEGEETAAAtttISS
vvEEgEEETTiiitIINgg
vEEEggOOOtttUUUtttiooonn
VVVAgeeetteTIOOOnnn'ss
VVVEEEggeeeTAAtttiiiOOONNAAALLL
vvUggEtAttaavii
vvuGGETaTTTOOvEEllyyy
VVVOOgooTTTaTAAAvvvIneesssSSS
VVVEEEGGGeeedd
VVVEggGGGEs
vvegggGiia
VVVIIIGGIIEEE's
vvvEEEggggOOOebbUUrggEERR
vvuuuGGGiiaaaBuuuRRRgeeRRSSS
vEgGeeOOs
vvIggGGGiNNNGGG
vvAAGGGs
VeeeHAAAMEEENCCCuu
VVEEEhIIMennccci's
vuuuhhOMEEENNNCCCY
vuuuHHEMMMeNNccY'SS
VIIHHHeeMMeeennT
vIIIhUMMeeeNNtttlYY
vvvihaCClEEE
VVehIIICCClaa'ss
vviHUUUCCClOsss
VVeehICCUUULLLAArrr
vvvEil
vvOOOiiil'SSS
vvvEEEollledd
VVVeIIllIIINNGG
VuuueeliiNgsss
vveUUULLS
VuuuInn
VVVOOiiiNN'sss
vvvoooiiiNeeD
VVVEEInniiNNGGG
veeeeeeNNLLEETTT
vvEEEUUUNSSS
VVVEEEiiiNNssstOnnOOO
voooinnooleee
vvUUIIInnnYY
VVelllaa
VeeeLLLaMENNN
VEEllloR
VVVEEELaarr'SS
veeellAARIIIUmm
vIIllleeerrizzzee
VVeellAArrsss
VVVaaLLLuuuTTa
vvuLLLdd
VVVeLdd'ss
VeeLLdss
VVVeeLDDTTT
VVVEELLLdddttt'SSS
vveeelldddttS
VVaaalliiGEEr
VuuuLLLotttiiiS
vvvallllEEEIItiiEEsss
vvveellllluuuOOttyyy
vvvUUULlliiCCCiiTTTee
vvvuLLLLoooCCCEEETaddd
vvaLLllliiCCCeeTTTaaaSSS
vvillllllACatiinG
vvvooollamm
vvEELLLLLLuuuMM'SS
VVeeeLaCII
vvviiillloocOOppeeddee
vvEllooccciiipIDAA'sss
VVELLOOOccIIpppAAdEEss
vvvoooliiCCAtIIeess
VVVEEEllooccItYYY
viiloCIIITTyyy'sss
vEELLLOdddrrroooMMMee
veLLLOOdddRRROOmmmOss
vvvIIllouuurr
VVVEEEllEEUUrr's
vveelOORS
viiillleeUUrrSSS'ss
VVEElllummm
veelllummm'SSS
VVeeLLUUReee
VEELLuuuTTTUUNNeeeUUUS
VVVAAAlVaat
VoollVIIIttt'sss
VeLvvvIteUnn
VelveeTTTEEen'ss
vvUULLVVEtaaeeNss
VVVIIlvvveetttIIrrr
VVElVVIIITOOOsT
VEELLveettss
VVeeLLvoottYYY
vvenaaa
vvEEEnnAAI
vvvInaaL
VVVEnAALitttYYY
vvuuunnAAAlliiiTTyy'SS
VVUnnnollLLY
vvviiinnnaaTOOOCCC
vvEENNNATEEENNN
vvENNaaatUEEEn'SSS
VVannaaaTTTEeNalll
vvveNNND
vANNdaaacccI
VEEENNDDuuud
vEEEnnnddEEE
vvveeendOOOess
VVEEnDDDEERR
VVVinDDEEEr'S
VVEEENNdddaarrrSS
VVEENNNddaaatTTTEE
vIIInnndddAATTTTTAA'SS
vAAANNNDDDeeettttttEESSS
VeennDDIbLeee
veeeNNddiiNNgg
VVVENNNDDOrr
vveeeNNdddorrr'ss
vEENNdOOOrrrss
VVEEEnDS
venDuuE
VVVAAANDUUUEsss
vvIIINNNeeeaarrr
vanneeUUUR'S
VEEENNEEAAARRRuuDD
vviNoUUURRRiiiNNNGGG
VEEnnOOORRRiiiNNGSS
vvvIIInuuEERRSS
vvEEENEEnUSSSoo
vvvIIInnaPPUnnCCCtttURee
VVVeeeNOOOrrroBBBIIllliiitty
VOnnerrraaaBBBiLLLITTTYYY'sss
vviiinnoReeBBBLooo
VVUUUnurrabbbLUNNNooossss
vveeeNNEEEROOObbbLYYY
VVeeNeerreeeTTAAA
vIINOrrraaTTaaaDDD
vveenneeRAATiiss
veeneeeRRaaaTTTEENNgg
VVVEEEneeeRRittieeN
VUUUnnEERRAATTTUUUoNNN'sss
VVVEEENNNERRRaTTIIIRR
VeeennaaaREEal
VEEEnnneeRIIIaallllyyy
VeeNAAArY
veNNEEEseeecccTTiiin
VVVeeeNNuuussiCtttiiIInnsss
VVeeNNNooTAAnnn
VVaNgEEE
vvEnngoooEEENNCIII
VVuuNgEEAANNNCa's
VVEnnnGGGeeeFULLL
vveeNNggUUFFFuulllyyy
VVVIIInggeeeFFFolllnnnesss
VVIIInnnGeeeFFUUlllnesssEsss
VVVeeeNNIIaaall
VAAANOOOeeeLLitttYY
vONNNIIIaLlly
venaan
VVEEnIIPPUUNNcctttureee
vENIIrraaa
VVVuuNNNIRRRUmmANNN
VVVONirrroMMOONN'SS
vveNNIIRuuummEEnnn
vvvEEnnaaaseennn
VeennnIIsaaN'S
VVeeenOMMM
vveeNNooom'ss
vvEnniimOOOuS
vvEEENNOOOmmmOOuSSlllYY
VVuuunnnEmmmauussNNUSSSS
vvvUUUnnnOOOsEEE
vviiiNaaSiiTYYY
vvoooNNNooOOSS
vEnnneeuuuSSSllYYY
vvvENNNtt
VEEEnnnT'sss
VUUnnnttooggaaa
vEEnnttaaauuuL
VVVEENtttaaaOLsss
VeeennntEEDD
VVVeeennntteeR
vvvEENNTTeRRss
VVEENNTOOOLLatte
VVViiinnnTiiilluutooodd
vvveeNTiiLLAtttEES
VEEEnnntteeLAAtttINNgg
VVVoooNtttillAttiiioooN
vvvEENNTiilOOTTIiNNN'ss
VVVEnnTTTuuulaaaTTTaaarr
VViiiNNNttiillOttoooRR's
VeentiiiLAAATTTOOORRRSS
VEENTTTiiNNg
VuuunnTeeese
vvveeeNNNTRRUUULL
VVVIIIntRAllLLyy
vvveeNNTTRIIcLLaaa
VVVeeennttRRReeeclle's
VoonnntRIcllleeSS
VVVEENNNtRRIIcccooSe
VVIINNtrrICCCuulllaR
vveennntttReeeCCCUlla
VVEEEnnttRIccUUlIISS
vvEEEnntttrIIILLLOOQQQUUUIISSSmmm
VVVeNTRRROlOqqqUUOssmmm'ss
VVVuuNNNTrriiLLOQQoooISStt
vEEnnnTTRRaaaLOOOQQQUOOOsssTTT's
VVEEntttrALLaaQQEussTTs
vveennTTTrrIIIlloooQQQuizzEEE
vveeeNNNtttRelllOqqquuuYY
VeeNNNtttRRRIIIlaQQQeeeyy'SS
VVVEENNtss
VenntttuRRRe
VVVUUUNNtuuurEEE'ss
venTTTUREEEDD
vveennttUrrrUSSS
veenntUURRREESuuuMMMEE
VaNTTTuresOOmeeLLYY
vvvEnnntttIROsssooomEEnnneeessss
VVVeeNNNTeeeRREEESooommmIIInnnEEEssSS's
VVVAANNTEEERRIInnG
VVEnnTTooorrroooIIS
VVUUUntttIrrOOOoosslllyyy
vOOOnTTuuRRooouuSSSNeSSSs
VVVINNNTTIIIRROUUSnnneeSSSSS'SSS
voooNNNUUUa
vvvENNNiiiEE'S
veeennnuuEs
VENNULU
vENNNuLOOOs
VVVorrAAAccIIoUUSS
VVVERRREEEcciioissllY
vvvEEEruccIIIOOOIIISNOOOsss
VVErrrACCCOOOTTTyy
voorrOCCCAtttYY'sss
vvvEEErrrEEENNNddoo
vvaarrAAnndddii'SS
VarraNNDDIIHHH
VVeeRAAANNDAhhh'sss
vvuuuRAANNNdddahsss
vAARRAANNddaaaSS
VVooRREtRUUUdddIInnnAA
VeeRAAAttRRRIIInnnuu
VVoooRRRBBB
VVEErB'SS
veerBBBull
vvEErrrBBAAALL'ss
VVVeeRbboLoooSM
vArrrBBBOOLLuuSSt
VVVErrrbAAALLIIISSSTiiiCCC
vvvErbOLLOTYY
VVeeerBilIIzzzaabbblE
VVVeerBBAALiZZAATuooNNN
VVuurbAAllliiiZZATTIIOOONNN'sss
vvveRBBaalIIzeee
VERRRBBULLLiizzzed
VEEErBILIIZZZAr
vvEEErrBullliiZZZEsss
vvuuurrrBBBAALOOZZZIIInng
VIRbbbaaaLLLLYYY
vvvErrBBaaaLSSS
VERRbbbATTTIImm
VVVUrrrbbEENNNEE
VVORRbuNoo'SS
vvverrBeeNNoooCCEooooSSS
VVVErBBeenaS
VeRRRbbbIIaaaGGII
vvveeRRRBBBiiaaGGe'sss
vvEErrbUUDD
VVVeeerrrbAAAfffiiiEED
vvvIRRRBBiFFFiEEES
vvvOOOrbbbOOOffyyy
vvEEErrrbbbIIIFFFYYYooNNNGG
VVVeRbbAsssuuu
vErrBOOOsseLLYYY
VVVerrBBooSeeNNNEEEsssss
vIIrrrbOsIIIttyy
VAAArbbOsiitttY'sss
VVEEErrBBoooTTEEEnn
vvvoorrrbbbss
VEERddAAnCCCooouuss
vvErdddiincyy
VVVerdddEEnTT
VuRRdaaaNNNTTllYYY
VVERRddEErerrr
vvEErrdddAACCtt
VeRRRDDDIccT's
VVVeeerdICCCTs
VVAARRRDIIIgggrrrAAAs
vERDDiiiGrriss'S
vvveerrrDDDUUGRiissseeeD
vvvEERRDDigriiisUUUSSS
vvvIIIrDDDAAggrisIInG
vvvEEERddiiiN
vvvErrrdddennSSS
vvERRdddITTiiiRR
VVERdduuurrAAA
VViiirrDDiiiRRRee'SSS
VeRRDDuurreeeDDD
vvveRRdUURRROOOuuuSSS
VVIIIREEccUUnDDD
vvOOORRGGee
VVEEERRGGeee'sss
VVVURRgEEBBBeAAARRRddd
VAAARRRgggeeddd
VAArrrgggeeeRR
vveerrrGGUr'sss
VIRRGIIIRRs
VVVeeerrgOSS
vUURRgggeeeNNNg
ViiiRRuudeeCAALLL
veeRRRiDDDOCCALIITTTY
vvArIIDDIccIIIllLLYYY
VIrrIIIAR
VVeerIIeSSttt
vvEErrAAAffiiAAbbiiilIITTYY
vErOfOOOOBLLOOO
vvvooRRIIIFFFiABBBly
VVVUUURRIIIffIcATTTiiiaaaN
VVVEEERRRiffOOcccOOTTIIIooonn's
VVVerrIIIfiiCCittionnS
vvveeerrrIIfffIIIeeDDD
vveRuuuFFFIIeerr
vuuuRiifieeRRRsss
VVVooRRReefieeeSSS
VEERReeeFyy
vIIrrIFFyyIInnnggg
VVVoRRRAlly
VVeerrrUUsssuuuMMilIr
VVVIIIrrriiSSSeeeMMMUUlllUUTTUUUda
vvvEriSSiiimmiLLLItttUUUDDIII'SSS
vvvirraaasssM
vvvERRRuusmOO
vERRRAAST
VeeRRUUsssttiiC
VVoRattAAbbbllEEE
vvvaaarIIItttABBlllyy
VirrratUUU
VVErrIIIttIIIOOOs
VVErriitttY
VVEEraaTYYY'SS
VVVerjUUUeeeCCCa
vvOrrrmOOOiiLL
vvvEEERmmmooocccooollllIII
vvErmmmEccEElllLIII'SS
vvorrrmIIIcooDDUU
vEEERmmIccAlllAR
VeerrMiicuuuLLAAATTTu
vvaaarrrMMMIcUUULLLAtUoNN
vEEERRRMOOcUUUlAAttIIIaannsss
vvuurMMMiicuuullliiTUUU
VVIIRRMMIICCCeellotttOO'S
vERRmiiiffOOOrm
vEEERmIIIFFFooogooo
vvvORRmIIIffuuGESSS
VurrMMMiilllUOOnnn
voorMMiiLIIIOOn'ss
vvARmUULLLIIOOOn
VVVurmmIllLLLeeoNNN'S
vEERRRMMIN
VEErrrmmeeenn's
vveeeRRRmmmOnnnAttaaooNN
vveRRMMMiinnnOOOUUUss
VVeeeRRMIS
vveeerrMMMoUUUtHHH
vveeRRRmmAAUtH's
vveerrNNacaLArr
vvvErrrNNaCCCulAAArr's
vvvirnnaaaCCCaaLLLAAAruSSSM
VVVeerrrnnAAAcULaaRRRIITTyyy
vOOOrrNNAAAcccUUUlllaaareeeZE
VVVORRRNuccIIlaaaRRRLLLYYY
vveeRRRNuCCUUULLuuuRs
VVeeeRRRnneeLL
vvvEErrNAAAllIZZZe
vUURRRNNULLLLLLyy
VVaRnnnuuuToooonn
vvOOOrNOerr
verrrnneEERRR's
VeeeRNEeeerrrsss
VVVUUUrrnnnEEESssaaaGGee
vvveeerrUUnnICo
VVArroonnICaa'SSS
VOOrrrUcce
VEERRRroCuu'SS
VEEERRRRECCAAAe
VVViirrrrrAACaaaS
VVEEErrrUcuuSSSE
veeeRRSaTTTIIIllli
vvvErrSSSaTTTOlloooLLYYY
vveRRsuTTOLity
VoRRRSSSiiitttaaallITTTy'S
vvvOORSSSee
vvvIRRsuu'SSS
VIIRRSAAAddd
vverrrsseS
VArSICCCLIII
vvOOOrrSiiCllleeeSS
vvveRRsssIIICOOllARRR
vaarrrsIIIceeLAAArrr
vEEErSSSiifIICCCATTiuuuN
VeerSIIfffiiiccatttEEEiiiN'SS
VeRRRSSAFFFIIIaaDD
vvvERRRSSSiiFFFEErr
vvveeeRsssEEEfiORRR'S
vvveeRRRsssIIIFUUUEEERRRs
vvEErrrssiiiFFOOEESSS
VeerrrSiiFFYYY
VERRRsssIFFFyyyiiiNNGG
vvvIIrSSSiiiNgg
vEERSSSioon
VVuuuRsIEEEN's
VEERRRSIIIANS
vvEEErrrSSo
vaaaRRSSo'SSS
veeeRRRssoooSS
VVeRRSSSttt
vvIRRsTTTss
VVErrrSSSeeSSS
vveerrttteBrA
VVUUUrtEEbbRaa'S
vvEERRRTTOBBrriiiii
VVVerrrtttIIIbbrrOOOll
VIIRRTTTebbRRRAs
VVVooorttubbrrrOOOttu
vooorrrTTTeeebRRAAAttee'sss
VeRRTeeeBrUUUTTEEESSS
VVVErrrtttaaX
VVARRttiiXXX'ss
vvvEEErrTTEEXIISS
vveeRRRTTICCAAAL
vvuuurtttIIICCaall'SSS
VVeRtOOOccaLLIITTTUEEESSS
VeRRttiicuuuLLIttty
VVVeRRTiiiCCilllLLLYY
VeeeRRRtttuuCCCalllSS
vvERRRTiiCuSS
VirrrTTTUCuulllISSSTTIIrr
vverrtttIcciLLLlllETTE
vvvErrttiiiggINNNOOOuuss
vvIRtttiigInnnuesLyyy
VVVEEErrTTTIIIGGGOO
vooRRRTTOOgggOOO'SS
vErrrTTI
VVOOrrTTuuusss
vvOOrrVAIIINNN
vvveRRvvvaIINS
VVVerVVVee
vviiirVEE'ss
VVeerrVVVettt
VEERvvetttSS
VIIIRYYY
VVVuusiiCee
ViiiSIICCUUUUUU
veeeSocAAALLL
VVEsssIIcccOOnnnttt
vvOOOsIIICAAAnnTTSS
vvveeeSSIICOOOteee
veSIIccatOOOrUUeeSS
vUUSSIIcAATTTuuurYYY
vvEESSIIIcllleee
VuuSSoCLLEEE'sss
veeSSSEcllOss
vvIIISIIICCCUULAArrr
VVVEEESSSIIICuuLUUtttEE
vvvEEsiiiCCCelllUUUTTiiDD
vvvEEEssiCulllAAAtttION
vvvIIssPPeerr
VeesspppiiRRR'SSS
vvESSPPeeeRReeelll
vvaaasPPaaaRRRS
vEEEssPEERtELLiuuunnIINUUU
vvveesPPPerrrttannA
vvveespuiiirrryyy
VOOSSPPPiiidd
vOOssPaddSSS
vvuusppUUUnnneee
VVessSSSiiill
vvvoooSSSSeeLL's
vvvUUsSSSEEElllSSS
VVVeeeSSTTT
VVVEssTTT'S
VVVeeSSSTTTaaa
VAAssteel
VVVASSSTTil'S
VViiissttteeeLLLs
VVesTTeDD
vAssttiiUUURRRYYY
voosTTTiiBBBuulleR
vvvEEESSTAAbbaaaLLLE
vESSTTTABBBuulEE's
VEESSTTIbbbOLLLaadd
VASTTiiibEllleSS
VVViSTIIGee
vvIIISttIIIggEE'SSS
VeeesstttaGGGESSS
vvvEEssTTTIIgggiiall
vvoooSSSttIGGOOOAllly
VoooSSTTTiinngg
VVIIISttEEnGG's
vviiiSSStMMENNNtt
VEEEsssttmmmINT'SS
VVuusTTTMEnnntSSS
VVVAAAssTTrrrUUEsss
VVVaasttRRRyyy
VVVEEESTTRRyy'SSS
vvvuuSSSTTTryyyMMMaaann
vvEEEsttRYYmmmiiN'SSS
vaaaSTRRyyymmmEEN
vvveeeSSSttS
vvuusssttuRAAA
vveeessTTuuRREEddd
vvveeSTTTEErrIIsss
vveeessteerriiiNNNG
vEssuuvvOONNN
vvEEESSSUUUViiiaannnIIttu
VVeesseeevvviiiAnnnIItEEEsss
vvvOsssEvvvoooaaansss
VEt
VEEEt'S
vvvoooTCHH
Vettccchh's
VeeettCHEEESS
vveTCCHllIInG
vEEETeeR
vvveTEEErrraaann
vvEEttterrraannn'SSS
VVOOOTTTEEERRRANNNss
vvitEErronnAArIAAN
vvvEtttURRiinAAREEEINNN'S
VVViiTTiiiRRiiinnnaaarraaNNss
vvottErIIINAAARRuuuUUUSSS
veeetURRRuNNNaarrryyy
VEtttEERRRonnnaaarry's
VaaatIIIVeeerr
VVVeeeTTO
vvvEEttoo's
vvIIITTTaaaedd
VVVEEttUeesss
VVVEtttOOOeennngg
VVAATTs
VVoootttttaaad
VVVEtttTeNgg
VuuX
VVaXXXaaaTUUUAAN
vvveeXXXAAAtIONNN'sss
VVVEEExAAtttIIOOOnnnss
VVeeeXaTEaas
vaaaxxxaaTTTIIooUSSLYYY
VVVuuxATTTIEEusnneSss
vvvAAAXeddd
vvveexxxEEEs
VVVuuuXIllLoleeggicAAAll
vvIxxiilllALLUUGGiiiSttt
VVVEExxIIILLLLoolluggY
VoxiilLLuMM
vvveexxEnggg
vvvHHff
vvAAAA
VVooIBIIILIItttyy
VVIebbiilOttty'ss
vvvOOOaabbblllEE
vvviieeebbbLLyy
vviiiidddEEEcctt
VVVIAduuCT's
vvIIIaaaDDDuuctttSS
vvvioooLL
VIIIAAL'ss
VIIIalSSS
VVOOOiinnnDD
VVVAAAannDDD'SS
viiaaannnddS
VIIIaattIIICCCAAA
vviiotttEccEEMMM
vvIIaatttOOOrrr
vvIIIBuuu
vvvIIIBI'SS
vvvIIIBeS
ViBBBOOss'sss
vviibbrrrAAccUUULLUUmmm
vvoBBBRRIIIhhArPP
vvEEbbrrraaaHHIIIrPPP'S
ViBBBraaahhuuurPSSS
vvIIIbbrraaNNNCCCY
viibRRaaNCYY'SSS
VVVIBBruunnT
VViiibrrooontttly
VVaabbbRappHHHoNNe
vvvibbRRiPPPHaaNNNee'sss
VViBBBRRopppHOnnneS
vvIBRaaaphhhooNNNIssTTT
VViBRaapphhEnnniiiSStt'ss
VIBBrrOpphooonneeessstsss
VUUUBRRRITEE
vvUBBrrraaatttED
VVIIBrAATAsss
VVEEEbbbrrrAttILee
VViibbRRaaaTTiiinnnGG
VIIbbrrratAAAUN
VVViiiBBrAAteeeOOONNN'sss
VViibRRRaaaTTiiONNAAAl
ViiBBrrrAAtttEooNS
vvIBBBraaaTEEE
VIIIBBBrrAAAtO'sss
VEEEbbRRRaattorrr
VVVeeBBBRRREEEtUUURR'ss
vviiiBRRaattOOORSS
VIIBBRUUUTooorrYYY
VVViibbbrreTTTOOOSSS
vvvuuBBrUooo
vvviibbRRRIIoooS
VVEEEbbRRRIIsssSa
vvviiibRISSUUUUU
VVVIIIBBBUUUrrNNNUUM
vvabuurrnnnUUUmm'SSS
vUBBErrrNNNUmmSSS
VVViiiccIIRR
vvviCCCaarr'SSS
vveecccOrraaaGGGee
vvvUcccIIIROOOGEE'SS
vviiiCAreeggoss
vIcaaaRRROOaaaLL
VooocceRRiUUUtAAA
VVVuuuccOOrrriiiAAATTTEs
viccaaRuuOeeSSS
VuuucccaaarraaOOuuSSLLLYY
vvIcccAAArriiIIIUUSSnnneeSSSsss
vvvaaacOOrOOOoOOOSSSNiiiSSs'SS
vvaaccArS
VIIIccAARRRssshhhAAAPPP
VVVIccuuurrrssHUUUpSSS
vvvUUCCeee
vvvicee'SS
VViiiced
vvuCCCogIIIrrrENNNCYY
vvIICCCIGGEREENtt
VIIICooogggUrrEnnntt'sss
vvvIIIccooGEEERRRaaannTTTS
VVVIIIccaaaNNAryy
VOOcccooonnneeeoL
VVViiCCiiirrEEggaaL
VViCCuuurreeennI
vvvIICCirreeiiNNNeess
VVViiicccaaRROOYY
vUUUCeeeruuyy'S
VVVaaaccOrrOOYal
vvIIcEERRuuYAAALLTTIIIUsss
VIcccerayyyEEELLTYYY
VVAAAceeRRoooYYYS
vvviicooorruYYYsshhippp
vviCCCorrEEEyyysssHEPPPSS
vvviiCCeS
VVecccHHHyySSSsIIIiSSee
VVVIIIChhyyyssSSSAAAOsssU'S
VVVAACIINNEGee
VVVUUUCCEEnnnAAll
vicIINNg
VVIcciiiNNNuuuTAeeeS
VVViiiCCIInnOOTYYY
VIIcciNaTyy's
vvviiiCCCiEEuuSS
vIIIcUUUooOOOsslllyyy
VVoooCiiiooaaSSnnnEEsS
VVViiiCCCAAiiiusssNuuuSSSS'ss
VVVicccAASSsssIIItOdddO
VViicIIISSSsssIIttUUUDEEE'SSS
VVIccEEssSOOttuuuddoosss
ViiiCoSSSSSEtuuDuNNOOOUUss
ViiicctAmm
voccTTTiM'S
vvvACCCtttIIIMMUUzzaTAAaaaNN
vvvIICCCtttiiMMIIZaatttOOOOOOnn's
vIICTTiMMUzI
VVVIIcTTTeeMOOOzEEd
vvICtUUUmmAAAZZUURR
vIIIccTiiiMiiZOOss
VucTIImmmIIIZZIIINNggg
vvvUCCCTTToMLLLessss
vvvIIcTTiiimmSS
VIIICCCtterr
vvvIcTTTuuR'SS
vvIcctERRia
VAACCCTTOORRRIEss
VIIICtaaRREEOOOoSS
VOccttOOOrrIOOOuuusllYY
vvvIIIcTTooorrIIEEEESSSNEEEsssSSS
VVIIIcToooRss
vAAAcTTTOOrrrYY
VVViiiccTOOOrrYY'SS
VVVIIIcctttAAAuuull
VVVicctIaL'sss
vvEECCtttEaaalogii
viiiCCCttUUAAAllEEEDD
VVVAAAcTTUUUalaaaR
VVUCCCTTEAALaaarrrSS
VViiccTuuuaaaLLIIIngg
viiicTToooaLLLllEEEddd
vvucccTUUUoolllLIInnnGG
vvEcTuEEEllSS
vvviiiciñIII
VUUUCCañAAA'S
VVVIcEEñAAs
vvvUUUdddeee
VVVaaaDDELLOOCCCiit
vvvOOOdEEEUUU
VVIDDAAO's
vvvIDDDOOOaaaCCaaasSSSUUUttTTTeee
vvADDDeeoocccassSSSeeeTTttteee'S
viDDaaaAAcccASSSSSeeeTtAs
viiddeeeoocoooNNfffiiRREEEnCIINNNgg
VVVOOODiiiooodaassC
VViDDDiooodddaaasccc's
VVOOOdeOOdIIISCCs
vvvAAAddeeeOOOAdd
vooodAAOGeeeNuuuC
VVIDeooIIIng
VVEEDDaaoPPPHANa
vAAADeIPhhhUUnnni'SS
VVIDDDEOOOpppHOnnnuuuSS
vIIIdOooSSS
vvvAAADDeeeiiittuppE
vvveedddeeeatttAAAPPoo'SSS
VuuuDDEootaaPPEEDD
vvIIdeeTTaPPES
vvvUUUDDDeeoTTTUUPPiinnnG
vvEEEdddoTTOOO
vvvIddiCCeNN
veeee
VIIOOdd
vviiiEER
vvvoooEESSS
VVIIIEWW
vvIIEEEwww'SSS
VVVIIEwiiiBLLii
vvvEAAWoooddd
VVViiEEwwwErr
vIIIuuWWAAArr'SS
VVVIEwwwerrrs
VVAAAOWWAAARRRsshhheeeppp
ViieeewwweeeRRRssshoPP'SSS
vuuuuWFFFeenndduuR
VIIEEwwFInnDDeeerr's
VVViiIWfffEENDDeeerrrSS
viiiEEEWWWiiNGGG
VVOOEwwwIINNNGG'ss
VVVAAeeWWInnnGGss
vvveeEWWLaSss
vvvaaauuuWPPiiiOnttt
ViewwPPiiiiiNNNT'sss
VViiieeWWPIIIuNttSSS
VViiIwws
VVVOOEEEwy
vvuuggooosssiiiMMMAAAll
vvvIIIGGOOOll
vviiggAALL'SS
vvveegggIIIlENNNce
vOOgggiilaaaNNNcAA'ss
vvEEgIlllAAANT
viigggIIlllINNNtA
ViiigAAALLaaaNNNTTiii'sss
vvviiGooLLAAANNttteOOOsm
vvIgAlllaannnteS
VIgAAAlaNNNttaasssMM
VVViiiguuLLAANTTIIsssmm's
VVOOgOOOLEEEnnTTTiiisstt
VigOllAAnTTuussstt'SSS
VUUUggILiiNTTTLLLYYY
veeeggIIILLLSS
VVeeeggnnneeetttTTeee
VVIIGnneTttEEE'SS
VVoogggnnneeettTooDDD
VViiiGnniiitttttteSSS
VVVAggnettttInng
vaaaggnnUUUTTTTTIIISSSt
VVuugggNEttiiSST'sss
vvvIIIGnnEtttTIIstss
vIIIggUUrr
VVVigooorrr's
vOOOGirrllleSSSS
vvviiGGGooorrOOOiisss
vvviGGurrreeeOSllly
vvIIIGGGoooRRRuEEsssnnnEssssss
VukkAAANNGGG
VVEKKUUUnnngg'sss
VVIIKKONNNGGGs
VulliiiyeeTTT
vIIIlllE
VViLElYYY
VVVoooluunnIISSs
ViiilleeNNNESSSSSS'ss
VVILEER
vvvIlllOOOstt
VEEElEEfffIICCaaTTTIIIANNN
viiiliiFoccOtttIIIONN'ss
VVAAllUUFFFIIaaDD
vvvIIllliiiFFIIAAr
vIIlllUUfffIIIEEEsss
vvOlllIIIfffY
VVALLLIIIfffYYiNNgg
VVVilIppiNNNddd
VViiiLLLLe
VVVIILLLllAAA'sss
VVViiLLLLLLAGGGEEE
vvvUUlLLaaggO'S
VVVIIIlllleGGGuurrr
vILLLlllOOOggIIIr'ss
VVUULLLlaaageeeRRSS
VVVeelllLLaaGGEESSS
VViiLlllaaAAAn
VVIIllllllIIIun's
vvELLllaaaeeeNNagA
vILLLlllAAiiiNNiiiGGEEEss
VVVilLLLIinooossSSS
voolllloooennneeeSSSSSSeeesss
vviiLlllAAAInnniiiaSSS
vvvIIILliiENNeeOOOs
vvOOlllLaeenooossLLYYY
ViilLLAAIIInnnaaaosssnnIIIssS
VVVIIIlllLLLOOiNOIsNNEssssEEsss
VUUUllOOOEEEnnnsss
vvellleUNyy
VVUUUlLLOAnyy'SSS
VVViLLLiNNIIIlLII
VOOOllllllaaass
VuuLLEiin
vviiLLLLeeUN's
VVVEllLLOOiNageee
vvvellEEiiNNAAAgggUUU'ss
vollLeeeenS
VViiLLllleeennaGGGEEE
VVVAlllIII
ViilllIIIFFOOOrrrMMM
VVIILLLllOOssee
vvIIILLLlllIsiTy
VIILLLooousss
VVVilllliiiSS
vIIILLLLLLUss'ss
VVVUUMMM
VVOOMM'SSS
VVEEEmmmooN
vvvIImmiNNNEEEoooIIIss
vvAANII
vvuunEccceeeOOOUUUSSS
vuuunaIIIgrrEEEtTTEEE
VunIIEGGRRotTTTEEE'S
vvviinEESSSsssuuu
vIIINcccUBllOO
vvviinnCCOOOLuuuMMM
VVViiinDAllEosss
vvvInnndddIIICCCABBLee
vvviinndddoooCAAATTeee
vvvaaaNNdddaaaCCaaTTTAAAddd
VUUnnndEEEcoTTAAAS
VViNNNdIIIccootiiNNg
VVEEENNNDIIICCITIaaN
vvviiinnnDiiiCCCaaTTTaaaOOnn'S
vAANNNddacAATUUANNS
VViNDDDIIcaaaTiRRR
vAAAnDDoooCAAtteeRRR'SSS
VIIINNdddAACCCaatttooorrs
VVIIInnnDDiCCCAtttooorrryyy
vvviindIccTTaaaVVee
vOONDDuCCTTivIllY
vvviiiNNdiiiCCCTEveeenessss
vviiiNNDDOcctIIIvveeennniiSSSS'S
VVIIINNNEE
vuunnneee's
VVViinnUGGGaaRRR
VaaNNaaggEEErr'SS
VINNNegggAArrETTTTe
VVOONNiiGGGoooRRisH
vvvANNNeGGUrrRRRaaaOOOnn
VVVANNEGGGeRRRrrIIOOnnnSSS
VVOONeeGGGaaaRRRSS
vaanneggOORyy
VVoNNerUUEEEsss
VVVINiiiRRYY
VVinAAASS
VVIIInneeeyyArrddd
viiNaYYerd'SSS
vvinnneeyyErDDsss
vviinnniC
VVIIInnnEccILLttUrrrAlll
VVVoNNNIICULttAArree
VVVAAANNNuuccELLtUUURRRaassstt
VeeeNNiFFIIrooooSSS
VVaaniiFFEEEccaTEEER
vviiiNooo
VViiNNoo'SS
VVViiiNIssIITyyy
vvvAAAnoooOOSS
vvIIINuuUUUSSSLLLYY
VVIInnnTTTAAgggee
VVAAANNtAGe's
vIINtAGGGooor
VVINNTagggIISSS
VVViiiNNTTnnnEEr
vvvooNtttNirrr'SS
VIIINttnEERRRSS
vvinyyLL
VooonYYYll'ss
VIINNyyyllIIDDDeenII
vIIInnnyyylllS
vvvoooOOL
VVVIIIulll's
vvviiiuulAA
vvAAelA'SSS
vvvIIOOOlllaaaBBBLLLEE
vvooooliiCEOuSSS
VVVUUeLLooSS
vvviioLOOTee
VVViooolllUTTEEEddd
ViiuuullooTEEss
vvvoeelaaaTTTIINNNggg
vvIIooolllaaatteeOOONN
ViiiiiLLLaTTaaaEENN'S
VVViiiOOOLottIIIensss
VAAAIIILLAATTTiiiVVVoo
vvvEoliiTORR
vuuuoLAATTEER'ss
VVVIIIOOlllaattaRss
vviiIILLLuuunnnCEEE
vvvuuOLLLoNCCCii's
vviiOOlOONNNtt
vviiILeeenttlllyy
viiUUUleeett
VVoooLLLEET'sss
VViOOOLLLeeeTTTSS
VAAAooloNN
vuooolloNNN'S
ViiiooolOOOncccuullLLLii
VeeeOOOlaaNNccceeellllOOOss
vvvUOOLLIINNiiisstt
VUoLLiiinnnisT'ss
vvIIIiiiLuuNNNiiiSTSSS
vAAEllliiiNS
VViiiooLLList
viILLLoooST's
Viiooolisttss
vIIoLOnncccollllAAssTT
VIoLLLOOOnCCCiiillllaasttt'S
VVViiiALLAAnnccEEELLLLLiiisssTTTS
VVVIIeelEEEnnnCCCIIILLLLOOO
vvEOOOllonncEELLLlluu'SS
vvvIOllOOONNceLLLLLaSSS
VIIOOOlooNNee
vvvIooLSS
vvAOOOSStttoRRRiiLLL
vaaPPPEr
VVippperr's
VViipAARiiiNNeee
VVVEEEperrishh
VVooppeeerrrOOoSS
Vooopeeerrss
vvveeeRRRAgU
VVVEERAAAGGGoo'sss
VViiiRAGOOOeees
viiiRRRaaGGiSS
VVVuuurAAALLL
vaRaaLLLLYY
vvIIRRReLLuuuy
vvIIrreeeoo
vviirrOooo'sss
VUrrrEEosss
viirrrEssccENNcE
VIIrrEEEsCCeeNNTT
VVVIIrrrEEscccENNTllYYY
virrGEEE
vvaaarrgggAAAS
VViiirrgaattEE
vvooorGGOOOnn
vvvUUURRGGGINN'sss
VVViRGGGiiinnaL
vvIrrrGinEEll'ss
viiRRRGGeeeNNNAALLLLLY
vvArggiinnaaalllS
viiirrggiinnnittty
VeeeRRgInOOTTTyyy'SS
VVIIRRRggEEEnnnaaaAAm
VViirrrGGGooNs
VirrGUULLuuttte
vvIIRgiiLooo
vviRRGGGOOOlllOO's
VIrrgILEEss
VVVuuuRRRiiidddEsccceNNNcccee
VIREDDeeSSSCooonnttt
VUUrrradIIIINN
virIDDAAtIIUUsss
VIIIrrrUUUddiTy
VVVuuurrriiillOO
VIrruuulllOSSSM
VIrriiileTyyy
vvEEERRIIlAAtttYY'SSS
vvvuRiiiOOOnnn
VVVuurIoonSSS
vIIIRRULLLEEgggiSSStt
viiRuuLLuuugggIISTT'SS
vvvirrUlllugggIIssTTss
ViRULAgy
vvviirrroolIgggYY'SS
Viirrrtttooo
VOOORTToaall
ViirrrtttiiAALLLitttyy
VVIrrTAAAlllLLyy
vvIrTTTuEE
vvooorTAeee'sss
vviirrTTuUUULAAAss
VUUURTTTAAEESSS
ViRTTTUUUaaSSOOO
vviiRRttuuuUUUssIIIcc
vvUrrrTTuuuosssiiittY
VVIIIrrrtttuuUUSSSuttY's
vvIIIRRttEEESSoo
ViiRTOOeeeSSAAA'S
VVoorTTIooSSOss
vvaaRRtuuuouS
VVIRttuuoooUUSSLLLYY
VViirrtttEEoooAAAssnniissss
VErttEEEooouussnnnUUUSsss'SS
VVViirTusss
VVViiiRUUlllUUUnnnCCCEEE
VVoorruuulllaannccaaa'S
VVVIIIRRROOOLENNTT
VViRRRullEEENNNTTTLLY
VVVIIrUs
VVViiRRRooss'SSS
veerrrUUSeeSS
viiSSSaaa
VVVIIIssEEE'SSS
VVISSaaaEEEdd
vIISSugggeee
ViiiSSSiigggoo'SS
vvvUUUSaGGGeDD
vvviiisssoogeSSS
vvoosEUUUnnnGGG
vOOsaaaSS
vIssCCCUUCHHHaaa
viiiSCCCaCHHHUUUSS
veSSSCCCARRa
vAsssccceerrUl
vviissccceerrraaLLLllyyy
vvvoooscccidd
VIIIsCAAdddiiiTTOOOsss
vvvIIISSSCCCAAAddEEEtYYY
VIIIssciiiddlYYY
vvasCuIIId
VVViiisccOOOMETTOOOR
vIIISSccciimmiTTeeRRRss
VVVoSSccoooSSSeee
vvvoosssCCCAAAsE's
VVVaaSSSCCoooSSSiTTY
VVVOOscciissaaaTTTY'S
VVOOSSSCCCeeUUnTT
VIIISSCiiiuunnntt'sss
vvIssCOOUUnnTCCCUUEss
VVViiisssCCoooEEnnTCyyy
VVVaassscOuuNNNTTcyy'S
VViscIIuunnttteSSSSS
VUSCCOUNNttteeeSSSS'SS
vooosssCCCOOUnntESSsseS
VVVASScccoEEEnnTIIsss
VVeeesCCCouuNNTTss
vviSScuuuUUUNNNTTy
VVAAASSccoIISS
vvviiscooUSLLLyyy
voSScccuuuSSnaasSS
vvvIIsscccOOOooosssNNNesssSSeSS
vvvosscuuus
VVAAASSScOOSSS'sss
VViiiSSSaaa
vvviissEEE'S
vvIIISeDD
VViiSSESSS
vIIISSIIBBIIllIITTTiieeSS
vvUUsssubIIlllIItttYYY
vOOsssiBuuulllUUUTyy's
vviiisssAAAbLII
vvIIISSSuuubllyyy
vvvUUUsssaaaNNNgg
VEEsiiooN
VissEEON'S
vvvISSioooNNNoLL
vIIsiiEENNNUUrrOOeess
vvIIISSooOOnuRIInUSSss
viissiiiiinnnirrrY
VIssiUnnaarrY'ss
vvisssooonnEEEddd
VViiiSIIoNNNuNNg
vvvAAssoooonnnSSS
vvviiSSeTTT
VeeSiittt'SSS
VViSSSIttAbbbLLLee
vvvIssiTAANt
vviiiSSSiiitttANNTTT'SSS
viiSSIIttEnnntttss
VVOOSSetttAAAttIOOONN
vISSSITTTAAATTTiiooon'ss
VVVaaSuuuTaTTTIUnaaLL
vvIIISSATaaatteoooNSSS
VVVUUUSItEEEDD
vvvusuuttAAngg
VViSSItuuuRRR
vvviiSSuuTTTOOORRR'S
viiSSSaaaTeeeRRRSS
vvviisssUtttss
vvvIIISSSOrrr
vvuuSeeeRRR'sss
vveeSSoorreeddd
VVVooosoRRsss
vvISStE
VisTII's
vvvIssTTaaaSS
VVVuusuaaLLL
VVOsiiiill'SS
vvIISSSuuuOllIIIzzzOttEEEOOnn
vvAAAsIIIULLiZiiTUUEN'SS
VIIsssAAAAllloZZZaatiiiUUNNNsss
VViiiSSooaaLLaZZZOOO
VVVussuuuAAALLiZoood
VVissuuaLLLoZZURRR
viSSuuaaallliiZZZeRRR'ss
vviiisuillliizzEEERRRs
vvvESeaLLOOzEEESSS
vviiiSSOOOEELOOZZZiiNNgg
vIIsiiAAAllLLLy
VooSSSUUUaaLs
VVVIttI
VVViiTTTIII'sss
vvIITTTAcaaaEEEUSSS
vIITTTEEu
VVVUUTTIIIL
VVVIIITTTaliissM
VVViiiTTAAALLuuusMMSS
VVIIIttaLLLIIISSttt
vvIIIttaaaLiiSSStttICC
VVIIItttuuuLLoooSSSts
viittAllAAATYYY
VEEETTTelOOOttYY'S
VVVOOOttoLLLiiiZZZattiioooN
VIITTalliiizzzAATaEEEN'sss
viiittAAAlIIZeee
viTTTALiiZZZUUUDD
viiTAAlIIzAAR
ViiTTAAlluuuzEESS
VVIIITaallizIInnnG
VVVIItAAAlLLYY
viiittALs
ViiiTTToolllSS'ss
VitttAmmEEENNN
vvIttooMMIIIn'ss
vvottIIImOOONSS
vuuuTIIIss
viiitAAsssCOPoo
VVVIIITTalllLLiinnn
vuuutttElLiiiNNNe
viteLLlllEEs
VVViiittiiaaatttee
VeeTUaaTTTOOOd
VitiiiuuuttteeeS
VVVITTIIIaTTeeNNggg
vaaaTTiiAAtuuuenn
vvuuTTaUtttIonnn's
vveTTTIIootoRRR
VOTiiCCCuulltttUURRaaaLL
VVVIIItiiCCCuuulTaaRRoo
VVaaaTTTicccAAAlTTUUUrrEE'SSS
vveetttIIIcccoooLLLToooRRisttt
VIIITuuCuuuLLLttUUUrIISTT's
VVVOOOtttUUCCCeeeLTToorISStss
VitiLLLaaGGGi
viitttELoGGGuS
vvITTRRROiiin
VVIItttRREEaaeeesss
VVuTTReeOusssnnUUSs
votttrUUUSScAnCCeee
vvviiitttriiissccAAANt
VItrrriCCC
vviiitrrraaaCCSSS
VItttriiiFFICCtttaaaeeennn
vvvItttrrIffeecctttioNNN'ss
vOOtRRRiiifAAOObllle
VVIIItRRReFFiiiCCaTTAeN
VVOTRRUUfaccATTToouuunn'SSS
VVVUUUtttrrrAAfIIeeeDDD
vviitttruuufEEEEss
vviitRROOFIIrrrmmm
vIIItttrrIIFFyyy
VVOOttrriFFyyiiiNNG
vvvOOOtttRRuuNNEE
VViiittRannee'SSS
VVIITrrraannnEEs
vvviitttRROOOoLL
vviiitrIulll'ss
VItriiiOOLLiiiC
VViitRRIIIoollIIcccOOlLLLyy
VaaatrrruuOOllliZZA
vviitttttAAA
VVaTTLa
VVViitttTTlooSSS
VIITTllleSS'SSS
VVAAtELLLonnna
VVVItttupppURRaate
VVVaaTTippEErraattteeed
vOOtttIPPPaarruuutEEs
VIITIpppEERROOtttIIInggg
vvvIITTeePPerraaaTTTUUuuN
VVITuuppEErEETIIonnn'ss
VVITTePaarAAATTIIveee
voootaaPeeerraaTTTAAAvveeeLLy
vvIIttIppeRRRAAttoR
VVVivvvii
vUUUvvvA'sss
VVIIIvvvacceee
vvvIIIvvUUccuOOoss
vIIIVACCCeeeooUslyy
vvviivaaccuuuooUUUSSNNeessS
ViiVVViiiCCiiOOOuuussNNEEsssS'sss
vIIIVAAcuTYY
VViiivvaacEEEtttyy'SS
VVOVVIIRIIUUU
ViiiVAArIIIUMM
VIVVAArrIeeemm'S
viiVirrriiOOOmS
VVVivaaass
VVIvee
VVViveeddd
VVViiVVaaaDOOOR
ViiiVEDDDesttt
vvAAVEEEdddllYY
ViiiVVAAddnnEssSS
vviiiVOOddNNOOOSSss'SSS
vvIvIFFFaaaCCAAttiiiONN
vvvAvvIFIIIcaaaTTTAAoonns
vvvIVVifIED
VVUUUvvvIIFFoooAArrr
VVUVVAAfIIIUUSSS
VuuVVVIIfffY
vvvAAAViiiffYIINNGGG
vIIvvvAAAparrriTTyyy
VVVIIvvvAAApppoorIUUss
viivviiPuuuRROOOAAAsssLLY
vvvAAAvvIIIssEEECTTT
vvvUUVVViiiSSSuuuCCTTTEEEd
VViiivvIsaaCCCtInnGGG
VIIIvOOSSECCCTTTiUUUNNN
VAAvvvIssseectttEEEOOONN'ss
VVVOOOvaseecTTTIIIoooNNNAAAl
vviivAAASSAAACCCtttUUoooNNIIISSSttt
VVVIViiSSICCTTeeoNisst'sss
vvoooViiSSectiiOOnnnEstttSSS
VVViVVVISSSecTOR
VVViiiVVosssaacccTTTSSS
VViiixxAANNN
VIIIXeNNN'SS
vvIIIxxxIInnnAASh
vaaaxxxuuunIIIsshhhlY
vvEExxEEENNS
VVVizzzARdd
vizzcaaCCHaaa
VeeeziiIIRRR
vIIzzzAAAEEERRR'S
VVOOZZUeeeRiittta
vizEEirriiaall
vvuZZiieRRs
vvuuuzzzIEEErrSSShhhIIPPP
vviizziiiERRsHiPs
VOOZiiir
VUUZiiirrr'SS
vviiizziiRRS
VVVUUUzoooRR
vviiZoRR'SS
VViiiZZZErrs
vvvaCCoBBleee
vOOOcccUUbbbliii'SSS
VooCCAAbbllAAAss
VVVOcaaaBBeeeLLAAAraaUss
vvveeccAAABOOOlllAARRRY
VaCEEbUUlORRYY'SS
vvveCCIIll
vvooocccooLLL's
vecccAAAlllacc
vOOccOllliiSSSmmm
vaaCuulOSSTT
vveecceelASSttt'SS
VoCCALLLUUUsssttsss
VVVOcaaLIIIZZUTTIIIonn
VVVoccoolllIIzATTTiioonn'SS
vvOOOCCCAlllaaazzuutttIIIuuunnnS
vvoooccAllIzzzIII
vvUUCalllIIZeDDD
VVVECCAlIIZZEEERRR
vEEcAAALLiiZZZaS
vvoooCCCOlllaziiNNgg
VVOOOccaallllllY
vvvOCILLLSSS
vvaccIItttooonnn
VVoccEEEttIIIOOONNN'SS
vvucuuuTTuuAANNNAAAl
VVocUUUttteINiiilIIssm
vvvoocaaTTUUUOOnnnaaalLLLY
VUCoootttiooNNNSS
VocAAttivvEE
vOOOCAAttiivvvEE'SS
vvvuCCOTIIIves
vvoCCefffeerrIInnnce
vvOccciiiFFerANtt
vvvOOOcccifffErrrAAAtteee
VVoccEFFOORRRaaTTTeDD
vvOOOCiiiffeeeROOOteS
vOcccaaffeeRRRaattiinnnG
vvvoociiifffOruuuTIOOnn
VVOOcccAAAfffaarrUUTTionnn'sss
vvocccIIFoooraTTAAARRR
VVOOOCCCeeefEReeeAASSS
vvOOOciiifaaaRRRoooUUUslllY
vOOCCCIfffuuurrIIIIISSnnneeesssSS
VVOOOCCiiFFeeeRRiiusssnneeesS'ss
vIIICaaaeDDD
VVoooddkaaa
VVVOdddKKKA'ss
vvOOODDDKKKOOss
Vaa
VVVooeSS
vvOOggUUI
VVoGGIEE'SSS
vOOOgguuuEES
VVooogggOOOAASShh
VVVaaaCCuu
VAiiiCCCee's
VVOOOIIICADDD
VVVUUUIICCUUDDDNNoooSSSsss
VVVoooeeeCCUUUffAALL
VVVooIcccEEEleesssSS
VVVOiiCCCeLLLeeeSSslyy
VVViiIIIccIIILLuuuSSSSSnuuussSS
vvvOOiiiccoLLLeeessssnUsssss's
VVEEEcceeeOVVEEErrr
vOOOUUcceePPrroonnt
vvvOiiiCEEs
VVeicciingg
VVVOOOiiiddd
vvoooiid'S
VIIeeeDDabLLLe
vvOoDDDiiiNNNCCOO
VVVaaooDDOOOnnncccEsss
vUUiiDDDeeDD
VIiiidddoorr
VVVOOOUUUDInnng
VVVAAAIDS
vOEEELLLOO
vvvoiiLeee'S
VVVeiiilllà
vvvoUTTTerrroo
vAAAllANNT
vvveeelaaar
vvvOlllaaaTeLLLUUU
VOOlluuuttOlEEss
VVOOOllaaaTTaaaLLAttY
VVooolllaaatttIILITTTY's
VOOOlooottILLIIIzAAAttiiUUUN
VVVEllluutttUllIZZZEE
vvvUUlluuTTTIIILLLaaaZZZED
voooLLLaaTAALIIZiiSSS
velllAAttiiLLiiZZinnngg
vooLLLCEEneeeccc
vvvoooLLLCCCAnnnicccALLLYY
vOOLLCCAAANNNOOsm
veelllccaaanAAsssMMMS
VOlllcccUNNOOO
vvUUlccANNNE'sss
vvvOllCCCaaannneEsss
vvoooLLCAAnnnolllIGGaaESS
VVOOOllccaanIIIloogggIIssT
VOOlcAnnnolllOOggyyy
VOOOlllcAnnneS
VVVOOOLLLe
VVVolii's
VVEEElEEEs
VOOOlUUtttAANNT
vvOliiiTTIIIOnn
VOOLiiittUUONN'S
VOLLEEttiiooonnalll
VVVOOLLIIITIIIIIInnnAAALLlllyyy
VViLLiiTTTivvvee
VVuuuLLLLLLuuyy
VVolllllIyy'ss
VVVUULlEyyyBAAllLLL
VoLLLllUUYYbAAAll'S
vvvoLLLleYYBaalllllSS
vvvOOllLLEYYEddd
vvOLLLLLLeYYerr
Viiilllllayengg
vvAAALLlleYss
vvvIIILLOST
VeLLPPPLiinnIII
Voollt
vvOOllT's
VVVOOOlTTaGGii
vaaLLLTAggEEE'S
vOOLLLTAAGGees
vIIllTTaaaEEccc
vvvulTTIIAAAssmmm
VoollttaaammuTEEErrr
VOOlltOmmmmaaatttooorrr
vvvIIILLLTTmmEETTaaRRR
vvollTTmmmIIIttUUr'ss
VVVoolTMMeeTeeers
vOOllltttsss
VVOOLLUUbbbiiLLEEETYYY
vviiilUUUBBIIllliiitttyy'SSS
vooollUbbbllOO
vvvEEllUbllleenEEESsss
vvvOOlllAAbllly
VVollUUMMMee
VIIILLLuuummooo'ss
VVaallUmmmeD
vvvOOllIMMMEEEss
villuuuMeetEEErrr
vvooolllumEEEtttRRiiiC
viillEMMINIaSSS
vaaLomuuuNIIIuusslY
VVVOOOlEEmiiiNNOuussNNNOOSS
VVVOOOLuMMIIIniiussnnneeSSSS's
vvoolllUNNNttAARRREEESSS
vvvOlaaNNttaaariillYYY
vvvooLIInntttaarroooNNEsssSS
vvviiiLEENtiiRAAsssMM
vvvoollOOnntttaRRiiiSSmmm'SS
vooolUUNNTTTAARIIssstt
veeeLLLUUUntttAAARRRaaaSStttIICCC
VVEELLEnntaRRYYY
VVVOlliNTTARyyy'S
VVVuuLuuunnTTirrrYYYEESMMM
vuLunTTAeeeR
VoollUUUNNtteeeEEErr'SSS
VoooLLUUUNTOOOEEErrrEEDD
voLunTTEEEARRRiiNNNGGG
VVVuuLLoNNNttteeEErruussM
VVVooolllEEENNTTTEEEEErreessM'sss
VVolllUUntttEEEoRRsss
vellliiPPTuuuAAARRiiiEEEs
VolloooPtttAAAiiRRRyy
vvooLEEEPPTIIIarrY's
vvvOOliiiPPTTTuuueOOs
VOlUUpppTUiiiuussly
VVVuuuLLeePPPTIOOOssNNEsssSSS
vooolOPTiOOuSSSNaaaSSSSS'ss
VoooLooto
vOOLLLUUUTeee'SSS
VOLLuuttIdd
vvOOOllAttEEss
vvIIIlaaattIIIOnn
VVVOOLuTIIIoooNSSS
vIIlllvAA
vOOOLLvvaaasss
VolllvvvOOOXXX
vulllvULuusss
vvIIIMMuuuRRR
VVVOmmEETTT
VoommmiiTTT'SSS
VVVooMAAAtttiiiDD
vvvUMMUUUtIngg
vvvuummUUttaaaNNNGss
vooomitOOORRRiiiEEEsss
vvvOOMMMOOOtttORRRyy
vveeemmiiittooIISSS
VVOMEETTss
VooomuTTUURIItiiioN
VVoOOOdddOOOEEE
vvOOOOOODDOAAA'ss
VVuoodddIIIoooeeeddd
vvvIIIeddIIOOOiing
vvvOOOOdIIIUiiiSm
vvvoooooduuOaaassMM's
VVoodddeeEEEsss
verrruciiooouuuss
vvvARREciiouuuSSLLY
vvIIRRROOOCCCiieeeuussnneeeSSSsss
VVVOOrrAACCCaaoooEEEsNeeeSSSS'ss
VVVorrrAAAcciitYYY
VIIIrrUUUCCCOOOTY'SS
VVAAArrteeexxx
viiirrttOOx'ss
vvOOrrteeexxxOOOSS
VooorrrTTTIICCEEll
VViiirrTTTiiCCaaaLlYY
vOOOrrttIcAAllllAA
VORRTAAccUlllASSS
vORtttIIceeesss
VVEERTIICATTTYY
VVeeRttiiiCCOOssuu
vvvOrTaaaCiiilarrr
vaaatttaaaRRIEEs
vvAAAtttAAARRaasT
VVVOOttAAAryy
VoTaaryy's
vvoootE
vvOTTTE'S
VUUUTTTOD
VVVOOOTilleeSSSS
VooTeeeR
VVOOTTeR'S
vvviiitttuurrrsss
vooottteesss
VVVeeTTTonnnggg
VattOOvvEEE
vvvOOaaacHH
vvoUUCCChhiiD
voooEEccchhhooR
VVVooochEEErr'S
vvoooucchhhEEERRRSS
VVOOOiiiChhhIIISSS
vvvIIicccHHHEEEng
vvUIIchhssAFFFoo
VuuiCCChssAAfffuuddd
vvoooIICCChssafffeMont
vvoooiiccchhhSSAAAfEEss
vvEEEucchhhSSeeeffiingg
vvvaEggI
vvougggiiS
VVVEUSSssOOIIIRRR
VVVAAuusSuiiirrrsss
vvvOWW
VVOOww'sss
VOwwwEEDD
VVViiiwwwEL
VViWWeeL'sss
VVOWWWuulllIIIze
vvOWWWEEllIIIzEEEddd
VVVooWWILLeeeZEsss
VVVOwEEELLLUUUzzUUNNggg
vvvOOOwEllss
vOOOWWWerrr
vOOOwIIINNGG
vuuWWWs
vvvaYYYooogggEEE
VVIIIyyyuuGee'sss
viiYYaaGEEd
VVVOYAgArr
VVVoooyyyaaagggERRR'ss
VVooyyaGGursss
VVeeyEgIS
vooYYYAGGUUUUr
vIIYAGeeuuurrr'S
vvvUUyyyOGGGEEoooRRs
vvvOOOYYYAAAgiinGGG
vvOyaaARR
VOOYaauuurr'SSS
VVVUyiiiOOrIIssm
VoooyyEEURRiiisssM'SS
vvOOYYYeeeurIIISSTTIIICCC
vvvOOOyOUrriiisssTTiccEEEllLLLy
VVVuuuyeeOOrrS
VrrrAAIIISSEMMbbbLLLAnCCCEE
VVVS
VVULLLCCCaaNiiisssMM
VVuuulCCEnnIIItO
VOOlcAAnnnIITTTeeSSS
vuuullcccENNNeZZAABBBLEE
VVVaaLCCCIIINiZZZOtIIIOOON
vvvilcIInnIIIzzzaaattIIIIIINN'ss
vvvuulCCAAANNIzzze
VVuLLLcaaaNNNOzeeeDD
VVuLLLCoonAzeeRR
VVULLLCCConnEzzaaaSS
VVVeelllCCuNNIIZZiiNggg
VVVUUULLCCANNeeLOOggOOOcALL
VVVuulccANNuuuLLeggguuosss
vvvoolCCannulooogOOsst
vvvuuulllCCCooonnnooLLoGYYY
VVVuuulGGIIRRR
vvIILLLGGerrreerrr
VVUUUllGGGaaarresstt
vvELLGGGAAArrriiiANN
vvUlgggAAARRRIAAnnn'sss
vaaaLLGGGIIrroaaaNNsss
VVVuLLLGGGarriiSMM
VVVEELLGGGaaRRAAsmm's
VVVULGGGerrrIISMMMss
VVElllGGGEERREtAAuus
vvvullggooorrittty
vvOOLLgaarrUUTYYY'sss
VuulGGGOOOrrAzzzEtttIIIONN
VVIlgAAriiiZZZatttIooN'S
vvvIIIlllgggaaarrriiiZZZEEE
vvUllGAAArrEEEzzEEEDD
vvvuuuLLGArriiZoRR
VVeeeLGOORiiZZiR'SSS
VVVIIIllGGarriiizzeeerrrSS
vvallGGuuRRRIIIZZZOOss
vvvAAAlGGERRReZIIInnggg
vvvUUlllGGaRLLLyyy
vvvULLggatttaaa
vvaLgggUUSSS
VVVullNNeeerEEbbUULITTTiiEss
VVeeellNNoorrrabILiiTTyy
VVVUUULLnurabiLLLAAATyy's
VVAALnneRaaBlU
ViilNErrriibblllyyy
VVVUlllnIIIrrAAArrrYY
vvalPinnee
VVVUULTTUrrEE
vvuuullTUUrrrEE's
vviiLLLTTuuRRReSS
VVUUUlllTuRENE
vvvUULLtttOOOrrrOOOuSSS
VuuullVVaaa
vULLLVVaaa's
VVVuuuLvvAAAeee
vuuuLVUULL
Vuuulvvaaarrr
VVUULLLvAAAsss
VuuullVVuuutttAASS
VaalvvvIIITIISSESSS
VVyIIING
WWW
WWAAbbbBBBlllEE
WWWAAAck
wwAAACCCkkAAA
WaaaCCCKKKIiRR
WAAACCCKKKiiuuSt
wAAAccKKIlllY
wweeeCCKKiiiNNIss
WOCCCkkINNUUUSSss'SSS
wwacckku
WWeeeCKKAA'S
WWUUccKKKoS
wwECCKKyyy
WAAAd
WWeD's
wiiiDAAABBBllee
wAADDDdddEDDD
WWWUUUddiiinnGG
WWODDDdddONNG'ss
WEEEDDDDDllle
WWUUUDDDDLE'sss
WWWaDDddladdd
wwUDDDDDllEr
wuuuDDDDlOs
wwwaDdddlEEEnnnGG
wAAduu
WWEDDDEEE's
WUUDiAAABLLee
wUUDDDeeeDDD
wwwadduRR
WAAdddIIIr'sss
WWWaadddEEERsss
WaaaDerrrsss'ss
wwAdOOsss
WWWeeeddGGII
waaaddgggAAsss
wwwooDDDII
WAADiii'SSS
wwAdddiiiNNGG
WWWUdIISSS
WWodddmmmaaaL
WWWAADDss
wwOOFFeRR
wwAfeRR's
wwaFUUURRRSSS
wwaaffFlOOO
wwEEFFFFFLLee'sss
wwOOOffllleeeddd
wwAAfffFLLuuRR
wwAFFffLOOrr'SS
wwAFFFFFFLLeerS
WWWAFFfllEEES
wwwAAFfffLIInngg
wwEEEFFFTT
wwweeeffT'SSS
WIFFFttAGE
wAAAfteeD
WWWofffTTTiiNGGG
wwAAffTTTs
WiiiFtUURRRE
WaaFFttUUrrIIsss
wwoooG
wwEEGGG'SS
wAAggE
WAGGiii'SS
wAAAGGAAD
WWagggARRR
WaaGGGARR'SS
WWWUUUgggeeeRRREEDDD
Wiiiggereerrr
wwwOOGGEERaR'sss
WEEEGGGOOOreRss
wAAAguuRoong
WWWAggEErSS
WOOGeeSSS
wwwAAGGEWWIrrrkIIR
Woogggggid
WWIgggeerriiesss
WAAggaaRRRyy
WAAGggeerrrYY'SS
wwaaaggGiiNG
wuGGGgggiiish
wwwAAgggGGEEESSShhlYYY
WWAAAggggAASHHNISSs
waaaGGGaaasssHHHnnEssss'ss
wwwAGgliii
WWWAGGgggllOOO'S
wwiiiGGGGliiD
wweeGggllleesss
WWEEggGGLLiinG
WAGGGGllyyy
wwwAGINg
wwwUUUgggOOOnn
WWUUUggEEn'SSS
wwaGGGOnnAAAgEE
WWWaaagggonnER
WWWagIINNNaaRRR'ss
WWAGOnEEERss
wwwaaggoooNNNuuuTTTTTE
WoGooonss
wwwOOGGs
wwuugtoiiL
WWagggTTTAAAIIIll'S
WAgTTTaaaIILS
wweehhhAnE
WWWAAhhOOOOO
wahOOOooSS
WWWUUUIff
wweeeiiif'sss
wOOOUUffUShh
wwAOfs
wwwAilll
WeeiiiLL's
wwAEEElllOOddd
WaaOLLeeerr
WWIIiiLLLAArrr'SSS
wwaaaaaLoooRSSS
WWWEiiLfuuull
WuuuiiiLLffUlLLy
wwaaILLiiNGGG
wwwaaIILInnnGGG'ss
WoiLLLSS
waaaiiN
wwAiiNN'sss
wAAnnSS
WWaaannnSSSCCCoooTT
wwUUUIIINNNSSScOt'ss
WEiiNSSCCCIITTTEEED
WWAAAUnsccOOTaaNNGGG
WWWAAAunnssscIItttiiinnG'sss
WaaeNNSCooTTIIInnngggs
wEEIIINNsCAtss
wIiNNsCCOOOttttOODDD
WAiiiNNNssCooottINNGGG
wAIInSScccooottttttuuunnGG'S
wAAnsssCCCooTTAAnGGS
WWWaINNwwwRigggHTTT
WAIIINwwrriiggHT's
wwOOOINNNWWWRRiGGGhhhTTS
wwaaaoooSSSttt
WWWAAISSSTTT'S
wwwaIIstttbeeeNNdd
wwwaaiiSSStbbiiiNDDD'SS
WAAAasssTTTbaaannddSSS
WWWUUUIIIssstccLLoooThhh
wAAAISTTCLLLooTTTHHSSS
WWaiiisTTTCCCeeiiiTT
WaiiSStttcccooAAAT'S
WaaaUsssTTTccUUUaTTTsss
wwwoooooSSSttiiidd
WWWeeOOSTTLLiiNii
WWWeeisstluNuu'sss
WWWaaOOssTTLannnoos
wwAIISttts
WOOUUUt
wwEEEIIIt's
wwuuAttoooDD
WEEEiiiTERRR
WWAAAUUUtttErrr'ss
wwAAAuutttUUrrrSSS
wOIIITinnngg
wwwAOOOTTiNNggg'S
wwwAAAItPErrsssONNN
wwuuuiittPERssooNN's
WAEtPeeeRRRSSOOONSSS
wwwOIIITREEEsssSS
WWaaaiTrrUsssss's
wwoooitttrrrosssSooss
wwAAAaaaTTTRRRessssiiNggg
wwwuuuuuutttRROOON
WaaiTTTss
WAuuuTTSSSttAAffFF
WWWOUUtttSSSTIIFFFFFF's
wwwaaaIVEE
wAAIIvuDDD
WaaaiiVVErrr
wAiiivvoorrr'S
waiiivviiirrsss
wwwaaIvvEESSS
waaeeevvviinnng
WWWAAAKEE
wAKKKeee'sss
WOKKIDDD
wwwAkEEfffuLL
wwaaKeeeffuulllllYYY
WakEEFUUUllnnnEESSsss
wAAkeFFuuulllNNeSSSS's
wekkAlleess
wIIkkEENNN
WooKKKIIINeeeDD
wwwiiiKKeeennneeR
WWOKUNNNIIINgg
WWakeeenns
WaaakkErOOOfffe
WaaaKass
wwwuuuKKKenngg
WWWaaKOOOnngggSS
WWaallDDgrEEEVVVooo
WWAAlAAA
wwaLe's
WOOOlllEEEddd
WWWaalllees
WaLLLiiNNNGGG
wwwAAAllkk
wwOOOlllKKK'ss
wAAALLkAABBBllEEE
WWWiillKKKAAABBEEttt
WaaLLkAAABOUUUTTSS
wAAALLLKiwwwAAyy
waallkkOWWAYYY'SSS
wallKAwwwiyyss
WWaaallKKKiiDD
wwaaLLkkeRR
WuullKKKoooRRR'S
wwALLLkiiRRS
wwEEllkkIIUss
wwIIILLLkeeeNg
wwAAllKaNNNggg'sss
wAALLKKooonnGGssTTEEEckkk
WWWallkkInggSTTTOOCCkSS
WWWiiiLLkkkEEUUTTT
WAllkkkOaaTTT'SSS
welllkoooutttss
wwuullKKIIIveeer
wwwuuullKKKOvEEERRR'ss
wwwallKIvvvuurSS
WWWAALLLKKKSS
WWWooolllkuuuPP
wwALLkwwuuuyy
wwuuullKKKwaYY'sss
WWUUULLLkWoooyySS
wwwUULLLLLL
wwwoLl's
wwuLLlllAAABBBEEEss
WWaLLlllUUUbYY
WWAAAlLOOObbYYY'S
WEEElllllAHHH
wAALLLLaaHHHSSS
WWAAALLLLLAARROOaaa
wwwEELLllbboooaaRRdd
weeeLLlbbAAArrddd's
wwaallllCCHUURRRTT
wiiillllod
wwAlllaaattt
WWAALLleeeTT'SSS
wwwAAlllITTTSS
WWeeLLLlllEEyyAA
WWWaaLLiiyEE'sss
wwwALLLlllayEEED
WWWoooLllUUUYUUUS
wwwAAALLLFFLLLEEEWWErr
walllllfllliiWeRRR's
wUULlllFFFlOweeerrsss
wwwEELLLLiiIS
wiiiLleenggg
wwAAALLLLUUPP
wAAllLOOOP'S
WWaalLLoooPPIIDD
WWWaaaLLllOOPEEERRR
wwALlloPiNGG
WWWUULllluuPPPIIInnng'SS
WWWEllllOppUUUnGGGs
wwwoLLLllOPPss
WWWaaLLLLLOOWW
WaaaLLLLow'S
wwwAALLLLoWWEdd
WWaLLLLoooWEErrr
wwwAAllllOOWoooNg
wwwAlllLLLoooWss
WWWAAAlllllpAApEEER
wwwOOOllLLLpAAApppEErrr'S
WWOOlllllppIPPEErEEEddd
wwwUULLlpppuuuPPPUURRUUUNNNgg
WWWAALlllpppaPPPIRS
wwwAlLLLSS
woooLlYYY
wwAALnnAATT
WWWooolnnnuuuT's
WWaaalllNNNOts
WWUlrrrUUS
WWWIIIlRRUUUSS'sss
WWWUUULRUUUSEsss
WWOOLLLTzz
WWiiiLLtZZZ'S
wwAllltZEEEDDD
wwwaLLttZZEEERRR
WIIILTTzzUrrr'sss
wwAALLLttZAAARRRsss
WWOltzAAASSS
wwwOlTTTzIIINNGG
WWWaaMBBBLLLeee
WAAAmBBllleeddd
WaaMMbLLEEEs
WWWaammmblllAAng
wwwOMMee
wwwUUUmmmpppiimm
waaamPPPum'sss
WaMMPPUUUMMMpppEEEaGGG
wwweeMMMppuuummmPIIIaaagS
wwEEEnnn
wwwEEENNd
wOnnndd'ss
wwwAAANNNdduurr
wweNNNDDDEERRRaaD
WWWONdddErrEEER
wwAANNDDERRRiRR'SSS
wwInnnDEraRRRSSS
wwwAAnnnDDDIIRRRiNGGG
wAAAnDaaRRRiiingLLLYY
WAANNNdddeeriiiNNgggS
wwwAANNNDerINNNGsss'S
WWWuuNNdErrrLuuSStt
wwwaaNNNDDeerrrLLUUUSSSt'ss
wwwAAnnDDDaRRRllustttsss
wwAANNDDAAArOOOO
wwAAnDeeeRsss
WWWaNNNDDSS
WAAANeee
wwwoonUU'SSS
WaNNeedd
WonneeeSS
WWWAAANNGGLLLO
wwiNNNgLuu'ss
WWAANgloDDD
WWWaaannGGLLLErr
wwwOOOnnnglllEEEr'sss
WAnnnGlOrrrSSS
wwaaaNggllleSSS
wwAAANgglliiinngg
wUUUnnnIGaaNN
wwiiinnniiinGG
WiNNkkk
WAAAnnnkkkeeDDD
wUNkiR
wwwaanKKirs
WWWAAnkkkAnggg
wAAnnkkSS
wwweeeNNLLLY
WAAAnno
wwwiiinnnnAAABEEE
wwwaaaNNnnnOOOBBE'ss
wwwANNNNaaabaaaAA
wwwAnnnNNABBBAAAOOSS
WWWOONNNNNuuBBBOs
WWWAAAnNeeerrr
WiiiNnnnESSSsss
WWWAnnnnneeSSSS'sss
WooonnnnnnEEESTT
wAAANNNTT
wANNT'ss
wAAANNNTaDDD
WAAnnttagggAAA
WONNttted
wAANNNTTIInG
WeNNTTTEEnnn
wwEENNNTTooNN'sss
WWAAANNTTTiiinnneeedd
WWINNTTiNANNNGGG
wwannnttuuNlllyyy
wwIINNtttOOONNNEEEsSS
WaNtoNNnnesssS'ss
WAntttANNSSS
wwUUUnnTTS
wwOOpppEEEnnttaaKKE
waaapAAtttII
WEEPita's
wwwappputtiss
WWAAARR
WWWaaarrr'sss
WEERBBlllee
wwArrBBBLLLEE'SSS
WWeerrBBLLLeeeD
WOrrrBlliiRR
WWooRbblEEr'SSS
WAAARbbLLLeerrrS
wwIrrrbbblllEEs
wwaaRBBBLLEENNNggg
WooRRbbUUUNNnnnEEEtt
WWWIIrrrbuuunnnnnoooTTT'S
WErrbbbOOONNNNeetS
Waaarrrddd
warrrddd'sss
WWAAARdddEEEd
WaaRRDDEEEn
WWEEErrrdddeeeNN's
WWWUUUrrrDDDEEnss
wwwaaRRdeR
wwwerrrDDDEEErrr'ss
wAAARRRdAARRS
WaaarrrDDiNNNG
WWuurrrDDMMOttte
wOOOrrrddRRRESSSSSS
wwuuuRRRdddRREsssssaas
WWWARRddroBBBeee
WWaaarrDDDrrOOOBBe'SSS
wwwAAArdddrooBeeSSS
WooRRRDrrrAAUUm
wArrrdRROiiimm'ss
wwwarrrDRRRoooiMMMs
WWArrrddds
WAAArddssheeePP
WWWaaaRRoo
wEERRREE'sss
WWarrrUHHOuuuSSEEE
wwwiRRREEhhhOUUSeee'SSS
wwwUUrrrEEEHoooUUUSEEED
WarEHHHOOOOSSSIIMaNN
wwwarrriiHOOOuSSeeemmiinnn
WWWiireeehhEEEOOOssuuurr
WWWAAReehhAUUUSSSoorsss
wwARRReHHHooUUSSeees
wwAAAReeehhEEooossIIINGG
wwwUUURRReerrrOeeMMM
waRRIIsss
wwArFaarree
WuuuRRFFIrEEE's
wwAARffOOrrriin
WaarFOrrriiNNsss
WArhUUUiiiD
WWaarHEAAAddd's
WWWaaRRRhhhAAAoooDDS
wwerhhheeeRRsee
waaRHOOORRRssEEE's
WWAAARRhhoooRsesss
wwaaarrIIErr
wwAArrEEIIssT
WWaROOOLLLYYY
wwwAARRiiiNNeSSss
wwaaarIneSSs'SSS
WWUUrrEnnGGG
wwwAREEsssOOOnnn
waarLEESSSSS
WOrrlllIkee
wwwuuuRRLLLaaaCCk
WWAAARRRLLLoooCKKK'ss
Waaarrrlleecckkks
wwoorrlOOORD
wwAAARRRlllOrrDDD'S
warrLLLOOrddss
wwURmmm
WUUURMbbbloooooDDOD
WWaRRRMMEDDD
waRRmmAAr
wARRmuuuR'SSS
WaaaRRRMerrs
WWWOrMMessstt
wAArmmheeaaRTeedd
waaarMMMHEEaRTTTaaaDDnESsss
WWARRRmmHHEOOrrrttOOdNEESSS'sss
wwwirmmmIIINNggg
wwwIIRRmmiSHH
WuuuRRRmmmlllyy
wwurrrmNNNIIIsssS
WWaaRRRMMnnnEEEsssS'ss
WaaarrrmmmoonggEERR
wwwIIRRmmOOONGeeRRR'S
WaaRRmmmoooNgggURiNNNGG
WWWaaRRRMMMonnnggeeeRRIIInnnGGG'sss
WurMMONNGGGEEErrSSS
wERRmmss
wwArrrMMtttH
wwwEErrrMMTTHHH'SSS
WWarMMMOPPP
WWWaaRRMUUUppp'SS
wwarrrMMMuups
WAAArrrn
WARRRnnnOd
WIrNNNIng
wwaaRNaaaNNNG'SS
wwwAArnnnUnGGGlYY
WaaarrnnIIIngS
wwwAARRRNNSS
wwwarrp
wwaaRRRppp'ss
WaarrrPPeGOO
wwwaaarrPPuINNTT
wwArrrpaTTh
wErrPPPAAAtttHHH'S
WARpppITTHSS
wORppEEEddd
wwerrpppAr
wORppooNG
wAAArPPPlllanneee
WWWuuurrPPPLLAAnee's
wuuuRRRppLooonneSS
wAAARRpss
WWWArrrriiiNTTT
wwwAAArrRRRAAANttt's
WWUrrrrrAAANtAAballliitYYY
waaaRRraaaNTiiiBBLLeee
wwEErrrrranntttaaDD
WWWArrrRRoNNTTTEA
WWWEERRRRRRAAnnnTTTeeEESSS
WaaarrrriiiNNTTIIrrr
wwwARRrAANNNTTTiiiEEEd
WWWAArrrrrannnttuuEEsss
wAAARRRRRiintUUNNg
WWaaRrONNTOOOrrr
wAARRRaaannTuuRSSS
WWWAARrrOOONNNTTSSS
WWArrrrrAnnntttyyy
wwaaaRrAANNNtttyyy's
wwaaaRRRrraNNNtttYYannnGGG
WWWAARRRReDDD
WWWOOOrrrRREN
wwwAARRRRRAAANNN's
WaaRRRRinnUUURR
WWERRRAAnnneerrSSS
wwwaarReeennns
WIIIrrrRiGGaLL
WWWIIIrrrRRRoggAllls
WWWARRReeenngg
WWWIIIRRRrrIIOOOrr
WWaarrRRROoorr'SSS
warrrRiiiOOrrrSSS
WarrrS
WWWarShOOOP
WWURsHHHIIP'SS
WWERsHHHUPPPS
wwaaarslllE
WWoorT
wwAArrTT'S
wwwAAArrrTTHoGG
wwwaaaRRTTHHHEg'sss
WWAAARttthhOGGGs
wwIRRRttIIar
WWOrttIEEst
WORRtttImmmEEE
WWWeRRtimee's
WaaRTTTSSS
WaaaRRRtYYY
waRRRyy
wwwAAAs
wwEEESSAAABBBooo
WWIsshh
WaaassH'SS
WWWAsshhaabLLAA
WWWAASHHaaabLLee'sss
WWWashhheeBBBllleSSS
WWAAAssshhhBBAsssin
wwwissHBBaaSSAAAnnn'ss
waSSHHHBBaaassannSSS
WOOsshBBBEiiirdd
wAAASHBBoooArdd'sss
wwwaassshhBBBaaaEEERRdddSSS
WWWAASShhboooWWWLL
WWAAASSShhbbbooWWll'ss
wAASSSHBBBOOOwwLS
woossHHHcllOOthh
wooShhCCCLLLuttth'SSS
WWWaasshcccLLLEEttthSSS
WAAAShddaaaYY
wwwAASHHHDDOOYYs
WWaaasHUdd
WAASSShiirr
wwaaasshhhiR'ss
wwUUSSheRMMAAnn
wAAASSSHHHAARRMEnnn
WWAAAssHHEEErrsss
WuusHEErrwwwaaammooonnn
wwESSHHHErrwwwIImmmaaaN'SS
WIIISSSHHHIrrWOOOMEnnn
WWIsssHerYY
wwAAshhhOOOSS
WWWasHHHuuuuussee
WWWiiisHHooOOOssseesss
wwwAAAShhIIerr
woooSShhhAAaaasssTT
wIIISSShUUlY
WWWOOSSShhIn
wEEESSSHIINNEEsssS
wwwassshIINNNg
wwaaasssHHHiiinnnG'ss
wwoooSSHHHANNNggSSS
WWWOOOsHHoooiTT
wwwAAssshhooUUUTT'S
WAASSSHHooUUttS
wwwaaasshhhRRRIIIgg
wwiiSShhhRRaaGG'S
WWWeessshhRRRogs
WWOOOsshhhrrrOOOOMMM
WWoooShRRROOEmm's
WAssHRRRuuuIIMMSSS
waaasssHHSTanDD
wAAsssHHHssstttuNddd'SS
WWEEESSHHsTEEENNNDDss
WWeesssHtub
wwAAAsHHttIIIB'SS
wwwOOOshhhttUUUBBBSSS
waasssHHwwIImmmAAnn
wwassshhWUUMEENNN
waaaSShhyyy
wwiiSNNN'TTT
WAAAsssPP
wwwUSpp's
wwasppissHH
wwwAAAssPiiiSShhhlly
WWAAASppiiShhhnnEEEsss
WuSSpppossHHHnneeess'SSS
WAAsspSS
wwwuuuSSSSSOOOEElll
WAsssAAOOll's
wAASSSSSSiiiiilliiiDD
wwAASSSSAAIIILEERR
wissssUUUIIllleeRss
wUUUSSssaaIIllIInnGGG
wwUSSSsiiiOOOlls
WWaaSSTTT
WaaaSTTaaaGGGE
wwwaaasssttAgee'S
wwwAASTTTee
WasTTTuu'ss
WWaaSTTTOObuuSSkAT
wwIISTTTaabbaaaSSSKEtt'SSS
wwESSStebbbAAASKEEEttts
woosssTedd
WWWAAAssTaaafoLL
wwEESSSTTTeeFFFUUUlly
WWWaSSttteefffaallnnaaasssss
WWWAstttUUFFULLnnESSSS'SSS
wAAAssstIIlllaaannd
wwwOOssTTiilaNNNddd's
wUUSStELLLAAANNdddsss
wAStEEPPPeepeeRR
WWAASSSTUUPPaaaPPPEEErr'S
WWWOOsttteer
wwwasssTeeeR'SS
wOOsttteerrrS
WWAAAsssTEESSS
WaaSSTToooNNNG
WAstInnnGGs
WWWuusstRReeelll
wwwAAsttReL'SSS
WusTrrraaLs
wwUTT
WWWaaTChh
WWWEEETTTcHHH'ss
WWWAATCCChhOBBBlaa
WWWaatttCCHHHbbboonndd
WaaaTTTCCCHHBBAAANNNddd'sss
WWUTTccchhhBaaanddsss
wwwATcHcaaasee
wwAAtccHHddIg
WWEEtCCHHHdOg'ss
WUUUtttCCHHdduGGGsss
wwwatttccchhoodd
wIIITCCCHHHUURR
wwwetttCCCHeeeRR'S
wwwatcchhhErSS
WWWaaTTTCChIIs
WWAAATTCChFFuuull
WWWUUTchhFFAALLLly
wIIIttCCChffuuuLLnnneeessssss
wwwAAATchhFFFuuuLLNEEsssSS'SSS
waaaTcchhhUUNNg
waaTCHMaaKKKEEErrr
WWaaatttCCCHHmmAAAKKKar'S
WWWEEETTTccchhmmmoKKKeeRRSS
WWWAAttCHHMIIKKKiinG
wwweeetCCChhmmooKKKiiiNNNggg'S
WWAAAtCCHHmmmAAn
WWaaattCChMMMaaannn's
WWatcHHMEEnnn
WAAATccchhsttRRRaPP
waaatCHsTTTRaaPss
WWWAATTTcccHHTTTAAWWWeR
waatccHTTTOOOWWWeeR'S
wwwAAAtccHTTOOweeerrss
WWAATcHHWoooRRRDDD
WWWooTTcHHHwwwERD'S
wAAAtttCCHHHwwOOrrDDDSS
WateeR
waaaTTeeeRRR'SSS
wwwaTTeeerooGGi
WWuutERRbbbeeDDD
WWuuuteRRRBBAD'SSS
WWaaatttEEERBBoDDDSSS
wwaTTEEERRbbbiirrrDDD
wwwAAATTTERRRbiRRRDD'ss
wwwaTAAARBiiirrddSSS
WWAAATeeRRRbaRnnEEE
WWatEEERbbbUUUcKKK
WeTiiiRRRbbbUUccckkks
WWWAATTTEEErrrcccalOrrr
wwiiiTTTeeeRRcOLLLeRRR'sss
wIITaarrrCCAAAlloRRRoooSStt
WeeTTTooRRRCCCoooLEERRRIssTTs
WiiiTIIrrrCooLooRs
wwaattuuurrrccoURRSSEE
wuuuTTTEERRRCCEEEursEE'S
wwaaatttEEErrCUUUURRRssseeSS
wOOtOrCCRRRAAft
wwAtEERRCriiiFFtt'S
wwwAtteeRRRCCCrraasssss
wwoTarccReeSSsss'S
WWaaTTTEErAAddd
wwAAttteeRRfEEllllll
wwwUUUtttuuuRRffilllLLL'sss
wAAATTIrrrffaalllLLLSSS
WooottAArrrFeeeWLL
waaaTTIIIRRRFoowwLLL'SSS
WWWATTeerrFOOWWllls
WWETTeeRFrrrOOnnnt
WaaaTTEERFFFRunnntt'S
wwwatoorrrffrENTTTsss
WWWIIItEEErrGGGLLLaSSSS
WaTTTeerrHHaLLee
wwwaataaaRhhuulI'SSS
wwaaTTerrhULeSS
WWaaattteeerEEEEEERRR
wwwoTTTeRRRiiiESTTT
wwwOOTEEERRaNNNeeSs
WuutteerruunnneSSSS'sss
wwwUTIriiinnnggg
WWWaTTTAARRRuungSS
WWWAAtttuuurrrIsHH
WWETEEERRRLEssS
WaaTTeeeRLLLiLoaaSS
WWAAATTTeerLLAALYYY
wwAAATeeeRRRLiiilllYY'sss
wwettaaarLuuunnE
wwAAtUUURRLAAnAAA'SS
WWiiiTTERRlllinEEs
wwAAATTTERRllluuG
WAATTeeerLLLEEGGgggEEEDDD
WWWaaTeRRLoO
wIIIttAARRLLLIUss
wwwoooTTURRRMMMeennn
WaTEErMOOORRRkkk
WWWooTTOOORRRmmmoRkkk'sss
WAAttEERRRmmaaaRRRkkIIID
wwwoTeeeRMMMuuurrrkIINNg
WWEEETTTaaRRMMaarrrkks
weeTTeRmmillonn
WWAAAttteRRmmmELLLoonnn'SSS
WUtARRmiiLans
wAAAttErrmmmENNN
wwAtEEErrmilL
wwwaaatUURRRMMMOOOlLL'sss
WWWAAttteRRMIIIllllSS
WWWATTERRRpoWWoRRR
wwaaateRRPPPuuuwwEEERRR's
WWWAAtttorrPRRoooFFF
wwwEETTTUrPPrrrOOoFFF'S
WOOteeeRRRppprOOOOFFUUUD
waaaTTErPPRRAAAoooFFInnGG
wwwuuTErrpppRRRIOOOfanGGG's
wwwaaateeRpppRRoaaFFS
WWWatEERRsss
WUUtttaRsss'S
WWWAAATTTuuursCapu
witteeeRRRSSShhhEEEd
wwwaaaTTToRRsHHeed's
WeeeTerrSHHEds
WWITTERRRSSSaDDDaa
WWAAAtttArrssIIIddoo'SSS
wwwaatttUURSSSIDEEES
wAAtEEERRRSSppaaUUUTTT
WAAtOOrrrSPPOOUUTT'S
WWWAATTTEEERSSPPPooEEEtss
waaaTeRRTTiiggHHt
wwwaaatErrWWaaaYY
WWATerwAAAyyy'S
wwwOOOTTEERRRWWAAysss
WWWIITTErrWWhhheeOLL
wwwUUUteerWhhUUUeeeL'ss
wwIITTEErrrWWWHEEEeLS
WuuttoorrwwORkkks
WIIITTTeeerrrWWooorrrkSS's
WWaaaTeRRyyy
WWWUUtttttt
wwaTTTTT's
waaattTTTAGu
WWWiiTtttiiiGGGeee'SS
WWAAAtTTTLE
wwwaaTTTTTlI'S
wAATTTleDD
wwaatTTLLLEEESS
WWWATTlENNg
WWWootttTTMMMUUTTTEERR
WWWaaattTSSS
WWWaavvvAAA
weeevve'SSS
WWAvvvUBBBAAANNND
wwAAVVaaaBBOOONNddsss
WWaVVVeeeDDD
WWWIIVeeFFOOrMMM
waavvEfORRmms
WavvvEEFROOONNNttt
wwwuuuvAAAGGuoddE
WWWAAvaaaggguuuIIIdEEsss
WWWEEveeeLLLUUUNNgggThh
WWWAAvELooonnnGttth'SSS
wwAAVVeeeLEEEnnnGGGTTThhS
WAVVEElEEET
WoVVVELaaattt'S
WWaVVVuuulleeeTTsss
wuVaaallaaKEEE
wwEEEvvEEElllLLaatttI
waaavvvEEEMMetarr
wwwIIIVVVeRR
WaaVVVAARR's
wwwIVEEErrreeeddd
wwaavvvIRRREERRR
WWWaaaveeeRRROOrrr'SS
WWWAAvvAArrURRSS
WWWEveerrreenGGG
WeevvERRReeenngllly
WWWAVVVeeerrrss
WWWaaavvvooss
wwwAAvvviiiEErrr
wwaavvIIest
waaVuLLLYYY
waVViiiNNNiiSSSSS
WWWiiiVViiiNNNAAASSSSS'S
WWWAVVannnGGG
wwaaVVY
WWWAWW
wAAAWWSSS
WWAAAxxx
waxxx'sss
wwAAxBBIlll
waxEED
WAAAxxEEN
wwOOXXees
waaXXeAR
wwwaXuooost
wwaaxxxIINeesSSS
wwweeeXXXAANNNEsssss'SSS
wwwAxxxINNNg
WWWIIXXPPLaaNNNTT
WWuuXXWWInG
WAAAXWWWInnGG's
wwwEXXXwaaanggS
WWUUUxxxwwwOOrkkk
waaXXWWoRRKK'SSS
WWWaXXXWWOORRks
WWaaxxxYY
wwwaayyy
WWaaY'SS
wUUUyBBBiLll
wUYYBBIILLlll'ss
WWWAYYYBiLLllsss
wwwAAAYYYfarer
WWWaaYYFeeeREERRR'sss
wwwAAyyFaaRURRRS
WWWaaaYFaRRaaanngg
WWWAYYYfaaarEEEnnng'sss
wAYFaaarroonnngggs
WWWoyyyLLAIIIDD
wAyLLLaY
WaaayyylllAYYEERR
wAAYYYlllaYYYeerr'S
wwuyllIIIYYYERRRss
weyyLAAYInGG
WWWIIIyyyllaySS
WWWaaylOOaavEE
wwwaaYLEEEAAVVVEsss
WWWaaYLIsssSSS
wAAYmmeeerrrKKKuuuDD
WWWUUyySSS
WWWAySSSUUUDDE
WWAAyySSSODDE'sss
wwUYsssUdES
WAYYYWERRRddd
WAAyyywaaaRRRDly
WWWaaayyWWWEErdNNOOOSSs
WWWaaayWWiiirrrddNNeeeSSsss's
WWWOYYWOOrn
WWAyzzgggAAAoossseee
wwAAAzOOOO
WWOOZZOooosss
Woo
WWWaaa'DD
wwwEE'llll
WWWA'rrrE
wweee'Veee
weeOOOk
WUUUUkkeeeN
WWWeeeAKKEENNNEdd
wiOOKKeNEErr
WWWooiKeenErrr's
WiiiaaakkeNNNeRRRs
wweEEkooonnEEnnng
WWWAAUKKKIIInss
weAkkUUUrr
WeeAAKEESSStt
WWWOOOKKKfoooSSSHHH
weeaaaKKFFAAASSHHH'SS
WWWEEaaaKfUUUsshhhosss
WeakkIIsssHH
WEikLaaNNNGGG
weeeaKKKllIINNNg'sss
wwweeaakkklUnnnggS
weeuKlly
WWWEEOKKKnEEEsssss
WWEEEEkneessSSS'sss
wUUOKNNEEEssssssAAss
WWWeeeaaalll
WWWeAAALL'ss
wwAaaalldd
WWWEEEAldddSSS
WEEaallsss
WEEaaLttth
WWEEEIIIllTTTh'ss
WWWuuuulltHHHiiiUUUrrr
WWWOAAlTTThhhIIAAAssTT
WWWeeeIIIlltthhhiiineeSSss
wwEEeeeLLtthhInaaass'ss
WWOAltthYYY
wwwaaeeennn
WWWeeeaannnEEDD
wwwEEEuNEErrr
WWWeaanniNNg
WWWEEiinLLLuuunng
wwUANNNS
wweeeAAAPoN
WaaAAApppeN'sss
wwwEaappuunnEEEER
WWUUUApUUNNleeeSSSS
WuuuaaaPPPOOOnrrYY
WWWEaaPPPOONrrYY'SSS
weeeoPPONNss
WWeaarrr
wwweearr'ss
woooAraBBBleee
wwwIaaarrEEER
WWWuAAARRRArrr'SSS
WWOIIIrrAArrrsss
wwwuuaaaRIIIaadd
WWEEEaRRRIIIAAArrr
WEEEaaarrUUiSS
wwaaeeerrrEeSSTT
wwwEEAAARiffuuLLL
weAAArillliSSSSS
wwweeaaaRRIIILLyy
WWWAAAAArIIINNeeeSSSSS
WWWEiiirriiinnEEsSSS'sss
WWWEUUUrrruunnggg
WeeeuuROONggsss
WWWaiiirrriiSSOmE
WeaaaruussommmeeeLLLyy
WWWEEEaaRRuuuSSSaaaMMONNAASSSS
WEEEoooRppprrriiiF
WWEArrrsss
WWWOEERRRy
weeUUUrryyyiiiNNNGG
WWWAAaaaRYIIInnngLLLy
wUUUiisannndd
wuAAAssseeL
wwwEEASSSEEll'SS
WWEEESSSuuuLeDD
wwEEEEsseeeLiNNNg
wUOOsseLLLLyyy
WWWoooUUUSSAAALS
WWWEEEithhhaarr
wwweeeaaattHHeeer'SS
WWWEEAtHHHURRRbboeeeRRd
wwweATThoRRBBBUUAArddANNNGGG
wEOOthhheeRRbOOOAArrdddUnnnGGs
wwEEaaTTHaarrrbbOOaaarDDsss
WWWIAAAttHHUURCooCCkk
weeeattHHEErCCOCkk'SSS
wEEaTTTHHEERRcUcccKKsss
WWeuuuThhhUURRREED
wwwEEuuTHeeerrrggglAASsss
wwweeaattthhhEERRGGGLLOOOSSSSEEss
WWWeeTTHHeeeRRIIINNNGG
wweeeaaatthaaaRUUnnnggg'ss
wwwEEEIITHeeerrEEZZooottiooonnn
wEaaatthhhAAARRRaaaZZZEEEtIIIooNN'S
WWaAAAThOOrAAZZZEEE
WWWIIIathhhUUURRIIIZEdd
waaaIITTHHHERRRiiizzzeeeS
wAAiittHHeerrrOZOnnGG
wwwaaAAAthhEEERRRlly
WWWAAaTTTHHHEErMMMaan
wweeeoThhEErrMoooN's
wEEthhheeRRRmEnnn
WWEEEaattHERPEERssseeNN
wwooATHerrPPPErrSSiNNN'sss
WWuuuitttHHooorPPPeeRseeeNNS
weeOOthheeeRRRPPRRRAAAOOF
WeeeAAthhoorpRROOAAFAdd
WWEEEAThheeRRRpRRoooUUUffOOnggg
WeeeeTThhhERPPrraaaOOfs
WWeeatthEErrs
wwweOOOTHHHaaaRSSStttrippp
waaaEETTThhheerrSStRIIpPuuDDD
WEEeettthhherrrSSSTTRRiPPPUnGG
WUUUotttHHErrrsttrriPPpppiinnGG'sss
WWaaaaTTTHHHeeeRRRSStRRIpsss
wwwUAAATHHHEERRRtIIGGHt
WWoooATThhEErrVAAANNee
WeeeuuTTThhIrrrViinnnAss
WeeITTHHERRWUrrnnn
WWEEEeeevvi
wwwOOOavvvUUU'sss
WWWEEaaavveeeddd
wwweIIvviiirr
wuaaaVeeerrr'ss
WWEEaVVVEEERRRbeeeRRRDD
WWeOOOVVVEEErrbiirrrddsss
WeUUvvvEERsss
WWeeaaavEs
WeeeAAVVVIIINNNggg
WIoooVIIINNggg'SSS
wuub
WOObb'SSS
WWWooobbBBUUdd
wwwEBbbbieeer
WWEBBBBiiiEEESSTT
WWobbiinnngg
WWEEBBbbIngg'S
WWEBBBy
wEEBBCCEsssTT
WeeebbeeRRR
wEEEbbeeerrrS
wwwAAbbbFFFeeet
wwwiiibbFOOet
wwiibbFFUUattt'S
WEbbbmmISSStER
WWEEEBBMEsssTTER'SSS
WaaaBBBmmAASSSTTErSSS
WWEbbMMMIIIsTTRRiiSs
wwUBBBMISSStRUUsssSSS'SS
weebbbMMMISttRREEESSSsEEsss
WWWebbpppagee
WIIIBBBs
WeBsssITTEEE
wweeeBBBssiTO'S
wweeebSSSIIITOOSS
wEEBBBwiirrrMMM
wwwUBBWWWOrrmSSS
wweD
WWeeeDDDDDoood
weeeDddUUUrr
wedddddduNGGG
wEdDDiinnggg's
WWWIIDDDIInnGss
weeddggU
wooDDDggE'ss
WWWEDGGOdd
WEEEdddGaaaSSS
wweeeDGGGiUUU
wEEDDDGGGie's
WEDDDGGiiiEEESS
weDggging
WaDDDlllOcccKKK
WWWIIIDDDlllOOOcckkk'sss
wodSSS
wUUUee
WUUAAA'ss
WWeeeeDD
WWeEEddd'ss
weiiDEED
wwEEEDDEEEr
wEAADeerrr'SS
wEEdddUUURRRss
wwwEEEeeddoeerrr
WWWeeeedddiiieeST
wiiiAddIInAAssss
WWWIIeeedddINNNg
WWeeeedddkkkEllllOOORR
WeeeeDDDKOOLLlliRRRs
wweeDDDlEEsssSSS
WWWEEEEDDDSSS
wwwOudY
WWeeeEEEuuuNg
WWOOEEEKKK
WWeOKKK'S
WeeuKDaaY
WEEEKDDoooYYY'ss
wweEEEkkDDAAAYYSSS
WWeeeiiKKuunnd
WeeIIIKKKinndd'ss
wueeekkkEEEnnddIIIdd
wwUUiiKaaannDEEER
WaaaeKEEnnDiRRRS
WWEiikennddiing
wwweeeeKKeeenndds
WWEEKKlleeeeSS
wwAAEEEKKKLLLyy
wwEEEeKly's
WWWEEEEEKnniigHt
WWWEOOOkkNNNiGHT's
wwwEEEEEkNNiGGGHtss
WWWOOEkksss
Wiiaan
WWIIEENNNeeeD
wIIIEENiiieee
WWWEEEENaaaEEE'S
WWEEEeeeNNIeeR
WEEEEENNeeeos
wwEuuNiiieeeSST
wEEEeeeNNNUUUNNNggg
wEennss
wwwEEennSSIEER
wweeeeNNNSSOOOOOsttt
WWEEEEEEnssYY
WWWeeeennnyy
WiiiiiiPP
WWIIAp'S
WeeeeeeppaaRR
wwwoooaPPPoooRR'S
wwwEEEOOPPPURRS
WWWeeEEpEEEOO
WWeuuuPPIEERRR
wwweeeeeePPIuuSSS
WWWEEEEPPPUEESt
WWWuePPPIINNgg
wweUUppIIINNggsss
wEUUUppss
wooUppYY
wuuuePPyyy'S
WOOeR
WWWeeIIIss
waaEEssT
WWEeeevvvEErrr
WEeviill
wEEIIIviiilll's
wEeeviLLllYYY
WEOOOVVEllsss
wwiEEVVIIIlYY
WWWiifTT
WEEFFFttt'ss
WWWAFtS
WWEIIIgaaaLLLaa
WWIIiiigggeeLLUUUSSS
wAAAiiigh
WEEiiGGhhh'SS
WWEAggghhhBBBRRiiDDDggeee
wwwuiiggghbRRRiiiDDDgguSSS
WWWeeeeeGHHEEdd
WEEEIIIGhhhiNGG
WWEiiiggHHss
wOAGGGhT
wAIGhT'S
WIIigggHHHTTTEd
wEIGGhhttteeiirr
wwweiiGHtIIIassst
wiiuuuGGGHttiLLyyy
WEEEoghhttIINNNeeSSSS
WWEEIghTTTIINessss'SSS
wwEAGHHHttiNNNG
wwweeiiGGGHHHtaNNGGs
wwuuuIIGGHTTTLLEESSSs
wwwEEuuuGHHHTTLLLeeesSLLLYY
wIiiiGGGhhtttlusssSNISSSSS
WWEugggHHHtttlllEssSSNNooSSSSS'S
wwwEEEIGHtttLLaaafTeeeRRR
WWWeiiGGGhhhttLLUUUffTUUURR's
wEEEIIGGhhTTlllIIIFFTToorrrS
wweeeiiggHHtlaaFFTTTInnnGG
WWWeeeeGGGHHtlliiiffTTTiinnGGG'SS
wwweeOOOGGhhhTTTss
WWWEIgHHHTTYYY
WWEIrr
wEEEurrr'SS
waaIIrrdd
WWWeeeiirrdduuRRR
WiiieerrrdddEEssstt
weaRRRDUUEE
wIIiRRDDIe'SSS
wwEaaRRdIIEEEsss
wEAAArrDDlYY
WiiiiiiRdddNNNuuuSS
wwwEEuuurrrDDDnnEESS'ss
WWWiiErDDDoo
wwwoooiiRRRdddii'SSS
WUUUIrdEEESS
wwwaaIIIrsss
weeeKKKi
WWWaKKKaass
WWaaaLCCChh
wwAAALLCCCHeeD
WeeellccchhEES
WWWEEElcccHHEENg
wwwILLcooMMMuu
wwwEllcoomE'S
wAllccuuuMIIDD
wEEELLLcIMMAAAs
WWWeeelllCCUUUMMMIIINNg
wELLLD
WWWellDDD'sss
WWWEELDDOObbllEEE
WWEELLDDUUUDD
WWeeeLDDEErr
WWEElllDDeeeRRR's
WWWELddErrSS
wAALdduNNNG
wwweeellDDaaNgggS
wEEEllDDDSSS
wwweeLFaaREE
WWWULffaREE'sss
wwwEEElllfffaRisMMM
WaaLLLkkANN
wwwiiLLKEnnn'SS
WWEEEllllll
WWIlLL'S
WWoLLLlBorrN
wweeeLLLlllEDDD
WWEELLLHUUUEEEdd
WEEElllllhhhEEEiiidd's
wwweelllLhhUUUAddSSS
weLLLLIE
WWWeeeLLLLaaaEEEss
WWooLLLLLLiiiNNG
WEEEllllllIINgTUUUNN
WEEllLLIIINNNGTTeeeNN's
WUUllLLLinnnggTTAAAnnnS
wwEElllllnnEESSSSSS
wwwEEEllllNNoSSS'S
WWWeellllsss
waLLLsspRRinG
wwwaLLLLssspraanngg'SS
wwOllLLLsssPRRRIINGGsss
wwwalllllYY
wEELLLSShhh
wElllssshEEEdd
wwwaallSSSHuur
WiiLLsshhhORR'SS
wweLLShhhaarrrsss
WeeeLLLSSShhEss
wwwiilSShIINNNGG
WWEEllTT
Weltt'S
WWeeLTTTEdd
WWWeeeLtoooRRR
WAAALTErrr'ss
WelllTarreeeDDD
WOLLtERUUUNNNggg
WUULLLTTEErrS
WWWuuullTTIRRRWWWooIIIggghhhttt
wwEELtuuurrrwweeeUUUGhhTTT'S
wIlllttuRRWOAAGGGHHHtsss
wwwiLLLTOnnnggg
WWWAAAllttsss
WWEEnnn
winnn'SS
WEENCChh
wwUUnnnCCH'SSS
WWWunncHHaSS
WWeeNNNd
wwAANdddEddd
WONNDDDIIIgggOO
WWWIInnddduunnG
WOOOnndSS
weeenns
WWWeeenntt
WeeeNNTTTLLLETTRRRaapp
Wepttt
WeeRRRe
wwwOOrrrEEN'T
WWAAARREWuullFF
WWaarrooWWAlllfff'SS
WWErrriiwwwOlvvveeeS
WWWooRRgIlD
WWWeerrnnEEErEETE
wwwIIrSSSh
WWWEEErrt
WeskkATT
wwaaaSSTTT
wwwESSt'ss
WWuuuSttbbOOAnd
wwEssstEERR
WEssstttORRInnnG
wwEEEsssTiRRRlEiiiSSS
WWEEESSTeeRRLLLyyy
wooSSSTTTERRRLY'SSS
wwEEESTERn
WWaaaSStttErrrnnn'S
wwwUUUstEERRRNNNuurr
wwEEstaaarrnnnuurrr's
wESSSttOrnnnUrrrS
wuuuSSSttooRRnnnIIIsMM
WWWeessTTTiiRRnnnEEEZOOTuUUUNN
WeeeSSSTEERRRnnizzzAATTUUUOOON'S
WWasssttiiiRnnnooZZI
WWIIIsteerrniiiZZZUUUD
wEESSSTTTeeeRRneeeZZZeees
wwwEEEssstttEEErrrNNIIzzzIINNGGG
WWWEEsteeeRnmmusst
WWeeestUrrrns
WeeeSStteerrrs
weeeSSStttiiNG
WWeesstwaaRRRDDD
WWuuusTwwaaarrddLLLY
wweeesttWArdddSSS
weeT
WWeeettt'ss
wwAtbbbAAACCCkk
wwwOOOTTBBUUUckk'ss
WWaTTTbooocKKKs
WWWuuTHErr
wwAAAThuurrsss
wwwettlandd
wwwuuTlllAANNdd'SS
wwweTTLLLaaaNDDSS
WWWEETLy
WWWooTTTnnniSSSS
WWWetttnOOssss'sss
WWOOOTTSS
wwEETTsueeet
WWWaatttSEIIITs
WOOOtttTiiBlleee
WeeTtttEEEdd
wwwUUtTTTeeeRR
wEETTTooorrr's
wwwOtttttiiiRRS
WaaatttESSSTT
WaaatttaanG
WWHHIICCCK
wwhOOcK'sss
WhAAcccKEEDDD
WWhhhuCCCkarr
WWhhhAAAccKaaRRR'S
WWWhaaackkeRRSS
WWhhaaackOOERR
WWWhiiiCKiiieesst
WhhhOOOccKKKOnnnG
WWhhhAAAcccKuuunnnGs
WWWhhOOOCkkkSSS
wwwHHAcckkY
WWHHHIle
wHHaaala'SSS
whhhALLLeeBBBAccck
wwwHAAALEboooatt
WWhhhIILLLEbbOaaaTTT'SS
wwwHHALLUUBBBuuoootSSS
whalOBBooonnEE
WWWhhallOOOBBoooNNI'ss
WWhhIlliiidd
wwhhhAllERRR
WWHHHiilllEERR'SS
wwwHHHaaLeRRSS
wwHHAllEEsss
WWHuullliiNGG
WWhhuuLLIIIng'SSS
WhEEEmmm
whhhAAAm'sss
WWWhammmMMEEDD
WWWHHemmmmiiies
wwwHAmmMMMiiiNGG
WWWhhheeMMMMMMYY
wHHHAAAmmmMMYY'ss
WWHHHIIms
WWWHHUUUNNgggaaa
wwwHHHoooPPP
wwHHHAAAPpeDD
WWHHHaaPPPPPiiiNNNG
WhhAPPPss
whhhARF
WWHHHiiiRRFF'S
whhhaarrfffEEGGAAA
whiRRRfAGGEEESSS
wwwHARFIINNNGGeeer
WWHHAAArrfffS
WWWhAAARRRvAAA
wHooRRRvvIIss
wwwhhEEETT
wwwHHHit'sss
WWWhhhAAAtttchhhaaaMMaaaccULLLlllIIIt
wwHiiittCCChhuuuMMaaCCiiillliT's
WWHHHAAttCChhhooMMAACCiiilllleeeTTSSS
WWhuuTTO'EERRR
wwhEEtEVVErr
WHHAAATNNNOOtt
wwHHHattNNNeTTT's
WHHaaatttS
wHHAAttsHooorrrnAAAMI
WhAAAttsHHHeSSnnnEEMMMe
WWWHHaaaTssAATT
wwhAAATTTsssiiitts
WWWhAtSSIIA'ER
WWWHHHUTTTssOOEvvvEEERR
whhhOOOaL
whhhooEEElll'ss
WWWheEEllss
wHOOEET
WhhIIIAAT'sss
WWHHHeeAAttUUaaaR
WWhhhiiuuutUUOrrrSS
whhhEEaaTTOOnnn
WhheeIIItGGGUUURRRmm
wwhhiiiAAAttmEuul
WWWHHHEEEOOtWWOORRM
WWhEEOOOtttwworrrMMMSSS
WWHHuuuee
WWHHEEEDDLLa
WWheadddlEEEDDD
wwwhhhEeeedddlEEr
WWWHEeeDDDLLeeer'S
WHHHEEEedLeerrrss
wwHHHUUEDLLOOOs
WWHHHuueeDlIng
WHHHEEEDDDliiiNNGGGllyy
wwhhEEiiLL
wHEEEELL'SS
WHHAAAelllBBeeeRRRRRaaaWW
wwhhhEEEeeLbbbeeerrrrOwww'S
WWHHUUEEELLBBBURRRRREEEWss
WWhhEEeeeLbbbOSSSo
wwwHHHaaEEELBASSEEE'SS
whEEeeeLLLbooSSOOSSS
wwHHeeeelllchaaaIrr
wwhhhUUUOllCCChUUUuuRRR'SS
WWhhEEoooLLcchhhAAAARRSSS
WHuuiiLLiiD
wwhhaILOORRR
wheulliRRRS
wwHHHEUUlllHOORSSSee
wHuuuulHHOuuSSSe
wwhhhooooLLHIIuuuSSE'SSS
wHEOOOllhheeeUUSSEEEss
WWHeeeIIIliie
WHEEoLLLeeOOO'sss
whEEeeelllIIUUss
WWHaaeeelloooNGG
wwhhhAOLLlISSss
WWhhheoooLmmmuun
whEEeeels
wwwhheAlllsssmmmann
wwwHHiOOLWWIIRk
wHeeeEELLLWWorrrKSS
wwhEEAllwwRRRiighhttt
wwhhhOOOOOlllWWWrrriigght'ss
WWWhiiiEELLwrrriiGGhTTs
WWWhhhEEeeNNN
WWWHHHEEEEZZU
wHaEEzuu'SS
WWWHHieeeZZZEEDD
wHHHIeZZZUUR
wwhhheeeUUzzEESSS
WWhhhEEEEEzzzeeeooorrr
WHeeeAzzuASSSt
WWWHHHEEIZiiillyy
whhhEEEzinassss
wwwHuezzzeNNessS'ss
wwhOooZZiiiNNNg
WWhhIIEEzzzyy
WWWhEEELLKKK
WWhhheeelllKK'S
wwhuuLLKKKIdd
wwwheLLKSS
wwwHHiiillmmm
WWWHiLMoooDD
WWWHaLLMMiiNNgg
wHHiLLmmmss
wwhhEELLPP
wwhhhEEllppp'ss
whhEllPPPEEDD
WHHeeelllpppoooNNNG
wwwhhhEEllpppSS
wwheennn
wHoNNN'sss
WWWHHAnnESSS
wwHEnnCCCe
WWHEEEnnCeSSSUeeeveRR
wwHinnniii'AAAR
WWWhEENNNAAAVVVerr
Whennnsss
wheeennnsssoEEvvveer
WWWHHEErEE
wwHHHOROOO'Orr
wwHEErrEEE'SSS
WWhIIRRReeeUbbOuTT
wHHHEEEreeaabOOuTS
WhhUrrrUUUibaAAttss'sss
wwHHeeerEEaaSSS
WWhhhErEEEIItt
wHHErrIIBYY
WHHHEEErrooofAArrUUU
wwhhhEErrrEFOOOrreee's
WWWhhheerEffuRRooSS
WWhOOrrEFFFRRROOM
whhuREEIIInnn
wwHHiiRRREEiNNNtaa
WhhEErrreeoff
wHHHUrreeeOON
whhEErrrEESS
WWWHaRRREEEsOEEVVEEErrr
WhharrriTE
WhhhuuRRROOOUnntttO
WWhhhOORREEUppuuuN
WWWHAARRRuuvveeerr
wwwHeeREWWEEEtHHH
wherrraWWWEETHaaLL
WWWHHuuuReeWetHelll'sss
WWheeRrrrAAAIIISSS
WhaaarrrrYY
WWhUUURRRrrY'SSS
WWWHHEEErrRRYYYmmeennn
WHHHeeettt
WWWHETThhheeer
wHHHaaTs
WHHEEETTssttOnnnOOO
whETTTsTTOOnuu'sss
wwwHHHeTTsstoonnUsss
wwHeeeTTttEED
wwHEEETTIIrrr
WhEEtTTenG
WWWhheWW
wwHHooYY
WWHHHeyy'ss
wwwhiiiChhh
wwwHecHHIVVVarr
wHEEcccHssoooaaaviir
WWhhucKKiiirr
wHHEEECCCkkeeRRReeed
wwhhiCCCkeeerrrInnGGG
WWWhooccKKKiiirs
wwwHiiddAAAH
WWWhiddahhhS
WWHHHIfffff
WWWhIfFF'ss
wwHHIIFFFEd
wwhhhiiiFFffeeeT
WWHIffFFFUnnngg
wwHHeefFFFllEE
WWhhaFFFFLERR
WWWHHHeeeFFFfflllaaatttrreeeE
WhhhOOOfffflluuttRReo'SS
WWHIFFFfffLLiitrrEEEeess
WHHOfffFss
WHELLLEE
WWHillEEE'S
wwwhiiillIIddd
WWWHHHeeelIs
WHHHIlllIINNGG
WWWhIlUUM
WWHIlllSSSt
WWWhhhIIm
wwwHiMMM'ss
wwwhhiimPPPoooRR
wwwHHiMpppEEER's
whimmmppaReeeDDD
wwwHHAAmPEEErriinnGG
WWHAAMMMPPEERRRiinnngggLLYYY
WWHuumpppEEERSSS
whiiimms
WWWhEEMssUYYY
WHHimSSSeeyyy'SSS
wwHeeemmmsssAyyS
WhUUUMsuCELL
WhhImmsIIIccAALLLIttYYY
wwwHHHiiMSSIIcccAAALiiiTTTy'SS
WhhhIMsAcccEElLLyy
wHHHEEEMssIIesss
wwwhIIMMMssyyy
Whhimssyy'sss
whhIIInnn
WhhiiinnncHAAt
wHHHiNNNchhhOOOtttS
wHHiiinnEEE
WWWHHeeNNNAA'SSS
wwwhhiNNNaaaDD
wwhhiNar
wwwhhhuunOrr'S
WhhIINNNerrrsss
wwHHHIIInEEESSS
wwwhhhiNEEY
wwHHHeennngo
WHHHiiNGGGAdd
WhinngeeNNGGG
WhhINGGeeIIINNNgggLLYYY
WWHinGuRR
whIIInGGGeeRRRS
wHInngEEESS
WHHUUnnnggIINgg
WHHinggY
WHHiNNNaaaeRR
WhONNNIeeest
wwHHHIINNNIINNG
WWhAANNNOOeddd
wwwHHHeennnNNNIIIEEsss
wwwhhIINNNNYYY
wwwhhEEEnnnyy'sss
wwHHIIINNNnnyyIIINNG
wwwHHEEnns
wwhhOOOnsTTONUUU
WWhhEEnnYY
WWhAPPP
WHHaaappp'S
wwHAAApppCErrrD
wHIIPPCCCOrrddd'SSS
WWHIpllEESHHH
WHHHIIIppLLOOsssHH'SS
wwwhhheepLLLaassheesss
WWWHHipppeeD
wwwhiiipPPPor
WWWHiippPPPeeer'ss
WWWHHoooPPPEErrSS
WHHIPPpppEEERRRSSnnnApppppOOORR
whhhippppppERRsssNNuuupppppIrr'S
wwwhhoooPPERRRsNNNaapppppeRRRss
WWWHoPPPPPPEEEtt
WhhIpppPPPEEEt'SS
wwwhhApPPETSS
WWhiPPpiNNNg
wwHHHuPPPPPPiiNNNGG'SSS
WWhhhoPPInnnGGss
wwwhhhiPPPpllloooTTTREEOO
wwhIPPPllEEETTrreeeEE's
wwhhhuuuppPlllUUUtreeEES
WWhhIPPPPPPUUUooRwIILLL
WWWHiiiPPPPPPooURWUUlllll'sss
WWWHaaPPPPPOOOORWiLlllSSS
WWWhiPss
WWWHaapSSAAAww
WWHipSSUUWWW'SSS
WWHHeePsssAAWeeeD
WWWhhhuppssawOOONNGGG
WWHHHiiiPPsssAAAWWnn
wwwHaaapppssAAAWS
wwwhhiipsTTTIILl
wwwhhhiPsTIITTTch
wHHHiPPssttiiiTCHHEss
WhhiiiPPPSSSttoCk
wwhiiipTT
wwhhhiiir
WWHoR'SSS
WhhiRL
WhirrrLL'ss
wwHHHiirrlllaaaBBuuuUUUt
wwwHeeeRRRLeDDD
whhIrrrleeR
WHHIIrrligigg
WWHIIRRliigggeggg'SSS
WWhUUrLLLIGGGiiiggss
WHIrlinnnGGG
wHHuuurrlllPPOOOILLL
WWWhhIIRRLLPoOOOLLL'ss
wwwHuurllpppeoooLSSS
wHHIrrlsss
WWWHHIIIRRLLwEEENNDD
WhiiiRRLwwIINNddd'SS
WWHHHiiRLLWWEEnnDS
WWWHIRRRLLyyy
WhiiirLLybiiRDD
wwHHHUURRRLYbbIIRDD'sss
wwhhIIIRRlybiRRdddSS
wHHAAARRRr
whhhiiiRRRRRR'SS
WWWHHAArRRRUUD
wwwhIIrrrrrrINNGG
wwwHHHIRRRrss
wHHIrrSS
WWHHHAsHHH
whhOOOSHHHUUd
wwhhhuuuSSHHHees
WWHIIsssHHHIIInng
WWhhhaask
WWhhhaaassskk'ss
WhiiiskBBBRooooomm
WhhhOOOSkkBBBRoooOMMMss
WWHIsssKKeDDD
wwwHHiiisskEEr
wwwhISSSKKKOOORRR'sss
wHISSSkEEErrrooddd
wwHHHIssskkkUUrrrSS
whhiSSkkOOOrrrYYY
wwhhhIskkkeYYY
WWhhiiissKuuuyy'SSS
WHHHiiiSSKeeyss
wwHHHIISSkkiiiis
WWhiiSSkINNGGG
wHIIssKs
wwhhhuuuSSkkYYY
wHHHIIIssskkYY'SSS
WWWhhheeessKKKyys
wHiiissspER
wwhEEEspppEEER'S
wwwHHIISpeRUd
WWHHeeessPPAAAReeR
WWWhhhispppeeeruurrr'SSS
WhhheSSPeRerrrS
WWHHiiiSPPPeeerriinnnGG
wHHEESppoooRuuunnGGGSSS
WWWhoooSSSpEERRss
wwwHIsspuuuRRRYY
WWWhuuSSST
WWWheeesssTT'S
wwwHiiSttllee
WWhhIISSTllI'ss
wwHUUUSStllliiiDDD
WWhhhosTTTlllAArrr
wwwHHesTTTLLEErrr'SS
wwHHHUUStleeers
WHHHoSTLLLOSSS
WHHiSSttliinnG
WWWHAAAttt
wwhhhAAAT'ss
wHHHIItu
WWWhhittEE'SS
WWHHHUUUTIIIBaiiTT
wHHIIItttAABBaaIIttS
wHHHiiiTTTEEEbbeeeaaMMM
whhiiTTabboooAAARDDD
WWHHEETEbiiarrDDDS
wHiiittEECAp
WWHHHAAAttecOOpp'SSS
wHHHoooTUCCaPPSSS
wwhhUUUTOdd
wHHHOOOttEEEFFFEEESShhh
wHHiiitEEEFiiiSSShh'sss
wwhUUtttoooFuuSSHHHOOss
WWWhhoootEEEffllluuuoosss
WWWHHiiitttaffLY
WWWHHHIIIttaahhhaaaaDD
wwHHiTTaaahaaOOODDD's
WWHHHiitteeehheeEEDDss
WHIIItuulyyy
wwHHHITTTEENN
wwHHHaattOOONNNeeeDDD
wwwhItEENNNEEErrr
wHHHIteeennnuuuRR'SSS
wHHOOtttinnaaarrrsss
wwwhhhooottteNEEsssSSS
WWWHHItiinEssss'ss
wwhhItttINNInnnGG
WHHHIttAAANNiiinnnGG'sss
WhETUUUNNNINNNggs
wwwhhetteeeNss
WhhITTEuAt
wwHiiiTTTEoUUt'ss
wwhhItttiiiuotttS
WWhhuuTTTOpppiNNe
WWhooteer
whIITTTaSS
whAAATTTASmiiTThhh
WWWHHIITTTeeSTT
wwwHHHoTTTEttAiil
WhhaaTTTittAIlll'sss
WWhhIIIttteeettAiLSSS
WhiiTTotHiRRRNN
WWWHHHuuttEEttHHHOOrnnnS
wwhaaTTEEEtHHrrroooAAATTT
whiTTiiithhhrEEEiitS
wwwHiittAAAwwwaaaLLLL
WWWHHiiTTuwwalll'SSS
whhITTAWaalLLSS
WhhhiiiTTEEEwaassh
wHHIIITTTeWaaassHH'SS
wwwhhuuTAAAwwweeessHHeeddd
WhhUUUTuuuWWasshhheeRRR
whAAtaaawwwashhaaaSS
WWWHHittEEEWAAASShhInnG
wwwHHHIIItttEwwwoTTTeeRR
wwHHiitEEEWWiiiTeRRR'SS
WHHiiTTEEwaNNNg
WWhhhEEETOOwwwUiiiD
WWWhhIIITooWOOooodS
WhhhIItIIIYY
WhhIIITEEY'SS
wwHHHiiTeeYYYS
WWWHHIIItttHHiiir
WWhAAATTHHAARRRSAAAeVVViiiRR
WWWHeeThhhERRRWWWArDDD
wwwHiittiiinGGG
whhhiiTTIngg'SSS
WhhhiiiTIInngggsss
wwhhIItttIIIssh
WHHHAATllEEaaTTThIIrr
WWWhhITTTLLOWW
wwwhiiTTLLoWWWs
WWWHHuttS
wwwhiiitttLLLE
WWHiittTTLLLEEdd
WHHIIITTTtllerr
whItTLeeR'S
WhhhiTTTtllEERsss
WhhaaTTTTTLLeeesss
wwwhhITTLLOONNggg
WWWHHUUUtty
WWWhiiZZZ
whUUUz'SSS
WWWHHHiiizkkoD
WWWHHHAAAZZkIID's
wwHHHOOzz
WHHHiZZZZZZ'S
WHiiZZZZZBBaNg
WHoozzzBBBAAngg'sss
WWWHiiiZZZZZbbaanggSS
wwwhhiZZzziiD
WWhAAZZZzzEESSS
WWWHEEEZZZZZENNNgg
Whhoo
WWHOOO'ddd
wwwhhE'lLL
wwHO'RE
WWhhhE'SSS
WWWHHo'VO
WhhhUUUE
wwHHoooDDDUNIIITT
WWhhhOOdaaNNNiTTT'SSS
WhhooDDeennnItttSSS
WhhaDDUUnnniT
wwwHHIIdiiiNnaT'ss
WhUUUDDDuunnnNaatttsss
WWhOODuNNnnniitttSS's
whhOOOaaVVERRR
WWWhhhoolle
WWWhUUlllAAA's
WWhhelaaafoooodd
wHHHooLEffaaaOOdS
WWHHHooleggrrreeeIN
wwHoollEEHaaAARTTeeeDD
WWHEEEllleHUUUAAARRRteedllY
WHHullluuhhhEEEAAARRRTTTaaddNNNoosS
whhhAlEHeIIIrrttOdddNEESSSSS'SS
WHOOOLLLeeeMMEALL
WHHoollEnnnesS
whhoolenneeeSSSSS'SS
whiiiLLEESSS
wwhoooLEsULaaa
wwwheelOOOSaaLEEE'sss
WhheelIISSSeelUddd
wwwhhhOOOLLeesaLLEEERR
WWhhhOOllluussAAAllaaaRR'ss
WWWHHHILEsssAAALLEEERRRsss
wHHUUllIIsssaaalES
wwwHHaaalaSEELLIIINNggg
wHelllUUUSSSOOOMAA
WHHHeeeLLAAssooomEEElY
WWWhhOOleeSaaMMMENNEESSss
WhaaallEEsOMeennnEssS'SS
whhOOlllEEEWWWHHHeutt
wwHHiLLIISSMMM
wwHElESSTIIc
wwwHHiiilllIIsssTTTIIICCaaLLLlllYYY
WWWhOOOLLLLLyy
wwhOOOm
WhOOOMMivaaaRRR
wHHHOOOmmmppp
whOMppeeDD
wwHooMMpppiNNGGG
whoomPPPss
wwHOOmsOUUUvvvEEER
wwHOOIIp
wwHooOOOp's
wwwhiiOOOPUUddd
wwwHHHEEAAAppeeei
WWhhAAAoopEEEEEESS
wHHOOEEEPPoooRR
wwhhiOppuuuRRR'ss
wHHOOopppERRss
whhhuuApIINNNGG
wwHHoOOPLaa
wwwhoooooPSS
wHUASSSHH
wwwHIoossH'S
wwwHHoOOSHIIID
wwwHHUUooosssHIISS
wwhoooeeeSSSHHHIInngg
WWhhOOOP
WHHaaaPPPppeeed
WWWHUUPPpirr
WWWhhAPPpppErrr'ss
wwwhOOOPPPPPEEErrrss
whOOOppPPPiiinng
wwhiiiPSS
wwwHooree
Whhooorree'S
WhhoRRReeedddImmm
wwHHHorIIIDooommms
wwHHoRReeeHHHoUssUU
wwhOORRReeHAAAUUUsssee'S
WWHHHOOORRehhhIIuusESSS
WWHHoooRReeeiisshhh
wwwhhaaaRRRuMMMaaassTTTEEErrr
WWHHHOOOREEMMEEEStARRSSS
wwwhhooorrrUss
WWhirAAASaaN
wwHHHaRRiiNggg
WWWhharrraaSSH
WWhhoRL
WWWHHeeerrLL'sss
wwwHooorrllUUUDD
WhhuuuRlllS
wwwhhooRRRttLEBBBaaaRRRRuuueeeSSS
WWWhhOrtlllEbbuurrrryy
WHHiiSSSE
wwHuusssESSSooeeVer
WWWHHHeeSSEVVVEEER
WhheeeSUUU
wHHHusssooEEVVEER
WWWHHHUUPPP
wwwHHIIIpPODDD
WhhUUPpunG
wHUUUppps
WWHHHY
wwHyyy'ddd
wwwhhhyy'S
wwwHHYYYDDOOOHHH
wwHHHYDUHHs
wwHHysss
wwaCCCkk
wwiiCCkk's
WWiCKKeeeD
WooccKKeeeddeer
WWIIICKKKEEDDEEEssttt
wIIIccKKKEdddlllYYY
wwIccKEEdddnnneesssss
WWiCCCKeeDDnEEssS'S
wIIIcccKKiiiRR
WWWUCCkeeRRR'SS
WWWiickkkOrs
wwAACkkooorrrWWoRRk
wIIIccKaaRwwwoRRkk'SS
WEcKKKeett
WiCKaattt'S
wweCCkiTTTKKKaaEPPPeeerr
WWiiiCCKotttkEEUPPPeeerrsss
wwiccckkoooTKEEEpIIINNNg
WWWIICKeetttsss
WIcKKKiiUUPP
wwwiCkIIoooPSSS
WWWiiCCkS
WWWEcEpppueSSS
WWWiiicoooppy
WODDdeeeRRSSSHHHUNNNss
weDDe
WWWEEDDDooLLyyy
WiiidddeeemmOOOuutthODDD
wwwiiddeeN
WIIIdddenodd
WWuuuddEENERR
wwIIIDDDeeNNNer'ss
WWeeedeeNNeeeRRS
wwwiidddiiineeessss
WWWIDDEENNEESSSSS'SSS
wwIIIDDDENNINNNG
WWWooDEns
wwwiiidder
WoddduuSS
WuuDDDEsssPPrUUUAddd
WIIDDDAAAsst
wwiDDDGeeOOnnn
wwwIIddgUUUannn'SS
wIIddGAAAOOnnnSS
wUUUDGGAAAt
wEEDGGGaaaTTTs
WUUUdooowww
wwweeediiiWWW'SSS
WWWIIIdddIIIwwwEEddd
WWWIDoowooorrr
wwAdoWWWuuRR'ss
wwiiiddOOOwwwAARRRs
WWIIdddowwHHHOOOEED
WWIdaWWWHOOoood'sss
wwwIIDDDAWannnG
wwwaaDooowwwS
wwIIDDDTTThhh
wUUdTThhh's
WWAADDTTHss
wIIDDDTHwwaayyysss
WWWooodddttthhhWoosse
WWWiiiuuuLLLDD
WIIIAllldedd
wEEEEEEllldddeeRR
wwUUUeeelllDDDor'SS
wwIEELDEERRs
wwwaaaaLLLDDIIEER
WuuuoooLLLDDaaaooossT
WiiiaaLDDuNNGGG
WWWUUUeeeLLdsss
WEEOOlddy
wwwEEEEnnneeeR
wIuuuNNeeR'SS
wiiieenneRRRss
WWWIeennIIIEEE
wwwIaNNNuuuE'SSS
wwiiiAAANNNEESS
wwwiifffee
WWIIIffE'SSS
WWWIIIffIHHHooEEDDD
WWoofeelllooSsss
wIIIfeeeLIIIeeeR
wwUUUffaallIIeeessTT
wwiiifffIly
weeeggg
wwwog's
wIIgggEEOnn
WWWIIIGGGeeeeeNN's
wwwiiGOOiiNNS
wwigggggAAD
WWoooGGGggAnnGG
wwwiiGGGGiiinnnggss
WWiiiggggLLEE
wwIIggLEEE'SSS
WWuggLLLeeeD
wEEggLoooRRR
WIIIGGGGleeRR's
WWIIIgggllEErSSS
WaGGgglllEsss
WWWIIIGGGgglliOOORR
wwUUUggglllIIUUUssstt
WIIIGGgllliinnnggg
WWIIIGGGGGllyy
wIIGGHHHT
wwuGGHHHTT'sss
WWWoGHHTs
wIggLLeeettt
WiiiggLLLOtt'S
wwUUUGLLLIIItSS
wwwIGs
wwwooGWOOOG
WWWeeGGGwwwaGGG'S
wIgwEEEGGgggUDD
WWWegggWWWAAggggIIINNg
wwwiigggwwaaaggsss
wwwOOOGWWAAAMMM
WWWiiGGGWWaaam'S
WWIgWWWuuMMMs
WOkkkii
wwwIIIkI'sss
wiiikkiiiss
WWiiKKUOP
wOOlllddd
WWUUULLLDDD'sss
WIILLDDDccAAAT
WWIILdddcccAAttt'sss
WWiLLddcoTTS
wwIIILLDcATTTttteeDDD
wwwIILLDDCaTTTerr
wILLDDccATTTTTuuuRRR'sss
wwwEELDDcccAAATTTTTEEERRs
wwweeLdcaaTTTiiiNG
wwiiLDDDabbOOOEEsstt
WWWIILLddEEEbbbIest'ss
WWIIIlllDDEBBBEEEEEStttsss
WIILdOrrr
wwwiLdddeerrrnnesssSSS
WWWAAAlllDDaarrrnnnEEESSSSS'S
wwwEllDIIrNNNeSSSSiisss
wwiLLDoosttt
WEELLLdddFirreee
wwwUllDfiRe's
wwUUULLdfffiRResss
WWiiiLddfLLLuuwwuuur
WWalldddffLLLooowwUUURRR'sss
wwiiLLdddfliwwEEERRSSS
WWWIlDDDFOOwll
wIIllDDFFIWl'ss
WWOLdddffIWWlss
WWWUUULLDDDEEnnggg
wwwIIIlldddlliiiFee
wIIllldlllIIIFFFUUU'SSS
wwAlDDDLLIIInnGGG
wweLLLDDDLLLYY
WWWOldddnnnEEssss
wwwaaldddnUUUsSSS'ss
wwULLDDss
WWWuuulllDS'ss
wIlldddwwwOOOOODD
wilEE
WWWILLLeee'sss
wiLLed
WILLLEES
waalllffUll
WAAALLFaaally
wwwEElFFUlnuuusssS
wiilFulnaaasss's
WWUlllEEEAAR
wUUlllIESStt
wILLAAllyyy
WIliiiNNNeeSSSSS
WWWIIILLanIISs'SSS
WWiiiLLLuuNggg
wIllLLL
wwiiilllLL'sss
WOOlllLLObbluuu
Wiiillllleeeddd
wwwOLLLLLLeeTTT
WaaalllllOOTTTS
wiiiLLlFFFAAAl
wweeLlllffEELLLLy
wwwILLLLFFOOOlnneess
wwwOLLLLLFFUlNNNaaasS'ss
WWIILLLlliEEE
wwwellIIIEEs
WWWILLLLLIIeS'S
wIlLoongg
WWWoLLlENGGLYYY
WilllliinGGNNNeeSSSs
wwweeellllINNgNNNEsss'SSS
WWWellLLLIIwwAAWW
WWiiLLLLeWWAAWWW's
WWWaaLlliwwwAwSS
wwwIIlllOOOww
WIlllLOOWWW'SSS
WWIILLLLLaaawiiieeRR
wwiiilllLLLiwwIuuuSTTT
wILLoooWWs
wwwiLLlllOWWWWeRRREE
WWoolllIIWWwiiRiS
WIILlluuwwYY
wwIIIlllpooWWeerr
wwuuuLLLlpIIWWWir'SS
WuullLLSSS
wwwIIlllLLy
WWIIIllLLyyWWaaawww
wIIllttt
WWWIILLTT'SSS
WILTTaddd
wwooolTIIINGGG
WWiiLLTTss
WILLyy
WeMBBBlllee
wIMBBBLeesss
WWWIMMP
WWWUUMMMPP's
wwwEMMPPPeeeddd
wwwiiMpIIeeR
wwwIMMMpIIIEEEssttt
WemPPPiinG
wIIIMPPisH
wwwEMMMppiSHHLLYY
wOmmPPiSSSHHHnUUUSSSS
WWeeMMMPPPlllUUU
wwIIIMMMPLLEE'SS
wwwooMMMPPLEdd
wwwiiimmPPPleeeSS
wwImmPLIIInng
WIIImmpppSS
wwIImmppyy
WWWiiinnn
wiiiNNN'SSS
WWAANNccaa
WWIINNNcoo'SSS
WWinCoDD
wIINccEEEss
WWInnCCCHH
WWinnnCh'sss
wAAnnnccHHHiid
wwooNNccchEEESS
wwwInncchhIINNGG
WWWIIINNCiinng
wwwIIINND
WWWIIINdd'SS
WWWenDIggOO
WWiinndaggeesss
wwweeendddBBBOOOg
WInndddbbbaagg'S
woooNDDBAGsss
WWWAAnnndbbbllooWN
wiNNNddBOOiiinnnddd
WWWAANDDDBRRaaauukkk
wIIInnDDDbbbRReeAAKK'S
WWWIINNNDDDBBBReeeAKKAr
WWiiiNdddBBRRReAAAKKeeerr'SSS
wwwAAnnndbbbRRRuuuaakIIIrrsss
wwwIIInndddbRReAAkss
wwwinnDDDbbbuuurrrNN
WWWeeNDDDbbburrrNN'ss
WInnnDDbbbOOOrrrnnneDDD
wwwiiNNdddBBBUURRntt
WWWIndcHEEAATTTeeerrr
wINddcccHeeAAtteeeRS
WWIIINdChhOOll
WWIInnnddcccHHIIIll's
WWinnDDid
wIINDDDUUUr
wwwiinnDDDIIIr's
wwinDDDoors
WWWoooNNNdddFFall
wwwIInnDDDFFaalllll's
WWWIIINDDDfffUllllsss
WWWUUnnnDDDFFlOOWWWeeRR
wwwOOONDFllleewweeRR'SSS
WWIINdddfffLLLiiiWWWOOOrrs
WWiiinnndgggAAAllLLL
Wandddhhooovverrr
WInnnDDiiaaarrr
WWenDEEEeesTT
WUUNdigggA
WWWiiinnddIILLYYY
WWIIINdddIIINNEEESSSss
wOOONNDDDoonnOSSss'S
WWiNNDANNNg
WWiinnndiiing'SS
WWWiiNNNdOnnnGss
wwiNNddjjjAAAMMmERRR
WWIIINDDDjAMmmmIIrr'sss
WWaanndddJJiimmMeeerrSSS
wOOnDDDLLLaSSss
WWWIndllleSSSSS'ss
WWinddLAAsssseeSS
wiinnndddlIsssss
WWWaaaNNdddmmiLLL
WWWuNNNdmmmILLLL'ss
WWIIIndddmmiiiLLLlllEdd
wwwuuNNDDDmmaLLLluNNNggg
WWWaaannDDDMMaaaLllss
WWiiinnnDDOOOw
WIINNduww'ss
WiNNNDawwdRRESSSSS
wwuuNNNDiiiWEDD
WiinDowwwoooNNNggg
WWuNNNDAAAWlEESSss
woNNNdddOOwwwLLughTTT
WWWIIInnDoWppAANa
WWWinDDOOOWppAANNNEEE'SSS
WWOOONDAWWWppAAAnnEEESSS
wwwaaannnDooowsss
WWWAANDDiiWWSIIll
WiiiNdoWWSiiLLl'SS
wwwIINNDDoowwwsIIlLLsss
WWAAAnnddPPPiPEEE
WWWiiNDDDpppiiPPii'SSS
wiiiNNNDDDPuPPeeS
WiinnDDDpppROOEEf
wwinDDDrOOOw
wwwiinddRRUUUw'S
WWWIINDDRRiiWWs
WWWinnnDDDSS
wunnnDDSSUUUiLL
wINdddsscccreeEEN
wwwaaNNNDDsssccrrrAIINN'ss
wwwIINNddssCRRRoooEENNs
WWWiiNNNDDDSSSHHHoeelld
WoonnnDsHHiiiuldd'SSS
WWWiNDsHHHuEElllddSS
wwwiNNDsOcckk
WWaannnDssseeCKK'S
WWOONNNddSSSOcccKKsss
WINNdddSSSTTTOOrrrmm
wiinndddstIIRmmm'S
WAAnnDDSttAAARMss
wOOONNdSSSurrf
WWWINNdssuuurfed
wwinndSSorrffeeeRR
wIIINDseeerrrFFFEEErrr'ss
wwwiiinddSSSurFEEErrrss
WWAAAnDSSerrFFFannggg
WiiinDSSSIIRRRFFeeennnGGG'SS
wwwINNNDDDSSSURRRFSSS
winnDDsssWWuuuppTTT
WindtttiGGGHHt
WIIndop
WIInnDDDIIIPPP'sss
WiNNdddUpppS
WiiiNNddwwARRRDDD
WeeeNDDDwwwaaaRRDD'ss
WUUUNddyy
wwwIINNE
wwAAANe'SSS
WWWOOONibbbAbbbbbor
WWinnIddd
WWINNEEgggliiSSSSS
WWWIInnnoogLLAAASSSS's
WWWoooNIIggglllaaasssSSSEEEss
WIIINNNuuugggRRRUUwwweeeRR
WWWIInnneGroWWWEEEr'sss
WWUUUNNNEEGGGrrrooWWooorrSS
WiiiNNEEEMMMAAKKERR
wwinnAAAmmmuuukkeeeR'SS
wwwEENNEEEmmAAAKKARss
WWuuNNUpRRuusSSS
WWWiiiNNNeprrroossSEEs
wENIIIrrIiiis
wwwiinnneeeRRyy
WWUUUnnnOOOrrrYYY's
wuuuNNNEEss
WWWEEnnnaassshOOOPP
WWEEENEEskiinn
wwinEESSKKOONNss
wwwuuunnngg
WWiinnG'SSS
wwIngbbaaCk
WuNNNGBBBaaCkkSS
wwiinngdonnnGG
wiiiNNGGDDDIInnngg'SSS
WiiiNNgdddIngS
WWEEEnGuddd
wwwUUUNGGGeeeRRR
WooNGGeeRRsss
WWWAAANNNGGOONGG
WinnngggLLLiiiSSSS
WoNNggLLeT
wwwIInnGGGLuuKKeee
wweeennnggeeeVIIr
WWWIIINgs
WWWIIINNNGGsssppeeen
WWWeeennnggsssPPPuuuNNN'ss
WWINGsPaans
WiiNggSSSppRRRIaaadd
wwIInnnGGGssPPRREaD'SSS
WWUUNNgggSSSPPPRRREiids
WiinnGTTiiPPP
wiiiNGGGttiiiP'SS
WWiinGGTTipppS
WWIInnniiieeerr
WWiiinnnooIIIsssT
WiiiNNNiiinG
wwwiiiNNK
WWiinnk'sss
winKKKeeeD
wwIINNNkOOOR
wwwINNNKeeRRR'ss
WWuuNKKKAAArrrSSS
wwwiinkkuuunG
WWWaaanKKKlleee
wwInnnKLLEE'sss
WWinnnkllleedd
WWWoonnkkLLLIIIS
WWWeeeNNkkklllonnGG
wwEnKKKs
wwwAANNNiBLE
wwaNNNIIR
wwinnnnnerrr'SSS
wwaaaNNNNNerrS
wIIINNAANNggg
WWWIIInnnnnnonnggg's
WuuunnnNUnnnGGGlllyyy
WWunnniNggs
wwENNNNNow
wwinnnnniWWEEED
wwiNNNNNNoWWeerrr
WWiNNNNNooWWWEEEr'sss
wwiinnNIIWEEERRRS
wwwiiNNNnnnOOWWWiiiNNGG
wwIIINNnoooWWs
WWuuuno
WINNeee'S
WaaNNNOSSS
WEEENS
wwOOONSSaaMMeee
WWiiinsssUUMMMaaLLYY
WWWiNsOOOmmenESSS
WWeNSSSOOMMMIIINISSSSS'S
WinnnsAAmmmUUr
wooNNNSSaaameeeSSSTT
wIIntttEEErrr
WWOOnnnTTeerrr's
wwwaaannttoRRREEED
WWiiiNtttIIrrrfffEEEEdd
WaaaNNNtEEErrrgggRRREEooon
wwwiiNNNTTEErggrrrEEEunn'S
WIInttEERIIeeerrr
WWWiNNNTTiiRRiiEEEssstt
wwIIINNTTTeeRRiiiNNNggg
wwwUUnTTuuuRRIIzaaatttaaaOOn
wwwiiiNNTTAAARRRiZZuu
wwwENNTeerrUUUzEddd
wwuuNTTTeeeRuziiiSSS
wwIInnnTTeRRRIzziNgg
wENTToooRRkIILLlll
wIIINNNtaRRss
WWiiNNNTTTEERttiDDEE
WWWUUnnTerrTTTooMMME
WeeeNTTERRtttIIIMa's
wwwaanntteeeRy
wwiiinnTTrriiEER
wUUNTRReeEEsttt
wIINTTRRRuuNNNEESS
wwwUUNNNTTTRYYY
wwinnYY
WEEEnnzzeee
wwwIpppIII
wwIIIPu's
wwwIppOOddd
wwwuuupEEERRR
WippEEr'SS
WWiiiPeRRss
wIIPaaS
WWWIPPiiinnGGG
wwEErrreee
WWWIIRRee's
WWWIIIRRREEdd
WWWiiRRReeeDrrreeeW
WWWIIIRREEEhAAAIrrr
WWWiiirrroHHHIIIIRR'sss
WWWaaaRRUhIIIIIIRRRIIIDDD
WIIIrrruhhIIrrrss
wwwiiRRREELLLEEssSS
wwURIlllISSSS's
wERRELLIIISSSsESS
wwwIIRaaammInnn
wOOORuuuRR
WWWaRESSS
WaaarUtAApp
WWWirrEEETTapp'S
wwweeRRAAtttOOppPPEDDD
WWWiiirUUTTAAApPEEERRR
WWIIIreetaPPPpppEEErrr's
WIIIrrEttIIIpPAAARsss
wwiiirrreeeTTTIIIpppppUUUNGGG
wwEEreeeTAPPpppiiNGGG'sss
wwIIRRREETTaaPss
WWWiiiRREEWWOOORRRkk
wAARuuuWORRkkksss
wIIRRRIIIWWWerMMM
wwOrrriwOORRMMSSS
WiiRRRiuuuR
wwwiiRRaaEESSSTTT
WWUreNNNEsS
wwirrriNeesS'sss
wIIIRRRUUNG
WWarUUnnnggg'sss
WWIRrU
WirrrYYY
wiiisssDOM
wwwIIsssdddEM's
wwUUUSSSEEE
wwisEEE's
wuuSSEEEaaaCRRRee
wwwiiiSEEEaaaCrrrII'SS
WIISEEEAAcrUUUsss
WWeesaacccRAAACCCk
wiiSSEEECCCRRRaCKK'S
wwiissIIICCCRRaaaCCkuud
WWAsIIcccRRRaCKKKINNNgg
wwiissUcccrrUCCKKKSSS
WWIISiid
WWEEEssUGUUUY
wwwaasEEgggUUyyySSS
WiSSSeellYY
WWWiiSSeeenheeiiimeeeRRR
wwissiiiNNNHOOemOOOrrSSS
wwwiSSSenntt
WWWaaaSSaaNTTTS
wwwoSiR
WiissOss
wwwesssISSt
WWUUSSShhh
WWWiiishh'SS
wwooosssHHHBBBOOnnnE
WWWESHBooNe'ss
wishhBBOOONNNoooss
wwiiSShhuuuDD
WWWUUssHHErr
WWASSShhhOr'S
wIShheRS
WWWOOShhhEESS
WIIISSShhFFUll
WWisHHHfUUllly
wwwiiSShfffUUULNEESSSSS
wiiiSSShhFFFuuLLLNeeeSSSSSSEESS
WWWIIShhennnggg
WWisssiinnggg
WWWiiiSP
wwwiiSPPP'SS
wwwIIsssPPPIor
WoooSpppieeeST
wwwiSSppps
WWWiiissspYY
wISTT
wwwUUUssstttaRUe
WWWuuuStErrOOIII's
wuuStttaarraaaaaSSS
WaasssTeeeRRRIIaaa
wwwEEEstteereEE's
WWEEstteeRiiaSSS
WWWIIStffeLL
WEEEssttfffOLLlllyyy
wwiisstfffAALLLnnniSSSS
wwwIIISTTTFUULLLnnEEssSS'SSS
Wott
wwwittt'SSS
WuuuttcccHH
wwIIITTTccchh's
WWuuuTCCCHCrUffttt
wwwETTTcHCCrrrAAAFFT'ss
WWWuuutcccHHDDDoCTTOrrr
wwOOOtChhDDaCCCTTOORRSS
WWiiittccchhhUDD
wwUTcccHHUUURyy
WIIITTcHHEERRRy'SSS
wwwItttccHEsss
WWWoTTTCCHHGGraaaSS
wwwAATTcccHHHGGGrrrEsssSSSaaSS
wwIIITTccchhhinGG
wwittccchhhyyy
WIIteee
WWWItaaanaageemmmUUtt
wwwiittthhh
wwwIIIthhhaaalll
WiTTHHddrrrAAAWWW
WWaaThhDDRRAWWWAAAll
wEEETTTHDDrraaWWWall'sss
WuTTHDDDrraawwals
WWWIITTHddRAWIInngg
WeTHHHddrrrAWWnn
WOTTThhDDDREEEWWsss
woTTHDrrrAAAWWW
wwEEEttHHHEE
WWWIIttthheee'SS
WWEETTThhaaaddd
WWiiiThEEErrr
wwuuuTHHIRRRiiD
wwuuTTTHorAANg
wIITTHIIrroonnnGGGLLLyy
wwwOOttHHHEERRRaNNNGs
WWWUUttthhURiiiTaaa
wwwuTHHeeerS
wwwOOOTThhhEEErrSS'SS
WWWITTHooorrsssHHHoNSS
wwiiittHEEEs
WWWIIthhhhIIIllld
WWEThhHHHooolllddd
WWWIItttHhhhallDDDIIInnng
wwoootHhOOlDDUUNNNg'sss
wiTThhhHHHelldSSS
wwwIttHHHieeeSS
wothuNNN
WWWeeeTTTHHAAAnnn's
wwwIIItHHHaNNNdddoiiRRss
WWWiiitHHHEEEngg
wiitHHHoUUTT
WaaatthhoooeeetttDDOeeerrs
wwwiiittHHStEEEnnnddd
wwwuthhSTTTAAndIIINNNggg
WWITTHHHsttOOnnDSSS
wwwiiTHSStttoooAdd
WIItthhhY
WWWIIITTTLLissSSS
WWaTTTllEEESSSSSly
WWWIIItttlllOOOsssssnnnIISSSSSS
waatlleSSSSnnaaSSSSS's
wwwiiittliiNNG
WOOttNNNEEESSSSS
WiTneeeSSSSS's
WWeeeTTTnaassSSSeeeD
WWWiiiTTNNNeeSSSeeess
WWiiiTnessssIIInnngg
wItttS
wwiiTTS'sss
WWIITTTtttEEEDD
WWeeetttteeeRRR
wwwUUUTTTTTTERRRuddd
wiitttTTerrreeeNNgg
wwuuutteRRSS
wIIITTTTIICCiiissM
WWWEETTTTTiicUSSSM'S
WiiiTTtoCCCiiiSmmss
weetttIIAAArr
WWiittIOSSST
WWiTTTtOOOlyyy
WWIIttTTIIInneeessS
WWWItttTTTONNOOOss'SSS
Wottiiinnngg
wwwIIttTInnnGGllYYY
wwweeTTTTTUll
wwwiiiTTTTyyy
wwooovOO
WWWivvvOOODDD
wwIIVEErrNNN
WWAVVerrrnsss
wwwIVVESSS
wwiiiviinG
wiiiZZZ
WWWIz's
wwaZuuRRRD
WiiZAArrDD'sss
WWWiiZZiRDly
WWizzzAArrDDDRYY
WWWOOZZZaaardryyy'sss
wIIIZaaarrrDDDSSS
WWWiZZAAAnn
wwOOOZeennadd
wwOOOZZis
wwEEEzzzUUUSS
wwO
WWoAAD
wOOOAADDD'SSS
WWWOOAAADuuddd
wwwooUUdWaxeeeNN
wOOOedddwwAXennnss
wwwOEELd
WWWooobbbBBBlllOOO
WWooobbbllEEE'ss
WoBBllluuuD
WWUUUBBLLLeeRRR
wabbbBBBLLEs
wwwAAAbbbBliIRRR
wiibbbbLEOOsssttt
wwoooBBBBLIINNaSS
WWWoobbbllloNaaasS'sss
wOOOBBbLLLoooNNNggg
wooBBBBBBLyyy
WWOOODDGee
WOOODDDgggEEESS
wEEE
wwwaaaa'ss
wwoooIIIbbEEEgggIIno
WWWOOOEEFuul
wwaaaoooffeeellllllEEErrr
wwEEEEEEffuulllaSSST
WWWOOeFIIIlllLLYYY
wwEEEFoollnEEEsssSSS
WWiiffuLLnOOOSSSS'SS
WWWoOOOS
WWofeeel
Wooggg
wwUUggSS
wwwOOKKK
WWoKK'S
wwwookke
WWWeeekkuuNN
wwooKKKSSS
WWWuuullldd
weelllddd's
wooLLdddSS
WWWoooLfff
Woolf's
wwOLLfffeeDDD
WWaaalffFoooSHH
wwuLLLfHeeeunnnddd
wwulfffHHOOOonDD's
WWWOOOlllffHHHUaaanddds
wwIIIlllFFFuuuNg
wwOOOLLLFiSHHH
wwwOOLLLFFFiiiSHHllyy
WWWUlllFFREm
WWWOOOLLLFFFrrrUUUMM'SS
wOLLLfrrrAmmiitttIII
wwOLFrraaMMITTTiss
wwwOOOLLfffSS
WWULLFFSbbaaannnEEE
WWWILLLfffSBBBAAAnnneeess
WolllAAASSStAANNNITTTi
wwolveeeR
WWaLLVVoRRRENUU
WuLLvvveerrriiNNEEE'SS
WooLLVVVeeeRRRiiiNNNEESS
WWWOOOlllvvvooss
WoommmANN
wEEEMMAAN'S
WWOmmanhhOUUD
wimOOONHUUUOOOD'sss
WWWoMuuNNNoSHH
WWWOOOmAANNNiZZE
wuuuMMMooonnIIIZED
WWOMMooonnaaaZERRR
wEEMMAAnUzzzEEEr'S
wuuumaaaNezzeerrS
wUUUmmaaaNOOOZZaaas
WOOMMMannOOZZZiiinnnggg
WIImmaaNNNkkkeeeNNND
WommANkiNdd's
WWAmmAnLLEARR
wwAAmmannllliiEEsssT
wwwAAAMOnnnlEEkO
wwwEEmmAnnnLLLIIkkkuu's
WWommmunnnlluNOSSSS
wwOMaaNNNllliniissS'SSS
wwOOMMMAANLLYYY
wwoommBB
wOOOmmmBB'SSS
WOOMMMBBBaaaTTT
wwooMMMBBBAAAt's
wwwoMBBBuuutSS
wwwIImmBBS
wEEEmmUUUNN
WWWoommmeenfffOOOllkk
WWWOmmOOONNfffOLKKK'ss
wooMEEnFFeLLKKKsss
WWooommmuNNFolkksss's
WIIImUnKIIND
WOMMErruu
wwwooomMEEErrra
WIIINN
WWOOOn'SSS
wwEENN't
WWOOOnddErr
WWWiiinndaarr'ss
WWaaannDareeedd
wOnnnDeRfffIILLL
wwonDDDoooRffollllllYYY
wwooNNNdddEEErrrffiiLLNNUsssss
WWWoonDDeerrFFFULNOOSSS's
wunnnDDDeRinggg
WWWUUnddUURROOONNGGGlYY
winDDDiiiRRllaaaNNNddd
wOOnnnDEEErrrLLLAANdd'S
WWWIIINDDIIrrLAANNNDDs
wwwEEENDDeRMMMeeNt
wwOONDeeRRMent'SSS
wOONNDDUUrrS
WoooNDDDeeerrrWWOOOrrrK
WWOOONNNdddrrroooeesss
wwweennddRRRooeeeSSSlyy
wwiiiNdrrroooasNNeeeSSSSS
wwENNK
wweNNNkkk'S
WWWAANNNKKoooerr
wwoNNNkkIIEEESSSTT
woonkkksss
WUnkkyyy
WWWooonnt
wweeNttt'SSS
WWaaannteeedd
WoooNNNTAAnn
WoNNNTTToooN's
wwOOOntoonnSS
WIIIooo
wwwoooOddd
WWooD'SSS
WOOOodbbiNNNEEE
wwwOOooDBBBiNNOOO'SS
WWooouudddBBLaacccK
wwOOOOOOddBBlloCCkkk'sss
wwwaoodddbbblllOOCKKKs
WOOOedddBBaaarrrER
wwwOOOoooddbuureeeRRS
WWWOOaaDDDceRVVVAARR
WWeoDDCCCIRvEEErr'ss
WWWoooOOddCCCEEERRvErrSS
waoooDDDCaaaRRvviNgg
WWWoaaadcAAArvvinnggg'SS
wwUOOODDcccaaaRRVVInnnGGGSSS
wwOOEEEDDDcHHHuppPPIR
wwwoooDCChUUUCkkk
WWWoooOOOdChUccKK'SS
wwooIIIDDDChuuuCCkss
WOOUUUdcaaccKKK
WWAUdCCCaaCCk'S
WWAAAUUUdcccooccckkkSS
WWWOOaddCroFttt
WWWooooDDcccrrraaFFtt's
wAoooddcccaatt
wwwOOOooddCIIITTT'ss
WWWOOOiiddCCCuTss
wOOeddCCUUUTttEErrr
WIOOODDCuuttTTTeer'S
WiOOOdCOOOTTTTURRSSS
WOOOEdCCCUUTtttIIInggg
wwwOOodddcooTtInnnGG'S
WoooddEDDD
WWOOOOOODDDEnn
wwoooIIDeeenOOrrr
wOOuDDDanuuuSST
WWoOOODEENNNhEooDDD
wwoooiiiDDeeenlyy
WWWOOadUNNnnnEEESsss
WWWOOOeDuunnnnnESS's
wwwOOOOODDOnnweeeRRREE
wEEOOODDiErr
WWooEEEDDDEEEEsss
waaAAADIIOssstt
wwwoaDDENEESSSSS
WWoooUUUDDinnnEEESSSs'SSS
WooOOdAAAnnGGG
wwooOODDDlllUnndd
WoooooDDDlIIInnnd's
WWWooeeeDDLLLaaanndSSS
WWOIdddlliiccceee
wwOOOOODDDLUUUtt
wwOOOooDDDLLit'ss
WoUdLLaaaTTSS
wiiioooDDDLLiiiuuSAAA
wwOOoodddMAANN
WoOOOddmmiinnn'S
WaoooDMMMUUNNN
wwOOoDDnnnOOTee
woaadddPECkkkERR
WAAAEEEDpeeCCKKKeerrr'sss
wuOOdddpppeeecckkkERs
WWoaDppOOOLA
WWWiOOddpAlEEE'SS
woooaadPPIluuusss
WWEEEIIdddpppRRRIINNt
WOOIIIdRRRUUfFFF
wwaUUDRRuuFFFfSS
WWOOOUUUDDsss
wwwUUUOOOdddss'SSS
WWUUOdSHHHad
WOOdddSSSHuuuDD'SS
woooodddsshiDSS
wwwOOODssIa
wwwooodddsssUUUASSS
WWWOOOEDDSSSiiior
WWOOOoooDDDSSSIeeeSStt
wwwiEEdSSINEEssss
wEOOdddSiiiNooSSSS'S
wwOoooDsssmoNNN
wooDDssmmmaaNNN'SSS
wwwooOODsssMMMIInnn
WoodddsssYYY
wwwOEEEDwwwaXXiin
WWoooUUUDDWWWIxeNNNS
WWWooooddwwiiiNNND
wwwoOOODDWunD'SS
wwwOOOODDDWWWonnDDss
wOOOoddWUUUrrkk
WUuuuDDDwwIIRRRk'ss
wwwooOOOdddWWoRkkaaar
weODDWWWoorkkArr'SSS
wwwOOoDwwwAARKKKeeRRs
WWoiiDDDWWWuuuRkinnGG
WWAAAidwwOOOrrkkiiiNNggg'SS
wwoooODDWiirrM
WWAAAOdddwwoooRRRmmsss
WWWiOOODyy
WaaooDyyy'sss
Woooueeeddd
wwIIiiAArrr
WWUUOOOeeRRR'SSS
WaaaIIIIIIrs
WWoooIIfff
wwOOOUUUF'S
wwOOEEfffEEddd
wwIoFFFiR
WWWOaaffER'SSS
WWWUiiifferrrSS
WWWAoFFFiiNg
WOOOoffsss
wwooOOiingg
wwOOooiNNgSSS
WOOAAAlll
WuoooLLL'SS
WWWoooolllooodd
WWOOOULLoNNN
wwEEEOllEEnn'SS
wwwOUUUlleeNNSS
WoooilllfaaaLLL
wwOOOOLLgggUUTTHHERRR
WeeeOOLLLgggEEtHerrrAAAd
wweeeeLLgggATThheRRRiiNNgg
wwwoOOOLLLGGGoTheRRRiiNNNgg'SS
wooouullgAAAttthUUURSSS
WWWIIoollGRRROOOWWWeeRR
WWWOOOOOOLIaa
WoooOOLLaOO'SS
WUOllIIIiiRRR
WWWuuolllIIIEs
wOOOOllliEST
WiIlllAAANOsSSS
wwouLLLlllIaar
WiiiOOOLLLLiiesss
WOOOOLLLiiEEsTTT
wOOeellleeNEssss
WWOOOOOOllllIIINeSSSSS'SS
WoooLllY
wwwOOoooLLLllly'ss
wooOOLLLPPaCk
wwaaaoollS
wOOOolsssecKK
WOOOAALY
woOOLLLYYY'sss
wwaEEmmmuuuRRii
WWWEEEooPPsss
wwwOOOOORelllo
WooooSS
WWOOOOOzzairr
WWEEEiizzIeeesssT
wwooooooZZZUULLYYY
WoooaZZAAANNEESSSS
woooZiNNiSSS'SSS
WOOOooozzzyy
WEPPP
WOpss
WWWooorrD
WUURD'ss
WAArDDAAGi
wwIIRRdeeggeee'SS
WWAAARRdbbOOOooKKK
WWeeeRRddBBeeeOk'S
WWWOOOrrDDDbbbaaaeeekkSS
wwuuuRRDoddd
wwUUURDDDaaaeeRR
wwwoooRddEEEiiissst
WWeeRRdddAAlllYYY
wwwaRRRddduunniiSSS
wOOOrrDInuuSSS'S
WooordddiiinnnG
WWWIIRRdiNNNGG's
wOrDDiinnnGGs
WWorrdLIIISSss
waarrrdlleeSSSSSlllyy
wwwOORRRdddPPLaaaYYY
WWWAArDDPPPLLLoooyy'SS
wwwoRdddsss
WWWoorrrdddsssmUUTTTH
WeRRRdddSSSMMItthhhs
WOOORRdddyy
WWOREE
WWoooRRRkk
WWWAAARKKK'SS
wwEERKKKoBBiiiLiTY
wwwoRRRkIIIblE
wooRRRKaaaBLLooNNeeessS
woorrrKAAADayyy
WWWoorrrkAAAhhhOOOlIIIC
wwoorrKEEEhoolUUCCC'SS
WWWIIRRkkaahhooolliiicccss
wUUrrKBBag
wwwOrrKKKBBBigSS
wwwooRRkkBBBAAASSSKett
wwwOOORRRkBBBAASKoTTTss
WiirkkkbbbeNNNccHH
WOrrkkBBinncccHH'S
WWoooRkbUUUnnnchIIIsss
woorrkbbbIIaakkk
WWWorrrKKKBoooK'SS
WWWaaaRkkkbooOOOkkkS
wwwIIIrKKDDAAAYYY
WOOORkkkdOOY'SS
WWoorrrKKdddAysss
WWWOOrrrkkkEEDDD
wwwIIRRRKeRR
wOORkkeeeRR'S
wUURKKKEERRRss
WWWOOrrkkkFAAArii
WWWAAARRRKKKfffaro's
WWWOrKKKffooRRCCCuuu
wiiirrrKFOrrcEEE's
WoorrrKKFOOrcccUS
WOOORRkharse
wwUrrrkhOrrSSSu'S
wwweeeRRkkkHHHooRRRsssESSS
wwoorrrkkHHHuuOOOSIII
workkHoUUUseee'S
wwwOOrrrKKKHHOOUUssooosss
wOORKIIINNNGGG
WWWIIIRRkkkiiiNNNGGG'SS
worrkkIInnGMMiNN
WWWARKKKinnngggmmaaannn'SSS
wwwORKIIINgmmmEEEN
wwORkkAAnGss
WWWAAARRRkIIINNNgSS'sss
WWWOOrrkinnngggWWWUMuunn
WooorkkUUnnngwwommaaNN'ss
WWoorrkkkiiNNGGwooMMMinnn
WWWeerklOuDD
WorrkLLOOOD'SS
wwwiiirrrkkklloooAADDDs
wwORkkmmmUUUNNN
wwOORKKmEn'sss
WWOOORKKMAAANlllIKKKA
wwAARkkMaannnLLYYY
WWOrrkkMMAAAnnSSSHiiiP
WWWuRKMMMAANNssshhAAApp'SSS
WWiiRRRkmmUUTTE
WWWooorrrKMEETTeess
waarrKmmaNN
WoooRRkOOut
wwwoorkkkoooOT'ss
WWOrrrKKOOOOTTTss
WWooorrrKKpppEiiPPLLee
WWWIIRRkkPPPIIEEccuu
WWWooRRKKKPeeeeeecccuuuSS
WOORRKKPPlllACCCE
wwwuurrkppLLuccEE'ss
WWWIrrKKpppLAAceSSS
WWWIRRRKKKRROOOuMM
WWWUUURRRkrEEaaaMMM'ss
wwOOrrKrrOOOOOMSSS
WOOORRRkks
wwwiiirrkkSSS'SSS
WIIIRkkksHHHeoott
WWEEERRRkkkSSShheeeEEEttt'SS
wwooorKKSHEEEEETSSS
wworkkssshhhOOp
WWWIIRRRKssHHHiP'ss
WWWooRRRkkshhhupppS
WWIRRRkkSSHHy
WWIIRRkSSSppiiiccOO
WWWUURkkksPPPAAAccisss
WWWiiirkkksTTTattIon
WoooRRRkSTAtiUUUNN'S
wwwOOrrKKSSttuuTTTIIooonnSS
woooRKKKTTTaaBBBLe
wiiiRRKKteebblllOO'sss
WWWorKKtttAAAbbLaaaSSS
WWWEEERKKKtEEEP
wwwoooRkkTTopppsss
wwOOrrrKKKUP
wwwiiRkIIppp'sss
wwwEErKOOPPPS
wwwOOORRKwwwEEeeKKK
WOOrrrKWeeUK'ss
wORRKWWWeEkkS
WorrrkkkwoooMMaaNN
WWaaaRRLLLdd
WorrrllDDD'SSS
wwuurrLLDDLiIIRR
WWWERllDDDLLUUeeessT
WWWOrLLLdLLLoNNNiSSSS
wERRRLDDDLIIINEEsss'SS
wwOOOrrrLLdddLLIIngg
WWWIIrrldddllyy
WWOOORRLLLdddss
wIRRRLLLdVIIEww
WArrlllddVVeeeww'sss
wwwUUUrrrlldVVViEEWSSS
waaaRLLddwiiDDDo
WWOOrrm
wOOrrmmm'sss
WWOOrmmeedd
worrmhhoooLA
wwIrrrMhOLLLe'SSS
wORRRmHHHEELLEEsss
wwwIrMIIIAAAR
WWWORmmIEEESSST
WWeeerrrMMINNNeSSSss
WWWOrrMuung
WWORRRMS
WUUUrMSSeAAddd
woooRRMMsssEEEEEDDDsss
wIIIrrMMwwweeiiiDD
WWWerMMwwUUUUUddd's
WWurrrmmYYY
wwwArNNN
WWWooRRRrIIIdd
WWuuRrriiiEEEdLy
wORRRIIIEERRR
wwAAArrRRRiiiIIIrrr'SSS
WAAARRRRRuuuEEERRRSS
wooorRRAAAOOS
woorrIIImmOONNttt
WorrrrrriiiMMMENt's
WWORRRRiissOOmEEE
wwooRRRRYY
WOOORRRrYYY'SSS
wweerrRRyyiiinnG
WWWOOrrrRYYYooNNGGGLLy
WWWuRRRrrrYYinnggSSS
wOORrryyWIRt
WWoRRRryywwUURRTTT'ss
wwwOOrrrrrrYYWWWiiRRTTTSS
wwooorSee
WWWORRRSSSi'sss
wwwoRseNN
WWWOOrrrsssEENEDDD
wweeerrsseeeNNiiing
wwwaRRsEEEnnns
wwwAARRsssUR
wwOOrssHuuuPP
WWaaRRRsshippp's
WOORRSHHIIIppeeDD
wEEErrSSHHooopppeer
WWWAARRsssHHHiiiPERRR'sss
WOOrrshEPeeeRsss
WWWuurrrSSSHiiiPPFFFuulll
WWWaRRssshuuuPfffuuuLlllyyy
wuuuRsHHHIIpppaaaNG
WWWiiiRRssHHHiPPPpppeDD
WoorrrSSHHHIppppuRRR
WoorrrSSSHHHIpppURRR's
WWWOOrSHIpppppperrss
WWORRsHoooPPPppiiNNGG
wwOOORRshhhaapSSS
worssst
WWeeeRRRSTT'ss
WWWuuRsssTIId
wOORRssTTTEEDDD'SSS
WWooRRsssTTEnG
WArrrsTTTSSS
wwwooRRt
WoooRttt'S
wwwAAArtttHH
WWWeerrrtH'SS
waarTTTHHIIeeerr
WWWoRRthhIIIESSS
WOORTTTHIIIisssTTT
wwOOORttHHIILY
WaaaRRRtHHIIINNNissss
WWWOOrttthhhuNNAASSsss's
WWOOORRRTTThhhLEEEsssss
wwOOrrrTTTHLLLuuussSSLyy
wwOOOrrtthlUUUsssssNNNEEEsssSS
wIIIRTThllleeeSSSssnnEEsssSS's
wwOOORRRtthWWhhiLLE
WooRRRTHHHy
wwwOOOrrtttHHyyy'ss
WWOtt
WITTTcHHHa
wwweeelDDD
WWaaAAld'VVViii
wOolDDEST
wOOuLDDnnn'TT
WOOoollDs
wOOOULLDSStt
wwwoINND
WWEUUNNd'SS
wwwiiANNNdeDDD
wwwuuuOOONNDDDeeerr
WOUUnnddinGGG
wOOUUUNNdddS
wOANDwooRRtt
wwoovvaa
wOvvvEEEnnn
wwAAAWWW
WWoWW'SSS
wUUWEEEDD
WWWOOOwwwIIINNGGG
wOOOWsss
WWUUwSSSEERRR
WWrACk
wwwrriccck'S
wRaaacccKEEEddd
wwrrackiiiNNNG
wrocccKKSS
WraaITTH
wwwRRaauuuTTTHH'ss
WWruueeettHLuuKKKE
WWRRROIThsss
WRRRaNNgleee
wwrrreeNNNGLLLU's
WWRRooNGGLLLuuDD
wwRaaNNggLeeRR
WRRaaNNGGGllleeeRRR'SSS
WRRaaannglleeRs
wreeeNggllleeesss
wwRRuNGLAAANg
WWWrrrooNNNgglllunnGSS
wwwRRaap
WWWrraPP'sss
WWWrrrUUPPAArrUuNNND
wwrrepeeRRROOUUUNNNddd'ss
WWrIIIppAARRRoouuuNNNddS
WWRRRAPPpEDD
WWWrAAAPPPppeRRR
WWWRRROpPPOOrrr'S
WRaPPPPuurrSS
WrrruuuppIING
wwraapppPinnnggg'SSS
WWWRAAAppPPinGsss
wwwrAApps
WRRAPPTT
wwROOOSSSSi
wwwrrriiSSSSSU'ss
wwwrrrAsseess
wwrrraaaThhh
WWWreeetHH'SS
wwwRRRAthhfAAll
WRaaatHHffuullllY
WWRRAAtthhhffUUUllNOSSSS
WWrrrEAAkkk
wrIAAKEd
WRREaaakAAArrr
wRRRUAAAKKIIING
WWrrEEuuuKKKss
wwRReAAtttHHH
wwwRRRuAATTThhh'ss
wRRRIoTHHi
WWRRRiiiIIItHUUddd
WWWReeeITTHHIsss
wwrrUUEEETTTHHHINNggg
wwRRREathhhSSS
wwwrrooCKKK
wwwRReeeck'SSS
WWWRRReeeccKKKaaGGOO
WWWrrrAAAcccKaaage'sss
WREEECCCKKEEDD
WWWRRReeeCCCKAAARR
wwROOOckkkEERR'SSS
wwwRRiiCCkkErrs
WWWrreeCkfffIIIsssHHH
WrrriiiCCkkkffoLL
wRRROccKiiiNNNgg
wwwrroCCCKKKSSS
WWWREN
wrEEEn'ss
WWWrronnncchhh
WWWRRooonnnCCH'SSS
WRRRIIINNNccHHHUDDD
WWRRRenCCChOsss
WWWreenChhhIIInnnG
WREEEnnss
wwwRRoooSSSTT
WRROOsstt'sss
WWRRRiisssTTTeddd
WWrruusttteeeR
wreeessTTTUUNNNgg
wRRReeeSSTTTLLLuuu
WWWrreesTli'SSS
WWREEESSSTTLeed
WReeesssTTLLEEER
WressTTTllleeerr'SSS
wwrresssttlorS
WWrEEsssTlleeeSSS
WWReSSStLLInnggg
wrrrEEsssTTTLooNNG'sss
wRRREsssTsss
WrrrEETTccch
wwwROTcH'SSS
WWROOttCHeddd
wwwrrEEEtttCCChhoooDaaaRR
wRReeeTcHHEEEDeeSSTT
wRRReeetCCHHHiDDDlyyy
WritttcchhiDDDnnneeeSSs
WrUUUtttcHHAADDNEEss's
wRIIITCCChUUss
WWRiiieeeR
WWRRIIeestt
WWrriiiggGGGlllE
WRAGGGggglleee'S
WrrraGGGGllEEDD
WWWRRRuGGGGGLLLeeeRR
WWWreeGGGllErr'S
wRiGGGLLEErrrs
WraggGllEEs
wwwrIIgggLLiiiEERR
WWrriGGGGLLiieeeSSST
WWWRUggggLLiiiNNG
wrriiGGGllyy
WWWrAgHT
WRRRoGGGhhhtt'SSS
WWrighhtss
wwwrrreeennnGG
wwRiiiNNNgg'sss
wwRiinnGoooRRR
WWrinnGGar'S
wwwrrrIIINNNGGGeeeRRss
WrrrIIINgggiiiNNGGG
WWrInnggs
wrrinKKKlIII
WWRRRiNNNKKKllEEE's
wrrINNNKKKLLLed
wraNNNkklleeeSS
WWrooonnklliieeR
wwwrriiinKllliieeS
WWWRIInnnKlliieeessTTT
wwwrriinkllUngg
wwrrIINkLYYY
wRRIIINNNKlllyyy'SSS
wrriSSt
wwwRRRISSttt'ss
WWWrraaSSTTTBBBAANNNddd
wrrrisTBBBAAnd'sss
wwwrrriSSTTbeeeNNDDDSS
wRRRIIsTTLLaaTTT
WRRiistttletsss
wRRRIISSSTTSSS
wwwRRRIISSttWWATCChh
WWRRIIISTWWatCCh'SSS
WWRISSSTTTwwUUtttchhhEEESS
wrrriiiT
wrIItt'S
WWWrrrIITTTAbbbLLLee
WWRRooottI
WRiittAAubbbLLLE
wwroTirr
WWWRRRaaatOOR'sss
WRRIIIttIIrS
WRRRIIItteeesss
wwwrrIItteeappp
wwwRREEETTThEE
WrIIITThE'S
WWRRRIIItHHeddd
wrrrooTTHENN
wwrEthasss
WRRRiiiTTHHHIInggg
wwRRRIIITOOnG
wwrruttiiinng'sss
wRitttUUUnnGSS
WWWRRRIITSSS
wwwRReeeTtIIn
wwwrrronggg
wROnnG'S
wwwRRRinnGGDDOOeeerrr
wwrrrUUUngDOOOUUUrrr's
WWWRRROOnnGGddoooERRsss
wwRRUUUnnngggDDDOAAANNggg
wwwRRROOnnngggDDDuuueNNGGG's
wwwrrraaNNggdOOOEnGGs
wwrOOOnnGGAAd
wwrraaannGGGERRR
WrOOOnnngissT
WrrONgggFFUll
wwrAAANgggfiillLy
WWrrUNNggFuuulllNNEESSss
WWrOOngggFOOOLLLnniiiSSsss'SSS
WWrOOnngghhOAADDEEEddd
wwwRRRAnnggghEaddeDllYY
wRRoNNNGGGhheeuuuddeddnneessS
WWrreenngggHOADDEEEddNNEEESSS'SS
WrooonngggeenG
WWWrrriingggLLYY
WWRRROngNNNOOSSSSSS
wwRRANNggnnesss'sss
WWWREENgs
wwrOTEEE
wRRRUUUttth
WWRROAAAGGHTTT
WWWRRuNNNGG
wwRY
wwrrrYYYorr
WrrrYYYEESTT
wwwrYYYLLYYY
WRRRynnneeCCCK
wwRYneCKSS
WrryNNNAAASSSSSS
wrrYnnneeeSSSS'SSS
wwwAAlfuuunniiittEE
WWWUNdARRKKuND
wwwuuuNDDDaaRRRKKKInnnDDDiir
wwOnnnDDDOOrrrKIIInnDDSS
wweeeRRRst
WWuRRSSt'SS
WWWuuurrsssTss
wuusssSS
WWUUUSSss's
WWIIISSSseS
WWWUUUsSSSIIOOrrr
WWWUUUssSIIes
wuSsIEEst
wwUssSSSy
wwwuuuSSY'sss
WyyNNd
WyysIIIWYYYgg
XXX
XXOOOnttthiiiTTeee
xENthhhEUUUn
xxxeennnTHENNe
xxAAnTTTHHec
XXoNNNThhIIInnn
xxuuNNtHIINNa
XXXAAntttHHIIICCChrrrOOIDD
xaaanTHHHiiChhRROIIIsm
xENNNttthhhOOpphhhYLl
xAANNNTTThhhOOOpHHHyyLLLlss
xxxANtHHOOUUUSSS
xxUUbbEEEcc
XUNNNIIIa
XonIcccRyyyssTT
XEEENNNoggammmYYY
XXUUnaaGGeeeNEEEssEss
XXXeeenoggennEEEsiiis
xxxEEENNalllOtthhh
XENNNoMMMooorppphhiiCC
xxeennOOOn
XXXennOOnnn'SSS
XiiNNNooPPhhoooBEEE
xxxEENNOOPhhUUbbeee'S
xoonnaaphhhObEs
xoNNNoPPPHHHOBBBIIaaa
xxxEnnoPPPHeeeBBBeeeA'ss
XXXuNoooPHOOObbicc
xxxARRARchhh
xxxerUUUcc
XEErrrIIddEErrrmmma
XXXEEERRoooGGGrrrupHHUcc
xxEEERRoGGGrOOOPHHHiiCCCallLyyy
xeeRAggRAAAPPPhhY
xErrrOOOgggREPHYYY'SSS
xxEEERROPhAAgy
xxxoRaappHHiiilllooUS
XXOOrrroophTHHAAAllMMMIIIaaa
XiiRRuuupppHHYTTEE
XXEERROOPPHyytEEESSS
xEErOOPPPHYYTiiiCCC
xxAArOOOsssEErrrUU
xxxeeerrrOOOsiiSS
XXEEERRROXXX
XXUURReXX'ss
xaaarrruXXEEEddd
xxxiiRRRuxEEEs
xxxEEErrAAAXXXeennngg
xxII
xxi'S
xxxiPPPHHHIIIssTTOOOrNuuuMMM
XEPPHOiiDDD
xxxeeeS
XXXiii
xYYYleeemmm
xxxyyyllUMMM'SSS
XyyLUUNEE
xxYLLLOOOneees
XyyllliiddUUUNNee
XXXyylOOGGGRRRaaPhhh
XXyyylaGraPPhhhyy
xyyyLAAiiDD
XXXyyLLOOl
xxxYYYLEElllSSS
xxxYYYLLLOOpphhoogggOOOOOsss
XYYLOOOPHooNNe
XXyyylllOOOpppHOONAA'SSS
xxxYYllOpheNNNeees
xxyyLOOpppHHoNNNIISStt
XXYllloPhhOOnUUsst'SS
xylllooPPPHHHOOnnnISSTsss
xyyLaaaTOOmmeUSSS
XXXYllooTOmyyy
XXXyysstttaarr
yyy
y'aalllLLL
ya
YObbBBIIIRRR
yyyaCCHHTTT
yyiiCCCHT'SSS
yaccHTTAAddd
yyyaaaCHtttiiNG
yyyICChTIINNNGGG'S
YYYaccHHHTS
YICHtsssmmaNN
yyacHTTssMaannn'S
YYAACHHHttsssmEEENN
yyaaccchttSwwwEEEmiiiNN
YYYACHHHtttssWWUMEEENNN'ss
yyaacchTsWUUUmmUUn
YAAACCK
YYUUUcckkk'ss
YECKeeed
YYYaacccKIIInG
yyoooCCks
yyyAhh
YaaaHoooo
yyyeehhoooOOO's
YYYaaaHHIIOOOsss
yyAAAk
yyyoookkk'S
YYYaaaKkAAA
yaKKKKKEdd
yIkkkkaaannng
YYUUKKSS
YYAAAm
YYYAAm'ss
YYAAmmmIIn
yyyAMMMMMMURRR
yEEMMmmmERR'ss
yaaMMmerEEd
yyaMMMMeeraaaRRR
YUUMmmeeeRRREEERR'SS
YYYUmmmEEErruRss
yyAAAmmmMEEErrrinG
yaMMMMMMoorSS
YYYOOmS
YYAAAnnggg
yyonnG'ss
yyaaNkk
yANNk'ss
yyyiiiNNKKeeedd
YYOnnkIIINNgg
yyAAANkSS
yyyUUUnnQQQuuAAA
yyyOOOPP
Yaap'ss
YYYaaPPPiiiKKK
yyEEEpppOOOn
yyyAppeD
YYaPPpppurr
yyuuupppping
YYYAAAPPPYY
YYYaapppS
yAARRRd
YaRDDD's
yyArrrdAAAGe
yyyArrDaagUUU'ss
yyyarrDDDeeggesss
YAArrrDDDuuRMM
yyyaaarrDDDARRmmm'S
yyyIIIrdddarrrmSS
yyarrddmaan
yyyaRRRdmAAAn'SS
YYYooorDmmeeSTTErr
yyaaRRRdMaSTTeerr'SS
YYEERDDmaSSStttEERRRSSS
YYYeeerrdMMMeNNN
yyaRRDSSS
yyyORRDDDStttaCCCKK
yyiirrDDDStttIICCCK'SS
yyaaarDDssTiiccckkSS
yyARRuuu
yARRRMMELLkkkEE
yAARmOOLLLKKeee's
YYYOOORRMuulllKKiSSS
yIrMMMulllka
YAAARRRMMuuuLLLKKKAAsss
yyyIIIrMMUULLLkki
YaRRRMeelkkki'SS
YYYuurrrMulllkEES
yyUUURRNN
YYAARRRnn'SS
YYYARRRnnnsss
YYYaarrRRREwww
yyyaaaRRRRRoww'SSS
YAAASSSHHHMaaak
YEEsHMAKKKSS
yyyeeetttAAAgggHHaann
YYoooTTeGhhUUNNs
yyAAUpoooNNN
YYAAAiiiTTTEEA
yyaaiiitiieS
yyyAw
yOww'sss
YYAAwED
YIIIWWWinnnggg
yAAAwl
YEEWL'SS
YYuWWWLss
YYYaaaWWWmmmEETIRR
YYYAWn
yyAAWWWNN'SS
yyyAAAwwnUUUd
yaawwnEEErr
YYYawwwnnUUUr'ss
YYAAwnnnEERRSS
yyyeeewwwNUUUnnnG
yyaaawnnnENNNGGLLYY
YYYaaaWWnnSS
YYYAAAWWp
yyAAwPPEEDD
YYAAWPUR
yAwwpppAAnnggg
YYeeWWpsss
YYoWsss
YYYAWWWss'ss
YYYcccLLiiipEEddd
YYCCLLLEEPPPtt
yyE
YYYiEEE
YYeeu's
yyuuiihhh
yAAAIh'SSS
YYeeAAAhhhSS
yyyAoN
YYeeaaNeeed
YYOOAnnuuNg
yyyUUUOOOnnLLLiiNNGG
YYEEONs
yyeearrr
YYYUaR'ss
yIIeerrBBOOiikk
YYaaaOOORRRBOook'SS
yEEAArrrBBBOAAkkks
YYeeaaRRRLLLaaaESSS
yEEEAAArllliinnnG
YAAOOORlllInGGG'S
yyyEEAArrrLLInGs
YYaaaUrrllooNg
YYeiirllYY
yyyEEEAArrrLLy'sss
yyEEEAAArrrNN
yuuARRRNNoooD
YEEAARNNiNNNgg
yyyeaaaRnniinG'SSS
yyEAAARRniNGGGLy
YYAAAaarrNIIINGGs
yyaaaaaRRRnnSSS
yyyaEEERs
YYUUAAAss
YYYOOOOsssttt
yyyuuASSt'S
YoasssTTTiER
YeeeAAAsssTeeeOOOsst
YYYuuuooSSts
yyyEUsTY
yyIIGGG
YAAGGg'SS
yyyAAAGGgggSS
YaLLd
yyyaall
YYEElll'S
yyEELLLeed
yyeeelLaaannnGG
YYYeLLLlllooW
YYEEELLLiww'SS
YYeeelllllliiWWBBEEErrrddd
YYYelllloWWbbIrrrDDs
yyyellllluwwEEEDD
YEElllLLLUwwwerrr
YYEEELLlooowweeeSTTT
yyyIlllLLeWWHHHaaMMMMERR
yyyilllllOOWhheeMMmmeers
YeeelllllaawiiinGGG
yeellllAWaash
yyOOllllOwwllOOOGGGSSS
YYEEELLllEEWWNesSSS
YYaLlluWWWNNaaaSSSsss'ss
YYeeelLLaaaWWSS
YUUULLLLLoooWWWtAAiiill
yyyelllllOWttaaAAlsss
yyUUUlllllloooWWtthhrOOOaaaT
YElllLLEEWWtHHRoooooTTS
yooLLlllIWwwwEUUD
yyyellAAAWWwwoouuud
yyiiLLLLLOOOWWOOODSSS
yyyeLLLleeewwwyyy
YYYelllss
yyyELpp
yyyAlP'SSS
yyyeeLLLpOOOd
YYeeeLppiiNNG
yEEELpS
yyeeeNN
YYYAANNN's
YIIInSSS
yUnnntE
YYeeNNNTTEss
yyuuuAMMMAAnnn
yeOmmaaaN'ss
yyEooommaNLy
YYYEEEoommmAAANNRy
YYEOOOmmmeeennnrYYY'S
YYYeeeuuuMooNNN
yEEp
YYYiPPP'SS
YYYUPS
YYAr
yIs
YYESSS'ss
YYYesssesss
YYOOOssHHiiivAA
yyyEEESSShheVVVaaa'SSS
YYYusssHHUUviih
YEShhhOOvvUUUHHH'SSS
YYessshiivvOOHS
YYEEESSShhhiiVVUsss
yeSSHiVVoot
YYeeeSSShIvvvOTHH
yeSSSSUUdd
yyyuuSSSiiinng
yeeesTTT
yyyooosttIRR
YYeeesTTTIIRRRddoooyy
yyyeSStAAARRRDDDOOOYY'SS
yyyessTTTiRDDDEEEyyys
YYYEEESStteeRyyiiiaaaRR
YESTTiiiRRyyyUUUOOOR'ss
yyeesTTTRRoooENNN
YYYaaattt
yEEtA
YeeetAA'S
YEEEtiSSS
YEEEWWW
yyyuuW's
YYYEWWSSS
yyyIIIddd
YYYOOODDsss
YYaaellldd
YAAOllld'sss
yIIaaaLdEEddd
yyIiiiLLLdddiiNGG
YYYiiieeelllDDDIInGss
yyAAELLDSS
yyyIKKKooSSS
YYYuuunnn
yyyOOOn's
YIIIpp
yipp'S
YYYepppe
yyyiiipppPPEEd
yIppPPPeEEE
YOOPPeEE
yIIppaaNGGG
YYIIIPS
YlleeeMM
yyEE
YOObbb
YYYooobbbBBBo
YYYOObbbbooSSS
YooBBS
YYYOccK
yiiCCkkk'SS
YocKKss
yyyOODD
yooDDaall
YYoodell'S
YYYOdEEELLOOODDD
yEddEElOr
YYYiddeeelllerr'SS
YiddEEEleerS
YYYOOOdddeeeLLINNG
YYYOODDDUUUllllidd
YYYeeedEELLLLER
YOOOduuuLllaaaRR'SSS
yoooDDELLLllERsss
yyoooDDEELLllaNNggg
YYYooodEEELSSS
yuuuddLLLi
YYYOOOggIII
YAAGGaa'ss
yiiiGGHH
yEEGGGHHHOOErrrTTT
yiGGGHooUUURTTT'sss
YoogggHeeeuurrrTTTs
yogHHHUURRttt
yyooogHEEERRt'sss
yyyOgggHHeerrrtttS
yyyOOGEEE
YYYooGGGu'SSS
YYOOOGGGiiC
yyyOOOGGGINN
yOOGGGIIN'ss
YOOgEEnnni
yyyEEEGGInnnSSS
YoGGiisss
yyoooggUURRt
YOggoooRtt'S
yOgggUUUrTss
YOOOIIcccKKS
yyaaKKiii
yooKKKE'SSS
yyAkeeeDDD
YYYUkkkUUUFFeLLOOW
yyookEEl
YOkkEElll's
YYokeeelllSSS
yyIkIIsss
yOOkkkIIInnG
YYUUUllKK
yyuulKKK'SSS
YYYOOLkkEDD
YYOOOlkSSS
yeen
yyEEnDDUUURRR
YYYoooNNNI
YYeNKSSS
YYYoRRRe
yyOORRRE'SSS
yyyiiRk
YoooRkEER
YYorrkkeeerrS
YYYOOE
YOOuu'dd
YYAAAuuu'lLLL
YYOOOU'RRO
YYYoUU'sss
YYYOUU'VVVuu
yyOOIIng
YYYEEUUNNNGG'SSS
YYouuNNGEEERRR
YYYeeeaaaNNgIIIsttt
yyIIeennngggiShh
YYYOOoonnngggLLOOONNNgg
yyyUEnggsssTTTeeeRR
YIUnnggSStteeeR'ss
YoaNNNgggSTUrSSS
yoUUNNKKKAAAr
YYYoounkkoorrS
yoourr
yooaaRSSS
YOOUUUrrSSSeeLLff
yyAAaaarrrSEEEllVVVEEs
YYoooeees
YYYouuuTTTHHH
YEEiiiTTTHH'ss
yAAAuuttthInnn
YoUTTTHHFFFiiill
yyyouuTThfEELLLlYY
YAOOOTTTHHFFFulllNass
yyyouTTTHHffeeeLLLnoSSSS'S
YYOOOtthhhS
YeeeW
YewwwLLL
YYYOwLL'sss
yEEWWlleD
yyyUWWLIIIngg
yyooWWlSSS
YYYtTerrbEEAA
yyytttTeerrBBiiittteee
yyyttTeeerrrbaaauuummm
YTTTTeeeRRRBBIIuuuMM'sss
yyytttrIoo
yyTTTrrraFFEErrAAAuuusss
yTTttrrIeeem
yyytTTrrraUUUm'sss
YuAAANN
yyuuuAAANN'sss
yyyuuuccO
YYUUUcccA'SSS
yyUccCCiiiss
YYYUUCkkk
yyOCK'SS
yyiiCCCkudd
yyUCkiioRR
yyUCCKiiOssTT
YeeeckkkiinnnG
YYYUCKKKSSS
YuucckkYYY
YYYUUUK
yIKK'S
YYYuuKKKadd
YUKKKKINgg
yUKKKKKy
YYYUUKsss
yyyUUUlaNN
YEElU
YaaaLAAA'SS
yUUUllleetiiDDee
YYUUULLLEttiiiduuu'S
YYuuuMMM
YYIMMaOOOrrr
YUmMMIIASSttt
yyummmmmYY
yyyuuPPP
yyuuPP'ss
yyyUUPPpppEEE
yyUUUpppppiiiEE'SSS
yyyuuupPPPEEEEDDoomm
YYUUUpppppUUUISS
YuuPPPPPPIIIffiiccaTTTiiiOONN
yyyOOOpppPAAffIIIeD
YYYUUUpppppiiifffIEs
YYYUUUppppppoofYYY
yyuupppPPPiiiFyyyaaaNg
yyoPPPpYY
YYYuuPPPPyy'SS
yyEEEPPSSS
yARt
YYYeeRRRTT's
yUUURTTSSS
YWOOOSS
ZZ
ZaaabbEEGGGllluuuooNUU
zzaabbbAAGGGllliiinASSS
zzaaafffErr
ZZAAAftEEGG
ZaaaIIIbbiitsssOOO
ZZAAiirrreee
zzAAIIIrUUSS
ZZZuummiA
zzAAAMMMeAAASS
ZaaaMMMAANNddaarrr
ZZAAAnIEEErrr
zzzAANNIIIesss
ZaannnaaaEEEssT
ZZZaanIIILYYY
zzzeeeNNiiinnnESSSSSS
zzuunnnOOOnnnAASSss'S
ZZiintttHHHiixYllumm
ZZZONNNy
ZInnny'SSS
ZZaPPP
ZZeeeppp'sss
ZOOOPPPAATeeaaaDDAA
zAppppEEEDDD
ZUUPPPeR
ZZUUPPPOOOr's
zzzaaaPPPPPPOOORs
zuPPPpppONNNgg
ZopppY
ZeeePPPS
ZZZaaarrrAtttiiittu
zzzAAARRoooBA
ZZZaaarrf
ZarrrFFFS
ZZaRzzzUUeeLaaa
ZZZAAyyIInnn
zzeeeyyyeeNNNSSS
zzzAAAzzeeennn
ZZeeal
zeeAAlll'SSS
ZZZEoollooTT
ZZZOOuuuLLuuuT'S
ZUUAAAleetttRRRy
ZZZEEUUULLLOOTTTryyy'SSS
zeeeAAlAAAttsss
ZZEEaLoouuuss
zzOOAAALoooiiSLLYY
ZZZuELLLOuuSSSneeeSSSS
zzzEEEeeelllIUsssnnESSs'ss
zzEEEbeec
ZZebruu
ZZAAABBBRRRAAA'sss
ZZeBBBRRRUUUS
zzzAAABrrrAASsss
zzEEBRaWWoOOddd
zzuuubrrrAWUUODDDSSS
zEEBBu
ZoooBBU'SSS
ZZZuubbiSSS
ZZeeCCCcchhhOOnnnOOO
zziiid
zzeeD's
ZZeeDDOOOaRRRYYY
ZZZeeDDss
ZZZeeaa
ZIIIs
zEEuuutttgggEOOsssttt
zzEutGOIssTT'sss
ZeiittgggeeeEsssTTTss
ZZuuMMsssttvO
zeeNNUUUnna
ZZeeNNNuuTThhh
ZEENITTHHH'S
zzeeNNNITHHull
zeeNIITHHHs
zeeoooLLLiiTTTOO
ZZZeeOOOllATEEEss
zzzEEpHYrr
ZZZipHHyR'SSS
zzEEEPPPHHHyyRs
ZZIIIpppeluunn
zzzEppiiiLIIInn'ss
zzzEppPPeeeLLans
zzerrrooo
zEEERRoo's
ZZEEroooEEEd
zzeeRRaaaUSS
zzzeeRRRooennGG
ZZZeeRusss
zeerrEEEth
ZZUUSST
zzzEEssttt'sss
zuuSStttFiiLLL
ZeeesttFFFillllyyy
ZZaaaSSSttFFFIIIlnnness
zzzesssTTTfffOOOllnnoooSSSss'S
zzaaasstueRR
zEEsssTToooEST
zzzoosssttS
ZZUSSttYYY
zaaaTTTaaa
ZETOO'ss
zzAAATaas
ZZeeEggMMi
ZZZIIIIIGGGMMASS
zeuugMMeetttiiiccc
zAAAbbbEELLIINNNE
zzAbbbItt
ZiiDovvOOdUNNe
zEDDOOOVVVUUduuuNNeeeS
ZZiGGG
zzzigggGGUrrrAAt
ZiGss
zIggZZZAAggg
zEgggzaG'SS
ZZZIIIgggZZZaaaGGeedd
ZiggZZEEEGGGgerr
zzziigzaagggannng
ZZiiggZAggSS
ZZIIIlllCCCh
ZZIIIllcch'SS
zzzOOLLLLLLIIaaN
zOLLLLIIOOON'S
ZeeLLLLuAAANNNSS
ZANNc
ZZUnccc'sss
ZZZinncOtttEEE
ZZZIINNNceeedd
zzIINNNCCCAAffeerrrOOOuss
zzzEEEnccIINGGG
zIInccKKeeDD
zzEnCCCkkuuunng
zzaaaNNcccugRRaaaPPPh
ZZZoooncoooGGRRaapppHHY
ZUnnCsss
Zennee
zzzOnnnUUS
zoNNNfffaaaNNNDEEELLL
ZZZinnffooNDEEELLL'SSS
zzziiNNNgg
ZZIINNG'S
ZZAAnnnGAAArooo
ZZEEENgeeeDDD
ZZZiiNNNggeeer
zzANNGGGEEERRR'SS
ZiiiNggirSSS
ZZZEnngggIERR
zzINNggAAeeeSSSTT
zIINggIINNNGG
ziiNgss
ZUUUnGGGY
ZZZEEEnnnkiiniiiteee
ZZIIINkkkeeNoooTeeS
ziinnNiiE
ZZZEnnNNNIIuu's
ZIIINNniiAS
ZZZaaP
zzzOPP'S
zzuuppPPiidd
zziiPPPPuuR
ZZZaaPPppaarr'S
ZZZIPPPPeREEEDD
zziipPerIINNNGG
zzIIPPPPPeRsss
ZiipppppIIeeer
ziiippppIEEsT
ZIIIpppONNGG
zzzeeppppppYYY
zeeepppss
ZZeeRRRCCConnn
zzaRRcccuuun'S
zzziiiRceeenuAA
zirrCAANNiiUUUsss
ZZIIRCENNIIIUM
zzErrCCAANeuuMMM'S
zIIrCCCins
zzeTT
ZZIITTT'sss
ZZaaaTThheeeR
ZZZItthEEErr'sss
zIItthhhuuurrrEEsssTT
ZATTTHHHUUUrSSS
ZZZottEE
zzIttOOOSSS
zzzAtttss
ZZZOOzzzIIITTThh
zLoooTIIIiisss
ZLeeeTTy
ZZLeTyyy's
ZZZllOTTTyS
zzzOOOa
zzODDuuuEECC
zOODaAAAccc'sss
ZodddUICCaL
ZZooDIIIacccSS
ZZOFttiiiG
zemmmbbbAAA
ZZZOMBooo'S
zzoMMbiiOOO
zOMBBBIIIE'S
zzOOOmbbbAAAeLLLiiiKKOOO
zzziiMMBBIIIOss
ZZZoooMbuuSSS
zzzenaLLL
zzzoonnnAllLLLy
zOOONNaTTTe
ZZaNNNaTTTIIoon
zzoooNNNO
zzzOnee'SS
zEEENNNuuud
zaaannnOOS
ZZZOONiiiNg
ZZZonnnAAANNg'sss
ZZZONk
ZZonnnKKeddd
zooo
ZZZuuuaa'S
zzOOuuuchEEmmmEEsstttry
zzzooooooCCChhooRU
zuuEggeuugRRRuupppHHiRR
ZZiiiiigeoGGRRRAAApphuuuCCC
zzzaaogggeeOOOgggrruuuPhiCCAAALLL
ZZZooooooGEEEooogRRRAAPhYY
ZZOOogLLiiA
zzzooooggRRRAPhhY
ZZUUUOOOUUddd
zoooooouuDDDsss
zOOOIIkkaaaEppuuRR
zzOOeeKKKaIIPPPeeeRRR'sss
zzzoEEKeeuuuPaRRRsss
zOaaaLEEEtrEEIIISS
zzzOOOAAALLaaatrrryyy
zOOEloGGIIIccc
ZZuuuolaaaggIcaaalll
ZZZuuuoolllogIccaaaLLLllyyy
zzoooooLLuGiisstt
ZZZuuOLLLOOgggisst's
ZZoELeGUUSTTSS
ZZuuuUULLLiiiggyyy
zOOOOOLAAggYYY'SSS
zzoooooMMM
zzzUoMMM'SSS
zOOmmmeeed
ZZiiiOOmmmEEEttrrrYYY
ZZEEEOOMMMiiNNNG
ZuuuoomoorrrPPhhhAAACC
ZZEEimmmOrrrPhhhIssmmm
zzIemSSS
zzzioooNNN
zEEOOnOOSUUS
zzoUUUnnnissOOsss
ziiUUUppHHHILaaaa
zzooophhhIILOOOUUSS
zooooophhooBBBOAAA
zzuUPPhuuBBBIoosss
ZZOOOOPHHHYTaa
ZoooIIIPPhhyyTTTII'SS
zOOOAAAPPhhyyyTTTAss
ZZZooooooPPPHYYYTTTUUc
ZZZiUUPPPlaaaNkkTOOONN
zooOOOpLLLaaaNKKKTTooNNsss
ZOoPlllAsTTTy
zzueSSS
zzaaussPPPEERRRm
ZAAiisssPoREEENGeeeuuMM
ZeOOOspoooraaa
zzzooSSppOOrreSSS
ZZZAAOOtooocHHNNIICCS
zzziooTTAAMMy
ZZooiTTixxxIIIn
ZOooTTTsssUAAtttuuuR
zArIIIll
ZZZeeRRiilllSSS
zzzuuuSSStttUUUrr
zzoosteeeRRsss
zziiieeeNDDDsss
ZZZooyysseeA
ZZZUYsssEEEaaas
ZUUUccCCCheeettTUUU
zziiccccHHAANNi
ZZZooCccchhheeeNNIII'SS
ZZAAccchhhINNNUUUSS
zzUUUGGzWanng
ZZZWIibbbAAAcck
zwwieeBaCkk'sss
zzzYdEECCCU
zYYdeeeccOOO'SSS
ZZYGaappoopHHyyyssaSS
zygggooodEEcTyll
zzzYGGGOOOMu
zygoMMMaaass
zYYYgguPPPhhylllLLLAcEEEUUuus
zzzYGGoooPPPhyyyTTEE
ZZZyyygOOSSSeeess
zzzYGGGOOOssIIIs
zYYGGeSSSpppUUrrru
ZYYGoootttaaa
ZYYGGGiiTTTII'SS
ZZZYYYggOOOttteNEE
ZyyGGGuuTTEEnUUUs
zzyygggOOTTTIIss
ZZZYYGiiiTTTIIIC
zzzyyymmmasseee
ZZZYYYmmmoSeS
zzzYMAAAGGGAAn
zyyymOOgeeennESSSiiSS
zzzyyymmeggEEENNUUUCC
zzzYmoooLYSSeSSS
ZZZYYYMEElyyysssIsss
zYYYmooMaaaTTOOR
ZZYYmIISEEEs
ZYYMMoSSSiS
zYmOOOTTTUc
ZYYmuRRRggyyy
ZZyyymeeRgYY'sss
ÅnGSSSTRöMMM
ÜBBBeeerrmmmOONNsscccHHH
ÜBBBuRMMEENNssccHHH'sss
ÜBBBaarmeennSSSccchhUUUN
ÜBBBiiiRRmIINNssccchEEnn's
éCCLLLEEEeeR
éCCLLLAAaaarrr'S
éCCLLLAAAiiirrrcceeesssooomINNNTT
écclaaIIrS
éCLLLuuuTTT
écccLLATT'ss
élleNNN
éLan'sss
émmigggré
émmAGGGRRé'ss
éMMiiGGrésss
éPéEEE
éPPéa'sss
éppéusss
éToooGGère
étttAAAggèrUUUS
étEEEdEEE
étttuDDDeee'S
étEDDEsss
éTuuuii
étIIIISSS
